=== RUN   TestAccessLogParsing
--- PASS: TestAccessLogParsing (0.00s)
=== RUN   TestMultipleAccessLogAnalysis
--- PASS: TestMultipleAccessLogAnalysis (0.00s)
=== RUN   TestAnalyzeAccessLogsDirectory
=== RUN   TestAnalyzeAccessLogsDirectory/multiple_access_logs_in_subdirectory
=== RUN   TestAnalyzeAccessLogsDirectory/no_access_logs_-_returns_nil
=== RUN   TestAnalyzeAccessLogsDirectory/access_logs_in_sandbox/firewall/logs/_(new_path)
--- PASS: TestAnalyzeAccessLogsDirectory (0.00s)
    --- PASS: TestAnalyzeAccessLogsDirectory/multiple_access_logs_in_subdirectory (0.00s)
    --- PASS: TestAnalyzeAccessLogsDirectory/no_access_logs_-_returns_nil (0.00s)
    --- PASS: TestAnalyzeAccessLogsDirectory/access_logs_in_sandbox/firewall/logs/_(new_path) (0.00s)
=== RUN   TestExtractDomainFromURL
=== RUN   TestExtractDomainFromURL/http://example.com/path
=== RUN   TestExtractDomainFromURL/https://api.github.com/repos
=== RUN   TestExtractDomainFromURL/github.com:443
=== RUN   TestExtractDomainFromURL/malicious.site
=== RUN   TestExtractDomainFromURL/http://sub.domain.com:8080/path
--- PASS: TestExtractDomainFromURL (0.00s)
    --- PASS: TestExtractDomainFromURL/http://example.com/path (0.00s)
    --- PASS: TestExtractDomainFromURL/https://api.github.com/repos (0.00s)
    --- PASS: TestExtractDomainFromURL/github.com:443 (0.00s)
    --- PASS: TestExtractDomainFromURL/malicious.site (0.00s)
    --- PASS: TestExtractDomainFromURL/http://sub.domain.com:8080/path (0.00s)
=== RUN   TestParseSquidLogLine
=== RUN   TestParseSquidLogLine/valid_squid_log_line
=== RUN   TestParseSquidLogLine/valid_denied_request
=== RUN   TestParseSquidLogLine/insufficient_fields_-_should_error
=== RUN   TestParseSquidLogLine/empty_line
=== RUN   TestParseSquidLogLine/exactly_9_fields_-_should_error
--- PASS: TestParseSquidLogLine (0.00s)
    --- PASS: TestParseSquidLogLine/valid_squid_log_line (0.00s)
    --- PASS: TestParseSquidLogLine/valid_denied_request (0.00s)
    --- PASS: TestParseSquidLogLine/insufficient_fields_-_should_error (0.00s)
    --- PASS: TestParseSquidLogLine/empty_line (0.00s)
    --- PASS: TestParseSquidLogLine/exactly_9_fields_-_should_error (0.00s)
=== RUN   TestAddMetrics
=== RUN   TestAddMetrics/add_valid_domain_analysis
=== RUN   TestAddMetrics/add_zero_values
=== RUN   TestAddMetrics/add_to_empty_base
--- PASS: TestAddMetrics (0.00s)
    --- PASS: TestAddMetrics/add_valid_domain_analysis (0.00s)
    --- PASS: TestAddMetrics/add_zero_values (0.00s)
    --- PASS: TestAddMetrics/add_to_empty_base (0.00s)
=== RUN   TestParseAndDisplayActionlintOutput
=== RUN   TestParseAndDisplayActionlintOutput/single_error
=== RUN   TestParseAndDisplayActionlintOutput/multiple_errors
=== RUN   TestParseAndDisplayActionlintOutput/no_errors_-_empty_output
=== RUN   TestParseAndDisplayActionlintOutput/invalid_JSON
=== RUN   TestParseAndDisplayActionlintOutput/multiple_errors_from_multiple_files
=== RUN   TestParseAndDisplayActionlintOutput/errors_from_three_files
--- PASS: TestParseAndDisplayActionlintOutput (0.00s)
    --- PASS: TestParseAndDisplayActionlintOutput/single_error (0.00s)
    --- PASS: TestParseAndDisplayActionlintOutput/multiple_errors (0.00s)
    --- PASS: TestParseAndDisplayActionlintOutput/no_errors_-_empty_output (0.00s)
    --- PASS: TestParseAndDisplayActionlintOutput/invalid_JSON (0.00s)
    --- PASS: TestParseAndDisplayActionlintOutput/multiple_errors_from_multiple_files (0.00s)
    --- PASS: TestParseAndDisplayActionlintOutput/errors_from_three_files (0.00s)
=== RUN   TestGetActionlintVersion
--- PASS: TestGetActionlintVersion (0.00s)
=== RUN   TestDisplayActionlintSummary
=== RUN   TestDisplayActionlintSummary/summary_with_errors_and_warnings
=== RUN   TestDisplayActionlintSummary/summary_with_only_errors
=== RUN   TestDisplayActionlintSummary/summary_with_no_issues
=== RUN   TestDisplayActionlintSummary/nil_stats_-_no_output
=== RUN   TestDisplayActionlintSummary/integration_errors_only_-_no_lint_issues
=== RUN   TestDisplayActionlintSummary/integration_errors_alongside_lint_issues
--- PASS: TestDisplayActionlintSummary (0.00s)
    --- PASS: TestDisplayActionlintSummary/summary_with_errors_and_warnings (0.00s)
    --- PASS: TestDisplayActionlintSummary/summary_with_only_errors (0.00s)
    --- PASS: TestDisplayActionlintSummary/summary_with_no_issues (0.00s)
    --- PASS: TestDisplayActionlintSummary/nil_stats_-_no_output (0.00s)
    --- PASS: TestDisplayActionlintSummary/integration_errors_only_-_no_lint_issues (0.00s)
    --- PASS: TestDisplayActionlintSummary/integration_errors_alongside_lint_issues (0.00s)
=== RUN   TestInitActionlintStats
--- PASS: TestInitActionlintStats (0.00s)
=== RUN   TestGetActionlintDocsURL
=== RUN   TestGetActionlintDocsURL/empty_kind_returns_base_URL
=== RUN   TestGetActionlintDocsURL/runner-label_kind
=== RUN   TestGetActionlintDocsURL/shellcheck_kind
=== RUN   TestGetActionlintDocsURL/pyflakes_kind
=== RUN   TestGetActionlintDocsURL/expression_kind
=== RUN   TestGetActionlintDocsURL/syntax-check_kind
=== RUN   TestGetActionlintDocsURL/generic_kind_with_check-_prefix
=== RUN   TestGetActionlintDocsURL/generic_kind_without_check-_prefix
--- PASS: TestGetActionlintDocsURL (0.00s)
    --- PASS: TestGetActionlintDocsURL/empty_kind_returns_base_URL (0.00s)
    --- PASS: TestGetActionlintDocsURL/runner-label_kind (0.00s)
    --- PASS: TestGetActionlintDocsURL/shellcheck_kind (0.00s)
    --- PASS: TestGetActionlintDocsURL/pyflakes_kind (0.00s)
    --- PASS: TestGetActionlintDocsURL/expression_kind (0.00s)
    --- PASS: TestGetActionlintDocsURL/syntax-check_kind (0.00s)
    --- PASS: TestGetActionlintDocsURL/generic_kind_with_check-_prefix (0.00s)
    --- PASS: TestGetActionlintDocsURL/generic_kind_without_check-_prefix (0.00s)
=== RUN   TestBuildActionlintIntegrationStatus
=== RUN   TestBuildActionlintIntegrationStatus/both_integrations_enabled
=== RUN   TestBuildActionlintIntegrationStatus/only_shellcheck_enabled
=== RUN   TestBuildActionlintIntegrationStatus/only_pyflakes_enabled
=== RUN   TestBuildActionlintIntegrationStatus/both_integrations_disabled
--- PASS: TestBuildActionlintIntegrationStatus (0.00s)
    --- PASS: TestBuildActionlintIntegrationStatus/both_integrations_enabled (0.00s)
    --- PASS: TestBuildActionlintIntegrationStatus/only_shellcheck_enabled (0.00s)
    --- PASS: TestBuildActionlintIntegrationStatus/only_pyflakes_enabled (0.00s)
    --- PASS: TestBuildActionlintIntegrationStatus/both_integrations_disabled (0.00s)
=== RUN   TestActionsBuildCommand_NoActionsDir
--- PASS: TestActionsBuildCommand_NoActionsDir (0.00s)
=== RUN   TestActionsValidateCommand_NoActionsDir
--- PASS: TestActionsValidateCommand_NoActionsDir (0.00s)
=== RUN   TestActionsCleanCommand_NoActionsDir
--- PASS: TestActionsCleanCommand_NoActionsDir (0.00s)
=== RUN   TestGetActionDirectories
=== RUN   TestGetActionDirectories/no_actions_directory
=== RUN   TestGetActionDirectories/empty_actions_directory
=== RUN   TestGetActionDirectories/actions_directory_with_subdirectories
=== RUN   TestGetActionDirectories/actions_directory_with_files_and_subdirectories
--- PASS: TestGetActionDirectories (0.00s)
    --- PASS: TestGetActionDirectories/no_actions_directory (0.00s)
    --- PASS: TestGetActionDirectories/empty_actions_directory (0.00s)
    --- PASS: TestGetActionDirectories/actions_directory_with_subdirectories (0.00s)
    --- PASS: TestGetActionDirectories/actions_directory_with_files_and_subdirectories (0.00s)
=== RUN   TestGetActionDirectories_SortedOutput
--- PASS: TestGetActionDirectories_SortedOutput (0.00s)
=== RUN   TestValidateActionYml
=== RUN   TestValidateActionYml/valid_node20_action
=== RUN   TestValidateActionYml/valid_composite_action
=== RUN   TestValidateActionYml/missing_action.yml
=== RUN   TestValidateActionYml/missing_name_field
=== RUN   TestValidateActionYml/missing_description_field
=== RUN   TestValidateActionYml/missing_runs_field
=== RUN   TestValidateActionYml/valid_node24_action
=== RUN   TestValidateActionYml/invalid_runtime
--- PASS: TestValidateActionYml (0.00s)
    --- PASS: TestValidateActionYml/valid_node20_action (0.00s)
    --- PASS: TestValidateActionYml/valid_composite_action (0.00s)
    --- PASS: TestValidateActionYml/missing_action.yml (0.00s)
    --- PASS: TestValidateActionYml/missing_name_field (0.00s)
    --- PASS: TestValidateActionYml/missing_description_field (0.00s)
    --- PASS: TestValidateActionYml/missing_runs_field (0.00s)
    --- PASS: TestValidateActionYml/valid_node24_action (0.00s)
    --- PASS: TestValidateActionYml/invalid_runtime (0.00s)
=== RUN   TestGetActionDependencies
=== RUN   TestGetActionDependencies/setup_action
=== RUN   TestGetActionDependencies/unknown_action
--- PASS: TestGetActionDependencies (0.00s)
    --- PASS: TestGetActionDependencies/setup_action (0.00s)
    --- PASS: TestGetActionDependencies/unknown_action (0.00s)
=== RUN   TestActionsBuildCommand_EmptyActionsDir
⚠ No action directories found in actions/
--- PASS: TestActionsBuildCommand_EmptyActionsDir (0.00s)
=== RUN   TestActionsValidateCommand_EmptyActionsDir
⚠ No action directories found in actions/
--- PASS: TestActionsValidateCommand_EmptyActionsDir (0.00s)
=== RUN   TestActionsCleanCommand_EmptyActionsDir
⚠ No action directories found in actions/
--- PASS: TestActionsCleanCommand_EmptyActionsDir (0.00s)
=== RUN   TestIsCompositeAction
=== RUN   TestIsCompositeAction/composite_action_with_single_quotes
=== RUN   TestIsCompositeAction/composite_action_with_double_quotes
=== RUN   TestIsCompositeAction/node20_action
=== RUN   TestIsCompositeAction/missing_action.yml
--- PASS: TestIsCompositeAction (0.01s)
    --- PASS: TestIsCompositeAction/composite_action_with_single_quotes (0.00s)
    --- PASS: TestIsCompositeAction/composite_action_with_double_quotes (0.00s)
    --- PASS: TestIsCompositeAction/node20_action (0.00s)
    --- PASS: TestIsCompositeAction/missing_action.yml (0.00s)
=== RUN   TestBuildAction_CompositeAction
ℹ
📦 Building action: test-composite
ℹ   ✓ Validating action.yml
ℹ   ✓ Composite action - no JavaScript bundling needed
--- PASS: TestBuildAction_CompositeAction (0.00s)
=== RUN   TestConvertToGitHubActionsEnv
=== RUN   TestConvertToGitHubActionsEnv/shell_syntax_conversion_with_secret_metadata
=== RUN   TestConvertToGitHubActionsEnv/shell_syntax_conversion_with_mixed_secret_and_env_metadata
=== RUN   TestConvertToGitHubActionsEnv/shell_syntax_conversion_without_metadata_defaults_to_secrets
=== RUN   TestConvertToGitHubActionsEnv/mixed_syntax
=== RUN   TestConvertToGitHubActionsEnv/no_shell_syntax
=== RUN   TestConvertToGitHubActionsEnv/empty_input
=== RUN   TestConvertToGitHubActionsEnv/nil_input
=== RUN   TestConvertToGitHubActionsEnv/non-string_values_ignored
=== RUN   TestConvertToGitHubActionsEnv/non-map_input_returns_empty_map
=== RUN   TestConvertToGitHubActionsEnv/env_variable_not_in_metadata_and_key_differs_from_token_name
=== RUN   TestConvertToGitHubActionsEnv/existing_github_actions_env_syntax_is_preserved_unchanged
--- PASS: TestConvertToGitHubActionsEnv (0.00s)
    --- PASS: TestConvertToGitHubActionsEnv/shell_syntax_conversion_with_secret_metadata (0.00s)
    --- PASS: TestConvertToGitHubActionsEnv/shell_syntax_conversion_with_mixed_secret_and_env_metadata (0.00s)
    --- PASS: TestConvertToGitHubActionsEnv/shell_syntax_conversion_without_metadata_defaults_to_secrets (0.00s)
    --- PASS: TestConvertToGitHubActionsEnv/mixed_syntax (0.00s)
    --- PASS: TestConvertToGitHubActionsEnv/no_shell_syntax (0.00s)
    --- PASS: TestConvertToGitHubActionsEnv/empty_input (0.00s)
    --- PASS: TestConvertToGitHubActionsEnv/nil_input (0.00s)
    --- PASS: TestConvertToGitHubActionsEnv/non-string_values_ignored (0.00s)
    --- PASS: TestConvertToGitHubActionsEnv/non-map_input_returns_empty_map (0.00s)
    --- PASS: TestConvertToGitHubActionsEnv/env_variable_not_in_metadata_and_key_differs_from_token_name (0.00s)
    --- PASS: TestConvertToGitHubActionsEnv/existing_github_actions_env_syntax_is_preserved_unchanged (0.00s)
=== RUN   TestNewAddCommand
--- PASS: TestNewAddCommand (0.00s)
=== RUN   TestNewAddCommand_MentionsEnterpriseSourceResolution
--- PASS: TestNewAddCommand_MentionsEnterpriseSourceResolution (0.00s)
=== RUN   TestAddWorkflows
=== RUN   TestAddWorkflows/empty_workflows_list
=== RUN   TestAddWorkflows/invalid_repo_spec_missing_repo_name
--- PASS: TestAddWorkflows (0.00s)
    --- PASS: TestAddWorkflows/empty_workflows_list (0.00s)
    --- PASS: TestAddWorkflows/invalid_repo_spec_missing_repo_name (0.00s)
=== RUN   TestAddResolvedWorkflows
=== RUN   TestAddResolvedWorkflows/valid_workflow
--- PASS: TestAddResolvedWorkflows (0.00s)
    --- PASS: TestAddResolvedWorkflows/valid_workflow (0.00s)
=== RUN   TestAddWorkflowsResult
=== RUN   TestAddWorkflowsResult/default_values
=== RUN   TestAddWorkflowsResult/with_PR_number
=== RUN   TestAddWorkflowsResult/with_PR_URL
=== RUN   TestAddWorkflowsResult/with_workflow_dispatch
=== RUN   TestAddWorkflowsResult/all_fields_set
--- PASS: TestAddWorkflowsResult (0.00s)
    --- PASS: TestAddWorkflowsResult/default_values (0.00s)
    --- PASS: TestAddWorkflowsResult/with_PR_number (0.00s)
    --- PASS: TestAddWorkflowsResult/with_PR_URL (0.00s)
    --- PASS: TestAddWorkflowsResult/with_workflow_dispatch (0.00s)
    --- PASS: TestAddWorkflowsResult/all_fields_set (0.00s)
=== RUN   TestAddCommandFlagInteractions
=== RUN   TestAddCommandFlagInteractions/no-stop-after_and_stop-after_together
=== RUN   TestAddCommandFlagInteractions/create-pull-request_and_pr_alias
=== RUN   TestAddCommandFlagInteractions/force_flag_with_number
=== RUN   TestAddCommandFlagInteractions/dir_flag_with_subdirectory
--- PASS: TestAddCommandFlagInteractions (0.00s)
    --- PASS: TestAddCommandFlagInteractions/no-stop-after_and_stop-after_together (0.00s)
    --- PASS: TestAddCommandFlagInteractions/create-pull-request_and_pr_alias (0.00s)
    --- PASS: TestAddCommandFlagInteractions/force_flag_with_number (0.00s)
    --- PASS: TestAddCommandFlagInteractions/dir_flag_with_subdirectory (0.00s)
=== RUN   TestAddCommandFlagDefaults
=== RUN   TestAddCommandFlagDefaults/name
=== RUN   TestAddCommandFlagDefaults/engine
=== RUN   TestAddCommandFlagDefaults/repo
=== RUN   TestAddCommandFlagDefaults/append
=== RUN   TestAddCommandFlagDefaults/dir
=== RUN   TestAddCommandFlagDefaults/stop-after
--- PASS: TestAddCommandFlagDefaults (0.00s)
    --- PASS: TestAddCommandFlagDefaults/name (0.00s)
    --- PASS: TestAddCommandFlagDefaults/engine (0.00s)
    --- PASS: TestAddCommandFlagDefaults/repo (0.00s)
    --- PASS: TestAddCommandFlagDefaults/append (0.00s)
    --- PASS: TestAddCommandFlagDefaults/dir (0.00s)
    --- PASS: TestAddCommandFlagDefaults/stop-after (0.00s)
=== RUN   TestAddCommandBooleanFlags
=== RUN   TestAddCommandBooleanFlags/create-pull-request
=== RUN   TestAddCommandBooleanFlags/pr
=== RUN   TestAddCommandBooleanFlags/force
=== RUN   TestAddCommandBooleanFlags/no-gitattributes
=== RUN   TestAddCommandBooleanFlags/no-stop-after
--- PASS: TestAddCommandBooleanFlags (0.00s)
    --- PASS: TestAddCommandBooleanFlags/create-pull-request (0.00s)
    --- PASS: TestAddCommandBooleanFlags/pr (0.00s)
    --- PASS: TestAddCommandBooleanFlags/force (0.00s)
    --- PASS: TestAddCommandBooleanFlags/no-gitattributes (0.00s)
    --- PASS: TestAddCommandBooleanFlags/no-stop-after (0.00s)
=== RUN   TestAddCommandArgs
--- PASS: TestAddCommandArgs (0.00s)
=== RUN   TestAddMultipleWorkflowsNameFlag
Error: --name flag cannot be used when adding multiple workflows at once
Usage:
  add <workflow>... [flags]

Examples:
  gh aw add githubnext/agentics/daily-repo-status        # Add workflow directly
  gh aw add githubnext/agentics/repo-assist              # Add package from repository root aw.yml
  gh aw add githubnext/agentics/packages/repo-assist     # Add package from nested aw.yml
  gh aw add githubnext/agentics/ci-doctor@v1.0.0         # Add with version
  gh aw add githubnext/agentics/workflows/ci-doctor.md@main
  gh aw add https://github.com/githubnext/agentics/blob/main/workflows/ci-doctor.md
  gh aw add https://example.com/my-workflow.md           # Add workflow from any HTTPS URL
  gh aw add https://example.com/workflow.json            # Import JSON workflow definition
  gh aw add githubnext/agentics/ci-doctor --create-pull-request --force
  gh aw add ./my-workflow.md                             # Add local workflow
  gh aw add ./*.md                                       # Add all local workflows
  gh aw add githubnext/agentics/ci-doctor --dir .github/workflows/shared   # Add to .github/workflows/shared/


Flags:
      --append string         Append extra content to the end of agentic workflow on installation
      --create-pull-request   Create a pull request with the workflow changes
  -d, --dir string            Workflow directory (default: .github/workflows)
  -e, --engine string         Override AI engine (copilot, claude, codex, gemini, crush)
  -f, --force                 Overwrite existing workflow files without confirmation
  -h, --help                  help for add
  -n, --name string           Specify name for the added workflow (without .md extension)
      --no-gitattributes      Skip updating .gitattributes file
      --no-security-scanner   Disable security scanning of workflow markdown content
      --no-stop-after         Remove any stop-after field from the workflow
      --stop-after string     Override stop-after value in the workflow (e.g., '+48h', '2025-12-31 23:59:59')

--- PASS: TestAddMultipleWorkflowsNameFlag (0.00s)
=== RUN   TestAddWorkflowWithTracking_SourceFieldVariants
=== RUN   TestAddWorkflowWithTracking_SourceFieldVariants/local_workflow_—_no_source_field_written
✓ Added workflow: local-workflow.md
.github/workflows/local-workflow.md: info: Tip: set permissions.copilot-requests: write to use GitHub Actions token-based inference with the Copilot engine instead of a personal access token (COPILOT_GITHUB_TOKEN). This option requires that your organization has centralized Copilot billing enabled and may not be available in all organizations — see https://github.github.com/gh-aw/reference/billing/ for details.

✓ .github/workflows/local-workflow.md (77.4 KB)
=== RUN   TestAddWorkflowWithTracking_SourceFieldVariants/remote_workflow_—_no_fallback,_path_matches_SourcePath
✓ Added workflow: my-workflow.md
.github/workflows/my-workflow.md: info: Tip: set permissions.copilot-requests: write to use GitHub Actions token-based inference with the Copilot engine instead of a personal access token (COPILOT_GITHUB_TOKEN). This option requires that your organization has centralized Copilot billing enabled and may not be available in all organizations — see https://github.github.com/gh-aw/reference/billing/ for details.

✓ .github/workflows/my-workflow.md (78.1 KB)
=== RUN   TestAddWorkflowWithTracking_SourceFieldVariants/self-referential_remote_—_fallback_path_resolution
✓ Added workflow: my-workflow.md
.github/workflows/my-workflow.md: info: Tip: set permissions.copilot-requests: write to use GitHub Actions token-based inference with the Copilot engine instead of a personal access token (COPILOT_GITHUB_TOKEN). This option requires that your organization has centralized Copilot billing enabled and may not be available in all organizations — see https://github.github.com/gh-aw/reference/billing/ for details.

✓ .github/workflows/my-workflow.md (78.2 KB)
--- PASS: TestAddWorkflowWithTracking_SourceFieldVariants (0.40s)
    --- PASS: TestAddWorkflowWithTracking_SourceFieldVariants/local_workflow_—_no_source_field_written (0.26s)
    --- PASS: TestAddWorkflowWithTracking_SourceFieldVariants/remote_workflow_—_no_fallback,_path_matches_SourcePath (0.07s)
    --- PASS: TestAddWorkflowWithTracking_SourceFieldVariants/self-referential_remote_—_fallback_path_resolution (0.06s)
=== RUN   TestAddWorkflowWithTracking_UsesActualFetchedPath
✓ Added workflow: my-workflow.md
.github/workflows/my-workflow.md: info: Tip: set permissions.copilot-requests: write to use GitHub Actions token-based inference with the Copilot engine instead of a personal access token (COPILOT_GITHUB_TOKEN). This option requires that your organization has centralized Copilot billing enabled and may not be available in all organizations — see https://github.github.com/gh-aw/reference/billing/ for details.

✓ .github/workflows/my-workflow.md (78.1 KB)
--- PASS: TestAddWorkflowWithTracking_UsesActualFetchedPath (0.05s)
=== RUN   TestAddWorkflowWithTracking_ActionWorkflow
✓ Added action workflow: ci.yml
--- PASS: TestAddWorkflowWithTracking_ActionWorkflow (0.01s)
=== RUN   TestAddWorkflowWithTracking_ActionWorkflow_Force
ℹ Overwriting existing file: /tmp/gh-aw-test-runs/20260704-173215-1254792/test-action-workflow-force-1475244731/.github/workflows/ci.yml
✓ Added action workflow: ci.yml
--- PASS: TestAddWorkflowWithTracking_ActionWorkflow_Force (0.01s)
=== RUN   TestAddSkillFileWithTracking_PreservesPathFromSkillsRoot
--- PASS: TestAddSkillFileWithTracking_PreservesPathFromSkillsRoot (0.00s)
=== RUN   TestAddSkillFileWithTracking_RejectsInvalidPaths
=== RUN   TestAddSkillFileWithTracking_RejectsInvalidPaths/rejects_path_that_escapes_skill_directory
=== RUN   TestAddSkillFileWithTracking_RejectsInvalidPaths/rejects_source_path_when_skill_root_cannot_be_determined
--- PASS: TestAddSkillFileWithTracking_RejectsInvalidPaths (0.00s)
    --- PASS: TestAddSkillFileWithTracking_RejectsInvalidPaths/rejects_path_that_escapes_skill_directory (0.00s)
    --- PASS: TestAddSkillFileWithTracking_RejectsInvalidPaths/rejects_source_path_when_skill_root_cannot_be_determined (0.00s)
=== RUN   TestAddCopilotRequestsPermissionToContent
=== RUN   TestAddCopilotRequestsPermissionToContent/adds_permission_to_workflow_without_existing_permissions_block
=== RUN   TestAddCopilotRequestsPermissionToContent/adds_permission_to_workflow_with_existing_permissions_block
=== RUN   TestAddCopilotRequestsPermissionToContent/is_idempotent_when_permission_already_present
=== RUN   TestAddCopilotRequestsPermissionToContent/returns_error_when_permissions_is_a_non-mapping_scalar
--- PASS: TestAddCopilotRequestsPermissionToContent (0.00s)
    --- PASS: TestAddCopilotRequestsPermissionToContent/adds_permission_to_workflow_without_existing_permissions_block (0.00s)
    --- PASS: TestAddCopilotRequestsPermissionToContent/adds_permission_to_workflow_with_existing_permissions_block (0.00s)
    --- PASS: TestAddCopilotRequestsPermissionToContent/is_idempotent_when_permission_already_present (0.00s)
    --- PASS: TestAddCopilotRequestsPermissionToContent/returns_error_when_permissions_is_a_non-mapping_scalar (0.00s)
=== RUN   TestAddWorkflowWithTracking_CopilotRequestsPermission
=== RUN   TestAddWorkflowWithTracking_CopilotRequestsPermission/injects_copilot-requests_permission_when_option_is_set
✗ .github/workflows/my-workflow.md:1:1: error: ℹ️  Shared agentic workflow detected: my-workflow.md

This workflow is missing the 'on' field and will be treated as a shared workflow component.
Shared workflows are reusable components meant to be imported by other workflows.

To use this shared workflow:
  1. Import it in another workflow's frontmatter:
     ---
     on: issues
     imports:
       - /tmp/gh-aw-test-runs/20260704-173215-1254792/test-copilot-requests-perm-1737718359/.github/workflows/my-workflow.md
     ---

  2. Compile the workflow that imports it

Skipping compilation.

  ℹ️  Shared agentic workflow detected: my-workflow.md
  This workflow is missing the 'on' field and will be treated as a shared workflow component.
  Shared workflows are reusable components meant to be imported by other workflows.
  To use this shared workflow:
    1. Import it in another workflow's frontmatter:
       ---
       on: issues
       imports:
         - /tmp/gh-aw-test-runs/20260704-173215-1254792/test-copilot-requests-perm-1737718359/.github/workflows/my-workflow.md
       ---
    2. Compile the workflow that imports it
  Skipping compilation.
=== RUN   TestAddWorkflowWithTracking_CopilotRequestsPermission/does_not_inject_permission_when_option_is_false
✗ .github/workflows/my-workflow2.md:1:1: error: ℹ️  Shared agentic workflow detected: my-workflow2.md

This workflow is missing the 'on' field and will be treated as a shared workflow component.
Shared workflows are reusable components meant to be imported by other workflows.

To use this shared workflow:
  1. Import it in another workflow's frontmatter:
     ---
     on: issues
     imports:
       - /tmp/gh-aw-test-runs/20260704-173215-1254792/test-copilot-requests-noperm-3925644662/.github/workflows/my-workflow2.md
     ---

  2. Compile the workflow that imports it

Skipping compilation.

  ℹ️  Shared agentic workflow detected: my-workflow2.md
  This workflow is missing the 'on' field and will be treated as a shared workflow component.
  Shared workflows are reusable components meant to be imported by other workflows.
  To use this shared workflow:
    1. Import it in another workflow's frontmatter:
       ---
       on: issues
       imports:
         - /tmp/gh-aw-test-runs/20260704-173215-1254792/test-copilot-requests-noperm-3925644662/.github/workflows/my-workflow2.md
       ---
    2. Compile the workflow that imports it
  Skipping compilation.
--- PASS: TestAddWorkflowWithTracking_CopilotRequestsPermission (0.06s)
    --- PASS: TestAddWorkflowWithTracking_CopilotRequestsPermission/injects_copilot-requests_permission_when_option_is_set (0.03s)
    --- PASS: TestAddWorkflowWithTracking_CopilotRequestsPermission/does_not_inject_permission_when_option_is_false (0.03s)
=== RUN   TestExtractWorkflowDescription
=== RUN   TestExtractWorkflowDescription/workflow_with_description
=== RUN   TestExtractWorkflowDescription/workflow_without_description
=== RUN   TestExtractWorkflowDescription/workflow_with_empty_description
=== RUN   TestExtractWorkflowDescription/workflow_with_multi-line_description
=== RUN   TestExtractWorkflowDescription/workflow_without_frontmatter
=== RUN   TestExtractWorkflowDescription/workflow_with_non-string_description
--- PASS: TestExtractWorkflowDescription (0.00s)
    --- PASS: TestExtractWorkflowDescription/workflow_with_description (0.00s)
    --- PASS: TestExtractWorkflowDescription/workflow_without_description (0.00s)
    --- PASS: TestExtractWorkflowDescription/workflow_with_empty_description (0.00s)
    --- PASS: TestExtractWorkflowDescription/workflow_with_multi-line_description (0.00s)
    --- PASS: TestExtractWorkflowDescription/workflow_without_frontmatter (0.00s)
    --- PASS: TestExtractWorkflowDescription/workflow_with_non-string_description (0.00s)
=== RUN   TestExtractWorkflowDescriptionFromFile
=== RUN   TestExtractWorkflowDescriptionFromFile/file_with_description
=== RUN   TestExtractWorkflowDescriptionFromFile/file_without_description
--- PASS: TestExtractWorkflowDescriptionFromFile (0.00s)
    --- PASS: TestExtractWorkflowDescriptionFromFile/file_with_description (0.00s)
    --- PASS: TestExtractWorkflowDescriptionFromFile/file_without_description (0.00s)
=== RUN   TestExtractWorkflowDescriptionFromFile_NonExistentFile
--- PASS: TestExtractWorkflowDescriptionFromFile_NonExistentFile (0.00s)
=== RUN   TestAddCommandUpdatesGitAttributes
=== RUN   TestAddCommandUpdatesGitAttributes/gitattributes_updated_by_default
✓ Added workflow: test.md
.github/workflows/test.md: info: Tip: set permissions.copilot-requests: write to use GitHub Actions token-based inference with the Copilot engine instead of a personal access token (COPILOT_GITHUB_TOKEN). This option requires that your organization has centralized Copilot billing enabled and may not be available in all organizations — see https://github.github.com/gh-aw/reference/billing/ for details.

✓ .github/workflows/test.md (77.5 KB)
=== RUN   TestAddCommandUpdatesGitAttributes/gitattributes_not_updated_with_flag
    add_gitattributes_test.go:126: Note: workflow addition returned: failed to add workflow './test.md': workflow 'test' already exists in .github/workflows/. Use a different name with -n flag, remove the existing workflow first, or use --force to overwrite
=== RUN   TestAddCommandUpdatesGitAttributes/existing_gitattributes_not_modified_with_flag
    add_gitattributes_test.go:149: Note: workflow addition returned: failed to add workflow './test.md': workflow 'test' already exists in .github/workflows/. Use a different name with -n flag, remove the existing workflow first, or use --force to overwrite
--- PASS: TestAddCommandUpdatesGitAttributes (0.06s)
    --- PASS: TestAddCommandUpdatesGitAttributes/gitattributes_updated_by_default (0.04s)
    --- PASS: TestAddCommandUpdatesGitAttributes/gitattributes_not_updated_with_flag (0.00s)
    --- PASS: TestAddCommandUpdatesGitAttributes/existing_gitattributes_not_modified_with_flag (0.00s)
=== RUN   TestApplyCopilotAuthMethodChoice
=== RUN   TestApplyCopilotAuthMethodChoice/copilot-requests_sets_UseCopilotRequests_true
✓ Selected copilot-requests: permissions.copilot-requests: write will be added to your workflow
ℹ No COPILOT_GITHUB_TOKEN secret is required — Copilot usage is billed to your org's Copilot seat.
=== RUN   TestApplyCopilotAuthMethodChoice/pat_sets_UseCopilotRequests_false
ℹ A fine-grained PAT with Copilot Requests permission will be required.
=== RUN   TestApplyCopilotAuthMethodChoice/empty_value_(form_cancelled)_sets_UseCopilotRequests_false
ℹ A fine-grained PAT with Copilot Requests permission will be required.
--- PASS: TestApplyCopilotAuthMethodChoice (0.00s)
    --- PASS: TestApplyCopilotAuthMethodChoice/copilot-requests_sets_UseCopilotRequests_true (0.00s)
    --- PASS: TestApplyCopilotAuthMethodChoice/pat_sets_UseCopilotRequests_false (0.00s)
    --- PASS: TestApplyCopilotAuthMethodChoice/empty_value_(form_cancelled)_sets_UseCopilotRequests_false (0.00s)
=== RUN   TestApplyCopilotAuthMethodChoice_ReEntryClearsOldValue
✓ Selected copilot-requests: permissions.copilot-requests: write will be added to your workflow
ℹ No COPILOT_GITHUB_TOKEN secret is required — Copilot usage is billed to your org's Copilot seat.
ℹ A fine-grained PAT with Copilot Requests permission will be required.
--- PASS: TestApplyCopilotAuthMethodChoice_ReEntryClearsOldValue (0.00s)
=== RUN   TestParseDefaultBranchFromLsRemote
=== RUN   TestParseDefaultBranchFromLsRemote/standard_main_branch
=== RUN   TestParseDefaultBranchFromLsRemote/master_branch
=== RUN   TestParseDefaultBranchFromLsRemote/custom_default_branch_name
=== RUN   TestParseDefaultBranchFromLsRemote/branch_with_slashes
=== RUN   TestParseDefaultBranchFromLsRemote/branch_with_hyphens_and_numbers
=== RUN   TestParseDefaultBranchFromLsRemote/full_40-char_sha
=== RUN   TestParseDefaultBranchFromLsRemote/empty_output
=== RUN   TestParseDefaultBranchFromLsRemote/no_symref_line
=== RUN   TestParseDefaultBranchFromLsRemote/only_newlines
=== RUN   TestParseDefaultBranchFromLsRemote/no_trailing_newline
=== RUN   TestParseDefaultBranchFromLsRemote/extra_whitespace_in_output
=== RUN   TestParseDefaultBranchFromLsRemote/regression:_must_not_return_ref:_prefix
--- PASS: TestParseDefaultBranchFromLsRemote (0.00s)
    --- PASS: TestParseDefaultBranchFromLsRemote/standard_main_branch (0.00s)
    --- PASS: TestParseDefaultBranchFromLsRemote/master_branch (0.00s)
    --- PASS: TestParseDefaultBranchFromLsRemote/custom_default_branch_name (0.00s)
    --- PASS: TestParseDefaultBranchFromLsRemote/branch_with_slashes (0.00s)
    --- PASS: TestParseDefaultBranchFromLsRemote/branch_with_hyphens_and_numbers (0.00s)
    --- PASS: TestParseDefaultBranchFromLsRemote/full_40-char_sha (0.00s)
    --- PASS: TestParseDefaultBranchFromLsRemote/empty_output (0.00s)
    --- PASS: TestParseDefaultBranchFromLsRemote/no_symref_line (0.00s)
    --- PASS: TestParseDefaultBranchFromLsRemote/only_newlines (0.00s)
    --- PASS: TestParseDefaultBranchFromLsRemote/no_trailing_newline (0.00s)
    --- PASS: TestParseDefaultBranchFromLsRemote/extra_whitespace_in_output (0.00s)
    --- PASS: TestParseDefaultBranchFromLsRemote/regression:_must_not_return_ref:_prefix (0.00s)
=== RUN   TestParseDefaultBranchFromLsRemoteWithRealGit
=== RUN   TestParseDefaultBranchFromLsRemoteWithRealGit/main_branch
=== RUN   TestParseDefaultBranchFromLsRemoteWithRealGit/master_branch
=== RUN   TestParseDefaultBranchFromLsRemoteWithRealGit/custom_branch
=== RUN   TestParseDefaultBranchFromLsRemoteWithRealGit/branch_with_hyphen
--- PASS: TestParseDefaultBranchFromLsRemoteWithRealGit (0.30s)
    --- PASS: TestParseDefaultBranchFromLsRemoteWithRealGit/main_branch (0.08s)
    --- PASS: TestParseDefaultBranchFromLsRemoteWithRealGit/master_branch (0.07s)
    --- PASS: TestParseDefaultBranchFromLsRemoteWithRealGit/custom_branch (0.08s)
    --- PASS: TestParseDefaultBranchFromLsRemoteWithRealGit/branch_with_hyphen (0.07s)
=== RUN   TestAddInteractiveConfig_determineFilesToAdd
=== RUN   TestAddInteractiveConfig_determineFilesToAdd/single_workflow

The following workflow files will be added:
  • .github/workflows/test-workflow.md
  • .github/workflows/test-workflow.lock.yml
=== RUN   TestAddInteractiveConfig_determineFilesToAdd/multiple_workflows

The following workflow files will be added:
  • .github/workflows/workflow-one.md
  • .github/workflows/workflow-one.lock.yml
  • .github/workflows/workflow-two.md
  • .github/workflows/workflow-two.lock.yml
=== RUN   TestAddInteractiveConfig_determineFilesToAdd/workflow_with_org/repo

The following workflow files will be added:
  • .github/workflows/workflow.md
  • .github/workflows/workflow.lock.yml
=== RUN   TestAddInteractiveConfig_determineFilesToAdd/invalid_spec
=== RUN   TestAddInteractiveConfig_determineFilesToAdd/repository_package_uses_resolved_workflows

The following workflow files will be added:
  • .github/workflows/review.md
  • .github/workflows/review.lock.yml
  • .github/workflows/nightly-review.md
  • .github/workflows/nightly-review.lock.yml
=== RUN   TestAddInteractiveConfig_determineFilesToAdd/invalid_resolved_workflow_fails_loudly
=== RUN   TestAddInteractiveConfig_determineFilesToAdd/resolved_workflow_with_blank_name_fails_loudly
--- PASS: TestAddInteractiveConfig_determineFilesToAdd (0.00s)
    --- PASS: TestAddInteractiveConfig_determineFilesToAdd/single_workflow (0.00s)
    --- PASS: TestAddInteractiveConfig_determineFilesToAdd/multiple_workflows (0.00s)
    --- PASS: TestAddInteractiveConfig_determineFilesToAdd/workflow_with_org/repo (0.00s)
    --- PASS: TestAddInteractiveConfig_determineFilesToAdd/invalid_spec (0.00s)
    --- PASS: TestAddInteractiveConfig_determineFilesToAdd/repository_package_uses_resolved_workflows (0.00s)
    --- PASS: TestAddInteractiveConfig_determineFilesToAdd/invalid_resolved_workflow_fails_loudly (0.00s)
    --- PASS: TestAddInteractiveConfig_determineFilesToAdd/resolved_workflow_with_blank_name_fails_loudly (0.00s)
=== RUN   TestAddInteractiveConfig_primaryWorkflowName
=== RUN   TestAddInteractiveConfig_primaryWorkflowName/uses_resolved_workflow_for_repository_package
=== RUN   TestAddInteractiveConfig_primaryWorkflowName/falls_back_to_parsed_workflow_spec
--- PASS: TestAddInteractiveConfig_primaryWorkflowName (0.00s)
    --- PASS: TestAddInteractiveConfig_primaryWorkflowName/uses_resolved_workflow_for_repository_package (0.00s)
    --- PASS: TestAddInteractiveConfig_primaryWorkflowName/falls_back_to_parsed_workflow_spec (0.00s)
=== RUN   TestAddInteractiveConfig_showWorkflowDescriptions
=== RUN   TestAddInteractiveConfig_showWorkflowDescriptions/nil_resolved_workflows
=== RUN   TestAddInteractiveConfig_showWorkflowDescriptions/empty_workflows
=== RUN   TestAddInteractiveConfig_showWorkflowDescriptions/workflow_with_description
=== RUN   TestAddInteractiveConfig_showWorkflowDescriptions/workflow_without_description
--- PASS: TestAddInteractiveConfig_showWorkflowDescriptions (0.00s)
    --- PASS: TestAddInteractiveConfig_showWorkflowDescriptions/nil_resolved_workflows (0.00s)
    --- PASS: TestAddInteractiveConfig_showWorkflowDescriptions/empty_workflows (0.00s)
    --- PASS: TestAddInteractiveConfig_showWorkflowDescriptions/workflow_with_description (0.00s)
    --- PASS: TestAddInteractiveConfig_showWorkflowDescriptions/workflow_without_description (0.00s)
=== RUN   TestAddInteractiveConfig_showFinalInstructions
=== RUN   TestAddInteractiveConfig_showFinalInstructions/no_workflows

━━━━━━━━━━━━━━━━━━━━━━━━━━━━━━━━━━━━━━━━
✓ 🎉 Addition complete!
━━━━━━━━━━━━━━━━━━━━━━━━━━━━━━━━━━━━━━━━

Useful commands:
⚡   gh aw status          # Check workflow status
⚡   gh aw run <workflow>  # Trigger a workflow
⚡   gh aw logs            # View workflow logs

Learn more at: https://github.github.com/gh-aw/

=== RUN   TestAddInteractiveConfig_showFinalInstructions/with_workflow

━━━━━━━━━━━━━━━━━━━━━━━━━━━━━━━━━━━━━━━━
✓ 🎉 Addition complete!
━━━━━━━━━━━━━━━━━━━━━━━━━━━━━━━━━━━━━━━━

The workflow 'test-workflow' has been added to the repository and will now run automatically.
Useful commands:
⚡   gh aw status          # Check workflow status
⚡   gh aw run <workflow>  # Trigger a workflow
⚡   gh aw logs            # View workflow logs

Learn more at: https://github.github.com/gh-aw/

--- PASS: TestAddInteractiveConfig_showFinalInstructions (0.00s)
    --- PASS: TestAddInteractiveConfig_showFinalInstructions/no_workflows (0.00s)
    --- PASS: TestAddInteractiveConfig_showFinalInstructions/with_workflow (0.00s)
=== RUN   TestClassifyScheduleFrequency
=== RUN   TestClassifyScheduleFrequency/hourly_keyword
=== RUN   TestClassifyScheduleFrequency/every_1h
=== RUN   TestClassifyScheduleFrequency/every_1_hour
=== RUN   TestClassifyScheduleFrequency/every_1_hours
=== RUN   TestClassifyScheduleFrequency/every_3h
=== RUN   TestClassifyScheduleFrequency/every_3_hours
=== RUN   TestClassifyScheduleFrequency/daily_keyword
=== RUN   TestClassifyScheduleFrequency/weekly_keyword
=== RUN   TestClassifyScheduleFrequency/DAILY_upper
=== RUN   TestClassifyScheduleFrequency/Weekly_mixed
=== RUN   TestClassifyScheduleFrequency/fuzzy_hourly/1
=== RUN   TestClassifyScheduleFrequency/fuzzy_hourly/3
=== RUN   TestClassifyScheduleFrequency/fuzzy_daily
=== RUN   TestClassifyScheduleFrequency/fuzzy_daily_around
=== RUN   TestClassifyScheduleFrequency/fuzzy_weekly
=== RUN   TestClassifyScheduleFrequency/fuzzy_weekly_with_day
=== RUN   TestClassifyScheduleFrequency/cron_daily_midnight
=== RUN   TestClassifyScheduleFrequency/cron_daily_9am
=== RUN   TestClassifyScheduleFrequency/cron_daily_14:30
=== RUN   TestClassifyScheduleFrequency/cron_weekly_monday
=== RUN   TestClassifyScheduleFrequency/cron_weekly_friday
=== RUN   TestClassifyScheduleFrequency/cron_every_1_hour
=== RUN   TestClassifyScheduleFrequency/cron_every_3_hours
=== RUN   TestClassifyScheduleFrequency/cron_every_6_hours_(custom)
=== RUN   TestClassifyScheduleFrequency/cron_monthly_1st
=== RUN   TestClassifyScheduleFrequency/cron_monthly_15th
=== RUN   TestClassifyScheduleFrequency/cron_every_2_days
=== RUN   TestClassifyScheduleFrequency/random_cron
--- PASS: TestClassifyScheduleFrequency (0.00s)
    --- PASS: TestClassifyScheduleFrequency/hourly_keyword (0.00s)
    --- PASS: TestClassifyScheduleFrequency/every_1h (0.00s)
    --- PASS: TestClassifyScheduleFrequency/every_1_hour (0.00s)
    --- PASS: TestClassifyScheduleFrequency/every_1_hours (0.00s)
    --- PASS: TestClassifyScheduleFrequency/every_3h (0.00s)
    --- PASS: TestClassifyScheduleFrequency/every_3_hours (0.00s)
    --- PASS: TestClassifyScheduleFrequency/daily_keyword (0.00s)
    --- PASS: TestClassifyScheduleFrequency/weekly_keyword (0.00s)
    --- PASS: TestClassifyScheduleFrequency/DAILY_upper (0.00s)
    --- PASS: TestClassifyScheduleFrequency/Weekly_mixed (0.00s)
    --- PASS: TestClassifyScheduleFrequency/fuzzy_hourly/1 (0.00s)
    --- PASS: TestClassifyScheduleFrequency/fuzzy_hourly/3 (0.00s)
    --- PASS: TestClassifyScheduleFrequency/fuzzy_daily (0.00s)
    --- PASS: TestClassifyScheduleFrequency/fuzzy_daily_around (0.00s)
    --- PASS: TestClassifyScheduleFrequency/fuzzy_weekly (0.00s)
    --- PASS: TestClassifyScheduleFrequency/fuzzy_weekly_with_day (0.00s)
    --- PASS: TestClassifyScheduleFrequency/cron_daily_midnight (0.00s)
    --- PASS: TestClassifyScheduleFrequency/cron_daily_9am (0.00s)
    --- PASS: TestClassifyScheduleFrequency/cron_daily_14:30 (0.00s)
    --- PASS: TestClassifyScheduleFrequency/cron_weekly_monday (0.00s)
    --- PASS: TestClassifyScheduleFrequency/cron_weekly_friday (0.00s)
    --- PASS: TestClassifyScheduleFrequency/cron_every_1_hour (0.00s)
    --- PASS: TestClassifyScheduleFrequency/cron_every_3_hours (0.00s)
    --- PASS: TestClassifyScheduleFrequency/cron_every_6_hours_(custom) (0.00s)
    --- PASS: TestClassifyScheduleFrequency/cron_monthly_1st (0.00s)
    --- PASS: TestClassifyScheduleFrequency/cron_monthly_15th (0.00s)
    --- PASS: TestClassifyScheduleFrequency/cron_every_2_days (0.00s)
    --- PASS: TestClassifyScheduleFrequency/random_cron (0.00s)
=== RUN   TestDetectWorkflowScheduleInfo
=== RUN   TestDetectWorkflowScheduleInfo/simple_on:_daily
=== RUN   TestDetectWorkflowScheduleInfo/simple_on:_weekly
=== RUN   TestDetectWorkflowScheduleInfo/simple_on:_hourly
=== RUN   TestDetectWorkflowScheduleInfo/simple_on:_every_3h
=== RUN   TestDetectWorkflowScheduleInfo/on:_with_custom_cron
=== RUN   TestDetectWorkflowScheduleInfo/on:_map_with_multiple_cron_entries_(not_updatable)
=== RUN   TestDetectWorkflowScheduleInfo/on:_map_with_schedule_array_and_workflow_dispatch
=== RUN   TestDetectWorkflowScheduleInfo/on:_map_with_schedule_string_shorthand
=== RUN   TestDetectWorkflowScheduleInfo/on:_map_with_schedule_and_slash_command_(multi-trigger,_updatable)
=== RUN   TestDetectWorkflowScheduleInfo/on:_map_with_schedule_and_push_(multi-trigger,_updatable)
=== RUN   TestDetectWorkflowScheduleInfo/on:_workflow_dispatch_only_(not_a_schedule)
=== RUN   TestDetectWorkflowScheduleInfo/no_frontmatter
=== RUN   TestDetectWorkflowScheduleInfo/on:_non-schedule_string_(push_event)
--- PASS: TestDetectWorkflowScheduleInfo (0.00s)
    --- PASS: TestDetectWorkflowScheduleInfo/simple_on:_daily (0.00s)
    --- PASS: TestDetectWorkflowScheduleInfo/simple_on:_weekly (0.00s)
    --- PASS: TestDetectWorkflowScheduleInfo/simple_on:_hourly (0.00s)
    --- PASS: TestDetectWorkflowScheduleInfo/simple_on:_every_3h (0.00s)
    --- PASS: TestDetectWorkflowScheduleInfo/on:_with_custom_cron (0.00s)
    --- PASS: TestDetectWorkflowScheduleInfo/on:_map_with_multiple_cron_entries_(not_updatable) (0.00s)
    --- PASS: TestDetectWorkflowScheduleInfo/on:_map_with_schedule_array_and_workflow_dispatch (0.00s)
    --- PASS: TestDetectWorkflowScheduleInfo/on:_map_with_schedule_string_shorthand (0.00s)
    --- PASS: TestDetectWorkflowScheduleInfo/on:_map_with_schedule_and_slash_command_(multi-trigger,_updatable) (0.00s)
    --- PASS: TestDetectWorkflowScheduleInfo/on:_map_with_schedule_and_push_(multi-trigger,_updatable) (0.00s)
    --- PASS: TestDetectWorkflowScheduleInfo/on:_workflow_dispatch_only_(not_a_schedule) (0.00s)
    --- PASS: TestDetectWorkflowScheduleInfo/no_frontmatter (0.00s)
    --- PASS: TestDetectWorkflowScheduleInfo/on:_non-schedule_string_(push_event) (0.00s)
=== RUN   TestUpdateScheduleInOnBlock
=== RUN   TestUpdateScheduleInOnBlock/updates_scalar_schedule,_preserves_workflow_dispatch
=== RUN   TestUpdateScheduleInOnBlock/updates_cron-list_schedule_to_scalar,_preserves_workflow_dispatch
=== RUN   TestUpdateScheduleInOnBlock/updates_schedule_in_multi-trigger_on:_block,_preserves_push_trigger
=== RUN   TestUpdateScheduleInOnBlock/updates_schedule_with_slash_command_trigger_preserved
=== RUN   TestUpdateScheduleInOnBlock/returns_error_when_no_schedule_key_inside_on:_block
=== RUN   TestUpdateScheduleInOnBlock/returns_error_when_on:_is_a_scalar_(no_block)
--- PASS: TestUpdateScheduleInOnBlock (0.00s)
    --- PASS: TestUpdateScheduleInOnBlock/updates_scalar_schedule,_preserves_workflow_dispatch (0.00s)
    --- PASS: TestUpdateScheduleInOnBlock/updates_cron-list_schedule_to_scalar,_preserves_workflow_dispatch (0.00s)
    --- PASS: TestUpdateScheduleInOnBlock/updates_schedule_in_multi-trigger_on:_block,_preserves_push_trigger (0.00s)
    --- PASS: TestUpdateScheduleInOnBlock/updates_schedule_with_slash_command_trigger_preserved (0.00s)
    --- PASS: TestUpdateScheduleInOnBlock/returns_error_when_no_schedule_key_inside_on:_block (0.00s)
    --- PASS: TestUpdateScheduleInOnBlock/returns_error_when_on:_is_a_scalar_(no_block) (0.00s)
=== RUN   TestBuildScheduleOptions
=== RUN   TestBuildScheduleOptions/custom_schedule_puts_custom_first
=== RUN   TestBuildScheduleOptions/daily_schedule_puts_daily_first
=== RUN   TestBuildScheduleOptions/hourly_schedule_puts_hourly_first
=== RUN   TestBuildScheduleOptions/weekly_schedule_puts_weekly_first
=== RUN   TestBuildScheduleOptions/3-hourly_schedule_puts_3-hourly_first
=== RUN   TestBuildScheduleOptions/monthly_schedule_puts_monthly_first
=== RUN   TestBuildScheduleOptions/includes_all_standard_frequencies
=== RUN   TestBuildScheduleOptions/custom_schedule_has_no_duplicate_custom_option
=== RUN   TestBuildScheduleOptions/marks_current_frequency_in_label
--- PASS: TestBuildScheduleOptions (0.00s)
    --- PASS: TestBuildScheduleOptions/custom_schedule_puts_custom_first (0.00s)
    --- PASS: TestBuildScheduleOptions/daily_schedule_puts_daily_first (0.00s)
    --- PASS: TestBuildScheduleOptions/hourly_schedule_puts_hourly_first (0.00s)
    --- PASS: TestBuildScheduleOptions/weekly_schedule_puts_weekly_first (0.00s)
    --- PASS: TestBuildScheduleOptions/3-hourly_schedule_puts_3-hourly_first (0.00s)
    --- PASS: TestBuildScheduleOptions/monthly_schedule_puts_monthly_first (0.00s)
    --- PASS: TestBuildScheduleOptions/includes_all_standard_frequencies (0.00s)
    --- PASS: TestBuildScheduleOptions/custom_schedule_has_no_duplicate_custom_option (0.00s)
    --- PASS: TestBuildScheduleOptions/marks_current_frequency_in_label (0.00s)
=== RUN   TestAddInteractiveConfig_resolveEngineApiKeyCredential
=== RUN   TestAddInteractiveConfig_resolveEngineApiKeyCredential/copilot_with_token_in_env
=== RUN   TestAddInteractiveConfig_resolveEngineApiKeyCredential/copilot_secret_already_exists
=== RUN   TestAddInteractiveConfig_resolveEngineApiKeyCredential/claude_with_token_in_env
=== RUN   TestAddInteractiveConfig_resolveEngineApiKeyCredential/unknown_engine
=== RUN   TestAddInteractiveConfig_resolveEngineApiKeyCredential/copilot_with_no_token
--- PASS: TestAddInteractiveConfig_resolveEngineApiKeyCredential (0.00s)
    --- PASS: TestAddInteractiveConfig_resolveEngineApiKeyCredential/copilot_with_token_in_env (0.00s)
    --- PASS: TestAddInteractiveConfig_resolveEngineApiKeyCredential/copilot_secret_already_exists (0.00s)
    --- PASS: TestAddInteractiveConfig_resolveEngineApiKeyCredential/claude_with_token_in_env (0.00s)
    --- PASS: TestAddInteractiveConfig_resolveEngineApiKeyCredential/unknown_engine (0.00s)
    --- PASS: TestAddInteractiveConfig_resolveEngineApiKeyCredential/copilot_with_no_token (0.00s)
=== RUN   TestAddInteractiveConfig_configureEngineAPISecret_noWriteAccess
=== RUN   TestAddInteractiveConfig_configureEngineAPISecret_noWriteAccess/copilot_engine_-_skips_secret_setup

ℹ Skipping COPILOT_GITHUB_TOKEN secret setup — write access is required to configure repository secrets.

Once you have write access or an admin configures the repository, set the secret with:
⚡   gh aw secrets set COPILOT_GITHUB_TOKEN --repo owner/repo
=== RUN   TestAddInteractiveConfig_configureEngineAPISecret_noWriteAccess/claude_engine_-_skips_secret_setup

ℹ Skipping ANTHROPIC_API_KEY secret setup — write access is required to configure repository secrets.

Once you have write access or an admin configures the repository, set the secret with:
⚡   gh aw secrets set ANTHROPIC_API_KEY --repo owner/repo
=== RUN   TestAddInteractiveConfig_configureEngineAPISecret_noWriteAccess/unknown_engine_-_skips_without_error
--- PASS: TestAddInteractiveConfig_configureEngineAPISecret_noWriteAccess (0.00s)
    --- PASS: TestAddInteractiveConfig_configureEngineAPISecret_noWriteAccess/copilot_engine_-_skips_secret_setup (0.00s)
    --- PASS: TestAddInteractiveConfig_configureEngineAPISecret_noWriteAccess/claude_engine_-_skips_secret_setup (0.00s)
    --- PASS: TestAddInteractiveConfig_configureEngineAPISecret_noWriteAccess/unknown_engine_-_skips_without_error (0.00s)
=== RUN   TestAddInteractiveConfig_configureEngineAPISecret_skipSecret
=== RUN   TestAddInteractiveConfig_configureEngineAPISecret_skipSecret/copilot_engine_-_skips_secret_setup
ℹ Skipping COPILOT_GITHUB_TOKEN secret setup (--no-secret flag set).
=== RUN   TestAddInteractiveConfig_configureEngineAPISecret_skipSecret/claude_engine_-_skips_secret_setup
ℹ Skipping ANTHROPIC_API_KEY secret setup (--no-secret flag set).
=== RUN   TestAddInteractiveConfig_configureEngineAPISecret_skipSecret/unknown_engine_-_skips_without_error
ℹ Skipping secret setup (--no-secret flag set).
--- PASS: TestAddInteractiveConfig_configureEngineAPISecret_skipSecret (0.00s)
    --- PASS: TestAddInteractiveConfig_configureEngineAPISecret_skipSecret/copilot_engine_-_skips_secret_setup (0.00s)
    --- PASS: TestAddInteractiveConfig_configureEngineAPISecret_skipSecret/claude_engine_-_skips_secret_setup (0.00s)
    --- PASS: TestAddInteractiveConfig_configureEngineAPISecret_skipSecret/unknown_engine_-_skips_without_error (0.00s)
=== RUN   TestAddInteractiveConfig_selectAIEngineAndKey_engineOverrideFormatsInfoMessage
--- PASS: TestAddInteractiveConfig_selectAIEngineAndKey_engineOverrideFormatsInfoMessage (0.00s)
=== RUN   TestParseSecretNames
=== RUN   TestParseSecretNames/single_secret_name
=== RUN   TestParseSecretNames/multiple_secret_names
=== RUN   TestParseSecretNames/empty_output
=== RUN   TestParseSecretNames/output_with_only_whitespace
=== RUN   TestParseSecretNames/names_with_surrounding_whitespace
=== RUN   TestParseSecretNames/output_with_blank_lines_interspersed
=== RUN   TestParseSecretNames/trailing_newline_is_handled_correctly
--- PASS: TestParseSecretNames (0.00s)
    --- PASS: TestParseSecretNames/single_secret_name (0.00s)
    --- PASS: TestParseSecretNames/multiple_secret_names (0.00s)
    --- PASS: TestParseSecretNames/empty_output (0.00s)
    --- PASS: TestParseSecretNames/output_with_only_whitespace (0.00s)
    --- PASS: TestParseSecretNames/names_with_surrounding_whitespace (0.00s)
    --- PASS: TestParseSecretNames/output_with_blank_lines_interspersed (0.00s)
    --- PASS: TestParseSecretNames/trailing_newline_is_handled_correctly (0.00s)
=== RUN   TestAddInteractiveConfig_checkExistingSecrets
--- PASS: TestAddInteractiveConfig_checkExistingSecrets (0.00s)
=== RUN   TestGetWorkflowStatuses
=== RUN   TestGetWorkflowStatuses/simple_pattern
=== RUN   TestGetWorkflowStatuses/with_repo_override
=== RUN   TestGetWorkflowStatuses/verbose_mode
Running: gh workflow list --json name,state,path --repo owner/repo
gh workflow list failed: exec: "gh": executable file not found in $PATH
--- PASS: TestGetWorkflowStatuses (0.00s)
    --- PASS: TestGetWorkflowStatuses/simple_pattern (0.00s)
    --- PASS: TestGetWorkflowStatuses/with_repo_override (0.00s)
    --- PASS: TestGetWorkflowStatuses/verbose_mode (0.00s)
=== RUN   TestCheckStatusAndOfferRun_ContextCancelled

--- PASS: TestCheckStatusAndOfferRun_ContextCancelled (0.00s)
=== RUN   TestAddCommandRequiresArguments
Usage:
  add <workflow>... [flags]

Examples:
  gh aw add githubnext/agentics/daily-repo-status        # Add workflow directly
  gh aw add githubnext/agentics/repo-assist              # Add package from repository root aw.yml
  gh aw add githubnext/agentics/packages/repo-assist     # Add package from nested aw.yml
  gh aw add githubnext/agentics/ci-doctor@v1.0.0         # Add with version
  gh aw add githubnext/agentics/workflows/ci-doctor.md@main
  gh aw add https://github.com/githubnext/agentics/blob/main/workflows/ci-doctor.md
  gh aw add https://example.com/my-workflow.md           # Add workflow from any HTTPS URL
  gh aw add https://example.com/workflow.json            # Import JSON workflow definition
  gh aw add githubnext/agentics/ci-doctor --create-pull-request --force
  gh aw add ./my-workflow.md                             # Add local workflow
  gh aw add ./*.md                                       # Add all local workflows
  gh aw add githubnext/agentics/ci-doctor --dir .github/workflows/shared   # Add to .github/workflows/shared/


Flags:
      --append string         Append extra content to the end of agentic workflow on installation
      --create-pull-request   Create a pull request with the workflow changes
  -d, --dir string            Workflow directory (default: .github/workflows)
  -e, --engine string         Override AI engine (copilot, claude, codex, gemini, crush)
  -f, --force                 Overwrite existing workflow files without confirmation
  -h, --help                  help for add
  -n, --name string           Specify name for the added workflow (without .md extension)
      --no-gitattributes      Skip updating .gitattributes file
      --no-security-scanner   Disable security scanning of workflow markdown content
      --no-stop-after         Remove any stop-after field from the workflow
      --stop-after string     Override stop-after value in the workflow (e.g., '+48h', '2025-12-31 23:59:59')

--- PASS: TestAddCommandRequiresArguments (0.00s)
=== RUN   TestAddCommandWithWorkflow
--- PASS: TestAddCommandWithWorkflow (0.00s)
=== RUN   TestAddCommandHelpText
--- PASS: TestAddCommandHelpText (0.00s)
=== RUN   TestNewCommandAcceptsOptionalArgument
--- PASS: TestNewCommandAcceptsOptionalArgument (0.00s)
=== RUN   TestResolveRepositoryPackage
=== RUN   TestResolveRepositoryPackage/uses_aw_manifest_files_and_README_docs
=== RUN   TestResolveRepositoryPackage/uses_repository_default_branch_when_version_is_omitted
=== RUN   TestResolveRepositoryPackage/uses_latest_release_for_github/gh-aw_when_version_is_omitted
=== RUN   TestResolveRepositoryPackage/falls_back_to_default_branch_for_github/gh-aw_when_latest_release_lookup_fails
=== RUN   TestResolveRepositoryPackage/uses_slash_branch_ref_from_manifest_route
=== RUN   TestResolveRepositoryPackage/falls_back_to_scanning_supported_workflow_directories
=== RUN   TestResolveRepositoryPackage/passes_explicit_host_to_scanning_fallback
=== RUN   TestResolveRepositoryPackage/rejects_manifest_without_name_field
=== RUN   TestResolveRepositoryPackage/requires_aw_manifest_when_only_legacy_alias_exists
=== RUN   TestResolveRepositoryPackage/accepts_manifest-version_and_compatible_min-version
=== RUN   TestResolveRepositoryPackage/rejects_unsupported_manifest-version
=== RUN   TestResolveRepositoryPackage/rejects_docs_field
=== RUN   TestResolveRepositoryPackage/rejects_non-string_emoji_field
=== RUN   TestResolveRepositoryPackage/rejects_non-string_license_field
=== RUN   TestResolveRepositoryPackage/rejects_incompatible_min-version
=== RUN   TestResolveRepositoryPackage/requires_package_README
=== RUN   TestResolveRepositoryPackage/reports_nested_package_path_when_README_is_missing
=== RUN   TestResolveRepositoryPackage/rejects_unknown_manifest_fields
=== RUN   TestResolveRepositoryPackage/resolves_nested_package_manifests
--- PASS: TestResolveRepositoryPackage (0.00s)
    --- PASS: TestResolveRepositoryPackage/uses_aw_manifest_files_and_README_docs (0.00s)
    --- PASS: TestResolveRepositoryPackage/uses_repository_default_branch_when_version_is_omitted (0.00s)
    --- PASS: TestResolveRepositoryPackage/uses_latest_release_for_github/gh-aw_when_version_is_omitted (0.00s)
    --- PASS: TestResolveRepositoryPackage/falls_back_to_default_branch_for_github/gh-aw_when_latest_release_lookup_fails (0.00s)
    --- PASS: TestResolveRepositoryPackage/uses_slash_branch_ref_from_manifest_route (0.00s)
    --- PASS: TestResolveRepositoryPackage/falls_back_to_scanning_supported_workflow_directories (0.00s)
    --- PASS: TestResolveRepositoryPackage/passes_explicit_host_to_scanning_fallback (0.00s)
    --- PASS: TestResolveRepositoryPackage/rejects_manifest_without_name_field (0.00s)
    --- PASS: TestResolveRepositoryPackage/requires_aw_manifest_when_only_legacy_alias_exists (0.00s)
    --- PASS: TestResolveRepositoryPackage/accepts_manifest-version_and_compatible_min-version (0.00s)
    --- PASS: TestResolveRepositoryPackage/rejects_unsupported_manifest-version (0.00s)
    --- PASS: TestResolveRepositoryPackage/rejects_docs_field (0.00s)
    --- PASS: TestResolveRepositoryPackage/rejects_non-string_emoji_field (0.00s)
    --- PASS: TestResolveRepositoryPackage/rejects_non-string_license_field (0.00s)
    --- PASS: TestResolveRepositoryPackage/rejects_incompatible_min-version (0.00s)
    --- PASS: TestResolveRepositoryPackage/requires_package_README (0.00s)
    --- PASS: TestResolveRepositoryPackage/reports_nested_package_path_when_README_is_missing (0.00s)
    --- PASS: TestResolveRepositoryPackage/rejects_unknown_manifest_fields (0.00s)
    --- PASS: TestResolveRepositoryPackage/resolves_nested_package_manifests (0.00s)
=== RUN   TestResolveWorkflows_RepositoryPackage
--- PASS: TestResolveWorkflows_RepositoryPackage (0.00s)
=== RUN   TestResolveWorkflows_RepositoryPackageRejectsPrivateTrue
--- PASS: TestResolveWorkflows_RepositoryPackageRejectsPrivateTrue (0.00s)
=== RUN   TestResolveWorkflows_NestedRepositoryPackage
--- PASS: TestResolveWorkflows_NestedRepositoryPackage (0.00s)
=== RUN   TestResolveWorkflows_FallsBackToWorkflowWhenNestedManifestMissing
--- PASS: TestResolveWorkflows_FallsBackToWorkflowWhenNestedManifestMissing (0.00s)
=== RUN   TestParseRepositoryPackageSpec
=== RUN   TestParseRepositoryPackageSpec/repo_only_package
=== RUN   TestParseRepositoryPackageSpec/repo_only_package_with_slash_branch_ref
=== RUN   TestParseRepositoryPackageSpec/repo_only_package_with_sanitized_branch_characters
=== RUN   TestParseRepositoryPackageSpec/repo_only_package_with_long_hyphenated_repo_name
=== RUN   TestParseRepositoryPackageSpec/nested_package_path
=== RUN   TestParseRepositoryPackageSpec/nested_package_path_with_slash_branch_ref
=== RUN   TestParseRepositoryPackageSpec/nested_package_path_with_sanitized_branch_characters
=== RUN   TestParseRepositoryPackageSpec/workflow_path_is_not_package
=== RUN   TestParseRepositoryPackageSpec/workflow_path_with_branch_ref_is_not_package
=== RUN   TestParseRepositoryPackageSpec/url_is_not_package
=== RUN   TestParseRepositoryPackageSpec/rejects_path_traversal
--- PASS: TestParseRepositoryPackageSpec (0.00s)
    --- PASS: TestParseRepositoryPackageSpec/repo_only_package (0.00s)
    --- PASS: TestParseRepositoryPackageSpec/repo_only_package_with_slash_branch_ref (0.00s)
    --- PASS: TestParseRepositoryPackageSpec/repo_only_package_with_sanitized_branch_characters (0.00s)
    --- PASS: TestParseRepositoryPackageSpec/repo_only_package_with_long_hyphenated_repo_name (0.00s)
    --- PASS: TestParseRepositoryPackageSpec/nested_package_path (0.00s)
    --- PASS: TestParseRepositoryPackageSpec/nested_package_path_with_slash_branch_ref (0.00s)
    --- PASS: TestParseRepositoryPackageSpec/nested_package_path_with_sanitized_branch_characters (0.00s)
    --- PASS: TestParseRepositoryPackageSpec/workflow_path_is_not_package (0.00s)
    --- PASS: TestParseRepositoryPackageSpec/workflow_path_with_branch_ref_is_not_package (0.00s)
    --- PASS: TestParseRepositoryPackageSpec/url_is_not_package (0.00s)
    --- PASS: TestParseRepositoryPackageSpec/rejects_path_traversal (0.00s)
=== RUN   TestIsSupportedPackageInstallablePath
=== RUN   TestIsSupportedPackageInstallablePath/workflows/review.md
=== RUN   TestIsSupportedPackageInstallablePath/agentic-workflows/review.md
=== RUN   TestIsSupportedPackageInstallablePath/.github/workflows/nightly-review.md
=== RUN   TestIsSupportedPackageInstallablePath/.github/workflows/deploy.yml
=== RUN   TestIsSupportedPackageInstallablePath/.github/workflows/ci.yml
=== RUN   TestIsSupportedPackageInstallablePath/.github/workflows/CI.YML
=== RUN   TestIsSupportedPackageInstallablePath/workflows/deploy.yml
=== RUN   TestIsSupportedPackageInstallablePath/agentic-workflows/deploy.yml
=== RUN   TestIsSupportedPackageInstallablePath/.github/workflows/subdir/ci.yml
=== RUN   TestIsSupportedPackageInstallablePath/.github/workflows/deploy.lock.yml
=== RUN   TestIsSupportedPackageInstallablePath/workflows/deploy.lock.yml
=== RUN   TestIsSupportedPackageInstallablePath/.github/workflows/script.sh
=== RUN   TestIsSupportedPackageInstallablePath/README.md
=== RUN   TestIsSupportedPackageInstallablePath/.github/workflows/config.yaml
=== RUN   TestIsSupportedPackageInstallablePath/../evil.md
=== RUN   TestIsSupportedPackageInstallablePath/workflows/../README.md
=== RUN   TestIsSupportedPackageInstallablePath/.github/workflows/../x.yml
=== RUN   TestIsSupportedPackageInstallablePath/#00
--- PASS: TestIsSupportedPackageInstallablePath (0.00s)
    --- PASS: TestIsSupportedPackageInstallablePath/workflows/review.md (0.00s)
    --- PASS: TestIsSupportedPackageInstallablePath/agentic-workflows/review.md (0.00s)
    --- PASS: TestIsSupportedPackageInstallablePath/.github/workflows/nightly-review.md (0.00s)
    --- PASS: TestIsSupportedPackageInstallablePath/.github/workflows/deploy.yml (0.00s)
    --- PASS: TestIsSupportedPackageInstallablePath/.github/workflows/ci.yml (0.00s)
    --- PASS: TestIsSupportedPackageInstallablePath/.github/workflows/CI.YML (0.00s)
    --- PASS: TestIsSupportedPackageInstallablePath/workflows/deploy.yml (0.00s)
    --- PASS: TestIsSupportedPackageInstallablePath/agentic-workflows/deploy.yml (0.00s)
    --- PASS: TestIsSupportedPackageInstallablePath/.github/workflows/subdir/ci.yml (0.00s)
    --- PASS: TestIsSupportedPackageInstallablePath/.github/workflows/deploy.lock.yml (0.00s)
    --- PASS: TestIsSupportedPackageInstallablePath/workflows/deploy.lock.yml (0.00s)
    --- PASS: TestIsSupportedPackageInstallablePath/.github/workflows/script.sh (0.00s)
    --- PASS: TestIsSupportedPackageInstallablePath/README.md (0.00s)
    --- PASS: TestIsSupportedPackageInstallablePath/.github/workflows/config.yaml (0.00s)
    --- PASS: TestIsSupportedPackageInstallablePath/../evil.md (0.00s)
    --- PASS: TestIsSupportedPackageInstallablePath/workflows/../README.md (0.00s)
    --- PASS: TestIsSupportedPackageInstallablePath/.github/workflows/../x.yml (0.00s)
    --- PASS: TestIsSupportedPackageInstallablePath/#00 (0.00s)
=== RUN   TestExtractManifestIncludes
--- PASS: TestExtractManifestIncludes (0.00s)
=== RUN   TestCodemodManifestFilesToIncludes
--- PASS: TestCodemodManifestFilesToIncludes (0.00s)
=== RUN   TestResolveRepositoryPackage_ActionWorkflowYML
=== RUN   TestResolveRepositoryPackage_ActionWorkflowYML/includes_yml_action_workflow_from_files_list
=== RUN   TestResolveRepositoryPackage_ActionWorkflowYML/rejects_yml_files_outside_.github/workflows_with_warning
=== RUN   TestResolveRepositoryPackage_ActionWorkflowYML/rejects_duplicate_markdown_filenames_across_different_folders
--- PASS: TestResolveRepositoryPackage_ActionWorkflowYML (0.00s)
    --- PASS: TestResolveRepositoryPackage_ActionWorkflowYML/includes_yml_action_workflow_from_files_list (0.00s)
    --- PASS: TestResolveRepositoryPackage_ActionWorkflowYML/rejects_yml_files_outside_.github/workflows_with_warning (0.00s)
    --- PASS: TestResolveRepositoryPackage_ActionWorkflowYML/rejects_duplicate_markdown_filenames_across_different_folders (0.00s)
=== RUN   TestResolveWorkflows_ActionWorkflowYML
--- PASS: TestResolveWorkflows_ActionWorkflowYML (0.00s)
=== RUN   TestIsSupportedSkillDirPath
=== RUN   TestIsSupportedSkillDirPath/skills/my-skill
=== RUN   TestIsSupportedSkillDirPath/skills/code-review
=== RUN   TestIsSupportedSkillDirPath/skills/a
=== RUN   TestIsSupportedSkillDirPath/skills/my-skill/subdir
=== RUN   TestIsSupportedSkillDirPath/agents/my-skill
=== RUN   TestIsSupportedSkillDirPath/workflows/my-skill
=== RUN   TestIsSupportedSkillDirPath/.github/skills/my-skill
=== RUN   TestIsSupportedSkillDirPath/#00
=== RUN   TestIsSupportedSkillDirPath/skills/../evil
=== RUN   TestIsSupportedSkillDirPath/skills/
=== RUN   TestIsSupportedSkillDirPath/skills
--- PASS: TestIsSupportedSkillDirPath (0.00s)
    --- PASS: TestIsSupportedSkillDirPath/skills/my-skill (0.00s)
    --- PASS: TestIsSupportedSkillDirPath/skills/code-review (0.00s)
    --- PASS: TestIsSupportedSkillDirPath/skills/a (0.00s)
    --- PASS: TestIsSupportedSkillDirPath/skills/my-skill/subdir (0.00s)
    --- PASS: TestIsSupportedSkillDirPath/agents/my-skill (0.00s)
    --- PASS: TestIsSupportedSkillDirPath/workflows/my-skill (0.00s)
    --- PASS: TestIsSupportedSkillDirPath/.github/skills/my-skill (0.00s)
    --- PASS: TestIsSupportedSkillDirPath/#00 (0.00s)
    --- PASS: TestIsSupportedSkillDirPath/skills/../evil (0.00s)
    --- PASS: TestIsSupportedSkillDirPath/skills/ (0.00s)
    --- PASS: TestIsSupportedSkillDirPath/skills (0.00s)
=== RUN   TestIsSupportedAgentFilePath
=== RUN   TestIsSupportedAgentFilePath/agents/my-agent.md
=== RUN   TestIsSupportedAgentFilePath/agents/code-review.md
=== RUN   TestIsSupportedAgentFilePath/agents/a.md
=== RUN   TestIsSupportedAgentFilePath/agents/my-agent.sh
=== RUN   TestIsSupportedAgentFilePath/agents/my-agent.yml
=== RUN   TestIsSupportedAgentFilePath/agents/my-agent
=== RUN   TestIsSupportedAgentFilePath/agents/subdir/my-agent.md
=== RUN   TestIsSupportedAgentFilePath/skills/my-agent.md
=== RUN   TestIsSupportedAgentFilePath/workflows/my-agent.md
=== RUN   TestIsSupportedAgentFilePath/.github/agents/my-agent.md
=== RUN   TestIsSupportedAgentFilePath/#00
=== RUN   TestIsSupportedAgentFilePath/agents/../evil.md
--- PASS: TestIsSupportedAgentFilePath (0.00s)
    --- PASS: TestIsSupportedAgentFilePath/agents/my-agent.md (0.00s)
    --- PASS: TestIsSupportedAgentFilePath/agents/code-review.md (0.00s)
    --- PASS: TestIsSupportedAgentFilePath/agents/a.md (0.00s)
    --- PASS: TestIsSupportedAgentFilePath/agents/my-agent.sh (0.00s)
    --- PASS: TestIsSupportedAgentFilePath/agents/my-agent.yml (0.00s)
    --- PASS: TestIsSupportedAgentFilePath/agents/my-agent (0.00s)
    --- PASS: TestIsSupportedAgentFilePath/agents/subdir/my-agent.md (0.00s)
    --- PASS: TestIsSupportedAgentFilePath/skills/my-agent.md (0.00s)
    --- PASS: TestIsSupportedAgentFilePath/workflows/my-agent.md (0.00s)
    --- PASS: TestIsSupportedAgentFilePath/.github/agents/my-agent.md (0.00s)
    --- PASS: TestIsSupportedAgentFilePath/#00 (0.00s)
    --- PASS: TestIsSupportedAgentFilePath/agents/../evil.md (0.00s)
=== RUN   TestExtractManifestSkillDirs
=== RUN   TestExtractManifestSkillDirs/valid_entries_are_accepted
=== RUN   TestExtractManifestSkillDirs/invalid_entries_produce_warnings
=== RUN   TestExtractManifestSkillDirs/duplicate_entries_are_deduplicated
=== RUN   TestExtractManifestSkillDirs/non-list_value_produces_warning
--- PASS: TestExtractManifestSkillDirs (0.00s)
    --- PASS: TestExtractManifestSkillDirs/valid_entries_are_accepted (0.00s)
    --- PASS: TestExtractManifestSkillDirs/invalid_entries_produce_warnings (0.00s)
    --- PASS: TestExtractManifestSkillDirs/duplicate_entries_are_deduplicated (0.00s)
    --- PASS: TestExtractManifestSkillDirs/non-list_value_produces_warning (0.00s)
=== RUN   TestExtractManifestAgentFiles
=== RUN   TestExtractManifestAgentFiles/valid_entries_are_accepted
=== RUN   TestExtractManifestAgentFiles/invalid_entries_produce_warnings
=== RUN   TestExtractManifestAgentFiles/duplicate_entries_are_deduplicated
=== RUN   TestExtractManifestAgentFiles/non-list_value_produces_warning
--- PASS: TestExtractManifestAgentFiles (0.00s)
    --- PASS: TestExtractManifestAgentFiles/valid_entries_are_accepted (0.00s)
    --- PASS: TestExtractManifestAgentFiles/invalid_entries_produce_warnings (0.00s)
    --- PASS: TestExtractManifestAgentFiles/duplicate_entries_are_deduplicated (0.00s)
    --- PASS: TestExtractManifestAgentFiles/non-list_value_produces_warning (0.00s)
=== RUN   TestResolveRepositoryPackage_SkillsAndAgents
=== RUN   TestResolveRepositoryPackage_SkillsAndAgents/explicit_skills_and_agents_from_manifest
=== RUN   TestResolveRepositoryPackage_SkillsAndAgents/includes_field_infers_workflow_skill_and_agent_types
=== RUN   TestResolveRepositoryPackage_SkillsAndAgents/auto-scans_skills_and_agents_when_absent_from_manifest
=== RUN   TestResolveRepositoryPackage_SkillsAndAgents/missing_skill_directory_produces_warning_not_error
=== RUN   TestResolveRepositoryPackage_SkillsAndAgents/explicit_skill_without_marker_produces_warning
=== RUN   TestResolveRepositoryPackage_SkillsAndAgents/no_skills_or_agents_when_directories_absent
=== RUN   TestResolveRepositoryPackage_SkillsAndAgents/manifest_skills_copied_first_then_auto-scanned_additional_skills_appended
=== RUN   TestResolveRepositoryPackage_SkillsAndAgents/auto-scan_errors_are_warnings_when_manifest_skills_are_explicit
=== RUN   TestResolveRepositoryPackage_SkillsAndAgents/skill_folder_nested_files_are_included_recursively
--- PASS: TestResolveRepositoryPackage_SkillsAndAgents (0.00s)
    --- PASS: TestResolveRepositoryPackage_SkillsAndAgents/explicit_skills_and_agents_from_manifest (0.00s)
    --- PASS: TestResolveRepositoryPackage_SkillsAndAgents/includes_field_infers_workflow_skill_and_agent_types (0.00s)
    --- PASS: TestResolveRepositoryPackage_SkillsAndAgents/auto-scans_skills_and_agents_when_absent_from_manifest (0.00s)
    --- PASS: TestResolveRepositoryPackage_SkillsAndAgents/missing_skill_directory_produces_warning_not_error (0.00s)
    --- PASS: TestResolveRepositoryPackage_SkillsAndAgents/explicit_skill_without_marker_produces_warning (0.00s)
    --- PASS: TestResolveRepositoryPackage_SkillsAndAgents/no_skills_or_agents_when_directories_absent (0.00s)
    --- PASS: TestResolveRepositoryPackage_SkillsAndAgents/manifest_skills_copied_first_then_auto-scanned_additional_skills_appended (0.00s)
    --- PASS: TestResolveRepositoryPackage_SkillsAndAgents/auto-scan_errors_are_warnings_when_manifest_skills_are_explicit (0.00s)
    --- PASS: TestResolveRepositoryPackage_SkillsAndAgents/skill_folder_nested_files_are_included_recursively (0.00s)
=== RUN   TestResolveWorkflows_SkillsAndAgents
--- PASS: TestResolveWorkflows_SkillsAndAgents (0.00s)
=== RUN   TestIsGhAwRepository
=== RUN   TestIsGhAwRepository/exact_match
=== RUN   TestIsGhAwRepository/case-insensitive_with_whitespace
=== RUN   TestIsGhAwRepository/different_repository
=== RUN   TestIsGhAwRepository/fork-like_suffix_does_not_match
=== RUN   TestIsGhAwRepository/different_owner_does_not_match
--- PASS: TestIsGhAwRepository (0.00s)
    --- PASS: TestIsGhAwRepository/exact_match (0.00s)
    --- PASS: TestIsGhAwRepository/case-insensitive_with_whitespace (0.00s)
    --- PASS: TestIsGhAwRepository/different_repository (0.00s)
    --- PASS: TestIsGhAwRepository/fork-like_suffix_does_not_match (0.00s)
    --- PASS: TestIsGhAwRepository/different_owner_does_not_match (0.00s)
=== RUN   TestExtractWorkflowPrivate
=== RUN   TestExtractWorkflowPrivate/workflow_with_private:_true
=== RUN   TestExtractWorkflowPrivate/workflow_with_private:_false
=== RUN   TestExtractWorkflowPrivate/workflow_without_private_field
=== RUN   TestExtractWorkflowPrivate/workflow_without_frontmatter
--- PASS: TestExtractWorkflowPrivate (0.00s)
    --- PASS: TestExtractWorkflowPrivate/workflow_with_private:_true (0.00s)
    --- PASS: TestExtractWorkflowPrivate/workflow_with_private:_false (0.00s)
    --- PASS: TestExtractWorkflowPrivate/workflow_without_private_field (0.00s)
    --- PASS: TestExtractWorkflowPrivate/workflow_without_frontmatter (0.00s)
=== RUN   TestAddSourceToWorkflow
=== RUN   TestAddSourceToWorkflow/add_source_to_workflow_with_frontmatter
=== RUN   TestAddSourceToWorkflow/add_source_to_workflow_without_frontmatter
=== RUN   TestAddSourceToWorkflow/add_source_to_existing_workflow_with_fields
=== RUN   TestAddSourceToWorkflow/verify_on_keyword_not_quoted
=== RUN   TestAddSourceToWorkflow/preserve_formatting_with_comments_and_blank_lines
--- PASS: TestAddSourceToWorkflow (0.00s)
    --- PASS: TestAddSourceToWorkflow/add_source_to_workflow_with_frontmatter (0.00s)
    --- PASS: TestAddSourceToWorkflow/add_source_to_workflow_without_frontmatter (0.00s)
    --- PASS: TestAddSourceToWorkflow/add_source_to_existing_workflow_with_fields (0.00s)
    --- PASS: TestAddSourceToWorkflow/verify_on_keyword_not_quoted (0.00s)
    --- PASS: TestAddSourceToWorkflow/preserve_formatting_with_comments_and_blank_lines (0.00s)
=== RUN   TestAddEngineToWorkflow
=== RUN   TestAddEngineToWorkflow/add_new_engine_field_has_trailing_blank_line
=== RUN   TestAddEngineToWorkflow/update_existing_engine_field_no_extra_blank_line
=== RUN   TestAddEngineToWorkflow/engine_blank_line_separates_from_source
--- PASS: TestAddEngineToWorkflow (0.00s)
    --- PASS: TestAddEngineToWorkflow/add_new_engine_field_has_trailing_blank_line (0.00s)
    --- PASS: TestAddEngineToWorkflow/update_existing_engine_field_no_extra_blank_line (0.00s)
    --- PASS: TestAddEngineToWorkflow/engine_blank_line_separates_from_source (0.00s)
=== RUN   TestParseWorkflowSpecWithWildcard
=== RUN   TestParseWorkflowSpecWithWildcard/wildcard_without_version
=== RUN   TestParseWorkflowSpecWithWildcard/wildcard_with_version
=== RUN   TestParseWorkflowSpecWithWildcard/wildcard_with_branch
=== RUN   TestParseWorkflowSpecWithWildcard/non_wildcard_spec
=== RUN   TestParseWorkflowSpecWithWildcard/direct_workflow_path_with_branch_ref_containing_slash
=== RUN   TestParseWorkflowSpecWithWildcard/direct_workflow_path_with_long_hyphenated_repo_name
=== RUN   TestParseWorkflowSpecWithWildcard/invalid_spec_too_few_parts
--- PASS: TestParseWorkflowSpecWithWildcard (0.00s)
    --- PASS: TestParseWorkflowSpecWithWildcard/wildcard_without_version (0.00s)
    --- PASS: TestParseWorkflowSpecWithWildcard/wildcard_with_version (0.00s)
    --- PASS: TestParseWorkflowSpecWithWildcard/wildcard_with_branch (0.00s)
    --- PASS: TestParseWorkflowSpecWithWildcard/non_wildcard_spec (0.00s)
    --- PASS: TestParseWorkflowSpecWithWildcard/direct_workflow_path_with_branch_ref_containing_slash (0.00s)
    --- PASS: TestParseWorkflowSpecWithWildcard/direct_workflow_path_with_long_hyphenated_repo_name (0.00s)
    --- PASS: TestParseWorkflowSpecWithWildcard/invalid_spec_too_few_parts (0.00s)
=== RUN   TestExpandLocalWildcardWorkflows
=== RUN   TestExpandLocalWildcardWorkflows/expand_local_wildcard
=== RUN   TestExpandLocalWildcardWorkflows/no_wildcard_specs
=== RUN   TestExpandLocalWildcardWorkflows/empty_input
--- PASS: TestExpandLocalWildcardWorkflows (0.01s)
    --- PASS: TestExpandLocalWildcardWorkflows/expand_local_wildcard (0.00s)
    --- PASS: TestExpandLocalWildcardWorkflows/no_wildcard_specs (0.00s)
    --- PASS: TestExpandLocalWildcardWorkflows/empty_input (0.00s)
=== RUN   TestExpandLocalWildcardWorkflows_NoMatches
⚠ No workflows found matching ./*.md
--- PASS: TestExpandLocalWildcardWorkflows_NoMatches (0.00s)
=== RUN   TestAddWorkflowWithTracking_WildcardDuplicateHandling
--- PASS: TestAddWorkflowWithTracking_WildcardDuplicateHandling (0.01s)
=== RUN   TestExpandLocalWildcard
=== RUN   TestExpandLocalWildcard/only_.md_files_are_returned
=== RUN   TestExpandLocalWildcard/expanded_specs_are_not_wildcards
=== RUN   TestExpandLocalWildcard/repo_slug_and_version_are_inherited_from_parent_spec
=== RUN   TestExpandLocalWildcard/no_matches_returns_nil_without_error
--- PASS: TestExpandLocalWildcard (0.00s)
    --- PASS: TestExpandLocalWildcard/only_.md_files_are_returned (0.00s)
    --- PASS: TestExpandLocalWildcard/expanded_specs_are_not_wildcards (0.00s)
    --- PASS: TestExpandLocalWildcard/repo_slug_and_version_are_inherited_from_parent_spec (0.00s)
    --- PASS: TestExpandLocalWildcard/no_matches_returns_nil_without_error (0.00s)
=== RUN   TestAddWizardCommandMentionsCrush
--- PASS: TestAddWizardCommandMentionsCrush (0.00s)
=== RUN   TestAddWizardCommand_UsesStandardThreePartWorkflowSpecWording
--- PASS: TestAddWizardCommand_UsesStandardThreePartWorkflowSpecWording (0.00s)
=== RUN   TestSanitizeBranchName
=== RUN   TestSanitizeBranchName/simple_workflow_name
=== RUN   TestSanitizeBranchName/workflow_with_.md_extension
=== RUN   TestSanitizeBranchName/full_path
=== RUN   TestSanitizeBranchName/path_with_spaces
=== RUN   TestSanitizeBranchName/path_with_special_chars
=== RUN   TestSanitizeBranchName/path_with_dots
=== RUN   TestSanitizeBranchName/path_with_backslashes
=== RUN   TestSanitizeBranchName/path_with_tilde
=== RUN   TestSanitizeBranchName/path_with_caret
=== RUN   TestSanitizeBranchName/path_with_asterisk
=== RUN   TestSanitizeBranchName/path_with_brackets
=== RUN   TestSanitizeBranchName/path_with_at-brace
=== RUN   TestSanitizeBranchName/consecutive_special_chars
=== RUN   TestSanitizeBranchName/leading_special_chars
=== RUN   TestSanitizeBranchName/trailing_special_chars
=== RUN   TestSanitizeBranchName/empty_after_sanitization
=== RUN   TestSanitizeBranchName/underscores_preserved
=== RUN   TestSanitizeBranchName/numbers_preserved
=== RUN   TestSanitizeBranchName/mixed_case_preserved
=== RUN   TestSanitizeBranchName/unicode_characters_replaced
=== RUN   TestSanitizeBranchName/emoji_replaced
=== RUN   TestSanitizeBranchName/only_special_characters
=== RUN   TestSanitizeBranchName/only_dots
=== RUN   TestSanitizeBranchName/only_hyphens
=== RUN   TestSanitizeBranchName/very_long_string_truncation_behavior
=== RUN   TestSanitizeBranchName/spaces_only
=== RUN   TestSanitizeBranchName/control_characters
=== RUN   TestSanitizeBranchName/null_bytes
=== RUN   TestSanitizeBranchName/mixed_unicode_and_ascii
=== RUN   TestSanitizeBranchName/accented_characters
=== RUN   TestSanitizeBranchName/cyrillic_characters
=== RUN   TestSanitizeBranchName/chinese_characters_only
=== RUN   TestSanitizeBranchName/path_separators_extracts_basename
=== RUN   TestSanitizeBranchName/question_mark_and_asterisk
=== RUN   TestSanitizeBranchName/colon_for_windows_paths
--- PASS: TestSanitizeBranchName (0.00s)
    --- PASS: TestSanitizeBranchName/simple_workflow_name (0.00s)
    --- PASS: TestSanitizeBranchName/workflow_with_.md_extension (0.00s)
    --- PASS: TestSanitizeBranchName/full_path (0.00s)
    --- PASS: TestSanitizeBranchName/path_with_spaces (0.00s)
    --- PASS: TestSanitizeBranchName/path_with_special_chars (0.00s)
    --- PASS: TestSanitizeBranchName/path_with_dots (0.00s)
    --- PASS: TestSanitizeBranchName/path_with_backslashes (0.00s)
    --- PASS: TestSanitizeBranchName/path_with_tilde (0.00s)
    --- PASS: TestSanitizeBranchName/path_with_caret (0.00s)
    --- PASS: TestSanitizeBranchName/path_with_asterisk (0.00s)
    --- PASS: TestSanitizeBranchName/path_with_brackets (0.00s)
    --- PASS: TestSanitizeBranchName/path_with_at-brace (0.00s)
    --- PASS: TestSanitizeBranchName/consecutive_special_chars (0.00s)
    --- PASS: TestSanitizeBranchName/leading_special_chars (0.00s)
    --- PASS: TestSanitizeBranchName/trailing_special_chars (0.00s)
    --- PASS: TestSanitizeBranchName/empty_after_sanitization (0.00s)
    --- PASS: TestSanitizeBranchName/underscores_preserved (0.00s)
    --- PASS: TestSanitizeBranchName/numbers_preserved (0.00s)
    --- PASS: TestSanitizeBranchName/mixed_case_preserved (0.00s)
    --- PASS: TestSanitizeBranchName/unicode_characters_replaced (0.00s)
    --- PASS: TestSanitizeBranchName/emoji_replaced (0.00s)
    --- PASS: TestSanitizeBranchName/only_special_characters (0.00s)
    --- PASS: TestSanitizeBranchName/only_dots (0.00s)
    --- PASS: TestSanitizeBranchName/only_hyphens (0.00s)
    --- PASS: TestSanitizeBranchName/very_long_string_truncation_behavior (0.00s)
    --- PASS: TestSanitizeBranchName/spaces_only (0.00s)
    --- PASS: TestSanitizeBranchName/control_characters (0.00s)
    --- PASS: TestSanitizeBranchName/null_bytes (0.00s)
    --- PASS: TestSanitizeBranchName/mixed_unicode_and_ascii (0.00s)
    --- PASS: TestSanitizeBranchName/accented_characters (0.00s)
    --- PASS: TestSanitizeBranchName/cyrillic_characters (0.00s)
    --- PASS: TestSanitizeBranchName/chinese_characters_only (0.00s)
    --- PASS: TestSanitizeBranchName/path_separators_extracts_basename (0.00s)
    --- PASS: TestSanitizeBranchName/question_mark_and_asterisk (0.00s)
    --- PASS: TestSanitizeBranchName/colon_for_windows_paths (0.00s)
=== RUN   TestAppendRepositoryPackageWorkflowSpecs_PropagatesResolvedRef
--- PASS: TestAppendRepositoryPackageWorkflowSpecs_PropagatesResolvedRef (0.00s)
=== RUN   TestAppendRepositoryPackageWorkflowSpecs_PrefersExplicitVersion
--- PASS: TestAppendRepositoryPackageWorkflowSpecs_PrefersExplicitVersion (0.00s)
=== RUN   TestResolveAddWorkflowSpecAndContent
=== RUN   TestResolveAddWorkflowSpecAndContent/follows_redirect_chain_for_remote_workflows
=== RUN   TestResolveAddWorkflowSpecAndContent/detects_redirect_loops
=== RUN   TestResolveAddWorkflowSpecAndContent/local_workflows_are_not_redirected
=== RUN   TestResolveAddWorkflowSpecAndContent/ResolveWorkflows_uses_redirected_spec
=== RUN   TestResolveAddWorkflowSpecAndContent/ResolveWorkflows_adds_JSON_import_refinement_suggestion
--- PASS: TestResolveAddWorkflowSpecAndContent (0.00s)
    --- PASS: TestResolveAddWorkflowSpecAndContent/follows_redirect_chain_for_remote_workflows (0.00s)
    --- PASS: TestResolveAddWorkflowSpecAndContent/detects_redirect_loops (0.00s)
    --- PASS: TestResolveAddWorkflowSpecAndContent/local_workflows_are_not_redirected (0.00s)
    --- PASS: TestResolveAddWorkflowSpecAndContent/ResolveWorkflows_uses_redirected_spec (0.00s)
    --- PASS: TestResolveAddWorkflowSpecAndContent/ResolveWorkflows_adds_JSON_import_refinement_suggestion (0.00s)
=== RUN   TestAgentFriendlyOutputExample
=== RUN   TestAgentFriendlyOutputExample/JSON_Output
    audit_agent_example_test.go:139: Sample JSON Output:
        {
          "overview": {
            "run_id": 987654,
            "workflow_name": "weekly-research",
            "status": "completed",
            "conclusion": "success",
            "created_at": "2024-01-15T10:00:00Z",
            "started_at": "2024-01-15T10:01:00Z",
            "updated_at": "2024-01-15T10:15:30Z",
            "duration": "14.5m",
            "event": "schedule",
            "branch": "main",
            "url": "https://github.com/org/repo/actions/runs/987654",
            "logs_path": "/tmp/gh-aw-test-runs/20260704-173215-1254792/test-159363788"
          },
          "task_domain": {
            "name": "research",
            "label": "Research",
            "reason": "Workflow naming and instructions suggest exploratory analysis or reporting."
          },
          "behavior_fingerprint": {
            "execution_style": "exploratory",
            "tool_breadth": "moderate",
            "actuation_style": "read_only",
            "resource_profile": "heavy",
            "dispatch_mode": "standalone",
            "agentic_fraction": 0.5
          },
          "agentic_assessments": [
            {
              "kind": "resource_heavy_for_domain",
              "severity": "medium",
              "summary": "This Research run consumed a heavy execution profile for its task shape.",
              "evidence": "turns=12 tool_types=3 duration=14m30s write_actions=0",
              "recommendation": "Compare this run to similar successful runs and trim unnecessary turns, tools, or write actions."
            },
            {
              "kind": "partially_reducible",
              "severity": "low",
              "summary": "About 50% of this run's turns appear to be data-gathering that could move to deterministic steps.",
              "evidence": "agentic_fraction=0.50 turns=12",
              "recommendation": "Move data-fetching work to frontmatter steps: (pre-agent) writing to /tmp/gh-aw/agent/ or post-steps: (post-agent) to reduce inference cost. See the DeterministicOps guide."
            }
          ],
          "metrics": {
            "token_usage": 45000,
            "aic": 1.25,
            "action_minutes": 15,
            "turns": 12,
            "error_count": 0,
            "warning_count": 2
          },
          "key_findings": [
            {
              "category": "performance",
              "severity": "medium",
              "title": "Many Iterations",
              "description": "Workflow took 12 turns to complete",
              "impact": "Many turns may indicate task complexity or unclear instructions"
            },
            {
              "category": "network",
              "severity": "medium",
              "title": "Blocked Network Requests",
              "description": "Agent attempted to access blocked domain: tracking.example.com:443",
              "impact": "Blocked requests may indicate missing network permissions or unexpected behavior"
            },
            {
              "category": "success",
              "severity": "info",
              "title": "Workflow Completed Successfully",
              "description": "Completed in 12 turns with no errors",
              "impact": "No action needed"
            },
            {
              "category": "performance",
              "severity": "medium",
              "title": "Resource Heavy For Domain",
              "description": "This Research run consumed a heavy execution profile for its task shape.",
              "impact": "Higher cost and latency than a comparable well-behaved run"
            },
            {
              "category": "optimization",
              "severity": "low",
              "title": "Partially Reducible To Deterministic",
              "description": "About 50% of this run's turns appear to be data-gathering that could move to deterministic steps.",
              "impact": "Moving data-gathering turns to deterministic steps reduces inference cost"
            }
          ],
          "recommendations": [
            {
              "priority": "medium",
              "action": "Clarify workflow instructions or break into smaller tasks",
              "reason": "Many iterations may indicate unclear objectives or overly complex tasks",
              "example": "Split complex workflows into discrete steps with clear success criteria"
            },
            {
              "priority": "medium",
              "action": "Add blocked domains to the workflow network allow-list",
              "reason": "Firewall-blocked domains prevent the agent from completing its tasks",
              "example": "Add the blocked domain(s) to your workflow frontmatter:\n\n```yaml\nnetwork:\n  allowed:\n    - tracking.example.com:443\n```"
            },
            {
              "priority": "medium",
              "action": "Compare this run to similar successful runs and trim unnecessary turns, tools, or write actions.",
              "reason": "This Research run consumed a heavy execution profile for its task shape."
            },
            {
              "priority": "medium",
              "action": "Move data-fetching work to frontmatter steps: (pre-agent) writing to /tmp/gh-aw/agent/ or post-steps: (post-agent) to reduce inference cost. See the DeterministicOps guide.",
              "reason": "About 50% of this run's turns appear to be data-gathering that could move to deterministic steps."
            }
          ],
          "observability_insights": [
            {
              "category": "execution",
              "severity": "medium",
              "title": "Exploratory execution path",
              "summary": "The agent used 12 turns across 3 tool types, which indicates adaptive planning instead of a strictly linear path.",
              "evidence": "turns=12 tool_types=3"
            },
            {
              "category": "actuation",
              "severity": "info",
              "title": "Read-only posture observed",
              "summary": "The workflow stayed in an analysis posture and did not emit any GitHub write actions.",
              "evidence": "created_items=0 safe_items=0"
            },
            {
              "category": "network",
              "severity": "medium",
              "title": "Network friction detected",
              "summary": "The firewall observed 42 request(s) with 2 blocked, for a 5% block rate.",
              "evidence": "blocked=2 total=42"
            },
            {
              "category": "execution",
              "severity": "info",
              "title": "Log template patterns mined",
              "summary": "Analysis identified 95 distinct event templates across 6 pipeline stages from 5 events.",
              "evidence": "error=2 finish=1 plan=1 tool_call=1 tool_result=90"
            },
            {
              "category": "reliability",
              "severity": "low",
              "title": "1 anomalous event pattern(s) detected",
              "summary": "Anomaly detection flagged 1 event(s) as unusual based on template similarity and cluster rarity.",
              "evidence": "stage=tool_call score=0.65: new log template discovered; rare cluster (few observations)"
            },
            {
              "category": "execution",
              "severity": "info",
              "title": "Agent stage sequence",
              "summary": "The observed pipeline stage sequence for this run.",
              "evidence": "plan tool_call tool_call tool_call finish"
            }
          ],
          "performance_metrics": {
            "tokens_per_minute": 3103.448275862069,
            "avg_tool_duration": "1.8s",
            "most_used_tool": "github_search_repositories (8 calls)",
            "network_requests": 42
          },
          "session_analysis": {
            "wall_time": "14.5m",
            "turn_count": 12,
            "avg_turn_duration": "1.2m",
            "avg_time_between_turns": "1.3m (estimated)",
            "tokens_per_minute": 3103.448275862069,
            "timeout_detected": false
          },
          "jobs": [
            {
              "name": "research",
              "status": "completed",
              "conclusion": "success",
              "duration": "14.5m"
            }
          ],
          "downloaded_files": null,
          "firewall_token_usage": {
            "total_input_tokens": 40000,
            "total_output_tokens": 5000,
            "total_cache_read_tokens": 0,
            "total_cache_write_tokens": 0,
            "total_requests": 42,
            "total_steering_events": 3,
            "total_duration_ms": 0,
            "total_response_bytes": 0,
            "cache_efficiency": 0,
            "total_aic": 1.25,
            "by_model": null
          },
          "firewall_analysis": {
            "allowed_domains": [
              "api.github.com:443",
              "search.brave.com:443",
              "npmjs.org:443"
            ],
            "blocked_domains": [
              "tracking.example.com:443"
            ],
            "total_requests": 42,
            "allowed_requests": 40,
            "blocked_requests": 2,
            "requests_by_domain": {
              "api.github.com:443": {
                "allowed": 25,
                "blocked": 0
              },
              "npmjs.org:443": {
                "allowed": 5,
                "blocked": 0
              },
              "search.brave.com:443": {
                "allowed": 10,
                "blocked": 0
              },
              "tracking.example.com:443": {
                "allowed": 0,
                "blocked": 2
              }
            }
          },
          "tool_usage": [
            {
              "name": "github_search_repositories",
              "call_count": 8,
              "max_input_size": 512,
              "max_output_size": 4096,
              "max_duration": "3.0s"
            },
            {
              "name": "web_search",
              "call_count": 5,
              "max_input_size": 256,
              "max_output_size": 2048,
              "max_duration": "2.0s"
            },
            {
              "name": "bash_echo",
              "call_count": 3,
              "max_input_size": 128,
              "max_output_size": 256,
              "max_duration": "500ms"
            }
          ]
        }
=== RUN   TestAgentFriendlyOutputExample/Console_Output
    audit_agent_example_test.go:187: Sample Console Output:
        ✅ weekly-research | success | 14.5m | https://github.com/org/repo/actions/runs/987654
          run=987654 branch=main event=schedule engine=
          fingerprint: exploratory/moderate/read_only/heavy/standalone
          metrics: errors=0 warnings=2 turns=12 tokens=45.0k aic=1.25 action_min=15
          session: wall=14.5m turns=12 tok/min=3103
          tokens: in=40.0k out=5.00k cache_read=0 reqs=42 steering=3
          jobs: 1/1 passed [research:14.5m]
          findings:
            [MEDIUM] Many Iterations: Workflow took 12 turns to complete
            [MEDIUM] Blocked Network Requests: Agent attempted to access blocked domain: tracking.example.com:443
            [MEDIUM] Resource Heavy For Domain: This Research run consumed a heavy execution profile for its task shape.
            [LOW] Partially Reducible To Deterministic: About 50% of this run's turns appear to be data-gathering that could move to deterministic steps.
          assessments:
            [MEDIUM] This Research run consumed a heavy execution profile for its task shape. | turns=12 tool_types=3 duration=14m30s write_actions=0
            [LOW] About 50% of this run's turns appear to be data-gathering that could move to deterministic steps. | agentic_fraction=0.50 turns=12
          recommendations:
            [MEDIUM] Clarify workflow instructions or break into smaller tasks — Many iterations may indicate unclear objectives or overly complex tasks
            [MEDIUM] Add blocked domains to the workflow network allow-list — Firewall-blocked domains prevent the agent from completing its tasks
            [MEDIUM] Compare this run to similar successful runs and trim unnecessary turns, tools, or write actions. — This Research run consumed a heavy execution profile for its task shape.
            [MEDIUM] Move data-fetching work to frontmatter steps: (pre-agent) writing to /tmp/gh-aw/agent/ or post-steps: (post-agent) to reduce inference cost. See the DeterministicOps guide. — About 50% of this run's turns appear to be data-gathering that could move to deterministic steps.
          insights:
            [MEDIUM] Exploratory execution path | turns=12 tool_types=3
            [MEDIUM] Network friction detected | blocked=2 total=42
            [LOW] 1 anomalous event pattern(s) detected | stage=tool_call score=0.65: new log template discovered; rare cluster (few observations)
          tools:
            github_search_repositories ×8 max=3.0s
            web_search ×5 max=2.0s
            bash_echo ×3 max=500ms
          firewall: 42 requests blocked_domains=1
          logs: /tmp/gh-aw-test-runs/20260704-173215-1254792/test-159363788
=== RUN   TestAgentFriendlyOutputExample/Key_Findings_Quality
=== RUN   TestAgentFriendlyOutputExample/Recommendations_Quality
=== RUN   TestAgentFriendlyOutputExample/Performance_Metrics_Quality
--- PASS: TestAgentFriendlyOutputExample (0.01s)
    --- PASS: TestAgentFriendlyOutputExample/JSON_Output (0.00s)
    --- PASS: TestAgentFriendlyOutputExample/Console_Output (0.00s)
    --- PASS: TestAgentFriendlyOutputExample/Key_Findings_Quality (0.00s)
    --- PASS: TestAgentFriendlyOutputExample/Recommendations_Quality (0.00s)
    --- PASS: TestAgentFriendlyOutputExample/Performance_Metrics_Quality (0.00s)
=== RUN   TestAgentFriendlyOutputFailureScenario
=== RUN   TestAgentFriendlyOutputFailureScenario/Failure_Findings
=== RUN   TestAgentFriendlyOutputFailureScenario/Failure_Recommendations
=== RUN   TestAgentFriendlyOutputFailureScenario/JSON_Output_for_Failure
    audit_agent_example_test.go:369: Failure Scenario JSON Output:
        {
          "overview": {
            "run_id": 111222,
            "workflow_name": "ci-build",
            "status": "completed",
            "conclusion": "failure",
            "created_at": "2024-01-15T12:00:00Z",
            "duration": "3.8m",
            "event": "push",
            "branch": "feature-branch",
            "url": "https://github.com/org/repo/actions/runs/111222",
            "logs_path": "/tmp/gh-aw-test-runs/20260704-173215-1254792/test-3148961184"
          },
          "task_domain": {
            "name": "general_automation",
            "label": "General Automation",
            "reason": "The run does not strongly match a narrower workflow domain yet."
          },
          "behavior_fingerprint": {
            "execution_style": "directed",
            "tool_breadth": "narrow",
            "actuation_style": "read_only",
            "resource_profile": "lean",
            "dispatch_mode": "standalone",
            "agentic_fraction": 0.5
          },
          "metrics": {
            "token_usage": 8000,
            "action_minutes": 4,
            "turns": 4,
            "error_count": 3,
            "warning_count": 1
          },
          "key_findings": [
            {
              "category": "error",
              "severity": "critical",
              "title": "Workflow Failed",
              "description": "Workflow 'ci-build' failed with 3 error(s)",
              "impact": "Workflow did not complete successfully and may need intervention"
            },
            {
              "category": "tooling",
              "severity": "high",
              "title": "MCP Server Failures",
              "description": "Failed MCP servers: build-tools",
              "impact": "Missing tools may limit workflow capabilities"
            }
          ],
          "recommendations": [
            {
              "priority": "high",
              "action": "Review error logs to identify root cause of failure",
              "reason": "Understanding failure causes helps prevent recurrence",
              "example": "Check the errors field for specific error messages, or inspect the log files in logs_path"
            },
            {
              "priority": "high",
              "action": "Fix MCP server configuration or dependencies",
              "reason": "MCP server failures prevent agent from accessing required tools",
              "example": "Check server logs and verify MCP server is properly configured and accessible"
            }
          ],
          "observability_insights": [
            {
              "category": "execution",
              "severity": "info",
              "title": "Directed execution path",
              "summary": "The run remained relatively linear with 4 turns and 0 tool types.",
              "evidence": "turns=4 tool_types=0"
            },
            {
              "category": "actuation",
              "severity": "info",
              "title": "Read-only posture observed",
              "summary": "The workflow stayed in an analysis posture and did not emit any GitHub write actions.",
              "evidence": "created_items=0 safe_items=0"
            },
            {
              "category": "tooling",
              "severity": "high",
              "title": "Capability friction detected",
              "summary": "The run hit 1 capability gap event(s): 0 missing tool(s), 1 MCP failure(s), and 0 missing data signal(s).",
              "evidence": "missing_tools=0 mcp_failures=1 missing_data=0"
            },
            {
              "category": "execution",
              "severity": "info",
              "title": "Log template patterns mined",
              "summary": "Analysis identified 95 distinct event templates across 6 pipeline stages from 3 events.",
              "evidence": "finish=1 plan=1 tool_result=90 error=3"
            },
            {
              "category": "reliability",
              "severity": "low",
              "title": "1 anomalous event pattern(s) detected",
              "summary": "Anomaly detection flagged 1 event(s) as unusual based on template similarity and cluster rarity.",
              "evidence": "stage=error score=0.65: new log template discovered; rare cluster (few observations)"
            },
            {
              "category": "execution",
              "severity": "info",
              "title": "Agent stage sequence",
              "summary": "The observed pipeline stage sequence for this run.",
              "evidence": "plan error finish"
            }
          ],
          "performance_metrics": {
            "tokens_per_minute": 2133.3333333333335
          },
          "session_analysis": {
            "wall_time": "3.8m",
            "turn_count": 4,
            "avg_turn_duration": "56.2s",
            "avg_time_between_turns": "1.2m (estimated)",
            "tokens_per_minute": 2133.3333333333335,
            "timeout_detected": false
          },
          "mcp_server_health": {
            "total_servers": 1,
            "healthy_servers": 0,
            "degraded_servers": 0,
            "failed_servers": 1,
            "summary": "1 server(s), 0 healthy, 0 degraded, 1 failed",
            "total_requests": 0,
            "total_errors": 0,
            "error_rate": 0,
            "servers": [
              {
                "server_name": "build-tools",
                "request_count": 0,
                "tool_calls": 0,
                "error_count": 0,
                "error_rate": 0,
                "error_rate_str": "",
                "avg_latency": "",
                "status": "❌ failed"
              }
            ]
          },
          "jobs": [
            {
              "name": "build",
              "status": "completed",
              "conclusion": "failure",
              "duration": "3.8m"
            }
          ],
          "downloaded_files": null,
          "mcp_failures": [
            {
              "server_name": "build-tools",
              "status": "connection_failed",
              "timestamp": ""
            }
          ]
        }
--- PASS: TestAgentFriendlyOutputFailureScenario (0.01s)
    --- PASS: TestAgentFriendlyOutputFailureScenario/Failure_Findings (0.00s)
    --- PASS: TestAgentFriendlyOutputFailureScenario/Failure_Recommendations (0.00s)
    --- PASS: TestAgentFriendlyOutputFailureScenario/JSON_Output_for_Failure (0.00s)
=== RUN   TestKeyFindingsGeneration
=== RUN   TestKeyFindingsGeneration/Failed_workflow_with_errors
=== RUN   TestKeyFindingsGeneration/High_token_workflow
=== RUN   TestKeyFindingsGeneration/MCP_failures
=== RUN   TestKeyFindingsGeneration/Missing_tools
--- PASS: TestKeyFindingsGeneration (0.00s)
    --- PASS: TestKeyFindingsGeneration/Failed_workflow_with_errors (0.00s)
    --- PASS: TestKeyFindingsGeneration/High_token_workflow (0.00s)
    --- PASS: TestKeyFindingsGeneration/MCP_failures (0.00s)
    --- PASS: TestKeyFindingsGeneration/Missing_tools (0.00s)
=== RUN   TestRecommendationsGeneration
=== RUN   TestRecommendationsGeneration/Critical_failure
=== RUN   TestRecommendationsGeneration/High_cost_with_many_turns
=== RUN   TestRecommendationsGeneration/Missing_tools
=== RUN   TestRecommendationsGeneration/MCP_failures
--- PASS: TestRecommendationsGeneration (0.00s)
    --- PASS: TestRecommendationsGeneration/Critical_failure (0.00s)
    --- PASS: TestRecommendationsGeneration/High_cost_with_many_turns (0.00s)
    --- PASS: TestRecommendationsGeneration/Missing_tools (0.00s)
    --- PASS: TestRecommendationsGeneration/MCP_failures (0.00s)
=== RUN   TestPerformanceMetricsGeneration
=== RUN   TestPerformanceMetricsGeneration/Basic_tokens_per_minute
=== RUN   TestPerformanceMetricsGeneration/Tokens_per_minute_with_short_run
=== RUN   TestPerformanceMetricsGeneration/With_tool_usage
=== RUN   TestPerformanceMetricsGeneration/With_firewall_analysis
--- PASS: TestPerformanceMetricsGeneration (0.00s)
    --- PASS: TestPerformanceMetricsGeneration/Basic_tokens_per_minute (0.00s)
    --- PASS: TestPerformanceMetricsGeneration/Tokens_per_minute_with_short_run (0.00s)
    --- PASS: TestPerformanceMetricsGeneration/With_tool_usage (0.00s)
    --- PASS: TestPerformanceMetricsGeneration/With_firewall_analysis (0.00s)
=== RUN   TestAuditDataJSONStructure
--- PASS: TestAuditDataJSONStructure (0.02s)
=== RUN   TestDetectTaskDomain
--- PASS: TestDetectTaskDomain (0.00s)
=== RUN   TestBuildAgenticAssessmentsFlagsPotentialDeterministicAlternative
--- PASS: TestBuildAgenticAssessmentsFlagsPotentialDeterministicAlternative (0.00s)
=== RUN   TestBuildAgenticAssessmentsFlagsResourceHeavyRun
--- PASS: TestBuildAgenticAssessmentsFlagsResourceHeavyRun (0.00s)
=== RUN   TestBuildAuditDataIncludesAgenticAnalysis
--- PASS: TestBuildAuditDataIncludesAgenticAnalysis (0.01s)
=== RUN   TestComputeAgenticFraction
=== RUN   TestComputeAgenticFraction/zero_turns_returns_zero
=== RUN   TestComputeAgenticFraction/short_read-only_run_is_fully_agentic
=== RUN   TestComputeAgenticFraction/write-heavy_run_with_many_turns_has_partial_fraction
=== RUN   TestComputeAgenticFraction/long_read-only_run_returns_0.5
=== RUN   TestComputeAgenticFraction/single_write_action_in_multi-turn_run
--- PASS: TestComputeAgenticFraction (0.00s)
    --- PASS: TestComputeAgenticFraction/zero_turns_returns_zero (0.00s)
    --- PASS: TestComputeAgenticFraction/short_read-only_run_is_fully_agentic (0.00s)
    --- PASS: TestComputeAgenticFraction/write-heavy_run_with_many_turns_has_partial_fraction (0.00s)
    --- PASS: TestComputeAgenticFraction/long_read-only_run_returns_0.5 (0.00s)
    --- PASS: TestComputeAgenticFraction/single_write_action_in_multi-turn_run (0.00s)
=== RUN   TestBuildBehaviorFingerprintIncludesAgenticFraction
--- PASS: TestBuildBehaviorFingerprintIncludesAgenticFraction (0.00s)
=== RUN   TestBuildAgenticAssessmentsFlagsPartiallyReducible
--- PASS: TestBuildAgenticAssessmentsFlagsPartiallyReducible (0.00s)
=== RUN   TestBuildAgenticAssessmentsFlagsModelDowngrade
--- PASS: TestBuildAgenticAssessmentsFlagsModelDowngrade (0.00s)
=== RUN   TestActionMinutesComputedFromDuration
--- PASS: TestActionMinutesComputedFromDuration (0.00s)
=== RUN   TestPrettifyAssessmentKindNewKinds
--- PASS: TestPrettifyAssessmentKindNewKinds (0.00s)
=== RUN   TestBuildToolUsageInfoAggregatesAndSorts
--- PASS: TestBuildToolUsageInfoAggregatesAndSorts (0.00s)
=== RUN   TestBuildToolUsageInfoEmpty
--- PASS: TestBuildToolUsageInfoEmpty (0.00s)
=== RUN   TestBuildToolUsageInfoSortOrderTieBreak
--- PASS: TestBuildToolUsageInfoSortOrderTieBreak (0.00s)
=== RUN   TestBuildAuditDataToolUsageMatchesBuildToolUsageInfo
--- PASS: TestBuildAuditDataToolUsageMatchesBuildToolUsageInfo (0.00s)
=== RUN   TestMergeMCPToolUsageInfoUsesSummaryWhenMetricsToolCallsEmpty
--- PASS: TestMergeMCPToolUsageInfoUsesSummaryWhenMetricsToolCallsEmpty (0.00s)
=== RUN   TestMergeMCPToolUsageInfoFallsBackToToolCalls
--- PASS: TestMergeMCPToolUsageInfoFallsBackToToolCalls (0.00s)
=== RUN   TestDeriveRunAgenticAnalysisFingerprintConsistency
--- PASS: TestDeriveRunAgenticAnalysisFingerprintConsistency (0.00s)
=== RUN   TestBuildAuditDataIncludesAmbientContext
--- PASS: TestBuildAuditDataIncludesAmbientContext (0.01s)
=== RUN   TestBuildAuditComparison_NoBaseline
--- PASS: TestBuildAuditComparison_NoBaseline (0.00s)
=== RUN   TestBuildAuditComparison_RiskyChange
--- PASS: TestBuildAuditComparison_RiskyChange (0.00s)
=== RUN   TestBuildAuditComparison_StableRun
--- PASS: TestBuildAuditComparison_StableRun (0.00s)
=== RUN   TestSelectAuditComparisonBaselinePrefersCohortMatchOverRecency
--- PASS: TestSelectAuditComparisonBaselinePrefersCohortMatchOverRecency (0.00s)
=== RUN   TestScoreAuditComparisonCandidateFallsBackToLatestSuccess
--- PASS: TestScoreAuditComparisonCandidateFallsBackToLatestSuccess (0.00s)
=== RUN   TestBuildCrossRunAuditReport_EmptyInputs
--- PASS: TestBuildCrossRunAuditReport_EmptyInputs (0.00s)
=== RUN   TestBuildCrossRunAuditReport_SingleRunWithData
--- PASS: TestBuildCrossRunAuditReport_SingleRunWithData (0.00s)
=== RUN   TestBuildCrossRunAuditReport_MultipleRuns
--- PASS: TestBuildCrossRunAuditReport_MultipleRuns (0.01s)
=== RUN   TestBuildCrossRunAuditReport_AllRunsWithoutData
--- PASS: TestBuildCrossRunAuditReport_AllRunsWithoutData (0.01s)
=== RUN   TestBuildCrossRunAuditReport_DomainInventorySorted
--- PASS: TestBuildCrossRunAuditReport_DomainInventorySorted (0.00s)
=== RUN   TestRenderCrossRunReportJSON
--- PASS: TestRenderCrossRunReportJSON (0.00s)
=== RUN   TestRenderCrossRunReportMarkdown
--- PASS: TestRenderCrossRunReportMarkdown (0.00s)
=== RUN   TestRenderMarkdownMetricsTrend_IncludesTurnsWithoutTokens
--- PASS: TestRenderMarkdownMetricsTrend_IncludesTurnsWithoutTokens (0.00s)
=== RUN   TestRenderPrettyMetricsTrend_IncludesDurationWithoutTokens
--- PASS: TestRenderPrettyMetricsTrend_IncludesDurationWithoutTokens (0.00s)
=== RUN   TestNewLogsCommand_HasFormatFlag
--- PASS: TestNewLogsCommand_HasFormatFlag (0.00s)
=== RUN   TestLogsCommand_FormatPrecedence
=== RUN   TestLogsCommand_FormatPrecedence/no_format_uses_default_console
=== RUN   TestLogsCommand_FormatPrecedence/json_flag_without_format_uses_default_json
=== RUN   TestLogsCommand_FormatPrecedence/format=markdown_triggers_cross-run_markdown_report
=== RUN   TestLogsCommand_FormatPrecedence/format=pretty_triggers_cross-run_pretty_report
=== RUN   TestLogsCommand_FormatPrecedence/format=markdown_with_json_flag_triggers_cross-run_json_report
=== RUN   TestLogsCommand_FormatPrecedence/format=pretty_with_json_flag_triggers_cross-run_json_report
--- PASS: TestLogsCommand_FormatPrecedence (0.00s)
    --- PASS: TestLogsCommand_FormatPrecedence/no_format_uses_default_console (0.00s)
    --- PASS: TestLogsCommand_FormatPrecedence/json_flag_without_format_uses_default_json (0.00s)
    --- PASS: TestLogsCommand_FormatPrecedence/format=markdown_triggers_cross-run_markdown_report (0.00s)
    --- PASS: TestLogsCommand_FormatPrecedence/format=pretty_triggers_cross-run_pretty_report (0.00s)
    --- PASS: TestLogsCommand_FormatPrecedence/format=markdown_with_json_flag_triggers_cross-run_json_report (0.00s)
    --- PASS: TestLogsCommand_FormatPrecedence/format=pretty_with_json_flag_triggers_cross-run_json_report (0.00s)
=== RUN   TestLogsCommand_RepoParsingWithHost
=== RUN   TestLogsCommand_RepoParsingWithHost/owner/repo_format
=== RUN   TestLogsCommand_RepoParsingWithHost/host/owner/repo_format
=== RUN   TestLogsCommand_RepoParsingWithHost/missing_repo
=== RUN   TestLogsCommand_RepoParsingWithHost/empty_owner
=== RUN   TestLogsCommand_RepoParsingWithHost/empty_repo
--- PASS: TestLogsCommand_RepoParsingWithHost (0.00s)
    --- PASS: TestLogsCommand_RepoParsingWithHost/owner/repo_format (0.00s)
    --- PASS: TestLogsCommand_RepoParsingWithHost/host/owner/repo_format (0.00s)
    --- PASS: TestLogsCommand_RepoParsingWithHost/missing_repo (0.00s)
    --- PASS: TestLogsCommand_RepoParsingWithHost/empty_owner (0.00s)
    --- PASS: TestLogsCommand_RepoParsingWithHost/empty_repo (0.00s)
=== RUN   TestBuildCrossRunAuditReport_MetricsTrend
--- PASS: TestBuildCrossRunAuditReport_MetricsTrend (0.00s)
=== RUN   TestBuildCrossRunAuditReport_MCPHealth
--- PASS: TestBuildCrossRunAuditReport_MCPHealth (0.00s)
=== RUN   TestBuildMetricsTrend_Empty
--- PASS: TestBuildMetricsTrend_Empty (0.00s)
=== RUN   TestBuildMetricsTrend_NoSpikes
--- PASS: TestBuildMetricsTrend_NoSpikes (0.00s)
=== RUN   TestRenderCrossRunReportMarkdown_IncludesNewSections
--- PASS: TestRenderCrossRunReportMarkdown_IncludesNewSections (0.00s)
=== RUN   TestBuildDrain3InsightsFromCrossRunInputs_Empty
--- PASS: TestBuildDrain3InsightsFromCrossRunInputs_Empty (0.00s)
=== RUN   TestBuildDrain3InsightsFromCrossRunInputs_WithInputs
--- PASS: TestBuildDrain3InsightsFromCrossRunInputs_WithInputs (0.00s)
=== RUN   TestBuildCrossRunAuditReport_IncludesDrain3Insights
--- PASS: TestBuildCrossRunAuditReport_IncludesDrain3Insights (0.00s)
=== RUN   TestRenderCrossRunReportMarkdown_IncludesDrain3Section
--- PASS: TestRenderCrossRunReportMarkdown_IncludesDrain3Section (0.00s)
=== RUN   TestComputeFirewallDiff_NewDomains
--- PASS: TestComputeFirewallDiff_NewDomains (0.00s)
=== RUN   TestComputeFirewallDiff_RemovedDomains
--- PASS: TestComputeFirewallDiff_RemovedDomains (0.00s)
=== RUN   TestComputeFirewallDiff_StatusChanges
--- PASS: TestComputeFirewallDiff_StatusChanges (0.00s)
=== RUN   TestComputeFirewallDiff_VolumeChanges
--- PASS: TestComputeFirewallDiff_VolumeChanges (0.00s)
=== RUN   TestComputeFirewallDiff_BothNil
--- PASS: TestComputeFirewallDiff_BothNil (0.00s)
=== RUN   TestComputeFirewallDiff_Run1Nil
--- PASS: TestComputeFirewallDiff_Run1Nil (0.00s)
=== RUN   TestComputeFirewallDiff_Run2Nil
--- PASS: TestComputeFirewallDiff_Run2Nil (0.00s)
=== RUN   TestComputeFirewallDiff_NoChanges
--- PASS: TestComputeFirewallDiff_NoChanges (0.00s)
=== RUN   TestComputeFirewallDiff_CompleteScenario
--- PASS: TestComputeFirewallDiff_CompleteScenario (0.00s)
=== RUN   TestDomainStatus
=== RUN   TestDomainStatus/allowed_only
=== RUN   TestDomainStatus/denied_only
=== RUN   TestDomainStatus/mixed
=== RUN   TestDomainStatus/zero_requests
--- PASS: TestDomainStatus (0.00s)
    --- PASS: TestDomainStatus/allowed_only (0.00s)
    --- PASS: TestDomainStatus/denied_only (0.00s)
    --- PASS: TestDomainStatus/mixed (0.00s)
    --- PASS: TestDomainStatus/zero_requests (0.00s)
=== RUN   TestFormatVolumeChange
=== RUN   TestFormatVolumeChange/increase_287%
=== RUN   TestFormatVolumeChange/decrease_50%
=== RUN   TestFormatVolumeChange/double
=== RUN   TestFormatVolumeChange/from_zero
=== RUN   TestFormatVolumeChange/no_change
--- PASS: TestFormatVolumeChange (0.00s)
    --- PASS: TestFormatVolumeChange/increase_287% (0.00s)
    --- PASS: TestFormatVolumeChange/decrease_50% (0.00s)
    --- PASS: TestFormatVolumeChange/double (0.00s)
    --- PASS: TestFormatVolumeChange/from_zero (0.00s)
    --- PASS: TestFormatVolumeChange/no_change (0.00s)
=== RUN   TestFirewallDiffJSONSerialization
--- PASS: TestFirewallDiffJSONSerialization (0.00s)
=== RUN   TestStatusEmoji
--- PASS: TestStatusEmoji (0.00s)
=== RUN   TestIsEmptyDiff
--- PASS: TestIsEmptyDiff (0.00s)
=== RUN   TestComputeMCPToolsDiff_NewTools
--- PASS: TestComputeMCPToolsDiff_NewTools (0.00s)
=== RUN   TestComputeMCPToolsDiff_RemovedTools
--- PASS: TestComputeMCPToolsDiff_RemovedTools (0.00s)
=== RUN   TestComputeMCPToolsDiff_ChangedTools
--- PASS: TestComputeMCPToolsDiff_ChangedTools (0.00s)
=== RUN   TestComputeMCPToolsDiff_BothNil
--- PASS: TestComputeMCPToolsDiff_BothNil (0.00s)
=== RUN   TestComputeMCPToolsDiff_NoChanges
--- PASS: TestComputeMCPToolsDiff_NoChanges (0.00s)
=== RUN   TestComputeMCPToolsDiff_SortedOutput
--- PASS: TestComputeMCPToolsDiff_SortedOutput (0.00s)
=== RUN   TestComputeRunMetricsDiff_WithData
--- PASS: TestComputeRunMetricsDiff_WithData (0.00s)
=== RUN   TestComputeRunMetricsDiff_NegativeChange
--- PASS: TestComputeRunMetricsDiff_NegativeChange (0.00s)
=== RUN   TestComputeRunMetricsDiff_BothNil
--- PASS: TestComputeRunMetricsDiff_BothNil (0.00s)
=== RUN   TestComputeRunMetricsDiff_AllZero
--- PASS: TestComputeRunMetricsDiff_AllZero (0.00s)
=== RUN   TestComputeAuditDiff_CombinesAllSections
--- PASS: TestComputeAuditDiff_CombinesAllSections (0.00s)
=== RUN   TestComputeAuditDiff_NilSummaries
--- PASS: TestComputeAuditDiff_NilSummaries (0.00s)
=== RUN   TestAuditDiffJSONSerialization
--- PASS: TestAuditDiffJSONSerialization (0.00s)
=== RUN   TestFormatCountChange
=== RUN   TestFormatCountChange/increase
=== RUN   TestFormatCountChange/decrease
=== RUN   TestFormatCountChange/no_change
=== RUN   TestFormatCountChange/from_zero
=== RUN   TestFormatCountChange/to_zero
--- PASS: TestFormatCountChange (0.00s)
    --- PASS: TestFormatCountChange/increase (0.00s)
    --- PASS: TestFormatCountChange/decrease (0.00s)
    --- PASS: TestFormatCountChange/no_change (0.00s)
    --- PASS: TestFormatCountChange/from_zero (0.00s)
    --- PASS: TestFormatCountChange/to_zero (0.00s)
=== RUN   TestIsEmptyMCPToolsDiff
--- PASS: TestIsEmptyMCPToolsDiff (0.00s)
=== RUN   TestIsEmptyAuditDiff
--- PASS: TestIsEmptyAuditDiff (0.00s)
=== RUN   TestComputeTokenUsageDiff_BothNil
--- PASS: TestComputeTokenUsageDiff_BothNil (0.00s)
=== RUN   TestComputeTokenUsageDiff_WithData
--- PASS: TestComputeTokenUsageDiff_WithData (0.00s)
=== RUN   TestComputeTokenUsageDiff_Run1Nil
--- PASS: TestComputeTokenUsageDiff_Run1Nil (0.00s)
=== RUN   TestComputeTokenUsageDiff_Run2Nil
--- PASS: TestComputeTokenUsageDiff_Run2Nil (0.00s)
=== RUN   TestComputeRunMetricsDiff_WithTokenUsageDetails
--- PASS: TestComputeRunMetricsDiff_WithTokenUsageDetails (0.00s)
=== RUN   TestComputeRunMetricsDiff_TokenUsageDetailsAloneNotNil
--- PASS: TestComputeRunMetricsDiff_TokenUsageDetailsAloneNotNil (0.00s)
=== RUN   TestComputeAuditDiff_MultipleRuns
--- PASS: TestComputeAuditDiff_MultipleRuns (0.00s)
=== RUN   TestComputeGitHubRateLimitDiff_BothNil
--- PASS: TestComputeGitHubRateLimitDiff_BothNil (0.00s)
=== RUN   TestComputeGitHubRateLimitDiff_WithData
--- PASS: TestComputeGitHubRateLimitDiff_WithData (0.00s)
=== RUN   TestComputeGitHubRateLimitDiff_Run1Nil
--- PASS: TestComputeGitHubRateLimitDiff_Run1Nil (0.00s)
=== RUN   TestComputeRunMetricsDiff_WithRateLimitData
--- PASS: TestComputeRunMetricsDiff_WithRateLimitData (0.00s)
=== RUN   TestComputeRunMetricsDiff_RateLimitAloneNotNil
--- PASS: TestComputeRunMetricsDiff_RateLimitAloneNotNil (0.00s)
=== RUN   TestComputeToolCallsDiff_BothNil
--- PASS: TestComputeToolCallsDiff_BothNil (0.00s)
=== RUN   TestComputeToolCallsDiff_BothEmpty
--- PASS: TestComputeToolCallsDiff_BothEmpty (0.00s)
=== RUN   TestComputeToolCallsDiff_DuplicateToolNames
--- PASS: TestComputeToolCallsDiff_DuplicateToolNames (0.00s)
=== RUN   TestComputeToolCallsDiff_NewTools
--- PASS: TestComputeToolCallsDiff_NewTools (0.00s)
=== RUN   TestComputeToolCallsDiff_RemovedTools
--- PASS: TestComputeToolCallsDiff_RemovedTools (0.00s)
=== RUN   TestComputeToolCallsDiff_ChangedTools
--- PASS: TestComputeToolCallsDiff_ChangedTools (0.00s)
=== RUN   TestComputeToolCallsDiff_AllToolsContainsEverything
--- PASS: TestComputeToolCallsDiff_AllToolsContainsEverything (0.00s)
=== RUN   TestComputeToolCallsDiff_SortedOutput
--- PASS: TestComputeToolCallsDiff_SortedOutput (0.00s)
=== RUN   TestComputeBashCommandsDiff_NoBash
--- PASS: TestComputeBashCommandsDiff_NoBash (0.00s)
=== RUN   TestComputeBashCommandsDiff_GenericBash
--- PASS: TestComputeBashCommandsDiff_GenericBash (0.00s)
=== RUN   TestComputeBashCommandsDiff_PerCommandTracking
--- PASS: TestComputeBashCommandsDiff_PerCommandTracking (0.00s)
=== RUN   TestComputeBashCommandsDiff_BashCapitalized
--- PASS: TestComputeBashCommandsDiff_BashCapitalized (0.00s)
=== RUN   TestComputeRunMetricsDiff_TokensPerTurn
--- PASS: TestComputeRunMetricsDiff_TokensPerTurn (0.00s)
=== RUN   TestComputeRunMetricsDiff_TokensPerTurnIgnoresEffectiveTokenTotals
--- PASS: TestComputeRunMetricsDiff_TokensPerTurnIgnoresEffectiveTokenTotals (0.00s)
=== RUN   TestComputeRunMetricsDiff_TokensPerTurnZeroTurns
--- PASS: TestComputeRunMetricsDiff_TokensPerTurnZeroTurns (0.00s)
=== RUN   TestComputeRunMetricsDiff_WithToolCallsDiff
--- PASS: TestComputeRunMetricsDiff_WithToolCallsDiff (0.00s)
=== RUN   TestExtractEngineConfig
=== RUN   TestExtractEngineConfig/full_engine_config
=== RUN   TestExtractEngineConfig/minimal_engine_config
=== RUN   TestExtractEngineConfig/empty_logs_path
=== RUN   TestExtractEngineConfig/with_firewall_version
=== RUN   TestExtractEngineConfig/aw_info.json_in_activation_subdirectory
--- PASS: TestExtractEngineConfig (0.00s)
    --- PASS: TestExtractEngineConfig/full_engine_config (0.00s)
    --- PASS: TestExtractEngineConfig/minimal_engine_config (0.00s)
    --- PASS: TestExtractEngineConfig/empty_logs_path (0.00s)
    --- PASS: TestExtractEngineConfig/with_firewall_version (0.00s)
    --- PASS: TestExtractEngineConfig/aw_info.json_in_activation_subdirectory (0.00s)
=== RUN   TestExtractEngineConfigWithDetails
--- PASS: TestExtractEngineConfigWithDetails (0.00s)
=== RUN   TestExtractEngineConfigInferredWithoutAwInfo
--- PASS: TestExtractEngineConfigInferredWithoutAwInfo (0.00s)
=== RUN   TestInferFallbackLogMetricsFindsNestedAgentStdioLog
--- PASS: TestInferFallbackLogMetricsFindsNestedAgentStdioLog (0.00s)
=== RUN   TestExtractPromptAnalysis
=== RUN   TestExtractPromptAnalysis/prompt_in_root_directory
=== RUN   TestExtractPromptAnalysis/prompt_in_aw-prompts_subdirectory
=== RUN   TestExtractPromptAnalysis/prompt_in_activation/aw-prompts_subdirectory
=== RUN   TestExtractPromptAnalysis/prompt_in_agent/aw-prompts_subdirectory
=== RUN   TestExtractPromptAnalysis/no_prompt_file
=== RUN   TestExtractPromptAnalysis/empty_logs_path
--- PASS: TestExtractPromptAnalysis (0.00s)
    --- PASS: TestExtractPromptAnalysis/prompt_in_root_directory (0.00s)
    --- PASS: TestExtractPromptAnalysis/prompt_in_aw-prompts_subdirectory (0.00s)
    --- PASS: TestExtractPromptAnalysis/prompt_in_activation/aw-prompts_subdirectory (0.00s)
    --- PASS: TestExtractPromptAnalysis/prompt_in_agent/aw-prompts_subdirectory (0.00s)
    --- PASS: TestExtractPromptAnalysis/no_prompt_file (0.00s)
    --- PASS: TestExtractPromptAnalysis/empty_logs_path (0.00s)
=== RUN   TestBuildSessionAnalysis
=== RUN   TestBuildSessionAnalysis/successful_run_with_metrics
=== RUN   TestBuildSessionAnalysis/cancelled_run_detects_timeout
=== RUN   TestBuildSessionAnalysis/timed_out_run
=== RUN   TestBuildSessionAnalysis/job-level_timeout_detection
=== RUN   TestBuildSessionAnalysis/run_with_noops
--- PASS: TestBuildSessionAnalysis (0.00s)
    --- PASS: TestBuildSessionAnalysis/successful_run_with_metrics (0.00s)
    --- PASS: TestBuildSessionAnalysis/cancelled_run_detects_timeout (0.00s)
    --- PASS: TestBuildSessionAnalysis/timed_out_run (0.00s)
    --- PASS: TestBuildSessionAnalysis/job-level_timeout_detection (0.00s)
    --- PASS: TestBuildSessionAnalysis/run_with_noops (0.00s)
=== RUN   TestBuildSafeOutputSummary
=== RUN   TestBuildSafeOutputSummary/nil_items
=== RUN   TestBuildSafeOutputSummary/empty_items
=== RUN   TestBuildSafeOutputSummary/chain_metrics_only
=== RUN   TestBuildSafeOutputSummary/single_item
=== RUN   TestBuildSafeOutputSummary/multiple_items_of_different_types
=== RUN   TestBuildSafeOutputSummary/items_with_unknown_types
--- PASS: TestBuildSafeOutputSummary (0.00s)
    --- PASS: TestBuildSafeOutputSummary/nil_items (0.00s)
    --- PASS: TestBuildSafeOutputSummary/empty_items (0.00s)
    --- PASS: TestBuildSafeOutputSummary/chain_metrics_only (0.00s)
    --- PASS: TestBuildSafeOutputSummary/single_item (0.00s)
    --- PASS: TestBuildSafeOutputSummary/multiple_items_of_different_types (0.00s)
    --- PASS: TestBuildSafeOutputSummary/items_with_unknown_types (0.00s)
=== RUN   TestBuildSafeOutputSummaryString
=== RUN   TestBuildSafeOutputSummaryString/empty_details
=== RUN   TestBuildSafeOutputSummaryString/single_type
=== RUN   TestBuildSafeOutputSummaryString/multiple_types
--- PASS: TestBuildSafeOutputSummaryString (0.00s)
    --- PASS: TestBuildSafeOutputSummaryString/empty_details (0.00s)
    --- PASS: TestBuildSafeOutputSummaryString/single_type (0.00s)
    --- PASS: TestBuildSafeOutputSummaryString/multiple_types (0.00s)
=== RUN   TestPrettifySafeOutputType
--- PASS: TestPrettifySafeOutputType (0.00s)
=== RUN   TestBuildMCPServerHealth
=== RUN   TestBuildMCPServerHealth/nil_inputs
=== RUN   TestBuildMCPServerHealth/with_server_stats_only
=== RUN   TestBuildMCPServerHealth/with_failures_only
=== RUN   TestBuildMCPServerHealth/with_stats_and_failures
--- PASS: TestBuildMCPServerHealth (0.00s)
    --- PASS: TestBuildMCPServerHealth/nil_inputs (0.00s)
    --- PASS: TestBuildMCPServerHealth/with_server_stats_only (0.00s)
    --- PASS: TestBuildMCPServerHealth/with_failures_only (0.00s)
    --- PASS: TestBuildMCPServerHealth/with_stats_and_failures (0.00s)
=== RUN   TestBuildMCPServerHealthErrorRate
--- PASS: TestBuildMCPServerHealthErrorRate (0.00s)
=== RUN   TestBuildSlowestToolCalls
--- PASS: TestBuildSlowestToolCalls (0.00s)
=== RUN   TestBuildSlowestToolCallsEmpty
--- PASS: TestBuildSlowestToolCallsEmpty (0.00s)
=== RUN   TestBuildAuditDataWithExpandedSections
=== RUN   TestBuildAuditDataWithExpandedSections/AuditEngineConfig
=== RUN   TestBuildAuditDataWithExpandedSections/PromptAnalysis
=== RUN   TestBuildAuditDataWithExpandedSections/SessionAnalysis
=== RUN   TestBuildAuditDataWithExpandedSections/SafeOutputSummary
=== RUN   TestBuildAuditDataWithExpandedSections/MCPServerHealth
=== RUN   TestBuildAuditDataWithExpandedSections/ExistingFieldsPreserved
--- PASS: TestBuildAuditDataWithExpandedSections (0.01s)
    --- PASS: TestBuildAuditDataWithExpandedSections/AuditEngineConfig (0.00s)
    --- PASS: TestBuildAuditDataWithExpandedSections/PromptAnalysis (0.00s)
    --- PASS: TestBuildAuditDataWithExpandedSections/SessionAnalysis (0.00s)
    --- PASS: TestBuildAuditDataWithExpandedSections/SafeOutputSummary (0.00s)
    --- PASS: TestBuildAuditDataWithExpandedSections/MCPServerHealth (0.00s)
    --- PASS: TestBuildAuditDataWithExpandedSections/ExistingFieldsPreserved (0.00s)
=== RUN   TestBuildAuditDataExpandedWithNoData
--- PASS: TestBuildAuditDataExpandedWithNoData (0.01s)
=== RUN   TestAwInfoHasMCPServers
=== RUN   TestAwInfoHasMCPServers/with_MCP_servers
=== RUN   TestAwInfoHasMCPServers/without_MCP_servers
=== RUN   TestAwInfoHasMCPServers/without_steps
=== RUN   TestAwInfoHasMCPServers/with_MCP_servers_in_activation_subdir
--- PASS: TestAwInfoHasMCPServers (0.00s)
    --- PASS: TestAwInfoHasMCPServers/with_MCP_servers (0.00s)
    --- PASS: TestAwInfoHasMCPServers/without_MCP_servers (0.00s)
    --- PASS: TestAwInfoHasMCPServers/without_steps (0.00s)
    --- PASS: TestAwInfoHasMCPServers/with_MCP_servers_in_activation_subdir (0.00s)
=== RUN   TestAuditDataJSONIncludesInputSizes
--- PASS: TestAuditDataJSONIncludesInputSizes (0.00s)
=== RUN   TestToolUsageInfoStructure
--- PASS: TestToolUsageInfoStructure (0.00s)
=== RUN   TestExtractMCPToolUsageData
=== RUN   TestExtractMCPToolUsageData/valid_gateway_log_with_tool_calls
=== RUN   TestExtractMCPToolUsageData/multiple_servers
=== RUN   TestExtractMCPToolUsageData/tool_call_with_errors
=== RUN   TestExtractMCPToolUsageData/no_gateway.jsonl_file
--- PASS: TestExtractMCPToolUsageData (0.01s)
    --- PASS: TestExtractMCPToolUsageData/valid_gateway_log_with_tool_calls (0.00s)
    --- PASS: TestExtractMCPToolUsageData/multiple_servers (0.00s)
    --- PASS: TestExtractMCPToolUsageData/tool_call_with_errors (0.00s)
    --- PASS: TestExtractMCPToolUsageData/no_gateway.jsonl_file (0.00s)
=== RUN   TestMCPToolSummaryCalculations
--- PASS: TestMCPToolSummaryCalculations (0.00s)
=== RUN   TestBuildAuditDataWithMCPToolUsage
--- PASS: TestBuildAuditDataWithMCPToolUsage (0.02s)
=== RUN   TestBuildAuditDataUsesMCPToolUsageForToolTypes
--- PASS: TestBuildAuditDataUsesMCPToolUsageForToolTypes (0.01s)
=== RUN   TestFindExperimentStatePath
=== RUN   TestFindExperimentStatePath/returns_empty_when_logsPath_is_empty
=== RUN   TestFindExperimentStatePath/finds_state.json_at_root
=== RUN   TestFindExperimentStatePath/finds_state.json_in_experiment_subdirectory
=== RUN   TestFindExperimentStatePath/returns_empty_when_no_state.json_exists
--- PASS: TestFindExperimentStatePath (0.00s)
    --- PASS: TestFindExperimentStatePath/returns_empty_when_logsPath_is_empty (0.00s)
    --- PASS: TestFindExperimentStatePath/finds_state.json_at_root (0.00s)
    --- PASS: TestFindExperimentStatePath/finds_state.json_in_experiment_subdirectory (0.00s)
    --- PASS: TestFindExperimentStatePath/returns_empty_when_no_state.json_exists (0.00s)
=== RUN   TestExtractExperimentData
=== RUN   TestExtractExperimentData/returns_nil_for_empty_logsPath
=== RUN   TestExtractExperimentData/returns_nil_when_no_state.json_present
=== RUN   TestExtractExperimentData/returns_nil_for_invalid_JSON
=== RUN   TestExtractExperimentData/returns_nil_for_empty_counts
=== RUN   TestExtractExperimentData/extracts_single_experiment_with_two_variants
=== RUN   TestExtractExperimentData/reads_state.json_from_experiment_subdirectory
=== RUN   TestExtractExperimentData/extracts_multiple_experiments
--- PASS: TestExtractExperimentData (0.01s)
    --- PASS: TestExtractExperimentData/returns_nil_for_empty_logsPath (0.00s)
    --- PASS: TestExtractExperimentData/returns_nil_when_no_state.json_present (0.00s)
    --- PASS: TestExtractExperimentData/returns_nil_for_invalid_JSON (0.00s)
    --- PASS: TestExtractExperimentData/returns_nil_for_empty_counts (0.00s)
    --- PASS: TestExtractExperimentData/extracts_single_experiment_with_two_variants (0.00s)
    --- PASS: TestExtractExperimentData/reads_state.json_from_experiment_subdirectory (0.00s)
    --- PASS: TestExtractExperimentData/extracts_multiple_experiments (0.00s)
=== RUN   TestFormatExperimentLabel
=== RUN   TestFormatExperimentLabel/nil_returns_empty_string
=== RUN   TestFormatExperimentLabel/empty_assignments_returns_empty_string
=== RUN   TestFormatExperimentLabel/single_experiment
=== RUN   TestFormatExperimentLabel/multiple_experiments_sorted_alphabetically
=== RUN   TestFormatExperimentLabel/three_experiments_sorted
--- PASS: TestFormatExperimentLabel (0.00s)
    --- PASS: TestFormatExperimentLabel/nil_returns_empty_string (0.00s)
    --- PASS: TestFormatExperimentLabel/empty_assignments_returns_empty_string (0.00s)
    --- PASS: TestFormatExperimentLabel/single_experiment (0.00s)
    --- PASS: TestFormatExperimentLabel/multiple_experiments_sorted_alphabetically (0.00s)
    --- PASS: TestFormatExperimentLabel/three_experiments_sorted (0.00s)
=== RUN   TestExperimentMatchesFilter
=== RUN   TestExperimentMatchesFilter/no_filter_passes_nil_exp
=== RUN   TestExperimentMatchesFilter/no_filter_passes_non-nil_exp
=== RUN   TestExperimentMatchesFilter/experiment_filter_passes_when_experiment_present
=== RUN   TestExperimentMatchesFilter/experiment_filter_fails_when_experiment_absent
=== RUN   TestExperimentMatchesFilter/experiment_filter_fails_when_exp_is_nil
=== RUN   TestExperimentMatchesFilter/variant_filter_passes_when_variant_matches
=== RUN   TestExperimentMatchesFilter/variant_filter_fails_when_variant_does_not_match
=== RUN   TestExperimentMatchesFilter/variant_filter_fails_when_experiment_absent
--- PASS: TestExperimentMatchesFilter (0.00s)
    --- PASS: TestExperimentMatchesFilter/no_filter_passes_nil_exp (0.00s)
    --- PASS: TestExperimentMatchesFilter/no_filter_passes_non-nil_exp (0.00s)
    --- PASS: TestExperimentMatchesFilter/experiment_filter_passes_when_experiment_present (0.00s)
    --- PASS: TestExperimentMatchesFilter/experiment_filter_fails_when_experiment_absent (0.00s)
    --- PASS: TestExperimentMatchesFilter/experiment_filter_fails_when_exp_is_nil (0.00s)
    --- PASS: TestExperimentMatchesFilter/variant_filter_passes_when_variant_matches (0.00s)
    --- PASS: TestExperimentMatchesFilter/variant_filter_fails_when_variant_does_not_match (0.00s)
    --- PASS: TestExperimentMatchesFilter/variant_filter_fails_when_experiment_absent (0.00s)
=== RUN   TestFormatExperimentSkipMessage
=== RUN   TestFormatExperimentSkipMessage/experiment_only_message
=== RUN   TestFormatExperimentSkipMessage/experiment_and_variant_message
=== RUN   TestFormatExperimentSkipMessage/run_id_is_included
--- PASS: TestFormatExperimentSkipMessage (0.00s)
    --- PASS: TestFormatExperimentSkipMessage/experiment_only_message (0.00s)
    --- PASS: TestFormatExperimentSkipMessage/experiment_and_variant_message (0.00s)
    --- PASS: TestFormatExperimentSkipMessage/run_id_is_included (0.00s)
=== RUN   TestDeriveLastSelectedVariant
=== RUN   TestDeriveLastSelectedVariant/returns_empty_for_nil_map
=== RUN   TestDeriveLastSelectedVariant/single_variant
=== RUN   TestDeriveLastSelectedVariant/highest_count_wins
=== RUN   TestDeriveLastSelectedVariant/ties_broken_by_sorted_order
=== RUN   TestDeriveLastSelectedVariant/three_variants
--- PASS: TestDeriveLastSelectedVariant (0.00s)
    --- PASS: TestDeriveLastSelectedVariant/returns_empty_for_nil_map (0.00s)
    --- PASS: TestDeriveLastSelectedVariant/single_variant (0.00s)
    --- PASS: TestDeriveLastSelectedVariant/highest_count_wins (0.00s)
    --- PASS: TestDeriveLastSelectedVariant/ties_broken_by_sorted_order (0.00s)
    --- PASS: TestDeriveLastSelectedVariant/three_variants (0.00s)
=== RUN   TestExtractExperimentDataWithRuns
=== RUN   TestExtractExperimentDataWithRuns/uses_last_run_record_when_runs_array_is_present
=== RUN   TestExtractExperimentDataWithRuns/falls_back_to_heuristic_when_runs_array_is_empty
=== RUN   TestExtractExperimentDataWithRuns/falls_back_to_heuristic_when_runs_field_is_absent_(legacy_state)
=== RUN   TestExtractExperimentDataWithRuns/skips_last_run_record_with_empty_assignments
--- PASS: TestExtractExperimentDataWithRuns (0.00s)
    --- PASS: TestExtractExperimentDataWithRuns/uses_last_run_record_when_runs_array_is_present (0.00s)
    --- PASS: TestExtractExperimentDataWithRuns/falls_back_to_heuristic_when_runs_array_is_empty (0.00s)
    --- PASS: TestExtractExperimentDataWithRuns/falls_back_to_heuristic_when_runs_field_is_absent_(legacy_state) (0.00s)
    --- PASS: TestExtractExperimentDataWithRuns/skips_last_run_record_with_empty_assignments (0.00s)
=== RUN   TestParseDurationString
=== RUN   TestParseDurationString/valid_duration_-_seconds
=== RUN   TestParseDurationString/valid_duration_-_minutes
=== RUN   TestParseDurationString/valid_duration_-_hours
=== RUN   TestParseDurationString/valid_duration_-_complex
=== RUN   TestParseDurationString/invalid_duration
=== RUN   TestParseDurationString/empty_string
=== RUN   TestParseDurationString/zero_duration
--- PASS: TestParseDurationString (0.00s)
    --- PASS: TestParseDurationString/valid_duration_-_seconds (0.00s)
    --- PASS: TestParseDurationString/valid_duration_-_minutes (0.00s)
    --- PASS: TestParseDurationString/valid_duration_-_hours (0.00s)
    --- PASS: TestParseDurationString/valid_duration_-_complex (0.00s)
    --- PASS: TestParseDurationString/invalid_duration (0.00s)
    --- PASS: TestParseDurationString/empty_string (0.00s)
    --- PASS: TestParseDurationString/zero_duration (0.00s)
=== RUN   TestTruncateString
=== RUN   TestTruncateString/string_shorter_than_max_length
=== RUN   TestTruncateString/string_equal_to_max_length
=== RUN   TestTruncateString/string_longer_than_max_length
=== RUN   TestTruncateString/max_length_3_or_less
=== RUN   TestTruncateString/max_length_2
=== RUN   TestTruncateString/max_length_1
=== RUN   TestTruncateString/empty_string
=== RUN   TestTruncateString/unicode_string
--- PASS: TestTruncateString (0.00s)
    --- PASS: TestTruncateString/string_shorter_than_max_length (0.00s)
    --- PASS: TestTruncateString/string_equal_to_max_length (0.00s)
    --- PASS: TestTruncateString/string_longer_than_max_length (0.00s)
    --- PASS: TestTruncateString/max_length_3_or_less (0.00s)
    --- PASS: TestTruncateString/max_length_2 (0.00s)
    --- PASS: TestTruncateString/max_length_1 (0.00s)
    --- PASS: TestTruncateString/empty_string (0.00s)
    --- PASS: TestTruncateString/unicode_string (0.00s)
=== RUN   TestDownloadedFilesInAuditData
--- PASS: TestDownloadedFilesInAuditData (0.00s)
=== RUN   TestConsoleOutputIncludesFileInfo
--- PASS: TestConsoleOutputIncludesFileInfo (0.01s)
=== RUN   TestAuditReportFileListingIntegration
=== RUN   TestAuditReportFileListingIntegration/aw_info.json
=== RUN   TestAuditReportFileListingIntegration/safe_output.jsonl
=== RUN   TestAuditReportFileListingIntegration/firewall.md
=== RUN   TestAuditReportFileListingIntegration/run_summary.json
=== RUN   TestAuditReportFileListingIntegration/custom.json
=== RUN   TestAuditReportFileListingIntegration/notes.txt
--- PASS: TestAuditReportFileListingIntegration (0.01s)
    --- PASS: TestAuditReportFileListingIntegration/aw_info.json (0.00s)
    --- PASS: TestAuditReportFileListingIntegration/safe_output.jsonl (0.00s)
    --- PASS: TestAuditReportFileListingIntegration/firewall.md (0.00s)
    --- PASS: TestAuditReportFileListingIntegration/run_summary.json (0.00s)
    --- PASS: TestAuditReportFileListingIntegration/custom.json (0.00s)
    --- PASS: TestAuditReportFileListingIntegration/notes.txt (0.00s)
=== RUN   TestGenerateFindings
=== RUN   TestGenerateFindings/successful_workflow_with_no_issues
=== RUN   TestGenerateFindings/failed_workflow
=== RUN   TestGenerateFindings/failed_workflow_with_very_long_error_message_truncates_in_description
=== RUN   TestGenerateFindings/failed_workflow_without_errors_surfaces_no_message_in_description
=== RUN   TestGenerateFindings/failed_workflow_uses_actual_error_count_not_stale_metrics.ErrorCount
=== RUN   TestGenerateFindings/failed_workflow_with_zero_errors_and_no_error_details_uses_pre-activation_message
=== RUN   TestGenerateFindings/failed_workflow_with_agent_job_failure_and_no_telemetry_uses_post-activation_message
=== RUN   TestGenerateFindings/timed_out_workflow
=== RUN   TestGenerateFindings/high_token_usage
=== RUN   TestGenerateFindings/many_iterations
=== RUN   TestGenerateFindings/multiple_errors
=== RUN   TestGenerateFindings/MCP_server_failures
=== RUN   TestGenerateFindings/missing_tools
=== RUN   TestGenerateFindings/firewall_blocked_requests
--- PASS: TestGenerateFindings (0.00s)
    --- PASS: TestGenerateFindings/successful_workflow_with_no_issues (0.00s)
    --- PASS: TestGenerateFindings/failed_workflow (0.00s)
    --- PASS: TestGenerateFindings/failed_workflow_with_very_long_error_message_truncates_in_description (0.00s)
    --- PASS: TestGenerateFindings/failed_workflow_without_errors_surfaces_no_message_in_description (0.00s)
    --- PASS: TestGenerateFindings/failed_workflow_uses_actual_error_count_not_stale_metrics.ErrorCount (0.00s)
    --- PASS: TestGenerateFindings/failed_workflow_with_zero_errors_and_no_error_details_uses_pre-activation_message (0.00s)
    --- PASS: TestGenerateFindings/failed_workflow_with_agent_job_failure_and_no_telemetry_uses_post-activation_message (0.00s)
    --- PASS: TestGenerateFindings/timed_out_workflow (0.00s)
    --- PASS: TestGenerateFindings/high_token_usage (0.00s)
    --- PASS: TestGenerateFindings/many_iterations (0.00s)
    --- PASS: TestGenerateFindings/multiple_errors (0.00s)
    --- PASS: TestGenerateFindings/MCP_server_failures (0.00s)
    --- PASS: TestGenerateFindings/missing_tools (0.00s)
    --- PASS: TestGenerateFindings/firewall_blocked_requests (0.00s)
=== RUN   TestGenerateRecommendations
=== RUN   TestGenerateRecommendations/failed_workflow_generates_review_recommendation
=== RUN   TestGenerateRecommendations/critical_findings_generate_review_recommendation
=== RUN   TestGenerateRecommendations/missing_tools_generate_add_tools_recommendation
=== RUN   TestGenerateRecommendations/MCP_failures_generate_fix_recommendation
=== RUN   TestGenerateRecommendations/many_firewall_blocks_generate_network_review_recommendation
=== RUN   TestGenerateRecommendations/successful_workflow_with_no_issues_gets_monitoring_recommendation
--- PASS: TestGenerateRecommendations (0.00s)
    --- PASS: TestGenerateRecommendations/failed_workflow_generates_review_recommendation (0.00s)
    --- PASS: TestGenerateRecommendations/critical_findings_generate_review_recommendation (0.00s)
    --- PASS: TestGenerateRecommendations/missing_tools_generate_add_tools_recommendation (0.00s)
    --- PASS: TestGenerateRecommendations/MCP_failures_generate_fix_recommendation (0.00s)
    --- PASS: TestGenerateRecommendations/many_firewall_blocks_generate_network_review_recommendation (0.00s)
    --- PASS: TestGenerateRecommendations/successful_workflow_with_no_issues_gets_monitoring_recommendation (0.00s)
=== RUN   TestGeneratePerformanceMetrics
=== RUN   TestGeneratePerformanceMetrics/tokens_per_minute_calculation
=== RUN   TestGeneratePerformanceMetrics/most_used_tool
=== RUN   TestGeneratePerformanceMetrics/average_tool_duration
=== RUN   TestGeneratePerformanceMetrics/network_requests_from_firewall
=== RUN   TestGeneratePerformanceMetrics/zero_duration_doesn't_calculate_tokens_per_minute
--- PASS: TestGeneratePerformanceMetrics (0.00s)
    --- PASS: TestGeneratePerformanceMetrics/tokens_per_minute_calculation (0.00s)
    --- PASS: TestGeneratePerformanceMetrics/most_used_tool (0.00s)
    --- PASS: TestGeneratePerformanceMetrics/average_tool_duration (0.00s)
    --- PASS: TestGeneratePerformanceMetrics/network_requests_from_firewall (0.00s)
    --- PASS: TestGeneratePerformanceMetrics/zero_duration_doesn't_calculate_tokens_per_minute (0.00s)
=== RUN   TestBuildAuditDataComplete
=== RUN   TestBuildAuditDataComplete/Overview
=== RUN   TestBuildAuditDataComplete/Metrics
=== RUN   TestBuildAuditDataComplete/Jobs
=== RUN   TestBuildAuditDataComplete/ToolUsage
=== RUN   TestBuildAuditDataComplete/Findings
=== RUN   TestBuildAuditDataComplete/Recommendations
=== RUN   TestBuildAuditDataComplete/PerformanceMetrics
=== RUN   TestBuildAuditDataComplete/FirewallAnalysis
=== RUN   TestBuildAuditDataComplete/RedactedDomainsAnalysis
=== RUN   TestBuildAuditDataComplete/MCPFailures
=== RUN   TestBuildAuditDataComplete/MissingTools
--- PASS: TestBuildAuditDataComplete (0.01s)
    --- PASS: TestBuildAuditDataComplete/Overview (0.00s)
    --- PASS: TestBuildAuditDataComplete/Metrics (0.00s)
    --- PASS: TestBuildAuditDataComplete/Jobs (0.00s)
    --- PASS: TestBuildAuditDataComplete/ToolUsage (0.00s)
    --- PASS: TestBuildAuditDataComplete/Findings (0.00s)
    --- PASS: TestBuildAuditDataComplete/Recommendations (0.00s)
    --- PASS: TestBuildAuditDataComplete/PerformanceMetrics (0.00s)
    --- PASS: TestBuildAuditDataComplete/FirewallAnalysis (0.00s)
    --- PASS: TestBuildAuditDataComplete/RedactedDomainsAnalysis (0.00s)
    --- PASS: TestBuildAuditDataComplete/MCPFailures (0.00s)
    --- PASS: TestBuildAuditDataComplete/MissingTools (0.00s)
=== RUN   TestBuildAuditDataMinimal
--- PASS: TestBuildAuditDataMinimal (0.00s)
=== RUN   TestBuildAuditDataFallbackMetricsWithoutAwInfo
--- PASS: TestBuildAuditDataFallbackMetricsWithoutAwInfo (0.01s)
=== RUN   TestRenderJSONComplete
--- PASS: TestRenderJSONComplete (0.00s)
=== RUN   TestToolUsageAggregation
--- PASS: TestToolUsageAggregation (0.00s)
=== RUN   TestExtractDownloadedFilesEmpty
--- PASS: TestExtractDownloadedFilesEmpty (0.00s)
=== RUN   TestFindingSeverityOrdering
--- PASS: TestFindingSeverityOrdering (0.00s)
=== RUN   TestRecommendationPriorityOrdering
--- PASS: TestRecommendationPriorityOrdering (0.00s)
=== RUN   TestDescribeFileAdditionalPatterns
=== RUN   TestDescribeFileAdditionalPatterns/unknown_file
--- PASS: TestDescribeFileAdditionalPatterns (0.00s)
    --- PASS: TestDescribeFileAdditionalPatterns/unknown_file (0.00s)
=== RUN   TestExtractCreatedItemsFromManifest
=== RUN   TestExtractCreatedItemsFromManifest/returns_nil_for_empty_logsPath
=== RUN   TestExtractCreatedItemsFromManifest/returns_nil_when_manifest_file_does_not_exist
=== RUN   TestExtractCreatedItemsFromManifest/parses_valid_JSONL_manifest
=== RUN   TestExtractCreatedItemsFromManifest/includes_entries_without_URL_(modification_types_like_add_labels)
=== RUN   TestExtractCreatedItemsFromManifest/parses_execution_metadata_snapshots
=== RUN   TestExtractCreatedItemsFromManifest/skips_entries_without_type_field
=== RUN   TestExtractCreatedItemsFromManifest/skips_invalid_JSON_lines
=== RUN   TestExtractCreatedItemsFromManifest/returns_nil_for_empty_manifest_file
--- PASS: TestExtractCreatedItemsFromManifest (0.00s)
    --- PASS: TestExtractCreatedItemsFromManifest/returns_nil_for_empty_logsPath (0.00s)
    --- PASS: TestExtractCreatedItemsFromManifest/returns_nil_when_manifest_file_does_not_exist (0.00s)
    --- PASS: TestExtractCreatedItemsFromManifest/parses_valid_JSONL_manifest (0.00s)
    --- PASS: TestExtractCreatedItemsFromManifest/includes_entries_without_URL_(modification_types_like_add_labels) (0.00s)
    --- PASS: TestExtractCreatedItemsFromManifest/parses_execution_metadata_snapshots (0.00s)
    --- PASS: TestExtractCreatedItemsFromManifest/skips_entries_without_type_field (0.00s)
    --- PASS: TestExtractCreatedItemsFromManifest/skips_invalid_JSON_lines (0.00s)
    --- PASS: TestExtractCreatedItemsFromManifest/returns_nil_for_empty_manifest_file (0.00s)
=== RUN   TestParseStepFilename
=== RUN   TestParseStepFilename/typical_step_filename
=== RUN   TestParseStepFilename/single_digit_step
=== RUN   TestParseStepFilename/step_with_underscores_in_name
=== RUN   TestParseStepFilename/no_underscore_separator
=== RUN   TestParseStepFilename/non-numeric_prefix
=== RUN   TestParseStepFilename/leading_underscore_only
--- PASS: TestParseStepFilename (0.00s)
    --- PASS: TestParseStepFilename/typical_step_filename (0.00s)
    --- PASS: TestParseStepFilename/single_digit_step (0.00s)
    --- PASS: TestParseStepFilename/step_with_underscores_in_name (0.00s)
    --- PASS: TestParseStepFilename/no_underscore_separator (0.00s)
    --- PASS: TestParseStepFilename/non-numeric_prefix (0.00s)
    --- PASS: TestParseStepFilename/leading_underscore_only (0.00s)
=== RUN   TestStripGHALogTimestamps
=== RUN   TestStripGHALogTimestamps/typical_GHA_log_line_with_timestamp
=== RUN   TestStripGHALogTimestamps/short_fractional_seconds
=== RUN   TestStripGHALogTimestamps/no_fractional_seconds
=== RUN   TestStripGHALogTimestamps/multiple_lines_with_timestamps
=== RUN   TestStripGHALogTimestamps/line_without_timestamp_unchanged
=== RUN   TestStripGHALogTimestamps/mixed_lines
=== RUN   TestStripGHALogTimestamps/empty_string
--- PASS: TestStripGHALogTimestamps (0.00s)
    --- PASS: TestStripGHALogTimestamps/typical_GHA_log_line_with_timestamp (0.00s)
    --- PASS: TestStripGHALogTimestamps/short_fractional_seconds (0.00s)
    --- PASS: TestStripGHALogTimestamps/no_fractional_seconds (0.00s)
    --- PASS: TestStripGHALogTimestamps/multiple_lines_with_timestamps (0.00s)
    --- PASS: TestStripGHALogTimestamps/line_without_timestamp_unchanged (0.00s)
    --- PASS: TestStripGHALogTimestamps/mixed_lines (0.00s)
    --- PASS: TestStripGHALogTimestamps/empty_string (0.00s)
=== RUN   TestExtractPreAgentStepErrors
=== RUN   TestExtractPreAgentStepErrors/returns_nil_when_agent-stdio.log_exists
=== RUN   TestExtractPreAgentStepErrors/returns_nil_when_workflow-logs_directory_missing
=== RUN   TestExtractPreAgentStepErrors/extracts_error_from_last_step_log_file
=== RUN   TestExtractPreAgentStepErrors/strips_GHA_timestamps_from_step_log_content
=== RUN   TestExtractPreAgentStepErrors/truncates_long_step_log_content
=== RUN   TestExtractPreAgentStepErrors/prioritizes_##[error]_annotations_over_last_step_fallback
=== RUN   TestExtractPreAgentStepErrors/returns_##[error]_annotations_from_multiple_steps
=== RUN   TestExtractPreAgentStepErrors/falls_back_to_last_step_when_no_##[error]_annotations_exist
=== RUN   TestExtractPreAgentStepErrors/builds_error_summary_from_step_errors_in_buildAuditData
=== RUN   TestExtractPreAgentStepErrors/extracts_##[error]_from_flat_job_log_files
=== RUN   TestExtractPreAgentStepErrors/falls_back_to_last_flat_job_log_when_no_##[error]_in_flat_files
=== RUN   TestExtractPreAgentStepErrors/flat_job_logs_and_subdirectory_step_logs_are_both_scanned
--- PASS: TestExtractPreAgentStepErrors (0.01s)
    --- PASS: TestExtractPreAgentStepErrors/returns_nil_when_agent-stdio.log_exists (0.00s)
    --- PASS: TestExtractPreAgentStepErrors/returns_nil_when_workflow-logs_directory_missing (0.00s)
    --- PASS: TestExtractPreAgentStepErrors/extracts_error_from_last_step_log_file (0.00s)
    --- PASS: TestExtractPreAgentStepErrors/strips_GHA_timestamps_from_step_log_content (0.00s)
    --- PASS: TestExtractPreAgentStepErrors/truncates_long_step_log_content (0.00s)
    --- PASS: TestExtractPreAgentStepErrors/prioritizes_##[error]_annotations_over_last_step_fallback (0.00s)
    --- PASS: TestExtractPreAgentStepErrors/returns_##[error]_annotations_from_multiple_steps (0.00s)
    --- PASS: TestExtractPreAgentStepErrors/falls_back_to_last_step_when_no_##[error]_annotations_exist (0.00s)
    --- PASS: TestExtractPreAgentStepErrors/builds_error_summary_from_step_errors_in_buildAuditData (0.00s)
    --- PASS: TestExtractPreAgentStepErrors/extracts_##[error]_from_flat_job_log_files (0.00s)
    --- PASS: TestExtractPreAgentStepErrors/falls_back_to_last_flat_job_log_when_no_##[error]_in_flat_files (0.00s)
    --- PASS: TestExtractPreAgentStepErrors/flat_job_logs_and_subdirectory_step_logs_are_both_scanned (0.00s)
=== RUN   TestBuildAuditDataActionMinutes
=== RUN   TestBuildAuditDataActionMinutes/derived_from_Duration_with_ceil
=== RUN   TestBuildAuditDataActionMinutes/uses_pre-set_ActionMinutes_when_available
--- PASS: TestBuildAuditDataActionMinutes (0.02s)
    --- PASS: TestBuildAuditDataActionMinutes/derived_from_Duration_with_ceil (0.01s)
    --- PASS: TestBuildAuditDataActionMinutes/uses_pre-set_ActionMinutes_when_available (0.01s)
=== RUN   TestGenerateFindingsFirewallWithBlockedDomains
--- PASS: TestGenerateFindingsFirewallWithBlockedDomains (0.00s)
=== RUN   TestGenerateRecommendationsFirewallSingleBlock
--- PASS: TestGenerateRecommendationsFirewallSingleBlock (0.00s)
=== RUN   TestGenerateRecommendationsFiltersDashPlaceholder
--- PASS: TestGenerateRecommendationsFiltersDashPlaceholder (0.00s)
=== RUN   TestGenerateRecommendationsFiltersUnknownSentinel
--- PASS: TestGenerateRecommendationsFiltersUnknownSentinel (0.00s)
=== RUN   TestIsPermissionError
=== RUN   TestIsPermissionError/Nil_error
=== RUN   TestIsPermissionError/Authentication_required_error
=== RUN   TestIsPermissionError/Exit_status_4_error
=== RUN   TestIsPermissionError/GitHub_CLI_authentication_error
=== RUN   TestIsPermissionError/Permission_denied_error
=== RUN   TestIsPermissionError/GH_TOKEN_error
=== RUN   TestIsPermissionError/Not_logged_into_any_GitHub_hosts_error
=== RUN   TestIsPermissionError/GitHub_Actions_workflow_auth_error
=== RUN   TestIsPermissionError/gh_auth_login_message
=== RUN   TestIsPermissionError/Other_error
--- PASS: TestIsPermissionError (0.00s)
    --- PASS: TestIsPermissionError/Nil_error (0.00s)
    --- PASS: TestIsPermissionError/Authentication_required_error (0.00s)
    --- PASS: TestIsPermissionError/Exit_status_4_error (0.00s)
    --- PASS: TestIsPermissionError/GitHub_CLI_authentication_error (0.00s)
    --- PASS: TestIsPermissionError/Permission_denied_error (0.00s)
    --- PASS: TestIsPermissionError/GH_TOKEN_error (0.00s)
    --- PASS: TestIsPermissionError/Not_logged_into_any_GitHub_hosts_error (0.00s)
    --- PASS: TestIsPermissionError/GitHub_Actions_workflow_auth_error (0.00s)
    --- PASS: TestIsPermissionError/gh_auth_login_message (0.00s)
    --- PASS: TestIsPermissionError/Other_error (0.00s)
=== RUN   TestIsPermissionErrorStr
=== RUN   TestIsPermissionErrorStr/Combined_message_with_exit_status_4
=== RUN   TestIsPermissionErrorStr/Output_only_contains_gh_auth_login
=== RUN   TestIsPermissionErrorStr/Empty_string
=== RUN   TestIsPermissionErrorStr/Unrelated_combined_message
--- PASS: TestIsPermissionErrorStr (0.00s)
    --- PASS: TestIsPermissionErrorStr/Combined_message_with_exit_status_4 (0.00s)
    --- PASS: TestIsPermissionErrorStr/Output_only_contains_gh_auth_login (0.00s)
    --- PASS: TestIsPermissionErrorStr/Empty_string (0.00s)
    --- PASS: TestIsPermissionErrorStr/Unrelated_combined_message (0.00s)
=== RUN   TestBuildAuditData
--- PASS: TestBuildAuditData (0.00s)
=== RUN   TestDescribeFile
=== RUN   TestDescribeFile/aw_info.json
=== RUN   TestDescribeFile/safe_output.jsonl
=== RUN   TestDescribeFile/agent_output.json
=== RUN   TestDescribeFile/aw.patch
=== RUN   TestDescribeFile/agent-stdio.log
=== RUN   TestDescribeFile/log.md
=== RUN   TestDescribeFile/firewall.md
=== RUN   TestDescribeFile/run_summary.json
=== RUN   TestDescribeFile/prompt.txt
=== RUN   TestDescribeFile/random.log
=== RUN   TestDescribeFile/unknown.txt
=== RUN   TestDescribeFile/data.json
=== RUN   TestDescribeFile/output.jsonl
=== RUN   TestDescribeFile/changes.patch
=== RUN   TestDescribeFile/notes.md
=== RUN   TestDescribeFile/agent_output
=== RUN   TestDescribeFile/firewall-logs
=== RUN   TestDescribeFile/squid-logs
=== RUN   TestDescribeFile/aw-prompts
=== RUN   TestDescribeFile/somedir/
--- PASS: TestDescribeFile (0.00s)
    --- PASS: TestDescribeFile/aw_info.json (0.00s)
    --- PASS: TestDescribeFile/safe_output.jsonl (0.00s)
    --- PASS: TestDescribeFile/agent_output.json (0.00s)
    --- PASS: TestDescribeFile/aw.patch (0.00s)
    --- PASS: TestDescribeFile/agent-stdio.log (0.00s)
    --- PASS: TestDescribeFile/log.md (0.00s)
    --- PASS: TestDescribeFile/firewall.md (0.00s)
    --- PASS: TestDescribeFile/run_summary.json (0.00s)
    --- PASS: TestDescribeFile/prompt.txt (0.00s)
    --- PASS: TestDescribeFile/random.log (0.00s)
    --- PASS: TestDescribeFile/unknown.txt (0.00s)
    --- PASS: TestDescribeFile/data.json (0.00s)
    --- PASS: TestDescribeFile/output.jsonl (0.00s)
    --- PASS: TestDescribeFile/changes.patch (0.00s)
    --- PASS: TestDescribeFile/notes.md (0.00s)
    --- PASS: TestDescribeFile/agent_output (0.00s)
    --- PASS: TestDescribeFile/firewall-logs (0.00s)
    --- PASS: TestDescribeFile/squid-logs (0.00s)
    --- PASS: TestDescribeFile/aw-prompts (0.00s)
    --- PASS: TestDescribeFile/somedir/ (0.00s)
=== RUN   TestRenderJSON
--- PASS: TestRenderJSON (0.00s)
=== RUN   TestAuditCachingBehavior
--- PASS: TestAuditCachingBehavior (0.00s)
=== RUN   TestAuditUsesRunSummaryCache
✅ GPL Dependency Cleaner | success |  |
  run=99999 branch= event= engine=copilot
  fingerprint: adaptive/narrow/read_only/moderate/standalone
  metrics: errors=0 warnings=0 turns=9 tokens=381k
  session: turns=9
  findings:
    [MEDIUM] High Token Usage: Used 381k tokens
    [LOW] Partially Reducible To Deterministic: About 50% of this run's turns appear to be data-gathering that could move to deterministic steps.
  assessments:
    [LOW] About 50% of this run's turns appear to be data-gathering that could move to deterministic steps. | agentic_fraction=0.50 turns=9
  recommendations:
    [MEDIUM] Move data-fetching work to frontmatter steps: (pre-agent) writing to /tmp/gh-aw/agent/ or post-steps: (post-agent) to reduce inference cost. See the DeterministicOps guide. — About 50% of this run's turns appear to be data-gathering that could move to deterministic steps.
  logs: /tmp/gh-aw-test-runs/20260704-173215-1254792/test-audit-cache-2994949981/run-99999
✓ Audit complete. Logs saved to /tmp/gh-aw-test-runs/20260704-173215-1254792/test-audit-cache-2994949981/run-99999
ℹ Tip: use --artifacts to select specific artifact sets (agent, firewall, mcp, activation, detection, etc.)
--- PASS: TestAuditUsesRunSummaryCache (0.01s)
=== RUN   TestRenderAuditReportUsesProvidedMetrics
✅ Test Workflow | success |  |
  run=11111 branch= event= engine=
  fingerprint: adaptive/narrow/read_only/moderate/standalone
  metrics: errors=0 warnings=0 turns=7 tokens=12.3k
  session: turns=7
  findings:
    [LOW] Partially Reducible To Deterministic: About 50% of this run's turns appear to be data-gathering that could move to deterministic steps.
  assessments:
    [LOW] About 50% of this run's turns appear to be data-gathering that could move to deterministic steps. | agentic_fraction=0.50 turns=7
  recommendations:
    [MEDIUM] Move data-fetching work to frontmatter steps: (pre-agent) writing to /tmp/gh-aw/agent/ or post-steps: (post-agent) to reduce inference cost. See the DeterministicOps guide. — About 50% of this run's turns appear to be data-gathering that could move to deterministic steps.
  logs: /tmp/gh-aw-test-runs/20260704-173215-1254792/test-render-audit-501322287/run-11111
✓ Audit complete. Logs saved to /tmp/gh-aw-test-runs/20260704-173215-1254792/test-render-audit-501322287/run-11111
ℹ Tip: use --artifacts to select specific artifact sets (agent, firewall, mcp, activation, detection, etc.)
--- PASS: TestRenderAuditReportUsesProvidedMetrics (0.01s)
=== RUN   TestBuildAuditDataWithFirewall
--- PASS: TestBuildAuditDataWithFirewall (0.01s)
=== RUN   TestRenderJSONWithFirewall
--- PASS: TestRenderJSONWithFirewall (0.00s)
=== RUN   TestExtractStepOutput
=== RUN   TestExtractStepOutput/Extract_step_3_(failing_step)
=== RUN   TestExtractStepOutput/Extract_step_1
=== RUN   TestExtractStepOutput/Extract_non-existent_step
--- PASS: TestExtractStepOutput (0.00s)
    --- PASS: TestExtractStepOutput/Extract_step_3_(failing_step) (0.00s)
    --- PASS: TestExtractStepOutput/Extract_step_1 (0.00s)
    --- PASS: TestExtractStepOutput/Extract_non-existent_step (0.00s)
=== RUN   TestFindFirstFailingStep
=== RUN   TestFindFirstFailingStep/Find_failing_step_with_error_marker
=== RUN   TestFindFirstFailingStep/Find_failing_step_with_exit_code
=== RUN   TestFindFirstFailingStep/No_failing_steps
--- PASS: TestFindFirstFailingStep (0.00s)
    --- PASS: TestFindFirstFailingStep/Find_failing_step_with_error_marker (0.00s)
    --- PASS: TestFindFirstFailingStep/Find_failing_step_with_exit_code (0.00s)
    --- PASS: TestFindFirstFailingStep/No_failing_steps (0.00s)
=== RUN   TestExtractWorkflowNameFromYAML
=== RUN   TestExtractWorkflowNameFromYAML/simple_name_field
=== RUN   TestExtractWorkflowNameFromYAML/name_with_double_quotes
=== RUN   TestExtractWorkflowNameFromYAML/name_with_single_quotes
=== RUN   TestExtractWorkflowNameFromYAML/no_name_field
=== RUN   TestExtractWorkflowNameFromYAML/name_field_after_comment
=== RUN   TestExtractWorkflowNameFromYAML/indented_name_(not_top-level)_is_ignored
=== RUN   TestExtractWorkflowNameFromYAML/inline_comment_after_name_is_stripped_by_YAML_parser
=== RUN   TestExtractWorkflowNameFromYAML/empty_content
--- PASS: TestExtractWorkflowNameFromYAML (0.00s)
    --- PASS: TestExtractWorkflowNameFromYAML/simple_name_field (0.00s)
    --- PASS: TestExtractWorkflowNameFromYAML/name_with_double_quotes (0.00s)
    --- PASS: TestExtractWorkflowNameFromYAML/name_with_single_quotes (0.00s)
    --- PASS: TestExtractWorkflowNameFromYAML/no_name_field (0.00s)
    --- PASS: TestExtractWorkflowNameFromYAML/name_field_after_comment (0.00s)
    --- PASS: TestExtractWorkflowNameFromYAML/indented_name_(not_top-level)_is_ignored (0.00s)
    --- PASS: TestExtractWorkflowNameFromYAML/inline_comment_after_name_is_stripped_by_YAML_parser (0.00s)
    --- PASS: TestExtractWorkflowNameFromYAML/empty_content (0.00s)
=== RUN   TestResolveWorkflowDisplayNameFromLocalFile
--- PASS: TestResolveWorkflowDisplayNameFromLocalFile (0.00s)
=== RUN   TestRunAuditMulti_Validation
=== RUN   TestRunAuditMulti_Validation/self_comparison_rejected
=== RUN   TestRunAuditMulti_Validation/duplicate_comparison_run_ID_rejected
=== RUN   TestRunAuditMulti_Validation/invalid_base_run_ID_rejected
=== RUN   TestRunAuditMulti_Validation/invalid_comparison_run_ID_rejected
=== RUN   TestRunAuditMulti_Validation/base_job_URL_normalized_and_self-comparison_rejected
=== RUN   TestRunAuditMulti_Validation/comparison_job_URL_normalized_and_duplicate_detected
--- PASS: TestRunAuditMulti_Validation (0.00s)
    --- PASS: TestRunAuditMulti_Validation/self_comparison_rejected (0.00s)
    --- PASS: TestRunAuditMulti_Validation/duplicate_comparison_run_ID_rejected (0.00s)
    --- PASS: TestRunAuditMulti_Validation/invalid_base_run_ID_rejected (0.00s)
    --- PASS: TestRunAuditMulti_Validation/invalid_comparison_run_ID_rejected (0.00s)
    --- PASS: TestRunAuditMulti_Validation/base_job_URL_normalized_and_self-comparison_rejected (0.00s)
    --- PASS: TestRunAuditMulti_Validation/comparison_job_URL_normalized_and_duplicate_detected (0.00s)
=== RUN   TestAuditCommandStdinFlag
--- PASS: TestAuditCommandStdinFlag (0.00s)
=== RUN   TestAuditCommandStdinRejectsPositionalArgs
Error: ✗ positional arguments are not allowed with --stdin

Suggestions:
  • Remove the run ID arguments, or omit --stdin to use positional arguments

Usage:
  audit <run-id-or-url> [run-id-or-url]... [flags]
  audit [command]

Examples:
  gh aw audit 1234567890                    # Audit run with ID 1234567890
  gh aw audit https://github.com/owner/repo/actions/runs/1234567890  # Audit from run URL
  gh aw audit https://github.com/owner/repo/actions/runs/1234567890/job/9876543210  # Audit job and extract first failing step
  gh aw audit https://github.com/owner/repo/actions/runs/1234567890/job/9876543210#step:7:1  # Extract step 7 output
  gh aw audit https://github.com/owner/repo/runs/1234567890  # Audit from workflow run URL
  gh aw audit https://github.example.com/owner/repo/actions/runs/1234567890  # Audit from GitHub Enterprise
  gh aw audit 1234567890 -o ./audit-reports # Custom output directory
  gh aw audit 1234567890 -v                 # Verbose output
  gh aw audit 1234567890 --parse            # Parse agent logs and firewall logs, generating log.md and firewall.md
  gh aw audit 1234567890 --repo owner/repo  # Audit run from a specific repository
  gh aw audit 1234567890 1234567891         # Diff two runs (base vs comparison)
  gh aw audit 1234567890 1234567891 1234567892  # Diff base against multiple runs
  gh aw audit 1234567890 1234567891 --format markdown  # Markdown diff output for PR comments

Available Commands:
  completion  Generate the autocompletion script for the specified shell
  help        Help about any command

Flags:
      --artifacts strings   Artifact sets to download (default: all). Valid sets: activation, agent, all, detection, experiment, firewall, github-api, mcp, usage
      --experiment string   Filter to runs that include this experiment name
      --format string       Diff output format for multi-run mode: pretty, markdown (default "pretty")
  -h, --help                help for audit
  -j, --json                Output results in JSON format
  -o, --output string       Output directory for generated files (default ".github/aw/logs")
      --parse               Run JavaScript parsers on agent logs and firewall logs, writing Markdown to log.md and firewall.md
  -r, --repo string         Target repository ([HOST/]owner/repo format). Defaults to current repository
      --stdin               Read workflow run IDs or URLs from stdin (one per line) instead of positional arguments
      --variant string      Filter to runs with a specific variant value (requires --experiment)

Use "audit [command] --help" for more information about a command.

--- PASS: TestAuditCommandStdinRejectsPositionalArgs (0.00s)
=== RUN   TestAuditCommandRequiresArgsOrStdin
Error: ✗ at least one run ID or URL is required

Suggestions:
  • Provide a run ID or URL as a positional argument
  • Use --stdin to read run IDs from stdin (one per line)

Usage:
  audit <run-id-or-url> [run-id-or-url]... [flags]
  audit [command]

Examples:
  gh aw audit 1234567890                    # Audit run with ID 1234567890
  gh aw audit https://github.com/owner/repo/actions/runs/1234567890  # Audit from run URL
  gh aw audit https://github.com/owner/repo/actions/runs/1234567890/job/9876543210  # Audit job and extract first failing step
  gh aw audit https://github.com/owner/repo/actions/runs/1234567890/job/9876543210#step:7:1  # Extract step 7 output
  gh aw audit https://github.com/owner/repo/runs/1234567890  # Audit from workflow run URL
  gh aw audit https://github.example.com/owner/repo/actions/runs/1234567890  # Audit from GitHub Enterprise
  gh aw audit 1234567890 -o ./audit-reports # Custom output directory
  gh aw audit 1234567890 -v                 # Verbose output
  gh aw audit 1234567890 --parse            # Parse agent logs and firewall logs, generating log.md and firewall.md
  gh aw audit 1234567890 --repo owner/repo  # Audit run from a specific repository
  gh aw audit 1234567890 1234567891         # Diff two runs (base vs comparison)
  gh aw audit 1234567890 1234567891 1234567892  # Diff base against multiple runs
  gh aw audit 1234567890 1234567891 --format markdown  # Markdown diff output for PR comments

Available Commands:
  completion  Generate the autocompletion script for the specified shell
  help        Help about any command

Flags:
      --artifacts strings   Artifact sets to download (default: all). Valid sets: activation, agent, all, detection, experiment, firewall, github-api, mcp, usage
      --experiment string   Filter to runs that include this experiment name
      --format string       Diff output format for multi-run mode: pretty, markdown (default "pretty")
  -h, --help                help for audit
  -j, --json                Output results in JSON format
  -o, --output string       Output directory for generated files (default ".github/aw/logs")
      --parse               Run JavaScript parsers on agent logs and firewall logs, writing Markdown to log.md and firewall.md
  -r, --repo string         Target repository ([HOST/]owner/repo format). Defaults to current repository
      --stdin               Read workflow run IDs or URLs from stdin (one per line) instead of positional arguments
      --variant string      Filter to runs with a specific variant value (requires --experiment)

Use "audit [command] --help" for more information about a command.

--- PASS: TestAuditCommandRequiresArgsOrStdin (0.00s)
=== RUN   TestAuditCommandVariantWithoutExperiment
--- PASS: TestAuditCommandVariantWithoutExperiment (0.00s)
=== RUN   TestAuditCommandExperimentAndVariantFlagsAreAccepted
--- PASS: TestAuditCommandExperimentAndVariantFlagsAreAccepted (0.00s)
=== RUN   TestAWFailureInvestigatorPrefetchUsesRunLevelFailures
--- PASS: TestAWFailureInvestigatorPrefetchUsesRunLevelFailures (0.00s)
=== RUN   TestAwInfoStepsFieldParsing
=== RUN   TestAwInfoStepsFieldParsing/firewall_enabled_with_squid
=== RUN   TestAwInfoStepsFieldParsing/firewall_disabled_(empty_string)
=== RUN   TestAwInfoStepsFieldParsing/no_steps_field_(backward_compatibility)
--- PASS: TestAwInfoStepsFieldParsing (0.00s)
    --- PASS: TestAwInfoStepsFieldParsing/firewall_enabled_with_squid (0.00s)
    --- PASS: TestAwInfoStepsFieldParsing/firewall_disabled_(empty_string) (0.00s)
    --- PASS: TestAwInfoStepsFieldParsing/no_steps_field_(backward_compatibility) (0.00s)
=== RUN   TestAwInfoStepsMarshaling
--- PASS: TestAwInfoStepsMarshaling (0.00s)
=== RUN   TestGetFirewallVersion
=== RUN   TestGetFirewallVersion/prefer_new_awf_version_field
=== RUN   TestGetFirewallVersion/fallback_to_firewall_version_when_awf_version_is_empty
=== RUN   TestGetFirewallVersion/empty_when_both_fields_are_empty
=== RUN   TestGetFirewallVersion/only_new_awf_version_field_set
--- PASS: TestGetFirewallVersion (0.00s)
    --- PASS: TestGetFirewallVersion/prefer_new_awf_version_field (0.00s)
    --- PASS: TestGetFirewallVersion/fallback_to_firewall_version_when_awf_version_is_empty (0.00s)
    --- PASS: TestGetFirewallVersion/empty_when_both_fields_are_empty (0.00s)
    --- PASS: TestGetFirewallVersion/only_new_awf_version_field_set (0.00s)
=== RUN   TestClassifyCheckState
=== RUN   TestClassifyCheckState/empty_check_runs_and_statuses_yields_no_checks
=== RUN   TestClassifyCheckState/all_successful_check_runs_yields_success
=== RUN   TestClassifyCheckState/failed_check_run_yields_failed
=== RUN   TestClassifyCheckState/in_progress_check_run_yields_pending
=== RUN   TestClassifyCheckState/queued_check_run_yields_pending
=== RUN   TestClassifyCheckState/branch_protection_rule_failure_yields_policy_blocked
=== RUN   TestClassifyCheckState/action_required_on_policy_check_yields_policy_blocked
=== RUN   TestClassifyCheckState/real_failure_with_policy_check_yields_failed
=== RUN   TestClassifyCheckState/empty_commit_statuses_yields_no_checks
=== RUN   TestClassifyCheckState/pending_commit_status_yields_pending
=== RUN   TestClassifyCheckState/failure_commit_status_yields_failed
=== RUN   TestClassifyCheckState/error_commit_status_yields_failed
=== RUN   TestClassifyCheckState/success_commit_status_yields_success
=== RUN   TestClassifyCheckState/successful_run_with_pending_status_yields_pending
=== RUN   TestClassifyCheckState/timed_out_check_run_yields_failed
--- PASS: TestClassifyCheckState (0.00s)
    --- PASS: TestClassifyCheckState/empty_check_runs_and_statuses_yields_no_checks (0.00s)
    --- PASS: TestClassifyCheckState/all_successful_check_runs_yields_success (0.00s)
    --- PASS: TestClassifyCheckState/failed_check_run_yields_failed (0.00s)
    --- PASS: TestClassifyCheckState/in_progress_check_run_yields_pending (0.00s)
    --- PASS: TestClassifyCheckState/queued_check_run_yields_pending (0.00s)
    --- PASS: TestClassifyCheckState/branch_protection_rule_failure_yields_policy_blocked (0.00s)
    --- PASS: TestClassifyCheckState/action_required_on_policy_check_yields_policy_blocked (0.00s)
    --- PASS: TestClassifyCheckState/real_failure_with_policy_check_yields_failed (0.00s)
    --- PASS: TestClassifyCheckState/empty_commit_statuses_yields_no_checks (0.00s)
    --- PASS: TestClassifyCheckState/pending_commit_status_yields_pending (0.00s)
    --- PASS: TestClassifyCheckState/failure_commit_status_yields_failed (0.00s)
    --- PASS: TestClassifyCheckState/error_commit_status_yields_failed (0.00s)
    --- PASS: TestClassifyCheckState/success_commit_status_yields_success (0.00s)
    --- PASS: TestClassifyCheckState/successful_run_with_pending_status_yields_pending (0.00s)
    --- PASS: TestClassifyCheckState/timed_out_check_run_yields_failed (0.00s)
=== RUN   TestIsPolicyCheck
=== RUN   TestIsPolicyCheck/branch_protection_pattern
=== RUN   TestIsPolicyCheck/required_status_check_pattern
=== RUN   TestIsPolicyCheck/mergeability_pattern
=== RUN   TestIsPolicyCheck/policy_check_pattern
=== RUN   TestIsPolicyCheck/normal_test_run
=== RUN   TestIsPolicyCheck/build_check
=== RUN   TestIsPolicyCheck/empty_string
--- PASS: TestIsPolicyCheck (0.00s)
    --- PASS: TestIsPolicyCheck/branch_protection_pattern (0.00s)
    --- PASS: TestIsPolicyCheck/required_status_check_pattern (0.00s)
    --- PASS: TestIsPolicyCheck/mergeability_pattern (0.00s)
    --- PASS: TestIsPolicyCheck/policy_check_pattern (0.00s)
    --- PASS: TestIsPolicyCheck/normal_test_run (0.00s)
    --- PASS: TestIsPolicyCheck/build_check (0.00s)
    --- PASS: TestIsPolicyCheck/empty_string (0.00s)
=== RUN   TestChecksCommand
--- PASS: TestChecksCommand (0.00s)
=== RUN   TestChecksCommand_RequiresArg
--- PASS: TestChecksCommand_RequiresArg (0.00s)
=== RUN   TestChecksCommand_AcceptsOneArg
--- PASS: TestChecksCommand_AcceptsOneArg (0.00s)
=== RUN   TestChecksCommand_RejectsMultipleArgs
--- PASS: TestChecksCommand_RejectsMultipleArgs (0.00s)
=== RUN   TestChecksResultJSONShape
--- PASS: TestChecksResultJSONShape (0.00s)
=== RUN   TestRequiredStateFiltering
=== RUN   TestRequiredStateFiltering/vercel_failure_only_affects_aggregate
=== RUN   TestRequiredStateFiltering/netlify_failure_only_affects_aggregate
=== RUN   TestRequiredStateFiltering/check_run_failure_affects_required_state
=== RUN   TestRequiredStateFiltering/non_policy_commit_status_without_check_runs_yields_no_required_checks
=== RUN   TestRequiredStateFiltering/policy_commit_status_failure_is_retained_for_required_state
--- PASS: TestRequiredStateFiltering (0.00s)
    --- PASS: TestRequiredStateFiltering/vercel_failure_only_affects_aggregate (0.00s)
    --- PASS: TestRequiredStateFiltering/netlify_failure_only_affects_aggregate (0.00s)
    --- PASS: TestRequiredStateFiltering/check_run_failure_affects_required_state (0.00s)
    --- PASS: TestRequiredStateFiltering/non_policy_commit_status_without_check_runs_yields_no_required_checks (0.00s)
    --- PASS: TestRequiredStateFiltering/policy_commit_status_failure_is_retained_for_required_state (0.00s)
=== RUN   TestPolicyStatuses_FiltersNonPolicy
--- PASS: TestPolicyStatuses_FiltersNonPolicy (0.00s)
=== RUN   TestPolicyStatuses_EmptyInput
--- PASS: TestPolicyStatuses_EmptyInput (0.00s)
=== RUN   TestClassifyGHAPIError
=== RUN   TestClassifyGHAPIError/404_not_found_uses_current_repository_by_default
=== RUN   TestClassifyGHAPIError/404_not_found_includes_explicit_repository
=== RUN   TestClassifyGHAPIError/403_forbidden_is_classified_as_auth_failure
=== RUN   TestClassifyGHAPIError/401_unauthorized_is_classified_as_auth_failure
=== RUN   TestClassifyGHAPIError/bad_credentials_is_classified_as_auth_failure
=== RUN   TestClassifyGHAPIError/generic_error_keeps_gh_api_call_failed_prefix
--- PASS: TestClassifyGHAPIError (0.00s)
    --- PASS: TestClassifyGHAPIError/404_not_found_uses_current_repository_by_default (0.00s)
    --- PASS: TestClassifyGHAPIError/404_not_found_includes_explicit_repository (0.00s)
    --- PASS: TestClassifyGHAPIError/403_forbidden_is_classified_as_auth_failure (0.00s)
    --- PASS: TestClassifyGHAPIError/401_unauthorized_is_classified_as_auth_failure (0.00s)
    --- PASS: TestClassifyGHAPIError/bad_credentials_is_classified_as_auth_failure (0.00s)
    --- PASS: TestClassifyGHAPIError/generic_error_keeps_gh_api_call_failed_prefix (0.00s)
=== RUN   TestPrintChecksJSON
--- PASS: TestPrintChecksJSON (0.00s)
=== RUN   TestPrintChecksText
=== RUN   TestPrintChecksText/success
=== RUN   TestPrintChecksText/failed
=== RUN   TestPrintChecksText/pending
=== RUN   TestPrintChecksText/no_checks
=== RUN   TestPrintChecksText/policy_blocked
--- PASS: TestPrintChecksText (0.00s)
    --- PASS: TestPrintChecksText/success (0.00s)
    --- PASS: TestPrintChecksText/failed (0.00s)
    --- PASS: TestPrintChecksText/pending (0.00s)
    --- PASS: TestPrintChecksText/no_checks (0.00s)
    --- PASS: TestPrintChecksText/policy_blocked (0.00s)
=== RUN   TestIsRunningInCI
=== RUN   TestIsRunningInCI/not_running_in_CI_-_no_env_vars_set
=== RUN   TestIsRunningInCI/running_in_CI_-_CI_env_var_set
=== RUN   TestIsRunningInCI/running_in_CI_-_CONTINUOUS_INTEGRATION_env_var_set
=== RUN   TestIsRunningInCI/running_in_CI_-_GITHUB_ACTIONS_env_var_set
=== RUN   TestIsRunningInCI/running_in_CI_-_multiple_env_vars_set
=== RUN   TestIsRunningInCI/running_in_CI_-_CI_env_var_set_to_empty_string_is_still_truthy
=== RUN   TestIsRunningInCI/running_in_CI_-_other_env_vars_don't_affect_result
--- PASS: TestIsRunningInCI (0.00s)
    --- PASS: TestIsRunningInCI/not_running_in_CI_-_no_env_vars_set (0.00s)
    --- PASS: TestIsRunningInCI/running_in_CI_-_CI_env_var_set (0.00s)
    --- PASS: TestIsRunningInCI/running_in_CI_-_CONTINUOUS_INTEGRATION_env_var_set (0.00s)
    --- PASS: TestIsRunningInCI/running_in_CI_-_GITHUB_ACTIONS_env_var_set (0.00s)
    --- PASS: TestIsRunningInCI/running_in_CI_-_multiple_env_vars_set (0.00s)
    --- PASS: TestIsRunningInCI/running_in_CI_-_CI_env_var_set_to_empty_string_is_still_truthy (0.00s)
    --- PASS: TestIsRunningInCI/running_in_CI_-_other_env_vars_don't_affect_result (0.00s)
=== RUN   TestAuditCommandDescriptionsAreConsistent
--- PASS: TestAuditCommandDescriptionsAreConsistent (0.00s)
=== RUN   TestTrialCommandUsesStandardExamplesHeading
--- PASS: TestTrialCommandUsesStandardExamplesHeading (0.00s)
=== RUN   TestUpdateDocsIncludeCoolDownOption
--- PASS: TestUpdateDocsIncludeCoolDownOption (0.00s)
=== RUN   TestSubcommandListingsUseHyphenBullets
=== RUN   TestSubcommandListingsUseHyphenBullets/mcp
=== RUN   TestSubcommandListingsUseHyphenBullets/project
=== RUN   TestSubcommandListingsUseHyphenBullets/secrets
=== RUN   TestSubcommandListingsUseHyphenBullets/experiments
--- PASS: TestSubcommandListingsUseHyphenBullets (0.00s)
    --- PASS: TestSubcommandListingsUseHyphenBullets/mcp (0.00s)
    --- PASS: TestSubcommandListingsUseHyphenBullets/project (0.00s)
    --- PASS: TestSubcommandListingsUseHyphenBullets/secrets (0.00s)
    --- PASS: TestSubcommandListingsUseHyphenBullets/experiments (0.00s)
=== RUN   TestHelpTextUsesStandardEgPunctuation
--- PASS: TestHelpTextUsesStandardEgPunctuation (0.00s)
=== RUN   TestActivationOutputsCodemod
=== RUN   TestActivationOutputsCodemod/transform_text_output
=== RUN   TestActivationOutputsCodemod/transform_title_output
=== RUN   TestActivationOutputsCodemod/transform_body_output
=== RUN   TestActivationOutputsCodemod/transform_multiple_outputs
=== RUN   TestActivationOutputsCodemod/do_not_transform_partial_matches
=== RUN   TestActivationOutputsCodemod/do_not_transform_other_activation_outputs
=== RUN   TestActivationOutputsCodemod/transform_with_operators
=== RUN   TestActivationOutputsCodemod/transform_partial_match_followed_by_valid_match
=== RUN   TestActivationOutputsCodemod/no_transformation_needed
=== RUN   TestActivationOutputsCodemod/no_activation_outputs
--- PASS: TestActivationOutputsCodemod (0.00s)
    --- PASS: TestActivationOutputsCodemod/transform_text_output (0.00s)
    --- PASS: TestActivationOutputsCodemod/transform_title_output (0.00s)
    --- PASS: TestActivationOutputsCodemod/transform_body_output (0.00s)
    --- PASS: TestActivationOutputsCodemod/transform_multiple_outputs (0.00s)
    --- PASS: TestActivationOutputsCodemod/do_not_transform_partial_matches (0.00s)
    --- PASS: TestActivationOutputsCodemod/do_not_transform_other_activation_outputs (0.00s)
    --- PASS: TestActivationOutputsCodemod/transform_with_operators (0.00s)
    --- PASS: TestActivationOutputsCodemod/transform_partial_match_followed_by_valid_match (0.00s)
    --- PASS: TestActivationOutputsCodemod/no_transformation_needed (0.00s)
    --- PASS: TestActivationOutputsCodemod/no_activation_outputs (0.00s)
=== RUN   TestActivationOutputsCodemodMetadata
--- PASS: TestActivationOutputsCodemodMetadata (0.00s)
=== RUN   TestGetAgentTaskToAgentSessionCodemod
--- PASS: TestGetAgentTaskToAgentSessionCodemod (0.00s)
=== RUN   TestAgentSessionCodemod_BasicMigration
--- PASS: TestAgentSessionCodemod_BasicMigration (0.00s)
=== RUN   TestAgentSessionCodemod_PreservesIndentation
--- PASS: TestAgentSessionCodemod_PreservesIndentation (0.00s)
=== RUN   TestAgentSessionCodemod_PreservesComment
--- PASS: TestAgentSessionCodemod_PreservesComment (0.00s)
=== RUN   TestAgentSessionCodemod_NoSafeOutputsField
--- PASS: TestAgentSessionCodemod_NoSafeOutputsField (0.00s)
=== RUN   TestAgentSessionCodemod_NoAgentTaskField
--- PASS: TestAgentSessionCodemod_NoAgentTaskField (0.00s)
=== RUN   TestAgentSessionCodemod_PreservesOtherFields
--- PASS: TestAgentSessionCodemod_PreservesOtherFields (0.00s)
=== RUN   TestAgentSessionCodemod_PreservesMarkdown
--- PASS: TestAgentSessionCodemod_PreservesMarkdown (0.00s)
=== RUN   TestAgentSessionCodemod_SkipsWhenSessionAlreadyExists
--- PASS: TestAgentSessionCodemod_SkipsWhenSessionAlreadyExists (0.00s)
=== RUN   TestGetAssignToAgentDefaultAgentCodemod
--- PASS: TestGetAssignToAgentDefaultAgentCodemod (0.00s)
=== RUN   TestAssignToAgentCodemod_BasicMigration
--- PASS: TestAssignToAgentCodemod_BasicMigration (0.00s)
=== RUN   TestAssignToAgentCodemod_PreservesIndentation
--- PASS: TestAssignToAgentCodemod_PreservesIndentation (0.00s)
=== RUN   TestAssignToAgentCodemod_PreservesComment
--- PASS: TestAssignToAgentCodemod_PreservesComment (0.00s)
=== RUN   TestAssignToAgentCodemod_NoSafeOutputs
--- PASS: TestAssignToAgentCodemod_NoSafeOutputs (0.00s)
=== RUN   TestAssignToAgentCodemod_NoAssignToAgent
--- PASS: TestAssignToAgentCodemod_NoAssignToAgent (0.00s)
=== RUN   TestAssignToAgentCodemod_NoDefaultAgent
--- PASS: TestAssignToAgentCodemod_NoDefaultAgent (0.00s)
=== RUN   TestAssignToAgentCodemod_SkipsWhenNameAlreadyExists
--- PASS: TestAssignToAgentCodemod_SkipsWhenNameAlreadyExists (0.00s)
=== RUN   TestAssignToAgentCodemod_PreservesOtherSafeOutputs
--- PASS: TestAssignToAgentCodemod_PreservesOtherSafeOutputs (0.00s)
=== RUN   TestAssignToAgentCodemod_RegisteredInAllCodemods
--- PASS: TestAssignToAgentCodemod_RegisteredInAllCodemods (0.00s)
=== RUN   TestBashAnonymousRemovalCodemod
=== RUN   TestBashAnonymousRemovalCodemod/replaces_anonymous_bash_with_bash:_true
=== RUN   TestBashAnonymousRemovalCodemod/does_not_modify_bash:_true
=== RUN   TestBashAnonymousRemovalCodemod/does_not_modify_bash:_false
=== RUN   TestBashAnonymousRemovalCodemod/does_not_modify_bash_with_array
=== RUN   TestBashAnonymousRemovalCodemod/does_not_modify_when_bash_is_not_present
=== RUN   TestBashAnonymousRemovalCodemod/does_not_modify_when_tools_is_not_present
--- PASS: TestBashAnonymousRemovalCodemod (0.00s)
    --- PASS: TestBashAnonymousRemovalCodemod/replaces_anonymous_bash_with_bash:_true (0.00s)
    --- PASS: TestBashAnonymousRemovalCodemod/does_not_modify_bash:_true (0.00s)
    --- PASS: TestBashAnonymousRemovalCodemod/does_not_modify_bash:_false (0.00s)
    --- PASS: TestBashAnonymousRemovalCodemod/does_not_modify_bash_with_array (0.00s)
    --- PASS: TestBashAnonymousRemovalCodemod/does_not_modify_when_bash_is_not_present (0.00s)
    --- PASS: TestBashAnonymousRemovalCodemod/does_not_modify_when_tools_is_not_present (0.00s)
=== RUN   TestBashAnonymousCodemodWithComments
--- PASS: TestBashAnonymousCodemodWithComments (0.00s)
=== RUN   TestBashAnonymousCodemodPreservesIndentation
--- PASS: TestBashAnonymousCodemodPreservesIndentation (0.00s)
=== RUN   TestReplaceBashAnonymousWithTrue
=== RUN   TestReplaceBashAnonymousWithTrue/replaces_bash:_in_tools_block
=== RUN   TestReplaceBashAnonymousWithTrue/does_not_modify_outside_tools_block
=== RUN   TestReplaceBashAnonymousWithTrue/does_not_modify_bash_with_value
--- PASS: TestReplaceBashAnonymousWithTrue (0.00s)
    --- PASS: TestReplaceBashAnonymousWithTrue/replaces_bash:_in_tools_block (0.00s)
    --- PASS: TestReplaceBashAnonymousWithTrue/does_not_modify_outside_tools_block (0.00s)
    --- PASS: TestReplaceBashAnonymousWithTrue/does_not_modify_bash_with_value (0.00s)
=== RUN   TestGetBashSingleQuotedArgsCodemod
--- PASS: TestGetBashSingleQuotedArgsCodemod (0.00s)
=== RUN   TestBashSingleQuotedArgsCodemod_RewritesSimpleSingleQuotedArg
--- PASS: TestBashSingleQuotedArgsCodemod_RewritesSimpleSingleQuotedArg (0.00s)
=== RUN   TestBashSingleQuotedArgsCodemod_RewritesGlobPatterns
--- PASS: TestBashSingleQuotedArgsCodemod_RewritesGlobPatterns (0.00s)
=== RUN   TestBashSingleQuotedArgsCodemod_NoOpForAlreadySafeEntry
--- PASS: TestBashSingleQuotedArgsCodemod_NoOpForAlreadySafeEntry (0.00s)
=== RUN   TestBashSingleQuotedArgsCodemod_UnmatchedQuoteLeftUnchanged
⚠ tools.bash entry "grep -rn 'pattern" contains an unclosed single-quoted segment and could not be safely rewritten; left unchanged
--- PASS: TestBashSingleQuotedArgsCodemod_UnmatchedQuoteLeftUnchanged (0.00s)
=== RUN   TestRewriteSingleQuotedBashArgs
=== RUN   TestRewriteSingleQuotedBashArgs/simple_quoted_segment
=== RUN   TestRewriteSingleQuotedBashArgs/escaped_dollars_stay_literal
=== RUN   TestRewriteSingleQuotedBashArgs/no_single_quotes
=== RUN   TestRewriteSingleQuotedBashArgs/unmatched_single_quote
=== RUN   TestRewriteSingleQuotedBashArgs/apostrophe_inside_double_quotes_remains_unchanged
=== RUN   TestRewriteSingleQuotedBashArgs/escaped_apostrophe_outside_quotes_remains_unchanged
=== RUN   TestRewriteSingleQuotedBashArgs/embedded_quote_pattern_rewrites_segments_and_preserves_escaped_apostrophe_between_them
--- PASS: TestRewriteSingleQuotedBashArgs (0.00s)
    --- PASS: TestRewriteSingleQuotedBashArgs/simple_quoted_segment (0.00s)
    --- PASS: TestRewriteSingleQuotedBashArgs/escaped_dollars_stay_literal (0.00s)
    --- PASS: TestRewriteSingleQuotedBashArgs/no_single_quotes (0.00s)
    --- PASS: TestRewriteSingleQuotedBashArgs/unmatched_single_quote (0.00s)
    --- PASS: TestRewriteSingleQuotedBashArgs/apostrophe_inside_double_quotes_remains_unchanged (0.00s)
    --- PASS: TestRewriteSingleQuotedBashArgs/escaped_apostrophe_outside_quotes_remains_unchanged (0.00s)
    --- PASS: TestRewriteSingleQuotedBashArgs/embedded_quote_pattern_rewrites_segments_and_preserves_escaped_apostrophe_between_them (0.00s)
=== RUN   TestGetBotsToOnBotsCodemod
--- PASS: TestGetBotsToOnBotsCodemod (0.00s)
=== RUN   TestBotsToOnBotsCodemod_SingleLineArray
--- PASS: TestBotsToOnBotsCodemod_SingleLineArray (0.00s)
=== RUN   TestBotsToOnBotsCodemod_MultiLineArray
--- PASS: TestBotsToOnBotsCodemod_MultiLineArray (0.00s)
=== RUN   TestBotsToOnBotsCodemod_NoOnBlock
--- PASS: TestBotsToOnBotsCodemod_NoOnBlock (0.00s)
=== RUN   TestBotsToOnBotsCodemod_NoChange_NoBots
--- PASS: TestBotsToOnBotsCodemod_NoChange_NoBots (0.00s)
=== RUN   TestBotsToOnBotsCodemod_NoChange_OnBotsExists
--- PASS: TestBotsToOnBotsCodemod_NoChange_OnBotsExists (0.00s)
=== RUN   TestByokCopilotFeatureRemovalCodemod
=== RUN   TestByokCopilotFeatureRemovalCodemod/removes_byok-copilot_when_true
=== RUN   TestByokCopilotFeatureRemovalCodemod/removes_byok-copilot_when_false
=== RUN   TestByokCopilotFeatureRemovalCodemod/does_not_modify_when_byok-copilot_is_absent
--- PASS: TestByokCopilotFeatureRemovalCodemod (0.00s)
    --- PASS: TestByokCopilotFeatureRemovalCodemod/removes_byok-copilot_when_true (0.00s)
    --- PASS: TestByokCopilotFeatureRemovalCodemod/removes_byok-copilot_when_false (0.00s)
    --- PASS: TestByokCopilotFeatureRemovalCodemod/does_not_modify_when_byok-copilot_is_absent (0.00s)
=== RUN   TestCheckoutPersistCredentialsFalseCodemod
=== RUN   TestCheckoutPersistCredentialsFalseCodemod/adds_with_block_when_checkout_step_has_none
=== RUN   TestCheckoutPersistCredentialsFalseCodemod/adds_persist-credentials_under_existing_with_block
=== RUN   TestCheckoutPersistCredentialsFalseCodemod/does_not_mutate_explicit_persist-credentials_true
=== RUN   TestCheckoutPersistCredentialsFalseCodemod/supports_pre-steps_and_post-steps_sections
=== RUN   TestCheckoutPersistCredentialsFalseCodemod/applies_to_jobs.agent_but_not_custom_jobs
=== RUN   TestCheckoutPersistCredentialsFalseCodemod/applies_to_jobs.agent_with_wider_indentation
=== RUN   TestCheckoutPersistCredentialsFalseCodemod/does_not_apply_to_checkout_in_non-agent_custom_job_only
--- PASS: TestCheckoutPersistCredentialsFalseCodemod (0.00s)
    --- PASS: TestCheckoutPersistCredentialsFalseCodemod/adds_with_block_when_checkout_step_has_none (0.00s)
    --- PASS: TestCheckoutPersistCredentialsFalseCodemod/adds_persist-credentials_under_existing_with_block (0.00s)
    --- PASS: TestCheckoutPersistCredentialsFalseCodemod/does_not_mutate_explicit_persist-credentials_true (0.00s)
    --- PASS: TestCheckoutPersistCredentialsFalseCodemod/supports_pre-steps_and_post-steps_sections (0.00s)
    --- PASS: TestCheckoutPersistCredentialsFalseCodemod/applies_to_jobs.agent_but_not_custom_jobs (0.00s)
    --- PASS: TestCheckoutPersistCredentialsFalseCodemod/applies_to_jobs.agent_with_wider_indentation (0.00s)
    --- PASS: TestCheckoutPersistCredentialsFalseCodemod/does_not_apply_to_checkout_in_non-agent_custom_job_only (0.00s)
=== RUN   TestCliProxyFeatureToGitHubModeCodemod
=== RUN   TestCliProxyFeatureToGitHubModeCodemod/migrates_features.cli-proxy_true_and_adds_tools.github.mode_gh-proxy
=== RUN   TestCliProxyFeatureToGitHubModeCodemod/does_not_apply_when_cli-proxy_is_false
=== RUN   TestCliProxyFeatureToGitHubModeCodemod/removes_legacy_flag_but_preserves_existing_github_mode
=== RUN   TestCliProxyFeatureToGitHubModeCodemod/adds_github_block_under_existing_tools_block
--- PASS: TestCliProxyFeatureToGitHubModeCodemod (0.00s)
    --- PASS: TestCliProxyFeatureToGitHubModeCodemod/migrates_features.cli-proxy_true_and_adds_tools.github.mode_gh-proxy (0.00s)
    --- PASS: TestCliProxyFeatureToGitHubModeCodemod/does_not_apply_when_cli-proxy_is_false (0.00s)
    --- PASS: TestCliProxyFeatureToGitHubModeCodemod/removes_legacy_flag_but_preserves_existing_github_mode (0.00s)
    --- PASS: TestCliProxyFeatureToGitHubModeCodemod/adds_github_block_under_existing_tools_block (0.00s)
=== RUN   TestCopilotRequestsFeatureToPermissionsCodemod
=== RUN   TestCopilotRequestsFeatureToPermissionsCodemod/migrates_enabled_feature_to_permissions
=== RUN   TestCopilotRequestsFeatureToPermissionsCodemod/adds_permissions_block_when_missing
=== RUN   TestCopilotRequestsFeatureToPermissionsCodemod/removes_disabled_feature_without_adding_permission
=== RUN   TestCopilotRequestsFeatureToPermissionsCodemod/skips_migration_when_permissions_shorthand_is_not_safely_updatable
=== RUN   TestCopilotRequestsFeatureToPermissionsCodemod/handles_empty_permissions_object_with_inline_comment
--- PASS: TestCopilotRequestsFeatureToPermissionsCodemod (0.00s)
    --- PASS: TestCopilotRequestsFeatureToPermissionsCodemod/migrates_enabled_feature_to_permissions (0.00s)
    --- PASS: TestCopilotRequestsFeatureToPermissionsCodemod/adds_permissions_block_when_missing (0.00s)
    --- PASS: TestCopilotRequestsFeatureToPermissionsCodemod/removes_disabled_feature_without_adding_permission (0.00s)
    --- PASS: TestCopilotRequestsFeatureToPermissionsCodemod/skips_migration_when_permissions_shorthand_is_not_safely_updatable (0.00s)
    --- PASS: TestCopilotRequestsFeatureToPermissionsCodemod/handles_empty_permissions_object_with_inline_comment (0.00s)
=== RUN   TestDependabotPermissionsCodemod
=== RUN   TestDependabotPermissionsCodemod/adds_missing_vulnerability-alerts_permission
=== RUN   TestDependabotPermissionsCodemod/adds_missing_issues_permission_for_issues_toolset
=== RUN   TestDependabotPermissionsCodemod/does_not_modify_when_permission_already_present
--- PASS: TestDependabotPermissionsCodemod (0.00s)
    --- PASS: TestDependabotPermissionsCodemod/adds_missing_vulnerability-alerts_permission (0.00s)
    --- PASS: TestDependabotPermissionsCodemod/adds_missing_issues_permission_for_issues_toolset (0.00s)
    --- PASS: TestDependabotPermissionsCodemod/does_not_modify_when_permission_already_present (0.00s)
=== RUN   TestDIFCProxyToIntegrityProxyCodemod
=== RUN   TestDIFCProxyToIntegrityProxyCodemod/removes_features.difc-proxy:_true_(no-op_since_proxy_is_now_default)
=== RUN   TestDIFCProxyToIntegrityProxyCodemod/removes_features.difc-proxy:_false_and_adds_tools.github.integrity-proxy:_false
=== RUN   TestDIFCProxyToIntegrityProxyCodemod/removes_features.difc-proxy:_false_but_does_NOT_add_integrity-proxy_when_tools.github_is_absent
=== RUN   TestDIFCProxyToIntegrityProxyCodemod/removes_features.difc-proxy:_false_but_does_NOT_add_integrity-proxy_when_tools.github_is_boolean_true
=== RUN   TestDIFCProxyToIntegrityProxyCodemod/does_not_modify_workflows_without_features.difc-proxy
=== RUN   TestDIFCProxyToIntegrityProxyCodemod/does_not_modify_workflows_without_features_section
=== RUN   TestDIFCProxyToIntegrityProxyCodemod/preserves_other_features_when_removing_difc-proxy
=== RUN   TestDIFCProxyToIntegrityProxyCodemod/integrity-proxy:_false_is_added_inside_tools.github_block
=== RUN   TestDIFCProxyToIntegrityProxyCodemod/string_'false'_value_treated_as_false_(adds_integrity-proxy:_false)
--- PASS: TestDIFCProxyToIntegrityProxyCodemod (0.00s)
    --- PASS: TestDIFCProxyToIntegrityProxyCodemod/removes_features.difc-proxy:_true_(no-op_since_proxy_is_now_default) (0.00s)
    --- PASS: TestDIFCProxyToIntegrityProxyCodemod/removes_features.difc-proxy:_false_and_adds_tools.github.integrity-proxy:_false (0.00s)
    --- PASS: TestDIFCProxyToIntegrityProxyCodemod/removes_features.difc-proxy:_false_but_does_NOT_add_integrity-proxy_when_tools.github_is_absent (0.00s)
    --- PASS: TestDIFCProxyToIntegrityProxyCodemod/removes_features.difc-proxy:_false_but_does_NOT_add_integrity-proxy_when_tools.github_is_boolean_true (0.00s)
    --- PASS: TestDIFCProxyToIntegrityProxyCodemod/does_not_modify_workflows_without_features.difc-proxy (0.00s)
    --- PASS: TestDIFCProxyToIntegrityProxyCodemod/does_not_modify_workflows_without_features_section (0.00s)
    --- PASS: TestDIFCProxyToIntegrityProxyCodemod/preserves_other_features_when_removing_difc-proxy (0.00s)
    --- PASS: TestDIFCProxyToIntegrityProxyCodemod/integrity-proxy:_false_is_added_inside_tools.github_block (0.00s)
    --- PASS: TestDIFCProxyToIntegrityProxyCodemod/string_'false'_value_treated_as_false_(adds_integrity-proxy:_false) (0.00s)
=== RUN   TestGetDiscussionFlagRemovalCodemod
--- PASS: TestGetDiscussionFlagRemovalCodemod (0.00s)
=== RUN   TestDiscussionFlagCodemod_RemovesDiscussionFlag
--- PASS: TestDiscussionFlagCodemod_RemovesDiscussionFlag (0.00s)
=== RUN   TestDiscussionFlagCodemod_NoSafeOutputsField
--- PASS: TestDiscussionFlagCodemod_NoSafeOutputsField (0.00s)
=== RUN   TestDiscussionFlagCodemod_NoAddCommentField
--- PASS: TestDiscussionFlagCodemod_NoAddCommentField (0.00s)
=== RUN   TestDiscussionFlagCodemod_NoDiscussionField
--- PASS: TestDiscussionFlagCodemod_NoDiscussionField (0.00s)
=== RUN   TestDiscussionFlagCodemod_PreservesIndentation
--- PASS: TestDiscussionFlagCodemod_PreservesIndentation (0.00s)
=== RUN   TestDiscussionFlagCodemod_PreservesComments
--- PASS: TestDiscussionFlagCodemod_PreservesComments (0.00s)
=== RUN   TestDiscussionFlagCodemod_PreservesMarkdown
--- PASS: TestDiscussionFlagCodemod_PreservesMarkdown (0.00s)
=== RUN   TestDiscussionFlagCodemod_MultipleFields
--- PASS: TestDiscussionFlagCodemod_MultipleFields (0.00s)
=== RUN   TestGetDiscussionTriggerCategoriesLowercaseCodemod
--- PASS: TestGetDiscussionTriggerCategoriesLowercaseCodemod (0.00s)
=== RUN   TestDiscussionTriggerCategoriesCodemod_LowercasesMixedCaseValues
--- PASS: TestDiscussionTriggerCategoriesCodemod_LowercasesMixedCaseValues (0.00s)
=== RUN   TestDiscussionTriggerCategoriesCodemod_NoOpWhenAlreadyLowercase
--- PASS: TestDiscussionTriggerCategoriesCodemod_NoOpWhenAlreadyLowercase (0.00s)
=== RUN   TestDiscussionTriggerCategoriesCodemod_LowercasesQuotedOnAndTriggerKeys
--- PASS: TestDiscussionTriggerCategoriesCodemod_LowercasesQuotedOnAndTriggerKeys (0.00s)
=== RUN   TestGetBlockMappingKey
=== RUN   TestGetBlockMappingKey/plain_key
=== RUN   TestGetBlockMappingKey/quoted_key
=== RUN   TestGetBlockMappingKey/inline_comment_with_extra_spaces
=== RUN   TestGetBlockMappingKey/inline_value
=== RUN   TestGetBlockMappingKey/list_item
--- PASS: TestGetBlockMappingKey (0.00s)
    --- PASS: TestGetBlockMappingKey/plain_key (0.00s)
    --- PASS: TestGetBlockMappingKey/quoted_key (0.00s)
    --- PASS: TestGetBlockMappingKey/inline_comment_with_extra_spaces (0.00s)
    --- PASS: TestGetBlockMappingKey/inline_value (0.00s)
    --- PASS: TestGetBlockMappingKey/list_item (0.00s)
=== RUN   TestGetEffectiveTokensToAICreditsCodemod
--- PASS: TestGetEffectiveTokensToAICreditsCodemod (0.00s)
=== RUN   TestEffectiveTokensToAICreditsCodemod_MigratesNumericValues
--- PASS: TestEffectiveTokensToAICreditsCodemod_MigratesNumericValues (0.00s)
=== RUN   TestEffectiveTokensToAICreditsCodemod_NoOpWhenLegacyFieldsAbsent
--- PASS: TestEffectiveTokensToAICreditsCodemod_NoOpWhenLegacyFieldsAbsent (0.00s)
=== RUN   TestEffectiveTokensToAICreditsCodemod_IdempotentAfterMigration
--- PASS: TestEffectiveTokensToAICreditsCodemod_IdempotentAfterMigration (0.00s)
=== RUN   TestEffectiveTokensToAICreditsCodemod_SkipsExpressionValues
--- PASS: TestEffectiveTokensToAICreditsCodemod_SkipsExpressionValues (0.00s)
=== RUN   TestEffectiveTokensToAICreditsCodemod_SkipsWhenTargetFieldExists
--- PASS: TestEffectiveTokensToAICreditsCodemod_SkipsWhenTargetFieldExists (0.00s)
=== RUN   TestEffectiveTokensToAICreditsCodemod_MigratesDailyNegativeOne
--- PASS: TestEffectiveTokensToAICreditsCodemod_MigratesDailyNegativeOne (0.00s)
=== RUN   TestEffectiveTokensToAICreditsCodemod_MigratesRunNegativeOne
--- PASS: TestEffectiveTokensToAICreditsCodemod_MigratesRunNegativeOne (0.00s)
=== RUN   TestEffectiveTokensToAICreditsCodemod_SkipsValuesBelowOneCredit
--- PASS: TestEffectiveTokensToAICreditsCodemod_SkipsValuesBelowOneCredit (0.00s)
=== RUN   TestEffectiveTokensToAICreditsCodemod_PartialMigrationWhenOnlyOneValueConverts
--- PASS: TestEffectiveTokensToAICreditsCodemod_PartialMigrationWhenOnlyOneValueConverts (0.00s)
=== RUN   TestEffectiveTokensToAICreditsCodemod_PartialMigrationWhenOnlyRunValueConverts
--- PASS: TestEffectiveTokensToAICreditsCodemod_PartialMigrationWhenOnlyRunValueConverts (0.00s)
=== RUN   TestEffectiveTokensToAICreditsCodemod_MigratesThresholdValue
--- PASS: TestEffectiveTokensToAICreditsCodemod_MigratesThresholdValue (0.00s)
=== RUN   TestEngineCopilotSDKDriverToDriverCodemod
=== RUN   TestEngineCopilotSDKDriverToDriverCodemod/renames_copilot-sdk-driver_to_driver_in_engine_block
=== RUN   TestEngineCopilotSDKDriverToDriverCodemod/does_not_apply_when_engine_has_no_copilot-sdk-driver_field
=== RUN   TestEngineCopilotSDKDriverToDriverCodemod/does_not_apply_when_driver_field_already_present
=== RUN   TestEngineCopilotSDKDriverToDriverCodemod/does_not_apply_when_no_engine_block
=== RUN   TestEngineCopilotSDKDriverToDriverCodemod/does_not_apply_when_engine_is_a_scalar
=== RUN   TestEngineCopilotSDKDriverToDriverCodemod/preserves_indentation_when_renaming
--- PASS: TestEngineCopilotSDKDriverToDriverCodemod (0.00s)
    --- PASS: TestEngineCopilotSDKDriverToDriverCodemod/renames_copilot-sdk-driver_to_driver_in_engine_block (0.00s)
    --- PASS: TestEngineCopilotSDKDriverToDriverCodemod/does_not_apply_when_engine_has_no_copilot-sdk-driver_field (0.00s)
    --- PASS: TestEngineCopilotSDKDriverToDriverCodemod/does_not_apply_when_driver_field_already_present (0.00s)
    --- PASS: TestEngineCopilotSDKDriverToDriverCodemod/does_not_apply_when_no_engine_block (0.00s)
    --- PASS: TestEngineCopilotSDKDriverToDriverCodemod/does_not_apply_when_engine_is_a_scalar (0.00s)
    --- PASS: TestEngineCopilotSDKDriverToDriverCodemod/preserves_indentation_when_renaming (0.00s)
=== RUN   TestEngineEnvSecretsCodemod
=== RUN   TestEngineEnvSecretsCodemod/removes_unsafe_secret-bearing_engine_env_keys_and_keeps_allowed_override
=== RUN   TestEngineEnvSecretsCodemod/removes_empty_env_block_after_deleting_unsafe_entries
=== RUN   TestEngineEnvSecretsCodemod/no-op_when_only_allowed_engine_secret_override_is_used
=== RUN   TestEngineEnvSecretsCodemod/no-op_when_COPILOT_PROVIDER_API_KEY_is_used_(BYOK)
=== RUN   TestEngineEnvSecretsCodemod/no-op_when_COPILOT_PROVIDER_BEARER_TOKEN_is_used_(BYOK)
=== RUN   TestEngineEnvSecretsCodemod/supports_inline_engine_runtime.id_for_allowlist
--- PASS: TestEngineEnvSecretsCodemod (0.00s)
    --- PASS: TestEngineEnvSecretsCodemod/removes_unsafe_secret-bearing_engine_env_keys_and_keeps_allowed_override (0.00s)
    --- PASS: TestEngineEnvSecretsCodemod/removes_empty_env_block_after_deleting_unsafe_entries (0.00s)
    --- PASS: TestEngineEnvSecretsCodemod/no-op_when_only_allowed_engine_secret_override_is_used (0.00s)
    --- PASS: TestEngineEnvSecretsCodemod/no-op_when_COPILOT_PROVIDER_API_KEY_is_used_(BYOK) (0.00s)
    --- PASS: TestEngineEnvSecretsCodemod/no-op_when_COPILOT_PROVIDER_BEARER_TOKEN_is_used_(BYOK) (0.00s)
    --- PASS: TestEngineEnvSecretsCodemod/supports_inline_engine_runtime.id_for_allowlist (0.00s)
=== RUN   TestEngineMaxRunsToTopLevelCodemod_Metadata
--- PASS: TestEngineMaxRunsToTopLevelCodemod_Metadata (0.00s)
=== RUN   TestEngineMaxRunsToTopLevelCodemod_NoOp
--- PASS: TestEngineMaxRunsToTopLevelCodemod_NoOp (0.00s)
=== RUN   TestEngineMaxRunsToTopLevelCodemod_MigratesField
--- PASS: TestEngineMaxRunsToTopLevelCodemod_MigratesField (0.00s)
=== RUN   TestEngineMaxRunsToTopLevelCodemod_RespectsExistingTopLevel
--- PASS: TestEngineMaxRunsToTopLevelCodemod_RespectsExistingTopLevel (0.00s)
=== RUN   TestEngineMaxRunsToTopLevelCodemod_InlineEngineMapNoOp
--- PASS: TestEngineMaxRunsToTopLevelCodemod_InlineEngineMapNoOp (0.00s)
=== RUN   TestEngineMaxTurnsToTopLevelCodemod_Metadata
--- PASS: TestEngineMaxTurnsToTopLevelCodemod_Metadata (0.00s)
=== RUN   TestEngineMaxTurnsToTopLevelCodemod_NoOp
--- PASS: TestEngineMaxTurnsToTopLevelCodemod_NoOp (0.00s)
=== RUN   TestEngineMaxTurnsToTopLevelCodemod_IdempotentWhenAlreadyMigrated
--- PASS: TestEngineMaxTurnsToTopLevelCodemod_IdempotentWhenAlreadyMigrated (0.00s)
=== RUN   TestEngineMaxTurnsToTopLevelCodemod_MigratesField
--- PASS: TestEngineMaxTurnsToTopLevelCodemod_MigratesField (0.00s)
=== RUN   TestEngineMaxTurnsToTopLevelCodemod_PreservesExpressionCommentsAndBody
--- PASS: TestEngineMaxTurnsToTopLevelCodemod_PreservesExpressionCommentsAndBody (0.00s)
=== RUN   TestEngineMaxTurnsToTopLevelCodemod_RespectsExistingTopLevel
--- PASS: TestEngineMaxTurnsToTopLevelCodemod_RespectsExistingTopLevel (0.00s)
=== RUN   TestEngineMaxTurnsToTopLevelCodemod_InlineEngineMapNoOp
--- PASS: TestEngineMaxTurnsToTopLevelCodemod_InlineEngineMapNoOp (0.00s)
=== RUN   TestGetEngineStepsToTopLevelCodemod_Metadata
--- PASS: TestGetEngineStepsToTopLevelCodemod_Metadata (0.00s)
=== RUN   TestEngineStepsToTopLevelCodemod_NoOp
=== RUN   TestEngineStepsToTopLevelCodemod_NoOp/no_engine_field
=== RUN   TestEngineStepsToTopLevelCodemod_NoOp/engine_is_a_string
=== RUN   TestEngineStepsToTopLevelCodemod_NoOp/engine_object_without_steps
--- PASS: TestEngineStepsToTopLevelCodemod_NoOp (0.00s)
    --- PASS: TestEngineStepsToTopLevelCodemod_NoOp/no_engine_field (0.00s)
    --- PASS: TestEngineStepsToTopLevelCodemod_NoOp/engine_is_a_string (0.00s)
    --- PASS: TestEngineStepsToTopLevelCodemod_NoOp/engine_object_without_steps (0.00s)
=== RUN   TestEngineStepsToTopLevelCodemod_SingleStep
--- PASS: TestEngineStepsToTopLevelCodemod_SingleStep (0.00s)
=== RUN   TestEngineStepsToTopLevelCodemod_MultipleSteps
--- PASS: TestEngineStepsToTopLevelCodemod_MultipleSteps (0.00s)
=== RUN   TestEngineStepsToTopLevelCodemod_UsesStep
--- PASS: TestEngineStepsToTopLevelCodemod_UsesStep (0.00s)
=== RUN   TestEngineStepsToTopLevelCodemod_EngineFieldsAfterSteps
--- PASS: TestEngineStepsToTopLevelCodemod_EngineFieldsAfterSteps (0.00s)
=== RUN   TestEngineStepsToTopLevelCodemod_MergeWithExistingSteps
--- PASS: TestEngineStepsToTopLevelCodemod_MergeWithExistingSteps (0.00s)
=== RUN   TestEngineStepsToTopLevelCodemod_NoMarkdownBody
--- PASS: TestEngineStepsToTopLevelCodemod_NoMarkdownBody (0.00s)
=== RUN   TestEngineStepsToTopLevelCodemod_Idempotent
--- PASS: TestEngineStepsToTopLevelCodemod_Idempotent (0.00s)
=== RUN   TestEngineStepsToTopLevelCodemod_StepsBeforeEngine
--- PASS: TestEngineStepsToTopLevelCodemod_StepsBeforeEngine (0.00s)
=== RUN   TestEngineStepsToTopLevelCodemod_PreservesMarkdownBody
--- PASS: TestEngineStepsToTopLevelCodemod_PreservesMarkdownBody (0.00s)
=== RUN   TestEngineStepsToTopLevelCodemod_TableDriven
=== RUN   TestEngineStepsToTopLevelCodemod_TableDriven/claude_engine_with_single_run_step
=== RUN   TestEngineStepsToTopLevelCodemod_TableDriven/engine_with_env_and_steps_-_env_preserved
=== RUN   TestEngineStepsToTopLevelCodemod_TableDriven/copilot_engine_with_steps
--- PASS: TestEngineStepsToTopLevelCodemod_TableDriven (0.00s)
    --- PASS: TestEngineStepsToTopLevelCodemod_TableDriven/claude_engine_with_single_run_step (0.00s)
    --- PASS: TestEngineStepsToTopLevelCodemod_TableDriven/engine_with_env_and_steps_-_env_preserved (0.00s)
    --- PASS: TestEngineStepsToTopLevelCodemod_TableDriven/copilot_engine_with_steps (0.00s)
=== RUN   TestEngineStepsToTopLevelCodemod_EmptyEngineBlockRemoved
--- PASS: TestEngineStepsToTopLevelCodemod_EmptyEngineBlockRemoved (0.00s)
=== RUN   TestEngineStepsToTopLevelCodemod_NonSequenceTopLevelSteps
--- PASS: TestEngineStepsToTopLevelCodemod_NonSequenceTopLevelSteps (0.00s)
=== RUN   TestGetExpiresIntegerToStringCodemod
--- PASS: TestGetExpiresIntegerToStringCodemod (0.00s)
=== RUN   TestExpiresIntegerCodemod_ConvertsCreateIssue
--- PASS: TestExpiresIntegerCodemod_ConvertsCreateIssue (0.00s)
=== RUN   TestExpiresIntegerCodemod_ConvertsCreateDiscussion
--- PASS: TestExpiresIntegerCodemod_ConvertsCreateDiscussion (0.00s)
=== RUN   TestExpiresIntegerCodemod_ConvertsCreatePullRequest
--- PASS: TestExpiresIntegerCodemod_ConvertsCreatePullRequest (0.00s)
=== RUN   TestExpiresIntegerCodemod_AlreadyStringFormat_NoChange
--- PASS: TestExpiresIntegerCodemod_AlreadyStringFormat_NoChange (0.00s)
=== RUN   TestExpiresIntegerCodemod_HourStringFormat_NoChange
--- PASS: TestExpiresIntegerCodemod_HourStringFormat_NoChange (0.00s)
=== RUN   TestExpiresIntegerCodemod_NoSafeOutputs_NoChange
--- PASS: TestExpiresIntegerCodemod_NoSafeOutputs_NoChange (0.00s)
=== RUN   TestExpiresIntegerCodemod_PreservesComment
--- PASS: TestExpiresIntegerCodemod_PreservesComment (0.00s)
=== RUN   TestExpiresIntegerCodemod_PreservesOtherFields
--- PASS: TestExpiresIntegerCodemod_PreservesOtherFields (0.00s)
=== RUN   TestExpiresIntegerCodemod_MultipleOutputTypes
--- PASS: TestExpiresIntegerCodemod_MultipleOutputTypes (0.00s)
=== RUN   TestConvertExpiresLineToString_Integer
=== RUN   TestConvertExpiresLineToString_Integer/simple_integer
=== RUN   TestConvertExpiresLineToString_Integer/integer_with_trailing_comment
=== RUN   TestConvertExpiresLineToString_Integer/already_day_string
=== RUN   TestConvertExpiresLineToString_Integer/hour_string
=== RUN   TestConvertExpiresLineToString_Integer/week_string
=== RUN   TestConvertExpiresLineToString_Integer/false_value
=== RUN   TestConvertExpiresLineToString_Integer/no_indentation
--- PASS: TestConvertExpiresLineToString_Integer (0.00s)
    --- PASS: TestConvertExpiresLineToString_Integer/simple_integer (0.00s)
    --- PASS: TestConvertExpiresLineToString_Integer/integer_with_trailing_comment (0.00s)
    --- PASS: TestConvertExpiresLineToString_Integer/already_day_string (0.00s)
    --- PASS: TestConvertExpiresLineToString_Integer/hour_string (0.00s)
    --- PASS: TestConvertExpiresLineToString_Integer/week_string (0.00s)
    --- PASS: TestConvertExpiresLineToString_Integer/false_value (0.00s)
    --- PASS: TestConvertExpiresLineToString_Integer/no_indentation (0.00s)
=== RUN   TestNewFieldRemovalCodemod_Metadata
--- PASS: TestNewFieldRemovalCodemod_Metadata (0.00s)
=== RUN   TestNewFieldRemovalCodemod_ParentKeyMissing
--- PASS: TestNewFieldRemovalCodemod_ParentKeyMissing (0.00s)
=== RUN   TestNewFieldRemovalCodemod_ParentKeyWrongType
--- PASS: TestNewFieldRemovalCodemod_ParentKeyWrongType (0.00s)
=== RUN   TestNewFieldRemovalCodemod_FieldKeyMissing
--- PASS: TestNewFieldRemovalCodemod_FieldKeyMissing (0.00s)
=== RUN   TestNewFieldRemovalCodemod_SuccessfulRemoval
--- PASS: TestNewFieldRemovalCodemod_SuccessfulRemoval (0.00s)
=== RUN   TestNewFieldRemovalCodemod_PostTransformInvoked
--- PASS: TestNewFieldRemovalCodemod_PostTransformInvoked (0.00s)
=== RUN   TestNewFieldRemovalCodemod_PostTransformNotCalledWhenFieldAbsent
--- PASS: TestNewFieldRemovalCodemod_PostTransformNotCalledWhenFieldAbsent (0.00s)
=== RUN   TestNewFieldRemovalCodemod_TableDriven
=== RUN   TestNewFieldRemovalCodemod_TableDriven/parent_key_absent
=== RUN   TestNewFieldRemovalCodemod_TableDriven/parent_not_a_map
=== RUN   TestNewFieldRemovalCodemod_TableDriven/child_field_absent
=== RUN   TestNewFieldRemovalCodemod_TableDriven/child_field_present
--- PASS: TestNewFieldRemovalCodemod_TableDriven (0.00s)
    --- PASS: TestNewFieldRemovalCodemod_TableDriven/parent_key_absent (0.00s)
    --- PASS: TestNewFieldRemovalCodemod_TableDriven/parent_not_a_map (0.00s)
    --- PASS: TestNewFieldRemovalCodemod_TableDriven/child_field_absent (0.00s)
    --- PASS: TestNewFieldRemovalCodemod_TableDriven/child_field_present (0.00s)
=== RUN   TestGitHubAppClientIDCodemod
=== RUN   TestGitHubAppClientIDCodemod/renames_app-id_under_github-app_blocks
=== RUN   TestGitHubAppClientIDCodemod/does_not_modify_content_without_github-app.app-id
=== RUN   TestGitHubAppClientIDCodemod/does_not_rename_app-id_outside_github-app_blocks
--- PASS: TestGitHubAppClientIDCodemod (0.00s)
    --- PASS: TestGitHubAppClientIDCodemod/renames_app-id_under_github-app_blocks (0.00s)
    --- PASS: TestGitHubAppClientIDCodemod/does_not_modify_content_without_github-app.app-id (0.00s)
    --- PASS: TestGitHubAppClientIDCodemod/does_not_rename_app-id_outside_github-app_blocks (0.00s)
=== RUN   TestGitHubAppCodemod
=== RUN   TestGitHubAppCodemod/renames_app_to_github-app_under_tools.github
=== RUN   TestGitHubAppCodemod/renames_app_to_github-app_under_safe-outputs
=== RUN   TestGitHubAppCodemod/renames_app_to_github-app_under_checkout
=== RUN   TestGitHubAppCodemod/does_not_modify_workflows_without_app_field
=== RUN   TestGitHubAppCodemod/does_not_modify_app_field_outside_target_sections
=== RUN   TestGitHubAppCodemod/renames_app_in_all_three_sections
=== RUN   TestGitHubAppCodemod/does_not_rename_already_migrated_github-app_field
=== RUN   TestGitHubAppCodemod/renames_app_to_github-app_inside_checkout_array_item
=== RUN   TestGitHubAppCodemod/preserves_comments_and_formatting
--- PASS: TestGitHubAppCodemod (0.00s)
    --- PASS: TestGitHubAppCodemod/renames_app_to_github-app_under_tools.github (0.00s)
    --- PASS: TestGitHubAppCodemod/renames_app_to_github-app_under_safe-outputs (0.00s)
    --- PASS: TestGitHubAppCodemod/renames_app_to_github-app_under_checkout (0.00s)
    --- PASS: TestGitHubAppCodemod/does_not_modify_workflows_without_app_field (0.00s)
    --- PASS: TestGitHubAppCodemod/does_not_modify_app_field_outside_target_sections (0.00s)
    --- PASS: TestGitHubAppCodemod/renames_app_in_all_three_sections (0.00s)
    --- PASS: TestGitHubAppCodemod/does_not_rename_already_migrated_github-app_field (0.00s)
    --- PASS: TestGitHubAppCodemod/renames_app_to_github-app_inside_checkout_array_item (0.00s)
    --- PASS: TestGitHubAppCodemod/preserves_comments_and_formatting (0.00s)
=== RUN   TestGitHubReposToAllowedReposCodemod
=== RUN   TestGitHubReposToAllowedReposCodemod/renames_repos_to_allowed-repos_under_tools.github
=== RUN   TestGitHubReposToAllowedReposCodemod/renames_repos_array_to_allowed-repos_under_tools.github
=== RUN   TestGitHubReposToAllowedReposCodemod/does_not_modify_workflows_without_repos_field
=== RUN   TestGitHubReposToAllowedReposCodemod/does_not_modify_workflows_without_tools.github_section
=== RUN   TestGitHubReposToAllowedReposCodemod/does_not_rename_already-migrated_allowed-repos_field
=== RUN   TestGitHubReposToAllowedReposCodemod/does_not_rename_repos_when_allowed-repos_already_present
=== RUN   TestGitHubReposToAllowedReposCodemod/does_not_rename_repos_in_toolsets_list
=== RUN   TestGitHubReposToAllowedReposCodemod/does_not_rename_repos_in_comments
--- PASS: TestGitHubReposToAllowedReposCodemod (0.00s)
    --- PASS: TestGitHubReposToAllowedReposCodemod/renames_repos_to_allowed-repos_under_tools.github (0.00s)
    --- PASS: TestGitHubReposToAllowedReposCodemod/renames_repos_array_to_allowed-repos_under_tools.github (0.00s)
    --- PASS: TestGitHubReposToAllowedReposCodemod/does_not_modify_workflows_without_repos_field (0.00s)
    --- PASS: TestGitHubReposToAllowedReposCodemod/does_not_modify_workflows_without_tools.github_section (0.00s)
    --- PASS: TestGitHubReposToAllowedReposCodemod/does_not_rename_already-migrated_allowed-repos_field (0.00s)
    --- PASS: TestGitHubReposToAllowedReposCodemod/does_not_rename_repos_when_allowed-repos_already_present (0.00s)
    --- PASS: TestGitHubReposToAllowedReposCodemod/does_not_rename_repos_in_toolsets_list (0.00s)
    --- PASS: TestGitHubReposToAllowedReposCodemod/does_not_rename_repos_in_comments (0.00s)
=== RUN   TestGetGrepToolRemovalCodemod
--- PASS: TestGetGrepToolRemovalCodemod (0.00s)
=== RUN   TestGrepToolRemovalCodemod_BasicRemoval
--- PASS: TestGrepToolRemovalCodemod_BasicRemoval (0.00s)
=== RUN   TestGrepToolRemovalCodemod_NoToolsBlock
--- PASS: TestGrepToolRemovalCodemod_NoToolsBlock (0.00s)
=== RUN   TestGrepToolRemovalCodemod_NoGrepField
--- PASS: TestGrepToolRemovalCodemod_NoGrepField (0.00s)
=== RUN   TestGrepToolRemovalCodemod_PreservesOtherTools
--- PASS: TestGrepToolRemovalCodemod_PreservesOtherTools (0.00s)
=== RUN   TestGrepToolRemovalCodemod_GrepWithFalseValue
--- PASS: TestGrepToolRemovalCodemod_GrepWithFalseValue (0.00s)
=== RUN   TestGrepToolRemovalCodemod_PreservesMarkdown
--- PASS: TestGrepToolRemovalCodemod_PreservesMarkdown (0.00s)
=== RUN   TestGrepToolRemovalCodemod_ToolsAsInvalidType
--- PASS: TestGrepToolRemovalCodemod_ToolsAsInvalidType (0.00s)
=== RUN   TestGetInferToDisableModelInvocationCodemod
--- PASS: TestGetInferToDisableModelInvocationCodemod (0.00s)
=== RUN   TestInferToDisableModelInvocation_InferFalse
--- PASS: TestInferToDisableModelInvocation_InferFalse (0.00s)
=== RUN   TestInferToDisableModelInvocation_InferTrue
--- PASS: TestInferToDisableModelInvocation_InferTrue (0.00s)
=== RUN   TestInferToDisableModelInvocation_NoInferField
--- PASS: TestInferToDisableModelInvocation_NoInferField (0.00s)
=== RUN   TestInferToDisableModelInvocation_BothFieldsPresent
--- PASS: TestInferToDisableModelInvocation_BothFieldsPresent (0.00s)
=== RUN   TestInferToDisableModelInvocation_PreservesOtherFields
--- PASS: TestInferToDisableModelInvocation_PreservesOtherFields (0.00s)
=== RUN   TestInlineAgentsFeatureRemovalCodemod
=== RUN   TestInlineAgentsFeatureRemovalCodemod/removes_inline-agents_when_true
=== RUN   TestInlineAgentsFeatureRemovalCodemod/removes_inline-agents_when_false
=== RUN   TestInlineAgentsFeatureRemovalCodemod/does_not_modify_when_inline-agents_is_absent
--- PASS: TestInlineAgentsFeatureRemovalCodemod (0.00s)
    --- PASS: TestInlineAgentsFeatureRemovalCodemod/removes_inline-agents_when_true (0.00s)
    --- PASS: TestInlineAgentsFeatureRemovalCodemod/removes_inline-agents_when_false (0.00s)
    --- PASS: TestInlineAgentsFeatureRemovalCodemod/does_not_modify_when_inline-agents_is_absent (0.00s)
=== RUN   TestGetInstallScriptURLCodemod
--- PASS: TestGetInstallScriptURLCodemod (0.00s)
=== RUN   TestInstallScriptURLCodemod_RawGitHubUserContent
--- PASS: TestInstallScriptURLCodemod_RawGitHubUserContent (0.00s)
=== RUN   TestInstallScriptURLCodemod_RefsHeadsMain
--- PASS: TestInstallScriptURLCodemod_RefsHeadsMain (0.00s)
=== RUN   TestInstallScriptURLCodemod_ShortForm
--- PASS: TestInstallScriptURLCodemod_ShortForm (0.00s)
=== RUN   TestInstallScriptURLCodemod_AlreadyMigrated
--- PASS: TestInstallScriptURLCodemod_AlreadyMigrated (0.00s)
=== RUN   TestInstallScriptURLCodemod_NoInstallScript
--- PASS: TestInstallScriptURLCodemod_NoInstallScript (0.00s)
=== RUN   TestInstallScriptURLCodemod_MultipleOccurrences
--- PASS: TestInstallScriptURLCodemod_MultipleOccurrences (0.00s)
=== RUN   TestInstallScriptURLCodemod_PreservesMarkdown
--- PASS: TestInstallScriptURLCodemod_PreservesMarkdown (0.00s)
=== RUN   TestInstallScriptURLCodemod_PreservesIndentation
--- PASS: TestInstallScriptURLCodemod_PreservesIndentation (0.00s)
=== RUN   TestInstallScriptURLCodemod_DifferentBranches
--- PASS: TestInstallScriptURLCodemod_DifferentBranches (0.00s)
=== RUN   TestMaxRunsToMaxTurnsCodemod_Metadata
--- PASS: TestMaxRunsToMaxTurnsCodemod_Metadata (0.00s)
=== RUN   TestMaxRunsToMaxTurnsCodemod_NoOpWhenAbsent
--- PASS: TestMaxRunsToMaxTurnsCodemod_NoOpWhenAbsent (0.00s)
=== RUN   TestMaxRunsToMaxTurnsCodemod_RenamesField
--- PASS: TestMaxRunsToMaxTurnsCodemod_RenamesField (0.00s)
=== RUN   TestMaxRunsToMaxTurnsCodemod_RemovesDeprecatedWhenBothPresent
--- PASS: TestMaxRunsToMaxTurnsCodemod_RemovesDeprecatedWhenBothPresent (0.00s)
=== RUN   TestMCPModeToTypeCodemod
=== RUN   TestMCPModeToTypeCodemod/renames_mode_to_type_in_custom_MCP_servers
=== RUN   TestMCPModeToTypeCodemod/does_not_modify_workflows_without_mcp-servers
=== RUN   TestMCPModeToTypeCodemod/does_not_modify_GitHub_tool_mode_field
=== RUN   TestMCPModeToTypeCodemod/handles_multiple_MCP_servers_with_mode
=== RUN   TestMCPModeToTypeCodemod/does_not_modify_when_no_mode_field_exists
=== RUN   TestMCPModeToTypeCodemod/preserves_comments_and_formatting
--- PASS: TestMCPModeToTypeCodemod (0.00s)
    --- PASS: TestMCPModeToTypeCodemod/renames_mode_to_type_in_custom_MCP_servers (0.00s)
    --- PASS: TestMCPModeToTypeCodemod/does_not_modify_workflows_without_mcp-servers (0.00s)
    --- PASS: TestMCPModeToTypeCodemod/does_not_modify_GitHub_tool_mode_field (0.00s)
    --- PASS: TestMCPModeToTypeCodemod/handles_multiple_MCP_servers_with_mode (0.00s)
    --- PASS: TestMCPModeToTypeCodemod/does_not_modify_when_no_mode_field_exists (0.00s)
    --- PASS: TestMCPModeToTypeCodemod/preserves_comments_and_formatting (0.00s)
=== RUN   TestGetMCPNetworkMigrationCodemod
--- PASS: TestGetMCPNetworkMigrationCodemod (0.00s)
=== RUN   TestMCPNetworkCodemod_NoMCPServers
--- PASS: TestMCPNetworkCodemod_NoMCPServers (0.00s)
=== RUN   TestMCPNetworkCodemod_MCPServerWithoutNetwork
--- PASS: TestMCPNetworkCodemod_MCPServerWithoutNetwork (0.00s)
=== RUN   TestMCPNetworkCodemod_SingleServerWithNetwork
--- PASS: TestMCPNetworkCodemod_SingleServerWithNetwork (0.00s)
=== RUN   TestMCPNetworkCodemod_MultipleServersWithSameNetwork
--- PASS: TestMCPNetworkCodemod_MultipleServersWithSameNetwork (0.00s)
=== RUN   TestMCPNetworkCodemod_MultipleServersWithDifferentNetworks
--- PASS: TestMCPNetworkCodemod_MultipleServersWithDifferentNetworks (0.00s)
=== RUN   TestMCPNetworkCodemod_MergeWithExistingTopLevelNetwork
--- PASS: TestMCPNetworkCodemod_MergeWithExistingTopLevelNetwork (0.00s)
=== RUN   TestMCPNetworkCodemod_PreservesOtherMCPFields
--- PASS: TestMCPNetworkCodemod_PreservesOtherMCPFields (0.00s)
=== RUN   TestMCPNetworkCodemod_MixedServersWithAndWithoutNetwork
--- PASS: TestMCPNetworkCodemod_MixedServersWithAndWithoutNetwork (0.00s)
=== RUN   TestMCPNetworkCodemod_PreservesMarkdown
--- PASS: TestMCPNetworkCodemod_PreservesMarkdown (0.00s)
=== RUN   TestMCPNetworkCodemod_PreservesComments
--- PASS: TestMCPNetworkCodemod_PreservesComments (0.00s)
=== RUN   TestMCPNetworkCodemod_EmptyNetworkAllowed
--- PASS: TestMCPNetworkCodemod_EmptyNetworkAllowed (0.00s)
=== RUN   TestMCPNetworkCodemod_NetworkWithoutAllowed
--- PASS: TestMCPNetworkCodemod_NetworkWithoutAllowed (0.00s)
=== RUN   TestMCPNetworkCodemod_DeduplicatesAcrossServersAndTopLevel
--- PASS: TestMCPNetworkCodemod_DeduplicatesAcrossServersAndTopLevel (0.00s)
=== RUN   TestGetMCPScriptsModeCodemod
--- PASS: TestGetMCPScriptsModeCodemod (0.00s)
=== RUN   TestMCPScriptsModeCodemod_RemovesMode
--- PASS: TestMCPScriptsModeCodemod_RemovesMode (0.00s)
=== RUN   TestMCPScriptsModeCodemod_NoMCPScriptsField
--- PASS: TestMCPScriptsModeCodemod_NoMCPScriptsField (0.00s)
=== RUN   TestMCPScriptsModeCodemod_NoModeField
--- PASS: TestMCPScriptsModeCodemod_NoModeField (0.00s)
=== RUN   TestMCPScriptsModeCodemod_PreservesIndentation
--- PASS: TestMCPScriptsModeCodemod_PreservesIndentation (0.00s)
=== RUN   TestMCPScriptsModeCodemod_PreservesComments
--- PASS: TestMCPScriptsModeCodemod_PreservesComments (0.00s)
=== RUN   TestMCPScriptsModeCodemod_PreservesMarkdown
--- PASS: TestMCPScriptsModeCodemod_PreservesMarkdown (0.00s)
=== RUN   TestGetMentionsAllowTeamMembersCodemod
--- PASS: TestGetMentionsAllowTeamMembersCodemod (0.00s)
=== RUN   TestMentionsAllowTeamMembersCodemod_HappyPath
--- PASS: TestMentionsAllowTeamMembersCodemod_HappyPath (0.00s)
=== RUN   TestMentionsAllowTeamMembersCodemod_NoOp_NoSafeOutputs
--- PASS: TestMentionsAllowTeamMembersCodemod_NoOp_NoSafeOutputs (0.00s)
=== RUN   TestMentionsAllowTeamMembersCodemod_NoOp_NoMentions
--- PASS: TestMentionsAllowTeamMembersCodemod_NoOp_NoMentions (0.00s)
=== RUN   TestMentionsAllowTeamMembersCodemod_NoOp_MentionsBoolean
--- PASS: TestMentionsAllowTeamMembersCodemod_NoOp_MentionsBoolean (0.00s)
=== RUN   TestMentionsAllowTeamMembersCodemod_NoOp_AlreadyMigrated
--- PASS: TestMentionsAllowTeamMembersCodemod_NoOp_AlreadyMigrated (0.00s)
=== RUN   TestMentionsAllowTeamMembersCodemod_Idempotent
--- PASS: TestMentionsAllowTeamMembersCodemod_Idempotent (0.00s)
=== RUN   TestMentionsAllowTeamMembersCodemod_PreservesInlineComment
--- PASS: TestMentionsAllowTeamMembersCodemod_PreservesInlineComment (0.00s)
=== RUN   TestMentionsAllowTeamMembersCodemod_PreservesIndentation
--- PASS: TestMentionsAllowTeamMembersCodemod_PreservesIndentation (0.00s)
=== RUN   TestMentionsAllowTeamMembersCodemod_PreservesMarkdownBody
--- PASS: TestMentionsAllowTeamMembersCodemod_PreservesMarkdownBody (0.00s)
=== RUN   TestMentionsAllowTeamMembersCodemod_NoOp_OldKeyAbsent
--- PASS: TestMentionsAllowTeamMembersCodemod_NoOp_OldKeyAbsent (0.00s)
=== RUN   TestMentionsAllowTeamMembersCodemod_FlowStyleMentions
--- PASS: TestMentionsAllowTeamMembersCodemod_FlowStyleMentions (0.00s)
=== RUN   TestGetMessagesEffectiveTokensSuffixToAICreditsSuffixCodemod
--- PASS: TestGetMessagesEffectiveTokensSuffixToAICreditsSuffixCodemod (0.00s)
=== RUN   TestMessagesEffectiveTokensSuffixToAICreditsSuffixCodemod_MigratesMessagesTemplates
--- PASS: TestMessagesEffectiveTokensSuffixToAICreditsSuffixCodemod_MigratesMessagesTemplates (0.00s)
=== RUN   TestMessagesEffectiveTokensSuffixToAICreditsSuffixCodemod_NoOpWhenPlaceholderMissing
--- PASS: TestMessagesEffectiveTokensSuffixToAICreditsSuffixCodemod_NoOpWhenPlaceholderMissing (0.00s)
=== RUN   TestMessagesEffectiveTokensSuffixToAICreditsSuffixCodemod_IdempotentAfterMigration
--- PASS: TestMessagesEffectiveTokensSuffixToAICreditsSuffixCodemod_IdempotentAfterMigration (0.00s)
=== RUN   TestMessagesETSuffixCodemod_PreservesFormattingAndBlockScalars
--- PASS: TestMessagesETSuffixCodemod_PreservesFormattingAndBlockScalars (0.00s)
=== RUN   TestMountAsCLIsToCLIProxyCodemod
=== RUN   TestMountAsCLIsToCLIProxyCodemod/renames_tools.mount-as-clis_to_tools.cli-proxy
=== RUN   TestMountAsCLIsToCLIProxyCodemod/removes_features.mcp-cli_flag
=== RUN   TestMountAsCLIsToCLIProxyCodemod/renames_mount-as-clis_and_removes_mcp-cli_together
=== RUN   TestMountAsCLIsToCLIProxyCodemod/does_not_apply_when_neither_key_present
=== RUN   TestMountAsCLIsToCLIProxyCodemod/does_not_rename_mount-as-clis_outside_tools_block
=== RUN   TestMountAsCLIsToCLIProxyCodemod/preserves_false_value_when_renaming
--- PASS: TestMountAsCLIsToCLIProxyCodemod (0.00s)
    --- PASS: TestMountAsCLIsToCLIProxyCodemod/renames_tools.mount-as-clis_to_tools.cli-proxy (0.00s)
    --- PASS: TestMountAsCLIsToCLIProxyCodemod/removes_features.mcp-cli_flag (0.00s)
    --- PASS: TestMountAsCLIsToCLIProxyCodemod/renames_mount-as-clis_and_removes_mcp-cli_together (0.00s)
    --- PASS: TestMountAsCLIsToCLIProxyCodemod/does_not_apply_when_neither_key_present (0.00s)
    --- PASS: TestMountAsCLIsToCLIProxyCodemod/does_not_rename_mount-as-clis_outside_tools_block (0.00s)
    --- PASS: TestMountAsCLIsToCLIProxyCodemod/preserves_false_value_when_renaming (0.00s)
=== RUN   TestGetNetworkFirewallCodemod
--- PASS: TestGetNetworkFirewallCodemod (0.00s)
=== RUN   TestNetworkFirewallCodemod_RemovesFirewallTrue
--- PASS: TestNetworkFirewallCodemod_RemovesFirewallTrue (0.00s)
=== RUN   TestNetworkFirewallCodemod_RemovesFirewallFalse
--- PASS: TestNetworkFirewallCodemod_RemovesFirewallFalse (0.00s)
=== RUN   TestNetworkFirewallCodemod_NoNetworkField
--- PASS: TestNetworkFirewallCodemod_NoNetworkField (0.00s)
=== RUN   TestNetworkFirewallCodemod_NoFirewallField
--- PASS: TestNetworkFirewallCodemod_NoFirewallField (0.00s)
=== RUN   TestNetworkFirewallCodemod_SkipsWhenSandboxExists
--- PASS: TestNetworkFirewallCodemod_SkipsWhenSandboxExists (0.00s)
=== RUN   TestNetworkFirewallCodemod_MigratesFirewallFalseIntoExistingSandbox
--- PASS: TestNetworkFirewallCodemod_MigratesFirewallFalseIntoExistingSandbox (0.00s)
=== RUN   TestNetworkFirewallCodemod_PreservesExistingSandboxDisableJustification
--- PASS: TestNetworkFirewallCodemod_PreservesExistingSandboxDisableJustification (0.00s)
=== RUN   TestNetworkFirewallCodemod_MigratesFirewallVersionIntoExistingSandbox
--- PASS: TestNetworkFirewallCodemod_MigratesFirewallVersionIntoExistingSandbox (0.00s)
=== RUN   TestNetworkFirewallCodemod_PreservesOtherNetworkFields
--- PASS: TestNetworkFirewallCodemod_PreservesOtherNetworkFields (0.00s)
=== RUN   TestNetworkFirewallCodemod_PreservesMarkdown
--- PASS: TestNetworkFirewallCodemod_PreservesMarkdown (0.00s)
=== RUN   TestNetworkFirewallCodemod_PreservesComments
--- PASS: TestNetworkFirewallCodemod_PreservesComments (0.00s)
=== RUN   TestNetworkFirewallCodemod_FirewallWithNestedProperties
--- PASS: TestNetworkFirewallCodemod_FirewallWithNestedProperties (0.00s)
=== RUN   TestNetworkFirewallCodemod_NullFirewallAddsSandboxAgent
--- PASS: TestNetworkFirewallCodemod_NullFirewallAddsSandboxAgent (0.00s)
=== RUN   TestNetworkFirewallCodemod_PreservesFirewallVersionInSandboxAgent
--- PASS: TestNetworkFirewallCodemod_PreservesFirewallVersionInSandboxAgent (0.00s)
=== RUN   TestNormalizeFirewallVersion_Float32Uses32BitPrecision
--- PASS: TestNormalizeFirewallVersion_Float32Uses32BitPrecision (0.00s)
=== RUN   TestGetPermissionsReadCodemod
--- PASS: TestGetPermissionsReadCodemod (0.00s)
=== RUN   TestPermissionsReadCodemod_Read
--- PASS: TestPermissionsReadCodemod_Read (0.00s)
=== RUN   TestPermissionsReadCodemod_Write
--- PASS: TestPermissionsReadCodemod_Write (0.00s)
=== RUN   TestPermissionsReadCodemod_NoChange_ReadAll
--- PASS: TestPermissionsReadCodemod_NoChange_ReadAll (0.00s)
=== RUN   TestPermissionsReadCodemod_NoChange_WriteAll
--- PASS: TestPermissionsReadCodemod_NoChange_WriteAll (0.00s)
=== RUN   TestPermissionsReadCodemod_NoChange_MapFormat
--- PASS: TestPermissionsReadCodemod_NoChange_MapFormat (0.00s)
=== RUN   TestPermissionsReadCodemod_NoPermissions
--- PASS: TestPermissionsReadCodemod_NoPermissions (0.00s)
=== RUN   TestPermissionsReadCodemod_PreservesMarkdown
--- PASS: TestPermissionsReadCodemod_PreservesMarkdown (0.00s)
=== RUN   TestGetWritePermissionsCodemod
--- PASS: TestGetWritePermissionsCodemod (0.00s)
=== RUN   TestWritePermissionsCodemod_ShorthandWriteAll
--- PASS: TestWritePermissionsCodemod_ShorthandWriteAll (0.00s)
=== RUN   TestWritePermissionsCodemod_ShorthandWrite
--- PASS: TestWritePermissionsCodemod_ShorthandWrite (0.00s)
=== RUN   TestWritePermissionsCodemod_MapFormat
--- PASS: TestWritePermissionsCodemod_MapFormat (0.00s)
=== RUN   TestWritePermissionsCodemod_MultipleWritePermissions
--- PASS: TestWritePermissionsCodemod_MultipleWritePermissions (0.00s)
=== RUN   TestWritePermissionsCodemod_NoPermissionsField
--- PASS: TestWritePermissionsCodemod_NoPermissionsField (0.00s)
=== RUN   TestWritePermissionsCodemod_OnlyReadPermissions
--- PASS: TestWritePermissionsCodemod_OnlyReadPermissions (0.00s)
=== RUN   TestWritePermissionsCodemod_PreservesIndentation
--- PASS: TestWritePermissionsCodemod_PreservesIndentation (0.00s)
=== RUN   TestWritePermissionsCodemod_PreservesComments
--- PASS: TestWritePermissionsCodemod_PreservesComments (0.00s)
=== RUN   TestWritePermissionsCodemod_PreservesMarkdown
--- PASS: TestWritePermissionsCodemod_PreservesMarkdown (0.00s)
=== RUN   TestWritePermissionsCodemod_SkipsIdToken
--- PASS: TestWritePermissionsCodemod_SkipsIdToken (0.00s)
=== RUN   TestWritePermissionsCodemod_SkipsCopilotRequests
--- PASS: TestWritePermissionsCodemod_SkipsCopilotRequests (0.00s)
=== RUN   TestWritePermissionsCodemod_MixedWithIdToken
--- PASS: TestWritePermissionsCodemod_MixedWithIdToken (0.00s)
=== RUN   TestWritePermissionsCodemod_MixedWithCopilotRequests
--- PASS: TestWritePermissionsCodemod_MixedWithCopilotRequests (0.00s)
=== RUN   TestGetPlaywrightDomainsCodemod
--- PASS: TestGetPlaywrightDomainsCodemod (0.00s)
=== RUN   TestPlaywrightDomainsCodemod_NoTools
--- PASS: TestPlaywrightDomainsCodemod_NoTools (0.00s)
=== RUN   TestPlaywrightDomainsCodemod_NoPlaywright
--- PASS: TestPlaywrightDomainsCodemod_NoPlaywright (0.00s)
=== RUN   TestPlaywrightDomainsCodemod_NoAllowedDomains
--- PASS: TestPlaywrightDomainsCodemod_NoAllowedDomains (0.00s)
=== RUN   TestPlaywrightDomainsCodemod_BasicMigration
--- PASS: TestPlaywrightDomainsCodemod_BasicMigration (0.00s)
=== RUN   TestPlaywrightDomainsCodemod_PreservesVersion
--- PASS: TestPlaywrightDomainsCodemod_PreservesVersion (0.00s)
=== RUN   TestPlaywrightDomainsCodemod_MergesWithExistingNetwork
--- PASS: TestPlaywrightDomainsCodemod_MergesWithExistingNetwork (0.00s)
=== RUN   TestPlaywrightDomainsCodemod_DeduplicatesDomains
--- PASS: TestPlaywrightDomainsCodemod_DeduplicatesDomains (0.00s)
=== RUN   TestPlaywrightDomainsCodemod_SingleDomainString
--- PASS: TestPlaywrightDomainsCodemod_SingleDomainString (0.00s)
=== RUN   TestPullRequestTargetCheckoutFalseCodemod
=== RUN   TestPullRequestTargetCheckoutFalseCodemod/adds_checkout_false_after_on_block_when_missing
=== RUN   TestPullRequestTargetCheckoutFalseCodemod/normalizes_checkout_true_to_false
=== RUN   TestPullRequestTargetCheckoutFalseCodemod/preserves_inline_comment_spacing_when_normalizing_checkout
=== RUN   TestPullRequestTargetCheckoutFalseCodemod/does_not_modify_when_checkout_false_already_exists
=== RUN   TestPullRequestTargetCheckoutFalseCodemod/does_not_modify_non_pull_request_target_workflow
=== RUN   TestPullRequestTargetCheckoutFalseCodemod/does_not_modify_when_explicit_checkout_command_exists
=== RUN   TestPullRequestTargetCheckoutFalseCodemod/does_not_modify_when_git_checkout_uses_tab_separator
=== RUN   TestPullRequestTargetCheckoutFalseCodemod/does_not_modify_when_strict_is_explicitly_false
=== RUN   TestPullRequestTargetCheckoutFalseCodemod/does_not_modify_when_checkout_is_a_mapping_with_sub-keys
--- PASS: TestPullRequestTargetCheckoutFalseCodemod (0.00s)
    --- PASS: TestPullRequestTargetCheckoutFalseCodemod/adds_checkout_false_after_on_block_when_missing (0.00s)
    --- PASS: TestPullRequestTargetCheckoutFalseCodemod/normalizes_checkout_true_to_false (0.00s)
    --- PASS: TestPullRequestTargetCheckoutFalseCodemod/preserves_inline_comment_spacing_when_normalizing_checkout (0.00s)
    --- PASS: TestPullRequestTargetCheckoutFalseCodemod/does_not_modify_when_checkout_false_already_exists (0.00s)
    --- PASS: TestPullRequestTargetCheckoutFalseCodemod/does_not_modify_non_pull_request_target_workflow (0.00s)
    --- PASS: TestPullRequestTargetCheckoutFalseCodemod/does_not_modify_when_explicit_checkout_command_exists (0.00s)
    --- PASS: TestPullRequestTargetCheckoutFalseCodemod/does_not_modify_when_git_checkout_uses_tab_separator (0.00s)
    --- PASS: TestPullRequestTargetCheckoutFalseCodemod/does_not_modify_when_strict_is_explicitly_false (0.00s)
    --- PASS: TestPullRequestTargetCheckoutFalseCodemod/does_not_modify_when_checkout_is_a_mapping_with_sub-keys (0.00s)
=== RUN   TestGetRolesToOnRolesCodemod
--- PASS: TestGetRolesToOnRolesCodemod (0.00s)
=== RUN   TestRolesToOnRolesCodemod_SingleLineArray
--- PASS: TestRolesToOnRolesCodemod_SingleLineArray (0.00s)
=== RUN   TestRolesToOnRolesCodemod_MultiLineArray
--- PASS: TestRolesToOnRolesCodemod_MultiLineArray (0.00s)
=== RUN   TestRolesToOnRolesCodemod_AllValue
--- PASS: TestRolesToOnRolesCodemod_AllValue (0.00s)
=== RUN   TestRolesToOnRolesCodemod_NoOnBlock
--- PASS: TestRolesToOnRolesCodemod_NoOnBlock (0.00s)
=== RUN   TestRolesToOnRolesCodemod_NoChange_NoRoles
--- PASS: TestRolesToOnRolesCodemod_NoChange_NoRoles (0.00s)
=== RUN   TestRolesToOnRolesCodemod_NoChange_OnRolesExists
--- PASS: TestRolesToOnRolesCodemod_NoChange_OnRolesExists (0.00s)
=== RUN   TestGetRunInstallScriptsToRuntimesNodeCodemod_Metadata
--- PASS: TestGetRunInstallScriptsToRuntimesNodeCodemod_Metadata (0.00s)
=== RUN   TestRunInstallScriptsToRuntimesNode_NoOp
=== RUN   TestRunInstallScriptsToRuntimesNode_NoOp/no_run-install-scripts_field
=== RUN   TestRunInstallScriptsToRuntimesNode_NoOp/only_runtimes.node.run-install-scripts_(already_nested)
--- PASS: TestRunInstallScriptsToRuntimesNode_NoOp (0.00s)
    --- PASS: TestRunInstallScriptsToRuntimesNode_NoOp/no_run-install-scripts_field (0.00s)
    --- PASS: TestRunInstallScriptsToRuntimesNode_NoOp/only_runtimes.node.run-install-scripts_(already_nested) (0.00s)
=== RUN   TestRunInstallScriptsToRuntimesNode_AppendNewRuntimesBlock
--- PASS: TestRunInstallScriptsToRuntimesNode_AppendNewRuntimesBlock (0.00s)
=== RUN   TestRunInstallScriptsToRuntimesNode_FalseValue
--- PASS: TestRunInstallScriptsToRuntimesNode_FalseValue (0.00s)
=== RUN   TestRunInstallScriptsToRuntimesNode_ExistingRuntimesNoNode
--- PASS: TestRunInstallScriptsToRuntimesNode_ExistingRuntimesNoNode (0.00s)
=== RUN   TestRunInstallScriptsToRuntimesNode_ExistingRuntimesWithNode
--- PASS: TestRunInstallScriptsToRuntimesNode_ExistingRuntimesWithNode (0.00s)
=== RUN   TestRunInstallScriptsToRuntimesNode_IdempotentBothPresent
--- PASS: TestRunInstallScriptsToRuntimesNode_IdempotentBothPresent (0.00s)
=== RUN   TestRunInstallScriptsToRuntimesNode_PreservesOtherFields
--- PASS: TestRunInstallScriptsToRuntimesNode_PreservesOtherFields (0.00s)
=== RUN   TestGetSafeInputsToMCPScriptsCodemod
--- PASS: TestGetSafeInputsToMCPScriptsCodemod (0.00s)
=== RUN   TestSafeInputsToMCPScriptsCodemod_RenamesKey
--- PASS: TestSafeInputsToMCPScriptsCodemod_RenamesKey (0.00s)
=== RUN   TestSafeInputsToMCPScriptsCodemod_NoSafeInputsField
--- PASS: TestSafeInputsToMCPScriptsCodemod_NoSafeInputsField (0.00s)
=== RUN   TestSafeInputsToMCPScriptsCodemod_PreservesIndentedContent
--- PASS: TestSafeInputsToMCPScriptsCodemod_PreservesIndentedContent (0.00s)
=== RUN   TestSafeInputsToMCPScriptsCodemod_PreservesMarkdown
--- PASS: TestSafeInputsToMCPScriptsCodemod_PreservesMarkdown (0.00s)
=== RUN   TestSafeOutputAddReviewerAllowlistsCodemod
=== RUN   TestSafeOutputAddReviewerAllowlistsCodemod/renames_reviewers_and_team-reviewers_to_allowed-reviewers_and_allowed-team-reviewers
=== RUN   TestSafeOutputAddReviewerAllowlistsCodemod/renames_only_reviewers_when_team-reviewers_absent
=== RUN   TestSafeOutputAddReviewerAllowlistsCodemod/does_not_modify_when_new_fields_already_present
=== RUN   TestSafeOutputAddReviewerAllowlistsCodemod/does_not_affect_create-pull-request_reviewers
=== RUN   TestSafeOutputAddReviewerAllowlistsCodemod/no-op_when_safe-outputs_missing
--- PASS: TestSafeOutputAddReviewerAllowlistsCodemod (0.00s)
    --- PASS: TestSafeOutputAddReviewerAllowlistsCodemod/renames_reviewers_and_team-reviewers_to_allowed-reviewers_and_allowed-team-reviewers (0.00s)
    --- PASS: TestSafeOutputAddReviewerAllowlistsCodemod/renames_only_reviewers_when_team-reviewers_absent (0.00s)
    --- PASS: TestSafeOutputAddReviewerAllowlistsCodemod/does_not_modify_when_new_fields_already_present (0.00s)
    --- PASS: TestSafeOutputAddReviewerAllowlistsCodemod/does_not_affect_create-pull-request_reviewers (0.00s)
    --- PASS: TestSafeOutputAddReviewerAllowlistsCodemod/no-op_when_safe-outputs_missing (0.00s)
=== RUN   TestSafeOutputMergePRConstraintsCodemod
=== RUN   TestSafeOutputMergePRConstraintsCodemod/renames_allowed-labels_to_required-labels,_leaves_allowed-branches_unchanged
=== RUN   TestSafeOutputMergePRConstraintsCodemod/no-op_when_only_allowed-branches_present_(no_allowed-labels_to_migrate)
=== RUN   TestSafeOutputMergePRConstraintsCodemod/does_not_modify_when_new_fields_already_present
=== RUN   TestSafeOutputMergePRConstraintsCodemod/does_not_affect_other_safe-outputs_handlers
=== RUN   TestSafeOutputMergePRConstraintsCodemod/no-op_when_safe-outputs_missing
--- PASS: TestSafeOutputMergePRConstraintsCodemod (0.00s)
    --- PASS: TestSafeOutputMergePRConstraintsCodemod/renames_allowed-labels_to_required-labels,_leaves_allowed-branches_unchanged (0.00s)
    --- PASS: TestSafeOutputMergePRConstraintsCodemod/no-op_when_only_allowed-branches_present_(no_allowed-labels_to_migrate) (0.00s)
    --- PASS: TestSafeOutputMergePRConstraintsCodemod/does_not_modify_when_new_fields_already_present (0.00s)
    --- PASS: TestSafeOutputMergePRConstraintsCodemod/does_not_affect_other_safe-outputs_handlers (0.00s)
    --- PASS: TestSafeOutputMergePRConstraintsCodemod/no-op_when_safe-outputs_missing (0.00s)
=== RUN   TestSafeOutputRequireTitlePrefixCodemod
=== RUN   TestSafeOutputRequireTitlePrefixCodemod/renames_close_and_push_constraint_keys
=== RUN   TestSafeOutputRequireTitlePrefixCodemod/does_not_rename_create-issue_title-prefix
=== RUN   TestSafeOutputRequireTitlePrefixCodemod/does_not_modify_when_required_field_already_present
=== RUN   TestSafeOutputRequireTitlePrefixCodemod/renames_push_labels_when_required-title-prefix_already_present
=== RUN   TestSafeOutputRequireTitlePrefixCodemod/renames_nested_push_keys_without_losing_active_handler
=== RUN   TestSafeOutputRequireTitlePrefixCodemod/only_renames_direct_handler_keys
--- PASS: TestSafeOutputRequireTitlePrefixCodemod (0.00s)
    --- PASS: TestSafeOutputRequireTitlePrefixCodemod/renames_close_and_push_constraint_keys (0.00s)
    --- PASS: TestSafeOutputRequireTitlePrefixCodemod/does_not_rename_create-issue_title-prefix (0.00s)
    --- PASS: TestSafeOutputRequireTitlePrefixCodemod/does_not_modify_when_required_field_already_present (0.00s)
    --- PASS: TestSafeOutputRequireTitlePrefixCodemod/renames_push_labels_when_required-title-prefix_already_present (0.00s)
    --- PASS: TestSafeOutputRequireTitlePrefixCodemod/renames_nested_push_keys_without_losing_active_handler (0.00s)
    --- PASS: TestSafeOutputRequireTitlePrefixCodemod/only_renames_direct_handler_keys (0.00s)
=== RUN   TestGetSandboxAgentFalseRemovalCodemod
--- PASS: TestGetSandboxAgentFalseRemovalCodemod (0.00s)
=== RUN   TestSandboxAgentFalseRemoval_RemovesAgentFalse
--- PASS: TestSandboxAgentFalseRemoval_RemovesAgentFalse (0.00s)
=== RUN   TestSandboxAgentFalseRemoval_PreservesOtherSandboxKeys
--- PASS: TestSandboxAgentFalseRemoval_PreservesOtherSandboxKeys (0.00s)
=== RUN   TestSandboxAgentFalseRemoval_NoSandboxKey
--- PASS: TestSandboxAgentFalseRemoval_NoSandboxKey (0.00s)
=== RUN   TestSandboxAgentFalseRemoval_AgentNotFalse
--- PASS: TestSandboxAgentFalseRemoval_AgentNotFalse (0.00s)
=== RUN   TestSandboxAgentFalseRemoval_AgentObject
--- PASS: TestSandboxAgentFalseRemoval_AgentObject (0.00s)
=== RUN   TestSandboxAgentFalseRemoval_AgentTrue
--- PASS: TestSandboxAgentFalseRemoval_AgentTrue (0.00s)
=== RUN   TestSandboxAgentFalseRemoval_SkipsWhenStrictFalse
--- PASS: TestSandboxAgentFalseRemoval_SkipsWhenStrictFalse (0.00s)
=== RUN   TestSandboxAgentFalseRemoval_PreservesMarkdown
--- PASS: TestSandboxAgentFalseRemoval_PreservesMarkdown (0.00s)
=== RUN   TestSandboxAgentFalseRemoval_NoAgentKey
--- PASS: TestSandboxAgentFalseRemoval_NoAgentKey (0.00s)
=== RUN   TestGetSandboxFalseToAgentFalseCodemod
--- PASS: TestGetSandboxFalseToAgentFalseCodemod (0.00s)
=== RUN   TestSandboxFalseToAgentFalseCodemod_ConvertsBooleanFalse
--- PASS: TestSandboxFalseToAgentFalseCodemod_ConvertsBooleanFalse (0.00s)
=== RUN   TestSandboxFalseToAgentFalseCodemod_PreservesIndentation
--- PASS: TestSandboxFalseToAgentFalseCodemod_PreservesIndentation (0.00s)
=== RUN   TestSandboxFalseToAgentFalseCodemod_NoSandboxField
--- PASS: TestSandboxFalseToAgentFalseCodemod_NoSandboxField (0.00s)
=== RUN   TestSandboxFalseToAgentFalseCodemod_SandboxTrue
--- PASS: TestSandboxFalseToAgentFalseCodemod_SandboxTrue (0.00s)
=== RUN   TestSandboxFalseToAgentFalseCodemod_SandboxObject
--- PASS: TestSandboxFalseToAgentFalseCodemod_SandboxObject (0.00s)
=== RUN   TestSandboxFalseToAgentFalseCodemod_PreservesMarkdown
--- PASS: TestSandboxFalseToAgentFalseCodemod_PreservesMarkdown (0.00s)
=== RUN   TestSandboxFalseToAgentFalseCodemod_WithStrictFalse
--- PASS: TestSandboxFalseToAgentFalseCodemod_WithStrictFalse (0.00s)
=== RUN   TestGetSandboxMCPContainerRemovalCodemod
--- PASS: TestGetSandboxMCPContainerRemovalCodemod (0.00s)
=== RUN   TestSandboxMCPContainerRemoval_RemovesContainer
--- PASS: TestSandboxMCPContainerRemoval_RemovesContainer (0.00s)
=== RUN   TestSandboxMCPContainerRemoval_NoSandboxKey
--- PASS: TestSandboxMCPContainerRemoval_NoSandboxKey (0.00s)
=== RUN   TestSandboxMCPContainerRemoval_NoMCPKey
--- PASS: TestSandboxMCPContainerRemoval_NoMCPKey (0.00s)
=== RUN   TestSandboxMCPContainerRemoval_NoContainerField
--- PASS: TestSandboxMCPContainerRemoval_NoContainerField (0.00s)
=== RUN   TestSandboxMCPContainerRemoval_PreservesMarkdown
--- PASS: TestSandboxMCPContainerRemoval_PreservesMarkdown (0.00s)
=== RUN   TestGetSandboxMCPVersionRemovalCodemod
--- PASS: TestGetSandboxMCPVersionRemovalCodemod (0.00s)
=== RUN   TestSandboxMCPVersionRemoval_RemovesVersion
--- PASS: TestSandboxMCPVersionRemoval_RemovesVersion (0.00s)
=== RUN   TestSandboxMCPVersionRemoval_NoVersionField
--- PASS: TestSandboxMCPVersionRemoval_NoVersionField (0.00s)
=== RUN   TestSandboxMCPVersionRemoval_NoSandboxKey
--- PASS: TestSandboxMCPVersionRemoval_NoSandboxKey (0.00s)
=== RUN   TestSandboxMCPContainerRemoval_SkipsWhenStrictFalse
--- PASS: TestSandboxMCPContainerRemoval_SkipsWhenStrictFalse (0.00s)
=== RUN   TestSandboxMCPVersionRemoval_SkipsWhenStrictFalse
--- PASS: TestSandboxMCPVersionRemoval_SkipsWhenStrictFalse (0.00s)
=== RUN   TestSandboxMCPVersionRemoval_BothContainerAndVersion
--- PASS: TestSandboxMCPVersionRemoval_BothContainerAndVersion (0.00s)
=== RUN   TestSandboxMCPContainerRemoval_RemovesEmptySandboxGrandparent
--- PASS: TestSandboxMCPContainerRemoval_RemovesEmptySandboxGrandparent (0.00s)
=== RUN   TestSandboxMCPVersionRemoval_RemovesEmptySandboxGrandparent
--- PASS: TestSandboxMCPVersionRemoval_RemovesEmptySandboxGrandparent (0.00s)
=== RUN   TestSandboxMCPContainerRemoval_KeepsSandboxWhenOtherChildrenRemain
--- PASS: TestSandboxMCPContainerRemoval_KeepsSandboxWhenOtherChildrenRemain (0.00s)
=== RUN   TestGetScheduleAtToAroundCodemod
--- PASS: TestGetScheduleAtToAroundCodemod (0.00s)
=== RUN   TestScheduleCodemod_DailyAt
--- PASS: TestScheduleCodemod_DailyAt (0.00s)
=== RUN   TestScheduleCodemod_WeeklyOnAt
--- PASS: TestScheduleCodemod_WeeklyOnAt (0.00s)
=== RUN   TestScheduleCodemod_MonthlyOn
--- PASS: TestScheduleCodemod_MonthlyOn (0.00s)
=== RUN   TestScheduleCodemod_MonthlyOnAt
--- PASS: TestScheduleCodemod_MonthlyOnAt (0.00s)
=== RUN   TestScheduleCodemod_DailyAround_NoChange
--- PASS: TestScheduleCodemod_DailyAround_NoChange (0.00s)
=== RUN   TestScheduleCodemod_StandardCron_NoChange
--- PASS: TestScheduleCodemod_StandardCron_NoChange (0.00s)
=== RUN   TestScheduleCodemod_PreservesIndentation
--- PASS: TestScheduleCodemod_PreservesIndentation (0.00s)
=== RUN   TestScheduleCodemod_MultipleSchedules
--- PASS: TestScheduleCodemod_MultipleSchedules (0.00s)
=== RUN   TestScheduleCodemod_ScheduleField
--- PASS: TestScheduleCodemod_ScheduleField (0.00s)
=== RUN   TestScheduleCodemod_PreservesMarkdown
--- PASS: TestScheduleCodemod_PreservesMarkdown (0.00s)
=== RUN   TestGetDeleteSchemaFileCodemod
--- PASS: TestGetDeleteSchemaFileCodemod (0.00s)
=== RUN   TestDeleteSchemaFileCodemod_NoChanges
--- PASS: TestDeleteSchemaFileCodemod_NoChanges (0.00s)
=== RUN   TestDeleteSchemaFileCodemod_AlwaysReturnsUnchanged
=== RUN   TestDeleteSchemaFileCodemod_AlwaysReturnsUnchanged/simple_workflow
=== RUN   TestDeleteSchemaFileCodemod_AlwaysReturnsUnchanged/complex_workflow
=== RUN   TestDeleteSchemaFileCodemod_AlwaysReturnsUnchanged/empty_content
--- PASS: TestDeleteSchemaFileCodemod_AlwaysReturnsUnchanged (0.00s)
    --- PASS: TestDeleteSchemaFileCodemod_AlwaysReturnsUnchanged/simple_workflow (0.00s)
    --- PASS: TestDeleteSchemaFileCodemod_AlwaysReturnsUnchanged/complex_workflow (0.00s)
    --- PASS: TestDeleteSchemaFileCodemod_AlwaysReturnsUnchanged/empty_content (0.00s)
=== RUN   TestSerenaToSharedImportCodemod
=== RUN   TestSerenaToSharedImportCodemod/migrates_tools.serena_short_syntax_to_imports
=== RUN   TestSerenaToSharedImportCodemod/migrates_tools.serena_long_syntax_languages_object_to_imports
=== RUN   TestSerenaToSharedImportCodemod/removes_tools.serena_when_shared_import_already_exists_without_adding_duplicate
=== RUN   TestSerenaToSharedImportCodemod/does_not_modify_workflows_without_tools.serena
=== RUN   TestSerenaToSharedImportCodemod/migrates_engine.tools.serena_and_preserves_engine_sibling_fields
=== RUN   TestSerenaToSharedImportCodemod/preserves_github/gh-aw_source_pin_when_migrating_serena_(does_not_rewrite_to_@main)
=== RUN   TestSerenaToSharedImportCodemod/storybookjs_and_FluidFramework:_preserves_pinned_source_and_migrates_tools.serena_to_imports
=== RUN   TestSerenaToSharedImportCodemod/storybookjs_and_FluidFramework:_preserves_pinned_source_and_migrates_tools.serena_to_imports/storybookjs/storybook
=== RUN   TestSerenaToSharedImportCodemod/storybookjs_and_FluidFramework:_preserves_pinned_source_and_migrates_tools.serena_to_imports/microsoft/FluidFramework
=== RUN   TestSerenaToSharedImportCodemod/falls_back_to_engine.tools.serena_when_top-level_tools.serena_is_invalid
=== RUN   TestSerenaToSharedImportCodemod/migrates_tools_list_form_(tools:_[serena])_with_empty_languages_placeholder
=== RUN   TestSerenaToSharedImportCodemod/migrates_tools_inline_list_form_(tools:_[serena])_with_empty_languages_placeholder
=== RUN   TestSerenaToSharedImportCodemod/migrates_tools_list_form_with_other_tools_preserved
=== RUN   TestSerenaToSharedImportCodemod/does_not_modify_workflows_with_tools_list_that_does_not_contain_serena
--- PASS: TestSerenaToSharedImportCodemod (0.00s)
    --- PASS: TestSerenaToSharedImportCodemod/migrates_tools.serena_short_syntax_to_imports (0.00s)
    --- PASS: TestSerenaToSharedImportCodemod/migrates_tools.serena_long_syntax_languages_object_to_imports (0.00s)
    --- PASS: TestSerenaToSharedImportCodemod/removes_tools.serena_when_shared_import_already_exists_without_adding_duplicate (0.00s)
    --- PASS: TestSerenaToSharedImportCodemod/does_not_modify_workflows_without_tools.serena (0.00s)
    --- PASS: TestSerenaToSharedImportCodemod/migrates_engine.tools.serena_and_preserves_engine_sibling_fields (0.00s)
    --- PASS: TestSerenaToSharedImportCodemod/preserves_github/gh-aw_source_pin_when_migrating_serena_(does_not_rewrite_to_@main) (0.00s)
    --- PASS: TestSerenaToSharedImportCodemod/storybookjs_and_FluidFramework:_preserves_pinned_source_and_migrates_tools.serena_to_imports (0.00s)
        --- PASS: TestSerenaToSharedImportCodemod/storybookjs_and_FluidFramework:_preserves_pinned_source_and_migrates_tools.serena_to_imports/storybookjs/storybook (0.00s)
        --- PASS: TestSerenaToSharedImportCodemod/storybookjs_and_FluidFramework:_preserves_pinned_source_and_migrates_tools.serena_to_imports/microsoft/FluidFramework (0.00s)
    --- PASS: TestSerenaToSharedImportCodemod/falls_back_to_engine.tools.serena_when_top-level_tools.serena_is_invalid (0.00s)
    --- PASS: TestSerenaToSharedImportCodemod/migrates_tools_list_form_(tools:_[serena])_with_empty_languages_placeholder (0.00s)
    --- PASS: TestSerenaToSharedImportCodemod/migrates_tools_inline_list_form_(tools:_[serena])_with_empty_languages_placeholder (0.00s)
    --- PASS: TestSerenaToSharedImportCodemod/migrates_tools_list_form_with_other_tools_preserved (0.00s)
    --- PASS: TestSerenaToSharedImportCodemod/does_not_modify_workflows_with_tools_list_that_does_not_contain_serena (0.00s)
=== RUN   TestGetCommandToSlashCommandCodemod
--- PASS: TestGetCommandToSlashCommandCodemod (0.00s)
=== RUN   TestSlashCommandCodemod_BasicMigration
--- PASS: TestSlashCommandCodemod_BasicMigration (0.00s)
=== RUN   TestSlashCommandCodemod_PreservesIndentation
--- PASS: TestSlashCommandCodemod_PreservesIndentation (0.00s)
=== RUN   TestSlashCommandCodemod_PreservesComment
--- PASS: TestSlashCommandCodemod_PreservesComment (0.00s)
=== RUN   TestSlashCommandCodemod_NoCommandField
--- PASS: TestSlashCommandCodemod_NoCommandField (0.00s)
=== RUN   TestSlashCommandCodemod_NoOnField
--- PASS: TestSlashCommandCodemod_NoOnField (0.00s)
=== RUN   TestSlashCommandCodemod_PreservesMarkdown
--- PASS: TestSlashCommandCodemod_PreservesMarkdown (0.00s)
=== RUN   TestSlashCommandCodemod_MultipleOnTriggers
--- PASS: TestSlashCommandCodemod_MultipleOnTriggers (0.00s)
=== RUN   TestStepsRunSecretsToEnvCodemod
=== RUN   TestStepsRunSecretsToEnvCodemod/moves_inline_run_secret_to_env_binding
=== RUN   TestStepsRunSecretsToEnvCodemod/appends_missing_binding_to_existing_env_block
=== RUN   TestStepsRunSecretsToEnvCodemod/supports_pre-steps_section
=== RUN   TestStepsRunSecretsToEnvCodemod/supports_post-steps_and_pre-agent-steps_sections
=== RUN   TestStepsRunSecretsToEnvCodemod/supports_list-item-inline_run_key
=== RUN   TestStepsRunSecretsToEnvCodemod/supports_list-item-inline_env_key_with_run_sibling
=== RUN   TestStepsRunSecretsToEnvCodemod/hoists_github_token_expression_from_run_to_env_binding
=== RUN   TestStepsRunSecretsToEnvCodemod/hoists_env_expression_from_run_to_env_binding
=== RUN   TestStepsRunSecretsToEnvCodemod/hoists_complex_secrets_fallback_expression
=== RUN   TestStepsRunSecretsToEnvCodemod/uses_distinct_env_bindings_for_different_complex_expressions_with_same_secret
=== RUN   TestStepsRunSecretsToEnvCodemod/hoists_mixed_expressions_with_deduplicated_bindings
=== RUN   TestStepsRunSecretsToEnvCodemod/does_not_duplicate_pre-existing_synthesized_bindings
=== RUN   TestStepsRunSecretsToEnvCodemod/no-op_when_no_inline_run_secrets_are_present
=== RUN   TestStepsRunSecretsToEnvCodemod/hoists_non-secrets_expression_to_EXPR__env_binding
=== RUN   TestStepsRunSecretsToEnvCodemod/hoists_inputs_expression_to_EXPR__env_binding
=== RUN   TestStepsRunSecretsToEnvCodemod/hoists_steps_output_expression_to_EXPR__env_binding
=== RUN   TestStepsRunSecretsToEnvCodemod/hoists_complex_non-secrets_expression_with_hash-based_name
=== RUN   TestStepsRunSecretsToEnvCodemod/uses_$env:VARNAME_for_PowerShell_steps_(pwsh)
=== RUN   TestStepsRunSecretsToEnvCodemod/uses_$env:VARNAME_for_PowerShell_steps_(powershell)
=== RUN   TestStepsRunSecretsToEnvCodemod/uses_$env:VARNAME_for_PowerShell_steps_with_secrets
=== RUN   TestStepsRunSecretsToEnvCodemod/bash_step_uses_$VARNAME_not_$env:VARNAME_for_EXPR__bindings
=== RUN   TestStepsRunSecretsToEnvCodemod/does_not_misclassify_shell_from_run_body_containing_shell:_pwsh
=== RUN   TestStepsRunSecretsToEnvCodemod/ignores_expressions_inside_shell_comment_lines_in_run_block
=== RUN   TestStepsRunSecretsToEnvCodemod/ignores_expressions_in_shell_comments_but_still_hoists_real_run_expressions
=== RUN   TestStepsRunSecretsToEnvCodemod/ignores_expressions_inside_pwsh_comment_lines_in_run_block
=== RUN   TestStepsRunSecretsToEnvCodemod/ignores_expressions_in_shell_comments_in_folded_run_block
=== RUN   TestStepsRunSecretsToEnvCodemod/uses_distinct_bindings_when_different_bodies_collide_to_the_same_EXPR__name
--- PASS: TestStepsRunSecretsToEnvCodemod (0.01s)
    --- PASS: TestStepsRunSecretsToEnvCodemod/moves_inline_run_secret_to_env_binding (0.00s)
    --- PASS: TestStepsRunSecretsToEnvCodemod/appends_missing_binding_to_existing_env_block (0.00s)
    --- PASS: TestStepsRunSecretsToEnvCodemod/supports_pre-steps_section (0.00s)
    --- PASS: TestStepsRunSecretsToEnvCodemod/supports_post-steps_and_pre-agent-steps_sections (0.00s)
    --- PASS: TestStepsRunSecretsToEnvCodemod/supports_list-item-inline_run_key (0.00s)
    --- PASS: TestStepsRunSecretsToEnvCodemod/supports_list-item-inline_env_key_with_run_sibling (0.00s)
    --- PASS: TestStepsRunSecretsToEnvCodemod/hoists_github_token_expression_from_run_to_env_binding (0.00s)
    --- PASS: TestStepsRunSecretsToEnvCodemod/hoists_env_expression_from_run_to_env_binding (0.00s)
    --- PASS: TestStepsRunSecretsToEnvCodemod/hoists_complex_secrets_fallback_expression (0.00s)
    --- PASS: TestStepsRunSecretsToEnvCodemod/uses_distinct_env_bindings_for_different_complex_expressions_with_same_secret (0.00s)
    --- PASS: TestStepsRunSecretsToEnvCodemod/hoists_mixed_expressions_with_deduplicated_bindings (0.00s)
    --- PASS: TestStepsRunSecretsToEnvCodemod/does_not_duplicate_pre-existing_synthesized_bindings (0.00s)
    --- PASS: TestStepsRunSecretsToEnvCodemod/no-op_when_no_inline_run_secrets_are_present (0.00s)
    --- PASS: TestStepsRunSecretsToEnvCodemod/hoists_non-secrets_expression_to_EXPR__env_binding (0.00s)
    --- PASS: TestStepsRunSecretsToEnvCodemod/hoists_inputs_expression_to_EXPR__env_binding (0.00s)
    --- PASS: TestStepsRunSecretsToEnvCodemod/hoists_steps_output_expression_to_EXPR__env_binding (0.00s)
    --- PASS: TestStepsRunSecretsToEnvCodemod/hoists_complex_non-secrets_expression_with_hash-based_name (0.00s)
    --- PASS: TestStepsRunSecretsToEnvCodemod/uses_$env:VARNAME_for_PowerShell_steps_(pwsh) (0.00s)
    --- PASS: TestStepsRunSecretsToEnvCodemod/uses_$env:VARNAME_for_PowerShell_steps_(powershell) (0.00s)
    --- PASS: TestStepsRunSecretsToEnvCodemod/uses_$env:VARNAME_for_PowerShell_steps_with_secrets (0.00s)
    --- PASS: TestStepsRunSecretsToEnvCodemod/bash_step_uses_$VARNAME_not_$env:VARNAME_for_EXPR__bindings (0.00s)
    --- PASS: TestStepsRunSecretsToEnvCodemod/does_not_misclassify_shell_from_run_body_containing_shell:_pwsh (0.00s)
    --- PASS: TestStepsRunSecretsToEnvCodemod/ignores_expressions_inside_shell_comment_lines_in_run_block (0.00s)
    --- PASS: TestStepsRunSecretsToEnvCodemod/ignores_expressions_in_shell_comments_but_still_hoists_real_run_expressions (0.00s)
    --- PASS: TestStepsRunSecretsToEnvCodemod/ignores_expressions_inside_pwsh_comment_lines_in_run_block (0.00s)
    --- PASS: TestStepsRunSecretsToEnvCodemod/ignores_expressions_in_shell_comments_in_folded_run_block (0.00s)
    --- PASS: TestStepsRunSecretsToEnvCodemod/uses_distinct_bindings_when_different_bodies_collide_to_the_same_EXPR__name (0.00s)
=== RUN   TestGetTimeoutMinutesCodemod
--- PASS: TestGetTimeoutMinutesCodemod (0.00s)
=== RUN   TestTimeoutMinutesCodemod_BasicMigration
--- PASS: TestTimeoutMinutesCodemod_BasicMigration (0.00s)
=== RUN   TestTimeoutMinutesCodemod_PreservesIndentation
--- PASS: TestTimeoutMinutesCodemod_PreservesIndentation (0.00s)
=== RUN   TestTimeoutMinutesCodemod_PreservesComments
--- PASS: TestTimeoutMinutesCodemod_PreservesComments (0.00s)
=== RUN   TestTimeoutMinutesCodemod_NoFieldPresent
--- PASS: TestTimeoutMinutesCodemod_NoFieldPresent (0.00s)
=== RUN   TestTimeoutMinutesCodemod_PreservesMarkdownBody
--- PASS: TestTimeoutMinutesCodemod_PreservesMarkdownBody (0.00s)
=== RUN   TestTimeoutMinutesCodemod_DifferentValues
=== RUN   TestTimeoutMinutesCodemod_DifferentValues/small_timeout
=== RUN   TestTimeoutMinutesCodemod_DifferentValues/medium_timeout
=== RUN   TestTimeoutMinutesCodemod_DifferentValues/large_timeout
=== RUN   TestTimeoutMinutesCodemod_DifferentValues/very_large_timeout
--- PASS: TestTimeoutMinutesCodemod_DifferentValues (0.00s)
    --- PASS: TestTimeoutMinutesCodemod_DifferentValues/small_timeout (0.00s)
    --- PASS: TestTimeoutMinutesCodemod_DifferentValues/medium_timeout (0.00s)
    --- PASS: TestTimeoutMinutesCodemod_DifferentValues/large_timeout (0.00s)
    --- PASS: TestTimeoutMinutesCodemod_DifferentValues/very_large_timeout (0.00s)
=== RUN   TestTimeoutMinutesCodemod_OnlyReplacesExactMatch
--- PASS: TestTimeoutMinutesCodemod_OnlyReplacesExactMatch (0.00s)
=== RUN   TestTimeoutMinutesCodemod_MultipleOccurrences
--- PASS: TestTimeoutMinutesCodemod_MultipleOccurrences (0.00s)
=== RUN   TestTopLevelEnvSecretsGuidedErrorCodemod
=== RUN   TestTopLevelEnvSecretsGuidedErrorCodemod/returns_guided_error_when_top-level_env_contains_a_secret
=== RUN   TestTopLevelEnvSecretsGuidedErrorCodemod/returns_deduplicated_guided_error_with_multiple_secret_references
=== RUN   TestTopLevelEnvSecretsGuidedErrorCodemod/no-op_when_top-level_env_has_no_secrets
=== RUN   TestTopLevelEnvSecretsGuidedErrorCodemod/no-op_when_there_is_no_top-level_env_section
=== RUN   TestTopLevelEnvSecretsGuidedErrorCodemod/no-op_when_env_only_uses_vars_not_secrets
=== RUN   TestTopLevelEnvSecretsGuidedErrorCodemod/does_not_modify_content_even_when_secret_found
--- PASS: TestTopLevelEnvSecretsGuidedErrorCodemod (0.00s)
    --- PASS: TestTopLevelEnvSecretsGuidedErrorCodemod/returns_guided_error_when_top-level_env_contains_a_secret (0.00s)
    --- PASS: TestTopLevelEnvSecretsGuidedErrorCodemod/returns_deduplicated_guided_error_with_multiple_secret_references (0.00s)
    --- PASS: TestTopLevelEnvSecretsGuidedErrorCodemod/no-op_when_top-level_env_has_no_secrets (0.00s)
    --- PASS: TestTopLevelEnvSecretsGuidedErrorCodemod/no-op_when_there_is_no_top-level_env_section (0.00s)
    --- PASS: TestTopLevelEnvSecretsGuidedErrorCodemod/no-op_when_env_only_uses_vars_not_secrets (0.00s)
    --- PASS: TestTopLevelEnvSecretsGuidedErrorCodemod/does_not_modify_content_even_when_secret_found (0.00s)
=== RUN   TestGetUploadAssetsCodemod
--- PASS: TestGetUploadAssetsCodemod (0.00s)
=== RUN   TestUploadAssetsCodemod_BasicMigration
--- PASS: TestUploadAssetsCodemod_BasicMigration (0.00s)
=== RUN   TestUploadAssetsCodemod_PreservesIndentation
--- PASS: TestUploadAssetsCodemod_PreservesIndentation (0.00s)
=== RUN   TestUploadAssetsCodemod_PreservesComment
--- PASS: TestUploadAssetsCodemod_PreservesComment (0.00s)
=== RUN   TestUploadAssetsCodemod_NoSafeOutputsField
--- PASS: TestUploadAssetsCodemod_NoSafeOutputsField (0.00s)
=== RUN   TestUploadAssetsCodemod_NoUploadAssetsField
--- PASS: TestUploadAssetsCodemod_NoUploadAssetsField (0.00s)
=== RUN   TestUploadAssetsCodemod_PreservesOtherFields
--- PASS: TestUploadAssetsCodemod_PreservesOtherFields (0.00s)
=== RUN   TestUploadAssetsCodemod_PreservesMarkdown
--- PASS: TestUploadAssetsCodemod_PreservesMarkdown (0.00s)
=== RUN   TestGetRateLimitToUserRateLimitCodemod
--- PASS: TestGetRateLimitToUserRateLimitCodemod (0.00s)
=== RUN   TestRateLimitToUserRateLimitCodemod_RenamesRateLimitAndMaxRuns
--- PASS: TestRateLimitToUserRateLimitCodemod_RenamesRateLimitAndMaxRuns (0.00s)
=== RUN   TestRateLimitToUserRateLimitCodemod_RenamesLegacyMaxKey
--- PASS: TestRateLimitToUserRateLimitCodemod_RenamesLegacyMaxKey (0.00s)
=== RUN   TestRateLimitToUserRateLimitCodemod_NoRateLimitField
--- PASS: TestRateLimitToUserRateLimitCodemod_NoRateLimitField (0.00s)
=== RUN   TestRateLimitToUserRateLimitCodemod_SkipsWhenBothKeysPresent
--- PASS: TestRateLimitToUserRateLimitCodemod_SkipsWhenBothKeysPresent (0.00s)
=== RUN   TestRateLimitToUserRateLimitCodemod_DoesNotRenameOtherMaxRuns
--- PASS: TestRateLimitToUserRateLimitCodemod_DoesNotRenameOtherMaxRuns (0.00s)
=== RUN   TestRateLimitToUserRateLimitCodemod_DoesNotRenameNestedMaxRuns
--- PASS: TestRateLimitToUserRateLimitCodemod_DoesNotRenameNestedMaxRuns (0.00s)
=== RUN   TestWorkflowDispatchRequiredFalseCodemod
=== RUN   TestWorkflowDispatchRequiredFalseCodemod/rewrites_required:_true_to_required:_false_for_slash_command_trigger
=== RUN   TestWorkflowDispatchRequiredFalseCodemod/rewrites_required:_true_to_required:_false_for_label_command_trigger
=== RUN   TestWorkflowDispatchRequiredFalseCodemod/rewrites_multiple_required:_true_inputs
=== RUN   TestWorkflowDispatchRequiredFalseCodemod/rewrites_only_required:_true_inputs_and_preserves_required:_false
=== RUN   TestWorkflowDispatchRequiredFalseCodemod/rewrites_when_inputs_line_has_trailing_comment
=== RUN   TestWorkflowDispatchRequiredFalseCodemod/rewrites_inline_inputs_mapping
=== RUN   TestWorkflowDispatchRequiredFalseCodemod/no-op_when_required_is_already_false
=== RUN   TestWorkflowDispatchRequiredFalseCodemod/no-op_when_no_slash_command_or_label_command_trigger
=== RUN   TestWorkflowDispatchRequiredFalseCodemod/no-op_when_no_workflow_dispatch_trigger
=== RUN   TestWorkflowDispatchRequiredFalseCodemod/no-op_when_workflow_dispatch_has_no_inputs
=== RUN   TestWorkflowDispatchRequiredFalseCodemod/preserves_other_input_fields_unchanged
--- PASS: TestWorkflowDispatchRequiredFalseCodemod (0.00s)
    --- PASS: TestWorkflowDispatchRequiredFalseCodemod/rewrites_required:_true_to_required:_false_for_slash_command_trigger (0.00s)
    --- PASS: TestWorkflowDispatchRequiredFalseCodemod/rewrites_required:_true_to_required:_false_for_label_command_trigger (0.00s)
    --- PASS: TestWorkflowDispatchRequiredFalseCodemod/rewrites_multiple_required:_true_inputs (0.00s)
    --- PASS: TestWorkflowDispatchRequiredFalseCodemod/rewrites_only_required:_true_inputs_and_preserves_required:_false (0.00s)
    --- PASS: TestWorkflowDispatchRequiredFalseCodemod/rewrites_when_inputs_line_has_trailing_comment (0.00s)
    --- PASS: TestWorkflowDispatchRequiredFalseCodemod/rewrites_inline_inputs_mapping (0.00s)
    --- PASS: TestWorkflowDispatchRequiredFalseCodemod/no-op_when_required_is_already_false (0.00s)
    --- PASS: TestWorkflowDispatchRequiredFalseCodemod/no-op_when_no_slash_command_or_label_command_trigger (0.00s)
    --- PASS: TestWorkflowDispatchRequiredFalseCodemod/no-op_when_no_workflow_dispatch_trigger (0.00s)
    --- PASS: TestWorkflowDispatchRequiredFalseCodemod/no-op_when_workflow_dispatch_has_no_inputs (0.00s)
    --- PASS: TestWorkflowDispatchRequiredFalseCodemod/preserves_other_input_fields_unchanged (0.00s)
=== RUN   TestWorkflowRunBranchesCodemod
=== PAUSE TestWorkflowRunBranchesCodemod
=== RUN   TestIsRunningInCodespace
=== RUN   TestIsRunningInCodespace/CODESPACES=true
=== RUN   TestIsRunningInCodespace/CODESPACES=TRUE_(uppercase)
=== RUN   TestIsRunningInCodespace/CODESPACES=True_(mixed_case)
=== RUN   TestIsRunningInCodespace/CODESPACES=false
=== RUN   TestIsRunningInCodespace/CODESPACES_not_set
=== RUN   TestIsRunningInCodespace/CODESPACES=other
--- PASS: TestIsRunningInCodespace (0.00s)
    --- PASS: TestIsRunningInCodespace/CODESPACES=true (0.00s)
    --- PASS: TestIsRunningInCodespace/CODESPACES=TRUE_(uppercase) (0.00s)
    --- PASS: TestIsRunningInCodespace/CODESPACES=True_(mixed_case) (0.00s)
    --- PASS: TestIsRunningInCodespace/CODESPACES=false (0.00s)
    --- PASS: TestIsRunningInCodespace/CODESPACES_not_set (0.00s)
    --- PASS: TestIsRunningInCodespace/CODESPACES=other (0.00s)
=== RUN   TestIs403PermissionError
=== RUN   TestIs403PermissionError/403_status_code
=== RUN   TestIs403PermissionError/forbidden_keyword
=== RUN   TestIs403PermissionError/permission_denied
=== RUN   TestIs403PermissionError/403_in_middle_of_message
=== RUN   TestIs403PermissionError/uppercase_FORBIDDEN
=== RUN   TestIs403PermissionError/mixed_case_Permission_Denied
=== RUN   TestIs403PermissionError/404_error_(not_403)
=== RUN   TestIs403PermissionError/generic_error
=== RUN   TestIs403PermissionError/empty_error
=== RUN   TestIs403PermissionError/permission_but_not_denied
--- PASS: TestIs403PermissionError (0.00s)
    --- PASS: TestIs403PermissionError/403_status_code (0.00s)
    --- PASS: TestIs403PermissionError/forbidden_keyword (0.00s)
    --- PASS: TestIs403PermissionError/permission_denied (0.00s)
    --- PASS: TestIs403PermissionError/403_in_middle_of_message (0.00s)
    --- PASS: TestIs403PermissionError/uppercase_FORBIDDEN (0.00s)
    --- PASS: TestIs403PermissionError/mixed_case_Permission_Denied (0.00s)
    --- PASS: TestIs403PermissionError/404_error_(not_403) (0.00s)
    --- PASS: TestIs403PermissionError/generic_error (0.00s)
    --- PASS: TestIs403PermissionError/empty_error (0.00s)
    --- PASS: TestIs403PermissionError/permission_but_not_denied (0.00s)
=== RUN   TestGetCodespacePermissionErrorMessage
--- PASS: TestGetCodespacePermissionErrorMessage (0.00s)
=== RUN   TestWatchAndCompileWorkflows
=== RUN   TestWatchAndCompileWorkflows/watch_function_requires_git_repository
=== RUN   TestWatchAndCompileWorkflows/watch_function_requires_workflows_directory
=== RUN   TestWatchAndCompileWorkflows/watch_function_checks_specific_file_exists
=== RUN   TestWatchAndCompileWorkflows/watch_function_setup_with_valid_directory
ℹ Dependency graph built: 1 workflows
ℹ Watching for file changes to /tmp/gh-aw-test-runs/20260704-173215-1254792/test-3239486879/.github/workflows/test.md...
Press Ctrl+C to stop watching.
Watching for file changes
🔨 Initial compilation of /tmp/gh-aw-test-runs/20260704-173215-1254792/test-3239486879/.github/workflows/test.md...
🔨 Compiling: /tmp/gh-aw-test-runs/20260704-173215-1254792/test-3239486879/.github/workflows/test.md
✗ .github/workflows/test.md:1:1: error: no frontmatter found

✗ Compiled 1 workflow(s): 1 error(s) across 1 failed workflow(s), 0 warning(s)

✗ Failed workflows:
  ✗ test.md

--- PASS: TestWatchAndCompileWorkflows (0.11s)
    --- PASS: TestWatchAndCompileWorkflows/watch_function_requires_git_repository (0.00s)
    --- PASS: TestWatchAndCompileWorkflows/watch_function_requires_workflows_directory (0.00s)
    --- PASS: TestWatchAndCompileWorkflows/watch_function_checks_specific_file_exists (0.00s)
    --- PASS: TestWatchAndCompileWorkflows/watch_function_setup_with_valid_directory (0.10s)
=== RUN   TestCompileAllWorkflowFiles
=== RUN   TestCompileAllWorkflowFiles/compile_all_with_no_markdown_files
ℹ Detected change: /tmp/gh-aw-test-runs/20260704-173215-1254792/test-3239486879/.github/workflows/test.md (REMOVE)
ℹ No workflow markdown files found in /tmp/gh-aw-test-runs/20260704-173215-1254792/test-279324543/.github/workflows (workflow files must start with a frontmatter opener on the first line)
=== RUN   TestCompileAllWorkflowFiles/compile_all_with_markdown_files
🔨 Compiling: /tmp/gh-aw-test-runs/20260704-173215-1254792/test-382935263/.github/workflows/test1.md
/tmp/gh-aw-test-runs/20260704-173215-1254792/test-382935263/.github/workflows/test1.md: warning: safe update mode detected unapproved changes

New restricted secret(s):
  - ANTHROPIC_API_KEY

Remediation options:
  1. Use the --approve flag to allow the changes.
  2. Revert the unapproved changes.
  3. Use an interactive coding agent to review and approve the changes.

✓ /tmp/gh-aw-test-runs/20260704-173215-1254792/test-382935263/.github/workflows/test1.md (81.0 KB)
🔨 Compiling: /tmp/gh-aw-test-runs/20260704-173215-1254792/test-382935263/.github/workflows/test2.md
/tmp/gh-aw-test-runs/20260704-173215-1254792/test-382935263/.github/workflows/test2.md: warning: safe update mode detected unapproved changes

New restricted secret(s):
  - ANTHROPIC_API_KEY

Remediation options:
  1. Use the --approve flag to allow the changes.
  2. Revert the unapproved changes.
  3. Use an interactive coding agent to review and approve the changes.

✓ /tmp/gh-aw-test-runs/20260704-173215-1254792/test-382935263/.github/workflows/test2.md (81.0 KB)
🔨 Compiling: /tmp/gh-aw-test-runs/20260704-173215-1254792/test-382935263/.github/workflows/test3.md
/tmp/gh-aw-test-runs/20260704-173215-1254792/test-382935263/.github/workflows/test3.md: warning: safe update mode detected unapproved changes

New restricted secret(s):
  - ANTHROPIC_API_KEY

Remediation options:
  1. Use the --approve flag to allow the changes.
  2. Revert the unapproved changes.
  3. Use an interactive coding agent to review and approve the changes.

✓ /tmp/gh-aw-test-runs/20260704-173215-1254792/test-382935263/.github/workflows/test3.md (81.0 KB)
✓ Action cache saved to /app/.github/aw/actions-lock.json
=== RUN   TestCompileAllWorkflowFiles/compile_all_skips_markdown_files_without_frontmatter
/tmp/gh-aw-test-runs/20260704-173215-1254792/test-1361577729/.github/workflows/valid.md: warning: safe update mode detected unapproved changes

New restricted secret(s):
  - ANTHROPIC_API_KEY

Remediation options:
  1. Use the --approve flag to allow the changes.
  2. Revert the unapproved changes.
  3. Use an interactive coding agent to review and approve the changes.

✓ /tmp/gh-aw-test-runs/20260704-173215-1254792/test-1361577729/.github/workflows/valid.md (81.0 KB)
=== RUN   TestCompileAllWorkflowFiles/compile_all_handles_glob_error
=== RUN   TestCompileAllWorkflowFiles/compile_all_with_compilation_errors
✗ /tmp/gh-aw-test-runs/20260704-173215-1254792/test-3032997435/.github/workflows/invalid.md:2:12: error: unexpected ':' — check indentation or if this key belongs in a mapping block
   3 |   - missing
   4 |     proper: structure
=== RUN   TestCompileAllWorkflowFiles/compile_all_verbose_mode
🔨 Compiling: /tmp/gh-aw-test-runs/20260704-173215-1254792/test-3732202060/.github/workflows/verbose-test.md
/tmp/gh-aw-test-runs/20260704-173215-1254792/test-3732202060/.github/workflows/verbose-test.md: warning: safe update mode detected unapproved changes

New restricted secret(s):
  - ANTHROPIC_API_KEY

Remediation options:
  1. Use the --approve flag to allow the changes.
  2. Revert the unapproved changes.
  3. Use an interactive coding agent to review and approve the changes.

✓ /tmp/gh-aw-test-runs/20260704-173215-1254792/test-3732202060/.github/workflows/verbose-test.md (81.2 KB)
✓ Action cache saved to /app/.github/aw/actions-lock.json
--- PASS: TestCompileAllWorkflowFiles (0.19s)
    --- PASS: TestCompileAllWorkflowFiles/compile_all_with_no_markdown_files (0.00s)
    --- PASS: TestCompileAllWorkflowFiles/compile_all_with_markdown_files (0.10s)
    --- PASS: TestCompileAllWorkflowFiles/compile_all_skips_markdown_files_without_frontmatter (0.04s)
    --- PASS: TestCompileAllWorkflowFiles/compile_all_handles_glob_error (0.00s)
    --- PASS: TestCompileAllWorkflowFiles/compile_all_with_compilation_errors (0.01s)
    --- PASS: TestCompileAllWorkflowFiles/compile_all_verbose_mode (0.03s)
=== RUN   TestHandleFileDeleted
=== RUN   TestHandleFileDeleted/handle_deleted_markdown_file
ℹ Removed corresponding lock file: /tmp/gh-aw-test-runs/20260704-173215-1254792/test-1667793105/.github/workflows/deleted-workflow.lock.yml
=== RUN   TestHandleFileDeleted/handle_deleted_non-markdown_file
=== RUN   TestHandleFileDeleted/handle_deleted_file_without_corresponding_lock
=== RUN   TestHandleFileDeleted/handle_deleted_file_verbose_mode
ℹ Removed corresponding lock file: /tmp/gh-aw-test-runs/20260704-173215-1254792/test-2473626966/.github/workflows/verbose-test.lock.yml
=== RUN   TestHandleFileDeleted/handle_deleted_file_with_permission_error
--- PASS: TestHandleFileDeleted (0.00s)
    --- PASS: TestHandleFileDeleted/handle_deleted_markdown_file (0.00s)
    --- PASS: TestHandleFileDeleted/handle_deleted_non-markdown_file (0.00s)
    --- PASS: TestHandleFileDeleted/handle_deleted_file_without_corresponding_lock (0.00s)
    --- PASS: TestHandleFileDeleted/handle_deleted_file_verbose_mode (0.00s)
    --- PASS: TestHandleFileDeleted/handle_deleted_file_with_permission_error (0.00s)
=== RUN   TestCompileSingleFile
=== RUN   TestCompileSingleFile/compile_single_file_successfully
/tmp/gh-aw-test-runs/20260704-173215-1254792/test-3669532790/.github/workflows/test.md: warning: safe update mode detected unapproved changes

New restricted secret(s):
  - ANTHROPIC_API_KEY

Remediation options:
  1. Use the --approve flag to allow the changes.
  2. Revert the unapproved changes.
  3. Use an interactive coding agent to review and approve the changes.

✓ /tmp/gh-aw-test-runs/20260704-173215-1254792/test-3669532790/.github/workflows/test.md (80.9 KB)
=== RUN   TestCompileSingleFile/compile_single_file_with_error
✗ /tmp/gh-aw-test-runs/20260704-173215-1254792/test-3975986203/.github/workflows/invalid.md:2:12: error: unexpected ':' — check indentation or if this key belongs in a mapping block
   3 |   - missing
   4 |     proper: structure
=== RUN   TestCompileSingleFile/compile_single_file_formats_errors_for_stderr
=== RUN   TestCompileSingleFile/compile_single_file_with_checkExists_true_and_file_exists
/tmp/gh-aw-test-runs/20260704-173215-1254792/test-962663448/.github/workflows/test.md: warning: safe update mode detected unapproved changes

New restricted secret(s):
  - ANTHROPIC_API_KEY

Remediation options:
  1. Use the --approve flag to allow the changes.
  2. Revert the unapproved changes.
  3. Use an interactive coding agent to review and approve the changes.

✓ /tmp/gh-aw-test-runs/20260704-173215-1254792/test-962663448/.github/workflows/test.md (80.9 KB)
=== RUN   TestCompileSingleFile/compile_single_file_with_checkExists_true_and_file_does_not_exist
=== RUN   TestCompileSingleFile/compile_single_file_verbose_mode
🔨 Compiling: /tmp/gh-aw-test-runs/20260704-173215-1254792/test-703753462/.github/workflows/verbose-test.md
/tmp/gh-aw-test-runs/20260704-173215-1254792/test-703753462/.github/workflows/verbose-test.md: warning: safe update mode detected unapproved changes

New restricted secret(s):
  - ANTHROPIC_API_KEY

Remediation options:
  1. Use the --approve flag to allow the changes.
  2. Revert the unapproved changes.
  3. Use an interactive coding agent to review and approve the changes.

✓ /tmp/gh-aw-test-runs/20260704-173215-1254792/test-703753462/.github/workflows/verbose-test.md (81.2 KB)
--- PASS: TestCompileSingleFile (0.14s)
    --- PASS: TestCompileSingleFile/compile_single_file_successfully (0.04s)
    --- PASS: TestCompileSingleFile/compile_single_file_with_error (0.01s)
    --- PASS: TestCompileSingleFile/compile_single_file_formats_errors_for_stderr (0.01s)
    --- PASS: TestCompileSingleFile/compile_single_file_with_checkExists_true_and_file_exists (0.04s)
    --- PASS: TestCompileSingleFile/compile_single_file_with_checkExists_true_and_file_does_not_exist (0.01s)
    --- PASS: TestCompileSingleFile/compile_single_file_verbose_mode (0.03s)
=== RUN   TestCompileModifiedFilesWithDependencies_FormatsWatchMessage
--- PASS: TestCompileModifiedFilesWithDependencies_FormatsWatchMessage (0.04s)
=== RUN   TestBuildSafeOutputsSection
--- PASS: TestBuildSafeOutputsSection (0.01s)
=== RUN   TestCreateWorkflowTemplateContainsOnlyValidSafeOutputs
--- PASS: TestCreateWorkflowTemplateContainsOnlyValidSafeOutputs (0.00s)
=== RUN   TestExtractWorkflowNameFromFile
=== RUN   TestExtractWorkflowNameFromFile/file_with_H1_header
=== RUN   TestExtractWorkflowNameFromFile/file_with_H1_header_with_extra_spaces
=== RUN   TestExtractWorkflowNameFromFile/file_without_H1_header_-_generates_from_filename
=== RUN   TestExtractWorkflowNameFromFile/file_with_complex_filename
=== RUN   TestExtractWorkflowNameFromFile/file_with_single_word_filename
=== RUN   TestExtractWorkflowNameFromFile/empty_file_-_generates_from_filename
--- PASS: TestExtractWorkflowNameFromFile (0.00s)
    --- PASS: TestExtractWorkflowNameFromFile/file_with_H1_header (0.00s)
    --- PASS: TestExtractWorkflowNameFromFile/file_with_H1_header_with_extra_spaces (0.00s)
    --- PASS: TestExtractWorkflowNameFromFile/file_without_H1_header_-_generates_from_filename (0.00s)
    --- PASS: TestExtractWorkflowNameFromFile/file_with_complex_filename (0.00s)
    --- PASS: TestExtractWorkflowNameFromFile/file_with_single_word_filename (0.00s)
    --- PASS: TestExtractWorkflowNameFromFile/empty_file_-_generates_from_filename (0.00s)
=== RUN   TestExtractWorkflowNameFromFile_NonExistentFile
--- PASS: TestExtractWorkflowNameFromFile_NonExistentFile (0.00s)
=== RUN   TestExtractWorkflowNameFromFile_LargeFrontmatterLine
--- PASS: TestExtractWorkflowNameFromFile_LargeFrontmatterLine (0.00s)
=== RUN   TestIsGitRepo
--- PASS: TestIsGitRepo (0.00s)
=== RUN   TestExtractWorkflowNameFromPath
=== RUN   TestExtractWorkflowNameFromPath/simple_workflow_file
=== RUN   TestExtractWorkflowNameFromPath/workflow_file_without_lock_suffix
=== RUN   TestExtractWorkflowNameFromPath/nested_path
=== RUN   TestExtractWorkflowNameFromPath/file_without_extension
=== RUN   TestExtractWorkflowNameFromPath/single_file_name
=== RUN   TestExtractWorkflowNameFromPath/file_with_multiple_dots
--- PASS: TestExtractWorkflowNameFromPath (0.00s)
    --- PASS: TestExtractWorkflowNameFromPath/simple_workflow_file (0.00s)
    --- PASS: TestExtractWorkflowNameFromPath/workflow_file_without_lock_suffix (0.00s)
    --- PASS: TestExtractWorkflowNameFromPath/nested_path (0.00s)
    --- PASS: TestExtractWorkflowNameFromPath/file_without_extension (0.00s)
    --- PASS: TestExtractWorkflowNameFromPath/single_file_name (0.00s)
    --- PASS: TestExtractWorkflowNameFromPath/file_with_multiple_dots (0.00s)
=== RUN   TestFindIncludesInContent
=== RUN   TestFindIncludesInContent/no_includes
=== RUN   TestFindIncludesInContent/single_include
=== RUN   TestFindIncludesInContent/multiple_includes
=== RUN   TestFindIncludesInContent/includes_with_different_whitespace
=== RUN   TestFindIncludesInContent/includes_with_section_references
=== RUN   TestFindIncludesInContent/empty_content
=== RUN   TestFindIncludesInContent/@import_basic
=== RUN   TestFindIncludesInContent/@import_optional_marker
=== RUN   TestFindIncludesInContent/@import_with_section_reference
=== RUN   TestFindIncludesInContent/{{#import}}_with_colon
=== RUN   TestFindIncludesInContent/{{#import}}_without_colon
=== RUN   TestFindIncludesInContent/{{#import}}_optional_marker_with_colon
=== RUN   TestFindIncludesInContent/{{#import}}_with_section_reference
=== RUN   TestFindIncludesInContent/{{#import}}_with_trailing_content_is_not_a_directive
--- PASS: TestFindIncludesInContent (0.00s)
    --- PASS: TestFindIncludesInContent/no_includes (0.00s)
    --- PASS: TestFindIncludesInContent/single_include (0.00s)
    --- PASS: TestFindIncludesInContent/multiple_includes (0.00s)
    --- PASS: TestFindIncludesInContent/includes_with_different_whitespace (0.00s)
    --- PASS: TestFindIncludesInContent/includes_with_section_references (0.00s)
    --- PASS: TestFindIncludesInContent/empty_content (0.00s)
    --- PASS: TestFindIncludesInContent/@import_basic (0.00s)
    --- PASS: TestFindIncludesInContent/@import_optional_marker (0.00s)
    --- PASS: TestFindIncludesInContent/@import_with_section_reference (0.00s)
    --- PASS: TestFindIncludesInContent/{{#import}}_with_colon (0.00s)
    --- PASS: TestFindIncludesInContent/{{#import}}_without_colon (0.00s)
    --- PASS: TestFindIncludesInContent/{{#import}}_optional_marker_with_colon (0.00s)
    --- PASS: TestFindIncludesInContent/{{#import}}_with_section_reference (0.00s)
    --- PASS: TestFindIncludesInContent/{{#import}}_with_trailing_content_is_not_a_directive (0.00s)
=== RUN   TestFindIncludesInContent_EmptyContentReturnsNonNilSlice
--- PASS: TestFindIncludesInContent_EmptyContentReturnsNonNilSlice (0.00s)
=== RUN   TestIsRunnable
=== RUN   TestIsRunnable/workflow_with_schedule_trigger
=== RUN   TestIsRunnable/workflow_with_workflow_dispatch_trigger
=== RUN   TestIsRunnable/workflow_with_both_schedule_and_workflow_dispatch
=== RUN   TestIsRunnable/workflow_with_only_push_trigger_(not_runnable)
=== RUN   TestIsRunnable/workflow_with_no_'on'_section_(defaults_to_runnable)
=== RUN   TestIsRunnable/workflow_with_cron_trigger_(alternative_schedule_format)
=== RUN   TestIsRunnable/case_insensitive_schedule_detection
=== RUN   TestIsRunnable/case_insensitive_workflow_dispatch_detection
=== RUN   TestIsRunnable/complex_on_section_with_schedule_buried_in_text
=== RUN   TestIsRunnable/empty_on_section_(not_runnable)
=== RUN   TestIsRunnable/malformed_frontmatter
=== RUN   TestIsRunnable/no_frontmatter_at_all_(defaults_to_runnable)
--- PASS: TestIsRunnable (0.00s)
    --- PASS: TestIsRunnable/workflow_with_schedule_trigger (0.00s)
    --- PASS: TestIsRunnable/workflow_with_workflow_dispatch_trigger (0.00s)
    --- PASS: TestIsRunnable/workflow_with_both_schedule_and_workflow_dispatch (0.00s)
    --- PASS: TestIsRunnable/workflow_with_only_push_trigger_(not_runnable) (0.00s)
    --- PASS: TestIsRunnable/workflow_with_no_'on'_section_(defaults_to_runnable) (0.00s)
    --- PASS: TestIsRunnable/workflow_with_cron_trigger_(alternative_schedule_format) (0.00s)
    --- PASS: TestIsRunnable/case_insensitive_schedule_detection (0.00s)
    --- PASS: TestIsRunnable/case_insensitive_workflow_dispatch_detection (0.00s)
    --- PASS: TestIsRunnable/complex_on_section_with_schedule_buried_in_text (0.00s)
    --- PASS: TestIsRunnable/empty_on_section_(not_runnable) (0.00s)
    --- PASS: TestIsRunnable/malformed_frontmatter (0.00s)
    --- PASS: TestIsRunnable/no_frontmatter_at_all_(defaults_to_runnable) (0.00s)
=== RUN   TestIsRunnable_FileErrors
=== RUN   TestIsRunnable_FileErrors/nonexistent_file
=== RUN   TestIsRunnable_FileErrors/empty_file_path
--- PASS: TestIsRunnable_FileErrors (0.00s)
    --- PASS: TestIsRunnable_FileErrors/nonexistent_file (0.00s)
    --- PASS: TestIsRunnable_FileErrors/empty_file_path (0.00s)
=== RUN   TestExpandCompileArg_RegularFile
--- PASS: TestExpandCompileArg_RegularFile (0.00s)
=== RUN   TestExpandCompileArg_FilePath
--- PASS: TestExpandCompileArg_FilePath (0.00s)
=== RUN   TestExpandCompileArg_LocalDirectory
--- PASS: TestExpandCompileArg_LocalDirectory (0.00s)
=== RUN   TestExpandCompileArg_LocalDirectory_Empty
--- PASS: TestExpandCompileArg_LocalDirectory_Empty (0.00s)
=== RUN   TestExpandCompileArg_URLPassthrough
--- PASS: TestExpandCompileArg_URLPassthrough (0.00s)
=== RUN   TestResolveCompileArgs_Empty
--- PASS: TestResolveCompileArgs_Empty (0.00s)
=== RUN   TestResolveCompileArgs_Mixed
--- PASS: TestResolveCompileArgs_Mixed (0.00s)
=== RUN   TestRunActionlintOnFiles_EmptyList
--- PASS: TestRunActionlintOnFiles_EmptyList (0.00s)
=== RUN   TestRunBatchDirectoryTool_NonStrictSwallowsErrors
--- PASS: TestRunBatchDirectoryTool_NonStrictSwallowsErrors (0.00s)
=== RUN   TestRunBatchDirectoryTool_StrictWrapsErrors
--- PASS: TestRunBatchDirectoryTool_StrictWrapsErrors (0.00s)
=== RUN   TestSetupRepositoryContext_ValidScheduleSeedLocksSlug
--- PASS: TestSetupRepositoryContext_ValidScheduleSeedLocksSlug (0.00s)
=== RUN   TestSetupRepositoryContext_InvalidScheduleSeedDoesNotLock
⚠ --schedule-seed "not-valid" is not in 'owner/repo' format; ignoring and falling back to git remote detection
--- PASS: TestSetupRepositoryContext_InvalidScheduleSeedDoesNotLock (0.01s)
=== RUN   TestSetupRepositoryContext_EmptyScheduleSeedDoesNotLock
--- PASS: TestSetupRepositoryContext_EmptyScheduleSeedDoesNotLock (0.01s)
=== RUN   TestSetupRepositoryContext_ScheduleSeedTakesPrecedenceOverPerFileRemote
--- PASS: TestSetupRepositoryContext_ScheduleSeedTakesPrecedenceOverPerFileRemote (0.00s)
=== RUN   TestCompileWorkflows_ContextCancelledAtStart
⚠ Operation cancelled
--- PASS: TestCompileWorkflows_ContextCancelledAtStart (0.00s)
=== RUN   TestCompileWorkflows_ContextCancelledDuringSpecificFiles
⚠ Operation cancelled
--- PASS: TestCompileWorkflows_ContextCancelledDuringSpecificFiles (0.02s)
=== RUN   TestCompileWorkflows_ContextCancelledDuringDirectory
⚠ Operation cancelled
--- PASS: TestCompileWorkflows_ContextCancelledDuringDirectory (0.02s)
=== RUN   TestWatchAndCompileWorkflows_ContextCancellation
ℹ Watching for file changes to /tmp/gh-aw-test-runs/20260704-173215-1254792/watch-ctx-cancel-4255014372/.github/workflows/test.md...
Watching for file changes
.github/workflows/test.md: info: Tip: set permissions.copilot-requests: write to use GitHub Actions token-based inference with the Copilot engine instead of a personal access token (COPILOT_GITHUB_TOKEN). This option requires that your organization has centralized Copilot billing enabled and may not be available in all organizations — see https://github.github.com/gh-aw/reference/billing/ for details.

✓ .github/workflows/test.md (77.1 KB)
✓ Compiled 1 workflow(s): 0 error(s), 0 warning(s)
--- PASS: TestWatchAndCompileWorkflows_ContextCancellation (0.07s)
=== RUN   TestCompileDependabotValidation
=== RUN   TestCompileDependabotValidation/dependabot_with_specific_workflow_files
=== RUN   TestCompileDependabotValidation/dependabot_with_custom_--dir
=== RUN   TestCompileDependabotValidation/dependabot_with_default_workflows_dir_is_ok
=== RUN   TestCompileDependabotValidation/dependabot_with_empty_workflows_dir_is_ok
--- PASS: TestCompileDependabotValidation (0.01s)
    --- PASS: TestCompileDependabotValidation/dependabot_with_specific_workflow_files (0.00s)
    --- PASS: TestCompileDependabotValidation/dependabot_with_custom_--dir (0.00s)
    --- PASS: TestCompileDependabotValidation/dependabot_with_default_workflows_dir_is_ok (0.00s)
    --- PASS: TestCompileDependabotValidation/dependabot_with_empty_workflows_dir_is_ok (0.00s)
=== RUN   TestForceRefreshActionPins_ResetFile
--- PASS: TestForceRefreshActionPins_ResetFile (0.00s)
=== RUN   TestForceRefreshActionPins_NoFileExists
--- PASS: TestForceRefreshActionPins_NoFileExists (0.00s)
=== RUN   TestForceRefreshActionPins_EnablesValidation
--- PASS: TestForceRefreshActionPins_EnablesValidation (0.00s)
=== RUN   TestGuardPolicyMinIntegrityOnly
=== RUN   TestGuardPolicyMinIntegrityOnly/min-integrity_only_defaults_repos_to_all
/tmp/TestGuardPolicyMinIntegrityOnlymin-integrity_only_defaults_repo3755418841/001/test-guard-policy.md: warning: Missing required permissions for GitHub toolsets:
  - issues: read (required by issues)
  - pull-requests: read (required by pull_requests)

To fix this, you can either:

Option 1: Add missing permissions to your workflow frontmatter:
permissions:
  issues: read
  pull-requests: read

See: https://github.com/github/gh-aw/blob/main/docs/src/content/docs/reference/permissions.md

Option 2: Reduce the required toolsets in your workflow:
Remove or adjust toolsets that require these permissions:
  - issues
  - pull_requests

/tmp/TestGuardPolicyMinIntegrityOnlymin-integrity_only_defaults_repo3755418841/001/test-guard-policy.md: info: Tip: set permissions.copilot-requests: write to use GitHub Actions token-based inference with the Copilot engine instead of a personal access token (COPILOT_GITHUB_TOKEN). This option requires that your organization has centralized Copilot billing enabled and may not be available in all organizations — see https://github.github.com/gh-aw/reference/billing/ for details.

✓ /tmp/TestGuardPolicyMinIntegrityOnlymin-integrity_only_defaults_repo3755418841/001/test-guard-policy.md (74.9 KB)
=== RUN   TestGuardPolicyMinIntegrityOnly/min-integrity_with_explicit_repos=all_compiles
⚠ 'tools.github.repos' is deprecated. Use 'tools.github.allowed-repos' instead. Run 'gh aw fix' to automatically migrate.
/tmp/TestGuardPolicyMinIntegrityOnlymin-integrity_with_explicit_repo651457193/001/test-guard-policy.md: warning: Missing required permissions for GitHub toolsets:
  - issues: read (required by issues)
  - pull-requests: read (required by pull_requests)

To fix this, you can either:

Option 1: Add missing permissions to your workflow frontmatter:
permissions:
  issues: read
  pull-requests: read

See: https://github.com/github/gh-aw/blob/main/docs/src/content/docs/reference/permissions.md

Option 2: Reduce the required toolsets in your workflow:
Remove or adjust toolsets that require these permissions:
  - issues
  - pull_requests

/tmp/TestGuardPolicyMinIntegrityOnlymin-integrity_with_explicit_repo651457193/001/test-guard-policy.md: info: Tip: set permissions.copilot-requests: write to use GitHub Actions token-based inference with the Copilot engine instead of a personal access token (COPILOT_GITHUB_TOKEN). This option requires that your organization has centralized Copilot billing enabled and may not be available in all organizations — see https://github.github.com/gh-aw/reference/billing/ for details.

✓ /tmp/TestGuardPolicyMinIntegrityOnlymin-integrity_with_explicit_repo651457193/001/test-guard-policy.md (74.9 KB)
=== RUN   TestGuardPolicyMinIntegrityOnly/min-integrity_with_repos=public_compiles
⚠ 'tools.github.repos' is deprecated. Use 'tools.github.allowed-repos' instead. Run 'gh aw fix' to automatically migrate.
/tmp/TestGuardPolicyMinIntegrityOnlymin-integrity_with_repos=public_1391726438/001/test-guard-policy.md: warning: Missing required permissions for GitHub toolsets:
  - issues: read (required by issues)
  - pull-requests: read (required by pull_requests)

To fix this, you can either:

Option 1: Add missing permissions to your workflow frontmatter:
permissions:
  issues: read
  pull-requests: read

See: https://github.com/github/gh-aw/blob/main/docs/src/content/docs/reference/permissions.md

Option 2: Reduce the required toolsets in your workflow:
Remove or adjust toolsets that require these permissions:
  - issues
  - pull_requests

/tmp/TestGuardPolicyMinIntegrityOnlymin-integrity_with_repos=public_1391726438/001/test-guard-policy.md: info: Tip: set permissions.copilot-requests: write to use GitHub Actions token-based inference with the Copilot engine instead of a personal access token (COPILOT_GITHUB_TOKEN). This option requires that your organization has centralized Copilot billing enabled and may not be available in all organizations — see https://github.github.com/gh-aw/reference/billing/ for details.

✓ /tmp/TestGuardPolicyMinIntegrityOnlymin-integrity_with_repos=public_1391726438/001/test-guard-policy.md (74.9 KB)
=== RUN   TestGuardPolicyMinIntegrityOnly/min-integrity_with_repos_array_compiles
⚠ 'tools.github.repos' is deprecated. Use 'tools.github.allowed-repos' instead. Run 'gh aw fix' to automatically migrate.
/tmp/TestGuardPolicyMinIntegrityOnlymin-integrity_with_repos_array_c3638169641/001/test-guard-policy.md: warning: Missing required permissions for GitHub toolsets:
  - issues: read (required by issues)
  - pull-requests: read (required by pull_requests)

To fix this, you can either:

Option 1: Add missing permissions to your workflow frontmatter:
permissions:
  issues: read
  pull-requests: read

See: https://github.com/github/gh-aw/blob/main/docs/src/content/docs/reference/permissions.md

Option 2: Reduce the required toolsets in your workflow:
Remove or adjust toolsets that require these permissions:
  - issues
  - pull_requests

/tmp/TestGuardPolicyMinIntegrityOnlymin-integrity_with_repos_array_c3638169641/001/test-guard-policy.md: info: Tip: set permissions.copilot-requests: write to use GitHub Actions token-based inference with the Copilot engine instead of a personal access token (COPILOT_GITHUB_TOKEN). This option requires that your organization has centralized Copilot billing enabled and may not be available in all organizations — see https://github.github.com/gh-aw/reference/billing/ for details.

✓ /tmp/TestGuardPolicyMinIntegrityOnlymin-integrity_with_repos_array_c3638169641/001/test-guard-policy.md (75.0 KB)
=== RUN   TestGuardPolicyMinIntegrityOnly/repos_only_without_min-integrity_fails_validation
⚠ 'tools.github.repos' is deprecated. Use 'tools.github.allowed-repos' instead. Run 'gh aw fix' to automatically migrate.
--- PASS: TestGuardPolicyMinIntegrityOnly (0.20s)
    --- PASS: TestGuardPolicyMinIntegrityOnly/min-integrity_only_defaults_repos_to_all (0.05s)
    --- PASS: TestGuardPolicyMinIntegrityOnly/min-integrity_with_explicit_repos=all_compiles (0.05s)
    --- PASS: TestGuardPolicyMinIntegrityOnly/min-integrity_with_repos=public_compiles (0.05s)
    --- PASS: TestGuardPolicyMinIntegrityOnly/min-integrity_with_repos_array_compiles (0.04s)
    --- PASS: TestGuardPolicyMinIntegrityOnly/repos_only_without_min-integrity_fails_validation (0.01s)
=== RUN   TestGuardPolicyMinIntegrityOnlyCompiledOutput
/tmp/TestGuardPolicyMinIntegrityOnlyCompiledOutput3442455145/001/test-guard-policy.md: warning: Missing required permissions for GitHub toolsets:
  - issues: read (required by issues)
  - pull-requests: read (required by pull_requests)

To fix this, you can either:

Option 1: Add missing permissions to your workflow frontmatter:
permissions:
  issues: read
  pull-requests: read

See: https://github.com/github/gh-aw/blob/main/docs/src/content/docs/reference/permissions.md

Option 2: Reduce the required toolsets in your workflow:
Remove or adjust toolsets that require these permissions:
  - issues
  - pull_requests

/tmp/TestGuardPolicyMinIntegrityOnlyCompiledOutput3442455145/001/test-guard-policy.md: info: Tip: set permissions.copilot-requests: write to use GitHub Actions token-based inference with the Copilot engine instead of a personal access token (COPILOT_GITHUB_TOKEN). This option requires that your organization has centralized Copilot billing enabled and may not be available in all organizations — see https://github.github.com/gh-aw/reference/billing/ for details.

✓ /tmp/TestGuardPolicyMinIntegrityOnlyCompiledOutput3442455145/001/test-guard-policy.md (74.9 KB)
--- PASS: TestGuardPolicyMinIntegrityOnlyCompiledOutput (0.05s)
=== RUN   TestGuardPolicyBlockedUsersApprovalLabelsCompiledOutput
/tmp/TestGuardPolicyBlockedUsersApprovalLabelsCompiledOutput757952749/001/test-guard-policy-blocked.md: warning: Missing required permissions for GitHub toolsets:
  - issues: read (required by issues)
  - pull-requests: read (required by pull_requests)

To fix this, you can either:

Option 1: Add missing permissions to your workflow frontmatter:
permissions:
  issues: read
  pull-requests: read

See: https://github.com/github/gh-aw/blob/main/docs/src/content/docs/reference/permissions.md

Option 2: Reduce the required toolsets in your workflow:
Remove or adjust toolsets that require these permissions:
  - issues
  - pull_requests

/tmp/TestGuardPolicyBlockedUsersApprovalLabelsCompiledOutput757952749/001/test-guard-policy-blocked.md: info: Tip: set permissions.copilot-requests: write to use GitHub Actions token-based inference with the Copilot engine instead of a personal access token (COPILOT_GITHUB_TOKEN). This option requires that your organization has centralized Copilot billing enabled and may not be available in all organizations — see https://github.github.com/gh-aw/reference/billing/ for details.

✓ /tmp/TestGuardPolicyBlockedUsersApprovalLabelsCompiledOutput757952749/001/test-guard-policy-blocked.md (75.3 KB)
--- PASS: TestGuardPolicyBlockedUsersApprovalLabelsCompiledOutput (0.05s)
=== RUN   TestGuardPolicyBlockedUsersExpressionCompiledOutput
/tmp/TestGuardPolicyBlockedUsersExpressionCompiledOutput1135746106/001/test-guard-policy-expr.md: warning: Missing required permissions for GitHub toolsets:
  - issues: read (required by issues)
  - pull-requests: read (required by pull_requests)

To fix this, you can either:

Option 1: Add missing permissions to your workflow frontmatter:
permissions:
  issues: read
  pull-requests: read

See: https://github.com/github/gh-aw/blob/main/docs/src/content/docs/reference/permissions.md

Option 2: Reduce the required toolsets in your workflow:
Remove or adjust toolsets that require these permissions:
  - issues
  - pull_requests

/tmp/TestGuardPolicyBlockedUsersExpressionCompiledOutput1135746106/001/test-guard-policy-expr.md: info: Tip: set permissions.copilot-requests: write to use GitHub Actions token-based inference with the Copilot engine instead of a personal access token (COPILOT_GITHUB_TOKEN). This option requires that your organization has centralized Copilot billing enabled and may not be available in all organizations — see https://github.github.com/gh-aw/reference/billing/ for details.

✓ /tmp/TestGuardPolicyBlockedUsersExpressionCompiledOutput1135746106/001/test-guard-policy-expr.md (75.2 KB)
--- PASS: TestGuardPolicyBlockedUsersExpressionCompiledOutput (0.04s)
=== RUN   TestGuardPolicyBlockedUsersCommaSeparatedCompiledOutput
/tmp/TestGuardPolicyBlockedUsersCommaSeparatedCompiledOutput2290810407/001/test-guard-policy-csv.md: warning: Missing required permissions for GitHub toolsets:
  - issues: read (required by issues)
  - pull-requests: read (required by pull_requests)

To fix this, you can either:

Option 1: Add missing permissions to your workflow frontmatter:
permissions:
  issues: read
  pull-requests: read

See: https://github.com/github/gh-aw/blob/main/docs/src/content/docs/reference/permissions.md

Option 2: Reduce the required toolsets in your workflow:
Remove or adjust toolsets that require these permissions:
  - issues
  - pull_requests

/tmp/TestGuardPolicyBlockedUsersCommaSeparatedCompiledOutput2290810407/001/test-guard-policy-csv.md: info: Tip: set permissions.copilot-requests: write to use GitHub Actions token-based inference with the Copilot engine instead of a personal access token (COPILOT_GITHUB_TOKEN). This option requires that your organization has centralized Copilot billing enabled and may not be available in all organizations — see https://github.github.com/gh-aw/reference/billing/ for details.

✓ /tmp/TestGuardPolicyBlockedUsersCommaSeparatedCompiledOutput2290810407/001/test-guard-policy-csv.md (75.1 KB)
--- PASS: TestGuardPolicyBlockedUsersCommaSeparatedCompiledOutput (0.05s)
=== RUN   TestGuardPolicyTrustedUsersCompiledOutput
/tmp/TestGuardPolicyTrustedUsersCompiledOutput1123297253/001/test-guard-policy-trusted.md: warning: Missing required permissions for GitHub toolsets:
  - issues: read (required by issues)
  - pull-requests: read (required by pull_requests)

To fix this, you can either:

Option 1: Add missing permissions to your workflow frontmatter:
permissions:
  issues: read
  pull-requests: read

See: https://github.com/github/gh-aw/blob/main/docs/src/content/docs/reference/permissions.md

Option 2: Reduce the required toolsets in your workflow:
Remove or adjust toolsets that require these permissions:
  - issues
  - pull_requests

/tmp/TestGuardPolicyTrustedUsersCompiledOutput1123297253/001/test-guard-policy-trusted.md: info: Tip: set permissions.copilot-requests: write to use GitHub Actions token-based inference with the Copilot engine instead of a personal access token (COPILOT_GITHUB_TOKEN). This option requires that your organization has centralized Copilot billing enabled and may not be available in all organizations — see https://github.github.com/gh-aw/reference/billing/ for details.

✓ /tmp/TestGuardPolicyTrustedUsersCompiledOutput1123297253/001/test-guard-policy-trusted.md (75.2 KB)
--- PASS: TestGuardPolicyTrustedUsersCompiledOutput (0.05s)
=== RUN   TestGuardPolicyTrustedUsersExpressionCompiledOutput
/tmp/TestGuardPolicyTrustedUsersExpressionCompiledOutput1202920684/001/test-guard-policy-trusted-expr.md: warning: Missing required permissions for GitHub toolsets:
  - issues: read (required by issues)
  - pull-requests: read (required by pull_requests)

To fix this, you can either:

Option 1: Add missing permissions to your workflow frontmatter:
permissions:
  issues: read
  pull-requests: read

See: https://github.com/github/gh-aw/blob/main/docs/src/content/docs/reference/permissions.md

Option 2: Reduce the required toolsets in your workflow:
Remove or adjust toolsets that require these permissions:
  - issues
  - pull_requests

/tmp/TestGuardPolicyTrustedUsersExpressionCompiledOutput1202920684/001/test-guard-policy-trusted-expr.md: info: Tip: set permissions.copilot-requests: write to use GitHub Actions token-based inference with the Copilot engine instead of a personal access token (COPILOT_GITHUB_TOKEN). This option requires that your organization has centralized Copilot billing enabled and may not be available in all organizations — see https://github.github.com/gh-aw/reference/billing/ for details.

✓ /tmp/TestGuardPolicyTrustedUsersExpressionCompiledOutput1202920684/001/test-guard-policy-trusted-expr.md (75.3 KB)
--- PASS: TestGuardPolicyTrustedUsersExpressionCompiledOutput (0.05s)
=== RUN   TestGuardPolicyTrustedUsersRequiresMinIntegrity
--- PASS: TestGuardPolicyTrustedUsersRequiresMinIntegrity (0.01s)
=== RUN   TestGuardPolicyToolCallLimitsCompilation
/tmp/TestGuardPolicyToolCallLimitsCompilation3382477536/001/test-guard-policy-tool-limits.md: info: Tip: set permissions.copilot-requests: write to use GitHub Actions token-based inference with the Copilot engine instead of a personal access token (COPILOT_GITHUB_TOKEN). This option requires that your organization has centralized Copilot billing enabled and may not be available in all organizations — see https://github.github.com/gh-aw/reference/billing/ for details.

✓ /tmp/TestGuardPolicyToolCallLimitsCompilation3382477536/001/test-guard-policy-tool-limits.md (75.5 KB)
--- PASS: TestGuardPolicyToolCallLimitsCompilation (0.04s)
=== RUN   TestGuardPolicyAllowedColonStringDoesNotEmitToolCallLimits
/tmp/TestGuardPolicyAllowedColonStringDoesNotEmitToolCallLimits2866260807/001/test-guard-policy-colon-entry.md: warning: Missing required permissions for GitHub toolsets:
  - issues: read (required by issues)
  - pull-requests: read (required by pull_requests)

To fix this, you can either:

Option 1: Add missing permissions to your workflow frontmatter:
permissions:
  issues: read
  pull-requests: read

See: https://github.com/github/gh-aw/blob/main/docs/src/content/docs/reference/permissions.md

Option 2: Reduce the required toolsets in your workflow:
Remove or adjust toolsets that require these permissions:
  - issues
  - pull_requests

/tmp/TestGuardPolicyAllowedColonStringDoesNotEmitToolCallLimits2866260807/001/test-guard-policy-colon-entry.md: info: Tip: set permissions.copilot-requests: write to use GitHub Actions token-based inference with the Copilot engine instead of a personal access token (COPILOT_GITHUB_TOKEN). This option requires that your organization has centralized Copilot billing enabled and may not be available in all organizations — see https://github.github.com/gh-aw/reference/billing/ for details.

--- PASS: TestGuardPolicyAllowedColonStringDoesNotEmitToolCallLimits (0.01s)
=== RUN   TestCompileDoesNotWriteInstructions
.github/workflows/test-workflow.md: warning: safe update mode detected unapproved changes

New restricted secret(s):
  - ANTHROPIC_API_KEY

Remediation options:
  1. Use the --approve flag to allow the changes.
  2. Revert the unapproved changes.
  3. Use an interactive coding agent to review and approve the changes.

✓ .github/workflows/test-workflow.md (81.2 KB)
⚠ ⚠️  SECURITY REVIEW REQUIRED — safe update mode detected unapproved changes:

safe update mode detected unapproved changes

New restricted secret(s):
  - ANTHROPIC_API_KEY

Remediation options:
  1. Use the --approve flag to allow the changes.
  2. Revert the unapproved changes.
  3. Use an interactive coding agent to review and approve the changes.

Action required for the calling agent:
  1. Review every new secret and action listed above for potential malicious use
     (e.g. credential exfiltration, supply-chain attacks, unexpected network access).
  2. Add a security review note to the pull request description that:
     - Lists any new or removed secrets, actions, and redirect changes from this compilation.
     - Confirms you have reviewed each one and explains why it is safe to add.
     - Flags any item you cannot fully verify so a human reviewer can inspect it.

⚠ Compiled 1 workflow(s): 0 error(s), 1 warning(s)
--- PASS: TestCompileDoesNotWriteInstructions (0.07s)
=== RUN   TestCompileDoesNotWriteInstructionsWhenCompilingAll
.github/workflows/test-workflow.md: warning: safe update mode detected unapproved changes

New restricted secret(s):
  - ANTHROPIC_API_KEY

Remediation options:
  1. Use the --approve flag to allow the changes.
  2. Revert the unapproved changes.
  3. Use an interactive coding agent to review and approve the changes.

✓ .github/workflows/test-workflow.md (81.2 KB)
⚠ ⚠️  SECURITY REVIEW REQUIRED — safe update mode detected unapproved changes:

safe update mode detected unapproved changes

New restricted secret(s):
  - ANTHROPIC_API_KEY

Remediation options:
  1. Use the --approve flag to allow the changes.
  2. Revert the unapproved changes.
  3. Use an interactive coding agent to review and approve the changes.

Action required for the calling agent:
  1. Review every new secret and action listed above for potential malicious use
     (e.g. credential exfiltration, supply-chain attacks, unexpected network access).
  2. Add a security review note to the pull request description that:
     - Lists any new or removed secrets, actions, and redirect changes from this compilation.
     - Confirms you have reviewed each one and explains why it is safe to add.
     - Flags any item you cannot fully verify so a human reviewer can inspect it.

⚠ Compiled 1 workflow(s): 0 error(s), 1 warning(s)
--- PASS: TestCompileDoesNotWriteInstructionsWhenCompilingAll (0.06s)
=== RUN   TestCompileJSONOutput
/tmp/gh-aw-test-runs/20260704-173215-1254792/test-389047034/test-workflow.md: info: Tip: set permissions.copilot-requests: write to use GitHub Actions token-based inference with the Copilot engine instead of a personal access token (COPILOT_GITHUB_TOKEN). This option requires that your organization has centralized Copilot billing enabled and may not be available in all organizations — see https://github.github.com/gh-aw/reference/billing/ for details.

✓ /tmp/gh-aw-test-runs/20260704-173215-1254792/test-389047034/test-workflow.md (77.1 KB)
--- PASS: TestCompileJSONOutput (0.04s)
=== RUN   TestCompileJSONOutputWithError
--- PASS: TestCompileJSONOutputWithError (0.03s)
=== RUN   TestCompileJSONOutputMultipleWorkflows
/tmp/gh-aw-test-runs/20260704-173215-1254792/test-4200447795/valid.md: info: Tip: set permissions.copilot-requests: write to use GitHub Actions token-based inference with the Copilot engine instead of a personal access token (COPILOT_GITHUB_TOKEN). This option requires that your organization has centralized Copilot billing enabled and may not be available in all organizations — see https://github.github.com/gh-aw/reference/billing/ for details.

✓ /tmp/gh-aw-test-runs/20260704-173215-1254792/test-4200447795/valid.md (76.9 KB)
--- PASS: TestCompileJSONOutputMultipleWorkflows (0.07s)
=== RUN   TestCompileSpecificFiles_GeneratesMaintenanceWorkflow
.github/workflows/test-expires.md: info: Tip: set permissions.copilot-requests: write to use GitHub Actions token-based inference with the Copilot engine instead of a personal access token (COPILOT_GITHUB_TOKEN). This option requires that your organization has centralized Copilot billing enabled and may not be available in all organizations — see https://github.github.com/gh-aw/reference/billing/ for details.

✓ .github/workflows/test-expires.md (98.3 KB)
✓ Compiled 1 workflow(s): 0 error(s), 0 warning(s)
--- PASS: TestCompileSpecificFiles_GeneratesMaintenanceWorkflow (0.07s)
=== RUN   TestCompileSpecificFiles_DeletesMaintenanceWorkflow
.github/workflows/test-no-expires.md: info: Tip: set permissions.copilot-requests: write to use GitHub Actions token-based inference with the Copilot engine instead of a personal access token (COPILOT_GITHUB_TOKEN). This option requires that your organization has centralized Copilot billing enabled and may not be available in all organizations — see https://github.github.com/gh-aw/reference/billing/ for details.

✓ .github/workflows/test-no-expires.md (96.5 KB)
✓ Compiled 1 workflow(s): 0 error(s), 0 warning(s)
--- PASS: TestCompileSpecificFiles_DeletesMaintenanceWorkflow (0.07s)
=== RUN   TestCompileWithCustomDir_SkipsMaintenanceWorkflow
custom/workflows/test-expires.md: info: Tip: set permissions.copilot-requests: write to use GitHub Actions token-based inference with the Copilot engine instead of a personal access token (COPILOT_GITHUB_TOKEN). This option requires that your organization has centralized Copilot billing enabled and may not be available in all organizations — see https://github.github.com/gh-aw/reference/billing/ for details.

✓ custom/workflows/test-expires.md (97.4 KB)
✓ Compiled 1 workflow(s): 0 error(s), 0 warning(s)
--- PASS: TestCompileWithCustomDir_SkipsMaintenanceWorkflow (0.08s)
=== RUN   TestCompileOnlySharedWorkflow_DoesNotPanic
=== RUN   TestCompileOnlySharedWorkflow_DoesNotPanic/strict=false
ℹ ℹ️  Shared agentic workflow detected: shared-component.md

This workflow is missing the 'on' field and will be treated as a shared workflow component.
Shared workflows are reusable components meant to be imported by other workflows.

To use this shared workflow:
  1. Import it in another workflow's frontmatter:
     ---
     on: issues
     imports:
       - /tmp/gh-aw-test-runs/20260704-173215-1254792/test-377741466/.github/workflows/shared-component.md
     ---

  2. Compile the workflow that imports it

Skipping compilation.
✓ Compiled 1 workflow(s): 0 error(s), 0 warning(s)
=== RUN   TestCompileOnlySharedWorkflow_DoesNotPanic/strict=true
ℹ ℹ️  Shared agentic workflow detected: shared-component.md

This workflow is missing the 'on' field and will be treated as a shared workflow component.
Shared workflows are reusable components meant to be imported by other workflows.

To use this shared workflow:
  1. Import it in another workflow's frontmatter:
     ---
     on: issues
     imports:
       - /tmp/gh-aw-test-runs/20260704-173215-1254792/test-377741466/.github/workflows/shared-component.md
     ---

  2. Compile the workflow that imports it

Skipping compilation.
✓ Compiled 1 workflow(s): 0 error(s), 0 warning(s)
--- PASS: TestCompileOnlySharedWorkflow_DoesNotPanic (0.06s)
    --- PASS: TestCompileOnlySharedWorkflow_DoesNotPanic/strict=false (0.03s)
    --- PASS: TestCompileOnlySharedWorkflow_DoesNotPanic/strict=true (0.03s)
=== RUN   TestCompileWorkflowsAutoDetectsDefaultGHHost
=== RUN   TestCompileWorkflowsAutoDetectsDefaultGHHost/sets_default_host_from_GHE_origin_when_GH_HOST_is_unset
.github/workflows/host-test.md: info: Tip: set permissions.copilot-requests: write to use GitHub Actions token-based inference with the Copilot engine instead of a personal access token (COPILOT_GITHUB_TOKEN). This option requires that your organization has centralized Copilot billing enabled and may not be available in all organizations — see https://github.github.com/gh-aw/reference/billing/ for details.

✓ .github/workflows/host-test.md
✓ Compiled 1 workflow(s): 0 error(s), 0 warning(s)
=== RUN   TestCompileWorkflowsAutoDetectsDefaultGHHost/does_not_overwrite_default_host_when_GH_HOST_is_already_set
.github/workflows/host-test.md: info: Tip: set permissions.copilot-requests: write to use GitHub Actions token-based inference with the Copilot engine instead of a personal access token (COPILOT_GITHUB_TOKEN). This option requires that your organization has centralized Copilot billing enabled and may not be available in all organizations — see https://github.github.com/gh-aw/reference/billing/ for details.

✓ .github/workflows/host-test.md
✓ Compiled 1 workflow(s): 0 error(s), 0 warning(s)
=== RUN   TestCompileWorkflowsAutoDetectsDefaultGHHost/resets_default_host_to_empty_for_github.com_remotes
.github/workflows/host-test.md: info: Tip: set permissions.copilot-requests: write to use GitHub Actions token-based inference with the Copilot engine instead of a personal access token (COPILOT_GITHUB_TOKEN). This option requires that your organization has centralized Copilot billing enabled and may not be available in all organizations — see https://github.github.com/gh-aw/reference/billing/ for details.

✓ .github/workflows/host-test.md
✓ Compiled 1 workflow(s): 0 error(s), 0 warning(s)
=== RUN   TestCompileWorkflowsAutoDetectsDefaultGHHost/sets_default_host_from_GHE_origin_(SSH_remote)_when_GH_HOST_is_unset
.github/workflows/host-test.md: info: Tip: set permissions.copilot-requests: write to use GitHub Actions token-based inference with the Copilot engine instead of a personal access token (COPILOT_GITHUB_TOKEN). This option requires that your organization has centralized Copilot billing enabled and may not be available in all organizations — see https://github.github.com/gh-aw/reference/billing/ for details.

✓ .github/workflows/host-test.md
✓ Compiled 1 workflow(s): 0 error(s), 0 warning(s)
--- PASS: TestCompileWorkflowsAutoDetectsDefaultGHHost (0.13s)
    --- PASS: TestCompileWorkflowsAutoDetectsDefaultGHHost/sets_default_host_from_GHE_origin_when_GH_HOST_is_unset (0.03s)
    --- PASS: TestCompileWorkflowsAutoDetectsDefaultGHHost/does_not_overwrite_default_host_when_GH_HOST_is_already_set (0.03s)
    --- PASS: TestCompileWorkflowsAutoDetectsDefaultGHHost/resets_default_host_to_empty_for_github.com_remotes (0.04s)
    --- PASS: TestCompileWorkflowsAutoDetectsDefaultGHHost/sets_default_host_from_GHE_origin_(SSH_remote)_when_GH_HOST_is_unset (0.04s)
=== RUN   TestGetRepositoryRelativePath
=== RUN   TestGetRepositoryRelativePath/workflow_in_.github/workflows
=== RUN   TestGetRepositoryRelativePath/existing_workflow_file
=== RUN   TestGetRepositoryRelativePath/existing_root_file
--- PASS: TestGetRepositoryRelativePath (0.00s)
    --- PASS: TestGetRepositoryRelativePath/workflow_in_.github/workflows (0.00s)
    --- PASS: TestGetRepositoryRelativePath/existing_workflow_file (0.00s)
    --- PASS: TestGetRepositoryRelativePath/existing_root_file (0.00s)
=== RUN   TestGetRepositoryRelativePathConsistency
--- PASS: TestGetRepositoryRelativePathConsistency (0.00s)
=== RUN   TestGetRepositoryRelativePathCrossPlatform
--- PASS: TestGetRepositoryRelativePathCrossPlatform (0.00s)
=== RUN   TestDisplayCentralizedSlashCommandRecommendation
=== RUN   TestDisplayCentralizedSlashCommandRecommendation/warns_when_three_slash_commands_include_non_centralized_workflows
=== RUN   TestDisplayCentralizedSlashCommandRecommendation/does_not_warn_when_fewer_than_three_slash_commands_exist
=== RUN   TestDisplayCentralizedSlashCommandRecommendation/does_not_warn_when_all_slash_commands_are_centralized
=== RUN   TestDisplayCentralizedSlashCommandRecommendation/does_not_warn_for_json_output_mode
--- PASS: TestDisplayCentralizedSlashCommandRecommendation (0.00s)
    --- PASS: TestDisplayCentralizedSlashCommandRecommendation/warns_when_three_slash_commands_include_non_centralized_workflows (0.00s)
    --- PASS: TestDisplayCentralizedSlashCommandRecommendation/does_not_warn_when_fewer_than_three_slash_commands_exist (0.00s)
    --- PASS: TestDisplayCentralizedSlashCommandRecommendation/does_not_warn_when_all_slash_commands_are_centralized (0.00s)
    --- PASS: TestDisplayCentralizedSlashCommandRecommendation/does_not_warn_for_json_output_mode (0.00s)
=== RUN   TestCompileWorkflows_ValidatesRootAwManifest
--- PASS: TestCompileWorkflows_ValidatesRootAwManifest (0.03s)
=== RUN   TestCompileWorkflows_JSONOutputIncludesManifestValidationResult
--- PASS: TestCompileWorkflows_JSONOutputIncludesManifestValidationResult (0.03s)
=== RUN   TestCompileWorkflows_RequiresCanonicalAwManifest
.github/workflows/test.md: info: Tip: set permissions.copilot-requests: write to use GitHub Actions token-based inference with the Copilot engine instead of a personal access token (COPILOT_GITHUB_TOKEN). This option requires that your organization has centralized Copilot billing enabled and may not be available in all organizations — see https://github.github.com/gh-aw/reference/billing/ for details.

✓ .github/workflows/test.md (77.1 KB)
--- PASS: TestCompileWorkflows_RequiresCanonicalAwManifest (0.07s)
=== RUN   TestCompileWorkflows_RequiresPackageReadme
--- PASS: TestCompileWorkflows_RequiresPackageReadme (0.02s)
=== RUN   TestCompileWorkflows_RejectsManifestWorkflowWithPrivateTrue
--- PASS: TestCompileWorkflows_RejectsManifestWorkflowWithPrivateTrue (0.02s)
=== RUN   TestValidateRepositoryManifestForCompilation_PropagatesGitRootErrors
--- PASS: TestValidateRepositoryManifestForCompilation_PropagatesGitRootErrors (0.00s)
=== RUN   TestParseCronField_Wildcard
--- PASS: TestParseCronField_Wildcard (0.00s)
=== RUN   TestParseCronField_SingleValue
--- PASS: TestParseCronField_SingleValue (0.00s)
=== RUN   TestParseCronField_Range
--- PASS: TestParseCronField_Range (0.00s)
=== RUN   TestParseCronField_Step
--- PASS: TestParseCronField_Step (0.00s)
=== RUN   TestParseCronField_RangeWithStep
--- PASS: TestParseCronField_RangeWithStep (0.00s)
=== RUN   TestParseCronField_CommaSeparated
--- PASS: TestParseCronField_CommaSeparated (0.00s)
=== RUN   TestParseCronField_CommaSeparatedDeduplication
--- PASS: TestParseCronField_CommaSeparatedDeduplication (0.00s)
=== RUN   TestParseCronField_OutOfRange
--- PASS: TestParseCronField_OutOfRange (0.00s)
=== RUN   TestParseCronField_InvalidValue
--- PASS: TestParseCronField_InvalidValue (0.00s)
=== RUN   TestParseCronField_InvalidStep
--- PASS: TestParseCronField_InvalidStep (0.00s)
=== RUN   TestParseCronSchedule_Daily
--- PASS: TestParseCronSchedule_Daily (0.00s)
=== RUN   TestParseCronSchedule_Weekdays
--- PASS: TestParseCronSchedule_Weekdays (0.00s)
=== RUN   TestParseCronSchedule_MultipleHours
--- PASS: TestParseCronSchedule_MultipleHours (0.00s)
=== RUN   TestParseCronSchedule_Sunday7NormalisedTo0
--- PASS: TestParseCronSchedule_Sunday7NormalisedTo0 (0.00s)
=== RUN   TestParseCronSchedule_SundayDeduplicated
--- PASS: TestParseCronSchedule_SundayDeduplicated (0.00s)
=== RUN   TestParseCronSchedule_WrongFieldCount
--- PASS: TestParseCronSchedule_WrongFieldCount (0.00s)
=== RUN   TestBuildScheduleGrid_Empty
--- PASS: TestBuildScheduleGrid_Empty (0.00s)
=== RUN   TestBuildScheduleGrid_NoSchedules
--- PASS: TestBuildScheduleGrid_NoSchedules (0.00s)
=== RUN   TestBuildScheduleGrid_SingleDailyCron
--- PASS: TestBuildScheduleGrid_SingleDailyCron (0.00s)
=== RUN   TestBuildScheduleGrid_MultipleWorkflows
--- PASS: TestBuildScheduleGrid_MultipleWorkflows (0.00s)
=== RUN   TestBuildScheduleGrid_WeekdayOnly
--- PASS: TestBuildScheduleGrid_WeekdayOnly (0.00s)
=== RUN   TestIntensityChar
--- PASS: TestIntensityChar (0.00s)
=== RUN   TestIntensityStyle_NoANSIWhenNotTerminal
--- PASS: TestIntensityStyle_NoANSIWhenNotTerminal (0.00s)
=== RUN   TestDisplayScheduleCalendar_NoSchedules
--- PASS: TestDisplayScheduleCalendar_NoSchedules (0.00s)
=== RUN   TestDisplayScheduleCalendar_WithSchedules
--- PASS: TestDisplayScheduleCalendar_WithSchedules (0.00s)
=== RUN   TestDisplayScheduleCalendar_ContainsAllDayLabels
--- PASS: TestDisplayScheduleCalendar_ContainsAllDayLabels (0.00s)
=== RUN   TestDisplayScheduleCalendar_ContainsAllHourHeaders
--- PASS: TestDisplayScheduleCalendar_ContainsAllHourHeaders (0.00s)
=== RUN   TestFuzzyScheduleEndToEnd
=== RUN   TestFuzzyScheduleEndToEnd/FUZZY:DAILY_*_*_*/ci-doctor
=== RUN   TestFuzzyScheduleEndToEnd/FUZZY:DAILY_WEEKDAYS_*_*_*/daily-planner
=== RUN   TestFuzzyScheduleEndToEnd/FUZZY:DAILY_AROUND:14:0_*_*_*/weekly-audit
--- PASS: TestFuzzyScheduleEndToEnd (0.00s)
    --- PASS: TestFuzzyScheduleEndToEnd/FUZZY:DAILY_*_*_*/ci-doctor (0.00s)
    --- PASS: TestFuzzyScheduleEndToEnd/FUZZY:DAILY_WEEKDAYS_*_*_*/daily-planner (0.00s)
    --- PASS: TestFuzzyScheduleEndToEnd/FUZZY:DAILY_AROUND:14:0_*_*_*/weekly-audit (0.00s)
=== RUN   TestDisplayStatsTable_Empty
--- PASS: TestDisplayStatsTable_Empty (0.00s)
=== RUN   TestDisplayStatsTable_LessThan10
--- PASS: TestDisplayStatsTable_LessThan10 (0.00s)
=== RUN   TestDisplayStatsTable_Exactly10
--- PASS: TestDisplayStatsTable_Exactly10 (0.00s)
=== RUN   TestDisplayStatsTable_MoreThan10
--- PASS: TestDisplayStatsTable_MoreThan10 (0.00s)
=== RUN   TestDisplayStatsTable_SortsBySize
--- PASS: TestDisplayStatsTable_SortsBySize (0.00s)
=== RUN   TestCollectWorkflowStats
--- PASS: TestCollectWorkflowStats (0.00s)
=== RUN   TestCollectWorkflowStats_NonExistentFile
--- PASS: TestCollectWorkflowStats_NonExistentFile (0.00s)
=== RUN   TestCollectWorkflowStats_InvalidYAML
--- PASS: TestCollectWorkflowStats_InvalidYAML (0.00s)
=== RUN   TestPrintCompilationSummaryWithFailedWorkflows
=== RUN   TestPrintCompilationSummaryWithFailedWorkflows/multiple_failed_workflows_with_FailureDetails
=== RUN   TestPrintCompilationSummaryWithFailedWorkflows/single_failed_workflow_with_FailureDetails
=== RUN   TestPrintCompilationSummaryWithFailedWorkflows/show-all_prints_every_prioritized_error
=== RUN   TestPrintCompilationSummaryWithFailedWorkflows/backward_compatibility_with_FailedWorkflows
=== RUN   TestPrintCompilationSummaryWithFailedWorkflows/successful_compilation_without_failures
--- PASS: TestPrintCompilationSummaryWithFailedWorkflows (0.00s)
    --- PASS: TestPrintCompilationSummaryWithFailedWorkflows/multiple_failed_workflows_with_FailureDetails (0.00s)
    --- PASS: TestPrintCompilationSummaryWithFailedWorkflows/single_failed_workflow_with_FailureDetails (0.00s)
    --- PASS: TestPrintCompilationSummaryWithFailedWorkflows/show-all_prints_every_prioritized_error (0.00s)
    --- PASS: TestPrintCompilationSummaryWithFailedWorkflows/backward_compatibility_with_FailedWorkflows (0.00s)
    --- PASS: TestPrintCompilationSummaryWithFailedWorkflows/successful_compilation_without_failures (0.00s)
=== RUN   TestShouldRunCompileUpdateCheck
--- PASS: TestShouldRunCompileUpdateCheck (0.00s)
=== RUN   TestRunCompileUpdateCheck
=== RUN   TestRunCompileUpdateCheck/returns_minor_version_upgrade_hint
=== RUN   TestRunCompileUpdateCheck/returns_prominent_notice_when_current_tag_is_missing
=== RUN   TestRunCompileUpdateCheck/ignores_patch-only_difference
--- PASS: TestRunCompileUpdateCheck (0.00s)
    --- PASS: TestRunCompileUpdateCheck/returns_minor_version_upgrade_hint (0.00s)
    --- PASS: TestRunCompileUpdateCheck/returns_prominent_notice_when_current_tag_is_missing (0.00s)
    --- PASS: TestRunCompileUpdateCheck/ignores_patch-only_difference (0.00s)
=== RUN   TestPrintCompileUpdateNotification
=== RUN   TestPrintCompileUpdateNotification/minor_version_behind
=== RUN   TestPrintCompileUpdateNotification/removed_tag_warning
--- PASS: TestPrintCompileUpdateNotification (0.00s)
    --- PASS: TestPrintCompileUpdateNotification/minor_version_behind (0.00s)
    --- PASS: TestPrintCompileUpdateNotification/removed_tag_warning (0.00s)
=== RUN   TestRunCompileUpdateCheckUsesHEADRequests
--- PASS: TestRunCompileUpdateCheckUsesHEADRequests (0.00s)
=== RUN   TestStartCompileUpdateCheckDoesNotBlockShutdown
--- PASS: TestStartCompileUpdateCheckDoesNotBlockShutdown (0.00s)
=== RUN   TestStartCompileUpdateCheckSilentlyHandlesLockedDownNetwork
--- PASS: TestStartCompileUpdateCheckSilentlyHandlesLockedDownNetwork (0.00s)
=== RUN   TestCompileUpdateDiscussionFieldEnforcement
/tmp/TestCompileUpdateDiscussionFieldEnforcement485379092/001/test-update-discussion-field-enforcement.md: info: Tip: set permissions.copilot-requests: write to use GitHub Actions token-based inference with the Copilot engine instead of a personal access token (COPILOT_GITHUB_TOKEN). This option requires that your organization has centralized Copilot billing enabled and may not be available in all organizations — see https://github.github.com/gh-aw/reference/billing/ for details.

✓ /tmp/TestCompileUpdateDiscussionFieldEnforcement485379092/001/test-update-discussion-field-enforcement.md (98.3 KB)
--- PASS: TestCompileUpdateDiscussionFieldEnforcement (0.04s)
=== RUN   TestExtractSafeOutputLabels_IncludesLabelCommand
--- PASS: TestExtractSafeOutputLabels_IncludesLabelCommand (0.00s)
=== RUN   TestExtractSafeOutputLabels_DeduplicatesAcrossSources
--- PASS: TestExtractSafeOutputLabels_DeduplicatesAcrossSources (0.00s)
=== RUN   TestNewCompletionCommand
--- PASS: TestNewCompletionCommand (0.00s)
=== RUN   TestCompletionCommand_Bash
# bash completion for gh                                   -*- shell-script -*-

__gh_debug()
{
    if [[ -n ${BASH_COMP_DEBUG_FILE:-} ]]; then
        echo "$*" >> "${BASH_COMP_DEBUG_FILE}"
    fi
}

# Homebrew on Macs have version 1.3 of bash-completion which doesn't include
# _init_completion. This is a very minimal version of that function.
__gh_init_completion()
{
    COMPREPLY=()
    _get_comp_words_by_ref "$@" cur prev words cword
}

__gh_index_of_word()
{
    local w word=$1
    shift
    index=0
    for w in "$@"; do
        [[ $w = "$word" ]] && return
        index=$((index+1))
    done
    index=-1
}

__gh_contains_word()
{
    local w word=$1; shift
    for w in "$@"; do
        [[ $w = "$word" ]] && return
    done
    return 1
}

__gh_handle_go_custom_completion()
{
    __gh_debug "${FUNCNAME[0]}: cur is ${cur}, words[*] is ${words[*]}, #words[@] is ${#words[@]}"

    local shellCompDirectiveError=1
    local shellCompDirectiveNoSpace=2
    local shellCompDirectiveNoFileComp=4
    local shellCompDirectiveFilterFileExt=8
    local shellCompDirectiveFilterDirs=16

    local out requestComp lastParam lastChar comp directive args

    # Prepare the command to request completions for the program.
    # Calling ${words[0]} instead of directly gh allows handling aliases
    args=("${words[@]:1}")
    # Disable ActiveHelp which is not supported for bash completion v1
    requestComp="GH_ACTIVE_HELP=0 ${words[0]} __completeNoDesc ${args[*]}"

    lastParam=${words[$((${#words[@]}-1))]}
    lastChar=${lastParam:$((${#lastParam}-1)):1}
    __gh_debug "${FUNCNAME[0]}: lastParam ${lastParam}, lastChar ${lastChar}"

    if [ -z "${cur}" ] && [ "${lastChar}" != "=" ]; then
        # If the last parameter is complete (there is a space following it)
        # We add an extra empty parameter so we can indicate this to the go method.
        __gh_debug "${FUNCNAME[0]}: Adding extra empty parameter"
        requestComp="${requestComp} \"\""
    fi

    __gh_debug "${FUNCNAME[0]}: calling ${requestComp}"
    # Use eval to handle any environment variables and such
    out=$(eval "${requestComp}" 2>/dev/null)

    # Extract the directive integer at the very end of the output following a colon (:)
    directive=${out##*:}
    # Remove the directive
    out=${out%:*}
    if [ "${directive}" = "${out}" ]; then
        # There is not directive specified
        directive=0
    fi
    __gh_debug "${FUNCNAME[0]}: the completion directive is: ${directive}"
    __gh_debug "${FUNCNAME[0]}: the completions are: ${out}"

    if [ $((directive & shellCompDirectiveError)) -ne 0 ]; then
        # Error code.  No completion.
        __gh_debug "${FUNCNAME[0]}: received error from custom completion go code"
        return
    else
        if [ $((directive & shellCompDirectiveNoSpace)) -ne 0 ]; then
            if [[ $(type -t compopt) = "builtin" ]]; then
                __gh_debug "${FUNCNAME[0]}: activating no space"
                compopt -o nospace
            fi
        fi
        if [ $((directive & shellCompDirectiveNoFileComp)) -ne 0 ]; then
            if [[ $(type -t compopt) = "builtin" ]]; then
                __gh_debug "${FUNCNAME[0]}: activating no file completion"
                compopt +o default
            fi
        fi
    fi

    if [ $((directive & shellCompDirectiveFilterFileExt)) -ne 0 ]; then
        # File extension filtering
        local fullFilter filter filteringCmd
        # Do not use quotes around the $out variable or else newline
        # characters will be kept.
        for filter in ${out}; do
            fullFilter+="$filter|"
        done

        filteringCmd="_filedir $fullFilter"
        __gh_debug "File filtering command: $filteringCmd"
        $filteringCmd
    elif [ $((directive & shellCompDirectiveFilterDirs)) -ne 0 ]; then
        # File completion for directories only
        local subdir
        # Use printf to strip any trailing newline
        subdir=$(printf "%s" "${out}")
        if [ -n "$subdir" ]; then
            __gh_debug "Listing directories in $subdir"
            __gh_handle_subdirs_in_dir_flag "$subdir"
        else
            __gh_debug "Listing directories in ."
            _filedir -d
        fi
    else
        while IFS='' read -r comp; do
            COMPREPLY+=("$comp")
        done < <(compgen -W "${out}" -- "$cur")
    fi
}

__gh_handle_reply()
{
    __gh_debug "${FUNCNAME[0]}"
    local comp
    case $cur in
        -*)
            if [[ $(type -t compopt) = "builtin" ]]; then
                compopt -o nospace
            fi
            local allflags
            if [ ${#must_have_one_flag[@]} -ne 0 ]; then
                allflags=("${must_have_one_flag[@]}")
            else
                allflags=("${flags[*]} ${two_word_flags[*]}")
            fi
            while IFS='' read -r comp; do
                COMPREPLY+=("$comp")
            done < <(compgen -W "${allflags[*]}" -- "$cur")
            if [[ $(type -t compopt) = "builtin" ]]; then
                [[ "${COMPREPLY[0]}" == *= ]] || compopt +o nospace
            fi

            # complete after --flag=abc
            if [[ $cur == *=* ]]; then
                if [[ $(type -t compopt) = "builtin" ]]; then
                    compopt +o nospace
                fi

                local index flag
                flag="${cur%=*}"
                __gh_index_of_word "${flag}" "${flags_with_completion[@]}"
                COMPREPLY=()
                if [[ ${index} -ge 0 ]]; then
                    PREFIX=""
                    cur="${cur#*=}"
                    ${flags_completion[${index}]}
                    if [ -n "${ZSH_VERSION:-}" ]; then
                        # zsh completion needs --flag= prefix
                        eval "COMPREPLY=( \"\${COMPREPLY[@]/#/${flag}=}\" )"
                    fi
                fi
            fi

            if [[ -z "${flag_parsing_disabled}" ]]; then
                # If flag parsing is enabled, we have completed the flags and can return.
                # If flag parsing is disabled, we may not know all (or any) of the flags, so we fallthrough
                # to possibly call handle_go_custom_completion.
                return 0;
            fi
            ;;
    esac

    # check if we are handling a flag with special work handling
    local index
    __gh_index_of_word "${prev}" "${flags_with_completion[@]}"
    if [[ ${index} -ge 0 ]]; then
        ${flags_completion[${index}]}
        return
    fi

    # we are parsing a flag and don't have a special handler, no completion
    if [[ ${cur} != "${words[cword]}" ]]; then
        return
    fi

    local completions
    completions=("${commands[@]}")
    if [[ ${#must_have_one_noun[@]} -ne 0 ]]; then
        completions+=("${must_have_one_noun[@]}")
    elif [[ -n "${has_completion_function}" ]]; then
        # if a go completion function is provided, defer to that function
        __gh_handle_go_custom_completion
    fi
    if [[ ${#must_have_one_flag[@]} -ne 0 ]]; then
        completions+=("${must_have_one_flag[@]}")
    fi
    while IFS='' read -r comp; do
        COMPREPLY+=("$comp")
    done < <(compgen -W "${completions[*]}" -- "$cur")

    if [[ ${#COMPREPLY[@]} -eq 0 && ${#noun_aliases[@]} -gt 0 && ${#must_have_one_noun[@]} -ne 0 ]]; then
        while IFS='' read -r comp; do
            COMPREPLY+=("$comp")
        done < <(compgen -W "${noun_aliases[*]}" -- "$cur")
    fi

    if [[ ${#COMPREPLY[@]} -eq 0 ]]; then
        if declare -F __gh_custom_func >/dev/null; then
            # try command name qualified custom func
            __gh_custom_func
        else
            # otherwise fall back to unqualified for compatibility
            declare -F __custom_func >/dev/null && __custom_func
        fi
    fi

    # available in bash-completion >= 2, not always present on macOS
    if declare -F __ltrim_colon_completions >/dev/null; then
        __ltrim_colon_completions "$cur"
    fi

    # If there is only 1 completion and it is a flag with an = it will be completed
    # but we don't want a space after the =
    if [[ "${#COMPREPLY[@]}" -eq "1" ]] && [[ $(type -t compopt) = "builtin" ]] && [[ "${COMPREPLY[0]}" == --*= ]]; then
       compopt -o nospace
    fi
}

# The arguments should be in the form "ext1|ext2|extn"
__gh_handle_filename_extension_flag()
{
    local ext="$1"
    _filedir "@(${ext})"
}

__gh_handle_subdirs_in_dir_flag()
{
    local dir="$1"
    pushd "${dir}" >/dev/null 2>&1 && _filedir -d && popd >/dev/null 2>&1 || return
}

__gh_handle_flag()
{
    __gh_debug "${FUNCNAME[0]}: c is $c words[c] is ${words[c]}"

    # if a command required a flag, and we found it, unset must_have_one_flag()
    local flagname=${words[c]}
    local flagvalue=""
    # if the word contained an =
    if [[ ${words[c]} == *"="* ]]; then
        flagvalue=${flagname#*=} # take in as flagvalue after the =
        flagname=${flagname%=*} # strip everything after the =
        flagname="${flagname}=" # but put the = back
    fi
    __gh_debug "${FUNCNAME[0]}: looking for ${flagname}"
    if __gh_contains_word "${flagname}" "${must_have_one_flag[@]}"; then
        must_have_one_flag=()
    fi

    # if you set a flag which only applies to this command, don't show subcommands
    if __gh_contains_word "${flagname}" "${local_nonpersistent_flags[@]}"; then
      commands=()
    fi

    # keep flag value with flagname as flaghash
    # flaghash variable is an associative array which is only supported in bash > 3.
    if [[ -z "${BASH_VERSION:-}" || "${BASH_VERSINFO[0]:-}" -gt 3 ]]; then
        if [ -n "${flagvalue}" ] ; then
            flaghash[${flagname}]=${flagvalue}
        elif [ -n "${words[ $((c+1)) ]}" ] ; then
            flaghash[${flagname}]=${words[ $((c+1)) ]}
        else
            flaghash[${flagname}]="true" # pad "true" for bool flag
        fi
    fi

    # skip the argument to a two word flag
    if [[ ${words[c]} != *"="* ]] && __gh_contains_word "${words[c]}" "${two_word_flags[@]}"; then
        __gh_debug "${FUNCNAME[0]}: found a flag ${words[c]}, skip the next argument"
        c=$((c+1))
        # if we are looking for a flags value, don't show commands
        if [[ $c -eq $cword ]]; then
            commands=()
        fi
    fi

    c=$((c+1))

}

__gh_handle_noun()
{
    __gh_debug "${FUNCNAME[0]}: c is $c words[c] is ${words[c]}"

    if __gh_contains_word "${words[c]}" "${must_have_one_noun[@]}"; then
        must_have_one_noun=()
    elif __gh_contains_word "${words[c]}" "${noun_aliases[@]}"; then
        must_have_one_noun=()
    fi

    nouns+=("${words[c]}")
    c=$((c+1))
}

__gh_handle_command()
{
    __gh_debug "${FUNCNAME[0]}: c is $c words[c] is ${words[c]}"

    local next_command
    if [[ -n ${last_command} ]]; then
        next_command="_${last_command}_${words[c]//:/__}"
    else
        if [[ $c -eq 0 ]]; then
            next_command="_gh_root_command"
        else
            next_command="_${words[c]//:/__}"
        fi
    fi
    c=$((c+1))
    __gh_debug "${FUNCNAME[0]}: looking for ${next_command}"
    declare -F "$next_command" >/dev/null && $next_command
}

__gh_handle_word()
{
    if [[ $c -ge $cword ]]; then
        __gh_handle_reply
        return
    fi
    __gh_debug "${FUNCNAME[0]}: c is $c words[c] is ${words[c]}"
    if [[ "${words[c]}" == -* ]]; then
        __gh_handle_flag
    elif __gh_contains_word "${words[c]}" "${commands[@]}"; then
        __gh_handle_command
    elif [[ $c -eq 0 ]]; then
        __gh_handle_command
    elif __gh_contains_word "${words[c]}" "${command_aliases[@]}"; then
        # aliashash variable is an associative array which is only supported in bash > 3.
        if [[ -z "${BASH_VERSION:-}" || "${BASH_VERSINFO[0]:-}" -gt 3 ]]; then
            words[c]=${aliashash[${words[c]}]}
            __gh_handle_command
        else
            __gh_handle_noun
        fi
    else
        __gh_handle_noun
    fi
    __gh_handle_word
}

_gh_completion_install()
{
    last_command="gh_completion_install"

    command_aliases=()

    commands=()

    flags=()
    two_word_flags=()
    local_nonpersistent_flags=()
    flags_with_completion=()
    flags_completion=()


    must_have_one_flag=()
    must_have_one_noun=()
    noun_aliases=()
}

_gh_completion_uninstall()
{
    last_command="gh_completion_uninstall"

    command_aliases=()

    commands=()

    flags=()
    two_word_flags=()
    local_nonpersistent_flags=()
    flags_with_completion=()
    flags_completion=()


    must_have_one_flag=()
    must_have_one_noun=()
    noun_aliases=()
}

_gh_completion()
{
    last_command="gh_completion"

    command_aliases=()

    commands=()
    commands+=("install")
    commands+=("uninstall")

    flags=()
    two_word_flags=()
    local_nonpersistent_flags=()
    flags_with_completion=()
    flags_completion=()

    flags+=("--help")
    flags+=("-h")
    local_nonpersistent_flags+=("--help")
    local_nonpersistent_flags+=("-h")

    must_have_one_flag=()
    must_have_one_noun=()
    must_have_one_noun+=("bash")
    must_have_one_noun+=("fish")
    must_have_one_noun+=("powershell")
    must_have_one_noun+=("zsh")
    noun_aliases=()
}

_gh_help()
{
    last_command="gh_help"

    command_aliases=()

    commands=()

    flags=()
    two_word_flags=()
    local_nonpersistent_flags=()
    flags_with_completion=()
    flags_completion=()


    must_have_one_flag=()
    must_have_one_noun=()
    has_completion_function=1
    noun_aliases=()
}

_gh_root_command()
{
    last_command="gh"

    command_aliases=()

    commands=()
    commands+=("completion")
    commands+=("help")

    flags=()
    two_word_flags=()
    local_nonpersistent_flags=()
    flags_with_completion=()
    flags_completion=()


    must_have_one_flag=()
    must_have_one_noun=()
    noun_aliases=()
}

__start_gh()
{
    local cur prev words cword split
    declare -A flaghash 2>/dev/null || :
    declare -A aliashash 2>/dev/null || :
    if declare -F _init_completion >/dev/null 2>&1; then
        _init_completion -s || return
    else
        __gh_init_completion -n "=" || return
    fi

    local c=0
    local flag_parsing_disabled=
    local flags=()
    local two_word_flags=()
    local local_nonpersistent_flags=()
    local flags_with_completion=()
    local flags_completion=()
    local commands=("gh")
    local command_aliases=()
    local must_have_one_flag=()
    local must_have_one_noun=()
    local has_completion_function=""
    local last_command=""
    local nouns=()
    local noun_aliases=()

    __gh_handle_word
}

if [[ $(type -t compopt) = "builtin" ]]; then
    complete -o default -F __start_gh gh
else
    complete -o default -o nospace -F __start_gh gh
fi

# ex: ts=4 sw=4 et filetype=sh
--- PASS: TestCompletionCommand_Bash (0.00s)
=== RUN   TestCompletionCommand_Zsh
#compdef gh
compdef _gh gh

# zsh completion for gh                                   -*- shell-script -*-

__gh_debug()
{
    local file="$BASH_COMP_DEBUG_FILE"
    if [[ -n ${file} ]]; then
        echo "$*" >> "${file}"
    fi
}

_gh()
{
    local shellCompDirectiveError=1
    local shellCompDirectiveNoSpace=2
    local shellCompDirectiveNoFileComp=4
    local shellCompDirectiveFilterFileExt=8
    local shellCompDirectiveFilterDirs=16
    local shellCompDirectiveKeepOrder=32

    local lastParam lastChar flagPrefix requestComp out directive comp lastComp noSpace keepOrder
    local -a completions

    __gh_debug "\n========= starting completion logic =========="
    __gh_debug "CURRENT: ${CURRENT}, words[*]: ${words[*]}"

    # The user could have moved the cursor backwards on the command-line.
    # We need to trigger completion from the $CURRENT location, so we need
    # to truncate the command-line ($words) up to the $CURRENT location.
    # (We cannot use $CURSOR as its value does not work when a command is an alias.)
    words=("${=words[1,CURRENT]}")
    __gh_debug "Truncated words[*]: ${words[*]},"

    lastParam=${words[-1]}
    lastChar=${lastParam[-1]}
    __gh_debug "lastParam: ${lastParam}, lastChar: ${lastChar}"

    # For zsh, when completing a flag with an = (e.g., gh -n=<TAB>)
    # completions must be prefixed with the flag
    setopt local_options BASH_REMATCH
    if [[ "${lastParam}" =~ '-.*=' ]]; then
        # We are dealing with a flag with an =
        flagPrefix="-P ${BASH_REMATCH}"
    fi

    # Prepare the command to obtain completions
    requestComp="${words[1]} __complete ${words[2,-1]}"
    if [ "${lastChar}" = "" ]; then
        # If the last parameter is complete (there is a space following it)
        # We add an extra empty parameter so we can indicate this to the go completion code.
        __gh_debug "Adding extra empty parameter"
        requestComp="${requestComp} \"\""
    fi

    __gh_debug "About to call: eval ${requestComp}"

    # Use eval to handle any environment variables and such
    out=$(eval ${requestComp} 2>/dev/null)
    __gh_debug "completion output: ${out}"

    # Extract the directive integer following a : from the last line
    local lastLine
    while IFS='\n' read -r line; do
        lastLine=${line}
    done < <(printf "%s\n" "${out[@]}")
    __gh_debug "last line: ${lastLine}"

    if [ "${lastLine[1]}" = : ]; then
        directive=${lastLine[2,-1]}
        # Remove the directive including the : and the newline
        local suffix
        (( suffix=${#lastLine}+2))
        out=${out[1,-$suffix]}
    else
        # There is no directive specified.  Leave $out as is.
        __gh_debug "No directive found.  Setting do default"
        directive=0
    fi

    __gh_debug "directive: ${directive}"
    __gh_debug "completions: ${out}"
    __gh_debug "flagPrefix: ${flagPrefix}"

    if [ $((directive & shellCompDirectiveError)) -ne 0 ]; then
        __gh_debug "Completion received error. Ignoring completions."
        return
    fi

    local activeHelpMarker="_activeHelp_ "
    local endIndex=${#activeHelpMarker}
    local startIndex=$((${#activeHelpMarker}+1))
    local hasActiveHelp=0
    while IFS='\n' read -r comp; do
        # Check if this is an activeHelp statement (i.e., prefixed with $activeHelpMarker)
        if [ "${comp[1,$endIndex]}" = "$activeHelpMarker" ];then
            __gh_debug "ActiveHelp found: $comp"
            comp="${comp[$startIndex,-1]}"
            if [ -n "$comp" ]; then
                compadd -x "${comp}"
                __gh_debug "ActiveHelp will need delimiter"
                hasActiveHelp=1
            fi

            continue
        fi

        if [ -n "$comp" ]; then
            # If requested, completions are returned with a description.
            # The description is preceded by a TAB character.
            # For zsh's _describe, we need to use a : instead of a TAB.
            # We first need to escape any : as part of the completion itself.
            comp=${comp//:/\\:}

            local tab="$(printf '\t')"
            comp=${comp//$tab/:}

            __gh_debug "Adding completion: ${comp}"
            completions+=${comp}
            lastComp=$comp
        fi
    done < <(printf "%s\n" "${out[@]}")

    # Add a delimiter after the activeHelp statements, but only if:
    # - there are completions following the activeHelp statements, or
    # - file completion will be performed (so there will be choices after the activeHelp)
    if [ $hasActiveHelp -eq 1 ]; then
        if [ ${#completions} -ne 0 ] || [ $((directive & shellCompDirectiveNoFileComp)) -eq 0 ]; then
            __gh_debug "Adding activeHelp delimiter"
            compadd -x "--"
            hasActiveHelp=0
        fi
    fi

    if [ $((directive & shellCompDirectiveNoSpace)) -ne 0 ]; then
        __gh_debug "Activating nospace."
        noSpace="-S ''"
    fi

    if [ $((directive & shellCompDirectiveKeepOrder)) -ne 0 ]; then
        __gh_debug "Activating keep order."
        keepOrder="-V"
    fi

    if [ $((directive & shellCompDirectiveFilterFileExt)) -ne 0 ]; then
        # File extension filtering
        local filteringCmd
        filteringCmd='_files'
        for filter in ${completions[@]}; do
            if [ ${filter[1]} != '*' ]; then
                # zsh requires a glob pattern to do file filtering
                filter="\*.$filter"
            fi
            filteringCmd+=" -g $filter"
        done
        filteringCmd+=" ${flagPrefix}"

        __gh_debug "File filtering command: $filteringCmd"
        _arguments '*:filename:'"$filteringCmd"
    elif [ $((directive & shellCompDirectiveFilterDirs)) -ne 0 ]; then
        # File completion for directories only
        local subdir
        subdir="${completions[1]}"
        if [ -n "$subdir" ]; then
            __gh_debug "Listing directories in $subdir"
            pushd "${subdir}" >/dev/null 2>&1
        else
            __gh_debug "Listing directories in ."
        fi

        local result
        _arguments '*:dirname:_files -/'" ${flagPrefix}"
        result=$?
        if [ -n "$subdir" ]; then
            popd >/dev/null 2>&1
        fi
        return $result
    else
        __gh_debug "Calling _describe"
        if eval _describe $keepOrder "completions" completions $flagPrefix $noSpace; then
            __gh_debug "_describe found some completions"

            # Return the success of having called _describe
            return 0
        else
            __gh_debug "_describe did not find completions."
            __gh_debug "Checking if we should do file completion."
            if [ $((directive & shellCompDirectiveNoFileComp)) -ne 0 ]; then
                __gh_debug "deactivating file completion"

                # We must return an error code here to let zsh know that there were no
                # completions found by _describe; this is what will trigger other
                # matching algorithms to attempt to find completions.
                # For example zsh can match letters in the middle of words.
                return 1
            else
                # Perform file completion
                __gh_debug "Activating file completion"

                # We must return the result of this command, so it must be the
                # last command, or else we must store its result to return it.
                _arguments '*:filename:_files'" ${flagPrefix}"
            fi
        fi
    fi
}

# don't run the completion function when being source-ed or eval-ed
if [ "$funcstack[1]" = "_gh" ]; then
    _gh
fi
--- PASS: TestCompletionCommand_Zsh (0.00s)
=== RUN   TestCompletionCommand_Fish
# fish completion for gh                                   -*- shell-script -*-

function __gh_debug
    set -l file "$BASH_COMP_DEBUG_FILE"
    if test -n "$file"
        echo "$argv" >> $file
    end
end

function __gh_perform_completion
    __gh_debug "Starting __gh_perform_completion"

    # Extract all args except the last one
    set -l args (commandline -opc)
    # Extract the last arg and escape it in case it is a space
    set -l lastArg (string escape -- (commandline -ct))

    __gh_debug "args: $args"
    __gh_debug "last arg: $lastArg"

    # Disable ActiveHelp which is not supported for fish shell
    set -l requestComp "GH_ACTIVE_HELP=0 $args[1] __complete $args[2..-1] $lastArg"

    __gh_debug "Calling $requestComp"
    set -l results (eval $requestComp 2> /dev/null)

    # Some programs may output extra empty lines after the directive.
    # Let's ignore them or else it will break completion.
    # Ref: https://github.com/spf13/cobra/issues/1279
    for line in $results[-1..1]
        if test (string trim -- $line) = ""
            # Found an empty line, remove it
            set results $results[1..-2]
        else
            # Found non-empty line, we have our proper output
            break
        end
    end

    set -l comps $results[1..-2]
    set -l directiveLine $results[-1]

    # For Fish, when completing a flag with an = (e.g., <program> -n=<TAB>)
    # completions must be prefixed with the flag
    set -l flagPrefix (string match -r -- '-.*=' "$lastArg")

    __gh_debug "Comps: $comps"
    __gh_debug "DirectiveLine: $directiveLine"
    __gh_debug "flagPrefix: $flagPrefix"

    for comp in $comps
        printf "%s%s\n" "$flagPrefix" "$comp"
    end

    printf "%s\n" "$directiveLine"
end

# this function limits calls to __gh_perform_completion, by caching the result behind $__gh_perform_completion_once_result
function __gh_perform_completion_once
    __gh_debug "Starting __gh_perform_completion_once"

    if test -n "$__gh_perform_completion_once_result"
        __gh_debug "Seems like a valid result already exists, skipping __gh_perform_completion"
        return 0
    end

    set --global __gh_perform_completion_once_result (__gh_perform_completion)
    if test -z "$__gh_perform_completion_once_result"
        __gh_debug "No completions, probably due to a failure"
        return 1
    end

    __gh_debug "Performed completions and set __gh_perform_completion_once_result"
    return 0
end

# this function is used to clear the $__gh_perform_completion_once_result variable after completions are run
function __gh_clear_perform_completion_once_result
    __gh_debug ""
    __gh_debug "========= clearing previously set __gh_perform_completion_once_result variable =========="
    set --erase __gh_perform_completion_once_result
    __gh_debug "Successfully erased the variable __gh_perform_completion_once_result"
end

function __gh_requires_order_preservation
    __gh_debug ""
    __gh_debug "========= checking if order preservation is required =========="

    __gh_perform_completion_once
    if test -z "$__gh_perform_completion_once_result"
        __gh_debug "Error determining if order preservation is required"
        return 1
    end

    set -l directive (string sub --start 2 $__gh_perform_completion_once_result[-1])
    __gh_debug "Directive is: $directive"

    set -l shellCompDirectiveKeepOrder 32
    set -l keeporder (math (math --scale 0 $directive / $shellCompDirectiveKeepOrder) % 2)
    __gh_debug "Keeporder is: $keeporder"

    if test $keeporder -ne 0
        __gh_debug "This does require order preservation"
        return 0
    end

    __gh_debug "This doesn't require order preservation"
    return 1
end


# This function does two things:
# - Obtain the completions and store them in the global __gh_comp_results
# - Return false if file completion should be performed
function __gh_prepare_completions
    __gh_debug ""
    __gh_debug "========= starting completion logic =========="

    # Start fresh
    set --erase __gh_comp_results

    __gh_perform_completion_once
    __gh_debug "Completion results: $__gh_perform_completion_once_result"

    if test -z "$__gh_perform_completion_once_result"
        __gh_debug "No completion, probably due to a failure"
        # Might as well do file completion, in case it helps
        return 1
    end

    set -l directive (string sub --start 2 $__gh_perform_completion_once_result[-1])
    set --global __gh_comp_results $__gh_perform_completion_once_result[1..-2]

    __gh_debug "Completions are: $__gh_comp_results"
    __gh_debug "Directive is: $directive"

    set -l shellCompDirectiveError 1
    set -l shellCompDirectiveNoSpace 2
    set -l shellCompDirectiveNoFileComp 4
    set -l shellCompDirectiveFilterFileExt 8
    set -l shellCompDirectiveFilterDirs 16

    if test -z "$directive"
        set directive 0
    end

    set -l compErr (math (math --scale 0 $directive / $shellCompDirectiveError) % 2)
    if test $compErr -eq 1
        __gh_debug "Received error directive: aborting."
        # Might as well do file completion, in case it helps
        return 1
    end

    set -l filefilter (math (math --scale 0 $directive / $shellCompDirectiveFilterFileExt) % 2)
    set -l dirfilter (math (math --scale 0 $directive / $shellCompDirectiveFilterDirs) % 2)
    if test $filefilter -eq 1; or test $dirfilter -eq 1
        __gh_debug "File extension filtering or directory filtering not supported"
        # Do full file completion instead
        return 1
    end

    set -l nospace (math (math --scale 0 $directive / $shellCompDirectiveNoSpace) % 2)
    set -l nofiles (math (math --scale 0 $directive / $shellCompDirectiveNoFileComp) % 2)

    __gh_debug "nospace: $nospace, nofiles: $nofiles"

    # If we want to prevent a space, or if file completion is NOT disabled,
    # we need to count the number of valid completions.
    # To do so, we will filter on prefix as the completions we have received
    # may not already be filtered so as to allow fish to match on different
    # criteria than the prefix.
    if test $nospace -ne 0; or test $nofiles -eq 0
        set -l prefix (commandline -t | string escape --style=regex)
        __gh_debug "prefix: $prefix"

        set -l completions (string match -r -- "^$prefix.*" $__gh_comp_results)
        set --global __gh_comp_results $completions
        __gh_debug "Filtered completions are: $__gh_comp_results"

        # Important not to quote the variable for count to work
        set -l numComps (count $__gh_comp_results)
        __gh_debug "numComps: $numComps"

        if test $numComps -eq 1; and test $nospace -ne 0
            # We must first split on \t to get rid of the descriptions to be
            # able to check what the actual completion will be.
            # We don't need descriptions anyway since there is only a single
            # real completion which the shell will expand immediately.
            set -l split (string split --max 1 \t $__gh_comp_results[1])

            # Fish won't add a space if the completion ends with any
            # of the following characters: @=/:.,
            set -l lastChar (string sub -s -1 -- $split)
            if not string match -r -q "[@=/:.,]" -- "$lastChar"
                # In other cases, to support the "nospace" directive we trick the shell
                # by outputting an extra, longer completion.
                __gh_debug "Adding second completion to perform nospace directive"
                set --global __gh_comp_results $split[1] $split[1].
                __gh_debug "Completions are now: $__gh_comp_results"
            end
        end

        if test $numComps -eq 0; and test $nofiles -eq 0
            # To be consistent with bash and zsh, we only trigger file
            # completion when there are no other completions
            __gh_debug "Requesting file completion"
            return 1
        end
    end

    return 0
end

# Since Fish completions are only loaded once the user triggers them, we trigger them ourselves
# so we can properly delete any completions provided by another script.
# Only do this if the program can be found, or else fish may print some errors; besides,
# the existing completions will only be loaded if the program can be found.
if type -q "gh"
    # The space after the program name is essential to trigger completion for the program
    # and not completion of the program name itself.
    # Also, we use '> /dev/null 2>&1' since '&>' is not supported in older versions of fish.
    complete --do-complete "gh " > /dev/null 2>&1
end

# Remove any pre-existing completions for the program since we will be handling all of them.
complete -c gh -e

# this will get called after the two calls below and clear the $__gh_perform_completion_once_result global
complete -c gh -n '__gh_clear_perform_completion_once_result'
# The call to __gh_prepare_completions will setup __gh_comp_results
# which provides the program's completion choices.
# If this doesn't require order preservation, we don't use the -k flag
complete -c gh -n 'not __gh_requires_order_preservation && __gh_prepare_completions' -f -a '$__gh_comp_results'
# otherwise we use the -k flag
complete -k -c gh -n '__gh_requires_order_preservation && __gh_prepare_completions' -f -a '$__gh_comp_results'
--- PASS: TestCompletionCommand_Fish (0.00s)
=== RUN   TestCompletionCommand_PowerShell
# powershell completion for gh                                   -*- shell-script -*-

function __gh_debug {
    if ($env:BASH_COMP_DEBUG_FILE) {
        "$args" | Out-File -Append -FilePath "$env:BASH_COMP_DEBUG_FILE"
    }
}

filter __gh_escapeStringWithSpecialChars {
    $_ -replace '\s|#|@|\$|;|,|''|\{|\}|\(|\)|"|`|\||<|>|&','`$&'
}

[scriptblock]${__ghCompleterBlock} = {
    param(
            $WordToComplete,
            $CommandAst,
            $CursorPosition
        )

    # Get the current command line and convert into a string
    $Command = $CommandAst.CommandElements
    $Command = "$Command"

    __gh_debug ""
    __gh_debug "========= starting completion logic =========="
    __gh_debug "WordToComplete: $WordToComplete Command: $Command CursorPosition: $CursorPosition"

    # The user could have moved the cursor backwards on the command-line.
    # We need to trigger completion from the $CursorPosition location, so we need
    # to truncate the command-line ($Command) up to the $CursorPosition location.
    # Make sure the $Command is longer then the $CursorPosition before we truncate.
    # This happens because the $Command does not include the last space.
    if ($Command.Length -gt $CursorPosition) {
        $Command=$Command.Substring(0,$CursorPosition)
    }
    __gh_debug "Truncated command: $Command"

    $ShellCompDirectiveError=1
    $ShellCompDirectiveNoSpace=2
    $ShellCompDirectiveNoFileComp=4
    $ShellCompDirectiveFilterFileExt=8
    $ShellCompDirectiveFilterDirs=16
    $ShellCompDirectiveKeepOrder=32

    # Prepare the command to request completions for the program.
    # Split the command at the first space to separate the program and arguments.
    $Program,$Arguments = $Command.Split(" ",2)

    $RequestComp="$Program __completeNoDesc $Arguments"
    __gh_debug "RequestComp: $RequestComp"

    # we cannot use $WordToComplete because it
    # has the wrong values if the cursor was moved
    # so use the last argument
    if ($WordToComplete -ne "" ) {
        $WordToComplete = $Arguments.Split(" ")[-1]
    }
    __gh_debug "New WordToComplete: $WordToComplete"


    # Check for flag with equal sign
    $IsEqualFlag = ($WordToComplete -Like "--*=*" )
    if ( $IsEqualFlag ) {
        __gh_debug "Completing equal sign flag"
        # Remove the flag part
        $Flag,$WordToComplete = $WordToComplete.Split("=",2)
    }

    if ( $WordToComplete -eq "" -And ( -Not $IsEqualFlag )) {
        # If the last parameter is complete (there is a space following it)
        # We add an extra empty parameter so we can indicate this to the go method.
        __gh_debug "Adding extra empty parameter"
        # PowerShell 7.2+ changed the way how the arguments are passed to executables,
        # so for pre-7.2 or when Legacy argument passing is enabled we need to use
        # `"`" to pass an empty argument, a "" or '' does not work!!!
        if ($PSVersionTable.PsVersion -lt [version]'7.2.0' -or
            ($PSVersionTable.PsVersion -lt [version]'7.3.0' -and -not [ExperimentalFeature]::IsEnabled("PSNativeCommandArgumentPassing")) -or
            (($PSVersionTable.PsVersion -ge [version]'7.3.0' -or [ExperimentalFeature]::IsEnabled("PSNativeCommandArgumentPassing")) -and
              $PSNativeCommandArgumentPassing -eq 'Legacy')) {
             $RequestComp="$RequestComp" + ' `"`"'
        } else {
             $RequestComp="$RequestComp" + ' ""'
        }
    }

    __gh_debug "Calling $RequestComp"
    # First disable ActiveHelp which is not supported for Powershell
    ${env:GH_ACTIVE_HELP}=0

    #call the command store the output in $out and redirect stderr and stdout to null
    # $Out is an array contains each line per element
    Invoke-Expression -OutVariable out "$RequestComp" 2>&1 | Out-Null

    # get directive from last line
    [int]$Directive = $Out[-1].TrimStart(':')
    if ($Directive -eq "") {
        # There is no directive specified
        $Directive = 0
    }
    __gh_debug "The completion directive is: $Directive"

    # remove directive (last element) from out
    $Out = $Out | Where-Object { $_ -ne $Out[-1] }
    __gh_debug "The completions are: $Out"

    if (($Directive -band $ShellCompDirectiveError) -ne 0 ) {
        # Error code.  No completion.
        __gh_debug "Received error from custom completion go code"
        return
    }

    $Longest = 0
    [Array]$Values = $Out | ForEach-Object {
        #Split the output in name and description
        $Name, $Description = $_.Split("`t",2)
        __gh_debug "Name: $Name Description: $Description"

        # Look for the longest completion so that we can format things nicely
        if ($Longest -lt $Name.Length) {
            $Longest = $Name.Length
        }

        # Set the description to a one space string if there is none set.
        # This is needed because the CompletionResult does not accept an empty string as argument
        if (-Not $Description) {
            $Description = " "
        }
        New-Object -TypeName PSCustomObject -Property @{
            Name = "$Name"
            Description = "$Description"
        }
    }


    $Space = " "
    if (($Directive -band $ShellCompDirectiveNoSpace) -ne 0 ) {
        # remove the space here
        __gh_debug "ShellCompDirectiveNoSpace is called"
        $Space = ""
    }

    if ((($Directive -band $ShellCompDirectiveFilterFileExt) -ne 0 ) -or
       (($Directive -band $ShellCompDirectiveFilterDirs) -ne 0 ))  {
        __gh_debug "ShellCompDirectiveFilterFileExt ShellCompDirectiveFilterDirs are not supported"

        # return here to prevent the completion of the extensions
        return
    }

    $Values = $Values | Where-Object {
        # filter the result
        $_.Name -like "$WordToComplete*"

        # Join the flag back if we have an equal sign flag
        if ( $IsEqualFlag ) {
            __gh_debug "Join the equal sign flag back to the completion value"
            $_.Name = $Flag + "=" + $_.Name
        }
    }

    # we sort the values in ascending order by name if keep order isn't passed
    if (($Directive -band $ShellCompDirectiveKeepOrder) -eq 0 ) {
        $Values = $Values | Sort-Object -Property Name
    }

    if (($Directive -band $ShellCompDirectiveNoFileComp) -ne 0 ) {
        __gh_debug "ShellCompDirectiveNoFileComp is called"

        if ($Values.Length -eq 0) {
            # Just print an empty string here so the
            # shell does not start to complete paths.
            # We cannot use CompletionResult here because
            # it does not accept an empty string as argument.
            ""
            return
        }
    }

    # Get the current mode
    $Mode = (Get-PSReadLineKeyHandler | Where-Object {$_.Key -eq "Tab" }).Function
    __gh_debug "Mode: $Mode"

    $Values | ForEach-Object {

        # store temporary because switch will overwrite $_
        $comp = $_

        # PowerShell supports three different completion modes
        # - TabCompleteNext (default windows style - on each key press the next option is displayed)
        # - Complete (works like bash)
        # - MenuComplete (works like zsh)
        # You set the mode with Set-PSReadLineKeyHandler -Key Tab -Function <mode>

        # CompletionResult Arguments:
        # 1) CompletionText text to be used as the auto completion result
        # 2) ListItemText   text to be displayed in the suggestion list
        # 3) ResultType     type of completion result
        # 4) ToolTip        text for the tooltip with details about the object

        switch ($Mode) {

            # bash like
            "Complete" {

                if ($Values.Length -eq 1) {
                    __gh_debug "Only one completion left"

                    # insert space after value
                    $CompletionText = $($comp.Name | __gh_escapeStringWithSpecialChars) + $Space
                    if ($ExecutionContext.SessionState.LanguageMode -eq "FullLanguage"){
                        [System.Management.Automation.CompletionResult]::new($CompletionText, "$($comp.Name)", 'ParameterValue', "$($comp.Description)")
                    } else {
                        $CompletionText
                    }

                } else {
                    # Add the proper number of spaces to align the descriptions
                    while($comp.Name.Length -lt $Longest) {
                        $comp.Name = $comp.Name + " "
                    }

                    # Check for empty description and only add parentheses if needed
                    if ($($comp.Description) -eq " " ) {
                        $Description = ""
                    } else {
                        $Description = "  ($($comp.Description))"
                    }

                    $CompletionText = "$($comp.Name)$Description"
                    if ($ExecutionContext.SessionState.LanguageMode -eq "FullLanguage"){
                        [System.Management.Automation.CompletionResult]::new($CompletionText, "$($comp.Name)$Description", 'ParameterValue', "$($comp.Description)")
                    } else {
                        $CompletionText
                    }
                }
             }

            # zsh like
            "MenuComplete" {
                # insert space after value
                # MenuComplete will automatically show the ToolTip of
                # the highlighted value at the bottom of the suggestions.

                $CompletionText = $($comp.Name | __gh_escapeStringWithSpecialChars) + $Space
                if ($ExecutionContext.SessionState.LanguageMode -eq "FullLanguage"){
                    [System.Management.Automation.CompletionResult]::new($CompletionText, "$($comp.Name)", 'ParameterValue', "$($comp.Description)")
                } else {
                    $CompletionText
                }
            }

            # TabCompleteNext and in case we get something unknown
            Default {
                # Like MenuComplete but we don't want to add a space here because
                # the user need to press space anyway to get the completion.
                # Description will not be shown because that's not possible with TabCompleteNext

                $CompletionText = $($comp.Name | __gh_escapeStringWithSpecialChars)
                if ($ExecutionContext.SessionState.LanguageMode -eq "FullLanguage"){
                    [System.Management.Automation.CompletionResult]::new($CompletionText, "$($comp.Name)", 'ParameterValue', "$($comp.Description)")
                } else {
                    $CompletionText
                }
            }
        }

    }
}

Register-ArgumentCompleter -CommandName 'gh' -ScriptBlock ${__ghCompleterBlock}
--- PASS: TestCompletionCommand_PowerShell (0.00s)
=== RUN   TestCompletionCommand_InvalidShell
Error: invalid argument "invalid" for "gh completion"
Usage:
  gh completion [shell] [flags]
  gh completion [command]

Examples:
  # Install completions automatically (detects your shell)
  gh aw completion install

  # Generate completion script for bash
  gh aw completion bash > ~/.bash_completion.d/gh-aw
  source ~/.bash_completion.d/gh-aw

  # Generate completion script for zsh
  gh aw completion zsh > "${fpath[1]}/_gh-aw"
  compinit

  # Generate completion script for fish
  gh aw completion fish > ~/.config/fish/completions/gh-aw.fish

  # Generate completion script for PowerShell
  gh aw completion powershell | Out-String | Invoke-Expression

  # Add to PowerShell profile for persistent completions
  echo 'gh aw completion powershell | Out-String | Invoke-Expression' >> $PROFILE

Available Commands:
  install     Install shell completion for the detected shell
  uninstall   Uninstall shell completion for the detected shell

Flags:
  -h, --help   help for completion

Use "gh completion [command] --help" for more information about a command.

--- PASS: TestCompletionCommand_InvalidShell (0.00s)
=== RUN   TestCompletionCommand_NoArgs
Error: accepts 1 arg(s), received 0
Usage:
  gh completion [shell] [flags]
  gh completion [command]

Examples:
  # Install completions automatically (detects your shell)
  gh aw completion install

  # Generate completion script for bash
  gh aw completion bash > ~/.bash_completion.d/gh-aw
  source ~/.bash_completion.d/gh-aw

  # Generate completion script for zsh
  gh aw completion zsh > "${fpath[1]}/_gh-aw"
  compinit

  # Generate completion script for fish
  gh aw completion fish > ~/.config/fish/completions/gh-aw.fish

  # Generate completion script for PowerShell
  gh aw completion powershell | Out-String | Invoke-Expression

  # Add to PowerShell profile for persistent completions
  echo 'gh aw completion powershell | Out-String | Invoke-Expression' >> $PROFILE

Available Commands:
  install     Install shell completion for the detected shell
  uninstall   Uninstall shell completion for the detected shell

Flags:
  -h, --help   help for completion

Use "gh completion [command] --help" for more information about a command.

--- PASS: TestCompletionCommand_NoArgs (0.00s)
=== RUN   TestCompletionCommand_InstallSubcommand
--- PASS: TestCompletionCommand_InstallSubcommand (0.00s)
=== RUN   TestCompletionCommand_UninstallSubcommand
--- PASS: TestCompletionCommand_UninstallSubcommand (0.00s)
=== RUN   TestCompletionCommand_LongHelp
--- PASS: TestCompletionCommand_LongHelp (0.00s)
=== RUN   TestCompletionCommand_Examples
--- PASS: TestCompletionCommand_Examples (0.00s)
=== RUN   TestCompletionCommand_ValidArgs
--- PASS: TestCompletionCommand_ValidArgs (0.00s)
=== RUN   TestCompletionCommand_BashScriptFormat
# bash completion for gh                                   -*- shell-script -*-

__gh_debug()
{
    if [[ -n ${BASH_COMP_DEBUG_FILE:-} ]]; then
        echo "$*" >> "${BASH_COMP_DEBUG_FILE}"
    fi
}

# Homebrew on Macs have version 1.3 of bash-completion which doesn't include
# _init_completion. This is a very minimal version of that function.
__gh_init_completion()
{
    COMPREPLY=()
    _get_comp_words_by_ref "$@" cur prev words cword
}

__gh_index_of_word()
{
    local w word=$1
    shift
    index=0
    for w in "$@"; do
        [[ $w = "$word" ]] && return
        index=$((index+1))
    done
    index=-1
}

__gh_contains_word()
{
    local w word=$1; shift
    for w in "$@"; do
        [[ $w = "$word" ]] && return
    done
    return 1
}

__gh_handle_go_custom_completion()
{
    __gh_debug "${FUNCNAME[0]}: cur is ${cur}, words[*] is ${words[*]}, #words[@] is ${#words[@]}"

    local shellCompDirectiveError=1
    local shellCompDirectiveNoSpace=2
    local shellCompDirectiveNoFileComp=4
    local shellCompDirectiveFilterFileExt=8
    local shellCompDirectiveFilterDirs=16

    local out requestComp lastParam lastChar comp directive args

    # Prepare the command to request completions for the program.
    # Calling ${words[0]} instead of directly gh allows handling aliases
    args=("${words[@]:1}")
    # Disable ActiveHelp which is not supported for bash completion v1
    requestComp="GH_ACTIVE_HELP=0 ${words[0]} __completeNoDesc ${args[*]}"

    lastParam=${words[$((${#words[@]}-1))]}
    lastChar=${lastParam:$((${#lastParam}-1)):1}
    __gh_debug "${FUNCNAME[0]}: lastParam ${lastParam}, lastChar ${lastChar}"

    if [ -z "${cur}" ] && [ "${lastChar}" != "=" ]; then
        # If the last parameter is complete (there is a space following it)
        # We add an extra empty parameter so we can indicate this to the go method.
        __gh_debug "${FUNCNAME[0]}: Adding extra empty parameter"
        requestComp="${requestComp} \"\""
    fi

    __gh_debug "${FUNCNAME[0]}: calling ${requestComp}"
    # Use eval to handle any environment variables and such
    out=$(eval "${requestComp}" 2>/dev/null)

    # Extract the directive integer at the very end of the output following a colon (:)
    directive=${out##*:}
    # Remove the directive
    out=${out%:*}
    if [ "${directive}" = "${out}" ]; then
        # There is not directive specified
        directive=0
    fi
    __gh_debug "${FUNCNAME[0]}: the completion directive is: ${directive}"
    __gh_debug "${FUNCNAME[0]}: the completions are: ${out}"

    if [ $((directive & shellCompDirectiveError)) -ne 0 ]; then
        # Error code.  No completion.
        __gh_debug "${FUNCNAME[0]}: received error from custom completion go code"
        return
    else
        if [ $((directive & shellCompDirectiveNoSpace)) -ne 0 ]; then
            if [[ $(type -t compopt) = "builtin" ]]; then
                __gh_debug "${FUNCNAME[0]}: activating no space"
                compopt -o nospace
            fi
        fi
        if [ $((directive & shellCompDirectiveNoFileComp)) -ne 0 ]; then
            if [[ $(type -t compopt) = "builtin" ]]; then
                __gh_debug "${FUNCNAME[0]}: activating no file completion"
                compopt +o default
            fi
        fi
    fi

    if [ $((directive & shellCompDirectiveFilterFileExt)) -ne 0 ]; then
        # File extension filtering
        local fullFilter filter filteringCmd
        # Do not use quotes around the $out variable or else newline
        # characters will be kept.
        for filter in ${out}; do
            fullFilter+="$filter|"
        done

        filteringCmd="_filedir $fullFilter"
        __gh_debug "File filtering command: $filteringCmd"
        $filteringCmd
    elif [ $((directive & shellCompDirectiveFilterDirs)) -ne 0 ]; then
        # File completion for directories only
        local subdir
        # Use printf to strip any trailing newline
        subdir=$(printf "%s" "${out}")
        if [ -n "$subdir" ]; then
            __gh_debug "Listing directories in $subdir"
            __gh_handle_subdirs_in_dir_flag "$subdir"
        else
            __gh_debug "Listing directories in ."
            _filedir -d
        fi
    else
        while IFS='' read -r comp; do
            COMPREPLY+=("$comp")
        done < <(compgen -W "${out}" -- "$cur")
    fi
}

__gh_handle_reply()
{
    __gh_debug "${FUNCNAME[0]}"
    local comp
    case $cur in
        -*)
            if [[ $(type -t compopt) = "builtin" ]]; then
                compopt -o nospace
            fi
            local allflags
            if [ ${#must_have_one_flag[@]} -ne 0 ]; then
                allflags=("${must_have_one_flag[@]}")
            else
                allflags=("${flags[*]} ${two_word_flags[*]}")
            fi
            while IFS='' read -r comp; do
                COMPREPLY+=("$comp")
            done < <(compgen -W "${allflags[*]}" -- "$cur")
            if [[ $(type -t compopt) = "builtin" ]]; then
                [[ "${COMPREPLY[0]}" == *= ]] || compopt +o nospace
            fi

            # complete after --flag=abc
            if [[ $cur == *=* ]]; then
                if [[ $(type -t compopt) = "builtin" ]]; then
                    compopt +o nospace
                fi

                local index flag
                flag="${cur%=*}"
                __gh_index_of_word "${flag}" "${flags_with_completion[@]}"
                COMPREPLY=()
                if [[ ${index} -ge 0 ]]; then
                    PREFIX=""
                    cur="${cur#*=}"
                    ${flags_completion[${index}]}
                    if [ -n "${ZSH_VERSION:-}" ]; then
                        # zsh completion needs --flag= prefix
                        eval "COMPREPLY=( \"\${COMPREPLY[@]/#/${flag}=}\" )"
                    fi
                fi
            fi

            if [[ -z "${flag_parsing_disabled}" ]]; then
                # If flag parsing is enabled, we have completed the flags and can return.
                # If flag parsing is disabled, we may not know all (or any) of the flags, so we fallthrough
                # to possibly call handle_go_custom_completion.
                return 0;
            fi
            ;;
    esac

    # check if we are handling a flag with special work handling
    local index
    __gh_index_of_word "${prev}" "${flags_with_completion[@]}"
    if [[ ${index} -ge 0 ]]; then
        ${flags_completion[${index}]}
        return
    fi

    # we are parsing a flag and don't have a special handler, no completion
    if [[ ${cur} != "${words[cword]}" ]]; then
        return
    fi

    local completions
    completions=("${commands[@]}")
    if [[ ${#must_have_one_noun[@]} -ne 0 ]]; then
        completions+=("${must_have_one_noun[@]}")
    elif [[ -n "${has_completion_function}" ]]; then
        # if a go completion function is provided, defer to that function
        __gh_handle_go_custom_completion
    fi
    if [[ ${#must_have_one_flag[@]} -ne 0 ]]; then
        completions+=("${must_have_one_flag[@]}")
    fi
    while IFS='' read -r comp; do
        COMPREPLY+=("$comp")
    done < <(compgen -W "${completions[*]}" -- "$cur")

    if [[ ${#COMPREPLY[@]} -eq 0 && ${#noun_aliases[@]} -gt 0 && ${#must_have_one_noun[@]} -ne 0 ]]; then
        while IFS='' read -r comp; do
            COMPREPLY+=("$comp")
        done < <(compgen -W "${noun_aliases[*]}" -- "$cur")
    fi

    if [[ ${#COMPREPLY[@]} -eq 0 ]]; then
        if declare -F __gh_custom_func >/dev/null; then
            # try command name qualified custom func
            __gh_custom_func
        else
            # otherwise fall back to unqualified for compatibility
            declare -F __custom_func >/dev/null && __custom_func
        fi
    fi

    # available in bash-completion >= 2, not always present on macOS
    if declare -F __ltrim_colon_completions >/dev/null; then
        __ltrim_colon_completions "$cur"
    fi

    # If there is only 1 completion and it is a flag with an = it will be completed
    # but we don't want a space after the =
    if [[ "${#COMPREPLY[@]}" -eq "1" ]] && [[ $(type -t compopt) = "builtin" ]] && [[ "${COMPREPLY[0]}" == --*= ]]; then
       compopt -o nospace
    fi
}

# The arguments should be in the form "ext1|ext2|extn"
__gh_handle_filename_extension_flag()
{
    local ext="$1"
    _filedir "@(${ext})"
}

__gh_handle_subdirs_in_dir_flag()
{
    local dir="$1"
    pushd "${dir}" >/dev/null 2>&1 && _filedir -d && popd >/dev/null 2>&1 || return
}

__gh_handle_flag()
{
    __gh_debug "${FUNCNAME[0]}: c is $c words[c] is ${words[c]}"

    # if a command required a flag, and we found it, unset must_have_one_flag()
    local flagname=${words[c]}
    local flagvalue=""
    # if the word contained an =
    if [[ ${words[c]} == *"="* ]]; then
        flagvalue=${flagname#*=} # take in as flagvalue after the =
        flagname=${flagname%=*} # strip everything after the =
        flagname="${flagname}=" # but put the = back
    fi
    __gh_debug "${FUNCNAME[0]}: looking for ${flagname}"
    if __gh_contains_word "${flagname}" "${must_have_one_flag[@]}"; then
        must_have_one_flag=()
    fi

    # if you set a flag which only applies to this command, don't show subcommands
    if __gh_contains_word "${flagname}" "${local_nonpersistent_flags[@]}"; then
      commands=()
    fi

    # keep flag value with flagname as flaghash
    # flaghash variable is an associative array which is only supported in bash > 3.
    if [[ -z "${BASH_VERSION:-}" || "${BASH_VERSINFO[0]:-}" -gt 3 ]]; then
        if [ -n "${flagvalue}" ] ; then
            flaghash[${flagname}]=${flagvalue}
        elif [ -n "${words[ $((c+1)) ]}" ] ; then
            flaghash[${flagname}]=${words[ $((c+1)) ]}
        else
            flaghash[${flagname}]="true" # pad "true" for bool flag
        fi
    fi

    # skip the argument to a two word flag
    if [[ ${words[c]} != *"="* ]] && __gh_contains_word "${words[c]}" "${two_word_flags[@]}"; then
        __gh_debug "${FUNCNAME[0]}: found a flag ${words[c]}, skip the next argument"
        c=$((c+1))
        # if we are looking for a flags value, don't show commands
        if [[ $c -eq $cword ]]; then
            commands=()
        fi
    fi

    c=$((c+1))

}

__gh_handle_noun()
{
    __gh_debug "${FUNCNAME[0]}: c is $c words[c] is ${words[c]}"

    if __gh_contains_word "${words[c]}" "${must_have_one_noun[@]}"; then
        must_have_one_noun=()
    elif __gh_contains_word "${words[c]}" "${noun_aliases[@]}"; then
        must_have_one_noun=()
    fi

    nouns+=("${words[c]}")
    c=$((c+1))
}

__gh_handle_command()
{
    __gh_debug "${FUNCNAME[0]}: c is $c words[c] is ${words[c]}"

    local next_command
    if [[ -n ${last_command} ]]; then
        next_command="_${last_command}_${words[c]//:/__}"
    else
        if [[ $c -eq 0 ]]; then
            next_command="_gh_root_command"
        else
            next_command="_${words[c]//:/__}"
        fi
    fi
    c=$((c+1))
    __gh_debug "${FUNCNAME[0]}: looking for ${next_command}"
    declare -F "$next_command" >/dev/null && $next_command
}

__gh_handle_word()
{
    if [[ $c -ge $cword ]]; then
        __gh_handle_reply
        return
    fi
    __gh_debug "${FUNCNAME[0]}: c is $c words[c] is ${words[c]}"
    if [[ "${words[c]}" == -* ]]; then
        __gh_handle_flag
    elif __gh_contains_word "${words[c]}" "${commands[@]}"; then
        __gh_handle_command
    elif [[ $c -eq 0 ]]; then
        __gh_handle_command
    elif __gh_contains_word "${words[c]}" "${command_aliases[@]}"; then
        # aliashash variable is an associative array which is only supported in bash > 3.
        if [[ -z "${BASH_VERSION:-}" || "${BASH_VERSINFO[0]:-}" -gt 3 ]]; then
            words[c]=${aliashash[${words[c]}]}
            __gh_handle_command
        else
            __gh_handle_noun
        fi
    else
        __gh_handle_noun
    fi
    __gh_handle_word
}

_gh_completion_install()
{
    last_command="gh_completion_install"

    command_aliases=()

    commands=()

    flags=()
    two_word_flags=()
    local_nonpersistent_flags=()
    flags_with_completion=()
    flags_completion=()


    must_have_one_flag=()
    must_have_one_noun=()
    noun_aliases=()
}

_gh_completion_uninstall()
{
    last_command="gh_completion_uninstall"

    command_aliases=()

    commands=()

    flags=()
    two_word_flags=()
    local_nonpersistent_flags=()
    flags_with_completion=()
    flags_completion=()


    must_have_one_flag=()
    must_have_one_noun=()
    noun_aliases=()
}

_gh_completion()
{
    last_command="gh_completion"

    command_aliases=()

    commands=()
    commands+=("install")
    commands+=("uninstall")

    flags=()
    two_word_flags=()
    local_nonpersistent_flags=()
    flags_with_completion=()
    flags_completion=()

    flags+=("--help")
    flags+=("-h")
    local_nonpersistent_flags+=("--help")
    local_nonpersistent_flags+=("-h")

    must_have_one_flag=()
    must_have_one_noun=()
    must_have_one_noun+=("bash")
    must_have_one_noun+=("fish")
    must_have_one_noun+=("powershell")
    must_have_one_noun+=("zsh")
    noun_aliases=()
}

_gh_help()
{
    last_command="gh_help"

    command_aliases=()

    commands=()

    flags=()
    two_word_flags=()
    local_nonpersistent_flags=()
    flags_with_completion=()
    flags_completion=()


    must_have_one_flag=()
    must_have_one_noun=()
    has_completion_function=1
    noun_aliases=()
}

_gh_root_command()
{
    last_command="gh"

    command_aliases=()

    commands=()
    commands+=("completion")
    commands+=("help")

    flags=()
    two_word_flags=()
    local_nonpersistent_flags=()
    flags_with_completion=()
    flags_completion=()


    must_have_one_flag=()
    must_have_one_noun=()
    noun_aliases=()
}

__start_gh()
{
    local cur prev words cword split
    declare -A flaghash 2>/dev/null || :
    declare -A aliashash 2>/dev/null || :
    if declare -F _init_completion >/dev/null 2>&1; then
        _init_completion -s || return
    else
        __gh_init_completion -n "=" || return
    fi

    local c=0
    local flag_parsing_disabled=
    local flags=()
    local two_word_flags=()
    local local_nonpersistent_flags=()
    local flags_with_completion=()
    local flags_completion=()
    local commands=("gh")
    local command_aliases=()
    local must_have_one_flag=()
    local must_have_one_noun=()
    local has_completion_function=""
    local last_command=""
    local nouns=()
    local noun_aliases=()

    __gh_handle_word
}

if [[ $(type -t compopt) = "builtin" ]]; then
    complete -o default -F __start_gh gh
else
    complete -o default -o nospace -F __start_gh gh
fi

# ex: ts=4 sw=4 et filetype=sh
--- PASS: TestCompletionCommand_BashScriptFormat (0.00s)
=== RUN   TestCompletionCommand_ZshScriptFormat
#compdef gh
compdef _gh gh

# zsh completion for gh                                   -*- shell-script -*-

__gh_debug()
{
    local file="$BASH_COMP_DEBUG_FILE"
    if [[ -n ${file} ]]; then
        echo "$*" >> "${file}"
    fi
}

_gh()
{
    local shellCompDirectiveError=1
    local shellCompDirectiveNoSpace=2
    local shellCompDirectiveNoFileComp=4
    local shellCompDirectiveFilterFileExt=8
    local shellCompDirectiveFilterDirs=16
    local shellCompDirectiveKeepOrder=32

    local lastParam lastChar flagPrefix requestComp out directive comp lastComp noSpace keepOrder
    local -a completions

    __gh_debug "\n========= starting completion logic =========="
    __gh_debug "CURRENT: ${CURRENT}, words[*]: ${words[*]}"

    # The user could have moved the cursor backwards on the command-line.
    # We need to trigger completion from the $CURRENT location, so we need
    # to truncate the command-line ($words) up to the $CURRENT location.
    # (We cannot use $CURSOR as its value does not work when a command is an alias.)
    words=("${=words[1,CURRENT]}")
    __gh_debug "Truncated words[*]: ${words[*]},"

    lastParam=${words[-1]}
    lastChar=${lastParam[-1]}
    __gh_debug "lastParam: ${lastParam}, lastChar: ${lastChar}"

    # For zsh, when completing a flag with an = (e.g., gh -n=<TAB>)
    # completions must be prefixed with the flag
    setopt local_options BASH_REMATCH
    if [[ "${lastParam}" =~ '-.*=' ]]; then
        # We are dealing with a flag with an =
        flagPrefix="-P ${BASH_REMATCH}"
    fi

    # Prepare the command to obtain completions
    requestComp="${words[1]} __complete ${words[2,-1]}"
    if [ "${lastChar}" = "" ]; then
        # If the last parameter is complete (there is a space following it)
        # We add an extra empty parameter so we can indicate this to the go completion code.
        __gh_debug "Adding extra empty parameter"
        requestComp="${requestComp} \"\""
    fi

    __gh_debug "About to call: eval ${requestComp}"

    # Use eval to handle any environment variables and such
    out=$(eval ${requestComp} 2>/dev/null)
    __gh_debug "completion output: ${out}"

    # Extract the directive integer following a : from the last line
    local lastLine
    while IFS='\n' read -r line; do
        lastLine=${line}
    done < <(printf "%s\n" "${out[@]}")
    __gh_debug "last line: ${lastLine}"

    if [ "${lastLine[1]}" = : ]; then
        directive=${lastLine[2,-1]}
        # Remove the directive including the : and the newline
        local suffix
        (( suffix=${#lastLine}+2))
        out=${out[1,-$suffix]}
    else
        # There is no directive specified.  Leave $out as is.
        __gh_debug "No directive found.  Setting do default"
        directive=0
    fi

    __gh_debug "directive: ${directive}"
    __gh_debug "completions: ${out}"
    __gh_debug "flagPrefix: ${flagPrefix}"

    if [ $((directive & shellCompDirectiveError)) -ne 0 ]; then
        __gh_debug "Completion received error. Ignoring completions."
        return
    fi

    local activeHelpMarker="_activeHelp_ "
    local endIndex=${#activeHelpMarker}
    local startIndex=$((${#activeHelpMarker}+1))
    local hasActiveHelp=0
    while IFS='\n' read -r comp; do
        # Check if this is an activeHelp statement (i.e., prefixed with $activeHelpMarker)
        if [ "${comp[1,$endIndex]}" = "$activeHelpMarker" ];then
            __gh_debug "ActiveHelp found: $comp"
            comp="${comp[$startIndex,-1]}"
            if [ -n "$comp" ]; then
                compadd -x "${comp}"
                __gh_debug "ActiveHelp will need delimiter"
                hasActiveHelp=1
            fi

            continue
        fi

        if [ -n "$comp" ]; then
            # If requested, completions are returned with a description.
            # The description is preceded by a TAB character.
            # For zsh's _describe, we need to use a : instead of a TAB.
            # We first need to escape any : as part of the completion itself.
            comp=${comp//:/\\:}

            local tab="$(printf '\t')"
            comp=${comp//$tab/:}

            __gh_debug "Adding completion: ${comp}"
            completions+=${comp}
            lastComp=$comp
        fi
    done < <(printf "%s\n" "${out[@]}")

    # Add a delimiter after the activeHelp statements, but only if:
    # - there are completions following the activeHelp statements, or
    # - file completion will be performed (so there will be choices after the activeHelp)
    if [ $hasActiveHelp -eq 1 ]; then
        if [ ${#completions} -ne 0 ] || [ $((directive & shellCompDirectiveNoFileComp)) -eq 0 ]; then
            __gh_debug "Adding activeHelp delimiter"
            compadd -x "--"
            hasActiveHelp=0
        fi
    fi

    if [ $((directive & shellCompDirectiveNoSpace)) -ne 0 ]; then
        __gh_debug "Activating nospace."
        noSpace="-S ''"
    fi

    if [ $((directive & shellCompDirectiveKeepOrder)) -ne 0 ]; then
        __gh_debug "Activating keep order."
        keepOrder="-V"
    fi

    if [ $((directive & shellCompDirectiveFilterFileExt)) -ne 0 ]; then
        # File extension filtering
        local filteringCmd
        filteringCmd='_files'
        for filter in ${completions[@]}; do
            if [ ${filter[1]} != '*' ]; then
                # zsh requires a glob pattern to do file filtering
                filter="\*.$filter"
            fi
            filteringCmd+=" -g $filter"
        done
        filteringCmd+=" ${flagPrefix}"

        __gh_debug "File filtering command: $filteringCmd"
        _arguments '*:filename:'"$filteringCmd"
    elif [ $((directive & shellCompDirectiveFilterDirs)) -ne 0 ]; then
        # File completion for directories only
        local subdir
        subdir="${completions[1]}"
        if [ -n "$subdir" ]; then
            __gh_debug "Listing directories in $subdir"
            pushd "${subdir}" >/dev/null 2>&1
        else
            __gh_debug "Listing directories in ."
        fi

        local result
        _arguments '*:dirname:_files -/'" ${flagPrefix}"
        result=$?
        if [ -n "$subdir" ]; then
            popd >/dev/null 2>&1
        fi
        return $result
    else
        __gh_debug "Calling _describe"
        if eval _describe $keepOrder "completions" completions $flagPrefix $noSpace; then
            __gh_debug "_describe found some completions"

            # Return the success of having called _describe
            return 0
        else
            __gh_debug "_describe did not find completions."
            __gh_debug "Checking if we should do file completion."
            if [ $((directive & shellCompDirectiveNoFileComp)) -ne 0 ]; then
                __gh_debug "deactivating file completion"

                # We must return an error code here to let zsh know that there were no
                # completions found by _describe; this is what will trigger other
                # matching algorithms to attempt to find completions.
                # For example zsh can match letters in the middle of words.
                return 1
            else
                # Perform file completion
                __gh_debug "Activating file completion"

                # We must return the result of this command, so it must be the
                # last command, or else we must store its result to return it.
                _arguments '*:filename:_files'" ${flagPrefix}"
            fi
        fi
    fi
}

# don't run the completion function when being source-ed or eval-ed
if [ "$funcstack[1]" = "_gh" ]; then
    _gh
fi
--- PASS: TestCompletionCommand_ZshScriptFormat (0.00s)
=== RUN   TestCompletionCommand_FishScriptFormat
# fish completion for gh                                   -*- shell-script -*-

function __gh_debug
    set -l file "$BASH_COMP_DEBUG_FILE"
    if test -n "$file"
        echo "$argv" >> $file
    end
end

function __gh_perform_completion
    __gh_debug "Starting __gh_perform_completion"

    # Extract all args except the last one
    set -l args (commandline -opc)
    # Extract the last arg and escape it in case it is a space
    set -l lastArg (string escape -- (commandline -ct))

    __gh_debug "args: $args"
    __gh_debug "last arg: $lastArg"

    # Disable ActiveHelp which is not supported for fish shell
    set -l requestComp "GH_ACTIVE_HELP=0 $args[1] __complete $args[2..-1] $lastArg"

    __gh_debug "Calling $requestComp"
    set -l results (eval $requestComp 2> /dev/null)

    # Some programs may output extra empty lines after the directive.
    # Let's ignore them or else it will break completion.
    # Ref: https://github.com/spf13/cobra/issues/1279
    for line in $results[-1..1]
        if test (string trim -- $line) = ""
            # Found an empty line, remove it
            set results $results[1..-2]
        else
            # Found non-empty line, we have our proper output
            break
        end
    end

    set -l comps $results[1..-2]
    set -l directiveLine $results[-1]

    # For Fish, when completing a flag with an = (e.g., <program> -n=<TAB>)
    # completions must be prefixed with the flag
    set -l flagPrefix (string match -r -- '-.*=' "$lastArg")

    __gh_debug "Comps: $comps"
    __gh_debug "DirectiveLine: $directiveLine"
    __gh_debug "flagPrefix: $flagPrefix"

    for comp in $comps
        printf "%s%s\n" "$flagPrefix" "$comp"
    end

    printf "%s\n" "$directiveLine"
end

# this function limits calls to __gh_perform_completion, by caching the result behind $__gh_perform_completion_once_result
function __gh_perform_completion_once
    __gh_debug "Starting __gh_perform_completion_once"

    if test -n "$__gh_perform_completion_once_result"
        __gh_debug "Seems like a valid result already exists, skipping __gh_perform_completion"
        return 0
    end

    set --global __gh_perform_completion_once_result (__gh_perform_completion)
    if test -z "$__gh_perform_completion_once_result"
        __gh_debug "No completions, probably due to a failure"
        return 1
    end

    __gh_debug "Performed completions and set __gh_perform_completion_once_result"
    return 0
end

# this function is used to clear the $__gh_perform_completion_once_result variable after completions are run
function __gh_clear_perform_completion_once_result
    __gh_debug ""
    __gh_debug "========= clearing previously set __gh_perform_completion_once_result variable =========="
    set --erase __gh_perform_completion_once_result
    __gh_debug "Successfully erased the variable __gh_perform_completion_once_result"
end

function __gh_requires_order_preservation
    __gh_debug ""
    __gh_debug "========= checking if order preservation is required =========="

    __gh_perform_completion_once
    if test -z "$__gh_perform_completion_once_result"
        __gh_debug "Error determining if order preservation is required"
        return 1
    end

    set -l directive (string sub --start 2 $__gh_perform_completion_once_result[-1])
    __gh_debug "Directive is: $directive"

    set -l shellCompDirectiveKeepOrder 32
    set -l keeporder (math (math --scale 0 $directive / $shellCompDirectiveKeepOrder) % 2)
    __gh_debug "Keeporder is: $keeporder"

    if test $keeporder -ne 0
        __gh_debug "This does require order preservation"
        return 0
    end

    __gh_debug "This doesn't require order preservation"
    return 1
end


# This function does two things:
# - Obtain the completions and store them in the global __gh_comp_results
# - Return false if file completion should be performed
function __gh_prepare_completions
    __gh_debug ""
    __gh_debug "========= starting completion logic =========="

    # Start fresh
    set --erase __gh_comp_results

    __gh_perform_completion_once
    __gh_debug "Completion results: $__gh_perform_completion_once_result"

    if test -z "$__gh_perform_completion_once_result"
        __gh_debug "No completion, probably due to a failure"
        # Might as well do file completion, in case it helps
        return 1
    end

    set -l directive (string sub --start 2 $__gh_perform_completion_once_result[-1])
    set --global __gh_comp_results $__gh_perform_completion_once_result[1..-2]

    __gh_debug "Completions are: $__gh_comp_results"
    __gh_debug "Directive is: $directive"

    set -l shellCompDirectiveError 1
    set -l shellCompDirectiveNoSpace 2
    set -l shellCompDirectiveNoFileComp 4
    set -l shellCompDirectiveFilterFileExt 8
    set -l shellCompDirectiveFilterDirs 16

    if test -z "$directive"
        set directive 0
    end

    set -l compErr (math (math --scale 0 $directive / $shellCompDirectiveError) % 2)
    if test $compErr -eq 1
        __gh_debug "Received error directive: aborting."
        # Might as well do file completion, in case it helps
        return 1
    end

    set -l filefilter (math (math --scale 0 $directive / $shellCompDirectiveFilterFileExt) % 2)
    set -l dirfilter (math (math --scale 0 $directive / $shellCompDirectiveFilterDirs) % 2)
    if test $filefilter -eq 1; or test $dirfilter -eq 1
        __gh_debug "File extension filtering or directory filtering not supported"
        # Do full file completion instead
        return 1
    end

    set -l nospace (math (math --scale 0 $directive / $shellCompDirectiveNoSpace) % 2)
    set -l nofiles (math (math --scale 0 $directive / $shellCompDirectiveNoFileComp) % 2)

    __gh_debug "nospace: $nospace, nofiles: $nofiles"

    # If we want to prevent a space, or if file completion is NOT disabled,
    # we need to count the number of valid completions.
    # To do so, we will filter on prefix as the completions we have received
    # may not already be filtered so as to allow fish to match on different
    # criteria than the prefix.
    if test $nospace -ne 0; or test $nofiles -eq 0
        set -l prefix (commandline -t | string escape --style=regex)
        __gh_debug "prefix: $prefix"

        set -l completions (string match -r -- "^$prefix.*" $__gh_comp_results)
        set --global __gh_comp_results $completions
        __gh_debug "Filtered completions are: $__gh_comp_results"

        # Important not to quote the variable for count to work
        set -l numComps (count $__gh_comp_results)
        __gh_debug "numComps: $numComps"

        if test $numComps -eq 1; and test $nospace -ne 0
            # We must first split on \t to get rid of the descriptions to be
            # able to check what the actual completion will be.
            # We don't need descriptions anyway since there is only a single
            # real completion which the shell will expand immediately.
            set -l split (string split --max 1 \t $__gh_comp_results[1])

            # Fish won't add a space if the completion ends with any
            # of the following characters: @=/:.,
            set -l lastChar (string sub -s -1 -- $split)
            if not string match -r -q "[@=/:.,]" -- "$lastChar"
                # In other cases, to support the "nospace" directive we trick the shell
                # by outputting an extra, longer completion.
                __gh_debug "Adding second completion to perform nospace directive"
                set --global __gh_comp_results $split[1] $split[1].
                __gh_debug "Completions are now: $__gh_comp_results"
            end
        end

        if test $numComps -eq 0; and test $nofiles -eq 0
            # To be consistent with bash and zsh, we only trigger file
            # completion when there are no other completions
            __gh_debug "Requesting file completion"
            return 1
        end
    end

    return 0
end

# Since Fish completions are only loaded once the user triggers them, we trigger them ourselves
# so we can properly delete any completions provided by another script.
# Only do this if the program can be found, or else fish may print some errors; besides,
# the existing completions will only be loaded if the program can be found.
if type -q "gh"
    # The space after the program name is essential to trigger completion for the program
    # and not completion of the program name itself.
    # Also, we use '> /dev/null 2>&1' since '&>' is not supported in older versions of fish.
    complete --do-complete "gh " > /dev/null 2>&1
end

# Remove any pre-existing completions for the program since we will be handling all of them.
complete -c gh -e

# this will get called after the two calls below and clear the $__gh_perform_completion_once_result global
complete -c gh -n '__gh_clear_perform_completion_once_result'
# The call to __gh_prepare_completions will setup __gh_comp_results
# which provides the program's completion choices.
# If this doesn't require order preservation, we don't use the -k flag
complete -c gh -n 'not __gh_requires_order_preservation && __gh_prepare_completions' -f -a '$__gh_comp_results'
# otherwise we use the -k flag
complete -k -c gh -n '__gh_requires_order_preservation && __gh_prepare_completions' -f -a '$__gh_comp_results'
--- PASS: TestCompletionCommand_FishScriptFormat (0.00s)
=== RUN   TestCompletionCommand_PowerShellScriptFormat
# powershell completion for gh                                   -*- shell-script -*-

function __gh_debug {
    if ($env:BASH_COMP_DEBUG_FILE) {
        "$args" | Out-File -Append -FilePath "$env:BASH_COMP_DEBUG_FILE"
    }
}

filter __gh_escapeStringWithSpecialChars {
    $_ -replace '\s|#|@|\$|;|,|''|\{|\}|\(|\)|"|`|\||<|>|&','`$&'
}

[scriptblock]${__ghCompleterBlock} = {
    param(
            $WordToComplete,
            $CommandAst,
            $CursorPosition
        )

    # Get the current command line and convert into a string
    $Command = $CommandAst.CommandElements
    $Command = "$Command"

    __gh_debug ""
    __gh_debug "========= starting completion logic =========="
    __gh_debug "WordToComplete: $WordToComplete Command: $Command CursorPosition: $CursorPosition"

    # The user could have moved the cursor backwards on the command-line.
    # We need to trigger completion from the $CursorPosition location, so we need
    # to truncate the command-line ($Command) up to the $CursorPosition location.
    # Make sure the $Command is longer then the $CursorPosition before we truncate.
    # This happens because the $Command does not include the last space.
    if ($Command.Length -gt $CursorPosition) {
        $Command=$Command.Substring(0,$CursorPosition)
    }
    __gh_debug "Truncated command: $Command"

    $ShellCompDirectiveError=1
    $ShellCompDirectiveNoSpace=2
    $ShellCompDirectiveNoFileComp=4
    $ShellCompDirectiveFilterFileExt=8
    $ShellCompDirectiveFilterDirs=16
    $ShellCompDirectiveKeepOrder=32

    # Prepare the command to request completions for the program.
    # Split the command at the first space to separate the program and arguments.
    $Program,$Arguments = $Command.Split(" ",2)

    $RequestComp="$Program __completeNoDesc $Arguments"
    __gh_debug "RequestComp: $RequestComp"

    # we cannot use $WordToComplete because it
    # has the wrong values if the cursor was moved
    # so use the last argument
    if ($WordToComplete -ne "" ) {
        $WordToComplete = $Arguments.Split(" ")[-1]
    }
    __gh_debug "New WordToComplete: $WordToComplete"


    # Check for flag with equal sign
    $IsEqualFlag = ($WordToComplete -Like "--*=*" )
    if ( $IsEqualFlag ) {
        __gh_debug "Completing equal sign flag"
        # Remove the flag part
        $Flag,$WordToComplete = $WordToComplete.Split("=",2)
    }

    if ( $WordToComplete -eq "" -And ( -Not $IsEqualFlag )) {
        # If the last parameter is complete (there is a space following it)
        # We add an extra empty parameter so we can indicate this to the go method.
        __gh_debug "Adding extra empty parameter"
        # PowerShell 7.2+ changed the way how the arguments are passed to executables,
        # so for pre-7.2 or when Legacy argument passing is enabled we need to use
        # `"`" to pass an empty argument, a "" or '' does not work!!!
        if ($PSVersionTable.PsVersion -lt [version]'7.2.0' -or
            ($PSVersionTable.PsVersion -lt [version]'7.3.0' -and -not [ExperimentalFeature]::IsEnabled("PSNativeCommandArgumentPassing")) -or
            (($PSVersionTable.PsVersion -ge [version]'7.3.0' -or [ExperimentalFeature]::IsEnabled("PSNativeCommandArgumentPassing")) -and
              $PSNativeCommandArgumentPassing -eq 'Legacy')) {
             $RequestComp="$RequestComp" + ' `"`"'
        } else {
             $RequestComp="$RequestComp" + ' ""'
        }
    }

    __gh_debug "Calling $RequestComp"
    # First disable ActiveHelp which is not supported for Powershell
    ${env:GH_ACTIVE_HELP}=0

    #call the command store the output in $out and redirect stderr and stdout to null
    # $Out is an array contains each line per element
    Invoke-Expression -OutVariable out "$RequestComp" 2>&1 | Out-Null

    # get directive from last line
    [int]$Directive = $Out[-1].TrimStart(':')
    if ($Directive -eq "") {
        # There is no directive specified
        $Directive = 0
    }
    __gh_debug "The completion directive is: $Directive"

    # remove directive (last element) from out
    $Out = $Out | Where-Object { $_ -ne $Out[-1] }
    __gh_debug "The completions are: $Out"

    if (($Directive -band $ShellCompDirectiveError) -ne 0 ) {
        # Error code.  No completion.
        __gh_debug "Received error from custom completion go code"
        return
    }

    $Longest = 0
    [Array]$Values = $Out | ForEach-Object {
        #Split the output in name and description
        $Name, $Description = $_.Split("`t",2)
        __gh_debug "Name: $Name Description: $Description"

        # Look for the longest completion so that we can format things nicely
        if ($Longest -lt $Name.Length) {
            $Longest = $Name.Length
        }

        # Set the description to a one space string if there is none set.
        # This is needed because the CompletionResult does not accept an empty string as argument
        if (-Not $Description) {
            $Description = " "
        }
        New-Object -TypeName PSCustomObject -Property @{
            Name = "$Name"
            Description = "$Description"
        }
    }


    $Space = " "
    if (($Directive -band $ShellCompDirectiveNoSpace) -ne 0 ) {
        # remove the space here
        __gh_debug "ShellCompDirectiveNoSpace is called"
        $Space = ""
    }

    if ((($Directive -band $ShellCompDirectiveFilterFileExt) -ne 0 ) -or
       (($Directive -band $ShellCompDirectiveFilterDirs) -ne 0 ))  {
        __gh_debug "ShellCompDirectiveFilterFileExt ShellCompDirectiveFilterDirs are not supported"

        # return here to prevent the completion of the extensions
        return
    }

    $Values = $Values | Where-Object {
        # filter the result
        $_.Name -like "$WordToComplete*"

        # Join the flag back if we have an equal sign flag
        if ( $IsEqualFlag ) {
            __gh_debug "Join the equal sign flag back to the completion value"
            $_.Name = $Flag + "=" + $_.Name
        }
    }

    # we sort the values in ascending order by name if keep order isn't passed
    if (($Directive -band $ShellCompDirectiveKeepOrder) -eq 0 ) {
        $Values = $Values | Sort-Object -Property Name
    }

    if (($Directive -band $ShellCompDirectiveNoFileComp) -ne 0 ) {
        __gh_debug "ShellCompDirectiveNoFileComp is called"

        if ($Values.Length -eq 0) {
            # Just print an empty string here so the
            # shell does not start to complete paths.
            # We cannot use CompletionResult here because
            # it does not accept an empty string as argument.
            ""
            return
        }
    }

    # Get the current mode
    $Mode = (Get-PSReadLineKeyHandler | Where-Object {$_.Key -eq "Tab" }).Function
    __gh_debug "Mode: $Mode"

    $Values | ForEach-Object {

        # store temporary because switch will overwrite $_
        $comp = $_

        # PowerShell supports three different completion modes
        # - TabCompleteNext (default windows style - on each key press the next option is displayed)
        # - Complete (works like bash)
        # - MenuComplete (works like zsh)
        # You set the mode with Set-PSReadLineKeyHandler -Key Tab -Function <mode>

        # CompletionResult Arguments:
        # 1) CompletionText text to be used as the auto completion result
        # 2) ListItemText   text to be displayed in the suggestion list
        # 3) ResultType     type of completion result
        # 4) ToolTip        text for the tooltip with details about the object

        switch ($Mode) {

            # bash like
            "Complete" {

                if ($Values.Length -eq 1) {
                    __gh_debug "Only one completion left"

                    # insert space after value
                    $CompletionText = $($comp.Name | __gh_escapeStringWithSpecialChars) + $Space
                    if ($ExecutionContext.SessionState.LanguageMode -eq "FullLanguage"){
                        [System.Management.Automation.CompletionResult]::new($CompletionText, "$($comp.Name)", 'ParameterValue', "$($comp.Description)")
                    } else {
                        $CompletionText
                    }

                } else {
                    # Add the proper number of spaces to align the descriptions
                    while($comp.Name.Length -lt $Longest) {
                        $comp.Name = $comp.Name + " "
                    }

                    # Check for empty description and only add parentheses if needed
                    if ($($comp.Description) -eq " " ) {
                        $Description = ""
                    } else {
                        $Description = "  ($($comp.Description))"
                    }

                    $CompletionText = "$($comp.Name)$Description"
                    if ($ExecutionContext.SessionState.LanguageMode -eq "FullLanguage"){
                        [System.Management.Automation.CompletionResult]::new($CompletionText, "$($comp.Name)$Description", 'ParameterValue', "$($comp.Description)")
                    } else {
                        $CompletionText
                    }
                }
             }

            # zsh like
            "MenuComplete" {
                # insert space after value
                # MenuComplete will automatically show the ToolTip of
                # the highlighted value at the bottom of the suggestions.

                $CompletionText = $($comp.Name | __gh_escapeStringWithSpecialChars) + $Space
                if ($ExecutionContext.SessionState.LanguageMode -eq "FullLanguage"){
                    [System.Management.Automation.CompletionResult]::new($CompletionText, "$($comp.Name)", 'ParameterValue', "$($comp.Description)")
                } else {
                    $CompletionText
                }
            }

            # TabCompleteNext and in case we get something unknown
            Default {
                # Like MenuComplete but we don't want to add a space here because
                # the user need to press space anyway to get the completion.
                # Description will not be shown because that's not possible with TabCompleteNext

                $CompletionText = $($comp.Name | __gh_escapeStringWithSpecialChars)
                if ($ExecutionContext.SessionState.LanguageMode -eq "FullLanguage"){
                    [System.Management.Automation.CompletionResult]::new($CompletionText, "$($comp.Name)", 'ParameterValue', "$($comp.Description)")
                } else {
                    $CompletionText
                }
            }
        }

    }
}

Register-ArgumentCompleter -CommandName 'gh' -ScriptBlock ${__ghCompleterBlock}
--- PASS: TestCompletionCommand_PowerShellScriptFormat (0.00s)
=== RUN   TestGetWorkflowDescription
=== RUN   TestGetWorkflowDescription/workflow_with_description
=== RUN   TestGetWorkflowDescription/workflow_with_long_description
=== RUN   TestGetWorkflowDescription/workflow_with_name_but_no_description
=== RUN   TestGetWorkflowDescription/workflow_with_neither_description_nor_name
=== RUN   TestGetWorkflowDescription/workflow_without_frontmatter
--- PASS: TestGetWorkflowDescription (0.00s)
    --- PASS: TestGetWorkflowDescription/workflow_with_description (0.00s)
    --- PASS: TestGetWorkflowDescription/workflow_with_long_description (0.00s)
    --- PASS: TestGetWorkflowDescription/workflow_with_name_but_no_description (0.00s)
    --- PASS: TestGetWorkflowDescription/workflow_with_neither_description_nor_name (0.00s)
    --- PASS: TestGetWorkflowDescription/workflow_without_frontmatter (0.00s)
=== RUN   TestCompleteWorkflowNamesWithDescriptions
=== RUN   TestCompleteWorkflowNamesWithDescriptions/empty_prefix_returns_all_workflows_with_descriptions
=== RUN   TestCompleteWorkflowNamesWithDescriptions/c_prefix_returns_ci-doctor
=== RUN   TestCompleteWorkflowNamesWithDescriptions/test_prefix_returns_test-workflow
=== RUN   TestCompleteWorkflowNamesWithDescriptions/x_prefix_returns_nothing
--- PASS: TestCompleteWorkflowNamesWithDescriptions (0.00s)
    --- PASS: TestCompleteWorkflowNamesWithDescriptions/empty_prefix_returns_all_workflows_with_descriptions (0.00s)
    --- PASS: TestCompleteWorkflowNamesWithDescriptions/c_prefix_returns_ci-doctor (0.00s)
    --- PASS: TestCompleteWorkflowNamesWithDescriptions/test_prefix_returns_test-workflow (0.00s)
    --- PASS: TestCompleteWorkflowNamesWithDescriptions/x_prefix_returns_nothing (0.00s)
=== RUN   TestValidEngineNames
--- PASS: TestValidEngineNames (0.00s)
=== RUN   TestCompleteEngineNames
=== RUN   TestCompleteEngineNames/empty_prefix_returns_all_engines
=== RUN   TestCompleteEngineNames/c_prefix_returns_claude,_codex,_copilot,_crush
=== RUN   TestCompleteEngineNames/co_prefix_returns_copilot,_codex
=== RUN   TestCompleteEngineNames/cop_prefix_returns_copilot
=== RUN   TestCompleteEngineNames/x_prefix_returns_nothing
--- PASS: TestCompleteEngineNames (0.00s)
    --- PASS: TestCompleteEngineNames/empty_prefix_returns_all_engines (0.00s)
    --- PASS: TestCompleteEngineNames/c_prefix_returns_claude,_codex,_copilot,_crush (0.00s)
    --- PASS: TestCompleteEngineNames/co_prefix_returns_copilot,_codex (0.00s)
    --- PASS: TestCompleteEngineNames/cop_prefix_returns_copilot (0.00s)
    --- PASS: TestCompleteEngineNames/x_prefix_returns_nothing (0.00s)
=== RUN   TestCompleteWorkflowNames
=== RUN   TestCompleteWorkflowNames/empty_prefix_returns_all_workflows
=== RUN   TestCompleteWorkflowNames/c_prefix_returns_ci-doctor
=== RUN   TestCompleteWorkflowNames/test_prefix_returns_test-workflow
=== RUN   TestCompleteWorkflowNames/x_prefix_returns_nothing
--- PASS: TestCompleteWorkflowNames (0.00s)
    --- PASS: TestCompleteWorkflowNames/empty_prefix_returns_all_workflows (0.00s)
    --- PASS: TestCompleteWorkflowNames/c_prefix_returns_ci-doctor (0.00s)
    --- PASS: TestCompleteWorkflowNames/test_prefix_returns_test-workflow (0.00s)
    --- PASS: TestCompleteWorkflowNames/x_prefix_returns_nothing (0.00s)
=== RUN   TestCompleteWorkflowNamesNoWorkflowsDir
--- PASS: TestCompleteWorkflowNamesNoWorkflowsDir (0.00s)
=== RUN   TestCompleteDirectories
--- PASS: TestCompleteDirectories (0.00s)
=== RUN   TestRegisterEngineFlagCompletion
--- PASS: TestRegisterEngineFlagCompletion (0.00s)
=== RUN   TestRegisterDirFlagCompletion
--- PASS: TestRegisterDirFlagCompletion (0.00s)
=== RUN   TestCompleteWorkflowNamesWithSpecialCharacters
=== RUN   TestCompleteWorkflowNamesWithSpecialCharacters/all_workflows_with_empty_prefix
=== RUN   TestCompleteWorkflowNamesWithSpecialCharacters/workflows_with_test_prefix
=== RUN   TestCompleteWorkflowNamesWithSpecialCharacters/workflows_with_test-_prefix
=== RUN   TestCompleteWorkflowNamesWithSpecialCharacters/workflows_with_test__prefix
=== RUN   TestCompleteWorkflowNamesWithSpecialCharacters/workflows_with_my-_prefix
--- PASS: TestCompleteWorkflowNamesWithSpecialCharacters (0.00s)
    --- PASS: TestCompleteWorkflowNamesWithSpecialCharacters/all_workflows_with_empty_prefix (0.00s)
    --- PASS: TestCompleteWorkflowNamesWithSpecialCharacters/workflows_with_test_prefix (0.00s)
    --- PASS: TestCompleteWorkflowNamesWithSpecialCharacters/workflows_with_test-_prefix (0.00s)
    --- PASS: TestCompleteWorkflowNamesWithSpecialCharacters/workflows_with_test__prefix (0.00s)
    --- PASS: TestCompleteWorkflowNamesWithSpecialCharacters/workflows_with_my-_prefix (0.00s)
=== RUN   TestCompleteWorkflowNamesWithInvalidFiles
--- PASS: TestCompleteWorkflowNamesWithInvalidFiles (0.00s)
=== RUN   TestCompleteWorkflowNamesCaseSensitivity
=== RUN   TestCompleteWorkflowNamesCaseSensitivity/lowercase_test_prefix
=== RUN   TestCompleteWorkflowNamesCaseSensitivity/capitalized_Test_prefix
=== RUN   TestCompleteWorkflowNamesCaseSensitivity/uppercase_TEST_prefix
--- PASS: TestCompleteWorkflowNamesCaseSensitivity (0.00s)
    --- PASS: TestCompleteWorkflowNamesCaseSensitivity/lowercase_test_prefix (0.00s)
    --- PASS: TestCompleteWorkflowNamesCaseSensitivity/capitalized_Test_prefix (0.00s)
    --- PASS: TestCompleteWorkflowNamesCaseSensitivity/uppercase_TEST_prefix (0.00s)
=== RUN   TestCompleteWorkflowNamesExactMatch
--- PASS: TestCompleteWorkflowNamesExactMatch (0.00s)
=== RUN   TestCompleteWorkflowNamesLongNames
--- PASS: TestCompleteWorkflowNamesLongNames (0.00s)
=== RUN   TestCompleteEngineNamesExactMatch
--- PASS: TestCompleteEngineNamesExactMatch (0.00s)
=== RUN   TestCompleteEngineNamesCaseSensitivity
=== RUN   TestCompleteEngineNamesCaseSensitivity/lowercase_copilot
=== RUN   TestCompleteEngineNamesCaseSensitivity/uppercase_COPILOT_should_not_match
=== RUN   TestCompleteEngineNamesCaseSensitivity/mixed_case_Copilot_should_not_match
--- PASS: TestCompleteEngineNamesCaseSensitivity (0.00s)
    --- PASS: TestCompleteEngineNamesCaseSensitivity/lowercase_copilot (0.00s)
    --- PASS: TestCompleteEngineNamesCaseSensitivity/uppercase_COPILOT_should_not_match (0.00s)
    --- PASS: TestCompleteEngineNamesCaseSensitivity/mixed_case_Copilot_should_not_match (0.00s)
=== RUN   TestValidEngineNamesConsistency
--- PASS: TestValidEngineNamesConsistency (0.00s)
=== RUN   TestRunWorkflowOnGitHubWithCancellation
⚠ Operation cancelled
--- PASS: TestRunWorkflowOnGitHubWithCancellation (0.00s)
=== RUN   TestRunWorkflowsOnGitHubWithCancellation
⚠ Operation cancelled
--- PASS: TestRunWorkflowsOnGitHubWithCancellation (0.00s)
=== RUN   TestCompileWorkflowsWithCancellation
⚠ Operation cancelled
--- PASS: TestCompileWorkflowsWithCancellation (0.00s)
=== RUN   TestDownloadWorkflowLogsWithCancellation
⚠ Operation cancelled
--- PASS: TestDownloadWorkflowLogsWithCancellation (0.00s)
=== RUN   TestAuditWorkflowRunWithCancellation
⚠ Operation cancelled
--- PASS: TestAuditWorkflowRunWithCancellation (0.00s)
=== RUN   TestRunWorkflowsOnGitHubCancellationDuringExecution
--- PASS: TestRunWorkflowsOnGitHubCancellationDuringExecution (0.00s)
=== RUN   TestDownloadWorkflowLogsTimeoutRespected
--- PASS: TestDownloadWorkflowLogsTimeoutRespected (0.00s)
=== RUN   TestContributionCheckWorkflowSafeOutputContract
--- PASS: TestContributionCheckWorkflowSafeOutputContract (0.00s)
=== RUN   TestCopilotCodingAgentDetector_IsGitHubCopilotCodingAgent
=== RUN   TestCopilotCodingAgentDetector_IsGitHubCopilotCodingAgent/detects_from_workflow_path_copilot-swe-agent.yml
=== RUN   TestCopilotCodingAgentDetector_IsGitHubCopilotCodingAgent/detects_from_workflow_path_copilot-swe-agent.yaml
=== RUN   TestCopilotCodingAgentDetector_IsGitHubCopilotCodingAgent/does_not_detect_from_different_workflow_path
=== RUN   TestCopilotCodingAgentDetector_IsGitHubCopilotCodingAgent/aw_info.json_present_means_agentic_workflow,_not_copilot_agent
=== RUN   TestCopilotCodingAgentDetector_IsGitHubCopilotCodingAgent/aw_info.json_present_with_any_workflow_name_means_agentic_workflow
=== RUN   TestCopilotCodingAgentDetector_IsGitHubCopilotCodingAgent/detects_agent_pattern_in_log_file_without_aw_info.json
=== RUN   TestCopilotCodingAgentDetector_IsGitHubCopilotCodingAgent/detects_copilot-swe-agent_in_log_without_aw_info.json
=== RUN   TestCopilotCodingAgentDetector_IsGitHubCopilotCodingAgent/detects_agent_artifact_without_aw_info.json
=== RUN   TestCopilotCodingAgentDetector_IsGitHubCopilotCodingAgent/no_indicators_-_returns_false
--- PASS: TestCopilotCodingAgentDetector_IsGitHubCopilotCodingAgent (0.00s)
    --- PASS: TestCopilotCodingAgentDetector_IsGitHubCopilotCodingAgent/detects_from_workflow_path_copilot-swe-agent.yml (0.00s)
    --- PASS: TestCopilotCodingAgentDetector_IsGitHubCopilotCodingAgent/detects_from_workflow_path_copilot-swe-agent.yaml (0.00s)
    --- PASS: TestCopilotCodingAgentDetector_IsGitHubCopilotCodingAgent/does_not_detect_from_different_workflow_path (0.00s)
    --- PASS: TestCopilotCodingAgentDetector_IsGitHubCopilotCodingAgent/aw_info.json_present_means_agentic_workflow,_not_copilot_agent (0.00s)
    --- PASS: TestCopilotCodingAgentDetector_IsGitHubCopilotCodingAgent/aw_info.json_present_with_any_workflow_name_means_agentic_workflow (0.00s)
    --- PASS: TestCopilotCodingAgentDetector_IsGitHubCopilotCodingAgent/detects_agent_pattern_in_log_file_without_aw_info.json (0.00s)
    --- PASS: TestCopilotCodingAgentDetector_IsGitHubCopilotCodingAgent/detects_copilot-swe-agent_in_log_without_aw_info.json (0.00s)
    --- PASS: TestCopilotCodingAgentDetector_IsGitHubCopilotCodingAgent/detects_agent_artifact_without_aw_info.json (0.00s)
    --- PASS: TestCopilotCodingAgentDetector_IsGitHubCopilotCodingAgent/no_indicators_-_returns_false (0.00s)
=== RUN   TestParseCopilotCodingAgentLogMetrics
=== RUN   TestParseCopilotCodingAgentLogMetrics/parses_agent_turns
=== RUN   TestParseCopilotCodingAgentLogMetrics/parses_errors_and_warnings
=== RUN   TestParseCopilotCodingAgentLogMetrics/parses_tool_calls
=== RUN   TestParseCopilotCodingAgentLogMetrics/extracts_tool_from_bullet_point_format
=== RUN   TestParseCopilotCodingAgentLogMetrics/does_not_extract_common_English_words_as_tool_names
=== RUN   TestParseCopilotCodingAgentLogMetrics/extracts_token_usage_from_JSON
=== RUN   TestParseCopilotCodingAgentLogMetrics/handles_empty_log
--- PASS: TestParseCopilotCodingAgentLogMetrics (0.00s)
    --- PASS: TestParseCopilotCodingAgentLogMetrics/parses_agent_turns (0.00s)
    --- PASS: TestParseCopilotCodingAgentLogMetrics/parses_errors_and_warnings (0.00s)
    --- PASS: TestParseCopilotCodingAgentLogMetrics/parses_tool_calls (0.00s)
    --- PASS: TestParseCopilotCodingAgentLogMetrics/extracts_tool_from_bullet_point_format (0.00s)
    --- PASS: TestParseCopilotCodingAgentLogMetrics/does_not_extract_common_English_words_as_tool_names (0.00s)
    --- PASS: TestParseCopilotCodingAgentLogMetrics/extracts_token_usage_from_JSON (0.00s)
    --- PASS: TestParseCopilotCodingAgentLogMetrics/handles_empty_log (0.00s)
=== RUN   TestExtractToolName
=== RUN   TestExtractToolName/extracts_from_'tool:'_pattern
=== RUN   TestExtractToolName/extracts_from_'calling'_pattern
=== RUN   TestExtractToolName/extracts_from_'executing'_pattern
=== RUN   TestExtractToolName/extracts_from_'using_tool'_pattern
=== RUN   TestExtractToolName/returns_empty_for_no_match
=== RUN   TestExtractToolName/does_not_extract_'calls'_from_'tool_calls'_in_prose
=== RUN   TestExtractToolName/does_not_extract_'call'_from_'tool_call'_without_colon
=== RUN   TestExtractToolName/does_not_extract_'or'_from_'tool_or'_in_prose
=== RUN   TestExtractToolName/does_not_extract_'for'_from_'tool_for'_in_prose
=== RUN   TestExtractToolName/does_not_extract_word_from_'calling'_without_colon
=== RUN   TestExtractToolName/extracts_tool_name_from_bullet_point_format
=== RUN   TestExtractToolName/extracts_snake_case_tool_name_from_bullet_point
=== RUN   TestExtractToolName/extracts_tool_from_bullet_with_leading_whitespace
--- PASS: TestExtractToolName (0.00s)
    --- PASS: TestExtractToolName/extracts_from_'tool:'_pattern (0.00s)
    --- PASS: TestExtractToolName/extracts_from_'calling'_pattern (0.00s)
    --- PASS: TestExtractToolName/extracts_from_'executing'_pattern (0.00s)
    --- PASS: TestExtractToolName/extracts_from_'using_tool'_pattern (0.00s)
    --- PASS: TestExtractToolName/returns_empty_for_no_match (0.00s)
    --- PASS: TestExtractToolName/does_not_extract_'calls'_from_'tool_calls'_in_prose (0.00s)
    --- PASS: TestExtractToolName/does_not_extract_'call'_from_'tool_call'_without_colon (0.00s)
    --- PASS: TestExtractToolName/does_not_extract_'or'_from_'tool_or'_in_prose (0.00s)
    --- PASS: TestExtractToolName/does_not_extract_'for'_from_'tool_for'_in_prose (0.00s)
    --- PASS: TestExtractToolName/does_not_extract_word_from_'calling'_without_colon (0.00s)
    --- PASS: TestExtractToolName/extracts_tool_name_from_bullet_point_format (0.00s)
    --- PASS: TestExtractToolName/extracts_snake_case_tool_name_from_bullet_point (0.00s)
    --- PASS: TestExtractToolName/extracts_tool_from_bullet_with_leading_whitespace (0.00s)
=== RUN   TestIntegration_CopilotCodingAgentWithAudit
    copilot_agent_test.go:371: Note: Token usage was not extracted from JSON in log (this is acceptable)
--- PASS: TestIntegration_CopilotCodingAgentWithAudit (0.00s)
=== RUN   TestReadLogHeader
--- PASS: TestReadLogHeader (0.00s)
=== RUN   TestWorkflowLogMetricsConversion
--- PASS: TestWorkflowLogMetricsConversion (0.00s)
=== RUN   TestDeleteLegacyAgentFiles
=== RUN   TestDeleteLegacyAgentFiles/deletes_legacy_agent_files_from_.github/agents_including_dispatcher
=== RUN   TestDeleteLegacyAgentFiles/deletes_singular_upgrade-agentic-workflow.md_from_.github/aw
=== RUN   TestDeleteLegacyAgentFiles/deletes_both_agent_and_aw_files
=== RUN   TestDeleteLegacyAgentFiles/deletes_old_non-.agent.md_files_from_.github/agents
=== RUN   TestDeleteLegacyAgentFiles/deletes_all_old_agent_files_together
=== RUN   TestDeleteLegacyAgentFiles/handles_no_files_to_delete
--- PASS: TestDeleteLegacyAgentFiles (0.04s)
    --- PASS: TestDeleteLegacyAgentFiles/deletes_legacy_agent_files_from_.github/agents_including_dispatcher (0.01s)
    --- PASS: TestDeleteLegacyAgentFiles/deletes_singular_upgrade-agentic-workflow.md_from_.github/aw (0.01s)
    --- PASS: TestDeleteLegacyAgentFiles/deletes_both_agent_and_aw_files (0.01s)
    --- PASS: TestDeleteLegacyAgentFiles/deletes_old_non-.agent.md_files_from_.github/agents (0.01s)
    --- PASS: TestDeleteLegacyAgentFiles/deletes_all_old_agent_files_together (0.01s)
    --- PASS: TestDeleteLegacyAgentFiles/handles_no_files_to_delete (0.01s)
=== RUN   TestDeleteOldTemplateFiles
=== RUN   TestDeleteOldTemplateFiles/deletes_all_old_template_files_including_agent_file_and_removes_directory
=== RUN   TestDeleteOldTemplateFiles/deletes_all_template_files
=== RUN   TestDeleteOldTemplateFiles/handles_no_files_to_delete
--- PASS: TestDeleteOldTemplateFiles (0.02s)
    --- PASS: TestDeleteOldTemplateFiles/deletes_all_old_template_files_including_agent_file_and_removes_directory (0.01s)
    --- PASS: TestDeleteOldTemplateFiles/deletes_all_template_files (0.01s)
    --- PASS: TestDeleteOldTemplateFiles/handles_no_files_to_delete (0.01s)
=== RUN   TestBuildAgenticWorkflowsAgentContent
--- PASS: TestBuildAgenticWorkflowsAgentContent (0.00s)
=== RUN   TestCheckedInAgenticWorkflowsAgentMatchesGeneratedContent
--- PASS: TestCheckedInAgenticWorkflowsAgentMatchesGeneratedContent (0.00s)
=== RUN   TestBuildAgenticWorkflowsSkillContent
--- PASS: TestBuildAgenticWorkflowsSkillContent (0.00s)
=== RUN   TestBuildAgenticWorkflowsSkillContentWithoutAWDirectory
--- PASS: TestBuildAgenticWorkflowsSkillContentWithoutAWDirectory (0.00s)
=== RUN   TestBuildAgenticWorkflowsSkillContentFallsBackToEmbeddedFileList
⚠ Failed to fetch .github/aw markdown file list from github/gh-aw: assert.AnError general error for testing. Falling back to embedded list.
--- PASS: TestBuildAgenticWorkflowsSkillContentFallsBackToEmbeddedFileList (0.00s)
=== RUN   TestCheckedInAgenticWorkflowDesignerSkillMatchesEmbeddedTemplate
--- PASS: TestCheckedInAgenticWorkflowDesignerSkillMatchesEmbeddedTemplate (0.00s)
=== RUN   TestCheckedInAgenticWorkflowsSkillMatchesGeneratedContent
--- PASS: TestCheckedInAgenticWorkflowsSkillMatchesGeneratedContent (0.00s)
=== RUN   TestFallbackAWFilesMatchesLocalAWDirectory
--- PASS: TestFallbackAWFilesMatchesLocalAWDirectory (0.00s)
=== RUN   TestDetectOrgCopilotCLIBillingWithClient
=== RUN   TestDetectOrgCopilotCLIBillingWithClient/200_with_cli_enabled_returns_enabled
=== RUN   TestDetectOrgCopilotCLIBillingWithClient/200_with_cli_disabled_returns_disabled
=== RUN   TestDetectOrgCopilotCLIBillingWithClient/404_returns_empty_status_and_error_(inconclusive)
=== RUN   TestDetectOrgCopilotCLIBillingWithClient/403_returns_empty_status_and_error_(inconclusive)
=== RUN   TestDetectOrgCopilotCLIBillingWithClient/200_with_unknown_cli_value_returns_that_value
=== RUN   TestDetectOrgCopilotCLIBillingWithClient/200_with_missing_cli_field_returns_empty_string
--- PASS: TestDetectOrgCopilotCLIBillingWithClient (0.01s)
    --- PASS: TestDetectOrgCopilotCLIBillingWithClient/200_with_cli_enabled_returns_enabled (0.00s)
    --- PASS: TestDetectOrgCopilotCLIBillingWithClient/200_with_cli_disabled_returns_disabled (0.00s)
    --- PASS: TestDetectOrgCopilotCLIBillingWithClient/404_returns_empty_status_and_error_(inconclusive) (0.00s)
    --- PASS: TestDetectOrgCopilotCLIBillingWithClient/403_returns_empty_status_and_error_(inconclusive) (0.00s)
    --- PASS: TestDetectOrgCopilotCLIBillingWithClient/200_with_unknown_cli_value_returns_that_value (0.00s)
    --- PASS: TestDetectOrgCopilotCLIBillingWithClient/200_with_missing_cli_field_returns_empty_string (0.00s)
=== RUN   TestDetectOrgCopilotCLIBillingWithClient_NetworkError
--- PASS: TestDetectOrgCopilotCLIBillingWithClient_NetworkError (0.00s)
=== RUN   TestDetectOrgCopilotCLIBillingWithClient_ContextCancellation
--- PASS: TestDetectOrgCopilotCLIBillingWithClient_ContextCancellation (0.00s)
=== RUN   TestProbeCopilotBillingForOrgWithClient
=== RUN   TestProbeCopilotBillingForOrgWithClient/200_with_cli_enabled_→_recommended_label,_not_disabled
=== RUN   TestProbeCopilotBillingForOrgWithClient/200_with_cli_disabled_→_not-available_label_with_status,_disabled
=== RUN   TestProbeCopilotBillingForOrgWithClient/200_with_unknown_cli_value_→_not-available_label_with_that_value,_disabled
=== RUN   TestProbeCopilotBillingForOrgWithClient/404_→_info_note,_not_disabled
=== RUN   TestProbeCopilotBillingForOrgWithClient/403_→_info_note,_not_disabled
=== RUN   TestProbeCopilotBillingForOrgWithClient/200_with_missing_cli_field_→_info_note,_not_disabled
--- PASS: TestProbeCopilotBillingForOrgWithClient (0.01s)
    --- PASS: TestProbeCopilotBillingForOrgWithClient/200_with_cli_enabled_→_recommended_label,_not_disabled (0.00s)
    --- PASS: TestProbeCopilotBillingForOrgWithClient/200_with_cli_disabled_→_not-available_label_with_status,_disabled (0.00s)
    --- PASS: TestProbeCopilotBillingForOrgWithClient/200_with_unknown_cli_value_→_not-available_label_with_that_value,_disabled (0.00s)
    --- PASS: TestProbeCopilotBillingForOrgWithClient/404_→_info_note,_not_disabled (0.00s)
    --- PASS: TestProbeCopilotBillingForOrgWithClient/403_→_info_note,_not_disabled (0.00s)
    --- PASS: TestProbeCopilotBillingForOrgWithClient/200_with_missing_cli_field_→_info_note,_not_disabled (0.00s)
=== RUN   TestProbeCopilotBillingForOrgWithClient_NetworkError
--- PASS: TestProbeCopilotBillingForOrgWithClient_NetworkError (0.00s)
=== RUN   TestFindEventsJSONLFile
=== RUN   TestFindEventsJSONLFile/finds_events.jsonl_at_canonical_session-state_path
=== RUN   TestFindEventsJSONLFile/finds_events.jsonl_via_recursive_fallback
=== RUN   TestFindEventsJSONLFile/returns_empty_string_when_events.jsonl_is_absent
--- PASS: TestFindEventsJSONLFile (0.00s)
    --- PASS: TestFindEventsJSONLFile/finds_events.jsonl_at_canonical_session-state_path (0.00s)
    --- PASS: TestFindEventsJSONLFile/finds_events.jsonl_via_recursive_fallback (0.00s)
    --- PASS: TestFindEventsJSONLFile/returns_empty_string_when_events.jsonl_is_absent (0.00s)
=== RUN   TestParseEventsJSONLFile
=== RUN   TestParseEventsJSONLFile/full_session_with_real_format
=== RUN   TestParseEventsJSONLFile/session_with_one_turn_and_shutdown_with_modelMetrics
=== RUN   TestParseEventsJSONLFile/repeated_tool_calls_aggregated_by_name
=== RUN   TestParseEventsJSONLFile/empty_file_returns_error
=== RUN   TestParseEventsJSONLFile/file_with_no_recognizable_events_returns_error
=== RUN   TestParseEventsJSONLFile/malformed_lines_are_skipped_gracefully
--- PASS: TestParseEventsJSONLFile (0.01s)
    --- PASS: TestParseEventsJSONLFile/full_session_with_real_format (0.00s)
    --- PASS: TestParseEventsJSONLFile/session_with_one_turn_and_shutdown_with_modelMetrics (0.00s)
    --- PASS: TestParseEventsJSONLFile/repeated_tool_calls_aggregated_by_name (0.00s)
    --- PASS: TestParseEventsJSONLFile/empty_file_returns_error (0.00s)
    --- PASS: TestParseEventsJSONLFile/file_with_no_recognizable_events_returns_error (0.00s)
    --- PASS: TestParseEventsJSONLFile/malformed_lines_are_skipped_gracefully (0.00s)
=== RUN   TestParseEventsJSONLFile_RealArtifact
--- PASS: TestParseEventsJSONLFile_RealArtifact (0.00s)
=== RUN   TestExtractLogMetrics_EventsJSONLPriority
=== RUN   TestExtractLogMetrics_EventsJSONLPriority/uses_events.jsonl_when_present
=== RUN   TestExtractLogMetrics_EventsJSONLPriority/falls_back_to_log_file_walk_when_events.jsonl_absent
--- PASS: TestExtractLogMetrics_EventsJSONLPriority (0.00s)
    --- PASS: TestExtractLogMetrics_EventsJSONLPriority/uses_events.jsonl_when_present (0.00s)
    --- PASS: TestExtractLogMetrics_EventsJSONLPriority/falls_back_to_log_file_walk_when_events.jsonl_absent (0.00s)
=== RUN   TestParseEventsJSONLFile_TBT
=== RUN   TestParseEventsJSONLFile_TBT/computes_avg_and_max_TBT_from_multi-turn_timestamps
=== RUN   TestParseEventsJSONLFile_TBT/no_TBT_when_only_one_turn
=== RUN   TestParseEventsJSONLFile_TBT/no_TBT_when_all_timestamps_are_identical
--- PASS: TestParseEventsJSONLFile_TBT (0.00s)
    --- PASS: TestParseEventsJSONLFile_TBT/computes_avg_and_max_TBT_from_multi-turn_timestamps (0.00s)
    --- PASS: TestParseEventsJSONLFile_TBT/no_TBT_when_only_one_turn (0.00s)
    --- PASS: TestParseEventsJSONLFile_TBT/no_TBT_when_all_timestamps_are_identical (0.00s)
=== RUN   TestExtractLogMetricsExcludesWorkflowLogsDir
--- PASS: TestExtractLogMetricsExcludesWorkflowLogsDir (0.00s)
=== RUN   TestCopilotDebugLogTurnsExtraction
--- PASS: TestCopilotDebugLogTurnsExtraction (0.00s)
=== RUN   TestCopilotDebugLogMultipleToolCalls
--- PASS: TestCopilotDebugLogMultipleToolCalls (0.00s)
=== RUN   TestEnsureCopilotSetupSteps
=== RUN   TestEnsureCopilotSetupSteps/creates_new_copilot-setup-steps.yml
=== RUN   TestEnsureCopilotSetupSteps/skips_update_when_extension_install_already_exists
Skipping .github/workflows/copilot-setup-steps.yml (already has gh-aw extension install step)
=== RUN   TestEnsureCopilotSetupSteps/renders_instructions_for_existing_workflow_without_install_step

ℹ Existing file detected: .github/workflows/copilot-setup-steps.yml

To enable GitHub Copilot Agent integration, please add the following steps
to the 'copilot-setup-steps' job in your .github/workflows/copilot-setup-steps.yml file:

      - name: Install gh-aw extension
        run: |
          curl -fsSL https://raw.githubusercontent.com/github/gh-aw/refs/heads/main/install-gh-aw.sh | bash

--- PASS: TestEnsureCopilotSetupSteps (0.00s)
    --- PASS: TestEnsureCopilotSetupSteps/creates_new_copilot-setup-steps.yml (0.00s)
    --- PASS: TestEnsureCopilotSetupSteps/skips_update_when_extension_install_already_exists (0.00s)
    --- PASS: TestEnsureCopilotSetupSteps/renders_instructions_for_existing_workflow_without_install_step (0.00s)
=== RUN   TestWorkflowStructMarshaling
=== PAUSE TestWorkflowStructMarshaling
=== RUN   TestCopilotSetupStepsYAMLConstant
=== PAUSE TestCopilotSetupStepsYAMLConstant
=== RUN   TestEnsureCopilotSetupStepsFilePermissions
--- PASS: TestEnsureCopilotSetupStepsFilePermissions (0.00s)
=== RUN   TestCopilotWorkflowStepStructure
=== PAUSE TestCopilotWorkflowStepStructure
=== RUN   TestEnsureCopilotSetupStepsDirectoryCreation
--- PASS: TestEnsureCopilotSetupStepsDirectoryCreation (0.00s)
=== RUN   TestEnsureCopilotSetupSteps_ReleaseMode
--- PASS: TestEnsureCopilotSetupSteps_ReleaseMode (0.00s)
=== RUN   TestEnsureCopilotSetupSteps_DevMode
--- PASS: TestEnsureCopilotSetupSteps_DevMode (0.00s)
=== RUN   TestEnsureCopilotSetupSteps_CreateWithReleaseMode
--- PASS: TestEnsureCopilotSetupSteps_CreateWithReleaseMode (0.00s)
=== RUN   TestEnsureCopilotSetupSteps_CreateWithDevMode
--- PASS: TestEnsureCopilotSetupSteps_CreateWithDevMode (0.00s)
=== RUN   TestEnsureCopilotSetupSteps_UsesWorkflowDirEnvOverride
--- PASS: TestEnsureCopilotSetupSteps_UsesWorkflowDirEnvOverride (0.00s)
=== RUN   TestEnsureCopilotSetupSteps_UpdateExistingWithReleaseMode

ℹ Existing file detected: .github/workflows/copilot-setup-steps.yml

To enable GitHub Copilot Agent integration, please add the following steps
to the 'copilot-setup-steps' job in your .github/workflows/copilot-setup-steps.yml file:

      - name: Checkout repository
        uses: actions/checkout@v6
      - name: Install gh-aw extension
        uses: github/gh-aw-actions/setup-cli@v3.0.0
        with:
          version: v3.0.0

--- PASS: TestEnsureCopilotSetupSteps_UpdateExistingWithReleaseMode (0.00s)
=== RUN   TestEnsureCopilotSetupSteps_UpdateExistingWithDevMode

ℹ Existing file detected: .github/workflows/copilot-setup-steps.yml

To enable GitHub Copilot Agent integration, please add the following steps
to the 'copilot-setup-steps' job in your .github/workflows/copilot-setup-steps.yml file:

      - name: Install gh-aw extension
        run: |
          curl -fsSL https://raw.githubusercontent.com/github/gh-aw/refs/heads/main/install-gh-aw.sh | bash

--- PASS: TestEnsureCopilotSetupSteps_UpdateExistingWithDevMode (0.00s)
=== RUN   TestEnsureCopilotSetupSteps_SkipsUpdateWhenActionExists
--- PASS: TestEnsureCopilotSetupSteps_SkipsUpdateWhenActionExists (0.00s)
=== RUN   TestEnsureCopilotSetupSteps_SkipsUpdateWhenCurlExists
--- PASS: TestEnsureCopilotSetupSteps_SkipsUpdateWhenCurlExists (0.00s)
=== RUN   TestUpgradeCopilotSetupSteps
--- PASS: TestUpgradeCopilotSetupSteps (0.00s)
=== RUN   TestUpgradeCopilotSetupSteps_NoFile
--- PASS: TestUpgradeCopilotSetupSteps_NoFile (0.00s)
=== RUN   TestUpgradeCopilotSetupSteps_DevMode
--- PASS: TestUpgradeCopilotSetupSteps_DevMode (0.00s)
=== RUN   TestUpgradeSetupCliVersionInContent
=== PAUSE TestUpgradeSetupCliVersionInContent
=== RUN   TestUpgradeSetupCliVersionInContent_ExactPreservation
=== PAUSE TestUpgradeSetupCliVersionInContent_ExactPreservation
=== RUN   TestUpgradeCopilotSetupSteps_SHAPinnedNoQuotes
--- PASS: TestUpgradeCopilotSetupSteps_SHAPinnedNoQuotes (0.00s)
=== RUN   TestGetActionRef
=== RUN   TestGetActionRef/release_mode_without_resolver_uses_version_tag
=== RUN   TestGetActionRef/release_mode_with_resolver_uses_SHA-pinned_reference
=== RUN   TestGetActionRef/release_mode_with_failing_resolver_falls_back_to_version_tag
=== RUN   TestGetActionRef/dev_mode_uses_@main
--- PASS: TestGetActionRef (0.00s)
    --- PASS: TestGetActionRef/release_mode_without_resolver_uses_version_tag (0.00s)
    --- PASS: TestGetActionRef/release_mode_with_resolver_uses_SHA-pinned_reference (0.00s)
    --- PASS: TestGetActionRef/release_mode_with_failing_resolver_falls_back_to_version_tag (0.00s)
    --- PASS: TestGetActionRef/dev_mode_uses_@main (0.00s)
=== RUN   TestCopilotTokenExtractionFromLogs
--- PASS: TestCopilotTokenExtractionFromLogs (0.00s)
=== RUN   TestCopilotTokenExtractionWithSingleResponse
--- PASS: TestCopilotTokenExtractionWithSingleResponse (0.00s)
=== RUN   TestCopilotTokenExtractionWithNoUsageData
--- PASS: TestCopilotTokenExtractionWithNoUsageData (0.00s)
=== RUN   TestCopilotTokenExtractionWithRealLogData
    copilot_token_extraction_test.go:179: Real log file from run 20696085597 not available
--- SKIP: TestCopilotTokenExtractionWithRealLogData (0.00s)
=== RUN   TestDependencyGraph_IsTopLevelWorkflow
=== RUN   TestDependencyGraph_IsTopLevelWorkflow/top-level_workflow
=== RUN   TestDependencyGraph_IsTopLevelWorkflow/shared_workflow_in_subdirectory
=== RUN   TestDependencyGraph_IsTopLevelWorkflow/nested_shared_workflow
--- PASS: TestDependencyGraph_IsTopLevelWorkflow (0.00s)
    --- PASS: TestDependencyGraph_IsTopLevelWorkflow/top-level_workflow (0.00s)
    --- PASS: TestDependencyGraph_IsTopLevelWorkflow/shared_workflow_in_subdirectory (0.00s)
    --- PASS: TestDependencyGraph_IsTopLevelWorkflow/nested_shared_workflow (0.00s)
=== RUN   TestDependencyGraph_BuildGraphAndGetAffectedWorkflows
=== RUN   TestDependencyGraph_BuildGraphAndGetAffectedWorkflows/shared_workflow_modification_affects_importers
=== RUN   TestDependencyGraph_BuildGraphAndGetAffectedWorkflows/top-level_workflow_modification_affects_only_itself
=== RUN   TestDependencyGraph_BuildGraphAndGetAffectedWorkflows/standalone_workflow_modification_affects_only_itself
--- PASS: TestDependencyGraph_BuildGraphAndGetAffectedWorkflows (0.00s)
    --- PASS: TestDependencyGraph_BuildGraphAndGetAffectedWorkflows/shared_workflow_modification_affects_importers (0.00s)
    --- PASS: TestDependencyGraph_BuildGraphAndGetAffectedWorkflows/top-level_workflow_modification_affects_only_itself (0.00s)
    --- PASS: TestDependencyGraph_BuildGraphAndGetAffectedWorkflows/standalone_workflow_modification_affects_only_itself (0.00s)
=== RUN   TestDependencyGraph_UpdateAndRemoveWorkflow
=== RUN   TestDependencyGraph_UpdateAndRemoveWorkflow/update_workflow_removes_old_dependencies
=== RUN   TestDependencyGraph_UpdateAndRemoveWorkflow/remove_workflow_cleans_up_dependencies
--- PASS: TestDependencyGraph_UpdateAndRemoveWorkflow (0.00s)
    --- PASS: TestDependencyGraph_UpdateAndRemoveWorkflow/update_workflow_removes_old_dependencies (0.00s)
    --- PASS: TestDependencyGraph_UpdateAndRemoveWorkflow/remove_workflow_cleans_up_dependencies (0.00s)
=== RUN   TestDependencyGraph_NestedImports
=== RUN   TestDependencyGraph_NestedImports/nested_import_modification_affects_top-level_workflow
--- PASS: TestDependencyGraph_NestedImports (0.00s)
    --- PASS: TestDependencyGraph_NestedImports/nested_import_modification_affects_top-level_workflow (0.00s)
=== RUN   TestDependencyGraph_MultipleTopLevelImporters
--- PASS: TestDependencyGraph_MultipleTopLevelImporters (0.00s)
=== RUN   TestDependencyGraph_CircularImportDetection
--- PASS: TestDependencyGraph_CircularImportDetection (0.00s)
=== RUN   TestDependencyGraph_NewFileAddition
=== RUN   TestDependencyGraph_NewFileAddition/new_top-level_workflow_affects_only_itself
=== RUN   TestDependencyGraph_NewFileAddition/new_shared_workflow_returns_all_top-level_workflows
--- PASS: TestDependencyGraph_NewFileAddition (0.00s)
    --- PASS: TestDependencyGraph_NewFileAddition/new_top-level_workflow_affects_only_itself (0.00s)
    --- PASS: TestDependencyGraph_NewFileAddition/new_shared_workflow_returns_all_top-level_workflows (0.00s)
=== RUN   TestDependencyGraph_EmptyGraph
=== RUN   TestDependencyGraph_EmptyGraph/empty_graph_returns_empty_for_any_file
=== RUN   TestDependencyGraph_EmptyGraph/add_first_workflow_to_empty_graph
--- PASS: TestDependencyGraph_EmptyGraph (0.00s)
    --- PASS: TestDependencyGraph_EmptyGraph/empty_graph_returns_empty_for_any_file (0.00s)
    --- PASS: TestDependencyGraph_EmptyGraph/add_first_workflow_to_empty_graph (0.00s)
=== RUN   TestDependencyGraph_ComplexDependencyChain
=== RUN   TestDependencyGraph_ComplexDependencyChain/modifying_deepest_workflow_affects_all_importers
=== RUN   TestDependencyGraph_ComplexDependencyChain/modifying_intermediate_workflow_affects_correct_importers
=== RUN   TestDependencyGraph_ComplexDependencyChain/modifying_upper_workflow_affects_only_direct_importers
--- PASS: TestDependencyGraph_ComplexDependencyChain (0.00s)
    --- PASS: TestDependencyGraph_ComplexDependencyChain/modifying_deepest_workflow_affects_all_importers (0.00s)
    --- PASS: TestDependencyGraph_ComplexDependencyChain/modifying_intermediate_workflow_affects_correct_importers (0.00s)
    --- PASS: TestDependencyGraph_ComplexDependencyChain/modifying_upper_workflow_affects_only_direct_importers (0.00s)
=== RUN   TestDependencyGraph_ImportsWithInputs
=== RUN   TestDependencyGraph_ImportsWithInputs/imports_with_inputs_are_tracked_correctly
--- PASS: TestDependencyGraph_ImportsWithInputs (0.00s)
    --- PASS: TestDependencyGraph_ImportsWithInputs/imports_with_inputs_are_tracked_correctly (0.00s)
=== RUN   TestDependencyGraph_TopologicalConsistencyContract
=== RUN   TestDependencyGraph_TopologicalConsistencyContract/lexical_order_inverted:_z-parent_must_follow_a-child
=== RUN   TestDependencyGraph_TopologicalConsistencyContract/three-level_chain:_deepest_leaf_first
=== RUN   TestDependencyGraph_TopologicalConsistencyContract/diamond:_shared_leaf_before_both_dependents
--- PASS: TestDependencyGraph_TopologicalConsistencyContract (0.01s)
    --- PASS: TestDependencyGraph_TopologicalConsistencyContract/lexical_order_inverted:_z-parent_must_follow_a-child (0.00s)
    --- PASS: TestDependencyGraph_TopologicalConsistencyContract/three-level_chain:_deepest_leaf_first (0.00s)
    --- PASS: TestDependencyGraph_TopologicalConsistencyContract/diamond:_shared_leaf_before_both_dependents (0.00s)
=== RUN   TestNewDeployCommand_BasicShape
--- PASS: TestNewDeployCommand_BasicShape (0.00s)
=== RUN   TestNewDeployCommand_RequiresWorkflowArg
--- PASS: TestNewDeployCommand_RequiresWorkflowArg (0.00s)
=== RUN   TestNewDeployCommand_RegistersCoreFlags
=== RUN   TestNewDeployCommand_RegistersCoreFlags/repo
=== RUN   TestNewDeployCommand_RegistersCoreFlags/name
=== RUN   TestNewDeployCommand_RegistersCoreFlags/engine
=== RUN   TestNewDeployCommand_RegistersCoreFlags/force
=== RUN   TestNewDeployCommand_RegistersCoreFlags/append
=== RUN   TestNewDeployCommand_RegistersCoreFlags/no-gitattributes
=== RUN   TestNewDeployCommand_RegistersCoreFlags/dir
=== RUN   TestNewDeployCommand_RegistersCoreFlags/no-stop-after
=== RUN   TestNewDeployCommand_RegistersCoreFlags/stop-after
=== RUN   TestNewDeployCommand_RegistersCoreFlags/no-security-scanner
=== RUN   TestNewDeployCommand_RegistersCoreFlags/cool-down
--- PASS: TestNewDeployCommand_RegistersCoreFlags (0.00s)
    --- PASS: TestNewDeployCommand_RegistersCoreFlags/repo (0.00s)
    --- PASS: TestNewDeployCommand_RegistersCoreFlags/name (0.00s)
    --- PASS: TestNewDeployCommand_RegistersCoreFlags/engine (0.00s)
    --- PASS: TestNewDeployCommand_RegistersCoreFlags/force (0.00s)
    --- PASS: TestNewDeployCommand_RegistersCoreFlags/append (0.00s)
    --- PASS: TestNewDeployCommand_RegistersCoreFlags/no-gitattributes (0.00s)
    --- PASS: TestNewDeployCommand_RegistersCoreFlags/dir (0.00s)
    --- PASS: TestNewDeployCommand_RegistersCoreFlags/no-stop-after (0.00s)
    --- PASS: TestNewDeployCommand_RegistersCoreFlags/stop-after (0.00s)
    --- PASS: TestNewDeployCommand_RegistersCoreFlags/no-security-scanner (0.00s)
    --- PASS: TestNewDeployCommand_RegistersCoreFlags/cool-down (0.00s)
=== RUN   TestNewDeployCommand_CoolDownFlagUsageMatchesUpdate
--- PASS: TestNewDeployCommand_CoolDownFlagUsageMatchesUpdate (0.00s)
=== RUN   TestNewDeployCommand_RequiresRepoFlag
Error: --repo flag is required (target repository in owner/repo format)
Usage:
  deploy <workflow>... [flags]

Examples:
  gh aw deploy githubnext/agentics/ci-doctor --repo owner/repo
  gh aw deploy githubnext/agentics/repo-assist githubnext/agentics/ci-doctor --repo owner/repo --force
  gh aw deploy ./my-workflow.md --repo owner/repo

Flags:
      --append string         Append extra content to the end of agentic workflow on installation
      --cool-down string      Cooldown period before applying a new release (e.g., 7d, 24h, 0 to disable). Does not apply to actions/* or github/* repositories (default "7d")
  -d, --dir string            Workflow directory (default: .github/workflows)
  -e, --engine string         Override AI engine (copilot, claude, codex, gemini, crush)
  -f, --force                 Overwrite existing workflow files without confirmation
  -h, --help                  help for deploy
  -n, --name string           Specify name for the added workflow (without .md extension)
      --no-gitattributes      Skip updating .gitattributes file
      --no-security-scanner   Disable security scanning of workflow markdown content
      --no-stop-after         Remove any stop-after field from the workflow
  -r, --repo string           Target repository ([HOST/]owner/repo format). Defaults to current repository
      --stop-after string     Override stop-after value in the workflow (e.g., '+48h', '2025-12-31 23:59:59')

--- PASS: TestNewDeployCommand_RequiresRepoFlag (0.00s)
=== RUN   TestBuildDeployPRMetadata_SingleWorkflow
--- PASS: TestBuildDeployPRMetadata_SingleWorkflow (0.00s)
=== RUN   TestBuildDeployPRMetadata_MultipleWorkflows
--- PASS: TestBuildDeployPRMetadata_MultipleWorkflows (0.00s)
=== RUN   TestExcludeExistingSourcedWorkflows_SkipsExistingSourcedWorkflow
=== PAUSE TestExcludeExistingSourcedWorkflows_SkipsExistingSourcedWorkflow
=== RUN   TestExcludeExistingSourcedWorkflows_LeavesExistingNonSourcedWorkflowForAdd
=== PAUSE TestExcludeExistingSourcedWorkflows_LeavesExistingNonSourcedWorkflowForAdd
=== RUN   TestExcludeExistingSourcedWorkflows_UsesNameFlagForSingleWorkflow
=== PAUSE TestExcludeExistingSourcedWorkflows_UsesNameFlagForSingleWorkflow
=== RUN   TestExcludeExistingSourcedWorkflows_MalformedFrontmatterNotSkipped
=== PAUSE TestExcludeExistingSourcedWorkflows_MalformedFrontmatterNotSkipped
=== RUN   TestResolveDeployWorkflowSpecs_ResolvesRelativeLocalPathsAgainstOriginalDirectory
=== PAUSE TestResolveDeployWorkflowSpecs_ResolvesRelativeLocalPathsAgainstOriginalDirectory
=== RUN   TestResolveDeployWorkflowSpecs_ResolvesRelativeWildcardLocalPaths
=== PAUSE TestResolveDeployWorkflowSpecs_ResolvesRelativeWildcardLocalPaths
=== RUN   TestParseDeployCommandOptions_NameFlagWithMultipleWorkflows
=== PAUSE TestParseDeployCommandOptions_NameFlagWithMultipleWorkflows
=== RUN   TestParseDeployCommandOptions_InvalidCoolDown
=== PAUSE TestParseDeployCommandOptions_InvalidCoolDown
=== RUN   TestParseDeployCommandOptions_EngineValidationError
=== PAUSE TestParseDeployCommandOptions_EngineValidationError
=== RUN   TestFormatAge
=== RUN   TestFormatAge/zero_days
=== RUN   TestFormatAge/one_day
=== RUN   TestFormatAge/multiple_days
=== RUN   TestFormatAge/one_month
=== RUN   TestFormatAge/multiple_months
=== RUN   TestFormatAge/one_year
=== RUN   TestFormatAge/multiple_years
--- PASS: TestFormatAge (0.00s)
    --- PASS: TestFormatAge/zero_days (0.00s)
    --- PASS: TestFormatAge/one_day (0.00s)
    --- PASS: TestFormatAge/multiple_days (0.00s)
    --- PASS: TestFormatAge/one_month (0.00s)
    --- PASS: TestFormatAge/multiple_months (0.00s)
    --- PASS: TestFormatAge/one_year (0.00s)
    --- PASS: TestFormatAge/multiple_years (0.00s)
=== RUN   TestGetUpdateStatus
=== RUN   TestGetUpdateStatus/non-v0_dependency
=== RUN   TestGetUpdateStatus/v0.x_dependency
--- PASS: TestGetUpdateStatus (0.00s)
    --- PASS: TestGetUpdateStatus/non-v0_dependency (0.00s)
    --- PASS: TestGetUpdateStatus/v0.x_dependency (0.00s)
=== RUN   TestTruncate
=== RUN   TestTruncate/shorter_than_max
=== RUN   TestTruncate/equal_to_max
=== RUN   TestTruncate/longer_than_max
=== RUN   TestTruncate/empty_string
--- PASS: TestTruncate (0.00s)
    --- PASS: TestTruncate/shorter_than_max (0.00s)
    --- PASS: TestTruncate/equal_to_max (0.00s)
    --- PASS: TestTruncate/longer_than_max (0.00s)
    --- PASS: TestTruncate/empty_string (0.00s)
=== RUN   TestParseGoMod
--- PASS: TestParseGoMod (0.00s)
=== RUN   TestParseGoModFile_WithIndirect
--- PASS: TestParseGoModFile_WithIndirect (0.00s)
=== RUN   TestGetSeverityIcon
=== RUN   TestGetSeverityIcon/critical
=== RUN   TestGetSeverityIcon/high
=== RUN   TestGetSeverityIcon/medium
=== RUN   TestGetSeverityIcon/low
=== RUN   TestGetSeverityIcon/unknown
--- PASS: TestGetSeverityIcon (0.00s)
    --- PASS: TestGetSeverityIcon/critical (0.00s)
    --- PASS: TestGetSeverityIcon/high (0.00s)
    --- PASS: TestGetSeverityIcon/medium (0.00s)
    --- PASS: TestGetSeverityIcon/low (0.00s)
    --- PASS: TestGetSeverityIcon/unknown (0.00s)
=== RUN   TestSeverityWeight
--- PASS: TestSeverityWeight (0.00s)
=== RUN   TestPluralize
=== RUN   TestPluralize/advisory
=== RUN   TestPluralize/advisory#01
=== RUN   TestPluralize/dependency
=== RUN   TestPluralize/dependency#01
--- PASS: TestPluralize (0.00s)
    --- PASS: TestPluralize/advisory (0.00s)
    --- PASS: TestPluralize/advisory#01 (0.00s)
    --- PASS: TestPluralize/dependency (0.00s)
    --- PASS: TestPluralize/dependency#01 (0.00s)
=== RUN   TestEnsureDevcontainerConfig
--- PASS: TestEnsureDevcontainerConfig (0.04s)
=== RUN   TestEnsureDevcontainerConfigWithAdditionalRepos
--- PASS: TestEnsureDevcontainerConfigWithAdditionalRepos (0.03s)
=== RUN   TestEnsureDevcontainerConfigWithCurrentRepo
--- PASS: TestEnsureDevcontainerConfigWithCurrentRepo (0.03s)
=== RUN   TestEnsureDevcontainerConfigWithOwnerValidation
--- PASS: TestEnsureDevcontainerConfigWithOwnerValidation (0.03s)
=== RUN   TestEnsureDevcontainerConfigUpdatesOldVersion
--- PASS: TestEnsureDevcontainerConfigUpdatesOldVersion (0.03s)
=== RUN   TestEnsureDevcontainerConfigMergesWithExisting
--- PASS: TestEnsureDevcontainerConfigMergesWithExisting (0.02s)
=== RUN   TestEnsureDevcontainerConfigWithBuildField
--- PASS: TestEnsureDevcontainerConfigWithBuildField (0.02s)
=== RUN   TestGetCurrentRepoName
--- PASS: TestGetCurrentRepoName (0.01s)
=== RUN   TestCheckAndPrepareDockerImages_NoToolsRequested
--- PASS: TestCheckAndPrepareDockerImages_NoToolsRequested (0.00s)
=== RUN   TestCheckAndPrepareDockerImages_ImageAlreadyDownloading
--- PASS: TestCheckAndPrepareDockerImages_ImageAlreadyDownloading (0.00s)
=== RUN   TestDockerImageDownloadState
--- PASS: TestDockerImageDownloadState (0.00s)
=== RUN   TestResetDockerPullState
--- PASS: TestResetDockerPullState (0.00s)
=== RUN   TestDockerImageConstants
--- PASS: TestDockerImageConstants (0.00s)
=== RUN   TestCheckAndPrepareDockerImages_MultipleImages
--- PASS: TestCheckAndPrepareDockerImages_MultipleImages (0.00s)
=== RUN   TestCheckAndPrepareDockerImages_RetryMessageFormat
--- PASS: TestCheckAndPrepareDockerImages_RetryMessageFormat (0.00s)
=== RUN   TestCheckAndPrepareDockerImages_StartedDownloadingMessage
--- PASS: TestCheckAndPrepareDockerImages_StartedDownloadingMessage (0.00s)
=== RUN   TestCheckAndPrepareDockerImages_ImageAlreadyAvailable
--- PASS: TestCheckAndPrepareDockerImages_ImageAlreadyAvailable (0.00s)
=== RUN   TestIsDockerImageAvailable_WithMockedState
--- PASS: TestIsDockerImageAvailable_WithMockedState (0.00s)
=== RUN   TestMockImageAvailability
--- PASS: TestMockImageAvailability (0.00s)
=== RUN   TestNormalizeDockerContext_NilContextReturnsTODO
--- PASS: TestNormalizeDockerContext_NilContextReturnsTODO (0.00s)
=== RUN   TestNormalizeDockerContext_PreservesNonNilContext
--- PASS: TestNormalizeDockerContext_PreservesNonNilContext (0.00s)
=== RUN   TestIsDockerAvailable_NilContext
--- PASS: TestIsDockerAvailable_NilContext (0.00s)
=== RUN   TestIsDockerImageAvailable_NilContext
--- PASS: TestIsDockerImageAvailable_NilContext (0.00s)
=== RUN   TestStartDockerImageDownload_ConcurrentCalls
--- PASS: TestStartDockerImageDownload_ConcurrentCalls (0.00s)
=== RUN   TestStartDockerImageDownload_ConcurrentCallsWithAvailableImage
--- PASS: TestStartDockerImageDownload_ConcurrentCallsWithAvailableImage (0.00s)
=== RUN   TestStartDockerImageDownload_RaceWithExternalDownload
--- PASS: TestStartDockerImageDownload_RaceWithExternalDownload (0.00s)
=== RUN   TestStartDockerImageDownload_ContextCancellation
--- PASS: TestStartDockerImageDownload_ContextCancellation (0.10s)
=== RUN   TestStartDockerImageDownload_NilContext
--- PASS: TestStartDockerImageDownload_NilContext (0.00s)
=== RUN   TestCheckAndPrepareDockerImages_DockerUnavailable
--- PASS: TestCheckAndPrepareDockerImages_DockerUnavailable (0.00s)
=== RUN   TestCheckAndPrepareDockerImages_DockerUnavailable_MultipleTools
--- PASS: TestCheckAndPrepareDockerImages_DockerUnavailable_MultipleTools (0.00s)
=== RUN   TestCheckAndPrepareDockerImages_DockerUnavailable_NoTools
--- PASS: TestCheckAndPrepareDockerImages_DockerUnavailable_NoTools (0.00s)
=== RUN   TestIsDockerAvailable_MockTrue
--- PASS: TestIsDockerAvailable_MockTrue (0.00s)
=== RUN   TestIsDockerAvailable_MockFalse
--- PASS: TestIsDockerAvailable_MockFalse (0.00s)
=== RUN   TestCheckAndPrepareDockerImages_DockerUnavailable_ReturnsTypedError
--- PASS: TestCheckAndPrepareDockerImages_DockerUnavailable_ReturnsTypedError (0.00s)
=== RUN   TestCheckAndPrepareDockerImages_RunnerGuardImageDownloading
--- PASS: TestCheckAndPrepareDockerImages_RunnerGuardImageDownloading (0.00s)
=== RUN   TestDomainBucketsAccessors
--- PASS: TestDomainBucketsAccessors (0.00s)
=== RUN   TestDomainBucketsWithEmbedding
--- PASS: TestDomainBucketsWithEmbedding (0.00s)
=== RUN   TestRunListDomains_NoWorkflows
=== RUN   TestRunListDomains_NoWorkflows/no_workflows_text_output
ℹ No workflow files found.
=== RUN   TestRunListDomains_NoWorkflows/no_workflows_JSON_output
[]
--- PASS: TestRunListDomains_NoWorkflows (0.00s)
    --- PASS: TestRunListDomains_NoWorkflows/no_workflows_text_output (0.00s)
    --- PASS: TestRunListDomains_NoWorkflows/no_workflows_JSON_output (0.00s)
=== RUN   TestRunListDomains_WithWorkflow
=== RUN   TestRunListDomains_WithWorkflow/text_output
✓ Found 1 workflow
╭─────────────┬───────┬───────┬───────╮
│Workflow     │Engine │Allowed│Blocked│
├─────────────┼───────┼───────┼───────┤
│test-workflow│copilot│44     │0      │
╰─────────────┴───────┴───────┴───────╯
=== RUN   TestRunListDomains_WithWorkflow/JSON_output
[
  {
    "workflow": "test-workflow",
    "engine": "copilot",
    "allowed": 44,
    "blocked": 0
  }
]
--- PASS: TestRunListDomains_WithWorkflow (0.00s)
    --- PASS: TestRunListDomains_WithWorkflow/text_output (0.00s)
    --- PASS: TestRunListDomains_WithWorkflow/JSON_output (0.00s)
=== RUN   TestRunWorkflowDomains_JSONOutput
{
  "workflow": "my-workflow",
  "engine": "copilot",
  "allowed_domains": [
    "*.githubusercontent.com",
    "api.business.githubcopilot.com",
    "api.enterprise.githubcopilot.com",
    "api.github.com",
    "api.githubcopilot.com",
    "api.individual.githubcopilot.com",
    "codeload.github.com",
    "docs.github.com",
    "github-cloud.githubusercontent.com",
    "github-cloud.s3.amazonaws.com",
    "github.blog",
    "github.com",
    "github.githubassets.com",
    "host.docker.internal",
    "lfs.github.com",
    "objects.githubusercontent.com",
    "patch-diff.githubusercontent.com",
    "raw.githubusercontent.com",
    "registry.npmjs.org",
    "telemetry.enterprise.githubcopilot.com"
  ],
  "blocked_domains": [
    "malicious.example.com"
  ]
}
--- PASS: TestRunWorkflowDomains_JSONOutput (0.00s)
=== RUN   TestRunWorkflowDomains_TextOutput
✓ Network domains for my-workflow (engine: copilot)
Domains for my-workflow
╭──────────────────────────────────────┬────────────────┬─────────╮
│Domain                                │Ecosystem       │Status   │
├──────────────────────────────────────┼────────────────┼─────────┤
│*.githubusercontent.com               │github          │✓ Allowed│
│api.business.githubcopilot.com        │threat-detection│✓ Allowed│
│api.enterprise.githubcopilot.com      │threat-detection│✓ Allowed│
│api.github.com                        │threat-detection│✓ Allowed│
│api.githubcopilot.com                 │threat-detection│✓ Allowed│
│api.individual.githubcopilot.com      │threat-detection│✓ Allowed│
│codeload.github.com                   │github          │✓ Allowed│
│docs.github.com                       │github          │✓ Allowed│
│github-cloud.githubusercontent.com    │github          │✓ Allowed│
│github-cloud.s3.amazonaws.com         │github          │✓ Allowed│
│github.blog                           │github          │✓ Allowed│
│github.com                            │github          │✓ Allowed│
│github.githubassets.com               │github          │✓ Allowed│
│host.docker.internal                  │threat-detection│✓ Allowed│
│lfs.github.com                        │github          │✓ Allowed│
│objects.githubusercontent.com         │github          │✓ Allowed│
│patch-diff.githubusercontent.com      │github          │✓ Allowed│
│raw.githubusercontent.com             │github          │✓ Allowed│
│registry.npmjs.org                    │node            │✓ Allowed│
│telemetry.enterprise.githubcopilot.com│threat-detection│✓ Allowed│
╰──────────────────────────────────────┴────────────────┴─────────╯

20 allowed, 0 blocked
--- PASS: TestRunWorkflowDomains_TextOutput (0.00s)
=== RUN   TestWorkflowDomainsDetail_JSONMarshaling
--- PASS: TestWorkflowDomainsDetail_JSONMarshaling (0.00s)
=== RUN   TestWorkflowDomainsSummary_JSONMarshaling
--- PASS: TestWorkflowDomainsSummary_JSONMarshaling (0.00s)
=== RUN   TestBuildDomainItems
--- PASS: TestBuildDomainItems (0.00s)
=== RUN   TestBuildDomainItems_EcosystemAnnotation
--- PASS: TestBuildDomainItems_EcosystemAnnotation (0.00s)
=== RUN   TestNewDomainsCommand
--- PASS: TestNewDomainsCommand (0.00s)
=== RUN   TestExtractWorkflowDomainConfig
=== RUN   TestExtractWorkflowDomainConfig/workflow_with_network_config
=== RUN   TestExtractWorkflowDomainConfig/workflow_without_network_config_defaults_to_copilot
=== RUN   TestExtractWorkflowDomainConfig/nonexistent_file_defaults_to_copilot
--- PASS: TestExtractWorkflowDomainConfig (0.00s)
    --- PASS: TestExtractWorkflowDomainConfig/workflow_with_network_config (0.00s)
    --- PASS: TestExtractWorkflowDomainConfig/workflow_without_network_config_defaults_to_copilot (0.00s)
    --- PASS: TestExtractWorkflowDomainConfig/nonexistent_file_defaults_to_copilot (0.00s)
=== RUN   TestComputeAllowedDomains
=== RUN   TestComputeAllowedDomains/copilot_engine_without_network_config
=== RUN   TestComputeAllowedDomains/returns_empty_for_unknown_engine_with_empty_network
--- PASS: TestComputeAllowedDomains (0.00s)
    --- PASS: TestComputeAllowedDomains/copilot_engine_without_network_config (0.00s)
    --- PASS: TestComputeAllowedDomains/returns_empty_for_unknown_engine_with_empty_network (0.00s)
=== RUN   TestRunListDomains_RepoRoot
=== RUN   TestRunListDomains_RepoRoot/JSON_output_from_repo_root
[
  {
    "workflow": "ab-testing-advisor",
    "engine": "pi",
    "allowed": 6,
    "blocked": 0
  },
  {
    "workflow": "ace-editor",
    "engine": "copilot",
    "allowed": 10,
    "blocked": 0
  },
  {
    "workflow": "agent-performance-analyzer",
    "engine": "copilot",
    "allowed": 10,
    "blocked": 0
  },
  {
    "workflow": "agent-persona-explorer",
    "engine": "pi",
    "allowed": 6,
    "blocked": 0
  },
  {
    "workflow": "agentic-token-audit",
    "engine": "copilot",
    "allowed": 10,
    "blocked": 0
  },
  {
    "workflow": "agentic-token-optimizer",
    "engine": "copilot",
    "allowed": 10,
    "blocked": 0
  },
  {
    "workflow": "agentic-token-trend-audit",
    "engine": "copilot",
    "allowed": 10,
    "blocked": 0
  },
  {
    "workflow": "ai-moderator",
    "engine": "codex",
    "allowed": 52,
    "blocked": 0
  },
  {
    "workflow": "api-consumption-report",
    "engine": "claude",
    "allowed": 54,
    "blocked": 0
  },
  {
    "workflow": "approach-validator",
    "engine": "claude",
    "allowed": 54,
    "blocked": 0
  },
  {
    "workflow": "archie",
    "engine": "copilot",
    "allowed": 10,
    "blocked": 0
  },
  {
    "workflow": "architecture-guardian",
    "engine": "copilot",
    "allowed": 10,
    "blocked": 0
  },
  {
    "workflow": "artifacts-summary",
    "engine": "copilot",
    "allowed": 10,
    "blocked": 0
  },
  {
    "workflow": "audit-workflows",
    "engine": "claude",
    "allowed": 54,
    "blocked": 0
  },
  {
    "workflow": "auto-triage-issues",
    "engine": "pi",
    "allowed": 6,
    "blocked": 0
  },
  {
    "workflow": "avenger",
    "engine": "claude",
    "allowed": 54,
    "blocked": 0
  },
  {
    "workflow": "aw-failure-investigator",
    "engine": "claude",
    "allowed": 54,
    "blocked": 0
  },
  {
    "workflow": "blog-auditor",
    "engine": "claude",
    "allowed": 54,
    "blocked": 0
  },
  {
    "workflow": "bot-detection",
    "engine": "copilot",
    "allowed": 10,
    "blocked": 0
  },
  {
    "workflow": "brave",
    "engine": "copilot",
    "allowed": 10,
    "blocked": 0
  },
  {
    "workflow": "breaking-change-checker",
    "engine": "copilot",
    "allowed": 10,
    "blocked": 0
  },
  {
    "workflow": "changeset",
    "engine": "codex",
    "allowed": 5,
    "blocked": 0
  },
  {
    "workflow": "chaos-pr-bundle-fuzzer",
    "engine": "pi",
    "allowed": 6,
    "blocked": 0
  },
  {
    "workflow": "ci-coach",
    "engine": "copilot",
    "allowed": 10,
    "blocked": 0
  },
  {
    "workflow": "ci-doctor",
    "engine": "claude",
    "allowed": 54,
    "blocked": 0
  },
  {
    "workflow": "claude-code-user-docs-review",
    "engine": "claude",
    "allowed": 54,
    "blocked": 0
  },
  {
    "workflow": "cli-consistency-checker",
    "engine": "copilot",
    "allowed": 10,
    "blocked": 0
  },
  {
    "workflow": "cli-version-checker",
    "engine": "claude",
    "allowed": 54,
    "blocked": 0
  },
  {
    "workflow": "cloclo",
    "engine": "claude",
    "allowed": 54,
    "blocked": 0
  },
  {
    "workflow": "code-scanning-fixer",
    "engine": "copilot",
    "allowed": 10,
    "blocked": 0
  },
  {
    "workflow": "code-simplifier",
    "engine": "copilot",
    "allowed": 10,
    "blocked": 0
  },
  {
    "workflow": "codex-github-remote-mcp-test",
    "engine": "codex",
    "allowed": 6,
    "blocked": 0
  },
  {
    "workflow": "commit-changes-analyzer",
    "engine": "pi",
    "allowed": 6,
    "blocked": 0
  },
  {
    "workflow": "constraint-solving-potd",
    "engine": "copilot",
    "allowed": 10,
    "blocked": 0
  },
  {
    "workflow": "contribution-check",
    "engine": "copilot",
    "allowed": 10,
    "blocked": 0
  },
  {
    "workflow": "copilot-agent-analysis",
    "engine": "claude",
    "allowed": 59,
    "blocked": 0
  },
  {
    "workflow": "copilot-centralization-drilldown",
    "engine": "copilot",
    "allowed": 10,
    "blocked": 0
  },
  {
    "workflow": "copilot-centralization-optimizer",
    "engine": "copilot",
    "allowed": 10,
    "blocked": 0
  },
  {
    "workflow": "copilot-cli-deep-research",
    "engine": "copilot",
    "allowed": 10,
    "blocked": 0
  },
  {
    "workflow": "copilot-opt",
    "engine": "copilot",
    "allowed": 10,
    "blocked": 0
  },
  {
    "workflow": "copilot-pr-merged-report",
    "engine": "copilot",
    "allowed": 10,
    "blocked": 0
  },
  {
    "workflow": "copilot-pr-nlp-analysis",
    "engine": "copilot",
    "allowed": 10,
    "blocked": 0
  },
  {
    "workflow": "copilot-pr-prompt-analysis",
    "engine": "copilot",
    "allowed": 10,
    "blocked": 0
  },
  {
    "workflow": "copilot-session-insights",
    "engine": "claude",
    "allowed": 54,
    "blocked": 0
  },
  {
    "workflow": "craft",
    "engine": "copilot",
    "allowed": 10,
    "blocked": 0
  },
  {
    "workflow": "daily-agent-of-the-day-blog-writer",
    "engine": "copilot",
    "allowed": 10,
    "blocked": 0
  },
  {
    "workflow": "daily-agentrx-trace-optimizer",
    "engine": "claude",
    "allowed": 54,
    "blocked": 0
  },
  {
    "workflow": "daily-ambient-context-optimizer",
    "engine": "copilot",
    "allowed": 10,
    "blocked": 0
  },
  {
    "workflow": "daily-architecture-diagram",
    "engine": "copilot",
    "allowed": 10,
    "blocked": 0
  },
  {
    "workflow": "daily-assign-issue-to-user",
    "engine": "copilot",
    "allowed": 10,
    "blocked": 0
  },
  {
    "workflow": "daily-astrostylelite-markdown-spellcheck",
    "engine": "claude",
    "allowed": 54,
    "blocked": 0
  },
  {
    "workflow": "daily-aw-cross-repo-compile-check",
    "engine": "claude",
    "allowed": 54,
    "blocked": 0
  },
  {
    "workflow": "daily-awf-spec-compiler-surfacing",
    "engine": "pi",
    "allowed": 6,
    "blocked": 0
  },
  {
    "workflow": "daily-byok-ollama-test",
    "engine": "copilot",
    "allowed": 45,
    "blocked": 0
  },
  {
    "workflow": "daily-cache-strategy-analyzer",
    "engine": "codex",
    "allowed": 7,
    "blocked": 0
  },
  {
    "workflow": "daily-caveman-optimizer",
    "engine": "claude",
    "allowed": 54,
    "blocked": 0
  },
  {
    "workflow": "daily-choice-test",
    "engine": "claude",
    "allowed": 55,
    "blocked": 0
  },
  {
    "workflow": "daily-cli-performance",
    "engine": "copilot",
    "allowed": 10,
    "blocked": 0
  },
  {
    "workflow": "daily-cli-tools-tester",
    "engine": "copilot",
    "allowed": 10,
    "blocked": 0
  },
  {
    "workflow": "daily-code-metrics",
    "engine": "claude",
    "allowed": 54,
    "blocked": 0
  },
  {
    "workflow": "daily-community-attribution",
    "engine": "copilot",
    "allowed": 10,
    "blocked": 0
  },
  {
    "workflow": "daily-compiler-quality",
    "engine": "copilot",
    "allowed": 10,
    "blocked": 0
  },
  {
    "workflow": "daily-compiler-threat-spec-optimizer",
    "engine": "copilot",
    "allowed": 10,
    "blocked": 0
  },
  {
    "workflow": "daily-credit-limit-test",
    "engine": "copilot",
    "allowed": 10,
    "blocked": 0
  },
  {
    "workflow": "daily-doc-healer",
    "engine": "claude",
    "allowed": 54,
    "blocked": 0
  },
  {
    "workflow": "daily-doc-updater",
    "engine": "pi",
    "allowed": 6,
    "blocked": 0
  },
  {
    "workflow": "daily-experiment-report",
    "engine": "copilot",
    "allowed": 10,
    "blocked": 0
  },
  {
    "workflow": "daily-fact",
    "engine": "codex",
    "allowed": 65,
    "blocked": 0
  },
  {
    "workflow": "daily-file-diet",
    "engine": "copilot",
    "allowed": 10,
    "blocked": 0
  },
  {
    "workflow": "daily-firewall-report",
    "engine": "copilot",
    "allowed": 10,
    "blocked": 0
  },
  {
    "workflow": "daily-formal-spec-verifier",
    "engine": "copilot",
    "allowed": 10,
    "blocked": 0
  },
  {
    "workflow": "daily-function-namer",
    "engine": "pi",
    "allowed": 6,
    "blocked": 0
  },
  {
    "workflow": "daily-geo-optimizer",
    "engine": "copilot",
    "allowed": 10,
    "blocked": 0
  },
  {
    "workflow": "daily-hippo-learn",
    "engine": "pi",
    "allowed": 6,
    "blocked": 0
  },
  {
    "workflow": "daily-issues-report",
    "engine": "copilot",
    "allowed": 10,
    "blocked": 0
  },
  {
    "workflow": "daily-malicious-code-scan",
    "engine": "copilot",
    "allowed": 10,
    "blocked": 0
  },
  {
    "workflow": "daily-max-ai-credits-test",
    "engine": "copilot",
    "allowed": 10,
    "blocked": 0
  },
  {
    "workflow": "daily-mcp-concurrency-analysis",
    "engine": "copilot",
    "allowed": 10,
    "blocked": 0
  },
  {
    "workflow": "daily-model-inventory",
    "engine": "copilot",
    "allowed": 10,
    "blocked": 0
  },
  {
    "workflow": "daily-model-resolution",
    "engine": "codex",
    "allowed": 5,
    "blocked": 0
  },
  {
    "workflow": "daily-multi-device-docs-tester",
    "engine": "pi",
    "allowed": 6,
    "blocked": 0
  },
  {
    "workflow": "daily-news",
    "engine": "pi",
    "allowed": 6,
    "blocked": 0
  },
  {
    "workflow": "daily-observability-report",
    "engine": "codex",
    "allowed": 5,
    "blocked": 0
  },
  {
    "workflow": "daily-performance-summary",
    "engine": "copilot",
    "allowed": 10,
    "blocked": 0
  },
  {
    "workflow": "daily-regulatory",
    "engine": "copilot",
    "allowed": 10,
    "blocked": 0
  },
  {
    "workflow": "daily-reliability-review",
    "engine": "claude",
    "allowed": 54,
    "blocked": 0
  },
  {
    "workflow": "daily-rendering-scripts-verifier",
    "engine": "claude",
    "allowed": 54,
    "blocked": 0
  },
  {
    "workflow": "daily-repo-chronicle",
    "engine": "copilot",
    "allowed": 10,
    "blocked": 0
  },
  {
    "workflow": "daily-safe-output-integrator",
    "engine": "copilot",
    "allowed": 10,
    "blocked": 0
  },
  {
    "workflow": "daily-safe-output-optimizer",
    "engine": "claude",
    "allowed": 54,
    "blocked": 0
  },
  {
    "workflow": "daily-safe-outputs-conformance",
    "engine": "claude",
    "allowed": 54,
    "blocked": 0
  },
  {
    "workflow": "daily-safeoutputs-git-simulator",
    "engine": "claude",
    "allowed": 54,
    "blocked": 0
  },
  {
    "workflow": "daily-secrets-analysis",
    "engine": "copilot",
    "allowed": 10,
    "blocked": 0
  },
  {
    "workflow": "daily-security-observability",
    "engine": "copilot",
    "allowed": 10,
    "blocked": 0
  },
  {
    "workflow": "daily-security-red-team",
    "engine": "claude",
    "allowed": 54,
    "blocked": 0
  },
  {
    "workflow": "daily-semgrep-scan",
    "engine": "copilot",
    "allowed": 48,
    "blocked": 0
  },
  {
    "workflow": "daily-sentrux-report",
    "engine": "copilot",
    "allowed": 10,
    "blocked": 0
  },
  {
    "workflow": "daily-skill-optimizer",
    "engine": "copilot",
    "allowed": 10,
    "blocked": 0
  },
  {
    "workflow": "daily-spdd-spec-planner",
    "engine": "copilot",
    "allowed": 10,
    "blocked": 0
  },
  {
    "workflow": "daily-syntax-error-quality",
    "engine": "copilot",
    "allowed": 10,
    "blocked": 0
  },
  {
    "workflow": "daily-team-evolution-insights",
    "engine": "claude",
    "allowed": 54,
    "blocked": 0
  },
  {
    "workflow": "daily-team-status",
    "engine": "copilot",
    "allowed": 10,
    "blocked": 0
  },
  {
    "workflow": "daily-testify-uber-super-expert",
    "engine": "copilot",
    "allowed": 10,
    "blocked": 0
  },
  {
    "workflow": "daily-token-consumption-report",
    "engine": "claude",
    "allowed": 54,
    "blocked": 0
  },
  {
    "workflow": "daily-windows-terminal-integration-builder",
    "engine": "copilot",
    "allowed": 10,
    "blocked": 0
  },
  {
    "workflow": "daily-workflow-updater",
    "engine": "copilot",
    "allowed": 10,
    "blocked": 0
  },
  {
    "workflow": "dataflow-pr-discussion-dataset",
    "engine": "copilot",
    "allowed": 77,
    "blocked": 0
  },
  {
    "workflow": "dead-code-remover",
    "engine": "copilot",
    "allowed": 10,
    "blocked": 0
  },
  {
    "workflow": "deep-report",
    "engine": "claude",
    "allowed": 54,
    "blocked": 0
  },
  {
    "workflow": "delight",
    "engine": "copilot",
    "allowed": 10,
    "blocked": 0
  },
  {
    "workflow": "dependabot-burner",
    "engine": "copilot",
    "allowed": 10,
    "blocked": 0
  },
  {
    "workflow": "dependabot-go-checker",
    "engine": "copilot",
    "allowed": 10,
    "blocked": 0
  },
  {
    "workflow": "dependabot-repair",
    "engine": "copilot",
    "allowed": 10,
    "blocked": 0
  },
  {
    "workflow": "deployment-incident-monitor",
    "engine": "copilot",
    "allowed": 10,
    "blocked": 0
  },
  {
    "workflow": "design-decision-gate",
    "engine": "claude",
    "allowed": 54,
    "blocked": 0
  },
  {
    "workflow": "designer-drift-audit",
    "engine": "copilot",
    "allowed": 45,
    "blocked": 0
  },
  {
    "workflow": "dev-hawk",
    "engine": "copilot",
    "allowed": 10,
    "blocked": 0
  },
  {
    "workflow": "dev",
    "engine": "codex",
    "allowed": 5,
    "blocked": 0
  },
  {
    "workflow": "developer-docs-consolidator",
    "engine": "claude",
    "allowed": 54,
    "blocked": 0
  },
  {
    "workflow": "dictation-prompt",
    "engine": "copilot",
    "allowed": 10,
    "blocked": 0
  },
  {
    "workflow": "discussion-task-miner",
    "engine": "copilot",
    "allowed": 10,
    "blocked": 0
  },
  {
    "workflow": "doc-sync-daily",
    "engine": "copilot",
    "allowed": 10,
    "blocked": 0
  },
  {
    "workflow": "docs-noob-tester",
    "engine": "copilot",
    "allowed": 10,
    "blocked": 0
  },
  {
    "workflow": "documentation-sync-agent",
    "engine": "copilot",
    "allowed": 10,
    "blocked": 0
  },
  {
    "workflow": "draft-pr-cleanup",
    "engine": "copilot",
    "allowed": 10,
    "blocked": 0
  },
  {
    "workflow": "duplicate-code-detector",
    "engine": "codex",
    "allowed": 42,
    "blocked": 0
  },
  {
    "workflow": "example-failure-category-filter",
    "engine": "copilot",
    "allowed": 10,
    "blocked": 0
  },
  {
    "workflow": "example-permissions-warning",
    "engine": "copilot",
    "allowed": 10,
    "blocked": 0
  },
  {
    "workflow": "example-workflow-analyzer",
    "engine": "claude",
    "allowed": 54,
    "blocked": 0
  },
  {
    "workflow": "firewall-escape",
    "engine": "copilot",
    "allowed": 10,
    "blocked": 0
  },
  {
    "workflow": "firewall",
    "engine": "copilot",
    "allowed": 10,
    "blocked": 0
  },
  {
    "workflow": "functional-pragmatist",
    "engine": "copilot",
    "allowed": 10,
    "blocked": 0
  },
  {
    "workflow": "github-mcp-structural-analysis",
    "engine": "claude",
    "allowed": 54,
    "blocked": 0
  },
  {
    "workflow": "github-mcp-tools-report",
    "engine": "claude",
    "allowed": 55,
    "blocked": 0
  },
  {
    "workflow": "github-remote-mcp-auth-test",
    "engine": "copilot",
    "allowed": 10,
    "blocked": 0
  },
  {
    "workflow": "glossary-maintainer",
    "engine": "copilot",
    "allowed": 10,
    "blocked": 0
  },
  {
    "workflow": "go-fan",
    "engine": "claude",
    "allowed": 54,
    "blocked": 0
  },
  {
    "workflow": "go-logger",
    "engine": "claude",
    "allowed": 54,
    "blocked": 0
  },
  {
    "workflow": "go-pattern-detector",
    "engine": "claude",
    "allowed": 54,
    "blocked": 0
  },
  {
    "workflow": "gpclean",
    "engine": "copilot",
    "allowed": 10,
    "blocked": 0
  },
  {
    "workflow": "grumpy-reviewer",
    "engine": "codex",
    "allowed": 5,
    "blocked": 0
  },
  {
    "workflow": "hippo-embed",
    "engine": "pi",
    "allowed": 6,
    "blocked": 0
  },
  {
    "workflow": "hourly-ci-cleaner",
    "engine": "claude",
    "allowed": 54,
    "blocked": 0
  },
  {
    "workflow": "instructions-janitor",
    "engine": "claude",
    "allowed": 54,
    "blocked": 0
  },
  {
    "workflow": "issue-arborist",
    "engine": "codex",
    "allowed": 5,
    "blocked": 0
  },
  {
    "workflow": "issue-monster",
    "engine": "pi",
    "allowed": 6,
    "blocked": 0
  },
  {
    "workflow": "issue-triage-agent",
    "engine": "copilot",
    "allowed": 10,
    "blocked": 0
  },
  {
    "workflow": "jsweep",
    "engine": "copilot",
    "allowed": 10,
    "blocked": 0
  },
  {
    "workflow": "layout-spec-maintainer",
    "engine": "copilot",
    "allowed": 10,
    "blocked": 0
  },
  {
    "workflow": "lint-monster",
    "engine": "pi",
    "allowed": 6,
    "blocked": 0
  },
  {
    "workflow": "linter-miner",
    "engine": "copilot",
    "allowed": 10,
    "blocked": 0
  },
  {
    "workflow": "lockfile-stats",
    "engine": "claude",
    "allowed": 54,
    "blocked": 0
  },
  {
    "workflow": "mattpocock-skills-reviewer",
    "engine": "copilot",
    "allowed": 10,
    "blocked": 0
  },
  {
    "workflow": "mcp-inspector",
    "engine": "copilot",
    "allowed": 10,
    "blocked": 0
  },
  {
    "workflow": "mergefest",
    "engine": "copilot",
    "allowed": 10,
    "blocked": 0
  },
  {
    "workflow": "metrics-collector",
    "engine": "copilot",
    "allowed": 10,
    "blocked": 0
  },
  {
    "workflow": "necromancer",
    "engine": "codex",
    "allowed": 5,
    "blocked": 0
  },
  {
    "workflow": "notion-issue-summary",
    "engine": "copilot",
    "allowed": 10,
    "blocked": 0
  },
  {
    "workflow": "objective-impact-report",
    "engine": "copilot",
    "allowed": 10,
    "blocked": 0
  },
  {
    "workflow": "org-health-report",
    "engine": "copilot",
    "allowed": 10,
    "blocked": 0
  },
  {
    "workflow": "outcome-collector",
    "engine": "copilot",
    "allowed": 10,
    "blocked": 0
  },
  {
    "workflow": "pdf-summary",
    "engine": "copilot",
    "allowed": 10,
    "blocked": 0
  },
  {
    "workflow": "plan",
    "engine": "copilot",
    "allowed": 10,
    "blocked": 0
  },
  {
    "workflow": "poem-bot",
    "engine": "pi",
    "allowed": 6,
    "blocked": 0
  },
  {
    "workflow": "portfolio-analyst",
    "engine": "claude",
    "allowed": 54,
    "blocked": 0
  },
  {
    "workflow": "pr-code-quality-reviewer",
    "engine": "copilot",
    "allowed": 10,
    "blocked": 0
  },
  {
    "workflow": "pr-description-caveman",
    "engine": "copilot",
    "allowed": 10,
    "blocked": 0
  },
  {
    "workflow": "pr-nitpick-reviewer",
    "engine": "copilot",
    "allowed": 10,
    "blocked": 0
  },
  {
    "workflow": "pr-sous-chef",
    "engine": "copilot",
    "allowed": 10,
    "blocked": 0
  },
  {
    "workflow": "pr-triage-agent",
    "engine": "copilot",
    "allowed": 10,
    "blocked": 0
  },
  {
    "workflow": "prompt-clustering-analysis",
    "engine": "claude",
    "allowed": 54,
    "blocked": 0
  },
  {
    "workflow": "python-data-charts",
    "engine": "copilot",
    "allowed": 10,
    "blocked": 0
  },
  {
    "workflow": "q",
    "engine": "copilot",
    "allowed": 10,
    "blocked": 0
  },
  {
    "workflow": "refactoring-cadence",
    "engine": "copilot",
    "allowed": 10,
    "blocked": 0
  },
  {
    "workflow": "refiner",
    "engine": "copilot",
    "allowed": 10,
    "blocked": 0
  },
  {
    "workflow": "release",
    "engine": "copilot",
    "allowed": 10,
    "blocked": 0
  },
  {
    "workflow": "repo-audit-analyzer",
    "engine": "copilot",
    "allowed": 10,
    "blocked": 0
  },
  {
    "workflow": "repo-tree-map",
    "engine": "copilot",
    "allowed": 10,
    "blocked": 0
  },
  {
    "workflow": "repository-quality-improver",
    "engine": "copilot",
    "allowed": 10,
    "blocked": 0
  },
  {
    "workflow": "research",
    "engine": "copilot",
    "allowed": 10,
    "blocked": 0
  },
  {
    "workflow": "ruflo-backed-task",
    "engine": "claude",
    "allowed": 54,
    "blocked": 0
  },
  {
    "workflow": "safe-output-health",
    "engine": "claude",
    "allowed": 54,
    "blocked": 0
  },
  {
    "workflow": "schema-consistency-checker",
    "engine": "pi",
    "allowed": 6,
    "blocked": 0
  },
  {
    "workflow": "schema-feature-coverage",
    "engine": "codex",
    "allowed": 5,
    "blocked": 0
  },
  {
    "workflow": "scout",
    "engine": "claude",
    "allowed": 54,
    "blocked": 0
  },
  {
    "workflow": "security-compliance",
    "engine": "copilot",
    "allowed": 10,
    "blocked": 0
  },
  {
    "workflow": "security-review",
    "engine": "copilot",
    "allowed": 10,
    "blocked": 0
  },
  {
    "workflow": "semantic-function-refactor",
    "engine": "claude",
    "allowed": 54,
    "blocked": 0
  },
  {
    "workflow": "sergo",
    "engine": "claude",
    "allowed": 54,
    "blocked": 0
  },
  {
    "workflow": "skillet",
    "engine": "copilot",
    "allowed": 10,
    "blocked": 0
  },
  {
    "workflow": "slide-deck-maintainer",
    "engine": "copilot",
    "allowed": 10,
    "blocked": 0
  },
  {
    "workflow": "smoke-agent-all-merged",
    "engine": "claude",
    "allowed": 59,
    "blocked": 0
  },
  {
    "workflow": "smoke-agent-all-none",
    "engine": "claude",
    "allowed": 59,
    "blocked": 0
  },
  {
    "workflow": "smoke-agent-public-approved",
    "engine": "claude",
    "allowed": 59,
    "blocked": 0
  },
  {
    "workflow": "smoke-agent-public-none",
    "engine": "claude",
    "allowed": 59,
    "blocked": 0
  },
  {
    "workflow": "smoke-agent-scoped-approved",
    "engine": "claude",
    "allowed": 59,
    "blocked": 0
  },
  {
    "workflow": "smoke-antigravity",
    "engine": "antigravity",
    "allowed": 6,
    "blocked": 0
  },
  {
    "workflow": "smoke-call-workflow",
    "engine": "codex",
    "allowed": 40,
    "blocked": 0
  },
  {
    "workflow": "smoke-ci",
    "engine": "copilot",
    "allowed": 10,
    "blocked": 0
  },
  {
    "workflow": "smoke-claude-on-copilot",
    "engine": "claude",
    "allowed": 54,
    "blocked": 0
  },
  {
    "workflow": "smoke-claude",
    "engine": "claude",
    "allowed": 54,
    "blocked": 0
  },
  {
    "workflow": "smoke-codex",
    "engine": "codex",
    "allowed": 5,
    "blocked": 0
  },
  {
    "workflow": "smoke-copilot-aoai-apikey",
    "engine": "copilot",
    "allowed": 10,
    "blocked": 0
  },
  {
    "workflow": "smoke-copilot-aoai-entra",
    "engine": "copilot",
    "allowed": 10,
    "blocked": 0
  },
  {
    "workflow": "smoke-copilot-arm",
    "engine": "copilot",
    "allowed": 10,
    "blocked": 0
  },
  {
    "workflow": "smoke-copilot-sdk",
    "engine": "copilot",
    "allowed": 10,
    "blocked": 0
  },
  {
    "workflow": "smoke-copilot",
    "engine": "copilot",
    "allowed": 10,
    "blocked": 0
  },
  {
    "workflow": "smoke-create-cross-repo-pr",
    "engine": "copilot",
    "allowed": 10,
    "blocked": 0
  },
  {
    "workflow": "smoke-crush",
    "engine": "crush",
    "allowed": 5,
    "blocked": 0
  },
  {
    "workflow": "smoke-gemini",
    "engine": "gemini",
    "allowed": 6,
    "blocked": 0
  },
  {
    "workflow": "smoke-multi-pr",
    "engine": "copilot",
    "allowed": 10,
    "blocked": 0
  },
  {
    "workflow": "smoke-opencode",
    "engine": "opencode",
    "allowed": 4,
    "blocked": 0
  },
  {
    "workflow": "smoke-otel-backends",
    "engine": "copilot",
    "allowed": 10,
    "blocked": 0
  },
  {
    "workflow": "smoke-pi",
    "engine": "pi",
    "allowed": 6,
    "blocked": 0
  },
  {
    "workflow": "smoke-project",
    "engine": "copilot",
    "allowed": 10,
    "blocked": 0
  },
  {
    "workflow": "smoke-service-ports",
    "engine": "copilot",
    "allowed": 10,
    "blocked": 0
  },
  {
    "workflow": "smoke-temporary-id",
    "engine": "copilot",
    "allowed": 69,
    "blocked": 0
  },
  {
    "workflow": "smoke-test-tools",
    "engine": "copilot",
    "allowed": 10,
    "blocked": 0
  },
  {
    "workflow": "smoke-update-cross-repo-pr",
    "engine": "copilot",
    "allowed": 10,
    "blocked": 0
  },
  {
    "workflow": "smoke-workflow-call-with-inputs",
    "engine": "copilot",
    "allowed": 10,
    "blocked": 0
  },
  {
    "workflow": "smoke-workflow-call",
    "engine": "copilot",
    "allowed": 10,
    "blocked": 0
  },
  {
    "workflow": "spec-enforcer",
    "engine": "pi",
    "allowed": 6,
    "blocked": 0
  },
  {
    "workflow": "spec-extractor",
    "engine": "copilot",
    "allowed": 10,
    "blocked": 0
  },
  {
    "workflow": "spec-librarian",
    "engine": "copilot",
    "allowed": 10,
    "blocked": 0
  },
  {
    "workflow": "stale-pr-cleanup",
    "engine": "copilot",
    "allowed": 10,
    "blocked": 0
  },
  {
    "workflow": "stale-repo-identifier",
    "engine": "copilot",
    "allowed": 10,
    "blocked": 0
  },
  {
    "workflow": "static-analysis-report",
    "engine": "claude",
    "allowed": 62,
    "blocked": 0
  },
  {
    "workflow": "step-name-alignment",
    "engine": "claude",
    "allowed": 54,
    "blocked": 0
  },
  {
    "workflow": "sub-issue-closer",
    "engine": "copilot",
    "allowed": 45,
    "blocked": 0
  },
  {
    "workflow": "super-linter",
    "engine": "copilot",
    "allowed": 10,
    "blocked": 0
  },
  {
    "workflow": "technical-doc-writer",
    "engine": "copilot",
    "allowed": 10,
    "blocked": 0
  },
  {
    "workflow": "terminal-stylist",
    "engine": "copilot",
    "allowed": 10,
    "blocked": 0
  },
  {
    "workflow": "test-create-pr-error-handling",
    "engine": "claude",
    "allowed": 54,
    "blocked": 0
  },
  {
    "workflow": "test-dispatcher",
    "engine": "copilot",
    "allowed": 10,
    "blocked": 0
  },
  {
    "workflow": "test-project-url-default",
    "engine": "copilot",
    "allowed": 10,
    "blocked": 0
  },
  {
    "workflow": "test-quality-sentinel",
    "engine": "copilot",
    "allowed": 10,
    "blocked": 0
  },
  {
    "workflow": "test-workflow",
    "engine": "copilot",
    "allowed": 10,
    "blocked": 0
  },
  {
    "workflow": "tidy",
    "engine": "copilot",
    "allowed": 10,
    "blocked": 0
  },
  {
    "workflow": "typist",
    "engine": "claude",
    "allowed": 54,
    "blocked": 0
  },
  {
    "workflow": "ubuntu-image-analyzer",
    "engine": "copilot",
    "allowed": 10,
    "blocked": 0
  },
  {
    "workflow": "uk-ai-operational-resilience",
    "engine": "copilot",
    "allowed": 10,
    "blocked": 0
  },
  {
    "workflow": "unbloat-docs",
    "engine": "pi",
    "allowed": 6,
    "blocked": 0
  },
  {
    "workflow": "update-astro",
    "engine": "copilot",
    "allowed": 10,
    "blocked": 0
  },
  {
    "workflow": "video-analyzer",
    "engine": "copilot",
    "allowed": 10,
    "blocked": 0
  },
  {
    "workflow": "visual-regression-checker",
    "engine": "copilot",
    "allowed": 10,
    "blocked": 0
  },
  {
    "workflow": "weekly-blog-post-writer",
    "engine": "copilot",
    "allowed": 10,
    "blocked": 0
  },
  {
    "workflow": "weekly-editors-health-check",
    "engine": "copilot",
    "allowed": 10,
    "blocked": 0
  },
  {
    "workflow": "weekly-issue-summary",
    "engine": "copilot",
    "allowed": 10,
    "blocked": 0
  },
  {
    "workflow": "weekly-safe-outputs-spec-review",
    "engine": "copilot",
    "allowed": 10,
    "blocked": 0
  },
  {
    "workflow": "workflow-generator",
    "engine": "copilot",
    "allowed": 10,
    "blocked": 0
  },
  {
    "workflow": "workflow-health-manager",
    "engine": "copilot",
    "allowed": 10,
    "blocked": 0
  },
  {
    "workflow": "workflow-normalizer",
    "engine": "copilot",
    "allowed": 81,
    "blocked": 0
  },
  {
    "workflow": "workflow-skill-extractor",
    "engine": "copilot",
    "allowed": 10,
    "blocked": 0
  }
]
=== RUN   TestRunListDomains_RepoRoot/text_output_from_repo_root
✓ Found 253 workflows
╭──────────────────────────────────────────┬───────────┬───────┬───────╮
│Workflow                                  │Engine     │Allowed│Blocked│
├──────────────────────────────────────────┼───────────┼───────┼───────┤
│ab-testing-advisor                        │pi         │6      │0      │
│ace-editor                                │copilot    │10     │0      │
│agent-performance-analyzer                │copilot    │10     │0      │
│agent-persona-explorer                    │pi         │6      │0      │
│agentic-token-audit                       │copilot    │10     │0      │
│agentic-token-optimizer                   │copilot    │10     │0      │
│agentic-token-trend-audit                 │copilot    │10     │0      │
│ai-moderator                              │codex      │52     │0      │
│api-consumption-report                    │claude     │54     │0      │
│approach-validator                        │claude     │54     │0      │
│archie                                    │copilot    │10     │0      │
│architecture-guardian                     │copilot    │10     │0      │
│artifacts-summary                         │copilot    │10     │0      │
│audit-workflows                           │claude     │54     │0      │
│auto-triage-issues                        │pi         │6      │0      │
│avenger                                   │claude     │54     │0      │
│aw-failure-investigator                   │claude     │54     │0      │
│blog-auditor                              │claude     │54     │0      │
│bot-detection                             │copilot    │10     │0      │
│brave                                     │copilot    │10     │0      │
│breaking-change-checker                   │copilot    │10     │0      │
│changeset                                 │codex      │5      │0      │
│chaos-pr-bundle-fuzzer                    │pi         │6      │0      │
│ci-coach                                  │copilot    │10     │0      │
│ci-doctor                                 │claude     │54     │0      │
│claude-code-user-docs-review              │claude     │54     │0      │
│cli-consistency-checker                   │copilot    │10     │0      │
│cli-version-checker                       │claude     │54     │0      │
│cloclo                                    │claude     │54     │0      │
│code-scanning-fixer                       │copilot    │10     │0      │
│code-simplifier                           │copilot    │10     │0      │
│codex-github-remote-mcp-test              │codex      │6      │0      │
│commit-changes-analyzer                   │pi         │6      │0      │
│constraint-solving-potd                   │copilot    │10     │0      │
│contribution-check                        │copilot    │10     │0      │
│copilot-agent-analysis                    │claude     │59     │0      │
│copilot-centralization-drilldown          │copilot    │10     │0      │
│copilot-centralization-optimizer          │copilot    │10     │0      │
│copilot-cli-deep-research                 │copilot    │10     │0      │
│copilot-opt                               │copilot    │10     │0      │
│copilot-pr-merged-report                  │copilot    │10     │0      │
│copilot-pr-nlp-analysis                   │copilot    │10     │0      │
│copilot-pr-prompt-analysis                │copilot    │10     │0      │
│copilot-session-insights                  │claude     │54     │0      │
│craft                                     │copilot    │10     │0      │
│daily-agent-of-the-day-blog-writer        │copilot    │10     │0      │
│daily-agentrx-trace-optimizer             │claude     │54     │0      │
│daily-ambient-context-optimizer           │copilot    │10     │0      │
│daily-architecture-diagram                │copilot    │10     │0      │
│daily-assign-issue-to-user                │copilot    │10     │0      │
│daily-astrostylelite-markdown-spellcheck  │claude     │54     │0      │
│daily-aw-cross-repo-compile-check         │claude     │54     │0      │
│daily-awf-spec-compiler-surfacing         │pi         │6      │0      │
│daily-byok-ollama-test                    │copilot    │45     │0      │
│daily-cache-strategy-analyzer             │codex      │7      │0      │
│daily-caveman-optimizer                   │claude     │54     │0      │
│daily-choice-test                         │claude     │55     │0      │
│daily-cli-performance                     │copilot    │10     │0      │
│daily-cli-tools-tester                    │copilot    │10     │0      │
│daily-code-metrics                        │claude     │54     │0      │
│daily-community-attribution               │copilot    │10     │0      │
│daily-compiler-quality                    │copilot    │10     │0      │
│daily-compiler-threat-spec-optimizer      │copilot    │10     │0      │
│daily-credit-limit-test                   │copilot    │10     │0      │
│daily-doc-healer                          │claude     │54     │0      │
│daily-doc-updater                         │pi         │6      │0      │
│daily-experiment-report                   │copilot    │10     │0      │
│daily-fact                                │codex      │65     │0      │
│daily-file-diet                           │copilot    │10     │0      │
│daily-firewall-report                     │copilot    │10     │0      │
│daily-formal-spec-verifier                │copilot    │10     │0      │
│daily-function-namer                      │pi         │6      │0      │
│daily-geo-optimizer                       │copilot    │10     │0      │
│daily-hippo-learn                         │pi         │6      │0      │
│daily-issues-report                       │copilot    │10     │0      │
│daily-malicious-code-scan                 │copilot    │10     │0      │
│daily-max-ai-credits-test                 │copilot    │10     │0      │
│daily-mcp-concurrency-analysis            │copilot    │10     │0      │
│daily-model-inventory                     │copilot    │10     │0      │
│daily-model-resolution                    │codex      │5      │0      │
│daily-multi-device-docs-tester            │pi         │6      │0      │
│daily-news                                │pi         │6      │0      │
│daily-observability-report                │codex      │5      │0      │
│daily-performance-summary                 │copilot    │10     │0      │
│daily-regulatory                          │copilot    │10     │0      │
│daily-reliability-review                  │claude     │54     │0      │
│daily-rendering-scripts-verifier          │claude     │54     │0      │
│daily-repo-chronicle                      │copilot    │10     │0      │
│daily-safe-output-integrator              │copilot    │10     │0      │
│daily-safe-output-optimizer               │claude     │54     │0      │
│daily-safe-outputs-conformance            │claude     │54     │0      │
│daily-safeoutputs-git-simulator           │claude     │54     │0      │
│daily-secrets-analysis                    │copilot    │10     │0      │
│daily-security-observability              │copilot    │10     │0      │
│daily-security-red-team                   │claude     │54     │0      │
│daily-semgrep-scan                        │copilot    │48     │0      │
│daily-sentrux-report                      │copilot    │10     │0      │
│daily-skill-optimizer                     │copilot    │10     │0      │
│daily-spdd-spec-planner                   │copilot    │10     │0      │
│daily-syntax-error-quality                │copilot    │10     │0      │
│daily-team-evolution-insights             │claude     │54     │0      │
│daily-team-status                         │copilot    │10     │0      │
│daily-testify-uber-super-expert           │copilot    │10     │0      │
│daily-token-consumption-report            │claude     │54     │0      │
│daily-windows-terminal-integration-builder│copilot    │10     │0      │
│daily-workflow-updater                    │copilot    │10     │0      │
│dataflow-pr-discussion-dataset            │copilot    │77     │0      │
│dead-code-remover                         │copilot    │10     │0      │
│deep-report                               │claude     │54     │0      │
│delight                                   │copilot    │10     │0      │
│dependabot-burner                         │copilot    │10     │0      │
│dependabot-go-checker                     │copilot    │10     │0      │
│dependabot-repair                         │copilot    │10     │0      │
│deployment-incident-monitor               │copilot    │10     │0      │
│design-decision-gate                      │claude     │54     │0      │
│designer-drift-audit                      │copilot    │45     │0      │
│dev-hawk                                  │copilot    │10     │0      │
│dev                                       │codex      │5      │0      │
│developer-docs-consolidator               │claude     │54     │0      │
│dictation-prompt                          │copilot    │10     │0      │
│discussion-task-miner                     │copilot    │10     │0      │
│doc-sync-daily                            │copilot    │10     │0      │
│docs-noob-tester                          │copilot    │10     │0      │
│documentation-sync-agent                  │copilot    │10     │0      │
│draft-pr-cleanup                          │copilot    │10     │0      │
│duplicate-code-detector                   │codex      │42     │0      │
│example-failure-category-filter           │copilot    │10     │0      │
│example-permissions-warning               │copilot    │10     │0      │
│example-workflow-analyzer                 │claude     │54     │0      │
│firewall-escape                           │copilot    │10     │0      │
│firewall                                  │copilot    │10     │0      │
│functional-pragmatist                     │copilot    │10     │0      │
│github-mcp-structural-analysis            │claude     │54     │0      │
│github-mcp-tools-report                   │claude     │55     │0      │
│github-remote-mcp-auth-test               │copilot    │10     │0      │
│glossary-maintainer                       │copilot    │10     │0      │
│go-fan                                    │claude     │54     │0      │
│go-logger                                 │claude     │54     │0      │
│go-pattern-detector                       │claude     │54     │0      │
│gpclean                                   │copilot    │10     │0      │
│grumpy-reviewer                           │codex      │5      │0      │
│hippo-embed                               │pi         │6      │0      │
│hourly-ci-cleaner                         │claude     │54     │0      │
│instructions-janitor                      │claude     │54     │0      │
│issue-arborist                            │codex      │5      │0      │
│issue-monster                             │pi         │6      │0      │
│issue-triage-agent                        │copilot    │10     │0      │
│jsweep                                    │copilot    │10     │0      │
│layout-spec-maintainer                    │copilot    │10     │0      │
│lint-monster                              │pi         │6      │0      │
│linter-miner                              │copilot    │10     │0      │
│lockfile-stats                            │claude     │54     │0      │
│mattpocock-skills-reviewer                │copilot    │10     │0      │
│mcp-inspector                             │copilot    │10     │0      │
│mergefest                                 │copilot    │10     │0      │
│metrics-collector                         │copilot    │10     │0      │
│necromancer                               │codex      │5      │0      │
│notion-issue-summary                      │copilot    │10     │0      │
│objective-impact-report                   │copilot    │10     │0      │
│org-health-report                         │copilot    │10     │0      │
│outcome-collector                         │copilot    │10     │0      │
│pdf-summary                               │copilot    │10     │0      │
│plan                                      │copilot    │10     │0      │
│poem-bot                                  │pi         │6      │0      │
│portfolio-analyst                         │claude     │54     │0      │
│pr-code-quality-reviewer                  │copilot    │10     │0      │
│pr-description-caveman                    │copilot    │10     │0      │
│pr-nitpick-reviewer                       │copilot    │10     │0      │
│pr-sous-chef                              │copilot    │10     │0      │
│pr-triage-agent                           │copilot    │10     │0      │
│prompt-clustering-analysis                │claude     │54     │0      │
│python-data-charts                        │copilot    │10     │0      │
│q                                         │copilot    │10     │0      │
│refactoring-cadence                       │copilot    │10     │0      │
│refiner                                   │copilot    │10     │0      │
│release                                   │copilot    │10     │0      │
│repo-audit-analyzer                       │copilot    │10     │0      │
│repo-tree-map                             │copilot    │10     │0      │
│repository-quality-improver               │copilot    │10     │0      │
│research                                  │copilot    │10     │0      │
│ruflo-backed-task                         │claude     │54     │0      │
│safe-output-health                        │claude     │54     │0      │
│schema-consistency-checker                │pi         │6      │0      │
│schema-feature-coverage                   │codex      │5      │0      │
│scout                                     │claude     │54     │0      │
│security-compliance                       │copilot    │10     │0      │
│security-review                           │copilot    │10     │0      │
│semantic-function-refactor                │claude     │54     │0      │
│sergo                                     │claude     │54     │0      │
│skillet                                   │copilot    │10     │0      │
│slide-deck-maintainer                     │copilot    │10     │0      │
│smoke-agent-all-merged                    │claude     │59     │0      │
│smoke-agent-all-none                      │claude     │59     │0      │
│smoke-agent-public-approved               │claude     │59     │0      │
│smoke-agent-public-none                   │claude     │59     │0      │
│smoke-agent-scoped-approved               │claude     │59     │0      │
│smoke-antigravity                         │antigravity│6      │0      │
│smoke-call-workflow                       │codex      │40     │0      │
│smoke-ci                                  │copilot    │10     │0      │
│smoke-claude-on-copilot                   │claude     │54     │0      │
│smoke-claude                              │claude     │54     │0      │
│smoke-codex                               │codex      │5      │0      │
│smoke-copilot-aoai-apikey                 │copilot    │10     │0      │
│smoke-copilot-aoai-entra                  │copilot    │10     │0      │
│smoke-copilot-arm                         │copilot    │10     │0      │
│smoke-copilot-sdk                         │copilot    │10     │0      │
│smoke-copilot                             │copilot    │10     │0      │
│smoke-create-cross-repo-pr                │copilot    │10     │0      │
│smoke-crush                               │crush      │5      │0      │
│smoke-gemini                              │gemini     │6      │0      │
│smoke-multi-pr                            │copilot    │10     │0      │
│smoke-opencode                            │opencode   │4      │0      │
│smoke-otel-backends                       │copilot    │10     │0      │
│smoke-pi                                  │pi         │6      │0      │
│smoke-project                             │copilot    │10     │0      │
│smoke-service-ports                       │copilot    │10     │0      │
│smoke-temporary-id                        │copilot    │69     │0      │
│smoke-test-tools                          │copilot    │10     │0      │
│smoke-update-cross-repo-pr                │copilot    │10     │0      │
│smoke-workflow-call-with-inputs           │copilot    │10     │0      │
│smoke-workflow-call                       │copilot    │10     │0      │
│spec-enforcer                             │pi         │6      │0      │
│spec-extractor                            │copilot    │10     │0      │
│spec-librarian                            │copilot    │10     │0      │
│stale-pr-cleanup                          │copilot    │10     │0      │
│stale-repo-identifier                     │copilot    │10     │0      │
│static-analysis-report                    │claude     │62     │0      │
│step-name-alignment                       │claude     │54     │0      │
│sub-issue-closer                          │copilot    │45     │0      │
│super-linter                              │copilot    │10     │0      │
│technical-doc-writer                      │copilot    │10     │0      │
│terminal-stylist                          │copilot    │10     │0      │
│test-create-pr-error-handling             │claude     │54     │0      │
│test-dispatcher                           │copilot    │10     │0      │
│test-project-url-default                  │copilot    │10     │0      │
│test-quality-sentinel                     │copilot    │10     │0      │
│test-workflow                             │copilot    │10     │0      │
│tidy                                      │copilot    │10     │0      │
│typist                                    │claude     │54     │0      │
│ubuntu-image-analyzer                     │copilot    │10     │0      │
│uk-ai-operational-resilience              │copilot    │10     │0      │
│unbloat-docs                              │pi         │6      │0      │
│update-astro                              │copilot    │10     │0      │
│video-analyzer                            │copilot    │10     │0      │
│visual-regression-checker                 │copilot    │10     │0      │
│weekly-blog-post-writer                   │copilot    │10     │0      │
│weekly-editors-health-check               │copilot    │10     │0      │
│weekly-issue-summary                      │copilot    │10     │0      │
│weekly-safe-outputs-spec-review           │copilot    │10     │0      │
│workflow-generator                        │copilot    │10     │0      │
│workflow-health-manager                   │copilot    │10     │0      │
│workflow-normalizer                       │copilot    │81     │0      │
│workflow-skill-extractor                  │copilot    │10     │0      │
╰──────────────────────────────────────────┴───────────┴───────┴───────╯
--- PASS: TestRunListDomains_RepoRoot (0.59s)
    --- PASS: TestRunListDomains_RepoRoot/JSON_output_from_repo_root (0.28s)
    --- PASS: TestRunListDomains_RepoRoot/text_output_from_repo_root (0.30s)
=== RUN   TestRunListDomains_JSONFormat
--- PASS: TestRunListDomains_JSONFormat (0.00s)
=== RUN   TestDecodeBase64FileContent
=== RUN   TestDecodeBase64FileContent/plain_base64_without_newlines
=== RUN   TestDecodeBase64FileContent/GitHub_API_style_with_embedded_newlines_every_60_chars
=== RUN   TestDecodeBase64FileContent/leading_and_trailing_whitespace_stripped
=== RUN   TestDecodeBase64FileContent/binary_content_round-trips_correctly
=== RUN   TestDecodeBase64FileContent/invalid_base64_returns_error
--- PASS: TestDecodeBase64FileContent (0.00s)
    --- PASS: TestDecodeBase64FileContent/plain_base64_without_newlines (0.00s)
    --- PASS: TestDecodeBase64FileContent/GitHub_API_style_with_embedded_newlines_every_60_chars (0.00s)
    --- PASS: TestDecodeBase64FileContent/leading_and_trailing_whitespace_stripped (0.00s)
    --- PASS: TestDecodeBase64FileContent/binary_content_round-trips_correctly (0.00s)
    --- PASS: TestDecodeBase64FileContent/invalid_base64_returns_error (0.00s)
=== RUN   TestBuildDrain3Insights_NoEvents
--- PASS: TestBuildDrain3Insights_NoEvents (0.00s)
=== RUN   TestBuildDrain3Insights_BasicRun
--- PASS: TestBuildDrain3Insights_BasicRun (0.00s)
=== RUN   TestBuildDrain3Insights_WithErrors
--- PASS: TestBuildDrain3Insights_WithErrors (0.00s)
=== RUN   TestBuildDrain3Insights_StageSequenceEvidence
--- PASS: TestBuildDrain3Insights_StageSequenceEvidence (0.00s)
=== RUN   TestBuildDrain3InsightsMultiRun_Empty
--- PASS: TestBuildDrain3InsightsMultiRun_Empty (0.00s)
=== RUN   TestBuildDrain3InsightsMultiRun_MultipleRuns
--- PASS: TestBuildDrain3InsightsMultiRun_MultipleRuns (0.01s)
=== RUN   TestBuildAgentEventsFromProcessedRun
--- PASS: TestBuildAgentEventsFromProcessedRun (0.00s)
=== RUN   TestBuildDrain3Insights_IncludedInAuditData
--- PASS: TestBuildDrain3Insights_IncludedInAuditData (0.01s)
=== RUN   TestTrainDrain3Weights_NoRuns
⚠ No processed runs available for log pattern training
--- PASS: TestTrainDrain3Weights_NoRuns (0.00s)
=== RUN   TestTrainDrain3Weights_WithRuns
ℹ Training log pattern weights from 2 run(s)...
ℹ Trained 7 events → 4 clusters across 6 stages
✓ Log pattern weights written to: /tmp/TestTrainDrain3Weights_WithRuns4147295502/001/drain3_weights.json
ℹ To embed these weights as default, copy the file and rebuild:
  cp /tmp/TestTrainDrain3Weights_WithRuns4147295502/001/drain3_weights.json pkg/agentdrain/data/default_weights.json
  make build
--- PASS: TestTrainDrain3Weights_WithRuns (0.00s)
=== RUN   TestTrainDrain3Weights_JSONStructure
ℹ Training log pattern weights from 1 run(s)...
✓ Log pattern weights written to: /tmp/TestTrainDrain3Weights_JSONStructure2735538296/001/drain3_weights.json
ℹ To embed these weights as default, copy the file and rebuild:
  cp /tmp/TestTrainDrain3Weights_JSONStructure2735538296/001/drain3_weights.json pkg/agentdrain/data/default_weights.json
  make build
--- PASS: TestTrainDrain3Weights_JSONStructure (0.00s)
=== RUN   TestLogsCommandHasTrainFlag
--- PASS: TestLogsCommandHasTrainFlag (0.00s)
=== RUN   TestETCompliance_T_ET_001_SingleInvocationBaseWeightedTokens
--- PASS: TestETCompliance_T_ET_001_SingleInvocationBaseWeightedTokens (0.00s)
=== RUN   TestETCompliance_T_ET_002_SingleInvocationEffectiveTokens
--- PASS: TestETCompliance_T_ET_002_SingleInvocationEffectiveTokens (0.00s)
=== RUN   TestETCompliance_T_ET_003_ZeroValueTokenClasses
--- PASS: TestETCompliance_T_ET_003_ZeroValueTokenClasses (0.00s)
=== RUN   TestETCompliance_T_ET_004_CustomWeightsApplied
--- PASS: TestETCompliance_T_ET_004_CustomWeightsApplied (0.00s)
=== RUN   TestETCompliance_T_ET_010_MultiInvocationETTotal
--- PASS: TestETCompliance_T_ET_010_MultiInvocationETTotal (0.00s)
=== RUN   TestETCompliance_T_ET_011_RawTotalTokens
--- PASS: TestETCompliance_T_ET_011_RawTotalTokens (0.00s)
=== RUN   TestETCompliance_T_ET_012_TotalInvocationsCount
--- PASS: TestETCompliance_T_ET_012_TotalInvocationsCount (0.00s)
=== RUN   TestETCompliance_T_ET_020_RootNodeParentIDNull
--- PASS: TestETCompliance_T_ET_020_RootNodeParentIDNull (0.00s)
=== RUN   TestETCompliance_T_ET_021_SubAgentParentIDValid
--- PASS: TestETCompliance_T_ET_021_SubAgentParentIDValid (0.00s)
=== RUN   TestETCompliance_T_ET_022_NodeSchemaRequiredFields
--- PASS: TestETCompliance_T_ET_022_NodeSchemaRequiredFields (0.00s)
=== RUN   TestETCompliance_T_ET_030_SummaryObjectPresent
--- PASS: TestETCompliance_T_ET_030_SummaryObjectPresent (0.00s)
=== RUN   TestETCompliance_T_ET_031_SummaryConsistentWithInvocations
--- PASS: TestETCompliance_T_ET_031_SummaryConsistentWithInvocations (0.00s)
=== RUN   TestGetRequiredSecretsForEngine
=== RUN   TestGetRequiredSecretsForEngine/copilot_engine_without_system_secrets
=== RUN   TestGetRequiredSecretsForEngine/copilot_engine_with_system_secrets
=== RUN   TestGetRequiredSecretsForEngine/copilot_engine_with_optional_secrets
=== RUN   TestGetRequiredSecretsForEngine/claude_engine
=== RUN   TestGetRequiredSecretsForEngine/codex_engine
=== RUN   TestGetRequiredSecretsForEngine/empty_engine_returns_only_system_secrets_when_requested
=== RUN   TestGetRequiredSecretsForEngine/unknown_engine_returns_no_engine_secrets
--- PASS: TestGetRequiredSecretsForEngine (0.00s)
    --- PASS: TestGetRequiredSecretsForEngine/copilot_engine_without_system_secrets (0.00s)
    --- PASS: TestGetRequiredSecretsForEngine/copilot_engine_with_system_secrets (0.00s)
    --- PASS: TestGetRequiredSecretsForEngine/copilot_engine_with_optional_secrets (0.00s)
    --- PASS: TestGetRequiredSecretsForEngine/claude_engine (0.00s)
    --- PASS: TestGetRequiredSecretsForEngine/codex_engine (0.00s)
    --- PASS: TestGetRequiredSecretsForEngine/empty_engine_returns_only_system_secrets_when_requested (0.00s)
    --- PASS: TestGetRequiredSecretsForEngine/unknown_engine_returns_no_engine_secrets (0.00s)
=== RUN   TestGetRequiredSecretsForEngineAttributes
=== RUN   TestGetRequiredSecretsForEngineAttributes/copilot_secret_has_correct_attributes
=== RUN   TestGetRequiredSecretsForEngineAttributes/claude_secret_has_no_alternative_env_vars
=== RUN   TestGetRequiredSecretsForEngineAttributes/system_secrets_are_not_engine_secrets
--- PASS: TestGetRequiredSecretsForEngineAttributes (0.00s)
    --- PASS: TestGetRequiredSecretsForEngineAttributes/copilot_secret_has_correct_attributes (0.00s)
    --- PASS: TestGetRequiredSecretsForEngineAttributes/claude_secret_has_no_alternative_env_vars (0.00s)
    --- PASS: TestGetRequiredSecretsForEngineAttributes/system_secrets_are_not_engine_secrets (0.00s)
=== RUN   TestStringContainsSecretName
=== RUN   TestStringContainsSecretName/exact_match_single_line
=== RUN   TestStringContainsSecretName/match_with_tab_separator
=== RUN   TestStringContainsSecretName/match_with_space_separator
=== RUN   TestStringContainsSecretName/match_in_multiline_output
=== RUN   TestStringContainsSecretName/no_match_-_different_secret
=== RUN   TestStringContainsSecretName/no_match_-_prefix_only
=== RUN   TestStringContainsSecretName/no_match_-_empty_output
=== RUN   TestStringContainsSecretName/no_match_-_secret_longer_than_line
=== RUN   TestStringContainsSecretName/match_copilot_token
=== RUN   TestStringContainsSecretName/match_anthropic_key_in_mixed_output
--- PASS: TestStringContainsSecretName (0.00s)
    --- PASS: TestStringContainsSecretName/exact_match_single_line (0.00s)
    --- PASS: TestStringContainsSecretName/match_with_tab_separator (0.00s)
    --- PASS: TestStringContainsSecretName/match_with_space_separator (0.00s)
    --- PASS: TestStringContainsSecretName/match_in_multiline_output (0.00s)
    --- PASS: TestStringContainsSecretName/no_match_-_different_secret (0.00s)
    --- PASS: TestStringContainsSecretName/no_match_-_prefix_only (0.00s)
    --- PASS: TestStringContainsSecretName/no_match_-_empty_output (0.00s)
    --- PASS: TestStringContainsSecretName/no_match_-_secret_longer_than_line (0.00s)
    --- PASS: TestStringContainsSecretName/match_copilot_token (0.00s)
    --- PASS: TestStringContainsSecretName/match_anthropic_key_in_mixed_output (0.00s)
=== RUN   TestGetEngineSecretDescription
=== RUN   TestGetEngineSecretDescription/copilot_engine_description
=== RUN   TestGetEngineSecretDescription/claude_engine_description
=== RUN   TestGetEngineSecretDescription/codex_engine_description
--- PASS: TestGetEngineSecretDescription (0.00s)
    --- PASS: TestGetEngineSecretDescription/copilot_engine_description (0.00s)
    --- PASS: TestGetEngineSecretDescription/claude_engine_description (0.00s)
    --- PASS: TestGetEngineSecretDescription/codex_engine_description (0.00s)
=== RUN   TestSecretRequirementStructure
=== RUN   TestSecretRequirementStructure/SecretRequirement_has_all_required_fields
--- PASS: TestSecretRequirementStructure (0.00s)
    --- PASS: TestSecretRequirementStructure/SecretRequirement_has_all_required_fields (0.00s)
=== RUN   TestEngineSecretConfigStructure
=== RUN   TestEngineSecretConfigStructure/EngineSecretConfig_has_all_required_fields
--- PASS: TestEngineSecretConfigStructure (0.00s)
    --- PASS: TestEngineSecretConfigStructure/EngineSecretConfig_has_all_required_fields (0.00s)
=== RUN   TestGetEngineSecretNameAndValue
=== RUN   TestGetEngineSecretNameAndValue/secret_exists_in_repository
=== RUN   TestGetEngineSecretNameAndValue/secret_found_in_environment
=== RUN   TestGetEngineSecretNameAndValue/secret_not_in_repo_or_environment
=== RUN   TestGetEngineSecretNameAndValue/unknown_engine_returns_error
=== RUN   TestGetEngineSecretNameAndValue/no_alternative_secret_in_repo
=== RUN   TestGetEngineSecretNameAndValue/prefers_primary_secret_over_environment
--- PASS: TestGetEngineSecretNameAndValue (0.00s)
    --- PASS: TestGetEngineSecretNameAndValue/secret_exists_in_repository (0.00s)
    --- PASS: TestGetEngineSecretNameAndValue/secret_found_in_environment (0.00s)
    --- PASS: TestGetEngineSecretNameAndValue/secret_not_in_repo_or_environment (0.00s)
    --- PASS: TestGetEngineSecretNameAndValue/unknown_engine_returns_error (0.00s)
    --- PASS: TestGetEngineSecretNameAndValue/no_alternative_secret_in_repo (0.00s)
    --- PASS: TestGetEngineSecretNameAndValue/prefers_primary_secret_over_environment (0.00s)
=== RUN   TestGetMissingRequiredSecrets
=== RUN   TestGetMissingRequiredSecrets/all_secrets_missing
=== RUN   TestGetMissingRequiredSecrets/all_secrets_exist
=== RUN   TestGetMissingRequiredSecrets/some_secrets_missing
=== RUN   TestGetMissingRequiredSecrets/optional_secrets_are_skipped
=== RUN   TestGetMissingRequiredSecrets/alternative_secret_names_work
=== RUN   TestGetMissingRequiredSecrets/alternative_secret_names_-_second_alternative
=== RUN   TestGetMissingRequiredSecrets/primary_secret_takes_precedence_over_alternatives
=== RUN   TestGetMissingRequiredSecrets/empty_requirements_list
=== RUN   TestGetMissingRequiredSecrets/empty_existing_secrets_map
=== RUN   TestGetMissingRequiredSecrets/nil_existing_secrets_map
=== RUN   TestGetMissingRequiredSecrets/mixed_required_and_optional_with_alternatives
--- PASS: TestGetMissingRequiredSecrets (0.00s)
    --- PASS: TestGetMissingRequiredSecrets/all_secrets_missing (0.00s)
    --- PASS: TestGetMissingRequiredSecrets/all_secrets_exist (0.00s)
    --- PASS: TestGetMissingRequiredSecrets/some_secrets_missing (0.00s)
    --- PASS: TestGetMissingRequiredSecrets/optional_secrets_are_skipped (0.00s)
    --- PASS: TestGetMissingRequiredSecrets/alternative_secret_names_work (0.00s)
    --- PASS: TestGetMissingRequiredSecrets/alternative_secret_names_-_second_alternative (0.00s)
    --- PASS: TestGetMissingRequiredSecrets/primary_secret_takes_precedence_over_alternatives (0.00s)
    --- PASS: TestGetMissingRequiredSecrets/empty_requirements_list (0.00s)
    --- PASS: TestGetMissingRequiredSecrets/empty_existing_secrets_map (0.00s)
    --- PASS: TestGetMissingRequiredSecrets/nil_existing_secrets_map (0.00s)
    --- PASS: TestGetMissingRequiredSecrets/mixed_required_and_optional_with_alternatives (0.00s)
=== RUN   TestNewEnvCommand
--- PASS: TestNewEnvCommand (0.00s)
=== RUN   TestResolveDefaultsTarget
=== RUN   TestResolveDefaultsTarget/repo_default_scope_uses_current_repo
=== RUN   TestResolveDefaultsTarget/update_requires_scope
=== RUN   TestResolveDefaultsTarget/org_scope_infers_owner_from_repo
=== RUN   TestResolveDefaultsTarget/ent_scope_requires_enterprise
--- PASS: TestResolveDefaultsTarget (0.00s)
    --- PASS: TestResolveDefaultsTarget/repo_default_scope_uses_current_repo (0.00s)
    --- PASS: TestResolveDefaultsTarget/update_requires_scope (0.00s)
    --- PASS: TestResolveDefaultsTarget/org_scope_infers_owner_from_repo (0.00s)
    --- PASS: TestResolveDefaultsTarget/ent_scope_requires_enterprise (0.00s)
=== RUN   TestDefaultsFileYAMLKeys
--- PASS: TestDefaultsFileYAMLKeys (0.00s)
=== RUN   TestDefaultsFileYAMLNullDelete
=== RUN   TestDefaultsFileYAMLNullDelete/null_value_unmarshals_to_nil_pointer
=== RUN   TestDefaultsFileYAMLNullDelete/string_value_unmarshals_to_non-nil_pointer
=== RUN   TestDefaultsFileYAMLNullDelete/absent_key_unmarshals_to_nil_pointer
--- PASS: TestDefaultsFileYAMLNullDelete (0.00s)
    --- PASS: TestDefaultsFileYAMLNullDelete/null_value_unmarshals_to_nil_pointer (0.00s)
    --- PASS: TestDefaultsFileYAMLNullDelete/string_value_unmarshals_to_non-nil_pointer (0.00s)
    --- PASS: TestDefaultsFileYAMLNullDelete/absent_key_unmarshals_to_nil_pointer (0.00s)
=== RUN   TestDefaultsParseFileDisallowsUnknownFields
--- PASS: TestDefaultsParseFileDisallowsUnknownFields (0.00s)
=== RUN   TestDefaultsValidateFile
=== RUN   TestDefaultsValidateFile/accepts_valid_values
=== RUN   TestDefaultsValidateFile/accepts_-1_to_disable_detection_budget_steering
=== RUN   TestDefaultsValidateFile/rejects_invalid_numeric_and_empty_model_values
--- PASS: TestDefaultsValidateFile (0.00s)
    --- PASS: TestDefaultsValidateFile/accepts_valid_values (0.00s)
    --- PASS: TestDefaultsValidateFile/accepts_-1_to_disable_detection_budget_steering (0.00s)
    --- PASS: TestDefaultsValidateFile/rejects_invalid_numeric_and_empty_model_values (0.00s)
=== RUN   TestDefaultsTargetEndpoints
--- PASS: TestDefaultsTargetEndpoints (0.00s)
=== RUN   TestDefaultsBuildUpdateChanges
--- PASS: TestDefaultsBuildUpdateChanges (0.00s)
=== RUN   TestConfirmDefaultsUpdate
=== RUN   TestConfirmDefaultsUpdate/requests_confirmation_by_default
ℹ Defaults update preview:
  Scope : org
  Target: github
  File  : defaults.yml
  Fields: 1



╭─────────────────┬──────┬─────╮
│Field            │Action│Value│
├─────────────────┼──────┼─────┤
│default_max_turns│set   │42   │
╰─────────────────┴──────┴─────╯

=== RUN   TestConfirmDefaultsUpdate/skips_confirmation_with_yes
ℹ Defaults update preview:
  Scope : org
  Target: github
  File  : defaults.yml
  Fields: 1



╭─────────────────┬──────┬─────╮
│Field            │Action│Value│
├─────────────────┼──────┼─────┤
│default_max_turns│set   │42   │
╰─────────────────┴──────┴─────╯

ℹ Skipping confirmation because --yes was provided.
=== RUN   TestConfirmDefaultsUpdate/returns_cancellation_error
ℹ Defaults update preview:
  Scope : org
  Target: github
  File  : defaults.yml
  Fields: 1



╭─────────────────┬──────┬─────╮
│Field            │Action│Value│
├─────────────────┼──────┼─────┤
│default_max_turns│set   │42   │
╰─────────────────┴──────┴─────╯

--- PASS: TestConfirmDefaultsUpdate (0.00s)
    --- PASS: TestConfirmDefaultsUpdate/requests_confirmation_by_default (0.00s)
    --- PASS: TestConfirmDefaultsUpdate/skips_confirmation_with_yes (0.00s)
    --- PASS: TestConfirmDefaultsUpdate/returns_cancellation_error (0.00s)
=== RUN   TestCompileErrorFormatting
--- PASS: TestCompileErrorFormatting (0.01s)
=== RUN   TestResolveWorkflowErrorFormatting
--- PASS: TestResolveWorkflowErrorFormatting (0.00s)
=== RUN   TestConsoleFormatErrorMessageUsage
=== RUN   TestConsoleFormatErrorMessageUsage/simple_error_message
=== RUN   TestConsoleFormatErrorMessageUsage/error_with_details
--- PASS: TestConsoleFormatErrorMessageUsage (0.00s)
    --- PASS: TestConsoleFormatErrorMessageUsage/simple_error_message (0.00s)
    --- PASS: TestConsoleFormatErrorMessageUsage/error_with_details (0.00s)
=== RUN   TestConsoleFormatWarningMessageUsage
=== RUN   TestConsoleFormatWarningMessageUsage/simple_warning
=== RUN   TestConsoleFormatWarningMessageUsage/warning_with_details
--- PASS: TestConsoleFormatWarningMessageUsage (0.00s)
    --- PASS: TestConsoleFormatWarningMessageUsage/simple_warning (0.00s)
    --- PASS: TestConsoleFormatWarningMessageUsage/warning_with_details (0.00s)
=== RUN   TestErrorMessagePatterns
=== RUN   TestErrorMessagePatterns/wrapped_error_maintains_context
=== RUN   TestErrorMessagePatterns/error_with_format_specifiers
--- PASS: TestErrorMessagePatterns (0.00s)
    --- PASS: TestErrorMessagePatterns/wrapped_error_maintains_context (0.00s)
    --- PASS: TestErrorMessagePatterns/error_with_format_specifiers (0.00s)
=== RUN   TestNoPlainErrorOutput
=== RUN   TestNoPlainErrorOutput/Compilation_errors_should_use_console.FormatErrorMessage
=== RUN   TestNoPlainErrorOutput/Warning_messages_should_use_console.FormatWarningMessage
--- PASS: TestNoPlainErrorOutput (0.00s)
    --- PASS: TestNoPlainErrorOutput/Compilation_errors_should_use_console.FormatErrorMessage (0.00s)
    --- PASS: TestNoPlainErrorOutput/Warning_messages_should_use_console.FormatWarningMessage (0.00s)
=== RUN   TestErrorFormattingConsistency
--- PASS: TestErrorFormattingConsistency (0.00s)
=== RUN   TestErrorFormattingDoesNotMangle
=== RUN   TestErrorFormattingDoesNotMangle/message_with_special_characters
=== RUN   TestErrorFormattingDoesNotMangle/message_with_multiple_sentences
=== RUN   TestErrorFormattingDoesNotMangle/message_with_newlines
=== RUN   TestErrorFormattingDoesNotMangle/message_with_path
--- PASS: TestErrorFormattingDoesNotMangle (0.00s)
    --- PASS: TestErrorFormattingDoesNotMangle/message_with_special_characters (0.00s)
    --- PASS: TestErrorFormattingDoesNotMangle/message_with_multiple_sentences (0.00s)
    --- PASS: TestErrorFormattingDoesNotMangle/message_with_newlines (0.00s)
    --- PASS: TestErrorFormattingDoesNotMangle/message_with_path (0.00s)
=== RUN   TestChiSquarePValue
=== RUN   TestChiSquarePValue/chi2=3.841_df=1_critical_value_for_alpha=0.05
=== RUN   TestChiSquarePValue/chi2=0_df=1_returns_1.0
=== RUN   TestChiSquarePValue/very_large_chi2_df=2_returns_near-zero_p
=== RUN   TestChiSquarePValue/chi2=5.991_df=2_critical_value_for_alpha=0.05
=== RUN   TestChiSquarePValue/negative_chi2_returns_1.0
=== RUN   TestChiSquarePValue/df=0_returns_1.0
=== RUN   TestChiSquarePValue/chi2=0.5_df=1_returns_large_p_(balanced)
--- PASS: TestChiSquarePValue (0.00s)
    --- PASS: TestChiSquarePValue/chi2=3.841_df=1_critical_value_for_alpha=0.05 (0.00s)
    --- PASS: TestChiSquarePValue/chi2=0_df=1_returns_1.0 (0.00s)
    --- PASS: TestChiSquarePValue/very_large_chi2_df=2_returns_near-zero_p (0.00s)
    --- PASS: TestChiSquarePValue/chi2=5.991_df=2_critical_value_for_alpha=0.05 (0.00s)
    --- PASS: TestChiSquarePValue/negative_chi2_returns_1.0 (0.00s)
    --- PASS: TestChiSquarePValue/df=0_returns_1.0 (0.00s)
    --- PASS: TestChiSquarePValue/chi2=0.5_df=1_returns_large_p_(balanced) (0.00s)
=== RUN   TestExpectedProportions
=== RUN   TestExpectedProportions/equal_proportions_when_no_config
=== RUN   TestExpectedProportions/equal_proportions_when_config_has_no_weights
=== RUN   TestExpectedProportions/weighted_proportions_from_config
=== RUN   TestExpectedProportions/equal_proportions_when_weight_length_mismatches_variants
=== RUN   TestExpectedProportions/equal_proportions_when_all_weights_are_zero
=== RUN   TestExpectedProportions/empty_variant_list_returns_nil
=== RUN   TestExpectedProportions/sorted_variant_names_matched_correctly_to_weights
--- PASS: TestExpectedProportions (0.00s)
    --- PASS: TestExpectedProportions/equal_proportions_when_no_config (0.00s)
    --- PASS: TestExpectedProportions/equal_proportions_when_config_has_no_weights (0.00s)
    --- PASS: TestExpectedProportions/weighted_proportions_from_config (0.00s)
    --- PASS: TestExpectedProportions/equal_proportions_when_weight_length_mismatches_variants (0.00s)
    --- PASS: TestExpectedProportions/equal_proportions_when_all_weights_are_zero (0.00s)
    --- PASS: TestExpectedProportions/empty_variant_list_returns_nil (0.00s)
    --- PASS: TestExpectedProportions/sorted_variant_names_matched_correctly_to_weights (0.00s)
=== RUN   TestComputeExperimentAnalysis
=== RUN   TestComputeExperimentAnalysis/balanced_two-variant_experiment_below_min_samples
=== RUN   TestComputeExperimentAnalysis/uses_min_samples_from_config
=== RUN   TestComputeExperimentAnalysis/hypothesis_and_analysis_type_from_config
=== RUN   TestComputeExperimentAnalysis/guardrails_propagated_from_config
=== RUN   TestComputeExperimentAnalysis/Bonferroni_alpha_for_K=3_variants_(§11.3)
=== RUN   TestComputeExperimentAnalysis/Bonferroni_alpha_for_K=4_variants
=== RUN   TestComputeExperimentAnalysis/unbalanced_distribution_detected
=== RUN   TestComputeExperimentAnalysis/empty_experiment_returns_EXTEND_with_zero_total
=== RUN   TestComputeExperimentAnalysis/variants_sorted_alphabetically
=== RUN   TestComputeExperimentAnalysis/weighted_proportions_used_for_balance_test
--- PASS: TestComputeExperimentAnalysis (0.00s)
    --- PASS: TestComputeExperimentAnalysis/balanced_two-variant_experiment_below_min_samples (0.00s)
    --- PASS: TestComputeExperimentAnalysis/uses_min_samples_from_config (0.00s)
    --- PASS: TestComputeExperimentAnalysis/hypothesis_and_analysis_type_from_config (0.00s)
    --- PASS: TestComputeExperimentAnalysis/guardrails_propagated_from_config (0.00s)
    --- PASS: TestComputeExperimentAnalysis/Bonferroni_alpha_for_K=3_variants_(§11.3) (0.00s)
    --- PASS: TestComputeExperimentAnalysis/Bonferroni_alpha_for_K=4_variants (0.00s)
    --- PASS: TestComputeExperimentAnalysis/unbalanced_distribution_detected (0.00s)
    --- PASS: TestComputeExperimentAnalysis/empty_experiment_returns_EXTEND_with_zero_total (0.00s)
    --- PASS: TestComputeExperimentAnalysis/variants_sorted_alphabetically (0.00s)
    --- PASS: TestComputeExperimentAnalysis/weighted_proportions_used_for_balance_test (0.00s)
=== RUN   TestComputeExperimentAnalyses
=== RUN   TestComputeExperimentAnalyses/empty_experiments_returns_nil
=== RUN   TestComputeExperimentAnalyses/multiple_experiments_analysed_independently
=== RUN   TestComputeExperimentAnalyses/config_map_applied_per_experiment
--- PASS: TestComputeExperimentAnalyses (0.00s)
    --- PASS: TestComputeExperimentAnalyses/empty_experiments_returns_nil (0.00s)
    --- PASS: TestComputeExperimentAnalyses/multiple_experiments_analysed_independently (0.00s)
    --- PASS: TestComputeExperimentAnalyses/config_map_applied_per_experiment (0.00s)
=== RUN   TestExperimentAnalysisJSONOutput
--- PASS: TestExperimentAnalysisJSONOutput (0.00s)
=== RUN   TestExperimentAnalysisBonferroniAbsent
--- PASS: TestExperimentAnalysisBonferroniAbsent (0.00s)
=== RUN   TestMinSamplesDefaultApplied
--- PASS: TestMinSamplesDefaultApplied (0.00s)
=== RUN   TestChiSquarePValueMonotonicity
--- PASS: TestChiSquarePValueMonotonicity (0.00s)
=== RUN   TestChiSquarePValueReturnRange
--- PASS: TestChiSquarePValueReturnRange (0.00s)
=== RUN   TestObservedPctSumsToHundred
--- PASS: TestObservedPctSumsToHundred (0.00s)
=== RUN   TestExpectedPctSumsToHundred
=== RUN   TestExpectedPctSumsToHundred/equal_split
=== RUN   TestExpectedPctSumsToHundred/three_equal
=== RUN   TestExpectedPctSumsToHundred/weighted_60/40
--- PASS: TestExpectedPctSumsToHundred (0.00s)
    --- PASS: TestExpectedPctSumsToHundred/equal_split (0.00s)
    --- PASS: TestExpectedPctSumsToHundred/three_equal (0.00s)
    --- PASS: TestExpectedPctSumsToHundred/weighted_60/40 (0.00s)
=== RUN   TestReadyForAnalysisAllAboveMinSamples
--- PASS: TestReadyForAnalysisAllAboveMinSamples (0.00s)
=== RUN   TestPartiallyBelowMinSamples
--- PASS: TestPartiallyBelowMinSamples (0.00s)
=== RUN   TestChiSquarePerfectBalance
--- PASS: TestChiSquarePerfectBalance (0.00s)
=== RUN   TestFindWorkflowFileForExperiment
--- PASS: TestFindWorkflowFileForExperiment (0.00s)
=== RUN   TestMatchWorkflowFilenameByExperiment
=== RUN   TestMatchWorkflowFilenameByExperiment/cicoach
=== RUN   TestMatchWorkflowFilenameByExperiment/dailyissuesreport
=== RUN   TestMatchWorkflowFilenameByExperiment/smokecopilot
=== RUN   TestMatchWorkflowFilenameByExperiment/agentperformanceanalyzer
=== RUN   TestMatchWorkflowFilenameByExperiment/deepreport
=== RUN   TestMatchWorkflowFilenameByExperiment/nohyphen
=== RUN   TestMatchWorkflowFilenameByExperiment/notfound
--- PASS: TestMatchWorkflowFilenameByExperiment (0.00s)
    --- PASS: TestMatchWorkflowFilenameByExperiment/cicoach (0.00s)
    --- PASS: TestMatchWorkflowFilenameByExperiment/dailyissuesreport (0.00s)
    --- PASS: TestMatchWorkflowFilenameByExperiment/smokecopilot (0.00s)
    --- PASS: TestMatchWorkflowFilenameByExperiment/agentperformanceanalyzer (0.00s)
    --- PASS: TestMatchWorkflowFilenameByExperiment/deepreport (0.00s)
    --- PASS: TestMatchWorkflowFilenameByExperiment/nohyphen (0.00s)
    --- PASS: TestMatchWorkflowFilenameByExperiment/notfound (0.00s)
=== RUN   TestMatchWorkflowFilenameByExperimentAmbiguous
--- PASS: TestMatchWorkflowFilenameByExperimentAmbiguous (0.00s)
=== RUN   TestWorkflowFileCandidates
=== RUN   TestWorkflowFileCandidates/myworkflow
=== RUN   TestWorkflowFileCandidates/dailyreport
=== RUN   TestWorkflowFileCandidates/test123
--- PASS: TestWorkflowFileCandidates (0.00s)
    --- PASS: TestWorkflowFileCandidates/myworkflow (0.00s)
    --- PASS: TestWorkflowFileCandidates/dailyreport (0.00s)
    --- PASS: TestWorkflowFileCandidates/test123 (0.00s)
=== RUN   TestAnalysisWithNilConfig
--- PASS: TestAnalysisWithNilConfig (0.00s)
=== RUN   TestComputeExperimentAnalysisDegenerateVariants
=== RUN   TestComputeExperimentAnalysisDegenerateVariants/zero_variants_returns_EXTEND
=== RUN   TestComputeExperimentAnalysisDegenerateVariants/single_variant_returns_EXTEND
--- PASS: TestComputeExperimentAnalysisDegenerateVariants (0.00s)
    --- PASS: TestComputeExperimentAnalysisDegenerateVariants/zero_variants_returns_EXTEND (0.00s)
    --- PASS: TestComputeExperimentAnalysisDegenerateVariants/single_variant_returns_EXTEND (0.00s)
=== RUN   TestExtractExperimentName
=== RUN   TestExtractExperimentName/remote_ref_with_origin_prefix
=== RUN   TestExtractExperimentName/local_ref_without_origin_prefix
=== RUN   TestExtractExperimentName/nested_experiment_name
=== RUN   TestExtractExperimentName/remote_nested_ref
=== RUN   TestExtractExperimentName/unrelated_branch_returns_empty
=== RUN   TestExtractExperimentName/feature_branch_without_prefix_returns_empty
=== RUN   TestExtractExperimentName/bare_experiments_prefix_returns_empty
--- PASS: TestExtractExperimentName (0.00s)
    --- PASS: TestExtractExperimentName/remote_ref_with_origin_prefix (0.00s)
    --- PASS: TestExtractExperimentName/local_ref_without_origin_prefix (0.00s)
    --- PASS: TestExtractExperimentName/nested_experiment_name (0.00s)
    --- PASS: TestExtractExperimentName/remote_nested_ref (0.00s)
    --- PASS: TestExtractExperimentName/unrelated_branch_returns_empty (0.00s)
    --- PASS: TestExtractExperimentName/feature_branch_without_prefix_returns_empty (0.00s)
    --- PASS: TestExtractExperimentName/bare_experiments_prefix_returns_empty (0.00s)
=== RUN   TestParseExperimentState
=== RUN   TestParseExperimentState/valid_state_with_runs
=== RUN   TestParseExperimentState/valid_state_without_runs_array
=== RUN   TestParseExperimentState/empty_JSON_object
=== RUN   TestParseExperimentState/invalid_JSON_returns_empty_state
--- PASS: TestParseExperimentState (0.00s)
    --- PASS: TestParseExperimentState/valid_state_with_runs (0.00s)
    --- PASS: TestParseExperimentState/valid_state_without_runs_array (0.00s)
    --- PASS: TestParseExperimentState/empty_JSON_object (0.00s)
    --- PASS: TestParseExperimentState/invalid_JSON_returns_empty_state (0.00s)
=== RUN   TestExperimentDetailsFromState
--- PASS: TestExperimentDetailsFromState (0.00s)
=== RUN   TestExperimentTotalRunsFallback
--- PASS: TestExperimentTotalRunsFallback (0.00s)
=== RUN   TestFormatAssignments
=== RUN   TestFormatAssignments/nil_map_returns_dash
=== RUN   TestFormatAssignments/empty_map_returns_dash
=== RUN   TestFormatAssignments/single_entry
=== RUN   TestFormatAssignments/multiple_entries_sorted_by_key
--- PASS: TestFormatAssignments (0.00s)
    --- PASS: TestFormatAssignments/nil_map_returns_dash (0.00s)
    --- PASS: TestFormatAssignments/empty_map_returns_dash (0.00s)
    --- PASS: TestFormatAssignments/single_entry (0.00s)
    --- PASS: TestFormatAssignments/multiple_entries_sorted_by_key (0.00s)
=== RUN   TestParsePagedJSONArray
=== RUN   TestParsePagedJSONArray/single_page
=== RUN   TestParsePagedJSONArray/two_pages
=== RUN   TestParsePagedJSONArray/empty_array
=== RUN   TestParsePagedJSONArray/invalid_JSON
--- PASS: TestParsePagedJSONArray (0.00s)
    --- PASS: TestParsePagedJSONArray/single_page (0.00s)
    --- PASS: TestParsePagedJSONArray/two_pages (0.00s)
    --- PASS: TestParsePagedJSONArray/empty_array (0.00s)
    --- PASS: TestParsePagedJSONArray/invalid_JSON (0.00s)
=== RUN   TestExperimentInfoJSONOutput
--- PASS: TestExperimentInfoJSONOutput (0.00s)
=== RUN   TestExperimentDetailsJSONOutput
--- PASS: TestExperimentDetailsJSONOutput (0.00s)
=== RUN   TestNewExperimentsCommand
--- PASS: TestNewExperimentsCommand (0.00s)
=== RUN   TestExperimentsListSubcommandFlags
--- PASS: TestExperimentsListSubcommandFlags (0.00s)
=== RUN   TestExperimentsAnalyzeSubcommandFlags
--- PASS: TestExperimentsAnalyzeSubcommandFlags (0.00s)
=== RUN   TestExperimentsAnalyzeRequiresArg
--- PASS: TestExperimentsAnalyzeRequiresArg (0.00s)
=== RUN   TestHostResolutionHintForNotFound
=== RUN   TestHostResolutionHintForNotFound/suggests_full_github_URL_for_GHE_shorthand_404
=== RUN   TestHostResolutionHintForNotFound/does_not_suggest_for_github.com_host
=== RUN   TestHostResolutionHintForNotFound/does_not_suggest_for_explicit_non-github_host_URL
=== RUN   TestHostResolutionHintForNotFound/does_not_suggest_for_nil_or_non-404_errors
=== RUN   TestHostResolutionHintForNotFound/normalizes_leading_slash_in_workflow_path
--- PASS: TestHostResolutionHintForNotFound (0.00s)
    --- PASS: TestHostResolutionHintForNotFound/suggests_full_github_URL_for_GHE_shorthand_404 (0.00s)
    --- PASS: TestHostResolutionHintForNotFound/does_not_suggest_for_github.com_host (0.00s)
    --- PASS: TestHostResolutionHintForNotFound/does_not_suggest_for_explicit_non-github_host_URL (0.00s)
    --- PASS: TestHostResolutionHintForNotFound/does_not_suggest_for_nil_or_non-404_errors (0.00s)
    --- PASS: TestHostResolutionHintForNotFound/normalizes_leading_slash_in_workflow_path (0.00s)
=== RUN   TestSelectJSONImportNameOverride
=== PAUSE TestSelectJSONImportNameOverride
=== RUN   TestFileTracker_CreationAndTracking
--- PASS: TestFileTracker_CreationAndTracking (0.01s)
=== RUN   TestFileTracker_ModifiedFiles
--- PASS: TestFileTracker_ModifiedFiles (0.01s)
=== RUN   TestFileTracker_RollbackAllFiles
--- PASS: TestFileTracker_RollbackAllFiles (0.01s)
=== RUN   TestCompileWorkflowWithTracking_SharedActions
test-workflow-with-reaction.md: info: Tip: set permissions.copilot-requests: write to use GitHub Actions token-based inference with the Copilot engine instead of a personal access token (COPILOT_GITHUB_TOKEN). This option requires that your organization has centralized Copilot billing enabled and may not be available in all organizations — see https://github.github.com/gh-aw/reference/billing/ for details.

✓ test-workflow-with-reaction.md (78.4 KB)
test-workflow-without-reaction.md: info: Tip: set permissions.copilot-requests: write to use GitHub Actions token-based inference with the Copilot engine instead of a personal access token (COPILOT_GITHUB_TOKEN). This option requires that your organization has centralized Copilot billing enabled and may not be available in all organizations — see https://github.github.com/gh-aw/reference/billing/ for details.

✓ test-workflow-without-reaction.md (77.7 KB)
--- PASS: TestCompileWorkflowWithTracking_SharedActions (0.09s)
=== RUN   TestFileTracker_StageAllFiles_NonGitRepo
--- PASS: TestFileTracker_StageAllFiles_NonGitRepo (0.00s)
=== RUN   TestParseFirewallLogLine
=== RUN   TestParseFirewallLogLine/valid_log_line_with_all_fields
=== RUN   TestParseFirewallLogLine/log_line_with_placeholder_values
=== RUN   TestParseFirewallLogLine/empty_line
=== RUN   TestParseFirewallLogLine/comment_line
=== RUN   TestParseFirewallLogLine/invalid_timestamp_(non-numeric)
=== RUN   TestParseFirewallLogLine/non-standard_client_IP:port_format_is_accepted
=== RUN   TestParseFirewallLogLine/non-standard_domain_format_is_accepted
=== RUN   TestParseFirewallLogLine/non-standard_dest_IP:port_format_is_accepted
=== RUN   TestParseFirewallLogLine/non-numeric_status_code_is_accepted
=== RUN   TestParseFirewallLogLine/decision_format_without_colon_is_accepted
=== RUN   TestParseFirewallLogLine/fewer_than_10_fields
=== RUN   TestParseFirewallLogLine/line_with_pipe_character_in_domain_position_is_accepted
--- PASS: TestParseFirewallLogLine (0.00s)
    --- PASS: TestParseFirewallLogLine/valid_log_line_with_all_fields (0.00s)
    --- PASS: TestParseFirewallLogLine/log_line_with_placeholder_values (0.00s)
    --- PASS: TestParseFirewallLogLine/empty_line (0.00s)
    --- PASS: TestParseFirewallLogLine/comment_line (0.00s)
    --- PASS: TestParseFirewallLogLine/invalid_timestamp_(non-numeric) (0.00s)
    --- PASS: TestParseFirewallLogLine/non-standard_client_IP:port_format_is_accepted (0.00s)
    --- PASS: TestParseFirewallLogLine/non-standard_domain_format_is_accepted (0.00s)
    --- PASS: TestParseFirewallLogLine/non-standard_dest_IP:port_format_is_accepted (0.00s)
    --- PASS: TestParseFirewallLogLine/non-numeric_status_code_is_accepted (0.00s)
    --- PASS: TestParseFirewallLogLine/decision_format_without_colon_is_accepted (0.00s)
    --- PASS: TestParseFirewallLogLine/fewer_than_10_fields (0.00s)
    --- PASS: TestParseFirewallLogLine/line_with_pipe_character_in_domain_position_is_accepted (0.00s)
=== RUN   TestIsRequestAllowed
=== RUN   TestIsRequestAllowed/status_200
=== RUN   TestIsRequestAllowed/status_206
=== RUN   TestIsRequestAllowed/status_304
=== RUN   TestIsRequestAllowed/status_403
=== RUN   TestIsRequestAllowed/status_407
=== RUN   TestIsRequestAllowed/TCP_TUNNEL_decision
=== RUN   TestIsRequestAllowed/TCP_HIT_decision
=== RUN   TestIsRequestAllowed/TCP_MISS_decision
=== RUN   TestIsRequestAllowed/NONE_NONE_decision
=== RUN   TestIsRequestAllowed/TCP_DENIED_decision
=== RUN   TestIsRequestAllowed/unknown_decision_and_status
--- PASS: TestIsRequestAllowed (0.00s)
    --- PASS: TestIsRequestAllowed/status_200 (0.00s)
    --- PASS: TestIsRequestAllowed/status_206 (0.00s)
    --- PASS: TestIsRequestAllowed/status_304 (0.00s)
    --- PASS: TestIsRequestAllowed/status_403 (0.00s)
    --- PASS: TestIsRequestAllowed/status_407 (0.00s)
    --- PASS: TestIsRequestAllowed/TCP_TUNNEL_decision (0.00s)
    --- PASS: TestIsRequestAllowed/TCP_HIT_decision (0.00s)
    --- PASS: TestIsRequestAllowed/TCP_MISS_decision (0.00s)
    --- PASS: TestIsRequestAllowed/NONE_NONE_decision (0.00s)
    --- PASS: TestIsRequestAllowed/TCP_DENIED_decision (0.00s)
    --- PASS: TestIsRequestAllowed/unknown_decision_and_status (0.00s)
=== RUN   TestParseFirewallLog
--- PASS: TestParseFirewallLog (0.00s)
=== RUN   TestParseFirewallLogMalformedLines
--- PASS: TestParseFirewallLogMalformedLines (0.00s)
=== RUN   TestParseFirewallLogPartialMissingFields
--- PASS: TestParseFirewallLogPartialMissingFields (0.00s)
=== RUN   TestParseFirewallLogIptablesDropped
--- PASS: TestParseFirewallLogIptablesDropped (0.00s)
=== RUN   TestParseFirewallLogUnknownAllowedDomain
--- PASS: TestParseFirewallLogUnknownAllowedDomain (0.00s)
=== RUN   TestAnalyzeMultipleFirewallLogs
--- PASS: TestAnalyzeMultipleFirewallLogs (0.00s)
=== RUN   TestSanitizeWorkflowName
=== RUN   TestSanitizeWorkflowName/lowercase_conversion
=== RUN   TestSanitizeWorkflowName/spaces_to_dashes
=== RUN   TestSanitizeWorkflowName/colons_to_dashes
=== RUN   TestSanitizeWorkflowName/slashes_to_dashes
=== RUN   TestSanitizeWorkflowName/backslashes_to_dashes
=== RUN   TestSanitizeWorkflowName/special_characters_to_dashes
=== RUN   TestSanitizeWorkflowName/preserve_dots_and_underscores
=== RUN   TestSanitizeWorkflowName/complex_name
--- PASS: TestSanitizeWorkflowName (0.00s)
    --- PASS: TestSanitizeWorkflowName/lowercase_conversion (0.00s)
    --- PASS: TestSanitizeWorkflowName/spaces_to_dashes (0.00s)
    --- PASS: TestSanitizeWorkflowName/colons_to_dashes (0.00s)
    --- PASS: TestSanitizeWorkflowName/slashes_to_dashes (0.00s)
    --- PASS: TestSanitizeWorkflowName/backslashes_to_dashes (0.00s)
    --- PASS: TestSanitizeWorkflowName/special_characters_to_dashes (0.00s)
    --- PASS: TestSanitizeWorkflowName/preserve_dots_and_underscores (0.00s)
    --- PASS: TestSanitizeWorkflowName/complex_name (0.00s)
=== RUN   TestAnalyzeFirewallLogsWithWorkflowSuffix
--- PASS: TestAnalyzeFirewallLogsWithWorkflowSuffix (0.00s)
=== RUN   TestParseFirewallLogInternalSquidErrorEntries
--- PASS: TestParseFirewallLogInternalSquidErrorEntries (0.00s)
=== RUN   TestParseFirewallLogInternalSquidErrorEntriesDashDash
--- PASS: TestParseFirewallLogInternalSquidErrorEntriesDashDash (0.00s)
=== RUN   TestExtractFirewallFromAgentLog
=== RUN   TestExtractFirewallFromAgentLog/single_blocked_domain_from_Codex_CLI_warning
=== RUN   TestExtractFirewallFromAgentLog/multiple_blocked_domains
=== RUN   TestExtractFirewallFromAgentLog/comma-separated_domains_in_single_warning
=== RUN   TestExtractFirewallFromAgentLog/quoted_comma-separated_domains_strips_surrounding_double_quotes
=== RUN   TestExtractFirewallFromAgentLog/deduplicated_repeated_warnings_for_same_domain
=== RUN   TestExtractFirewallFromAgentLog/no_blocked_domains_in_log
=== RUN   TestExtractFirewallFromAgentLog/empty_log
--- PASS: TestExtractFirewallFromAgentLog (0.00s)
    --- PASS: TestExtractFirewallFromAgentLog/single_blocked_domain_from_Codex_CLI_warning (0.00s)
    --- PASS: TestExtractFirewallFromAgentLog/multiple_blocked_domains (0.00s)
    --- PASS: TestExtractFirewallFromAgentLog/comma-separated_domains_in_single_warning (0.00s)
    --- PASS: TestExtractFirewallFromAgentLog/quoted_comma-separated_domains_strips_surrounding_double_quotes (0.00s)
    --- PASS: TestExtractFirewallFromAgentLog/deduplicated_repeated_warnings_for_same_domain (0.00s)
    --- PASS: TestExtractFirewallFromAgentLog/no_blocked_domains_in_log (0.00s)
    --- PASS: TestExtractFirewallFromAgentLog/empty_log (0.00s)
=== RUN   TestExtractFirewallFromAgentLogNoFile
--- PASS: TestExtractFirewallFromAgentLogNoFile (0.00s)
=== RUN   TestFirewallAnalysisAddMetricsMergesDomains
--- PASS: TestFirewallAnalysisAddMetricsMergesDomains (0.00s)
=== RUN   TestFirewallAnalysisAddMetricsDeduplicatesDomains
--- PASS: TestFirewallAnalysisAddMetricsDeduplicatesDomains (0.00s)
=== RUN   TestDomainMatchesRule
=== RUN   TestDomainMatchesRule/exact_match_without_port
=== RUN   TestDomainMatchesRule/exact_match_with_port
=== RUN   TestDomainMatchesRule/wildcard_match_-_subdomain
=== RUN   TestDomainMatchesRule/wildcard_match_-_base_domain
=== RUN   TestDomainMatchesRule/wildcard_match_-_deep_subdomain
=== RUN   TestDomainMatchesRule/no_match_-_different_domain
=== RUN   TestDomainMatchesRule/no_match_-_suffix_collision
=== RUN   TestDomainMatchesRule/case_insensitive_match
=== RUN   TestDomainMatchesRule/multiple_domains_in_rule
=== RUN   TestDomainMatchesRule/no_match_-_empty_domains
=== RUN   TestDomainMatchesRule/regex_match_-_IP_pattern
=== RUN   TestDomainMatchesRule/regex_match_-_metachar_detection
=== RUN   TestDomainMatchesRule/regex_no_match
--- PASS: TestDomainMatchesRule (0.00s)
    --- PASS: TestDomainMatchesRule/exact_match_without_port (0.00s)
    --- PASS: TestDomainMatchesRule/exact_match_with_port (0.00s)
    --- PASS: TestDomainMatchesRule/wildcard_match_-_subdomain (0.00s)
    --- PASS: TestDomainMatchesRule/wildcard_match_-_base_domain (0.00s)
    --- PASS: TestDomainMatchesRule/wildcard_match_-_deep_subdomain (0.00s)
    --- PASS: TestDomainMatchesRule/no_match_-_different_domain (0.00s)
    --- PASS: TestDomainMatchesRule/no_match_-_suffix_collision (0.00s)
    --- PASS: TestDomainMatchesRule/case_insensitive_match (0.00s)
    --- PASS: TestDomainMatchesRule/multiple_domains_in_rule (0.00s)
    --- PASS: TestDomainMatchesRule/no_match_-_empty_domains (0.00s)
    --- PASS: TestDomainMatchesRule/regex_match_-_IP_pattern (0.00s)
    --- PASS: TestDomainMatchesRule/regex_match_-_metachar_detection (0.00s)
    --- PASS: TestDomainMatchesRule/regex_no_match (0.00s)
=== RUN   TestFindMatchingRule
=== RUN   TestFindMatchingRule/matches_first_rule_-_allowed_HTTPS
=== RUN   TestFindMatchingRule/matches_second_rule
=== RUN   TestFindMatchingRule/aclName_all_catches_unmatched_denied_traffic
=== RUN   TestFindMatchingRule/aclName_all_skipped_for_allowed_traffic
=== RUN   TestFindMatchingRule/first_matching_rule_wins
=== RUN   TestFindMatchingRule/observed-decision_validation_-_allow_rule_skipped_for_denied_traffic
--- PASS: TestFindMatchingRule (0.00s)
    --- PASS: TestFindMatchingRule/matches_first_rule_-_allowed_HTTPS (0.00s)
    --- PASS: TestFindMatchingRule/matches_second_rule (0.00s)
    --- PASS: TestFindMatchingRule/aclName_all_catches_unmatched_denied_traffic (0.00s)
    --- PASS: TestFindMatchingRule/aclName_all_skipped_for_allowed_traffic (0.00s)
    --- PASS: TestFindMatchingRule/first_matching_rule_wins (0.00s)
    --- PASS: TestFindMatchingRule/observed-decision_validation_-_allow_rule_skipped_for_denied_traffic (0.00s)
=== RUN   TestProtocolMatching
=== RUN   TestProtocolMatching/HTTPS_rule_matches_CONNECT_request
=== RUN   TestProtocolMatching/HTTPS_rule_skipped_for_HTTP_request
--- PASS: TestProtocolMatching (0.00s)
    --- PASS: TestProtocolMatching/HTTPS_rule_matches_CONNECT_request (0.00s)
    --- PASS: TestProtocolMatching/HTTPS_rule_skipped_for_HTTP_request (0.00s)
=== RUN   TestIsEntryHTTPS
--- PASS: TestIsEntryHTTPS (0.00s)
=== RUN   TestIsEntryAllowed
=== RUN   TestIsEntryAllowed/status_200_is_allowed
=== RUN   TestIsEntryAllowed/status_206_is_allowed
=== RUN   TestIsEntryAllowed/status_304_is_allowed
=== RUN   TestIsEntryAllowed/status_403_is_denied
=== RUN   TestIsEntryAllowed/status_407_is_denied
=== RUN   TestIsEntryAllowed/TCP_TUNNEL_decision_is_allowed
=== RUN   TestIsEntryAllowed/NONE_NONE_decision_is_denied
--- PASS: TestIsEntryAllowed (0.00s)
    --- PASS: TestIsEntryAllowed/status_200_is_allowed (0.00s)
    --- PASS: TestIsEntryAllowed/status_206_is_allowed (0.00s)
    --- PASS: TestIsEntryAllowed/status_304_is_allowed (0.00s)
    --- PASS: TestIsEntryAllowed/status_403_is_denied (0.00s)
    --- PASS: TestIsEntryAllowed/status_407_is_denied (0.00s)
    --- PASS: TestIsEntryAllowed/TCP_TUNNEL_decision_is_allowed (0.00s)
    --- PASS: TestIsEntryAllowed/NONE_NONE_decision_is_denied (0.00s)
=== RUN   TestContainsRegexMeta
--- PASS: TestContainsRegexMeta (0.00s)
=== RUN   TestLoadPolicyManifest
=== RUN   TestLoadPolicyManifest/valid_manifest
=== RUN   TestLoadPolicyManifest/manifest_with_hostAccessEnabled_and_allowHostPorts
=== RUN   TestLoadPolicyManifest/missing_file
=== RUN   TestLoadPolicyManifest/invalid_JSON
--- PASS: TestLoadPolicyManifest (0.00s)
    --- PASS: TestLoadPolicyManifest/valid_manifest (0.00s)
    --- PASS: TestLoadPolicyManifest/manifest_with_hostAccessEnabled_and_allowHostPorts (0.00s)
    --- PASS: TestLoadPolicyManifest/missing_file (0.00s)
    --- PASS: TestLoadPolicyManifest/invalid_JSON (0.00s)
=== RUN   TestParseAuditJSONL
=== RUN   TestParseAuditJSONL/valid_JSONL
=== RUN   TestParseAuditJSONL/empty_lines_skipped
=== RUN   TestParseAuditJSONL/malformed_lines_skipped
=== RUN   TestParseAuditJSONL/missing_file
--- PASS: TestParseAuditJSONL (0.00s)
    --- PASS: TestParseAuditJSONL/valid_JSONL (0.00s)
    --- PASS: TestParseAuditJSONL/empty_lines_skipped (0.00s)
    --- PASS: TestParseAuditJSONL/malformed_lines_skipped (0.00s)
    --- PASS: TestParseAuditJSONL/missing_file (0.00s)
=== RUN   TestEnrichWithPolicyRules
=== RUN   TestEnrichWithPolicyRules/summary_statistics
=== RUN   TestEnrichWithPolicyRules/policy_summary
=== RUN   TestEnrichWithPolicyRules/rule_hits
=== RUN   TestEnrichWithPolicyRules/denied_requests_attributed_to_deny-all_rule
=== RUN   TestEnrichWithPolicyRules/entries_with_empty_host_skipped
=== RUN   TestEnrichWithPolicyRules/error:transaction-end-before-headers_entries_filtered
=== RUN   TestEnrichWithPolicyRules/unattributed-allow_for_allowed_traffic_with_no_matching_rule
=== RUN   TestEnrichWithPolicyRules/unique_domains_case_normalized
--- PASS: TestEnrichWithPolicyRules (0.00s)
    --- PASS: TestEnrichWithPolicyRules/summary_statistics (0.00s)
    --- PASS: TestEnrichWithPolicyRules/policy_summary (0.00s)
    --- PASS: TestEnrichWithPolicyRules/rule_hits (0.00s)
    --- PASS: TestEnrichWithPolicyRules/denied_requests_attributed_to_deny-all_rule (0.00s)
    --- PASS: TestEnrichWithPolicyRules/entries_with_empty_host_skipped (0.00s)
    --- PASS: TestEnrichWithPolicyRules/error:transaction-end-before-headers_entries_filtered (0.00s)
    --- PASS: TestEnrichWithPolicyRules/unattributed-allow_for_allowed_traffic_with_no_matching_rule (0.00s)
    --- PASS: TestEnrichWithPolicyRules/unique_domains_case_normalized (0.00s)
=== RUN   TestDetectFirewallAuditArtifacts
=== RUN   TestDetectFirewallAuditArtifacts/sandbox/firewall/audit_path
=== RUN   TestDetectFirewallAuditArtifacts/agent_artifact_new_structure_(not_yet_flattened)
=== RUN   TestDetectFirewallAuditArtifacts/agent_artifact_old_structure_with_tmp/gh-aw_prefix_(not_yet_flattened)
=== RUN   TestDetectFirewallAuditArtifacts/agent-artifacts_legacy_artifact_name_(not_yet_flattened)
=== RUN   TestDetectFirewallAuditArtifacts/workflow_call_prefixed_agent_artifact_(not_yet_flattened)
=== RUN   TestDetectFirewallAuditArtifacts/firewall-audit-logs_directory
=== RUN   TestDetectFirewallAuditArtifacts/no_artifacts
=== RUN   TestDetectFirewallAuditArtifacts/file_named_'agent'_does_not_panic_or_falsely_match
=== RUN   TestDetectFirewallAuditArtifacts/unreadable_run_directory_returns_error
--- PASS: TestDetectFirewallAuditArtifacts (0.01s)
    --- PASS: TestDetectFirewallAuditArtifacts/sandbox/firewall/audit_path (0.00s)
    --- PASS: TestDetectFirewallAuditArtifacts/agent_artifact_new_structure_(not_yet_flattened) (0.00s)
    --- PASS: TestDetectFirewallAuditArtifacts/agent_artifact_old_structure_with_tmp/gh-aw_prefix_(not_yet_flattened) (0.00s)
    --- PASS: TestDetectFirewallAuditArtifacts/agent-artifacts_legacy_artifact_name_(not_yet_flattened) (0.00s)
    --- PASS: TestDetectFirewallAuditArtifacts/workflow_call_prefixed_agent_artifact_(not_yet_flattened) (0.00s)
    --- PASS: TestDetectFirewallAuditArtifacts/firewall-audit-logs_directory (0.00s)
    --- PASS: TestDetectFirewallAuditArtifacts/no_artifacts (0.00s)
    --- PASS: TestDetectFirewallAuditArtifacts/file_named_'agent'_does_not_panic_or_falsely_match (0.00s)
    --- PASS: TestDetectFirewallAuditArtifacts/unreadable_run_directory_returns_error (0.00s)
=== RUN   TestAnalyzeFirewallPolicy
=== RUN   TestAnalyzeFirewallPolicy/full_enrichment
=== RUN   TestAnalyzeFirewallPolicy/manifest_only_-_no_audit.jsonl
=== RUN   TestAnalyzeFirewallPolicy/no_artifacts_returns_nil
--- PASS: TestAnalyzeFirewallPolicy (0.00s)
    --- PASS: TestAnalyzeFirewallPolicy/full_enrichment (0.00s)
    --- PASS: TestAnalyzeFirewallPolicy/manifest_only_-_no_audit.jsonl (0.00s)
    --- PASS: TestAnalyzeFirewallPolicy/no_artifacts_returns_nil (0.00s)
=== RUN   TestCodemodTypes
--- PASS: TestCodemodTypes (0.00s)
=== RUN   TestCodemodResultType
--- PASS: TestCodemodResultType (0.00s)
=== RUN   TestGetAllCodemods_ReturnsAllCodemods
--- PASS: TestGetAllCodemods_ReturnsAllCodemods (0.00s)
=== RUN   TestGetAllCodemods_ContainsExpectedCodemods
--- PASS: TestGetAllCodemods_ContainsExpectedCodemods (0.00s)
=== RUN   TestGetAllCodemods_NoduplicateIDs
--- PASS: TestGetAllCodemods_NoduplicateIDs (0.00s)
=== RUN   TestGetCodemods_DisablesRequestedCodemods
--- PASS: TestGetCodemods_DisablesRequestedCodemods (0.00s)
=== RUN   TestGetCodemods_UnknownDisabledCodemodReturnsError
--- PASS: TestGetCodemods_UnknownDisabledCodemodReturnsError (0.00s)
=== RUN   TestGetAllCodemods_InExpectedOrder
--- PASS: TestGetAllCodemods_InExpectedOrder (0.00s)
=== RUN   TestProcessWorkflowFileWithInfo_WriteOutputUsesSingleCheckmark
--- PASS: TestProcessWorkflowFileWithInfo_WriteOutputUsesSingleCheckmark (0.00s)
=== RUN   TestFixCommand_TimeoutMinutesMigration
✓ test-workflow.md
    • Migrate timeout_minutes to timeout-minutes
--- PASS: TestFixCommand_TimeoutMinutesMigration (0.00s)
=== RUN   TestFixCommand_NoChangesNeeded
--- PASS: TestFixCommand_NoChangesNeeded (0.00s)
=== RUN   TestFixCommand_NetworkFirewallMigration
✓ test-workflow.md
    • Migrate network.firewall to sandbox.agent
--- PASS: TestFixCommand_NetworkFirewallMigration (0.00s)
=== RUN   TestFixCommand_NetworkFirewallMigrationWithNestedProperties
✓ test-workflow.md
    • Migrate network.firewall to sandbox.agent
--- PASS: TestFixCommand_NetworkFirewallMigrationWithNestedProperties (0.00s)
=== RUN   TestFixCommand_NetworkFirewallMigrationWithCommentsAndEmptyLines
✓ test-workflow.md
    • Migrate network.firewall to sandbox.agent
--- PASS: TestFixCommand_NetworkFirewallMigrationWithCommentsAndEmptyLines (0.00s)
=== RUN   TestFixCommand_PreservesFormatting
✓ test-workflow.md
    • Migrate timeout_minutes to timeout-minutes
--- PASS: TestFixCommand_PreservesFormatting (0.00s)
=== RUN   TestGetAllCodemods
--- PASS: TestGetAllCodemods (0.00s)
=== RUN   TestNewFixCommand_HasDisableCodemodFlag
--- PASS: TestNewFixCommand_HasDisableCodemodFlag (0.00s)
=== RUN   TestRunFix_DisabledCodemodSkipsMatchingFix

ℹ ✓ No fixes needed
--- PASS: TestRunFix_DisabledCodemodSkipsMatchingFix (0.26s)
=== RUN   TestFixCommand_CommandToSlashCommandMigration
✓ test-workflow.md
    • Migrate on.command to on.slash_command
    fix_command_test.go:602: Updated content:
        ---
        on:
          slash_command: my-bot

        permissions:
          contents: read
        ---

        # Test Workflow

        This is a test workflow with slash command.
--- PASS: TestFixCommand_CommandToSlashCommandMigration (0.00s)
=== RUN   TestFixCommand_MCPScriptsModeRemoval
✓ test-workflow.md
    • Remove deprecated mcp-scripts.mode field
    fix_command_test.go:673: Updated content:
        ---
        on: workflow_dispatch
        engine: copilot
        mcp-scripts:
          test-tool:
            description: Test tool
            script: |
              return { result: "test" };
        ---

        # Test Workflow

        This is a test workflow with mcp-scripts mode field.
--- PASS: TestFixCommand_MCPScriptsModeRemoval (0.00s)
=== RUN   TestFixCommand_UpdatesPromptAndAgentFiles

ℹ ✓ No fixes needed
--- PASS: TestFixCommand_UpdatesPromptAndAgentFiles (0.07s)
=== RUN   TestFixCommand_GrepToolRemoval
✓ test-workflow.md
    • Remove deprecated tools.grep field
--- PASS: TestFixCommand_GrepToolRemoval (0.00s)
=== RUN   TestFixCommand_GrepToolRemoval_NoGrep
--- PASS: TestFixCommand_GrepToolRemoval_NoGrep (0.00s)
=== RUN   TestFixCommand_SandboxFalseToAgentFalseMigration
✓ test-workflow.md
    • Convert sandbox: false to sandbox.agent: false
--- PASS: TestFixCommand_SandboxFalseToAgentFalseMigration (0.00s)
=== RUN   TestFixCommand_SandboxFalseToAgentFalseMigration_NoSandbox
--- PASS: TestFixCommand_SandboxFalseToAgentFalseMigration_NoSandbox (0.00s)
=== RUN   TestFixCommand_ScaffoldsSerenaSharedWorkflow
✓ test-workflow.md
    • Migrate tools.serena or engine.tools.serena to shared Serena import
--- PASS: TestFixCommand_ScaffoldsSerenaSharedWorkflow (0.00s)
=== RUN   TestFixWithDirFlag
✓ test.md
    • Migrate timeout_minutes to timeout-minutes

✓ ✓ Fixed 1 of 1 workflow files
--- PASS: TestFixWithDirFlag (0.03s)
=== RUN   TestFixWithDirFlagAndSpecificWorkflow
✓ workflow1.md
    • Migrate timeout_minutes to timeout-minutes

✓ ✓ Fixed 1 of 1 workflow files
--- PASS: TestFixWithDirFlagAndSpecificWorkflow (0.03s)
=== RUN   TestFixDirFlagDefaultBehavior
✓ test.md
    • Migrate timeout_minutes to timeout-minutes
⚠ Warning: Failed to update dispatcher skill: not in a git repository
⚠ Warning: Failed to update agentic workflows custom agent: not in a git repository

✓ ✓ Fixed 1 of 1 workflow files
--- PASS: TestFixDirFlagDefaultBehavior (0.00s)
=== RUN   TestShortFlagConsistency
=== PAUSE TestShortFlagConsistency
=== RUN   TestEngineFlagUsageText
=== PAUSE TestEngineFlagUsageText
=== RUN   TestFormal_P1_FixtureFieldMapping
--- PASS: TestFormal_P1_FixtureFieldMapping (0.00s)
=== RUN   TestFormal_P2_BernoulliSuccess
--- PASS: TestFormal_P2_BernoulliSuccess (0.01s)
=== RUN   TestFormal_P3_ObservedRateFormula
--- PASS: TestFormal_P3_ObservedRateFormula (0.00s)
=== RUN   TestFormal_P4_YieldFormula
--- PASS: TestFormal_P4_YieldFormula (0.00s)
=== RUN   TestFormal_P5_MonteCarloIterations
--- PASS: TestFormal_P5_MonteCarloIterations (0.00s)
=== RUN   TestFormal_P6_ZeroLambdaNilResult
=== RUN   TestFormal_P6_ZeroLambdaNilResult/zero_λ
=== RUN   TestFormal_P6_ZeroLambdaNilResult/negative_λ
=== RUN   TestFormal_P6_ZeroLambdaNilResult/NaN_λ
=== RUN   TestFormal_P6_ZeroLambdaNilResult/+Inf_λ
=== RUN   TestFormal_P6_ZeroLambdaNilResult/-Inf_λ
--- PASS: TestFormal_P6_ZeroLambdaNilResult (0.00s)
    --- PASS: TestFormal_P6_ZeroLambdaNilResult/zero_λ (0.00s)
    --- PASS: TestFormal_P6_ZeroLambdaNilResult/negative_λ (0.00s)
    --- PASS: TestFormal_P6_ZeroLambdaNilResult/NaN_λ (0.00s)
    --- PASS: TestFormal_P6_ZeroLambdaNilResult/+Inf_λ (0.00s)
    --- PASS: TestFormal_P6_ZeroLambdaNilResult/-Inf_λ (0.00s)
=== RUN   TestFormal_P7_ZeroAICExclusion
--- PASS: TestFormal_P7_ZeroAICExclusion (0.00s)
=== RUN   TestFormal_P8_ReliabilityThreshold
--- PASS: TestFormal_P8_ReliabilityThreshold (0.01s)
=== RUN   TestFormal_P9_PoissonBranchCrossover
--- PASS: TestFormal_P9_PoissonBranchCrossover (0.00s)
=== RUN   TestFormal_P10_DurationDerivation
--- PASS: TestFormal_P10_DurationDerivation (0.00s)
=== RUN   TestFormal_P11_FlagValidation_Days
⚠ No agentic workflows found to forecast
⚠ No agentic workflows found to forecast
--- PASS: TestFormal_P11_FlagValidation_Days (0.00s)
=== RUN   TestFormal_P12_FixtureAICGap
--- PASS: TestFormal_P12_FixtureAICGap (0.00s)
=== RUN   TestFormal_P13_FixtureJSONConformance
--- PASS: TestFormal_P13_FixtureJSONConformance (0.00s)
=== RUN   TestPoissonSample
--- PASS: TestPoissonSample (0.01s)
=== RUN   TestPoissonSampleLargeLambda
--- PASS: TestPoissonSampleLargeLambda (0.00s)
=== RUN   TestPoissonSampleEdgeCases
--- PASS: TestPoissonSampleEdgeCases (0.00s)
=== RUN   TestUseNormalApproximationForPoissonThreshold
--- PASS: TestUseNormalApproximationForPoissonThreshold (0.00s)
=== RUN   TestPercentileInt
--- PASS: TestPercentileInt (0.00s)
=== RUN   TestMeanStdDevInt
--- PASS: TestMeanStdDevInt (0.00s)
=== RUN   TestRunMonteCarloNilOnEmpty
--- PASS: TestRunMonteCarloNilOnEmpty (0.00s)
=== RUN   TestRunMonteCarloNonFiniteLambda
=== RUN   TestRunMonteCarloNonFiniteLambda/NaN_lambda
=== RUN   TestRunMonteCarloNonFiniteLambda/+Inf_lambda
=== RUN   TestRunMonteCarloNonFiniteLambda/-Inf_lambda
--- PASS: TestRunMonteCarloNonFiniteLambda (0.00s)
    --- PASS: TestRunMonteCarloNonFiniteLambda/NaN_lambda (0.00s)
    --- PASS: TestRunMonteCarloNonFiniteLambda/+Inf_lambda (0.00s)
    --- PASS: TestRunMonteCarloNonFiniteLambda/-Inf_lambda (0.00s)
=== RUN   TestRunMonteCarloZeroLambdaFallback
=== RUN   TestRunMonteCarloZeroLambdaFallback/zero_observedRunsPerPeriod_returns_nil
=== RUN   TestRunMonteCarloZeroLambdaFallback/negative_observedRunsPerPeriod_returns_nil
=== RUN   TestRunMonteCarloZeroLambdaFallback/empty_observations_returns_nil_regardless_of_lambda
=== RUN   TestRunMonteCarloZeroLambdaFallback/positive_lambda_with_observations_returns_non-nil
--- PASS: TestRunMonteCarloZeroLambdaFallback (0.00s)
    --- PASS: TestRunMonteCarloZeroLambdaFallback/zero_observedRunsPerPeriod_returns_nil (0.00s)
    --- PASS: TestRunMonteCarloZeroLambdaFallback/negative_observedRunsPerPeriod_returns_nil (0.00s)
    --- PASS: TestRunMonteCarloZeroLambdaFallback/empty_observations_returns_nil_regardless_of_lambda (0.00s)
    --- PASS: TestRunMonteCarloZeroLambdaFallback/positive_lambda_with_observations_returns_non-nil (0.00s)
=== RUN   TestRunMonteCarloBasicProperties
--- PASS: TestRunMonteCarloBasicProperties (0.01s)
=== RUN   TestRunMonteCarloZeroSuccessRate
--- PASS: TestRunMonteCarloZeroSuccessRate (0.00s)
=== RUN   TestRunMonteCarloOrderOfMagnitude
--- PASS: TestRunMonteCarloOrderOfMagnitude (0.01s)
=== RUN   TestRunMonteCarloSortedOutputs
--- PASS: TestRunMonteCarloSortedOutputs (0.02s)
=== RUN   TestRunMonteCarloDistributionShape
--- PASS: TestRunMonteCarloDistributionShape (0.01s)
=== RUN   TestGammaSampleMeanVariance
--- PASS: TestGammaSampleMeanVariance (0.01s)
=== RUN   TestGammaSampleSmallShape
--- PASS: TestGammaSampleSmallShape (0.07s)
=== RUN   TestGammaSampleEdgeCases
--- PASS: TestGammaSampleEdgeCases (0.00s)
=== RUN   TestRunMonteCarloIsReliable
--- PASS: TestRunMonteCarloIsReliable (0.01s)
=== RUN   TestRunMonteCarloGammaPoissonWiderCI
--- PASS: TestRunMonteCarloGammaPoissonWiderCI (0.01s)
=== RUN   TestRunMonteCarloFullEpisodePath
--- PASS: TestRunMonteCarloFullEpisodePath (0.00s)
=== RUN   TestResolveForecastWorkflowsFromRemote_RateLimitFallsBackToPartialResults
--- PASS: TestResolveForecastWorkflowsFromRemote_RateLimitFallsBackToPartialResults (0.00s)
=== RUN   TestFormatForecastPercent_NoData
--- PASS: TestFormatForecastPercent_NoData (0.00s)
=== RUN   TestFormatForecastPercent_ZeroPercent
--- PASS: TestFormatForecastPercent_ZeroPercent (0.00s)
=== RUN   TestFormatForecastPercent_NonZero
--- PASS: TestFormatForecastPercent_NonZero (0.00s)
=== RUN   TestFormatForecastPercent_OneHundred
--- PASS: TestFormatForecastPercent_OneHundred (0.00s)
=== RUN   TestFormatForecastAIC_Zero
--- PASS: TestFormatForecastAIC_Zero (0.00s)
=== RUN   TestFormatForecastAIC_SmallInt
--- PASS: TestFormatForecastAIC_SmallInt (0.00s)
=== RUN   TestFormatForecastAIC_Kilo
--- PASS: TestFormatForecastAIC_Kilo (0.00s)
=== RUN   TestFormatForecastAIC_Mega
--- PASS: TestFormatForecastAIC_Mega (0.00s)
=== RUN   TestExtractWorkflowIDFromName
--- PASS: TestExtractWorkflowIDFromName (0.00s)
=== RUN   TestExtractEngineNames
--- PASS: TestExtractEngineNames (0.00s)
=== RUN   TestRunForecast_InvalidPeriod
⚠ forecast is an experimental command and may change without notice
--- PASS: TestRunForecast_InvalidPeriod (0.00s)
=== RUN   TestRunForecast_InvalidDays
⚠ forecast is an experimental command and may change without notice
--- PASS: TestRunForecast_InvalidDays (0.00s)
=== RUN   TestRunForecast_InvalidTimeout
--- PASS: TestRunForecast_InvalidTimeout (0.00s)
=== RUN   TestRunForecast_R_IMPL_040_ExperimentalWarning
--- PASS: TestRunForecast_R_IMPL_040_ExperimentalWarning (0.00s)
=== RUN   TestNewForecastCommand_DaysFlagDocumentsAllowedValues
--- PASS: TestNewForecastCommand_DaysFlagDocumentsAllowedValues (0.00s)
=== RUN   TestNewForecastCommand_TimeoutFlag
--- PASS: TestNewForecastCommand_TimeoutFlag (0.00s)
=== RUN   TestDurationEnrichment
--- PASS: TestDurationEnrichment (0.00s)
=== RUN   TestObservedRunsPerPeriodConsistency
--- PASS: TestObservedRunsPerPeriodConsistency (0.00s)
=== RUN   TestForecastWorkflow_LambdaConsistencyAcrossOutputFormats
--- PASS: TestForecastWorkflow_LambdaConsistencyAcrossOutputFormats (0.01s)
=== RUN   TestForecastRateLimitSleep_ContextCancelled
--- PASS: TestForecastRateLimitSleep_ContextCancelled (0.00s)
=== RUN   TestForecastRateLimitSleep_CompletesWithoutCancellation
--- PASS: TestForecastRateLimitSleep_CompletesWithoutCancellation (0.00s)
=== RUN   TestForecastWorkflow_IgnoresSkippedRuns
--- PASS: TestForecastWorkflow_IgnoresSkippedRuns (0.01s)
=== RUN   TestForecastWorkflow_RequestsCompletedRuns
--- PASS: TestForecastWorkflow_RequestsCompletedRuns (0.00s)
=== RUN   TestForecastWorkflow_ExcludesZeroAICRunsFromComputation
--- PASS: TestForecastWorkflow_ExcludesZeroAICRunsFromComputation (0.00s)
=== RUN   TestRenderForecastTable_ZeroMonteCarloRangeRendersDash
--- PASS: TestRenderForecastTable_ZeroMonteCarloRangeRendersDash (0.00s)
=== RUN   TestLoadCachedRunAIC_UsageArtifactFirst
--- PASS: TestLoadCachedRunAIC_UsageArtifactFirst (0.00s)
=== RUN   TestLoadCachedRunAIC_MissingUsageReturnsZero
--- PASS: TestLoadCachedRunAIC_MissingUsageReturnsZero (0.00s)
=== RUN   TestFormatPreservation
=== RUN   TestFormatPreservation/preserves_comments_and_indentation
=== RUN   TestFormatPreservation/preserves_inline_comments_in_tools_section
=== RUN   TestFormatPreservation/preserves_complex_nested_indentation
=== RUN   TestFormatPreservation/handles_empty_frontmatter
=== RUN   TestFormatPreservation/handles_missing_source
=== RUN   TestFormatPreservation/handles_malformed_YAML_frontmatter
=== RUN   TestFormatPreservation/handles_missing_closing_delimiter
=== RUN   TestFormatPreservation/preserves_unicode_in_comments
=== RUN   TestFormatPreservation/preserves_2-space_indentation
=== RUN   TestFormatPreservation/rejects_tabs_in_indentation
=== RUN   TestFormatPreservation/preserves_trailing_spaces_in_comments
--- PASS: TestFormatPreservation (0.00s)
    --- PASS: TestFormatPreservation/preserves_comments_and_indentation (0.00s)
    --- PASS: TestFormatPreservation/preserves_inline_comments_in_tools_section (0.00s)
    --- PASS: TestFormatPreservation/preserves_complex_nested_indentation (0.00s)
    --- PASS: TestFormatPreservation/handles_empty_frontmatter (0.00s)
    --- PASS: TestFormatPreservation/handles_missing_source (0.00s)
    --- PASS: TestFormatPreservation/handles_malformed_YAML_frontmatter (0.00s)
    --- PASS: TestFormatPreservation/handles_missing_closing_delimiter (0.00s)
    --- PASS: TestFormatPreservation/preserves_unicode_in_comments (0.00s)
    --- PASS: TestFormatPreservation/preserves_2-space_indentation (0.00s)
    --- PASS: TestFormatPreservation/rejects_tabs_in_indentation (0.00s)
    --- PASS: TestFormatPreservation/preserves_trailing_spaces_in_comments (0.00s)
=== RUN   TestFormatPreservationSubtests
=== RUN   TestFormatPreservationSubtests/comments_preserved
=== RUN   TestFormatPreservationSubtests/whitespace_preserved
=== RUN   TestFormatPreservationSubtests/indentation_preserved
=== RUN   TestFormatPreservationSubtests/source_field_added
=== RUN   TestFormatPreservationSubtests/content_structure_preserved
--- PASS: TestFormatPreservationSubtests (0.00s)
    --- PASS: TestFormatPreservationSubtests/comments_preserved (0.00s)
    --- PASS: TestFormatPreservationSubtests/whitespace_preserved (0.00s)
    --- PASS: TestFormatPreservationSubtests/indentation_preserved (0.00s)
    --- PASS: TestFormatPreservationSubtests/source_field_added (0.00s)
    --- PASS: TestFormatPreservationSubtests/content_structure_preserved (0.00s)
=== RUN   TestRemoveFieldFromOnTrigger
=== RUN   TestRemoveFieldFromOnTrigger/remove_stop-after_from_on_trigger
=== RUN   TestRemoveFieldFromOnTrigger/no_stop-after_field_to_remove
=== RUN   TestRemoveFieldFromOnTrigger/on_field_is_a_string_not_a_map
=== RUN   TestRemoveFieldFromOnTrigger/no_on_field_at_all
=== RUN   TestRemoveFieldFromOnTrigger/remove_reaction_field_from_on_trigger
--- PASS: TestRemoveFieldFromOnTrigger (0.00s)
    --- PASS: TestRemoveFieldFromOnTrigger/remove_stop-after_from_on_trigger (0.00s)
    --- PASS: TestRemoveFieldFromOnTrigger/no_stop-after_field_to_remove (0.00s)
    --- PASS: TestRemoveFieldFromOnTrigger/on_field_is_a_string_not_a_map (0.00s)
    --- PASS: TestRemoveFieldFromOnTrigger/no_on_field_at_all (0.00s)
    --- PASS: TestRemoveFieldFromOnTrigger/remove_reaction_field_from_on_trigger (0.00s)
=== RUN   TestSetFieldInOnTrigger
=== RUN   TestSetFieldInOnTrigger/set_stop-after_in_existing_on_trigger
=== RUN   TestSetFieldInOnTrigger/set_stop-after_with_no_on_field
=== RUN   TestSetFieldInOnTrigger/override_existing_stop-after_value
=== RUN   TestSetFieldInOnTrigger/on_field_is_a_string_not_a_map_-_error_case
--- PASS: TestSetFieldInOnTrigger (0.00s)
    --- PASS: TestSetFieldInOnTrigger/set_stop-after_in_existing_on_trigger (0.00s)
    --- PASS: TestSetFieldInOnTrigger/set_stop-after_with_no_on_field (0.00s)
    --- PASS: TestSetFieldInOnTrigger/override_existing_stop-after_value (0.00s)
    --- PASS: TestSetFieldInOnTrigger/on_field_is_a_string_not_a_map_-_error_case (0.00s)
=== RUN   TestFormattingPreservation
=== RUN   TestFormattingPreservation/RemoveFieldFromOnTrigger_preserves_formatting
=== RUN   TestFormattingPreservation/SetFieldInOnTrigger_preserves_formatting
=== RUN   TestFormattingPreservation/UpdateFieldInFrontmatter_preserves_formatting
--- PASS: TestFormattingPreservation (0.00s)
    --- PASS: TestFormattingPreservation/RemoveFieldFromOnTrigger_preserves_formatting (0.00s)
    --- PASS: TestFormattingPreservation/SetFieldInOnTrigger_preserves_formatting (0.00s)
    --- PASS: TestFormattingPreservation/UpdateFieldInFrontmatter_preserves_formatting (0.00s)
=== RUN   TestUpdateFieldInFrontmatterBlockMapping
=== RUN   TestUpdateFieldInFrontmatterBlockMapping/replace_block-mapped_engine_with_scalar_value_removes_child_lines
=== RUN   TestUpdateFieldInFrontmatterBlockMapping/replace_block-mapped_engine_with_deeper_nesting_removes_all_child_lines
=== RUN   TestUpdateFieldInFrontmatterBlockMapping/replace_scalar_engine_still_works_correctly
--- PASS: TestUpdateFieldInFrontmatterBlockMapping (0.00s)
    --- PASS: TestUpdateFieldInFrontmatterBlockMapping/replace_block-mapped_engine_with_scalar_value_removes_child_lines (0.00s)
    --- PASS: TestUpdateFieldInFrontmatterBlockMapping/replace_block-mapped_engine_with_deeper_nesting_removes_all_child_lines (0.00s)
    --- PASS: TestUpdateFieldInFrontmatterBlockMapping/replace_scalar_engine_still_works_correctly (0.00s)
=== RUN   TestRemoveFieldFromOnTriggerEdgeCases
=== RUN   TestRemoveFieldFromOnTriggerEdgeCases/remove_field_that_doesn't_exist
=== RUN   TestRemoveFieldFromOnTriggerEdgeCases/remove_field_from_workflow_without_on_block
=== RUN   TestRemoveFieldFromOnTriggerEdgeCases/field_with_similar_prefix_should_not_match
=== RUN   TestRemoveFieldFromOnTriggerEdgeCases/on_with_inline_value_should_not_be_treated_as_block
=== RUN   TestRemoveFieldFromOnTriggerEdgeCases/multiline_field_value_should_be_fully_removed
=== RUN   TestRemoveFieldFromOnTriggerEdgeCases/inline_comment_with_multiple_colons_should_be_preserved
--- PASS: TestRemoveFieldFromOnTriggerEdgeCases (0.00s)
    --- PASS: TestRemoveFieldFromOnTriggerEdgeCases/remove_field_that_doesn't_exist (0.00s)
    --- PASS: TestRemoveFieldFromOnTriggerEdgeCases/remove_field_from_workflow_without_on_block (0.00s)
    --- PASS: TestRemoveFieldFromOnTriggerEdgeCases/field_with_similar_prefix_should_not_match (0.00s)
    --- PASS: TestRemoveFieldFromOnTriggerEdgeCases/on_with_inline_value_should_not_be_treated_as_block (0.00s)
    --- PASS: TestRemoveFieldFromOnTriggerEdgeCases/multiline_field_value_should_be_fully_removed (0.00s)
    --- PASS: TestRemoveFieldFromOnTriggerEdgeCases/inline_comment_with_multiple_colons_should_be_preserved (0.00s)
=== RUN   TestParseGatewayLogs
=== RUN   TestParseGatewayLogs/valid_gateway_log_with_tool_calls
=== RUN   TestParseGatewayLogs/gateway_log_with_errors
=== RUN   TestParseGatewayLogs/gateway_log_with_multiple_servers
=== RUN   TestParseGatewayLogs/empty_log_file
=== RUN   TestParseGatewayLogs/log_with_invalid_JSON_line
--- PASS: TestParseGatewayLogs (0.01s)
    --- PASS: TestParseGatewayLogs/valid_gateway_log_with_tool_calls (0.00s)
    --- PASS: TestParseGatewayLogs/gateway_log_with_errors (0.00s)
    --- PASS: TestParseGatewayLogs/gateway_log_with_multiple_servers (0.00s)
    --- PASS: TestParseGatewayLogs/empty_log_file (0.00s)
    --- PASS: TestParseGatewayLogs/log_with_invalid_JSON_line (0.01s)
=== RUN   TestParseGatewayLogsFileNotFound
--- PASS: TestParseGatewayLogsFileNotFound (0.00s)
=== RUN   TestGatewayToolMetrics
--- PASS: TestGatewayToolMetrics (0.00s)
=== RUN   TestRenderGatewayMetricsTable
--- PASS: TestRenderGatewayMetricsTable (0.00s)
=== RUN   TestRenderGatewayMetricsTableEmpty
--- PASS: TestRenderGatewayMetricsTableEmpty (0.00s)
=== RUN   TestGatewayTruncateString
=== RUN   TestGatewayTruncateString/string_shorter_than_max
=== RUN   TestGatewayTruncateString/string_equal_to_max
=== RUN   TestGatewayTruncateString/string_longer_than_max
=== RUN   TestGatewayTruncateString/max_length_very_small
--- PASS: TestGatewayTruncateString (0.00s)
    --- PASS: TestGatewayTruncateString/string_shorter_than_max (0.00s)
    --- PASS: TestGatewayTruncateString/string_equal_to_max (0.00s)
    --- PASS: TestGatewayTruncateString/string_longer_than_max (0.00s)
    --- PASS: TestGatewayTruncateString/max_length_very_small (0.00s)
=== RUN   TestProcessGatewayLogEntry
--- PASS: TestProcessGatewayLogEntry (0.00s)
=== RUN   TestProcessGatewayLogEntryDifcFiltered
--- PASS: TestProcessGatewayLogEntryDifcFiltered (0.00s)
=== RUN   TestParseRPCMessagesDifcFiltered
--- PASS: TestParseRPCMessagesDifcFiltered (0.00s)
=== RUN   TestGetSortedServerNames
--- PASS: TestGetSortedServerNames (0.00s)
=== RUN   TestGatewayLogsWithMethodField
--- PASS: TestGatewayLogsWithMethodField (0.00s)
=== RUN   TestGatewayLogsParsingIntegration
--- PASS: TestGatewayLogsParsingIntegration (0.00s)
=== RUN   TestParseGatewayLogsFromMCPLogsSubdirectory
--- PASS: TestParseGatewayLogsFromMCPLogsSubdirectory (0.00s)
=== RUN   TestParseRPCMessages
=== RUN   TestParseRPCMessages/valid_rpc-messages_with_tool_calls
=== RUN   TestParseRPCMessages/rpc-messages_with_error_response
=== RUN   TestParseRPCMessages/rpc-messages_with_multiple_servers
=== RUN   TestParseRPCMessages/rpc-messages_skips_non-tools/call_methods
=== RUN   TestParseRPCMessages/empty_file
--- PASS: TestParseRPCMessages (0.00s)
    --- PASS: TestParseRPCMessages/valid_rpc-messages_with_tool_calls (0.00s)
    --- PASS: TestParseRPCMessages/rpc-messages_with_error_response (0.00s)
    --- PASS: TestParseRPCMessages/rpc-messages_with_multiple_servers (0.00s)
    --- PASS: TestParseRPCMessages/rpc-messages_skips_non-tools/call_methods (0.00s)
    --- PASS: TestParseRPCMessages/empty_file (0.00s)
=== RUN   TestParseGatewayLogsFallsBackToRPCMessages
--- PASS: TestParseGatewayLogsFallsBackToRPCMessages (0.00s)
=== RUN   TestFindRPCMessagesPath
=== RUN   TestFindRPCMessagesPath/rpc-messages_in_mcp-logs_subdirectory
=== RUN   TestFindRPCMessagesPath/rpc-messages_in_root_directory
=== RUN   TestFindRPCMessagesPath/mcp-logs_subdirectory_takes_priority_over_root
=== RUN   TestFindRPCMessagesPath/not_found_returns_empty_string
--- PASS: TestFindRPCMessagesPath (0.00s)
    --- PASS: TestFindRPCMessagesPath/rpc-messages_in_mcp-logs_subdirectory (0.00s)
    --- PASS: TestFindRPCMessagesPath/rpc-messages_in_root_directory (0.00s)
    --- PASS: TestFindRPCMessagesPath/mcp-logs_subdirectory_takes_priority_over_root (0.00s)
    --- PASS: TestFindRPCMessagesPath/not_found_returns_empty_string (0.00s)
=== RUN   TestBuildToolCallsFromRPCMessages
--- PASS: TestBuildToolCallsFromRPCMessages (0.00s)
=== RUN   TestBuildToolCallsFromRPCMessagesNullID
--- PASS: TestBuildToolCallsFromRPCMessagesNullID (0.00s)
=== RUN   TestParseRPCMessagesGuardPolicyErrors
--- PASS: TestParseRPCMessagesGuardPolicyErrors (0.00s)
=== RUN   TestParseRPCMessagesGuardPolicyWithoutData
--- PASS: TestParseRPCMessagesGuardPolicyWithoutData (0.00s)
=== RUN   TestIsGuardPolicyErrorCode
--- PASS: TestIsGuardPolicyErrorCode (0.00s)
=== RUN   TestGuardPolicyReasonFromCode
--- PASS: TestGuardPolicyReasonFromCode (0.00s)
=== RUN   TestProcessGatewayLogEntryGuardPolicyBlocked
--- PASS: TestProcessGatewayLogEntryGuardPolicyBlocked (0.00s)
=== RUN   TestBuildGuardPolicySummary
--- PASS: TestBuildGuardPolicySummary (0.00s)
=== RUN   TestExtractMCPToolUsageDataWithGuardPolicy
--- PASS: TestExtractMCPToolUsageDataWithGuardPolicy (0.00s)
=== RUN   TestExtractToolCallsStatusInference
=== RUN   TestExtractToolCallsStatusInference/explicit_status_success
=== RUN   TestExtractToolCallsStatusInference/explicit_status_error_with_error_field
=== RUN   TestExtractToolCallsStatusInference/no_status_field,_level_info_—_infer_success
=== RUN   TestExtractToolCallsStatusInference/no_status_field,_level_error_—_infer_error
=== RUN   TestExtractToolCallsStatusInference/no_status_field,_non-empty_error_field_—_infer_error
--- PASS: TestExtractToolCallsStatusInference (0.01s)
    --- PASS: TestExtractToolCallsStatusInference/explicit_status_success (0.00s)
    --- PASS: TestExtractToolCallsStatusInference/explicit_status_error_with_error_field (0.00s)
    --- PASS: TestExtractToolCallsStatusInference/no_status_field,_level_info_—_infer_success (0.00s)
    --- PASS: TestExtractToolCallsStatusInference/no_status_field,_level_error_—_infer_error (0.00s)
    --- PASS: TestExtractToolCallsStatusInference/no_status_field,_non-empty_error_field_—_infer_error (0.01s)
=== RUN   TestProcessGatewayLogEntryLevelErrorCounting
--- PASS: TestProcessGatewayLogEntryLevelErrorCounting (0.00s)
=== RUN   TestUnifiedTimelineEvent_Fields
--- PASS: TestUnifiedTimelineEvent_Fields (0.00s)
=== RUN   TestParseEventsJSONL_BasicTypes
--- PASS: TestParseEventsJSONL_BasicTypes (0.00s)
=== RUN   TestParseEventsJSONL_MalformedLinesSkipped
--- PASS: TestParseEventsJSONL_MalformedLinesSkipped (0.00s)
=== RUN   TestAgentEntryToTimelineEvent_UserMessage
--- PASS: TestAgentEntryToTimelineEvent_UserMessage (0.00s)
=== RUN   TestAgentEntryToTimelineEvent_ToolStart
--- PASS: TestAgentEntryToTimelineEvent_ToolStart (0.00s)
=== RUN   TestAgentEntryToTimelineEvent_ToolDoneSuccess
--- PASS: TestAgentEntryToTimelineEvent_ToolDoneSuccess (0.00s)
=== RUN   TestAgentEntryToTimelineEvent_ToolDoneError
--- PASS: TestAgentEntryToTimelineEvent_ToolDoneError (0.00s)
=== RUN   TestAgentEntryToTimelineEvent_SessionStartSkipped
--- PASS: TestAgentEntryToTimelineEvent_SessionStartSkipped (0.00s)
=== RUN   TestAgentEntryToTimelineEvent_BadTimestamp
--- PASS: TestAgentEntryToTimelineEvent_BadTimestamp (0.00s)
=== RUN   TestAgentEntryToTimelineEvent_UserMessage_WithContent
--- PASS: TestAgentEntryToTimelineEvent_UserMessage_WithContent (0.00s)
=== RUN   TestAgentEntryToTimelineEvent_AssistantMessage
--- PASS: TestAgentEntryToTimelineEvent_AssistantMessage (0.00s)
=== RUN   TestAgentEntryToTimelineEvent_Reasoning
=== RUN   TestAgentEntryToTimelineEvent_Reasoning/reasoning
=== RUN   TestAgentEntryToTimelineEvent_Reasoning/assistant.reasoning
--- PASS: TestAgentEntryToTimelineEvent_Reasoning (0.00s)
    --- PASS: TestAgentEntryToTimelineEvent_Reasoning/reasoning (0.00s)
    --- PASS: TestAgentEntryToTimelineEvent_Reasoning/assistant.reasoning (0.00s)
=== RUN   TestCollectAgentTimelineEvents_ReturnsNilWhenMissing
--- PASS: TestCollectAgentTimelineEvents_ReturnsNilWhenMissing (0.00s)
=== RUN   TestCollectAgentTimelineEvents_ReadsCanonicalPath
--- PASS: TestCollectAgentTimelineEvents_ReadsCanonicalPath (0.00s)
=== RUN   TestBuildUnifiedTimeline_EmptyDir
--- PASS: TestBuildUnifiedTimeline_EmptyDir (0.00s)
=== RUN   TestBuildUnifiedTimeline_SortsMixedSources
--- PASS: TestBuildUnifiedTimeline_SortsMixedSources (0.00s)
=== RUN   TestRenderUnifiedTimeline_Empty
--- PASS: TestRenderUnifiedTimeline_Empty (0.00s)
=== RUN   TestRenderUnifiedTimeline_AllSources
--- PASS: TestRenderUnifiedTimeline_AllSources (0.00s)
=== RUN   TestRenderUnifiedTimeline_AgentCountsInSummary
--- PASS: TestRenderUnifiedTimeline_AgentCountsInSummary (0.00s)
=== RUN   TestRenderAgentTurnRow
--- PASS: TestRenderAgentTurnRow (0.00s)
=== RUN   TestRenderAgentToolStartRow_WithServer
--- PASS: TestRenderAgentToolStartRow_WithServer (0.00s)
=== RUN   TestRenderAgentToolStartRow_WithoutServer
--- PASS: TestRenderAgentToolStartRow_WithoutServer (0.00s)
=== RUN   TestRenderAgentToolDoneRow_StatusFromField
--- PASS: TestRenderAgentToolDoneRow_StatusFromField (0.00s)
=== RUN   TestRenderAgentToolDoneRow_StatusFromSuccessFlag
--- PASS: TestRenderAgentToolDoneRow_StatusFromSuccessFlag (0.00s)
=== RUN   TestTimelineEventIcon_AllKinds
--- PASS: TestTimelineEventIcon_AllKinds (0.00s)
=== RUN   TestTimelineSourceLabel_Agent
--- PASS: TestTimelineSourceLabel_Agent (0.00s)
=== RUN   TestRenderMessageSnippet_Empty
--- PASS: TestRenderMessageSnippet_Empty (0.00s)
=== RUN   TestRenderMessageSnippet_SingleLine
--- PASS: TestRenderMessageSnippet_SingleLine (0.00s)
=== RUN   TestRenderMessageSnippet_TruncatesAfterMaxLines
--- PASS: TestRenderMessageSnippet_TruncatesAfterMaxLines (0.00s)
=== RUN   TestRenderMessageSnippet_SkipsBlankLines
--- PASS: TestRenderMessageSnippet_SkipsBlankLines (0.00s)
=== RUN   TestSteeringEntryToTimelineEvent_TokenWarning
--- PASS: TestSteeringEntryToTimelineEvent_TokenWarning (0.00s)
=== RUN   TestSteeringEntryToTimelineEvent_TimeoutWarning
--- PASS: TestSteeringEntryToTimelineEvent_TimeoutWarning (0.00s)
=== RUN   TestSteeringEntryToTimelineEvent_WithTimestamp
--- PASS: TestSteeringEntryToTimelineEvent_WithTimestamp (0.00s)
=== RUN   TestSteeringEntryToTimelineEvent_WithoutTimestamp
--- PASS: TestSteeringEntryToTimelineEvent_WithoutTimestamp (0.00s)
=== RUN   TestSteeringEntryToTimelineEvent_NonSteering
--- PASS: TestSteeringEntryToTimelineEvent_NonSteering (0.00s)
=== RUN   TestSteeringEntryToTimelineEvent_WrongMessagePrefix
--- PASS: TestSteeringEntryToTimelineEvent_WrongMessagePrefix (0.00s)
=== RUN   TestSteeringEntryToTimelineEvent_CamelCaseEventName
--- PASS: TestSteeringEntryToTimelineEvent_CamelCaseEventName (0.00s)
=== RUN   TestSteeringEntryToTimelineEvent_TypeField
--- PASS: TestSteeringEntryToTimelineEvent_TypeField (0.00s)
=== RUN   TestCollectSteeringTimelineEvents_EmptyDir
--- PASS: TestCollectSteeringTimelineEvents_EmptyDir (0.00s)
=== RUN   TestCollectSteeringTimelineEvents_ReadsProxyEvents
--- PASS: TestCollectSteeringTimelineEvents_ReadsProxyEvents (0.00s)
=== RUN   TestCollectSteeringTimelineEvents_WithTimestamps
--- PASS: TestCollectSteeringTimelineEvents_WithTimestamps (0.00s)
=== RUN   TestBuildUnifiedTimeline_IncludesSteeringEvents
--- PASS: TestBuildUnifiedTimeline_IncludesSteeringEvents (0.00s)
=== RUN   TestRenderSteeringRow_TokenWarning
--- PASS: TestRenderSteeringRow_TokenWarning (0.00s)
=== RUN   TestRenderSteeringRow_TimeWarning
--- PASS: TestRenderSteeringRow_TimeWarning (0.00s)
=== RUN   TestRenderUnifiedTimeline_SteeringInSummary
--- PASS: TestRenderUnifiedTimeline_SteeringInSummary (0.00s)
=== RUN   TestRenderUnifiedTimelineStream_SteeringEvent
--- PASS: TestRenderUnifiedTimelineStream_SteeringEvent (0.00s)
=== RUN   TestGenerateActionMetadataCommand_NoJsDir
ℹ 🔍 Generating actions for 5 JavaScript modules...
⚠ ⚠ Skipping noop.cjs: open pkg/workflow/js/noop.cjs: no such file or directory
⚠ ⚠ Skipping minimize_comment.cjs: open pkg/workflow/js/minimize_comment.cjs: no such file or directory
⚠ ⚠ Skipping close_issue.cjs: open pkg/workflow/js/close_issue.cjs: no such file or directory
⚠ ⚠ Skipping close_pull_request.cjs: open pkg/workflow/js/close_pull_request.cjs: no such file or directory
⚠ ⚠ Skipping close_discussion.cjs: open pkg/workflow/js/close_discussion.cjs: no such file or directory
--- PASS: TestGenerateActionMetadataCommand_NoJsDir (0.00s)
=== RUN   TestExtractActionMetadata
=== RUN   TestExtractActionMetadata/simple_noop_action
=== RUN   TestExtractActionMetadata/action_with_inputs
=== RUN   TestExtractActionMetadata/action_without_description
--- PASS: TestExtractActionMetadata (0.00s)
    --- PASS: TestExtractActionMetadata/simple_noop_action (0.00s)
    --- PASS: TestExtractActionMetadata/action_with_inputs (0.00s)
    --- PASS: TestExtractActionMetadata/action_without_description (0.00s)
=== RUN   TestExtractDescription
=== RUN   TestExtractDescription/JSDoc_comment_with_description
=== RUN   TestExtractDescription/no_JSDoc_comment
=== RUN   TestExtractDescription/JSDoc_without_description_tag
--- PASS: TestExtractDescription (0.00s)
    --- PASS: TestExtractDescription/JSDoc_comment_with_description (0.00s)
    --- PASS: TestExtractDescription/no_JSDoc_comment (0.00s)
    --- PASS: TestExtractDescription/JSDoc_without_description_tag (0.00s)
=== RUN   TestGenerateHumanReadableName
=== RUN   TestGenerateHumanReadableName/simple_name
=== RUN   TestGenerateHumanReadableName/snake_case_name
=== RUN   TestGenerateHumanReadableName/multiple_underscores
--- PASS: TestGenerateHumanReadableName (0.00s)
    --- PASS: TestGenerateHumanReadableName/simple_name (0.00s)
    --- PASS: TestGenerateHumanReadableName/snake_case_name (0.00s)
    --- PASS: TestGenerateHumanReadableName/multiple_underscores (0.00s)
=== RUN   TestExtractInputs
=== RUN   TestExtractInputs/action_with_inputs
=== RUN   TestExtractInputs/action_without_inputs
--- PASS: TestExtractInputs (0.00s)
    --- PASS: TestExtractInputs/action_with_inputs (0.00s)
    --- PASS: TestExtractInputs/action_without_inputs (0.00s)
=== RUN   TestExtractOutputs
=== RUN   TestExtractOutputs/action_with_outputs
=== RUN   TestExtractOutputs/action_without_outputs
--- PASS: TestExtractOutputs (0.00s)
    --- PASS: TestExtractOutputs/action_with_outputs (0.00s)
    --- PASS: TestExtractOutputs/action_without_outputs (0.00s)
=== RUN   TestExtractDependencies
=== RUN   TestExtractDependencies/action_with_require_statements
=== RUN   TestExtractDependencies/action_without_dependencies
--- PASS: TestExtractDependencies (0.00s)
    --- PASS: TestExtractDependencies/action_with_require_statements (0.00s)
    --- PASS: TestExtractDependencies/action_without_dependencies (0.00s)
=== RUN   TestGenerateActionYml
=== RUN   TestGenerateActionYml/simple_action
=== RUN   TestGenerateActionYml/action_with_inputs_and_outputs
--- PASS: TestGenerateActionYml (0.00s)
    --- PASS: TestGenerateActionYml/simple_action (0.00s)
    --- PASS: TestGenerateActionYml/action_with_inputs_and_outputs (0.00s)
=== RUN   TestGenerateReadme
=== RUN   TestGenerateReadme/simple_action
--- PASS: TestGenerateReadme (0.00s)
    --- PASS: TestGenerateReadme/simple_action (0.00s)
=== RUN   TestGHPRListAuthorFlag
=== RUN   TestGHPRListAuthorFlag/with_@_prefix
    gh_pr_list_test.go:50: Testing: gh pr list --author "@copilot" should work (@ prefix like @me)
    gh_pr_list_test.go:51: Author value: @copilot
=== RUN   TestGHPRListAuthorFlag/without_@_prefix,_lowercase
    gh_pr_list_test.go:50: Testing: gh pr list --author "copilot" should work (username)
    gh_pr_list_test.go:51: Author value: copilot
=== RUN   TestGHPRListAuthorFlag/without_@_prefix,_capitalized
    gh_pr_list_test.go:50: Testing: gh pr list --author "Copilot" should work (matches bot login)
    gh_pr_list_test.go:51: Author value: Copilot
=== RUN   TestGHPRListAuthorFlag/special_@me_value
    gh_pr_list_test.go:50: Testing: gh pr list --author "@me" should work (documented syntax)
    gh_pr_list_test.go:51: Author value: @me
--- PASS: TestGHPRListAuthorFlag (0.00s)
    --- PASS: TestGHPRListAuthorFlag/with_@_prefix (0.00s)
    --- PASS: TestGHPRListAuthorFlag/without_@_prefix,_lowercase (0.00s)
    --- PASS: TestGHPRListAuthorFlag/without_@_prefix,_capitalized (0.00s)
    --- PASS: TestGHPRListAuthorFlag/special_@me_value (0.00s)
=== RUN   TestGHPRListVsGHSearchPRs
=== RUN   TestGHPRListVsGHSearchPRs/gh_pr_list_approach
    gh_pr_list_test.go:64: gh pr list --author performs client-side filtering
    gh_pr_list_test.go:65: Limit: 100 results max
    gh_pr_list_test.go:66: Best for: Small repos or recent PRs only
=== RUN   TestGHPRListVsGHSearchPRs/gh_search_prs_approach
    gh_pr_list_test.go:74: gh search prs performs server-side date filtering
    gh_pr_list_test.go:75: Limit: 1000 results max
    gh_pr_list_test.go:76: Best for: Production workflows with large repos
    gh_pr_list_test.go:77: Current workflow uses this approach
--- PASS: TestGHPRListVsGHSearchPRs (0.00s)
    --- PASS: TestGHPRListVsGHSearchPRs/gh_pr_list_approach (0.00s)
    --- PASS: TestGHPRListVsGHSearchPRs/gh_search_prs_approach (0.00s)
=== RUN   TestParseGitHubRepoSlugFromURL
=== RUN   TestParseGitHubRepoSlugFromURL/HTTPS_URL_with_.git
=== RUN   TestParseGitHubRepoSlugFromURL/HTTPS_URL_without_.git
=== RUN   TestParseGitHubRepoSlugFromURL/SSH_URL_with_.git
=== RUN   TestParseGitHubRepoSlugFromURL/SSH_URL_without_.git
=== RUN   TestParseGitHubRepoSlugFromURL/SSH_URL_scheme_with_.git
=== RUN   TestParseGitHubRepoSlugFromURL/SSH_URL_scheme_without_.git
=== RUN   TestParseGitHubRepoSlugFromURL/SSH_URL_scheme_without_user_info
=== RUN   TestParseGitHubRepoSlugFromURL/Invalid_URL
=== RUN   TestParseGitHubRepoSlugFromURL/Empty_URL
=== RUN   TestParseGitHubRepoSlugFromURL/URL_with_subdirectory
--- PASS: TestParseGitHubRepoSlugFromURL (0.00s)
    --- PASS: TestParseGitHubRepoSlugFromURL/HTTPS_URL_with_.git (0.00s)
    --- PASS: TestParseGitHubRepoSlugFromURL/HTTPS_URL_without_.git (0.00s)
    --- PASS: TestParseGitHubRepoSlugFromURL/SSH_URL_with_.git (0.00s)
    --- PASS: TestParseGitHubRepoSlugFromURL/SSH_URL_without_.git (0.00s)
    --- PASS: TestParseGitHubRepoSlugFromURL/SSH_URL_scheme_with_.git (0.00s)
    --- PASS: TestParseGitHubRepoSlugFromURL/SSH_URL_scheme_without_.git (0.00s)
    --- PASS: TestParseGitHubRepoSlugFromURL/SSH_URL_scheme_without_user_info (0.00s)
    --- PASS: TestParseGitHubRepoSlugFromURL/Invalid_URL (0.00s)
    --- PASS: TestParseGitHubRepoSlugFromURL/Empty_URL (0.00s)
    --- PASS: TestParseGitHubRepoSlugFromURL/URL_with_subdirectory (0.00s)
=== RUN   TestGetRepositorySlugFromRemote
    git_helpers_test.go:85: Repository slug: T-ahamed2/gh-aw
--- PASS: TestGetRepositorySlugFromRemote (0.00s)
=== RUN   TestFindGitRootForPath
    git_helpers_test.go:103: Git root: /app
--- PASS: TestFindGitRootForPath (0.00s)
=== RUN   TestGetRepositorySlugFromRemoteForPath
    git_helpers_test.go:113: Repository slug for path: T-ahamed2/gh-aw
--- PASS: TestGetRepositorySlugFromRemoteForPath (0.01s)
=== RUN   TestGetCurrentBranch
--- PASS: TestGetCurrentBranch (0.03s)
=== RUN   TestGetCurrentBranchNotInRepo
--- PASS: TestGetCurrentBranchNotInRepo (0.00s)
=== RUN   TestCreateAndSwitchBranch
--- PASS: TestCreateAndSwitchBranch (0.05s)
=== RUN   TestSwitchBranch
--- PASS: TestSwitchBranch (0.05s)
=== RUN   TestCommitChanges
--- PASS: TestCommitChanges (0.04s)
=== RUN   TestPushBranchNotImplemented
--- PASS: TestPushBranchNotImplemented (0.01s)
=== RUN   TestCheckWorkflowFileStatus
=== RUN   TestCheckWorkflowFileStatus/file_not_tracked
=== RUN   TestCheckWorkflowFileStatus/clean_file
=== RUN   TestCheckWorkflowFileStatus/modified_file
=== RUN   TestCheckWorkflowFileStatus/staged_file
=== RUN   TestCheckWorkflowFileStatus/staged_and_modified
--- PASS: TestCheckWorkflowFileStatus (0.10s)
    --- PASS: TestCheckWorkflowFileStatus/file_not_tracked (0.01s)
    --- PASS: TestCheckWorkflowFileStatus/clean_file (0.01s)
    --- PASS: TestCheckWorkflowFileStatus/modified_file (0.01s)
    --- PASS: TestCheckWorkflowFileStatus/staged_file (0.02s)
    --- PASS: TestCheckWorkflowFileStatus/staged_and_modified (0.02s)
=== RUN   TestCheckWorkflowFileStatusNotInRepo
--- PASS: TestCheckWorkflowFileStatusNotInRepo (0.00s)
=== RUN   TestExtractHostFromRemoteURL
=== RUN   TestExtractHostFromRemoteURL/HTTPS_with_embedded_username_(Windows-style)
=== RUN   TestExtractHostFromRemoteURL/HTTPS_with_embedded_username_on_GHES
=== RUN   TestExtractHostFromRemoteURL/HTTP_with_embedded_username
=== RUN   TestExtractHostFromRemoteURL/HTTPS_with_embedded_username_and_password
=== RUN   TestExtractHostFromRemoteURL/public_GitHub_HTTPS
=== RUN   TestExtractHostFromRemoteURL/public_GitHub_SSH_scp-like
=== RUN   TestExtractHostFromRemoteURL/GHES_HTTPS
=== RUN   TestExtractHostFromRemoteURL/GHES_SSH_scp-like
=== RUN   TestExtractHostFromRemoteURL/GHES_HTTPS_without_.git_suffix
=== RUN   TestExtractHostFromRemoteURL/SSH_URL_format_with_user
=== RUN   TestExtractHostFromRemoteURL/SSH_URL_format_without_user
=== RUN   TestExtractHostFromRemoteURL/HTTP_URL
=== RUN   TestExtractHostFromRemoteURL/empty_URL_defaults_to_github.com
=== RUN   TestExtractHostFromRemoteURL/unrecognized_URL_defaults_to_github.com
=== RUN   TestExtractHostFromRemoteURL/GHES_with_port
--- PASS: TestExtractHostFromRemoteURL (0.00s)
    --- PASS: TestExtractHostFromRemoteURL/HTTPS_with_embedded_username_(Windows-style) (0.00s)
    --- PASS: TestExtractHostFromRemoteURL/HTTPS_with_embedded_username_on_GHES (0.00s)
    --- PASS: TestExtractHostFromRemoteURL/HTTP_with_embedded_username (0.00s)
    --- PASS: TestExtractHostFromRemoteURL/HTTPS_with_embedded_username_and_password (0.00s)
    --- PASS: TestExtractHostFromRemoteURL/public_GitHub_HTTPS (0.00s)
    --- PASS: TestExtractHostFromRemoteURL/public_GitHub_SSH_scp-like (0.00s)
    --- PASS: TestExtractHostFromRemoteURL/GHES_HTTPS (0.00s)
    --- PASS: TestExtractHostFromRemoteURL/GHES_SSH_scp-like (0.00s)
    --- PASS: TestExtractHostFromRemoteURL/GHES_HTTPS_without_.git_suffix (0.00s)
    --- PASS: TestExtractHostFromRemoteURL/SSH_URL_format_with_user (0.00s)
    --- PASS: TestExtractHostFromRemoteURL/SSH_URL_format_without_user (0.00s)
    --- PASS: TestExtractHostFromRemoteURL/HTTP_URL (0.00s)
    --- PASS: TestExtractHostFromRemoteURL/empty_URL_defaults_to_github.com (0.00s)
    --- PASS: TestExtractHostFromRemoteURL/unrecognized_URL_defaults_to_github.com (0.00s)
    --- PASS: TestExtractHostFromRemoteURL/GHES_with_port (0.00s)
=== RUN   TestGetHostFromOriginRemote
=== RUN   TestGetHostFromOriginRemote/no_remote_defaults_to_github.com
=== RUN   TestGetHostFromOriginRemote/public_GitHub_remote
=== RUN   TestGetHostFromOriginRemote/GHES_remote
=== RUN   TestGetHostFromOriginRemote/non-origin_single_remote_falls_back_to_that_remote
=== RUN   TestGetHostFromOriginRemote/multiple_remotes_without_origin_defaults_to_github.com
--- PASS: TestGetHostFromOriginRemote (0.07s)
    --- PASS: TestGetHostFromOriginRemote/no_remote_defaults_to_github.com (0.01s)
    --- PASS: TestGetHostFromOriginRemote/public_GitHub_remote (0.01s)
    --- PASS: TestGetHostFromOriginRemote/GHES_remote (0.01s)
    --- PASS: TestGetHostFromOriginRemote/non-origin_single_remote_falls_back_to_that_remote (0.02s)
    --- PASS: TestGetHostFromOriginRemote/multiple_remotes_without_origin_defaults_to_github.com (0.03s)
=== RUN   TestResolveRemoteURL
=== RUN   TestResolveRemoteURL/no_remotes_returns_error
=== RUN   TestResolveRemoteURL/origin_remote_is_used_when_present
=== RUN   TestResolveRemoteURL/single_non-origin_remote_is_used_as_fallback
=== RUN   TestResolveRemoteURL/multiple_non-origin_remotes_returns_error
=== RUN   TestResolveRemoteURL/origin_takes_precedence_when_multiple_remotes_exist
--- PASS: TestResolveRemoteURL (0.08s)
    --- PASS: TestResolveRemoteURL/no_remotes_returns_error (0.01s)
    --- PASS: TestResolveRemoteURL/origin_remote_is_used_when_present (0.01s)
    --- PASS: TestResolveRemoteURL/single_non-origin_remote_is_used_as_fallback (0.02s)
    --- PASS: TestResolveRemoteURL/multiple_non-origin_remotes_returns_error (0.02s)
    --- PASS: TestResolveRemoteURL/origin_takes_precedence_when_multiple_remotes_exist (0.02s)
=== RUN   TestGetRepositorySlugFromRemotePreferringUpstream
=== RUN   TestGetRepositorySlugFromRemotePreferringUpstream/prefers_upstream_when_both_origin_and_upstream_exist
=== RUN   TestGetRepositorySlugFromRemotePreferringUpstream/falls_back_to_origin_when_upstream_missing
=== RUN   TestGetRepositorySlugFromRemotePreferringUpstream/falls_back_to_origin_when_upstream_is_unparsable
--- PASS: TestGetRepositorySlugFromRemotePreferringUpstream (0.07s)
    --- PASS: TestGetRepositorySlugFromRemotePreferringUpstream/prefers_upstream_when_both_origin_and_upstream_exist (0.02s)
    --- PASS: TestGetRepositorySlugFromRemotePreferringUpstream/falls_back_to_origin_when_upstream_missing (0.01s)
    --- PASS: TestGetRepositorySlugFromRemotePreferringUpstream/falls_back_to_origin_when_upstream_is_unparsable (0.03s)
=== RUN   TestGetRepositorySlugFromRemoteForPathPreferringUpstream
=== RUN   TestGetRepositorySlugFromRemoteForPathPreferringUpstream/prefers_upstream_for_path-based_resolution
--- PASS: TestGetRepositorySlugFromRemoteForPathPreferringUpstream (0.03s)
    --- PASS: TestGetRepositorySlugFromRemoteForPathPreferringUpstream/prefers_upstream_for_path-based_resolution (0.03s)
=== RUN   TestGetRepositorySlugFromRemoteFallback
=== RUN   TestGetRepositorySlugFromRemoteFallback/single_non-origin_remote_provides_repo_slug
=== RUN   TestGetRepositorySlugFromRemoteFallback/multiple_non-origin_remotes_returns_empty_slug
--- PASS: TestGetRepositorySlugFromRemoteFallback (0.05s)
    --- PASS: TestGetRepositorySlugFromRemoteFallback/single_non-origin_remote_provides_repo_slug (0.02s)
    --- PASS: TestGetRepositorySlugFromRemoteFallback/multiple_non-origin_remotes_returns_empty_slug (0.02s)
=== RUN   TestEnsureGitAttributes
=== RUN   TestEnsureGitAttributes/creates_new_gitattributes_file
=== RUN   TestEnsureGitAttributes/adds_entry_to_existing_file
=== RUN   TestEnsureGitAttributes/does_not_duplicate_existing_entry
=== RUN   TestEnsureGitAttributes/does_not_duplicate_entry_with_different_order
=== RUN   TestEnsureGitAttributes/updates_old_format_entry
--- PASS: TestEnsureGitAttributes (0.01s)
    --- PASS: TestEnsureGitAttributes/creates_new_gitattributes_file (0.00s)
    --- PASS: TestEnsureGitAttributes/adds_entry_to_existing_file (0.00s)
    --- PASS: TestEnsureGitAttributes/does_not_duplicate_existing_entry (0.00s)
    --- PASS: TestEnsureGitAttributes/does_not_duplicate_entry_with_different_order (0.00s)
    --- PASS: TestEnsureGitAttributes/updates_old_format_entry (0.00s)
=== RUN   TestEnsureGitAttributesNotInGitRepo
--- PASS: TestEnsureGitAttributesNotInGitRepo (0.00s)
=== RUN   TestGetGitHubHost
=== RUN   TestGetGitHubHost/defaults_to_github.com
=== RUN   TestGetGitHubHost/uses_GITHUB_SERVER_URL_when_set
=== RUN   TestGetGitHubHost/uses_GITHUB_ENTERPRISE_HOST_when_GITHUB_SERVER_URL_not_set
=== RUN   TestGetGitHubHost/uses_GITHUB_HOST_when_GITHUB_SERVER_URL_and_GITHUB_ENTERPRISE_HOST_not_set
=== RUN   TestGetGitHubHost/uses_GH_HOST_when_other_vars_not_set
=== RUN   TestGetGitHubHost/GITHUB_SERVER_URL_takes_precedence_over_all_others
=== RUN   TestGetGitHubHost/GITHUB_ENTERPRISE_HOST_takes_precedence_over_GITHUB_HOST_and_GH_HOST
=== RUN   TestGetGitHubHost/GITHUB_HOST_takes_precedence_over_GH_HOST
=== RUN   TestGetGitHubHost/removes_trailing_slash_from_GITHUB_SERVER_URL
=== RUN   TestGetGitHubHost/removes_trailing_slash_from_GITHUB_ENTERPRISE_HOST
=== RUN   TestGetGitHubHost/removes_trailing_slash_from_GH_HOST
=== RUN   TestGetGitHubHost/adds_https://_prefix_to_GITHUB_ENTERPRISE_HOST
=== RUN   TestGetGitHubHost/adds_https://_prefix_to_GITHUB_HOST
=== RUN   TestGetGitHubHost/adds_https://_prefix_to_GH_HOST
--- PASS: TestGetGitHubHost (0.00s)
    --- PASS: TestGetGitHubHost/defaults_to_github.com (0.00s)
    --- PASS: TestGetGitHubHost/uses_GITHUB_SERVER_URL_when_set (0.00s)
    --- PASS: TestGetGitHubHost/uses_GITHUB_ENTERPRISE_HOST_when_GITHUB_SERVER_URL_not_set (0.00s)
    --- PASS: TestGetGitHubHost/uses_GITHUB_HOST_when_GITHUB_SERVER_URL_and_GITHUB_ENTERPRISE_HOST_not_set (0.00s)
    --- PASS: TestGetGitHubHost/uses_GH_HOST_when_other_vars_not_set (0.00s)
    --- PASS: TestGetGitHubHost/GITHUB_SERVER_URL_takes_precedence_over_all_others (0.00s)
    --- PASS: TestGetGitHubHost/GITHUB_ENTERPRISE_HOST_takes_precedence_over_GITHUB_HOST_and_GH_HOST (0.00s)
    --- PASS: TestGetGitHubHost/GITHUB_HOST_takes_precedence_over_GH_HOST (0.00s)
    --- PASS: TestGetGitHubHost/removes_trailing_slash_from_GITHUB_SERVER_URL (0.00s)
    --- PASS: TestGetGitHubHost/removes_trailing_slash_from_GITHUB_ENTERPRISE_HOST (0.00s)
    --- PASS: TestGetGitHubHost/removes_trailing_slash_from_GH_HOST (0.00s)
    --- PASS: TestGetGitHubHost/adds_https://_prefix_to_GITHUB_ENTERPRISE_HOST (0.00s)
    --- PASS: TestGetGitHubHost/adds_https://_prefix_to_GITHUB_HOST (0.00s)
    --- PASS: TestGetGitHubHost/adds_https://_prefix_to_GH_HOST (0.00s)
=== RUN   TestGetGitHubHostForRepo
=== RUN   TestGetGitHubHostForRepo/non-allowlisted_repo_uses_configured_public_host
=== RUN   TestGetGitHubHostForRepo/non-allowlisted_repo_uses_GHE_host
=== RUN   TestGetGitHubHostForRepo/github/gh-aw_always_uses_public_GitHub
=== RUN   TestGetGitHubHostForRepo/github/gh-aw_with_path_always_uses_public_GitHub
=== RUN   TestGetGitHubHostForRepo/githubnext/agentics_always_uses_public_GitHub
=== RUN   TestGetGitHubHostForRepo/githubnext/agentics_with_path_always_uses_public_GitHub
=== RUN   TestGetGitHubHostForRepo/githubnext/agentics_without_GHE_host_uses_public_GitHub
=== RUN   TestGetGitHubHostForRepo/github_org_repository_always_uses_public_GitHub
=== RUN   TestGetGitHubHostForRepo/microsoft_org_repository_always_uses_public_GitHub
--- PASS: TestGetGitHubHostForRepo (0.00s)
    --- PASS: TestGetGitHubHostForRepo/non-allowlisted_repo_uses_configured_public_host (0.00s)
    --- PASS: TestGetGitHubHostForRepo/non-allowlisted_repo_uses_GHE_host (0.00s)
    --- PASS: TestGetGitHubHostForRepo/github/gh-aw_always_uses_public_GitHub (0.00s)
    --- PASS: TestGetGitHubHostForRepo/github/gh-aw_with_path_always_uses_public_GitHub (0.00s)
    --- PASS: TestGetGitHubHostForRepo/githubnext/agentics_always_uses_public_GitHub (0.00s)
    --- PASS: TestGetGitHubHostForRepo/githubnext/agentics_with_path_always_uses_public_GitHub (0.00s)
    --- PASS: TestGetGitHubHostForRepo/githubnext/agentics_without_GHE_host_uses_public_GitHub (0.00s)
    --- PASS: TestGetGitHubHostForRepo/github_org_repository_always_uses_public_GitHub (0.00s)
    --- PASS: TestGetGitHubHostForRepo/microsoft_org_repository_always_uses_public_GitHub (0.00s)
=== RUN   TestFindGitRoot
    gitroot_test.go:55: Git root found: /app
--- PASS: TestFindGitRoot (0.00s)
=== RUN   TestHealthConfigValidation
=== RUN   TestHealthConfigValidation/valid_7_days
=== RUN   TestHealthConfigValidation/valid_30_days
=== RUN   TestHealthConfigValidation/valid_90_days
=== RUN   TestHealthConfigValidation/zero_days_-_validation_error
=== RUN   TestHealthConfigValidation/negative_days_-_validation_error
=== RUN   TestHealthConfigValidation/days_15_-_validation_error
=== RUN   TestHealthConfigValidation/days_91_-_validation_error
=== RUN   TestHealthConfigValidation/days_365_-_validation_error
--- PASS: TestHealthConfigValidation (0.00s)
    --- PASS: TestHealthConfigValidation/valid_7_days (0.00s)
    --- PASS: TestHealthConfigValidation/valid_30_days (0.00s)
    --- PASS: TestHealthConfigValidation/valid_90_days (0.00s)
    --- PASS: TestHealthConfigValidation/zero_days_-_validation_error (0.00s)
    --- PASS: TestHealthConfigValidation/negative_days_-_validation_error (0.00s)
    --- PASS: TestHealthConfigValidation/days_15_-_validation_error (0.00s)
    --- PASS: TestHealthConfigValidation/days_91_-_validation_error (0.00s)
    --- PASS: TestHealthConfigValidation/days_365_-_validation_error (0.00s)
=== RUN   TestRunHealthInvalidDays
=== RUN   TestRunHealthInvalidDays/zero
=== RUN   TestRunHealthInvalidDays/negative
=== RUN   TestRunHealthInvalidDays/too_large_91
=== RUN   TestRunHealthInvalidDays/too_large_365
=== RUN   TestRunHealthInvalidDays/not_a_valid_option_15
=== RUN   TestRunHealthInvalidDays/not_a_valid_option_8
--- PASS: TestRunHealthInvalidDays (0.00s)
    --- PASS: TestRunHealthInvalidDays/zero (0.00s)
    --- PASS: TestRunHealthInvalidDays/negative (0.00s)
    --- PASS: TestRunHealthInvalidDays/too_large_91 (0.00s)
    --- PASS: TestRunHealthInvalidDays/too_large_365 (0.00s)
    --- PASS: TestRunHealthInvalidDays/not_a_valid_option_15 (0.00s)
    --- PASS: TestRunHealthInvalidDays/not_a_valid_option_8 (0.00s)
=== RUN   TestHealthCommand
--- PASS: TestHealthCommand (0.00s)
=== RUN   TestDisplayDetailedHealthJSON
=== RUN   TestDisplayDetailedHealthJSON/nil_runs_-_empty_JSON_structure
=== RUN   TestDisplayDetailedHealthJSON/empty_runs_slice_-_empty_JSON_structure
--- PASS: TestDisplayDetailedHealthJSON (0.00s)
    --- PASS: TestDisplayDetailedHealthJSON/nil_runs_-_empty_JSON_structure (0.00s)
    --- PASS: TestDisplayDetailedHealthJSON/empty_runs_slice_-_empty_JSON_structure (0.00s)
=== RUN   TestCalculateWorkflowHealth
=== RUN   TestCalculateWorkflowHealth/all_successful_runs
=== RUN   TestCalculateWorkflowHealth/mixed_success_and_failure
=== RUN   TestCalculateWorkflowHealth/all_failed_runs
=== RUN   TestCalculateWorkflowHealth/empty_runs
--- PASS: TestCalculateWorkflowHealth (0.00s)
    --- PASS: TestCalculateWorkflowHealth/all_successful_runs (0.00s)
    --- PASS: TestCalculateWorkflowHealth/mixed_success_and_failure (0.00s)
    --- PASS: TestCalculateWorkflowHealth/all_failed_runs (0.00s)
    --- PASS: TestCalculateWorkflowHealth/empty_runs (0.00s)
=== RUN   TestCalculateTrend
=== RUN   TestCalculateTrend/improving_trend
=== RUN   TestCalculateTrend/degrading_trend
=== RUN   TestCalculateTrend/stable_trend
=== RUN   TestCalculateTrend/not_enough_data
--- PASS: TestCalculateTrend (0.00s)
    --- PASS: TestCalculateTrend/improving_trend (0.00s)
    --- PASS: TestCalculateTrend/degrading_trend (0.00s)
    --- PASS: TestCalculateTrend/stable_trend (0.00s)
    --- PASS: TestCalculateTrend/not_enough_data (0.00s)
=== RUN   TestGroupRunsByWorkflow
--- PASS: TestGroupRunsByWorkflow (0.00s)
=== RUN   TestCalculateHealthSummary
--- PASS: TestCalculateHealthSummary (0.00s)
=== RUN   TestTrendDirectionString
=== RUN   TestTrendDirectionString/improving
=== RUN   TestTrendDirectionString/stable
=== RUN   TestTrendDirectionString/degrading
--- PASS: TestTrendDirectionString (0.00s)
    --- PASS: TestTrendDirectionString/improving (0.00s)
    --- PASS: TestTrendDirectionString/stable (0.00s)
    --- PASS: TestTrendDirectionString/degrading (0.00s)
=== RUN   TestFormatTokens
=== RUN   TestFormatTokens/zero_tokens
=== RUN   TestFormatTokens/small_tokens
=== RUN   TestFormatTokens/thousands
=== RUN   TestFormatTokens/millions
--- PASS: TestFormatTokens (0.00s)
    --- PASS: TestFormatTokens/zero_tokens (0.00s)
    --- PASS: TestFormatTokens/small_tokens (0.00s)
    --- PASS: TestFormatTokens/thousands (0.00s)
    --- PASS: TestFormatTokens/millions (0.00s)
=== RUN   TestWorkflowIDExplanation
--- PASS: TestWorkflowIDExplanation (0.00s)
=== RUN   TestCanonicalContentType
=== RUN   TestCanonicalContentType/application/json
=== RUN   TestCanonicalContentType/application/json;_charset=utf-8
=== RUN   TestCanonicalContentType/text/markdown
=== RUN   TestCanonicalContentType/TEXT/MARKDOWN
=== RUN   TestCanonicalContentType/text/x-markdown;_charset=utf-8
=== RUN   TestCanonicalContentType/application/vnd.api+json
=== RUN   TestCanonicalContentType/#00
=== RUN   TestCanonicalContentType/not-valid;;;
--- PASS: TestCanonicalContentType (0.00s)
    --- PASS: TestCanonicalContentType/application/json (0.00s)
    --- PASS: TestCanonicalContentType/application/json;_charset=utf-8 (0.00s)
    --- PASS: TestCanonicalContentType/text/markdown (0.00s)
    --- PASS: TestCanonicalContentType/TEXT/MARKDOWN (0.00s)
    --- PASS: TestCanonicalContentType/text/x-markdown;_charset=utf-8 (0.00s)
    --- PASS: TestCanonicalContentType/application/vnd.api+json (0.00s)
    --- PASS: TestCanonicalContentType/#00 (0.00s)
    --- PASS: TestCanonicalContentType/not-valid;;; (0.00s)
=== RUN   TestFetchImportURL_Markdown
--- PASS: TestFetchImportURL_Markdown (0.00s)
=== RUN   TestFetchImportURL_JSON
--- PASS: TestFetchImportURL_JSON (0.00s)
=== RUN   TestFetchImportURL_NotFound
--- PASS: TestFetchImportURL_NotFound (0.00s)
=== RUN   TestFetchImportURL_Unauthorized
--- PASS: TestFetchImportURL_Unauthorized (0.00s)
=== RUN   TestFetchImportURL_SizeCap
--- PASS: TestFetchImportURL_SizeCap (0.00s)
=== RUN   TestFetchImportURL_HeadFallbackToGET
--- PASS: TestFetchImportURL_HeadFallbackToGET (0.00s)
=== RUN   TestAttachImportAuthHeader_NonGitHub
--- PASS: TestAttachImportAuthHeader_NonGitHub (0.00s)
=== RUN   TestAttachImportAuthHeader_GitHub
--- PASS: TestAttachImportAuthHeader_GitHub (0.00s)
=== RUN   TestAttachImportAuthHeader_GitHubCopilotNonAutomation
--- PASS: TestAttachImportAuthHeader_GitHubCopilotNonAutomation (0.00s)
=== RUN   TestAttachImportAuthHeader_GitHubCopilotAutomation
--- PASS: TestAttachImportAuthHeader_GitHubCopilotAutomation (0.00s)
=== RUN   TestIsCopilotAutomationImportURL
=== RUN   TestIsCopilotAutomationImportURL/nil_URL
=== RUN   TestIsCopilotAutomationImportURL/valid_automation_URL
=== RUN   TestIsCopilotAutomationImportURL/hostname_match_is_case-insensitive
=== RUN   TestIsCopilotAutomationImportURL/non-automation_path
=== RUN   TestIsCopilotAutomationImportURL/missing_repo_segment
=== RUN   TestIsCopilotAutomationImportURL/missing_automation_ID
=== RUN   TestIsCopilotAutomationImportURL/wrong_segment_count
--- PASS: TestIsCopilotAutomationImportURL (0.00s)
    --- PASS: TestIsCopilotAutomationImportURL/nil_URL (0.00s)
    --- PASS: TestIsCopilotAutomationImportURL/valid_automation_URL (0.00s)
    --- PASS: TestIsCopilotAutomationImportURL/hostname_match_is_case-insensitive (0.00s)
    --- PASS: TestIsCopilotAutomationImportURL/non-automation_path (0.00s)
    --- PASS: TestIsCopilotAutomationImportURL/missing_repo_segment (0.00s)
    --- PASS: TestIsCopilotAutomationImportURL/missing_automation_ID (0.00s)
    --- PASS: TestIsCopilotAutomationImportURL/wrong_segment_count (0.00s)
=== RUN   TestAttachImportAuthHeader_RawGitHubContent
--- PASS: TestAttachImportAuthHeader_RawGitHubContent (0.00s)
=== RUN   TestAttachImportAuthHeader_GitHubUserContentWildcard
--- PASS: TestAttachImportAuthHeader_GitHubUserContentWildcard (0.00s)
=== RUN   TestAttachImportAuthHeader_GitHubObjects
--- PASS: TestAttachImportAuthHeader_GitHubObjects (0.00s)
=== RUN   TestAttachImportAuthHeader_FallbackToGITHUB_TOKEN
--- PASS: TestAttachImportAuthHeader_FallbackToGITHUB_TOKEN (0.00s)
=== RUN   TestAttachImportAuthHeader_GHTokenPreferredOverGHAuthToken
--- PASS: TestAttachImportAuthHeader_GHTokenPreferredOverGHAuthToken (0.00s)
=== RUN   TestAttachImportAuthHeader_HTTP_GitHub_NoToken
--- PASS: TestAttachImportAuthHeader_HTTP_GitHub_NoToken (0.00s)
=== RUN   TestAttachImportAuthHeader_GitHubSubdomain_NoToken
--- PASS: TestAttachImportAuthHeader_GitHubSubdomain_NoToken (0.00s)
=== RUN   TestAttachImportAuthHeader_SuffixConfusion_NoToken
--- PASS: TestAttachImportAuthHeader_SuffixConfusion_NoToken (0.00s)
=== RUN   TestAttachImportAuthHeader_DotAppended_NoToken
--- PASS: TestAttachImportAuthHeader_DotAppended_NoToken (0.00s)
=== RUN   TestAttachImportAuthHeader_GitHubUserContentSuffixConfusion_NoToken
--- PASS: TestAttachImportAuthHeader_GitHubUserContentSuffixConfusion_NoToken (0.00s)
=== RUN   TestAttachImportAuthHeader_DocsGitHub_NoToken
--- PASS: TestAttachImportAuthHeader_DocsGitHub_NoToken (0.00s)
=== RUN   TestAttachImportAuthHeader_GHE_BareHostname
--- PASS: TestAttachImportAuthHeader_GHE_BareHostname (0.00s)
=== RUN   TestAttachImportAuthHeader_GHE_HTTPSScheme
--- PASS: TestAttachImportAuthHeader_GHE_HTTPSScheme (0.00s)
=== RUN   TestAttachImportAuthHeader_GHE_HTTPSchemePrefix
--- PASS: TestAttachImportAuthHeader_GHE_HTTPSchemePrefix (0.00s)
=== RUN   TestAttachImportAuthHeader_GHE_DifferentHost
--- PASS: TestAttachImportAuthHeader_GHE_DifferentHost (0.00s)
=== RUN   TestAttachImportAuthHeader_GitHubAlongsideGHE
--- PASS: TestAttachImportAuthHeader_GitHubAlongsideGHE (0.00s)
=== RUN   TestBuildRequestLogString_RedactsAuthorization
--- PASS: TestBuildRequestLogString_RedactsAuthorization (0.00s)
=== RUN   TestFetchImportURL_400ReturnsError
--- PASS: TestFetchImportURL_400ReturnsError (0.00s)
=== RUN   TestResolveImportPath_ImportsOpts
=== RUN   TestResolveImportPath_ImportsOpts/workflowspec_with_@_is_returned_unchanged
=== RUN   TestResolveImportPath_ImportsOpts/workflowspec_without_@_is_returned_unchanged
=== RUN   TestResolveImportPath_ImportsOpts/absolute_path_strips_leading_/
=== RUN   TestResolveImportPath_ImportsOpts/relative_path_is_resolved_against_baseDir
=== RUN   TestResolveImportPath_ImportsOpts/relative_path_with_.._is_cleaned
--- PASS: TestResolveImportPath_ImportsOpts (0.00s)
    --- PASS: TestResolveImportPath_ImportsOpts/workflowspec_with_@_is_returned_unchanged (0.00s)
    --- PASS: TestResolveImportPath_ImportsOpts/workflowspec_without_@_is_returned_unchanged (0.00s)
    --- PASS: TestResolveImportPath_ImportsOpts/absolute_path_strips_leading_/ (0.00s)
    --- PASS: TestResolveImportPath_ImportsOpts/relative_path_is_resolved_against_baseDir (0.00s)
    --- PASS: TestResolveImportPath_ImportsOpts/relative_path_with_.._is_cleaned (0.00s)
=== RUN   TestResolveImportPath_RunPushOpts
=== RUN   TestResolveImportPath_RunPushOpts/relative_path
=== RUN   TestResolveImportPath_RunPushOpts/section_ref_is_stripped
=== RUN   TestResolveImportPath_RunPushOpts/workflowspec_with_@_returns_empty
=== RUN   TestResolveImportPath_RunPushOpts/workflowspec_without_@_returns_empty
--- PASS: TestResolveImportPath_RunPushOpts (0.00s)
    --- PASS: TestResolveImportPath_RunPushOpts/relative_path (0.00s)
    --- PASS: TestResolveImportPath_RunPushOpts/section_ref_is_stripped (0.00s)
    --- PASS: TestResolveImportPath_RunPushOpts/workflowspec_with_@_returns_empty (0.00s)
    --- PASS: TestResolveImportPath_RunPushOpts/workflowspec_without_@_returns_empty (0.00s)
=== RUN   TestProcessIncludesWithWorkflowSpec_NewSyntax
--- PASS: TestProcessIncludesWithWorkflowSpec_NewSyntax (0.00s)
=== RUN   TestProcessIncludesWithWorkflowSpec_LegacySyntax
--- PASS: TestProcessIncludesWithWorkflowSpec_LegacySyntax (0.00s)
=== RUN   TestProcessIncludesWithWorkflowSpec_WithCommitSHA
--- PASS: TestProcessIncludesWithWorkflowSpec_WithCommitSHA (0.00s)
=== RUN   TestProcessIncludesWithWorkflowSpec_EmptyFilePath
--- PASS: TestProcessIncludesWithWorkflowSpec_EmptyFilePath (0.00s)
=== RUN   TestProcessIncludesInContent_NewSyntax
--- PASS: TestProcessIncludesInContent_NewSyntax (0.00s)
=== RUN   TestProcessIncludesInContent_EmptyFilePath
--- PASS: TestProcessIncludesInContent_EmptyFilePath (0.00s)
=== RUN   TestProcessIncludesWithWorkflowSpec_RealWorldScenario
--- PASS: TestProcessIncludesWithWorkflowSpec_RealWorldScenario (0.00s)
=== RUN   TestProcessIncludesWithWorkflowSpec_PathResolution
--- PASS: TestProcessIncludesWithWorkflowSpec_PathResolution (0.00s)
=== RUN   TestProcessIncludesWithWorkflowSpec_PreservesLocalIncludes
--- PASS: TestProcessIncludesWithWorkflowSpec_PreservesLocalIncludes (0.00s)
=== RUN   TestProcessIncludesWithWorkflowSpec_RewritesBodyWhenLocalMissing
--- PASS: TestProcessIncludesWithWorkflowSpec_RewritesBodyWhenLocalMissing (0.00s)
=== RUN   TestProcessIncludesWithWorkflowSpec_DuplicateInclude
--- PASS: TestProcessIncludesWithWorkflowSpec_DuplicateInclude (0.00s)
=== RUN   TestProcessIncludesWithWorkflowSpec_PathTypes
=== RUN   TestProcessIncludesWithWorkflowSpec_PathTypes/simple_relative_shared/file.md
=== RUN   TestProcessIncludesWithWorkflowSpec_PathTypes/optional_relative_path
=== RUN   TestProcessIncludesWithWorkflowSpec_PathTypes/deep_relative_path_shared/mcp/deep/file.md
=== RUN   TestProcessIncludesWithWorkflowSpec_PathTypes/absolute_path_/tools/config.md
=== RUN   TestProcessIncludesWithWorkflowSpec_PathTypes/relative_path_with_section
=== RUN   TestProcessIncludesWithWorkflowSpec_PathTypes/optional_relative_path_with_section
=== RUN   TestProcessIncludesWithWorkflowSpec_PathTypes/already_a_workflowspec
=== RUN   TestProcessIncludesWithWorkflowSpec_PathTypes/already_a_workflowspec_with_section
=== RUN   TestProcessIncludesWithWorkflowSpec_PathTypes/section-only_#SectionName
=== RUN   TestProcessIncludesWithWorkflowSpec_PathTypes/parent_dir_../shared/config.md
=== RUN   TestProcessIncludesWithWorkflowSpec_PathTypes/current_dir_./config.md
=== RUN   TestProcessIncludesWithWorkflowSpec_PathTypes/legacy_@include_shared/config.md
=== RUN   TestProcessIncludesWithWorkflowSpec_PathTypes/legacy_@include?_optional
=== RUN   TestProcessIncludesWithWorkflowSpec_PathTypes/three-segment_path_shared/mcp/arxiv.md
=== RUN   TestProcessIncludesWithWorkflowSpec_PathTypes/plain_filename_config.md
--- PASS: TestProcessIncludesWithWorkflowSpec_PathTypes (0.00s)
    --- PASS: TestProcessIncludesWithWorkflowSpec_PathTypes/simple_relative_shared/file.md (0.00s)
    --- PASS: TestProcessIncludesWithWorkflowSpec_PathTypes/optional_relative_path (0.00s)
    --- PASS: TestProcessIncludesWithWorkflowSpec_PathTypes/deep_relative_path_shared/mcp/deep/file.md (0.00s)
    --- PASS: TestProcessIncludesWithWorkflowSpec_PathTypes/absolute_path_/tools/config.md (0.00s)
    --- PASS: TestProcessIncludesWithWorkflowSpec_PathTypes/relative_path_with_section (0.00s)
    --- PASS: TestProcessIncludesWithWorkflowSpec_PathTypes/optional_relative_path_with_section (0.00s)
    --- PASS: TestProcessIncludesWithWorkflowSpec_PathTypes/already_a_workflowspec (0.00s)
    --- PASS: TestProcessIncludesWithWorkflowSpec_PathTypes/already_a_workflowspec_with_section (0.00s)
    --- PASS: TestProcessIncludesWithWorkflowSpec_PathTypes/section-only_#SectionName (0.00s)
    --- PASS: TestProcessIncludesWithWorkflowSpec_PathTypes/parent_dir_../shared/config.md (0.00s)
    --- PASS: TestProcessIncludesWithWorkflowSpec_PathTypes/current_dir_./config.md (0.00s)
    --- PASS: TestProcessIncludesWithWorkflowSpec_PathTypes/legacy_@include_shared/config.md (0.00s)
    --- PASS: TestProcessIncludesWithWorkflowSpec_PathTypes/legacy_@include?_optional (0.00s)
    --- PASS: TestProcessIncludesWithWorkflowSpec_PathTypes/three-segment_path_shared/mcp/arxiv.md (0.00s)
    --- PASS: TestProcessIncludesWithWorkflowSpec_PathTypes/plain_filename_config.md (0.00s)
=== RUN   TestProcessImportsWithWorkflowSpec_PathTypes
=== RUN   TestProcessImportsWithWorkflowSpec_PathTypes/simple_relative_shared/config.md
=== RUN   TestProcessImportsWithWorkflowSpec_PathTypes/deep_relative_shared/mcp/file.md
=== RUN   TestProcessImportsWithWorkflowSpec_PathTypes/absolute_/tools/setup.md
=== RUN   TestProcessImportsWithWorkflowSpec_PathTypes/already_workflowspec_other/repo/file.md@v1
=== RUN   TestProcessImportsWithWorkflowSpec_PathTypes/three-segment_shared/mcp/arxiv.md
=== RUN   TestProcessImportsWithWorkflowSpec_PathTypes/parent_dir_../shared/config.md
=== RUN   TestProcessImportsWithWorkflowSpec_PathTypes/current_dir_./config.md
=== RUN   TestProcessImportsWithWorkflowSpec_PathTypes/plain_filename_config.md
--- PASS: TestProcessImportsWithWorkflowSpec_PathTypes (0.00s)
    --- PASS: TestProcessImportsWithWorkflowSpec_PathTypes/simple_relative_shared/config.md (0.00s)
    --- PASS: TestProcessImportsWithWorkflowSpec_PathTypes/deep_relative_shared/mcp/file.md (0.00s)
    --- PASS: TestProcessImportsWithWorkflowSpec_PathTypes/absolute_/tools/setup.md (0.00s)
    --- PASS: TestProcessImportsWithWorkflowSpec_PathTypes/already_workflowspec_other/repo/file.md@v1 (0.00s)
    --- PASS: TestProcessImportsWithWorkflowSpec_PathTypes/three-segment_shared/mcp/arxiv.md (0.00s)
    --- PASS: TestProcessImportsWithWorkflowSpec_PathTypes/parent_dir_../shared/config.md (0.00s)
    --- PASS: TestProcessImportsWithWorkflowSpec_PathTypes/current_dir_./config.md (0.00s)
    --- PASS: TestProcessImportsWithWorkflowSpec_PathTypes/plain_filename_config.md (0.00s)
=== RUN   TestIsWorkflowSpecFormat
=== RUN   TestIsWorkflowSpecFormat/workflowspec_with_SHA
=== RUN   TestIsWorkflowSpecFormat/workflowspec_with_version_tag
=== RUN   TestIsWorkflowSpecFormat/workflowspec_without_version
=== RUN   TestIsWorkflowSpecFormat/three-part_relative_path_-_NOT_a_workflowspec
=== RUN   TestIsWorkflowSpecFormat/two-part_relative_path
=== RUN   TestIsWorkflowSpecFormat/relative_path_with_./
=== RUN   TestIsWorkflowSpecFormat/absolute_path
=== RUN   TestIsWorkflowSpecFormat/workflowspec_with_section_and_version
=== RUN   TestIsWorkflowSpecFormat/local_path_with_section_containing_at-sign
=== RUN   TestIsWorkflowSpecFormat/malformed_workflowspec_with_empty_repo_segment
=== RUN   TestIsWorkflowSpecFormat/simple_filename
--- PASS: TestIsWorkflowSpecFormat (0.00s)
    --- PASS: TestIsWorkflowSpecFormat/workflowspec_with_SHA (0.00s)
    --- PASS: TestIsWorkflowSpecFormat/workflowspec_with_version_tag (0.00s)
    --- PASS: TestIsWorkflowSpecFormat/workflowspec_without_version (0.00s)
    --- PASS: TestIsWorkflowSpecFormat/three-part_relative_path_-_NOT_a_workflowspec (0.00s)
    --- PASS: TestIsWorkflowSpecFormat/two-part_relative_path (0.00s)
    --- PASS: TestIsWorkflowSpecFormat/relative_path_with_./ (0.00s)
    --- PASS: TestIsWorkflowSpecFormat/absolute_path (0.00s)
    --- PASS: TestIsWorkflowSpecFormat/workflowspec_with_section_and_version (0.00s)
    --- PASS: TestIsWorkflowSpecFormat/local_path_with_section_containing_at-sign (0.00s)
    --- PASS: TestIsWorkflowSpecFormat/malformed_workflowspec_with_empty_repo_segment (0.00s)
    --- PASS: TestIsWorkflowSpecFormat/simple_filename (0.00s)
=== RUN   TestProcessImportsWithWorkflowSpec_ThreePartPath
--- PASS: TestProcessImportsWithWorkflowSpec_ThreePartPath (0.00s)
=== RUN   TestProcessImportsWithWorkflowSpec_PreservesLocalRelativePaths
--- PASS: TestProcessImportsWithWorkflowSpec_PreservesLocalRelativePaths (0.00s)
=== RUN   TestProcessImportsWithWorkflowSpec_RewritesWhenLocalMissing
--- PASS: TestProcessImportsWithWorkflowSpec_RewritesWhenLocalMissing (0.00s)
=== RUN   TestProcessIncludesInContent_PreservesLocalIncludeDirectives
--- PASS: TestProcessIncludesInContent_PreservesLocalIncludeDirectives (0.00s)
=== RUN   TestIsLocalFileForUpdate_PathTraversal
--- PASS: TestIsLocalFileForUpdate_PathTraversal (0.00s)
=== RUN   TestNewInitCommand
=== PAUSE TestNewInitCommand
=== RUN   TestInitCommandHelp
=== PAUSE TestInitCommandHelp
=== RUN   TestInitCommandInteractiveModeDetection
=== PAUSE TestInitCommandInteractiveModeDetection
=== RUN   TestInitRepositoryBasic

🚀 Welcome to GitHub Agentic Workflows!

This tool will initialize your repository for GitHub Agentic Workflows.

ℹ Setting up repository...


✓ Repository initialized for agentic workflows!

ℹ To create a workflow, see https://github.github.com/gh-aw/setup/creating-workflows

ℹ Or add an example workflow, see https://github.com/githubnext/agentics

--- PASS: TestInitRepositoryBasic (0.16s)
=== RUN   TestInitRepositoryWithMCP

🚀 Welcome to GitHub Agentic Workflows!

This tool will initialize your repository for GitHub Agentic Workflows.

ℹ Setting up repository...


✓ Repository initialized for agentic workflows!

ℹ To create a workflow, see https://github.github.com/gh-aw/setup/creating-workflows

ℹ Or add an example workflow, see https://github.com/githubnext/agentics

--- PASS: TestInitRepositoryWithMCP (0.07s)
=== RUN   TestInitRepositoryWithNoMCP

🚀 Welcome to GitHub Agentic Workflows!

This tool will initialize your repository for GitHub Agentic Workflows.

ℹ Setting up repository...


✓ Repository initialized for agentic workflows!

ℹ To create a workflow, see https://github.github.com/gh-aw/setup/creating-workflows

ℹ Or add an example workflow, see https://github.com/githubnext/agentics

--- PASS: TestInitRepositoryWithNoMCP (0.05s)
=== RUN   TestInitRepositoryWithNoSkill

🚀 Welcome to GitHub Agentic Workflows!

This tool will initialize your repository for GitHub Agentic Workflows.

ℹ Setting up repository...


✓ Repository initialized for agentic workflows!

ℹ To create a workflow, see https://github.github.com/gh-aw/setup/creating-workflows

ℹ Or add an example workflow, see https://github.com/githubnext/agentics

--- PASS: TestInitRepositoryWithNoSkill (0.02s)
=== RUN   TestInitRepositoryWithNoAgent

🚀 Welcome to GitHub Agentic Workflows!

This tool will initialize your repository for GitHub Agentic Workflows.

ℹ Setting up repository...


✓ Repository initialized for agentic workflows!

ℹ To create a workflow, see https://github.github.com/gh-aw/setup/creating-workflows

ℹ Or add an example workflow, see https://github.com/githubnext/agentics

--- PASS: TestInitRepositoryWithNoAgent (0.06s)
=== RUN   TestInitRepositoryWithNonCopilotEngineSkipsCopilotArtifacts

🚀 Welcome to GitHub Agentic Workflows!

This tool will initialize your repository for GitHub Agentic Workflows.

ℹ Setting up repository...


✓ Repository initialized for agentic workflows!

ℹ To create a workflow, see https://github.github.com/gh-aw/setup/creating-workflows

ℹ Or add an example workflow, see https://github.com/githubnext/agentics

--- PASS: TestInitRepositoryWithNonCopilotEngineSkipsCopilotArtifacts (0.02s)
=== RUN   TestInitRepositoryRemovesLegacyDispatcherAgentFile

🚀 Welcome to GitHub Agentic Workflows!

This tool will initialize your repository for GitHub Agentic Workflows.

ℹ Setting up repository...


✓ Repository initialized for agentic workflows!

ℹ To create a workflow, see https://github.github.com/gh-aw/setup/creating-workflows

ℹ Or add an example workflow, see https://github.com/githubnext/agentics

--- PASS: TestInitRepositoryRemovesLegacyDispatcherAgentFile (0.05s)
=== RUN   TestInitRepositoryWithMCPBackwardCompatibility

🚀 Welcome to GitHub Agentic Workflows!

This tool will initialize your repository for GitHub Agentic Workflows.

ℹ Setting up repository...


✓ Repository initialized for agentic workflows!

ℹ To create a workflow, see https://github.github.com/gh-aw/setup/creating-workflows

ℹ Or add an example workflow, see https://github.com/githubnext/agentics

--- PASS: TestInitRepositoryWithMCPBackwardCompatibility (0.05s)
=== RUN   TestInitRepositoryVerbose

🚀 Welcome to GitHub Agentic Workflows!

This tool will initialize your repository for GitHub Agentic Workflows.

ℹ Setting up repository...

✓ Configured .gitattributes
✓ Created dispatcher skill: /tmp/gh-aw-test-runs/20260704-173215-1254792/test-848490030/.github/skills/agentic-workflows/SKILL.md
✓ Created agentic workflow designer skill: /tmp/gh-aw-test-runs/20260704-173215-1254792/test-848490030/.github/skills/agentic-workflow-designer/SKILL.md
✓ Created dispatcher and designer skills
✓ Created Agentic Workflows custom agent: /tmp/gh-aw-test-runs/20260704-173215-1254792/test-848490030/.github/agents/agentic-workflows.md
✓ Created agentic workflows custom agent
✓ Created .github/workflows/copilot-setup-steps.yml
✓ Created .github/mcp.json
✓ Updated .vscode/settings.json

✓ Repository initialized for agentic workflows!

ℹ To create a workflow, see https://github.github.com/gh-aw/setup/creating-workflows

ℹ Or add an example workflow, see https://github.com/githubnext/agentics

--- PASS: TestInitRepositoryVerbose (0.05s)
=== RUN   TestInitRepositoryNotInGitRepo

🚀 Welcome to GitHub Agentic Workflows!

This tool will initialize your repository for GitHub Agentic Workflows.

ℹ Setting up repository...

--- PASS: TestInitRepositoryNotInGitRepo (0.00s)
=== RUN   TestInitRepositoryIdempotent

🚀 Welcome to GitHub Agentic Workflows!

This tool will initialize your repository for GitHub Agentic Workflows.

ℹ Setting up repository...


✓ Repository initialized for agentic workflows!

ℹ To create a workflow, see https://github.github.com/gh-aw/setup/creating-workflows

ℹ Or add an example workflow, see https://github.com/githubnext/agentics


🚀 Welcome to GitHub Agentic Workflows!

This tool will initialize your repository for GitHub Agentic Workflows.

ℹ Setting up repository...


✓ Repository initialized for agentic workflows!

ℹ To create a workflow, see https://github.github.com/gh-aw/setup/creating-workflows

ℹ Or add an example workflow, see https://github.com/githubnext/agentics

--- PASS: TestInitRepositoryIdempotent (0.09s)
=== RUN   TestInitRepositoryWithMCPIdempotent

🚀 Welcome to GitHub Agentic Workflows!

This tool will initialize your repository for GitHub Agentic Workflows.

ℹ Setting up repository...


✓ Repository initialized for agentic workflows!

ℹ To create a workflow, see https://github.github.com/gh-aw/setup/creating-workflows

ℹ Or add an example workflow, see https://github.com/githubnext/agentics


🚀 Welcome to GitHub Agentic Workflows!

This tool will initialize your repository for GitHub Agentic Workflows.

ℹ Setting up repository...


✓ Repository initialized for agentic workflows!

ℹ To create a workflow, see https://github.github.com/gh-aw/setup/creating-workflows

ℹ Or add an example workflow, see https://github.com/githubnext/agentics

--- PASS: TestInitRepositoryWithMCPIdempotent (0.09s)
=== RUN   TestInitRepositoryCreatesDirectories

🚀 Welcome to GitHub Agentic Workflows!

This tool will initialize your repository for GitHub Agentic Workflows.

ℹ Setting up repository...


✓ Repository initialized for agentic workflows!

ℹ To create a workflow, see https://github.github.com/gh-aw/setup/creating-workflows

ℹ Or add an example workflow, see https://github.com/githubnext/agentics

--- PASS: TestInitRepositoryCreatesDirectories (0.05s)
=== RUN   TestInitCommandFlagValidation
=== PAUSE TestInitCommandFlagValidation
=== RUN   TestInitRepositoryErrorHandling

🚀 Welcome to GitHub Agentic Workflows!

This tool will initialize your repository for GitHub Agentic Workflows.

ℹ Setting up repository...

--- PASS: TestInitRepositoryErrorHandling (0.00s)
=== RUN   TestInitRepositoryWithExistingFiles

🚀 Welcome to GitHub Agentic Workflows!

This tool will initialize your repository for GitHub Agentic Workflows.

ℹ Setting up repository...


✓ Repository initialized for agentic workflows!

ℹ To create a workflow, see https://github.github.com/gh-aw/setup/creating-workflows

ℹ Or add an example workflow, see https://github.com/githubnext/agentics

--- PASS: TestInitRepositoryWithExistingFiles (0.05s)
=== RUN   TestInitRepositoryWithCodespace

🚀 Welcome to GitHub Agentic Workflows!

This tool will initialize your repository for GitHub Agentic Workflows.

ℹ Setting up repository...


✓ Repository initialized for agentic workflows!

ℹ GitHub Codespaces devcontainer configured

ℹ To create a workflow, see https://github.github.com/gh-aw/setup/creating-workflows

ℹ Or add an example workflow, see https://github.com/githubnext/agentics

--- PASS: TestInitRepositoryWithCodespace (0.06s)
=== RUN   TestInitCommandWithCodespacesNoArgs

🚀 Welcome to GitHub Agentic Workflows!

This tool will initialize your repository for GitHub Agentic Workflows.

ℹ Setting up repository...


✓ Repository initialized for agentic workflows!

ℹ To create a workflow, see https://github.github.com/gh-aw/setup/creating-workflows

ℹ Or add an example workflow, see https://github.com/githubnext/agentics

--- PASS: TestInitCommandWithCodespacesNoArgs (0.06s)
=== RUN   TestInitRepository_WithMCP

🚀 Welcome to GitHub Agentic Workflows!

This tool will initialize your repository for GitHub Agentic Workflows.

ℹ Setting up repository...


✓ Repository initialized for agentic workflows!

ℹ To create a workflow, see https://github.github.com/gh-aw/setup/creating-workflows

ℹ Or add an example workflow, see https://github.com/githubnext/agentics

--- PASS: TestInitRepository_WithMCP (0.05s)
=== RUN   TestInitRepository_MCP_Idempotent

🚀 Welcome to GitHub Agentic Workflows!

This tool will initialize your repository for GitHub Agentic Workflows.

ℹ Setting up repository...


✓ Repository initialized for agentic workflows!

ℹ To create a workflow, see https://github.github.com/gh-aw/setup/creating-workflows

ℹ Or add an example workflow, see https://github.com/githubnext/agentics


🚀 Welcome to GitHub Agentic Workflows!

This tool will initialize your repository for GitHub Agentic Workflows.

ℹ Setting up repository...


✓ Repository initialized for agentic workflows!

ℹ To create a workflow, see https://github.github.com/gh-aw/setup/creating-workflows

ℹ Or add an example workflow, see https://github.com/githubnext/agentics

--- PASS: TestInitRepository_MCP_Idempotent (0.09s)
=== RUN   TestEnsureMCPConfig_RendersInstructions

ℹ Existing file detected: .github/mcp.json

To enable GitHub Copilot Agent MCP server integration, please add the following
to the "mcpServers" section of your .github/mcp.json file:

{
  "github-agentic-workflows": {
    "type": "local",
    "command": "gh",
    "args": [
      "aw",
      "mcp-server"
    ],
    "tools": [
      "compile",
      "audit",
      "logs",
      "inspect",
      "status",
      "audit-diff"
    ]
  }
}

--- PASS: TestEnsureMCPConfig_RendersInstructions (0.00s)
=== RUN   TestEnsureCopilotSetupSteps_RendersInstructions

ℹ Existing file detected: .github/workflows/copilot-setup-steps.yml

To enable GitHub Copilot Agent integration, please add the following steps
to the 'copilot-setup-steps' job in your .github/workflows/copilot-setup-steps.yml file:

      - name: Install gh-aw extension
        run: |
          curl -fsSL https://raw.githubusercontent.com/github/gh-aw/refs/heads/main/install-gh-aw.sh | bash

--- PASS: TestEnsureCopilotSetupSteps_RendersInstructions (0.00s)
=== RUN   TestEnsureCopilotSetupSteps_SkipsWhenStepExists
--- PASS: TestEnsureCopilotSetupSteps_SkipsWhenStepExists (0.00s)
=== RUN   TestInitRepository
=== RUN   TestInitRepository/successfully_initializes_repository

🚀 Welcome to GitHub Agentic Workflows!

This tool will initialize your repository for GitHub Agentic Workflows.

ℹ Setting up repository...


✓ Repository initialized for agentic workflows!

ℹ To create a workflow, see https://github.github.com/gh-aw/setup/creating-workflows

ℹ Or add an example workflow, see https://github.com/githubnext/agentics

=== RUN   TestInitRepository/fails_when_not_in_git_repository

🚀 Welcome to GitHub Agentic Workflows!

This tool will initialize your repository for GitHub Agentic Workflows.

ℹ Setting up repository...

--- PASS: TestInitRepository (0.04s)
    --- PASS: TestInitRepository/successfully_initializes_repository (0.04s)
    --- PASS: TestInitRepository/fails_when_not_in_git_repository (0.00s)
=== RUN   TestInitRepository_Idempotent

🚀 Welcome to GitHub Agentic Workflows!

This tool will initialize your repository for GitHub Agentic Workflows.

ℹ Setting up repository...


✓ Repository initialized for agentic workflows!

ℹ To create a workflow, see https://github.github.com/gh-aw/setup/creating-workflows

ℹ Or add an example workflow, see https://github.com/githubnext/agentics


🚀 Welcome to GitHub Agentic Workflows!

This tool will initialize your repository for GitHub Agentic Workflows.

ℹ Setting up repository...


✓ Repository initialized for agentic workflows!

ℹ To create a workflow, see https://github.github.com/gh-aw/setup/creating-workflows

ℹ Or add an example workflow, see https://github.com/githubnext/agentics

--- PASS: TestInitRepository_Idempotent (0.09s)
=== RUN   TestInitRepository_Verbose

🚀 Welcome to GitHub Agentic Workflows!

This tool will initialize your repository for GitHub Agentic Workflows.

ℹ Setting up repository...

✓ Configured .gitattributes
✓ Created dispatcher skill: /tmp/gh-aw-test-runs/20260704-173215-1254792/test-220362137/.github/skills/agentic-workflows/SKILL.md
✓ Created agentic workflow designer skill: /tmp/gh-aw-test-runs/20260704-173215-1254792/test-220362137/.github/skills/agentic-workflow-designer/SKILL.md
✓ Created dispatcher and designer skills
✓ Created Agentic Workflows custom agent: /tmp/gh-aw-test-runs/20260704-173215-1254792/test-220362137/.github/agents/agentic-workflows.md
✓ Created agentic workflows custom agent
✓ Updated .vscode/settings.json

✓ Repository initialized for agentic workflows!

ℹ To create a workflow, see https://github.github.com/gh-aw/setup/creating-workflows

ℹ Or add an example workflow, see https://github.com/githubnext/agentics

--- PASS: TestInitRepository_Verbose (0.04s)
=== RUN   TestEnsureMaintenanceWorkflow
=== RUN   TestEnsureMaintenanceWorkflow/generates_maintenance_workflow_when_expires_field_present
=== RUN   TestEnsureMaintenanceWorkflow/deletes_maintenance_workflow_when_no_expires_field
=== RUN   TestEnsureMaintenanceWorkflow/skips_when_no_workflows_directory
--- PASS: TestEnsureMaintenanceWorkflow (0.02s)
    --- PASS: TestEnsureMaintenanceWorkflow/generates_maintenance_workflow_when_expires_field_present (0.01s)
    --- PASS: TestEnsureMaintenanceWorkflow/deletes_maintenance_workflow_when_no_expires_field (0.01s)
    --- PASS: TestEnsureMaintenanceWorkflow/skips_when_no_workflows_directory (0.01s)
=== RUN   TestEnsureMaintenanceWorkflow_UsesWorkflowDirEnvOverride
--- PASS: TestEnsureMaintenanceWorkflow_UsesWorkflowDirEnvOverride (0.01s)
=== RUN   TestIsGHESHost
=== RUN   TestIsGHESHost/github.com
=== RUN   TestIsGHESHost/acme.ghe.com
=== RUN   TestIsGHESHost/myorg.ghe.com
=== RUN   TestIsGHESHost/ghes.example.com
=== RUN   TestIsGHESHost/github.mycompany.com
=== RUN   TestIsGHESHost/#00
=== RUN   TestIsGHESHost/localhost
=== RUN   TestIsGHESHost/ghes.example.com:8080
=== RUN   TestIsGHESHost/github.com:443
--- PASS: TestIsGHESHost (0.00s)
    --- PASS: TestIsGHESHost/github.com (0.00s)
    --- PASS: TestIsGHESHost/acme.ghe.com (0.00s)
    --- PASS: TestIsGHESHost/myorg.ghe.com (0.00s)
    --- PASS: TestIsGHESHost/ghes.example.com (0.00s)
    --- PASS: TestIsGHESHost/github.mycompany.com (0.00s)
    --- PASS: TestIsGHESHost/#00 (0.00s)
    --- PASS: TestIsGHESHost/localhost (0.00s)
    --- PASS: TestIsGHESHost/ghes.example.com:8080 (0.00s)
    --- PASS: TestIsGHESHost/github.com:443 (0.00s)
=== RUN   TestEnsureGHESRepoConfig_NoDetection
--- PASS: TestEnsureGHESRepoConfig_NoDetection (0.02s)
=== RUN   TestEnsureGHESRepoConfig_GHHostEnvVar
ℹ GHES deployment detected (ghes.example.com): set ghes: true in .github/workflows/aw.json for artifact compatibility
--- PASS: TestEnsureGHESRepoConfig_GHHostEnvVar (0.01s)
=== RUN   TestEnsureGHESRepoConfig_Idempotent
ℹ GHES deployment detected (ghes.example.com): set ghes: true in .github/workflows/aw.json for artifact compatibility
--- PASS: TestEnsureGHESRepoConfig_Idempotent (0.01s)
=== RUN   TestInstallCopilotCLIScriptUsesToolcacheBeforeDownload
--- PASS: TestInstallCopilotCLIScriptUsesToolcacheBeforeDownload (0.07s)
=== RUN   TestInstallCopilotCLIScriptResolvesCompatVersionBeforeToolcacheLookup
--- PASS: TestInstallCopilotCLIScriptResolvesCompatVersionBeforeToolcacheLookup (0.16s)
=== RUN   TestValidateWorkflowName_Integration
=== RUN   TestValidateWorkflowName_Integration/valid_simple_name
=== RUN   TestValidateWorkflowName_Integration/valid_with_underscores
=== RUN   TestValidateWorkflowName_Integration/valid_alphanumeric
=== RUN   TestValidateWorkflowName_Integration/valid_mixed
=== RUN   TestValidateWorkflowName_Integration/invalid_with_spaces
=== RUN   TestValidateWorkflowName_Integration/invalid_with_special_chars
=== RUN   TestValidateWorkflowName_Integration/invalid_with_dots
=== RUN   TestValidateWorkflowName_Integration/invalid_with_slashes
=== RUN   TestValidateWorkflowName_Integration/empty_string
=== RUN   TestValidateWorkflowName_Integration/valid_uppercase
--- PASS: TestValidateWorkflowName_Integration (0.00s)
    --- PASS: TestValidateWorkflowName_Integration/valid_simple_name (0.00s)
    --- PASS: TestValidateWorkflowName_Integration/valid_with_underscores (0.00s)
    --- PASS: TestValidateWorkflowName_Integration/valid_alphanumeric (0.00s)
    --- PASS: TestValidateWorkflowName_Integration/valid_mixed (0.00s)
    --- PASS: TestValidateWorkflowName_Integration/invalid_with_spaces (0.00s)
    --- PASS: TestValidateWorkflowName_Integration/invalid_with_special_chars (0.00s)
    --- PASS: TestValidateWorkflowName_Integration/invalid_with_dots (0.00s)
    --- PASS: TestValidateWorkflowName_Integration/invalid_with_slashes (0.00s)
    --- PASS: TestValidateWorkflowName_Integration/empty_string (0.00s)
    --- PASS: TestValidateWorkflowName_Integration/valid_uppercase (0.00s)
=== RUN   TestCommonWorkflowNamesAreValid
--- PASS: TestCommonWorkflowNamesAreValid (0.00s)
=== RUN   TestCommonWorkflowNamesHasExpectedPatterns
--- PASS: TestCommonWorkflowNamesHasExpectedPatterns (0.00s)
=== RUN   TestIsAccessibleMode
=== RUN   TestIsAccessibleMode/ACCESSIBLE=1_enables_accessibility
=== RUN   TestIsAccessibleMode/ACCESSIBLE=true_enables_accessibility
=== RUN   TestIsAccessibleMode/ACCESSIBLE_with_any_non-empty_value_enables_accessibility
=== RUN   TestIsAccessibleMode/TERM=dumb_enables_accessibility
=== RUN   TestIsAccessibleMode/NO_COLOR=1_enables_accessibility
=== RUN   TestIsAccessibleMode/NO_COLOR=true_enables_accessibility
=== RUN   TestIsAccessibleMode/normal_terminal_without_any_accessibility_flags
=== RUN   TestIsAccessibleMode/all_accessibility_flags_set
=== RUN   TestIsAccessibleMode/ACCESSIBLE_and_TERM=dumb_both_set
=== RUN   TestIsAccessibleMode/ACCESSIBLE_and_NO_COLOR_both_set
=== RUN   TestIsAccessibleMode/both_TERM=dumb_and_NO_COLOR_set
=== RUN   TestIsAccessibleMode/empty_TERM_without_any_accessibility_flags
--- PASS: TestIsAccessibleMode (0.00s)
    --- PASS: TestIsAccessibleMode/ACCESSIBLE=1_enables_accessibility (0.00s)
    --- PASS: TestIsAccessibleMode/ACCESSIBLE=true_enables_accessibility (0.00s)
    --- PASS: TestIsAccessibleMode/ACCESSIBLE_with_any_non-empty_value_enables_accessibility (0.00s)
    --- PASS: TestIsAccessibleMode/TERM=dumb_enables_accessibility (0.00s)
    --- PASS: TestIsAccessibleMode/NO_COLOR=1_enables_accessibility (0.00s)
    --- PASS: TestIsAccessibleMode/NO_COLOR=true_enables_accessibility (0.00s)
    --- PASS: TestIsAccessibleMode/normal_terminal_without_any_accessibility_flags (0.00s)
    --- PASS: TestIsAccessibleMode/all_accessibility_flags_set (0.00s)
    --- PASS: TestIsAccessibleMode/ACCESSIBLE_and_TERM=dumb_both_set (0.00s)
    --- PASS: TestIsAccessibleMode/ACCESSIBLE_and_NO_COLOR_both_set (0.00s)
    --- PASS: TestIsAccessibleMode/both_TERM=dumb_and_NO_COLOR_set (0.00s)
    --- PASS: TestIsAccessibleMode/empty_TERM_without_any_accessibility_flags (0.00s)
=== RUN   TestInteractiveWorkflowBuilder_generateWorkflowContent
    interactive_test.go:314: Generated content:
        ---
        on:
          workflow_dispatch:
        permissions:
              contents: read
              issues: read
              pull-requests: read
        engine: claude
        network: defaults
        tools:
          github:
            toolsets: [default]
          edit:
        safe-outputs:
          create-issue:
        ---

        # test-workflow

        This is a test workflow for validation

        <!--
        ## TODO: Customize this workflow

        The workflow has been generated based on your selections. Consider adding:

        - [ ] More specific instructions for the AI
        - [ ] Error handling requirements
        - [ ] Output format specifications
        - [ ] Integration with other workflows
        - [ ] Testing and validation steps

        ## Configuration Summary

        - **Trigger**: Manual trigger
        - **AI Engine**: claude
        - **Tools**: github, edit
        - **Safe Outputs**: create-issue
        - **Network Access**: defaults

        ## Next Steps

        1. Review and customize the workflow content above
        2. Remove TODO sections when ready
        3. Run `gh aw compile` to generate the GitHub Actions workflow
        4. Test the workflow with a manual trigger or appropriate event
        -->
--- PASS: TestInteractiveWorkflowBuilder_generateWorkflowContent (0.00s)
=== RUN   TestInteractiveWorkflowBuilder_generateTriggerConfig
--- PASS: TestInteractiveWorkflowBuilder_generateTriggerConfig (0.00s)
=== RUN   TestInteractiveWorkflowBuilder_describeTrigger
=== RUN   TestInteractiveWorkflowBuilder_describeTrigger/workflow_dispatch_trigger
=== RUN   TestInteractiveWorkflowBuilder_describeTrigger/issues_trigger
=== RUN   TestInteractiveWorkflowBuilder_describeTrigger/pull_request_trigger
=== RUN   TestInteractiveWorkflowBuilder_describeTrigger/push_trigger
=== RUN   TestInteractiveWorkflowBuilder_describeTrigger/issue_comment_trigger
=== RUN   TestInteractiveWorkflowBuilder_describeTrigger/schedule_daily_trigger
=== RUN   TestInteractiveWorkflowBuilder_describeTrigger/schedule_weekly_trigger
=== RUN   TestInteractiveWorkflowBuilder_describeTrigger/command_trigger
=== RUN   TestInteractiveWorkflowBuilder_describeTrigger/custom_trigger
=== RUN   TestInteractiveWorkflowBuilder_describeTrigger/unknown_trigger
=== RUN   TestInteractiveWorkflowBuilder_describeTrigger/empty_trigger
--- PASS: TestInteractiveWorkflowBuilder_describeTrigger (0.00s)
    --- PASS: TestInteractiveWorkflowBuilder_describeTrigger/workflow_dispatch_trigger (0.00s)
    --- PASS: TestInteractiveWorkflowBuilder_describeTrigger/issues_trigger (0.00s)
    --- PASS: TestInteractiveWorkflowBuilder_describeTrigger/pull_request_trigger (0.00s)
    --- PASS: TestInteractiveWorkflowBuilder_describeTrigger/push_trigger (0.00s)
    --- PASS: TestInteractiveWorkflowBuilder_describeTrigger/issue_comment_trigger (0.00s)
    --- PASS: TestInteractiveWorkflowBuilder_describeTrigger/schedule_daily_trigger (0.00s)
    --- PASS: TestInteractiveWorkflowBuilder_describeTrigger/schedule_weekly_trigger (0.00s)
    --- PASS: TestInteractiveWorkflowBuilder_describeTrigger/command_trigger (0.00s)
    --- PASS: TestInteractiveWorkflowBuilder_describeTrigger/custom_trigger (0.00s)
    --- PASS: TestInteractiveWorkflowBuilder_describeTrigger/unknown_trigger (0.00s)
    --- PASS: TestInteractiveWorkflowBuilder_describeTrigger/empty_trigger (0.00s)
=== RUN   TestCreateWorkflowInteractively_InAutomatedEnvironment
--- PASS: TestCreateWorkflowInteractively_InAutomatedEnvironment (0.00s)
=== RUN   TestCreateWorkflowInteractively_WithForceFlag
--- PASS: TestCreateWorkflowInteractively_WithForceFlag (0.00s)
=== RUN   TestInteractiveWorkflowBuilder_compileWorkflow_SpinnerIntegration
✗ Compiled 1 workflow(s): 1 error(s) across 1 failed workflow(s), 0 warning(s)

✗ Failed workflows:
  ✗ test-spinner-workflow

test-spinner-workflow (1 error(s)):
  🟡 MEDIUM PRIORITY:
    1. ✗ workflow 'test-spinner-workflow' not found in local .github/workflows

Suggestions:
  • Run 'gh aw status' to see all available workflows
  • Create a new workflow with 'gh aw new test-spinner-workflow'
  • Check for typos in the workflow name
       → Fix this configuration issue and re-run `gh aw compile`.
✗ Compilation failed: compilation failed
    interactive_test.go:503: Compilation error (expected): compilation failed
--- PASS: TestInteractiveWorkflowBuilder_compileWorkflow_SpinnerIntegration (0.01s)
=== RUN   TestInteractiveWorkflowBuilder_FieldDescriptions
    interactive_test.go:528: Workflow name description: Enter a descriptive name for your workflow (e.g., 'issue-triage', 'code-review-helper')
    interactive_test.go:530: Field "instructions" should have description: Provide clear, detailed instructions for the AI to follow when executing this workflow
    interactive_test.go:530: Field "trigger" should have description: Choose the GitHub event that triggers this workflow
    interactive_test.go:530: Field "engine" should have description: The AI engine interprets instructions and executes tasks using available tools
    interactive_test.go:530: Field "tools" should have description: Tools enable the AI to interact with code, APIs, and external systems
    interactive_test.go:530: Field "safe-outputs" should have description: Safe outputs allow the AI to create GitHub resources after human approval
    interactive_test.go:530: Field "network" should have description: Network access controls which external domains the workflow can reach
--- PASS: TestInteractiveWorkflowBuilder_FieldDescriptions (0.00s)
=== RUN   TestInteractiveWorkflowBuilder_AllMajorFieldsHaveDescriptions
    interactive_test.go:568: Expected form fields with descriptions:
    interactive_test.go:570: 1. What should we call this workflow?
    interactive_test.go:570: 2. When should this workflow run?
    interactive_test.go:570: 3. Which AI engine should process this workflow?
    interactive_test.go:570: 4. Which tools should the AI have access to?
    interactive_test.go:570: 5. What outputs should the AI be able to create?
    interactive_test.go:570: 6. What network access does the workflow need?
    interactive_test.go:570: 7. Describe what this workflow should do:
    interactive_test.go:575: Manual verification required: Run 'gh aw interactive' to verify descriptions appear
--- PASS: TestInteractiveWorkflowBuilder_AllMajorFieldsHaveDescriptions (0.00s)
=== RUN   TestBuildSafeOutputOptions
--- PASS: TestBuildSafeOutputOptions (0.00s)
=== RUN   TestDetectNetworkFromRepo
    interactive_test.go:616: Detected network buckets: []
--- PASS: TestDetectNetworkFromRepo (0.00s)
=== RUN   TestGeneratePermissionsConfig_SafeOutputPermissions
=== RUN   TestGeneratePermissionsConfig_SafeOutputPermissions/no_tools_no_safe_outputs
=== RUN   TestGeneratePermissionsConfig_SafeOutputPermissions/create-issue_never_adds_write_permissions
=== RUN   TestGeneratePermissionsConfig_SafeOutputPermissions/create-pull-request_never_adds_write_permissions
=== RUN   TestGeneratePermissionsConfig_SafeOutputPermissions/github_toolset_adds_issues_read_and_pull-requests_read
=== RUN   TestGeneratePermissionsConfig_SafeOutputPermissions/github_toolset_with_create-issue_keeps_issues_as_read_only
=== RUN   TestGeneratePermissionsConfig_SafeOutputPermissions/autofix-code-scanning-alert_adds_actions_read
--- PASS: TestGeneratePermissionsConfig_SafeOutputPermissions (0.00s)
    --- PASS: TestGeneratePermissionsConfig_SafeOutputPermissions/no_tools_no_safe_outputs (0.00s)
    --- PASS: TestGeneratePermissionsConfig_SafeOutputPermissions/create-issue_never_adds_write_permissions (0.00s)
    --- PASS: TestGeneratePermissionsConfig_SafeOutputPermissions/create-pull-request_never_adds_write_permissions (0.00s)
    --- PASS: TestGeneratePermissionsConfig_SafeOutputPermissions/github_toolset_adds_issues_read_and_pull-requests_read (0.00s)
    --- PASS: TestGeneratePermissionsConfig_SafeOutputPermissions/github_toolset_with_create-issue_keeps_issues_as_read_only (0.00s)
    --- PASS: TestGeneratePermissionsConfig_SafeOutputPermissions/autofix-code-scanning-alert_adds_actions_read (0.00s)
=== RUN   TestGenerateNetworkConfig_MultiNetwork
=== RUN   TestGenerateNetworkConfig_MultiNetwork/single_defaults
=== RUN   TestGenerateNetworkConfig_MultiNetwork/ecosystem_expands_all
=== RUN   TestGenerateNetworkConfig_MultiNetwork/auto-detected_comma-separated
--- PASS: TestGenerateNetworkConfig_MultiNetwork (0.00s)
    --- PASS: TestGenerateNetworkConfig_MultiNetwork/single_defaults (0.00s)
    --- PASS: TestGenerateNetworkConfig_MultiNetwork/ecosystem_expands_all (0.00s)
    --- PASS: TestGenerateNetworkConfig_MultiNetwork/auto-detected_comma-separated (0.00s)
=== RUN   TestGenerateToolsConfig_UsesToolsets
--- PASS: TestGenerateToolsConfig_UsesToolsets (0.00s)
=== RUN   TestCommandProviderInterface
=== RUN   TestCommandProviderInterface/GenBashCompletion
=== RUN   TestCommandProviderInterface/GenZshCompletion
=== RUN   TestCommandProviderInterface/GenFishCompletion
--- PASS: TestCommandProviderInterface (0.00s)
    --- PASS: TestCommandProviderInterface/GenBashCompletion (0.00s)
    --- PASS: TestCommandProviderInterface/GenZshCompletion (0.00s)
    --- PASS: TestCommandProviderInterface/GenFishCompletion (0.00s)
=== RUN   TestInitRepository_WithNilRootCmd

🚀 Welcome to GitHub Agentic Workflows!

This tool will initialize your repository for GitHub Agentic Workflows.

ℹ Setting up repository...


✓ Repository initialized for agentic workflows!

ℹ To create a workflow, see https://github.github.com/gh-aw/setup/creating-workflows

ℹ Or add an example workflow, see https://github.com/githubnext/agentics

--- PASS: TestInitRepository_WithNilRootCmd (0.04s)
=== RUN   TestInitRepository_WithRootCmd

🚀 Welcome to GitHub Agentic Workflows!

This tool will initialize your repository for GitHub Agentic Workflows.

ℹ Setting up repository...


✓ Repository initialized for agentic workflows!

ℹ To create a workflow, see https://github.github.com/gh-aw/setup/creating-workflows

ℹ Or add an example workflow, see https://github.com/githubnext/agentics

--- PASS: TestInitRepository_WithRootCmd (0.04s)
=== RUN   TestInstallShellCompletion_TypeAssertion
=== RUN   TestInstallShellCompletion_TypeAssertion/with_cobra.Command
ℹ Detected shell: bash
✓ Installed bash completion to: /home/jules/.bash_completion.d/gh-aw

ℹ To enable completions, add the following to your ~/.bashrc:

  for f in ~/.bash_completion.d/*; do [ -f "$f" ] && source "$f"; done

ℹ Then restart your shell or run: source ~/.bashrc
=== RUN   TestInstallShellCompletion_TypeAssertion/with_nil
--- PASS: TestInstallShellCompletion_TypeAssertion (0.00s)
    --- PASS: TestInstallShellCompletion_TypeAssertion/with_cobra.Command (0.00s)
    --- PASS: TestInstallShellCompletion_TypeAssertion/with_nil (0.00s)
=== RUN   TestConvertJSONWorkflowToMarkdown_Basic
--- PASS: TestConvertJSONWorkflowToMarkdown_Basic (0.00s)
=== RUN   TestConvertJSONWorkflowToMarkdown_FallbackToName
--- PASS: TestConvertJSONWorkflowToMarkdown_FallbackToName (0.00s)
=== RUN   TestConvertJSONWorkflowToMarkdown_NameOverride
--- PASS: TestConvertJSONWorkflowToMarkdown_NameOverride (0.00s)
=== RUN   TestConvertJSONWorkflowToMarkdown_NoIDOrName
--- PASS: TestConvertJSONWorkflowToMarkdown_NoIDOrName (0.00s)
=== RUN   TestConvertJSONWorkflowToMarkdown_GUIDIDWithNoName
--- PASS: TestConvertJSONWorkflowToMarkdown_GUIDIDWithNoName (0.00s)
=== RUN   TestConvertJSONWorkflowToMarkdown_Tags
--- PASS: TestConvertJSONWorkflowToMarkdown_Tags (0.00s)
=== RUN   TestConvertJSONWorkflowToMarkdown_OnField
--- PASS: TestConvertJSONWorkflowToMarkdown_OnField (0.00s)
=== RUN   TestConvertJSONWorkflowToMarkdown_ExtraFieldsPreserved
--- PASS: TestConvertJSONWorkflowToMarkdown_ExtraFieldsPreserved (0.00s)
=== RUN   TestConvertJSONWorkflowToMarkdown_NilInput
--- PASS: TestConvertJSONWorkflowToMarkdown_NilInput (0.00s)
=== RUN   TestConvertJSONWorkflowToMarkdown_FrontmatterValid
--- PASS: TestConvertJSONWorkflowToMarkdown_FrontmatterValid (0.00s)
=== RUN   TestConvertJSONWorkflowToMarkdown_NewlineInDescription
--- PASS: TestConvertJSONWorkflowToMarkdown_NewlineInDescription (0.00s)
=== RUN   TestYamlQuoteString_BackslashN
--- PASS: TestYamlQuoteString_BackslashN (0.00s)
=== RUN   TestJSONWorkflow_UnmarshalJSON_CapturesExtra
--- PASS: TestJSONWorkflow_UnmarshalJSON_CapturesExtra (0.00s)
=== RUN   TestJSONWorkflow_UnmarshalJSON_IgnoresMetadataFields
--- PASS: TestJSONWorkflow_UnmarshalJSON_IgnoresMetadataFields (0.00s)
=== RUN   TestToKebabCase
=== RUN   TestToKebabCase/My_Workflow
=== RUN   TestToKebabCase/my_workflow
=== RUN   TestToKebabCase/My_Workflow_Name!
=== RUN   TestToKebabCase/already-kebab
=== RUN   TestToKebabCase/__spaces__
=== RUN   TestToKebabCase/Mixed_Case_And_Underscores
--- PASS: TestToKebabCase (0.00s)
    --- PASS: TestToKebabCase/My_Workflow (0.00s)
    --- PASS: TestToKebabCase/my_workflow (0.00s)
    --- PASS: TestToKebabCase/My_Workflow_Name! (0.00s)
    --- PASS: TestToKebabCase/already-kebab (0.00s)
    --- PASS: TestToKebabCase/__spaces__ (0.00s)
    --- PASS: TestToKebabCase/Mixed_Case_And_Underscores (0.00s)
=== RUN   TestConvertJSONWorkflowToMarkdown_IntervalTrigger
--- PASS: TestConvertJSONWorkflowToMarkdown_IntervalTrigger (0.00s)
=== RUN   TestConvertJSONWorkflowToMarkdown_MultiTriggerWithTools
--- PASS: TestConvertJSONWorkflowToMarkdown_MultiTriggerWithTools (0.00s)
=== RUN   TestConvertTriggersToOn_SkipsIncompleteWorkflowRun
--- PASS: TestConvertTriggersToOn_SkipsIncompleteWorkflowRun (0.00s)
=== RUN   TestGenericURLWorkflowName
=== RUN   TestGenericURLWorkflowName/https://example.com/my-workflow.md
=== RUN   TestGenericURLWorkflowName/https://example.com/workflows/daily-report.json
=== RUN   TestGenericURLWorkflowName/https://example.com/
=== RUN   TestGenericURLWorkflowName/https://example.com/workflow.yaml
=== RUN   TestGenericURLWorkflowName/not-a-url
=== RUN   TestGenericURLWorkflowName/https://example.com/My%20Workflow.json
=== RUN   TestGenericURLWorkflowName/https://example.com/My_Workflow.md
=== RUN   TestGenericURLWorkflowName/https://example.com/Weekly_Report.json
--- PASS: TestGenericURLWorkflowName (0.00s)
    --- PASS: TestGenericURLWorkflowName/https://example.com/my-workflow.md (0.00s)
    --- PASS: TestGenericURLWorkflowName/https://example.com/workflows/daily-report.json (0.00s)
    --- PASS: TestGenericURLWorkflowName/https://example.com/ (0.00s)
    --- PASS: TestGenericURLWorkflowName/https://example.com/workflow.yaml (0.00s)
    --- PASS: TestGenericURLWorkflowName/not-a-url (0.00s)
    --- PASS: TestGenericURLWorkflowName/https://example.com/My%20Workflow.json (0.00s)
    --- PASS: TestGenericURLWorkflowName/https://example.com/My_Workflow.md (0.00s)
    --- PASS: TestGenericURLWorkflowName/https://example.com/Weekly_Report.json (0.00s)
=== RUN   TestRewriteAutomationsURL
=== RUN   TestRewriteAutomationsURL/dotcom_automations_UI_URL
=== RUN   TestRewriteAutomationsURL/regular_github.com_file_URL_—_no_rewrite
=== RUN   TestRewriteAutomationsURL/GHE_host_—_no_rewrite
--- PASS: TestRewriteAutomationsURL (0.00s)
    --- PASS: TestRewriteAutomationsURL/dotcom_automations_UI_URL (0.00s)
    --- PASS: TestRewriteAutomationsURL/regular_github.com_file_URL_—_no_rewrite (0.00s)
    --- PASS: TestRewriteAutomationsURL/GHE_host_—_no_rewrite (0.00s)
=== RUN   TestParseWorkflowSpec_AutomationsURL
--- PASS: TestParseWorkflowSpec_AutomationsURL (0.00s)
=== RUN   TestConvertJSONWorkflowToMarkdown_CompilerRoundTrip
test.md: warning: workflow_run trigger should include branch restrictions for security and performance.

Without branch restrictions, the workflow will run for workflow runs on ALL branches,
which can cause unexpected behavior and security issues.

Suggested fix: Add branch restrictions to your workflow_run trigger:
on:
  workflow_run:
    workflows: ["your-workflow"]
    types: [completed]
    branches:
      - main
      - develop

test.md: info: Tip: set permissions.copilot-requests: write to use GitHub Actions token-based inference with the Copilot engine instead of a personal access token (COPILOT_GITHUB_TOKEN). This option requires that your organization has centralized Copilot billing enabled and may not be available in all organizations — see https://github.github.com/gh-aw/reference/billing/ for details.

--- PASS: TestConvertJSONWorkflowToMarkdown_CompilerRoundTrip (0.14s)
=== RUN   TestNewLintCommand
--- PASS: TestNewLintCommand (0.00s)
=== RUN   TestResolveLockFilesForLint
=== RUN   TestResolveLockFilesForLint/defaults_to_scanning_dir_when_no_args
=== RUN   TestResolveLockFilesForLint/accepts_explicit_lock_file_path
=== RUN   TestResolveLockFilesForLint/accepts_explicit_directory_path
=== RUN   TestResolveLockFilesForLint/rejects_non_lock_file_path
--- PASS: TestResolveLockFilesForLint (0.00s)
    --- PASS: TestResolveLockFilesForLint/defaults_to_scanning_dir_when_no_args (0.00s)
    --- PASS: TestResolveLockFilesForLint/accepts_explicit_lock_file_path (0.00s)
    --- PASS: TestResolveLockFilesForLint/accepts_explicit_directory_path (0.00s)
    --- PASS: TestResolveLockFilesForLint/rejects_non_lock_file_path (0.00s)
=== RUN   TestListCommandPlaceholder
    list_command_test.go:15: list_command.go is currently empty - no functionality to test
--- SKIP: TestListCommandPlaceholder (0.00s)
=== RUN   TestRunListWorkflows_JSONOutput
=== RUN   TestRunListWorkflows_JSONOutput/JSON_output_without_pattern
[
  {
    "workflow": "ab-testing-advisor",
    "engine_id": "pi",
    "compiled": "Yes",
    "on": {
      "schedule": [
        {
          "cron": "daily around 10:00"
        }
      ],
      "skip-if-match": {
        "max": 3,
        "query": "is:issue is:open in:title \"[ab-advisor] \" label:experiments"
      },
      "workflow_dispatch": null
    }
  },
  {
    "workflow": "ace-editor",
    "engine_id": "copilot",
    "compiled": "Yes",
    "on": {
      "slash_command": {
        "events": [
          "pull_request_comment"
        ],
        "name": "ace",
        "strategy": "centralized"
      }
    }
  },
  {
    "workflow": "agent-performance-analyzer",
    "engine_id": "copilot",
    "compiled": "Yes",
    "on": "daily"
  },
  {
    "workflow": "agent-persona-explorer",
    "engine_id": "pi",
    "compiled": "Yes",
    "on": "daily"
  },
  {
    "workflow": "agentic-token-audit",
    "engine_id": "copilot",
    "compiled": "Yes",
    "on": {
      "schedule": [
        {
          "cron": "daily around 12:00 on weekdays"
        }
      ],
      "workflow_dispatch": null
    }
  },
  {
    "workflow": "agentic-token-optimizer",
    "engine_id": "copilot",
    "compiled": "Yes",
    "on": {
      "schedule": [
        {
          "cron": "daily around 14:00 on weekdays"
        }
      ],
      "workflow_dispatch": null
    }
  },
  {
    "workflow": "agentic-token-trend-audit",
    "engine_id": "copilot",
    "compiled": "Yes",
    "on": {
      "workflow_dispatch": {
        "inputs": {
          "date_range": {
            "default": "-30d..-0d",
            "description": "Date range for logs (format: \u003cstart\u003e..\u003cend\u003e, where each side is YYYY-MM-DD or a delta like -30d; e.g. 2026-05-01..2026-05-31 or -30d..-0d)",
            "required": true,
            "type": "string"
          }
        }
      }
    }
  },
  {
    "workflow": "ai-moderator",
    "engine_id": "codex",
    "compiled": "Yes",
    "on": {
      "issue_comment": {
        "lock-for-agent": true,
        "types": [
          "created"
        ]
      },
      "issues": {
        "lock-for-agent": true,
        "types": [
          "opened"
        ]
      },
      "pull_request": {
        "forks": "*",
        "types": [
          "opened"
        ]
      },
      "roles": "all",
      "skip-author-associations": {
        "issue_comment": [
          "owner",
          "member",
          "collaborator"
        ],
        "issues": [
          "owner",
          "member",
          "collaborator"
        ],
        "pull_request": [
          "owner",
          "member",
          "collaborator"
        ]
      },
      "skip-bots": [
        "github-actions",
        "copilot",
        "dependabot",
        "renovate",
        "github-copilot-enterprise",
        "copilot-swe-agent"
      ],
      "skip-roles": [
        "admin",
        "maintainer",
        "write",
        "triage"
      ]
    }
  },
  {
    "workflow": "api-consumption-report",
    "engine_id": "claude",
    "compiled": "Yes",
    "on": {
      "schedule": "daily",
      "workflow_dispatch": null
    }
  },
  {
    "workflow": "approach-validator",
    "engine_id": "claude",
    "compiled": "Yes",
    "on": {
      "label_command": {
        "events": [
          "issues",
          "pull_request"
        ],
        "names": [
          "approach-proposal",
          "needs-design"
        ],
        "strategy": "decentralized"
      },
      "slash_command": {
        "events": [
          "issue_comment",
          "pull_request_comment"
        ],
        "name": "approach-validator",
        "strategy": "centralized"
      }
    }
  },
  {
    "workflow": "archie",
    "engine_id": "copilot",
    "compiled": "Yes",
    "on": {
      "reaction": "eyes",
      "slash_command": {
        "events": [
          "issues",
          "issue_comment",
          "pull_request",
          "pull_request_comment"
        ],
        "name": "archie",
        "strategy": "centralized"
      },
      "status-comment": true
    }
  },
  {
    "workflow": "architecture-guardian",
    "engine_id": "copilot",
    "compiled": "Yes",
    "on": {
      "schedule": "daily around 14:00 on weekdays",
      "workflow_dispatch": null
    }
  },
  {
    "workflow": "artifacts-summary",
    "engine_id": "copilot",
    "compiled": "Yes",
    "on": {
      "schedule": "weekly on sunday around 06:00",
      "workflow_dispatch": null
    }
  },
  {
    "workflow": "audit-workflows",
    "engine_id": "claude",
    "compiled": "Yes",
    "on": {
      "schedule": "daily",
      "workflow_dispatch": null
    }
  },
  {
    "workflow": "auto-triage-issues",
    "engine_id": "pi",
    "compiled": "Yes",
    "on": {
      "issues": {
        "types": [
          "opened",
          "edited"
        ]
      },
      "schedule": "every 6h",
      "workflow_dispatch": null
    }
  },
  {
    "workflow": "avenger",
    "engine_id": "claude",
    "compiled": "Yes",
    "on": {
      "schedule": [
        {
          "cron": "23 * * * *"
        }
      ],
      "workflow_dispatch": null
    }
  },
  {
    "workflow": "aw-failure-investigator",
    "engine_id": "claude",
    "compiled": "Yes",
    "on": {
      "schedule": [
        {
          "cron": "every 6h"
        }
      ],
      "workflow_dispatch": null
    }
  },
  {
    "workflow": "blog-auditor",
    "engine_id": "claude",
    "compiled": "Yes",
    "on": {
      "schedule": "weekly on wednesday around 12:00",
      "workflow_dispatch": null
    }
  },
  {
    "workflow": "bot-detection",
    "engine_id": "copilot",
    "compiled": "Yes",
    "on": {
      "schedule": [
        {
          "cron": "every 6h"
        }
      ],
      "workflow_dispatch": null
    }
  },
  {
    "workflow": "brave",
    "engine_id": "copilot",
    "compiled": "Yes",
    "on": {
      "slash_command": {
        "events": [
          "issue_comment"
        ],
        "name": "brave",
        "strategy": "centralized"
      }
    }
  },
  {
    "workflow": "breaking-change-checker",
    "engine_id": "copilot",
    "compiled": "Yes",
    "on": {
      "schedule": "daily around 14:00 on weekdays",
      "workflow_dispatch": null
    }
  },
  {
    "workflow": "changeset",
    "engine_id": "codex",
    "compiled": "Yes",
    "on": {
      "pull_request": {
        "names": [
          "changeset",
          "smoke"
        ],
        "types": [
          "labeled"
        ]
      },
      "reaction": "rocket",
      "workflow_dispatch": null
    }
  },
  {
    "workflow": "chaos-pr-bundle-fuzzer",
    "engine_id": "pi",
    "compiled": "Yes",
    "on": {
      "schedule": "every 7 days",
      "workflow_dispatch": null
    }
  },
  {
    "workflow": "ci-coach",
    "engine_id": "copilot",
    "compiled": "Yes",
    "on": {
      "schedule": [
        {
          "cron": "daily around 13:00 on weekdays"
        }
      ],
      "workflow_dispatch": null
    }
  },
  {
    "workflow": "ci-doctor",
    "engine_id": "claude",
    "compiled": "Yes",
    "on": {
      "label_command": {
        "events": [
          "pull_request"
        ],
        "name": "ci-doctor",
        "strategy": "decentralized"
      }
    }
  },
  {
    "workflow": "claude-code-user-docs-review",
    "engine_id": "claude",
    "compiled": "Yes",
    "on": {
      "schedule": [
        {
          "cron": "daily"
        }
      ],
      "workflow_dispatch": null
    }
  },
  {
    "workflow": "cli-consistency-checker",
    "engine_id": "copilot",
    "compiled": "Yes",
    "on": {
      "schedule": [
        {
          "cron": "daily around 13:00 on weekdays"
        }
      ],
      "workflow_dispatch": null
    }
  },
  {
    "workflow": "cli-version-checker",
    "engine_id": "claude",
    "compiled": "Yes",
    "on": {
      "schedule": "daily",
      "workflow_dispatch": null
    }
  },
  {
    "workflow": "cloclo",
    "engine_id": "claude",
    "compiled": "Yes",
    "on": {
      "label_command": {
        "name": "cloclo",
        "strategy": "decentralized"
      },
      "slash_command": {
        "name": "cloclo",
        "strategy": "centralized"
      },
      "status-comment": true
    }
  },
  {
    "workflow": "code-scanning-fixer",
    "engine_id": "copilot",
    "compiled": "Yes",
    "on": {
      "schedule": "every 6h",
      "workflow_dispatch": null
    }
  },
  {
    "workflow": "code-simplifier",
    "engine_id": "copilot",
    "compiled": "Yes",
    "on": {
      "schedule": "daily"
    }
  },
  {
    "workflow": "codex-github-remote-mcp-test",
    "engine_id": "codex",
    "compiled": "Yes",
    "on": {
      "workflow_dispatch": null
    }
  },
  {
    "workflow": "commit-changes-analyzer",
    "engine_id": "pi",
    "compiled": "Yes",
    "on": {
      "workflow_dispatch": {
        "inputs": {
          "commit_url": {
            "description": "GitHub commit URL to analyze changes since (e.g., https://github.com/owner/repo/commit/abc123)",
            "required": true,
            "type": "string"
          }
        }
      }
    }
  },
  {
    "workflow": "constraint-solving-potd",
    "engine_id": "copilot",
    "compiled": "Yes",
    "on": {
      "schedule": "daily",
      "workflow_dispatch": null
    }
  },
  {
    "workflow": "contribution-check",
    "engine_id": "copilot",
    "compiled": "Yes",
    "on": {
      "schedule": "every 4 hours",
      "workflow_dispatch": null
    }
  },
  {
    "workflow": "copilot-agent-analysis",
    "engine_id": "claude",
    "compiled": "Yes",
    "on": {
      "schedule": [
        {
          "cron": "daily"
        }
      ],
      "workflow_dispatch": null
    }
  },
  {
    "workflow": "copilot-centralization-drilldown",
    "engine_id": "copilot",
    "compiled": "Yes",
    "on": {
      "workflow_dispatch": {
        "inputs": {
          "candidate_json": {
            "description": "Optional compact JSON object from the optimizer output",
            "required": false
          },
          "candidate_title": {
            "description": "Short name for the candidate skill or repeated task",
            "required": true
          },
          "evidence_summary": {
            "description": "Compact summary of repeated behavior and expected value",
            "required": false
          },
          "recommendation_kind": {
            "default": "shared_prompt_or_chatops",
            "description": "Recommendation from the optimizer",
            "required": false
          },
          "sample_prompt": {
            "description": "Representative prompt text",
            "required": false
          },
          "target_kind": {
            "default": "auto",
            "description": "workflow, shared_prompt, playbook, or auto",
            "required": false
          }
        }
      }
    }
  },
  {
    "workflow": "copilot-centralization-optimizer",
    "engine_id": "copilot",
    "compiled": "Yes",
    "on": {
      "schedule": "weekly on monday",
      "workflow_dispatch": null
    }
  },
  {
    "workflow": "copilot-cli-deep-research",
    "engine_id": "copilot",
    "compiled": "Yes",
    "on": {
      "schedule": [
        {
          "cron": "daily"
        }
      ]
    }
  },
  {
    "workflow": "copilot-opt",
    "engine_id": "copilot",
    "compiled": "Yes",
    "on": {
      "schedule": [
        {
          "cron": "weekly on monday"
        }
      ],
      "workflow_dispatch": null
    }
  },
  {
    "workflow": "copilot-pr-merged-report",
    "engine_id": "copilot",
    "compiled": "Yes",
    "on": {
      "schedule": [
        {
          "cron": "daily around 15:00 on weekdays"
        }
      ],
      "workflow_dispatch": null
    }
  },
  {
    "workflow": "copilot-pr-nlp-analysis",
    "engine_id": "copilot",
    "compiled": "Yes",
    "on": {
      "schedule": [
        {
          "cron": "daily around 10:00 on weekdays"
        }
      ],
      "workflow_dispatch": null
    }
  },
  {
    "workflow": "copilot-pr-prompt-analysis",
    "engine_id": "copilot",
    "compiled": "Yes",
    "on": {
      "schedule": [
        {
          "cron": "daily"
        }
      ],
      "workflow_dispatch": null
    }
  },
  {
    "workflow": "copilot-session-insights",
    "engine_id": "claude",
    "compiled": "Yes",
    "on": {
      "schedule": [
        {
          "cron": "daily"
        }
      ],
      "workflow_dispatch": null
    }
  },
  {
    "workflow": "craft",
    "engine_id": "copilot",
    "compiled": "Yes",
    "on": {
      "slash_command": {
        "events": [
          "issues"
        ],
        "name": "craft",
        "strategy": "centralized"
      }
    }
  },
  {
    "workflow": "daily-agent-of-the-day-blog-writer",
    "engine_id": "copilot",
    "compiled": "Yes",
    "on": {
      "schedule": "daily on weekdays",
      "skip-if-match": "is:pr is:open label:blog in:title \"Agent of the Day\"",
      "workflow_dispatch": null
    }
  },
  {
    "workflow": "daily-agentrx-trace-optimizer",
    "engine_id": "claude",
    "compiled": "Yes",
    "on": {
      "schedule": "daily on weekdays"
    }
  },
  {
    "workflow": "daily-ambient-context-optimizer",
    "engine_id": "copilot",
    "compiled": "Yes",
    "on": {
      "schedule": "daily",
      "workflow_dispatch": null
    }
  },
  {
    "workflow": "daily-architecture-diagram",
    "engine_id": "copilot",
    "compiled": "Yes",
    "on": {
      "schedule": "weekly on Monday around 08:00",
      "workflow_dispatch": null
    }
  },
  {
    "workflow": "daily-assign-issue-to-user",
    "engine_id": "copilot",
    "compiled": "Yes",
    "on": {
      "schedule": "daily",
      "workflow_dispatch": null
    }
  },
  {
    "workflow": "daily-astrostylelite-markdown-spellcheck",
    "engine_id": "claude",
    "compiled": "Yes",
    "on": {
      "schedule": [
        {
          "cron": "daily"
        }
      ],
      "workflow_dispatch": null
    }
  },
  {
    "workflow": "daily-aw-cross-repo-compile-check",
    "engine_id": "claude",
    "compiled": "Yes",
    "on": {
      "schedule": "daily on weekdays",
      "workflow_dispatch": null
    }
  },
  {
    "workflow": "daily-awf-spec-compiler-surfacing",
    "engine_id": "pi",
    "compiled": "Yes",
    "on": {
      "schedule": "daily",
      "workflow_dispatch": null
    }
  },
  {
    "workflow": "daily-byok-ollama-test",
    "engine_id": "copilot",
    "compiled": "Yes",
    "on": {
      "schedule": "daily on weekdays"
    }
  },
  {
    "workflow": "daily-cache-strategy-analyzer",
    "engine_id": "codex",
    "compiled": "Yes",
    "on": {
      "schedule": "daily",
      "workflow_dispatch": null
    }
  },
  {
    "workflow": "daily-caveman-optimizer",
    "engine_id": "claude",
    "compiled": "Yes",
    "on": {
      "schedule": [
        {
          "cron": "daily"
        }
      ],
      "workflow_dispatch": null
    }
  },
  {
    "workflow": "daily-choice-test",
    "engine_id": "claude",
    "compiled": "Yes",
    "on": {
      "schedule": [
        {
          "cron": "daily around 12:00 on weekdays"
        }
      ],
      "workflow_dispatch": null
    }
  },
  {
    "workflow": "daily-cli-performance",
    "engine_id": "copilot",
    "compiled": "Yes",
    "on": {
      "permissions": {
        "contents": "read"
      },
      "schedule": "daily",
      "steps": [
        {
          "id": "changes",
          "name": "Detect recent compilation-related changes",
          "uses": "actions/github-script@v9.0.0",
          "with": {
            "script": "const { owner, repo } = context.repo;\nconst since = new Date(Date.now() - 24 * 60 * 60 * 1000).toISOString();\n// Check commits touching Go source, go.mod/go.sum, or Makefile in last 24h\nconst checkPaths = ['go.mod', 'go.sum', 'Makefile', 'pkg', 'cmd'];\nlet hasChanges = false;\nfor (const path of checkPaths) {\n  const resp = await github.rest.repos.listCommits({ owner, repo, since, path, per_page: 1 });\n  if (resp.data.length \u003e 0) {\n    core.info(`Found recent compilation-related change via path: ${path}`);\n    hasChanges = true;\n    break;\n  }\n}\ncore.info(`has_changes=${hasChanges}`);\ncore.setOutput('has_changes', hasChanges ? 'true' : 'false');\n"
          }
        }
      ],
      "workflow_dispatch": null
    }
  },
  {
    "workflow": "daily-cli-tools-tester",
    "engine_id": "copilot",
    "compiled": "Yes",
    "on": {
      "schedule": "daily",
      "workflow_dispatch": null
    }
  },
  {
    "workflow": "daily-code-metrics",
    "engine_id": "claude",
    "compiled": "Yes",
    "on": {
      "schedule": "daily",
      "workflow_dispatch": null
    }
  },
  {
    "workflow": "daily-community-attribution",
    "engine_id": "copilot",
    "compiled": "Yes",
    "on": {
      "schedule": [
        {
          "cron": "daily"
        }
      ],
      "workflow_dispatch": null
    }
  },
  {
    "workflow": "daily-compiler-quality",
    "engine_id": "copilot",
    "compiled": "Yes",
    "on": {
      "schedule": "daily",
      "workflow_dispatch": null
    }
  },
  {
    "workflow": "daily-compiler-threat-spec-optimizer",
    "engine_id": "copilot",
    "compiled": "Yes",
    "on": {
      "schedule": "weekly on monday around 03:00",
      "workflow_dispatch": null
    }
  },
  {
    "workflow": "daily-credit-limit-test",
    "engine_id": "copilot",
    "compiled": "Yes",
    "on": {
      "schedule": "every 12 hours",
      "workflow_dispatch": null
    }
  },
  {
    "workflow": "daily-doc-healer",
    "engine_id": "claude",
    "compiled": "Yes",
    "on": {
      "schedule": [
        {
          "cron": "daily"
        }
      ],
      "workflow_dispatch": null
    }
  },
  {
    "workflow": "daily-doc-updater",
    "engine_id": "pi",
    "compiled": "Yes",
    "on": {
      "schedule": [
        {
          "cron": "daily around 10:00"
        }
      ],
      "workflow_dispatch": null
    }
  },
  {
    "workflow": "daily-experiment-report",
    "engine_id": "copilot",
    "compiled": "Yes",
    "on": {
      "schedule": "daily around 8:00",
      "workflow_dispatch": null
    }
  },
  {
    "workflow": "daily-fact",
    "engine_id": "codex",
    "compiled": "Yes",
    "on": {
      "schedule": [
        {
          "cron": "daily around 14:00 on weekdays"
        }
      ],
      "workflow_dispatch": null
    }
  },
  {
    "workflow": "daily-file-diet",
    "engine_id": "copilot",
    "compiled": "Yes",
    "on": {
      "schedule": [
        {
          "cron": "daily around 13:00 on weekdays"
        }
      ],
      "workflow_dispatch": null
    }
  },
  {
    "workflow": "daily-firewall-report",
    "engine_id": "copilot",
    "compiled": "Yes",
    "on": {
      "schedule": [
        {
          "cron": "daily"
        }
      ],
      "workflow_dispatch": null
    }
  },
  {
    "workflow": "daily-formal-spec-verifier",
    "engine_id": "copilot",
    "compiled": "Yes",
    "on": {
      "schedule": "daily",
      "workflow_dispatch": null
    }
  },
  {
    "workflow": "daily-function-namer",
    "engine_id": "pi",
    "compiled": "Yes",
    "on": {
      "schedule": "daily",
      "workflow_dispatch": null
    }
  },
  {
    "workflow": "daily-geo-optimizer",
    "engine_id": "copilot",
    "compiled": "Yes",
    "on": {
      "schedule": "daily",
      "workflow_dispatch": null
    }
  },
  {
    "workflow": "daily-hippo-learn",
    "engine_id": "pi",
    "compiled": "Yes",
    "on": {
      "schedule": [
        {
          "cron": "daily around 7:00"
        }
      ],
      "workflow_dispatch": null
    }
  },
  {
    "workflow": "daily-issues-report",
    "engine_id": "copilot",
    "compiled": "Yes",
    "on": "daily"
  },
  {
    "workflow": "daily-malicious-code-scan",
    "engine_id": "copilot",
    "compiled": "Yes",
    "on": {
      "schedule": "daily",
      "workflow_dispatch": null
    }
  },
  {
    "workflow": "daily-max-ai-credits-test",
    "engine_id": "copilot",
    "compiled": "Yes",
    "on": {
      "schedule": "daily around 10:30",
      "workflow_dispatch": null
    }
  },
  {
    "workflow": "daily-mcp-concurrency-analysis",
    "engine_id": "copilot",
    "compiled": "Yes",
    "on": {
      "schedule": [
        {
          "cron": "daily around 9:00 on weekdays"
        }
      ],
      "workflow_dispatch": null
    }
  },
  {
    "workflow": "daily-model-inventory",
    "engine_id": "copilot",
    "compiled": "Yes",
    "on": {
      "schedule": [
        {
          "cron": "daily"
        }
      ],
      "workflow_dispatch": null
    }
  },
  {
    "workflow": "daily-model-resolution",
    "engine_id": "codex",
    "compiled": "Yes",
    "on": {
      "schedule": "daily",
      "workflow_dispatch": null
    }
  },
  {
    "workflow": "daily-multi-device-docs-tester",
    "engine_id": "pi",
    "compiled": "Yes",
    "on": {
      "schedule": "daily",
      "workflow_dispatch": {
        "inputs": {
          "devices": {
            "default": "mobile,tablet,desktop",
            "description": "Device types to test (comma-separated: mobile,tablet,desktop)",
            "required": false
          }
        }
      }
    }
  },
  {
    "workflow": "daily-news",
    "engine_id": "pi",
    "compiled": "Yes",
    "on": {
      "schedule": [
        {
          "cron": "daily around 9:00 on weekdays"
        }
      ],
      "workflow_dispatch": null
    }
  },
  {
    "workflow": "daily-observability-report",
    "engine_id": "codex",
    "compiled": "Yes",
    "on": "daily"
  },
  {
    "workflow": "daily-performance-summary",
    "engine_id": "copilot",
    "compiled": "Yes",
    "on": {
      "schedule": "daily",
      "workflow_dispatch": null
    }
  },
  {
    "workflow": "daily-regulatory",
    "engine_id": "copilot",
    "compiled": "Yes",
    "on": {
      "schedule": "daily",
      "workflow_dispatch": null
    }
  },
  {
    "workflow": "daily-reliability-review",
    "engine_id": "claude",
    "compiled": "Yes",
    "on": {
      "schedule": "daily on weekdays",
      "workflow_dispatch": null
    }
  },
  {
    "workflow": "daily-rendering-scripts-verifier",
    "engine_id": "claude",
    "compiled": "Yes",
    "on": {
      "schedule": "daily",
      "workflow_dispatch": null
    }
  },
  {
    "workflow": "daily-repo-chronicle",
    "engine_id": "copilot",
    "compiled": "Yes",
    "on": {
      "schedule": [
        {
          "cron": "daily around 16:00 on weekdays"
        }
      ],
      "workflow_dispatch": null
    }
  },
  {
    "workflow": "daily-safe-output-integrator",
    "engine_id": "copilot",
    "compiled": "Yes",
    "on": {
      "schedule": "daily",
      "workflow_dispatch": null
    }
  },
  {
    "workflow": "daily-safe-output-optimizer",
    "engine_id": "claude",
    "compiled": "Yes",
    "on": {
      "schedule": "daily",
      "workflow_dispatch": null
    }
  },
  {
    "workflow": "daily-safe-outputs-conformance",
    "engine_id": "claude",
    "compiled": "Yes",
    "on": {
      "schedule": "daily",
      "workflow_dispatch": null
    }
  },
  {
    "workflow": "daily-safeoutputs-git-simulator",
    "engine_id": "claude",
    "compiled": "Yes",
    "on": {
      "schedule": "daily",
      "workflow_dispatch": null
    }
  },
  {
    "workflow": "daily-secrets-analysis",
    "engine_id": "copilot",
    "compiled": "Yes",
    "on": {
      "schedule": "daily",
      "workflow_dispatch": null
    }
  },
  {
    "workflow": "daily-security-observability",
    "engine_id": "copilot",
    "compiled": "Yes",
    "on": {
      "schedule": [
        {
          "cron": "daily"
        }
      ],
      "workflow_dispatch": null
    }
  },
  {
    "workflow": "daily-security-red-team",
    "engine_id": "claude",
    "compiled": "Yes",
    "on": {
      "schedule": "daily",
      "workflow_dispatch": null
    }
  },
  {
    "workflow": "daily-semgrep-scan",
    "engine_id": "copilot",
    "compiled": "Yes",
    "on": {
      "schedule": "daily",
      "workflow_dispatch": null
    }
  },
  {
    "workflow": "daily-sentrux-report",
    "engine_id": "copilot",
    "compiled": "Yes",
    "on": {
      "schedule": "daily",
      "workflow_dispatch": null
    }
  },
  {
    "workflow": "daily-skill-optimizer",
    "engine_id": "copilot",
    "compiled": "Yes",
    "on": {
      "schedule": [
        {
          "cron": "daily"
        }
      ],
      "workflow_dispatch": null
    }
  },
  {
    "workflow": "daily-spdd-spec-planner",
    "engine_id": "copilot",
    "compiled": "Yes",
    "on": {
      "schedule": "daily",
      "workflow_dispatch": null
    }
  },
  {
    "workflow": "daily-syntax-error-quality",
    "engine_id": "copilot",
    "compiled": "Yes",
    "on": {
      "schedule": "daily",
      "workflow_dispatch": null
    }
  },
  {
    "workflow": "daily-team-evolution-insights",
    "engine_id": "claude",
    "compiled": "Yes",
    "on": {
      "schedule": "daily",
      "workflow_dispatch": null
    }
  },
  {
    "workflow": "daily-team-status",
    "engine_id": "copilot",
    "compiled": "Yes",
    "on": {
      "schedule": "daily",
      "workflow_dispatch": null
    }
  },
  {
    "workflow": "daily-testify-uber-super-expert",
    "engine_id": "copilot",
    "compiled": "Yes",
    "on": {
      "schedule": "daily",
      "workflow_dispatch": null
    }
  },
  {
    "workflow": "daily-token-consumption-report",
    "engine_id": "claude",
    "compiled": "Yes",
    "on": {
      "schedule": "daily on weekdays"
    }
  },
  {
    "workflow": "daily-windows-terminal-integration-builder",
    "engine_id": "copilot",
    "compiled": "Yes",
    "on": {
      "schedule": "daily",
      "workflow_dispatch": null
    }
  },
  {
    "workflow": "daily-workflow-updater",
    "engine_id": "copilot",
    "compiled": "Yes",
    "on": {
      "schedule": [
        {
          "cron": "daily"
        }
      ],
      "workflow_dispatch": null
    }
  },
  {
    "workflow": "dataflow-pr-discussion-dataset",
    "engine_id": "copilot",
    "compiled": "Yes",
    "on": {
      "schedule": "weekly",
      "workflow_dispatch": null
    }
  },
  {
    "workflow": "dead-code-remover",
    "engine_id": "copilot",
    "compiled": "Yes",
    "on": {
      "schedule": "daily",
      "workflow_dispatch": null
    }
  },
  {
    "workflow": "deep-report",
    "engine_id": "claude",
    "compiled": "Yes",
    "on": {
      "schedule": [
        {
          "cron": "daily around 15:00 on weekdays"
        }
      ],
      "workflow_dispatch": null
    }
  },
  {
    "workflow": "delight",
    "engine_id": "copilot",
    "compiled": "Yes",
    "on": {
      "schedule": [
        {
          "cron": "daily"
        }
      ],
      "workflow_dispatch": null
    }
  },
  {
    "workflow": "dependabot-burner",
    "engine_id": "copilot",
    "compiled": "Yes",
    "on": {
      "roles": [
        "admin",
        "maintainer",
        "write"
      ],
      "schedule": "weekly",
      "slash_command": {
        "events": [
          "pull_request_comment",
          "pull_request_review_comment"
        ],
        "name": "dependabot-burner",
        "strategy": "centralized"
      },
      "workflow_dispatch": {
        "inputs": {
          "objective": {
            "default": "Close grouped Dependabot PRs for generated workflow manifests by updating source workflow markdown and recompiling in one replacement PR.",
            "description": "Burn objective override",
            "required": false,
            "type": "string"
          }
        }
      }
    }
  },
  {
    "workflow": "dependabot-go-checker",
    "engine_id": "copilot",
    "compiled": "Yes",
    "on": {
      "schedule": [
        {
          "cron": "20 9 * * 1,3,5"
        }
      ],
      "workflow_dispatch": null
    }
  },
  {
    "workflow": "dependabot-repair",
    "engine_id": "copilot",
    "compiled": "Yes",
    "on": {
      "pull_request": {
        "types": [
          "opened",
          "synchronize",
          "reopened"
        ]
      }
    }
  },
  {
    "workflow": "deployment-incident-monitor",
    "engine_id": "copilot",
    "compiled": "Yes",
    "on": {
      "deployment_status": {
        "state": [
          "error",
          "failure"
        ]
      },
      "skip-if-match": "is:issue is:open label:incident label:deployment-failure"
    }
  },
  {
    "workflow": "design-decision-gate",
    "engine_id": "claude",
    "compiled": "Yes",
    "on": {
      "pull_request": {
        "names": [
          "implementation"
        ],
        "types": [
          "labeled",
          "ready_for_review"
        ]
      },
      "slash_command": {
        "events": [
          "pull_request_comment",
          "pull_request_review_comment"
        ],
        "name": "review",
        "strategy": "centralized"
      },
      "workflow_dispatch": {
        "inputs": {
          "pr_number": {
            "description": "Pull request number to check",
            "required": false
          }
        }
      }
    }
  },
  {
    "workflow": "designer-drift-audit",
    "engine_id": "copilot",
    "compiled": "Yes",
    "on": {
      "schedule": "daily on weekdays"
    }
  },
  {
    "workflow": "dev-hawk",
    "engine_id": "copilot",
    "compiled": "Yes",
    "on": {
      "workflow_run": {
        "branches": [
          "copilot/*"
        ],
        "types": [
          "completed"
        ],
        "workflows": [
          "Dev"
        ]
      }
    }
  },
  {
    "workflow": "dev",
    "engine_id": "codex",
    "compiled": "Yes",
    "on": {
      "label_command": {
        "name": "dev",
        "strategy": "decentralized"
      },
      "schedule": [
        {
          "cron": "daily around 9:00"
        }
      ],
      "workflow_dispatch": null
    }
  },
  {
    "workflow": "developer-docs-consolidator",
    "engine_id": "claude",
    "compiled": "Yes",
    "on": {
      "schedule": [
        {
          "cron": "weekly"
        }
      ],
      "workflow_dispatch": null
    }
  },
  {
    "workflow": "dictation-prompt",
    "engine_id": "copilot",
    "compiled": "Yes",
    "on": {
      "schedule": [
        {
          "cron": "weekly on sunday around 6:00"
        }
      ],
      "workflow_dispatch": null
    }
  },
  {
    "workflow": "discussion-task-miner",
    "engine_id": "copilot",
    "compiled": "Yes",
    "on": {
      "schedule": [
        {
          "cron": "every 6h"
        }
      ],
      "workflow_dispatch": null
    }
  },
  {
    "workflow": "doc-sync-daily",
    "engine_id": "copilot",
    "compiled": "Yes",
    "on": {
      "schedule": "daily",
      "workflow_dispatch": null
    }
  },
  {
    "workflow": "docs-noob-tester",
    "engine_id": "copilot",
    "compiled": "Yes",
    "on": {
      "schedule": "daily",
      "workflow_dispatch": null
    }
  },
  {
    "workflow": "documentation-sync-agent",
    "engine_id": "copilot",
    "compiled": "Yes",
    "on": {
      "schedule": "daily",
      "workflow_dispatch": null
    }
  },
  {
    "workflow": "draft-pr-cleanup",
    "engine_id": "copilot",
    "compiled": "Yes",
    "on": {
      "schedule": "daily",
      "workflow_dispatch": null
    }
  },
  {
    "workflow": "duplicate-code-detector",
    "engine_id": "codex",
    "compiled": "Yes",
    "on": {
      "schedule": "daily",
      "workflow_dispatch": null
    }
  },
  {
    "workflow": "example-failure-category-filter",
    "engine_id": "copilot",
    "compiled": "Yes",
    "on": {
      "workflow_dispatch": null
    }
  },
  {
    "workflow": "example-permissions-warning",
    "engine_id": "copilot",
    "compiled": "Yes",
    "on": {
      "workflow_dispatch": null
    }
  },
  {
    "workflow": "example-workflow-analyzer",
    "engine_id": "claude",
    "compiled": "Yes",
    "on": {
      "schedule": "weekly on monday around 09:00",
      "workflow_dispatch": null
    }
  },
  {
    "workflow": "firewall-escape",
    "engine_id": "copilot",
    "compiled": "Yes",
    "on": {
      "pull_request": {
        "names": [
          "firewall-escape-test"
        ],
        "types": [
          "labeled"
        ]
      },
      "schedule": "daily",
      "workflow_dispatch": null
    }
  },
  {
    "workflow": "firewall",
    "engine_id": "copilot",
    "compiled": "Yes",
    "on": {
      "workflow_dispatch": null
    }
  },
  {
    "workflow": "functional-pragmatist",
    "engine_id": "copilot",
    "compiled": "Yes",
    "on": {
      "schedule": [
        {
          "cron": "25 9 * * 2,4"
        }
      ],
      "workflow_dispatch": null
    }
  },
  {
    "workflow": "github-mcp-structural-analysis",
    "engine_id": "claude",
    "compiled": "Yes",
    "on": {
      "schedule": [
        {
          "cron": "daily around 11:00 on weekdays"
        }
      ],
      "workflow_dispatch": null
    }
  },
  {
    "workflow": "github-mcp-tools-report",
    "engine_id": "claude",
    "compiled": "Yes",
    "on": {
      "schedule": "weekly on sunday around 12:00",
      "workflow_dispatch": null
    }
  },
  {
    "workflow": "github-remote-mcp-auth-test",
    "engine_id": "copilot",
    "compiled": "Yes",
    "on": {
      "schedule": "daily",
      "workflow_dispatch": null
    }
  },
  {
    "workflow": "glossary-maintainer",
    "engine_id": "copilot",
    "compiled": "Yes",
    "on": {
      "schedule": [
        {
          "cron": "daily around 10:00 on weekdays"
        }
      ],
      "workflow_dispatch": null
    }
  },
  {
    "workflow": "go-fan",
    "engine_id": "claude",
    "compiled": "Yes",
    "on": {
      "schedule": [
        {
          "cron": "daily around 7:00 on weekdays"
        }
      ],
      "workflow_dispatch": null
    }
  },
  {
    "workflow": "go-logger",
    "engine_id": "claude",
    "compiled": "Yes",
    "on": {
      "schedule": "daily",
      "workflow_dispatch": null
    }
  },
  {
    "workflow": "go-pattern-detector",
    "engine_id": "claude",
    "compiled": "Yes",
    "on": {
      "schedule": [
        {
          "cron": "daily around 14:00 on weekdays"
        }
      ],
      "workflow_dispatch": null
    }
  },
  {
    "workflow": "gpclean",
    "engine_id": "copilot",
    "compiled": "Yes",
    "on": {
      "schedule": "daily",
      "workflow_dispatch": null
    }
  },
  {
    "workflow": "grumpy-reviewer",
    "engine_id": "codex",
    "compiled": "Yes",
    "on": {
      "slash_command": {
        "events": [
          "pull_request_comment",
          "pull_request_review_comment"
        ],
        "name": "grumpy",
        "strategy": "centralized"
      }
    }
  },
  {
    "workflow": "hippo-embed",
    "engine_id": "pi",
    "compiled": "Yes",
    "on": {
      "workflow_dispatch": null
    }
  },
  {
    "workflow": "hourly-ci-cleaner",
    "engine_id": "claude",
    "compiled": "Yes",
    "on": {
      "workflow_dispatch": null
    }
  },
  {
    "workflow": "instructions-janitor",
    "engine_id": "claude",
    "compiled": "Yes",
    "on": {
      "schedule": "daily",
      "workflow_dispatch": null
    }
  },
  {
    "workflow": "issue-arborist",
    "engine_id": "codex",
    "compiled": "Yes",
    "on": {
      "schedule": "daily",
      "workflow_dispatch": null
    }
  },
  {
    "workflow": "issue-monster",
    "engine_id": "pi",
    "compiled": "Yes",
    "on": {
      "permissions": {
        "issues": "read",
        "pull-requests": "read"
      },
      "schedule": "every 30m",
      "skip-if-check-failing": {
        "allow-pending": true,
        "include": [
          "build",
          "test",
          "lint-go",
          "lint-js"
        ]
      },
      "skip-if-match": {
        "max": 5,
        "query": "is:pr is:open is:draft author:app/copilot-swe-agent"
      },
      "skip-if-no-match": "is:issue is:open",
      "steps": [
        {
          "id": "search",
          "name": "Search for candidate issues",
          "uses": "actions/github-script@v9.0.0",
          "with": {
            "script": "const { owner, repo } = context.repo;\nconst MAX_ISSUES_WITH_BODY_CONTEXT = 8;\nconst BODY_SNIPPET_MAX_LENGTH = 600;\n\ntry {\n  // Check for recent rate-limited PRs to avoid scheduling more work during rate limiting\n  core.info('Checking for recent rate-limited PRs...');\n  const rateLimitCheckDate = new Date();\n  rateLimitCheckDate.setHours(rateLimitCheckDate.getHours() - 1); // Check last hour\n  // Format as YYYY-MM-DDTHH:MM:SS for GitHub search API\n  const rateLimitCheckISO = rateLimitCheckDate.toISOString().split('.')[0] + 'Z';\n  \n  const recentPRsQuery = `is:pr author:app/copilot-swe-agent created:\u003e${rateLimitCheckISO} repo:${owner}/${repo}`;\n  const recentPRsResponse = await github.rest.search.issuesAndPullRequests({\n    q: recentPRsQuery,\n    per_page: 10,\n    sort: 'created',\n    order: 'desc'\n  });\n  \n  core.info(`Found ${recentPRsResponse.data.total_count} recent Copilot PRs to check for rate limiting`);\n  \n  // Check if any recent PRs have rate limit indicators\n  let rateLimitDetected = false;\n  for (const pr of recentPRsResponse.data.items) {\n    try {\n      const prTimelineQuery = `\n        query($owner: String!, $repo: String!, $number: Int!) {\n          repository(owner: $owner, name: $repo) {\n            pullRequest(number: $number) {\n              timelineItems(first: 50, itemTypes: [ISSUE_COMMENT]) {\n                nodes {\n                  __typename\n                  ... on IssueComment {\n                    body\n                    createdAt\n                  }\n                }\n              }\n            }\n          }\n        }\n      `;\n      \n      const prTimelineResult = await github.graphql(prTimelineQuery, {\n        owner,\n        repo,\n        number: pr.number\n      });\n      \n      const comments = prTimelineResult?.repository?.pullRequest?.timelineItems?.nodes || [];\n      const rateLimitPattern = /rate limit|API rate limit|secondary rate limit|abuse detection|429|too many requests/i;\n      \n      for (const comment of comments) {\n        if (comment.body \u0026\u0026 rateLimitPattern.test(comment.body)) {\n          core.warning(`Rate limiting detected in PR #${pr.number}: ${comment.body.substring(0, 200)}`);\n          rateLimitDetected = true;\n          break;\n        }\n      }\n      \n      if (rateLimitDetected) break;\n    } catch (error) {\n      core.warning(`Could not check PR #${pr.number} for rate limiting: ${error.message}`);\n    }\n  }\n  \n  if (rateLimitDetected) {\n    core.warning('🛑 Rate limiting detected in recent PRs. Skipping issue assignment to prevent further rate limit issues.');\n    core.setOutput('issue_count', 0);\n    core.setOutput('issue_numbers', '');\n    core.setOutput('issue_list', '');\n    core.setOutput('issue_context', '');\n    core.setOutput('has_issues', 'false');\n    return;\n  }\n  \n  core.info('✓ No rate limiting detected. Proceeding with issue search.');\n  \n  // Labels that indicate an issue should NOT be auto-assigned\n  const excludeLabels = [\n    'wontfix',\n    'duplicate',\n    'invalid',\n    'question',\n    'discussion',\n    'needs-discussion',\n    'blocked',\n    'on-hold',\n    'waiting-for-feedback',\n    'needs-more-info',\n    'no-bot',\n    'no-campaign'\n  ];\n  \n  // Labels that indicate an issue is a GOOD candidate for auto-assignment\n  const priorityLabels = [\n    'community',\n    'good first issue',\n    'good-first-issue',\n    'bug',\n    'enhancement',\n    'feature',\n    'documentation',\n    'tech-debt',\n    'refactoring',\n    'performance',\n    'security'\n  ];\n  \n  // Search for open issues with \"cookie\" label and without excluded labels\n  // The \"cookie\" label indicates issues that are approved work queue items from automated workflows\n  const query = `is:issue is:open repo:${owner}/${repo} label:cookie -label:\"${excludeLabels.join('\" -label:\"')}\"`;\n  core.info(`Searching: ${query}`);\n  const response = await github.rest.search.issuesAndPullRequests({\n    q: query,\n    per_page: 100,\n    sort: 'created',\n    order: 'desc'\n  });\n  core.info(`Found ${response.data.total_count} total issues matching basic criteria`);\n  \n  // Fetch full details for each issue to get labels, assignees, sub-issues, and linked PRs\n  // Track integrity-filtered issues to emit a diagnostic summary\n  const integrityFilteredIssues = [];\n  const issuesWithDetails = (await Promise.all(\n    response.data.items.map(async (issue) =\u003e {\n      // Fetch full issue details — some issues may be blocked by integrity policy\n      let fullIssue;\n      try {\n        fullIssue = await github.rest.issues.get({\n          owner,\n          repo,\n          issue_number: issue.number\n        });\n      } catch (fetchError) {\n        // Integrity-filtered issues (403/451) or other transient errors should be\n        // skipped individually rather than failing the entire batch\n        const status = fetchError.status || fetchError.response?.status;\n        // 403 = Forbidden (integrity policy), 451 = Unavailable For Legal Reasons\n        const isIntegrityBlock = status === 403 || status === 451 ||\n          /\\bintegrity\\b/i.test(fetchError.message || '');\n        const errorSummary = (fetchError.message || String(fetchError)).slice(0, 120);\n        if (isIntegrityBlock) {\n          integrityFilteredIssues.push(issue.number);\n          core.warning(`⚠️ Skipping issue #${issue.number}: blocked by integrity policy (HTTP ${status || 'unknown'}): ${errorSummary}`);\n        } else {\n          core.warning(`⚠️ Skipping issue #${issue.number}: could not fetch details (HTTP ${status || 'unknown'}): ${errorSummary}`);\n        }\n        return null;\n      }\n\n      // Check if this issue has sub-issues and linked PRs using GraphQL\n      let subIssuesCount = 0;\n      let linkedPRs = [];\n      try {\n        const issueDetailsQuery = `\n          query($owner: String!, $repo: String!, $number: Int!) {\n            repository(owner: $owner, name: $repo) {\n              issue(number: $number) {\n                subIssues {\n                  totalCount\n                }\n                timelineItems(first: 100, itemTypes: [CROSS_REFERENCED_EVENT]) {\n                  nodes {\n                    ... on CrossReferencedEvent {\n                      source {\n                        __typename\n                        ... on PullRequest {\n                          number\n                          state\n                          isDraft\n                          author {\n                            login\n                          }\n                        }\n                      }\n                    }\n                  }\n                }\n              }\n            }\n          }\n        `;\n        const issueDetailsResult = await github.graphql(issueDetailsQuery, {\n          owner,\n          repo,\n          number: issue.number\n        });\n        \n        subIssuesCount = issueDetailsResult?.repository?.issue?.subIssues?.totalCount || 0;\n        \n        // Extract linked PRs from timeline\n        const timelineItems = issueDetailsResult?.repository?.issue?.timelineItems?.nodes || [];\n        linkedPRs = timelineItems\n          .filter(item =\u003e item?.source?.__typename === 'PullRequest')\n          .map(item =\u003e ({\n            number: item.source.number,\n            state: item.source.state,\n            isDraft: item.source.isDraft,\n            author: item.source.author?.login\n          }));\n          \n        core.info(`Issue #${issue.number} has ${linkedPRs.length} linked PR(s)`);\n      } catch (error) {\n        // If GraphQL query fails, continue with defaults\n        core.warning(`Could not check details for #${issue.number}: ${error.message}`);\n      }\n      \n      return {\n        ...fullIssue.data,\n        subIssuesCount,\n        linkedPRs\n      };\n    })\n  )).filter(Boolean); // Remove null entries (integrity-filtered or otherwise skipped)\n\n  // Emit diagnostic summary for integrity-filtered issues\n  if (integrityFilteredIssues.length \u003e 0) {\n    core.warning(`🛡️ Integrity filter diagnostic: ${integrityFilteredIssues.length} issue(s) were skipped due to integrity policy: #${integrityFilteredIssues.join(', #')}. These issues will be excluded from this run.`);\n  }\n  \n  // Filter and score issues\n  const scoredIssues = issuesWithDetails\n    .filter(issue =\u003e {\n      // Exclude issues that already have assignees\n      if (issue.assignees \u0026\u0026 issue.assignees.length \u003e 0) {\n        core.info(`Skipping #${issue.number}: already has assignees`);\n        return false;\n      }\n      \n      // Exclude issues with excluded labels (double check)\n      const issueLabels = issue.labels.map(l =\u003e l.name.toLowerCase());\n      if (issueLabels.some(label =\u003e excludeLabels.map(l =\u003e l.toLowerCase()).includes(label))) {\n        core.info(`Skipping #${issue.number}: has excluded label`);\n        return false;\n      }\n      \n      // Exclude issues with campaign labels (campaign:*)\n      // Campaign items are managed by campaign orchestrators\n      if (issueLabels.some(label =\u003e label.startsWith('campaign:'))) {\n        core.info(`Skipping #${issue.number}: has campaign label (managed by campaign orchestrator)`);\n        return false;\n      }\n      \n      // Exclude issues that have sub-issues (parent/organizing issues)\n      if (issue.subIssuesCount \u003e 0) {\n        core.info(`Skipping #${issue.number}: has ${issue.subIssuesCount} sub-issue(s) - parent issues are used for organizing, not tasks`);\n        return false;\n      }\n      \n      // Exclude issues with closed PRs (treat as complete)\n      const closedPRs = issue.linkedPRs?.filter(pr =\u003e pr.state === 'CLOSED' || pr.state === 'MERGED') || [];\n      if (closedPRs.length \u003e 0) {\n        core.info(`Skipping #${issue.number}: has ${closedPRs.length} closed/merged PR(s) - treating as complete`);\n        return false;\n      }\n      \n      // Exclude issues with open PRs from Copilot coding agent\n      const openCopilotPRs = issue.linkedPRs?.filter(pr =\u003e \n        pr.state === 'OPEN' \u0026\u0026 \n        (pr.author === 'copilot-swe-agent' || pr.author?.includes('copilot'))\n      ) || [];\n      if (openCopilotPRs.length \u003e 0) {\n        core.info(`Skipping #${issue.number}: has ${openCopilotPRs.length} open PR(s) from Copilot - already being worked on`);\n        return false;\n      }\n      \n      return true;\n    })\n    .map(issue =\u003e {\n      const issueLabels = issue.labels.map(l =\u003e l.name.toLowerCase());\n      let score = 0;\n      \n      // Score based on priority labels (higher score = higher priority)\n      // Community issues always get the highest priority — these are\n      // requests from external contributors and should be addressed first.\n      if (issueLabels.includes('community')) {\n        score += 60;\n      }\n      if (issueLabels.includes('good first issue') || issueLabels.includes('good-first-issue')) {\n        score += 50;\n      }\n      if (issueLabels.includes('bug')) {\n        score += 40;\n      }\n      if (issueLabels.includes('security')) {\n        score += 45;\n      }\n      if (issueLabels.includes('documentation')) {\n        score += 35;\n      }\n      if (issueLabels.includes('enhancement') || issueLabels.includes('feature')) {\n        score += 30;\n      }\n      if (issueLabels.includes('performance')) {\n        score += 25;\n      }\n      if (issueLabels.includes('tech-debt') || issueLabels.includes('refactoring')) {\n        score += 20;\n      }\n      \n      // Bonus for issues with clear labels (any priority label)\n      if (issueLabels.some(label =\u003e priorityLabels.map(l =\u003e l.toLowerCase()).includes(label))) {\n        score += 10;\n      }\n      \n      // Age bonus: older issues get slight priority (days old / 10)\n      const ageInDays = Math.floor((Date.now() - new Date(issue.created_at)) / (1000 * 60 * 60 * 24));\n      score += Math.min(ageInDays / 10, 20); // Cap age bonus at 20 points\n      \n      return {\n        number: issue.number,\n        title: issue.title,\n        labels: issue.labels.map(l =\u003e l.name),\n        body: issue.body,\n        created_at: issue.created_at,\n        score\n      };\n    })\n    .sort((a, b) =\u003e b.score - a.score); // Sort by score descending\n  \n  // Format output\n  const issueList = scoredIssues.map(i =\u003e {\n    const labelStr = i.labels.length \u003e 0 ? ` [${i.labels.join(', ')}]` : '';\n    return `#${i.number}: ${i.title}${labelStr} (score: ${i.score.toFixed(1)})`;\n  }).join('\\n');\n\n  // Pre-fetch compact body context for top candidates so the agent can\n  // triage without extra reads in most runs.\n  const issueContext = scoredIssues.slice(0, MAX_ISSUES_WITH_BODY_CONTEXT).map(i =\u003e {\n    const body = (i.body || '').replace(/\\s+/g, ' ').trim();\n    const bodySnippet = body.length \u003e BODY_SNIPPET_MAX_LENGTH ? `${body.slice(0, BODY_SNIPPET_MAX_LENGTH)}…` : body;\n    const labelStr = i.labels.length \u003e 0 ? i.labels.join(', ') : 'none';\n    return `#${i.number} | score=${i.score.toFixed(1)} | labels=${labelStr}\\nTitle: ${i.title}\\nBody: ${bodySnippet || '(no body)'}`;\n  }).join('\\n\\n---\\n\\n');\n  \n  const issueNumbers = scoredIssues.map(i =\u003e i.number).join(',');\n  \n  core.info(`Total candidate issues after filtering: ${scoredIssues.length}`);\n  if (scoredIssues.length \u003e 0) {\n    core.info(`Top candidates:\\n${issueList.split('\\n').slice(0, 10).join('\\n')}`);\n  }\n  \n  core.setOutput('issue_count', scoredIssues.length);\n  core.setOutput('issue_numbers', issueNumbers);\n  core.setOutput('issue_list', issueList);\n  core.setOutput('issue_context', issueContext);\n  \n  if (scoredIssues.length === 0) {\n    core.info('🍽️ No suitable candidate issues - the plate is empty!');\n    core.setOutput('has_issues', 'false');\n  } else {\n    core.setOutput('has_issues', 'true');\n  }\n} catch (error) {\n  core.error(`Error searching for issues: ${error.message}`);\n  core.setOutput('issue_count', 0);\n  core.setOutput('issue_numbers', '');\n  core.setOutput('issue_list', '');\n  core.setOutput('issue_context', '');\n  core.setOutput('has_issues', 'false');\n}\n"
          }
        }
      ],
      "workflow_dispatch": null
    }
  },
  {
    "workflow": "issue-triage-agent",
    "engine_id": "copilot",
    "compiled": "Yes",
    "on": {
      "schedule": "daily around 14:00 on weekdays",
      "workflow_dispatch": null
    }
  },
  {
    "workflow": "jsweep",
    "engine_id": "copilot",
    "compiled": "Yes",
    "on": {
      "schedule": "daily",
      "workflow_dispatch": null
    }
  },
  {
    "workflow": "layout-spec-maintainer",
    "engine_id": "copilot",
    "compiled": "Yes",
    "on": {
      "schedule": [
        {
          "cron": "weekly on monday around 7:00"
        }
      ],
      "workflow_dispatch": null
    }
  },
  {
    "workflow": "lint-monster",
    "engine_id": "pi",
    "compiled": "Yes",
    "on": {
      "schedule": "daily",
      "workflow_dispatch": null
    }
  },
  {
    "workflow": "linter-miner",
    "engine_id": "copilot",
    "compiled": "Yes",
    "on": {
      "schedule": "daily",
      "workflow_dispatch": null
    }
  },
  {
    "workflow": "lockfile-stats",
    "engine_id": "claude",
    "compiled": "Yes",
    "on": {
      "schedule": "daily",
      "workflow_dispatch": null
    }
  },
  {
    "workflow": "mattpocock-skills-reviewer",
    "engine_id": "copilot",
    "compiled": "Yes",
    "on": {
      "pull_request": {
        "types": [
          "ready_for_review"
        ]
      },
      "slash_command": {
        "events": [
          "pull_request_comment",
          "pull_request_review_comment"
        ],
        "name": "matt",
        "strategy": "centralized"
      }
    }
  },
  {
    "workflow": "mcp-inspector",
    "engine_id": "copilot",
    "compiled": "Yes",
    "on": {
      "schedule": "weekly on monday around 18:00",
      "workflow_dispatch": null
    }
  },
  {
    "workflow": "mergefest",
    "engine_id": "copilot",
    "compiled": "Yes",
    "on": {
      "slash_command": {
        "events": [
          "pull_request_comment"
        ],
        "name": "mergefest",
        "strategy": "centralized"
      }
    }
  },
  {
    "workflow": "metrics-collector",
    "engine_id": "copilot",
    "compiled": "Yes",
    "on": "daily"
  },
  {
    "workflow": "necromancer",
    "engine_id": "codex",
    "compiled": "Yes",
    "on": {
      "label_command": {
        "events": [
          "pull_request"
        ],
        "name": "necromancer",
        "strategy": "decentralized"
      },
      "status-comment": true
    }
  },
  {
    "workflow": "notion-issue-summary",
    "engine_id": "copilot",
    "compiled": "Yes",
    "on": {
      "workflow_dispatch": {
        "inputs": {
          "issue-number": {
            "description": "Issue number to analyze",
            "required": true,
            "type": "string"
          }
        }
      }
    }
  },
  {
    "workflow": "objective-impact-report",
    "engine_id": "copilot",
    "compiled": "Yes",
    "on": {
      "workflow_dispatch": null
    }
  },
  {
    "workflow": "org-health-report",
    "engine_id": "copilot",
    "compiled": "Yes",
    "on": {
      "schedule": "weekly on monday around 09:00",
      "workflow_dispatch": null
    }
  },
  {
    "workflow": "outcome-collector",
    "engine_id": "copilot",
    "compiled": "Yes",
    "on": {
      "schedule": [
        {
          "cron": "every 3 days"
        }
      ],
      "workflow_dispatch": null
    }
  },
  {
    "workflow": "pdf-summary",
    "engine_id": "copilot",
    "compiled": "Yes",
    "on": {
      "slash_command": {
        "events": [
          "issue_comment",
          "issues"
        ],
        "name": "summarize",
        "strategy": "centralized"
      },
      "workflow_dispatch": {
        "inputs": {
          "query": {
            "default": "summarize in the context of this repository",
            "description": "Query or question to answer about the resource(s)",
            "required": false,
            "type": "string"
          },
          "url": {
            "description": "URL(s) to resource(s) to analyze (comma-separated for multiple URLs)",
            "required": false,
            "type": "string"
          }
        }
      }
    }
  },
  {
    "workflow": "plan",
    "engine_id": "copilot",
    "compiled": "Yes",
    "on": {
      "slash_command": {
        "events": [
          "issue_comment",
          "discussion_comment"
        ],
        "name": "plan",
        "strategy": "centralized"
      }
    }
  },
  {
    "workflow": "poem-bot",
    "engine_id": "pi",
    "compiled": "Yes",
    "on": {
      "roles": [
        "admin",
        "maintainer"
      ],
      "slash_command": {
        "events": [
          "issues"
        ],
        "name": "poem-bot",
        "strategy": "centralized"
      },
      "workflow_dispatch": {
        "inputs": {
          "poem_theme": {
            "default": "technology and automation",
            "description": "Theme for the generated poem",
            "required": false
          }
        }
      }
    }
  },
  {
    "workflow": "portfolio-analyst",
    "engine_id": "claude",
    "compiled": "Yes",
    "on": {
      "schedule": [
        {
          "cron": "0 16 * * 1"
        }
      ],
      "workflow_dispatch": null
    }
  },
  {
    "workflow": "pr-code-quality-reviewer",
    "engine_id": "copilot",
    "compiled": "Yes",
    "on": {
      "pull_request": {
        "types": [
          "ready_for_review"
        ]
      },
      "slash_command": {
        "events": [
          "pull_request_comment",
          "pull_request_review_comment"
        ],
        "name": "review",
        "strategy": "centralized"
      }
    }
  },
  {
    "workflow": "pr-description-caveman",
    "engine_id": "copilot",
    "compiled": "Yes",
    "on": {
      "pull_request": {
        "types": [
          "closed"
        ]
      }
    }
  },
  {
    "workflow": "pr-nitpick-reviewer",
    "engine_id": "copilot",
    "compiled": "Yes",
    "on": {
      "slash_command": {
        "events": [
          "pull_request_comment",
          "pull_request_review_comment"
        ],
        "name": "nit",
        "strategy": "centralized"
      }
    }
  },
  {
    "workflow": "pr-sous-chef",
    "engine_id": "copilot",
    "compiled": "Yes",
    "on": {
      "schedule": "every 15m",
      "skip-if-no-match": "is:pr is:open -is:draft",
      "workflow_dispatch": null
    }
  },
  {
    "workflow": "pr-triage-agent",
    "engine_id": "copilot",
    "compiled": "Yes",
    "on": {
      "schedule": "every 6h",
      "workflow_dispatch": null
    }
  },
  {
    "workflow": "prompt-clustering-analysis",
    "engine_id": "claude",
    "compiled": "Yes",
    "on": {
      "schedule": "daily",
      "workflow_dispatch": null
    }
  },
  {
    "workflow": "python-data-charts",
    "engine_id": "copilot",
    "compiled": "Yes",
    "on": {
      "workflow_dispatch": null
    }
  },
  {
    "workflow": "q",
    "engine_id": "copilot",
    "compiled": "Yes",
    "on": {
      "reaction": "rocket",
      "roles": [
        "admin",
        "maintainer",
        "write"
      ],
      "slash_command": {
        "name": "q"
      },
      "status-comment": true
    }
  },
  {
    "workflow": "refactoring-cadence",
    "engine_id": "copilot",
    "compiled": "Yes",
    "on": {
      "schedule": "daily on weekdays",
      "workflow_dispatch": null
    }
  },
  {
    "workflow": "refiner",
    "engine_id": "copilot",
    "compiled": "Yes",
    "on": "pull_request labeled refine"
  },
  {
    "workflow": "release",
    "engine_id": "copilot",
    "compiled": "Yes",
    "on": {
      "roles": [
        "admin",
        "maintainer"
      ],
      "workflow_dispatch": {
        "inputs": {
          "release_type": {
            "default": "patch",
            "description": "Release type (patch, minor, or major)",
            "options": [
              "patch",
              "minor",
              "major"
            ],
            "required": true,
            "type": "choice"
          }
        }
      }
    }
  },
  {
    "workflow": "repo-audit-analyzer",
    "engine_id": "copilot",
    "compiled": "Yes",
    "on": {
      "workflow_dispatch": {
        "inputs": {
          "repository": {
            "default": "FStarLang/FStar",
            "description": "Target repository to audit (e.g., FStarLang/FStar)",
            "required": false,
            "type": "string"
          }
        }
      }
    }
  },
  {
    "workflow": "repo-tree-map",
    "engine_id": "copilot",
    "compiled": "Yes",
    "on": {
      "schedule": "weekly on monday around 15:00",
      "workflow_dispatch": null
    }
  },
  {
    "workflow": "repository-quality-improver",
    "engine_id": "copilot",
    "compiled": "Yes",
    "on": {
      "schedule": [
        {
          "cron": "daily around 13:00 on weekdays"
        }
      ],
      "workflow_dispatch": {
        "inputs": {
          "serena": {
            "default": false,
            "description": "Enable Serena MCP for deep static analysis (off by default)",
            "required": false,
            "type": "boolean"
          }
        }
      }
    }
  },
  {
    "workflow": "research",
    "engine_id": "copilot",
    "compiled": "Yes",
    "on": {
      "workflow_dispatch": {
        "inputs": {
          "topic": {
            "description": "Research topic or question to investigate",
            "required": true,
            "type": "string"
          }
        }
      }
    }
  },
  {
    "workflow": "ruflo-backed-task",
    "engine_id": "claude",
    "compiled": "Yes",
    "on": {
      "slash_command": {
        "events": [
          "issue_comment"
        ],
        "name": "ruflo",
        "strategy": "centralized"
      }
    }
  },
  {
    "workflow": "safe-output-health",
    "engine_id": "claude",
    "compiled": "Yes",
    "on": {
      "schedule": "daily",
      "workflow_dispatch": null
    }
  },
  {
    "workflow": "schema-consistency-checker",
    "engine_id": "pi",
    "compiled": "Yes",
    "on": {
      "schedule": "daily",
      "workflow_dispatch": null
    }
  },
  {
    "workflow": "schema-feature-coverage",
    "engine_id": "codex",
    "compiled": "Yes",
    "on": {
      "schedule": "weekly on monday around 07:00",
      "workflow_dispatch": null
    }
  },
  {
    "workflow": "scout",
    "engine_id": "claude",
    "compiled": "Yes",
    "on": {
      "roles": [
        "admin",
        "maintainer",
        "write"
      ],
      "slash_command": {
        "events": [
          "issues",
          "issue_comment",
          "pull_request",
          "pull_request_comment",
          "pull_request_review_comment",
          "discussion",
          "discussion_comment"
        ],
        "name": "scout",
        "strategy": "centralized"
      },
      "workflow_dispatch": {
        "inputs": {
          "history": {
            "default": "shallow",
            "description": "Git history to fetch: shallow (default) or full",
            "options": [
              "shallow",
              "full"
            ],
            "required": false,
            "type": "choice"
          },
          "topic": {
            "description": "Research topic or question",
            "required": false
          }
        }
      }
    }
  },
  {
    "workflow": "security-compliance",
    "engine_id": "copilot",
    "compiled": "Yes",
    "on": {
      "workflow_dispatch": {
        "inputs": {
          "audit_date": {
            "description": "Audit deadline (YYYY-MM-DD)",
            "required": true
          },
          "max_issues": {
            "default": "500",
            "description": "Maximum vulnerabilities to process",
            "required": false
          },
          "severity_threshold": {
            "default": "high",
            "description": "Minimum severity to fix (critical, high, medium)",
            "required": false
          }
        }
      }
    }
  },
  {
    "workflow": "security-review",
    "engine_id": "copilot",
    "compiled": "Yes",
    "on": {
      "slash_command": {
        "events": [
          "pull_request_comment",
          "pull_request_review_comment"
        ],
        "name": "security-review",
        "strategy": "centralized"
      }
    }
  },
  {
    "workflow": "semantic-function-refactor",
    "engine_id": "claude",
    "compiled": "Yes",
    "on": {
      "schedule": "daily",
      "workflow_dispatch": null
    }
  },
  {
    "workflow": "sergo",
    "engine_id": "claude",
    "compiled": "Yes",
    "on": {
      "schedule": "daily",
      "workflow_dispatch": null
    }
  },
  {
    "workflow": "skillet",
    "engine_id": "copilot",
    "compiled": "Yes",
    "on": {
      "permissions": {
        "contents": "read",
        "issues": "write",
        "pull-requests": "read"
      },
      "slash_command": {
        "events": [
          "pull_request_comment",
          "pull_request_review_comment"
        ],
        "name": "*",
        "strategy": "centralized"
      }
    }
  },
  {
    "workflow": "slide-deck-maintainer",
    "engine_id": "copilot",
    "compiled": "Yes",
    "on": {
      "schedule": [
        {
          "cron": "daily around 16:00 on weekdays"
        }
      ],
      "workflow_dispatch": {
        "inputs": {
          "focus": {
            "default": "global-sweep",
            "description": "Focus area (feature-deep-dive or global-sweep)",
            "required": false
          }
        }
      }
    }
  },
  {
    "workflow": "smoke-agent-all-merged",
    "engine_id": "claude",
    "compiled": "Yes",
    "on": {
      "pull_request": {
        "names": [
          "metal"
        ],
        "types": [
          "labeled"
        ]
      },
      "slash_command": {
        "events": [
          "issues",
          "issue_comment",
          "pull_request",
          "pull_request_comment"
        ],
        "name": "smoke-agent-all-merged",
        "strategy": "centralized"
      },
      "status-comment": true,
      "workflow_dispatch": null
    }
  },
  {
    "workflow": "smoke-agent-all-none",
    "engine_id": "claude",
    "compiled": "Yes",
    "on": {
      "pull_request": {
        "names": [
          "metal"
        ],
        "types": [
          "labeled"
        ]
      },
      "slash_command": {
        "events": [
          "issues",
          "issue_comment",
          "pull_request",
          "pull_request_comment"
        ],
        "name": "smoke-agent-all-none",
        "strategy": "centralized"
      },
      "status-comment": true,
      "workflow_dispatch": null
    }
  },
  {
    "workflow": "smoke-agent-public-approved",
    "engine_id": "claude",
    "compiled": "Yes",
    "on": {
      "pull_request": {
        "names": [
          "metal"
        ],
        "types": [
          "labeled"
        ]
      },
      "slash_command": {
        "events": [
          "issues",
          "issue_comment",
          "pull_request",
          "pull_request_comment"
        ],
        "name": "smoke-agent-public-approved",
        "strategy": "centralized"
      },
      "status-comment": true,
      "workflow_dispatch": null
    }
  },
  {
    "workflow": "smoke-agent-public-none",
    "engine_id": "claude",
    "compiled": "Yes",
    "on": {
      "pull_request": {
        "names": [
          "metal"
        ],
        "types": [
          "labeled"
        ]
      },
      "slash_command": {
        "events": [
          "issues",
          "issue_comment",
          "pull_request",
          "pull_request_comment"
        ],
        "name": "smoke-agent-public-none",
        "strategy": "centralized"
      },
      "status-comment": true,
      "workflow_dispatch": null
    }
  },
  {
    "workflow": "smoke-agent-scoped-approved",
    "engine_id": "claude",
    "compiled": "Yes",
    "on": {
      "pull_request": {
        "names": [
          "metal"
        ],
        "types": [
          "labeled"
        ]
      },
      "slash_command": {
        "events": [
          "issues",
          "issue_comment",
          "pull_request",
          "pull_request_comment"
        ],
        "name": "smoke-agent-scoped-approved",
        "strategy": "centralized"
      },
      "status-comment": true,
      "workflow_dispatch": null
    }
  },
  {
    "workflow": "smoke-antigravity",
    "engine_id": "antigravity",
    "compiled": "Yes",
    "on": {
      "pull_request": {
        "names": [
          "smoke"
        ],
        "types": [
          "labeled"
        ]
      },
      "reaction": "rocket",
      "slash_command": {
        "events": [
          "issues",
          "issue_comment",
          "pull_request",
          "pull_request_comment"
        ],
        "name": "smoke-antigravity",
        "strategy": "centralized"
      },
      "status-comment": true,
      "workflow_dispatch": null
    }
  },
  {
    "workflow": "smoke-call-workflow",
    "engine_id": "codex",
    "compiled": "Yes",
    "on": {
      "pull_request": {
        "names": [
          "water"
        ],
        "types": [
          "labeled"
        ]
      },
      "slash_command": {
        "events": [
          "issues",
          "issue_comment",
          "pull_request",
          "pull_request_comment"
        ],
        "name": "smoke-call-workflow",
        "strategy": "centralized"
      },
      "workflow_dispatch": null
    }
  },
  {
    "workflow": "smoke-ci",
    "engine_id": "copilot",
    "compiled": "Yes",
    "on": {
      "pull_request": {
        "types": [
          "opened",
          "synchronize",
          "reopened"
        ]
      },
      "push": {
        "branches": [
          "main"
        ],
        "paths": [
          "cmd/**",
          "pkg/**",
          "*.go",
          "go.mod",
          "actions/setup/js/**"
        ]
      },
      "schedule": "daily"
    }
  },
  {
    "workflow": "smoke-claude-on-copilot",
    "engine_id": "claude",
    "compiled": "Yes",
    "on": {
      "slash_command": {
        "events": [
          "pull_request",
          "pull_request_comment"
        ],
        "name": "smoke-claude-on-copilot",
        "strategy": "centralized"
      },
      "status-comment": true
    }
  },
  {
    "workflow": "smoke-claude",
    "engine_id": "claude",
    "compiled": "Yes",
    "on": {
      "pull_request": {
        "names": [
          "smoke"
        ],
        "types": [
          "labeled"
        ]
      },
      "reaction": "heart",
      "slash_command": {
        "events": [
          "issues",
          "issue_comment",
          "pull_request",
          "pull_request_comment"
        ],
        "name": "smoke-claude",
        "strategy": "centralized"
      },
      "status-comment": true,
      "workflow_dispatch": null
    }
  },
  {
    "workflow": "smoke-codex",
    "engine_id": "codex",
    "compiled": "Yes",
    "on": {
      "pull_request": {
        "names": [
          "smoke"
        ],
        "types": [
          "labeled"
        ]
      },
      "reaction": "hooray",
      "slash_command": {
        "events": [
          "issues",
          "issue_comment",
          "pull_request",
          "pull_request_comment"
        ],
        "name": "smoke-codex",
        "strategy": "centralized"
      },
      "status-comment": true,
      "workflow_dispatch": {
        "inputs": {
          "aw_context": {
            "default": "",
            "description": "Agent caller context (used internally by Agentic Workflows).",
            "required": false,
            "type": "string"
          }
        }
      }
    }
  },
  {
    "workflow": "smoke-copilot-aoai-apikey",
    "engine_id": "copilot",
    "compiled": "Yes",
    "on": {
      "github-token": "${{ secrets.GH_AW_GITHUB_TOKEN || secrets.GITHUB_TOKEN }}",
      "label_command": {
        "events": [
          "pull_request"
        ],
        "name": "smoke"
      },
      "reaction": "eyes",
      "slash_command": {
        "events": [
          "issues",
          "issue_comment",
          "pull_request",
          "pull_request_comment"
        ],
        "name": "smoke-copilot-aoai-apikey",
        "strategy": "centralized"
      },
      "status-comment": true,
      "workflow_dispatch": null
    }
  },
  {
    "workflow": "smoke-copilot-aoai-entra",
    "engine_id": "copilot",
    "compiled": "Yes",
    "on": {
      "github-token": "${{ secrets.GH_AW_GITHUB_TOKEN || secrets.GITHUB_TOKEN }}",
      "label_command": {
        "events": [
          "pull_request"
        ],
        "name": "smoke"
      },
      "reaction": "eyes",
      "slash_command": {
        "events": [
          "issues",
          "issue_comment",
          "pull_request",
          "pull_request_comment"
        ],
        "name": "smoke-copilot-aoai-entra",
        "strategy": "centralized"
      },
      "status-comment": true,
      "workflow_dispatch": null
    }
  },
  {
    "workflow": "smoke-copilot-arm",
    "engine_id": "copilot",
    "compiled": "Yes",
    "on": {
      "pull_request": {
        "names": [
          "water"
        ],
        "types": [
          "labeled"
        ]
      },
      "reaction": "eyes",
      "slash_command": {
        "events": [
          "issues",
          "issue_comment",
          "pull_request",
          "pull_request_comment"
        ],
        "name": "smoke-copilot-arm",
        "strategy": "centralized"
      },
      "status-comment": true,
      "workflow_dispatch": null
    }
  },
  {
    "workflow": "smoke-copilot-sdk",
    "engine_id": "copilot",
    "compiled": "Yes",
    "on": {
      "github-token": "${{ secrets.GH_AW_GITHUB_TOKEN || secrets.GITHUB_TOKEN }}",
      "label_command": {
        "events": [
          "pull_request"
        ],
        "name": "smoke-sdk"
      },
      "slash_command": {
        "events": [
          "issues",
          "issue_comment",
          "pull_request",
          "pull_request_comment"
        ],
        "name": "smoke-copilot-sdk",
        "strategy": "centralized"
      },
      "workflow_dispatch": null
    }
  },
  {
    "workflow": "smoke-copilot",
    "engine_id": "copilot",
    "compiled": "Yes",
    "on": {
      "github-token": "${{ secrets.GH_AW_GITHUB_TOKEN || secrets.GITHUB_TOKEN }}",
      "label_command": {
        "events": [
          "pull_request"
        ],
        "name": "smoke"
      },
      "reaction": "eyes",
      "slash_command": {
        "events": [
          "issues",
          "issue_comment",
          "pull_request",
          "pull_request_comment"
        ],
        "name": "smoke-copilot",
        "strategy": "centralized"
      },
      "status-comment": true,
      "workflow_dispatch": null
    }
  },
  {
    "workflow": "smoke-create-cross-repo-pr",
    "engine_id": "copilot",
    "compiled": "Yes",
    "on": {
      "pull_request": {
        "names": [
          "smoke-create-cross-repo-pr"
        ],
        "types": [
          "labeled"
        ]
      },
      "slash_command": {
        "events": [
          "issues",
          "issue_comment",
          "pull_request",
          "pull_request_comment"
        ],
        "name": "smoke-create-cross-repo-pr",
        "strategy": "centralized"
      },
      "status-comment": true,
      "workflow_dispatch": null
    }
  },
  {
    "workflow": "smoke-crush",
    "engine_id": "crush",
    "compiled": "Yes",
    "on": {
      "pull_request": {
        "names": [
          "water"
        ],
        "types": [
          "labeled"
        ]
      },
      "reaction": "eyes",
      "slash_command": {
        "events": [
          "issues",
          "issue_comment",
          "pull_request",
          "pull_request_comment"
        ],
        "name": "smoke-crush",
        "strategy": "centralized"
      },
      "status-comment": true,
      "workflow_dispatch": null
    }
  },
  {
    "workflow": "smoke-gemini",
    "engine_id": "gemini",
    "compiled": "Yes",
    "on": {
      "pull_request": {
        "names": [
          "smoke"
        ],
        "types": [
          "labeled"
        ]
      },
      "reaction": "rocket",
      "slash_command": {
        "events": [
          "issues",
          "issue_comment",
          "pull_request",
          "pull_request_comment"
        ],
        "name": "smoke-gemini",
        "strategy": "centralized"
      },
      "status-comment": true,
      "workflow_dispatch": null
    }
  },
  {
    "workflow": "smoke-multi-pr",
    "engine_id": "copilot",
    "compiled": "Yes",
    "on": {
      "pull_request": {
        "names": [
          "smoke-multi-pr"
        ],
        "types": [
          "labeled"
        ]
      },
      "reaction": "eyes",
      "slash_command": {
        "events": [
          "issues",
          "issue_comment",
          "pull_request",
          "pull_request_comment"
        ],
        "name": "smoke-multi-pr",
        "strategy": "centralized"
      },
      "status-comment": true,
      "workflow_dispatch": null
    }
  },
  {
    "workflow": "smoke-opencode",
    "engine_id": "opencode",
    "compiled": "Yes",
    "on": {
      "pull_request": {
        "names": [
          "water"
        ],
        "types": [
          "labeled"
        ]
      },
      "reaction": "rocket",
      "slash_command": {
        "events": [
          "issues",
          "issue_comment",
          "pull_request",
          "pull_request_comment"
        ],
        "name": "smoke-opencode",
        "strategy": "centralized"
      },
      "status-comment": true,
      "workflow_dispatch": null
    }
  },
  {
    "workflow": "smoke-otel-backends",
    "engine_id": "copilot",
    "compiled": "Yes",
    "on": {
      "label_command": {
        "events": [
          "pull_request"
        ],
        "name": "smoke"
      },
      "reaction": "eyes",
      "slash_command": {
        "events": [
          "issues",
          "issue_comment",
          "pull_request",
          "pull_request_comment"
        ],
        "name": "smoke-otel-backends",
        "strategy": "centralized"
      },
      "status-comment": true,
      "workflow_dispatch": null
    }
  },
  {
    "workflow": "smoke-pi",
    "engine_id": "pi",
    "compiled": "Yes",
    "on": {
      "pull_request": {
        "names": [
          "smoke"
        ],
        "types": [
          "labeled"
        ]
      },
      "reaction": "rocket",
      "slash_command": {
        "events": [
          "issues",
          "issue_comment",
          "pull_request",
          "pull_request_comment"
        ],
        "name": "smoke-pi",
        "strategy": "centralized"
      },
      "status-comment": true,
      "workflow_dispatch": null
    }
  },
  {
    "workflow": "smoke-project",
    "engine_id": "copilot",
    "compiled": "Yes",
    "on": {
      "pull_request": {
        "names": [
          "water"
        ],
        "types": [
          "labeled"
        ]
      },
      "reaction": "eyes",
      "slash_command": {
        "events": [
          "issues",
          "issue_comment",
          "pull_request",
          "pull_request_comment"
        ],
        "name": "smoke-project",
        "strategy": "centralized"
      },
      "status-comment": true,
      "workflow_dispatch": null
    }
  },
  {
    "workflow": "smoke-service-ports",
    "engine_id": "copilot",
    "compiled": "Yes",
    "on": {
      "slash_command": {
        "events": [
          "issues",
          "issue_comment",
          "pull_request",
          "pull_request_comment"
        ],
        "name": "smoke-service-ports",
        "strategy": "centralized"
      },
      "status-comment": true,
      "workflow_dispatch": null
    }
  },
  {
    "workflow": "smoke-temporary-id",
    "engine_id": "copilot",
    "compiled": "Yes",
    "on": {
      "pull_request": {
        "names": [
          "water"
        ],
        "types": [
          "labeled"
        ]
      },
      "reaction": "eyes",
      "slash_command": {
        "events": [
          "issues",
          "issue_comment",
          "pull_request",
          "pull_request_comment"
        ],
        "name": "smoke-temporary-id",
        "strategy": "centralized"
      },
      "status-comment": true,
      "workflow_dispatch": null
    }
  },
  {
    "workflow": "smoke-test-tools",
    "engine_id": "copilot",
    "compiled": "Yes",
    "on": {
      "pull_request": {
        "names": [
          "smoke"
        ],
        "types": [
          "labeled"
        ]
      },
      "slash_command": {
        "events": [
          "issues",
          "issue_comment",
          "pull_request",
          "pull_request_comment"
        ],
        "name": "smoke-test-tools",
        "strategy": "centralized"
      },
      "status-comment": true,
      "workflow_dispatch": null
    }
  },
  {
    "workflow": "smoke-update-cross-repo-pr",
    "engine_id": "copilot",
    "compiled": "Yes",
    "on": {
      "pull_request": {
        "names": [
          "smoke-update-cross-repo-pr"
        ],
        "types": [
          "labeled"
        ]
      },
      "slash_command": {
        "events": [
          "issues",
          "issue_comment",
          "pull_request",
          "pull_request_comment"
        ],
        "name": "smoke-update-cross-repo-pr",
        "strategy": "centralized"
      },
      "status-comment": true,
      "workflow_dispatch": null
    }
  },
  {
    "workflow": "smoke-workflow-call-with-inputs",
    "engine_id": "copilot",
    "compiled": "Yes",
    "on": {
      "workflow_call": {
        "inputs": {
          "task-description": {
            "default": "generic task",
            "description": "Short description of what this invocation should do",
            "required": false,
            "type": "string"
          }
        }
      },
      "workflow_dispatch": {
        "inputs": {
          "task-description": {
            "default": "generic task",
            "description": "Short description of what this invocation should do",
            "required": false,
            "type": "string"
          }
        }
      }
    }
  },
  {
    "workflow": "smoke-workflow-call",
    "engine_id": "copilot",
    "compiled": "Yes",
    "on": {
      "workflow_call": {
        "inputs": {
          "payload": {
            "required": false,
            "type": "string"
          },
          "task-description": {
            "default": "validate workflow_call checkout",
            "description": "Short description of the validation task to include in the output comment",
            "required": false,
            "type": "string"
          }
        }
      },
      "workflow_dispatch": {
        "inputs": {
          "task-description": {
            "default": "validate workflow_call checkout",
            "description": "Short description of the validation task to include in the output comment",
            "required": false,
            "type": "string"
          }
        }
      }
    }
  },
  {
    "workflow": "spec-enforcer",
    "engine_id": "pi",
    "compiled": "Yes",
    "on": {
      "schedule": "daily",
      "workflow_dispatch": {
        "inputs": {
          "enforce_all": {
            "default": false,
            "description": "Process all eligible packages in a single run instead of the normal 2-3 per run batch",
            "required": false,
            "type": "boolean"
          }
        }
      }
    }
  },
  {
    "workflow": "spec-extractor",
    "engine_id": "copilot",
    "compiled": "Yes",
    "on": {
      "schedule": "daily",
      "workflow_dispatch": null
    }
  },
  {
    "workflow": "spec-librarian",
    "engine_id": "copilot",
    "compiled": "Yes",
    "on": {
      "schedule": "daily",
      "workflow_dispatch": null
    }
  },
  {
    "workflow": "stale-pr-cleanup",
    "engine_id": "copilot",
    "compiled": "Yes",
    "on": {
      "schedule": "weekly",
      "workflow_dispatch": null
    }
  },
  {
    "workflow": "stale-repo-identifier",
    "engine_id": "copilot",
    "compiled": "Yes",
    "on": {
      "schedule": "15 9 1 * *",
      "workflow_dispatch": {
        "inputs": {
          "organization": {
            "default": "github",
            "description": "GitHub organization to scan for stale repositories",
            "required": true,
            "type": "string"
          }
        }
      }
    }
  },
  {
    "workflow": "static-analysis-report",
    "engine_id": "claude",
    "compiled": "Yes",
    "on": {
      "schedule": "daily",
      "workflow_dispatch": null
    }
  },
  {
    "workflow": "step-name-alignment",
    "engine_id": "claude",
    "compiled": "Yes",
    "on": {
      "schedule": [
        {
          "cron": "daily"
        }
      ],
      "workflow_dispatch": null
    }
  },
  {
    "workflow": "sub-issue-closer",
    "engine_id": "copilot",
    "compiled": "Yes",
    "on": {
      "schedule": "daily",
      "workflow_dispatch": null
    }
  },
  {
    "workflow": "super-linter",
    "engine_id": "copilot",
    "compiled": "Yes",
    "on": {
      "schedule": [
        {
          "cron": "daily around 14:00 on weekdays"
        }
      ],
      "workflow_dispatch": null
    }
  },
  {
    "workflow": "technical-doc-writer",
    "engine_id": "copilot",
    "compiled": "Yes",
    "on": {
      "workflow_dispatch": {
        "inputs": {
          "topic": {
            "description": "Documentation topic to review",
            "required": true,
            "type": "string"
          }
        }
      }
    }
  },
  {
    "workflow": "terminal-stylist",
    "engine_id": "copilot",
    "compiled": "Yes",
    "on": {
      "schedule": "daily",
      "workflow_dispatch": null
    }
  },
  {
    "workflow": "test-create-pr-error-handling",
    "engine_id": "claude",
    "compiled": "Yes",
    "on": {
      "workflow_dispatch": null
    }
  },
  {
    "workflow": "test-dispatcher",
    "engine_id": "copilot",
    "compiled": "Yes",
    "on": {
      "workflow_dispatch": null
    }
  },
  {
    "workflow": "test-project-url-default",
    "engine_id": "copilot",
    "compiled": "Yes",
    "on": {
      "workflow_dispatch": null
    }
  },
  {
    "workflow": "test-quality-sentinel",
    "engine_id": "copilot",
    "compiled": "Yes",
    "on": {
      "pull_request": {
        "types": [
          "ready_for_review"
        ]
      },
      "slash_command": {
        "events": [
          "pull_request_comment",
          "pull_request_review_comment"
        ],
        "name": "review",
        "strategy": "centralized"
      }
    }
  },
  {
    "workflow": "test-workflow",
    "engine_id": "copilot",
    "compiled": "Yes",
    "on": {
      "workflow_dispatch": {
        "inputs": {
          "test_param": {
            "description": "Question from the dispatcher workflow",
            "required": true,
            "type": "string"
          }
        }
      }
    }
  },
  {
    "workflow": "tidy",
    "engine_id": "copilot",
    "compiled": "Yes",
    "on": {
      "push": {
        "branches": [
          "main"
        ],
        "paths": [
          "**/*.go",
          "**/*.js",
          "**/*.cjs",
          "**/*.ts"
        ]
      },
      "reaction": "eyes",
      "schedule": [
        {
          "cron": "daily around 7:00"
        }
      ],
      "slash_command": {
        "events": [
          "pull_request_comment"
        ],
        "strategy": "centralized"
      },
      "workflow_dispatch": null
    }
  },
  {
    "workflow": "typist",
    "engine_id": "claude",
    "compiled": "Yes",
    "on": {
      "schedule": [
        {
          "cron": "daily around 11:00 on weekdays"
        }
      ],
      "workflow_dispatch": null
    }
  },
  {
    "workflow": "ubuntu-image-analyzer",
    "engine_id": "copilot",
    "compiled": "Yes",
    "on": {
      "schedule": "weekly",
      "workflow_dispatch": null
    }
  },
  {
    "workflow": "uk-ai-operational-resilience",
    "engine_id": "copilot",
    "compiled": "Yes",
    "on": {
      "schedule": [
        {
          "cron": "daily on weekdays"
        }
      ],
      "workflow_dispatch": {
        "inputs": {
          "force_full_scan": {
            "default": false,
            "description": "Ignore recent-change focus and run wider analysis",
            "required": false,
            "type": "boolean"
          },
          "lookback_days": {
            "default": "7",
            "description": "How many days of recent changes to analyze (1-30)",
            "required": false
          }
        }
      }
    }
  },
  {
    "workflow": "unbloat-docs",
    "engine_id": "pi",
    "compiled": "Yes",
    "on": {
      "schedule": "daily",
      "skip-if-match": "is:pr is:open is:draft label:doc-unbloat",
      "slash_command": {
        "events": [
          "pull_request_comment"
        ],
        "name": "unbloat",
        "strategy": "centralized"
      },
      "workflow_dispatch": null
    }
  },
  {
    "workflow": "update-astro",
    "engine_id": "copilot",
    "compiled": "Yes",
    "on": {
      "schedule": [
        {
          "cron": "daily"
        }
      ],
      "skip-if-no-match": "is:pr is:open author:app/dependabot label:dependencies",
      "workflow_dispatch": null
    }
  },
  {
    "workflow": "video-analyzer",
    "engine_id": "copilot",
    "compiled": "Yes",
    "on": {
      "workflow_dispatch": {
        "inputs": {
          "video_url": {
            "description": "URL to video file to analyze (must be publicly accessible)",
            "required": true,
            "type": "string"
          }
        }
      }
    }
  },
  {
    "workflow": "visual-regression-checker",
    "engine_id": "copilot",
    "compiled": "Yes",
    "on": {
      "pull_request": {
        "paths": [
          "docs/package.json",
          "docs/package-lock.json",
          "docs/src/**/*.css",
          "docs/src/**/*.tsx",
          "docs/src/**/*.astro",
          "docs/astro.config.mjs"
        ],
        "types": [
          "opened",
          "synchronize"
        ]
      }
    }
  },
  {
    "workflow": "weekly-blog-post-writer",
    "engine_id": "copilot",
    "compiled": "Yes",
    "on": {
      "schedule": "weekly on monday",
      "workflow_dispatch": null
    }
  },
  {
    "workflow": "weekly-editors-health-check",
    "engine_id": "copilot",
    "compiled": "Yes",
    "on": {
      "schedule": "weekly",
      "workflow_dispatch": null
    }
  },
  {
    "workflow": "weekly-issue-summary",
    "engine_id": "copilot",
    "compiled": "Yes",
    "on": {
      "schedule": [
        {
          "cron": "weekly on monday around 15:00"
        }
      ],
      "workflow_dispatch": null
    }
  },
  {
    "workflow": "weekly-safe-outputs-spec-review",
    "engine_id": "copilot",
    "compiled": "Yes",
    "on": {
      "schedule": [
        {
          "cron": "weekly on monday"
        }
      ],
      "workflow_dispatch": null
    }
  },
  {
    "workflow": "workflow-generator",
    "engine_id": "copilot",
    "compiled": "Yes",
    "on": {
      "issues": {
        "lock-for-agent": true,
        "types": [
          "opened"
        ]
      },
      "reaction": "eyes"
    }
  },
  {
    "workflow": "workflow-health-manager",
    "engine_id": "copilot",
    "compiled": "Yes",
    "on": "daily"
  },
  {
    "workflow": "workflow-normalizer",
    "engine_id": "copilot",
    "compiled": "Yes",
    "on": {
      "schedule": "daily",
      "workflow_dispatch": null
    }
  },
  {
    "workflow": "workflow-skill-extractor",
    "engine_id": "copilot",
    "compiled": "Yes",
    "on": {
      "schedule": "weekly",
      "workflow_dispatch": null
    }
  }
]
=== RUN   TestRunListWorkflows_JSONOutput/JSON_output_with_pattern
[
  {
    "workflow": "smoke-agent-all-merged",
    "engine_id": "claude",
    "compiled": "Yes",
    "on": {
      "pull_request": {
        "names": [
          "metal"
        ],
        "types": [
          "labeled"
        ]
      },
      "slash_command": {
        "events": [
          "issues",
          "issue_comment",
          "pull_request",
          "pull_request_comment"
        ],
        "name": "smoke-agent-all-merged",
        "strategy": "centralized"
      },
      "status-comment": true,
      "workflow_dispatch": null
    }
  },
  {
    "workflow": "smoke-agent-all-none",
    "engine_id": "claude",
    "compiled": "Yes",
    "on": {
      "pull_request": {
        "names": [
          "metal"
        ],
        "types": [
          "labeled"
        ]
      },
      "slash_command": {
        "events": [
          "issues",
          "issue_comment",
          "pull_request",
          "pull_request_comment"
        ],
        "name": "smoke-agent-all-none",
        "strategy": "centralized"
      },
      "status-comment": true,
      "workflow_dispatch": null
    }
  },
  {
    "workflow": "smoke-agent-public-approved",
    "engine_id": "claude",
    "compiled": "Yes",
    "on": {
      "pull_request": {
        "names": [
          "metal"
        ],
        "types": [
          "labeled"
        ]
      },
      "slash_command": {
        "events": [
          "issues",
          "issue_comment",
          "pull_request",
          "pull_request_comment"
        ],
        "name": "smoke-agent-public-approved",
        "strategy": "centralized"
      },
      "status-comment": true,
      "workflow_dispatch": null
    }
  },
  {
    "workflow": "smoke-agent-public-none",
    "engine_id": "claude",
    "compiled": "Yes",
    "on": {
      "pull_request": {
        "names": [
          "metal"
        ],
        "types": [
          "labeled"
        ]
      },
      "slash_command": {
        "events": [
          "issues",
          "issue_comment",
          "pull_request",
          "pull_request_comment"
        ],
        "name": "smoke-agent-public-none",
        "strategy": "centralized"
      },
      "status-comment": true,
      "workflow_dispatch": null
    }
  },
  {
    "workflow": "smoke-agent-scoped-approved",
    "engine_id": "claude",
    "compiled": "Yes",
    "on": {
      "pull_request": {
        "names": [
          "metal"
        ],
        "types": [
          "labeled"
        ]
      },
      "slash_command": {
        "events": [
          "issues",
          "issue_comment",
          "pull_request",
          "pull_request_comment"
        ],
        "name": "smoke-agent-scoped-approved",
        "strategy": "centralized"
      },
      "status-comment": true,
      "workflow_dispatch": null
    }
  },
  {
    "workflow": "smoke-antigravity",
    "engine_id": "antigravity",
    "compiled": "Yes",
    "on": {
      "pull_request": {
        "names": [
          "smoke"
        ],
        "types": [
          "labeled"
        ]
      },
      "reaction": "rocket",
      "slash_command": {
        "events": [
          "issues",
          "issue_comment",
          "pull_request",
          "pull_request_comment"
        ],
        "name": "smoke-antigravity",
        "strategy": "centralized"
      },
      "status-comment": true,
      "workflow_dispatch": null
    }
  },
  {
    "workflow": "smoke-call-workflow",
    "engine_id": "codex",
    "compiled": "Yes",
    "on": {
      "pull_request": {
        "names": [
          "water"
        ],
        "types": [
          "labeled"
        ]
      },
      "slash_command": {
        "events": [
          "issues",
          "issue_comment",
          "pull_request",
          "pull_request_comment"
        ],
        "name": "smoke-call-workflow",
        "strategy": "centralized"
      },
      "workflow_dispatch": null
    }
  },
  {
    "workflow": "smoke-ci",
    "engine_id": "copilot",
    "compiled": "Yes",
    "on": {
      "pull_request": {
        "types": [
          "opened",
          "synchronize",
          "reopened"
        ]
      },
      "push": {
        "branches": [
          "main"
        ],
        "paths": [
          "cmd/**",
          "pkg/**",
          "*.go",
          "go.mod",
          "actions/setup/js/**"
        ]
      },
      "schedule": "daily"
    }
  },
  {
    "workflow": "smoke-claude-on-copilot",
    "engine_id": "claude",
    "compiled": "Yes",
    "on": {
      "slash_command": {
        "events": [
          "pull_request",
          "pull_request_comment"
        ],
        "name": "smoke-claude-on-copilot",
        "strategy": "centralized"
      },
      "status-comment": true
    }
  },
  {
    "workflow": "smoke-claude",
    "engine_id": "claude",
    "compiled": "Yes",
    "on": {
      "pull_request": {
        "names": [
          "smoke"
        ],
        "types": [
          "labeled"
        ]
      },
      "reaction": "heart",
      "slash_command": {
        "events": [
          "issues",
          "issue_comment",
          "pull_request",
          "pull_request_comment"
        ],
        "name": "smoke-claude",
        "strategy": "centralized"
      },
      "status-comment": true,
      "workflow_dispatch": null
    }
  },
  {
    "workflow": "smoke-codex",
    "engine_id": "codex",
    "compiled": "Yes",
    "on": {
      "pull_request": {
        "names": [
          "smoke"
        ],
        "types": [
          "labeled"
        ]
      },
      "reaction": "hooray",
      "slash_command": {
        "events": [
          "issues",
          "issue_comment",
          "pull_request",
          "pull_request_comment"
        ],
        "name": "smoke-codex",
        "strategy": "centralized"
      },
      "status-comment": true,
      "workflow_dispatch": {
        "inputs": {
          "aw_context": {
            "default": "",
            "description": "Agent caller context (used internally by Agentic Workflows).",
            "required": false,
            "type": "string"
          }
        }
      }
    }
  },
  {
    "workflow": "smoke-copilot-aoai-apikey",
    "engine_id": "copilot",
    "compiled": "Yes",
    "on": {
      "github-token": "${{ secrets.GH_AW_GITHUB_TOKEN || secrets.GITHUB_TOKEN }}",
      "label_command": {
        "events": [
          "pull_request"
        ],
        "name": "smoke"
      },
      "reaction": "eyes",
      "slash_command": {
        "events": [
          "issues",
          "issue_comment",
          "pull_request",
          "pull_request_comment"
        ],
        "name": "smoke-copilot-aoai-apikey",
        "strategy": "centralized"
      },
      "status-comment": true,
      "workflow_dispatch": null
    }
  },
  {
    "workflow": "smoke-copilot-aoai-entra",
    "engine_id": "copilot",
    "compiled": "Yes",
    "on": {
      "github-token": "${{ secrets.GH_AW_GITHUB_TOKEN || secrets.GITHUB_TOKEN }}",
      "label_command": {
        "events": [
          "pull_request"
        ],
        "name": "smoke"
      },
      "reaction": "eyes",
      "slash_command": {
        "events": [
          "issues",
          "issue_comment",
          "pull_request",
          "pull_request_comment"
        ],
        "name": "smoke-copilot-aoai-entra",
        "strategy": "centralized"
      },
      "status-comment": true,
      "workflow_dispatch": null
    }
  },
  {
    "workflow": "smoke-copilot-arm",
    "engine_id": "copilot",
    "compiled": "Yes",
    "on": {
      "pull_request": {
        "names": [
          "water"
        ],
        "types": [
          "labeled"
        ]
      },
      "reaction": "eyes",
      "slash_command": {
        "events": [
          "issues",
          "issue_comment",
          "pull_request",
          "pull_request_comment"
        ],
        "name": "smoke-copilot-arm",
        "strategy": "centralized"
      },
      "status-comment": true,
      "workflow_dispatch": null
    }
  },
  {
    "workflow": "smoke-copilot-sdk",
    "engine_id": "copilot",
    "compiled": "Yes",
    "on": {
      "github-token": "${{ secrets.GH_AW_GITHUB_TOKEN || secrets.GITHUB_TOKEN }}",
      "label_command": {
        "events": [
          "pull_request"
        ],
        "name": "smoke-sdk"
      },
      "slash_command": {
        "events": [
          "issues",
          "issue_comment",
          "pull_request",
          "pull_request_comment"
        ],
        "name": "smoke-copilot-sdk",
        "strategy": "centralized"
      },
      "workflow_dispatch": null
    }
  },
  {
    "workflow": "smoke-copilot",
    "engine_id": "copilot",
    "compiled": "Yes",
    "on": {
      "github-token": "${{ secrets.GH_AW_GITHUB_TOKEN || secrets.GITHUB_TOKEN }}",
      "label_command": {
        "events": [
          "pull_request"
        ],
        "name": "smoke"
      },
      "reaction": "eyes",
      "slash_command": {
        "events": [
          "issues",
          "issue_comment",
          "pull_request",
          "pull_request_comment"
        ],
        "name": "smoke-copilot",
        "strategy": "centralized"
      },
      "status-comment": true,
      "workflow_dispatch": null
    }
  },
  {
    "workflow": "smoke-create-cross-repo-pr",
    "engine_id": "copilot",
    "compiled": "Yes",
    "on": {
      "pull_request": {
        "names": [
          "smoke-create-cross-repo-pr"
        ],
        "types": [
          "labeled"
        ]
      },
      "slash_command": {
        "events": [
          "issues",
          "issue_comment",
          "pull_request",
          "pull_request_comment"
        ],
        "name": "smoke-create-cross-repo-pr",
        "strategy": "centralized"
      },
      "status-comment": true,
      "workflow_dispatch": null
    }
  },
  {
    "workflow": "smoke-crush",
    "engine_id": "crush",
    "compiled": "Yes",
    "on": {
      "pull_request": {
        "names": [
          "water"
        ],
        "types": [
          "labeled"
        ]
      },
      "reaction": "eyes",
      "slash_command": {
        "events": [
          "issues",
          "issue_comment",
          "pull_request",
          "pull_request_comment"
        ],
        "name": "smoke-crush",
        "strategy": "centralized"
      },
      "status-comment": true,
      "workflow_dispatch": null
    }
  },
  {
    "workflow": "smoke-gemini",
    "engine_id": "gemini",
    "compiled": "Yes",
    "on": {
      "pull_request": {
        "names": [
          "smoke"
        ],
        "types": [
          "labeled"
        ]
      },
      "reaction": "rocket",
      "slash_command": {
        "events": [
          "issues",
          "issue_comment",
          "pull_request",
          "pull_request_comment"
        ],
        "name": "smoke-gemini",
        "strategy": "centralized"
      },
      "status-comment": true,
      "workflow_dispatch": null
    }
  },
  {
    "workflow": "smoke-multi-pr",
    "engine_id": "copilot",
    "compiled": "Yes",
    "on": {
      "pull_request": {
        "names": [
          "smoke-multi-pr"
        ],
        "types": [
          "labeled"
        ]
      },
      "reaction": "eyes",
      "slash_command": {
        "events": [
          "issues",
          "issue_comment",
          "pull_request",
          "pull_request_comment"
        ],
        "name": "smoke-multi-pr",
        "strategy": "centralized"
      },
      "status-comment": true,
      "workflow_dispatch": null
    }
  },
  {
    "workflow": "smoke-opencode",
    "engine_id": "opencode",
    "compiled": "Yes",
    "on": {
      "pull_request": {
        "names": [
          "water"
        ],
        "types": [
          "labeled"
        ]
      },
      "reaction": "rocket",
      "slash_command": {
        "events": [
          "issues",
          "issue_comment",
          "pull_request",
          "pull_request_comment"
        ],
        "name": "smoke-opencode",
        "strategy": "centralized"
      },
      "status-comment": true,
      "workflow_dispatch": null
    }
  },
  {
    "workflow": "smoke-otel-backends",
    "engine_id": "copilot",
    "compiled": "Yes",
    "on": {
      "label_command": {
        "events": [
          "pull_request"
        ],
        "name": "smoke"
      },
      "reaction": "eyes",
      "slash_command": {
        "events": [
          "issues",
          "issue_comment",
          "pull_request",
          "pull_request_comment"
        ],
        "name": "smoke-otel-backends",
        "strategy": "centralized"
      },
      "status-comment": true,
      "workflow_dispatch": null
    }
  },
  {
    "workflow": "smoke-pi",
    "engine_id": "pi",
    "compiled": "Yes",
    "on": {
      "pull_request": {
        "names": [
          "smoke"
        ],
        "types": [
          "labeled"
        ]
      },
      "reaction": "rocket",
      "slash_command": {
        "events": [
          "issues",
          "issue_comment",
          "pull_request",
          "pull_request_comment"
        ],
        "name": "smoke-pi",
        "strategy": "centralized"
      },
      "status-comment": true,
      "workflow_dispatch": null
    }
  },
  {
    "workflow": "smoke-project",
    "engine_id": "copilot",
    "compiled": "Yes",
    "on": {
      "pull_request": {
        "names": [
          "water"
        ],
        "types": [
          "labeled"
        ]
      },
      "reaction": "eyes",
      "slash_command": {
        "events": [
          "issues",
          "issue_comment",
          "pull_request",
          "pull_request_comment"
        ],
        "name": "smoke-project",
        "strategy": "centralized"
      },
      "status-comment": true,
      "workflow_dispatch": null
    }
  },
  {
    "workflow": "smoke-service-ports",
    "engine_id": "copilot",
    "compiled": "Yes",
    "on": {
      "slash_command": {
        "events": [
          "issues",
          "issue_comment",
          "pull_request",
          "pull_request_comment"
        ],
        "name": "smoke-service-ports",
        "strategy": "centralized"
      },
      "status-comment": true,
      "workflow_dispatch": null
    }
  },
  {
    "workflow": "smoke-temporary-id",
    "engine_id": "copilot",
    "compiled": "Yes",
    "on": {
      "pull_request": {
        "names": [
          "water"
        ],
        "types": [
          "labeled"
        ]
      },
      "reaction": "eyes",
      "slash_command": {
        "events": [
          "issues",
          "issue_comment",
          "pull_request",
          "pull_request_comment"
        ],
        "name": "smoke-temporary-id",
        "strategy": "centralized"
      },
      "status-comment": true,
      "workflow_dispatch": null
    }
  },
  {
    "workflow": "smoke-test-tools",
    "engine_id": "copilot",
    "compiled": "Yes",
    "on": {
      "pull_request": {
        "names": [
          "smoke"
        ],
        "types": [
          "labeled"
        ]
      },
      "slash_command": {
        "events": [
          "issues",
          "issue_comment",
          "pull_request",
          "pull_request_comment"
        ],
        "name": "smoke-test-tools",
        "strategy": "centralized"
      },
      "status-comment": true,
      "workflow_dispatch": null
    }
  },
  {
    "workflow": "smoke-update-cross-repo-pr",
    "engine_id": "copilot",
    "compiled": "Yes",
    "on": {
      "pull_request": {
        "names": [
          "smoke-update-cross-repo-pr"
        ],
        "types": [
          "labeled"
        ]
      },
      "slash_command": {
        "events": [
          "issues",
          "issue_comment",
          "pull_request",
          "pull_request_comment"
        ],
        "name": "smoke-update-cross-repo-pr",
        "strategy": "centralized"
      },
      "status-comment": true,
      "workflow_dispatch": null
    }
  },
  {
    "workflow": "smoke-workflow-call-with-inputs",
    "engine_id": "copilot",
    "compiled": "Yes",
    "on": {
      "workflow_call": {
        "inputs": {
          "task-description": {
            "default": "generic task",
            "description": "Short description of what this invocation should do",
            "required": false,
            "type": "string"
          }
        }
      },
      "workflow_dispatch": {
        "inputs": {
          "task-description": {
            "default": "generic task",
            "description": "Short description of what this invocation should do",
            "required": false,
            "type": "string"
          }
        }
      }
    }
  },
  {
    "workflow": "smoke-workflow-call",
    "engine_id": "copilot",
    "compiled": "Yes",
    "on": {
      "workflow_call": {
        "inputs": {
          "payload": {
            "required": false,
            "type": "string"
          },
          "task-description": {
            "default": "validate workflow_call checkout",
            "description": "Short description of the validation task to include in the output comment",
            "required": false,
            "type": "string"
          }
        }
      },
      "workflow_dispatch": {
        "inputs": {
          "task-description": {
            "default": "validate workflow_call checkout",
            "description": "Short description of the validation task to include in the output comment",
            "required": false,
            "type": "string"
          }
        }
      }
    }
  }
]
=== RUN   TestRunListWorkflows_JSONOutput/JSON_output_with_label_filter
null
--- PASS: TestRunListWorkflows_JSONOutput (1.33s)
    --- PASS: TestRunListWorkflows_JSONOutput/JSON_output_without_pattern (0.64s)
    --- PASS: TestRunListWorkflows_JSONOutput/JSON_output_with_pattern (0.07s)
    --- PASS: TestRunListWorkflows_JSONOutput/JSON_output_with_label_filter (0.62s)
=== RUN   TestWorkflowListItem_JSONMarshaling
--- PASS: TestWorkflowListItem_JSONMarshaling (0.00s)
=== RUN   TestRunListWorkflows_TextOutput
=== RUN   TestRunListWorkflows_TextOutput/Text_output_without_pattern
✓ Found 253 workflows
╭──────────────────────────────────────────┬───────────┬────────┬──────╮
│Workflow                                  │Engine     │Compiled│Labels│
├──────────────────────────────────────────┼───────────┼────────┼──────┤
│ab-testing-advisor                        │pi         │Yes     │-     │
│ace-editor                                │copilot    │Yes     │-     │
│agent-performance-analyzer                │copilot    │Yes     │-     │
│agent-persona-explorer                    │pi         │Yes     │-     │
│agentic-token-audit                       │copilot    │Yes     │-     │
│agentic-token-optimizer                   │copilot    │Yes     │-     │
│agentic-token-trend-audit                 │copilot    │Yes     │-     │
│ai-moderator                              │codex      │Yes     │-     │
│api-consumption-report                    │claude     │Yes     │-     │
│approach-validator                        │claude     │Yes     │-     │
│archie                                    │copilot    │Yes     │-     │
│architecture-guardian                     │copilot    │Yes     │-     │
│artifacts-summary                         │copilot    │Yes     │-     │
│audit-workflows                           │claude     │Yes     │-     │
│auto-triage-issues                        │pi         │Yes     │-     │
│avenger                                   │claude     │Yes     │-     │
│aw-failure-investigator                   │claude     │Yes     │-     │
│blog-auditor                              │claude     │Yes     │-     │
│bot-detection                             │copilot    │Yes     │-     │
│brave                                     │copilot    │Yes     │-     │
│breaking-change-checker                   │copilot    │Yes     │-     │
│changeset                                 │codex      │Yes     │-     │
│chaos-pr-bundle-fuzzer                    │pi         │Yes     │-     │
│ci-coach                                  │copilot    │Yes     │-     │
│ci-doctor                                 │claude     │Yes     │-     │
│claude-code-user-docs-review              │claude     │Yes     │-     │
│cli-consistency-checker                   │copilot    │Yes     │-     │
│cli-version-checker                       │claude     │Yes     │-     │
│cloclo                                    │claude     │Yes     │-     │
│code-scanning-fixer                       │copilot    │Yes     │-     │
│code-simplifier                           │copilot    │Yes     │-     │
│codex-github-remote-mcp-test              │codex      │Yes     │-     │
│commit-changes-analyzer                   │pi         │Yes     │-     │
│constraint-solving-potd                   │copilot    │Yes     │-     │
│contribution-check                        │copilot    │Yes     │-     │
│copilot-agent-analysis                    │claude     │Yes     │-     │
│copilot-centralization-drilldown          │copilot    │Yes     │-     │
│copilot-centralization-optimizer          │copilot    │Yes     │-     │
│copilot-cli-deep-research                 │copilot    │Yes     │-     │
│copilot-opt                               │copilot    │Yes     │-     │
│copilot-pr-merged-report                  │copilot    │Yes     │-     │
│copilot-pr-nlp-analysis                   │copilot    │Yes     │-     │
│copilot-pr-prompt-analysis                │copilot    │Yes     │-     │
│copilot-session-insights                  │claude     │Yes     │-     │
│craft                                     │copilot    │Yes     │-     │
│daily-agent-of-the-day-blog-writer        │copilot    │Yes     │-     │
│daily-agentrx-trace-optimizer             │claude     │Yes     │-     │
│daily-ambient-context-optimizer           │copilot    │Yes     │-     │
│daily-architecture-diagram                │copilot    │Yes     │-     │
│daily-assign-issue-to-user                │copilot    │Yes     │-     │
│daily-astrostylelite-markdown-spellcheck  │claude     │Yes     │-     │
│daily-aw-cross-repo-compile-check         │claude     │Yes     │-     │
│daily-awf-spec-compiler-surfacing         │pi         │Yes     │-     │
│daily-byok-ollama-test                    │copilot    │Yes     │-     │
│daily-cache-strategy-analyzer             │codex      │Yes     │-     │
│daily-caveman-optimizer                   │claude     │Yes     │-     │
│daily-choice-test                         │claude     │Yes     │-     │
│daily-cli-performance                     │copilot    │Yes     │-     │
│daily-cli-tools-tester                    │copilot    │Yes     │-     │
│daily-code-metrics                        │claude     │Yes     │-     │
│daily-community-attribution               │copilot    │Yes     │-     │
│daily-compiler-quality                    │copilot    │Yes     │-     │
│daily-compiler-threat-spec-optimizer      │copilot    │Yes     │-     │
│daily-credit-limit-test                   │copilot    │Yes     │-     │
│daily-doc-healer                          │claude     │Yes     │-     │
│daily-doc-updater                         │pi         │Yes     │-     │
│daily-experiment-report                   │copilot    │Yes     │-     │
│daily-fact                                │codex      │Yes     │-     │
│daily-file-diet                           │copilot    │Yes     │-     │
│daily-firewall-report                     │copilot    │Yes     │-     │
│daily-formal-spec-verifier                │copilot    │Yes     │-     │
│daily-function-namer                      │pi         │Yes     │-     │
│daily-geo-optimizer                       │copilot    │Yes     │-     │
│daily-hippo-learn                         │pi         │Yes     │-     │
│daily-issues-report                       │copilot    │Yes     │-     │
│daily-malicious-code-scan                 │copilot    │Yes     │-     │
│daily-max-ai-credits-test                 │copilot    │Yes     │-     │
│daily-mcp-concurrency-analysis            │copilot    │Yes     │-     │
│daily-model-inventory                     │copilot    │Yes     │-     │
│daily-model-resolution                    │codex      │Yes     │-     │
│daily-multi-device-docs-tester            │pi         │Yes     │-     │
│daily-news                                │pi         │Yes     │-     │
│daily-observability-report                │codex      │Yes     │-     │
│daily-performance-summary                 │copilot    │Yes     │-     │
│daily-regulatory                          │copilot    │Yes     │-     │
│daily-reliability-review                  │claude     │Yes     │-     │
│daily-rendering-scripts-verifier          │claude     │Yes     │-     │
│daily-repo-chronicle                      │copilot    │Yes     │-     │
│daily-safe-output-integrator              │copilot    │Yes     │-     │
│daily-safe-output-optimizer               │claude     │Yes     │-     │
│daily-safe-outputs-conformance            │claude     │Yes     │-     │
│daily-safeoutputs-git-simulator           │claude     │Yes     │-     │
│daily-secrets-analysis                    │copilot    │Yes     │-     │
│daily-security-observability              │copilot    │Yes     │-     │
│daily-security-red-team                   │claude     │Yes     │-     │
│daily-semgrep-scan                        │copilot    │Yes     │-     │
│daily-sentrux-report                      │copilot    │Yes     │-     │
│daily-skill-optimizer                     │copilot    │Yes     │-     │
│daily-spdd-spec-planner                   │copilot    │Yes     │-     │
│daily-syntax-error-quality                │copilot    │Yes     │-     │
│daily-team-evolution-insights             │claude     │Yes     │-     │
│daily-team-status                         │copilot    │Yes     │-     │
│daily-testify-uber-super-expert           │copilot    │Yes     │-     │
│daily-token-consumption-report            │claude     │Yes     │-     │
│daily-windows-terminal-integration-builder│copilot    │Yes     │-     │
│daily-workflow-updater                    │copilot    │Yes     │-     │
│dataflow-pr-discussion-dataset            │copilot    │Yes     │-     │
│dead-code-remover                         │copilot    │Yes     │-     │
│deep-report                               │claude     │Yes     │-     │
│delight                                   │copilot    │Yes     │-     │
│dependabot-burner                         │copilot    │Yes     │-     │
│dependabot-go-checker                     │copilot    │Yes     │-     │
│dependabot-repair                         │copilot    │Yes     │-     │
│deployment-incident-monitor               │copilot    │Yes     │-     │
│design-decision-gate                      │claude     │Yes     │-     │
│designer-drift-audit                      │copilot    │Yes     │-     │
│dev-hawk                                  │copilot    │Yes     │-     │
│dev                                       │codex      │Yes     │-     │
│developer-docs-consolidator               │claude     │Yes     │-     │
│dictation-prompt                          │copilot    │Yes     │-     │
│discussion-task-miner                     │copilot    │Yes     │-     │
│doc-sync-daily                            │copilot    │Yes     │-     │
│docs-noob-tester                          │copilot    │Yes     │-     │
│documentation-sync-agent                  │copilot    │Yes     │-     │
│draft-pr-cleanup                          │copilot    │Yes     │-     │
│duplicate-code-detector                   │codex      │Yes     │-     │
│example-failure-category-filter           │copilot    │Yes     │-     │
│example-permissions-warning               │copilot    │Yes     │-     │
│example-workflow-analyzer                 │claude     │Yes     │-     │
│firewall-escape                           │copilot    │Yes     │-     │
│firewall                                  │copilot    │Yes     │-     │
│functional-pragmatist                     │copilot    │Yes     │-     │
│github-mcp-structural-analysis            │claude     │Yes     │-     │
│github-mcp-tools-report                   │claude     │Yes     │-     │
│github-remote-mcp-auth-test               │copilot    │Yes     │-     │
│glossary-maintainer                       │copilot    │Yes     │-     │
│go-fan                                    │claude     │Yes     │-     │
│go-logger                                 │claude     │Yes     │-     │
│go-pattern-detector                       │claude     │Yes     │-     │
│gpclean                                   │copilot    │Yes     │-     │
│grumpy-reviewer                           │codex      │Yes     │-     │
│hippo-embed                               │pi         │Yes     │-     │
│hourly-ci-cleaner                         │claude     │Yes     │-     │
│instructions-janitor                      │claude     │Yes     │-     │
│issue-arborist                            │codex      │Yes     │-     │
│issue-monster                             │pi         │Yes     │-     │
│issue-triage-agent                        │copilot    │Yes     │-     │
│jsweep                                    │copilot    │Yes     │-     │
│layout-spec-maintainer                    │copilot    │Yes     │-     │
│lint-monster                              │pi         │Yes     │-     │
│linter-miner                              │copilot    │Yes     │-     │
│lockfile-stats                            │claude     │Yes     │-     │
│mattpocock-skills-reviewer                │copilot    │Yes     │-     │
│mcp-inspector                             │copilot    │Yes     │-     │
│mergefest                                 │copilot    │Yes     │-     │
│metrics-collector                         │copilot    │Yes     │-     │
│necromancer                               │codex      │Yes     │-     │
│notion-issue-summary                      │copilot    │Yes     │-     │
│objective-impact-report                   │copilot    │Yes     │-     │
│org-health-report                         │copilot    │Yes     │-     │
│outcome-collector                         │copilot    │Yes     │-     │
│pdf-summary                               │copilot    │Yes     │-     │
│plan                                      │copilot    │Yes     │-     │
│poem-bot                                  │pi         │Yes     │-     │
│portfolio-analyst                         │claude     │Yes     │-     │
│pr-code-quality-reviewer                  │copilot    │Yes     │-     │
│pr-description-caveman                    │copilot    │Yes     │-     │
│pr-nitpick-reviewer                       │copilot    │Yes     │-     │
│pr-sous-chef                              │copilot    │Yes     │-     │
│pr-triage-agent                           │copilot    │Yes     │-     │
│prompt-clustering-analysis                │claude     │Yes     │-     │
│python-data-charts                        │copilot    │Yes     │-     │
│q                                         │copilot    │Yes     │-     │
│refactoring-cadence                       │copilot    │Yes     │-     │
│refiner                                   │copilot    │Yes     │-     │
│release                                   │copilot    │Yes     │-     │
│repo-audit-analyzer                       │copilot    │Yes     │-     │
│repo-tree-map                             │copilot    │Yes     │-     │
│repository-quality-improver               │copilot    │Yes     │-     │
│research                                  │copilot    │Yes     │-     │
│ruflo-backed-task                         │claude     │Yes     │-     │
│safe-output-health                        │claude     │Yes     │-     │
│schema-consistency-checker                │pi         │Yes     │-     │
│schema-feature-coverage                   │codex      │Yes     │-     │
│scout                                     │claude     │Yes     │-     │
│security-compliance                       │copilot    │Yes     │-     │
│security-review                           │copilot    │Yes     │-     │
│semantic-function-refactor                │claude     │Yes     │-     │
│sergo                                     │claude     │Yes     │-     │
│skillet                                   │copilot    │Yes     │-     │
│slide-deck-maintainer                     │copilot    │Yes     │-     │
│smoke-agent-all-merged                    │claude     │Yes     │-     │
│smoke-agent-all-none                      │claude     │Yes     │-     │
│smoke-agent-public-approved               │claude     │Yes     │-     │
│smoke-agent-public-none                   │claude     │Yes     │-     │
│smoke-agent-scoped-approved               │claude     │Yes     │-     │
│smoke-antigravity                         │antigravity│Yes     │-     │
│smoke-call-workflow                       │codex      │Yes     │-     │
│smoke-ci                                  │copilot    │Yes     │-     │
│smoke-claude-on-copilot                   │claude     │Yes     │-     │
│smoke-claude                              │claude     │Yes     │-     │
│smoke-codex                               │codex      │Yes     │-     │
│smoke-copilot-aoai-apikey                 │copilot    │Yes     │-     │
│smoke-copilot-aoai-entra                  │copilot    │Yes     │-     │
│smoke-copilot-arm                         │copilot    │Yes     │-     │
│smoke-copilot-sdk                         │copilot    │Yes     │-     │
│smoke-copilot                             │copilot    │Yes     │-     │
│smoke-create-cross-repo-pr                │copilot    │Yes     │-     │
│smoke-crush                               │crush      │Yes     │-     │
│smoke-gemini                              │gemini     │Yes     │-     │
│smoke-multi-pr                            │copilot    │Yes     │-     │
│smoke-opencode                            │opencode   │Yes     │-     │
│smoke-otel-backends                       │copilot    │Yes     │-     │
│smoke-pi                                  │pi         │Yes     │-     │
│smoke-project                             │copilot    │Yes     │-     │
│smoke-service-ports                       │copilot    │Yes     │-     │
│smoke-temporary-id                        │copilot    │Yes     │-     │
│smoke-test-tools                          │copilot    │Yes     │-     │
│smoke-update-cross-repo-pr                │copilot    │Yes     │-     │
│smoke-workflow-call-with-inputs           │copilot    │Yes     │-     │
│smoke-workflow-call                       │copilot    │Yes     │-     │
│spec-enforcer                             │pi         │Yes     │-     │
│spec-extractor                            │copilot    │Yes     │-     │
│spec-librarian                            │copilot    │Yes     │-     │
│stale-pr-cleanup                          │copilot    │Yes     │-     │
│stale-repo-identifier                     │copilot    │Yes     │-     │
│static-analysis-report                    │claude     │Yes     │-     │
│step-name-alignment                       │claude     │Yes     │-     │
│sub-issue-closer                          │copilot    │Yes     │-     │
│super-linter                              │copilot    │Yes     │-     │
│technical-doc-writer                      │copilot    │Yes     │-     │
│terminal-stylist                          │copilot    │Yes     │-     │
│test-create-pr-error-handling             │claude     │Yes     │-     │
│test-dispatcher                           │copilot    │Yes     │-     │
│test-project-url-default                  │copilot    │Yes     │-     │
│test-quality-sentinel                     │copilot    │Yes     │-     │
│test-workflow                             │copilot    │Yes     │-     │
│tidy                                      │copilot    │Yes     │-     │
│typist                                    │claude     │Yes     │-     │
│ubuntu-image-analyzer                     │copilot    │Yes     │-     │
│uk-ai-operational-resilience              │copilot    │Yes     │-     │
│unbloat-docs                              │pi         │Yes     │-     │
│update-astro                              │copilot    │Yes     │-     │
│video-analyzer                            │copilot    │Yes     │-     │
│visual-regression-checker                 │copilot    │Yes     │-     │
│weekly-blog-post-writer                   │copilot    │Yes     │-     │
│weekly-editors-health-check               │copilot    │Yes     │-     │
│weekly-issue-summary                      │copilot    │Yes     │-     │
│weekly-safe-outputs-spec-review           │copilot    │Yes     │-     │
│workflow-generator                        │copilot    │Yes     │-     │
│workflow-health-manager                   │copilot    │Yes     │-     │
│workflow-normalizer                       │copilot    │Yes     │-     │
│workflow-skill-extractor                  │copilot    │Yes     │-     │
╰──────────────────────────────────────────┴───────────┴────────┴──────╯
=== RUN   TestRunListWorkflows_TextOutput/Text_output_with_pattern
✓ Found 3 workflows
╭─────────────────┬───────┬────────┬──────╮
│Workflow         │Engine │Compiled│Labels│
├─────────────────┼───────┼────────┼──────┤
│ci-coach         │copilot│Yes     │-     │
│ci-doctor        │claude │Yes     │-     │
│hourly-ci-cleaner│claude │Yes     │-     │
╰─────────────────┴───────┴────────┴──────╯
--- PASS: TestRunListWorkflows_TextOutput (0.59s)
    --- PASS: TestRunListWorkflows_TextOutput/Text_output_without_pattern (0.57s)
    --- PASS: TestRunListWorkflows_TextOutput/Text_output_with_pattern (0.01s)
=== RUN   TestNewListCommand
--- PASS: TestNewListCommand (0.00s)
=== RUN   TestRunListWorkflows_CompiledField
=== RUN   TestRunListWorkflows_CompiledField/compiled_Yes_when_hash_matches
=== RUN   TestRunListWorkflows_CompiledField/compiled_No_when_hash_mismatches
=== RUN   TestRunListWorkflows_CompiledField/compiled_NA_when_no_lock_file
--- PASS: TestRunListWorkflows_CompiledField (0.00s)
    --- PASS: TestRunListWorkflows_CompiledField/compiled_Yes_when_hash_matches (0.00s)
    --- PASS: TestRunListWorkflows_CompiledField/compiled_No_when_hash_mismatches (0.00s)
    --- PASS: TestRunListWorkflows_CompiledField/compiled_NA_when_no_lock_file (0.00s)
=== RUN   TestLocalWorkflowTrialMode
--- PASS: TestLocalWorkflowTrialMode (0.00s)
=== RUN   TestDomainAnalysisImplementsLogAnalysis
--- PASS: TestDomainAnalysisImplementsLogAnalysis (0.00s)
=== RUN   TestDomainAnalysisImplementsMutableLogAnalysis
--- PASS: TestDomainAnalysisImplementsMutableLogAnalysis (0.00s)
=== RUN   TestFirewallAnalysisImplementsLogAnalysis
--- PASS: TestFirewallAnalysisImplementsLogAnalysis (0.00s)
=== RUN   TestFirewallAnalysisImplementsMutableLogAnalysis
--- PASS: TestFirewallAnalysisImplementsMutableLogAnalysis (0.00s)
=== RUN   TestDomainAnalysisGettersSetters
--- PASS: TestDomainAnalysisGettersSetters (0.00s)
=== RUN   TestDomainAnalysisAddMetrics
--- PASS: TestDomainAnalysisAddMetrics (0.00s)
=== RUN   TestFirewallAnalysisGettersSetters
--- PASS: TestFirewallAnalysisGettersSetters (0.00s)
=== RUN   TestFirewallAnalysisAddMetrics
--- PASS: TestFirewallAnalysisAddMetrics (0.00s)
=== RUN   TestAggregateLogFilesWithAccessLogs
--- PASS: TestAggregateLogFilesWithAccessLogs (0.00s)
=== RUN   TestAggregateLogFilesWithFirewallLogs
--- PASS: TestAggregateLogFilesWithFirewallLogs (0.00s)
=== RUN   TestAggregateLogFilesNoFiles
--- PASS: TestAggregateLogFilesNoFiles (0.00s)
=== RUN   TestAggregateLogFilesWithParseErrors
--- PASS: TestAggregateLogFilesWithParseErrors (0.00s)
=== RUN   TestBuildLogsDataIncludesAmbientContext
--- PASS: TestBuildLogsDataIncludesAmbientContext (0.00s)
=== RUN   TestArtifactNamingBackwardCompatibility
=== RUN   TestArtifactNamingBackwardCompatibility/old_aw_info_artifact
=== RUN   TestArtifactNamingBackwardCompatibility/old_safe_output_artifact
=== RUN   TestArtifactNamingBackwardCompatibility/old_agent_output_artifact
=== RUN   TestArtifactNamingBackwardCompatibility/old_prompt_artifact
=== RUN   TestArtifactNamingBackwardCompatibility/new_aw-info_artifact
=== RUN   TestArtifactNamingBackwardCompatibility/new_safe-output_artifact
=== RUN   TestArtifactNamingBackwardCompatibility/new_agent-output_artifact
=== RUN   TestArtifactNamingBackwardCompatibility/new_prompt_artifact_(unchanged)
=== RUN   TestArtifactNamingBackwardCompatibility/old_threat-detection.log_artifact_(legacy)
=== RUN   TestArtifactNamingBackwardCompatibility/new_detection_artifact
--- PASS: TestArtifactNamingBackwardCompatibility (0.00s)
    --- PASS: TestArtifactNamingBackwardCompatibility/old_aw_info_artifact (0.00s)
    --- PASS: TestArtifactNamingBackwardCompatibility/old_safe_output_artifact (0.00s)
    --- PASS: TestArtifactNamingBackwardCompatibility/old_agent_output_artifact (0.00s)
    --- PASS: TestArtifactNamingBackwardCompatibility/old_prompt_artifact (0.00s)
    --- PASS: TestArtifactNamingBackwardCompatibility/new_aw-info_artifact (0.00s)
    --- PASS: TestArtifactNamingBackwardCompatibility/new_safe-output_artifact (0.00s)
    --- PASS: TestArtifactNamingBackwardCompatibility/new_agent-output_artifact (0.00s)
    --- PASS: TestArtifactNamingBackwardCompatibility/new_prompt_artifact_(unchanged) (0.00s)
    --- PASS: TestArtifactNamingBackwardCompatibility/old_threat-detection.log_artifact_(legacy) (0.00s)
    --- PASS: TestArtifactNamingBackwardCompatibility/new_detection_artifact (0.00s)
=== RUN   TestAuditCommandFindsNewArtifacts
--- PASS: TestAuditCommandFindsNewArtifacts (0.00s)
=== RUN   TestValidateArtifactSets
=== RUN   TestValidateArtifactSets/empty_sets_is_valid
=== RUN   TestValidateArtifactSets/all_is_valid
=== RUN   TestValidateArtifactSets/activation_is_valid
=== RUN   TestValidateArtifactSets/agent_is_valid
=== RUN   TestValidateArtifactSets/mcp_is_valid
=== RUN   TestValidateArtifactSets/firewall_is_valid
=== RUN   TestValidateArtifactSets/detection_is_valid
=== RUN   TestValidateArtifactSets/github-api_is_valid
=== RUN   TestValidateArtifactSets/usage_is_valid
=== RUN   TestValidateArtifactSets/multiple_valid_sets
=== RUN   TestValidateArtifactSets/unknown_set_returns_error
=== RUN   TestValidateArtifactSets/mix_of_valid_and_unknown_returns_error
--- PASS: TestValidateArtifactSets (0.00s)
    --- PASS: TestValidateArtifactSets/empty_sets_is_valid (0.00s)
    --- PASS: TestValidateArtifactSets/all_is_valid (0.00s)
    --- PASS: TestValidateArtifactSets/activation_is_valid (0.00s)
    --- PASS: TestValidateArtifactSets/agent_is_valid (0.00s)
    --- PASS: TestValidateArtifactSets/mcp_is_valid (0.00s)
    --- PASS: TestValidateArtifactSets/firewall_is_valid (0.00s)
    --- PASS: TestValidateArtifactSets/detection_is_valid (0.00s)
    --- PASS: TestValidateArtifactSets/github-api_is_valid (0.00s)
    --- PASS: TestValidateArtifactSets/usage_is_valid (0.00s)
    --- PASS: TestValidateArtifactSets/multiple_valid_sets (0.00s)
    --- PASS: TestValidateArtifactSets/unknown_set_returns_error (0.00s)
    --- PASS: TestValidateArtifactSets/mix_of_valid_and_unknown_returns_error (0.00s)
=== RUN   TestResolveArtifactFilter
=== RUN   TestResolveArtifactFilter/nil_sets_returns_nil_filter
=== RUN   TestResolveArtifactFilter/empty_sets_returns_nil_filter
=== RUN   TestResolveArtifactFilter/all_returns_nil_filter
=== RUN   TestResolveArtifactFilter/all_with_other_sets_returns_nil_filter
=== RUN   TestResolveArtifactFilter/activation_resolves_to_activation_artifact
=== RUN   TestResolveArtifactFilter/agent_resolves_to_agent_artifact
=== RUN   TestResolveArtifactFilter/mcp_resolves_to_agent_artifact
=== RUN   TestResolveArtifactFilter/firewall_resolves_to_agent_artifact
=== RUN   TestResolveArtifactFilter/mcp_and_firewall_both_deduplicate_to_single_agent
=== RUN   TestResolveArtifactFilter/detection_resolves_to_detection_artifact
=== RUN   TestResolveArtifactFilter/github-api_resolves_to_activation_and_agent
=== RUN   TestResolveArtifactFilter/usage_resolves_to_usage_artifact
=== RUN   TestResolveArtifactFilter/multiple_sets_are_merged_and_deduplicated
=== RUN   TestResolveArtifactFilter/github-api_and_agent_deduplicates_agent
--- PASS: TestResolveArtifactFilter (0.00s)
    --- PASS: TestResolveArtifactFilter/nil_sets_returns_nil_filter (0.00s)
    --- PASS: TestResolveArtifactFilter/empty_sets_returns_nil_filter (0.00s)
    --- PASS: TestResolveArtifactFilter/all_returns_nil_filter (0.00s)
    --- PASS: TestResolveArtifactFilter/all_with_other_sets_returns_nil_filter (0.00s)
    --- PASS: TestResolveArtifactFilter/activation_resolves_to_activation_artifact (0.00s)
    --- PASS: TestResolveArtifactFilter/agent_resolves_to_agent_artifact (0.00s)
    --- PASS: TestResolveArtifactFilter/mcp_resolves_to_agent_artifact (0.00s)
    --- PASS: TestResolveArtifactFilter/firewall_resolves_to_agent_artifact (0.00s)
    --- PASS: TestResolveArtifactFilter/mcp_and_firewall_both_deduplicate_to_single_agent (0.00s)
    --- PASS: TestResolveArtifactFilter/detection_resolves_to_detection_artifact (0.00s)
    --- PASS: TestResolveArtifactFilter/github-api_resolves_to_activation_and_agent (0.00s)
    --- PASS: TestResolveArtifactFilter/usage_resolves_to_usage_artifact (0.00s)
    --- PASS: TestResolveArtifactFilter/multiple_sets_are_merged_and_deduplicated (0.00s)
    --- PASS: TestResolveArtifactFilter/github-api_and_agent_deduplicates_agent (0.00s)
=== RUN   TestArtifactMatchesFilter
=== RUN   TestArtifactMatchesFilter/nil_filter_matches_everything
=== RUN   TestArtifactMatchesFilter/empty_filter_matches_everything
=== RUN   TestArtifactMatchesFilter/exact_match
=== RUN   TestArtifactMatchesFilter/no_match
=== RUN   TestArtifactMatchesFilter/prefixed_match_(workflow_call_context)
=== RUN   TestArtifactMatchesFilter/prefixed_activation_match
=== RUN   TestArtifactMatchesFilter/prefix_does_not_false-positive_on_partial_names
=== RUN   TestArtifactMatchesFilter/multi-filter_any_match_succeeds
=== RUN   TestArtifactMatchesFilter/firewall-audit-logs_exact_match
--- PASS: TestArtifactMatchesFilter (0.00s)
    --- PASS: TestArtifactMatchesFilter/nil_filter_matches_everything (0.00s)
    --- PASS: TestArtifactMatchesFilter/empty_filter_matches_everything (0.00s)
    --- PASS: TestArtifactMatchesFilter/exact_match (0.00s)
    --- PASS: TestArtifactMatchesFilter/no_match (0.00s)
    --- PASS: TestArtifactMatchesFilter/prefixed_match_(workflow_call_context) (0.00s)
    --- PASS: TestArtifactMatchesFilter/prefixed_activation_match (0.00s)
    --- PASS: TestArtifactMatchesFilter/prefix_does_not_false-positive_on_partial_names (0.00s)
    --- PASS: TestArtifactMatchesFilter/multi-filter_any_match_succeeds (0.00s)
    --- PASS: TestArtifactMatchesFilter/firewall-audit-logs_exact_match (0.00s)
=== RUN   TestValidArtifactSetNames
--- PASS: TestValidArtifactSetNames (0.00s)
=== RUN   TestIsUsageOnlyArtifactFilter
=== RUN   TestIsUsageOnlyArtifactFilter/usage_only
=== RUN   TestIsUsageOnlyArtifactFilter/usage_plus_another_artifact
=== RUN   TestIsUsageOnlyArtifactFilter/non-usage_only
=== RUN   TestIsUsageOnlyArtifactFilter/empty_filter
--- PASS: TestIsUsageOnlyArtifactFilter (0.00s)
    --- PASS: TestIsUsageOnlyArtifactFilter/usage_only (0.00s)
    --- PASS: TestIsUsageOnlyArtifactFilter/usage_plus_another_artifact (0.00s)
    --- PASS: TestIsUsageOnlyArtifactFilter/non-usage_only (0.00s)
    --- PASS: TestIsUsageOnlyArtifactFilter/empty_filter (0.00s)
=== RUN   TestFindMissingFilterEntries
=== RUN   TestFindMissingFilterEntries/all_entries_present_(exact_match)
=== RUN   TestFindMissingFilterEntries/all_entries_present_(prefix_match)
=== RUN   TestFindMissingFilterEntries/one_entry_missing
=== RUN   TestFindMissingFilterEntries/all_entries_missing
=== RUN   TestFindMissingFilterEntries/prefix_match_does_not_false-positive_on_substring_(suffix_mismatch)
=== RUN   TestFindMissingFilterEntries/any-suffix_directory_matches_filter_entry_(mirrors_artifactMatchesFilter_behavior)
=== RUN   TestFindMissingFilterEntries/firewall-audit-logs_exact_match_found
--- PASS: TestFindMissingFilterEntries (0.00s)
    --- PASS: TestFindMissingFilterEntries/all_entries_present_(exact_match) (0.00s)
    --- PASS: TestFindMissingFilterEntries/all_entries_present_(prefix_match) (0.00s)
    --- PASS: TestFindMissingFilterEntries/one_entry_missing (0.00s)
    --- PASS: TestFindMissingFilterEntries/all_entries_missing (0.00s)
    --- PASS: TestFindMissingFilterEntries/prefix_match_does_not_false-positive_on_substring_(suffix_mismatch) (0.00s)
    --- PASS: TestFindMissingFilterEntries/any-suffix_directory_matches_filter_entry_(mirrors_artifactMatchesFilter_behavior) (0.00s)
    --- PASS: TestFindMissingFilterEntries/firewall-audit-logs_exact_match_found (0.00s)
=== RUN   TestAwInfoBackwardCompatibility
=== RUN   TestAwInfoBackwardCompatibility/new_field_name_awf_version
=== RUN   TestAwInfoBackwardCompatibility/old_field_name_firewall_version
=== RUN   TestAwInfoBackwardCompatibility/both_field_names_present_-_prefer_new
=== RUN   TestAwInfoBackwardCompatibility/no_firewall_version_fields
=== RUN   TestAwInfoBackwardCompatibility/empty_firewall_version
--- PASS: TestAwInfoBackwardCompatibility (0.00s)
    --- PASS: TestAwInfoBackwardCompatibility/new_field_name_awf_version (0.00s)
    --- PASS: TestAwInfoBackwardCompatibility/old_field_name_firewall_version (0.00s)
    --- PASS: TestAwInfoBackwardCompatibility/both_field_names_present_-_prefer_new (0.00s)
    --- PASS: TestAwInfoBackwardCompatibility/no_firewall_version_fields (0.00s)
    --- PASS: TestAwInfoBackwardCompatibility/empty_firewall_version (0.00s)
=== RUN   TestAwInfoMarshaling
=== RUN   TestAwInfoMarshaling/with_new_field
=== RUN   TestAwInfoMarshaling/with_old_field
=== RUN   TestAwInfoMarshaling/with_both_fields
--- PASS: TestAwInfoMarshaling (0.00s)
    --- PASS: TestAwInfoMarshaling/with_new_field (0.00s)
    --- PASS: TestAwInfoMarshaling/with_old_field (0.00s)
    --- PASS: TestAwInfoMarshaling/with_both_fields (0.00s)
=== RUN   TestAwInfoResolution
🔍 Unfolded single-file artifact: aw-info/aw_info.json → aw_info.json
--- PASS: TestAwInfoResolution (0.00s)
=== RUN   TestAwInfoResolutionWithoutFlattening
--- PASS: TestAwInfoResolutionWithoutFlattening (0.00s)
=== RUN   TestMultipleArtifactFlattening
🔍 Flattened: aw.patch → aw.patch
🔍 Flattened: aw_info.json → aw_info.json
🔍 Flattened: prompt.txt → prompt.txt
🔍 Flattened: safe_output.jsonl → safe_output.jsonl
🔍 Flattened unified agent artifact and removed nested structure
--- PASS: TestMultipleArtifactFlattening (0.00s)
=== RUN   TestCleanupOldRunFolders
=== RUN   TestCleanupOldRunFolders/removes_folders_older_than_cutoff
=== RUN   TestCleanupOldRunFolders/keeps_folders_newer_than_cutoff
=== RUN   TestCleanupOldRunFolders/removes_all_old_folders
=== RUN   TestCleanupOldRunFolders/ignores_non_run-_directories
=== RUN   TestCleanupOldRunFolders/ignores_run-_directories_with_non-integer_suffix
=== RUN   TestCleanupOldRunFolders/falls_back_to_dir_mtime_when_no_run_summary.json
=== RUN   TestCleanupOldRunFolders/empty_output_directory_returns_zero_removed
=== RUN   TestCleanupOldRunFolders/non-existent_output_directory_returns_zero_removed
--- PASS: TestCleanupOldRunFolders (0.00s)
    --- PASS: TestCleanupOldRunFolders/removes_folders_older_than_cutoff (0.00s)
    --- PASS: TestCleanupOldRunFolders/keeps_folders_newer_than_cutoff (0.00s)
    --- PASS: TestCleanupOldRunFolders/removes_all_old_folders (0.00s)
    --- PASS: TestCleanupOldRunFolders/ignores_non_run-_directories (0.00s)
    --- PASS: TestCleanupOldRunFolders/ignores_run-_directories_with_non-integer_suffix (0.00s)
    --- PASS: TestCleanupOldRunFolders/falls_back_to_dir_mtime_when_no_run_summary.json (0.00s)
    --- PASS: TestCleanupOldRunFolders/empty_output_directory_returns_zero_removed (0.00s)
    --- PASS: TestCleanupOldRunFolders/non-existent_output_directory_returns_zero_removed (0.00s)
=== RUN   TestCleanupOldRunFoldersVerbose
ℹ Removing old run folder: run-99 (run date: 2026-06-04)
--- PASS: TestCleanupOldRunFoldersVerbose (0.00s)
=== RUN   TestLogsJSONOutputWithNoRuns
    logs_ci_scenario_test.go:56: DownloadWorkflowLogs returned error: failed to list workflow runs (exit code 0): exec: "gh": executable file not found in $PATH
--- FAIL: TestLogsJSONOutputWithNoRuns (0.00s)
=== RUN   TestLogsJSONRunDataFields
--- PASS: TestLogsJSONRunDataFields (0.01s)
=== RUN   TestLogsJSONOutputStructure
--- PASS: TestLogsJSONOutputStructure (0.00s)
=== RUN   TestSummaryFileWrittenWithNoRuns
--- PASS: TestSummaryFileWrittenWithNoRuns (0.00s)
=== RUN   TestNewLogsCommand
--- PASS: TestNewLogsCommand (0.00s)
=== RUN   TestLogsCommandFlagDefaults
=== RUN   TestLogsCommandFlagDefaults/start-date
=== RUN   TestLogsCommandFlagDefaults/end-date
=== RUN   TestLogsCommandFlagDefaults/engine
=== RUN   TestLogsCommandFlagDefaults/output
=== RUN   TestLogsCommandFlagDefaults/ref
=== RUN   TestLogsCommandFlagDefaults/after-run-id
=== RUN   TestLogsCommandFlagDefaults/before-run-id
=== RUN   TestLogsCommandFlagDefaults/repo
=== RUN   TestLogsCommandFlagDefaults/artifacts
--- PASS: TestLogsCommandFlagDefaults (0.00s)
    --- PASS: TestLogsCommandFlagDefaults/start-date (0.00s)
    --- PASS: TestLogsCommandFlagDefaults/end-date (0.00s)
    --- PASS: TestLogsCommandFlagDefaults/engine (0.00s)
    --- PASS: TestLogsCommandFlagDefaults/output (0.00s)
    --- PASS: TestLogsCommandFlagDefaults/ref (0.00s)
    --- PASS: TestLogsCommandFlagDefaults/after-run-id (0.00s)
    --- PASS: TestLogsCommandFlagDefaults/before-run-id (0.00s)
    --- PASS: TestLogsCommandFlagDefaults/repo (0.00s)
    --- PASS: TestLogsCommandFlagDefaults/artifacts (0.00s)
=== RUN   TestLogsCommandBooleanFlags
=== RUN   TestLogsCommandBooleanFlags/firewall
=== RUN   TestLogsCommandBooleanFlags/no-firewall
=== RUN   TestLogsCommandBooleanFlags/tool-graph
=== RUN   TestLogsCommandBooleanFlags/parse
=== RUN   TestLogsCommandBooleanFlags/json
--- PASS: TestLogsCommandBooleanFlags (0.00s)
    --- PASS: TestLogsCommandBooleanFlags/firewall (0.00s)
    --- PASS: TestLogsCommandBooleanFlags/no-firewall (0.00s)
    --- PASS: TestLogsCommandBooleanFlags/tool-graph (0.00s)
    --- PASS: TestLogsCommandBooleanFlags/parse (0.00s)
    --- PASS: TestLogsCommandBooleanFlags/json (0.00s)
=== RUN   TestLogsCommandStructure
=== RUN   TestLogsCommandStructure/logs_command_exists
--- PASS: TestLogsCommandStructure (0.00s)
    --- PASS: TestLogsCommandStructure/logs_command_exists (0.00s)
=== RUN   TestLogsCommandArgs
--- PASS: TestLogsCommandArgs (0.00s)
=== RUN   TestLogsCommandMutuallyExclusiveFlags
--- PASS: TestLogsCommandMutuallyExclusiveFlags (0.00s)
=== RUN   TestLogsCommandCountFlag
--- PASS: TestLogsCommandCountFlag (0.00s)
=== RUN   TestLogsCommandDateFlags
=== RUN   TestLogsCommandDateFlags/start-date
=== RUN   TestLogsCommandDateFlags/end-date
--- PASS: TestLogsCommandDateFlags (0.00s)
    --- PASS: TestLogsCommandDateFlags/start-date (0.00s)
    --- PASS: TestLogsCommandDateFlags/end-date (0.00s)
=== RUN   TestLogsCommandRunIDFilters
=== RUN   TestLogsCommandRunIDFilters/after-run-id
=== RUN   TestLogsCommandRunIDFilters/before-run-id
--- PASS: TestLogsCommandRunIDFilters (0.00s)
    --- PASS: TestLogsCommandRunIDFilters/after-run-id (0.00s)
    --- PASS: TestLogsCommandRunIDFilters/before-run-id (0.00s)
=== RUN   TestLogsCommandOutputFlag
--- PASS: TestLogsCommandOutputFlag (0.00s)
=== RUN   TestLogsCommandHelpText
--- PASS: TestLogsCommandHelpText (0.00s)
=== RUN   TestLogsCommandStdinFlag
--- PASS: TestLogsCommandStdinFlag (0.00s)
=== RUN   TestLogsCommandStdinRejectsPositionalArgs
Error: ✗ positional arguments are not allowed with --stdin

Suggestions:
  • Remove the workflow name argument, or omit --stdin to use the normal discovery mode

Usage:
  logs [workflow] [flags]

Examples:
  # Basic usage
  gh aw logs                           # Download logs for all workflows
  gh aw logs weekly-research           # Download logs for specific workflow
  gh aw logs weekly-research.md        # Download logs (alternative format)
  gh aw logs -c 10                     # Download last 10 matching runs

  # Date filtering
  gh aw logs --start-date 2024-01-01   # Download all runs after date
  gh aw logs --end-date 2024-01-31     # Download all runs before date
  gh aw logs --start-date -1w          # Download up to 10 runs from last week
  gh aw logs --start-date -1w -c 5     # Download up to 5 runs from last week
  gh aw logs --end-date -1d            # Download all runs until yesterday
  gh aw logs --start-date -1mo         # Download all runs from last month

  # Content filtering
  gh aw logs --engine claude           # Filter logs by claude engine
  gh aw logs --engine codex            # Filter logs by codex engine
  gh aw logs --engine copilot          # Filter logs by copilot engine
  gh aw logs --firewall                # Filter logs with firewall enabled
  gh aw logs --no-firewall             # Filter logs without firewall
  gh aw logs --safe-output missing-tool     # Filter logs with missing-tool messages
  gh aw logs --safe-output missing-data     # Filter logs with missing-data messages
  gh aw logs --safe-output create-issue     # Filter logs with create-issue messages
  gh aw logs --safe-output noop             # Filter logs with noop messages
  gh aw logs --safe-output report-incomplete # Filter logs with report-incomplete messages
  gh aw logs --ref main                # Filter logs by branch or tag
  gh aw logs --ref feature-xyz         # Filter logs by feature branch
  gh aw logs --filtered-integrity      # Filter logs containing items that were filtered by gateway integrity checks
  gh aw logs --no-staged               # Exclude staged workflow runs from results

  # Run ID range filtering
  gh aw logs --after-run-id 1000       # Filter runs after run ID 1000
  gh aw logs --before-run-id 2000      # Filter runs before run ID 2000
  gh aw logs --after-run-id 1000 --before-run-id 2000  # Filter runs in range

  # Artifact selection (default: usage only - the compact conclusion artifact)
  gh aw logs --artifacts all           # Download all artifacts (agent logs, firewall, etc.)
  gh aw logs --artifacts agent         # Download only agent logs
  gh aw logs --artifacts agent,firewall # Download agent and firewall artifacts
  gh aw logs --artifacts mcp           # Download only MCP gateway logs

  # Output options (default output is compact format optimized for agents)
  gh aw logs -o ./my-logs              # Custom output directory
  gh aw logs --tool-graph              # Generate Mermaid tool sequence graph
  gh aw logs --parse                   # Parse logs and generate Markdown reports
  gh aw logs -v                        # Verbose compact output (extra columns + sections)
  gh aw logs --json                    # JSON format (compact by default, use -v for full)
  gh aw logs --json -v                 # Full JSON with audit metadata
  gh aw logs --format tsv              # Tab-separated (minimal, raw data)
  gh aw logs --format console          # Decorated console tables (human-friendly)
  gh aw logs --format markdown         # Cross-run security audit report (Markdown)
  gh aw logs --format pretty           # Cross-run security audit report (console)
  gh aw logs weekly-research --format markdown --last 10  # Cross-run report for last 10 runs
  gh aw logs --train                   # Train log pattern weights from last 10 runs
  gh aw logs my-workflow --train -c 50 # Train log pattern weights from up to 50 runs of a specific workflow

  # Cross-repository
  gh aw logs weekly-research --repo owner/repo  # Download logs from specific repository

  # Cache maintenance
  gh aw logs --cache-before -1w          # Evict local cache older than 1 week before downloading runs
  gh aw logs --cache-before -30d         # Evict local cache older than 30 days before downloading runs
  gh aw logs --cache-before -1mo         # Evict local cache older than 1 month before downloading runs
  gh aw logs --cache-before 2024-01-01   # Evict local cache older than 2024-01-01 before downloading runs

Flags:
      --after-run-id int      Filter runs with database ID after this value (exclusive)
      --artifacts strings     Artifact sets to download (default: usage). Use 'all' for everything, or comma-separate sets. Valid sets: activation, agent, all, detection, experiment, firewall, github-api, mcp, usage (default [usage])
      --before-run-id int     Filter runs with database ID before this value (exclusive)
      --cache-before string   (Cache eviction) Evict locally cached run folders for runs before this date, prior to downloading. Accepts deltas like -1d, -1w, -1mo (or explicit day counts like -30d), or an absolute date YYYY-MM-DD. Unlike --start-date, this only clears local cache and does not filter which runs are fetched.
  -c, --count int             Maximum number of matching workflow runs to return (after applying filters) (default 10)
      --end-date string       Filter runs created before this date (YYYY-MM-DD or delta like -1d, -1w, -1mo)
  -e, --engine string         Filter logs by AI engine (copilot, claude, codex, gemini, crush)
      --filtered-integrity    Filter to runs containing items that were filtered by gateway integrity checks
      --firewall              Filter to only runs with firewall enabled
      --format string         Output format: console (decorated tables), tsv (tab-separated), pretty (cross-run report), markdown (cross-run Markdown). Default: compact agent-optimized output
  -h, --help                  help for logs
  -j, --json                  Output results in JSON format
      --last int              Alias for --count: number of recent runs to download
      --no-firewall           Filter to only runs without firewall enabled
      --no-staged             Exclude workflow runs that executed in staged mode (safe outputs previewed but not applied)
  -o, --output string         Output directory for generated files (default ".github/aw/logs")
      --parse                 Run JavaScript parsers on agent logs and firewall logs, writing Markdown to log.md and firewall.md
      --ref string            Filter runs by branch or tag name (e.g., main, v1.0.0)
  -r, --repo string           Target repository ([HOST/]owner/repo format). Defaults to current repository
      --report-file string    Write --format markdown output directly to this file path instead of stdout (creates parent directories as needed)
      --safe-output string    Filter to runs containing a specific safe output type (e.g., create-issue, missing-tool, missing-data, noop, report-incomplete)
      --start-date string     Filter runs created after this date (YYYY-MM-DD or delta like -1d, -1w, -1mo)
      --stdin                 Read workflow run IDs or URLs from stdin (one per line) instead of discovering runs via the GitHub API
      --summary-file string   Path to write the summary JSON file relative to output directory (use empty string to disable) (default "summary.json")
      --timeout int           Download timeout in minutes (0 = no timeout)
      --tool-graph            Generate Mermaid tool sequence graph from agent logs
      --train                 Analyze log patterns across downloaded runs and save pattern weights to drain3_weights.json in the output directory

--- PASS: TestLogsCommandStdinRejectsPositionalArgs (0.00s)
=== RUN   TestLogsCommand_RepoBypassesLocalWorkflowResolution
Error: failed to list workflow runs (exit code 0): exec: "gh": executable file not found in $PATH
Usage:
  logs [workflow] [flags]

Examples:
  # Basic usage
  gh aw logs                           # Download logs for all workflows
  gh aw logs weekly-research           # Download logs for specific workflow
  gh aw logs weekly-research.md        # Download logs (alternative format)
  gh aw logs -c 10                     # Download last 10 matching runs

  # Date filtering
  gh aw logs --start-date 2024-01-01   # Download all runs after date
  gh aw logs --end-date 2024-01-31     # Download all runs before date
  gh aw logs --start-date -1w          # Download up to 10 runs from last week
  gh aw logs --start-date -1w -c 5     # Download up to 5 runs from last week
  gh aw logs --end-date -1d            # Download all runs until yesterday
  gh aw logs --start-date -1mo         # Download all runs from last month

  # Content filtering
  gh aw logs --engine claude           # Filter logs by claude engine
  gh aw logs --engine codex            # Filter logs by codex engine
  gh aw logs --engine copilot          # Filter logs by copilot engine
  gh aw logs --firewall                # Filter logs with firewall enabled
  gh aw logs --no-firewall             # Filter logs without firewall
  gh aw logs --safe-output missing-tool     # Filter logs with missing-tool messages
  gh aw logs --safe-output missing-data     # Filter logs with missing-data messages
  gh aw logs --safe-output create-issue     # Filter logs with create-issue messages
  gh aw logs --safe-output noop             # Filter logs with noop messages
  gh aw logs --safe-output report-incomplete # Filter logs with report-incomplete messages
  gh aw logs --ref main                # Filter logs by branch or tag
  gh aw logs --ref feature-xyz         # Filter logs by feature branch
  gh aw logs --filtered-integrity      # Filter logs containing items that were filtered by gateway integrity checks
  gh aw logs --no-staged               # Exclude staged workflow runs from results

  # Run ID range filtering
  gh aw logs --after-run-id 1000       # Filter runs after run ID 1000
  gh aw logs --before-run-id 2000      # Filter runs before run ID 2000
  gh aw logs --after-run-id 1000 --before-run-id 2000  # Filter runs in range

  # Artifact selection (default: usage only - the compact conclusion artifact)
  gh aw logs --artifacts all           # Download all artifacts (agent logs, firewall, etc.)
  gh aw logs --artifacts agent         # Download only agent logs
  gh aw logs --artifacts agent,firewall # Download agent and firewall artifacts
  gh aw logs --artifacts mcp           # Download only MCP gateway logs

  # Output options (default output is compact format optimized for agents)
  gh aw logs -o ./my-logs              # Custom output directory
  gh aw logs --tool-graph              # Generate Mermaid tool sequence graph
  gh aw logs --parse                   # Parse logs and generate Markdown reports
  gh aw logs -v                        # Verbose compact output (extra columns + sections)
  gh aw logs --json                    # JSON format (compact by default, use -v for full)
  gh aw logs --json -v                 # Full JSON with audit metadata
  gh aw logs --format tsv              # Tab-separated (minimal, raw data)
  gh aw logs --format console          # Decorated console tables (human-friendly)
  gh aw logs --format markdown         # Cross-run security audit report (Markdown)
  gh aw logs --format pretty           # Cross-run security audit report (console)
  gh aw logs weekly-research --format markdown --last 10  # Cross-run report for last 10 runs
  gh aw logs --train                   # Train log pattern weights from last 10 runs
  gh aw logs my-workflow --train -c 50 # Train log pattern weights from up to 50 runs of a specific workflow

  # Cross-repository
  gh aw logs weekly-research --repo owner/repo  # Download logs from specific repository

  # Cache maintenance
  gh aw logs --cache-before -1w          # Evict local cache older than 1 week before downloading runs
  gh aw logs --cache-before -30d         # Evict local cache older than 30 days before downloading runs
  gh aw logs --cache-before -1mo         # Evict local cache older than 1 month before downloading runs
  gh aw logs --cache-before 2024-01-01   # Evict local cache older than 2024-01-01 before downloading runs

Flags:
      --after-run-id int      Filter runs with database ID after this value (exclusive)
      --artifacts strings     Artifact sets to download (default: usage). Use 'all' for everything, or comma-separate sets. Valid sets: activation, agent, all, detection, experiment, firewall, github-api, mcp, usage (default [usage])
      --before-run-id int     Filter runs with database ID before this value (exclusive)
      --cache-before string   (Cache eviction) Evict locally cached run folders for runs before this date, prior to downloading. Accepts deltas like -1d, -1w, -1mo (or explicit day counts like -30d), or an absolute date YYYY-MM-DD. Unlike --start-date, this only clears local cache and does not filter which runs are fetched.
  -c, --count int             Maximum number of matching workflow runs to return (after applying filters) (default 10)
      --end-date string       Filter runs created before this date (YYYY-MM-DD or delta like -1d, -1w, -1mo)
  -e, --engine string         Filter logs by AI engine (copilot, claude, codex, gemini, crush)
      --filtered-integrity    Filter to runs containing items that were filtered by gateway integrity checks
      --firewall              Filter to only runs with firewall enabled
      --format string         Output format: console (decorated tables), tsv (tab-separated), pretty (cross-run report), markdown (cross-run Markdown). Default: compact agent-optimized output
  -h, --help                  help for logs
  -j, --json                  Output results in JSON format
      --last int              Alias for --count: number of recent runs to download
      --no-firewall           Filter to only runs without firewall enabled
      --no-staged             Exclude workflow runs that executed in staged mode (safe outputs previewed but not applied)
  -o, --output string         Output directory for generated files (default ".github/aw/logs")
      --parse                 Run JavaScript parsers on agent logs and firewall logs, writing Markdown to log.md and firewall.md
      --ref string            Filter runs by branch or tag name (e.g., main, v1.0.0)
  -r, --repo string           Target repository ([HOST/]owner/repo format). Defaults to current repository
      --report-file string    Write --format markdown output directly to this file path instead of stdout (creates parent directories as needed)
      --safe-output string    Filter to runs containing a specific safe output type (e.g., create-issue, missing-tool, missing-data, noop, report-incomplete)
      --start-date string     Filter runs created after this date (YYYY-MM-DD or delta like -1d, -1w, -1mo)
      --stdin                 Read workflow run IDs or URLs from stdin (one per line) instead of discovering runs via the GitHub API
      --summary-file string   Path to write the summary JSON file relative to output directory (use empty string to disable) (default "summary.json")
      --timeout int           Download timeout in minutes (0 = no timeout)
      --tool-graph            Generate Mermaid tool sequence graph from agent logs
      --train                 Analyze log patterns across downloaded runs and save pattern weights to drain3_weights.json in the output directory

--- PASS: TestLogsCommand_RepoBypassesLocalWorkflowResolution (0.00s)
=== RUN   TestLogsCommand_RepoUsesLocalResolutionWhenLockFileExists
Error: failed to list workflow runs (exit code 0): exec: "gh": executable file not found in $PATH
Usage:
  logs [workflow] [flags]

Examples:
  # Basic usage
  gh aw logs                           # Download logs for all workflows
  gh aw logs weekly-research           # Download logs for specific workflow
  gh aw logs weekly-research.md        # Download logs (alternative format)
  gh aw logs -c 10                     # Download last 10 matching runs

  # Date filtering
  gh aw logs --start-date 2024-01-01   # Download all runs after date
  gh aw logs --end-date 2024-01-31     # Download all runs before date
  gh aw logs --start-date -1w          # Download up to 10 runs from last week
  gh aw logs --start-date -1w -c 5     # Download up to 5 runs from last week
  gh aw logs --end-date -1d            # Download all runs until yesterday
  gh aw logs --start-date -1mo         # Download all runs from last month

  # Content filtering
  gh aw logs --engine claude           # Filter logs by claude engine
  gh aw logs --engine codex            # Filter logs by codex engine
  gh aw logs --engine copilot          # Filter logs by copilot engine
  gh aw logs --firewall                # Filter logs with firewall enabled
  gh aw logs --no-firewall             # Filter logs without firewall
  gh aw logs --safe-output missing-tool     # Filter logs with missing-tool messages
  gh aw logs --safe-output missing-data     # Filter logs with missing-data messages
  gh aw logs --safe-output create-issue     # Filter logs with create-issue messages
  gh aw logs --safe-output noop             # Filter logs with noop messages
  gh aw logs --safe-output report-incomplete # Filter logs with report-incomplete messages
  gh aw logs --ref main                # Filter logs by branch or tag
  gh aw logs --ref feature-xyz         # Filter logs by feature branch
  gh aw logs --filtered-integrity      # Filter logs containing items that were filtered by gateway integrity checks
  gh aw logs --no-staged               # Exclude staged workflow runs from results

  # Run ID range filtering
  gh aw logs --after-run-id 1000       # Filter runs after run ID 1000
  gh aw logs --before-run-id 2000      # Filter runs before run ID 2000
  gh aw logs --after-run-id 1000 --before-run-id 2000  # Filter runs in range

  # Artifact selection (default: usage only - the compact conclusion artifact)
  gh aw logs --artifacts all           # Download all artifacts (agent logs, firewall, etc.)
  gh aw logs --artifacts agent         # Download only agent logs
  gh aw logs --artifacts agent,firewall # Download agent and firewall artifacts
  gh aw logs --artifacts mcp           # Download only MCP gateway logs

  # Output options (default output is compact format optimized for agents)
  gh aw logs -o ./my-logs              # Custom output directory
  gh aw logs --tool-graph              # Generate Mermaid tool sequence graph
  gh aw logs --parse                   # Parse logs and generate Markdown reports
  gh aw logs -v                        # Verbose compact output (extra columns + sections)
  gh aw logs --json                    # JSON format (compact by default, use -v for full)
  gh aw logs --json -v                 # Full JSON with audit metadata
  gh aw logs --format tsv              # Tab-separated (minimal, raw data)
  gh aw logs --format console          # Decorated console tables (human-friendly)
  gh aw logs --format markdown         # Cross-run security audit report (Markdown)
  gh aw logs --format pretty           # Cross-run security audit report (console)
  gh aw logs weekly-research --format markdown --last 10  # Cross-run report for last 10 runs
  gh aw logs --train                   # Train log pattern weights from last 10 runs
  gh aw logs my-workflow --train -c 50 # Train log pattern weights from up to 50 runs of a specific workflow

  # Cross-repository
  gh aw logs weekly-research --repo owner/repo  # Download logs from specific repository

  # Cache maintenance
  gh aw logs --cache-before -1w          # Evict local cache older than 1 week before downloading runs
  gh aw logs --cache-before -30d         # Evict local cache older than 30 days before downloading runs
  gh aw logs --cache-before -1mo         # Evict local cache older than 1 month before downloading runs
  gh aw logs --cache-before 2024-01-01   # Evict local cache older than 2024-01-01 before downloading runs

Flags:
      --after-run-id int      Filter runs with database ID after this value (exclusive)
      --artifacts strings     Artifact sets to download (default: usage). Use 'all' for everything, or comma-separate sets. Valid sets: activation, agent, all, detection, experiment, firewall, github-api, mcp, usage (default [usage])
      --before-run-id int     Filter runs with database ID before this value (exclusive)
      --cache-before string   (Cache eviction) Evict locally cached run folders for runs before this date, prior to downloading. Accepts deltas like -1d, -1w, -1mo (or explicit day counts like -30d), or an absolute date YYYY-MM-DD. Unlike --start-date, this only clears local cache and does not filter which runs are fetched.
  -c, --count int             Maximum number of matching workflow runs to return (after applying filters) (default 10)
      --end-date string       Filter runs created before this date (YYYY-MM-DD or delta like -1d, -1w, -1mo)
  -e, --engine string         Filter logs by AI engine (copilot, claude, codex, gemini, crush)
      --filtered-integrity    Filter to runs containing items that were filtered by gateway integrity checks
      --firewall              Filter to only runs with firewall enabled
      --format string         Output format: console (decorated tables), tsv (tab-separated), pretty (cross-run report), markdown (cross-run Markdown). Default: compact agent-optimized output
  -h, --help                  help for logs
  -j, --json                  Output results in JSON format
      --last int              Alias for --count: number of recent runs to download
      --no-firewall           Filter to only runs without firewall enabled
      --no-staged             Exclude workflow runs that executed in staged mode (safe outputs previewed but not applied)
  -o, --output string         Output directory for generated files (default ".github/aw/logs")
      --parse                 Run JavaScript parsers on agent logs and firewall logs, writing Markdown to log.md and firewall.md
      --ref string            Filter runs by branch or tag name (e.g., main, v1.0.0)
  -r, --repo string           Target repository ([HOST/]owner/repo format). Defaults to current repository
      --report-file string    Write --format markdown output directly to this file path instead of stdout (creates parent directories as needed)
      --safe-output string    Filter to runs containing a specific safe output type (e.g., create-issue, missing-tool, missing-data, noop, report-incomplete)
      --start-date string     Filter runs created after this date (YYYY-MM-DD or delta like -1d, -1w, -1mo)
      --stdin                 Read workflow run IDs or URLs from stdin (one per line) instead of discovering runs via the GitHub API
      --summary-file string   Path to write the summary JSON file relative to output directory (use empty string to disable) (default "summary.json")
      --timeout int           Download timeout in minutes (0 = no timeout)
      --tool-graph            Generate Mermaid tool sequence graph from agent logs
      --train                 Analyze log patterns across downloaded runs and save pattern weights to drain3_weights.json in the output directory

--- PASS: TestLogsCommand_RepoUsesLocalResolutionWhenLockFileExists (0.00s)
=== RUN   TestMissingToolSummaryDisplayFields
--- PASS: TestMissingToolSummaryDisplayFields (0.00s)
=== RUN   TestMCPFailureSummaryDisplayFields
--- PASS: TestMCPFailureSummaryDisplayFields (0.00s)
=== RUN   TestFlattenAgentOutputsArtifact
--- PASS: TestFlattenAgentOutputsArtifact (0.00s)
=== RUN   TestFlattenAgentOutputsArtifactMissing
--- PASS: TestFlattenAgentOutputsArtifactMissing (0.00s)
=== RUN   TestFlattenAgentOutputsArtifactPreservesStructure
--- PASS: TestFlattenAgentOutputsArtifactPreservesStructure (0.00s)
=== RUN   TestDownloadWorkflowLogs
    logs_download_test.go:22: Skipping slow network-dependent test
--- SKIP: TestDownloadWorkflowLogs (0.00s)
=== RUN   TestDirExists
--- PASS: TestDirExists (0.00s)
=== RUN   TestIsDirEmpty
--- PASS: TestIsDirEmpty (0.00s)
=== RUN   TestErrNoArtifacts
--- PASS: TestErrNoArtifacts (0.00s)
=== RUN   TestIsNonZipArtifactError
=== RUN   TestIsNonZipArtifactError/zip:_not_a_valid_zip_file
=== RUN   TestIsNonZipArtifactError/generic_extraction_error_without_zip_signature
=== RUN   TestIsNonZipArtifactError/both_patterns_present
=== RUN   TestIsNonZipArtifactError/unrelated_error
=== RUN   TestIsNonZipArtifactError/empty_output
=== RUN   TestIsNonZipArtifactError/no_artifacts_found
--- PASS: TestIsNonZipArtifactError (0.00s)
    --- PASS: TestIsNonZipArtifactError/zip:_not_a_valid_zip_file (0.00s)
    --- PASS: TestIsNonZipArtifactError/generic_extraction_error_without_zip_signature (0.00s)
    --- PASS: TestIsNonZipArtifactError/both_patterns_present (0.00s)
    --- PASS: TestIsNonZipArtifactError/unrelated_error (0.00s)
    --- PASS: TestIsNonZipArtifactError/empty_output (0.00s)
    --- PASS: TestIsNonZipArtifactError/no_artifacts_found (0.00s)
=== RUN   TestIsCaseCollisionArtifactError
=== RUN   TestIsCaseCollisionArtifactError/case-collision_file_exists_error
=== RUN   TestIsCaseCollisionArtifactError/generic_extraction_error_without_file_exists
=== RUN   TestIsCaseCollisionArtifactError/file_exists_without_extraction_context
--- PASS: TestIsCaseCollisionArtifactError (0.00s)
    --- PASS: TestIsCaseCollisionArtifactError/case-collision_file_exists_error (0.00s)
    --- PASS: TestIsCaseCollisionArtifactError/generic_extraction_error_without_file_exists (0.00s)
    --- PASS: TestIsCaseCollisionArtifactError/file_exists_without_extraction_context (0.00s)
=== RUN   TestIsDockerBuildArtifact
=== RUN   TestIsDockerBuildArtifact/typical_dockerbuild_artifact
=== RUN   TestIsDockerBuildArtifact/plain_dockerbuild_suffix
=== RUN   TestIsDockerBuildArtifact/regular_artifact_name
=== RUN   TestIsDockerBuildArtifact/activation_artifact
=== RUN   TestIsDockerBuildArtifact/dockerbuild_as_substring_only
=== RUN   TestIsDockerBuildArtifact/empty_name
=== RUN   TestIsDockerBuildArtifact/firewall_audit_logs
--- PASS: TestIsDockerBuildArtifact (0.00s)
    --- PASS: TestIsDockerBuildArtifact/typical_dockerbuild_artifact (0.00s)
    --- PASS: TestIsDockerBuildArtifact/plain_dockerbuild_suffix (0.00s)
    --- PASS: TestIsDockerBuildArtifact/regular_artifact_name (0.00s)
    --- PASS: TestIsDockerBuildArtifact/activation_artifact (0.00s)
    --- PASS: TestIsDockerBuildArtifact/dockerbuild_as_substring_only (0.00s)
    --- PASS: TestIsDockerBuildArtifact/empty_name (0.00s)
    --- PASS: TestIsDockerBuildArtifact/firewall_audit_logs (0.00s)
=== RUN   TestCriticalArtifactNames
--- PASS: TestCriticalArtifactNames (0.00s)
=== RUN   TestRetryCriticalArtifactsSkipsExisting
--- PASS: TestRetryCriticalArtifactsSkipsExisting (0.00s)
=== RUN   TestDownloadArtifactsByName_LogsArtifactNamesInCI
--- PASS: TestDownloadArtifactsByName_LogsArtifactNamesInCI (0.00s)
=== RUN   TestDownloadRunArtifacts_CachedUsageFallbackToActivation
--- PASS: TestDownloadRunArtifacts_CachedUsageFallbackToActivation (0.01s)
=== RUN   TestListWorkflowRunsWithPagination
--- PASS: TestListWorkflowRunsWithPagination (0.00s)
=== RUN   TestIterativeAlgorithmConstants
--- PASS: TestIterativeAlgorithmConstants (0.00s)
=== RUN   TestDownloadWorkflowLogsWithEngineFilter
    logs_download_test.go:449: Skipping slow network-dependent test
--- SKIP: TestDownloadWorkflowLogsWithEngineFilter (0.00s)
=== RUN   TestUnzipFile
--- PASS: TestUnzipFile (0.00s)
=== RUN   TestUnzipFileZipSlipPrevention
--- PASS: TestUnzipFileZipSlipPrevention (0.00s)
=== RUN   TestDownloadWorkflowRunLogsStructure
--- PASS: TestDownloadWorkflowRunLogsStructure (0.00s)
=== RUN   TestFlattenActivationArtifact
--- PASS: TestFlattenActivationArtifact (0.00s)
=== RUN   TestCountParameterBehavior
=== RUN   TestCountParameterBehavior/with_startDate_should_fetch_all_in_range
=== RUN   TestCountParameterBehavior/with_endDate_should_fetch_all_in_range
=== RUN   TestCountParameterBehavior/with_both_dates_should_fetch_all_in_range
=== RUN   TestCountParameterBehavior/without_dates_should_use_count_as_fetch_limit
--- PASS: TestCountParameterBehavior (0.00s)
    --- PASS: TestCountParameterBehavior/with_startDate_should_fetch_all_in_range (0.00s)
    --- PASS: TestCountParameterBehavior/with_endDate_should_fetch_all_in_range (0.00s)
    --- PASS: TestCountParameterBehavior/with_both_dates_should_fetch_all_in_range (0.00s)
    --- PASS: TestCountParameterBehavior/without_dates_should_use_count_as_fetch_limit (0.00s)
=== RUN   TestBuildLogsDataEmptyRuns
--- PASS: TestBuildLogsDataEmptyRuns (0.00s)
=== RUN   TestRenderLogsJSONEmptyRuns
--- PASS: TestRenderLogsJSONEmptyRuns (0.00s)
=== RUN   TestMatchEngineFilter
=== RUN   TestMatchEngineFilter/copilot_run_does_not_match_claude_filter
=== RUN   TestMatchEngineFilter/claude_run_matches_claude_filter
=== RUN   TestMatchEngineFilter/copilot_run_matches_copilot_filter
=== RUN   TestMatchEngineFilter/codex_run_does_not_match_claude_filter
=== RUN   TestMatchEngineFilter/missing_aw_info.json_does_not_match_any_filter
=== RUN   TestMatchEngineFilter/empty_engine_id_does_not_match_any_filter
--- PASS: TestMatchEngineFilter (0.00s)
    --- PASS: TestMatchEngineFilter/copilot_run_does_not_match_claude_filter (0.00s)
    --- PASS: TestMatchEngineFilter/claude_run_matches_claude_filter (0.00s)
    --- PASS: TestMatchEngineFilter/copilot_run_matches_copilot_filter (0.00s)
    --- PASS: TestMatchEngineFilter/codex_run_does_not_match_claude_filter (0.00s)
    --- PASS: TestMatchEngineFilter/missing_aw_info.json_does_not_match_any_filter (0.00s)
    --- PASS: TestMatchEngineFilter/empty_engine_id_does_not_match_any_filter (0.00s)
=== RUN   TestBuildEpisodeDataIncludesToolCalls
--- PASS: TestBuildEpisodeDataIncludesToolCalls (0.00s)
=== RUN   TestBuildEpisodeDataSetsBlockedAtCapWhenFirewallCountHitsCap
--- PASS: TestBuildEpisodeDataSetsBlockedAtCapWhenFirewallCountHitsCap (0.00s)
=== RUN   TestBuildEpisodeDataDoesNotSetBlockedAtCapBelowThreshold
--- PASS: TestBuildEpisodeDataDoesNotSetBlockedAtCapBelowThreshold (0.00s)
=== RUN   TestBuildEpisodeDataNoToolCallsWhenMCPUsageAbsent
--- PASS: TestBuildEpisodeDataNoToolCallsWhenMCPUsageAbsent (0.00s)
=== RUN   TestBuildEpisodeDataAggregatesAIC
--- PASS: TestBuildEpisodeDataAggregatesAIC (0.00s)
=== RUN   TestBuildEpisodeDataAggregatesToolCallsAcrossRuns
--- PASS: TestBuildEpisodeDataAggregatesToolCallsAcrossRuns (0.00s)
=== RUN   TestMCPToolCallToEpisodeToolCall
=== RUN   TestMCPToolCallToEpisodeToolCall/success_call_with_duration
=== RUN   TestMCPToolCallToEpisodeToolCall/error_call_with_error_message
=== RUN   TestMCPToolCallToEpisodeToolCall/call_without_duration
--- PASS: TestMCPToolCallToEpisodeToolCall (0.00s)
    --- PASS: TestMCPToolCallToEpisodeToolCall/success_call_with_duration (0.00s)
    --- PASS: TestMCPToolCallToEpisodeToolCall/error_call_with_error_message (0.00s)
    --- PASS: TestMCPToolCallToEpisodeToolCall/call_without_duration (0.00s)
=== RUN   TestCompareEpisodeSeedsPrefersKindThenConfidence
=== RUN   TestCompareEpisodeSeedsPrefersKindThenConfidence/workflow_call_beats_dispatch
=== RUN   TestCompareEpisodeSeedsPrefersKindThenConfidence/higher_confidence_wins_within_same_kind
=== RUN   TestCompareEpisodeSeedsPrefersKindThenConfidence/episode_id_breaks_ties_deterministically
--- PASS: TestCompareEpisodeSeedsPrefersKindThenConfidence (0.00s)
    --- PASS: TestCompareEpisodeSeedsPrefersKindThenConfidence/workflow_call_beats_dispatch (0.00s)
    --- PASS: TestCompareEpisodeSeedsPrefersKindThenConfidence/higher_confidence_wins_within_same_kind (0.00s)
    --- PASS: TestCompareEpisodeSeedsPrefersKindThenConfidence/episode_id_breaks_ties_deterministically (0.00s)
=== RUN   TestFilterLineageCandidatesPrefersSingleNonNestedCandidate
--- PASS: TestFilterLineageCandidatesPrefersSingleNonNestedCandidate (0.00s)
=== RUN   TestBuildWorkflowRunEpisodeEdgeReturnsNoEdgeForAmbiguousCandidates
--- PASS: TestBuildWorkflowRunEpisodeEdgeReturnsNoEdgeForAmbiguousCandidates (0.00s)
=== RUN   TestBuildDispatchEpisodeEdgeReturnsNoEdgeForInvalidRunID
--- PASS: TestBuildDispatchEpisodeEdgeReturnsNoEdgeForInvalidRunID (0.00s)
=== RUN   TestBuildDispatchEpisodeEdgeReturnsNoEdgeWhenSourceRunMissing
--- PASS: TestBuildDispatchEpisodeEdgeReturnsNoEdgeWhenSourceRunMissing (0.00s)
=== RUN   TestClassifyEpisodeEscalationThresholds
=== RUN   TestClassifyEpisodeEscalationThresholds/repeated_risky_runs_escalate
=== RUN   TestClassifyEpisodeEscalationThresholds/repeated_new_mcp_failures_escalate
=== RUN   TestClassifyEpisodeEscalationThresholds/repeated_blocked_request_increases_escalate
=== RUN   TestClassifyEpisodeEscalationThresholds/repeated_resource_heavy_runs_escalate
=== RUN   TestClassifyEpisodeEscalationThresholds/repeated_poor_control_escalates
=== RUN   TestClassifyEpisodeEscalationThresholds/single_signals_do_not_escalate
--- PASS: TestClassifyEpisodeEscalationThresholds (0.00s)
    --- PASS: TestClassifyEpisodeEscalationThresholds/repeated_risky_runs_escalate (0.00s)
    --- PASS: TestClassifyEpisodeEscalationThresholds/repeated_new_mcp_failures_escalate (0.00s)
    --- PASS: TestClassifyEpisodeEscalationThresholds/repeated_blocked_request_increases_escalate (0.00s)
    --- PASS: TestClassifyEpisodeEscalationThresholds/repeated_resource_heavy_runs_escalate (0.00s)
    --- PASS: TestClassifyEpisodeEscalationThresholds/repeated_poor_control_escalates (0.00s)
    --- PASS: TestClassifyEpisodeEscalationThresholds/single_signals_do_not_escalate (0.00s)
=== RUN   TestBuildSuggestedRoutePreferenceOrder
=== RUN   TestBuildSuggestedRoutePreferenceOrder/primary_workflow_wins
=== RUN   TestBuildSuggestedRoutePreferenceOrder/first_workflow_name_is_fallback
=== RUN   TestBuildSuggestedRoutePreferenceOrder/repo_owners_fallback_when_no_workflows_known
--- PASS: TestBuildSuggestedRoutePreferenceOrder (0.00s)
    --- PASS: TestBuildSuggestedRoutePreferenceOrder/primary_workflow_wins (0.00s)
    --- PASS: TestBuildSuggestedRoutePreferenceOrder/first_workflow_name_is_fallback (0.00s)
    --- PASS: TestBuildSuggestedRoutePreferenceOrder/repo_owners_fallback_when_no_workflows_known (0.00s)
=== RUN   TestExtractZipFileSuccess
--- PASS: TestExtractZipFileSuccess (0.00s)
=== RUN   TestExtractZipFileDirectory
--- PASS: TestExtractZipFileDirectory (0.00s)
=== RUN   TestExtractZipFileZipSlipPrevention
--- PASS: TestExtractZipFileZipSlipPrevention (0.00s)
=== RUN   TestExtractZipFilePreservesMode
--- PASS: TestExtractZipFilePreservesMode (0.00s)
=== RUN   TestExtractZipFileWithNestedDirectories
--- PASS: TestExtractZipFileWithNestedDirectories (0.00s)
=== RUN   TestExtractZipFileErrorHandling
=== RUN   TestExtractZipFileErrorHandling/returns_error_when_opening_invalid_zip_file
=== RUN   TestExtractZipFileErrorHandling/validates_error_return_signature_for_writable_file_close
--- PASS: TestExtractZipFileErrorHandling (0.00s)
    --- PASS: TestExtractZipFileErrorHandling/returns_error_when_opening_invalid_zip_file (0.00s)
    --- PASS: TestExtractZipFileErrorHandling/validates_error_return_signature_for_writable_file_close (0.00s)
=== RUN   TestLogsCommandFlags
--- PASS: TestLogsCommandFlags (0.00s)
=== RUN   TestRunIDFilteringLogic
--- PASS: TestRunIDFilteringLogic (0.00s)
=== RUN   TestRefFilteringWithGitHubCLI
--- PASS: TestRefFilteringWithGitHubCLI (0.00s)
=== RUN   TestFindAgentLogFile
=== RUN   TestFindAgentLogFile/Copilot_engine_uses_agent_output
=== RUN   TestFindAgentLogFile/copilot_engine_flattened_location
=== RUN   TestFindAgentLogFile/copilot_engine_recursive_search
=== RUN   TestFindAgentLogFile/copilot_engine_process_log
=== RUN   TestFindAgentLogFile/copilot_engine_process_log_nested
=== RUN   TestFindAgentLogFile/copilot_engine_events_jsonl_in_session_state
=== RUN   TestFindAgentLogFile/copilot_engine_events_jsonl_preferred_over_log
=== RUN   TestFindAgentLogFile/Claude_engine_uses_agent-stdio.log
=== RUN   TestFindAgentLogFile/No_logs_found_returns_false
=== RUN   TestFindAgentLogFile/Codex_engine_uses_agent-stdio.log
--- PASS: TestFindAgentLogFile (0.00s)
    --- PASS: TestFindAgentLogFile/Copilot_engine_uses_agent_output (0.00s)
    --- PASS: TestFindAgentLogFile/copilot_engine_flattened_location (0.00s)
    --- PASS: TestFindAgentLogFile/copilot_engine_recursive_search (0.00s)
    --- PASS: TestFindAgentLogFile/copilot_engine_process_log (0.00s)
    --- PASS: TestFindAgentLogFile/copilot_engine_process_log_nested (0.00s)
    --- PASS: TestFindAgentLogFile/copilot_engine_events_jsonl_in_session_state (0.00s)
    --- PASS: TestFindAgentLogFile/copilot_engine_events_jsonl_preferred_over_log (0.00s)
    --- PASS: TestFindAgentLogFile/Claude_engine_uses_agent-stdio.log (0.00s)
    --- PASS: TestFindAgentLogFile/No_logs_found_returns_false (0.00s)
    --- PASS: TestFindAgentLogFile/Codex_engine_uses_agent-stdio.log (0.00s)
=== RUN   TestRunHasDifcFilteredItems
=== RUN   TestRunHasDifcFilteredItems/gateway.jsonl_with_DIFC_FILTERED_event
=== RUN   TestRunHasDifcFilteredItems/gateway.jsonl_without_DIFC_FILTERED_events
=== RUN   TestRunHasDifcFilteredItems/mcp-logs/gateway.jsonl_with_DIFC_FILTERED_event
=== RUN   TestRunHasDifcFilteredItems/no_gateway_logs_present
--- PASS: TestRunHasDifcFilteredItems (0.00s)
    --- PASS: TestRunHasDifcFilteredItems/gateway.jsonl_with_DIFC_FILTERED_event (0.00s)
    --- PASS: TestRunHasDifcFilteredItems/gateway.jsonl_without_DIFC_FILTERED_events (0.00s)
    --- PASS: TestRunHasDifcFilteredItems/mcp-logs/gateway.jsonl_with_DIFC_FILTERED_event (0.00s)
    --- PASS: TestRunHasDifcFilteredItems/no_gateway_logs_present (0.00s)
=== RUN   TestFilteredIntegrityFlag
--- PASS: TestFilteredIntegrityFlag (0.00s)
=== RUN   TestParseAwInfo_FirewallField
=== RUN   TestParseAwInfo_FirewallField/firewall_enabled_with_squid
    logs_firewall_filter_test.go:110: ✓ Should detect firewall enabled when steps.firewall is 'squid'
=== RUN   TestParseAwInfo_FirewallField/firewall_disabled_(empty_string)
    logs_firewall_filter_test.go:110: ✓ Should detect firewall disabled when steps.firewall is empty string
=== RUN   TestParseAwInfo_FirewallField/no_steps_field_(backward_compatibility)
    logs_firewall_filter_test.go:110: ✓ Should handle missing steps field (backward compatibility)
=== RUN   TestParseAwInfo_FirewallField/steps_field_without_firewall
    logs_firewall_filter_test.go:110: ✓ Should handle steps field without firewall subfield
--- PASS: TestParseAwInfo_FirewallField (0.00s)
    --- PASS: TestParseAwInfo_FirewallField/firewall_enabled_with_squid (0.00s)
    --- PASS: TestParseAwInfo_FirewallField/firewall_disabled_(empty_string) (0.00s)
    --- PASS: TestParseAwInfo_FirewallField/no_steps_field_(backward_compatibility) (0.00s)
    --- PASS: TestParseAwInfo_FirewallField/steps_field_without_firewall (0.00s)
=== RUN   TestFirewallFilterLogic
=== RUN   TestFirewallFilterLogic/filter=true,_has_firewall_-_should_NOT_skip
    logs_firewall_filter_test.go:192: ✓ Run with firewall should pass when filter='true' (shouldSkip=false)
=== RUN   TestFirewallFilterLogic/filter=true,_no_firewall_-_should_skip
    logs_firewall_filter_test.go:192: ✓ Run without firewall should be skipped when filter='true' (shouldSkip=true)
=== RUN   TestFirewallFilterLogic/filter=false,_has_firewall_-_should_skip
    logs_firewall_filter_test.go:192: ✓ Run with firewall should be skipped when filter='false' (shouldSkip=true)
=== RUN   TestFirewallFilterLogic/filter=false,_no_firewall_-_should_NOT_skip
    logs_firewall_filter_test.go:192: ✓ Run without firewall should pass when filter='false' (shouldSkip=false)
=== RUN   TestFirewallFilterLogic/filter_empty,_has_firewall_-_should_NOT_skip
    logs_firewall_filter_test.go:192: ✓ Run with firewall should pass when no filter specified (shouldSkip=false)
=== RUN   TestFirewallFilterLogic/filter_empty,_no_firewall_-_should_NOT_skip
    logs_firewall_filter_test.go:192: ✓ Run without firewall should pass when no filter specified (shouldSkip=false)
--- PASS: TestFirewallFilterLogic (0.00s)
    --- PASS: TestFirewallFilterLogic/filter=true,_has_firewall_-_should_NOT_skip (0.00s)
    --- PASS: TestFirewallFilterLogic/filter=true,_no_firewall_-_should_skip (0.00s)
    --- PASS: TestFirewallFilterLogic/filter=false,_has_firewall_-_should_skip (0.00s)
    --- PASS: TestFirewallFilterLogic/filter=false,_no_firewall_-_should_NOT_skip (0.00s)
    --- PASS: TestFirewallFilterLogic/filter_empty,_has_firewall_-_should_NOT_skip (0.00s)
    --- PASS: TestFirewallFilterLogic/filter_empty,_no_firewall_-_should_NOT_skip (0.00s)
=== RUN   TestAwInfoWithFirewallMarshaling
    logs_firewall_filter_test.go:238: ✓ AwInfo with firewall field marshals correctly
--- PASS: TestAwInfoWithFirewallMarshaling (0.00s)
=== RUN   TestParseFirewallLogsNoLogs
ℹ No firewall logs found in test-3614649943, skipping firewall log parsing
--- PASS: TestParseFirewallLogsNoLogs (0.00s)
=== RUN   TestFlattenSingleFileArtifacts
=== RUN   TestFlattenSingleFileArtifacts/single_file_artifact_gets_flattened
🔍 Unfolded single-file artifact: my-artifact/output.json → output.json
=== RUN   TestFlattenSingleFileArtifacts/multi-file_artifact_not_flattened
=== RUN   TestFlattenSingleFileArtifacts/artifact_with_subdirectory_not_flattened
=== RUN   TestFlattenSingleFileArtifacts/multiple_single-file_artifacts_all_get_flattened
🔍 Unfolded single-file artifact: artifact-1/file1.txt → file1.txt
🔍 Unfolded single-file artifact: artifact-2/file2.txt → file2.txt
🔍 Unfolded single-file artifact: artifact-3/file3.txt → file3.txt
=== RUN   TestFlattenSingleFileArtifacts/empty_artifact_directory_not_touched
=== RUN   TestFlattenSingleFileArtifacts/regular_files_in_output_dir_not_affected
🔍 Unfolded single-file artifact: single-artifact/artifact.json → artifact.json
--- PASS: TestFlattenSingleFileArtifacts (0.00s)
    --- PASS: TestFlattenSingleFileArtifacts/single_file_artifact_gets_flattened (0.00s)
    --- PASS: TestFlattenSingleFileArtifacts/multi-file_artifact_not_flattened (0.00s)
    --- PASS: TestFlattenSingleFileArtifacts/artifact_with_subdirectory_not_flattened (0.00s)
    --- PASS: TestFlattenSingleFileArtifacts/multiple_single-file_artifacts_all_get_flattened (0.00s)
    --- PASS: TestFlattenSingleFileArtifacts/empty_artifact_directory_not_touched (0.00s)
    --- PASS: TestFlattenSingleFileArtifacts/regular_files_in_output_dir_not_affected (0.00s)
=== RUN   TestFlattenSingleFileArtifactsInvalidDirectory
--- PASS: TestFlattenSingleFileArtifactsInvalidDirectory (0.00s)
=== RUN   TestFlattenSingleFileArtifactsWithAuditFiles
🔍 Flattened: aw.patch → aw.patch
🔍 Flattened: aw_info.json → aw_info.json
🔍 Flattened: safe_output.jsonl → safe_output.jsonl
🔍 Flattened unified agent artifact and removed nested structure
--- PASS: TestFlattenSingleFileArtifactsWithAuditFiles (0.00s)
=== RUN   TestAuditCanFindFlattenedArtifacts
--- PASS: TestAuditCanFindFlattenedArtifacts (0.00s)
=== RUN   TestFlattenUnifiedArtifact
=== RUN   TestFlattenUnifiedArtifact/unified_artifact_with_nested_structure_gets_flattened
🔍 Flattened: aw-prompts/prompt.txt → aw-prompts/prompt.txt
🔍 Flattened: aw_info.json → aw_info.json
🔍 Flattened: mcp-logs/log.txt → mcp-logs/log.txt
🔍 Flattened unified agent artifact and removed nested structure
=== RUN   TestFlattenUnifiedArtifact/no_agent_directory_-_no-op
=== RUN   TestFlattenUnifiedArtifact/new_'agent'_artifact_directory_gets_flattened
🔍 Flattened: agent_output.json → agent_output.json
🔍 Flattened: mcp-logs/log.txt → mcp-logs/log.txt
🔍 Flattened: safeoutputs.jsonl → safeoutputs.jsonl
🔍 Flattened unified agent artifact and removed nested structure
=== RUN   TestFlattenUnifiedArtifact/agent_without_tmp/gh-aw_structure_-_flatten_directly
🔍 Flattened: file.txt → file.txt
🔍 Flattened: subdir/nested.txt → subdir/nested.txt
🔍 Flattened unified agent artifact and removed nested structure
=== RUN   TestFlattenUnifiedArtifact/new_'agent'_artifact_takes_precedence_over_legacy_'agent-artifacts'
🔍 Flattened: new-file.txt → new-file.txt
🔍 Flattened unified agent artifact and removed nested structure
--- PASS: TestFlattenUnifiedArtifact (0.00s)
    --- PASS: TestFlattenUnifiedArtifact/unified_artifact_with_nested_structure_gets_flattened (0.00s)
    --- PASS: TestFlattenUnifiedArtifact/no_agent_directory_-_no-op (0.00s)
    --- PASS: TestFlattenUnifiedArtifact/new_'agent'_artifact_directory_gets_flattened (0.00s)
    --- PASS: TestFlattenUnifiedArtifact/agent_without_tmp/gh-aw_structure_-_flatten_directly (0.00s)
    --- PASS: TestFlattenUnifiedArtifact/new_'agent'_artifact_takes_precedence_over_legacy_'agent-artifacts' (0.00s)
=== RUN   TestFlattenArtifactTreeBasic
--- PASS: TestFlattenArtifactTreeBasic (0.00s)
=== RUN   TestFlattenArtifactTreeNestedDirs
--- PASS: TestFlattenArtifactTreeNestedDirs (0.00s)
=== RUN   TestFlattenArtifactTreeDifferentSourceAndArtifactDir
--- PASS: TestFlattenArtifactTreeDifferentSourceAndArtifactDir (0.00s)
=== RUN   TestFlattenArtifactTreeEmptySource
--- PASS: TestFlattenArtifactTreeEmptySource (0.00s)
=== RUN   TestFlattenArtifactTreeMultipleFiles
--- PASS: TestFlattenArtifactTreeMultipleFiles (0.00s)
=== RUN   TestFlattenArtifactTreeVerboseMode
🔍 Flattened: log.txt → log.txt
🔍 Flattened verbose artifact and removed nested structure
--- PASS: TestFlattenArtifactTreeVerboseMode (0.00s)
=== RUN   TestFormatNumber
=== RUN   TestFormatNumber/zero
=== RUN   TestFormatNumber/single_digit
=== RUN   TestFormatNumber/two_digits
=== RUN   TestFormatNumber/three_digits
=== RUN   TestFormatNumber/one_thousand
=== RUN   TestFormatNumber/1.2k
=== RUN   TestFormatNumber/1.23k
=== RUN   TestFormatNumber/12k
=== RUN   TestFormatNumber/12.3k
=== RUN   TestFormatNumber/123k
=== RUN   TestFormatNumber/999.999k_rounds_to_1000k
=== RUN   TestFormatNumber/one_million
=== RUN   TestFormatNumber/1.2M
=== RUN   TestFormatNumber/1.23M
=== RUN   TestFormatNumber/12M
=== RUN   TestFormatNumber/12.3M
=== RUN   TestFormatNumber/123M
=== RUN   TestFormatNumber/999.999M_rounds_to_1000M
=== RUN   TestFormatNumber/one_billion
=== RUN   TestFormatNumber/1.2B
=== RUN   TestFormatNumber/1.23B
=== RUN   TestFormatNumber/12B
=== RUN   TestFormatNumber/123B
--- PASS: TestFormatNumber (0.00s)
    --- PASS: TestFormatNumber/zero (0.00s)
    --- PASS: TestFormatNumber/single_digit (0.00s)
    --- PASS: TestFormatNumber/two_digits (0.00s)
    --- PASS: TestFormatNumber/three_digits (0.00s)
    --- PASS: TestFormatNumber/one_thousand (0.00s)
    --- PASS: TestFormatNumber/1.2k (0.00s)
    --- PASS: TestFormatNumber/1.23k (0.00s)
    --- PASS: TestFormatNumber/12k (0.00s)
    --- PASS: TestFormatNumber/12.3k (0.00s)
    --- PASS: TestFormatNumber/123k (0.00s)
    --- PASS: TestFormatNumber/999.999k_rounds_to_1000k (0.00s)
    --- PASS: TestFormatNumber/one_million (0.00s)
    --- PASS: TestFormatNumber/1.2M (0.00s)
    --- PASS: TestFormatNumber/1.23M (0.00s)
    --- PASS: TestFormatNumber/12M (0.00s)
    --- PASS: TestFormatNumber/12.3M (0.00s)
    --- PASS: TestFormatNumber/123M (0.00s)
    --- PASS: TestFormatNumber/999.999M_rounds_to_1000M (0.00s)
    --- PASS: TestFormatNumber/one_billion (0.00s)
    --- PASS: TestFormatNumber/1.2B (0.00s)
    --- PASS: TestFormatNumber/1.23B (0.00s)
    --- PASS: TestFormatNumber/12B (0.00s)
    --- PASS: TestFormatNumber/123B (0.00s)
=== RUN   TestFormatFileSize
=== RUN   TestFormatFileSize/zero_bytes
=== RUN   TestFormatFileSize/100_bytes
=== RUN   TestFormatFileSize/one_kilobyte
=== RUN   TestFormatFileSize/1.5_KB
=== RUN   TestFormatFileSize/one_megabyte
=== RUN   TestFormatFileSize/two_megabytes
=== RUN   TestFormatFileSize/one_gigabyte
=== RUN   TestFormatFileSize/one_terabyte
--- PASS: TestFormatFileSize (0.00s)
    --- PASS: TestFormatFileSize/zero_bytes (0.00s)
    --- PASS: TestFormatFileSize/100_bytes (0.00s)
    --- PASS: TestFormatFileSize/one_kilobyte (0.00s)
    --- PASS: TestFormatFileSize/1.5_KB (0.00s)
    --- PASS: TestFormatFileSize/one_megabyte (0.00s)
    --- PASS: TestFormatFileSize/two_megabytes (0.00s)
    --- PASS: TestFormatFileSize/one_gigabyte (0.00s)
    --- PASS: TestFormatFileSize/one_terabyte (0.00s)
=== RUN   TestWorkflowRunUnmarshal
--- PASS: TestWorkflowRunUnmarshal (0.00s)
=== RUN   TestBuildCreatedFilter
=== RUN   TestBuildCreatedFilter/no_bounds
=== RUN   TestBuildCreatedFilter/start_date_only
=== RUN   TestBuildCreatedFilter/end_date_only
=== RUN   TestBuildCreatedFilter/start_and_end_date
=== RUN   TestBuildCreatedFilter/start_and_end_date_different_days
=== RUN   TestBuildCreatedFilter/before_date_only_(pagination_cursor)
=== RUN   TestBuildCreatedFilter/start_date_and_before_date_(pagination_with_lower_bound)
=== RUN   TestBuildCreatedFilter/start_date,_end_date,_and_before_date
=== RUN   TestBuildCreatedFilter/before_date_at_second_boundary
--- PASS: TestBuildCreatedFilter (0.00s)
    --- PASS: TestBuildCreatedFilter/no_bounds (0.00s)
    --- PASS: TestBuildCreatedFilter/start_date_only (0.00s)
    --- PASS: TestBuildCreatedFilter/end_date_only (0.00s)
    --- PASS: TestBuildCreatedFilter/start_and_end_date (0.00s)
    --- PASS: TestBuildCreatedFilter/start_and_end_date_different_days (0.00s)
    --- PASS: TestBuildCreatedFilter/before_date_only_(pagination_cursor) (0.00s)
    --- PASS: TestBuildCreatedFilter/start_date_and_before_date_(pagination_with_lower_bound) (0.00s)
    --- PASS: TestBuildCreatedFilter/start_date,_end_date,_and_before_date (0.00s)
    --- PASS: TestBuildCreatedFilter/before_date_at_second_boundary (0.00s)
=== RUN   TestBuildCreatedFilterStartDateAlwaysEnforced
--- PASS: TestBuildCreatedFilterStartDateAlwaysEnforced (0.00s)
=== RUN   TestListWorkflowRunsErrorHandling
=== RUN   TestListWorkflowRunsErrorHandling/unknown_JSON_field_(capital_U,_as_gh_CLI_emits)
=== RUN   TestListWorkflowRunsErrorHandling/unknown_field_lowercase
=== RUN   TestListWorkflowRunsErrorHandling/invalid_field_mixed_case
=== RUN   TestListWorkflowRunsErrorHandling/exit_status_1_alone_is_NOT_an_auth_error
=== RUN   TestListWorkflowRunsErrorHandling/exit_status_4_IS_an_auth_error
=== RUN   TestListWorkflowRunsErrorHandling/gh_auth_login_hint_is_an_auth_error
=== RUN   TestListWorkflowRunsErrorHandling/not_logged_in_message_is_an_auth_error
--- PASS: TestListWorkflowRunsErrorHandling (0.00s)
    --- PASS: TestListWorkflowRunsErrorHandling/unknown_JSON_field_(capital_U,_as_gh_CLI_emits) (0.00s)
    --- PASS: TestListWorkflowRunsErrorHandling/unknown_field_lowercase (0.00s)
    --- PASS: TestListWorkflowRunsErrorHandling/invalid_field_mixed_case (0.00s)
    --- PASS: TestListWorkflowRunsErrorHandling/exit_status_1_alone_is_NOT_an_auth_error (0.00s)
    --- PASS: TestListWorkflowRunsErrorHandling/exit_status_4_IS_an_auth_error (0.00s)
    --- PASS: TestListWorkflowRunsErrorHandling/gh_auth_login_hint_is_an_auth_error (0.00s)
    --- PASS: TestListWorkflowRunsErrorHandling/not_logged_in_message_is_an_auth_error (0.00s)
=== RUN   TestWorkflowRunsSpinnerMessage
=== RUN   TestWorkflowRunsSpinnerMessage/without_target_count
=== RUN   TestWorkflowRunsSpinnerMessage/with_target_count
=== RUN   TestWorkflowRunsSpinnerMessage/processed_equals_target
=== RUN   TestWorkflowRunsSpinnerMessage/processed_exceeds_target
=== RUN   TestWorkflowRunsSpinnerMessage/processed_without_target
--- PASS: TestWorkflowRunsSpinnerMessage (0.00s)
    --- PASS: TestWorkflowRunsSpinnerMessage/without_target_count (0.00s)
    --- PASS: TestWorkflowRunsSpinnerMessage/with_target_count (0.00s)
    --- PASS: TestWorkflowRunsSpinnerMessage/processed_equals_target (0.00s)
    --- PASS: TestWorkflowRunsSpinnerMessage/processed_exceeds_target (0.00s)
    --- PASS: TestWorkflowRunsSpinnerMessage/processed_without_target (0.00s)
=== RUN   TestParseGitHubRateLimitsFileBasic
--- PASS: TestParseGitHubRateLimitsFileBasic (0.00s)
=== RUN   TestParseGitHubRateLimitsFileEmpty
--- PASS: TestParseGitHubRateLimitsFileEmpty (0.00s)
=== RUN   TestParseGitHubRateLimitsFileMissingResource
--- PASS: TestParseGitHubRateLimitsFileMissingResource (0.00s)
=== RUN   TestParseGitHubRateLimitsFileWindowReset
--- PASS: TestParseGitHubRateLimitsFileWindowReset (0.00s)
=== RUN   TestParseGitHubRateLimitsFileOnlyAPISnapshots
--- PASS: TestParseGitHubRateLimitsFileOnlyAPISnapshots (0.00s)
=== RUN   TestParseGitHubRateLimitsFileOnlyAPISnapshotsWindowReset
--- PASS: TestParseGitHubRateLimitsFileOnlyAPISnapshotsWindowReset (0.00s)
=== RUN   TestParseGitHubRateLimitsFileOnlyAPISnapshotSingle
--- PASS: TestParseGitHubRateLimitsFileOnlyAPISnapshotSingle (0.00s)
=== RUN   TestFindGitHubRateLimitsFileAbsent
--- PASS: TestFindGitHubRateLimitsFileAbsent (0.00s)
=== RUN   TestFindGitHubRateLimitsFileRoot
--- PASS: TestFindGitHubRateLimitsFileRoot (0.00s)
=== RUN   TestFindGitHubRateLimitsFileNested
--- PASS: TestFindGitHubRateLimitsFileNested (0.00s)
=== RUN   TestGitHubRateLimitUsageResourceRows
--- PASS: TestGitHubRateLimitUsageResourceRows (0.00s)
=== RUN   TestJSONOutputNotCorruptedByStderr
--- PASS: TestJSONOutputNotCorruptedByStderr (0.00s)
=== RUN   TestStderrMessagesAfterJSON
--- PASS: TestStderrMessagesAfterJSON (0.00s)
=== RUN   TestLogsJSONOutputBeforeStderr
    logs_json_stderr_order_test.go:63: Skipping test: GitHub API not available or workflow not found in this environment
--- SKIP: TestLogsJSONOutputBeforeStderr (0.00s)
=== RUN   TestLogsJSONAndStderrRedirected
    logs_json_stderr_order_test.go:173: Skipping test: GitHub API not available or workflow not found in this environment
--- SKIP: TestLogsJSONAndStderrRedirected (0.00s)
=== RUN   TestBuildLogsData
--- PASS: TestBuildLogsData (0.00s)
=== RUN   TestRenderLogsJSON
--- PASS: TestRenderLogsJSON (0.00s)
=== RUN   TestBuildLogsDataAggregatesDispatchEpisode
--- PASS: TestBuildLogsDataAggregatesDispatchEpisode (0.00s)
=== RUN   TestBuildLogsDataJoinsWorkflowCallEpisode
--- PASS: TestBuildLogsDataJoinsWorkflowCallEpisode (0.01s)
=== RUN   TestBuildLogsDataDoesNotCoalesceWorkflowCallEpisodesWithoutRepositoryAndRef
--- PASS: TestBuildLogsDataDoesNotCoalesceWorkflowCallEpisodesWithoutRepositoryAndRef (0.00s)
=== RUN   TestBuildLogsDataAttachesWorkflowRunEpisode
--- PASS: TestBuildLogsDataAttachesWorkflowRunEpisode (0.00s)
=== RUN   TestBuildMissingToolsSummary
--- PASS: TestBuildMissingToolsSummary (0.00s)
=== RUN   TestBuildLogsDataWithContinuation
--- PASS: TestBuildLogsDataWithContinuation (0.00s)
=== RUN   TestBuildLogsDataWithoutContinuation
--- PASS: TestBuildLogsDataWithoutContinuation (0.00s)
=== RUN   TestBuildMCPFailuresSummary
--- PASS: TestBuildMCPFailuresSummary (0.00s)
=== RUN   TestBuildLogsDataRepositoryAndOrganizationFields
--- PASS: TestBuildLogsDataRepositoryAndOrganizationFields (0.00s)
=== RUN   TestBuildLogsDataOrganizationEmptyWhenNoRepository
--- PASS: TestBuildLogsDataOrganizationEmptyWhenNoRepository (0.00s)
=== RUN   TestInferWorkflowPathFromDisplayName
=== RUN   TestInferWorkflowPathFromDisplayName/simple_display_name_with_spaces
=== RUN   TestInferWorkflowPathFromDisplayName/display_name_with_mixed_case_and_spaces
=== RUN   TestInferWorkflowPathFromDisplayName/already_kebab-case_slug
=== RUN   TestInferWorkflowPathFromDisplayName/display_name_with_slash
=== RUN   TestInferWorkflowPathFromDisplayName/display_name_with_colon
=== RUN   TestInferWorkflowPathFromDisplayName/empty_display_name
--- PASS: TestInferWorkflowPathFromDisplayName (0.00s)
    --- PASS: TestInferWorkflowPathFromDisplayName/simple_display_name_with_spaces (0.00s)
    --- PASS: TestInferWorkflowPathFromDisplayName/display_name_with_mixed_case_and_spaces (0.00s)
    --- PASS: TestInferWorkflowPathFromDisplayName/already_kebab-case_slug (0.00s)
    --- PASS: TestInferWorkflowPathFromDisplayName/display_name_with_slash (0.00s)
    --- PASS: TestInferWorkflowPathFromDisplayName/display_name_with_colon (0.00s)
    --- PASS: TestInferWorkflowPathFromDisplayName/empty_display_name (0.00s)
=== RUN   TestBuildLogsDataInfersWorkflowPathFromAwInfo
--- PASS: TestBuildLogsDataInfersWorkflowPathFromAwInfo (0.01s)
=== RUN   TestBuildLogsDataPreservesExplicitWorkflowPath
--- PASS: TestBuildLogsDataPreservesExplicitWorkflowPath (0.00s)
=== RUN   TestExtractMCPFailuresFromSafeOutputsServer
⚠ Found MCP server failure: safeoutputs (status: failed)
ℹ Found 1 MCP server failures for run 17701181429
--- PASS: TestExtractMCPFailuresFromSafeOutputsServer (0.00s)
=== RUN   TestExtractMCPFailuresFromLogFileDirectly
⚠ Found MCP server failure: safeoutputs (status: failed)
--- PASS: TestExtractMCPFailuresFromLogFileDirectly (0.00s)
=== RUN   TestBuildMCPToolUsageSummary
=== RUN   TestBuildMCPToolUsageSummary/single_run_with_MCP_tool_usage
=== RUN   TestBuildMCPToolUsageSummary/multiple_runs_with_same_tool
=== RUN   TestBuildMCPToolUsageSummary/multiple_servers_and_tools
=== RUN   TestBuildMCPToolUsageSummary/no_MCP_tool_usage_data
=== RUN   TestBuildMCPToolUsageSummary/empty_runs
--- PASS: TestBuildMCPToolUsageSummary (0.00s)
    --- PASS: TestBuildMCPToolUsageSummary/single_run_with_MCP_tool_usage (0.00s)
    --- PASS: TestBuildMCPToolUsageSummary/multiple_runs_with_same_tool (0.00s)
    --- PASS: TestBuildMCPToolUsageSummary/multiple_servers_and_tools (0.00s)
    --- PASS: TestBuildMCPToolUsageSummary/no_MCP_tool_usage_data (0.00s)
    --- PASS: TestBuildMCPToolUsageSummary/empty_runs (0.00s)
=== RUN   TestBuildMCPToolUsageSummaryAggregation
--- PASS: TestBuildMCPToolUsageSummaryAggregation (0.00s)
=== RUN   TestBuildMCPToolUsageSummarySorting
--- PASS: TestBuildMCPToolUsageSummarySorting (0.00s)
=== RUN   TestBuildMCPToolUsageSummaryFilteredEvents
--- PASS: TestBuildMCPToolUsageSummaryFilteredEvents (0.00s)
=== RUN   TestExtractMissingToolsFromRun
=== RUN   TestExtractMissingToolsFromRun/single_missing_tool_in_safe_output
=== RUN   TestExtractMissingToolsFromRun/multiple_missing_tools_in_safe_output
=== RUN   TestExtractMissingToolsFromRun/no_missing_tools_in_safe_output
=== RUN   TestExtractMissingToolsFromRun/empty_safe_output
=== RUN   TestExtractMissingToolsFromRun/malformed_json
--- PASS: TestExtractMissingToolsFromRun (0.00s)
    --- PASS: TestExtractMissingToolsFromRun/single_missing_tool_in_safe_output (0.00s)
    --- PASS: TestExtractMissingToolsFromRun/multiple_missing_tools_in_safe_output (0.00s)
    --- PASS: TestExtractMissingToolsFromRun/no_missing_tools_in_safe_output (0.00s)
    --- PASS: TestExtractMissingToolsFromRun/empty_safe_output (0.00s)
    --- PASS: TestExtractMissingToolsFromRun/malformed_json (0.00s)
=== RUN   TestExtractNoopsFromRun
=== RUN   TestExtractNoopsFromRun/single_noop_in_safe_output
=== RUN   TestExtractNoopsFromRun/multiple_noops_in_safe_output
=== RUN   TestExtractNoopsFromRun/no_noops_in_safe_output
=== RUN   TestExtractNoopsFromRun/empty_safe_output
=== RUN   TestExtractNoopsFromRun/malformed_json
--- PASS: TestExtractNoopsFromRun (0.00s)
    --- PASS: TestExtractNoopsFromRun/single_noop_in_safe_output (0.00s)
    --- PASS: TestExtractNoopsFromRun/multiple_noops_in_safe_output (0.00s)
    --- PASS: TestExtractNoopsFromRun/no_noops_in_safe_output (0.00s)
    --- PASS: TestExtractNoopsFromRun/empty_safe_output (0.00s)
    --- PASS: TestExtractNoopsFromRun/malformed_json (0.00s)
=== RUN   TestExtractNoopsFlattenedStructure
--- PASS: TestExtractNoopsFlattenedStructure (0.00s)
=== RUN   TestShouldStopPagination
=== RUN   TestShouldStopPagination/stop_when_raw_batch_is_smaller_than_requested
=== RUN   TestShouldStopPagination/continue_when_raw_batch_is_full
--- PASS: TestShouldStopPagination (0.00s)
    --- PASS: TestShouldStopPagination/stop_when_raw_batch_is_smaller_than_requested (0.00s)
    --- PASS: TestShouldStopPagination/continue_when_raw_batch_is_full (0.00s)
=== RUN   TestSelectPaginationCursorDate
--- PASS: TestSelectPaginationCursorDate (0.00s)
=== RUN   TestSelectPaginationCursorDateFallsBackToFilteredRuns
--- PASS: TestSelectPaginationCursorDateFallsBackToFilteredRuns (0.00s)
=== RUN   TestSelectPaginationCursorDateNoCursor
--- PASS: TestSelectPaginationCursorDateNoCursor (0.00s)
=== RUN   TestIsDeadlineExceeded
=== RUN   TestIsDeadlineExceeded/deadline_exceeded_context
=== RUN   TestIsDeadlineExceeded/cancelled_context
=== RUN   TestIsDeadlineExceeded/active_context
--- PASS: TestIsDeadlineExceeded (0.00s)
    --- PASS: TestIsDeadlineExceeded/deadline_exceeded_context (0.00s)
    --- PASS: TestIsDeadlineExceeded/cancelled_context (0.00s)
    --- PASS: TestIsDeadlineExceeded/active_context (0.00s)
=== RUN   TestRenderLogsCompactEmitsSingleHintLine
--- PASS: TestRenderLogsCompactEmitsSingleHintLine (0.00s)
=== RUN   TestRenderLogsOutputWritesArtifactHintForNonCompactFormats
=== RUN   TestRenderLogsOutputWritesArtifactHintForNonCompactFormats/console
=== RUN   TestRenderLogsOutputWritesArtifactHintForNonCompactFormats/tsv
=== RUN   TestRenderLogsOutputWritesArtifactHintForNonCompactFormats/markdown
=== RUN   TestRenderLogsOutputWritesArtifactHintForNonCompactFormats/pretty
--- PASS: TestRenderLogsOutputWritesArtifactHintForNonCompactFormats (0.03s)
    --- PASS: TestRenderLogsOutputWritesArtifactHintForNonCompactFormats/console (0.01s)
    --- PASS: TestRenderLogsOutputWritesArtifactHintForNonCompactFormats/tsv (0.00s)
    --- PASS: TestRenderLogsOutputWritesArtifactHintForNonCompactFormats/markdown (0.01s)
    --- PASS: TestRenderLogsOutputWritesArtifactHintForNonCompactFormats/pretty (0.01s)
=== RUN   TestWorkflowRunStructHasMissingToolCount
--- PASS: TestWorkflowRunStructHasMissingToolCount (0.00s)
=== RUN   TestProcessedRunPopulatesMissingToolCount
--- PASS: TestProcessedRunPopulatesMissingToolCount (0.00s)
=== RUN   TestLogsOverviewHeaderIncludesMissing
--- PASS: TestLogsOverviewHeaderIncludesMissing (0.00s)
=== RUN   TestTotalMissingToolsCalculation
--- PASS: TestTotalMissingToolsCalculation (0.00s)
=== RUN   TestMissingToolCountFieldAccessibility
--- PASS: TestMissingToolCountFieldAccessibility (0.00s)
=== RUN   TestDownloadRunArtifactsParallel
Processing runs: 0% (0B/2B)Processing runs: 50% (1B/2B)Processing runs: 100% (2B/2B)--- PASS: TestDownloadRunArtifactsParallel (0.00s)
=== RUN   TestDownloadRunArtifactsParallelMaxRuns
Processing runs: 0% (0B/5B)Processing runs: 20% (1B/5B)Processing runs: 40% (2B/5B)Processing runs: 60% (3B/5B)Processing runs: 80% (4B/5B)Processing runs: 100% (5B/5B)--- PASS: TestDownloadRunArtifactsParallelMaxRuns (0.00s)
=== RUN   TestDownloadResult
--- PASS: TestDownloadResult (0.00s)
=== RUN   TestMaxConcurrentDownloads
--- PASS: TestMaxConcurrentDownloads (0.00s)
=== RUN   TestGetMaxConcurrentDownloads
=== RUN   TestGetMaxConcurrentDownloads/default_when_env_var_not_set
=== RUN   TestGetMaxConcurrentDownloads/valid_value_5
=== RUN   TestGetMaxConcurrentDownloads/valid_value_1_(minimum)
=== RUN   TestGetMaxConcurrentDownloads/valid_value_100_(maximum)
=== RUN   TestGetMaxConcurrentDownloads/valid_value_50
=== RUN   TestGetMaxConcurrentDownloads/invalid_non-numeric_value
=== RUN   TestGetMaxConcurrentDownloads/invalid_zero_value
=== RUN   TestGetMaxConcurrentDownloads/invalid_negative_value
=== RUN   TestGetMaxConcurrentDownloads/invalid_too_large_value
=== RUN   TestGetMaxConcurrentDownloads/invalid_extremely_large_value
--- PASS: TestGetMaxConcurrentDownloads (0.00s)
    --- PASS: TestGetMaxConcurrentDownloads/default_when_env_var_not_set (0.00s)
    --- PASS: TestGetMaxConcurrentDownloads/valid_value_5 (0.00s)
    --- PASS: TestGetMaxConcurrentDownloads/valid_value_1_(minimum) (0.00s)
    --- PASS: TestGetMaxConcurrentDownloads/valid_value_100_(maximum) (0.00s)
    --- PASS: TestGetMaxConcurrentDownloads/valid_value_50 (0.00s)
    --- PASS: TestGetMaxConcurrentDownloads/invalid_non-numeric_value (0.00s)
    --- PASS: TestGetMaxConcurrentDownloads/invalid_zero_value (0.00s)
    --- PASS: TestGetMaxConcurrentDownloads/invalid_negative_value (0.00s)
    --- PASS: TestGetMaxConcurrentDownloads/invalid_too_large_value (0.00s)
    --- PASS: TestGetMaxConcurrentDownloads/invalid_extremely_large_value (0.00s)
=== RUN   TestDownloadRunArtifactsParallelWithCancellation
Processing runs: 0% (0B/2B)--- PASS: TestDownloadRunArtifactsParallelWithCancellation (0.00s)
=== RUN   TestParseAgentLogNoAgentOutput
ℹ No agent logs found in test-1757852286, skipping log parsing
--- PASS: TestParseAgentLogNoAgentOutput (0.00s)
=== RUN   TestParseAgentLogNoEngine
⚠ No engine detected in test-2019174045, skipping log parsing
--- PASS: TestParseAgentLogNoEngine (0.00s)
=== RUN   TestParseLogFileWithEngine_FallbackParser
=== RUN   TestParseLogFileWithEngine_FallbackParser/GitHub_Actions_workflow_commands
=== RUN   TestParseLogFileWithEngine_FallbackParser/Generic_error_patterns
=== RUN   TestParseLogFileWithEngine_FallbackParser/Mixed_error_formats
=== RUN   TestParseLogFileWithEngine_FallbackParser/No_errors_or_warnings
=== RUN   TestParseLogFileWithEngine_FallbackParser/Empty_log_file
--- PASS: TestParseLogFileWithEngine_FallbackParser (0.00s)
    --- PASS: TestParseLogFileWithEngine_FallbackParser/GitHub_Actions_workflow_commands (0.00s)
    --- PASS: TestParseLogFileWithEngine_FallbackParser/Generic_error_patterns (0.00s)
    --- PASS: TestParseLogFileWithEngine_FallbackParser/Mixed_error_formats (0.00s)
    --- PASS: TestParseLogFileWithEngine_FallbackParser/No_errors_or_warnings (0.00s)
    --- PASS: TestParseLogFileWithEngine_FallbackParser/Empty_log_file (0.00s)
=== RUN   TestParseLogFileWithEngine_FallbackVsEngineSpecific
--- PASS: TestParseLogFileWithEngine_FallbackVsEngineSpecific (0.00s)
=== RUN   TestParseLogFileWithEngine_NoAwInfoJson
--- PASS: TestParseLogFileWithEngine_NoAwInfoJson (0.00s)
=== RUN   TestParseLogFileWithoutAwInfo
--- PASS: TestParseLogFileWithoutAwInfo (0.00s)
=== RUN   TestExtractJSONMetrics
=== RUN   TestExtractJSONMetrics/Claude_streaming_format_with_usage
=== RUN   TestExtractJSONMetrics/Simple_token_count_(timestamp_ignored)
=== RUN   TestExtractJSONMetrics/Cost_information
=== RUN   TestExtractJSONMetrics/Usage_object_with_cost
=== RUN   TestExtractJSONMetrics/Claude_result_format_with_total_cost_usd
=== RUN   TestExtractJSONMetrics/Claude_result_format_with_cache_tokens
=== RUN   TestExtractJSONMetrics/Not_JSON
=== RUN   TestExtractJSONMetrics/Invalid_JSON
--- PASS: TestExtractJSONMetrics (0.00s)
    --- PASS: TestExtractJSONMetrics/Claude_streaming_format_with_usage (0.00s)
    --- PASS: TestExtractJSONMetrics/Simple_token_count_(timestamp_ignored) (0.00s)
    --- PASS: TestExtractJSONMetrics/Cost_information (0.00s)
    --- PASS: TestExtractJSONMetrics/Usage_object_with_cost (0.00s)
    --- PASS: TestExtractJSONMetrics/Claude_result_format_with_total_cost_usd (0.00s)
    --- PASS: TestExtractJSONMetrics/Claude_result_format_with_cache_tokens (0.00s)
    --- PASS: TestExtractJSONMetrics/Not_JSON (0.00s)
    --- PASS: TestExtractJSONMetrics/Invalid_JSON (0.00s)
=== RUN   TestParseLogFileWithJSON
--- PASS: TestParseLogFileWithJSON (0.00s)
=== RUN   TestConvertToInt
--- PASS: TestConvertToInt (0.00s)
=== RUN   TestConvertToFloat
--- PASS: TestConvertToFloat (0.00s)
=== RUN   TestExtractJSONCost
=== RUN   TestExtractJSONCost/total_cost_usd_field
=== RUN   TestExtractJSONCost/traditional_cost_field
=== RUN   TestExtractJSONCost/nested_billing_cost
=== RUN   TestExtractJSONCost/no_cost_fields
--- PASS: TestExtractJSONCost (0.00s)
    --- PASS: TestExtractJSONCost/total_cost_usd_field (0.00s)
    --- PASS: TestExtractJSONCost/traditional_cost_field (0.00s)
    --- PASS: TestExtractJSONCost/nested_billing_cost (0.00s)
    --- PASS: TestExtractJSONCost/no_cost_fields (0.00s)
=== RUN   TestParseLogFileWithClaudeResult
--- PASS: TestParseLogFileWithClaudeResult (0.00s)
=== RUN   TestParseLogFileWithCodexFormat
--- PASS: TestParseLogFileWithCodexFormat (0.00s)
=== RUN   TestParseLogFileWithCodexTokenSumming
--- PASS: TestParseLogFileWithCodexTokenSumming (0.00s)
=== RUN   TestParseLogFileWithCodexRustFormat
--- PASS: TestParseLogFileWithCodexRustFormat (0.00s)
=== RUN   TestParseLogFileWithCodexMixedFormats
--- PASS: TestParseLogFileWithCodexMixedFormats (0.00s)
=== RUN   TestParseLogFileWithMixedTokenFormats
--- PASS: TestParseLogFileWithMixedTokenFormats (0.00s)
=== RUN   TestExtractEngineFromAwInfoNestedDirectory
ℹ aw_info.json is a directory, trying nested file: /tmp/gh-aw-test-runs/20260704-173215-1254792/test-2414436444/aw_info.json/aw_info.json
--- PASS: TestExtractEngineFromAwInfoNestedDirectory (0.00s)
=== RUN   TestParseLogFileWithNonCodexTokensOnly
--- PASS: TestParseLogFileWithNonCodexTokensOnly (0.00s)
=== RUN   TestExtractLogMetricsWithAwOutputFile
--- PASS: TestExtractLogMetricsWithAwOutputFile (0.00s)
=== RUN   TestLogsPatchArtifactHandling
🔍 Beginning metric extraction in /tmp/gh-aw-test-runs/20260704-173215-1254792/test-1016807781/mock-run-123
⚠ No engine_id found in aw_info.json
⚠ aw_info.json exists but failed to extract engine
ℹ Found agentic output file: safe_output.jsonl (34 B)
ℹ Found git patch file: aw-feature-branch.patch (126 B)
--- PASS: TestLogsPatchArtifactHandling (0.00s)
=== RUN   TestLogsCommandHelp
--- PASS: TestLogsCommandHelp (0.00s)
=== RUN   TestRateLimitResponseUnmarshal
--- PASS: TestRateLimitResponseUnmarshal (0.00s)
=== RUN   TestRateLimitThresholdConstants
--- PASS: TestRateLimitThresholdConstants (0.00s)
=== RUN   TestRateLimitResourceIsBelowThreshold
=== RUN   TestRateLimitResourceIsBelowThreshold/zero_remaining
=== RUN   TestRateLimitResourceIsBelowThreshold/exactly_at_threshold
=== RUN   TestRateLimitResourceIsBelowThreshold/one_above_threshold
=== RUN   TestRateLimitResourceIsBelowThreshold/plenty_remaining
--- PASS: TestRateLimitResourceIsBelowThreshold (0.00s)
    --- PASS: TestRateLimitResourceIsBelowThreshold/zero_remaining (0.00s)
    --- PASS: TestRateLimitResourceIsBelowThreshold/exactly_at_threshold (0.00s)
    --- PASS: TestRateLimitResourceIsBelowThreshold/one_above_threshold (0.00s)
    --- PASS: TestRateLimitResourceIsBelowThreshold/plenty_remaining (0.00s)
=== RUN   TestRenderLogsOutputReportFileWritesMarkdownToFile
--- PASS: TestRenderLogsOutputReportFileWritesMarkdownToFile (0.01s)
=== RUN   TestRenderLogsConsoleUnified
## Workflow Logs Summary

  Total Runs              : 2
  Total Duration          : 10m30s
  Total Tokens            : 2.50k
  TotalAIC                : 0
  Total Action Minutes    : 0
  Total Turns             : 8
  Total Errors            : 1
  Total Warnings          : 3
  Total Missing Tools     : 2
  Total Missing Data      : 0
  Total Safe Items        : 0
  Total Episodes          : 0
  High Confidence Episodes: 0

## Workflow Logs Overview

╭──────┬─────────────┬──────┬─────────┬────────┬──────────────┬──────┬───┬─────┬──────┬────────┬─────────────┬────────────┬──────────┬───────────────────┬───────────────┬────────────────╮
│Run ID│Workflow     │Agent │Status   │Duration│Action Minutes│Tokens│AIC│Turns│Errors│Warnings│Missing Tools│Missing Data│Safe Items│Created            │Logs Path      │GitHub API Calls│
├──────┼─────────────┼──────┼─────────┼────────┼──────────────┼──────┼───┼─────┼──────┼────────┼─────────────┼────────────┼──────────┼───────────────────┼───────────────┼────────────────┤
│12345 │test-workflow│claude│completed│5m30s   │0             │1.00k │0  │3    │0     │2       │1            │0           │0         │2026-07-04 17:32:25│/tmp/logs/12345│0               │
╰──────┴─────────────┴──────┴─────────┴────────┴──────────────┴──────┴───┴─────┴──────┴────────┴─────────────┴────────────┴──────────┴───────────────────┴───────────────┴────────────────╯
## 🛠️  Tool Usage Summary

╭─────────────────┬───────────┬────┬──────────┬────────────╮
│Tool             │Total Calls│Runs│Max Output│Max Duration│
├─────────────────┼───────────┼────┼──────────┼────────────┤
│github-mcp-server│1.50k      │5   │2.4 MB    │1m30s       │
│playwright       │500        │3   │500.0 KB  │45s         │
╰─────────────────┴───────────┴────┴──────────┴────────────╯
## 🛠️  Missing Tools Summary

╭─────────┬───────────┬──────────────────────────────────┬────────────────────────────────╮
│Tool     │Occurrences│Workflows                         │First Reason                    │
├─────────┼───────────┼──────────────────────────────────┼────────────────────────────────┤
│terraform│5          │workflow-a, workflow-b, workflow-c│Infrastructure automation needed│
│kubectl  │3          │k8s-deploy                        │K8s management required         │
╰─────────┴───────────┴──────────────────────────────────┴────────────────────────────────╯
## ⚠️  MCP Server Failures

╭─────────────────┬────────┬──────────────────────╮
│Server           │Failures│Workflows             │
├─────────────────┼────────┼──────────────────────┤
│github-mcp-server│2       │workflow-a, workflow-b│
│playwright       │1       │browser-test          │
╰─────────────────┴────────┴──────────────────────╯


✓ ✓ Downloaded 2 workflow logs to /tmp/logs
  ℹ • 1 errors, 3 warnings across 2 runs
  ℹ • 2 unique tools used
## Workflow Logs Summary

  Total Runs              : 2
  Total Duration          : 10m30s
  Total Tokens            : 2.50k
  TotalAIC                : 0
  Total Action Minutes    : 0
  Total Turns             : 8
  Total Errors            : 1
  Total Warnings          : 3
  Total Missing Tools     : 2
  Total Missing Data      : 0
  Total Safe Items        : 0
  Total Episodes          : 0
  High Confidence Episodes: 0

## Workflow Logs Overview

╭──────┬─────────────┬──────┬─────────┬────────┬──────────────┬──────┬───┬─────┬──────┬────────┬─────────────┬────────────┬──────────┬───────────────────┬───────────────┬────────────────╮
│Run ID│Workflow     │Agent │Status   │Duration│Action Minutes│Tokens│AIC│Turns│Errors│Warnings│Missing Tools│Missing Data│Safe Items│Created            │Logs Path      │GitHub API Calls│
├──────┼─────────────┼──────┼─────────┼────────┼──────────────┼──────┼───┼─────┼──────┼────────┼─────────────┼────────────┼──────────┼───────────────────┼───────────────┼────────────────┤
│12345 │test-workflow│claude│completed│5m30s   │0             │1.00k │0  │3    │0     │2       │1            │0           │0         │2026-07-04 17:32:25│/tmp/logs/12345│0               │
╰──────┴─────────────┴──────┴─────────┴────────┴──────────────┴──────┴───┴─────┴──────┴────────┴─────────────┴────────────┴──────────┴───────────────────┴───────────────┴────────────────╯
## 🛠️  Tool Usage Summary

╭─────────────────┬───────────┬────┬──────────┬────────────╮
│Tool             │Total Calls│Runs│Max Output│Max Duration│
├─────────────────┼───────────┼────┼──────────┼────────────┤
│github-mcp-server│1.50k      │5   │2.4 MB    │1m30s       │
│playwright       │500        │3   │500.0 KB  │45s         │
╰─────────────────┴───────────┴────┴──────────┴────────────╯
## 🛠️  Missing Tools Summary

╭─────────┬───────────┬──────────────────────────────────┬────────────────────────────────╮
│Tool     │Occurrences│Workflows                         │First Reason                    │
├─────────┼───────────┼──────────────────────────────────┼────────────────────────────────┤
│terraform│5          │workflow-a, workflow-b, workflow-c│Infrastructure automation needed│
│kubectl  │3          │k8s-deploy                        │K8s management required         │
╰─────────┴───────────┴──────────────────────────────────┴────────────────────────────────╯
## ⚠️  MCP Server Failures

╭─────────────────┬────────┬──────────────────────╮
│Server           │Failures│Workflows             │
├─────────────────┼────────┼──────────────────────┤
│github-mcp-server│2       │workflow-a, workflow-b│
│playwright       │1       │browser-test          │
╰─────────────────┴────────┴──────────────────────╯


✓ ✓ Downloaded 2 workflow logs to /tmp/logs
  ℹ • 1 errors, 3 warnings across 2 runs
  ℹ • 2 unique tools used
--- PASS: TestRenderLogsConsoleUnified (0.00s)
=== RUN   TestBuildToolUsageSummaryPopulatesDisplay
--- PASS: TestBuildToolUsageSummaryPopulatesDisplay (0.00s)
=== RUN   TestBuildMissingToolsSummaryPopulatesDisplay
--- PASS: TestBuildMissingToolsSummaryPopulatesDisplay (0.00s)
=== RUN   TestBuildMCPFailuresSummaryPopulatesDisplay
--- PASS: TestBuildMCPFailuresSummaryPopulatesDisplay (0.00s)
=== RUN   TestAddUniqueWorkflow
=== RUN   TestAddUniqueWorkflow/add_to_empty_list
=== RUN   TestAddUniqueWorkflow/add_new_workflow
=== RUN   TestAddUniqueWorkflow/duplicate_workflow_at_beginning
=== RUN   TestAddUniqueWorkflow/duplicate_workflow_in_middle
=== RUN   TestAddUniqueWorkflow/duplicate_workflow_at_end
--- PASS: TestAddUniqueWorkflow (0.00s)
    --- PASS: TestAddUniqueWorkflow/add_to_empty_list (0.00s)
    --- PASS: TestAddUniqueWorkflow/add_new_workflow (0.00s)
    --- PASS: TestAddUniqueWorkflow/duplicate_workflow_at_beginning (0.00s)
    --- PASS: TestAddUniqueWorkflow/duplicate_workflow_in_middle (0.00s)
    --- PASS: TestAddUniqueWorkflow/duplicate_workflow_at_end (0.00s)
=== RUN   TestBuildMissingToolsSummaryDeduplication
--- PASS: TestBuildMissingToolsSummaryDeduplication (0.00s)
=== RUN   TestBuildMCPFailuresSummaryDeduplication
--- PASS: TestBuildMCPFailuresSummaryDeduplication (0.00s)
=== RUN   TestAggregateSummaryItems
--- PASS: TestAggregateSummaryItems (0.00s)
=== RUN   TestAggregateDomainStats
=== RUN   TestAggregateDomainStats/aggregates_domains_correctly
=== RUN   TestAggregateDomainStats/handles_nil_analysis
=== RUN   TestAggregateDomainStats/handles_empty_runs
--- PASS: TestAggregateDomainStats (0.00s)
    --- PASS: TestAggregateDomainStats/aggregates_domains_correctly (0.00s)
    --- PASS: TestAggregateDomainStats/handles_nil_analysis (0.00s)
    --- PASS: TestAggregateDomainStats/handles_empty_runs (0.00s)
=== RUN   TestConvertDomainsToSortedSlices
=== RUN   TestConvertDomainsToSortedSlices/converts_and_sorts_domains
=== RUN   TestConvertDomainsToSortedSlices/handles_empty_maps
--- PASS: TestConvertDomainsToSortedSlices (0.00s)
    --- PASS: TestConvertDomainsToSortedSlices/converts_and_sorts_domains (0.00s)
    --- PASS: TestConvertDomainsToSortedSlices/handles_empty_maps (0.00s)
=== RUN   TestBuildAccessLogSummaryWithSharedHelper
--- PASS: TestBuildAccessLogSummaryWithSharedHelper (0.00s)
=== RUN   TestBuildFirewallLogSummaryWithSharedHelper
--- PASS: TestBuildFirewallLogSummaryWithSharedHelper (0.00s)
=== RUN   TestBuildLogsDataIncludesDateFields
--- PASS: TestBuildLogsDataIncludesDateFields (0.00s)
=== RUN   TestDeriveRunClassification
=== RUN   TestDeriveRunClassification/nil_comparison_returns_unclassified
=== RUN   TestDeriveRunClassification/no_baseline_found_returns_baseline
=== RUN   TestDeriveRunClassification/nil_classification_with_baseline_returns_unclassified
=== RUN   TestDeriveRunClassification/risky_label_returns_risky
=== RUN   TestDeriveRunClassification/stable_label_returns_normal
=== RUN   TestDeriveRunClassification/changed_label_returns_normal
--- PASS: TestDeriveRunClassification (0.00s)
    --- PASS: TestDeriveRunClassification/nil_comparison_returns_unclassified (0.00s)
    --- PASS: TestDeriveRunClassification/no_baseline_found_returns_baseline (0.00s)
    --- PASS: TestDeriveRunClassification/nil_classification_with_baseline_returns_unclassified (0.00s)
    --- PASS: TestDeriveRunClassification/risky_label_returns_risky (0.00s)
    --- PASS: TestDeriveRunClassification/stable_label_returns_normal (0.00s)
    --- PASS: TestDeriveRunClassification/changed_label_returns_normal (0.00s)
=== RUN   TestBuildLogsDataEngineCountsFromAwInfo
--- PASS: TestBuildLogsDataEngineCountsFromAwInfo (0.01s)
=== RUN   TestBuildLogsDataAggregatesSteeringEvents
--- PASS: TestBuildLogsDataAggregatesSteeringEvents (0.00s)
=== RUN   TestBuildLogsDataAggregatesAIC
--- PASS: TestBuildLogsDataAggregatesAIC (0.00s)
=== RUN   TestBuildSafeOutputChainMetrics
--- PASS: TestBuildSafeOutputChainMetrics (0.00s)
=== RUN   TestBuildSafeOutputChainMetricsIgnoresMalformedTemporaryIDMap
--- PASS: TestBuildSafeOutputChainMetricsIgnoresMalformedTemporaryIDMap (0.00s)
=== RUN   TestBuildLogsDataIncludesSafeOutputChainMetrics
--- PASS: TestBuildLogsDataIncludesSafeOutputChainMetrics (0.01s)
=== RUN   TestBuildLogsDataTracksTemporaryIDMapHealth
--- PASS: TestBuildLogsDataTracksTemporaryIDMapHealth (0.01s)
=== RUN   TestBuildLogsDataLeavesTemporaryIDMapStatusEmptyWithoutSafeOutputArtifacts
--- PASS: TestBuildLogsDataLeavesTemporaryIDMapStatusEmptyWithoutSafeOutputArtifacts (0.00s)
=== RUN   TestWriteSummaryFile
--- PASS: TestWriteSummaryFile (0.00s)
=== RUN   TestWriteSummaryFileCreatesDirectory
--- PASS: TestWriteSummaryFileCreatesDirectory (0.00s)
=== RUN   TestSummaryFileDisabling
    logs_summary_file_test.go:135: Empty summary file path correctly skips writing
--- PASS: TestSummaryFileDisabling (0.00s)
=== RUN   TestSaveAndLoadRunSummary
--- PASS: TestSaveAndLoadRunSummary (0.00s)
=== RUN   TestLoadRunSummaryVersionMismatch
--- PASS: TestLoadRunSummaryVersionMismatch (0.00s)
=== RUN   TestLoadRunSummaryMissingFile
--- PASS: TestLoadRunSummaryMissingFile (0.00s)
=== RUN   TestLoadRunSummaryInvalidJSON
--- PASS: TestLoadRunSummaryInvalidJSON (0.00s)
=== RUN   TestListArtifacts
--- PASS: TestListArtifacts (0.00s)
=== RUN   TestRunSummaryJSONStructure
--- PASS: TestRunSummaryJSONStructure (0.00s)
=== RUN   TestSaveAndLoadRunSummary_SafeItemsCount
--- PASS: TestSaveAndLoadRunSummary_SafeItemsCount (0.00s)
=== RUN   TestTimedOutConclusionDetection
=== RUN   TestTimedOutConclusionDetection/success_conclusion
=== RUN   TestTimedOutConclusionDetection/failure_conclusion
=== RUN   TestTimedOutConclusionDetection/cancelled_conclusion
=== RUN   TestTimedOutConclusionDetection/timed_out_conclusion
=== RUN   TestTimedOutConclusionDetection/skipped_conclusion
=== RUN   TestTimedOutConclusionDetection/neutral_conclusion
=== RUN   TestTimedOutConclusionDetection/action_required_conclusion
--- PASS: TestTimedOutConclusionDetection (0.00s)
    --- PASS: TestTimedOutConclusionDetection/success_conclusion (0.00s)
    --- PASS: TestTimedOutConclusionDetection/failure_conclusion (0.00s)
    --- PASS: TestTimedOutConclusionDetection/cancelled_conclusion (0.00s)
    --- PASS: TestTimedOutConclusionDetection/timed_out_conclusion (0.00s)
    --- PASS: TestTimedOutConclusionDetection/skipped_conclusion (0.00s)
    --- PASS: TestTimedOutConclusionDetection/neutral_conclusion (0.00s)
    --- PASS: TestTimedOutConclusionDetection/action_required_conclusion (0.00s)
=== RUN   TestJobInfoJSONParsing
=== RUN   TestJobInfoJSONParsing/timed_out_job
=== RUN   TestJobInfoJSONParsing/failed_job
=== RUN   TestJobInfoJSONParsing/cancelled_job
=== RUN   TestJobInfoJSONParsing/successful_job
--- PASS: TestJobInfoJSONParsing (0.00s)
    --- PASS: TestJobInfoJSONParsing/timed_out_job (0.00s)
    --- PASS: TestJobInfoJSONParsing/failed_job (0.00s)
    --- PASS: TestJobInfoJSONParsing/cancelled_job (0.00s)
    --- PASS: TestJobInfoJSONParsing/successful_job (0.00s)
=== RUN   TestStatusDisplayForTimedOut
=== RUN   TestStatusDisplayForTimedOut/completed_with_timed_out
=== RUN   TestStatusDisplayForTimedOut/completed_with_failure
=== RUN   TestStatusDisplayForTimedOut/completed_with_success
=== RUN   TestStatusDisplayForTimedOut/in_progress_with_no_conclusion
=== RUN   TestStatusDisplayForTimedOut/queued_with_no_conclusion
--- PASS: TestStatusDisplayForTimedOut (0.00s)
    --- PASS: TestStatusDisplayForTimedOut/completed_with_timed_out (0.00s)
    --- PASS: TestStatusDisplayForTimedOut/completed_with_failure (0.00s)
    --- PASS: TestStatusDisplayForTimedOut/completed_with_success (0.00s)
    --- PASS: TestStatusDisplayForTimedOut/in_progress_with_no_conclusion (0.00s)
    --- PASS: TestStatusDisplayForTimedOut/queued_with_no_conclusion (0.00s)
=== RUN   TestTimeoutFlagParsing
=== RUN   TestTimeoutFlagParsing/no_timeout_specified
=== RUN   TestTimeoutFlagParsing/timeout_of_5_minutes
=== RUN   TestTimeoutFlagParsing/timeout_of_30_minutes
--- PASS: TestTimeoutFlagParsing (0.00s)
    --- PASS: TestTimeoutFlagParsing/no_timeout_specified (0.00s)
    --- PASS: TestTimeoutFlagParsing/timeout_of_5_minutes (0.00s)
    --- PASS: TestTimeoutFlagParsing/timeout_of_30_minutes (0.00s)
=== RUN   TestTimeoutLogic
=== RUN   TestTimeoutLogic/no_timeout_set
=== RUN   TestTimeoutLogic/timeout_not_reached
=== RUN   TestTimeoutLogic/just_under_boundary
=== RUN   TestTimeoutLogic/timeout_exactly_reached
=== RUN   TestTimeoutLogic/timeout_exceeded
--- PASS: TestTimeoutLogic (0.00s)
    --- PASS: TestTimeoutLogic/no_timeout_set (0.00s)
    --- PASS: TestTimeoutLogic/timeout_not_reached (0.00s)
    --- PASS: TestTimeoutLogic/just_under_boundary (0.00s)
    --- PASS: TestTimeoutLogic/timeout_exactly_reached (0.00s)
    --- PASS: TestTimeoutLogic/timeout_exceeded (0.00s)
=== RUN   TestMCPServerDefaultTimeout
--- PASS: TestMCPServerDefaultTimeout (0.00s)
=== RUN   TestLoadUsageActivitySummary
=== PAUSE TestLoadUsageActivitySummary
=== RUN   TestApplyUsageActivitySummaryToResult
=== PAUSE TestApplyUsageActivitySummaryToResult
=== RUN   TestApplyUsageActivitySummaryToResultLegacyFirewall
=== PAUSE TestApplyUsageActivitySummaryToResultLegacyFirewall
=== RUN   TestLoadUsageActivitySummaryFallbackPath
=== PAUSE TestLoadUsageActivitySummaryFallbackPath
=== RUN   TestLoadUsageActivitySummaryNoFile
=== PAUSE TestLoadUsageActivitySummaryNoFile
=== RUN   TestLoadUsageActivitySummaryMalformedPrimaryFallsBack
=== PAUSE TestLoadUsageActivitySummaryMalformedPrimaryFallsBack
=== RUN   TestLoadUsageActivitySummaryRejectsUnsupportedSchema
=== PAUSE TestLoadUsageActivitySummaryRejectsUnsupportedSchema
=== RUN   TestApplyUsageActivitySummaryDoesNotOverwriteExistingData
=== PAUSE TestApplyUsageActivitySummaryDoesNotOverwriteExistingData
=== RUN   TestAddMCPTool_BasicFunctionality
✓ Fetched 1 servers from registry
✓ Added MCP tool 'io.github.makenotion/notion-mcp-server' to workflow .github/workflows/test-workflow.md
⚠ Workflow compilation failed. Please check your workflow configuration.
ℹ You can fix the issues and run 'gh aw compile' manually
--- PASS: TestAddMCPTool_BasicFunctionality (0.01s)
=== RUN   TestMCPAddTransportFlagDescriptionUsesLowercaseValues
--- PASS: TestMCPAddTransportFlagDescriptionUsesLowercaseValues (0.00s)
=== RUN   TestAddMCPTool_WorkflowNotFound
--- PASS: TestAddMCPTool_WorkflowNotFound (0.00s)
=== RUN   TestAddMCPTool_ToolAlreadyExists
✓ Fetched 1 servers from registry
--- PASS: TestAddMCPTool_ToolAlreadyExists (0.00s)
=== RUN   TestAddMCPTool_CustomToolID
✓ Fetched 1 servers from registry
✓ Added MCP tool 'my-notion' to workflow .github/workflows/test-workflow.md
⚠ Workflow compilation failed. Please check your workflow configuration.
ℹ You can fix the issues and run 'gh aw compile' manually
--- PASS: TestAddMCPTool_CustomToolID (0.00s)
=== RUN   TestCreateMCPToolConfig_StdioTransport
--- PASS: TestCreateMCPToolConfig_StdioTransport (0.00s)
=== RUN   TestCreateMCPToolConfig_PreferredTransport
--- PASS: TestCreateMCPToolConfig_PreferredTransport (0.00s)
=== RUN   TestListAvailableServers
✓ Fetched 2 servers from registry
MCP registry: http://127.0.0.1:43195
╭──────────────────────────────────────┬─────────────────────╮
│Name                                  │Description          │
├──────────────────────────────────────┼─────────────────────┤
│io.github.makenotion/notion-mcp-server│Connect to Notion API│
│io.github.example/github-mcp-server   │Connect to GitHub API│
│Total: 2 servers                      │                     │
╰──────────────────────────────────────┴─────────────────────╯
ℹ Usage: gh aw mcp add <workflow-file> <server-name>
--- PASS: TestListAvailableServers (0.00s)
=== RUN   TestCleanMCPToolID
=== RUN   TestCleanMCPToolID/remove_-mcp_suffix
=== RUN   TestCleanMCPToolID/remove_mcp-_prefix
=== RUN   TestCleanMCPToolID/remove_both_prefix_and_suffix
=== RUN   TestCleanMCPToolID/no_changes_needed
=== RUN   TestCleanMCPToolID/complex_name_with_mcp_suffix
=== RUN   TestCleanMCPToolID/complex_name_with_mcp_prefix
=== RUN   TestCleanMCPToolID/mcp_only_should_remain_unchanged
=== RUN   TestCleanMCPToolID/edge_case:_mcp-mcp
--- PASS: TestCleanMCPToolID (0.00s)
    --- PASS: TestCleanMCPToolID/remove_-mcp_suffix (0.00s)
    --- PASS: TestCleanMCPToolID/remove_mcp-_prefix (0.00s)
    --- PASS: TestCleanMCPToolID/remove_both_prefix_and_suffix (0.00s)
    --- PASS: TestCleanMCPToolID/no_changes_needed (0.00s)
    --- PASS: TestCleanMCPToolID/complex_name_with_mcp_suffix (0.00s)
    --- PASS: TestCleanMCPToolID/complex_name_with_mcp_prefix (0.00s)
    --- PASS: TestCleanMCPToolID/mcp_only_should_remain_unchanged (0.00s)
    --- PASS: TestCleanMCPToolID/edge_case:_mcp-mcp (0.00s)
=== RUN   TestJSONFieldNames
--- PASS: TestJSONFieldNames (0.00s)
=== RUN   TestExtractUnknownParams
=== RUN   TestExtractUnknownParams/single_unknown_param
=== RUN   TestExtractUnknownParams/multiple_unknown_params
=== RUN   TestExtractUnknownParams/underscore_param
=== RUN   TestExtractUnknownParams/no_match_—_different_error
=== RUN   TestExtractUnknownParams/empty_string
--- PASS: TestExtractUnknownParams (0.00s)
    --- PASS: TestExtractUnknownParams/single_unknown_param (0.00s)
    --- PASS: TestExtractUnknownParams/multiple_unknown_params (0.00s)
    --- PASS: TestExtractUnknownParams/underscore_param (0.00s)
    --- PASS: TestExtractUnknownParams/no_match_—_different_error (0.00s)
    --- PASS: TestExtractUnknownParams/empty_string (0.00s)
=== RUN   TestExtractUnknownParamsFromSchemaError
--- PASS: TestExtractUnknownParamsFromSchemaError (0.00s)
=== RUN   TestFindSimilarParam
=== RUN   TestFindSimilarParam/workflow-name_→_workflows_(compile)
=== RUN   TestFindSimilarParam/workflow_name_→_workflows_(compile)
=== RUN   TestFindSimilarParam/workflowname_→_workflows_(compile)
=== RUN   TestFindSimilarParam/max-tokens_→_max_tokens_(compile)
=== RUN   TestFindSimilarParam/runnerguard_→_runner-guard_(compile)
=== RUN   TestFindSimilarParam/completely_unrelated_—_no_match
=== RUN   TestFindSimilarParam/empty_validParams_—_no_match
=== RUN   TestFindSimilarParam/exact_match_after_normalization
--- PASS: TestFindSimilarParam (0.00s)
    --- PASS: TestFindSimilarParam/workflow-name_→_workflows_(compile) (0.00s)
    --- PASS: TestFindSimilarParam/workflow_name_→_workflows_(compile) (0.00s)
    --- PASS: TestFindSimilarParam/workflowname_→_workflows_(compile) (0.00s)
    --- PASS: TestFindSimilarParam/max-tokens_→_max_tokens_(compile) (0.00s)
    --- PASS: TestFindSimilarParam/runnerguard_→_runner-guard_(compile) (0.00s)
    --- PASS: TestFindSimilarParam/completely_unrelated_—_no_match (0.00s)
    --- PASS: TestFindSimilarParam/empty_validParams_—_no_match (0.00s)
    --- PASS: TestFindSimilarParam/exact_match_after_normalization (0.00s)
=== RUN   TestBuildHelpfulParamError
=== RUN   TestBuildHelpfulParamError/single_unknown_param_with_suggestion
=== RUN   TestBuildHelpfulParamError/single_unknown_param_without_suggestion
=== RUN   TestBuildHelpfulParamError/multiple_unknown_params
=== RUN   TestBuildHelpfulParamError/empty_tool_name_omits_help_line
--- PASS: TestBuildHelpfulParamError (0.00s)
    --- PASS: TestBuildHelpfulParamError/single_unknown_param_with_suggestion (0.00s)
    --- PASS: TestBuildHelpfulParamError/single_unknown_param_without_suggestion (0.00s)
    --- PASS: TestBuildHelpfulParamError/multiple_unknown_params (0.00s)
    --- PASS: TestBuildHelpfulParamError/empty_tool_name_omits_help_line (0.00s)
=== RUN   TestArgumentValidationMiddleware_TransformsAdditionalPropertiesError
--- PASS: TestArgumentValidationMiddleware_TransformsAdditionalPropertiesError (0.00s)
=== RUN   TestArgumentValidationMiddleware_PassesThroughNonValidationErrors
--- PASS: TestArgumentValidationMiddleware_PassesThroughNonValidationErrors (0.00s)
=== RUN   TestArgumentValidationMiddleware_PassesThroughSuccessResults
--- PASS: TestArgumentValidationMiddleware_PassesThroughSuccessResults (0.00s)
=== RUN   TestArgumentValidationMiddleware_UnknownToolReturnsMethodNotFound
--- PASS: TestArgumentValidationMiddleware_UnknownToolReturnsMethodNotFound (0.00s)
=== RUN   TestArgumentValidationMiddleware_PassesThroughNonToolCallMethods
--- PASS: TestArgumentValidationMiddleware_PassesThroughNonToolCallMethods (0.00s)
=== RUN   TestMCPToolParams
=== RUN   TestMCPToolParams/status
=== RUN   TestMCPToolParams/compile
=== RUN   TestMCPToolParams/logs
=== RUN   TestMCPToolParams/audit
=== RUN   TestMCPToolParams/audit-diff
=== RUN   TestMCPToolParams/checks
=== RUN   TestMCPToolParams/mcp-inspect
=== RUN   TestMCPToolParams/add
=== RUN   TestMCPToolParams/update
=== RUN   TestMCPToolParams/fix
--- PASS: TestMCPToolParams (0.00s)
    --- PASS: TestMCPToolParams/status (0.00s)
    --- PASS: TestMCPToolParams/compile (0.00s)
    --- PASS: TestMCPToolParams/logs (0.00s)
    --- PASS: TestMCPToolParams/audit (0.00s)
    --- PASS: TestMCPToolParams/audit-diff (0.00s)
    --- PASS: TestMCPToolParams/checks (0.00s)
    --- PASS: TestMCPToolParams/mcp-inspect (0.00s)
    --- PASS: TestMCPToolParams/add (0.00s)
    --- PASS: TestMCPToolParams/update (0.00s)
    --- PASS: TestMCPToolParams/fix (0.00s)
=== RUN   TestMCPCommandUnknownSubcommandReturnsError
--- PASS: TestMCPCommandUnknownSubcommandReturnsError (0.00s)
=== RUN   TestEnsureMCPConfig
=== RUN   TestEnsureMCPConfig/creates_new_mcp.json_in_empty_directory
=== RUN   TestEnsureMCPConfig/renders_instructions_for_existing_config_without_gh-aw_server

ℹ Existing file detected: .github/mcp.json

To enable GitHub Copilot Agent MCP server integration, please add the following
to the "mcpServers" section of your .github/mcp.json file:

{
  "github-agentic-workflows": {
    "type": "local",
    "command": "gh",
    "args": [
      "aw",
      "mcp-server"
    ],
    "tools": [
      "compile",
      "audit",
      "logs",
      "inspect",
      "status",
      "audit-diff"
    ]
  }
}

=== RUN   TestEnsureMCPConfig/skips_update_when_config_is_identical
=== RUN   TestEnsureMCPConfig/renders_instructions_for_existing_config_with_different_settings

ℹ Existing file detected: .github/mcp.json

To enable GitHub Copilot Agent MCP server integration, please add the following
to the "mcpServers" section of your .github/mcp.json file:

{
  "github-agentic-workflows": {
    "type": "local",
    "command": "gh",
    "args": [
      "aw",
      "mcp-server"
    ],
    "tools": [
      "compile",
      "audit",
      "logs",
      "inspect",
      "status",
      "audit-diff"
    ]
  }
}

--- PASS: TestEnsureMCPConfig (0.00s)
    --- PASS: TestEnsureMCPConfig/creates_new_mcp.json_in_empty_directory (0.00s)
    --- PASS: TestEnsureMCPConfig/renders_instructions_for_existing_config_without_gh-aw_server (0.00s)
    --- PASS: TestEnsureMCPConfig/skips_update_when_config_is_identical (0.00s)
    --- PASS: TestEnsureMCPConfig/renders_instructions_for_existing_config_with_different_settings (0.00s)
=== RUN   TestMCPConfigParsing
=== PAUSE TestMCPConfigParsing
=== RUN   TestMCPConfigJSONMarshaling
=== PAUSE TestMCPConfigJSONMarshaling
=== RUN   TestEnsureMCPConfigDirectoryCreation
--- PASS: TestEnsureMCPConfigDirectoryCreation (0.00s)
=== RUN   TestMCPConfigFilePermissions
--- PASS: TestMCPConfigFilePermissions (0.00s)
=== RUN   TestWaitForServerReady_ContextCancelled
--- PASS: TestWaitForServerReady_ContextCancelled (0.00s)
=== RUN   TestWaitForServerReady_Timeout
--- PASS: TestWaitForServerReady_Timeout (0.20s)
=== RUN   TestMCPInspectSubcommand_NoArgBehaviorDocumented
--- PASS: TestMCPInspectSubcommand_NoArgBehaviorDocumented (0.00s)
=== RUN   TestValidateServerSecrets
=== RUN   TestValidateServerSecrets/no_environment_variables
=== RUN   TestValidateServerSecrets/valid_environment_variable
=== RUN   TestValidateServerSecrets/missing_environment_variable
=== RUN   TestValidateServerSecrets/secrets_reference_(handled_gracefully)
=== RUN   TestValidateServerSecrets/github_remote_mode_requires_GH_AW_GITHUB_TOKEN
=== RUN   TestValidateServerSecrets/github_remote_mode_with_custom_token
⚠ ⚠️  1 required secret(s) not found:
⚠   ✗ CUSTOM_PAT
=== RUN   TestValidateServerSecrets/github_local_mode_does_not_require_GH_AW_GITHUB_TOKEN
--- PASS: TestValidateServerSecrets (0.00s)
    --- PASS: TestValidateServerSecrets/no_environment_variables (0.00s)
    --- PASS: TestValidateServerSecrets/valid_environment_variable (0.00s)
    --- PASS: TestValidateServerSecrets/missing_environment_variable (0.00s)
    --- PASS: TestValidateServerSecrets/secrets_reference_(handled_gracefully) (0.00s)
    --- PASS: TestValidateServerSecrets/github_remote_mode_requires_GH_AW_GITHUB_TOKEN (0.00s)
    --- PASS: TestValidateServerSecrets/github_remote_mode_with_custom_token (0.00s)
    --- PASS: TestValidateServerSecrets/github_local_mode_does_not_require_GH_AW_GITHUB_TOKEN (0.00s)
=== RUN   TestDisplayToolAllowanceHint
=== RUN   TestDisplayToolAllowanceHint/server_with_blocked_tools

ℹ 💡 To allow blocked tools, add them to your workflow frontmatter:

```yaml
tools:
  test-server:
    allowed:
      - tool1
      - tool2
      - tool3
      - tool4
```

ℹ 📖 For more information, see: https://github.com/github/gh-aw/blob/main/docs/tools.md
=== RUN   TestDisplayToolAllowanceHint/server_with_no_allowed_list_(all_tools_allowed)

ℹ 💡 All tools are currently allowed (no 'allowed' list specified)

ℹ To restrict tools, add an 'allowed' list to your workflow frontmatter:

```yaml
tools:
  open-server:
    allowed:
      - tool1  # Allow only specific tools
      - tool2
```

ℹ 📖 For more information, see: https://github.com/github/gh-aw/blob/main/docs/tools.md
=== RUN   TestDisplayToolAllowanceHint/server_with_all_tools_explicitly_allowed

✓ ✅ All available tools are explicitly allowed in your workflow

ℹ 📖 For more information, see: https://github.com/github/gh-aw/blob/main/docs/tools.md
--- PASS: TestDisplayToolAllowanceHint (0.00s)
    --- PASS: TestDisplayToolAllowanceHint/server_with_blocked_tools (0.00s)
    --- PASS: TestDisplayToolAllowanceHint/server_with_no_allowed_list_(all_tools_allowed) (0.00s)
    --- PASS: TestDisplayToolAllowanceHint/server_with_all_tools_explicitly_allowed (0.00s)
=== RUN   TestMCPInspectFiltersSafeOutputs
=== RUN   TestMCPInspectFiltersSafeOutputs/parser_includes_safe-outputs_but_inspect_filters_them
    mcp_inspect_test.go:269: ✓ Parser correctly includes safe-outputs (to be filtered by inspect command)
    mcp_inspect_test.go:287: ✓ Inspect command filtering works: 1 configs before filter, 0 after filter
=== RUN   TestMCPInspectFiltersSafeOutputs/mixed_configuration_filters_only_safe-outputs
    mcp_inspect_test.go:269: ✓ Parser correctly includes safe-outputs (to be filtered by inspect command)
    mcp_inspect_test.go:287: ✓ Inspect command filtering works: 2 configs before filter, 1 after filter
--- PASS: TestMCPInspectFiltersSafeOutputs (0.00s)
    --- PASS: TestMCPInspectFiltersSafeOutputs/parser_includes_safe-outputs_but_inspect_filters_them (0.00s)
    --- PASS: TestMCPInspectFiltersSafeOutputs/mixed_configuration_filters_only_safe-outputs (0.00s)
=== RUN   TestFilterOutSafeOutputs
=== RUN   TestFilterOutSafeOutputs/empty_input
=== RUN   TestFilterOutSafeOutputs/only_safe-outputs
=== RUN   TestFilterOutSafeOutputs/mixed_servers
=== RUN   TestFilterOutSafeOutputs/no_safe-outputs
--- PASS: TestFilterOutSafeOutputs (0.00s)
    --- PASS: TestFilterOutSafeOutputs/empty_input (0.00s)
    --- PASS: TestFilterOutSafeOutputs/only_safe-outputs (0.00s)
    --- PASS: TestFilterOutSafeOutputs/mixed_servers (0.00s)
    --- PASS: TestFilterOutSafeOutputs/no_safe-outputs (0.00s)
=== RUN   TestRenderMCPInspectionTree
--- PASS: TestRenderMCPInspectionTree (0.00s)
=== RUN   TestRenderMCPInspectionTree_SortsServersDeterministically
--- PASS: TestRenderMCPInspectionTree_SortsServersDeterministically (0.00s)
=== RUN   TestRenderMCPInspectionTree_UnknownEngineFallback
--- PASS: TestRenderMCPInspectionTree_UnknownEngineFallback (0.00s)
=== RUN   TestListWorkflowMCP
=== RUN   TestListWorkflowMCP/list_specific_workflow
MCP servers in test-workflow.md
╭───────────┬───────┬───────────┬──────────────╮
│Server Name│Status │Tools Count│Network Access│
├───────────┼───────┼───────────┼──────────────┤
│safeoutputs│✓ Ready│1 tool     │✗ Disabled    │
│github     │✓ Ready│All tools  │✗ Disabled    │
╰───────────┴───────┴───────────┴──────────────╯

Run 'gh aw mcp list test-workflow --verbose' for detailed information
=== RUN   TestListWorkflowMCP/list_specific_workflow_verbose
MCP servers in test-workflow.md
╭───────────┬──────┬───────┬───────────┬──────────────┬───────────╮
│Server Name│Type  │Status │Tools Count│Network Access│Command/URL│
├───────────┼──────┼───────┼───────────┼──────────────┼───────────┤
│safeoutputs│stdio │✓ Ready│1 tool     │✗ Disabled    │node       │
│github     │docker│✓ Ready│All tools  │✗ Disabled    │docker     │
╰───────────┴──────┴───────┴───────────┴──────────────┴───────────╯
=== RUN   TestListWorkflowMCP/list_all_workflows

Select a workflow to view its MCP servers:

  1) test-workflow
     2 server(s): safeoutputs, github

Select (1-1): ╭─────────────┬────────────╮
│Workflow     │Server Count│
├─────────────┼────────────┤
│test-workflow│2           │
╰─────────────┴────────────╯

Run 'gh aw mcp list --verbose' for detailed information
Run 'gh aw mcp list <workflow-name>' to list MCP servers in a specific workflow
=== RUN   TestListWorkflowMCP/nonexistent_workflow
--- PASS: TestListWorkflowMCP (0.00s)
    --- PASS: TestListWorkflowMCP/list_specific_workflow (0.00s)
    --- PASS: TestListWorkflowMCP/list_specific_workflow_verbose (0.00s)
    --- PASS: TestListWorkflowMCP/list_all_workflows (0.00s)
    --- PASS: TestListWorkflowMCP/nonexistent_workflow (0.00s)
=== RUN   TestListWorkflowsWithMCPServers
=== RUN   TestListWorkflowsWithMCPServers/list_workflows_with_mcp

Select a workflow to view its MCP servers:

  1) with-mcp
     2 server(s): safeoutputs, github

Select (1-1): ╭────────┬────────────╮
│Workflow│Server Count│
├────────┼────────────┤
│with-mcp│2           │
╰────────┴────────────╯

Run 'gh aw mcp list --verbose' for detailed information
Run 'gh aw mcp list <workflow-name>' to list MCP servers in a specific workflow
=== RUN   TestListWorkflowsWithMCPServers/list_workflows_with_mcp_verbose

Select a workflow to view its MCP servers:

  1) with-mcp
     2 server(s): safeoutputs, github

Select (1-1): ╭────────┬────────────┬───────────────────╮
│Workflow│Server Count│MCP Servers        │
├────────┼────────────┼───────────────────┤
│with-mcp│2           │safeoutputs, github│
╰────────┴────────────┴───────────────────╯
Run 'gh aw mcp list <workflow-name>' to list MCP servers in a specific workflow
=== RUN   TestListWorkflowsWithMCPServers/nonexistent_directory
--- PASS: TestListWorkflowsWithMCPServers (0.00s)
    --- PASS: TestListWorkflowsWithMCPServers/list_workflows_with_mcp (0.00s)
    --- PASS: TestListWorkflowsWithMCPServers/list_workflows_with_mcp_verbose (0.00s)
    --- PASS: TestListWorkflowsWithMCPServers/nonexistent_directory (0.00s)
=== RUN   TestNewMCPListSubcommand
--- PASS: TestNewMCPListSubcommand (0.00s)
=== RUN   TestDetermineConfigStatus
=== RUN   TestDetermineConfigStatus/valid_stdio_config
=== RUN   TestDetermineConfigStatus/valid_http_config
=== RUN   TestDetermineConfigStatus/valid_container_config
=== RUN   TestDetermineConfigStatus/incomplete_config
--- PASS: TestDetermineConfigStatus (0.00s)
    --- PASS: TestDetermineConfigStatus/valid_stdio_config (0.00s)
    --- PASS: TestDetermineConfigStatus/valid_http_config (0.00s)
    --- PASS: TestDetermineConfigStatus/valid_container_config (0.00s)
    --- PASS: TestDetermineConfigStatus/incomplete_config (0.00s)
=== RUN   TestFormatToolsCount
=== RUN   TestFormatToolsCount/no_restrictions
=== RUN   TestFormatToolsCount/wildcard
=== RUN   TestFormatToolsCount/single_tool
=== RUN   TestFormatToolsCount/multiple_tools
--- PASS: TestFormatToolsCount (0.00s)
    --- PASS: TestFormatToolsCount/no_restrictions (0.00s)
    --- PASS: TestFormatToolsCount/wildcard (0.00s)
    --- PASS: TestFormatToolsCount/single_tool (0.00s)
    --- PASS: TestFormatToolsCount/multiple_tools (0.00s)
=== RUN   TestFormatNetworkAccess
=== RUN   TestFormatNetworkAccess/enabled
=== RUN   TestFormatNetworkAccess/disabled
--- PASS: TestFormatNetworkAccess (0.00s)
    --- PASS: TestFormatNetworkAccess/enabled (0.00s)
    --- PASS: TestFormatNetworkAccess/disabled (0.00s)
=== RUN   TestCheckNetworkAccess
=== RUN   TestCheckNetworkAccess/nil_frontmatter
=== RUN   TestCheckNetworkAccess/no_network_field
=== RUN   TestCheckNetworkAccess/network_with_allowed_domains
=== RUN   TestCheckNetworkAccess/network_with_empty_allowed
=== RUN   TestCheckNetworkAccess/network_with_other_config
--- PASS: TestCheckNetworkAccess (0.00s)
    --- PASS: TestCheckNetworkAccess/nil_frontmatter (0.00s)
    --- PASS: TestCheckNetworkAccess/no_network_field (0.00s)
    --- PASS: TestCheckNetworkAccess/network_with_allowed_domains (0.00s)
    --- PASS: TestCheckNetworkAccess/network_with_empty_allowed (0.00s)
    --- PASS: TestCheckNetworkAccess/network_with_other_config (0.00s)
=== RUN   TestListToolsForMCP
=== RUN   TestListToolsForMCP/find_workflows_with_mcp_server
Found MCP server 'github' in 1 workflow(s): test-workflow

Run 'gh aw mcp list-tools <workflow-name> --server github' to list tools for a specific workflow
=== RUN   TestListToolsForMCP/find_workflows_with_safe_outputs
Found MCP server 'safeoutputs' in 1 workflow(s): test-workflow

Run 'gh aw mcp list-tools <workflow-name> --server safeoutputs' to list tools for a specific workflow
=== RUN   TestListToolsForMCP/mcp_server_not_found_in_any_workflow
⚠ MCP server 'nonexistent-server' not found in any workflow
=== RUN   TestListToolsForMCP/mcp_server_not_found_in_specific_workflow
⚠ MCP server 'github' not found in workflow 'other-workflow.md'
=== RUN   TestListToolsForMCP/nonexistent_workflow
=== RUN   TestListToolsForMCP/verbose_mode
Found MCP server 'github' in 1 workflow(s): test-workflow

Run 'gh aw mcp list-tools <workflow-name> --server github' to list tools for a specific workflow
--- PASS: TestListToolsForMCP (0.00s)
    --- PASS: TestListToolsForMCP/find_workflows_with_mcp_server (0.00s)
    --- PASS: TestListToolsForMCP/find_workflows_with_safe_outputs (0.00s)
    --- PASS: TestListToolsForMCP/mcp_server_not_found_in_any_workflow (0.00s)
    --- PASS: TestListToolsForMCP/mcp_server_not_found_in_specific_workflow (0.00s)
    --- PASS: TestListToolsForMCP/nonexistent_workflow (0.00s)
    --- PASS: TestListToolsForMCP/verbose_mode (0.00s)
=== RUN   TestFindWorkflowsWithMCPServer
=== RUN   TestFindWorkflowsWithMCPServer/find_github_server
Found MCP server 'github' in 2 workflow(s): workflow1, workflow3

Run 'gh aw mcp list-tools <workflow-name> --server github' to list tools for a specific workflow
=== RUN   TestFindWorkflowsWithMCPServer/find_safe_outputs_server
Found MCP server 'safeoutputs' in 1 workflow(s): workflow2

Run 'gh aw mcp list-tools <workflow-name> --server safeoutputs' to list tools for a specific workflow
=== RUN   TestFindWorkflowsWithMCPServer/find_nonexistent_server
⚠ MCP server 'nonexistent' not found in any workflow
=== RUN   TestFindWorkflowsWithMCPServer/verbose_output
Found MCP server 'github' in 2 workflow(s): workflow1, workflow3

Run 'gh aw mcp list-tools <workflow-name> --server github' to list tools for a specific workflow
--- PASS: TestFindWorkflowsWithMCPServer (0.00s)
    --- PASS: TestFindWorkflowsWithMCPServer/find_github_server (0.00s)
    --- PASS: TestFindWorkflowsWithMCPServer/find_safe_outputs_server (0.00s)
    --- PASS: TestFindWorkflowsWithMCPServer/find_nonexistent_server (0.00s)
    --- PASS: TestFindWorkflowsWithMCPServer/verbose_output (0.00s)
=== RUN   TestDisplayToolsList
=== RUN   TestDisplayToolsList/empty_tools_list
⚠ No tools available from this MCP server
⚠ No tools available from this MCP server
=== RUN   TestDisplayToolsList/non_verbose_mode_uses_table_format
ℹ
🛠️  Available Tools (3 total)
╭─────────┬─────┬────────────────────────────────────────────────────────────╮
│Tool Name│Allow│Description                                                 │
├─────────┼─────┼────────────────────────────────────────────────────────────┤
│tool1    │✅   │This is a short description                                 │
│tool2    │🚫   │This is a very long description that exceeds the maximum ...│
│tool3    │✅   │Another tool with a medium-length description               │
╰─────────┴─────┴────────────────────────────────────────────────────────────╯

📊 Summary: 2 allowed, 1 not allowed out of 3 total tools

Run with --verbose for detailed information
=== RUN   TestDisplayToolsList/verbose_mode_includes_allow_column
ℹ
🛠️  Available Tools (3 total)
╭─────────┬─────┬─────────────────────────────────────────────────────────────────────────────────────────────────────────────────╮
│Tool Name│Allow│Description                                                                                                      │
├─────────┼─────┼─────────────────────────────────────────────────────────────────────────────────────────────────────────────────┤
│tool1    │✅   │This is a short description                                                                                      │
│tool2    │🚫   │This is a very long description that exceeds the maximum length limit and should be truncated in non-verbose mode│
│tool3    │✅   │Another tool with a medium-length description                                                                    │
╰─────────┴─────┴─────────────────────────────────────────────────────────────────────────────────────────────────────────────────╯

📊 Summary: 2 allowed, 1 not allowed out of 3 total tools
=== RUN   TestDisplayToolsList/no_allowed_tools_means_all_allowed
ℹ
🛠️  Available Tools (1 total)
╭─────────┬─────┬──────────────────────────╮
│Tool Name│Allow│Description               │
├─────────┼─────┼──────────────────────────┤
│any_tool │✅   │Any tool should be allowed│
╰─────────┴─────┴──────────────────────────╯

📊 Summary: 1 allowed, 0 not allowed out of 1 total tools
=== RUN   TestDisplayToolsList/workflow_config_with_wildcard
ℹ
🛠️  Available Tools (2 total)
╭─────────┬─────┬───────────╮
│Tool Name│Allow│Description│
├─────────┼─────┼───────────┤
│any_tool1│✅   │First tool │
│any_tool2│✅   │Second tool│
╰─────────┴─────┴───────────╯

📊 Summary: 2 allowed, 0 not allowed out of 2 total tools

Run with --verbose for detailed information
--- PASS: TestDisplayToolsList (0.00s)
    --- PASS: TestDisplayToolsList/empty_tools_list (0.00s)
    --- PASS: TestDisplayToolsList/non_verbose_mode_uses_table_format (0.00s)
    --- PASS: TestDisplayToolsList/verbose_mode_includes_allow_column (0.00s)
    --- PASS: TestDisplayToolsList/no_allowed_tools_means_all_allowed (0.00s)
    --- PASS: TestDisplayToolsList/workflow_config_with_wildcard (0.00s)
=== RUN   TestNewMCPListToolsSubcommand
--- PASS: TestNewMCPListToolsSubcommand (0.00s)
=== RUN   TestMCPListToolsValidArgsFunction
=== RUN   TestMCPListToolsValidArgsFunction/no_completions_when_first_arg_already_provided
=== RUN   TestMCPListToolsValidArgsFunction/completions_offered_for_first_arg
--- PASS: TestMCPListToolsValidArgsFunction (0.00s)
    --- PASS: TestMCPListToolsValidArgsFunction/no_completions_when_first_arg_already_provided (0.00s)
    --- PASS: TestMCPListToolsValidArgsFunction/completions_offered_for_first_arg (0.00s)
=== RUN   TestMCPListToolsRequiresServerFlagWithGuidance
Error: ✗ missing required flag: --server

Suggestions:
  • Specify an MCP server name, for example: gh aw mcp list-tools --server github
  • Optionally provide a workflow: gh aw mcp list-tools <workflow> --server github
  • Use 'gh aw mcp list <workflow>' to see available MCP servers in a workflow

Usage:
  list-tools [workflow] [flags]

Examples:
  gh aw mcp list-tools --server github                    # Search for workflows containing the 'github' MCP server
  gh aw mcp list-tools weekly-research --server github    # List tools for 'github' server in weekly-research.md
  gh aw mcp list-tools issue-triage --server safe-outputs # List tools for 'safe-outputs' server in issue-triage.md
  gh aw mcp list-tools test-workflow --server playwright -v  # Verbose output with tool descriptions


Flags:
  -h, --help            help for list-tools
      --server string   MCP server name to list tools for (required)

--- PASS: TestMCPListToolsRequiresServerFlagWithGuidance (0.00s)
=== RUN   TestBuildLogsFileResponse_WritesFile
--- PASS: TestBuildLogsFileResponse_WritesFile (0.00s)
=== RUN   TestBuildLogsFileResponse_SetsReadablePermissions
--- PASS: TestBuildLogsFileResponse_SetsReadablePermissions (0.00s)
=== RUN   TestBuildLogsFileResponse_ContentDeduplication
--- PASS: TestBuildLogsFileResponse_ContentDeduplication (0.00s)
=== RUN   TestBuildLogsFileResponse_LargeOutput
--- PASS: TestBuildLogsFileResponse_LargeOutput (0.00s)
=== RUN   TestBuildLogsFileResponse_ResponseStructure
--- PASS: TestBuildLogsFileResponse_ResponseStructure (0.00s)
=== RUN   TestMCPRegistryClient_ImprovedErrorHandling
=== RUN   TestMCPRegistryClient_ImprovedErrorHandling/403_Forbidden
=== RUN   TestMCPRegistryClient_ImprovedErrorHandling/401_Unauthorized
=== RUN   TestMCPRegistryClient_ImprovedErrorHandling/404_Not_Found
=== RUN   TestMCPRegistryClient_ImprovedErrorHandling/429_Rate_Limited
=== RUN   TestMCPRegistryClient_ImprovedErrorHandling/500_Server_Error
--- PASS: TestMCPRegistryClient_ImprovedErrorHandling (0.00s)
    --- PASS: TestMCPRegistryClient_ImprovedErrorHandling/403_Forbidden (0.00s)
    --- PASS: TestMCPRegistryClient_ImprovedErrorHandling/401_Unauthorized (0.00s)
    --- PASS: TestMCPRegistryClient_ImprovedErrorHandling/404_Not_Found (0.00s)
    --- PASS: TestMCPRegistryClient_ImprovedErrorHandling/429_Rate_Limited (0.00s)
    --- PASS: TestMCPRegistryClient_ImprovedErrorHandling/500_Server_Error (0.00s)
=== RUN   TestMCPRegistryClient_FlexibleValidation
=== RUN   TestMCPRegistryClient_FlexibleValidation/Production_registry_simulation_with_10_servers_(should_pass)
=== RUN   TestMCPRegistryClient_FlexibleValidation/Production_registry_simulation_with_9_servers_(should_fail)
=== RUN   TestMCPRegistryClient_FlexibleValidation/Custom_registry_with_5_servers_(should_pass)
✓ Fetched 5 servers from registry
--- PASS: TestMCPRegistryClient_FlexibleValidation (0.00s)
    --- PASS: TestMCPRegistryClient_FlexibleValidation/Production_registry_simulation_with_10_servers_(should_pass) (0.00s)
    --- PASS: TestMCPRegistryClient_FlexibleValidation/Production_registry_simulation_with_9_servers_(should_fail) (0.00s)
    --- PASS: TestMCPRegistryClient_FlexibleValidation/Custom_registry_with_5_servers_(should_pass) (0.00s)
=== RUN   TestMCPRegistryClient_SearchServers
✓ Fetched 1 servers from registry
--- PASS: TestMCPRegistryClient_SearchServers (0.00s)
=== RUN   TestNewMCPRegistryClient_DefaultURL
--- PASS: TestNewMCPRegistryClient_DefaultURL (0.00s)
=== RUN   TestNewMCPRegistryClient_CustomURL
--- PASS: TestNewMCPRegistryClient_CustomURL (0.00s)
=== RUN   TestGenerateSchema
=== RUN   TestGenerateSchema/generates_schema_for_simple_struct
=== RUN   TestGenerateSchema/generates_schema_for_struct_with_optional_fields
=== RUN   TestGenerateSchema/generates_schema_for_nested_struct
=== RUN   TestGenerateSchema/generates_schema_for_slice_field
=== RUN   TestGenerateSchema/generates_schema_for_WorkflowStatus
=== RUN   TestGenerateSchema/generates_schema_for_LogsData
=== RUN   TestGenerateSchema/generates_schema_for_AuditData
--- PASS: TestGenerateSchema (0.01s)
    --- PASS: TestGenerateSchema/generates_schema_for_simple_struct (0.00s)
    --- PASS: TestGenerateSchema/generates_schema_for_struct_with_optional_fields (0.00s)
    --- PASS: TestGenerateSchema/generates_schema_for_nested_struct (0.00s)
    --- PASS: TestGenerateSchema/generates_schema_for_slice_field (0.00s)
    --- PASS: TestGenerateSchema/generates_schema_for_WorkflowStatus (0.00s)
    --- PASS: TestGenerateSchema/generates_schema_for_LogsData (0.01s)
    --- PASS: TestGenerateSchema/generates_schema_for_AuditData (0.00s)
=== RUN   TestAddSchemaDefault
=== RUN   TestAddSchemaDefault/adds_default_to_existing_property
=== RUN   TestAddSchemaDefault/returns_an_error_for_non-existent_property
=== RUN   TestAddSchemaDefault/handles_nil_schema_gracefully
--- PASS: TestAddSchemaDefault (0.00s)
    --- PASS: TestAddSchemaDefault/adds_default_to_existing_property (0.00s)
    --- PASS: TestAddSchemaDefault/returns_an_error_for_non-existent_property (0.00s)
    --- PASS: TestAddSchemaDefault/handles_nil_schema_gracefully (0.00s)
=== RUN   TestGenerateSchemaWithDefaults
=== RUN   TestGenerateSchemaWithDefaults/manually_adds_default_values_to_schema
--- PASS: TestGenerateSchemaWithDefaults (0.00s)
    --- PASS: TestGenerateSchemaWithDefaults/manually_adds_default_values_to_schema (0.00s)
=== RUN   TestGeneratedSchemasValidateRealOutput
=== RUN   TestGeneratedSchemasValidateRealOutput/validates_LogsData_schema_against_real_data
=== RUN   TestGeneratedSchemasValidateRealOutput/validates_AuditData_schema_against_real_data
=== RUN   TestGeneratedSchemasValidateRealOutput/validates_WorkflowStatus_schema_against_real_data
--- PASS: TestGeneratedSchemasValidateRealOutput (0.02s)
    --- PASS: TestGeneratedSchemasValidateRealOutput/validates_LogsData_schema_against_real_data (0.01s)
    --- PASS: TestGeneratedSchemasValidateRealOutput/validates_AuditData_schema_against_real_data (0.01s)
    --- PASS: TestGeneratedSchemasValidateRealOutput/validates_WorkflowStatus_schema_against_real_data (0.00s)
=== RUN   TestCheckAndSuggestSecrets
=== PAUSE TestCheckAndSuggestSecrets
=== RUN   TestSecretExtraction
=== PAUSE TestSecretExtraction
=== RUN   TestSecretSyntaxParsing
=== PAUSE TestSecretSyntaxParsing
=== RUN   TestCheckAndSuggestSecretsWithInvalidMCPSection
=== PAUSE TestCheckAndSuggestSecretsWithInvalidMCPSection
=== RUN   TestSecretExtractionEdgeCases
=== PAUSE TestSecretExtractionEdgeCases
=== RUN   TestMCPCacheStore_ConcurrentPermissionAccess
--- PASS: TestMCPCacheStore_ConcurrentPermissionAccess (0.00s)
=== RUN   TestMCPCacheStore_ConcurrentRepoAccess
--- PASS: TestMCPCacheStore_ConcurrentRepoAccess (0.00s)
=== RUN   TestMCPCacheStore_PermissionExpiry
--- PASS: TestMCPCacheStore_PermissionExpiry (0.02s)
=== RUN   TestMCPCacheStore_DeletePermissionEntryIfUnchanged_PreservesRefreshedEntry
--- PASS: TestMCPCacheStore_DeletePermissionEntryIfUnchanged_PreservesRefreshedEntry (0.00s)
=== RUN   TestMCPCacheStore_RepoExpiry
--- PASS: TestMCPCacheStore_RepoExpiry (0.02s)
=== RUN   TestNewMCPServerCommand_PortExampleMentionsSSE
--- PASS: TestNewMCPServerCommand_PortExampleMentionsSSE (0.00s)
=== RUN   TestMCPToolElicitationDefaults
=== RUN   TestMCPToolElicitationDefaults/compile_tool_has_strict_default
=== RUN   TestMCPToolElicitationDefaults/logs_tool_has_count,_timeout,_max_tokens_and_artifacts_defaults
=== RUN   TestMCPToolElicitationDefaults/schema_with_defaults_is_valid_JSON_Schema
--- PASS: TestMCPToolElicitationDefaults (0.00s)
    --- PASS: TestMCPToolElicitationDefaults/compile_tool_has_strict_default (0.00s)
    --- PASS: TestMCPToolElicitationDefaults/logs_tool_has_count,_timeout,_max_tokens_and_artifacts_defaults (0.00s)
    --- PASS: TestMCPToolElicitationDefaults/schema_with_defaults_is_valid_JSON_Schema (0.00s)
=== RUN   TestMcpErrorData_Nil
--- PASS: TestMcpErrorData_Nil (0.00s)
=== RUN   TestMcpErrorData_String
--- PASS: TestMcpErrorData_String (0.00s)
=== RUN   TestMcpErrorData_Map
--- PASS: TestMcpErrorData_Map (0.00s)
=== RUN   TestMcpErrorData_UnmarshalableType
--- PASS: TestMcpErrorData_UnmarshalableType (0.00s)
=== RUN   TestBoolPtr_True
--- PASS: TestBoolPtr_True (0.00s)
=== RUN   TestBoolPtr_False
--- PASS: TestBoolPtr_False (0.00s)
=== RUN   TestBoolPtr_Independence
--- PASS: TestBoolPtr_Independence (0.00s)
=== RUN   TestHasWriteAccess
=== RUN   TestHasWriteAccess/admin
=== RUN   TestHasWriteAccess/maintain
=== RUN   TestHasWriteAccess/write
=== RUN   TestHasWriteAccess/triage
=== RUN   TestHasWriteAccess/read
=== RUN   TestHasWriteAccess/#00
=== RUN   TestHasWriteAccess/unknown
--- PASS: TestHasWriteAccess (0.00s)
    --- PASS: TestHasWriteAccess/admin (0.00s)
    --- PASS: TestHasWriteAccess/maintain (0.00s)
    --- PASS: TestHasWriteAccess/write (0.00s)
    --- PASS: TestHasWriteAccess/triage (0.00s)
    --- PASS: TestHasWriteAccess/read (0.00s)
    --- PASS: TestHasWriteAccess/#00 (0.00s)
    --- PASS: TestHasWriteAccess/unknown (0.00s)
=== RUN   TestValidateWorkflowName_Empty
--- PASS: TestValidateWorkflowName_Empty (0.00s)
=== RUN   TestCheckActorPermission_AllowsWhenValidationDisabled
--- PASS: TestCheckActorPermission_AllowsWhenValidationDisabled (0.00s)
=== RUN   TestCheckActorPermission_DeniesWhenNoActorAndValidationEnabled
--- PASS: TestCheckActorPermission_DeniesWhenNoActorAndValidationEnabled (0.00s)
=== RUN   TestCheckActorPermission_DeniesWhenNoRepoContext
--- PASS: TestCheckActorPermission_DeniesWhenNoRepoContext (0.00s)
=== RUN   TestSanitizeForLog_NoSpecialChars
--- PASS: TestSanitizeForLog_NoSpecialChars (0.00s)
=== RUN   TestSanitizeForLog_NewlineInjection
--- PASS: TestSanitizeForLog_NewlineInjection (0.00s)
=== RUN   TestSanitizeForLog_CarriageReturn
--- PASS: TestSanitizeForLog_CarriageReturn (0.00s)
=== RUN   TestSanitizeForLog_BothNewlineAndCarriageReturn
--- PASS: TestSanitizeForLog_BothNewlineAndCarriageReturn (0.00s)
=== RUN   TestSanitizeForLog_Empty
--- PASS: TestSanitizeForLog_Empty (0.00s)
=== RUN   TestResponseWriter_DefaultStatusCode
--- PASS: TestResponseWriter_DefaultStatusCode (0.00s)
=== RUN   TestResponseWriter_EmbeddedResponseWriter
--- PASS: TestResponseWriter_EmbeddedResponseWriter (0.00s)
=== RUN   TestLoggingHandler_PassesRequestToHandler
--- PASS: TestLoggingHandler_PassesRequestToHandler (0.00s)
=== RUN   TestLoggingHandler_SanitizesPath
--- PASS: TestLoggingHandler_SanitizesPath (0.00s)
=== RUN   TestMCPServerUnit_ListTools
--- PASS: TestMCPServerUnit_ListTools (0.00s)
=== RUN   TestMCPServerUnit_ServerCapabilities
--- PASS: TestMCPServerUnit_ServerCapabilities (0.00s)
=== RUN   TestMCPServerUnit_StatusTool
--- PASS: TestMCPServerUnit_StatusTool (0.00s)
=== RUN   TestMCPServerUnit_CompileTool
--- PASS: TestMCPServerUnit_CompileTool (0.00s)
=== RUN   TestMCPValidateWorkflowName
=== RUN   TestMCPValidateWorkflowName/empty_workflow_name_is_valid_(all_workflows)
=== RUN   TestMCPValidateWorkflowName/non-existent_workflow_returns_error
=== RUN   TestMCPValidateWorkflowName/error_includes_suggestions
=== RUN   TestMCPValidateWorkflowName/error_includes_fuzzy_matched_suggestions_for_similar_names
--- PASS: TestMCPValidateWorkflowName (0.00s)
    --- PASS: TestMCPValidateWorkflowName/empty_workflow_name_is_valid_(all_workflows) (0.00s)
    --- PASS: TestMCPValidateWorkflowName/non-existent_workflow_returns_error (0.00s)
    --- PASS: TestMCPValidateWorkflowName/error_includes_suggestions (0.00s)
    --- PASS: TestMCPValidateWorkflowName/error_includes_fuzzy_matched_suggestions_for_similar_names (0.00s)
=== RUN   TestMCPSubprocessGuardrailLimitsConcurrentAcquisitions
--- PASS: TestMCPSubprocessGuardrailLimitsConcurrentAcquisitions (0.10s)
=== RUN   TestMCPSubprocessGuardrailAcquireHonorsContextCancellation
--- PASS: TestMCPSubprocessGuardrailAcquireHonorsContextCancellation (0.00s)
=== RUN   TestMCPSubprocessGuardrailAcquireHonorsCanceledContextWithAvailableSlot
--- PASS: TestMCPSubprocessGuardrailAcquireHonorsCanceledContextWithAvailableSlot (0.00s)
=== RUN   TestMCPSubprocessGuardrailAcquireCancelsWhileBlocked
--- PASS: TestMCPSubprocessGuardrailAcquireCancelsWhileBlocked (0.01s)
=== RUN   TestMCPToolOutputSchemas
=== RUN   TestMCPToolOutputSchemas/logs_schema_can_be_generated_(for_future_use)
    mcp_tool_schemas_test.go:48: Logs schema JSON length: 19952 bytes (ready for future use)
=== RUN   TestMCPToolOutputSchemas/audit_schema_can_be_generated_(for_future_use)
    mcp_tool_schemas_test.go:86: Audit schema JSON length: 22770 bytes (ready for future use)
=== RUN   TestMCPToolOutputSchemas/status_tool_array_schema_can_be_generated
    mcp_tool_schemas_test.go:109: Note: Status tool cannot use this schema in MCP because output schemas must be objects
--- PASS: TestMCPToolOutputSchemas (0.02s)
    --- PASS: TestMCPToolOutputSchemas/logs_schema_can_be_generated_(for_future_use) (0.01s)
    --- PASS: TestMCPToolOutputSchemas/audit_schema_can_be_generated_(for_future_use) (0.01s)
    --- PASS: TestMCPToolOutputSchemas/status_tool_array_schema_can_be_generated (0.00s)
=== RUN   TestRenderMCPToolTable
=== RUN   TestRenderMCPToolTable/empty_tools_list_returns_empty_string
=== RUN   TestRenderMCPToolTable/renders_table_with_default_options
=== RUN   TestRenderMCPToolTable/truncates_descriptions_when_requested
=== RUN   TestRenderMCPToolTable/no_truncation_when_length_is_zero
=== RUN   TestRenderMCPToolTable/hides_summary_when_disabled
=== RUN   TestRenderMCPToolTable/shows_verbose_hint_when_enabled
=== RUN   TestRenderMCPToolTable/custom_summary_format
=== RUN   TestRenderMCPToolTable/no_allowed_tools_means_all_allowed
=== RUN   TestRenderMCPToolTable/wildcard_allows_all_tools
--- PASS: TestRenderMCPToolTable (0.00s)
    --- PASS: TestRenderMCPToolTable/empty_tools_list_returns_empty_string (0.00s)
    --- PASS: TestRenderMCPToolTable/renders_table_with_default_options (0.00s)
    --- PASS: TestRenderMCPToolTable/truncates_descriptions_when_requested (0.00s)
    --- PASS: TestRenderMCPToolTable/no_truncation_when_length_is_zero (0.00s)
    --- PASS: TestRenderMCPToolTable/hides_summary_when_disabled (0.00s)
    --- PASS: TestRenderMCPToolTable/shows_verbose_hint_when_enabled (0.00s)
    --- PASS: TestRenderMCPToolTable/custom_summary_format (0.00s)
    --- PASS: TestRenderMCPToolTable/no_allowed_tools_means_all_allowed (0.00s)
    --- PASS: TestRenderMCPToolTable/wildcard_allows_all_tools (0.00s)
=== RUN   TestIsRepositoryOnlyWorkflowSpec
=== RUN   TestIsRepositoryOnlyWorkflowSpec/repo_only
=== RUN   TestIsRepositoryOnlyWorkflowSpec/repo_only_with_version
=== RUN   TestIsRepositoryOnlyWorkflowSpec/repo_with_workflow_path
=== RUN   TestIsRepositoryOnlyWorkflowSpec/repo_with_workflow_path_and_version
=== RUN   TestIsRepositoryOnlyWorkflowSpec/github_url
=== RUN   TestIsRepositoryOnlyWorkflowSpec/local_path
--- PASS: TestIsRepositoryOnlyWorkflowSpec (0.00s)
    --- PASS: TestIsRepositoryOnlyWorkflowSpec/repo_only (0.00s)
    --- PASS: TestIsRepositoryOnlyWorkflowSpec/repo_only_with_version (0.00s)
    --- PASS: TestIsRepositoryOnlyWorkflowSpec/repo_with_workflow_path (0.00s)
    --- PASS: TestIsRepositoryOnlyWorkflowSpec/repo_with_workflow_path_and_version (0.00s)
    --- PASS: TestIsRepositoryOnlyWorkflowSpec/github_url (0.00s)
    --- PASS: TestIsRepositoryOnlyWorkflowSpec/local_path (0.00s)
=== RUN   TestCompileTool_UsesOnlyStdoutOnSuccess
--- PASS: TestCompileTool_UsesOnlyStdoutOnSuccess (0.00s)
=== RUN   TestCompileTool_AcceptsDeprecatedMaxTokensParameter
--- PASS: TestCompileTool_AcceptsDeprecatedMaxTokensParameter (0.00s)
=== RUN   TestExtractLastConsoleMessage
=== RUN   TestExtractLastConsoleMessage/filters_debug_logs_and_returns_error_message
=== RUN   TestExtractLastConsoleMessage/empty_stderr_returns_empty_string
=== RUN   TestExtractLastConsoleMessage/only_whitespace_returns_empty_string
=== RUN   TestExtractLastConsoleMessage/only_debug_logs_falls_back_to_last_non-empty_line
=== RUN   TestExtractLastConsoleMessage/console_error_message_with_no_debug_logs
=== RUN   TestExtractLastConsoleMessage/console_success_message
=== RUN   TestExtractLastConsoleMessage/console_info_message
=== RUN   TestExtractLastConsoleMessage/console_warning_message
=== RUN   TestExtractLastConsoleMessage/multiple_console_messages_returns_last_one
=== RUN   TestExtractLastConsoleMessage/debug_logs_after_console_message_are_skipped_(last_console_returned)
=== RUN   TestExtractLastConsoleMessage/authentication_error_from_logs_command_(GitHub_Actions_context)
=== RUN   TestExtractLastConsoleMessage/cobra_error_format_without_console_symbols
--- PASS: TestExtractLastConsoleMessage (0.00s)
    --- PASS: TestExtractLastConsoleMessage/filters_debug_logs_and_returns_error_message (0.00s)
    --- PASS: TestExtractLastConsoleMessage/empty_stderr_returns_empty_string (0.00s)
    --- PASS: TestExtractLastConsoleMessage/only_whitespace_returns_empty_string (0.00s)
    --- PASS: TestExtractLastConsoleMessage/only_debug_logs_falls_back_to_last_non-empty_line (0.00s)
    --- PASS: TestExtractLastConsoleMessage/console_error_message_with_no_debug_logs (0.00s)
    --- PASS: TestExtractLastConsoleMessage/console_success_message (0.00s)
    --- PASS: TestExtractLastConsoleMessage/console_info_message (0.00s)
    --- PASS: TestExtractLastConsoleMessage/console_warning_message (0.00s)
    --- PASS: TestExtractLastConsoleMessage/multiple_console_messages_returns_last_one (0.00s)
    --- PASS: TestExtractLastConsoleMessage/debug_logs_after_console_message_are_skipped_(last_console_returned) (0.00s)
    --- PASS: TestExtractLastConsoleMessage/authentication_error_from_logs_command_(GitHub_Actions_context) (0.00s)
    --- PASS: TestExtractLastConsoleMessage/cobra_error_format_without_console_symbols (0.00s)
=== RUN   TestLogsToolPassesGithubRepositoryAsRepoFlag
=== RUN   TestLogsToolPassesGithubRepositoryAsRepoFlag/passes_--repo_when_GITHUB_REPOSITORY_is_set
=== RUN   TestLogsToolPassesGithubRepositoryAsRepoFlag/omits_--repo_when_GITHUB_REPOSITORY_is_empty
--- PASS: TestLogsToolPassesGithubRepositoryAsRepoFlag (0.00s)
    --- PASS: TestLogsToolPassesGithubRepositoryAsRepoFlag/passes_--repo_when_GITHUB_REPOSITORY_is_set (0.00s)
    --- PASS: TestLogsToolPassesGithubRepositoryAsRepoFlag/omits_--repo_when_GITHUB_REPOSITORY_is_empty (0.00s)
=== RUN   TestLogsToolPassesArtifactsArgument
--- PASS: TestLogsToolPassesArtifactsArgument (0.00s)
=== RUN   TestAuditToolPassesGithubRepositoryAsRepoFlag
=== RUN   TestAuditToolPassesGithubRepositoryAsRepoFlag/passes_--repo_when_GITHUB_REPOSITORY_is_set
=== RUN   TestAuditToolPassesGithubRepositoryAsRepoFlag/omits_--repo_when_GITHUB_REPOSITORY_is_empty
--- PASS: TestAuditToolPassesGithubRepositoryAsRepoFlag (0.00s)
    --- PASS: TestAuditToolPassesGithubRepositoryAsRepoFlag/passes_--repo_when_GITHUB_REPOSITORY_is_set (0.00s)
    --- PASS: TestAuditToolPassesGithubRepositoryAsRepoFlag/omits_--repo_when_GITHUB_REPOSITORY_is_empty (0.00s)
=== RUN   TestAuditToolErrorEnvelopeSetsIsErrorFalse
--- PASS: TestAuditToolErrorEnvelopeSetsIsErrorFalse (0.03s)
=== RUN   TestAuditToolErrorEnvelopeHelperProcess
--- PASS: TestAuditToolErrorEnvelopeHelperProcess (0.00s)
=== RUN   TestAuditTool_AcceptsDeprecatedMaxTokensParameter
--- PASS: TestAuditTool_AcceptsDeprecatedMaxTokensParameter (0.00s)
=== RUN   TestAuditTool_AcceptsRunIDAlias
=== RUN   TestAuditTool_AcceptsRunIDAlias/string_run_id
=== RUN   TestAuditTool_AcceptsRunIDAlias/numeric_run_id
=== RUN   TestAuditTool_AcceptsRunIDAlias/run_url
--- PASS: TestAuditTool_AcceptsRunIDAlias (0.01s)
    --- PASS: TestAuditTool_AcceptsRunIDAlias/string_run_id (0.00s)
    --- PASS: TestAuditTool_AcceptsRunIDAlias/numeric_run_id (0.00s)
    --- PASS: TestAuditTool_AcceptsRunIDAlias/run_url (0.00s)
=== RUN   TestAuditTool_AcceptsNumericRunIDOrURLField
--- PASS: TestAuditTool_AcceptsNumericRunIDOrURLField (0.00s)
=== RUN   TestAuditTool_MultiRunDiffMode
--- PASS: TestAuditTool_MultiRunDiffMode (0.00s)
=== RUN   TestAuditTool_FailsWhenNoRunIDProvided
--- PASS: TestAuditTool_FailsWhenNoRunIDProvided (0.00s)
=== RUN   TestAuditTool_ExperimentVariantFlags
--- PASS: TestAuditTool_ExperimentVariantFlags (0.00s)
=== RUN   TestAuditTool_ExperimentFlagWithoutVariant
--- PASS: TestAuditTool_ExperimentFlagWithoutVariant (0.00s)
=== RUN   TestAuditDiffToolErrorEnvelopeSetsIsErrorFalse
--- PASS: TestAuditDiffToolErrorEnvelopeSetsIsErrorFalse (0.03s)
=== RUN   TestAuditDiffToolErrorEnvelopeHelperProcess
--- PASS: TestAuditDiffToolErrorEnvelopeHelperProcess (0.00s)
=== RUN   TestLogsToolEmitsProgressNotifications
--- PASS: TestLogsToolEmitsProgressNotifications (0.00s)
=== RUN   TestLogsToolNoProgressWithoutToken
--- PASS: TestLogsToolNoProgressWithoutToken (0.00s)
=== RUN   TestAuditToolEmitsProgressNotifications
--- PASS: TestAuditToolEmitsProgressNotifications (0.00s)
=== RUN   TestAuditDiffToolEmitsProgressNotifications
--- PASS: TestAuditDiffToolEmitsProgressNotifications (0.00s)
=== RUN   TestAuditToolNoProgressWithoutToken
--- PASS: TestAuditToolNoProgressWithoutToken (0.00s)
=== RUN   TestAuditDiffToolNoProgressWithoutToken
--- PASS: TestAuditDiffToolNoProgressWithoutToken (0.00s)
=== RUN   TestInjectDockerUnavailableWarning_AddsWarningToValidResults
--- PASS: TestInjectDockerUnavailableWarning_AddsWarningToValidResults (0.00s)
=== RUN   TestInjectDockerUnavailableWarning_PreservesInvalidResults
--- PASS: TestInjectDockerUnavailableWarning_PreservesInvalidResults (0.00s)
=== RUN   TestInjectDockerUnavailableWarning_InvalidJSONReturnedUnchanged
--- PASS: TestInjectDockerUnavailableWarning_InvalidJSONReturnedUnchanged (0.00s)
=== RUN   TestGetBinaryPath
=== RUN   TestGetBinaryPath/returns_non-empty_path
=== RUN   TestGetBinaryPath/returns_absolute_path
=== RUN   TestGetBinaryPath/returned_path_exists
=== RUN   TestGetBinaryPath/path_ends_with_executable_name
=== RUN   TestGetBinaryPath/resolves_symlinks
--- PASS: TestGetBinaryPath (0.00s)
    --- PASS: TestGetBinaryPath/returns_non-empty_path (0.00s)
    --- PASS: TestGetBinaryPath/returns_absolute_path (0.00s)
    --- PASS: TestGetBinaryPath/returned_path_exists (0.00s)
    --- PASS: TestGetBinaryPath/path_ends_with_executable_name (0.00s)
    --- PASS: TestGetBinaryPath/resolves_symlinks (0.00s)
=== RUN   TestWithNonInteractiveCIEnv
=== RUN   TestWithNonInteractiveCIEnv/returns_copied_env_with_CI_forced_on
=== RUN   TestWithNonInteractiveCIEnv/adds_CI_when_missing
--- PASS: TestWithNonInteractiveCIEnv (0.00s)
    --- PASS: TestWithNonInteractiveCIEnv/returns_copied_env_with_CI_forced_on (0.00s)
    --- PASS: TestWithNonInteractiveCIEnv/adds_CI_when_missing (0.00s)
=== RUN   TestLoadWorkflowMCPConfigs
=== RUN   TestLoadWorkflowMCPConfigs/load_workflow_with_no_filter
=== RUN   TestLoadWorkflowMCPConfigs/load_workflow_with_server_filter
=== RUN   TestLoadWorkflowMCPConfigs/load_nonexistent_workflow
=== RUN   TestLoadWorkflowMCPConfigs/load_workflow_with_invalid_frontmatter
=== RUN   TestLoadWorkflowMCPConfigs/load_workflow_without_mcp_servers
--- PASS: TestLoadWorkflowMCPConfigs (0.00s)
    --- PASS: TestLoadWorkflowMCPConfigs/load_workflow_with_no_filter (0.00s)
    --- PASS: TestLoadWorkflowMCPConfigs/load_workflow_with_server_filter (0.00s)
    --- PASS: TestLoadWorkflowMCPConfigs/load_nonexistent_workflow (0.00s)
    --- PASS: TestLoadWorkflowMCPConfigs/load_workflow_with_invalid_frontmatter (0.00s)
    --- PASS: TestLoadWorkflowMCPConfigs/load_workflow_without_mcp_servers (0.00s)
=== RUN   TestFindModelPricing
--- PASS: TestFindModelPricing (0.00s)
=== RUN   TestComputeModelInferenceAIC
--- PASS: TestComputeModelInferenceAIC (0.00s)
=== RUN   TestNormalizeCatalogProvider
=== RUN   TestNormalizeCatalogProvider/github
=== RUN   TestNormalizeCatalogProvider/copilot
=== RUN   TestNormalizeCatalogProvider/github_models
=== RUN   TestNormalizeCatalogProvider/GITHUB_MODELS
=== RUN   TestNormalizeCatalogProvider/anthropic
=== RUN   TestNormalizeCatalogProvider/openai
=== RUN   TestNormalizeCatalogProvider/<empty>
--- PASS: TestNormalizeCatalogProvider (0.00s)
    --- PASS: TestNormalizeCatalogProvider/github (0.00s)
    --- PASS: TestNormalizeCatalogProvider/copilot (0.00s)
    --- PASS: TestNormalizeCatalogProvider/github_models (0.00s)
    --- PASS: TestNormalizeCatalogProvider/GITHUB_MODELS (0.00s)
    --- PASS: TestNormalizeCatalogProvider/anthropic (0.00s)
    --- PASS: TestNormalizeCatalogProvider/openai (0.00s)
    --- PASS: TestNormalizeCatalogProvider/<empty> (0.00s)
=== RUN   TestComputeModelInferenceAICGitHubModels
--- PASS: TestComputeModelInferenceAICGitHubModels (0.00s)
=== RUN   TestComputeModelInferenceAICCopilotAlias
--- PASS: TestComputeModelInferenceAICCopilotAlias (0.00s)
=== RUN   TestBuildAuditObservabilityInsights
--- PASS: TestBuildAuditObservabilityInsights (0.00s)
=== RUN   TestBuildLogsObservabilityInsights
--- PASS: TestBuildLogsObservabilityInsights (0.00s)
=== RUN   TestBuildAuditObservabilityInsightsSuppressesHighSeverityAtFirewallCap
--- PASS: TestBuildAuditObservabilityInsightsSuppressesHighSeverityAtFirewallCap (0.00s)
=== RUN   TestBuildAuditObservabilityInsightsHighSeverityWhenHighBlockRate
--- PASS: TestBuildAuditObservabilityInsightsHighSeverityWhenHighBlockRate (0.00s)
=== RUN   TestBuildLogsObservabilityInsightsSuppressesHighSeverityAtFirewallCap
--- PASS: TestBuildLogsObservabilityInsightsSuppressesHighSeverityAtFirewallCap (0.00s)
=== RUN   TestBuildAuditDataIncludesObservabilityInsights
--- PASS: TestBuildAuditDataIncludesObservabilityInsights (0.01s)
=== RUN   TestComputeDomainBreakdowns_SortsByValueThenLabel
--- PASS: TestComputeDomainBreakdowns_SortsByValueThenLabel (0.00s)
=== RUN   TestEnrichItemsFromAgentOutput
--- PASS: TestEnrichItemsFromAgentOutput (0.00s)
=== RUN   TestEnrichItemsFromAgentOutputMissingFile
--- PASS: TestEnrichItemsFromAgentOutputMissingFile (0.00s)
=== RUN   TestEnrichItemsFromAgentOutputSkipsItemsWithNumbers
--- PASS: TestEnrichItemsFromAgentOutputSkipsItemsWithNumbers (0.00s)
=== RUN   TestComputeOutcomeSummary
--- PASS: TestComputeOutcomeSummary (0.00s)
=== RUN   TestComputeOutcomeSummaryEmpty
--- PASS: TestComputeOutcomeSummaryEmpty (0.00s)
=== RUN   TestParseNumberFromURL
=== RUN   TestParseNumberFromURL/PR_URL
=== RUN   TestParseNumberFromURL/issue_URL
=== RUN   TestParseNumberFromURL/comment_URL
=== RUN   TestParseNumberFromURL/empty
=== RUN   TestParseNumberFromURL/no_number
--- PASS: TestParseNumberFromURL (0.00s)
    --- PASS: TestParseNumberFromURL/PR_URL (0.00s)
    --- PASS: TestParseNumberFromURL/issue_URL (0.00s)
    --- PASS: TestParseNumberFromURL/comment_URL (0.00s)
    --- PASS: TestParseNumberFromURL/empty (0.00s)
    --- PASS: TestParseNumberFromURL/no_number (0.00s)
=== RUN   TestParseRepoFromURL
=== RUN   TestParseRepoFromURL/full_URL
=== RUN   TestParseRepoFromURL/issues_URL
=== RUN   TestParseRepoFromURL/no_github
=== RUN   TestParseRepoFromURL/empty
--- PASS: TestParseRepoFromURL (0.00s)
    --- PASS: TestParseRepoFromURL/full_URL (0.00s)
    --- PASS: TestParseRepoFromURL/issues_URL (0.00s)
    --- PASS: TestParseRepoFromURL/no_github (0.00s)
    --- PASS: TestParseRepoFromURL/empty (0.00s)
=== RUN   TestNormalizeRepoForAPI
=== RUN   TestNormalizeRepoForAPI/plain_owner/repo
=== RUN   TestNormalizeRepoForAPI/GHES_HOST/owner/repo
=== RUN   TestNormalizeRepoForAPI/github.com/owner/repo_treated_as_host_prefix
--- PASS: TestNormalizeRepoForAPI (0.00s)
    --- PASS: TestNormalizeRepoForAPI/plain_owner/repo (0.00s)
    --- PASS: TestNormalizeRepoForAPI/GHES_HOST/owner/repo (0.00s)
    --- PASS: TestNormalizeRepoForAPI/github.com/owner/repo_treated_as_host_prefix (0.00s)
=== RUN   TestIsBotUser
--- PASS: TestIsBotUser (0.00s)
=== RUN   TestExtractCommentID
=== RUN   TestExtractCommentID/issuecomment
=== RUN   TestExtractCommentID/comments_path
=== RUN   TestExtractCommentID/no_comment
=== RUN   TestExtractCommentID/empty
--- PASS: TestExtractCommentID (0.00s)
    --- PASS: TestExtractCommentID/issuecomment (0.00s)
    --- PASS: TestExtractCommentID/comments_path (0.00s)
    --- PASS: TestExtractCommentID/no_comment (0.00s)
    --- PASS: TestExtractCommentID/empty (0.00s)
=== RUN   TestResolveItemRepo
--- PASS: TestResolveItemRepo (0.00s)
=== RUN   TestResolveItemNumber
--- PASS: TestResolveItemNumber (0.00s)
=== RUN   TestMedianFloat
--- PASS: TestMedianFloat (0.00s)
=== RUN   TestTimeBetween
--- PASS: TestTimeBetween (0.00s)
=== RUN   TestEvaluateOutcomesSkipsNoopAndMetadata
--- PASS: TestEvaluateOutcomesSkipsNoopAndMetadata (0.00s)
=== RUN   TestEvaluateOutcomesErrorOnMissingData
--- PASS: TestEvaluateOutcomesErrorOnMissingData (0.00s)
=== RUN   TestEnrichOutcomeWithObjectiveValue_TracesPullRequestToRootIssue
--- PASS: TestEnrichOutcomeWithObjectiveValue_TracesPullRequestToRootIssue (0.00s)
=== RUN   TestEnrichOutcomeWithObjectiveValue_FallsBackToDirectLabels
--- PASS: TestEnrichOutcomeWithObjectiveValue_FallsBackToDirectLabels (0.00s)
=== RUN   TestEnrichOutcomeWithObjectiveValue_MultipleClosingIssuesRemainAmbiguous
--- PASS: TestEnrichOutcomeWithObjectiveValue_MultipleClosingIssuesRemainAmbiguous (0.00s)
=== RUN   TestNormalizeOutcomeEvaluationTargetExistsOnly
--- PASS: TestNormalizeOutcomeEvaluationTargetExistsOnly (0.00s)
=== RUN   TestEvalGenericStickyTargetExistsOnlyFallback
--- PASS: TestEvalGenericStickyTargetExistsOnlyFallback (0.00s)
=== RUN   TestOutcomeSummaryExcludesExistsOnlyFromAccepted
--- PASS: TestOutcomeSummaryExcludesExistsOnlyFromAccepted (0.00s)
=== RUN   TestWriteOutcomeJSONLEmitsNormalizedFields
--- PASS: TestWriteOutcomeJSONLEmitsNormalizedFields (0.00s)
=== RUN   TestEvalAddReviewerAcceptedWithApproval
--- PASS: TestEvalAddReviewerAcceptedWithApproval (0.00s)
=== RUN   TestEvalAddReviewerRejectedWhenRequestRemoved
--- PASS: TestEvalAddReviewerRejectedWhenRequestRemoved (0.00s)
=== RUN   TestEvalSubmitPullRequestReviewDismissed
--- PASS: TestEvalSubmitPullRequestReviewDismissed (0.00s)
=== RUN   TestEvalSubmitPullRequestReviewChangesRequestedMergedAfterPush
--- PASS: TestEvalSubmitPullRequestReviewChangesRequestedMergedAfterPush (0.00s)
=== RUN   TestEvalSubmitPullRequestReviewPendingWhenLatestOnOpenPR
--- PASS: TestEvalSubmitPullRequestReviewPendingWhenLatestOnOpenPR (0.00s)
=== RUN   TestEvalAddReviewerPendingWhenRequestStillOutstanding
--- PASS: TestEvalAddReviewerPendingWhenRequestStillOutstanding (0.00s)
=== RUN   TestEvalAddReviewerUsesLatestReviewerState
--- PASS: TestEvalAddReviewerUsesLatestReviewerState (0.00s)
=== RUN   TestTimestampOnOrAfterMalformedReturnsFalse
--- PASS: TestTimestampOnOrAfterMalformedReturnsFalse (0.00s)
=== RUN   TestTimestampOnOrAfterEmptyCandidateAndThresholdHandling
--- PASS: TestTimestampOnOrAfterEmptyCandidateAndThresholdHandling (0.00s)
=== RUN   TestEvalSubmitPullRequestReviewChangesRequestedMissingCommitDatesStaysUnknown
--- PASS: TestEvalSubmitPullRequestReviewChangesRequestedMissingCommitDatesStaysUnknown (0.00s)
=== RUN   TestEvalSubmitPullRequestReviewApprovedMergedUsesSharedSignal
--- PASS: TestEvalSubmitPullRequestReviewApprovedMergedUsesSharedSignal (0.00s)
=== RUN   TestEvalSubmitPullRequestReviewPendingIgnoresUnsubmittedDrafts
--- PASS: TestEvalSubmitPullRequestReviewPendingIgnoresUnsubmittedDrafts (0.00s)
=== RUN   TestEvalUpdateIssueRetained
--- PASS: TestEvalUpdateIssueRetained (0.00s)
=== RUN   TestEvalUpdateIssueReverted
--- PASS: TestEvalUpdateIssueReverted (0.00s)
=== RUN   TestEvalUpdatePullRequestRetainedAndMerged
--- PASS: TestEvalUpdatePullRequestRetainedAndMerged (0.00s)
=== RUN   TestEvalUpdatePullRequestReplaced
--- PASS: TestEvalUpdatePullRequestReplaced (0.00s)
=== RUN   TestEvalRetainedUpdateMissingExecutionStateUsesEvidenceNone
--- PASS: TestEvalRetainedUpdateMissingExecutionStateUsesEvidenceNone (0.00s)
=== RUN   TestNewOutcomesCommand_DoesNotShadowGlobalVerboseFlag
--- PASS: TestNewOutcomesCommand_DoesNotShadowGlobalVerboseFlag (0.00s)
=== RUN   TestNewOutcomesCommand_AddsHistorySubcommand
--- PASS: TestNewOutcomesCommand_AddsHistorySubcommand (0.00s)
=== RUN   TestBuildHistoricalObjectiveReport
--- PASS: TestBuildHistoricalObjectiveReport (0.00s)
=== RUN   TestRunOutcomesHistory_JSON
--- PASS: TestRunOutcomesHistory_JSON (0.00s)
=== RUN   TestRunOutcomesHistory_PrettyOutput
--- PASS: TestRunOutcomesHistory_PrettyOutput (0.00s)
=== RUN   TestNewOutcomesHistorySubcommand_InheritsGlobalVerboseFlag
--- PASS: TestNewOutcomesHistorySubcommand_InheritsGlobalVerboseFlag (0.00s)
=== RUN   TestCollectPackageIncludesRecursive
=== RUN   TestCollectPackageIncludesRecursive/single_include
=== RUN   TestCollectPackageIncludesRecursive/optional_include_with_missing_file
=== RUN   TestCollectPackageIncludesRecursive/include_with_section_reference
=== RUN   TestCollectPackageIncludesRecursive/nested_includes
=== RUN   TestCollectPackageIncludesRecursive/duplicate_includes_skipped
=== RUN   TestCollectPackageIncludesRecursive/no_includes
=== RUN   TestCollectPackageIncludesRecursive/whitespace_variations
--- PASS: TestCollectPackageIncludesRecursive (0.00s)
    --- PASS: TestCollectPackageIncludesRecursive/single_include (0.00s)
    --- PASS: TestCollectPackageIncludesRecursive/optional_include_with_missing_file (0.00s)
    --- PASS: TestCollectPackageIncludesRecursive/include_with_section_reference (0.00s)
    --- PASS: TestCollectPackageIncludesRecursive/nested_includes (0.00s)
    --- PASS: TestCollectPackageIncludesRecursive/duplicate_includes_skipped (0.00s)
    --- PASS: TestCollectPackageIncludesRecursive/no_includes (0.00s)
    --- PASS: TestCollectPackageIncludesRecursive/whitespace_variations (0.00s)
=== RUN   TestCollectPackageIncludesRecursive_CircularReference
--- PASS: TestCollectPackageIncludesRecursive_CircularReference (0.00s)
=== RUN   TestCopyIncludeDependenciesFromPackageWithForce
=== RUN   TestCopyIncludeDependenciesFromPackageWithForce/copy_single_dependency
=== RUN   TestCopyIncludeDependenciesFromPackageWithForce/skip_existing_file_without_force
ℹ Include file file1.md already exists with different content, skipping (use --force to overwrite)
=== RUN   TestCopyIncludeDependenciesFromPackageWithForce/overwrite_existing_file_with_force
ℹ Overwriting existing include file: file1.md
=== RUN   TestCopyIncludeDependenciesFromPackageWithForce/skip_optional_missing_file
=== RUN   TestCopyIncludeDependenciesFromPackageWithForce/skip_when_content_identical
=== RUN   TestCopyIncludeDependenciesFromPackageWithForce/create_nested_directories
--- PASS: TestCopyIncludeDependenciesFromPackageWithForce (0.00s)
    --- PASS: TestCopyIncludeDependenciesFromPackageWithForce/copy_single_dependency (0.00s)
    --- PASS: TestCopyIncludeDependenciesFromPackageWithForce/skip_existing_file_without_force (0.00s)
    --- PASS: TestCopyIncludeDependenciesFromPackageWithForce/overwrite_existing_file_with_force (0.00s)
    --- PASS: TestCopyIncludeDependenciesFromPackageWithForce/skip_optional_missing_file (0.00s)
    --- PASS: TestCopyIncludeDependenciesFromPackageWithForce/skip_when_content_identical (0.00s)
    --- PASS: TestCopyIncludeDependenciesFromPackageWithForce/create_nested_directories (0.00s)
=== RUN   TestCopyIncludeDependenciesFromPackageWithForce_FileTracker
ℹ Overwriting existing include file: file.md
--- PASS: TestCopyIncludeDependenciesFromPackageWithForce_FileTracker (0.00s)
=== RUN   TestIncludePattern
=== RUN   TestIncludePattern/@include_shared/common.md
=== RUN   TestIncludePattern/@include?_shared/optional.md
=== RUN   TestIncludePattern/@include__shared/file.md__
=== RUN   TestIncludePattern/#_Not_an_include
=== RUN   TestIncludePattern/@include_file.md#section
--- PASS: TestIncludePattern (0.00s)
    --- PASS: TestIncludePattern/@include_shared/common.md (0.00s)
    --- PASS: TestIncludePattern/@include?_shared/optional.md (0.00s)
    --- PASS: TestIncludePattern/@include__shared/file.md__ (0.00s)
    --- PASS: TestIncludePattern/#_Not_an_include (0.00s)
    --- PASS: TestIncludePattern/@include_file.md#section (0.00s)
=== RUN   TestParseAndDisplayPoutineOutput
=== RUN   TestParseAndDisplayPoutineOutput/single_file_with_error_finding
=== RUN   TestParseAndDisplayPoutineOutput/single_file_with_warning_finding
=== RUN   TestParseAndDisplayPoutineOutput/single_file_with_note_finding
=== RUN   TestParseAndDisplayPoutineOutput/multiple_findings_in_same_file
=== RUN   TestParseAndDisplayPoutineOutput/file_with_no_findings
=== RUN   TestParseAndDisplayPoutineOutput/multiple_files_-_filter_to_target_file_only
=== RUN   TestParseAndDisplayPoutineOutput/finding_without_line_number
=== RUN   TestParseAndDisplayPoutineOutput/empty_output
=== RUN   TestParseAndDisplayPoutineOutput/invalid_JSON
--- PASS: TestParseAndDisplayPoutineOutput (0.00s)
    --- PASS: TestParseAndDisplayPoutineOutput/single_file_with_error_finding (0.00s)
    --- PASS: TestParseAndDisplayPoutineOutput/single_file_with_warning_finding (0.00s)
    --- PASS: TestParseAndDisplayPoutineOutput/single_file_with_note_finding (0.00s)
    --- PASS: TestParseAndDisplayPoutineOutput/multiple_findings_in_same_file (0.00s)
    --- PASS: TestParseAndDisplayPoutineOutput/file_with_no_findings (0.00s)
    --- PASS: TestParseAndDisplayPoutineOutput/multiple_files_-_filter_to_target_file_only (0.00s)
    --- PASS: TestParseAndDisplayPoutineOutput/finding_without_line_number (0.00s)
    --- PASS: TestParseAndDisplayPoutineOutput/empty_output (0.00s)
    --- PASS: TestParseAndDisplayPoutineOutput/invalid_JSON (0.00s)
=== RUN   TestEnsurePoutineConfig
=== RUN   TestEnsurePoutineConfig/creates_config_file_when_it_doesn't_exist
=== RUN   TestEnsurePoutineConfig/does_not_overwrite_existing_config_file
--- PASS: TestEnsurePoutineConfig (0.00s)
    --- PASS: TestEnsurePoutineConfig/creates_config_file_when_it_doesn't_exist (0.00s)
    --- PASS: TestEnsurePoutineConfig/does_not_overwrite_existing_config_file (0.00s)
=== RUN   TestWaitForWorkflowCompletionUsesSignalHandling
--- PASS: TestWaitForWorkflowCompletionUsesSignalHandling (0.00s)
=== RUN   TestWaitForWorkflowCompletion_ContextCancellation
    pr_automerge_test.go:48: Expected interruption error (ErrInterrupted or context.Canceled) from WaitForWorkflowCompletion, got: failed to check workflow status: exec: "gh": executable file not found in $PATH
--- FAIL: TestWaitForWorkflowCompletion_ContextCancellation (0.00s)
=== RUN   TestParsePRURL
=== RUN   TestParsePRURL/valid_GitHub_PR_URL
=== RUN   TestParsePRURL/valid_GitHub_PR_URL_with_hyphenated_repo_name
=== RUN   TestParsePRURL/valid_GitHub_PR_URL_with_underscores
=== RUN   TestParsePRURL/invalid_URL_format
=== RUN   TestParsePRURL/non-GitHub_URL_with_valid_path_structure
=== RUN   TestParsePRURL/invalid_GitHub_URL_path_-_missing_pull
=== RUN   TestParsePRURL/invalid_GitHub_URL_path_-_wrong_format
=== RUN   TestParsePRURL/invalid_PR_number
=== RUN   TestParsePRURL/missing_owner
=== RUN   TestParsePRURL/missing_repo
--- PASS: TestParsePRURL (0.00s)
    --- PASS: TestParsePRURL/valid_GitHub_PR_URL (0.00s)
    --- PASS: TestParsePRURL/valid_GitHub_PR_URL_with_hyphenated_repo_name (0.00s)
    --- PASS: TestParsePRURL/valid_GitHub_PR_URL_with_underscores (0.00s)
    --- PASS: TestParsePRURL/invalid_URL_format (0.00s)
    --- PASS: TestParsePRURL/non-GitHub_URL_with_valid_path_structure (0.00s)
    --- PASS: TestParsePRURL/invalid_GitHub_URL_path_-_missing_pull (0.00s)
    --- PASS: TestParsePRURL/invalid_GitHub_URL_path_-_wrong_format (0.00s)
    --- PASS: TestParsePRURL/invalid_PR_number (0.00s)
    --- PASS: TestParsePRURL/missing_owner (0.00s)
    --- PASS: TestParsePRURL/missing_repo (0.00s)
=== RUN   TestPRInfo
--- PASS: TestPRInfo (0.00s)
=== RUN   TestNewPRCommand
--- PASS: TestNewPRCommand (0.00s)
=== RUN   TestNewPRTransferSubcommand
--- PASS: TestNewPRTransferSubcommand (0.00s)
=== RUN   TestPRSousChefWorkflowAddCommentTargetContract
--- PASS: TestPRSousChefWorkflowAddCommentTargetContract (0.00s)
=== RUN   TestNewProjectCommand
--- PASS: TestNewProjectCommand (0.00s)
=== RUN   TestNewProjectNewCommand
--- PASS: TestNewProjectNewCommand (0.00s)
=== RUN   TestEscapeGraphQLString
=== RUN   TestEscapeGraphQLString/plain_text
=== RUN   TestEscapeGraphQLString/with_quotes
=== RUN   TestEscapeGraphQLString/with_backslash
=== RUN   TestEscapeGraphQLString/with_newline
=== RUN   TestEscapeGraphQLString/with_tab
=== RUN   TestEscapeGraphQLString/complex_string
--- PASS: TestEscapeGraphQLString (0.00s)
    --- PASS: TestEscapeGraphQLString/plain_text (0.00s)
    --- PASS: TestEscapeGraphQLString/with_quotes (0.00s)
    --- PASS: TestEscapeGraphQLString/with_backslash (0.00s)
    --- PASS: TestEscapeGraphQLString/with_newline (0.00s)
    --- PASS: TestEscapeGraphQLString/with_tab (0.00s)
    --- PASS: TestEscapeGraphQLString/complex_string (0.00s)
=== RUN   TestProjectConfig
=== RUN   TestProjectConfig/user_project
=== RUN   TestProjectConfig/org_project
=== RUN   TestProjectConfig/project_with_repo
--- PASS: TestProjectConfig (0.00s)
    --- PASS: TestProjectConfig/user_project (0.00s)
    --- PASS: TestProjectConfig/org_project (0.00s)
    --- PASS: TestProjectConfig/project_with_repo (0.00s)
=== RUN   TestProjectNewCommandArgs
=== RUN   TestProjectNewCommandArgs/no_arguments
=== RUN   TestProjectNewCommandArgs/one_argument
=== RUN   TestProjectNewCommandArgs/too_many_arguments
--- PASS: TestProjectNewCommandArgs (0.00s)
    --- PASS: TestProjectNewCommandArgs/no_arguments (0.00s)
    --- PASS: TestProjectNewCommandArgs/one_argument (0.00s)
    --- PASS: TestProjectNewCommandArgs/too_many_arguments (0.00s)
=== RUN   TestProjectNewCommandFlags
--- PASS: TestProjectNewCommandFlags (0.00s)
=== RUN   TestParseProjectURL
=== RUN   TestParseProjectURL/org_project
=== RUN   TestParseProjectURL/user_project
=== RUN   TestParseProjectURL/invalid_URL
=== RUN   TestParseProjectURL/empty_URL
--- PASS: TestParseProjectURL (0.00s)
    --- PASS: TestParseProjectURL/org_project (0.00s)
    --- PASS: TestParseProjectURL/user_project (0.00s)
    --- PASS: TestParseProjectURL/invalid_URL (0.00s)
    --- PASS: TestParseProjectURL/empty_URL (0.00s)
=== RUN   TestEnsureSingleSelectOptionBefore
=== RUN   TestEnsureSingleSelectOptionBefore/add_new_option_before_Done
=== RUN   TestEnsureSingleSelectOptionBefore/option_already_exists_in_correct_position
=== RUN   TestEnsureSingleSelectOptionBefore/option_exists_but_in_wrong_position
=== RUN   TestEnsureSingleSelectOptionBefore/beforeName_option_does_not_exist_-_appends_to_end
--- PASS: TestEnsureSingleSelectOptionBefore (0.00s)
    --- PASS: TestEnsureSingleSelectOptionBefore/add_new_option_before_Done (0.00s)
    --- PASS: TestEnsureSingleSelectOptionBefore/option_already_exists_in_correct_position (0.00s)
    --- PASS: TestEnsureSingleSelectOptionBefore/option_exists_but_in_wrong_position (0.00s)
    --- PASS: TestEnsureSingleSelectOptionBefore/beforeName_option_does_not_exist_-_appends_to_end (0.00s)
=== RUN   TestSingleSelectOptionsEqual
=== RUN   TestSingleSelectOptionsEqual/equal_options
=== RUN   TestSingleSelectOptionsEqual/different_lengths
=== RUN   TestSingleSelectOptionsEqual/different_order
=== RUN   TestSingleSelectOptionsEqual/both_empty
--- PASS: TestSingleSelectOptionsEqual (0.00s)
    --- PASS: TestSingleSelectOptionsEqual/equal_options (0.00s)
    --- PASS: TestSingleSelectOptionsEqual/different_lengths (0.00s)
    --- PASS: TestSingleSelectOptionsEqual/different_order (0.00s)
    --- PASS: TestSingleSelectOptionsEqual/both_empty (0.00s)
=== RUN   TestProjectConfigWithProjectSetup
=== RUN   TestProjectConfigWithProjectSetup/with_project_setup
=== RUN   TestProjectConfigWithProjectSetup/without_project_setup
--- PASS: TestProjectConfigWithProjectSetup (0.00s)
    --- PASS: TestProjectConfigWithProjectSetup/with_project_setup (0.00s)
    --- PASS: TestProjectConfigWithProjectSetup/without_project_setup (0.00s)
=== RUN   TestConfigureProjectTimezone_UsesRepoConfigOverEnv
--- PASS: TestConfigureProjectTimezone_UsesRepoConfigOverEnv (0.00s)
=== RUN   TestConfigureProjectTimezone_UsesEnvFallback
--- PASS: TestConfigureProjectTimezone_UsesEnvFallback (0.00s)
=== RUN   TestConfigureProjectTimezone_InvalidTimezoneResetsOverride
--- PASS: TestConfigureProjectTimezone_InvalidTimezoneResetsOverride (0.00s)
=== RUN   TestParseRedactedDomainsLog
=== RUN   TestParseRedactedDomainsLog/empty_file
=== RUN   TestParseRedactedDomainsLog/single_domain
=== RUN   TestParseRedactedDomainsLog/multiple_domains
=== RUN   TestParseRedactedDomainsLog/duplicate_domains_are_deduplicated
=== RUN   TestParseRedactedDomainsLog/domains_are_sorted
=== RUN   TestParseRedactedDomainsLog/blank_lines_are_ignored
=== RUN   TestParseRedactedDomainsLog/comment_lines_are_ignored
=== RUN   TestParseRedactedDomainsLog/whitespace_is_trimmed
--- PASS: TestParseRedactedDomainsLog (0.00s)
    --- PASS: TestParseRedactedDomainsLog/empty_file (0.00s)
    --- PASS: TestParseRedactedDomainsLog/single_domain (0.00s)
    --- PASS: TestParseRedactedDomainsLog/multiple_domains (0.00s)
    --- PASS: TestParseRedactedDomainsLog/duplicate_domains_are_deduplicated (0.00s)
    --- PASS: TestParseRedactedDomainsLog/domains_are_sorted (0.00s)
    --- PASS: TestParseRedactedDomainsLog/blank_lines_are_ignored (0.00s)
    --- PASS: TestParseRedactedDomainsLog/comment_lines_are_ignored (0.00s)
    --- PASS: TestParseRedactedDomainsLog/whitespace_is_trimmed (0.00s)
=== RUN   TestParseRedactedDomainsLog_FileNotFound
--- PASS: TestParseRedactedDomainsLog_FileNotFound (0.00s)
=== RUN   TestAnalyzeRedactedDomains_DirectPath
--- PASS: TestAnalyzeRedactedDomains_DirectPath (0.00s)
=== RUN   TestAnalyzeRedactedDomains_AgentOutputsPath
--- PASS: TestAnalyzeRedactedDomains_AgentOutputsPath (0.00s)
=== RUN   TestAnalyzeRedactedDomains_FullArtifactPath
--- PASS: TestAnalyzeRedactedDomains_FullArtifactPath (0.00s)
=== RUN   TestAnalyzeRedactedDomains_NoLogFile
--- PASS: TestAnalyzeRedactedDomains_NoLogFile (0.00s)
=== RUN   TestAnalyzeRedactedDomains_RecursiveSearch
--- PASS: TestAnalyzeRedactedDomains_RecursiveSearch (0.00s)
=== RUN   TestRedactedDomainsAnalysis_ConsoleRendering
--- PASS: TestRedactedDomainsAnalysis_ConsoleRendering (0.00s)
=== RUN   TestRedactedDomainsLogSummary_ConsoleRendering
--- PASS: TestRedactedDomainsLogSummary_ConsoleRendering (0.00s)
=== RUN   TestRedactedDomainsAnalysis_EmptyDomains
--- PASS: TestRedactedDomainsAnalysis_EmptyDomains (0.00s)
=== RUN   TestFetchLocalWorkflow
=== RUN   TestFetchLocalWorkflow/valid_workflow_file
=== RUN   TestFetchLocalWorkflow/empty_file
=== RUN   TestFetchLocalWorkflow/minimal_content
--- PASS: TestFetchLocalWorkflow (0.00s)
    --- PASS: TestFetchLocalWorkflow/valid_workflow_file (0.00s)
    --- PASS: TestFetchLocalWorkflow/empty_file (0.00s)
    --- PASS: TestFetchLocalWorkflow/minimal_content (0.00s)
=== RUN   TestFetchLocalWorkflow_NonExistentFile
--- PASS: TestFetchLocalWorkflow_NonExistentFile (0.00s)
=== RUN   TestFetchLocalWorkflow_DirectoryInsteadOfFile
--- PASS: TestFetchLocalWorkflow_DirectoryInsteadOfFile (0.00s)
=== RUN   TestResolveCommitSHAWithRetries_TransientFailureThenSuccess
--- PASS: TestResolveCommitSHAWithRetries_TransientFailureThenSuccess (0.00s)
=== RUN   TestResolveCommitSHAWithRetries_PermanentFailureDoesNotRetry
--- PASS: TestResolveCommitSHAWithRetries_PermanentFailureDoesNotRetry (0.00s)
=== RUN   TestResolveCommitSHAWithRetries_TransientFailureExhaustsRetries
--- PASS: TestResolveCommitSHAWithRetries_TransientFailureExhaustsRetries (0.00s)
=== RUN   TestResolveCommitSHAWithRetries_ContextCanceledDuringBackoff
--- PASS: TestResolveCommitSHAWithRetries_ContextCanceledDuringBackoff (0.00s)
=== RUN   TestFetchIncludeFromSource_WorkflowSpecParsing
=== RUN   TestFetchIncludeFromSource_WorkflowSpecParsing/two_parts_falls_through_to_cannot_resolve
=== RUN   TestFetchIncludeFromSource_WorkflowSpecParsing/malformed_workflowspec_with_empty_repo_rejects_path_with_section
=== RUN   TestFetchIncludeFromSource_WorkflowSpecParsing/malformed_workflowspec_with_empty_repo_rejects_path_without_section
=== RUN   TestFetchIncludeFromSource_WorkflowSpecParsing/relative_path_without_base_spec
=== RUN   TestFetchIncludeFromSource_WorkflowSpecParsing/relative_path_with_section_but_no_base_spec
--- PASS: TestFetchIncludeFromSource_WorkflowSpecParsing (0.00s)
    --- PASS: TestFetchIncludeFromSource_WorkflowSpecParsing/two_parts_falls_through_to_cannot_resolve (0.00s)
    --- PASS: TestFetchIncludeFromSource_WorkflowSpecParsing/malformed_workflowspec_with_empty_repo_rejects_path_with_section (0.00s)
    --- PASS: TestFetchIncludeFromSource_WorkflowSpecParsing/malformed_workflowspec_with_empty_repo_rejects_path_without_section (0.00s)
    --- PASS: TestFetchIncludeFromSource_WorkflowSpecParsing/relative_path_without_base_spec (0.00s)
    --- PASS: TestFetchIncludeFromSource_WorkflowSpecParsing/relative_path_with_section_but_no_base_spec (0.00s)
=== RUN   TestFetchIncludeFromSource_SectionExtraction
=== RUN   TestFetchIncludeFromSource_SectionExtraction/hash_section
=== RUN   TestFetchIncludeFromSource_SectionExtraction/complex_section_with_hyphens
=== RUN   TestFetchIncludeFromSource_SectionExtraction/no_section
=== RUN   TestFetchIncludeFromSource_SectionExtraction/section_at_end_of_path_with_ref
=== RUN   TestFetchIncludeFromSource_SectionExtraction/section_after_everything
--- PASS: TestFetchIncludeFromSource_SectionExtraction (0.00s)
    --- PASS: TestFetchIncludeFromSource_SectionExtraction/hash_section (0.00s)
    --- PASS: TestFetchIncludeFromSource_SectionExtraction/complex_section_with_hyphens (0.00s)
    --- PASS: TestFetchIncludeFromSource_SectionExtraction/no_section (0.00s)
    --- PASS: TestFetchIncludeFromSource_SectionExtraction/section_at_end_of_path_with_ref (0.00s)
    --- PASS: TestFetchIncludeFromSource_SectionExtraction/section_after_everything (0.00s)
=== RUN   TestGetParentDir
=== RUN   TestGetParentDir/simple_path
=== RUN   TestGetParentDir/deep_path
=== RUN   TestGetParentDir/no_directory
=== RUN   TestGetParentDir/trailing_slash
=== RUN   TestGetParentDir/empty_string
--- PASS: TestGetParentDir (0.00s)
    --- PASS: TestGetParentDir/simple_path (0.00s)
    --- PASS: TestGetParentDir/deep_path (0.00s)
    --- PASS: TestGetParentDir/no_directory (0.00s)
    --- PASS: TestGetParentDir/trailing_slash (0.00s)
    --- PASS: TestGetParentDir/empty_string (0.00s)
=== RUN   TestFetchAndSaveRemoteFrontmatterImports_NoImports
--- PASS: TestFetchAndSaveRemoteFrontmatterImports_NoImports (0.00s)
=== RUN   TestFetchAndSaveRemoteFrontmatterImports_EmptyRepoSlug
--- PASS: TestFetchAndSaveRemoteFrontmatterImports_EmptyRepoSlug (0.00s)
=== RUN   TestFetchAndSaveRemoteFrontmatterImports_WorkflowSpecSkipped
--- PASS: TestFetchAndSaveRemoteFrontmatterImports_WorkflowSpecSkipped (0.00s)
=== RUN   TestFetchAndSaveRemoteFrontmatterImports_UsesFormSkippedWhenWorkflowSpec
--- PASS: TestFetchAndSaveRemoteFrontmatterImports_UsesFormSkippedWhenWorkflowSpec (0.00s)
=== RUN   TestFetchAndSaveRemoteFrontmatterImports_NoImportsNoOpTracker
--- PASS: TestFetchAndSaveRemoteFrontmatterImports_NoImportsNoOpTracker (0.00s)
=== RUN   TestFetchAndSaveRemoteFrontmatterImports_SectionStrippedDedup
--- PASS: TestFetchAndSaveRemoteFrontmatterImports_SectionStrippedDedup (0.61s)
=== RUN   TestFetchAndSaveRemoteFrontmatterImports_SkipExistingWithoutForce
--- PASS: TestFetchAndSaveRemoteFrontmatterImports_SkipExistingWithoutForce (0.00s)
=== RUN   TestFetchAndSaveRemoteFrontmatterImports_PathTraversal
=== RUN   TestFetchAndSaveRemoteFrontmatterImports_PathTraversal/parent_directory_traversal
=== RUN   TestFetchAndSaveRemoteFrontmatterImports_PathTraversal/deep_traversal
--- PASS: TestFetchAndSaveRemoteFrontmatterImports_PathTraversal (0.00s)
    --- PASS: TestFetchAndSaveRemoteFrontmatterImports_PathTraversal/parent_directory_traversal (0.00s)
    --- PASS: TestFetchAndSaveRemoteFrontmatterImports_PathTraversal/deep_traversal (0.00s)
=== RUN   TestFetchAndSaveRemoteFrontmatterImports_InvalidRepoSlug
--- PASS: TestFetchAndSaveRemoteFrontmatterImports_InvalidRepoSlug (0.00s)
=== RUN   TestExtractDispatchWorkflowNames_ArrayFormat
--- PASS: TestExtractDispatchWorkflowNames_ArrayFormat (0.00s)
=== RUN   TestExtractDispatchWorkflowNames_MapFormat
--- PASS: TestExtractDispatchWorkflowNames_MapFormat (0.00s)
=== RUN   TestExtractDispatchWorkflowNames_SkipMacros
--- PASS: TestExtractDispatchWorkflowNames_SkipMacros (0.00s)
=== RUN   TestExtractDispatchWorkflowNames_NoSafeOutputs
--- PASS: TestExtractDispatchWorkflowNames_NoSafeOutputs (0.00s)
=== RUN   TestExtractDispatchWorkflowNames_NoDispatchWorkflow
--- PASS: TestExtractDispatchWorkflowNames_NoDispatchWorkflow (0.00s)
=== RUN   TestExtractDispatchWorkflowNames_AllMacros
--- PASS: TestExtractDispatchWorkflowNames_AllMacros (0.00s)
=== RUN   TestFetchAndSaveRemoteDispatchWorkflows_NoSafeOutputs
--- PASS: TestFetchAndSaveRemoteDispatchWorkflows_NoSafeOutputs (0.00s)
=== RUN   TestFetchAndSaveRemoteDispatchWorkflows_EmptyRepoSlug
--- PASS: TestFetchAndSaveRemoteDispatchWorkflows_EmptyRepoSlug (0.00s)
=== RUN   TestFetchAndSaveRemoteDispatchWorkflows_OnlyMacros
--- PASS: TestFetchAndSaveRemoteDispatchWorkflows_OnlyMacros (0.00s)
=== RUN   TestFetchAndSaveRemoteDispatchWorkflows_SkipExistingWithoutForce
--- PASS: TestFetchAndSaveRemoteDispatchWorkflows_SkipExistingWithoutForce (0.00s)
=== RUN   TestFetchAndSaveRemoteDispatchWorkflows_TrackerNoOpOnExisting
--- PASS: TestFetchAndSaveRemoteDispatchWorkflows_TrackerNoOpOnExisting (0.00s)
=== RUN   TestFetchAndSaveRemoteDispatchWorkflows_InvalidRepoSlug
--- PASS: TestFetchAndSaveRemoteDispatchWorkflows_InvalidRepoSlug (0.00s)
=== RUN   TestExtractResources_BasicList
--- PASS: TestExtractResources_BasicList (0.00s)
=== RUN   TestExtractResources_MacroRejected
--- PASS: TestExtractResources_MacroRejected (0.00s)
=== RUN   TestExtractResources_AllMacrosRejected
--- PASS: TestExtractResources_AllMacrosRejected (0.00s)
=== RUN   TestExtractResources_NoResourcesField
--- PASS: TestExtractResources_NoResourcesField (0.00s)
=== RUN   TestFetchAndSaveRemoteResources_NoResources
--- PASS: TestFetchAndSaveRemoteResources_NoResources (0.00s)
=== RUN   TestFetchAndSaveRemoteResources_EmptyRepoSlug
--- PASS: TestFetchAndSaveRemoteResources_EmptyRepoSlug (0.00s)
=== RUN   TestFetchAndSaveRemoteResources_MacroRejected
--- PASS: TestFetchAndSaveRemoteResources_MacroRejected (0.00s)
=== RUN   TestFetchAndSaveRemoteResources_SkipExistingWithoutForce
--- PASS: TestFetchAndSaveRemoteResources_SkipExistingWithoutForce (0.00s)
=== RUN   TestFetchAndSaveRemoteResources_PathTraversal
--- PASS: TestFetchAndSaveRemoteResources_PathTraversal (0.00s)
=== RUN   TestFetchAndSaveRemoteResources_InvalidRepoSlug
--- PASS: TestFetchAndSaveRemoteResources_InvalidRepoSlug (0.00s)
=== RUN   TestFetchAndSaveRemoteResources_TrackerNoOpOnExisting
--- PASS: TestFetchAndSaveRemoteResources_TrackerNoOpOnExisting (0.00s)
=== RUN   TestFetchAndSaveDispatchWorkflowsFromParsedFile_EmptyRepoSlug
--- PASS: TestFetchAndSaveDispatchWorkflowsFromParsedFile_EmptyRepoSlug (0.00s)
=== RUN   TestFetchAndSaveDispatchWorkflowsFromParsedFile_InvalidRepoSlug
--- PASS: TestFetchAndSaveDispatchWorkflowsFromParsedFile_InvalidRepoSlug (0.00s)
=== RUN   TestFetchAndSaveDispatchWorkflowsFromParsedFile_ParseFailure
--- PASS: TestFetchAndSaveDispatchWorkflowsFromParsedFile_ParseFailure (0.00s)
=== RUN   TestFetchAndSaveDispatchWorkflowsFromParsedFile_NoDispatchWorkflows
--- PASS: TestFetchAndSaveDispatchWorkflowsFromParsedFile_NoDispatchWorkflows (0.01s)
=== RUN   TestFetchAndSaveDispatchWorkflowsFromParsedFile_SharedWorkflow_SkipExisting
--- PASS: TestFetchAndSaveDispatchWorkflowsFromParsedFile_SharedWorkflow_SkipExisting (0.00s)
=== RUN   TestFetchAndSaveDispatchWorkflowsFromParsedFile_SharedWorkflow_TrackerNoOpOnExisting
--- PASS: TestFetchAndSaveDispatchWorkflowsFromParsedFile_SharedWorkflow_TrackerNoOpOnExisting (0.01s)
=== RUN   TestFetchAndSaveDispatchWorkflowsFromParsedFile_SharedWorkflow_MacroWorkflowSkipped
--- PASS: TestFetchAndSaveDispatchWorkflowsFromParsedFile_SharedWorkflow_MacroWorkflowSkipped (0.00s)
=== RUN   TestSourceRepoLabel_NonEmpty
--- PASS: TestSourceRepoLabel_NonEmpty (0.00s)
=== RUN   TestSourceRepoLabel_Empty
--- PASS: TestSourceRepoLabel_Empty (0.00s)
=== RUN   TestReadSourceRepoFromFile_ValidSource
--- PASS: TestReadSourceRepoFromFile_ValidSource (0.00s)
=== RUN   TestReadSourceRepoFromFile_NoSource
--- PASS: TestReadSourceRepoFromFile_NoSource (0.00s)
=== RUN   TestReadSourceRepoFromFile_MissingFile
--- PASS: TestReadSourceRepoFromFile_MissingFile (0.00s)
=== RUN   TestReadSourceRepoFromFile_ShortSource
--- PASS: TestReadSourceRepoFromFile_ShortSource (0.00s)
=== RUN   TestFetchDispatchWorkflows_ConflictDifferentSource
--- PASS: TestFetchDispatchWorkflows_ConflictDifferentSource (0.00s)
=== RUN   TestFetchDispatchWorkflows_SameSourceSkips
--- PASS: TestFetchDispatchWorkflows_SameSourceSkips (0.00s)
=== RUN   TestFetchDispatchWorkflows_NoSourceConflict
--- PASS: TestFetchDispatchWorkflows_NoSourceConflict (0.00s)
=== RUN   TestFetchDispatchWorkflows_ForceOverwritesConflict
--- PASS: TestFetchDispatchWorkflows_ForceOverwritesConflict (0.00s)
=== RUN   TestFetchResources_MarkdownConflictDifferentSource
--- PASS: TestFetchResources_MarkdownConflictDifferentSource (0.00s)
=== RUN   TestFetchResources_NonMarkdownConflict
--- PASS: TestFetchResources_NonMarkdownConflict (0.00s)
=== RUN   TestFetchResources_MarkdownSameSourceSkips
--- PASS: TestFetchResources_MarkdownSameSourceSkips (0.00s)
=== RUN   TestFetchDispatchWorkflowsFromParsed_ConflictWarnsAndContinues
--- PASS: TestFetchDispatchWorkflowsFromParsed_ConflictWarnsAndContinues (0.00s)
=== RUN   TestFetchAllRemoteDependencies_NoDependencies
--- PASS: TestFetchAllRemoteDependencies_NoDependencies (0.00s)
=== RUN   TestFetchAllRemoteDependencies_LocalSpecNoOp
--- PASS: TestFetchAllRemoteDependencies_LocalSpecNoOp (0.00s)
=== RUN   TestFetchAllRemoteDependencies_IncludeErrorSwallowed
--- PASS: TestFetchAllRemoteDependencies_IncludeErrorSwallowed (0.00s)
=== RUN   TestFetchAllRemoteDependencies_DispatchConflictPropagated
--- PASS: TestFetchAllRemoteDependencies_DispatchConflictPropagated (0.00s)
=== RUN   TestFetchAllRemoteDependencies_ResourceMacroErrorPropagated
--- PASS: TestFetchAllRemoteDependencies_ResourceMacroErrorPropagated (0.00s)
=== RUN   TestRepoSlugErrorMessages
=== RUN   TestRepoSlugErrorMessages/invalid_format_-_no_slash
=== RUN   TestRepoSlugErrorMessages/invalid_format_-_too_many_slashes
=== RUN   TestRepoSlugErrorMessages/invalid_format_-_empty_owner
=== RUN   TestRepoSlugErrorMessages/invalid_format_-_empty_repo
--- PASS: TestRepoSlugErrorMessages (0.00s)
    --- PASS: TestRepoSlugErrorMessages/invalid_format_-_no_slash (0.00s)
    --- PASS: TestRepoSlugErrorMessages/invalid_format_-_too_many_slashes (0.00s)
    --- PASS: TestRepoSlugErrorMessages/invalid_format_-_empty_owner (0.00s)
    --- PASS: TestRepoSlugErrorMessages/invalid_format_-_empty_repo (0.00s)
=== RUN   TestParseRepoSpecErrorMessages
=== RUN   TestParseRepoSpecErrorMessages/invalid_format_-_single_name
=== RUN   TestParseRepoSpecErrorMessages/invalid_format_-_too_many_parts
=== RUN   TestParseRepoSpecErrorMessages/invalid_GitHub_URL
--- PASS: TestParseRepoSpecErrorMessages (0.00s)
    --- PASS: TestParseRepoSpecErrorMessages/invalid_format_-_single_name (0.00s)
    --- PASS: TestParseRepoSpecErrorMessages/invalid_format_-_too_many_parts (0.00s)
    --- PASS: TestParseRepoSpecErrorMessages/invalid_GitHub_URL (0.00s)
=== RUN   TestGetCurrentRepoSlug
    repo_test.go:43: GetCurrentRepoSlug returned consistent results (result: T-ahamed2/gh-aw, error: <nil>)
--- PASS: TestGetCurrentRepoSlug (0.01s)
=== RUN   TestGetCurrentRepoSlugFormat
    repo_test.go:65: GetCurrentRepoSlug returned: T-ahamed2/gh-aw
--- PASS: TestGetCurrentRepoSlugFormat (0.00s)
=== RUN   TestResolveWorkflowPath
=== RUN   TestResolveWorkflowPath/workflow_name_without_extension_in_workflows_dir
=== RUN   TestResolveWorkflowPath/workflow_name_with_extension_in_workflows_dir
=== RUN   TestResolveWorkflowPath/full_relative_path_to_shared_workflow
=== RUN   TestResolveWorkflowPath/full_relative_path_to_shared_workflow_without_extension
=== RUN   TestResolveWorkflowPath/full_relative_path_to_shared/mcp_workflow
=== RUN   TestResolveWorkflowPath/full_relative_path_to_shared/mcp_workflow_without_extension
=== RUN   TestResolveWorkflowPath/basename_only_(no_recursive_matching)
=== RUN   TestResolveWorkflowPath/partial_subpath_(no_recursive_matching)
=== RUN   TestResolveWorkflowPath/nonexistent_workflow
--- PASS: TestResolveWorkflowPath (0.00s)
    --- PASS: TestResolveWorkflowPath/workflow_name_without_extension_in_workflows_dir (0.00s)
    --- PASS: TestResolveWorkflowPath/workflow_name_with_extension_in_workflows_dir (0.00s)
    --- PASS: TestResolveWorkflowPath/full_relative_path_to_shared_workflow (0.00s)
    --- PASS: TestResolveWorkflowPath/full_relative_path_to_shared_workflow_without_extension (0.00s)
    --- PASS: TestResolveWorkflowPath/full_relative_path_to_shared/mcp_workflow (0.00s)
    --- PASS: TestResolveWorkflowPath/full_relative_path_to_shared/mcp_workflow_without_extension (0.00s)
    --- PASS: TestResolveWorkflowPath/basename_only_(no_recursive_matching) (0.00s)
    --- PASS: TestResolveWorkflowPath/partial_subpath_(no_recursive_matching) (0.00s)
    --- PASS: TestResolveWorkflowPath/nonexistent_workflow (0.00s)
=== RUN   TestRunCommand403ErrorInCodespace
=== RUN   TestRunCommand403ErrorInCodespace/403_error_in_codespace_shows_specialized_message
=== RUN   TestRunCommand403ErrorInCodespace/forbidden_error_in_codespace_shows_specialized_message
=== RUN   TestRunCommand403ErrorInCodespace/permission_denied_in_codespace_shows_specialized_message
=== RUN   TestRunCommand403ErrorInCodespace/403_error_outside_codespace_shows_standard_error
=== RUN   TestRunCommand403ErrorInCodespace/non-403_error_in_codespace_shows_standard_error
=== RUN   TestRunCommand403ErrorInCodespace/generic_error_in_codespace_shows_standard_error
--- PASS: TestRunCommand403ErrorInCodespace (0.00s)
    --- PASS: TestRunCommand403ErrorInCodespace/403_error_in_codespace_shows_specialized_message (0.00s)
    --- PASS: TestRunCommand403ErrorInCodespace/forbidden_error_in_codespace_shows_specialized_message (0.00s)
    --- PASS: TestRunCommand403ErrorInCodespace/permission_denied_in_codespace_shows_specialized_message (0.00s)
    --- PASS: TestRunCommand403ErrorInCodespace/403_error_outside_codespace_shows_standard_error (0.00s)
    --- PASS: TestRunCommand403ErrorInCodespace/non-403_error_in_codespace_shows_standard_error (0.00s)
    --- PASS: TestRunCommand403ErrorInCodespace/generic_error_in_codespace_shows_standard_error (0.00s)
=== RUN   TestCodespaceErrorMessageIntegration
--- PASS: TestCodespaceErrorMessageIntegration (0.00s)
=== RUN   TestGetWorkflowInputs
=== RUN   TestGetWorkflowInputs/workflow_with_required_and_optional_inputs
=== RUN   TestGetWorkflowInputs/workflow_with_no_inputs
=== RUN   TestGetWorkflowInputs/workflow_without_workflow_dispatch
--- PASS: TestGetWorkflowInputs (0.00s)
    --- PASS: TestGetWorkflowInputs/workflow_with_required_and_optional_inputs (0.00s)
    --- PASS: TestGetWorkflowInputs/workflow_with_no_inputs (0.00s)
    --- PASS: TestGetWorkflowInputs/workflow_without_workflow_dispatch (0.00s)
=== RUN   TestValidateWorkflowInputs
=== RUN   TestValidateWorkflowInputs/all_required_inputs_provided
=== RUN   TestValidateWorkflowInputs/missing_required_input
=== RUN   TestValidateWorkflowInputs/required_input_with_default_value_-_should_not_error_when_missing
=== RUN   TestValidateWorkflowInputs/required_input_with_default_shown_in_valid_inputs_list
=== RUN   TestValidateWorkflowInputs/typo_in_input_name
=== RUN   TestValidateWorkflowInputs/multiple_errors:_missing_required_and_typo
=== RUN   TestValidateWorkflowInputs/no_inputs_defined
=== RUN   TestValidateWorkflowInputs/optional_input_not_provided_-_should_not_error
=== RUN   TestValidateWorkflowInputs/unknown_input_with_no_close_matches
--- PASS: TestValidateWorkflowInputs (0.00s)
    --- PASS: TestValidateWorkflowInputs/all_required_inputs_provided (0.00s)
    --- PASS: TestValidateWorkflowInputs/missing_required_input (0.00s)
    --- PASS: TestValidateWorkflowInputs/required_input_with_default_value_-_should_not_error_when_missing (0.00s)
    --- PASS: TestValidateWorkflowInputs/required_input_with_default_shown_in_valid_inputs_list (0.00s)
    --- PASS: TestValidateWorkflowInputs/typo_in_input_name (0.00s)
    --- PASS: TestValidateWorkflowInputs/multiple_errors:_missing_required_and_typo (0.00s)
    --- PASS: TestValidateWorkflowInputs/no_inputs_defined (0.00s)
    --- PASS: TestValidateWorkflowInputs/optional_input_not_provided_-_should_not_error (0.00s)
    --- PASS: TestValidateWorkflowInputs/unknown_input_with_no_close_matches (0.00s)
=== RUN   TestFindRunnableWorkflows
--- PASS: TestFindRunnableWorkflows (0.00s)
=== RUN   TestBuildWorkflowDescription
=== RUN   TestBuildWorkflowDescription/no_inputs
=== RUN   TestBuildWorkflowDescription/only_required_inputs
=== RUN   TestBuildWorkflowDescription/only_optional_inputs
=== RUN   TestBuildWorkflowDescription/mixed_inputs
--- PASS: TestBuildWorkflowDescription (0.00s)
    --- PASS: TestBuildWorkflowDescription/no_inputs (0.00s)
    --- PASS: TestBuildWorkflowDescription/only_required_inputs (0.00s)
    --- PASS: TestBuildWorkflowDescription/only_optional_inputs (0.00s)
    --- PASS: TestBuildWorkflowDescription/mixed_inputs (0.00s)
=== RUN   TestBuildCommandString
=== RUN   TestBuildCommandString/basic_command
=== RUN   TestBuildCommandString/with_inputs
=== RUN   TestBuildCommandString/with_repo_override
=== RUN   TestBuildCommandString/with_ref_override
=== RUN   TestBuildCommandString/with_auto_merge_PRs
=== RUN   TestBuildCommandString/with_push
=== RUN   TestBuildCommandString/with_engine_override
=== RUN   TestBuildCommandString/all_flags
--- PASS: TestBuildCommandString (0.00s)
    --- PASS: TestBuildCommandString/basic_command (0.00s)
    --- PASS: TestBuildCommandString/with_inputs (0.00s)
    --- PASS: TestBuildCommandString/with_repo_override (0.00s)
    --- PASS: TestBuildCommandString/with_ref_override (0.00s)
    --- PASS: TestBuildCommandString/with_auto_merge_PRs (0.00s)
    --- PASS: TestBuildCommandString/with_push (0.00s)
    --- PASS: TestBuildCommandString/with_engine_override (0.00s)
    --- PASS: TestBuildCommandString/all_flags (0.00s)
=== RUN   TestFindRunnableWorkflows_NoWorkflowsDir
--- PASS: TestFindRunnableWorkflows_NoWorkflowsDir (0.00s)
=== RUN   TestFindRunnableWorkflows_WithInputs
--- PASS: TestFindRunnableWorkflows_WithInputs (0.00s)
=== RUN   TestSelectWorkflowStructure
--- PASS: TestSelectWorkflowStructure (0.00s)
=== RUN   TestSelectWorkflowFuzzySearchability
=== RUN   TestSelectWorkflowFuzzySearchability/exact_match
=== RUN   TestSelectWorkflowFuzzySearchability/partial_match
=== RUN   TestSelectWorkflowFuzzySearchability/fuzzy_match
=== RUN   TestSelectWorkflowFuzzySearchability/case_insensitive
=== RUN   TestSelectWorkflowFuzzySearchability/no_match
--- PASS: TestSelectWorkflowFuzzySearchability (0.00s)
    --- PASS: TestSelectWorkflowFuzzySearchability/exact_match (0.00s)
    --- PASS: TestSelectWorkflowFuzzySearchability/partial_match (0.00s)
    --- PASS: TestSelectWorkflowFuzzySearchability/fuzzy_match (0.00s)
    --- PASS: TestSelectWorkflowFuzzySearchability/case_insensitive (0.00s)
    --- PASS: TestSelectWorkflowFuzzySearchability/no_match (0.00s)
=== RUN   TestSelectWorkflowNonInteractive
--- PASS: TestSelectWorkflowNonInteractive (0.00s)
=== RUN   TestCollectWorkflowFiles_SimpleWorkflow
/tmp/TestCollectWorkflowFiles_SimpleWorkflow3978767163/001/test-workflow.md: info: Tip: set permissions.copilot-requests: write to use GitHub Actions token-based inference with the Copilot engine instead of a personal access token (COPILOT_GITHUB_TOKEN). This option requires that your organization has centralized Copilot billing enabled and may not be available in all organizations — see https://github.github.com/gh-aw/reference/billing/ for details.

✓ /tmp/TestCollectWorkflowFiles_SimpleWorkflow3978767163/001/test-workflow.md (77.1 KB)
✓ Compiled 1 workflow(s): 0 error(s), 0 warning(s)
--- PASS: TestCollectWorkflowFiles_SimpleWorkflow (0.08s)
=== RUN   TestCollectWorkflowFiles_WithImports
/tmp/TestCollectWorkflowFiles_WithImports90990884/001/test-workflow.md: info: Tip: set permissions.copilot-requests: write to use GitHub Actions token-based inference with the Copilot engine instead of a personal access token (COPILOT_GITHUB_TOKEN). This option requires that your organization has centralized Copilot billing enabled and may not be available in all organizations — see https://github.github.com/gh-aw/reference/billing/ for details.

✓ /tmp/TestCollectWorkflowFiles_WithImports90990884/001/test-workflow.md (77.2 KB)
✓ Compiled 1 workflow(s): 0 error(s), 0 warning(s)
--- PASS: TestCollectWorkflowFiles_WithImports (0.08s)
=== RUN   TestCollectWorkflowFiles_TransitiveImports
/tmp/TestCollectWorkflowFiles_TransitiveImports1095127210/001/test-workflow.md: info: Tip: set permissions.copilot-requests: write to use GitHub Actions token-based inference with the Copilot engine instead of a personal access token (COPILOT_GITHUB_TOKEN). This option requires that your organization has centralized Copilot billing enabled and may not be available in all organizations — see https://github.github.com/gh-aw/reference/billing/ for details.

✓ /tmp/TestCollectWorkflowFiles_TransitiveImports1095127210/001/test-workflow.md (77.3 KB)
✓ Compiled 1 workflow(s): 0 error(s), 0 warning(s)
--- PASS: TestCollectWorkflowFiles_TransitiveImports (0.08s)
=== RUN   TestResolveImportPath_RunPushOpts_LocalPathSemantics
=== RUN   TestResolveImportPath_RunPushOpts_LocalPathSemantics/relative_path
=== RUN   TestResolveImportPath_RunPushOpts_LocalPathSemantics/path_with_section
=== RUN   TestResolveImportPath_RunPushOpts_LocalPathSemantics/workflowspec_format_with_@
=== RUN   TestResolveImportPath_RunPushOpts_LocalPathSemantics/workflowspec_without_@_is_treated_as_remote_workflowspec
--- PASS: TestResolveImportPath_RunPushOpts_LocalPathSemantics (0.00s)
    --- PASS: TestResolveImportPath_RunPushOpts_LocalPathSemantics/relative_path (0.00s)
    --- PASS: TestResolveImportPath_RunPushOpts_LocalPathSemantics/path_with_section (0.00s)
    --- PASS: TestResolveImportPath_RunPushOpts_LocalPathSemantics/workflowspec_format_with_@ (0.00s)
    --- PASS: TestResolveImportPath_RunPushOpts_LocalPathSemantics/workflowspec_without_@_is_treated_as_remote_workflowspec (0.00s)
=== RUN   TestCollectWorkflowFiles_WithOutdatedLockFile
--- PASS: TestCollectWorkflowFiles_WithOutdatedLockFile (0.10s)
=== RUN   TestCollectWorkflowFiles_WithFrontmatterHashMismatch
--- PASS: TestCollectWorkflowFiles_WithFrontmatterHashMismatch (0.10s)
=== RUN   TestCheckFrontmatterHashMismatch_JSONMetadataFormat
--- PASS: TestCheckFrontmatterHashMismatch_JSONMetadataFormat (0.00s)
=== RUN   TestPushWorkflowFiles_CancelledContext
--- PASS: TestPushWorkflowFiles_CancelledContext (0.01s)
=== RUN   TestPushWorkflowFiles_WithStagedFiles

✗ Cannot proceed: there are already staged files in git that are not part of this workflow

ℹ Extra staged files:
  - test-file.txt

ℹ Please commit or unstage these files before using --push

--- PASS: TestPushWorkflowFiles_WithStagedFiles (0.02s)
=== RUN   TestCollectWorkflowFiles_AlwaysRecompiles
/tmp/TestCollectWorkflowFiles_AlwaysRecompiles2416393464/001/test-workflow.md: info: Tip: set permissions.copilot-requests: write to use GitHub Actions token-based inference with the Copilot engine instead of a personal access token (COPILOT_GITHUB_TOKEN). This option requires that your organization has centralized Copilot billing enabled and may not be available in all organizations — see https://github.github.com/gh-aw/reference/billing/ for details.

✓ /tmp/TestCollectWorkflowFiles_AlwaysRecompiles2416393464/001/test-workflow.md (77.1 KB)
✓ Compiled 1 workflow(s): 0 error(s), 0 warning(s)
--- PASS: TestCollectWorkflowFiles_AlwaysRecompiles (0.18s)
=== RUN   TestRunWorkflowOnGitHub_InputValidation
=== RUN   TestRunWorkflowOnGitHub_InputValidation/empty_workflow_name
=== RUN   TestRunWorkflowOnGitHub_InputValidation/invalid_input_format_-_no_equals_sign
=== RUN   TestRunWorkflowOnGitHub_InputValidation/invalid_input_format_-_empty_key
=== RUN   TestRunWorkflowOnGitHub_InputValidation/valid_input_format_-_workflow_resolution_fails
    run_workflow_execution_test.go:82: Expected error to contain 'workflow', but got: GitHub CLI (gh) is required but not available
=== RUN   TestRunWorkflowOnGitHub_InputValidation/multiple_valid_inputs_-_workflow_resolution_fails
    run_workflow_execution_test.go:82: Expected error to contain 'workflow', but got: GitHub CLI (gh) is required but not available
=== RUN   TestRunWorkflowOnGitHub_InputValidation/empty_value_is_allowed_-_workflow_resolution_fails
    run_workflow_execution_test.go:82: Expected error to contain 'workflow', but got: GitHub CLI (gh) is required but not available
--- FAIL: TestRunWorkflowOnGitHub_InputValidation (0.00s)
    --- PASS: TestRunWorkflowOnGitHub_InputValidation/empty_workflow_name (0.00s)
    --- PASS: TestRunWorkflowOnGitHub_InputValidation/invalid_input_format_-_no_equals_sign (0.00s)
    --- PASS: TestRunWorkflowOnGitHub_InputValidation/invalid_input_format_-_empty_key (0.00s)
    --- FAIL: TestRunWorkflowOnGitHub_InputValidation/valid_input_format_-_workflow_resolution_fails (0.00s)
    --- FAIL: TestRunWorkflowOnGitHub_InputValidation/multiple_valid_inputs_-_workflow_resolution_fails (0.00s)
    --- FAIL: TestRunWorkflowOnGitHub_InputValidation/empty_value_is_allowed_-_workflow_resolution_fails (0.00s)
=== RUN   TestRunWorkflowOnGitHub_ContextCancellation
⚠ Operation cancelled
--- PASS: TestRunWorkflowOnGitHub_ContextCancellation (0.00s)
=== RUN   TestRunWorkflowsOnGitHub_InputValidation
=== RUN   TestRunWorkflowsOnGitHub_InputValidation/empty_workflow_list
=== RUN   TestRunWorkflowsOnGitHub_InputValidation/single_workflow_-_resolution_fails
=== RUN   TestRunWorkflowsOnGitHub_InputValidation/multiple_workflows_-_resolution_fails
--- PASS: TestRunWorkflowsOnGitHub_InputValidation (0.00s)
    --- PASS: TestRunWorkflowsOnGitHub_InputValidation/empty_workflow_list (0.00s)
    --- PASS: TestRunWorkflowsOnGitHub_InputValidation/single_workflow_-_resolution_fails (0.00s)
    --- PASS: TestRunWorkflowsOnGitHub_InputValidation/multiple_workflows_-_resolution_fails (0.00s)
=== RUN   TestRunWorkflowsOnGitHub_ContextCancellation
⚠ Operation cancelled
--- PASS: TestRunWorkflowsOnGitHub_ContextCancellation (0.00s)
=== RUN   TestRunWorkflowOnGitHub_FlagCombinations
=== RUN   TestRunWorkflowOnGitHub_FlagCombinations/push_flag_with_remote_repo
    run_workflow_execution_test.go:240: Expected error to contain one of [--push flag is only supported for local workflows GH_TOKEN environment variable HTTP 404 HTTP 403], but got: GitHub CLI (gh) is required but not available
--- FAIL: TestRunWorkflowOnGitHub_FlagCombinations (0.00s)
    --- FAIL: TestRunWorkflowOnGitHub_FlagCombinations/push_flag_with_remote_repo (0.00s)
=== RUN   TestParseRunInfoFromOutput
=== RUN   TestParseRunInfoFromOutput/gh_v2.87+_output_with_run_URL
=== RUN   TestParseRunInfoFromOutput/old_gh_output_without_run_URL
=== RUN   TestParseRunInfoFromOutput/empty_output
=== RUN   TestParseRunInfoFromOutput/URL_with_org_and_repo_containing_hyphens
=== RUN   TestParseRunInfoFromOutput/GitHub_Enterprise_Server_URL
=== RUN   TestParseRunInfoFromOutput/GHES_URL_in_multi-line_output
--- PASS: TestParseRunInfoFromOutput (0.00s)
    --- PASS: TestParseRunInfoFromOutput/gh_v2.87+_output_with_run_URL (0.00s)
    --- PASS: TestParseRunInfoFromOutput/old_gh_output_without_run_URL (0.00s)
    --- PASS: TestParseRunInfoFromOutput/empty_output (0.00s)
    --- PASS: TestParseRunInfoFromOutput/URL_with_org_and_repo_containing_hyphens (0.00s)
    --- PASS: TestParseRunInfoFromOutput/GitHub_Enterprise_Server_URL (0.00s)
    --- PASS: TestParseRunInfoFromOutput/GHES_URL_in_multi-line_output (0.00s)
=== RUN   TestWorkflowRunInfo
--- PASS: TestWorkflowRunInfo (0.00s)
=== RUN   TestWorkflowRunInfo_EmptyValues
--- PASS: TestWorkflowRunInfo_EmptyValues (0.00s)
=== RUN   TestWorkflowRunInfo_StatusValues
=== RUN   TestWorkflowRunInfo_StatusValues/completed_successfully
=== RUN   TestWorkflowRunInfo_StatusValues/completed_with_failure
=== RUN   TestWorkflowRunInfo_StatusValues/in_progress
=== RUN   TestWorkflowRunInfo_StatusValues/queued
=== RUN   TestWorkflowRunInfo_StatusValues/cancelled
--- PASS: TestWorkflowRunInfo_StatusValues (0.00s)
    --- PASS: TestWorkflowRunInfo_StatusValues/completed_successfully (0.00s)
    --- PASS: TestWorkflowRunInfo_StatusValues/completed_with_failure (0.00s)
    --- PASS: TestWorkflowRunInfo_StatusValues/in_progress (0.00s)
    --- PASS: TestWorkflowRunInfo_StatusValues/queued (0.00s)
    --- PASS: TestWorkflowRunInfo_StatusValues/cancelled (0.00s)
=== RUN   TestWorkflowRunInfo_TimestampHandling
=== RUN   TestWorkflowRunInfo_TimestampHandling/valid_timestamp
=== RUN   TestWorkflowRunInfo_TimestampHandling/zero_timestamp
=== RUN   TestWorkflowRunInfo_TimestampHandling/past_timestamp
=== RUN   TestWorkflowRunInfo_TimestampHandling/future_timestamp
--- PASS: TestWorkflowRunInfo_TimestampHandling (0.00s)
    --- PASS: TestWorkflowRunInfo_TimestampHandling/valid_timestamp (0.00s)
    --- PASS: TestWorkflowRunInfo_TimestampHandling/zero_timestamp (0.00s)
    --- PASS: TestWorkflowRunInfo_TimestampHandling/past_timestamp (0.00s)
    --- PASS: TestWorkflowRunInfo_TimestampHandling/future_timestamp (0.00s)
=== RUN   TestWorkflowRunInfo_URLFormats
=== RUN   TestWorkflowRunInfo_URLFormats/standard_GitHub_URL
=== RUN   TestWorkflowRunInfo_URLFormats/GitHub_Enterprise_URL
=== RUN   TestWorkflowRunInfo_URLFormats/URL_with_query_parameters
=== RUN   TestWorkflowRunInfo_URLFormats/empty_URL
--- PASS: TestWorkflowRunInfo_URLFormats (0.00s)
    --- PASS: TestWorkflowRunInfo_URLFormats/standard_GitHub_URL (0.00s)
    --- PASS: TestWorkflowRunInfo_URLFormats/GitHub_Enterprise_URL (0.00s)
    --- PASS: TestWorkflowRunInfo_URLFormats/URL_with_query_parameters (0.00s)
    --- PASS: TestWorkflowRunInfo_URLFormats/empty_URL (0.00s)
=== RUN   TestGetLockFilePath
=== RUN   TestGetLockFilePath/regular_workflow
=== RUN   TestGetLockFilePath/workflow_in_nested_directory
--- PASS: TestGetLockFilePath (0.00s)
    --- PASS: TestGetLockFilePath/regular_workflow (0.00s)
    --- PASS: TestGetLockFilePath/workflow_in_nested_directory (0.00s)
=== RUN   TestIsRunnable_WithLockFile
=== RUN   TestIsRunnable_WithLockFile/workflow_with_workflow_dispatch_trigger
=== RUN   TestIsRunnable_WithLockFile/workflow_with_schedule_and_workflow_dispatch
=== RUN   TestIsRunnable_WithLockFile/workflow_without_workflow_dispatch
=== RUN   TestIsRunnable_WithLockFile/workflow_with_no_triggers
=== RUN   TestIsRunnable_WithLockFile/workflow_without_lock_file
--- PASS: TestIsRunnable_WithLockFile (0.00s)
    --- PASS: TestIsRunnable_WithLockFile/workflow_with_workflow_dispatch_trigger (0.00s)
    --- PASS: TestIsRunnable_WithLockFile/workflow_with_schedule_and_workflow_dispatch (0.00s)
    --- PASS: TestIsRunnable_WithLockFile/workflow_without_workflow_dispatch (0.00s)
    --- PASS: TestIsRunnable_WithLockFile/workflow_with_no_triggers (0.00s)
    --- PASS: TestIsRunnable_WithLockFile/workflow_without_lock_file (0.00s)
=== RUN   TestGetWorkflowInputs_WithLockFile
=== RUN   TestGetWorkflowInputs_WithLockFile/workflow_with_required_and_optional_inputs
=== RUN   TestGetWorkflowInputs_WithLockFile/workflow_with_aw_context_input_is_filtered_out
=== RUN   TestGetWorkflowInputs_WithLockFile/workflow_with_only_aw_context_input_returns_empty
=== RUN   TestGetWorkflowInputs_WithLockFile/workflow_with_no_inputs
=== RUN   TestGetWorkflowInputs_WithLockFile/workflow_without_workflow_dispatch
=== RUN   TestGetWorkflowInputs_WithLockFile/workflow_without_lock_file
--- PASS: TestGetWorkflowInputs_WithLockFile (0.00s)
    --- PASS: TestGetWorkflowInputs_WithLockFile/workflow_with_required_and_optional_inputs (0.00s)
    --- PASS: TestGetWorkflowInputs_WithLockFile/workflow_with_aw_context_input_is_filtered_out (0.00s)
    --- PASS: TestGetWorkflowInputs_WithLockFile/workflow_with_only_aw_context_input_returns_empty (0.00s)
    --- PASS: TestGetWorkflowInputs_WithLockFile/workflow_with_no_inputs (0.00s)
    --- PASS: TestGetWorkflowInputs_WithLockFile/workflow_without_workflow_dispatch (0.00s)
    --- PASS: TestGetWorkflowInputs_WithLockFile/workflow_without_lock_file (0.00s)
=== RUN   TestIsRunnable_RealWorldScenario
--- PASS: TestIsRunnable_RealWorldScenario (0.00s)
=== RUN   TestValidateWorkflowInputs_WithLockFile
--- PASS: TestValidateWorkflowInputs_WithLockFile (0.00s)
=== RUN   TestParseAndDisplayRunnerGuardOutput
=== RUN   TestParseAndDisplayRunnerGuardOutput/single_high_severity_finding
=== RUN   TestParseAndDisplayRunnerGuardOutput/critical_severity_maps_to_error_type
=== RUN   TestParseAndDisplayRunnerGuardOutput/note_severity_maps_to_info_type
=== RUN   TestParseAndDisplayRunnerGuardOutput/info_severity_maps_to_info_type
=== RUN   TestParseAndDisplayRunnerGuardOutput/warning_severity_maps_to_warning_type
=== RUN   TestParseAndDisplayRunnerGuardOutput/finding_with_score_and_grade_displayed
=== RUN   TestParseAndDisplayRunnerGuardOutput/finding_without_line_number_defaults_to_1
=== RUN   TestParseAndDisplayRunnerGuardOutput/multiple_findings
=== RUN   TestParseAndDisplayRunnerGuardOutput/no_findings_returns_zero_count
=== RUN   TestParseAndDisplayRunnerGuardOutput/empty_output_returns_zero_count
=== RUN   TestParseAndDisplayRunnerGuardOutput/invalid_JSON_returns_error
=== RUN   TestParseAndDisplayRunnerGuardOutput/finding_without_description_omits_description_from_message
--- PASS: TestParseAndDisplayRunnerGuardOutput (0.01s)
    --- PASS: TestParseAndDisplayRunnerGuardOutput/single_high_severity_finding (0.00s)
    --- PASS: TestParseAndDisplayRunnerGuardOutput/critical_severity_maps_to_error_type (0.00s)
    --- PASS: TestParseAndDisplayRunnerGuardOutput/note_severity_maps_to_info_type (0.00s)
    --- PASS: TestParseAndDisplayRunnerGuardOutput/info_severity_maps_to_info_type (0.00s)
    --- PASS: TestParseAndDisplayRunnerGuardOutput/warning_severity_maps_to_warning_type (0.00s)
    --- PASS: TestParseAndDisplayRunnerGuardOutput/finding_with_score_and_grade_displayed (0.00s)
    --- PASS: TestParseAndDisplayRunnerGuardOutput/finding_without_line_number_defaults_to_1 (0.00s)
    --- PASS: TestParseAndDisplayRunnerGuardOutput/multiple_findings (0.00s)
    --- PASS: TestParseAndDisplayRunnerGuardOutput/no_findings_returns_zero_count (0.00s)
    --- PASS: TestParseAndDisplayRunnerGuardOutput/empty_output_returns_zero_count (0.00s)
    --- PASS: TestParseAndDisplayRunnerGuardOutput/invalid_JSON_returns_error (0.00s)
    --- PASS: TestParseAndDisplayRunnerGuardOutput/finding_without_description_omits_description_from_message (0.00s)
=== RUN   TestRunnerGuardPathTraversalGuard
=== RUN   TestRunnerGuardPathTraversalGuard/normal_workflow_file
=== RUN   TestRunnerGuardPathTraversalGuard/file_outside_git_root_via_..
=== RUN   TestRunnerGuardPathTraversalGuard/file_with_.._prefix_but_inside_root
--- PASS: TestRunnerGuardPathTraversalGuard (0.00s)
    --- PASS: TestRunnerGuardPathTraversalGuard/normal_workflow_file (0.00s)
    --- PASS: TestRunnerGuardPathTraversalGuard/file_outside_git_root_via_.. (0.00s)
    --- PASS: TestRunnerGuardPathTraversalGuard/file_with_.._prefix_but_inside_root (0.00s)
=== RUN   TestResolveSecretValueForSet
=== RUN   TestResolveSecretValueForSet/from_flag
=== RUN   TestResolveSecretValueForSet/from_env_var_-_set
=== RUN   TestResolveSecretValueForSet/from_env_var_-_empty
--- PASS: TestResolveSecretValueForSet (0.00s)
    --- PASS: TestResolveSecretValueForSet/from_flag (0.00s)
    --- PASS: TestResolveSecretValueForSet/from_env_var_-_set (0.00s)
    --- PASS: TestResolveSecretValueForSet/from_env_var_-_empty (0.00s)
=== RUN   TestEncryptWithPublicKey
--- PASS: TestEncryptWithPublicKey (0.00s)
=== RUN   TestEncryptWithPublicKeyInvalidKey
=== RUN   TestEncryptWithPublicKeyInvalidKey/invalid_base64
=== RUN   TestEncryptWithPublicKeyInvalidKey/wrong_key_length
--- PASS: TestEncryptWithPublicKeyInvalidKey (0.00s)
    --- PASS: TestEncryptWithPublicKeyInvalidKey/invalid_base64 (0.00s)
    --- PASS: TestEncryptWithPublicKeyInvalidKey/wrong_key_length (0.00s)
=== RUN   TestEncryptWithPublicKeyEmptyPlaintext
--- PASS: TestEncryptWithPublicKeyEmptyPlaintext (0.00s)
=== RUN   TestEncryptDecryptRoundTrip
--- PASS: TestEncryptDecryptRoundTrip (0.00s)
=== RUN   TestSecretSetClientOptions
=== RUN   TestSecretSetClientOptions/defaults_include_timeout
=== RUN   TestSecretSetClientOptions/normalizes_host_when_api-url_is_provided
=== RUN   TestSecretSetClientOptions/strips_API_path_from_api-url
=== RUN   TestSecretSetClientOptions/maps_api.github.com_to_github.com
--- PASS: TestSecretSetClientOptions (0.00s)
    --- PASS: TestSecretSetClientOptions/defaults_include_timeout (0.00s)
    --- PASS: TestSecretSetClientOptions/normalizes_host_when_api-url_is_provided (0.00s)
    --- PASS: TestSecretSetClientOptions/strips_API_path_from_api-url (0.00s)
    --- PASS: TestSecretSetClientOptions/maps_api.github.com_to_github.com (0.00s)
=== RUN   TestNewSecretsCommand
--- PASS: TestNewSecretsCommand (0.00s)
=== RUN   TestSecretsCommandHelp
Manage GitHub Actions secrets for GitHub Agentic Workflows.

This command provides tools for managing secrets required by agentic workflows, including
AI API keys (Anthropic, OpenAI, GitHub Copilot) and GitHub tokens for workflow execution.

Available subcommands:
  - set       - Create or update individual secrets
  - bootstrap - Validate and configure all required secrets for workflows

Usage:
  secrets
  secrets [command]

Examples:
  gh aw secrets set MY_SECRET --value "secret123"    # Set a secret directly
  gh aw secrets bootstrap                             # Check all required secrets

Available Commands:
  bootstrap   Analyze workflows and set up required secrets
  set         Create or update a repository secret

Use "secrets [command] --help" for more information about a command.
--- PASS: TestSecretsCommandHelp (0.00s)
=== RUN   TestSecretsCommandStructure
=== RUN   TestSecretsCommandStructure/secrets_command_exists
--- PASS: TestSecretsCommandStructure (0.00s)
    --- PASS: TestSecretsCommandStructure/secrets_command_exists (0.00s)
=== RUN   TestSecretsBootstrapEngineFlagIncludesGemini
--- PASS: TestSecretsBootstrapEngineFlagIncludesGemini (0.00s)
=== RUN   TestSecretsCommandUnknownSubcommandReturnsError
--- PASS: TestSecretsCommandUnknownSubcommandReturnsError (0.00s)
=== RUN   TestExtractSecretName
=== RUN   TestExtractSecretName/simple_secret
=== RUN   TestExtractSecretName/secret_with_default_value
=== RUN   TestExtractSecretName/secret_with_spaces
=== RUN   TestExtractSecretName/bearer_token
=== RUN   TestExtractSecretName/no_secret
=== RUN   TestExtractSecretName/empty_value
--- PASS: TestExtractSecretName (0.00s)
    --- PASS: TestExtractSecretName/simple_secret (0.00s)
    --- PASS: TestExtractSecretName/secret_with_default_value (0.00s)
    --- PASS: TestExtractSecretName/secret_with_spaces (0.00s)
    --- PASS: TestExtractSecretName/bearer_token (0.00s)
    --- PASS: TestExtractSecretName/no_secret (0.00s)
    --- PASS: TestExtractSecretName/empty_value (0.00s)
=== RUN   TestExtractSecretsFromConfig
=== RUN   TestExtractSecretsFromConfig/HTTP_headers_with_secrets
=== RUN   TestExtractSecretsFromConfig/env_vars_with_secrets
=== RUN   TestExtractSecretsFromConfig/mixed_headers_and_env
=== RUN   TestExtractSecretsFromConfig/no_secrets
=== RUN   TestExtractSecretsFromConfig/duplicate_secrets_(should_only_appear_once)
--- PASS: TestExtractSecretsFromConfig (0.00s)
    --- PASS: TestExtractSecretsFromConfig/HTTP_headers_with_secrets (0.00s)
    --- PASS: TestExtractSecretsFromConfig/env_vars_with_secrets (0.00s)
    --- PASS: TestExtractSecretsFromConfig/mixed_headers_and_env (0.00s)
    --- PASS: TestExtractSecretsFromConfig/no_secrets (0.00s)
    --- PASS: TestExtractSecretsFromConfig/duplicate_secrets_(should_only_appear_once) (0.00s)
=== RUN   TestCheckSecretsAvailability
=== RUN   TestCheckSecretsAvailability/secret_in_environment
=== RUN   TestCheckSecretsAvailability/secret_not_found
=== RUN   TestCheckSecretsAvailability/multiple_secrets_mixed_availability
--- PASS: TestCheckSecretsAvailability (0.00s)
    --- PASS: TestCheckSecretsAvailability/secret_in_environment (0.00s)
    --- PASS: TestCheckSecretsAvailability/secret_not_found (0.00s)
    --- PASS: TestCheckSecretsAvailability/multiple_secrets_mixed_availability (0.00s)
=== RUN   TestSecurityCLICommandInjectionPrevention
=== RUN   TestSecurityCLICommandInjectionPrevention/valid_workflow_name
=== RUN   TestSecurityCLICommandInjectionPrevention/workflow_name_with_semicolon
=== RUN   TestSecurityCLICommandInjectionPrevention/workflow_name_with_backticks
=== RUN   TestSecurityCLICommandInjectionPrevention/workflow_name_with_dollar_paren
=== RUN   TestSecurityCLICommandInjectionPrevention/workflow_name_with_pipe
=== RUN   TestSecurityCLICommandInjectionPrevention/workflow_name_with_ampersand
--- PASS: TestSecurityCLICommandInjectionPrevention (0.00s)
    --- PASS: TestSecurityCLICommandInjectionPrevention/valid_workflow_name (0.00s)
    --- PASS: TestSecurityCLICommandInjectionPrevention/workflow_name_with_semicolon (0.00s)
    --- PASS: TestSecurityCLICommandInjectionPrevention/workflow_name_with_backticks (0.00s)
    --- PASS: TestSecurityCLICommandInjectionPrevention/workflow_name_with_dollar_paren (0.00s)
    --- PASS: TestSecurityCLICommandInjectionPrevention/workflow_name_with_pipe (0.00s)
    --- PASS: TestSecurityCLICommandInjectionPrevention/workflow_name_with_ampersand (0.00s)
=== RUN   TestSecurityCLIPathSanitization
=== RUN   TestSecurityCLIPathSanitization/simple_filename
=== RUN   TestSecurityCLIPathSanitization/relative_path
=== RUN   TestSecurityCLIPathSanitization/parent_traversal
=== RUN   TestSecurityCLIPathSanitization/hidden_parent_traversal
=== RUN   TestSecurityCLIPathSanitization/null_byte_injection
=== RUN   TestSecurityCLIPathSanitization/nested_subdir
--- PASS: TestSecurityCLIPathSanitization (0.00s)
    --- PASS: TestSecurityCLIPathSanitization/simple_filename (0.00s)
    --- PASS: TestSecurityCLIPathSanitization/relative_path (0.00s)
    --- PASS: TestSecurityCLIPathSanitization/parent_traversal (0.00s)
    --- PASS: TestSecurityCLIPathSanitization/hidden_parent_traversal (0.00s)
    --- PASS: TestSecurityCLIPathSanitization/null_byte_injection (0.00s)
    --- PASS: TestSecurityCLIPathSanitization/nested_subdir (0.00s)
=== RUN   TestSecurityCLIUnsafeFlagCombinations
=== RUN   TestSecurityCLIUnsafeFlagCombinations/force_overwrite_without_confirm
=== RUN   TestSecurityCLIUnsafeFlagCombinations/trial_mode_safe
=== RUN   TestSecurityCLIUnsafeFlagCombinations/no_emit_safe
--- PASS: TestSecurityCLIUnsafeFlagCombinations (0.00s)
    --- PASS: TestSecurityCLIUnsafeFlagCombinations/force_overwrite_without_confirm (0.00s)
    --- PASS: TestSecurityCLIUnsafeFlagCombinations/trial_mode_safe (0.00s)
    --- PASS: TestSecurityCLIUnsafeFlagCombinations/no_emit_safe (0.00s)
=== RUN   TestSecurityCLIInputSizeLimits
=== RUN   TestSecurityCLIInputSizeLimits/reasonable_workflow
    security_regression_test.go:315: Created test file: 77 bytes
=== RUN   TestSecurityCLIInputSizeLimits/large_markdown_content
    security_regression_test.go:315: Created test file: 22074 bytes
--- PASS: TestSecurityCLIInputSizeLimits (0.00s)
    --- PASS: TestSecurityCLIInputSizeLimits/reasonable_workflow (0.00s)
    --- PASS: TestSecurityCLIInputSizeLimits/large_markdown_content (0.00s)
=== RUN   TestSecurityCLIEnvironmentVariableSanitization
=== RUN   TestSecurityCLIEnvironmentVariableSanitization/valid_env_var
=== RUN   TestSecurityCLIEnvironmentVariableSanitization/env_var_with_newline
=== RUN   TestSecurityCLIEnvironmentVariableSanitization/env_var_with_special_chars
--- PASS: TestSecurityCLIEnvironmentVariableSanitization (0.00s)
    --- PASS: TestSecurityCLIEnvironmentVariableSanitization/valid_env_var (0.00s)
    --- PASS: TestSecurityCLIEnvironmentVariableSanitization/env_var_with_newline (0.00s)
    --- PASS: TestSecurityCLIEnvironmentVariableSanitization/env_var_with_special_chars (0.00s)
=== RUN   TestSecurityCLIWorkflowFileValidation
=== RUN   TestSecurityCLIWorkflowFileValidation/valid_workflow
/tmp/gh-aw-test-runs/20260704-173215-1254792/workflow-validation-test754672787/test-workflow.md: info: Tip: set permissions.copilot-requests: write to use GitHub Actions token-based inference with the Copilot engine instead of a personal access token (COPILOT_GITHUB_TOKEN). This option requires that your organization has centralized Copilot billing enabled and may not be available in all organizations — see https://github.github.com/gh-aw/reference/billing/ for details.

✓ /tmp/gh-aw-test-runs/20260704-173215-1254792/workflow-validation-test754672787/test-workflow.md (77.2 KB)
=== RUN   TestSecurityCLIWorkflowFileValidation/workflow_with_secrets_expression
=== RUN   TestSecurityCLIWorkflowFileValidation/workflow_without_frontmatter
=== RUN   TestSecurityCLIWorkflowFileValidation/workflow_with_invalid_yaml
--- PASS: TestSecurityCLIWorkflowFileValidation (0.02s)
    --- PASS: TestSecurityCLIWorkflowFileValidation/valid_workflow (0.01s)
    --- PASS: TestSecurityCLIWorkflowFileValidation/workflow_with_secrets_expression (0.00s)
    --- PASS: TestSecurityCLIWorkflowFileValidation/workflow_without_frontmatter (0.00s)
    --- PASS: TestSecurityCLIWorkflowFileValidation/workflow_with_invalid_yaml (0.00s)
=== RUN   TestSecurityCLIOutputDirectorySafety
=== RUN   TestSecurityCLIOutputDirectorySafety/valid_relative_dir
=== RUN   TestSecurityCLIOutputDirectorySafety/valid_custom_dir
=== RUN   TestSecurityCLIOutputDirectorySafety/parent_traversal_dir
=== RUN   TestSecurityCLIOutputDirectorySafety/nested_traversal
--- PASS: TestSecurityCLIOutputDirectorySafety (0.00s)
    --- PASS: TestSecurityCLIOutputDirectorySafety/valid_relative_dir (0.00s)
    --- PASS: TestSecurityCLIOutputDirectorySafety/valid_custom_dir (0.00s)
    --- PASS: TestSecurityCLIOutputDirectorySafety/parent_traversal_dir (0.00s)
    --- PASS: TestSecurityCLIOutputDirectorySafety/nested_traversal (0.00s)
=== RUN   TestIsPreciseVersion
=== RUN   TestIsPreciseVersion/major_only_-_not_precise
=== RUN   TestIsPreciseVersion/major.minor_-_not_precise
=== RUN   TestIsPreciseVersion/major.minor.patch_-_precise
=== RUN   TestIsPreciseVersion/major.minor.patch_non-zero_-_precise
=== RUN   TestIsPreciseVersion/full_version_-_precise
=== RUN   TestIsPreciseVersion/without_v_prefix_-_precise
=== RUN   TestIsPreciseVersion/single_digit_major_-_not_precise
=== RUN   TestIsPreciseVersion/three_component_version_-_precise
--- PASS: TestIsPreciseVersion (0.00s)
    --- PASS: TestIsPreciseVersion/major_only_-_not_precise (0.00s)
    --- PASS: TestIsPreciseVersion/major.minor_-_not_precise (0.00s)
    --- PASS: TestIsPreciseVersion/major.minor.patch_-_precise (0.00s)
    --- PASS: TestIsPreciseVersion/major.minor.patch_non-zero_-_precise (0.00s)
    --- PASS: TestIsPreciseVersion/full_version_-_precise (0.00s)
    --- PASS: TestIsPreciseVersion/without_v_prefix_-_precise (0.00s)
    --- PASS: TestIsPreciseVersion/single_digit_major_-_not_precise (0.00s)
    --- PASS: TestIsPreciseVersion/three_component_version_-_precise (0.00s)
=== RUN   TestPreciseVersionPreference
--- PASS: TestPreciseVersionPreference (0.00s)
=== RUN   TestIsSemanticVersionTag
=== RUN   TestIsSemanticVersionTag/version_with_v_prefix
=== RUN   TestIsSemanticVersionTag/version_without_v_prefix
=== RUN   TestIsSemanticVersionTag/version_with_two_parts
=== RUN   TestIsSemanticVersionTag/version_with_one_part
=== RUN   TestIsSemanticVersionTag/version_with_prerelease
=== RUN   TestIsSemanticVersionTag/version_with_build_metadata
=== RUN   TestIsSemanticVersionTag/branch_name
=== RUN   TestIsSemanticVersionTag/branch_name_with_dash
=== RUN   TestIsSemanticVersionTag/commit_sha
=== RUN   TestIsSemanticVersionTag/random_string
--- PASS: TestIsSemanticVersionTag (0.00s)
    --- PASS: TestIsSemanticVersionTag/version_with_v_prefix (0.00s)
    --- PASS: TestIsSemanticVersionTag/version_without_v_prefix (0.00s)
    --- PASS: TestIsSemanticVersionTag/version_with_two_parts (0.00s)
    --- PASS: TestIsSemanticVersionTag/version_with_one_part (0.00s)
    --- PASS: TestIsSemanticVersionTag/version_with_prerelease (0.00s)
    --- PASS: TestIsSemanticVersionTag/version_with_build_metadata (0.00s)
    --- PASS: TestIsSemanticVersionTag/branch_name (0.00s)
    --- PASS: TestIsSemanticVersionTag/branch_name_with_dash (0.00s)
    --- PASS: TestIsSemanticVersionTag/commit_sha (0.00s)
    --- PASS: TestIsSemanticVersionTag/random_string (0.00s)
=== RUN   TestParseVersion
=== RUN   TestParseVersion/full_version_with_v
=== RUN   TestParseVersion/full_version_without_v
=== RUN   TestParseVersion/version_with_prerelease
=== RUN   TestParseVersion/two-part_version
=== RUN   TestParseVersion/one-part_version
=== RUN   TestParseVersion/invalid_version
=== RUN   TestParseVersion/branch_name
--- PASS: TestParseVersion (0.00s)
    --- PASS: TestParseVersion/full_version_with_v (0.00s)
    --- PASS: TestParseVersion/full_version_without_v (0.00s)
    --- PASS: TestParseVersion/version_with_prerelease (0.00s)
    --- PASS: TestParseVersion/two-part_version (0.00s)
    --- PASS: TestParseVersion/one-part_version (0.00s)
    --- PASS: TestParseVersion/invalid_version (0.00s)
    --- PASS: TestParseVersion/branch_name (0.00s)
=== RUN   TestVersionIsNewer
=== RUN   TestVersionIsNewer/newer_major
=== RUN   TestVersionIsNewer/older_major
=== RUN   TestVersionIsNewer/newer_minor
=== RUN   TestVersionIsNewer/older_minor
=== RUN   TestVersionIsNewer/newer_patch
=== RUN   TestVersionIsNewer/older_patch
=== RUN   TestVersionIsNewer/same_version
=== RUN   TestVersionIsNewer/release_vs_prerelease
=== RUN   TestVersionIsNewer/prerelease_vs_release
=== RUN   TestVersionIsNewer/same_with_prerelease
--- PASS: TestVersionIsNewer (0.00s)
    --- PASS: TestVersionIsNewer/newer_major (0.00s)
    --- PASS: TestVersionIsNewer/older_major (0.00s)
    --- PASS: TestVersionIsNewer/newer_minor (0.00s)
    --- PASS: TestVersionIsNewer/older_minor (0.00s)
    --- PASS: TestVersionIsNewer/newer_patch (0.00s)
    --- PASS: TestVersionIsNewer/older_patch (0.00s)
    --- PASS: TestVersionIsNewer/same_version (0.00s)
    --- PASS: TestVersionIsNewer/release_vs_prerelease (0.00s)
    --- PASS: TestVersionIsNewer/prerelease_vs_release (0.00s)
    --- PASS: TestVersionIsNewer/same_with_prerelease (0.00s)
=== RUN   TestSetupActionCopiesAntigravityLogParser
--- PASS: TestSetupActionCopiesAntigravityLogParser (4.51s)
=== RUN   TestDetectShell
=== RUN   TestDetectShell/detect_bash_from_BASH_VERSION
=== RUN   TestDetectShell/detect_zsh_from_ZSH_VERSION
=== RUN   TestDetectShell/detect_fish_from_FISH_VERSION
=== RUN   TestDetectShell/detect_bash_from_SHELL_path
=== RUN   TestDetectShell/detect_zsh_from_SHELL_path
=== RUN   TestDetectShell/detect_fish_from_SHELL_path
=== RUN   TestDetectShell/detect_powershell_from_SHELL_path
=== RUN   TestDetectShell/unknown_shell
--- PASS: TestDetectShell (0.00s)
    --- PASS: TestDetectShell/detect_bash_from_BASH_VERSION (0.00s)
    --- PASS: TestDetectShell/detect_zsh_from_ZSH_VERSION (0.00s)
    --- PASS: TestDetectShell/detect_fish_from_FISH_VERSION (0.00s)
    --- PASS: TestDetectShell/detect_bash_from_SHELL_path (0.00s)
    --- PASS: TestDetectShell/detect_zsh_from_SHELL_path (0.00s)
    --- PASS: TestDetectShell/detect_fish_from_SHELL_path (0.00s)
    --- PASS: TestDetectShell/detect_powershell_from_SHELL_path (0.00s)
    --- PASS: TestDetectShell/unknown_shell (0.00s)
=== RUN   TestDetectShellNoShellEnv
--- PASS: TestDetectShellNoShellEnv (0.00s)
=== RUN   TestDetectShellPrioritizesVersionVariable
--- PASS: TestDetectShellPrioritizesVersionVariable (0.00s)
=== RUN   TestShellTypeString
=== RUN   TestShellTypeString/bash
=== RUN   TestShellTypeString/zsh
=== RUN   TestShellTypeString/fish
=== RUN   TestShellTypeString/powershell
=== RUN   TestShellTypeString/unknown
--- PASS: TestShellTypeString (0.00s)
    --- PASS: TestShellTypeString/bash (0.00s)
    --- PASS: TestShellTypeString/zsh (0.00s)
    --- PASS: TestShellTypeString/fish (0.00s)
    --- PASS: TestShellTypeString/powershell (0.00s)
    --- PASS: TestShellTypeString/unknown (0.00s)
=== RUN   TestUninstallBashCompletion
✓ Removed bash completion from: /tmp/TestUninstallBashCompletion1199224293/001/.bash_completion.d/gh-aw
ℹ Please restart your shell for changes to take effect
--- PASS: TestUninstallBashCompletion (0.00s)
=== RUN   TestUninstallBashCompletionNotFound
--- PASS: TestUninstallBashCompletionNotFound (0.00s)
=== RUN   TestUninstallZshCompletion
✓ Removed zsh completion from: /tmp/TestUninstallZshCompletion1724497543/001/.zsh/completions/_gh-aw
ℹ Please restart your shell for changes to take effect
--- PASS: TestUninstallZshCompletion (0.00s)
=== RUN   TestUninstallZshCompletionNotFound
--- PASS: TestUninstallZshCompletionNotFound (0.00s)
=== RUN   TestUninstallFishCompletion
✓ Removed fish completion from: /tmp/TestUninstallFishCompletion1885547016/001/.config/fish/completions/gh-aw.fish
ℹ Fish will automatically detect the removal on next shell start
--- PASS: TestUninstallFishCompletion (0.00s)
=== RUN   TestUninstallFishCompletionNotFound
--- PASS: TestUninstallFishCompletionNotFound (0.00s)
=== RUN   TestUninstallShellCompletion
=== RUN   TestUninstallShellCompletion/bash_uninstall_success
ℹ Detected shell: bash
✓ Removed bash completion from: /tmp/TestUninstallShellCompletion3375997129/001/.bash_completion.d/gh-aw
ℹ Please restart your shell for changes to take effect
=== RUN   TestUninstallShellCompletion/zsh_uninstall_success
ℹ Detected shell: zsh
✓ Removed zsh completion from: /tmp/TestUninstallShellCompletion3375997129/001/.zsh/completions/_gh-aw
ℹ Please restart your shell for changes to take effect
=== RUN   TestUninstallShellCompletion/fish_uninstall_success
ℹ Detected shell: fish
✓ Removed fish completion from: /tmp/TestUninstallShellCompletion3375997129/001/.config/fish/completions/gh-aw.fish
ℹ Fish will automatically detect the removal on next shell start
=== RUN   TestUninstallShellCompletion/unknown_shell_fails
--- PASS: TestUninstallShellCompletion (0.00s)
    --- PASS: TestUninstallShellCompletion/bash_uninstall_success (0.00s)
    --- PASS: TestUninstallShellCompletion/zsh_uninstall_success (0.00s)
    --- PASS: TestUninstallShellCompletion/fish_uninstall_success (0.00s)
    --- PASS: TestUninstallShellCompletion/unknown_shell_fails (0.00s)
=== RUN   TestPollWithSignalHandling_Success
--- PASS: TestPollWithSignalHandling_Success (0.02s)
=== RUN   TestPollWithSignalHandling_Failure
--- PASS: TestPollWithSignalHandling_Failure (0.00s)
=== RUN   TestPollWithSignalHandling_Timeout
--- PASS: TestPollWithSignalHandling_Timeout (0.10s)
=== RUN   TestPollWithSignalHandling_ImmediateSuccess
--- PASS: TestPollWithSignalHandling_ImmediateSuccess (0.00s)
=== RUN   TestPollWithSignalHandling_SignalInterruption
    signal_aware_poll_test.go:106: Signal interruption requires manual testing - implementation verified by code review
--- SKIP: TestPollWithSignalHandling_SignalInterruption (0.00s)
=== RUN   TestPollWithSignalHandling_ContextCancellation
ℹ Operation cancelled (context canceled), stopping wait...
--- PASS: TestPollWithSignalHandling_ContextCancellation (0.00s)
=== RUN   TestPollWithSignalHandling_AlreadyCancelledContext
ℹ Operation cancelled (context canceled), stopping wait...
--- PASS: TestPollWithSignalHandling_AlreadyCancelledContext (0.00s)
=== RUN   TestParseGitHubURL
=== RUN   TestParseGitHubURL/blob_URL_with_main_branch
=== RUN   TestParseGitHubURL/tree_URL_with_develop_branch
=== RUN   TestParseGitHubURL/raw_URL_with_version_tag
=== RUN   TestParseGitHubURL/blob_URL_with_long_hyphenated_repo_name
=== RUN   TestParseGitHubURL/invalid_-_non-github_domain
=== RUN   TestParseGitHubURL/invalid_-_path_too_short
=== RUN   TestParseGitHubURL/invalid_-_wrong_URL_type
=== RUN   TestParseGitHubURL/invalid_-_missing_.md_extension
=== RUN   TestParseGitHubURL/raw.githubusercontent.com_with_refs/heads/branch
=== RUN   TestParseGitHubURL/raw.githubusercontent.com_with_commit_SHA
=== RUN   TestParseGitHubURL/raw.githubusercontent.com_with_refs/tags/tag
--- PASS: TestParseGitHubURL (0.00s)
    --- PASS: TestParseGitHubURL/blob_URL_with_main_branch (0.00s)
    --- PASS: TestParseGitHubURL/tree_URL_with_develop_branch (0.00s)
    --- PASS: TestParseGitHubURL/raw_URL_with_version_tag (0.00s)
    --- PASS: TestParseGitHubURL/blob_URL_with_long_hyphenated_repo_name (0.00s)
    --- PASS: TestParseGitHubURL/invalid_-_non-github_domain (0.00s)
    --- PASS: TestParseGitHubURL/invalid_-_path_too_short (0.00s)
    --- PASS: TestParseGitHubURL/invalid_-_wrong_URL_type (0.00s)
    --- PASS: TestParseGitHubURL/invalid_-_missing_.md_extension (0.00s)
    --- PASS: TestParseGitHubURL/raw.githubusercontent.com_with_refs/heads/branch (0.00s)
    --- PASS: TestParseGitHubURL/raw.githubusercontent.com_with_commit_SHA (0.00s)
    --- PASS: TestParseGitHubURL/raw.githubusercontent.com_with_refs/tags/tag (0.00s)
=== RUN   TestBuildSourceStringWithCommitSHA_ManifestSource
--- PASS: TestBuildSourceStringWithCommitSHA_ManifestSource (0.00s)
=== RUN   TestBuildSourceStringWithCommitSHA_ManifestSourceRoot
--- PASS: TestBuildSourceStringWithCommitSHA_ManifestSourceRoot (0.00s)
=== RUN   TestParseManifestSourceSpec
=== RUN   TestParseManifestSourceSpec/owner/repo@v1.0.0
=== RUN   TestParseManifestSourceSpec/owner/repo@feature/github-agentic-workflow
=== RUN   TestParseManifestSourceSpec/owner/repo@release/2026.05.27-rc_1
=== RUN   TestParseManifestSourceSpec/owner/repo/packages/repo-assist@main
=== RUN   TestParseManifestSourceSpec/owner/repo/agentic-workflows@hotfix/github-aw_fix-1.2.3
=== RUN   TestParseManifestSourceSpec/owner/repo/workflows/triage.md@v1.0.0
=== RUN   TestParseManifestSourceSpec/owner/repo/workflows/triage.md@release/2026.05.27-rc_1
--- PASS: TestParseManifestSourceSpec (0.00s)
    --- PASS: TestParseManifestSourceSpec/owner/repo@v1.0.0 (0.00s)
    --- PASS: TestParseManifestSourceSpec/owner/repo@feature/github-agentic-workflow (0.00s)
    --- PASS: TestParseManifestSourceSpec/owner/repo@release/2026.05.27-rc_1 (0.00s)
    --- PASS: TestParseManifestSourceSpec/owner/repo/packages/repo-assist@main (0.00s)
    --- PASS: TestParseManifestSourceSpec/owner/repo/agentic-workflows@hotfix/github-aw_fix-1.2.3 (0.00s)
    --- PASS: TestParseManifestSourceSpec/owner/repo/workflows/triage.md@v1.0.0 (0.00s)
    --- PASS: TestParseManifestSourceSpec/owner/repo/workflows/triage.md@release/2026.05.27-rc_1 (0.00s)
=== RUN   TestParseAwInfo
=== RUN   TestParseAwInfo/staged_true_as_boolean
=== RUN   TestParseAwInfo/staged_false_as_boolean
=== RUN   TestParseAwInfo/no_staged_field
=== RUN   TestParseAwInfo/missing_file
=== RUN   TestParseAwInfo/invalid_json
=== RUN   TestParseAwInfo/staged_as_directory_with_nested_file
=== RUN   TestParseAwInfo/complete_aw_info_structure
--- PASS: TestParseAwInfo (0.00s)
    --- PASS: TestParseAwInfo/staged_true_as_boolean (0.00s)
    --- PASS: TestParseAwInfo/staged_false_as_boolean (0.00s)
    --- PASS: TestParseAwInfo/no_staged_field (0.00s)
    --- PASS: TestParseAwInfo/missing_file (0.00s)
    --- PASS: TestParseAwInfo/invalid_json (0.00s)
    --- PASS: TestParseAwInfo/staged_as_directory_with_nested_file (0.00s)
    --- PASS: TestParseAwInfo/complete_aw_info_structure (0.00s)
=== RUN   TestIsCompiledUpToDate
=== RUN   TestIsCompiledUpToDate/matching_hash_returns_Yes
=== RUN   TestIsCompiledUpToDate/mismatched_hash_returns_No
=== RUN   TestIsCompiledUpToDate/legacy_lock_file_without_hash_returns_Yes
=== RUN   TestIsCompiledUpToDate/nonexistent_lock_file_returns_No
--- PASS: TestIsCompiledUpToDate (0.00s)
    --- PASS: TestIsCompiledUpToDate/matching_hash_returns_Yes (0.00s)
    --- PASS: TestIsCompiledUpToDate/mismatched_hash_returns_No (0.00s)
    --- PASS: TestIsCompiledUpToDate/legacy_lock_file_without_hash_returns_Yes (0.00s)
    --- PASS: TestIsCompiledUpToDate/nonexistent_lock_file_returns_No (0.00s)
=== RUN   TestExtractWorkflowDependencies
--- PASS: TestExtractWorkflowDependencies (0.00s)
=== RUN   TestExtractWorkflowDependencies_ImportsObjectAW
--- PASS: TestExtractWorkflowDependencies_ImportsObjectAW (0.00s)
=== RUN   TestRenderWorkflowDependencyTree
--- PASS: TestRenderWorkflowDependencyTree (0.00s)
=== RUN   TestRenderWorkflowDependencyTree_Empty
--- PASS: TestRenderWorkflowDependencyTree_Empty (0.00s)
=== RUN   TestGetWorkflowStatuses_MCPIntegration
    status_mcp_integration_test.go:25: GetWorkflowStatuses returned error (expected if not in repo): failed to get markdown workflow files: no .github/workflows directory found
--- PASS: TestGetWorkflowStatuses_MCPIntegration (0.00s)
=== RUN   TestGetWorkflowStatuses_WithPattern
    status_mcp_integration_test.go:50: Skipping test: not in a repository with workflows: failed to get markdown workflow files: no .github/workflows directory found
--- SKIP: TestGetWorkflowStatuses_WithPattern (0.00s)
=== RUN   TestGetWorkflowStatuses_MCPJSONStructure
    status_mcp_integration_test.go:84: Skipping test: not in a repository with workflows: failed to get markdown workflow files: no .github/workflows directory found
--- SKIP: TestGetWorkflowStatuses_MCPJSONStructure (0.00s)
=== RUN   TestBuildRemoteWorkflowStatuses
=== RUN   TestBuildRemoteWorkflowStatuses/returns_all_workflows_when_no_pattern
=== RUN   TestBuildRemoteWorkflowStatuses/filters_by_pattern_case-insensitively
=== RUN   TestBuildRemoteWorkflowStatuses/translates_disabled_manually_to_disabled
=== RUN   TestBuildRemoteWorkflowStatuses/preserves_active_state
=== RUN   TestBuildRemoteWorkflowStatuses/includes_run_status_when_ref_runs_provided
=== RUN   TestBuildRemoteWorkflowStatuses/empty_run_status_when_no_matching_run
=== RUN   TestBuildRemoteWorkflowStatuses/returns_empty_slice_when_no_workflows_match_pattern
=== RUN   TestBuildRemoteWorkflowStatuses/returns_empty_slice_for_empty_workflow_map
=== RUN   TestBuildRemoteWorkflowStatuses/local-only_fields_are_empty_for_remote_statuses
--- PASS: TestBuildRemoteWorkflowStatuses (0.00s)
    --- PASS: TestBuildRemoteWorkflowStatuses/returns_all_workflows_when_no_pattern (0.00s)
    --- PASS: TestBuildRemoteWorkflowStatuses/filters_by_pattern_case-insensitively (0.00s)
    --- PASS: TestBuildRemoteWorkflowStatuses/translates_disabled_manually_to_disabled (0.00s)
    --- PASS: TestBuildRemoteWorkflowStatuses/preserves_active_state (0.00s)
    --- PASS: TestBuildRemoteWorkflowStatuses/includes_run_status_when_ref_runs_provided (0.00s)
    --- PASS: TestBuildRemoteWorkflowStatuses/empty_run_status_when_no_matching_run (0.00s)
    --- PASS: TestBuildRemoteWorkflowStatuses/returns_empty_slice_when_no_workflows_match_pattern (0.00s)
    --- PASS: TestBuildRemoteWorkflowStatuses/returns_empty_slice_for_empty_workflow_map (0.00s)
    --- PASS: TestBuildRemoteWorkflowStatuses/local-only_fields_are_empty_for_remote_statuses (0.00s)
=== RUN   TestGetWorkflowStatuses_WithRepoFlag_SkipsLocalFiles
--- PASS: TestGetWorkflowStatuses_WithRepoFlag_SkipsLocalFiles (0.00s)
=== RUN   TestGetWorkflowStatuses_LabelFilterWithRepo
--- PASS: TestGetWorkflowStatuses_LabelFilterWithRepo (0.00s)
=== RUN   TestReadRunIDsFromStdin
=== RUN   TestReadRunIDsFromStdin/single_run_ID
=== RUN   TestReadRunIDsFromStdin/multiple_run_IDs
=== RUN   TestReadRunIDsFromStdin/run_URLs
=== RUN   TestReadRunIDsFromStdin/blank_lines_are_ignored
=== RUN   TestReadRunIDsFromStdin/comment_lines_are_ignored
=== RUN   TestReadRunIDsFromStdin/lines_are_trimmed
=== RUN   TestReadRunIDsFromStdin/empty_input
=== RUN   TestReadRunIDsFromStdin/only_blank_lines_and_comments
=== RUN   TestReadRunIDsFromStdin/no_trailing_newline
--- PASS: TestReadRunIDsFromStdin (0.00s)
    --- PASS: TestReadRunIDsFromStdin/single_run_ID (0.00s)
    --- PASS: TestReadRunIDsFromStdin/multiple_run_IDs (0.00s)
    --- PASS: TestReadRunIDsFromStdin/run_URLs (0.00s)
    --- PASS: TestReadRunIDsFromStdin/blank_lines_are_ignored (0.00s)
    --- PASS: TestReadRunIDsFromStdin/comment_lines_are_ignored (0.00s)
    --- PASS: TestReadRunIDsFromStdin/lines_are_trimmed (0.00s)
    --- PASS: TestReadRunIDsFromStdin/empty_input (0.00s)
    --- PASS: TestReadRunIDsFromStdin/only_blank_lines_and_comments (0.00s)
    --- PASS: TestReadRunIDsFromStdin/no_trailing_newline (0.00s)
=== RUN   TestSubIssueCloserWorkflowAddCommentTargetContract
--- PASS: TestSubIssueCloserWorkflowAddCommentTargetContract (0.00s)
=== RUN   TestParseTokenUsageFile
=== RUN   TestParseTokenUsageFile/valid_single_entry
=== RUN   TestParseTokenUsageFile/multiple_entries_with_multiple_models
=== RUN   TestParseTokenUsageFile/extracts_ambient_context_from_first_chronological_invocation
=== RUN   TestParseTokenUsageFile/ambient_context_defaults_cached_tokens_to_zero_when_absent
=== RUN   TestParseTokenUsageFile/empty_file_returns_nil
=== RUN   TestParseTokenUsageFile/file_with_only_blank_lines_returns_nil
=== RUN   TestParseTokenUsageFile/skips_invalid_JSON_lines
=== RUN   TestParseTokenUsageFile/file_not_found_returns_error
=== RUN   TestParseTokenUsageFile/entry_with_empty_model_uses_unknown
--- PASS: TestParseTokenUsageFile (0.00s)
    --- PASS: TestParseTokenUsageFile/valid_single_entry (0.00s)
    --- PASS: TestParseTokenUsageFile/multiple_entries_with_multiple_models (0.00s)
    --- PASS: TestParseTokenUsageFile/extracts_ambient_context_from_first_chronological_invocation (0.00s)
    --- PASS: TestParseTokenUsageFile/ambient_context_defaults_cached_tokens_to_zero_when_absent (0.00s)
    --- PASS: TestParseTokenUsageFile/empty_file_returns_nil (0.00s)
    --- PASS: TestParseTokenUsageFile/file_with_only_blank_lines_returns_nil (0.00s)
    --- PASS: TestParseTokenUsageFile/skips_invalid_JSON_lines (0.00s)
    --- PASS: TestParseTokenUsageFile/file_not_found_returns_error (0.00s)
    --- PASS: TestParseTokenUsageFile/entry_with_empty_model_uses_unknown (0.00s)
=== RUN   TestFindTokenUsageFile
=== RUN   TestFindTokenUsageFile/finds_in_sandbox/firewall/logs_path
=== RUN   TestFindTokenUsageFile/finds_in_firewall-audit-logs_directory
=== RUN   TestFindTokenUsageFile/finds_usage_artifact_token_usage.jsonl
=== RUN   TestFindTokenUsageFile/returns_empty_string_when_not_found
--- PASS: TestFindTokenUsageFile (0.00s)
    --- PASS: TestFindTokenUsageFile/finds_in_sandbox/firewall/logs_path (0.00s)
    --- PASS: TestFindTokenUsageFile/finds_in_firewall-audit-logs_directory (0.00s)
    --- PASS: TestFindTokenUsageFile/finds_usage_artifact_token_usage.jsonl (0.00s)
    --- PASS: TestFindTokenUsageFile/returns_empty_string_when_not_found (0.00s)
=== RUN   TestAnalyzeTokenUsageAICOnly
=== RUN   TestAnalyzeTokenUsageAICOnly/sums_agent_and_detection_usage_artifact_jsonl_files
=== RUN   TestAnalyzeTokenUsageAICOnly/falls_back_to_agent_usage.json_when_token_usage.jsonl_is_empty
--- PASS: TestAnalyzeTokenUsageAICOnly (0.00s)
    --- PASS: TestAnalyzeTokenUsageAICOnly/sums_agent_and_detection_usage_artifact_jsonl_files (0.00s)
    --- PASS: TestAnalyzeTokenUsageAICOnly/falls_back_to_agent_usage.json_when_token_usage.jsonl_is_empty (0.00s)
=== RUN   TestExtractUsageRecord
=== RUN   TestExtractUsageRecord/returns_nested_usage_record
=== RUN   TestExtractUsageRecord/returns_nil_for_non-map_input
--- PASS: TestExtractUsageRecord (0.00s)
    --- PASS: TestExtractUsageRecord/returns_nested_usage_record (0.00s)
    --- PASS: TestExtractUsageRecord/returns_nil_for_non-map_input (0.00s)
=== RUN   TestIsFinite
--- PASS: TestIsFinite (0.00s)
=== RUN   TestSumAICFromUsageJSONLFiles
=== RUN   TestSumAICFromUsageJSONLFiles/returns_error_for_missing_file
=== RUN   TestSumAICFromUsageJSONLFiles/ignores_malformed_and_non-aic_records
=== RUN   TestSumAICFromUsageJSONLFiles/sums_explicit_and_computed_aic_across_multiple_files
--- PASS: TestSumAICFromUsageJSONLFiles (0.00s)
    --- PASS: TestSumAICFromUsageJSONLFiles/returns_error_for_missing_file (0.00s)
    --- PASS: TestSumAICFromUsageJSONLFiles/ignores_malformed_and_non-aic_records (0.00s)
    --- PASS: TestSumAICFromUsageJSONLFiles/sums_explicit_and_computed_aic_across_multiple_files (0.00s)
=== RUN   TestTokenUsageSummaryMethods
=== RUN   TestTokenUsageSummaryMethods/TotalTokens
=== RUN   TestTokenUsageSummaryMethods/AvgDurationMs
=== RUN   TestTokenUsageSummaryMethods/AvgDurationMs_with_zero_requests
=== RUN   TestTokenUsageSummaryMethods/ModelRows_sorted_by_total_tokens
--- PASS: TestTokenUsageSummaryMethods (0.00s)
    --- PASS: TestTokenUsageSummaryMethods/TotalTokens (0.00s)
    --- PASS: TestTokenUsageSummaryMethods/AvgDurationMs (0.00s)
    --- PASS: TestTokenUsageSummaryMethods/AvgDurationMs_with_zero_requests (0.00s)
    --- PASS: TestTokenUsageSummaryMethods/ModelRows_sorted_by_total_tokens (0.00s)
=== RUN   TestFormatDurationMs
=== RUN   TestFormatDurationMs/0ms
=== RUN   TestFormatDurationMs/500ms
=== RUN   TestFormatDurationMs/999ms
=== RUN   TestFormatDurationMs/1.0s
=== RUN   TestFormatDurationMs/1.5s
=== RUN   TestFormatDurationMs/6.4s
=== RUN   TestFormatDurationMs/60.0s
=== RUN   TestFormatDurationMs/1m0s
=== RUN   TestFormatDurationMs/1m30s
=== RUN   TestFormatDurationMs/2m5s
--- PASS: TestFormatDurationMs (0.00s)
    --- PASS: TestFormatDurationMs/0ms (0.00s)
    --- PASS: TestFormatDurationMs/500ms (0.00s)
    --- PASS: TestFormatDurationMs/999ms (0.00s)
    --- PASS: TestFormatDurationMs/1.0s (0.00s)
    --- PASS: TestFormatDurationMs/1.5s (0.00s)
    --- PASS: TestFormatDurationMs/6.4s (0.00s)
    --- PASS: TestFormatDurationMs/60.0s (0.00s)
    --- PASS: TestFormatDurationMs/1m0s (0.00s)
    --- PASS: TestFormatDurationMs/1m30s (0.00s)
    --- PASS: TestFormatDurationMs/2m5s (0.00s)
=== RUN   TestAnalyzeTokenUsage
=== RUN   TestAnalyzeTokenUsage/returns_nil_when_no_file_found
=== RUN   TestAnalyzeTokenUsage/parses_file_from_sandbox_path
=== RUN   TestAnalyzeTokenUsage/counts_steering_events_from_api-proxy_events_log
=== RUN   TestAnalyzeTokenUsage/counts_steering_events_from_legacy_firewall-audit-logs_events_file
=== RUN   TestAnalyzeTokenUsage/falls_back_to_agent_usage.json_when_token-usage.jsonl_is_missing
=== RUN   TestAnalyzeTokenUsage/does_not_recompute_ET_from_raw_usage
=== RUN   TestAnalyzeTokenUsage/unknown_model_keeps_ET_unset
=== RUN   TestAnalyzeTokenUsage/custom_weights_do_not_affect_ET_because_ET_is_disabled
=== RUN   TestAnalyzeTokenUsage/records_requested_sub-agent_models_and_mismatch_when_token_logs_do_not_show_requested_model
=== RUN   TestAnalyzeTokenUsage/records_token-usage-missing_reason_when_sub-agent_model_request_is_present_but_no_model_actuals_exist
=== RUN   TestAnalyzeTokenUsage/falls_back_to_agent_usage.json_in_usage_subdir_when_token_usage.jsonl_is_empty
=== RUN   TestAnalyzeTokenUsage/captures_alias-based_sub-agent_model_requests_used_by_workflow_subagents
--- PASS: TestAnalyzeTokenUsage (0.01s)
    --- PASS: TestAnalyzeTokenUsage/returns_nil_when_no_file_found (0.00s)
    --- PASS: TestAnalyzeTokenUsage/parses_file_from_sandbox_path (0.00s)
    --- PASS: TestAnalyzeTokenUsage/counts_steering_events_from_api-proxy_events_log (0.00s)
    --- PASS: TestAnalyzeTokenUsage/counts_steering_events_from_legacy_firewall-audit-logs_events_file (0.00s)
    --- PASS: TestAnalyzeTokenUsage/falls_back_to_agent_usage.json_when_token-usage.jsonl_is_missing (0.00s)
    --- PASS: TestAnalyzeTokenUsage/does_not_recompute_ET_from_raw_usage (0.00s)
    --- PASS: TestAnalyzeTokenUsage/unknown_model_keeps_ET_unset (0.00s)
    --- PASS: TestAnalyzeTokenUsage/custom_weights_do_not_affect_ET_because_ET_is_disabled (0.00s)
    --- PASS: TestAnalyzeTokenUsage/records_requested_sub-agent_models_and_mismatch_when_token_logs_do_not_show_requested_model (0.00s)
    --- PASS: TestAnalyzeTokenUsage/records_token-usage-missing_reason_when_sub-agent_model_request_is_present_but_no_model_actuals_exist (0.00s)
    --- PASS: TestAnalyzeTokenUsage/falls_back_to_agent_usage.json_in_usage_subdir_when_token_usage.jsonl_is_empty (0.00s)
    --- PASS: TestAnalyzeTokenUsage/captures_alias-based_sub-agent_model_requests_used_by_workflow_subagents (0.00s)
=== RUN   TestCorrelateToolCallsWithTokenDelta
=== RUN   TestCorrelateToolCallsWithTokenDelta/does_not_assign_deltas_from_token_usage
=== RUN   TestCorrelateToolCallsWithTokenDelta/leaves_delta_zero_when_tool_call_has_no_preceding_API_call
=== RUN   TestCorrelateToolCallsWithTokenDelta/leaves_delta_zero_when_tool_call_has_no_following_API_call
=== RUN   TestCorrelateToolCallsWithTokenDelta/handles_empty_token_usage_file_path
=== RUN   TestCorrelateToolCallsWithTokenDelta/keeps_deltas_zero_for_multiple_sequential_tool_calls
--- PASS: TestCorrelateToolCallsWithTokenDelta (0.00s)
    --- PASS: TestCorrelateToolCallsWithTokenDelta/does_not_assign_deltas_from_token_usage (0.00s)
    --- PASS: TestCorrelateToolCallsWithTokenDelta/leaves_delta_zero_when_tool_call_has_no_preceding_API_call (0.00s)
    --- PASS: TestCorrelateToolCallsWithTokenDelta/leaves_delta_zero_when_tool_call_has_no_following_API_call (0.00s)
    --- PASS: TestCorrelateToolCallsWithTokenDelta/handles_empty_token_usage_file_path (0.00s)
    --- PASS: TestCorrelateToolCallsWithTokenDelta/keeps_deltas_zero_for_multiple_sequential_tool_calls (0.00s)
=== RUN   TestCacheEfficiency
=== RUN   TestCacheEfficiency/remains_zero_to_avoid_transforming_raw_token_counts
--- PASS: TestCacheEfficiency (0.00s)
    --- PASS: TestCacheEfficiency/remains_zero_to_avoid_transforming_raw_token_counts (0.00s)
=== RUN   TestModelTokenUsageReasoningTokensJSONRoundTrip
--- PASS: TestModelTokenUsageReasoningTokensJSONRoundTrip (0.00s)
=== RUN   TestCollectRequiredSecretsFromWorkflows_WithTestFixtures
=== RUN   TestCollectRequiredSecretsFromWorkflows_WithTestFixtures/discovers_secrets_from_test_workflows
=== RUN   TestCollectRequiredSecretsFromWorkflows_WithTestFixtures/filters_by_engine
=== RUN   TestCollectRequiredSecretsFromWorkflows_WithTestFixtures/handles_no_matching_workflows_gracefully
--- PASS: TestCollectRequiredSecretsFromWorkflows_WithTestFixtures (0.00s)
    --- PASS: TestCollectRequiredSecretsFromWorkflows_WithTestFixtures/discovers_secrets_from_test_workflows (0.00s)
    --- PASS: TestCollectRequiredSecretsFromWorkflows_WithTestFixtures/filters_by_engine (0.00s)
    --- PASS: TestCollectRequiredSecretsFromWorkflows_WithTestFixtures/handles_no_matching_workflows_gracefully (0.00s)
=== RUN   TestCollectRequiredSecretsFromWorkflows_NoWorkflowsDir
=== RUN   TestCollectRequiredSecretsFromWorkflows_NoWorkflowsDir/fails_when_no_engine_specified
=== RUN   TestCollectRequiredSecretsFromWorkflows_NoWorkflowsDir/succeeds_when_engine_specified
--- PASS: TestCollectRequiredSecretsFromWorkflows_NoWorkflowsDir (0.00s)
    --- PASS: TestCollectRequiredSecretsFromWorkflows_NoWorkflowsDir/fails_when_no_engine_specified (0.00s)
    --- PASS: TestCollectRequiredSecretsFromWorkflows_NoWorkflowsDir/succeeds_when_engine_specified (0.00s)
=== RUN   TestCollectRequiredSecretsFromWorkflows_EmptyWorkflowsDir
=== RUN   TestCollectRequiredSecretsFromWorkflows_EmptyWorkflowsDir/fails_when_no_engine_specified
=== RUN   TestCollectRequiredSecretsFromWorkflows_EmptyWorkflowsDir/succeeds_when_engine_specified
--- PASS: TestCollectRequiredSecretsFromWorkflows_EmptyWorkflowsDir (0.00s)
    --- PASS: TestCollectRequiredSecretsFromWorkflows_EmptyWorkflowsDir/fails_when_no_engine_specified (0.00s)
    --- PASS: TestCollectRequiredSecretsFromWorkflows_EmptyWorkflowsDir/succeeds_when_engine_specified (0.00s)
=== RUN   TestCollectRequiredSecretsFromWorkflows_Deduplication
--- PASS: TestCollectRequiredSecretsFromWorkflows_Deduplication (0.00s)
=== RUN   TestToolGraph
--- PASS: TestToolGraph (0.00s)
=== RUN   TestToolGraphMultipleSequences
--- PASS: TestToolGraphMultipleSequences (0.00s)
=== RUN   TestToolGraphEmptySequences
--- PASS: TestToolGraphEmptySequences (0.00s)
=== RUN   TestTrialConfirmationLipglossRendering
=== RUN   TestTrialConfirmationLipglossRendering/single_workflow_basic
    trial_command_lipgloss_test.go:160: Test case: Should render single workflow without errors
    trial_command_lipgloss_test.go:161: Workflows: 1
    trial_command_lipgloss_test.go:162: Logical repo: owner/logical
    trial_command_lipgloss_test.go:163: Clone repo:
    trial_command_lipgloss_test.go:164: Host repo: owner/host
    trial_command_lipgloss_test.go:165: Delete host repo: false
    trial_command_lipgloss_test.go:166: Auto-merge PRs: false
    trial_command_lipgloss_test.go:167: Repeat count: 0
    trial_command_lipgloss_test.go:168: Direct trial mode: false
=== RUN   TestTrialConfirmationLipglossRendering/multiple_workflows
    trial_command_lipgloss_test.go:160: Test case: Should render multiple workflows without errors
    trial_command_lipgloss_test.go:161: Workflows: 2
    trial_command_lipgloss_test.go:162: Logical repo: owner/logical
    trial_command_lipgloss_test.go:163: Clone repo:
    trial_command_lipgloss_test.go:164: Host repo: owner/host
    trial_command_lipgloss_test.go:165: Delete host repo: false
    trial_command_lipgloss_test.go:166: Auto-merge PRs: false
    trial_command_lipgloss_test.go:167: Repeat count: 0
    trial_command_lipgloss_test.go:168: Direct trial mode: false
=== RUN   TestTrialConfirmationLipglossRendering/clone-repo_mode
    trial_command_lipgloss_test.go:160: Test case: Should render clone-repo mode without errors
    trial_command_lipgloss_test.go:161: Workflows: 1
    trial_command_lipgloss_test.go:162: Logical repo:
    trial_command_lipgloss_test.go:163: Clone repo: owner/source
    trial_command_lipgloss_test.go:164: Host repo: owner/host
    trial_command_lipgloss_test.go:165: Delete host repo: true
    trial_command_lipgloss_test.go:166: Auto-merge PRs: false
    trial_command_lipgloss_test.go:167: Repeat count: 0
    trial_command_lipgloss_test.go:168: Direct trial mode: false
=== RUN   TestTrialConfirmationLipglossRendering/direct_trial_mode
    trial_command_lipgloss_test.go:160: Test case: Should render direct trial mode without errors
    trial_command_lipgloss_test.go:161: Workflows: 1
    trial_command_lipgloss_test.go:162: Logical repo:
    trial_command_lipgloss_test.go:163: Clone repo:
    trial_command_lipgloss_test.go:164: Host repo: owner/host
    trial_command_lipgloss_test.go:165: Delete host repo: false
    trial_command_lipgloss_test.go:166: Auto-merge PRs: true
    trial_command_lipgloss_test.go:167: Repeat count: 0
    trial_command_lipgloss_test.go:168: Direct trial mode: true
=== RUN   TestTrialConfirmationLipglossRendering/with_repeat_count
    trial_command_lipgloss_test.go:160: Test case: Should render with repeat count without errors
    trial_command_lipgloss_test.go:161: Workflows: 1
    trial_command_lipgloss_test.go:162: Logical repo: owner/logical
    trial_command_lipgloss_test.go:163: Clone repo:
    trial_command_lipgloss_test.go:164: Host repo: owner/host
    trial_command_lipgloss_test.go:165: Delete host repo: false
    trial_command_lipgloss_test.go:166: Auto-merge PRs: false
    trial_command_lipgloss_test.go:167: Repeat count: 3
    trial_command_lipgloss_test.go:168: Direct trial mode: false
=== RUN   TestTrialConfirmationLipglossRendering/all_options_enabled
    trial_command_lipgloss_test.go:160: Test case: Should render with all options enabled without errors
    trial_command_lipgloss_test.go:161: Workflows: 2
    trial_command_lipgloss_test.go:162: Logical repo: owner/logical
    trial_command_lipgloss_test.go:163: Clone repo:
    trial_command_lipgloss_test.go:164: Host repo: owner/host
    trial_command_lipgloss_test.go:165: Delete host repo: true
    trial_command_lipgloss_test.go:166: Auto-merge PRs: true
    trial_command_lipgloss_test.go:167: Repeat count: 5
    trial_command_lipgloss_test.go:168: Direct trial mode: false
--- PASS: TestTrialConfirmationLipglossRendering (0.00s)
    --- PASS: TestTrialConfirmationLipglossRendering/single_workflow_basic (0.00s)
    --- PASS: TestTrialConfirmationLipglossRendering/multiple_workflows (0.00s)
    --- PASS: TestTrialConfirmationLipglossRendering/clone-repo_mode (0.00s)
    --- PASS: TestTrialConfirmationLipglossRendering/direct_trial_mode (0.00s)
    --- PASS: TestTrialConfirmationLipglossRendering/with_repeat_count (0.00s)
    --- PASS: TestTrialConfirmationLipglossRendering/all_options_enabled (0.00s)
=== RUN   TestTrialConfirmationStructure
    trial_command_lipgloss_test.go:195: Function signature validated
--- PASS: TestTrialConfirmationStructure (0.00s)
=== RUN   TestLipglossImportPresent
    trial_command_lipgloss_test.go:206: Lipgloss types are available and imported
--- PASS: TestLipglossImportPresent (0.00s)
=== RUN   TestSectionCompositionPattern
    trial_command_lipgloss_test.go:223: Expected pattern: Title box with DoubleBorder
    trial_command_lipgloss_test.go:223: Expected pattern: Info sections with left-border emphasis
    trial_command_lipgloss_test.go:223: Expected pattern: JoinVertical composition
    trial_command_lipgloss_test.go:223: Expected pattern: TTY detection for adaptive styling
    trial_command_lipgloss_test.go:223: Expected pattern: Plain text output for non-TTY
--- PASS: TestSectionCompositionPattern (0.00s)
=== RUN   TestNewTrialCommandCloneRepoFlagDescription
--- PASS: TestNewTrialCommandCloneRepoFlagDescription (0.00s)
=== RUN   TestNewTrialCommandNoArgsErrorIncludesExample
Error: missing workflow specification

Usage:
  trial <workflow-spec>...

Example:
  trial githubnext/agentics/daily-plan             Trial a workflow from a repository
  trial ./local-workflow.md                         Trial a local workflow

Run 'trial --help' for more information
Usage:
  trial <workflow-spec>... [flags]

Examples:
  gh aw trial githubnext/agentics/weekly-research                         # Run a single workflow in a temporary trial repository
  gh aw trial githubnext/agentics/daily-plan githubnext/agentics/weekly-research # Compare multiple workflows
  gh aw trial githubnext/agentics/daily-plan myorg/myrepo/custom-workflow # Run workflows from different repositories
  gh aw trial githubnext/agentics/my-workflow --host-repo myorg/myrepo    # Use an existing host repository
  gh aw trial githubnext/agentics/my-workflow --logical-repo myorg/myrepo # Simulate a different github.repository value
  gh aw trial githubnext/agentics/my-workflow --clone-repo myorg/myrepo   # Clone repository contents into the trial host
  gh aw trial githubnext/agentics/my-workflow --repeat 3                  # Run 4 times total (1 initial + 3 repeats)
  gh aw trial githubnext/agentics/my-workflow --delete-host-repo-after    # Delete the trial host repository when done
  gh aw trial githubnext/agentics/my-workflow --dry-run                   # Preview changes without executing
  gh aw trial githubnext/agentics/my-workflow --json                      # Output trial results in JSON format
  gh aw trial githubnext/agentics/my-workflow --auto-merge-prs            # Auto-merge PRs created during the trial
  gh aw trial githubnext/agentics/my-workflow --host-repo .               # Use the current repository as the host
  gh aw trial ./local-workflow.md --clone-repo upstream/repo --repeat 2   # Run a local workflow against cloned contents
  gh aw trial githubnext/agentics/my-workflow --trigger-context https://github.com/owner/repo/issues/123 # Provide issue context for issue-triggered workflows


Flags:
      --append string                   Append extra content to the end of agentic workflow on installation
      --auto-merge-prs                  Auto-merge any pull requests created during trial execution
      --clone-repo string               Clone the contents of the specified repository into the host repository before execution (useful for testing against actual repository state)
      --delete-host-repo-after          Delete the host repository after completion (kept by default)
      --dry-run                         Show what would be done without making any changes
  -e, --engine string                   Override AI engine (copilot, claude, codex, gemini, crush)
      --force-delete-host-repo-before   Force delete the host repository before creation if it already exists
  -h, --help                            help for trial
      --host-repo string                Custom host repository slug (defaults to '<username>/gh-aw-trial'). Use '.' for current repository
  -j, --json                            Output results in JSON format
  -l, --logical-repo string             Repository to simulate workflow execution against, as if the workflow was installed there (defaults to current repository)
      --no-security-scanner             Disable security scanning of workflow markdown content
      --repeat int                      Number of additional times to run after the initial execution (e.g., --repeat 3 runs 4 times total)
      --timeout int                     Execution timeout in minutes (default 30)
      --trigger-context string          Trigger context URL (e.g., GitHub issue URL) for issue-triggered workflows
  -y, --yes                             Skip confirmation prompts

--- PASS: TestNewTrialCommandNoArgsErrorIncludesExample (0.00s)
=== RUN   TestHostRepoSlugProcessing
=== RUN   TestHostRepoSlugProcessing/dot_notation_should_call_getCurrentRepoSlug
    trial_command_test.go:86: Test case: When hostRepoSlug is '.', it should use getCurrentRepoSlug
    trial_command_test.go:87: Input: ., Expected behavior: current_repo
=== RUN   TestHostRepoSlugProcessing/full_slug_should_be_used_as-is
    trial_command_test.go:86: Test case: When hostRepoSlug contains '/', it should be used as-is
    trial_command_test.go:87: Input: owner/repo, Expected behavior: custom_full
=== RUN   TestHostRepoSlugProcessing/repo_name_only_should_be_prefixed_with_username
    trial_command_test.go:86: Test case: When hostRepoSlug is just a name, it should be prefixed with username
    trial_command_test.go:87: Input: my-repo, Expected behavior: custom_prefixed
=== RUN   TestHostRepoSlugProcessing/empty_string_should_use_default
    trial_command_test.go:86: Test case: When hostRepoSlug is empty, it should use the default trial repo
    trial_command_test.go:87: Input: , Expected behavior: default
--- PASS: TestHostRepoSlugProcessing (0.00s)
    --- PASS: TestHostRepoSlugProcessing/dot_notation_should_call_getCurrentRepoSlug (0.00s)
    --- PASS: TestHostRepoSlugProcessing/full_slug_should_be_used_as-is (0.00s)
    --- PASS: TestHostRepoSlugProcessing/repo_name_only_should_be_prefixed_with_username (0.00s)
    --- PASS: TestHostRepoSlugProcessing/empty_string_should_use_default (0.00s)
=== RUN   TestCloneRepoWithVersion
=== RUN   TestCloneRepoWithVersion/repo_with_tag
=== RUN   TestCloneRepoWithVersion/repo_with_branch
=== RUN   TestCloneRepoWithVersion/repo_with_commit_SHA
=== RUN   TestCloneRepoWithVersion/repo_without_version
=== RUN   TestCloneRepoWithVersion/GitHub_URL_with_tag
--- PASS: TestCloneRepoWithVersion (0.00s)
    --- PASS: TestCloneRepoWithVersion/repo_with_tag (0.00s)
    --- PASS: TestCloneRepoWithVersion/repo_with_branch (0.00s)
    --- PASS: TestCloneRepoWithVersion/repo_with_commit_SHA (0.00s)
    --- PASS: TestCloneRepoWithVersion/repo_without_version (0.00s)
    --- PASS: TestCloneRepoWithVersion/GitHub_URL_with_tag (0.00s)
=== RUN   TestModifyWorkflowForTrialMode
=== RUN   TestModifyWorkflowForTrialMode/replace_github.repository_variable
=== RUN   TestModifyWorkflowForTrialMode/replace_checkout_action_with_proper_indentation
=== RUN   TestModifyWorkflowForTrialMode/replace_checkout_action_with_different_indentation
=== RUN   TestModifyWorkflowForTrialMode/replace_checkout_with_additional_parameters
=== RUN   TestModifyWorkflowForTrialMode/handle_multiple_checkout_actions
=== RUN   TestModifyWorkflowForTrialMode/preserve_existing_with_clause_structure
=== RUN   TestModifyWorkflowForTrialMode/combined_replacements
=== RUN   TestModifyWorkflowForTrialMode/no_modifications_needed
--- PASS: TestModifyWorkflowForTrialMode (0.01s)
    --- PASS: TestModifyWorkflowForTrialMode/replace_github.repository_variable (0.00s)
    --- PASS: TestModifyWorkflowForTrialMode/replace_checkout_action_with_proper_indentation (0.00s)
    --- PASS: TestModifyWorkflowForTrialMode/replace_checkout_action_with_different_indentation (0.00s)
    --- PASS: TestModifyWorkflowForTrialMode/replace_checkout_with_additional_parameters (0.00s)
    --- PASS: TestModifyWorkflowForTrialMode/handle_multiple_checkout_actions (0.00s)
    --- PASS: TestModifyWorkflowForTrialMode/preserve_existing_with_clause_structure (0.00s)
    --- PASS: TestModifyWorkflowForTrialMode/combined_replacements (0.00s)
    --- PASS: TestModifyWorkflowForTrialMode/no_modifications_needed (0.00s)
=== RUN   TestModifyWorkflowForTrialModeEdgeCases
=== RUN   TestModifyWorkflowForTrialModeEdgeCases/empty_file
=== RUN   TestModifyWorkflowForTrialModeEdgeCases/malformed_yaml
=== RUN   TestModifyWorkflowForTrialModeEdgeCases/checkout_in_commented_line
=== RUN   TestModifyWorkflowForTrialModeEdgeCases/checkout_in_string_content
--- PASS: TestModifyWorkflowForTrialModeEdgeCases (0.00s)
    --- PASS: TestModifyWorkflowForTrialModeEdgeCases/empty_file (0.00s)
    --- PASS: TestModifyWorkflowForTrialModeEdgeCases/malformed_yaml (0.00s)
    --- PASS: TestModifyWorkflowForTrialModeEdgeCases/checkout_in_commented_line (0.00s)
    --- PASS: TestModifyWorkflowForTrialModeEdgeCases/checkout_in_string_content (0.00s)
=== RUN   TestTrialModeValidation
=== RUN   TestTrialModeValidation/logical-repo_and_clone-repo_are_mutually_exclusive
    trial_command_test.go:634: Error validation passed: Should reject both --logical-repo and --clone-repo
=== RUN   TestTrialModeValidation/repo_with_clone-repo_is_allowed
=== RUN   TestTrialModeValidation/repo_with_logical-repo_is_allowed
=== RUN   TestTrialModeValidation/repo_alone_is_allowed_(direct_mode)
=== RUN   TestTrialModeValidation/clone-repo_alone_is_allowed
=== RUN   TestTrialModeValidation/logical-repo_alone_is_allowed
--- PASS: TestTrialModeValidation (0.00s)
    --- PASS: TestTrialModeValidation/logical-repo_and_clone-repo_are_mutually_exclusive (0.00s)
    --- PASS: TestTrialModeValidation/repo_with_clone-repo_is_allowed (0.00s)
    --- PASS: TestTrialModeValidation/repo_with_logical-repo_is_allowed (0.00s)
    --- PASS: TestTrialModeValidation/repo_alone_is_allowed_(direct_mode) (0.00s)
    --- PASS: TestTrialModeValidation/clone-repo_alone_is_allowed (0.00s)
    --- PASS: TestTrialModeValidation/logical-repo_alone_is_allowed (0.00s)
=== RUN   TestTrialCommandDryRunFlag
=== RUN   TestTrialCommandDryRunFlag/dry-run_flag_present

🚀 Welcome to GitHub Agentic Workflows!

This tool will run a trial of your workflow in a test repository.

Error: invalid workflow specification 'workflow-spec': workflow specification must be in format 'owner/repo/workflow-name[@version]'
Usage:
  trial <workflow-spec>... [flags]

Examples:
  gh aw trial githubnext/agentics/weekly-research                         # Run a single workflow in a temporary trial repository
  gh aw trial githubnext/agentics/daily-plan githubnext/agentics/weekly-research # Compare multiple workflows
  gh aw trial githubnext/agentics/daily-plan myorg/myrepo/custom-workflow # Run workflows from different repositories
  gh aw trial githubnext/agentics/my-workflow --host-repo myorg/myrepo    # Use an existing host repository
  gh aw trial githubnext/agentics/my-workflow --logical-repo myorg/myrepo # Simulate a different github.repository value
  gh aw trial githubnext/agentics/my-workflow --clone-repo myorg/myrepo   # Clone repository contents into the trial host
  gh aw trial githubnext/agentics/my-workflow --repeat 3                  # Run 4 times total (1 initial + 3 repeats)
  gh aw trial githubnext/agentics/my-workflow --delete-host-repo-after    # Delete the trial host repository when done
  gh aw trial githubnext/agentics/my-workflow --dry-run                   # Preview changes without executing
  gh aw trial githubnext/agentics/my-workflow --json                      # Output trial results in JSON format
  gh aw trial githubnext/agentics/my-workflow --auto-merge-prs            # Auto-merge PRs created during the trial
  gh aw trial githubnext/agentics/my-workflow --host-repo .               # Use the current repository as the host
  gh aw trial ./local-workflow.md --clone-repo upstream/repo --repeat 2   # Run a local workflow against cloned contents
  gh aw trial githubnext/agentics/my-workflow --trigger-context https://github.com/owner/repo/issues/123 # Provide issue context for issue-triggered workflows


Flags:
      --append string                   Append extra content to the end of agentic workflow on installation
      --auto-merge-prs                  Auto-merge any pull requests created during trial execution
      --clone-repo string               Clone the contents of the specified repository into the host repository before execution (useful for testing against actual repository state)
      --delete-host-repo-after          Delete the host repository after completion (kept by default)
      --dry-run                         Show what would be done without making any changes
  -e, --engine string                   Override AI engine (copilot, claude, codex, gemini, crush)
      --force-delete-host-repo-before   Force delete the host repository before creation if it already exists
  -h, --help                            help for trial
      --host-repo string                Custom host repository slug (defaults to '<username>/gh-aw-trial'). Use '.' for current repository
  -j, --json                            Output results in JSON format
  -l, --logical-repo string             Repository to simulate workflow execution against, as if the workflow was installed there (defaults to current repository)
      --no-security-scanner             Disable security scanning of workflow markdown content
      --repeat int                      Number of additional times to run after the initial execution (e.g., --repeat 3 runs 4 times total)
      --timeout int                     Execution timeout in minutes (default 30)
      --trigger-context string          Trigger context URL (e.g., GitHub issue URL) for issue-triggered workflows
  -y, --yes                             Skip confirmation prompts

=== RUN   TestTrialCommandDryRunFlag/dry-run_with_other_flags
Error: unknown flag: --verbose
Usage:
  trial <workflow-spec>... [flags]

Examples:
  gh aw trial githubnext/agentics/weekly-research                         # Run a single workflow in a temporary trial repository
  gh aw trial githubnext/agentics/daily-plan githubnext/agentics/weekly-research # Compare multiple workflows
  gh aw trial githubnext/agentics/daily-plan myorg/myrepo/custom-workflow # Run workflows from different repositories
  gh aw trial githubnext/agentics/my-workflow --host-repo myorg/myrepo    # Use an existing host repository
  gh aw trial githubnext/agentics/my-workflow --logical-repo myorg/myrepo # Simulate a different github.repository value
  gh aw trial githubnext/agentics/my-workflow --clone-repo myorg/myrepo   # Clone repository contents into the trial host
  gh aw trial githubnext/agentics/my-workflow --repeat 3                  # Run 4 times total (1 initial + 3 repeats)
  gh aw trial githubnext/agentics/my-workflow --delete-host-repo-after    # Delete the trial host repository when done
  gh aw trial githubnext/agentics/my-workflow --dry-run                   # Preview changes without executing
  gh aw trial githubnext/agentics/my-workflow --json                      # Output trial results in JSON format
  gh aw trial githubnext/agentics/my-workflow --auto-merge-prs            # Auto-merge PRs created during the trial
  gh aw trial githubnext/agentics/my-workflow --host-repo .               # Use the current repository as the host
  gh aw trial ./local-workflow.md --clone-repo upstream/repo --repeat 2   # Run a local workflow against cloned contents
  gh aw trial githubnext/agentics/my-workflow --trigger-context https://github.com/owner/repo/issues/123 # Provide issue context for issue-triggered workflows


Flags:
      --append string                   Append extra content to the end of agentic workflow on installation
      --auto-merge-prs                  Auto-merge any pull requests created during trial execution
      --clone-repo string               Clone the contents of the specified repository into the host repository before execution (useful for testing against actual repository state)
      --delete-host-repo-after          Delete the host repository after completion (kept by default)
      --dry-run                         Show what would be done without making any changes
  -e, --engine string                   Override AI engine (copilot, claude, codex, gemini, crush)
      --force-delete-host-repo-before   Force delete the host repository before creation if it already exists
  -h, --help                            help for trial
      --host-repo string                Custom host repository slug (defaults to '<username>/gh-aw-trial'). Use '.' for current repository
  -j, --json                            Output results in JSON format
  -l, --logical-repo string             Repository to simulate workflow execution against, as if the workflow was installed there (defaults to current repository)
      --no-security-scanner             Disable security scanning of workflow markdown content
      --repeat int                      Number of additional times to run after the initial execution (e.g., --repeat 3 runs 4 times total)
      --timeout int                     Execution timeout in minutes (default 30)
      --trigger-context string          Trigger context URL (e.g., GitHub issue URL) for issue-triggered workflows
  -y, --yes                             Skip confirmation prompts

=== RUN   TestTrialCommandDryRunFlag/no_dry-run_flag

🚀 Welcome to GitHub Agentic Workflows!

This tool will run a trial of your workflow in a test repository.

Error: invalid workflow specification 'workflow-spec': workflow specification must be in format 'owner/repo/workflow-name[@version]'
Usage:
  trial <workflow-spec>... [flags]

Examples:
  gh aw trial githubnext/agentics/weekly-research                         # Run a single workflow in a temporary trial repository
  gh aw trial githubnext/agentics/daily-plan githubnext/agentics/weekly-research # Compare multiple workflows
  gh aw trial githubnext/agentics/daily-plan myorg/myrepo/custom-workflow # Run workflows from different repositories
  gh aw trial githubnext/agentics/my-workflow --host-repo myorg/myrepo    # Use an existing host repository
  gh aw trial githubnext/agentics/my-workflow --logical-repo myorg/myrepo # Simulate a different github.repository value
  gh aw trial githubnext/agentics/my-workflow --clone-repo myorg/myrepo   # Clone repository contents into the trial host
  gh aw trial githubnext/agentics/my-workflow --repeat 3                  # Run 4 times total (1 initial + 3 repeats)
  gh aw trial githubnext/agentics/my-workflow --delete-host-repo-after    # Delete the trial host repository when done
  gh aw trial githubnext/agentics/my-workflow --dry-run                   # Preview changes without executing
  gh aw trial githubnext/agentics/my-workflow --json                      # Output trial results in JSON format
  gh aw trial githubnext/agentics/my-workflow --auto-merge-prs            # Auto-merge PRs created during the trial
  gh aw trial githubnext/agentics/my-workflow --host-repo .               # Use the current repository as the host
  gh aw trial ./local-workflow.md --clone-repo upstream/repo --repeat 2   # Run a local workflow against cloned contents
  gh aw trial githubnext/agentics/my-workflow --trigger-context https://github.com/owner/repo/issues/123 # Provide issue context for issue-triggered workflows


Flags:
      --append string                   Append extra content to the end of agentic workflow on installation
      --auto-merge-prs                  Auto-merge any pull requests created during trial execution
      --clone-repo string               Clone the contents of the specified repository into the host repository before execution (useful for testing against actual repository state)
      --delete-host-repo-after          Delete the host repository after completion (kept by default)
      --dry-run                         Show what would be done without making any changes
  -e, --engine string                   Override AI engine (copilot, claude, codex, gemini, crush)
      --force-delete-host-repo-before   Force delete the host repository before creation if it already exists
  -h, --help                            help for trial
      --host-repo string                Custom host repository slug (defaults to '<username>/gh-aw-trial'). Use '.' for current repository
  -j, --json                            Output results in JSON format
  -l, --logical-repo string             Repository to simulate workflow execution against, as if the workflow was installed there (defaults to current repository)
      --no-security-scanner             Disable security scanning of workflow markdown content
      --repeat int                      Number of additional times to run after the initial execution (e.g., --repeat 3 runs 4 times total)
      --timeout int                     Execution timeout in minutes (default 30)
      --trigger-context string          Trigger context URL (e.g., GitHub issue URL) for issue-triggered workflows
  -y, --yes                             Skip confirmation prompts

--- PASS: TestTrialCommandDryRunFlag (0.00s)
    --- PASS: TestTrialCommandDryRunFlag/dry-run_flag_present (0.00s)
    --- PASS: TestTrialCommandDryRunFlag/dry-run_with_other_flags (0.00s)
    --- PASS: TestTrialCommandDryRunFlag/no_dry-run_flag (0.00s)
=== RUN   TestTrialOptionsDryRun
=== RUN   TestTrialOptionsDryRun/dry-run_enabled
=== RUN   TestTrialOptionsDryRun/dry-run_disabled
--- PASS: TestTrialOptionsDryRun (0.00s)
    --- PASS: TestTrialOptionsDryRun/dry-run_enabled (0.00s)
    --- PASS: TestTrialOptionsDryRun/dry-run_disabled (0.00s)
=== RUN   TestEnsureTrialRepositoryDryRun
=== RUN   TestEnsureTrialRepositoryDryRun/dry-run_with_invalid_repo_slug_format
=== RUN   TestEnsureTrialRepositoryDryRun/dry-run_with_valid_repo_slug
=== RUN   TestEnsureTrialRepositoryDryRun/dry-run_with_force_delete
=== RUN   TestEnsureTrialRepositoryDryRun/dry-run_with_clone_repo
--- PASS: TestEnsureTrialRepositoryDryRun (0.00s)
    --- PASS: TestEnsureTrialRepositoryDryRun/dry-run_with_invalid_repo_slug_format (0.00s)
    --- PASS: TestEnsureTrialRepositoryDryRun/dry-run_with_valid_repo_slug (0.00s)
    --- PASS: TestEnsureTrialRepositoryDryRun/dry-run_with_force_delete (0.00s)
    --- PASS: TestEnsureTrialRepositoryDryRun/dry-run_with_clone_repo (0.00s)
=== RUN   TestDryRunMessageFormatting
=== RUN   TestDryRunMessageFormatting/dry-run_enabled_with_verbose
=== RUN   TestDryRunMessageFormatting/dry-run_enabled_without_verbose
--- PASS: TestDryRunMessageFormatting (0.00s)
    --- PASS: TestDryRunMessageFormatting/dry-run_enabled_with_verbose (0.00s)
    --- PASS: TestDryRunMessageFormatting/dry-run_enabled_without_verbose (0.00s)
=== RUN   TestDryRunNoActualAPICallsForCreate
    trial_dry_run_test.go:287: Dry-run mode should skip actual repository creation
--- PASS: TestDryRunNoActualAPICallsForCreate (0.00s)
=== RUN   TestDryRunForceDeleteBehavior
=== RUN   TestDryRunForceDeleteBehavior/dry-run_with_force_delete
=== RUN   TestDryRunForceDeleteBehavior/dry-run_without_force_delete
--- PASS: TestDryRunForceDeleteBehavior (0.00s)
    --- PASS: TestDryRunForceDeleteBehavior/dry-run_with_force_delete (0.00s)
    --- PASS: TestDryRunForceDeleteBehavior/dry-run_without_force_delete (0.00s)
=== RUN   TestDryRunValidationStillOccurs
=== RUN   TestDryRunValidationStillOccurs/empty_repo_slug
=== RUN   TestDryRunValidationStillOccurs/no_slash_in_repo_slug
=== RUN   TestDryRunValidationStillOccurs/valid_repo_slug
ℹ [DRY RUN] Creating private host repository: owner/repo
ℹ [DRY RUN] Would create repository with description: 'GitHub Agentic Workflows host repository'
ℹ [DRY RUN] Would enable GitHub Actions permissions at: https://github.com/owner/repo/settings/actions
ℹ [DRY RUN] Would enable discussions
✓ [DRY RUN] Would create host repository: https://github.com/owner/repo
--- PASS: TestDryRunValidationStillOccurs (0.00s)
    --- PASS: TestDryRunValidationStillOccurs/empty_repo_slug (0.00s)
    --- PASS: TestDryRunValidationStillOccurs/no_slash_in_repo_slug (0.00s)
    --- PASS: TestDryRunValidationStillOccurs/valid_repo_slug (0.00s)
=== RUN   TestExtractIssueNumberFromURL
=== RUN   TestExtractIssueNumberFromURL/Valid_GitHub_issue_URL
=== RUN   TestExtractIssueNumberFromURL/Another_valid_issue_URL
=== RUN   TestExtractIssueNumberFromURL/Issue_URL_with_single_digit
=== RUN   TestExtractIssueNumberFromURL/Invalid_URL_-_not_GitHub
=== RUN   TestExtractIssueNumberFromURL/Invalid_URL_-_not_an_issue
=== RUN   TestExtractIssueNumberFromURL/Invalid_URL_-_missing_issue_number
=== RUN   TestExtractIssueNumberFromURL/Invalid_URL_-_non-numeric_issue_number
=== RUN   TestExtractIssueNumberFromURL/Empty_URL
=== RUN   TestExtractIssueNumberFromURL/URL_with_query_parameters
=== RUN   TestExtractIssueNumberFromURL/URL_with_fragment
--- PASS: TestExtractIssueNumberFromURL (0.00s)
    --- PASS: TestExtractIssueNumberFromURL/Valid_GitHub_issue_URL (0.00s)
    --- PASS: TestExtractIssueNumberFromURL/Another_valid_issue_URL (0.00s)
    --- PASS: TestExtractIssueNumberFromURL/Issue_URL_with_single_digit (0.00s)
    --- PASS: TestExtractIssueNumberFromURL/Invalid_URL_-_not_GitHub (0.00s)
    --- PASS: TestExtractIssueNumberFromURL/Invalid_URL_-_not_an_issue (0.00s)
    --- PASS: TestExtractIssueNumberFromURL/Invalid_URL_-_missing_issue_number (0.00s)
    --- PASS: TestExtractIssueNumberFromURL/Invalid_URL_-_non-numeric_issue_number (0.00s)
    --- PASS: TestExtractIssueNumberFromURL/Empty_URL (0.00s)
    --- PASS: TestExtractIssueNumberFromURL/URL_with_query_parameters (0.00s)
    --- PASS: TestExtractIssueNumberFromURL/URL_with_fragment (0.00s)
=== RUN   TestTrialWorkflowSpecParsing
=== RUN   TestTrialWorkflowSpecParsing/GitHub_URL_workflow_spec
=== RUN   TestTrialWorkflowSpecParsing/Simple_workflow_spec
=== RUN   TestTrialWorkflowSpecParsing/Invalid_workflow_spec
--- PASS: TestTrialWorkflowSpecParsing (0.00s)
    --- PASS: TestTrialWorkflowSpecParsing/GitHub_URL_workflow_spec (0.00s)
    --- PASS: TestTrialWorkflowSpecParsing/Simple_workflow_spec (0.00s)
    --- PASS: TestTrialWorkflowSpecParsing/Invalid_workflow_spec (0.00s)
=== RUN   TestActionKeyVersionConsistency
--- PASS: TestActionKeyVersionConsistency (0.00s)
=== RUN   TestActionKeyVersionConsistencyInJSON
--- PASS: TestActionKeyVersionConsistencyInJSON (0.00s)
=== RUN   TestUpdateActions_SafeOutputsInputsPreserved
✓ Updated actions/checkout from v4 to v5

✓ Updated 1 action(s):
  • actions/checkout

ℹ Updated actions-lock.json file
--- PASS: TestUpdateActions_SafeOutputsInputsPreserved (0.00s)
=== RUN   TestExtractBaseRepo
=== RUN   TestExtractBaseRepo/action_without_subfolder
=== RUN   TestExtractBaseRepo/action_with_one_subfolder
=== RUN   TestExtractBaseRepo/action_with_multiple_subfolders
=== RUN   TestExtractBaseRepo/action_with_deeply_nested_subfolders
=== RUN   TestExtractBaseRepo/action_with_only_owner
=== RUN   TestExtractBaseRepo/empty_string
--- PASS: TestExtractBaseRepo (0.00s)
    --- PASS: TestExtractBaseRepo/action_without_subfolder (0.00s)
    --- PASS: TestExtractBaseRepo/action_with_one_subfolder (0.00s)
    --- PASS: TestExtractBaseRepo/action_with_multiple_subfolders (0.00s)
    --- PASS: TestExtractBaseRepo/action_with_deeply_nested_subfolders (0.00s)
    --- PASS: TestExtractBaseRepo/action_with_only_owner (0.00s)
    --- PASS: TestExtractBaseRepo/empty_string (0.00s)
=== RUN   TestMajorVersionPreference
=== RUN   TestMajorVersionPreference/prefer_v8_over_v8.0.0
=== RUN   TestMajorVersionPreference/prefer_v6_over_v6.0.0
=== RUN   TestMajorVersionPreference/prefer_v8_over_v8.0.0.0_(four-part_version)
=== RUN   TestMajorVersionPreference/prefer_newest_when_versions_differ
--- PASS: TestMajorVersionPreference (0.00s)
    --- PASS: TestMajorVersionPreference/prefer_v8_over_v8.0.0 (0.00s)
    --- PASS: TestMajorVersionPreference/prefer_v6_over_v6.0.0 (0.00s)
    --- PASS: TestMajorVersionPreference/prefer_v8_over_v8.0.0.0_(four-part_version) (0.00s)
    --- PASS: TestMajorVersionPreference/prefer_newest_when_versions_differ (0.00s)
=== RUN   TestIsCoreAction
=== RUN   TestIsCoreAction/actions/checkout_is_core
=== RUN   TestIsCoreAction/actions/setup-go_is_core
=== RUN   TestIsCoreAction/actions/cache/restore_is_core
=== RUN   TestIsCoreAction/github/codeql-action_is_not_core
=== RUN   TestIsCoreAction/docker/login-action_is_not_core
=== RUN   TestIsCoreAction/super-linter/super-linter_is_not_core
--- PASS: TestIsCoreAction (0.00s)
    --- PASS: TestIsCoreAction/actions/checkout_is_core (0.00s)
    --- PASS: TestIsCoreAction/actions/setup-go_is_core (0.00s)
    --- PASS: TestIsCoreAction/actions/cache/restore_is_core (0.00s)
    --- PASS: TestIsCoreAction/github/codeql-action_is_not_core (0.00s)
    --- PASS: TestIsCoreAction/docker/login-action_is_not_core (0.00s)
    --- PASS: TestIsCoreAction/super-linter/super-linter_is_not_core (0.00s)
=== RUN   TestUpdateActionRefsInContent_VersionTagReplacement
--- PASS: TestUpdateActionRefsInContent_VersionTagReplacement (0.00s)
=== RUN   TestUpdateActionRefsInContent_SHAPinnedReplacement
--- PASS: TestUpdateActionRefsInContent_SHAPinnedReplacement (0.00s)
=== RUN   TestUpdateActionRefsInContent_CacheReusedAcrossLines
--- PASS: TestUpdateActionRefsInContent_CacheReusedAcrossLines (0.00s)
=== RUN   TestUpdateActionRefsInContent_AllOrgsUpdatedWhenAllowMajor
--- PASS: TestUpdateActionRefsInContent_AllOrgsUpdatedWhenAllowMajor (0.00s)
=== RUN   TestGetLatestActionRelease_FallsBackToGitWhenNoReleases
--- PASS: TestGetLatestActionRelease_FallsBackToGitWhenNoReleases (0.00s)
=== RUN   TestGetLatestActionRelease_FallbackReturnsErrorWhenBothFail
--- PASS: TestGetLatestActionRelease_FallbackReturnsErrorWhenBothFail (0.00s)
=== RUN   TestGetLatestActionRelease_PrereleaseTagsSkipped
--- PASS: TestGetLatestActionRelease_PrereleaseTagsSkipped (0.00s)
=== RUN   TestUpdateActions_GhAwNativeActionCappedAtCLIVersion
✓ Updated github/gh-aw/actions/setup from v0.68.1 to v0.68.3
✓ Updated github/gh-aw-actions/setup from v0.68.1 to v0.68.3

✓ Updated 2 action(s):
  • github/gh-aw/actions/setup
  • github/gh-aw-actions/setup

ℹ Updated actions-lock.json file
--- PASS: TestUpdateActions_GhAwNativeActionCappedAtCLIVersion (0.00s)
=== RUN   TestIsGhAwNativeAction
=== RUN   TestIsGhAwNativeAction/github/gh-aw-actions/setup
=== RUN   TestIsGhAwNativeAction/github/gh-aw/actions/setup
=== RUN   TestIsGhAwNativeAction/github/gh-aw/actions/setup-cli
=== RUN   TestIsGhAwNativeAction/actions/checkout
=== RUN   TestIsGhAwNativeAction/actions/setup-node
=== RUN   TestIsGhAwNativeAction/docker/login-action
=== RUN   TestIsGhAwNativeAction/github/codeql-action/upload-sarif
--- PASS: TestIsGhAwNativeAction (0.00s)
    --- PASS: TestIsGhAwNativeAction/github/gh-aw-actions/setup (0.00s)
    --- PASS: TestIsGhAwNativeAction/github/gh-aw/actions/setup (0.00s)
    --- PASS: TestIsGhAwNativeAction/github/gh-aw/actions/setup-cli (0.00s)
    --- PASS: TestIsGhAwNativeAction/actions/checkout (0.00s)
    --- PASS: TestIsGhAwNativeAction/actions/setup-node (0.00s)
    --- PASS: TestIsGhAwNativeAction/docker/login-action (0.00s)
    --- PASS: TestIsGhAwNativeAction/github/codeql-action/upload-sarif (0.00s)
=== RUN   TestUpdateActions_NeverDowngrades
⚠ actions-ecosystem/action-add-labels: skipping proposed update from v1.1.3 to v1.1.0 (would be a downgrade)

--- PASS: TestUpdateActions_NeverDowngrades (0.00s)
=== RUN   TestUpdateActionsInWorkflowFiles_UpdatesUsesReferences
✓ Updated action references in my-workflow.md
--- PASS: TestUpdateActionsInWorkflowFiles_UpdatesUsesReferences (0.00s)
=== RUN   TestUpdateActionsInWorkflowFiles_NeverDowngrades
--- PASS: TestUpdateActionsInWorkflowFiles_NeverDowngrades (0.00s)
=== RUN   TestShouldCheckForUpdate
=== RUN   TestShouldCheckForUpdate/should_check_when_flag_is_false_and_no_recent_check
=== RUN   TestShouldCheckForUpdate/should_not_check_when_flag_is_true
=== RUN   TestShouldCheckForUpdate/should_not_check_in_CI_environment
=== RUN   TestShouldCheckForUpdate/should_not_check_in_MCP_server_mode
=== RUN   TestShouldCheckForUpdate/should_not_check_when_recent_check_exists
=== RUN   TestShouldCheckForUpdate/should_check_when_last_check_is_old
--- PASS: TestShouldCheckForUpdate (0.00s)
    --- PASS: TestShouldCheckForUpdate/should_check_when_flag_is_false_and_no_recent_check (0.00s)
    --- PASS: TestShouldCheckForUpdate/should_not_check_when_flag_is_true (0.00s)
    --- PASS: TestShouldCheckForUpdate/should_not_check_in_CI_environment (0.00s)
    --- PASS: TestShouldCheckForUpdate/should_not_check_in_MCP_server_mode (0.00s)
    --- PASS: TestShouldCheckForUpdate/should_not_check_when_recent_check_exists (0.00s)
    --- PASS: TestShouldCheckForUpdate/should_check_when_last_check_is_old (0.00s)
=== RUN   TestIsRunningAsMCPServer
=== RUN   TestIsRunningAsMCPServer/not_in_MCP_server_mode
=== RUN   TestIsRunningAsMCPServer/in_MCP_server_mode
--- PASS: TestIsRunningAsMCPServer (0.00s)
    --- PASS: TestIsRunningAsMCPServer/not_in_MCP_server_mode (0.00s)
    --- PASS: TestIsRunningAsMCPServer/in_MCP_server_mode (0.00s)
=== RUN   TestGetLastCheckFilePath
--- PASS: TestGetLastCheckFilePath (0.00s)
=== RUN   TestUpdateLastCheckTime
--- PASS: TestUpdateLastCheckTime (0.00s)
=== RUN   TestCheckForUpdatesWithNoCheckUpdateFlag
--- PASS: TestCheckForUpdatesWithNoCheckUpdateFlag (0.00s)
=== RUN   TestCheckForUpdatesInCIMode
--- PASS: TestCheckForUpdatesInCIMode (0.00s)
=== RUN   TestCheckForUpdatesAsync_ContextCancellation
--- PASS: TestCheckForUpdatesAsync_ContextCancellation (0.20s)
=== RUN   TestFindLatestPublishedReleaseTag
=== RUN   TestFindLatestPublishedReleaseTag/returns_first_non-draft_release_tag
=== RUN   TestFindLatestPublishedReleaseTag/skips_draft_releases
=== RUN   TestFindLatestPublishedReleaseTag/skips_empty_tags
=== RUN   TestFindLatestPublishedReleaseTag/returns_empty_when_no_published_releases
--- PASS: TestFindLatestPublishedReleaseTag (0.00s)
    --- PASS: TestFindLatestPublishedReleaseTag/returns_first_non-draft_release_tag (0.00s)
    --- PASS: TestFindLatestPublishedReleaseTag/skips_draft_releases (0.00s)
    --- PASS: TestFindLatestPublishedReleaseTag/skips_empty_tags (0.00s)
    --- PASS: TestFindLatestPublishedReleaseTag/returns_empty_when_no_published_releases (0.00s)
=== RUN   TestIsCurrentVersionAtLeastLatest
=== RUN   TestIsCurrentVersionAtLeastLatest/equal_versions
=== RUN   TestIsCurrentVersionAtLeastLatest/equal_versions_without_v_prefix
=== RUN   TestIsCurrentVersionAtLeastLatest/newer_stable_release_than_latest_stable
=== RUN   TestIsCurrentVersionAtLeastLatest/newer_prerelease_than_latest_stable
=== RUN   TestIsCurrentVersionAtLeastLatest/older_prerelease_than_latest_stable
=== RUN   TestIsCurrentVersionAtLeastLatest/older_stable_release
--- PASS: TestIsCurrentVersionAtLeastLatest (0.00s)
    --- PASS: TestIsCurrentVersionAtLeastLatest/equal_versions (0.00s)
    --- PASS: TestIsCurrentVersionAtLeastLatest/equal_versions_without_v_prefix (0.00s)
    --- PASS: TestIsCurrentVersionAtLeastLatest/newer_stable_release_than_latest_stable (0.00s)
    --- PASS: TestIsCurrentVersionAtLeastLatest/newer_prerelease_than_latest_stable (0.00s)
    --- PASS: TestIsCurrentVersionAtLeastLatest/older_prerelease_than_latest_stable (0.00s)
    --- PASS: TestIsCurrentVersionAtLeastLatest/older_stable_release (0.00s)
=== RUN   TestGitHubDotComRESTClientOptions
--- PASS: TestGitHubDotComRESTClientOptions (0.00s)
=== RUN   TestMergeWorkflowContent_CleanMerge
--- PASS: TestMergeWorkflowContent_CleanMerge (0.00s)
=== RUN   TestNewUpdateCommand_HasDisableSecurityScannerFlag
--- PASS: TestNewUpdateCommand_HasDisableSecurityScannerFlag (0.00s)
=== RUN   TestNewUpdateCommand_CoolDownFlagUsage
--- PASS: TestNewUpdateCommand_CoolDownFlagUsage (0.00s)
=== RUN   TestNewUpdateCommand_MentionsEnterpriseSourceResolution
--- PASS: TestNewUpdateCommand_MentionsEnterpriseSourceResolution (0.00s)
=== RUN   TestMergeWorkflowContent_WithConflicts
--- PASS: TestMergeWorkflowContent_WithConflicts (0.00s)
=== RUN   TestMergeWorkflowContent_MarkdownOnly
--- PASS: TestMergeWorkflowContent_MarkdownOnly (0.00s)
=== RUN   TestMergeWorkflowContent_FrontmatterOnly
    update_command_test.go:285: Note: Conflicts detected for non-overlapping frontmatter fields:
        ---
        on: push
        engine: claude
        <<<<<<< current (local changes)
        permissions:
          contents: read
        source: test/repo/workflow.md@v1.0.0
        ||||||| base (original)
        source: test/repo/workflow.md@v1.0.0
        =======
        tools:
          bash: ["ls"]
        source: test/repo/workflow.md@v1.1.0
        >>>>>>> new (upstream)
        ---

        # Workflow

        Content remains the same.
--- PASS: TestMergeWorkflowContent_FrontmatterOnly (0.00s)
=== RUN   TestMergeWorkflowContent_NormalizesCurrentManifestSource
--- PASS: TestMergeWorkflowContent_NormalizesCurrentManifestSource (0.00s)
=== RUN   TestUpdateSourceFieldInContent
--- PASS: TestUpdateSourceFieldInContent (0.00s)
=== RUN   TestMergeWorkflowContent_Integration
🔍 Performing 3-way merge using git merge-file
⚠ Merge conflicts detected (exit code: 2)
    update_command_test.go:422: Conflicts detected (may be expected):
        ---
        on: push
        permissions:
          contents: read
        <<<<<<< current (local changes)
          issues: read
        source: test/repo/workflow.md@v1.0.0
        ||||||| base (original)
        source: test/repo/workflow.md@v1.0.0
        =======
          pull-requests: read
        source: test/repo/workflow.md@v1.1.0
        >>>>>>> new (upstream)
        ---

        # Test Workflow

        <<<<<<< current (local changes)
        Base content with local notes.
        ||||||| base (original)
        Base content.
        =======
        Base content with upstream notes.
        >>>>>>> new (upstream)
--- PASS: TestMergeWorkflowContent_Integration (0.00s)
=== RUN   TestFindWorkflowsWithSource_CustomDirectory
--- PASS: TestFindWorkflowsWithSource_CustomDirectory (0.00s)
=== RUN   TestUpdateWorkflows_CustomDirectory
--- PASS: TestUpdateWorkflows_CustomDirectory (0.00s)
=== RUN   TestShowUpdateSummary
=== RUN   TestShowUpdateSummary/all_successful

✓ Successfully updated and compiled 3 workflow(s):
  • workflow1
  • workflow2
  • workflow3

=== RUN   TestShowUpdateSummary/all_failed

✗ Failed to update 2 workflow(s):
  workflow1: failed to download
  workflow2: merge conflict

=== RUN   TestShowUpdateSummary/mixed_results

✓ Successfully updated and compiled 2 workflow(s):
  • workflow1
  • workflow3

✗ Failed to update 1 workflow(s):
  workflow2: failed to compile

=== RUN   TestShowUpdateSummary/empty_results

--- PASS: TestShowUpdateSummary (0.00s)
    --- PASS: TestShowUpdateSummary/all_successful (0.00s)
    --- PASS: TestShowUpdateSummary/all_failed (0.00s)
    --- PASS: TestShowUpdateSummary/mixed_results (0.00s)
    --- PASS: TestShowUpdateSummary/empty_results (0.00s)
=== RUN   TestHasLocalModifications
=== RUN   TestHasLocalModifications/no_modifications_-_identical_content
=== RUN   TestHasLocalModifications/local_modifications_in_frontmatter
=== RUN   TestHasLocalModifications/local_modifications_in_markdown
=== RUN   TestHasLocalModifications/whitespace_differences_should_be_ignored
=== RUN   TestHasLocalModifications/both_empty
--- PASS: TestHasLocalModifications (0.00s)
    --- PASS: TestHasLocalModifications/no_modifications_-_identical_content (0.00s)
    --- PASS: TestHasLocalModifications/local_modifications_in_frontmatter (0.00s)
    --- PASS: TestHasLocalModifications/local_modifications_in_markdown (0.00s)
    --- PASS: TestHasLocalModifications/whitespace_differences_should_be_ignored (0.00s)
    --- PASS: TestHasLocalModifications/both_empty (0.00s)
=== RUN   TestCompileWorkflowWithRefresh
=== RUN   TestCompileWorkflowWithRefresh/compileWorkflowWithRefresh_false
/tmp/gh-aw-test-runs/20260704-173215-1254792/test-113719071/test-workflow.md: info: Tip: set permissions.copilot-requests: write to use GitHub Actions token-based inference with the Copilot engine instead of a personal access token (COPILOT_GITHUB_TOKEN). This option requires that your organization has centralized Copilot billing enabled and may not be available in all organizations — see https://github.github.com/gh-aw/reference/billing/ for details.

✓ /tmp/gh-aw-test-runs/20260704-173215-1254792/test-113719071/test-workflow.md (77.4 KB)
=== RUN   TestCompileWorkflowWithRefresh/compileWorkflowWithRefresh_true
/tmp/gh-aw-test-runs/20260704-173215-1254792/test-113719071/test-workflow.md: info: Tip: set permissions.copilot-requests: write to use GitHub Actions token-based inference with the Copilot engine instead of a personal access token (COPILOT_GITHUB_TOKEN). This option requires that your organization has centralized Copilot billing enabled and may not be available in all organizations — see https://github.github.com/gh-aw/reference/billing/ for details.

✓ /tmp/gh-aw-test-runs/20260704-173215-1254792/test-113719071/test-workflow.md (77.4 KB)
--- PASS: TestCompileWorkflowWithRefresh (0.07s)
    --- PASS: TestCompileWorkflowWithRefresh/compileWorkflowWithRefresh_false (0.03s)
    --- PASS: TestCompileWorkflowWithRefresh/compileWorkflowWithRefresh_true (0.03s)
=== RUN   TestUpdateWorkflow_DefaultMergeMode
=== RUN   TestUpdateWorkflow_DefaultMergeMode/merge_is_default_when_noMerge_is_false
--- PASS: TestUpdateWorkflow_DefaultMergeMode (0.00s)
    --- PASS: TestUpdateWorkflow_DefaultMergeMode/merge_is_default_when_noMerge_is_false (0.00s)
=== RUN   TestUpdateWorkflow_NoMergeMode
=== RUN   TestUpdateWorkflow_NoMergeMode/no-merge_overrides_local_changes
--- PASS: TestUpdateWorkflow_NoMergeMode (0.00s)
    --- PASS: TestUpdateWorkflow_NoMergeMode/no-merge_overrides_local_changes (0.00s)
=== RUN   TestMarshalActionsLockSorted
--- PASS: TestMarshalActionsLockSorted (0.00s)
=== RUN   TestGetActionSHAForTag
    update_command_test.go:857: Could not resolve action SHA (network or auth issue): failed to resolve tag: exec: "gh": executable file not found in $PATH
--- SKIP: TestGetActionSHAForTag (0.00s)
=== RUN   TestUpdateActions_NoFile
--- PASS: TestUpdateActions_NoFile (0.00s)
=== RUN   TestUpdateActions_EmptyFile

--- PASS: TestUpdateActions_EmptyFile (0.00s)
=== RUN   TestUpdateActions_InvalidJSON
--- PASS: TestUpdateActions_InvalidJSON (0.00s)
=== RUN   TestResolveLatestRef_CommitSHA
--- PASS: TestResolveLatestRef_CommitSHA (0.00s)
=== RUN   TestResolveLatestRef_NotCommitSHA
=== RUN   TestResolveLatestRef_NotCommitSHA/branch_name
=== RUN   TestResolveLatestRef_NotCommitSHA/short_SHA
=== RUN   TestResolveLatestRef_NotCommitSHA/version_tag
=== RUN   TestResolveLatestRef_NotCommitSHA/invalid_hex
=== RUN   TestResolveLatestRef_NotCommitSHA/valid_SHA_lowercase
=== RUN   TestResolveLatestRef_NotCommitSHA/valid_SHA_uppercase
--- PASS: TestResolveLatestRef_NotCommitSHA (0.00s)
    --- PASS: TestResolveLatestRef_NotCommitSHA/branch_name (0.00s)
    --- PASS: TestResolveLatestRef_NotCommitSHA/short_SHA (0.00s)
    --- PASS: TestResolveLatestRef_NotCommitSHA/version_tag (0.00s)
    --- PASS: TestResolveLatestRef_NotCommitSHA/invalid_hex (0.00s)
    --- PASS: TestResolveLatestRef_NotCommitSHA/valid_SHA_lowercase (0.00s)
    --- PASS: TestResolveLatestRef_NotCommitSHA/valid_SHA_uppercase (0.00s)
=== RUN   TestShortRef
=== RUN   TestShortRef/commit_SHA
=== RUN   TestShortRef/branch_name
=== RUN   TestShortRef/version_tag
=== RUN   TestShortRef/short_string
=== RUN   TestShortRef/empty_string
--- PASS: TestShortRef (0.00s)
    --- PASS: TestShortRef/commit_SHA (0.00s)
    --- PASS: TestShortRef/branch_name (0.00s)
    --- PASS: TestShortRef/version_tag (0.00s)
    --- PASS: TestShortRef/short_string (0.00s)
    --- PASS: TestShortRef/empty_string (0.00s)
=== RUN   TestIsBranchRef
=== RUN   TestIsBranchRef/branch_main
=== RUN   TestIsBranchRef/branch_develop
=== RUN   TestIsBranchRef/branch_with_slash
=== RUN   TestIsBranchRef/semver_tag
=== RUN   TestIsBranchRef/semver_tag_with_v
=== RUN   TestIsBranchRef/commit_SHA
--- PASS: TestIsBranchRef (0.00s)
    --- PASS: TestIsBranchRef/branch_main (0.00s)
    --- PASS: TestIsBranchRef/branch_develop (0.00s)
    --- PASS: TestIsBranchRef/branch_with_slash (0.00s)
    --- PASS: TestIsBranchRef/semver_tag (0.00s)
    --- PASS: TestIsBranchRef/semver_tag_with_v (0.00s)
    --- PASS: TestIsBranchRef/commit_SHA (0.00s)
=== RUN   TestRunUpdateWorkflows_NoSourceWorkflows
ℹ no workflows found with source field
--- PASS: TestRunUpdateWorkflows_NoSourceWorkflows (0.00s)
=== RUN   TestRunUpdateWorkflows_SpecificWorkflowNotFound
--- PASS: TestRunUpdateWorkflows_SpecificWorkflowNotFound (0.00s)
=== RUN   TestCollectImagesFromLockFiles
=== RUN   TestCollectImagesFromLockFiles/single_image_in_lock_file
=== RUN   TestCollectImagesFromLockFiles/multiple_images_in_lock_file
=== RUN   TestCollectImagesFromLockFiles/no_docker_images_in_lock_file
=== RUN   TestCollectImagesFromLockFiles/images_deduplicated_across_multiple_lock_files
--- PASS: TestCollectImagesFromLockFiles (0.00s)
    --- PASS: TestCollectImagesFromLockFiles/single_image_in_lock_file (0.00s)
    --- PASS: TestCollectImagesFromLockFiles/multiple_images_in_lock_file (0.00s)
    --- PASS: TestCollectImagesFromLockFiles/no_docker_images_in_lock_file (0.00s)
    --- PASS: TestCollectImagesFromLockFiles/images_deduplicated_across_multiple_lock_files (0.00s)
=== RUN   TestCollectImagesFromLockFiles_MissingDir
--- PASS: TestCollectImagesFromLockFiles_MissingDir (0.00s)
=== RUN   TestBuildxDigestPattern
=== RUN   TestBuildxDigestPattern/standard_OCI_index_output
=== RUN   TestBuildxDigestPattern/single-platform_image
=== RUN   TestBuildxDigestPattern/picks_top-level_Digest_not_manifest_sub-digest
=== RUN   TestBuildxDigestPattern/no_digest_in_output
--- PASS: TestBuildxDigestPattern (0.00s)
    --- PASS: TestBuildxDigestPattern/standard_OCI_index_output (0.00s)
    --- PASS: TestBuildxDigestPattern/single-platform_image (0.00s)
    --- PASS: TestBuildxDigestPattern/picks_top-level_Digest_not_manifest_sub-digest (0.00s)
    --- PASS: TestBuildxDigestPattern/no_digest_in_output (0.00s)
=== RUN   TestUpdateContainerPins_PrunesStaleEntries
--- PASS: TestUpdateContainerPins_PrunesStaleEntries (0.00s)
=== RUN   TestParseCoolDownFlag
=== RUN   TestParseCoolDownFlag/default_7d
=== RUN   TestParseCoolDownFlag/0d_disables_cooldown
=== RUN   TestParseCoolDownFlag/0_disables_cooldown
=== RUN   TestParseCoolDownFlag/hours_format
=== RUN   TestParseCoolDownFlag/single_day
=== RUN   TestParseCoolDownFlag/negative_days
=== RUN   TestParseCoolDownFlag/negative_duration
=== RUN   TestParseCoolDownFlag/invalid_string
=== RUN   TestParseCoolDownFlag/invalid_days_value
--- PASS: TestParseCoolDownFlag (0.00s)
    --- PASS: TestParseCoolDownFlag/default_7d (0.00s)
    --- PASS: TestParseCoolDownFlag/0d_disables_cooldown (0.00s)
    --- PASS: TestParseCoolDownFlag/0_disables_cooldown (0.00s)
    --- PASS: TestParseCoolDownFlag/hours_format (0.00s)
    --- PASS: TestParseCoolDownFlag/single_day (0.00s)
    --- PASS: TestParseCoolDownFlag/negative_days (0.00s)
    --- PASS: TestParseCoolDownFlag/negative_duration (0.00s)
    --- PASS: TestParseCoolDownFlag/invalid_string (0.00s)
    --- PASS: TestParseCoolDownFlag/invalid_days_value (0.00s)
=== RUN   TestIsExemptFromCoolDown
=== RUN   TestIsExemptFromCoolDown/actions_namespace
=== RUN   TestIsExemptFromCoolDown/actions_namespace_with_version
=== RUN   TestIsExemptFromCoolDown/actions_namespace_with_subpath
=== RUN   TestIsExemptFromCoolDown/github_namespace
=== RUN   TestIsExemptFromCoolDown/github_namespace_own_repo
=== RUN   TestIsExemptFromCoolDown/github_namespace_with_subpath
=== RUN   TestIsExemptFromCoolDown/unrecognized_org
=== RUN   TestIsExemptFromCoolDown/custom_org_action
=== RUN   TestIsExemptFromCoolDown/not-actions_prefix
=== RUN   TestIsExemptFromCoolDown/not-github_prefix
--- PASS: TestIsExemptFromCoolDown (0.00s)
    --- PASS: TestIsExemptFromCoolDown/actions_namespace (0.00s)
    --- PASS: TestIsExemptFromCoolDown/actions_namespace_with_version (0.00s)
    --- PASS: TestIsExemptFromCoolDown/actions_namespace_with_subpath (0.00s)
    --- PASS: TestIsExemptFromCoolDown/github_namespace (0.00s)
    --- PASS: TestIsExemptFromCoolDown/github_namespace_own_repo (0.00s)
    --- PASS: TestIsExemptFromCoolDown/github_namespace_with_subpath (0.00s)
    --- PASS: TestIsExemptFromCoolDown/unrecognized_org (0.00s)
    --- PASS: TestIsExemptFromCoolDown/custom_org_action (0.00s)
    --- PASS: TestIsExemptFromCoolDown/not-actions_prefix (0.00s)
    --- PASS: TestIsExemptFromCoolDown/not-github_prefix (0.00s)
=== RUN   TestCheckReleaseCoolDown
=== PAUSE TestCheckReleaseCoolDown
=== RUN   TestCheckReleaseCoolDownWithDate_InCoolDown
--- PASS: TestCheckReleaseCoolDownWithDate_InCoolDown (0.00s)
=== RUN   TestCheckReleaseCoolDownWithDate_NotInCoolDown
--- PASS: TestCheckReleaseCoolDownWithDate_NotInCoolDown (0.00s)
=== RUN   TestCheckReleaseCoolDownWithDate_ZeroDuration
--- PASS: TestCheckReleaseCoolDownWithDate_ZeroDuration (0.00s)
=== RUN   TestCheckReleaseCoolDownWithDate_FutureTimestamp
--- PASS: TestCheckReleaseCoolDownWithDate_FutureTimestamp (0.00s)
=== RUN   TestFormatCoolDownDuration
=== RUN   TestFormatCoolDownDuration/7d
=== RUN   TestFormatCoolDownDuration/7d12h
=== RUN   TestFormatCoolDownDuration/1d
=== RUN   TestFormatCoolDownDuration/2d
=== RUN   TestFormatCoolDownDuration/12h
=== RUN   TestFormatCoolDownDuration/1h
=== RUN   TestFormatCoolDownDuration/<_1h
=== RUN   TestFormatCoolDownDuration/<_1h#01
=== RUN   TestFormatCoolDownDuration/<_1h#02
--- PASS: TestFormatCoolDownDuration (0.00s)
    --- PASS: TestFormatCoolDownDuration/7d (0.00s)
    --- PASS: TestFormatCoolDownDuration/7d12h (0.00s)
    --- PASS: TestFormatCoolDownDuration/1d (0.00s)
    --- PASS: TestFormatCoolDownDuration/2d (0.00s)
    --- PASS: TestFormatCoolDownDuration/12h (0.00s)
    --- PASS: TestFormatCoolDownDuration/1h (0.00s)
    --- PASS: TestFormatCoolDownDuration/<_1h (0.00s)
    --- PASS: TestFormatCoolDownDuration/<_1h#01 (0.00s)
    --- PASS: TestFormatCoolDownDuration/<_1h#02 (0.00s)
=== RUN   TestUpgradeExtensionIfOutdated_DevBuild
--- PASS: TestUpgradeExtensionIfOutdated_DevBuild (0.00s)
=== RUN   TestUpgradeExtensionIfOutdated_SilentFailureOnAPIError
--- PASS: TestUpgradeExtensionIfOutdated_SilentFailureOnAPIError (0.00s)
=== RUN   TestFirstAttemptWriter_Linux
--- PASS: TestFirstAttemptWriter_Linux (0.00s)
=== RUN   TestFirstAttemptWriter_Windows
    update_extension_check_test.go:66: Windows-only behavior
--- SKIP: TestFirstAttemptWriter_Windows (0.00s)
=== RUN   TestFirstAttemptWriter_NonLinuxNonWindows
    update_extension_check_test.go:77: Non-Linux/non-Windows behavior only
--- SKIP: TestFirstAttemptWriter_NonLinuxNonWindows (0.00s)
=== RUN   TestNeedsRenameWorkaround
--- PASS: TestNeedsRenameWorkaround (0.00s)
=== RUN   TestRenamePathForUpgrade
--- PASS: TestRenamePathForUpgrade (0.00s)
=== RUN   TestRenamePathForUpgrade_NonExistentFile
--- PASS: TestRenamePathForUpgrade_NonExistentFile (0.00s)
=== RUN   TestRestoreExecutableBackup_NoNewBinary
--- PASS: TestRestoreExecutableBackup_NoNewBinary (0.00s)
=== RUN   TestRestoreExecutableBackup_NewBinaryPresent
--- PASS: TestRestoreExecutableBackup_NewBinaryPresent (0.00s)
=== RUN   TestCleanupExecutableBackup
--- PASS: TestCleanupExecutableBackup (0.00s)
=== RUN   TestCleanupExecutableBackup_NoBackup
--- PASS: TestCleanupExecutableBackup_NoBackup (0.00s)
=== RUN   TestIsWindowsLockError
=== RUN   TestIsWindowsLockError/access_denied_in_output
=== RUN   TestIsWindowsLockError/sharing_violation_in_output
=== RUN   TestIsWindowsLockError/access_denied_in_error
=== RUN   TestIsWindowsLockError/gh_cli_stale_bak_cleanup_failure
=== RUN   TestIsWindowsLockError/unrelated_error
=== RUN   TestIsWindowsLockError/empty_output_and_nil_error
--- PASS: TestIsWindowsLockError (0.00s)
    --- PASS: TestIsWindowsLockError/access_denied_in_output (0.00s)
    --- PASS: TestIsWindowsLockError/sharing_violation_in_output (0.00s)
    --- PASS: TestIsWindowsLockError/access_denied_in_error (0.00s)
    --- PASS: TestIsWindowsLockError/gh_cli_stale_bak_cleanup_failure (0.00s)
    --- PASS: TestIsWindowsLockError/unrelated_error (0.00s)
    --- PASS: TestIsWindowsLockError/empty_output_and_nil_error (0.00s)
=== RUN   TestCleanupStaleWindowsBackups
--- PASS: TestCleanupStaleWindowsBackups (0.00s)
=== RUN   TestCleanupStaleWindowsBackups_EmptyDir
--- PASS: TestCleanupStaleWindowsBackups_EmptyDir (0.00s)
=== RUN   TestCleanupStaleWindowsBackups_NonexistentDir
--- PASS: TestCleanupStaleWindowsBackups_NonexistentDir (0.00s)
=== RUN   TestExtensionUpgradeArgs
--- PASS: TestExtensionUpgradeArgs (0.00s)
=== RUN   TestPrereleaseChannelNotice
=== RUN   TestPrereleaseChannelNotice/stable_channel_prerelease_hint
=== RUN   TestPrereleaseChannelNotice/no_hint_when_prereleases_included
=== RUN   TestPrereleaseChannelNotice/no_hint_for_stable_version
--- PASS: TestPrereleaseChannelNotice (0.00s)
    --- PASS: TestPrereleaseChannelNotice/stable_channel_prerelease_hint (0.00s)
    --- PASS: TestPrereleaseChannelNotice/no_hint_when_prereleases_included (0.00s)
    --- PASS: TestPrereleaseChannelNotice/no_hint_for_stable_version (0.00s)
=== RUN   TestExtensionHelpCommands
--- PASS: TestExtensionHelpCommands (0.00s)
=== RUN   TestRenderReleaseVersion
--- PASS: TestRenderReleaseVersion (0.00s)
=== RUN   TestParseInstalledVersionOutput
=== RUN   TestParseInstalledVersionOutput/parses_version_without_v_prefix
=== RUN   TestParseInstalledVersionOutput/parses_stable_version
=== RUN   TestParseInstalledVersionOutput/parses_prerelease_version
=== RUN   TestParseInstalledVersionOutput/returns_error_when_no_version_present
=== RUN   TestParseInstalledVersionOutput/uses_first_version_match_when_multiple_exist
=== RUN   TestParseInstalledVersionOutput/returns_error_for_empty_output
--- PASS: TestParseInstalledVersionOutput (0.00s)
    --- PASS: TestParseInstalledVersionOutput/parses_version_without_v_prefix (0.00s)
    --- PASS: TestParseInstalledVersionOutput/parses_stable_version (0.00s)
    --- PASS: TestParseInstalledVersionOutput/parses_prerelease_version (0.00s)
    --- PASS: TestParseInstalledVersionOutput/returns_error_when_no_version_present (0.00s)
    --- PASS: TestParseInstalledVersionOutput/uses_first_version_match_when_multiple_exist (0.00s)
    --- PASS: TestParseInstalledVersionOutput/returns_error_for_empty_output (0.00s)
=== RUN   TestNormalizeVersion
--- PASS: TestNormalizeVersion (0.00s)
=== RUN   TestGhCmdForExtension
=== RUN   TestGhCmdForExtension/sets_GH_HOST_to_github.com
=== RUN   TestGhCmdForExtension/overrides_existing_GH_HOST_set_to_a_GHE_instance
=== RUN   TestGhCmdForExtension/uses_gh_as_executable
--- PASS: TestGhCmdForExtension (0.00s)
    --- PASS: TestGhCmdForExtension/sets_GH_HOST_to_github.com (0.00s)
    --- PASS: TestGhCmdForExtension/overrides_existing_GH_HOST_set_to_a_GHE_instance (0.00s)
    --- PASS: TestGhCmdForExtension/uses_gh_as_executable (0.00s)
=== RUN   TestUpdateManifestWorkflowGroup_AddsUpdatesRemoves
✓ Updated existing from v1.0.0 to v2.0.0
ℹ Removed workflow no longer listed in manifest: removed.md
✓ Added new workflow from manifest: new.md
--- PASS: TestUpdateManifestWorkflowGroup_AddsUpdatesRemoves (0.00s)
=== RUN   TestNormalizeRedirectToSourceSpec
=== RUN   TestNormalizeRedirectToSourceSpec/parses_workflow_spec
=== RUN   TestNormalizeRedirectToSourceSpec/parses_GitHub_URL
--- PASS: TestNormalizeRedirectToSourceSpec (0.00s)
    --- PASS: TestNormalizeRedirectToSourceSpec/parses_workflow_spec (0.00s)
    --- PASS: TestNormalizeRedirectToSourceSpec/parses_GitHub_URL (0.00s)
=== RUN   TestResolveRedirectedUpdateLocation
=== RUN   TestResolveRedirectedUpdateLocation/follows_redirect_chain
=== RUN   TestResolveRedirectedUpdateLocation/detects_redirect_loops
⚠ Workflow loop-workflow redirect: owner/repo/workflows/a.md@main → owner/repo/workflows/b.md@main
⚠ Workflow loop-workflow redirect: owner/repo/workflows/b.md@main → owner/repo/workflows/a.md@main
=== RUN   TestResolveRedirectedUpdateLocation/refuses_redirect_when_no-redirect_is_enabled
--- PASS: TestResolveRedirectedUpdateLocation (0.00s)
    --- PASS: TestResolveRedirectedUpdateLocation/follows_redirect_chain (0.00s)
    --- PASS: TestResolveRedirectedUpdateLocation/detects_redirect_loops (0.00s)
    --- PASS: TestResolveRedirectedUpdateLocation/refuses_redirect_when_no-redirect_is_enabled (0.00s)
=== RUN   TestResolveLatestRelease_PrereleaseTagsSkipped
=== PAUSE TestResolveLatestRelease_PrereleaseTagsSkipped
=== RUN   TestResolveLatestRelease_PrereleaseSkippedWhenCurrentVersionInvalid
=== PAUSE TestResolveLatestRelease_PrereleaseSkippedWhenCurrentVersionInvalid
=== RUN   TestResolveLatestRelease_ErrorWhenOnlyPrereleasesExist
=== PAUSE TestResolveLatestRelease_ErrorWhenOnlyPrereleasesExist
=== RUN   TestResolveLatestRelease_StableReleaseSelected
=== PAUSE TestResolveLatestRelease_StableReleaseSelected
=== RUN   TestResolveLatestRelease_MixedPrereleaseAndStable
=== PAUSE TestResolveLatestRelease_MixedPrereleaseAndStable
=== RUN   TestUpgradeCommandHelpTextConsistency
--- PASS: TestUpgradeCommandHelpTextConsistency (0.00s)
=== RUN   TestNewValidateCommand
--- PASS: TestNewValidateCommand (0.00s)
=== RUN   TestValidateWorkflowName
=== RUN   TestValidateWorkflowName/valid_simple_name
=== RUN   TestValidateWorkflowName/valid_with_underscores
=== RUN   TestValidateWorkflowName/valid_alphanumeric
=== RUN   TestValidateWorkflowName/valid_mixed
=== RUN   TestValidateWorkflowName/valid_uppercase
=== RUN   TestValidateWorkflowName/valid_all_hyphens_and_underscores
=== RUN   TestValidateWorkflowName/empty_string
=== RUN   TestValidateWorkflowName/invalid_with_spaces
=== RUN   TestValidateWorkflowName/invalid_with_special_chars
=== RUN   TestValidateWorkflowName/invalid_with_dots
=== RUN   TestValidateWorkflowName/invalid_with_slashes
=== RUN   TestValidateWorkflowName/invalid_with_parentheses
=== RUN   TestValidateWorkflowName/invalid_with_brackets
=== RUN   TestValidateWorkflowName/invalid_with_dollar_sign
=== RUN   TestValidateWorkflowName/invalid_with_percent_sign
=== RUN   TestValidateWorkflowName/invalid_with_hash
=== RUN   TestValidateWorkflowName/invalid_with_asterisk
=== RUN   TestValidateWorkflowName/invalid_with_ampersand
=== RUN   TestValidateWorkflowName/invalid_with_plus
=== RUN   TestValidateWorkflowName/invalid_with_equals
--- PASS: TestValidateWorkflowName (0.00s)
    --- PASS: TestValidateWorkflowName/valid_simple_name (0.00s)
    --- PASS: TestValidateWorkflowName/valid_with_underscores (0.00s)
    --- PASS: TestValidateWorkflowName/valid_alphanumeric (0.00s)
    --- PASS: TestValidateWorkflowName/valid_mixed (0.00s)
    --- PASS: TestValidateWorkflowName/valid_uppercase (0.00s)
    --- PASS: TestValidateWorkflowName/valid_all_hyphens_and_underscores (0.00s)
    --- PASS: TestValidateWorkflowName/empty_string (0.00s)
    --- PASS: TestValidateWorkflowName/invalid_with_spaces (0.00s)
    --- PASS: TestValidateWorkflowName/invalid_with_special_chars (0.00s)
    --- PASS: TestValidateWorkflowName/invalid_with_dots (0.00s)
    --- PASS: TestValidateWorkflowName/invalid_with_slashes (0.00s)
    --- PASS: TestValidateWorkflowName/invalid_with_parentheses (0.00s)
    --- PASS: TestValidateWorkflowName/invalid_with_brackets (0.00s)
    --- PASS: TestValidateWorkflowName/invalid_with_dollar_sign (0.00s)
    --- PASS: TestValidateWorkflowName/invalid_with_percent_sign (0.00s)
    --- PASS: TestValidateWorkflowName/invalid_with_hash (0.00s)
    --- PASS: TestValidateWorkflowName/invalid_with_asterisk (0.00s)
    --- PASS: TestValidateWorkflowName/invalid_with_ampersand (0.00s)
    --- PASS: TestValidateWorkflowName/invalid_with_plus (0.00s)
    --- PASS: TestValidateWorkflowName/invalid_with_equals (0.00s)
=== RUN   TestValidateWorkflowName_EdgeCases
=== RUN   TestValidateWorkflowName_EdgeCases/single_character
=== RUN   TestValidateWorkflowName_EdgeCases/single_number
=== RUN   TestValidateWorkflowName_EdgeCases/single_hyphen
=== RUN   TestValidateWorkflowName_EdgeCases/single_underscore
=== RUN   TestValidateWorkflowName_EdgeCases/very_long_valid_name
=== RUN   TestValidateWorkflowName_EdgeCases/starts_with_hyphen
=== RUN   TestValidateWorkflowName_EdgeCases/ends_with_hyphen
=== RUN   TestValidateWorkflowName_EdgeCases/starts_with_underscore
=== RUN   TestValidateWorkflowName_EdgeCases/ends_with_underscore
=== RUN   TestValidateWorkflowName_EdgeCases/starts_with_number
=== RUN   TestValidateWorkflowName_EdgeCases/multiple_consecutive_hyphens
=== RUN   TestValidateWorkflowName_EdgeCases/multiple_consecutive_underscores
=== RUN   TestValidateWorkflowName_EdgeCases/tab_character
=== RUN   TestValidateWorkflowName_EdgeCases/newline_character
=== RUN   TestValidateWorkflowName_EdgeCases/carriage_return
--- PASS: TestValidateWorkflowName_EdgeCases (0.00s)
    --- PASS: TestValidateWorkflowName_EdgeCases/single_character (0.00s)
    --- PASS: TestValidateWorkflowName_EdgeCases/single_number (0.00s)
    --- PASS: TestValidateWorkflowName_EdgeCases/single_hyphen (0.00s)
    --- PASS: TestValidateWorkflowName_EdgeCases/single_underscore (0.00s)
    --- PASS: TestValidateWorkflowName_EdgeCases/very_long_valid_name (0.00s)
    --- PASS: TestValidateWorkflowName_EdgeCases/starts_with_hyphen (0.00s)
    --- PASS: TestValidateWorkflowName_EdgeCases/ends_with_hyphen (0.00s)
    --- PASS: TestValidateWorkflowName_EdgeCases/starts_with_underscore (0.00s)
    --- PASS: TestValidateWorkflowName_EdgeCases/ends_with_underscore (0.00s)
    --- PASS: TestValidateWorkflowName_EdgeCases/starts_with_number (0.00s)
    --- PASS: TestValidateWorkflowName_EdgeCases/multiple_consecutive_hyphens (0.00s)
    --- PASS: TestValidateWorkflowName_EdgeCases/multiple_consecutive_underscores (0.00s)
    --- PASS: TestValidateWorkflowName_EdgeCases/tab_character (0.00s)
    --- PASS: TestValidateWorkflowName_EdgeCases/newline_character (0.00s)
    --- PASS: TestValidateWorkflowName_EdgeCases/carriage_return (0.00s)
=== RUN   TestValidateWorkflowIntent
=== RUN   TestValidateWorkflowIntent/valid_minimal_intent
=== RUN   TestValidateWorkflowIntent/valid_long_intent
=== RUN   TestValidateWorkflowIntent/valid_exactly_20_characters
=== RUN   TestValidateWorkflowIntent/valid_with_newlines
=== RUN   TestValidateWorkflowIntent/valid_with_leading/trailing_whitespace
=== RUN   TestValidateWorkflowIntent/empty_string
=== RUN   TestValidateWorkflowIntent/only_whitespace
=== RUN   TestValidateWorkflowIntent/only_spaces
=== RUN   TestValidateWorkflowIntent/only_tabs
=== RUN   TestValidateWorkflowIntent/only_newlines
=== RUN   TestValidateWorkflowIntent/too_short_-_single_character
=== RUN   TestValidateWorkflowIntent/too_short_-_5_characters
=== RUN   TestValidateWorkflowIntent/too_short_-_19_characters
=== RUN   TestValidateWorkflowIntent/too_short_with_whitespace_padding
=== RUN   TestValidateWorkflowIntent/19_chars_after_trim
--- PASS: TestValidateWorkflowIntent (0.00s)
    --- PASS: TestValidateWorkflowIntent/valid_minimal_intent (0.00s)
    --- PASS: TestValidateWorkflowIntent/valid_long_intent (0.00s)
    --- PASS: TestValidateWorkflowIntent/valid_exactly_20_characters (0.00s)
    --- PASS: TestValidateWorkflowIntent/valid_with_newlines (0.00s)
    --- PASS: TestValidateWorkflowIntent/valid_with_leading/trailing_whitespace (0.00s)
    --- PASS: TestValidateWorkflowIntent/empty_string (0.00s)
    --- PASS: TestValidateWorkflowIntent/only_whitespace (0.00s)
    --- PASS: TestValidateWorkflowIntent/only_spaces (0.00s)
    --- PASS: TestValidateWorkflowIntent/only_tabs (0.00s)
    --- PASS: TestValidateWorkflowIntent/only_newlines (0.00s)
    --- PASS: TestValidateWorkflowIntent/too_short_-_single_character (0.00s)
    --- PASS: TestValidateWorkflowIntent/too_short_-_5_characters (0.00s)
    --- PASS: TestValidateWorkflowIntent/too_short_-_19_characters (0.00s)
    --- PASS: TestValidateWorkflowIntent/too_short_with_whitespace_padding (0.00s)
    --- PASS: TestValidateWorkflowIntent/19_chars_after_trim (0.00s)
=== RUN   TestValidateWorkflowIntent_EdgeCases
=== RUN   TestValidateWorkflowIntent_EdgeCases/exactly_20_characters_with_spaces
=== RUN   TestValidateWorkflowIntent_EdgeCases/unicode_characters
=== RUN   TestValidateWorkflowIntent_EdgeCases/special_characters
=== RUN   TestValidateWorkflowIntent_EdgeCases/very_long_intent
=== RUN   TestValidateWorkflowIntent_EdgeCases/mixed_whitespace
=== RUN   TestValidateWorkflowIntent_EdgeCases/only_punctuation_but_>=_20_chars
--- PASS: TestValidateWorkflowIntent_EdgeCases (0.00s)
    --- PASS: TestValidateWorkflowIntent_EdgeCases/exactly_20_characters_with_spaces (0.00s)
    --- PASS: TestValidateWorkflowIntent_EdgeCases/unicode_characters (0.00s)
    --- PASS: TestValidateWorkflowIntent_EdgeCases/special_characters (0.00s)
    --- PASS: TestValidateWorkflowIntent_EdgeCases/very_long_intent (0.00s)
    --- PASS: TestValidateWorkflowIntent_EdgeCases/mixed_whitespace (0.00s)
    --- PASS: TestValidateWorkflowIntent_EdgeCases/only_punctuation_but_>=_20_chars (0.00s)
=== RUN   TestGetVersionDelegatesToWorkflowVersion
--- PASS: TestGetVersionDelegatesToWorkflowVersion (0.00s)
=== RUN   TestSetVersionInfoUpdatesWorkflowVersion
--- PASS: TestSetVersionInfoUpdatesWorkflowVersion (0.00s)
=== RUN   TestNewViewCommand_FlagsExist
--- PASS: TestNewViewCommand_FlagsExist (0.00s)
=== RUN   TestNewViewCommand_UseAndShort
--- PASS: TestNewViewCommand_UseAndShort (0.00s)
=== RUN   TestNewViewCommand_RequiresExactlyOneArg
--- PASS: TestNewViewCommand_RequiresExactlyOneArg (0.00s)
=== RUN   TestBuildRunHTMLURL_WithOwnerRepo
--- PASS: TestBuildRunHTMLURL_WithOwnerRepo (0.00s)
=== RUN   TestBuildRunHTMLURL_MissingOwner
--- PASS: TestBuildRunHTMLURL_MissingOwner (0.00s)
=== RUN   TestBuildRunHTMLURL_MissingRepo
--- PASS: TestBuildRunHTMLURL_MissingRepo (0.00s)
=== RUN   TestBuildRunHTMLURL_DefaultHostname
--- PASS: TestBuildRunHTMLURL_DefaultHostname (0.00s)
=== RUN   TestBuildRunHTMLURL_GHES
--- PASS: TestBuildRunHTMLURL_GHES (0.00s)
=== RUN   TestViewWorkflowRun_LocalCache_NoError
--- PASS: TestViewWorkflowRun_LocalCache_NoError (0.00s)
=== RUN   TestViewWorkflowRun_WithOwnerRepo_ShowsRunURL
--- PASS: TestViewWorkflowRun_WithOwnerRepo_ShowsRunURL (0.00s)
=== RUN   TestViewWorkflowRun_WithSafeOutputs_ShowsSection
--- PASS: TestViewWorkflowRun_WithSafeOutputs_ShowsSection (0.01s)
=== RUN   TestViewWorkflowRun_EmptyDir_WarnsAndReturnsNil
⚠ No timeline events found for run 1111.
ℹ Ensure the workflow has gateway.jsonl, audit.jsonl, or events.jsonl artifacts.
--- PASS: TestViewWorkflowRun_EmptyDir_WarnsAndReturnsNil (0.00s)
=== RUN   TestGetRequiredSecretsForWorkflow
=== RUN   TestGetRequiredSecretsForWorkflow/copilot_engine_workflow
=== RUN   TestGetRequiredSecretsForWorkflow/claude_engine_workflow
=== RUN   TestGetRequiredSecretsForWorkflow/workflow_without_engine
=== RUN   TestGetRequiredSecretsForWorkflow/copilot_engine_with_permissions.copilot-requests:_write_does_not_require_copilot_token
=== RUN   TestGetRequiredSecretsForWorkflow/opencode_engine_with_permissions.copilot-requests:_write_does_not_require_copilot_token
=== RUN   TestGetRequiredSecretsForWorkflow/crush_engine_with_permissions.copilot-requests:_write_does_not_require_copilot_token
=== RUN   TestGetRequiredSecretsForWorkflow/pi_engine_with_permissions.copilot-requests:_write_does_not_require_copilot_token
--- PASS: TestGetRequiredSecretsForWorkflow (0.00s)
    --- PASS: TestGetRequiredSecretsForWorkflow/copilot_engine_workflow (0.00s)
    --- PASS: TestGetRequiredSecretsForWorkflow/claude_engine_workflow (0.00s)
    --- PASS: TestGetRequiredSecretsForWorkflow/workflow_without_engine (0.00s)
    --- PASS: TestGetRequiredSecretsForWorkflow/copilot_engine_with_permissions.copilot-requests:_write_does_not_require_copilot_token (0.00s)
    --- PASS: TestGetRequiredSecretsForWorkflow/opencode_engine_with_permissions.copilot-requests:_write_does_not_require_copilot_token (0.00s)
    --- PASS: TestGetRequiredSecretsForWorkflow/crush_engine_with_permissions.copilot-requests:_write_does_not_require_copilot_token (0.00s)
    --- PASS: TestGetRequiredSecretsForWorkflow/pi_engine_with_permissions.copilot-requests:_write_does_not_require_copilot_token (0.00s)
=== RUN   TestGetRequiredSecretsForWorkflows
=== RUN   TestGetRequiredSecretsForWorkflows/collects_secrets_from_multiple_workflows
=== RUN   TestGetRequiredSecretsForWorkflows/handles_empty_workflow_list
=== RUN   TestGetRequiredSecretsForWorkflows/deduplicates_secrets_from_workflows_with_same_engine
=== RUN   TestGetRequiredSecretsForWorkflows/skips_workflows_without_engines
--- PASS: TestGetRequiredSecretsForWorkflows (0.00s)
    --- PASS: TestGetRequiredSecretsForWorkflows/collects_secrets_from_multiple_workflows (0.00s)
    --- PASS: TestGetRequiredSecretsForWorkflows/handles_empty_workflow_list (0.00s)
    --- PASS: TestGetRequiredSecretsForWorkflows/deduplicates_secrets_from_workflows_with_same_engine (0.00s)
    --- PASS: TestGetRequiredSecretsForWorkflows/skips_workflows_without_engines (0.00s)
=== RUN   TestSuggestWorkflowNames
=== RUN   TestSuggestWorkflowNames/single_character_typo
=== RUN   TestSuggestWorkflowNames/two_character_typo
=== RUN   TestSuggestWorkflowNames/multiple_matches
=== RUN   TestSuggestWorkflowNames/prefix_match_-_within_distance
=== RUN   TestSuggestWorkflowNames/no_matches_-_too_different
=== RUN   TestSuggestWorkflowNames/exact_match_excluded
--- PASS: TestSuggestWorkflowNames (0.00s)
    --- PASS: TestSuggestWorkflowNames/single_character_typo (0.00s)
    --- PASS: TestSuggestWorkflowNames/two_character_typo (0.00s)
    --- PASS: TestSuggestWorkflowNames/multiple_matches (0.00s)
    --- PASS: TestSuggestWorkflowNames/prefix_match_-_within_distance (0.00s)
    --- PASS: TestSuggestWorkflowNames/no_matches_-_too_different (0.00s)
    --- PASS: TestSuggestWorkflowNames/exact_match_excluded (0.00s)
=== RUN   TestGetAvailableWorkflowNames
--- PASS: TestGetAvailableWorkflowNames (0.00s)
=== RUN   TestGetAvailableWorkflowNamesNoDirectory
--- PASS: TestGetAvailableWorkflowNamesNoDirectory (0.00s)
=== RUN   TestWorkflowCounting
    workflows_count_test.go:93: User workflows: 253, Expected message: ✓ Fetched 253 workflows
--- PASS: TestWorkflowCounting (0.00s)
=== RUN   TestReadWorkflowFileWithRelativePath
--- PASS: TestReadWorkflowFileWithRelativePath (0.00s)
=== RUN   TestReadWorkflowFileWithAbsolutePath
--- PASS: TestReadWorkflowFileWithAbsolutePath (0.00s)
=== RUN   TestReadWorkflowFilePathSeparators
--- PASS: TestReadWorkflowFilePathSeparators (0.00s)
=== RUN   TestReadWorkflowFileNonExistent
--- PASS: TestReadWorkflowFileNonExistent (0.00s)
=== RUN   TestWorkflowResolutionWindowsCompatibility
--- PASS: TestWorkflowResolutionWindowsCompatibility (0.00s)
=== RUN   TestIsWorkflowFile
=== RUN   TestIsWorkflowFile/regular_workflow_file
=== RUN   TestIsWorkflowFile/README.md_should_be_excluded
=== RUN   TestIsWorkflowFile/readme.md_lowercase_should_be_excluded
=== RUN   TestIsWorkflowFile/ReadMe.md_mixed_case_should_be_excluded
=== RUN   TestIsWorkflowFile/READM.md_with_different_name_is_included
=== RUN   TestIsWorkflowFile/README-workflow.md_with_prefix_is_included
=== RUN   TestIsWorkflowFile/workflow-README.md_with_suffix_is_included
=== RUN   TestIsWorkflowFile/path_with_README.md_at_end_should_be_excluded
=== RUN   TestIsWorkflowFile/path_with_regular_workflow_should_be_included
--- PASS: TestIsWorkflowFile (0.00s)
    --- PASS: TestIsWorkflowFile/regular_workflow_file (0.00s)
    --- PASS: TestIsWorkflowFile/README.md_should_be_excluded (0.00s)
    --- PASS: TestIsWorkflowFile/readme.md_lowercase_should_be_excluded (0.00s)
    --- PASS: TestIsWorkflowFile/ReadMe.md_mixed_case_should_be_excluded (0.00s)
    --- PASS: TestIsWorkflowFile/READM.md_with_different_name_is_included (0.00s)
    --- PASS: TestIsWorkflowFile/README-workflow.md_with_prefix_is_included (0.00s)
    --- PASS: TestIsWorkflowFile/workflow-README.md_with_suffix_is_included (0.00s)
    --- PASS: TestIsWorkflowFile/path_with_README.md_at_end_should_be_excluded (0.00s)
    --- PASS: TestIsWorkflowFile/path_with_regular_workflow_should_be_included (0.00s)
=== RUN   TestFilterWorkflowFiles
=== RUN   TestFilterWorkflowFiles/empty_list
=== RUN   TestFilterWorkflowFiles/no_README.md_files
=== RUN   TestFilterWorkflowFiles/filter_out_README.md
=== RUN   TestFilterWorkflowFiles/filter_out_readme.md_(lowercase)
=== RUN   TestFilterWorkflowFiles/filter_out_ReadMe.md_(mixed_case)
=== RUN   TestFilterWorkflowFiles/keep_README-prefixed_files
=== RUN   TestFilterWorkflowFiles/filter_with_full_paths
--- PASS: TestFilterWorkflowFiles (0.00s)
    --- PASS: TestFilterWorkflowFiles/empty_list (0.00s)
    --- PASS: TestFilterWorkflowFiles/no_README.md_files (0.00s)
    --- PASS: TestFilterWorkflowFiles/filter_out_README.md (0.00s)
    --- PASS: TestFilterWorkflowFiles/filter_out_readme.md_(lowercase) (0.00s)
    --- PASS: TestFilterWorkflowFiles/filter_out_ReadMe.md_(mixed_case) (0.00s)
    --- PASS: TestFilterWorkflowFiles/keep_README-prefixed_files (0.00s)
    --- PASS: TestFilterWorkflowFiles/filter_with_full_paths (0.00s)
=== RUN   TestGetMarkdownWorkflowFilesExcludesREADME
--- PASS: TestGetMarkdownWorkflowFilesExcludesREADME (0.00s)
=== RUN   TestFilterMarkdownFilesWithFrontmatter
--- PASS: TestFilterMarkdownFilesWithFrontmatter (0.00s)
=== RUN   TestReconstructContent
=== RUN   TestReconstructContent/basic_reconstruction
=== RUN   TestReconstructContent/no_markdown_body
--- PASS: TestReconstructContent (0.00s)
    --- PASS: TestReconstructContent/basic_reconstruction (0.00s)
    --- PASS: TestReconstructContent/no_markdown_body (0.00s)
=== RUN   TestParseFrontmatterLines
=== RUN   TestParseFrontmatterLines/valid_frontmatter
=== RUN   TestParseFrontmatterLines/no_frontmatter
--- PASS: TestParseFrontmatterLines (0.00s)
    --- PASS: TestParseFrontmatterLines/valid_frontmatter (0.00s)
    --- PASS: TestParseFrontmatterLines/no_frontmatter (0.00s)
=== RUN   TestGetIndentation
=== RUN   TestGetIndentation/no_indentation
=== RUN   TestGetIndentation/two_space_indentation
=== RUN   TestGetIndentation/four_space_indentation
=== RUN   TestGetIndentation/tab_indentation
=== RUN   TestGetIndentation/mixed_indentation
--- PASS: TestGetIndentation (0.00s)
    --- PASS: TestGetIndentation/no_indentation (0.00s)
    --- PASS: TestGetIndentation/two_space_indentation (0.00s)
    --- PASS: TestGetIndentation/four_space_indentation (0.00s)
    --- PASS: TestGetIndentation/tab_indentation (0.00s)
    --- PASS: TestGetIndentation/mixed_indentation (0.00s)
=== RUN   TestIsTopLevelKey
=== RUN   TestIsTopLevelKey/top_level_key
=== RUN   TestIsTopLevelKey/indented_key
=== RUN   TestIsTopLevelKey/comment
=== RUN   TestIsTopLevelKey/empty_line
=== RUN   TestIsTopLevelKey/no_colon
--- PASS: TestIsTopLevelKey (0.00s)
    --- PASS: TestIsTopLevelKey/top_level_key (0.00s)
    --- PASS: TestIsTopLevelKey/indented_key (0.00s)
    --- PASS: TestIsTopLevelKey/comment (0.00s)
    --- PASS: TestIsTopLevelKey/empty_line (0.00s)
    --- PASS: TestIsTopLevelKey/no_colon (0.00s)
=== RUN   TestIsNestedUnder
=== RUN   TestIsNestedUnder/nested_under_parent
=== RUN   TestIsNestedUnder/same_level_as_parent
=== RUN   TestIsNestedUnder/less_indentation_than_parent
=== RUN   TestIsNestedUnder/deeply_nested
--- PASS: TestIsNestedUnder (0.00s)
    --- PASS: TestIsNestedUnder/nested_under_parent (0.00s)
    --- PASS: TestIsNestedUnder/same_level_as_parent (0.00s)
    --- PASS: TestIsNestedUnder/less_indentation_than_parent (0.00s)
    --- PASS: TestIsNestedUnder/deeply_nested (0.00s)
=== RUN   TestHasExitedBlock
=== RUN   TestHasExitedBlock/exited_with_top-level_key
=== RUN   TestHasExitedBlock/still_in_block_-_more_indentation
=== RUN   TestHasExitedBlock/exited_with_comment_at_same_level
=== RUN   TestHasExitedBlock/still_in_block_-_nested_comment
=== RUN   TestHasExitedBlock/empty_line
--- PASS: TestHasExitedBlock (0.00s)
    --- PASS: TestHasExitedBlock/exited_with_top-level_key (0.00s)
    --- PASS: TestHasExitedBlock/still_in_block_-_more_indentation (0.00s)
    --- PASS: TestHasExitedBlock/exited_with_comment_at_same_level (0.00s)
    --- PASS: TestHasExitedBlock/still_in_block_-_nested_comment (0.00s)
    --- PASS: TestHasExitedBlock/empty_line (0.00s)
=== RUN   TestFindAndReplaceInLine
=== RUN   TestFindAndReplaceInLine/replace_simple_key
=== RUN   TestFindAndReplaceInLine/preserve_indentation
=== RUN   TestFindAndReplaceInLine/preserve_inline_comment
=== RUN   TestFindAndReplaceInLine/no_match_-_different_key
--- PASS: TestFindAndReplaceInLine (0.00s)
    --- PASS: TestFindAndReplaceInLine/replace_simple_key (0.00s)
    --- PASS: TestFindAndReplaceInLine/preserve_indentation (0.00s)
    --- PASS: TestFindAndReplaceInLine/preserve_inline_comment (0.00s)
    --- PASS: TestFindAndReplaceInLine/no_match_-_different_key (0.00s)
=== RUN   TestRemoveFieldFromBlock
=== RUN   TestRemoveFieldFromBlock/remove_simple_field
=== RUN   TestRemoveFieldFromBlock/remove_field_with_nested_properties
=== RUN   TestRemoveFieldFromBlock/remove_field_with_comments
=== RUN   TestRemoveFieldFromBlock/field_not_present
=== RUN   TestRemoveFieldFromBlock/removes_empty_parent_block_when_last_child_is_removed
=== RUN   TestRemoveFieldFromBlock/keeps_parent_block_when_other_children_remain
=== RUN   TestRemoveFieldFromBlock/removes_empty_parent_block_when_it_is_the_last_block
=== RUN   TestRemoveFieldFromBlock/keeps_parent_block_header_when_only_a_comment_remains_under_it
--- PASS: TestRemoveFieldFromBlock (0.00s)
    --- PASS: TestRemoveFieldFromBlock/remove_simple_field (0.00s)
    --- PASS: TestRemoveFieldFromBlock/remove_field_with_nested_properties (0.00s)
    --- PASS: TestRemoveFieldFromBlock/remove_field_with_comments (0.00s)
    --- PASS: TestRemoveFieldFromBlock/field_not_present (0.00s)
    --- PASS: TestRemoveFieldFromBlock/removes_empty_parent_block_when_last_child_is_removed (0.00s)
    --- PASS: TestRemoveFieldFromBlock/keeps_parent_block_when_other_children_remain (0.00s)
    --- PASS: TestRemoveFieldFromBlock/removes_empty_parent_block_when_it_is_the_last_block (0.00s)
    --- PASS: TestRemoveFieldFromBlock/keeps_parent_block_header_when_only_a_comment_remains_under_it (0.00s)
=== RUN   TestRemoveFieldFromBlock_PreservesComments
--- PASS: TestRemoveFieldFromBlock_PreservesComments (0.00s)
=== RUN   TestApplyFrontmatterLineTransform
=== RUN   TestApplyFrontmatterLineTransform/transform_applied
=== RUN   TestApplyFrontmatterLineTransform/no_change_returns_original_content
=== RUN   TestApplyFrontmatterLineTransform/content_with_no_frontmatter_is_handled_gracefully
=== RUN   TestApplyFrontmatterLineTransform/markdown_body_preserved
--- PASS: TestApplyFrontmatterLineTransform (0.00s)
    --- PASS: TestApplyFrontmatterLineTransform/transform_applied (0.00s)
    --- PASS: TestApplyFrontmatterLineTransform/no_change_returns_original_content (0.00s)
    --- PASS: TestApplyFrontmatterLineTransform/content_with_no_frontmatter_is_handled_gracefully (0.00s)
    --- PASS: TestApplyFrontmatterLineTransform/markdown_body_preserved (0.00s)
=== RUN   TestParseAndDisplayZizmorOutput
=== RUN   TestParseAndDisplayZizmorOutput/single_file_with_findings
=== RUN   TestParseAndDisplayZizmorOutput/multiple_findings_in_same_file
=== RUN   TestParseAndDisplayZizmorOutput/file_with_no_findings
=== RUN   TestParseAndDisplayZizmorOutput/multiple_files
=== RUN   TestParseAndDisplayZizmorOutput/finding_with_multiple_locations_in_same_file_counts_as_one
--- PASS: TestParseAndDisplayZizmorOutput (0.00s)
    --- PASS: TestParseAndDisplayZizmorOutput/single_file_with_findings (0.00s)
    --- PASS: TestParseAndDisplayZizmorOutput/multiple_findings_in_same_file (0.00s)
    --- PASS: TestParseAndDisplayZizmorOutput/file_with_no_findings (0.00s)
    --- PASS: TestParseAndDisplayZizmorOutput/multiple_files (0.00s)
    --- PASS: TestParseAndDisplayZizmorOutput/finding_with_multiple_locations_in_same_file_counts_as_one (0.00s)
=== RUN   TestSpec_PublicAPI_ValidateWorkflowName
=== RUN   TestSpec_PublicAPI_ValidateWorkflowName/valid_alphanumeric-hyphen_name
=== RUN   TestSpec_PublicAPI_ValidateWorkflowName/valid_name_with_underscores_and_digits
=== RUN   TestSpec_PublicAPI_ValidateWorkflowName/empty_name_returns_error
=== RUN   TestSpec_PublicAPI_ValidateWorkflowName/name_with_spaces_returns_error
=== RUN   TestSpec_PublicAPI_ValidateWorkflowName/name_with_slashes_returns_error
--- PASS: TestSpec_PublicAPI_ValidateWorkflowName (0.00s)
    --- PASS: TestSpec_PublicAPI_ValidateWorkflowName/valid_alphanumeric-hyphen_name (0.00s)
    --- PASS: TestSpec_PublicAPI_ValidateWorkflowName/valid_name_with_underscores_and_digits (0.00s)
    --- PASS: TestSpec_PublicAPI_ValidateWorkflowName/empty_name_returns_error (0.00s)
    --- PASS: TestSpec_PublicAPI_ValidateWorkflowName/name_with_spaces_returns_error (0.00s)
    --- PASS: TestSpec_PublicAPI_ValidateWorkflowName/name_with_slashes_returns_error (0.00s)
=== RUN   TestSpec_PublicAPI_IsCommitSHA
=== RUN   TestSpec_PublicAPI_IsCommitSHA/valid_SHA_lowercase
=== RUN   TestSpec_PublicAPI_IsCommitSHA/valid_SHA_uppercase
=== RUN   TestSpec_PublicAPI_IsCommitSHA/valid_SHA_mixed_case
=== RUN   TestSpec_PublicAPI_IsCommitSHA/invalid_-_too_short
=== RUN   TestSpec_PublicAPI_IsCommitSHA/invalid_-_too_long
=== RUN   TestSpec_PublicAPI_IsCommitSHA/invalid_-_contains_non-hex
=== RUN   TestSpec_PublicAPI_IsCommitSHA/invalid_-_empty
=== RUN   TestSpec_PublicAPI_IsCommitSHA/invalid_-_branch_name
=== RUN   TestSpec_PublicAPI_IsCommitSHA/invalid_-_version_tag
--- PASS: TestSpec_PublicAPI_IsCommitSHA (0.00s)
    --- PASS: TestSpec_PublicAPI_IsCommitSHA/valid_SHA_lowercase (0.00s)
    --- PASS: TestSpec_PublicAPI_IsCommitSHA/valid_SHA_uppercase (0.00s)
    --- PASS: TestSpec_PublicAPI_IsCommitSHA/valid_SHA_mixed_case (0.00s)
    --- PASS: TestSpec_PublicAPI_IsCommitSHA/invalid_-_too_short (0.00s)
    --- PASS: TestSpec_PublicAPI_IsCommitSHA/invalid_-_too_long (0.00s)
    --- PASS: TestSpec_PublicAPI_IsCommitSHA/invalid_-_contains_non-hex (0.00s)
    --- PASS: TestSpec_PublicAPI_IsCommitSHA/invalid_-_empty (0.00s)
    --- PASS: TestSpec_PublicAPI_IsCommitSHA/invalid_-_branch_name (0.00s)
    --- PASS: TestSpec_PublicAPI_IsCommitSHA/invalid_-_version_tag (0.00s)
=== RUN   TestSpec_PublicAPI_GetVersion
--- PASS: TestSpec_PublicAPI_GetVersion (0.00s)
=== RUN   TestSpec_PublicAPI_SetVersionInfo
--- PASS: TestSpec_PublicAPI_SetVersionInfo (0.00s)
=== RUN   TestSpec_PublicAPI_IsRunningInCI
--- PASS: TestSpec_PublicAPI_IsRunningInCI (0.00s)
=== RUN   TestSpec_Types_ShellType
--- PASS: TestSpec_Types_ShellType (0.00s)
=== RUN   TestSpec_PublicAPI_DetectShell
--- PASS: TestSpec_PublicAPI_DetectShell (0.00s)
=== RUN   TestSpec_PublicAPI_ValidEngineNames
--- PASS: TestSpec_PublicAPI_ValidEngineNames (0.00s)
=== RUN   TestSpec_PublicAPI_ValidArtifactSetNames
--- PASS: TestSpec_PublicAPI_ValidArtifactSetNames (0.00s)
=== RUN   TestSpec_PublicAPI_ValidateArtifactSets
=== RUN   TestSpec_PublicAPI_ValidateArtifactSets/known_artifact_set_returns_no_error
=== RUN   TestSpec_PublicAPI_ValidateArtifactSets/unknown_artifact_set_returns_error
=== RUN   TestSpec_PublicAPI_ValidateArtifactSets/empty_list_returns_no_error
--- PASS: TestSpec_PublicAPI_ValidateArtifactSets (0.00s)
    --- PASS: TestSpec_PublicAPI_ValidateArtifactSets/known_artifact_set_returns_no_error (0.00s)
    --- PASS: TestSpec_PublicAPI_ValidateArtifactSets/unknown_artifact_set_returns_error (0.00s)
    --- PASS: TestSpec_PublicAPI_ValidateArtifactSets/empty_list_returns_no_error (0.00s)
=== RUN   TestSpec_PublicAPI_ExtractWorkflowDescription
=== RUN   TestSpec_PublicAPI_ExtractWorkflowDescription/extracts_description_from_frontmatter
=== RUN   TestSpec_PublicAPI_ExtractWorkflowDescription/returns_empty_string_when_no_description_field
=== RUN   TestSpec_PublicAPI_ExtractWorkflowDescription/returns_empty_string_for_content_without_frontmatter
--- PASS: TestSpec_PublicAPI_ExtractWorkflowDescription (0.00s)
    --- PASS: TestSpec_PublicAPI_ExtractWorkflowDescription/extracts_description_from_frontmatter (0.00s)
    --- PASS: TestSpec_PublicAPI_ExtractWorkflowDescription/returns_empty_string_when_no_description_field (0.00s)
    --- PASS: TestSpec_PublicAPI_ExtractWorkflowDescription/returns_empty_string_for_content_without_frontmatter (0.00s)
=== RUN   TestSpec_PublicAPI_ExtractWorkflowEngine
=== RUN   TestSpec_PublicAPI_ExtractWorkflowEngine/extracts_engine_in_string_format
=== RUN   TestSpec_PublicAPI_ExtractWorkflowEngine/returns_empty_string_when_no_engine_field
--- PASS: TestSpec_PublicAPI_ExtractWorkflowEngine (0.00s)
    --- PASS: TestSpec_PublicAPI_ExtractWorkflowEngine/extracts_engine_in_string_format (0.00s)
    --- PASS: TestSpec_PublicAPI_ExtractWorkflowEngine/returns_empty_string_when_no_engine_field (0.00s)
=== RUN   TestSpec_PublicAPI_ExtractWorkflowPrivate
=== RUN   TestSpec_PublicAPI_ExtractWorkflowPrivate/returns_true_when_private:_true
=== RUN   TestSpec_PublicAPI_ExtractWorkflowPrivate/returns_false_when_private:_false
=== RUN   TestSpec_PublicAPI_ExtractWorkflowPrivate/returns_false_when_no_private_field
--- PASS: TestSpec_PublicAPI_ExtractWorkflowPrivate (0.00s)
    --- PASS: TestSpec_PublicAPI_ExtractWorkflowPrivate/returns_true_when_private:_true (0.00s)
    --- PASS: TestSpec_PublicAPI_ExtractWorkflowPrivate/returns_false_when_private:_false (0.00s)
    --- PASS: TestSpec_PublicAPI_ExtractWorkflowPrivate/returns_false_when_no_private_field (0.00s)
=== RUN   TestSpec_DesignDecision_StderrDiagnostics
--- PASS: TestSpec_DesignDecision_StderrDiagnostics (0.00s)
=== RUN   TestSpec_PublicAPI_GetAllCodemods
--- PASS: TestSpec_PublicAPI_GetAllCodemods (0.00s)
=== RUN   TestSpec_PublicAPI_ResolveArtifactFilter
=== RUN   TestSpec_PublicAPI_ResolveArtifactFilter/all_returns_nil_meaning_no_filter_applied
=== RUN   TestSpec_PublicAPI_ResolveArtifactFilter/empty_list_returns_nil_meaning_no_filter_applied
=== RUN   TestSpec_PublicAPI_ResolveArtifactFilter/non-all_named_set_expands_to_concrete_artifact_list
--- PASS: TestSpec_PublicAPI_ResolveArtifactFilter (0.00s)
    --- PASS: TestSpec_PublicAPI_ResolveArtifactFilter/all_returns_nil_meaning_no_filter_applied (0.00s)
    --- PASS: TestSpec_PublicAPI_ResolveArtifactFilter/empty_list_returns_nil_meaning_no_filter_applied (0.00s)
    --- PASS: TestSpec_PublicAPI_ResolveArtifactFilter/non-all_named_set_expands_to_concrete_artifact_list (0.00s)
=== RUN   TestSpec_PublicAPI_GroupRunsByWorkflow
--- PASS: TestSpec_PublicAPI_GroupRunsByWorkflow (0.00s)
=== RUN   TestSpec_PublicAPI_ValidateWorkflowIntent
=== RUN   TestSpec_PublicAPI_ValidateWorkflowIntent/empty_string_returns_error
=== RUN   TestSpec_PublicAPI_ValidateWorkflowIntent/whitespace-only_string_returns_error
=== RUN   TestSpec_PublicAPI_ValidateWorkflowIntent/string_shorter_than_20_characters_returns_error
=== RUN   TestSpec_PublicAPI_ValidateWorkflowIntent/string_of_exactly_20_characters_is_valid
=== RUN   TestSpec_PublicAPI_ValidateWorkflowIntent/string_longer_than_20_characters_is_valid
--- PASS: TestSpec_PublicAPI_ValidateWorkflowIntent (0.00s)
    --- PASS: TestSpec_PublicAPI_ValidateWorkflowIntent/empty_string_returns_error (0.00s)
    --- PASS: TestSpec_PublicAPI_ValidateWorkflowIntent/whitespace-only_string_returns_error (0.00s)
    --- PASS: TestSpec_PublicAPI_ValidateWorkflowIntent/string_shorter_than_20_characters_returns_error (0.00s)
    --- PASS: TestSpec_PublicAPI_ValidateWorkflowIntent/string_of_exactly_20_characters_is_valid (0.00s)
    --- PASS: TestSpec_PublicAPI_ValidateWorkflowIntent/string_longer_than_20_characters_is_valid (0.00s)
=== RUN   TestSpec_PublicAPI_UpdateFieldInFrontmatter
=== RUN   TestSpec_PublicAPI_UpdateFieldInFrontmatter/updates_existing_field
=== RUN   TestSpec_PublicAPI_UpdateFieldInFrontmatter/adds_new_field_when_absent
=== RUN   TestSpec_PublicAPI_UpdateFieldInFrontmatter/creates_frontmatter_when_content_has_none
--- PASS: TestSpec_PublicAPI_UpdateFieldInFrontmatter (0.00s)
    --- PASS: TestSpec_PublicAPI_UpdateFieldInFrontmatter/updates_existing_field (0.00s)
    --- PASS: TestSpec_PublicAPI_UpdateFieldInFrontmatter/adds_new_field_when_absent (0.00s)
    --- PASS: TestSpec_PublicAPI_UpdateFieldInFrontmatter/creates_frontmatter_when_content_has_none (0.00s)
=== RUN   TestSpec_PublicAPI_SetFieldInOnTrigger
=== RUN   TestSpec_PublicAPI_SetFieldInOnTrigger/adds_on:_block_when_not_present
=== RUN   TestSpec_PublicAPI_SetFieldInOnTrigger/sets_field_inside_existing_on:_block
=== RUN   TestSpec_PublicAPI_SetFieldInOnTrigger/returns_error_when_no_frontmatter_found
--- PASS: TestSpec_PublicAPI_SetFieldInOnTrigger (0.00s)
    --- PASS: TestSpec_PublicAPI_SetFieldInOnTrigger/adds_on:_block_when_not_present (0.00s)
    --- PASS: TestSpec_PublicAPI_SetFieldInOnTrigger/sets_field_inside_existing_on:_block (0.00s)
    --- PASS: TestSpec_PublicAPI_SetFieldInOnTrigger/returns_error_when_no_frontmatter_found (0.00s)
=== RUN   TestSpec_PublicAPI_RemoveFieldFromOnTrigger
=== RUN   TestSpec_PublicAPI_RemoveFieldFromOnTrigger/removes_field_from_existing_on:_block
=== RUN   TestSpec_PublicAPI_RemoveFieldFromOnTrigger/no-op_when_field_is_not_present
--- PASS: TestSpec_PublicAPI_RemoveFieldFromOnTrigger (0.00s)
    --- PASS: TestSpec_PublicAPI_RemoveFieldFromOnTrigger/removes_field_from_existing_on:_block (0.00s)
    --- PASS: TestSpec_PublicAPI_RemoveFieldFromOnTrigger/no-op_when_field_is_not_present (0.00s)
=== RUN   TestSpec_PublicAPI_UpdateScheduleInOnBlock
=== RUN   TestSpec_PublicAPI_UpdateScheduleInOnBlock/updates_existing_schedule_expression
=== RUN   TestSpec_PublicAPI_UpdateScheduleInOnBlock/returns_error_for_content_without_frontmatter_lines
--- PASS: TestSpec_PublicAPI_UpdateScheduleInOnBlock (0.00s)
    --- PASS: TestSpec_PublicAPI_UpdateScheduleInOnBlock/updates_existing_schedule_expression (0.00s)
    --- PASS: TestSpec_PublicAPI_UpdateScheduleInOnBlock/returns_error_for_content_without_frontmatter_lines (0.00s)
=== RUN   TestSpec_PublicAPI_CalculateWorkflowHealth
=== RUN   TestSpec_PublicAPI_CalculateWorkflowHealth/returns_N/A_display_values_for_empty_runs
=== RUN   TestSpec_PublicAPI_CalculateWorkflowHealth/counts_successful_and_failed_runs_correctly
=== RUN   TestSpec_PublicAPI_CalculateWorkflowHealth/sets_BelowThresh_true_when_success_rate_is_below_threshold
=== RUN   TestSpec_PublicAPI_CalculateWorkflowHealth/sets_BelowThresh_false_when_success_rate_meets_threshold
--- PASS: TestSpec_PublicAPI_CalculateWorkflowHealth (0.00s)
    --- PASS: TestSpec_PublicAPI_CalculateWorkflowHealth/returns_N/A_display_values_for_empty_runs (0.00s)
    --- PASS: TestSpec_PublicAPI_CalculateWorkflowHealth/counts_successful_and_failed_runs_correctly (0.00s)
    --- PASS: TestSpec_PublicAPI_CalculateWorkflowHealth/sets_BelowThresh_true_when_success_rate_is_below_threshold (0.00s)
    --- PASS: TestSpec_PublicAPI_CalculateWorkflowHealth/sets_BelowThresh_false_when_success_rate_meets_threshold (0.00s)
=== RUN   TestSpec_PublicAPI_IsDockerAvailable
--- PASS: TestSpec_PublicAPI_IsDockerAvailable (0.09s)
=== RUN   TestSpec_PublicAPI_IsDockerImageAvailable
--- PASS: TestSpec_PublicAPI_IsDockerImageAvailable (0.03s)
=== RUN   TestSpec_PublicAPI_IsDockerImageDownloading
--- PASS: TestSpec_PublicAPI_IsDockerImageDownloading (0.00s)
=== RUN   TestSpec_PublicAPI_CalculateHealthSummary
=== RUN   TestSpec_PublicAPI_CalculateHealthSummary/returns_correct_totals_for_empty_workflow_list
=== RUN   TestSpec_PublicAPI_CalculateHealthSummary/counts_healthy_workflows_and_preserves_period
--- PASS: TestSpec_PublicAPI_CalculateHealthSummary (0.00s)
    --- PASS: TestSpec_PublicAPI_CalculateHealthSummary/returns_correct_totals_for_empty_workflow_list (0.00s)
    --- PASS: TestSpec_PublicAPI_CalculateHealthSummary/counts_healthy_workflows_and_preserves_period (0.00s)
=== CONT  TestWorkflowRunBranchesCodemod
=== RUN   TestWorkflowRunBranchesCodemod/adds_current_repository_default_branch_for_bare_workflow_run_trigger
=== PAUSE TestWorkflowRunBranchesCodemod/adds_current_repository_default_branch_for_bare_workflow_run_trigger
=== RUN   TestWorkflowRunBranchesCodemod/falls_back_to_main_and_master_when_default_branch_cannot_be_resolved
=== PAUSE TestWorkflowRunBranchesCodemod/falls_back_to_main_and_master_when_default_branch_cannot_be_resolved
=== RUN   TestWorkflowRunBranchesCodemod/does_not_modify_workflow_run_that_already_has_branches
=== CONT  TestLoadUsageActivitySummary
=== CONT  TestResolveLatestRelease_MixedPrereleaseAndStable
--- PASS: TestResolveLatestRelease_MixedPrereleaseAndStable (0.00s)
=== CONT  TestResolveLatestRelease_ErrorWhenOnlyPrereleasesExist
--- PASS: TestResolveLatestRelease_ErrorWhenOnlyPrereleasesExist (0.00s)
=== CONT  TestResolveLatestRelease_PrereleaseSkippedWhenCurrentVersionInvalid
--- PASS: TestResolveLatestRelease_PrereleaseSkippedWhenCurrentVersionInvalid (0.00s)
=== CONT  TestResolveLatestRelease_PrereleaseTagsSkipped
=== CONT  TestResolveLatestRelease_StableReleaseSelected
--- PASS: TestResolveLatestRelease_PrereleaseTagsSkipped (0.00s)
=== CONT  TestCheckReleaseCoolDown
--- PASS: TestResolveLatestRelease_StableReleaseSelected (0.00s)
=== RUN   TestCheckReleaseCoolDown/disabled_when_duration_is_0
=== CONT  TestSecretExtractionEdgeCases
=== PAUSE TestCheckReleaseCoolDown/disabled_when_duration_is_0
=== RUN   TestCheckReleaseCoolDown/old_release_not_in_cooldown
=== RUN   TestSecretExtractionEdgeCases/extra_spaces_before_closing_-_still_valid
=== PAUSE TestCheckReleaseCoolDown/old_release_not_in_cooldown
=== RUN   TestCheckReleaseCoolDown/recent_release_in_cooldown
=== PAUSE TestCheckReleaseCoolDown/recent_release_in_cooldown
=== RUN   TestSecretExtractionEdgeCases/extra_spaces_after_opening
=== RUN   TestCheckReleaseCoolDown/fetch_error_allows_update
=== PAUSE TestCheckReleaseCoolDown/fetch_error_allows_update
=== RUN   TestSecretExtractionEdgeCases/single_closing_brace
=== PAUSE TestWorkflowRunBranchesCodemod/does_not_modify_workflow_run_that_already_has_branches
=== CONT  TestCheckAndSuggestSecretsWithInvalidMCPSection
=== RUN   TestWorkflowRunBranchesCodemod/normalizeWorkflowRunBranches_falls_back_when_all_values_are_empty
=== PAUSE TestWorkflowRunBranchesCodemod/normalizeWorkflowRunBranches_falls_back_when_all_values_are_empty
=== RUN   TestCheckAndSuggestSecretsWithInvalidMCPSection/mcp_is_not_a_map
=== RUN   TestSecretExtractionEdgeCases/triple_closing_braces
=== RUN   TestCheckAndSuggestSecretsWithInvalidMCPSection/env_is_not_a_map[string]string
=== RUN   TestSecretExtractionEdgeCases/correct_format
=== RUN   TestCheckAndSuggestSecretsWithInvalidMCPSection/env_is_a_map_but_wrong_type
=== CONT  TestCheckAndSuggestSecrets
=== CONT  TestSecretExtraction
=== RUN   TestCheckAndSuggestSecrets/no_mcp_section
--- PASS: TestSecretExtractionEdgeCases (0.00s)
    --- PASS: TestSecretExtractionEdgeCases/extra_spaces_before_closing_-_still_valid (0.00s)
    --- PASS: TestSecretExtractionEdgeCases/extra_spaces_after_opening (0.00s)
    --- PASS: TestSecretExtractionEdgeCases/single_closing_brace (0.00s)
    --- PASS: TestSecretExtractionEdgeCases/triple_closing_braces (0.00s)
    --- PASS: TestSecretExtractionEdgeCases/correct_format (0.00s)
--- PASS: TestCheckAndSuggestSecretsWithInvalidMCPSection (0.00s)
    --- PASS: TestCheckAndSuggestSecretsWithInvalidMCPSection/mcp_is_not_a_map (0.00s)
    --- PASS: TestCheckAndSuggestSecretsWithInvalidMCPSection/env_is_not_a_map[string]string (0.00s)
    --- PASS: TestCheckAndSuggestSecretsWithInvalidMCPSection/env_is_a_map_but_wrong_type (0.00s)
=== RUN   TestCheckAndSuggestSecrets/mcp_section_without_env
=== RUN   TestCheckAndSuggestSecrets/mcp_with_env_but_no_secrets
=== RUN   TestCheckAndSuggestSecrets/mcp_with_secrets_in_env
    mcp_secrets_test.go:101: requires GitHub CLI and repository access
=== RUN   TestSecretExtraction/single_secret
=== RUN   TestCheckAndSuggestSecrets/empty_tool_config
=== RUN   TestSecretExtraction/multiple_secrets
=== RUN   TestCheckAndSuggestSecrets/nil_tool_config
--- PASS: TestCheckAndSuggestSecrets (0.00s)
    --- PASS: TestCheckAndSuggestSecrets/no_mcp_section (0.00s)
    --- PASS: TestCheckAndSuggestSecrets/mcp_section_without_env (0.00s)
    --- PASS: TestCheckAndSuggestSecrets/mcp_with_env_but_no_secrets (0.00s)
    --- SKIP: TestCheckAndSuggestSecrets/mcp_with_secrets_in_env (0.00s)
    --- PASS: TestCheckAndSuggestSecrets/empty_tool_config (0.00s)
    --- PASS: TestCheckAndSuggestSecrets/nil_tool_config (0.00s)
=== RUN   TestSecretExtraction/mixed_secrets_and_plain_values
=== RUN   TestSecretExtraction/no_secrets
--- PASS: TestSecretExtraction (0.00s)
    --- PASS: TestSecretExtraction/single_secret (0.00s)
    --- PASS: TestSecretExtraction/multiple_secrets (0.00s)
    --- PASS: TestSecretExtraction/mixed_secrets_and_plain_values (0.00s)
    --- PASS: TestSecretExtraction/no_secrets (0.00s)
=== CONT  TestMCPConfigJSONMarshaling
=== CONT  TestResolveDeployWorkflowSpecs_ResolvesRelativeWildcardLocalPaths
--- PASS: TestMCPConfigJSONMarshaling (0.00s)
=== CONT  TestInitCommandFlagValidation
=== CONT  TestSecretSyntaxParsing
=== RUN   TestSecretSyntaxParsing/standard_secret_syntax
--- PASS: TestInitCommandFlagValidation (0.00s)
--- PASS: TestLoadUsageActivitySummary (0.00s)
--- PASS: TestResolveDeployWorkflowSpecs_ResolvesRelativeWildcardLocalPaths (0.00s)
=== RUN   TestSecretSyntaxParsing/secret_with_underscores
=== CONT  TestMCPConfigParsing
=== RUN   TestSecretSyntaxParsing/plain_value
=== CONT  TestInitCommandInteractiveModeDetection
=== RUN   TestMCPConfigParsing/valid_config_with_single_server
--- PASS: TestInitCommandInteractiveModeDetection (0.00s)
=== CONT  TestLoadUsageActivitySummaryRejectsUnsupportedSchema
=== RUN   TestMCPConfigParsing/valid_config_with_CWD
=== RUN   TestMCPConfigParsing/invalid_JSON
=== RUN   TestMCPConfigParsing/empty_config
=== RUN   TestMCPConfigParsing/legacy_config_key
--- PASS: TestMCPConfigParsing (0.00s)
    --- PASS: TestMCPConfigParsing/valid_config_with_single_server (0.00s)
    --- PASS: TestMCPConfigParsing/valid_config_with_CWD (0.00s)
    --- PASS: TestMCPConfigParsing/invalid_JSON (0.00s)
    --- PASS: TestMCPConfigParsing/empty_config (0.00s)
    --- PASS: TestMCPConfigParsing/legacy_config_key (0.00s)
=== CONT  TestInitCommandHelp
--- PASS: TestInitCommandHelp (0.00s)
=== CONT  TestLoadUsageActivitySummaryMalformedPrimaryFallsBack
--- PASS: TestLoadUsageActivitySummaryRejectsUnsupportedSchema (0.00s)
=== CONT  TestLoadUsageActivitySummaryNoFile
--- PASS: TestLoadUsageActivitySummaryNoFile (0.00s)
=== CONT  TestNewInitCommand
--- PASS: TestNewInitCommand (0.00s)
=== CONT  TestLoadUsageActivitySummaryFallbackPath
--- PASS: TestLoadUsageActivitySummaryMalformedPrimaryFallsBack (0.00s)
=== CONT  TestEngineFlagUsageText
--- PASS: TestEngineFlagUsageText (0.00s)
=== CONT  TestApplyUsageActivitySummaryToResultLegacyFirewall
--- PASS: TestApplyUsageActivitySummaryToResultLegacyFirewall (0.00s)
=== CONT  TestShortFlagConsistency
=== RUN   TestShortFlagConsistency/compile_command_has_-e_for_--engine
=== PAUSE TestShortFlagConsistency/compile_command_has_-e_for_--engine
=== RUN   TestShortFlagConsistency/new_command_has_-f_for_--force
=== PAUSE TestShortFlagConsistency/new_command_has_-f_for_--force
=== RUN   TestShortFlagConsistency/add_command_has_-f_for_--force
=== PAUSE TestShortFlagConsistency/add_command_has_-f_for_--force
=== RUN   TestShortFlagConsistency/update_command_has_-f_for_--force
=== PAUSE TestShortFlagConsistency/update_command_has_-f_for_--force
=== RUN   TestShortFlagConsistency/run_command_has_-F_for_--raw-field
=== PAUSE TestShortFlagConsistency/run_command_has_-F_for_--raw-field
=== RUN   TestShortFlagConsistency/compile_command_has_-j_for_--json
=== PAUSE TestShortFlagConsistency/compile_command_has_-j_for_--json
=== RUN   TestShortFlagConsistency/logs_command_has_-j_for_--json
=== PAUSE TestShortFlagConsistency/logs_command_has_-j_for_--json
=== RUN   TestShortFlagConsistency/audit_command_has_-j_for_--json
=== PAUSE TestShortFlagConsistency/audit_command_has_-j_for_--json
=== RUN   TestShortFlagConsistency/status_command_has_-j_for_--json
=== PAUSE TestShortFlagConsistency/status_command_has_-j_for_--json
=== RUN   TestShortFlagConsistency/logs_command_has_-o_for_--output
=== PAUSE TestShortFlagConsistency/logs_command_has_-o_for_--output
=== RUN   TestShortFlagConsistency/audit_command_has_-o_for_--output
=== PAUSE TestShortFlagConsistency/audit_command_has_-o_for_--output
=== RUN   TestShortFlagConsistency/compile_command_has_-d_for_--dir
=== PAUSE TestShortFlagConsistency/compile_command_has_-d_for_--dir
=== RUN   TestShortFlagConsistency/add_command_has_-d_for_--dir
=== PAUSE TestShortFlagConsistency/add_command_has_-d_for_--dir
=== RUN   TestShortFlagConsistency/update_command_has_-d_for_--dir
=== PAUSE TestShortFlagConsistency/update_command_has_-d_for_--dir
=== RUN   TestShortFlagConsistency/logs_command_has_-c_for_--count
=== PAUSE TestShortFlagConsistency/logs_command_has_-c_for_--count
=== RUN   TestShortFlagConsistency/enable_command_has_-r_for_--repo
--- PASS: TestLoadUsageActivitySummaryFallbackPath (0.00s)
=== PAUSE TestShortFlagConsistency/enable_command_has_-r_for_--repo
=== RUN   TestSecretSyntaxParsing/incomplete_secret_syntax
=== RUN   TestShortFlagConsistency/disable_command_has_-r_for_--repo
=== PAUSE TestShortFlagConsistency/disable_command_has_-r_for_--repo
=== CONT  TestApplyUsageActivitySummaryDoesNotOverwriteExistingData
=== RUN   TestSecretSyntaxParsing/empty_value
--- PASS: TestApplyUsageActivitySummaryDoesNotOverwriteExistingData (0.00s)
=== CONT  TestSelectJSONImportNameOverride
=== RUN   TestSelectJSONImportNameOverride/uses_json_name_when_available,_overrides_current_name
=== PAUSE TestSelectJSONImportNameOverride/uses_json_name_when_available,_overrides_current_name
=== RUN   TestSelectJSONImportNameOverride/uses_json_name_when_current_name_is_guid
=== PAUSE TestSelectJSONImportNameOverride/uses_json_name_when_current_name_is_guid
=== RUN   TestSelectJSONImportNameOverride/falls_back_to_json_title_from_extra_when_name_missing
=== PAUSE TestSelectJSONImportNameOverride/falls_back_to_json_title_from_extra_when_name_missing
=== RUN   TestSelectJSONImportNameOverride/keeps_current_name_when_no_json_name_or_title
=== PAUSE TestSelectJSONImportNameOverride/keeps_current_name_when_no_json_name_or_title
=== RUN   TestSecretSyntaxParsing/secret-like_but_not_secret_syntax
=== RUN   TestShortFlagConsistency/compile_command_has_-w_for_--watch
=== PAUSE TestShortFlagConsistency/compile_command_has_-w_for_--watch
--- PASS: TestSecretSyntaxParsing (0.00s)
    --- PASS: TestSecretSyntaxParsing/standard_secret_syntax (0.00s)
    --- PASS: TestSecretSyntaxParsing/secret_with_underscores (0.00s)
    --- PASS: TestSecretSyntaxParsing/plain_value (0.00s)
    --- PASS: TestSecretSyntaxParsing/incomplete_secret_syntax (0.00s)
    --- PASS: TestSecretSyntaxParsing/empty_value (0.00s)
    --- PASS: TestSecretSyntaxParsing/secret-like_but_not_secret_syntax (0.00s)
=== RUN   TestShortFlagConsistency/new_command_has_-i_for_--interactive
=== CONT  TestApplyUsageActivitySummaryToResult
=== PAUSE TestShortFlagConsistency/new_command_has_-i_for_--interactive
=== CONT  TestParseDeployCommandOptions_NameFlagWithMultipleWorkflows
--- PASS: TestApplyUsageActivitySummaryToResult (0.00s)
--- PASS: TestParseDeployCommandOptions_NameFlagWithMultipleWorkflows (0.00s)
=== CONT  TestUpgradeSetupCliVersionInContent_ExactPreservation
--- PASS: TestUpgradeSetupCliVersionInContent_ExactPreservation (0.00s)
=== CONT  TestUpgradeSetupCliVersionInContent
=== RUN   TestUpgradeSetupCliVersionInContent/upgrades_version-tag_ref
=== CONT  TestParseDeployCommandOptions_EngineValidationError
=== RUN   TestUpgradeSetupCliVersionInContent/upgrades_SHA-pinned_ref_and_produces_unquoted_uses:_value
--- PASS: TestParseDeployCommandOptions_EngineValidationError (0.00s)
=== CONT  TestCopilotSetupStepsYAMLConstant
=== RUN   TestUpgradeSetupCliVersionInContent/strips_existing_quotes_from_uses:_value
=== RUN   TestUpgradeSetupCliVersionInContent/no_upgrade_when_no_setup-cli_step
=== RUN   TestUpgradeSetupCliVersionInContent/no_upgrade_in_dev_mode
=== RUN   TestUpgradeSetupCliVersionInContent/corrects_drift:_SHA-pinned_uses_comment_ahead_of_with:_version:
--- PASS: TestCopilotSetupStepsYAMLConstant (0.00s)
=== CONT  TestCopilotWorkflowStepStructure
=== RUN   TestCopilotWorkflowStepStructure/step_with_uses
=== RUN   TestUpgradeSetupCliVersionInContent/corrects_drift:_version-tag_uses_ahead_of_with:_version:
--- PASS: TestUpgradeSetupCliVersionInContent (0.00s)
    --- PASS: TestUpgradeSetupCliVersionInContent/upgrades_version-tag_ref (0.00s)
    --- PASS: TestUpgradeSetupCliVersionInContent/upgrades_SHA-pinned_ref_and_produces_unquoted_uses:_value (0.00s)
    --- PASS: TestUpgradeSetupCliVersionInContent/strips_existing_quotes_from_uses:_value (0.00s)
    --- PASS: TestUpgradeSetupCliVersionInContent/no_upgrade_when_no_setup-cli_step (0.00s)
    --- PASS: TestUpgradeSetupCliVersionInContent/no_upgrade_in_dev_mode (0.00s)
    --- PASS: TestUpgradeSetupCliVersionInContent/corrects_drift:_SHA-pinned_uses_comment_ahead_of_with:_version: (0.00s)
    --- PASS: TestUpgradeSetupCliVersionInContent/corrects_drift:_version-tag_uses_ahead_of_with:_version: (0.00s)
=== CONT  TestExcludeExistingSourcedWorkflows_MalformedFrontmatterNotSkipped
=== RUN   TestCopilotWorkflowStepStructure/step_with_run
=== RUN   TestCopilotWorkflowStepStructure/step_with_environment
=== RUN   TestCopilotWorkflowStepStructure/step_with_with_parameters
--- PASS: TestCopilotWorkflowStepStructure (0.00s)
    --- PASS: TestCopilotWorkflowStepStructure/step_with_uses (0.00s)
    --- PASS: TestCopilotWorkflowStepStructure/step_with_run (0.00s)
    --- PASS: TestCopilotWorkflowStepStructure/step_with_environment (0.00s)
    --- PASS: TestCopilotWorkflowStepStructure/step_with_with_parameters (0.00s)
=== CONT  TestExcludeExistingSourcedWorkflows_LeavesExistingNonSourcedWorkflowForAdd
=== CONT  TestResolveDeployWorkflowSpecs_ResolvesRelativeLocalPathsAgainstOriginalDirectory
--- PASS: TestResolveDeployWorkflowSpecs_ResolvesRelativeLocalPathsAgainstOriginalDirectory (0.00s)
=== CONT  TestExcludeExistingSourcedWorkflows_SkipsExistingSourcedWorkflow
--- PASS: TestExcludeExistingSourcedWorkflows_LeavesExistingNonSourcedWorkflowForAdd (0.00s)
=== CONT  TestExcludeExistingSourcedWorkflows_UsesNameFlagForSingleWorkflow
=== CONT  TestParseDeployCommandOptions_InvalidCoolDown
--- PASS: TestParseDeployCommandOptions_InvalidCoolDown (0.00s)
=== CONT  TestWorkflowStructMarshaling
--- PASS: TestExcludeExistingSourcedWorkflows_UsesNameFlagForSingleWorkflow (0.00s)
=== CONT  TestCheckReleaseCoolDown/disabled_when_duration_is_0
=== CONT  TestCheckReleaseCoolDown/fetch_error_allows_update
=== CONT  TestCheckReleaseCoolDown/recent_release_in_cooldown
=== CONT  TestWorkflowRunBranchesCodemod/adds_current_repository_default_branch_for_bare_workflow_run_trigger
=== CONT  TestWorkflowRunBranchesCodemod/does_not_modify_workflow_run_that_already_has_branches
=== CONT  TestWorkflowRunBranchesCodemod/falls_back_to_main_and_master_when_default_branch_cannot_be_resolved
=== CONT  TestSelectJSONImportNameOverride/uses_json_name_when_available,_overrides_current_name
=== CONT  TestSelectJSONImportNameOverride/keeps_current_name_when_no_json_name_or_title
=== CONT  TestSelectJSONImportNameOverride/falls_back_to_json_title_from_extra_when_name_missing
=== CONT  TestSelectJSONImportNameOverride/uses_json_name_when_current_name_is_guid
=== CONT  TestShortFlagConsistency/compile_command_has_-e_for_--engine
=== CONT  TestShortFlagConsistency/new_command_has_-i_for_--interactive
=== CONT  TestShortFlagConsistency/compile_command_has_-w_for_--watch
=== CONT  TestShortFlagConsistency/enable_command_has_-r_for_--repo
=== CONT  TestShortFlagConsistency/logs_command_has_-c_for_--count
=== CONT  TestShortFlagConsistency/update_command_has_-d_for_--dir
=== CONT  TestShortFlagConsistency/add_command_has_-d_for_--dir
=== CONT  TestShortFlagConsistency/compile_command_has_-d_for_--dir
=== CONT  TestShortFlagConsistency/audit_command_has_-o_for_--output
=== CONT  TestCheckReleaseCoolDown/old_release_not_in_cooldown
=== CONT  TestShortFlagConsistency/logs_command_has_-o_for_--output
=== CONT  TestShortFlagConsistency/status_command_has_-j_for_--json
=== CONT  TestShortFlagConsistency/disable_command_has_-r_for_--repo
=== CONT  TestShortFlagConsistency/audit_command_has_-j_for_--json
=== CONT  TestShortFlagConsistency/logs_command_has_-j_for_--json
=== CONT  TestShortFlagConsistency/compile_command_has_-j_for_--json
=== CONT  TestShortFlagConsistency/run_command_has_-F_for_--raw-field
=== CONT  TestShortFlagConsistency/update_command_has_-f_for_--force
=== CONT  TestShortFlagConsistency/add_command_has_-f_for_--force
=== CONT  TestShortFlagConsistency/new_command_has_-f_for_--force
=== CONT  TestWorkflowRunBranchesCodemod/normalizeWorkflowRunBranches_falls_back_when_all_values_are_empty
--- PASS: TestExcludeExistingSourcedWorkflows_MalformedFrontmatterNotSkipped (0.00s)
--- PASS: TestWorkflowStructMarshaling (0.00s)
--- PASS: TestExcludeExistingSourcedWorkflows_SkipsExistingSourcedWorkflow (0.00s)
--- PASS: TestSelectJSONImportNameOverride (0.00s)
    --- PASS: TestSelectJSONImportNameOverride/uses_json_name_when_available,_overrides_current_name (0.00s)
    --- PASS: TestSelectJSONImportNameOverride/keeps_current_name_when_no_json_name_or_title (0.00s)
    --- PASS: TestSelectJSONImportNameOverride/falls_back_to_json_title_from_extra_when_name_missing (0.00s)
    --- PASS: TestSelectJSONImportNameOverride/uses_json_name_when_current_name_is_guid (0.00s)
--- PASS: TestCheckReleaseCoolDown (0.00s)
    --- PASS: TestCheckReleaseCoolDown/disabled_when_duration_is_0 (0.00s)
    --- PASS: TestCheckReleaseCoolDown/fetch_error_allows_update (0.00s)
    --- PASS: TestCheckReleaseCoolDown/recent_release_in_cooldown (0.00s)
    --- PASS: TestCheckReleaseCoolDown/old_release_not_in_cooldown (0.00s)
--- PASS: TestShortFlagConsistency (0.00s)
    --- PASS: TestShortFlagConsistency/compile_command_has_-e_for_--engine (0.00s)
    --- PASS: TestShortFlagConsistency/new_command_has_-i_for_--interactive (0.00s)
    --- PASS: TestShortFlagConsistency/compile_command_has_-w_for_--watch (0.00s)
    --- PASS: TestShortFlagConsistency/enable_command_has_-r_for_--repo (0.00s)
    --- PASS: TestShortFlagConsistency/logs_command_has_-c_for_--count (0.00s)
    --- PASS: TestShortFlagConsistency/update_command_has_-d_for_--dir (0.00s)
    --- PASS: TestShortFlagConsistency/add_command_has_-d_for_--dir (0.00s)
    --- PASS: TestShortFlagConsistency/compile_command_has_-d_for_--dir (0.00s)
    --- PASS: TestShortFlagConsistency/audit_command_has_-o_for_--output (0.00s)
    --- PASS: TestShortFlagConsistency/status_command_has_-j_for_--json (0.00s)
    --- PASS: TestShortFlagConsistency/logs_command_has_-o_for_--output (0.00s)
    --- PASS: TestShortFlagConsistency/disable_command_has_-r_for_--repo (0.00s)
    --- PASS: TestShortFlagConsistency/compile_command_has_-j_for_--json (0.00s)
    --- PASS: TestShortFlagConsistency/logs_command_has_-j_for_--json (0.00s)
    --- PASS: TestShortFlagConsistency/audit_command_has_-j_for_--json (0.00s)
    --- PASS: TestShortFlagConsistency/update_command_has_-f_for_--force (0.00s)
    --- PASS: TestShortFlagConsistency/add_command_has_-f_for_--force (0.00s)
    --- PASS: TestShortFlagConsistency/new_command_has_-f_for_--force (0.00s)
    --- PASS: TestShortFlagConsistency/run_command_has_-F_for_--raw-field (0.00s)
--- PASS: TestWorkflowRunBranchesCodemod (0.00s)
    --- PASS: TestWorkflowRunBranchesCodemod/does_not_modify_workflow_run_that_already_has_branches (0.00s)
    --- PASS: TestWorkflowRunBranchesCodemod/adds_current_repository_default_branch_for_bare_workflow_run_trigger (0.00s)
    --- PASS: TestWorkflowRunBranchesCodemod/falls_back_to_main_and_master_when_default_branch_cannot_be_resolved (0.00s)
    --- PASS: TestWorkflowRunBranchesCodemod/normalizeWorkflowRunBranches_falls_back_when_all_values_are_empty (0.00s)
=== RUN   FuzzCheckoutPersistCredentialsFalseCodemod
=== RUN   FuzzCheckoutPersistCredentialsFalseCodemod/seed#0
=== RUN   FuzzCheckoutPersistCredentialsFalseCodemod/seed#1
=== RUN   FuzzCheckoutPersistCredentialsFalseCodemod/seed#2
=== RUN   FuzzCheckoutPersistCredentialsFalseCodemod/seed#3
=== RUN   FuzzCheckoutPersistCredentialsFalseCodemod/seed#4
--- PASS: FuzzCheckoutPersistCredentialsFalseCodemod (0.00s)
    --- PASS: FuzzCheckoutPersistCredentialsFalseCodemod/seed#0 (0.00s)
    --- PASS: FuzzCheckoutPersistCredentialsFalseCodemod/seed#1 (0.00s)
    --- PASS: FuzzCheckoutPersistCredentialsFalseCodemod/seed#2 (0.00s)
    --- PASS: FuzzCheckoutPersistCredentialsFalseCodemod/seed#3 (0.00s)
    --- PASS: FuzzCheckoutPersistCredentialsFalseCodemod/seed#4 (0.00s)
=== RUN   FuzzStepsRunSecretsToEnvCodemod
=== RUN   FuzzStepsRunSecretsToEnvCodemod/seed#0
=== RUN   FuzzStepsRunSecretsToEnvCodemod/seed#1
=== RUN   FuzzStepsRunSecretsToEnvCodemod/seed#2
=== RUN   FuzzStepsRunSecretsToEnvCodemod/seed#3
--- PASS: FuzzStepsRunSecretsToEnvCodemod (0.00s)
    --- PASS: FuzzStepsRunSecretsToEnvCodemod/seed#0 (0.00s)
    --- PASS: FuzzStepsRunSecretsToEnvCodemod/seed#1 (0.00s)
    --- PASS: FuzzStepsRunSecretsToEnvCodemod/seed#2 (0.00s)
    --- PASS: FuzzStepsRunSecretsToEnvCodemod/seed#3 (0.00s)
=== RUN   FuzzStepsRunSecretsToEnvCodemodExpr
=== RUN   FuzzStepsRunSecretsToEnvCodemodExpr/seed#0
=== RUN   FuzzStepsRunSecretsToEnvCodemodExpr/seed#1
=== RUN   FuzzStepsRunSecretsToEnvCodemodExpr/seed#2
=== RUN   FuzzStepsRunSecretsToEnvCodemodExpr/seed#3
--- PASS: FuzzStepsRunSecretsToEnvCodemodExpr (0.00s)
    --- PASS: FuzzStepsRunSecretsToEnvCodemodExpr/seed#0 (0.00s)
    --- PASS: FuzzStepsRunSecretsToEnvCodemodExpr/seed#1 (0.00s)
    --- PASS: FuzzStepsRunSecretsToEnvCodemodExpr/seed#2 (0.00s)
    --- PASS: FuzzStepsRunSecretsToEnvCodemodExpr/seed#3 (0.00s)
=== RUN   FuzzStepsRunSecretsToEnvCodemodPowerShell
=== RUN   FuzzStepsRunSecretsToEnvCodemodPowerShell/seed#0
=== RUN   FuzzStepsRunSecretsToEnvCodemodPowerShell/seed#1
=== RUN   FuzzStepsRunSecretsToEnvCodemodPowerShell/seed#2
--- PASS: FuzzStepsRunSecretsToEnvCodemodPowerShell (0.00s)
    --- PASS: FuzzStepsRunSecretsToEnvCodemodPowerShell/seed#0 (0.00s)
    --- PASS: FuzzStepsRunSecretsToEnvCodemodPowerShell/seed#1 (0.00s)
    --- PASS: FuzzStepsRunSecretsToEnvCodemodPowerShell/seed#2 (0.00s)
FAIL
FAIL	github.com/github/gh-aw/pkg/cli	17.135s
=== RUN   TestExtractFeaturesFromContent_ValidFeatures
--- PASS: TestExtractFeaturesFromContent_ValidFeatures (0.00s)
=== RUN   TestExtractFeaturesFromContent_NoFeatures
--- PASS: TestExtractFeaturesFromContent_NoFeatures (0.00s)
=== RUN   TestExtractFeaturesFromContent_EmptyFeatures
--- PASS: TestExtractFeaturesFromContent_EmptyFeatures (0.00s)
=== RUN   TestExtractFeaturesFromContent_NoFrontmatter
--- PASS: TestExtractFeaturesFromContent_NoFrontmatter (0.00s)
=== RUN   TestExtractFeaturesFromContent_ComplexFeatures
--- PASS: TestExtractFeaturesFromContent_ComplexFeatures (0.00s)
=== RUN   TestExtractFeaturesFromContent_MalformedYAML
--- PASS: TestExtractFeaturesFromContent_MalformedYAML (0.00s)
=== RUN   TestExtractFeaturesFromContent_FeaturesWithSpecialCharacters
--- PASS: TestExtractFeaturesFromContent_FeaturesWithSpecialCharacters (0.00s)
=== RUN   TestExtractFeaturesFromContent_OnlyFeaturesInFrontmatter
--- PASS: TestExtractFeaturesFromContent_OnlyFeaturesInFrontmatter (0.00s)
=== RUN   TestExtractFeaturesFromContent_MultipleFrontmatterFields
--- PASS: TestExtractFeaturesFromContent_MultipleFrontmatterFields (0.00s)
=== RUN   TestExtractFeaturesFromContent_BooleanValues
--- PASS: TestExtractFeaturesFromContent_BooleanValues (0.00s)
=== RUN   TestExtractFeaturesFromContent_NumericValues
--- PASS: TestExtractFeaturesFromContent_NumericValues (0.00s)
=== RUN   TestExpandIncludesForEngines
=== RUN   TestExpandIncludesForEngines/single_string_engine
=== RUN   TestExpandIncludesForEngines/object_format_engine
=== RUN   TestExpandIncludesForEngines/include_without_engine
=== RUN   TestExpandIncludesForEngines/multiple_includes
=== RUN   TestExpandIncludesForEngines/optional_include_missing_file
=== RUN   TestExpandIncludesForEngines/object_engine_with_command
--- PASS: TestExpandIncludesForEngines (0.00s)
    --- PASS: TestExpandIncludesForEngines/single_string_engine (0.00s)
    --- PASS: TestExpandIncludesForEngines/object_format_engine (0.00s)
    --- PASS: TestExpandIncludesForEngines/include_without_engine (0.00s)
    --- PASS: TestExpandIncludesForEngines/multiple_includes (0.00s)
    --- PASS: TestExpandIncludesForEngines/optional_include_missing_file (0.00s)
    --- PASS: TestExpandIncludesForEngines/object_engine_with_command (0.00s)
=== RUN   TestExtractEngineFromContent
=== RUN   TestExtractEngineFromContent/string_engine
=== RUN   TestExtractEngineFromContent/object_engine
=== RUN   TestExtractEngineFromContent/no_engine
=== RUN   TestExtractEngineFromContent/no_frontmatter
--- PASS: TestExtractEngineFromContent (0.00s)
    --- PASS: TestExtractEngineFromContent/string_engine (0.00s)
    --- PASS: TestExtractEngineFromContent/object_engine (0.00s)
    --- PASS: TestExtractEngineFromContent/no_engine (0.00s)
    --- PASS: TestExtractEngineFromContent/no_frontmatter (0.00s)
=== RUN   TestExtractFrontmatterFromContent
=== RUN   TestExtractFrontmatterFromContent/valid_frontmatter_and_markdown
=== RUN   TestExtractFrontmatterFromContent/no_frontmatter
=== RUN   TestExtractFrontmatterFromContent/empty_frontmatter
=== RUN   TestExtractFrontmatterFromContent/unclosed_frontmatter
=== RUN   TestExtractFrontmatterFromContent/no-break_whitespace_in_values
=== RUN   TestExtractFrontmatterFromContent/frontmatter_delimiters_with_surrounding_whitespace
--- PASS: TestExtractFrontmatterFromContent (0.00s)
    --- PASS: TestExtractFrontmatterFromContent/valid_frontmatter_and_markdown (0.00s)
    --- PASS: TestExtractFrontmatterFromContent/no_frontmatter (0.00s)
    --- PASS: TestExtractFrontmatterFromContent/empty_frontmatter (0.00s)
    --- PASS: TestExtractFrontmatterFromContent/unclosed_frontmatter (0.00s)
    --- PASS: TestExtractFrontmatterFromContent/no-break_whitespace_in_values (0.00s)
    --- PASS: TestExtractFrontmatterFromContent/frontmatter_delimiters_with_surrounding_whitespace (0.00s)
=== RUN   TestExtractMarkdownSection
=== RUN   TestExtractMarkdownSection/basic_H1_section
=== RUN   TestExtractMarkdownSection/H2_section
=== RUN   TestExtractMarkdownSection/nested_sections
=== RUN   TestExtractMarkdownSection/section_not_found
--- PASS: TestExtractMarkdownSection (0.00s)
    --- PASS: TestExtractMarkdownSection/basic_H1_section (0.00s)
    --- PASS: TestExtractMarkdownSection/H2_section (0.00s)
    --- PASS: TestExtractMarkdownSection/nested_sections (0.00s)
    --- PASS: TestExtractMarkdownSection/section_not_found (0.00s)
=== RUN   TestGenerateDefaultWorkflowName
=== RUN   TestGenerateDefaultWorkflowName/simple_filename
=== RUN   TestGenerateDefaultWorkflowName/multiple_hyphens
=== RUN   TestGenerateDefaultWorkflowName/full_path
=== RUN   TestGenerateDefaultWorkflowName/no_extension
=== RUN   TestGenerateDefaultWorkflowName/single_word
--- PASS: TestGenerateDefaultWorkflowName (0.00s)
    --- PASS: TestGenerateDefaultWorkflowName/simple_filename (0.00s)
    --- PASS: TestGenerateDefaultWorkflowName/multiple_hyphens (0.00s)
    --- PASS: TestGenerateDefaultWorkflowName/full_path (0.00s)
    --- PASS: TestGenerateDefaultWorkflowName/no_extension (0.00s)
    --- PASS: TestGenerateDefaultWorkflowName/single_word (0.00s)
=== RUN   TestExtractMarkdownContent
=== RUN   TestExtractMarkdownContent/with_frontmatter
=== RUN   TestExtractMarkdownContent/no_frontmatter
--- PASS: TestExtractMarkdownContent (0.00s)
    --- PASS: TestExtractMarkdownContent/with_frontmatter (0.00s)
    --- PASS: TestExtractMarkdownContent/no_frontmatter (0.00s)
=== RUN   TestExtractFrontmatterFromContent_FrontmatterLinesAndStart
=== RUN   TestExtractFrontmatterFromContent_FrontmatterLinesAndStart/no_trailing_blank_frontmatter_line_without_blank_before_closing_delimiter
=== RUN   TestExtractFrontmatterFromContent_FrontmatterLinesAndStart/preserve_intentional_blank_line_before_closing_delimiter
=== RUN   TestExtractFrontmatterFromContent_FrontmatterLinesAndStart/no_frontmatter_keeps_empty_frontmatter_metadata
--- PASS: TestExtractFrontmatterFromContent_FrontmatterLinesAndStart (0.00s)
    --- PASS: TestExtractFrontmatterFromContent_FrontmatterLinesAndStart/no_trailing_blank_frontmatter_line_without_blank_before_closing_delimiter (0.00s)
    --- PASS: TestExtractFrontmatterFromContent_FrontmatterLinesAndStart/preserve_intentional_blank_line_before_closing_delimiter (0.00s)
    --- PASS: TestExtractFrontmatterFromContent_FrontmatterLinesAndStart/no_frontmatter_keeps_empty_frontmatter_metadata (0.00s)
=== RUN   TestExtractWorkflowNameFromMarkdownBody
=== RUN   TestExtractWorkflowNameFromMarkdownBody/H1_header_present
=== RUN   TestExtractWorkflowNameFromMarkdownBody/H1_header_with_leading/trailing_whitespace
=== RUN   TestExtractWorkflowNameFromMarkdownBody/no_H1_header_falls_back_to_filename
=== RUN   TestExtractWorkflowNameFromMarkdownBody/empty_body_falls_back_to_filename
=== RUN   TestExtractWorkflowNameFromMarkdownBody/H1_header_after_other_content
=== RUN   TestExtractWorkflowNameFromMarkdownBody/full_virtual_path_uses_base_filename_for_fallback
--- PASS: TestExtractWorkflowNameFromMarkdownBody (0.00s)
    --- PASS: TestExtractWorkflowNameFromMarkdownBody/H1_header_present (0.00s)
    --- PASS: TestExtractWorkflowNameFromMarkdownBody/H1_header_with_leading/trailing_whitespace (0.00s)
    --- PASS: TestExtractWorkflowNameFromMarkdownBody/no_H1_header_falls_back_to_filename (0.00s)
    --- PASS: TestExtractWorkflowNameFromMarkdownBody/empty_body_falls_back_to_filename (0.00s)
    --- PASS: TestExtractWorkflowNameFromMarkdownBody/H1_header_after_other_content (0.00s)
    --- PASS: TestExtractWorkflowNameFromMarkdownBody/full_virtual_path_uses_base_filename_for_fallback (0.00s)
=== RUN   TestExtractWorkflowNameFromContent
=== RUN   TestExtractWorkflowNameFromContent/H1_header_in_markdown_body
=== RUN   TestExtractWorkflowNameFromContent/H1_header_without_frontmatter
=== RUN   TestExtractWorkflowNameFromContent/no_H1_header_falls_back_to_filename
=== RUN   TestExtractWorkflowNameFromContent/empty_content_falls_back_to_filename
=== RUN   TestExtractWorkflowNameFromContent/unclosed_frontmatter_returns_error
=== RUN   TestExtractWorkflowNameFromContent/full_virtual_path_uses_base_filename_for_fallback
--- PASS: TestExtractWorkflowNameFromContent (0.00s)
    --- PASS: TestExtractWorkflowNameFromContent/H1_header_in_markdown_body (0.00s)
    --- PASS: TestExtractWorkflowNameFromContent/H1_header_without_frontmatter (0.00s)
    --- PASS: TestExtractWorkflowNameFromContent/no_H1_header_falls_back_to_filename (0.00s)
    --- PASS: TestExtractWorkflowNameFromContent/empty_content_falls_back_to_filename (0.00s)
    --- PASS: TestExtractWorkflowNameFromContent/unclosed_frontmatter_returns_error (0.00s)
    --- PASS: TestExtractWorkflowNameFromContent/full_virtual_path_uses_base_filename_for_fallback (0.00s)
=== RUN   TestHashConsistency_GoAndJavaScript
=== RUN   TestHashConsistency_GoAndJavaScript/empty_frontmatter
    frontmatter_hash_consistency_test.go:206:   ✓ Go hash (stable): 4c8309afbcf816cd80c0824dce2b50047834b29e14b34b96953e88ae81048c46
    frontmatter_hash_consistency_test.go:207:   ✓ JS hash (stable): 4c8309afbcf816cd80c0824dce2b50047834b29e14b34b96953e88ae81048c46
    frontmatter_hash_consistency_test.go:209:   ✓ Match: YES - implementations are consistent!
=== RUN   TestHashConsistency_GoAndJavaScript/simple_frontmatter
    frontmatter_hash_consistency_test.go:206:   ✓ Go hash (stable): b9def9907e3328e2e03e8c47c315723df39788f251627313b1a984bb61b9cbce
    frontmatter_hash_consistency_test.go:207:   ✓ JS hash (stable): b9def9907e3328e2e03e8c47c315723df39788f251627313b1a984bb61b9cbce
    frontmatter_hash_consistency_test.go:209:   ✓ Match: YES - implementations are consistent!
=== RUN   TestHashConsistency_GoAndJavaScript/complex_frontmatter_with_tools
    frontmatter_hash_consistency_test.go:206:   ✓ Go hash (stable): 8c63a05ef42cbfaff9be87a06257282cb4dcb952f71481d9d65ec3037003dbe8
    frontmatter_hash_consistency_test.go:207:   ✓ JS hash (stable): 8c63a05ef42cbfaff9be87a06257282cb4dcb952f71481d9d65ec3037003dbe8
    frontmatter_hash_consistency_test.go:209:   ✓ Match: YES - implementations are consistent!
=== RUN   TestHashConsistency_GoAndJavaScript/frontmatter_with_env_template_expressions
    frontmatter_hash_consistency_test.go:206:   ✓ Go hash (stable): d72b13a369d277c35adcb3ad119544d2bffb4b8a4335168850f0a41cc6a64b06
    frontmatter_hash_consistency_test.go:207:   ✓ JS hash (stable): d72b13a369d277c35adcb3ad119544d2bffb4b8a4335168850f0a41cc6a64b06
    frontmatter_hash_consistency_test.go:209:   ✓ Match: YES - implementations are consistent!
=== RUN   TestHashConsistency_GoAndJavaScript/frontmatter_with_nested_objects
    frontmatter_hash_consistency_test.go:206:   ✓ Go hash (stable): a6b38b877ddb3ab569e7221c62f5c7f447a99dab178a5280737255867da62340
    frontmatter_hash_consistency_test.go:207:   ✓ JS hash (stable): a6b38b877ddb3ab569e7221c62f5c7f447a99dab178a5280737255867da62340
    frontmatter_hash_consistency_test.go:209:   ✓ Match: YES - implementations are consistent!
=== RUN   TestHashConsistency_GoAndJavaScript/frontmatter_with_arrays
    frontmatter_hash_consistency_test.go:206:   ✓ Go hash (stable): 6084d0311f8fde0c93a20d425f064b075eefa7cf3feaadadbd6fd46b15b662c7
    frontmatter_hash_consistency_test.go:207:   ✓ JS hash (stable): 6084d0311f8fde0c93a20d425f064b075eefa7cf3feaadadbd6fd46b15b662c7
    frontmatter_hash_consistency_test.go:209:   ✓ Match: YES - implementations are consistent!
=== RUN   TestHashConsistency_GoAndJavaScript/inlined-imports_enabled_with_body_content
    frontmatter_hash_consistency_test.go:206:   ✓ Go hash (stable): 86f7127b85da8198803ea8dc2ffac1233c2aa5f52909e0baddf2db7531881d89
    frontmatter_hash_consistency_test.go:207:   ✓ JS hash (stable): 86f7127b85da8198803ea8dc2ffac1233c2aa5f52909e0baddf2db7531881d89
    frontmatter_hash_consistency_test.go:209:   ✓ Match: YES - implementations are consistent!
=== RUN   TestHashConsistency_GoAndJavaScript/inlined-imports_enabled_with_env_template_expressions_in_body
    frontmatter_hash_consistency_test.go:206:   ✓ Go hash (stable): 19af3af6d11fe1c15a5dc3eb4885c798bef4ef692539a675b0407f275a75b8df
    frontmatter_hash_consistency_test.go:207:   ✓ JS hash (stable): 19af3af6d11fe1c15a5dc3eb4885c798bef4ef692539a675b0407f275a75b8df
    frontmatter_hash_consistency_test.go:209:   ✓ Match: YES - implementations are consistent!
--- PASS: TestHashConsistency_GoAndJavaScript (0.93s)
    --- PASS: TestHashConsistency_GoAndJavaScript/empty_frontmatter (0.13s)
    --- PASS: TestHashConsistency_GoAndJavaScript/simple_frontmatter (0.13s)
    --- PASS: TestHashConsistency_GoAndJavaScript/complex_frontmatter_with_tools (0.12s)
    --- PASS: TestHashConsistency_GoAndJavaScript/frontmatter_with_env_template_expressions (0.11s)
    --- PASS: TestHashConsistency_GoAndJavaScript/frontmatter_with_nested_objects (0.12s)
    --- PASS: TestHashConsistency_GoAndJavaScript/frontmatter_with_arrays (0.11s)
    --- PASS: TestHashConsistency_GoAndJavaScript/inlined-imports_enabled_with_body_content (0.10s)
    --- PASS: TestHashConsistency_GoAndJavaScript/inlined-imports_enabled_with_env_template_expressions_in_body (0.11s)
=== RUN   TestHashStability_SameInputSameOutput
    frontmatter_hash_consistency_test.go:280: ✓ Computed hash 10 times with Go - all identical: 8f5e9ebea6b25fdcd2e37c312af20ab991167286703ad82b0cb1f59cd6d44aaf
    frontmatter_hash_consistency_test.go:282: ✓ Computed hash 10 times with JS - all identical: 8f5e9ebea6b25fdcd2e37c312af20ab991167286703ad82b0cb1f59cd6d44aaf
    frontmatter_hash_consistency_test.go:284: ✓ Go and JS match - implementations are consistent!
--- PASS: TestHashStability_SameInputSameOutput (0.54s)
=== RUN   TestComputeFrontmatterHash_LFAndCRLFMatch
--- PASS: TestComputeFrontmatterHash_LFAndCRLFMatch (0.00s)
=== RUN   TestComputeFrontmatterHash_ImportedFrontmatterLFAndCRLFMatch
--- PASS: TestComputeFrontmatterHash_ImportedFrontmatterLFAndCRLFMatch (0.00s)
=== RUN   TestHashConsistency_WithImports
    frontmatter_hash_consistency_test.go:433: ✓ Go hash with imports (stable): e937f5d41786c7c8d2c79ad25e7eb9faaef7b11b468710118d804bdcf1858dc0
    frontmatter_hash_consistency_test.go:434: ✓ JS hash with imports (stable): e937f5d41786c7c8d2c79ad25e7eb9faaef7b11b468710118d804bdcf1858dc0
    frontmatter_hash_consistency_test.go:436: ✓ Match: YES - implementations are consistent!
--- PASS: TestHashConsistency_WithImports (0.11s)
=== RUN   TestHashConsistency_KeyOrdering
    frontmatter_hash_consistency_test.go:504: JS hash for file 1: 445bf7b99906d97129ae588f293ca177d6ad08c01f133a40d9af5bb1ef27fd9a
    frontmatter_hash_consistency_test.go:505: JS hash for file 2: a5ddf5464768c44bded28a0c66cf84f19ab2c564513365e720463d86e5a582cd
    frontmatter_hash_consistency_test.go:509: ✓ JS: Different key ordering produces different hashes (expected with text-based parsing)
    frontmatter_hash_consistency_test.go:517: ✓ File 1 - Go: 445bf7b99906d97129ae588f293ca177d6ad08c01f133a40d9af5bb1ef27fd9a, JS: 445bf7b99906d97129ae588f293ca177d6ad08c01f133a40d9af5bb1ef27fd9a
    frontmatter_hash_consistency_test.go:518: ✓ File 2 - Go: a5ddf5464768c44bded28a0c66cf84f19ab2c564513365e720463d86e5a582cd, JS: a5ddf5464768c44bded28a0c66cf84f19ab2c564513365e720463d86e5a582cd
    frontmatter_hash_consistency_test.go:527: ✓ All checks pass - text-based implementations are consistent!
--- PASS: TestHashConsistency_KeyOrdering (0.11s)
=== RUN   TestHashConsistency_LFvsCRLF
=== RUN   TestHashConsistency_LFvsCRLF/simple_frontmatter
    frontmatter_hash_consistency_test.go:633:   ✓ LF=CRLF hash: b9def9907e3328e2e03e8c47c315723df39788f251627313b1a984bb61b9cbce
=== RUN   TestHashConsistency_LFvsCRLF/complex_frontmatter
    frontmatter_hash_consistency_test.go:633:   ✓ LF=CRLF hash: 8c63a05ef42cbfaff9be87a06257282cb4dcb952f71481d9d65ec3037003dbe8
=== RUN   TestHashConsistency_LFvsCRLF/frontmatter_with_env_template_expressions
    frontmatter_hash_consistency_test.go:633:   ✓ LF=CRLF hash: d72b13a369d277c35adcb3ad119544d2bffb4b8a4335168850f0a41cc6a64b06
=== RUN   TestHashConsistency_LFvsCRLF/frontmatter_with_inlined-imports
    frontmatter_hash_consistency_test.go:633:   ✓ LF=CRLF hash: 770b88341303df541d22feeb9cf3ffb809a649bc6b8e81ca681a498ae81d0658
--- PASS: TestHashConsistency_LFvsCRLF (0.00s)
    --- PASS: TestHashConsistency_LFvsCRLF/simple_frontmatter (0.00s)
    --- PASS: TestHashConsistency_LFvsCRLF/complex_frontmatter (0.00s)
    --- PASS: TestHashConsistency_LFvsCRLF/frontmatter_with_env_template_expressions (0.00s)
    --- PASS: TestHashConsistency_LFvsCRLF/frontmatter_with_inlined-imports (0.00s)
=== RUN   TestHashConsistency_LFvsCRLF_WithImports
    frontmatter_hash_consistency_test.go:690:   ✓ LF with imports hash:   e937f5d41786c7c8d2c79ad25e7eb9faaef7b11b468710118d804bdcf1858dc0
    frontmatter_hash_consistency_test.go:691:   ✓ CRLF with imports hash: e937f5d41786c7c8d2c79ad25e7eb9faaef7b11b468710118d804bdcf1858dc0
--- PASS: TestHashConsistency_LFvsCRLF_WithImports (0.00s)
=== RUN   TestHashConsistency_InlinedImports
    frontmatter_hash_consistency_test.go:784:   inlined-imports:true,  body A: 623500c62d763de44d3baf9ae5462ddf9351520a1d79a384e3abe641a4fac5a9
    frontmatter_hash_consistency_test.go:785:   inlined-imports:true,  body B: 9ca983ff83b4e9c98198585f6a2ec74d1f5257d447d490815c81f4ac9e80f751
    frontmatter_hash_consistency_test.go:786:   no flag,               body A: c5064dba3fc86572836faf6f31b269a6af78112817a21daf82a6d2622af9d604
    frontmatter_hash_consistency_test.go:787:   no flag,               body B: c5064dba3fc86572836faf6f31b269a6af78112817a21daf82a6d2622af9d604
    frontmatter_hash_consistency_test.go:806:   ✓ Go=JS for inlined-imports:true body A: 623500c62d763de44d3baf9ae5462ddf9351520a1d79a384e3abe641a4fac5a9
    frontmatter_hash_consistency_test.go:806:   ✓ Go=JS for inlined-imports:true body B: 9ca983ff83b4e9c98198585f6a2ec74d1f5257d447d490815c81f4ac9e80f751
    frontmatter_hash_consistency_test.go:806:   ✓ Go=JS for no-flag body A: c5064dba3fc86572836faf6f31b269a6af78112817a21daf82a6d2622af9d604
--- PASS: TestHashConsistency_InlinedImports (0.17s)
=== RUN   TestCrossLanguageHashCompatibility
=== RUN   TestCrossLanguageHashCompatibility/FH-TV-001_empty_frontmatter
    frontmatter_hash_cross_language_test.go:102: Hash for FH-TV-001 empty frontmatter: 4c8309afbcf816cd80c0824dce2b50047834b29e14b34b96953e88ae81048c46
=== RUN   TestCrossLanguageHashCompatibility/FH-TV-002_simple_frontmatter
    frontmatter_hash_cross_language_test.go:102: Hash for FH-TV-002 simple frontmatter: b9def9907e3328e2e03e8c47c315723df39788f251627313b1a984bb61b9cbce
=== RUN   TestCrossLanguageHashCompatibility/FH-TV-003_complex_frontmatter
    frontmatter_hash_cross_language_test.go:102: Hash for FH-TV-003 complex frontmatter: 8c63a05ef42cbfaff9be87a06257282cb4dcb952f71481d9d65ec3037003dbe8
--- PASS: TestCrossLanguageHashCompatibility (0.00s)
    --- PASS: TestCrossLanguageHashCompatibility/FH-TV-001_empty_frontmatter (0.00s)
    --- PASS: TestCrossLanguageHashCompatibility/FH-TV-002_simple_frontmatter (0.00s)
    --- PASS: TestCrossLanguageHashCompatibility/FH-TV-003_complex_frontmatter (0.00s)
=== RUN   TestFrontmatterHashVectorFH_TV_NEG_001
--- PASS: TestFrontmatterHashVectorFH_TV_NEG_001 (0.12s)
=== RUN   TestHashWithRealWorkflow
    frontmatter_hash_cross_language_test.go:150: Hash for audit-workflows.md: 8ea29b571a24860110dfd63456988484e3439ba9d5fdc2a5500e7192a7ad1c90
--- PASS: TestHashWithRealWorkflow (0.00s)
=== RUN   TestHashWithTemplateExpressions
--- PASS: TestHashWithTemplateExpressions (0.00s)
=== RUN   TestFrontmatterHashVectorFH_TV_004
--- PASS: TestFrontmatterHashVectorFH_TV_004 (0.00s)
=== RUN   TestFrontmatterHashVectorFH_BFS_002
--- PASS: TestFrontmatterHashVectorFH_BFS_002 (0.00s)
=== RUN   TestFrontmatterHashVectorFH_BFS_003
--- PASS: TestFrontmatterHashVectorFH_BFS_003 (0.00s)
=== RUN   TestAllRepositoryWorkflowHashes
    frontmatter_hash_repository_test.go:41: Computing hashes for 253 workflows:
    frontmatter_hash_repository_test.go:56:   ✓ ab-testing-advisor.md: 067a9821c1c5a1fb9fa55b9d1b57046378200e1ccf7821ed9069990c6ee9f72f
    frontmatter_hash_repository_test.go:56:   ✓ ace-editor.md: 6652d5307b48e08d1744a016eb7a01b7dbf3cb7c5c832b341b59a1587e697e49
    frontmatter_hash_repository_test.go:56:   ✓ agent-performance-analyzer.md: 8f2987a8580f1e049afb23b2bb10fd89d484247d03018a149a4fb0e8c217c09b
    frontmatter_hash_repository_test.go:56:   ✓ agent-persona-explorer.md: 978030e32d9dc5d7984d417c37d5a3ef5113616f66d917a4580695a25fd1fcc2
    frontmatter_hash_repository_test.go:56:   ✓ agentic-token-audit.md: 694d3215fb3d93a3860b3a3507ad4ced97afe10fc3b3a63eb2ac56ad89ebd911
    frontmatter_hash_repository_test.go:56:   ✓ agentic-token-optimizer.md: ff157dd96baafc16523b715f6d68cb01ac71a4c845b154aa9d2d177d4df0e638
    frontmatter_hash_repository_test.go:56:   ✓ agentic-token-trend-audit.md: a4a3460a54f8d8fb79c600bda9b33c07e54dd6ac483cb9c8aa2dd7822e905162
    frontmatter_hash_repository_test.go:56:   ✓ ai-moderator.md: 196f795e3d0740957cfdfca2e4842eecf8fb1b15f35d7b6b6fbf01bdc5309d29
    frontmatter_hash_repository_test.go:56:   ✓ api-consumption-report.md: 57a9cda8f18159d4874da1fc22fc9a636affde17b0fdd42f5ceafadbdbe25509
    frontmatter_hash_repository_test.go:56:   ✓ approach-validator.md: d2d4ac0976a2eb0cd9576420188be629faa613da070c6be8200b55bfdea602e6
    frontmatter_hash_repository_test.go:56:   ✓ archie.md: a557720da51e1f2b5575cc8df5cee5ecfcae584eea4cfd372f24172846ee2a6a
    frontmatter_hash_repository_test.go:56:   ✓ architecture-guardian.md: 30bf8d8182d5b60b189e1168d022b33897aae28075b817384d5c966ee75b1d09
    frontmatter_hash_repository_test.go:56:   ✓ artifacts-summary.md: 6731d6a78cc575e58513478f3dff6287fb4b35ff001b04dc26d18fc6041f00a9
    frontmatter_hash_repository_test.go:56:   ✓ audit-workflows.md: 8ea29b571a24860110dfd63456988484e3439ba9d5fdc2a5500e7192a7ad1c90
    frontmatter_hash_repository_test.go:56:   ✓ auto-triage-issues.md: 5d17bb9badb49387c36f2926ceab6e6da7cfc5c1b12499485c953fe70703a420
    frontmatter_hash_repository_test.go:56:   ✓ avenger.md: da3ac4a8c7b0e5e87ac62706bfb99b4f1a3e0f9caac31db6f505b12a15d64938
    frontmatter_hash_repository_test.go:56:   ✓ aw-failure-investigator.md: 85995794ca161c9d08ff4cf20369a19dee4d71c05d3bc8fb9d05d06a2e376ae0
    frontmatter_hash_repository_test.go:56:   ✓ blog-auditor.md: 114da78a6d947df27f6072f9bb6316560b9dba662c08f942e7da4456267e0be1
    frontmatter_hash_repository_test.go:56:   ✓ bot-detection.md: 272cfb82a34c91ce325d104406ba05fd6af653e1b0692a7e6d52de421b56f407
    frontmatter_hash_repository_test.go:56:   ✓ brave.md: 5958117353bf50e2feb82b273207696229fab533289a8bb1e3a5f2d0b12b1947
    frontmatter_hash_repository_test.go:56:   ✓ breaking-change-checker.md: 7cf97dd26a6f8dc90acc83f5c9103ef576efcf7f73e376a93328d3d9a2a610c4
    frontmatter_hash_repository_test.go:56:   ✓ changeset.md: 4bb79feb2c17870312a16a4c82e9f73127ec641a64becec55a035c45bf2cdcda
    frontmatter_hash_repository_test.go:56:   ✓ chaos-pr-bundle-fuzzer.md: dd3dab9085e3959633c6ee4a2fe97f61001285d12201a7d363ac5202e5cbb369
    frontmatter_hash_repository_test.go:56:   ✓ ci-coach.md: 3182d7c650fbb8501912e44a0766ae8ab4f24f9cad6fe805726c74a124621228
    frontmatter_hash_repository_test.go:56:   ✓ ci-doctor.md: b2d8fb74c37b130d096e3e6aa7df2dc2c8d1cbf37965a0348da4c0e25ad9733f
    frontmatter_hash_repository_test.go:56:   ✓ claude-code-user-docs-review.md: aa6d0d5aa2ebab76754f3cee90858af0d44a99c7b635cfcdf74dc1f6a926f2dd
    frontmatter_hash_repository_test.go:56:   ✓ cli-consistency-checker.md: 89b62a2b4aa5bca744a29a8d37020cbea52fa792e0b30054083c8df9d002104e
    frontmatter_hash_repository_test.go:56:   ✓ cli-version-checker.md: e9ab102c193fabd1b6f9e69a54a2949bee994fdf693a58776989ba8c70445d08
    frontmatter_hash_repository_test.go:56:   ✓ cloclo.md: 6e5abcc777dfaa78f1d2f09caa95cd324ccb2f8b11e6d76d7ae8947e026edae1
    frontmatter_hash_repository_test.go:56:   ✓ code-scanning-fixer.md: f1fe7b1909be2ec86e688e31f98439f179f52252e6cffc8fbc2bc96e10182b18
    frontmatter_hash_repository_test.go:56:   ✓ code-simplifier.md: 0edb8c9f71d8e83900a69531c14e60744d66a7643a3ec591c11bac53678b26dd
    frontmatter_hash_repository_test.go:56:   ✓ codex-github-remote-mcp-test.md: fcfd09ffb1d7da7df212625c4580605c8542396101bb55a5508b32f84bfe3471
    frontmatter_hash_repository_test.go:56:   ✓ commit-changes-analyzer.md: 05c761b39b7d565af3e49a2a88fa2c6c9a054a727c31bc7df7e73ea111e94ef7
    frontmatter_hash_repository_test.go:56:   ✓ constraint-solving-potd.md: 2266ae9f9f35b3c30898213ca00e997cbd12cc67abc3fc920cffbeecbe4223f9
    frontmatter_hash_repository_test.go:56:   ✓ contribution-check.md: 8c95dbd27d86aa7c41ffa5e5d92603bf69257eb18e3747250d5e21064d4c53d9
    frontmatter_hash_repository_test.go:56:   ✓ copilot-agent-analysis.md: e5f73a45d905abcd07fe7cf37ef93d16cfb89748c0be314a00323896fd8603ef
    frontmatter_hash_repository_test.go:56:   ✓ copilot-centralization-drilldown.md: 44e2dd3a5a056833c63c212f7f0353c823e1d85c9daae9bb9c1b4dd2643718b3
    frontmatter_hash_repository_test.go:56:   ✓ copilot-centralization-optimizer.md: 5abbb71c8183c2b6bcaa82298d561a780aa4c44e355a65263458cba3bc44120a
    frontmatter_hash_repository_test.go:56:   ✓ copilot-cli-deep-research.md: 38f5c4aa91e2efa0139a11f384885fe0cdbc236c2a7df3d1100c60605b4db2f1
    frontmatter_hash_repository_test.go:56:   ✓ copilot-opt.md: 7629e6058d1d46469f3658b0ed7b83f5d2146114b06b038b729766acdd8aceb0
    frontmatter_hash_repository_test.go:56:   ✓ copilot-pr-merged-report.md: 1c29da51d1ec945250357bdb861aa3fc89b0f2484173feef0b7ab58ba422a80a
    frontmatter_hash_repository_test.go:56:   ✓ copilot-pr-nlp-analysis.md: 1c20099b0c84f129715f4320fb7c4334402f44f06593cef471c21b4e3c57222b
    frontmatter_hash_repository_test.go:56:   ✓ copilot-pr-prompt-analysis.md: 324b4e1c387416acef6b3c36ca288edb38cb5f06f09a0097f20978a49f2fbc07
    frontmatter_hash_repository_test.go:56:   ✓ copilot-session-insights.md: 27328e591b802a8d8338aee62831a92921d68c025625ce267cdec9832e507b01
    frontmatter_hash_repository_test.go:56:   ✓ craft.md: 8531cded6881fa18e76fb70efa5ceb1bddf8916a8c6afdcd57dd5ca243327270
    frontmatter_hash_repository_test.go:56:   ✓ daily-agent-of-the-day-blog-writer.md: c501499448398af1514a71a60a86acc96de694c1ef7b3666e611b1fcbb0e2705
    frontmatter_hash_repository_test.go:56:   ✓ daily-agentrx-trace-optimizer.md: b2fea26e4c2b9ce55ab56ec7d9b36a99b0d348b405c6b5b840b3b861fd6f62b9
    frontmatter_hash_repository_test.go:56:   ✓ daily-ambient-context-optimizer.md: 61a9653dcc34f01754132b7a8dca7e1dfa80174180f83a64fb57960e578729f9
    frontmatter_hash_repository_test.go:56:   ✓ daily-architecture-diagram.md: 515b91eb9612763a697b19cffcdb218331ed9539fa9413634bfaf1854f86264d
    frontmatter_hash_repository_test.go:56:   ✓ daily-assign-issue-to-user.md: ca224e252599d4a369f7d0cc783d308cf82cc3114f441bb35ad2d0b8ce901407
    frontmatter_hash_repository_test.go:56:   ✓ daily-astrostylelite-markdown-spellcheck.md: 88b1717d5f8c921b0ba188622d883d7a5f98f155f7f337c75375c4c30e0f898c
    frontmatter_hash_repository_test.go:56:   ✓ daily-aw-cross-repo-compile-check.md: 1123da846239db97d501ab58b6952e6021bd277274cc402a3bd199c3f7453109
    frontmatter_hash_repository_test.go:56:   ✓ daily-awf-spec-compiler-surfacing.md: 204350ebc7745dce89199bbfd21ffb3207d4edbc1570682dba2e18e3f4175a51
    frontmatter_hash_repository_test.go:56:   ✓ daily-byok-ollama-test.md: f52ed2d6dd5e0bd2a1bbb019445ed263adad0988c9890457e09c86e7b202bb3b
    frontmatter_hash_repository_test.go:56:   ✓ daily-cache-strategy-analyzer.md: 83617737da5a0994967e32e9e5c89bd6bec75db41c721aa0ec6c33636c2fa6e0
    frontmatter_hash_repository_test.go:56:   ✓ daily-caveman-optimizer.md: 4f03e470a40c299013f9d64b0a5f1dc2e6b0daa79376d5d53551c9f0b79fae1d
    frontmatter_hash_repository_test.go:56:   ✓ daily-choice-test.md: a1b3d7926c614d9c70484e0c8fbfdc5b95baa800823da84abd6917876dae5e20
    frontmatter_hash_repository_test.go:56:   ✓ daily-cli-performance.md: ea882531eaae809aa38d85b8eb71b5fb0a29b375c43f613cb7cafdd271752131
    frontmatter_hash_repository_test.go:56:   ✓ daily-cli-tools-tester.md: b76c15cd8b8dc994aee912dfeda6f5a424c7a35d02ea77002953c628e4f22485
    frontmatter_hash_repository_test.go:56:   ✓ daily-code-metrics.md: 57ac88bfe16f04ddd683ebeb86c80aac62cf98f6a88c0c067942e3f969c121b5
    frontmatter_hash_repository_test.go:56:   ✓ daily-community-attribution.md: 25d333f24d70a315870800a3025a2dcf84654d13e6d75333289109aa7e3ec893
    frontmatter_hash_repository_test.go:56:   ✓ daily-compiler-quality.md: 7f80ebd0f82f6ae59519db2c92fd644158f22b8d707cb48a643a8cb22bf1504b
    frontmatter_hash_repository_test.go:56:   ✓ daily-compiler-threat-spec-optimizer.md: 44dc1595c1f7ed0dfbd01c7612931c2681762f8cf8ec4a3f5b43bf642776f925
    frontmatter_hash_repository_test.go:56:   ✓ daily-credit-limit-test.md: ebb349e0400d9f8616526f4b049055d1facd088be5e90c32766a11d2acf883b1
    frontmatter_hash_repository_test.go:56:   ✓ daily-doc-healer.md: 03a73fd8652beee1b91050bdcde3f6f61ebb390ac6e6570269d77b5e0e6ab50d
    frontmatter_hash_repository_test.go:56:   ✓ daily-doc-updater.md: ab56d1503d8976aad9d1755d35fec6334b2803e93ac4f39f5cfefef610a50e84
    frontmatter_hash_repository_test.go:56:   ✓ daily-experiment-report.md: a03e32e033ff94f6d4661b9246b74961de8bd6a507509016bc01f3f67cef9ef6
    frontmatter_hash_repository_test.go:56:   ✓ daily-fact.md: 4028456361fdc8797646ea5280097f6b06fe2e887fb8403643827e1c7e649593
    frontmatter_hash_repository_test.go:56:   ✓ daily-file-diet.md: 6a7c860d4f5807933dcac9db72ca9931e04a45c96b914a1aed8cc9b2c690d07d
    frontmatter_hash_repository_test.go:56:   ✓ daily-firewall-report.md: bf768420c6184f83955e6d3ddc748a2e4d0f797fa08f156660a8070c15a2fa96
    frontmatter_hash_repository_test.go:56:   ✓ daily-formal-spec-verifier.md: 4fd573a06b8c125acb2c04ec7a98d360f7770a21f69391b017eb70a6422ad2b2
    frontmatter_hash_repository_test.go:56:   ✓ daily-function-namer.md: ec383aa5ee2e0f7bf8e7218348932e11eecc9539b293a2dc7e2d03088a9d606d
    frontmatter_hash_repository_test.go:56:   ✓ daily-geo-optimizer.md: 72d9f19fc040c5c6a2235c013afd5412c74e564b977528a5e51b81349ddc3ce3
    frontmatter_hash_repository_test.go:56:   ✓ daily-hippo-learn.md: f4a78e66e43f1e43d22ab1f9aae3f9747d8f8a53e483bcd3ca3f4f5b4eda2244
    frontmatter_hash_repository_test.go:56:   ✓ daily-issues-report.md: e1aa183071d3a68cdbd037378084606c1a6b501cc32792093a1e6afbe39fe67c
    frontmatter_hash_repository_test.go:56:   ✓ daily-malicious-code-scan.md: 4bf9462fde54e77bff9e882ac863db4f2614e0c2257038ab897a315367b00198
    frontmatter_hash_repository_test.go:56:   ✓ daily-max-ai-credits-test.md: a766e447bc8a20bc27302fe4d51e1d1ecbbd1c3a669aa8db9dfbd2079d3adc29
    frontmatter_hash_repository_test.go:56:   ✓ daily-mcp-concurrency-analysis.md: e04b5c0f4218c4ca87741e7cb89afd461291c1bf9af1ca2fbf345951f1eb3d41
    frontmatter_hash_repository_test.go:56:   ✓ daily-model-inventory.md: 11a3f6dd8c208d49efa7295462cb4ed50a929df39cff5dca1a8f1349e3fac26c
    frontmatter_hash_repository_test.go:56:   ✓ daily-model-resolution.md: d682ade477f5a12186198e954ce670e5bb72f7e21001413550d0ca4ad4cf4f65
    frontmatter_hash_repository_test.go:56:   ✓ daily-multi-device-docs-tester.md: 89fe6bb3bc7a452f74f731a5016ed268b63e44d322061a7dc884039f64c61dbc
    frontmatter_hash_repository_test.go:56:   ✓ daily-news.md: 938aab8ad555daba22921778e4cef1fcd69aec499106adede491003ff6bcb720
    frontmatter_hash_repository_test.go:56:   ✓ daily-observability-report.md: d001604ad317493ac3bb249dd2f039fea5bcb8f875af422e948dee1abdc936a7
    frontmatter_hash_repository_test.go:56:   ✓ daily-performance-summary.md: 9dbe27cd6b9a32940687ddbaa6dfb603d152a40fb35779c1ca66a2c300e83a9f
    frontmatter_hash_repository_test.go:56:   ✓ daily-regulatory.md: 8dc10ba6c22f36ea53e9b64615ba81a1c977e14df5b5d5924a14bce6cb5cea8d
    frontmatter_hash_repository_test.go:56:   ✓ daily-reliability-review.md: af5241938ab92db9f18a705e16b0e29cb6ae5d8d239291e480811da6524e1704
    frontmatter_hash_repository_test.go:56:   ✓ daily-rendering-scripts-verifier.md: a31e7ff14ae1464d99ab68916685cda677458b89784054db61803c5ef2966d80
    frontmatter_hash_repository_test.go:56:   ✓ daily-repo-chronicle.md: 9eb7d7bd70915eb208d107e027bd821bd1ecd12c7771f2c4bcbb8efd4546ade3
    frontmatter_hash_repository_test.go:56:   ✓ daily-safe-output-integrator.md: e8b410e76c8f22f0dffe71183fb6883b815588e2164b63275c065bfac768f818
    frontmatter_hash_repository_test.go:56:   ✓ daily-safe-output-optimizer.md: 85223235346584710dd69f77524eb041021af2fca9ac92823ad724b1fa558936
    frontmatter_hash_repository_test.go:56:   ✓ daily-safe-outputs-conformance.md: f9f1451a9371c6c0c6d59abe62fef0a1a0660751307aacb675f62151ab12a097
    frontmatter_hash_repository_test.go:56:   ✓ daily-safeoutputs-git-simulator.md: f47b0848a9bfbfed7b0b5765fbab1b886806066f36bf7f481a0ce09979066db0
    frontmatter_hash_repository_test.go:56:   ✓ daily-secrets-analysis.md: e53b9f094ff00e865514b9a21019273fd268cada7ddfb4267faa018898ffba88
    frontmatter_hash_repository_test.go:56:   ✓ daily-security-observability.md: ada1bd6ef00fbab34c49699cad06b920d53c24a70dbbc60a52a03b4f1ffd3745
    frontmatter_hash_repository_test.go:56:   ✓ daily-security-red-team.md: 99be059d60c06f8629909202ef0d533eb4b3accbdbf0ac590313de09d3c79ac3
    frontmatter_hash_repository_test.go:56:   ✓ daily-semgrep-scan.md: 10b6a479b44bea99d7c0e799d37c4585f361f1ec3dcc274e33f1eea9cd678c2d
    frontmatter_hash_repository_test.go:56:   ✓ daily-sentrux-report.md: b1a90a24f2a377aaf1380ceef95f087326643ed8ef12c02841facbfa460784b3
    frontmatter_hash_repository_test.go:56:   ✓ daily-skill-optimizer.md: 87060ccaaeb77f9056b57a0c9be97e87933d68e126d540b4ea961843d75da04b
    frontmatter_hash_repository_test.go:56:   ✓ daily-spdd-spec-planner.md: 2e9d3575f7de53da94a7b973bba78e746ec92876ed50c342a4a059dfb814e850
    frontmatter_hash_repository_test.go:56:   ✓ daily-syntax-error-quality.md: 1a86942b561824fc887fc2285edfd896177b72f32d90ce5c3138a51d1d0d1505
    frontmatter_hash_repository_test.go:56:   ✓ daily-team-evolution-insights.md: b644cf40081c8dc05f4f63c2c7f4e00c4e0072ac72087658df5510b0694d28b6
    frontmatter_hash_repository_test.go:56:   ✓ daily-team-status.md: 9f61ffba0d4e9663a43f41030c13a4c7c71ebac8122f586cbd706756a605df94
    frontmatter_hash_repository_test.go:56:   ✓ daily-testify-uber-super-expert.md: 47d344877318c31f908fc5fe02346741f415979ec0c8eea7df27b4bf190ca56e
    frontmatter_hash_repository_test.go:56:   ✓ daily-token-consumption-report.md: bad33483ffb4e4d1a8cb67842e6c2be6f428c9a71b46221514badf45781b525c
    frontmatter_hash_repository_test.go:56:   ✓ daily-windows-terminal-integration-builder.md: 50725ea77cfff5f6d0465acd44ea7cb5e5b1e0b712c3f8c73a38254ceb0985e8
    frontmatter_hash_repository_test.go:56:   ✓ daily-workflow-updater.md: 7f65369aa008bf6c353b210edd5f7ba80bb70b2943f69c4a99261550e181f5cc
    frontmatter_hash_repository_test.go:56:   ✓ dataflow-pr-discussion-dataset.md: 4dbaf0e2e41bc56f7f456788501a5e7ac4f26483fbf62a71a752c5836e42415d
    frontmatter_hash_repository_test.go:56:   ✓ dead-code-remover.md: 609cd7ae14b94d9dea114f50654658465aaaf79844474e1af04a27a029a09242
    frontmatter_hash_repository_test.go:56:   ✓ deep-report.md: ee487bb71074cb77d4010dfb4eff97dc6ccb0d934862bf647fd34101c4d2b040
    frontmatter_hash_repository_test.go:56:   ✓ delight.md: 9fb26e8b650b021f8cdb55d79fa3ba11fda028aeafea9d7a4b0c21aa8b8374e5
    frontmatter_hash_repository_test.go:56:   ✓ dependabot-burner.md: 722c0577e6dcc7f60f3e45960dd79badb1cf5c453248ae9ff3478cc3d606fde3
    frontmatter_hash_repository_test.go:56:   ✓ dependabot-go-checker.md: 170ee5dac87b2711a62a98efa76a46c78d4bca4ab3501382545a518d33ef5737
    frontmatter_hash_repository_test.go:56:   ✓ dependabot-repair.md: 77b9bd11da3aca5e87d4dd3e84f76893129fc88c49d6c527eca765283b55b893
    frontmatter_hash_repository_test.go:56:   ✓ deployment-incident-monitor.md: 76e546cba7692e512370e6a1864fc8a0b6259c487c06d776ac18a20006393b78
    frontmatter_hash_repository_test.go:56:   ✓ design-decision-gate.md: bcea13dbcc6ec5edb5025d41abcb04667abce480a7ea5471bd2511a1a2486f94
    frontmatter_hash_repository_test.go:56:   ✓ designer-drift-audit.md: b897df101e5f09139690ac9caeb28208548db90de79a4956394f84c99928c881
    frontmatter_hash_repository_test.go:56:   ✓ dev-hawk.md: 692153de67072bf3c5530af961a722cef45235cf2867fa636789249f50eeee2d
    frontmatter_hash_repository_test.go:56:   ✓ dev.md: 0774f9306c9da65a98861cc995b584d03a8c81ad264a46097d2b9fbb611e57f4
    frontmatter_hash_repository_test.go:56:   ✓ developer-docs-consolidator.md: 8b15a9533d9aa105a33d8d45879cbb7bb5163af5da5c9a76b0a823f9db32e664
    frontmatter_hash_repository_test.go:56:   ✓ dictation-prompt.md: c0892fbf4862e49e0b1baacfefb60799bf0f7e89c2c69152d9267194774cac28
    frontmatter_hash_repository_test.go:56:   ✓ discussion-task-miner.md: d4c42fa2ff4e67441024a856bdd37289e53c1fd1fe2b21cec2ad340e03f41588
    frontmatter_hash_repository_test.go:56:   ✓ doc-sync-daily.md: fcff2645a158de0c176e385249eca0cb0b42ff3223523d86982c48aef89414e6
    frontmatter_hash_repository_test.go:56:   ✓ docs-noob-tester.md: fe49afc6ab0940d540a4de04f7048b67c32344d79b14239d79807db6ff616cd7
    frontmatter_hash_repository_test.go:56:   ✓ documentation-sync-agent.md: daa1a00cc367062194279c697300609689e38a82b308aa527fdf2536f6de177a
    frontmatter_hash_repository_test.go:56:   ✓ draft-pr-cleanup.md: 181a4f01d01e2d8da3bfe5c0d7c1099188d06a03bd3c0c69b971d39a44c228a1
    frontmatter_hash_repository_test.go:56:   ✓ duplicate-code-detector.md: ce63126ee443be46ef01237b91c2b3c499c097fb31f5ccca0539e67c0370cdc1
    frontmatter_hash_repository_test.go:56:   ✓ example-failure-category-filter.md: d33bf49e8f7bbc309293fe1fc6bc38b475c1ee3e2a6dd5aee6b97a28ba336fc3
    frontmatter_hash_repository_test.go:56:   ✓ example-permissions-warning.md: 10c397ad1bdcf508da42ab2bfac869e560b69688d0117f83f81450a6ef97f62a
    frontmatter_hash_repository_test.go:56:   ✓ example-workflow-analyzer.md: cf1c6617a17f8d66e8bca51d41f01b7078a53af4481b624f42ddb525371c5481
    frontmatter_hash_repository_test.go:56:   ✓ firewall-escape.md: 909414e9f097a3f315fcd06fb52b3b3fa237831be72ddcb21e8b29e3affaddfa
    frontmatter_hash_repository_test.go:56:   ✓ firewall.md: b6314dd2c229e8d7098893059c7fef37f3328111ae023b845c03cc78b68fb1d9
    frontmatter_hash_repository_test.go:56:   ✓ functional-pragmatist.md: 3df2f2eedbc11efb1b29101228abeea55ded92dfb6d64c2361b5456bae535f7a
    frontmatter_hash_repository_test.go:56:   ✓ github-mcp-structural-analysis.md: 0093b93e2dd2f17852f55a8e72f24eb4490d8df9c8c31d1a4a715ffa81894781
    frontmatter_hash_repository_test.go:56:   ✓ github-mcp-tools-report.md: c559b1044aa6359df230c881f6d8bdfef04484b6b13a44d0bc5e3ec566616086
    frontmatter_hash_repository_test.go:56:   ✓ github-remote-mcp-auth-test.md: e423b1b70ad33eff35ae39059be106d1dacc09c8a61c214fea134058e99b6fd4
    frontmatter_hash_repository_test.go:56:   ✓ glossary-maintainer.md: a7cc56a0057db9b5ddcc00307fb1cd090a3cb1e8171102a540b1a862cdc30272
    frontmatter_hash_repository_test.go:56:   ✓ go-fan.md: 67f53e7214f05051d31651078dfa8ef1e830b9153f2d7a834cd56625e85f636d
    frontmatter_hash_repository_test.go:56:   ✓ go-logger.md: 0d7d751d50c5910ae8c525fed735d5eb6a139b2e53ebf3c4624b654b1ca45b20
    frontmatter_hash_repository_test.go:56:   ✓ go-pattern-detector.md: 7434cfb23d03121124f3222dda1da0769f05ee79a3ac2c5885595704d474db7f
    frontmatter_hash_repository_test.go:56:   ✓ gpclean.md: b16c858df2a5670a56630177d1dee2b5f0c5bd39d617caf6c0a167254f42a692
    frontmatter_hash_repository_test.go:56:   ✓ grumpy-reviewer.md: 889cd175c693f46c86bcda470b5ad2f8b980dbe9ec6d22ff344df104a472ab61
    frontmatter_hash_repository_test.go:56:   ✓ hippo-embed.md: bd3f8fcfa9dd6fa117c5a15f70a07dc128ee98aac7853d9eea6298fa5752543e
    frontmatter_hash_repository_test.go:56:   ✓ hourly-ci-cleaner.md: 8d81584dd73419dcbae1dc13f3f33709e310ef03ed942137a14d8ad1c1225926
    frontmatter_hash_repository_test.go:56:   ✓ instructions-janitor.md: a89d4bb8db50539eadfbab0f5af096e5c94548c81aad891e0f0929e74649583a
    frontmatter_hash_repository_test.go:56:   ✓ issue-arborist.md: 2e69555de063520f244aeb68071980cdc35ec82be3a875cf302b5484b8b5c9de
    frontmatter_hash_repository_test.go:56:   ✓ issue-monster.md: fa30052f9aa0cf492f68e01c6439bf48d98ed213c570be0c496b8bc138e89cad
    frontmatter_hash_repository_test.go:56:   ✓ issue-triage-agent.md: 979376371ea54045c220f670755551299b2edc0054251c207a1b880b8353893b
    frontmatter_hash_repository_test.go:56:   ✓ jsweep.md: de3fcc555cf6206b7c2b257c8f1668ee1c27f98aa76ebbb2170f24e65734568e
    frontmatter_hash_repository_test.go:56:   ✓ layout-spec-maintainer.md: 6b0bff83b6f8eba8c8b3eb1ccce71a2f5567b2f07e066ef43ae1e4bb8f864220
    frontmatter_hash_repository_test.go:56:   ✓ lint-monster.md: 90b7e82d5efd2666c0a3b266251e5f2a5945841071233e1d7b375c07dd33acea
    frontmatter_hash_repository_test.go:56:   ✓ linter-miner.md: 7184e6cd348ebf0fa36ce805a6926b55385ef3fa94186ab29423c14684185dcb
    frontmatter_hash_repository_test.go:56:   ✓ lockfile-stats.md: ce041c2270eba9c12623215f01b31880241ffa142c1e9d2e2260b5e4d8d2c53c
    frontmatter_hash_repository_test.go:56:   ✓ mattpocock-skills-reviewer.md: f7f2a85998ff69b7cd9b4a8c8a7f2baa96fdcd4ce6ea8af6a6b2767d0f24b86a
    frontmatter_hash_repository_test.go:56:   ✓ mcp-inspector.md: bdd951b5923b1c2c7a4bb234160c6be90fa4f31a7a12989d17a1f6a7ef3df1d8
    frontmatter_hash_repository_test.go:56:   ✓ mergefest.md: bd6652e27d9087c6957972e5e475bc43dadfe08bb0e94b795049068e5d8aeaba
    frontmatter_hash_repository_test.go:56:   ✓ metrics-collector.md: 7d739fc57821d2e783b44ad5cf95c798060e85bfad373f5d9dffdb184092d40e
    frontmatter_hash_repository_test.go:56:   ✓ necromancer.md: 4600d883ce65d4cd2d4bf8223a293c5fe38f43c27df526c46f5ea77697f9e253
    frontmatter_hash_repository_test.go:56:   ✓ notion-issue-summary.md: cf69b494b39eb8d157b8131164bd4516e4491489006a92bb8530550ad614a5b9
    frontmatter_hash_repository_test.go:56:   ✓ objective-impact-report.md: b0611fa3f6d4670def1bbaa5de73487925f06fb8d9145133eff9560687fc35ec
    frontmatter_hash_repository_test.go:56:   ✓ org-health-report.md: b231aca5055252d8bbf97b1fb6241c69dc2dfdfce5054fb720bb22cae2fef26b
    frontmatter_hash_repository_test.go:56:   ✓ outcome-collector.md: de83836218f44d63c7f54b5555f9a10e58aa698d65371819caa854211e42258e
    frontmatter_hash_repository_test.go:56:   ✓ pdf-summary.md: 74a2b1fdcf6ad02f27eedb53bb8ffc673e1c7ac63d628073ed91738edb83ac24
    frontmatter_hash_repository_test.go:56:   ✓ plan.md: c8e182515a9832433c91819eb1ba465ad3ec308432fc7702c168c5a6e1514015
    frontmatter_hash_repository_test.go:56:   ✓ poem-bot.md: 1897b04bdf9035323efcbc5098b46e953344e37e9886db6c6808ef9a4aa9174e
    frontmatter_hash_repository_test.go:56:   ✓ portfolio-analyst.md: e2245da666bd279188cd7cb9d48543247c7d288a07a9e6cb5120d1f84fd0f8da
    frontmatter_hash_repository_test.go:56:   ✓ pr-code-quality-reviewer.md: 0d04e138eacd6776bbbc119905a592ce742d96dbc831712cd86365c9518e4f4d
    frontmatter_hash_repository_test.go:56:   ✓ pr-description-caveman.md: 38386bbdc40fa904cf1376b2a2846d3449e073de356eb507afb2c097afee383d
    frontmatter_hash_repository_test.go:56:   ✓ pr-nitpick-reviewer.md: 87997e3444ce9693941f6fb62e0f78ed19f349a110e59c29325055a812fcf0f5
    frontmatter_hash_repository_test.go:56:   ✓ pr-sous-chef.md: 97f012d7c9fb7e1888b30f3b66a85be6c92f28073495cce0b2802a82245dc0b9
    frontmatter_hash_repository_test.go:56:   ✓ pr-triage-agent.md: 98a744d3dc9efdd12bf821f81911e181d26ee211ece147180a6021797cd8bbe1
    frontmatter_hash_repository_test.go:56:   ✓ prompt-clustering-analysis.md: b89660227ed107ea0e60f9875867e5f28be3a81fd478dbf10f7b2f615cec8492
    frontmatter_hash_repository_test.go:56:   ✓ python-data-charts.md: 081828d67ad2e130b8f495a1686fa68ed65811b4258e5dd678c579e4133cbe25
    frontmatter_hash_repository_test.go:56:   ✓ q.md: 59151f64593fe60e7abdbb798b67df35f222a3a61dc2c3941261d93400b1165d
    frontmatter_hash_repository_test.go:56:   ✓ refactoring-cadence.md: d892279a5ac461437f71c77a0bee9965cb9d15f6b0271400d7a92754ce893ee1
    frontmatter_hash_repository_test.go:56:   ✓ refiner.md: c07c1c52a3658355d2e7f1719bb608b2016de686e2ddb97b29eb1d1e0c804333
    frontmatter_hash_repository_test.go:56:   ✓ release.md: 46f5dc9945197722cf989f3504e6b65b2a21eb1f7c5f602e198c7d3b75f9add3
    frontmatter_hash_repository_test.go:56:   ✓ repo-audit-analyzer.md: d10790ab1e4b8c658ac414425303e1327d61c4fe6de6bb6c4271ef5ec337fe04
    frontmatter_hash_repository_test.go:56:   ✓ repo-tree-map.md: e43336ea456f9a697b4a341dde72d441d4aaec2b00c2c87eeb29cb66fe0d18aa
    frontmatter_hash_repository_test.go:56:   ✓ repository-quality-improver.md: c6971ab5a36d01f6e12c052f6ee7a0462d7834d0335ac3c6d0892485b9248722
    frontmatter_hash_repository_test.go:56:   ✓ research.md: d4c6005fb617ccc770a6020898efed701c621bdb5a2bd6c2b1df1d4216b99e02
    frontmatter_hash_repository_test.go:56:   ✓ ruflo-backed-task.md: b7eec5676d84d868a8e0d8a96cbcf2476b2ce275478591d9ac4099d573a1835f
    frontmatter_hash_repository_test.go:56:   ✓ safe-output-health.md: a9094e74810568aa601193c0a02e303253c275fd2d8ab0a12474352f02a615c7
    frontmatter_hash_repository_test.go:56:   ✓ schema-consistency-checker.md: 5f5f333145d025db8c0fa53d92e550f73fec179e548f3a8ac87b3e48d2c65580
    frontmatter_hash_repository_test.go:56:   ✓ schema-feature-coverage.md: 151d936b296a2a15239d63fd3e3feef95c269cfc464e4010b4868c7414247cb4
    frontmatter_hash_repository_test.go:56:   ✓ scout.md: 905c3abcecbcec40d45a5477d8360c4274a5b05f69c307340074debcee4d3eb2
    frontmatter_hash_repository_test.go:56:   ✓ security-compliance.md: 27b509bc4eb516b4d90a34100e9beaae6f07f116b18e636496605ff11f0a84fb
    frontmatter_hash_repository_test.go:56:   ✓ security-review.md: dda6636e68846cc469c0221f9daddec9ed46914bea40762132b0d82b88a9ab9b
    frontmatter_hash_repository_test.go:56:   ✓ semantic-function-refactor.md: 63b9cd95d1592190ba58ad4fc4bc3218a9c3175c688120a26b3e5a057be72197
    frontmatter_hash_repository_test.go:56:   ✓ sergo.md: 3ca61dec3f4c8b7e5731a6e3a4df92f48b1bb56bd694803e037eee7e95cc2720
    frontmatter_hash_repository_test.go:56:   ✓ skillet.md: 49305976cb37275a7bd18fefdb178deb8e168712b38b658425f208186f025c10
    frontmatter_hash_repository_test.go:56:   ✓ slide-deck-maintainer.md: 89088a1c2de9f6b49f00efa114ee5db137334db4dc03a9ea01877d37b4e3abd2
    frontmatter_hash_repository_test.go:56:   ✓ smoke-agent-all-merged.md: 7ad16923148065fcc2cd0a23a8766c161b83eefce1e289ce58865d329a8b4f1b
    frontmatter_hash_repository_test.go:56:   ✓ smoke-agent-all-none.md: 6db4d86e2a5fdf1d3b5a8b8fe0e104d096c7adef695ae179867285dcb1109176
    frontmatter_hash_repository_test.go:56:   ✓ smoke-agent-public-approved.md: 317b48e569722ec35db15fbfcd72be24956eb15ed7df50d300ad035f38ece185
    frontmatter_hash_repository_test.go:56:   ✓ smoke-agent-public-none.md: 356c499205f45214dd8907cfa9214e611d374919091c55e2eab7b129f4123227
    frontmatter_hash_repository_test.go:56:   ✓ smoke-agent-scoped-approved.md: 5204384a922756f4d51e0a48da03b22056b5f651696901171823b9ae98b3060c
    frontmatter_hash_repository_test.go:56:   ✓ smoke-antigravity.md: 0db2860d8de1bcb7d90467cb718534ec8290f17e76f0b00ca46a31fce0de423a
    frontmatter_hash_repository_test.go:56:   ✓ smoke-call-workflow.md: 0ad3090b3fc2ead628b367073fd8e21cdfe8a6e50f3ca8b613bd8f15a4386cea
    frontmatter_hash_repository_test.go:56:   ✓ smoke-ci.md: e4dc40770a3e7a3d0a31ddeae0cb965734f071781d89059d10f875a9ab35bba8
    frontmatter_hash_repository_test.go:56:   ✓ smoke-claude-on-copilot.md: 7b3f0a89f765a8afa8c71d755cbfdfbae2ea95f90b19bf35663cf3bbb12944ce
    frontmatter_hash_repository_test.go:56:   ✓ smoke-claude.md: d874ae2add72bbca64cd7963f90161f68ee4542a3595ab91a989871a0bcbfb03
    frontmatter_hash_repository_test.go:56:   ✓ smoke-codex.md: 9dc3305e162d4bcf88bafa48190572fe9205387b9fe0913e2592feb39fa65fb7
    frontmatter_hash_repository_test.go:56:   ✓ smoke-copilot-aoai-apikey.md: 9c33c57e9616e18af1f1e3e8637be2eec8560450c0ac2db3c6affdd5d7c0606b
    frontmatter_hash_repository_test.go:56:   ✓ smoke-copilot-aoai-entra.md: aedaddef3f058e3390275c268927dc411726ff550ae0c1130dbfaf30cbba86cb
    frontmatter_hash_repository_test.go:56:   ✓ smoke-copilot-arm.md: c84a5367a6e48c0c9011bbeead5cbb9e8250c27587b60276d6e60b27651bd7e6
    frontmatter_hash_repository_test.go:56:   ✓ smoke-copilot-sdk.md: dbd0ebd913b4e7452a3db2b0d250372187407955296a816e6a1d5b3cb82cd485
    frontmatter_hash_repository_test.go:56:   ✓ smoke-copilot.md: 6669d3fc0bdfdd7a9e54e10d8c1e41c04dc17e1d162f2e639dabdb1255ee8a78
    frontmatter_hash_repository_test.go:56:   ✓ smoke-create-cross-repo-pr.md: dd9e867decce4999b86c15a64583d728b4d45cc85491691e0ba7d96777f58ad9
    frontmatter_hash_repository_test.go:56:   ✓ smoke-crush.md: 0d9574e9fcf39511e7113bf8cd80aacb19a203b441f04f2065d12b0e48b10ddc
    frontmatter_hash_repository_test.go:56:   ✓ smoke-gemini.md: c0fc379529b8efffd7d734bbc31e3a3df2c9286c69c03c75e54a0bbeaa4c9e18
    frontmatter_hash_repository_test.go:56:   ✓ smoke-multi-pr.md: 8d3c1c6ae6671a37d02330daaf0afcbcb8f3424b5a9004149733a6a8029e0165
    frontmatter_hash_repository_test.go:56:   ✓ smoke-opencode.md: 497e809eb36a0c48c100515a443b6decce02b87c222e9ec5e5e5f8576bd1ec1d
    frontmatter_hash_repository_test.go:56:   ✓ smoke-otel-backends.md: b37bac085ffa3724c4da1b9f2f9766a9c777453cb79b075d6bc74dae90a1658d
    frontmatter_hash_repository_test.go:56:   ✓ smoke-pi.md: b5a5f8e0eb22ee6875d1c76bbc060c28c6ab9746c58887712662b0316e46b7f9
    frontmatter_hash_repository_test.go:56:   ✓ smoke-project.md: 0f44fb0953549e3c4c37df274618bdc4d9438f5fce12f931f8f3601c5caed9e8
    frontmatter_hash_repository_test.go:56:   ✓ smoke-service-ports.md: d91371642e1d76ef3d4246b8d62ccd7464ef1cd9a48ca89c4018573bebe7e5e3
    frontmatter_hash_repository_test.go:56:   ✓ smoke-temporary-id.md: 2fe049f82e50213040db58fcf7af96dfa12a8f0457b7b45d34b3c96c3d36e707
    frontmatter_hash_repository_test.go:56:   ✓ smoke-test-tools.md: 635ac9b3e55e25561adb3f2b4fa9a4573c9f5e8cfb0d1401d805b9373b156ae9
    frontmatter_hash_repository_test.go:56:   ✓ smoke-update-cross-repo-pr.md: 5bf28cc3b34706e9464d50c292c83ff3c4d0eadb546e859d2defa7797c2c577b
    frontmatter_hash_repository_test.go:56:   ✓ smoke-workflow-call-with-inputs.md: 7453b1b21800a60103936509b19336e92b11aa2b5af6cd0b594ab7fe6bd8ef54
    frontmatter_hash_repository_test.go:56:   ✓ smoke-workflow-call.md: ee47158f1afca85db112ecdf27ae503845fc42436908d6a3af0dc26b31033d7c
    frontmatter_hash_repository_test.go:56:   ✓ spec-enforcer.md: f054a4debdc6451ef2ef7358446aa267b11a65a9a6fdb4154399c7d7eb4938b8
    frontmatter_hash_repository_test.go:56:   ✓ spec-extractor.md: 943d47f3b180a67a0af3ca6d40412af794369004d667145f72ffa652fb564261
    frontmatter_hash_repository_test.go:56:   ✓ spec-librarian.md: 205a42dfe103e80b6def8d8181ef33f73812a573ea9a61bfbd3ff1022f14667b
    frontmatter_hash_repository_test.go:56:   ✓ stale-pr-cleanup.md: bed5897109c6f7346275f94d1736405aea78064ea38096b30593cd0e4144205d
    frontmatter_hash_repository_test.go:56:   ✓ stale-repo-identifier.md: 74a49382fbeb15455b15595131122507f398e7aa035a62cbff11156568ced32b
    frontmatter_hash_repository_test.go:56:   ✓ static-analysis-report.md: ab794bf85f915991b1e7b71451fd70441d49fd81f8ab719230072e80d8374ed0
    frontmatter_hash_repository_test.go:56:   ✓ step-name-alignment.md: 47476f6b99c99969ad6708298428fa2ebd943134635f4c9527cc93a55a7789f1
    frontmatter_hash_repository_test.go:56:   ✓ sub-issue-closer.md: 9b65e711047744d46e5bec0c9933ce9482f4fbec9f074c4e7812d604f2aaf830
    frontmatter_hash_repository_test.go:56:   ✓ super-linter.md: 566f9f92db7d4fa632f04bacb80d832c8ce1ef98610aaaffa88999e7e4af081d
    frontmatter_hash_repository_test.go:56:   ✓ technical-doc-writer.md: 5ea163637a66cfb6df27fd596a123a2d0163e29b351a9c211be10c25951c09f8
    frontmatter_hash_repository_test.go:56:   ✓ terminal-stylist.md: d0b6974f4f484413e691fef6518b751f85578976c93964bdb12d8c95225c54cc
    frontmatter_hash_repository_test.go:56:   ✓ test-create-pr-error-handling.md: 3085e001f12a5aaad8545f85fd3f5c2ada3973e444a2cffcc617e4c1bab318eb
    frontmatter_hash_repository_test.go:56:   ✓ test-dispatcher.md: 0a96eac57de9ba9627bfc52a457185c987664e24b857cc0e942a90fbc80b6281
    frontmatter_hash_repository_test.go:56:   ✓ test-project-url-default.md: 6f59830a6d3d79da3d1f3c71bee43a3b1a1cf42fbebbe4850c192c0a97c2091f
    frontmatter_hash_repository_test.go:56:   ✓ test-quality-sentinel.md: c9bab836bb878c4cb664b946e823e450632be66ae446ecdbb967468d356d0aa4
    frontmatter_hash_repository_test.go:56:   ✓ test-workflow.md: 9730c7c13a6b6a076a448fddd9ff08fc4db28bdfdd39392ac40371ff2b888af6
    frontmatter_hash_repository_test.go:56:   ✓ tidy.md: 998f7d790d21824a5b3f5300a5b0d0b22dceaf111777d25f5ffa648622ede329
    frontmatter_hash_repository_test.go:56:   ✓ typist.md: 9e8ebc152d623b45747b36eae8d3728fa9b03970bd394d90acd2ce62000c48f1
    frontmatter_hash_repository_test.go:56:   ✓ ubuntu-image-analyzer.md: 4bc9c8630ffc4d7bfb4e7ab59fbffffa399b7f245e150122bea1728af0205c80
    frontmatter_hash_repository_test.go:56:   ✓ uk-ai-operational-resilience.md: 85bdd2cd4f552813c88c484aa1c2d42f552718d48e7c6290e3cf0a7a6f397e1c
    frontmatter_hash_repository_test.go:56:   ✓ unbloat-docs.md: f8670012b54d13dda3000e4979abf2f3f874c30e4ca7ad0ee264553fcd45c26a
    frontmatter_hash_repository_test.go:56:   ✓ update-astro.md: 14badd5397012c1fd16324489ae1c0a0e2a5055ff11b2f3c248f800ebe7e7049
    frontmatter_hash_repository_test.go:56:   ✓ video-analyzer.md: a07416ddb877b2cc147a97a49233af1114750d863ab4dea9cf470a34455e81b7
    frontmatter_hash_repository_test.go:56:   ✓ visual-regression-checker.md: 1ba9811f656e8d881e22bec2c8fd47d771a93f04435a60371a891e49400c1950
    frontmatter_hash_repository_test.go:56:   ✓ weekly-blog-post-writer.md: bb4d6e686e40332c4b580ebf50c5825c0abed877b52f997d72b3e0af522b0b14
    frontmatter_hash_repository_test.go:56:   ✓ weekly-editors-health-check.md: 8fb129957f928a9524e7579bdddd282ca3f72959004762fe70caa9ba75887dde
    frontmatter_hash_repository_test.go:56:   ✓ weekly-issue-summary.md: c5c8773029352bf15831dd840010e86368daaef97ef69e64a1712461b9f24684
    frontmatter_hash_repository_test.go:56:   ✓ weekly-safe-outputs-spec-review.md: 94a9587cd91ab37c069e1731fe47897d0f7eafd1cd00d8642d6af7e342bb7d7b
    frontmatter_hash_repository_test.go:56:   ✓ workflow-generator.md: c57021a7b85fdce8ea97a4bd23edfaf64450f199a94e0c11c7ecd816405347f7
    frontmatter_hash_repository_test.go:56:   ✓ workflow-health-manager.md: 7313a35ff8a934237980bf09e9f4924986839b2a8167613d124abe0c0bba29bf
    frontmatter_hash_repository_test.go:56:   ✓ workflow-normalizer.md: 1c83f270492a67ecc2694e3bb2d6787a5aab1dfb8ef834a5f935224145d3d39e
    frontmatter_hash_repository_test.go:56:   ✓ workflow-skill-extractor.md: f7a05039158a10665b765b9106829559b4b545703861af7ebf94471d7954b605
    frontmatter_hash_repository_test.go:64:
        Successfully computed hashes for 253 workflows
    frontmatter_hash_repository_test.go:76:
        Wrote hash reference to: /app/tmp/workflow-hashes-reference.txt
--- PASS: TestAllRepositoryWorkflowHashes (0.56s)
=== RUN   TestHashConsistencyAcrossLockFiles
    frontmatter_hash_repository_test.go:148:   ✓ ab-testing-advisor.md: Hash matches
    frontmatter_hash_repository_test.go:148:   ✓ ace-editor.md: Hash matches
    frontmatter_hash_repository_test.go:148:   ✓ agent-performance-analyzer.md: Hash matches
    frontmatter_hash_repository_test.go:148:   ✓ agent-persona-explorer.md: Hash matches
    frontmatter_hash_repository_test.go:148:   ✓ agentic-token-audit.md: Hash matches
    frontmatter_hash_repository_test.go:148:   ✓ agentic-token-optimizer.md: Hash matches
    frontmatter_hash_repository_test.go:148:   ✓ agentic-token-trend-audit.md: Hash matches
    frontmatter_hash_repository_test.go:148:   ✓ ai-moderator.md: Hash matches
    frontmatter_hash_repository_test.go:148:   ✓ api-consumption-report.md: Hash matches
    frontmatter_hash_repository_test.go:148:   ✓ approach-validator.md: Hash matches
    frontmatter_hash_repository_test.go:148:   ✓ archie.md: Hash matches
    frontmatter_hash_repository_test.go:148:   ✓ architecture-guardian.md: Hash matches
    frontmatter_hash_repository_test.go:148:   ✓ artifacts-summary.md: Hash matches
    frontmatter_hash_repository_test.go:148:   ✓ audit-workflows.md: Hash matches
    frontmatter_hash_repository_test.go:148:   ✓ auto-triage-issues.md: Hash matches
    frontmatter_hash_repository_test.go:148:   ✓ avenger.md: Hash matches
    frontmatter_hash_repository_test.go:148:   ✓ aw-failure-investigator.md: Hash matches
    frontmatter_hash_repository_test.go:148:   ✓ blog-auditor.md: Hash matches
    frontmatter_hash_repository_test.go:148:   ✓ bot-detection.md: Hash matches
    frontmatter_hash_repository_test.go:148:   ✓ brave.md: Hash matches
    frontmatter_hash_repository_test.go:148:   ✓ breaking-change-checker.md: Hash matches
    frontmatter_hash_repository_test.go:148:   ✓ changeset.md: Hash matches
    frontmatter_hash_repository_test.go:148:   ✓ chaos-pr-bundle-fuzzer.md: Hash matches
    frontmatter_hash_repository_test.go:148:   ✓ ci-coach.md: Hash matches
    frontmatter_hash_repository_test.go:148:   ✓ ci-doctor.md: Hash matches
    frontmatter_hash_repository_test.go:148:   ✓ claude-code-user-docs-review.md: Hash matches
    frontmatter_hash_repository_test.go:148:   ✓ cli-consistency-checker.md: Hash matches
    frontmatter_hash_repository_test.go:148:   ✓ cli-version-checker.md: Hash matches
    frontmatter_hash_repository_test.go:148:   ✓ cloclo.md: Hash matches
    frontmatter_hash_repository_test.go:148:   ✓ code-scanning-fixer.md: Hash matches
    frontmatter_hash_repository_test.go:148:   ✓ code-simplifier.md: Hash matches
    frontmatter_hash_repository_test.go:148:   ✓ codex-github-remote-mcp-test.md: Hash matches
    frontmatter_hash_repository_test.go:148:   ✓ commit-changes-analyzer.md: Hash matches
    frontmatter_hash_repository_test.go:148:   ✓ constraint-solving-potd.md: Hash matches
    frontmatter_hash_repository_test.go:148:   ✓ contribution-check.md: Hash matches
    frontmatter_hash_repository_test.go:148:   ✓ copilot-agent-analysis.md: Hash matches
    frontmatter_hash_repository_test.go:148:   ✓ copilot-centralization-drilldown.md: Hash matches
    frontmatter_hash_repository_test.go:148:   ✓ copilot-centralization-optimizer.md: Hash matches
    frontmatter_hash_repository_test.go:148:   ✓ copilot-cli-deep-research.md: Hash matches
    frontmatter_hash_repository_test.go:148:   ✓ copilot-opt.md: Hash matches
    frontmatter_hash_repository_test.go:148:   ✓ copilot-pr-merged-report.md: Hash matches
    frontmatter_hash_repository_test.go:148:   ✓ copilot-pr-nlp-analysis.md: Hash matches
    frontmatter_hash_repository_test.go:148:   ✓ copilot-pr-prompt-analysis.md: Hash matches
    frontmatter_hash_repository_test.go:148:   ✓ copilot-session-insights.md: Hash matches
    frontmatter_hash_repository_test.go:148:   ✓ craft.md: Hash matches
    frontmatter_hash_repository_test.go:148:   ✓ daily-agent-of-the-day-blog-writer.md: Hash matches
    frontmatter_hash_repository_test.go:148:   ✓ daily-agentrx-trace-optimizer.md: Hash matches
    frontmatter_hash_repository_test.go:148:   ✓ daily-ambient-context-optimizer.md: Hash matches
    frontmatter_hash_repository_test.go:148:   ✓ daily-architecture-diagram.md: Hash matches
    frontmatter_hash_repository_test.go:148:   ✓ daily-assign-issue-to-user.md: Hash matches
    frontmatter_hash_repository_test.go:148:   ✓ daily-astrostylelite-markdown-spellcheck.md: Hash matches
    frontmatter_hash_repository_test.go:148:   ✓ daily-aw-cross-repo-compile-check.md: Hash matches
    frontmatter_hash_repository_test.go:148:   ✓ daily-awf-spec-compiler-surfacing.md: Hash matches
    frontmatter_hash_repository_test.go:148:   ✓ daily-byok-ollama-test.md: Hash matches
    frontmatter_hash_repository_test.go:148:   ✓ daily-cache-strategy-analyzer.md: Hash matches
    frontmatter_hash_repository_test.go:148:   ✓ daily-caveman-optimizer.md: Hash matches
    frontmatter_hash_repository_test.go:148:   ✓ daily-choice-test.md: Hash matches
    frontmatter_hash_repository_test.go:148:   ✓ daily-cli-performance.md: Hash matches
    frontmatter_hash_repository_test.go:148:   ✓ daily-cli-tools-tester.md: Hash matches
    frontmatter_hash_repository_test.go:148:   ✓ daily-code-metrics.md: Hash matches
    frontmatter_hash_repository_test.go:148:   ✓ daily-community-attribution.md: Hash matches
    frontmatter_hash_repository_test.go:148:   ✓ daily-compiler-quality.md: Hash matches
    frontmatter_hash_repository_test.go:148:   ✓ daily-compiler-threat-spec-optimizer.md: Hash matches
    frontmatter_hash_repository_test.go:148:   ✓ daily-credit-limit-test.md: Hash matches
    frontmatter_hash_repository_test.go:148:   ✓ daily-doc-healer.md: Hash matches
    frontmatter_hash_repository_test.go:148:   ✓ daily-doc-updater.md: Hash matches
    frontmatter_hash_repository_test.go:148:   ✓ daily-experiment-report.md: Hash matches
    frontmatter_hash_repository_test.go:148:   ✓ daily-fact.md: Hash matches
    frontmatter_hash_repository_test.go:148:   ✓ daily-file-diet.md: Hash matches
    frontmatter_hash_repository_test.go:148:   ✓ daily-firewall-report.md: Hash matches
    frontmatter_hash_repository_test.go:148:   ✓ daily-formal-spec-verifier.md: Hash matches
    frontmatter_hash_repository_test.go:148:   ✓ daily-function-namer.md: Hash matches
    frontmatter_hash_repository_test.go:148:   ✓ daily-geo-optimizer.md: Hash matches
    frontmatter_hash_repository_test.go:148:   ✓ daily-hippo-learn.md: Hash matches
    frontmatter_hash_repository_test.go:148:   ✓ daily-issues-report.md: Hash matches
    frontmatter_hash_repository_test.go:148:   ✓ daily-malicious-code-scan.md: Hash matches
    frontmatter_hash_repository_test.go:148:   ✓ daily-max-ai-credits-test.md: Hash matches
    frontmatter_hash_repository_test.go:148:   ✓ daily-mcp-concurrency-analysis.md: Hash matches
    frontmatter_hash_repository_test.go:148:   ✓ daily-model-inventory.md: Hash matches
    frontmatter_hash_repository_test.go:148:   ✓ daily-model-resolution.md: Hash matches
    frontmatter_hash_repository_test.go:148:   ✓ daily-multi-device-docs-tester.md: Hash matches
    frontmatter_hash_repository_test.go:148:   ✓ daily-news.md: Hash matches
    frontmatter_hash_repository_test.go:148:   ✓ daily-observability-report.md: Hash matches
    frontmatter_hash_repository_test.go:148:   ✓ daily-performance-summary.md: Hash matches
    frontmatter_hash_repository_test.go:148:   ✓ daily-regulatory.md: Hash matches
    frontmatter_hash_repository_test.go:148:   ✓ daily-reliability-review.md: Hash matches
    frontmatter_hash_repository_test.go:148:   ✓ daily-rendering-scripts-verifier.md: Hash matches
    frontmatter_hash_repository_test.go:148:   ✓ daily-repo-chronicle.md: Hash matches
    frontmatter_hash_repository_test.go:148:   ✓ daily-safe-output-integrator.md: Hash matches
    frontmatter_hash_repository_test.go:148:   ✓ daily-safe-output-optimizer.md: Hash matches
    frontmatter_hash_repository_test.go:148:   ✓ daily-safe-outputs-conformance.md: Hash matches
    frontmatter_hash_repository_test.go:148:   ✓ daily-safeoutputs-git-simulator.md: Hash matches
    frontmatter_hash_repository_test.go:148:   ✓ daily-secrets-analysis.md: Hash matches
    frontmatter_hash_repository_test.go:148:   ✓ daily-security-observability.md: Hash matches
    frontmatter_hash_repository_test.go:148:   ✓ daily-security-red-team.md: Hash matches
    frontmatter_hash_repository_test.go:148:   ✓ daily-semgrep-scan.md: Hash matches
    frontmatter_hash_repository_test.go:148:   ✓ daily-sentrux-report.md: Hash matches
    frontmatter_hash_repository_test.go:148:   ✓ daily-skill-optimizer.md: Hash matches
    frontmatter_hash_repository_test.go:148:   ✓ daily-spdd-spec-planner.md: Hash matches
    frontmatter_hash_repository_test.go:148:   ✓ daily-syntax-error-quality.md: Hash matches
    frontmatter_hash_repository_test.go:148:   ✓ daily-team-evolution-insights.md: Hash matches
    frontmatter_hash_repository_test.go:148:   ✓ daily-team-status.md: Hash matches
    frontmatter_hash_repository_test.go:148:   ✓ daily-testify-uber-super-expert.md: Hash matches
    frontmatter_hash_repository_test.go:148:   ✓ daily-token-consumption-report.md: Hash matches
    frontmatter_hash_repository_test.go:148:   ✓ daily-windows-terminal-integration-builder.md: Hash matches
    frontmatter_hash_repository_test.go:148:   ✓ daily-workflow-updater.md: Hash matches
    frontmatter_hash_repository_test.go:148:   ✓ dataflow-pr-discussion-dataset.md: Hash matches
    frontmatter_hash_repository_test.go:148:   ✓ dead-code-remover.md: Hash matches
    frontmatter_hash_repository_test.go:148:   ✓ deep-report.md: Hash matches
    frontmatter_hash_repository_test.go:148:   ✓ delight.md: Hash matches
    frontmatter_hash_repository_test.go:148:   ✓ dependabot-burner.md: Hash matches
    frontmatter_hash_repository_test.go:148:   ✓ dependabot-go-checker.md: Hash matches
    frontmatter_hash_repository_test.go:148:   ✓ dependabot-repair.md: Hash matches
    frontmatter_hash_repository_test.go:148:   ✓ deployment-incident-monitor.md: Hash matches
    frontmatter_hash_repository_test.go:148:   ✓ design-decision-gate.md: Hash matches
    frontmatter_hash_repository_test.go:148:   ✓ designer-drift-audit.md: Hash matches
    frontmatter_hash_repository_test.go:148:   ✓ dev-hawk.md: Hash matches
    frontmatter_hash_repository_test.go:148:   ✓ dev.md: Hash matches
    frontmatter_hash_repository_test.go:148:   ✓ developer-docs-consolidator.md: Hash matches
    frontmatter_hash_repository_test.go:148:   ✓ dictation-prompt.md: Hash matches
    frontmatter_hash_repository_test.go:148:   ✓ discussion-task-miner.md: Hash matches
    frontmatter_hash_repository_test.go:148:   ✓ doc-sync-daily.md: Hash matches
    frontmatter_hash_repository_test.go:148:   ✓ docs-noob-tester.md: Hash matches
    frontmatter_hash_repository_test.go:148:   ✓ documentation-sync-agent.md: Hash matches
    frontmatter_hash_repository_test.go:148:   ✓ draft-pr-cleanup.md: Hash matches
    frontmatter_hash_repository_test.go:148:   ✓ duplicate-code-detector.md: Hash matches
    frontmatter_hash_repository_test.go:148:   ✓ example-failure-category-filter.md: Hash matches
    frontmatter_hash_repository_test.go:148:   ✓ example-permissions-warning.md: Hash matches
    frontmatter_hash_repository_test.go:148:   ✓ example-workflow-analyzer.md: Hash matches
    frontmatter_hash_repository_test.go:148:   ✓ firewall-escape.md: Hash matches
    frontmatter_hash_repository_test.go:148:   ✓ firewall.md: Hash matches
    frontmatter_hash_repository_test.go:148:   ✓ functional-pragmatist.md: Hash matches
    frontmatter_hash_repository_test.go:148:   ✓ github-mcp-structural-analysis.md: Hash matches
    frontmatter_hash_repository_test.go:148:   ✓ github-mcp-tools-report.md: Hash matches
    frontmatter_hash_repository_test.go:148:   ✓ github-remote-mcp-auth-test.md: Hash matches
    frontmatter_hash_repository_test.go:148:   ✓ glossary-maintainer.md: Hash matches
    frontmatter_hash_repository_test.go:148:   ✓ go-fan.md: Hash matches
    frontmatter_hash_repository_test.go:148:   ✓ go-logger.md: Hash matches
    frontmatter_hash_repository_test.go:148:   ✓ go-pattern-detector.md: Hash matches
    frontmatter_hash_repository_test.go:148:   ✓ gpclean.md: Hash matches
    frontmatter_hash_repository_test.go:148:   ✓ grumpy-reviewer.md: Hash matches
    frontmatter_hash_repository_test.go:148:   ✓ hippo-embed.md: Hash matches
    frontmatter_hash_repository_test.go:148:   ✓ hourly-ci-cleaner.md: Hash matches
    frontmatter_hash_repository_test.go:148:   ✓ instructions-janitor.md: Hash matches
    frontmatter_hash_repository_test.go:148:   ✓ issue-arborist.md: Hash matches
    frontmatter_hash_repository_test.go:148:   ✓ issue-monster.md: Hash matches
    frontmatter_hash_repository_test.go:148:   ✓ issue-triage-agent.md: Hash matches
    frontmatter_hash_repository_test.go:148:   ✓ jsweep.md: Hash matches
    frontmatter_hash_repository_test.go:148:   ✓ layout-spec-maintainer.md: Hash matches
    frontmatter_hash_repository_test.go:148:   ✓ lint-monster.md: Hash matches
    frontmatter_hash_repository_test.go:148:   ✓ linter-miner.md: Hash matches
    frontmatter_hash_repository_test.go:148:   ✓ lockfile-stats.md: Hash matches
    frontmatter_hash_repository_test.go:148:   ✓ mattpocock-skills-reviewer.md: Hash matches
    frontmatter_hash_repository_test.go:148:   ✓ mcp-inspector.md: Hash matches
    frontmatter_hash_repository_test.go:148:   ✓ mergefest.md: Hash matches
    frontmatter_hash_repository_test.go:148:   ✓ metrics-collector.md: Hash matches
    frontmatter_hash_repository_test.go:148:   ✓ necromancer.md: Hash matches
    frontmatter_hash_repository_test.go:148:   ✓ notion-issue-summary.md: Hash matches
    frontmatter_hash_repository_test.go:148:   ✓ objective-impact-report.md: Hash matches
    frontmatter_hash_repository_test.go:148:   ✓ org-health-report.md: Hash matches
    frontmatter_hash_repository_test.go:148:   ✓ outcome-collector.md: Hash matches
    frontmatter_hash_repository_test.go:148:   ✓ pdf-summary.md: Hash matches
    frontmatter_hash_repository_test.go:148:   ✓ plan.md: Hash matches
    frontmatter_hash_repository_test.go:148:   ✓ poem-bot.md: Hash matches
    frontmatter_hash_repository_test.go:148:   ✓ portfolio-analyst.md: Hash matches
    frontmatter_hash_repository_test.go:148:   ✓ pr-code-quality-reviewer.md: Hash matches
    frontmatter_hash_repository_test.go:148:   ✓ pr-description-caveman.md: Hash matches
    frontmatter_hash_repository_test.go:148:   ✓ pr-nitpick-reviewer.md: Hash matches
    frontmatter_hash_repository_test.go:148:   ✓ pr-sous-chef.md: Hash matches
    frontmatter_hash_repository_test.go:148:   ✓ pr-triage-agent.md: Hash matches
    frontmatter_hash_repository_test.go:148:   ✓ prompt-clustering-analysis.md: Hash matches
    frontmatter_hash_repository_test.go:148:   ✓ python-data-charts.md: Hash matches
    frontmatter_hash_repository_test.go:148:   ✓ q.md: Hash matches
    frontmatter_hash_repository_test.go:148:   ✓ refactoring-cadence.md: Hash matches
    frontmatter_hash_repository_test.go:148:   ✓ refiner.md: Hash matches
    frontmatter_hash_repository_test.go:148:   ✓ release.md: Hash matches
    frontmatter_hash_repository_test.go:148:   ✓ repo-audit-analyzer.md: Hash matches
    frontmatter_hash_repository_test.go:148:   ✓ repo-tree-map.md: Hash matches
    frontmatter_hash_repository_test.go:148:   ✓ repository-quality-improver.md: Hash matches
    frontmatter_hash_repository_test.go:148:   ✓ research.md: Hash matches
    frontmatter_hash_repository_test.go:148:   ✓ ruflo-backed-task.md: Hash matches
    frontmatter_hash_repository_test.go:148:   ✓ safe-output-health.md: Hash matches
    frontmatter_hash_repository_test.go:148:   ✓ schema-consistency-checker.md: Hash matches
    frontmatter_hash_repository_test.go:148:   ✓ schema-feature-coverage.md: Hash matches
    frontmatter_hash_repository_test.go:148:   ✓ scout.md: Hash matches
    frontmatter_hash_repository_test.go:148:   ✓ security-compliance.md: Hash matches
    frontmatter_hash_repository_test.go:148:   ✓ security-review.md: Hash matches
    frontmatter_hash_repository_test.go:148:   ✓ semantic-function-refactor.md: Hash matches
    frontmatter_hash_repository_test.go:148:   ✓ sergo.md: Hash matches
    frontmatter_hash_repository_test.go:148:   ✓ skillet.md: Hash matches
    frontmatter_hash_repository_test.go:148:   ✓ slide-deck-maintainer.md: Hash matches
    frontmatter_hash_repository_test.go:148:   ✓ smoke-agent-all-merged.md: Hash matches
    frontmatter_hash_repository_test.go:148:   ✓ smoke-agent-all-none.md: Hash matches
    frontmatter_hash_repository_test.go:148:   ✓ smoke-agent-public-approved.md: Hash matches
    frontmatter_hash_repository_test.go:148:   ✓ smoke-agent-public-none.md: Hash matches
    frontmatter_hash_repository_test.go:148:   ✓ smoke-agent-scoped-approved.md: Hash matches
    frontmatter_hash_repository_test.go:148:   ✓ smoke-antigravity.md: Hash matches
    frontmatter_hash_repository_test.go:148:   ✓ smoke-call-workflow.md: Hash matches
    frontmatter_hash_repository_test.go:148:   ✓ smoke-ci.md: Hash matches
    frontmatter_hash_repository_test.go:148:   ✓ smoke-claude-on-copilot.md: Hash matches
    frontmatter_hash_repository_test.go:148:   ✓ smoke-claude.md: Hash matches
    frontmatter_hash_repository_test.go:148:   ✓ smoke-codex.md: Hash matches
    frontmatter_hash_repository_test.go:148:   ✓ smoke-copilot-aoai-apikey.md: Hash matches
    frontmatter_hash_repository_test.go:148:   ✓ smoke-copilot-aoai-entra.md: Hash matches
    frontmatter_hash_repository_test.go:148:   ✓ smoke-copilot-arm.md: Hash matches
    frontmatter_hash_repository_test.go:148:   ✓ smoke-copilot-sdk.md: Hash matches
    frontmatter_hash_repository_test.go:148:   ✓ smoke-copilot.md: Hash matches
    frontmatter_hash_repository_test.go:148:   ✓ smoke-create-cross-repo-pr.md: Hash matches
    frontmatter_hash_repository_test.go:148:   ✓ smoke-crush.md: Hash matches
    frontmatter_hash_repository_test.go:148:   ✓ smoke-gemini.md: Hash matches
    frontmatter_hash_repository_test.go:148:   ✓ smoke-multi-pr.md: Hash matches
    frontmatter_hash_repository_test.go:148:   ✓ smoke-opencode.md: Hash matches
    frontmatter_hash_repository_test.go:148:   ✓ smoke-otel-backends.md: Hash matches
    frontmatter_hash_repository_test.go:148:   ✓ smoke-pi.md: Hash matches
    frontmatter_hash_repository_test.go:148:   ✓ smoke-project.md: Hash matches
    frontmatter_hash_repository_test.go:148:   ✓ smoke-service-ports.md: Hash matches
    frontmatter_hash_repository_test.go:148:   ✓ smoke-temporary-id.md: Hash matches
    frontmatter_hash_repository_test.go:148:   ✓ smoke-test-tools.md: Hash matches
    frontmatter_hash_repository_test.go:148:   ✓ smoke-update-cross-repo-pr.md: Hash matches
    frontmatter_hash_repository_test.go:148:   ✓ smoke-workflow-call-with-inputs.md: Hash matches
    frontmatter_hash_repository_test.go:148:   ✓ smoke-workflow-call.md: Hash matches
    frontmatter_hash_repository_test.go:148:   ✓ spec-enforcer.md: Hash matches
    frontmatter_hash_repository_test.go:148:   ✓ spec-extractor.md: Hash matches
    frontmatter_hash_repository_test.go:148:   ✓ spec-librarian.md: Hash matches
    frontmatter_hash_repository_test.go:148:   ✓ stale-pr-cleanup.md: Hash matches
    frontmatter_hash_repository_test.go:148:   ✓ stale-repo-identifier.md: Hash matches
    frontmatter_hash_repository_test.go:148:   ✓ static-analysis-report.md: Hash matches
    frontmatter_hash_repository_test.go:148:   ✓ step-name-alignment.md: Hash matches
    frontmatter_hash_repository_test.go:148:   ✓ sub-issue-closer.md: Hash matches
    frontmatter_hash_repository_test.go:148:   ✓ super-linter.md: Hash matches
    frontmatter_hash_repository_test.go:148:   ✓ technical-doc-writer.md: Hash matches
    frontmatter_hash_repository_test.go:148:   ✓ terminal-stylist.md: Hash matches
    frontmatter_hash_repository_test.go:148:   ✓ test-create-pr-error-handling.md: Hash matches
    frontmatter_hash_repository_test.go:148:   ✓ test-dispatcher.md: Hash matches
    frontmatter_hash_repository_test.go:148:   ✓ test-project-url-default.md: Hash matches
    frontmatter_hash_repository_test.go:148:   ✓ test-quality-sentinel.md: Hash matches
    frontmatter_hash_repository_test.go:148:   ✓ test-workflow.md: Hash matches
    frontmatter_hash_repository_test.go:148:   ✓ tidy.md: Hash matches
    frontmatter_hash_repository_test.go:148:   ✓ typist.md: Hash matches
    frontmatter_hash_repository_test.go:148:   ✓ ubuntu-image-analyzer.md: Hash matches
    frontmatter_hash_repository_test.go:148:   ✓ uk-ai-operational-resilience.md: Hash matches
    frontmatter_hash_repository_test.go:148:   ✓ unbloat-docs.md: Hash matches
    frontmatter_hash_repository_test.go:148:   ✓ update-astro.md: Hash matches
    frontmatter_hash_repository_test.go:148:   ✓ video-analyzer.md: Hash matches
    frontmatter_hash_repository_test.go:148:   ✓ visual-regression-checker.md: Hash matches
    frontmatter_hash_repository_test.go:148:   ✓ weekly-blog-post-writer.md: Hash matches
    frontmatter_hash_repository_test.go:148:   ✓ weekly-editors-health-check.md: Hash matches
    frontmatter_hash_repository_test.go:148:   ✓ weekly-issue-summary.md: Hash matches
    frontmatter_hash_repository_test.go:148:   ✓ weekly-safe-outputs-spec-review.md: Hash matches
    frontmatter_hash_repository_test.go:148:   ✓ workflow-generator.md: Hash matches
    frontmatter_hash_repository_test.go:148:   ✓ workflow-health-manager.md: Hash matches
    frontmatter_hash_repository_test.go:148:   ✓ workflow-normalizer.md: Hash matches
    frontmatter_hash_repository_test.go:148:   ✓ workflow-skill-extractor.md: Hash matches
    frontmatter_hash_repository_test.go:154:
        Verified hash consistency for 253 workflows
--- PASS: TestHashConsistencyAcrossLockFiles (0.44s)
=== RUN   TestGoJSHashStability
    frontmatter_hash_stability_test.go:46: Testing hash stability for 10 workflows (Go and JS, 2 iterations each)
=== RUN   TestGoJSHashStability/ab-testing-advisor.md
    frontmatter_hash_stability_test.go:79:   ✓ Go=067a9821c1c5a1fb9fa55b9d1b57046378200e1ccf7821ed9069990c6ee9f72f JS=067a9821c1c5a1fb9fa55b9d1b57046378200e1ccf7821ed9069990c6ee9f72f (match: true)
=== RUN   TestGoJSHashStability/ace-editor.md
    frontmatter_hash_stability_test.go:79:   ✓ Go=6652d5307b48e08d1744a016eb7a01b7dbf3cb7c5c832b341b59a1587e697e49 JS=6652d5307b48e08d1744a016eb7a01b7dbf3cb7c5c832b341b59a1587e697e49 (match: true)
=== RUN   TestGoJSHashStability/agent-performance-analyzer.md
    frontmatter_hash_stability_test.go:79:   ✓ Go=8f2987a8580f1e049afb23b2bb10fd89d484247d03018a149a4fb0e8c217c09b JS=8f2987a8580f1e049afb23b2bb10fd89d484247d03018a149a4fb0e8c217c09b (match: true)
=== RUN   TestGoJSHashStability/agent-persona-explorer.md
    frontmatter_hash_stability_test.go:79:   ✓ Go=978030e32d9dc5d7984d417c37d5a3ef5113616f66d917a4580695a25fd1fcc2 JS=978030e32d9dc5d7984d417c37d5a3ef5113616f66d917a4580695a25fd1fcc2 (match: true)
=== RUN   TestGoJSHashStability/agentic-token-audit.md
    frontmatter_hash_stability_test.go:79:   ✓ Go=694d3215fb3d93a3860b3a3507ad4ced97afe10fc3b3a63eb2ac56ad89ebd911 JS=694d3215fb3d93a3860b3a3507ad4ced97afe10fc3b3a63eb2ac56ad89ebd911 (match: true)
=== RUN   TestGoJSHashStability/agentic-token-optimizer.md
    frontmatter_hash_stability_test.go:79:   ✓ Go=ff157dd96baafc16523b715f6d68cb01ac71a4c845b154aa9d2d177d4df0e638 JS=ff157dd96baafc16523b715f6d68cb01ac71a4c845b154aa9d2d177d4df0e638 (match: true)
=== RUN   TestGoJSHashStability/agentic-token-trend-audit.md
    frontmatter_hash_stability_test.go:79:   ✓ Go=a4a3460a54f8d8fb79c600bda9b33c07e54dd6ac483cb9c8aa2dd7822e905162 JS=a4a3460a54f8d8fb79c600bda9b33c07e54dd6ac483cb9c8aa2dd7822e905162 (match: true)
=== RUN   TestGoJSHashStability/ai-moderator.md
    frontmatter_hash_stability_test.go:79:   ✓ Go=196f795e3d0740957cfdfca2e4842eecf8fb1b15f35d7b6b6fbf01bdc5309d29 JS=196f795e3d0740957cfdfca2e4842eecf8fb1b15f35d7b6b6fbf01bdc5309d29 (match: true)
=== RUN   TestGoJSHashStability/api-consumption-report.md
    frontmatter_hash_stability_test.go:79:   ✓ Go=57a9cda8f18159d4874da1fc22fc9a636affde17b0fdd42f5ceafadbdbe25509 JS=57a9cda8f18159d4874da1fc22fc9a636affde17b0fdd42f5ceafadbdbe25509 (match: true)
=== RUN   TestGoJSHashStability/approach-validator.md
    frontmatter_hash_stability_test.go:79:   ✓ Go=d2d4ac0976a2eb0cd9576420188be629faa613da070c6be8200b55bfdea602e6 JS=d2d4ac0976a2eb0cd9576420188be629faa613da070c6be8200b55bfdea602e6 (match: true)
--- PASS: TestGoJSHashStability (1.20s)
    --- PASS: TestGoJSHashStability/ab-testing-advisor.md (0.11s)
    --- PASS: TestGoJSHashStability/ace-editor.md (0.12s)
    --- PASS: TestGoJSHashStability/agent-performance-analyzer.md (0.12s)
    --- PASS: TestGoJSHashStability/agent-persona-explorer.md (0.12s)
    --- PASS: TestGoJSHashStability/agentic-token-audit.md (0.11s)
    --- PASS: TestGoJSHashStability/agentic-token-optimizer.md (0.11s)
    --- PASS: TestGoJSHashStability/agentic-token-trend-audit.md (0.13s)
    --- PASS: TestGoJSHashStability/ai-moderator.md (0.15s)
    --- PASS: TestGoJSHashStability/api-consumption-report.md (0.12s)
    --- PASS: TestGoJSHashStability/approach-validator.md (0.12s)
=== RUN   TestGoJSHashEquivalence
    frontmatter_hash_stability_test.go:170: Go hash: c8327483b4456b3bf7d9de52969ff41d94280cb6310dcba6df54b667c029eafd
--- PASS: TestGoJSHashEquivalence (0.00s)
=== RUN   TestMarshalSorted_Primitives
=== RUN   TestMarshalSorted_Primitives/string
=== RUN   TestMarshalSorted_Primitives/number
=== RUN   TestMarshalSorted_Primitives/float
=== RUN   TestMarshalSorted_Primitives/bool_true
=== RUN   TestMarshalSorted_Primitives/bool_false
=== RUN   TestMarshalSorted_Primitives/nil
--- PASS: TestMarshalSorted_Primitives (0.00s)
    --- PASS: TestMarshalSorted_Primitives/string (0.00s)
    --- PASS: TestMarshalSorted_Primitives/number (0.00s)
    --- PASS: TestMarshalSorted_Primitives/float (0.00s)
    --- PASS: TestMarshalSorted_Primitives/bool_true (0.00s)
    --- PASS: TestMarshalSorted_Primitives/bool_false (0.00s)
    --- PASS: TestMarshalSorted_Primitives/nil (0.00s)
=== RUN   TestMarshalSorted_EmptyContainers
=== RUN   TestMarshalSorted_EmptyContainers/empty_object
=== RUN   TestMarshalSorted_EmptyContainers/empty_array
--- PASS: TestMarshalSorted_EmptyContainers (0.00s)
    --- PASS: TestMarshalSorted_EmptyContainers/empty_object (0.00s)
    --- PASS: TestMarshalSorted_EmptyContainers/empty_array (0.00s)
=== RUN   TestMarshalSorted_SortedKeys
--- PASS: TestMarshalSorted_SortedKeys (0.00s)
=== RUN   TestMarshalSorted_NestedSorting
--- PASS: TestMarshalSorted_NestedSorting (0.00s)
=== RUN   TestComputeFrontmatterHashFromFile_NonExistent
--- PASS: TestComputeFrontmatterHashFromFile_NonExistent (0.00s)
=== RUN   TestComputeFrontmatterHashFromFile_ValidFile
--- PASS: TestComputeFrontmatterHashFromFile_ValidFile (0.00s)
=== RUN   TestComputeFrontmatterHash_WithImports
--- PASS: TestComputeFrontmatterHash_WithImports (0.00s)
=== RUN   TestComputeFrontmatterHashFromFileWithReader_CustomReader
--- PASS: TestComputeFrontmatterHashFromFileWithReader_CustomReader (0.00s)
=== RUN   TestComputeFrontmatterHashFromFileWithReader_WithImports
--- PASS: TestComputeFrontmatterHashFromFileWithReader_WithImports (0.00s)
=== RUN   TestFrontmatterHashInputSizeLimit
--- PASS: TestFrontmatterHashInputSizeLimit (0.18s)
=== RUN   TestUpdateWorkflowFrontmatter
=== RUN   TestUpdateWorkflowFrontmatter/Add_tool_to_existing_tools_section
=== RUN   TestUpdateWorkflowFrontmatter/Create_tools_section_if_missing
=== RUN   TestUpdateWorkflowFrontmatter/Handle_empty_frontmatter
=== RUN   TestUpdateWorkflowFrontmatter/Handle_file_with_no_frontmatter
=== RUN   TestUpdateWorkflowFrontmatter/Update_function_returns_error
=== RUN   TestUpdateWorkflowFrontmatter/Verbose_mode_emits_info_message_to_stderr
--- PASS: TestUpdateWorkflowFrontmatter (0.00s)
    --- PASS: TestUpdateWorkflowFrontmatter/Add_tool_to_existing_tools_section (0.00s)
    --- PASS: TestUpdateWorkflowFrontmatter/Create_tools_section_if_missing (0.00s)
    --- PASS: TestUpdateWorkflowFrontmatter/Handle_empty_frontmatter (0.00s)
    --- PASS: TestUpdateWorkflowFrontmatter/Handle_file_with_no_frontmatter (0.00s)
    --- PASS: TestUpdateWorkflowFrontmatter/Update_function_returns_error (0.00s)
    --- PASS: TestUpdateWorkflowFrontmatter/Verbose_mode_emits_info_message_to_stderr (0.00s)
=== RUN   TestEnsureToolsSection
=== RUN   TestEnsureToolsSection/Create_tools_section_when_missing
=== RUN   TestEnsureToolsSection/Return_existing_tools_section
=== RUN   TestEnsureToolsSection/Replace_invalid_tools_section
--- PASS: TestEnsureToolsSection (0.00s)
    --- PASS: TestEnsureToolsSection/Create_tools_section_when_missing (0.00s)
    --- PASS: TestEnsureToolsSection/Return_existing_tools_section (0.00s)
    --- PASS: TestEnsureToolsSection/Replace_invalid_tools_section (0.00s)
=== RUN   TestReconstructWorkflowFile
=== RUN   TestReconstructWorkflowFile/With_frontmatter_and_markdown
=== RUN   TestReconstructWorkflowFile/Empty_frontmatter_with_markdown
=== RUN   TestReconstructWorkflowFile/Frontmatter_with_no_markdown
=== RUN   TestReconstructWorkflowFile/Frontmatter_with_trailing_newline
--- PASS: TestReconstructWorkflowFile (0.00s)
    --- PASS: TestReconstructWorkflowFile/With_frontmatter_and_markdown (0.00s)
    --- PASS: TestReconstructWorkflowFile/Empty_frontmatter_with_markdown (0.00s)
    --- PASS: TestReconstructWorkflowFile/Frontmatter_with_no_markdown (0.00s)
    --- PASS: TestReconstructWorkflowFile/Frontmatter_with_trailing_newline (0.00s)
=== RUN   TestProcessIncludedFileWithNameAndDescription
--- PASS: TestProcessIncludedFileWithNameAndDescription (0.11s)
=== RUN   TestProcessIncludedFileWithOnlyNameAndDescription
--- PASS: TestProcessIncludedFileWithOnlyNameAndDescription (0.00s)
=== RUN   TestProcessIncludedFileWithAgentToolsArray
--- PASS: TestProcessIncludedFileWithAgentToolsArray (0.00s)
=== RUN   TestProcessIncludedFileWithEngineCommand
--- PASS: TestProcessIncludedFileWithEngineCommand (0.00s)
=== RUN   TestMergeMCPTools
=== RUN   TestMergeMCPTools/merge_with_empty_existing_map
=== RUN   TestMergeMCPTools/merge_with_empty_new_map
=== RUN   TestMergeMCPTools/merge_with_different_servers
=== RUN   TestMergeMCPTools/merge_server_config_with_conflicts
=== RUN   TestMergeMCPTools/conflict_detection_for_non-allowed_properties
=== RUN   TestMergeMCPTools/merge_with_new_server_only
=== RUN   TestMergeMCPTools/merge_with_nil_allowed_arrays_-_conflicts
=== RUN   TestMergeMCPTools/merge_with_non-array_allowed_values
=== RUN   TestMergeMCPTools/merge_with_duplicate_values_causes_conflict
=== RUN   TestMergeMCPTools/both_maps_nil
=== RUN   TestMergeMCPTools/existing_nil,_new_has_content
=== RUN   TestMergeMCPTools/new_nil,_existing_has_content
--- PASS: TestMergeMCPTools (0.00s)
    --- PASS: TestMergeMCPTools/merge_with_empty_existing_map (0.00s)
    --- PASS: TestMergeMCPTools/merge_with_empty_new_map (0.00s)
    --- PASS: TestMergeMCPTools/merge_with_different_servers (0.00s)
    --- PASS: TestMergeMCPTools/merge_server_config_with_conflicts (0.00s)
    --- PASS: TestMergeMCPTools/conflict_detection_for_non-allowed_properties (0.00s)
    --- PASS: TestMergeMCPTools/merge_with_new_server_only (0.00s)
    --- PASS: TestMergeMCPTools/merge_with_nil_allowed_arrays_-_conflicts (0.00s)
    --- PASS: TestMergeMCPTools/merge_with_non-array_allowed_values (0.00s)
    --- PASS: TestMergeMCPTools/merge_with_duplicate_values_causes_conflict (0.00s)
    --- PASS: TestMergeMCPTools/both_maps_nil (0.00s)
    --- PASS: TestMergeMCPTools/existing_nil,_new_has_content (0.00s)
    --- PASS: TestMergeMCPTools/new_nil,_existing_has_content (0.00s)
=== RUN   TestMergeAllowedArrays
=== RUN   TestMergeAllowedArrays/merge_with_no_overlap
=== RUN   TestMergeAllowedArrays/merge_with_overlap
=== RUN   TestMergeAllowedArrays/merge_with_empty_existing
=== RUN   TestMergeAllowedArrays/merge_with_empty_new
=== RUN   TestMergeAllowedArrays/merge_with_both_empty
=== RUN   TestMergeAllowedArrays/merge_with_duplicates_in_input
=== RUN   TestMergeAllowedArrays/merge_with_nil_arrays
=== RUN   TestMergeAllowedArrays/merge_with_non-string_values_(should_be_converted)
--- PASS: TestMergeAllowedArrays (0.00s)
    --- PASS: TestMergeAllowedArrays/merge_with_no_overlap (0.00s)
    --- PASS: TestMergeAllowedArrays/merge_with_overlap (0.00s)
    --- PASS: TestMergeAllowedArrays/merge_with_empty_existing (0.00s)
    --- PASS: TestMergeAllowedArrays/merge_with_empty_new (0.00s)
    --- PASS: TestMergeAllowedArrays/merge_with_both_empty (0.00s)
    --- PASS: TestMergeAllowedArrays/merge_with_duplicates_in_input (0.00s)
    --- PASS: TestMergeAllowedArrays/merge_with_nil_arrays (0.00s)
    --- PASS: TestMergeAllowedArrays/merge_with_non-string_values_(should_be_converted) (0.00s)
=== RUN   TestMergeTools
=== RUN   TestMergeTools/merge_with_allowed_arrays
=== RUN   TestMergeTools/new_tool_added
=== RUN   TestMergeTools/empty_base
=== RUN   TestMergeTools/merge_neutral_tools_with_maps_(no_Claude-specific_logic)
=== RUN   TestMergeTools/merge_neutral_tools_with_different_allowed_arrays
=== RUN   TestMergeTools/merge_mcp_tools_with_wildcard_allowed
=== RUN   TestMergeTools/base_false_overrides_additional_map_(tools.github:_false)
=== RUN   TestMergeTools/base_map_not_overridden_by_additional_false
=== RUN   TestMergeTools/base_scalar_values_override_additional_scalars_in_nested_maps
=== RUN   TestMergeTools/base_bash_true_overrides_additional_bash_array
=== RUN   TestMergeTools/base_bash_array_not_overridden_by_additional_bash_true
=== RUN   TestMergeTools/base_cache-memory_map_with_key_overrides_additional_cache-memory_true
=== RUN   TestMergeTools/base_cache-memory_true_not_overridden_by_additional_cache-memory_map
--- PASS: TestMergeTools (0.00s)
    --- PASS: TestMergeTools/merge_with_allowed_arrays (0.00s)
    --- PASS: TestMergeTools/new_tool_added (0.00s)
    --- PASS: TestMergeTools/empty_base (0.00s)
    --- PASS: TestMergeTools/merge_neutral_tools_with_maps_(no_Claude-specific_logic) (0.00s)
    --- PASS: TestMergeTools/merge_neutral_tools_with_different_allowed_arrays (0.00s)
    --- PASS: TestMergeTools/merge_mcp_tools_with_wildcard_allowed (0.00s)
    --- PASS: TestMergeTools/base_false_overrides_additional_map_(tools.github:_false) (0.00s)
    --- PASS: TestMergeTools/base_map_not_overridden_by_additional_false (0.00s)
    --- PASS: TestMergeTools/base_scalar_values_override_additional_scalars_in_nested_maps (0.00s)
    --- PASS: TestMergeTools/base_bash_true_overrides_additional_bash_array (0.00s)
    --- PASS: TestMergeTools/base_bash_array_not_overridden_by_additional_bash_true (0.00s)
    --- PASS: TestMergeTools/base_cache-memory_map_with_key_overrides_additional_cache-memory_true (0.00s)
    --- PASS: TestMergeTools/base_cache-memory_true_not_overridden_by_additional_cache-memory_map (0.00s)
=== RUN   TestMergeToolsFromJSON
=== RUN   TestMergeToolsFromJSON/single_valid_JSON_object
=== RUN   TestMergeToolsFromJSON/multiple_JSON_objects_on_separate_lines
=== RUN   TestMergeToolsFromJSON/empty_content
=== RUN   TestMergeToolsFromJSON/empty_JSON_objects
=== RUN   TestMergeToolsFromJSON/whitespace_only
=== RUN   TestMergeToolsFromJSON/mixed_empty_and_non-empty_objects
=== RUN   TestMergeToolsFromJSON/objects_with_overlapping_keys
=== RUN   TestMergeToolsFromJSON/invalid_JSON
--- PASS: TestMergeToolsFromJSON (0.00s)
    --- PASS: TestMergeToolsFromJSON/single_valid_JSON_object (0.00s)
    --- PASS: TestMergeToolsFromJSON/multiple_JSON_objects_on_separate_lines (0.00s)
    --- PASS: TestMergeToolsFromJSON/empty_content (0.00s)
    --- PASS: TestMergeToolsFromJSON/empty_JSON_objects (0.00s)
    --- PASS: TestMergeToolsFromJSON/whitespace_only (0.00s)
    --- PASS: TestMergeToolsFromJSON/mixed_empty_and_non-empty_objects (0.00s)
    --- PASS: TestMergeToolsFromJSON/objects_with_overlapping_keys (0.00s)
    --- PASS: TestMergeToolsFromJSON/invalid_JSON (0.00s)
=== RUN   TestIsUnderWorkflowsDirectory
=== RUN   TestIsUnderWorkflowsDirectory/file_under_.github/workflows
=== RUN   TestIsUnderWorkflowsDirectory/file_under_.github/workflows_subdirectory
=== RUN   TestIsUnderWorkflowsDirectory/file_outside_.github/workflows
=== RUN   TestIsUnderWorkflowsDirectory/file_in_.github_but_not_workflows
=== RUN   TestIsUnderWorkflowsDirectory/relative_path_under_workflows
=== RUN   TestIsUnderWorkflowsDirectory/relative_path_outside_workflows
--- PASS: TestIsUnderWorkflowsDirectory (0.00s)
    --- PASS: TestIsUnderWorkflowsDirectory/file_under_.github/workflows (0.00s)
    --- PASS: TestIsUnderWorkflowsDirectory/file_under_.github/workflows_subdirectory (0.00s)
    --- PASS: TestIsUnderWorkflowsDirectory/file_outside_.github/workflows (0.00s)
    --- PASS: TestIsUnderWorkflowsDirectory/file_in_.github_but_not_workflows (0.00s)
    --- PASS: TestIsUnderWorkflowsDirectory/relative_path_under_workflows (0.00s)
    --- PASS: TestIsUnderWorkflowsDirectory/relative_path_outside_workflows (0.00s)
=== RUN   TestIsCustomAgentFile
=== RUN   TestIsCustomAgentFile/file_under_.github/agents_with_.md_extension
=== RUN   TestIsCustomAgentFile/file_under_.github/agents_with_.agent.md_extension
=== RUN   TestIsCustomAgentFile/file_under_.github/agents_subdirectory
=== RUN   TestIsCustomAgentFile/file_outside_.github/agents
=== RUN   TestIsCustomAgentFile/file_in_.github/workflows
=== RUN   TestIsCustomAgentFile/file_in_.github_but_not_agents
=== RUN   TestIsCustomAgentFile/relative_path_under_agents
=== RUN   TestIsCustomAgentFile/file_under_agents_but_not_markdown
--- PASS: TestIsCustomAgentFile (0.00s)
    --- PASS: TestIsCustomAgentFile/file_under_.github/agents_with_.md_extension (0.00s)
    --- PASS: TestIsCustomAgentFile/file_under_.github/agents_with_.agent.md_extension (0.00s)
    --- PASS: TestIsCustomAgentFile/file_under_.github/agents_subdirectory (0.00s)
    --- PASS: TestIsCustomAgentFile/file_outside_.github/agents (0.00s)
    --- PASS: TestIsCustomAgentFile/file_in_.github/workflows (0.00s)
    --- PASS: TestIsCustomAgentFile/file_in_.github_but_not_agents (0.00s)
    --- PASS: TestIsCustomAgentFile/relative_path_under_agents (0.00s)
    --- PASS: TestIsCustomAgentFile/file_under_agents_but_not_markdown (0.00s)
=== RUN   TestResolveIncludePath
=== RUN   TestResolveIncludePath/regular_relative_path
=== RUN   TestResolveIncludePath/regular_file_not_found
=== RUN   TestResolveIncludePath/absolute_path_outside_base_dir_is_rejected_for_security
=== RUN   TestResolveIncludePath/dotgithub-prefixed_path_resolves_from_repo_root
=== RUN   TestResolveIncludePath/slash-dotgithub-prefixed_path_resolves_from_repo_root
=== RUN   TestResolveIncludePath/slash-dotagents-prefixed_path_resolves_from_repo_root
=== RUN   TestResolveIncludePath/slash-prefixed_path_outside_.github_or_.agents_is_rejected
=== RUN   TestResolveIncludePath/relative_path_in_workflows_dir_still_works_unchanged
=== RUN   TestResolveIncludePath/dotgithub-prefixed_path_that_escapes_repo_root_is_rejected
=== RUN   TestResolveIncludePath/slash-prefixed_path_that_escapes_repo_root_is_rejected
--- PASS: TestResolveIncludePath (0.00s)
    --- PASS: TestResolveIncludePath/regular_relative_path (0.00s)
    --- PASS: TestResolveIncludePath/regular_file_not_found (0.00s)
    --- PASS: TestResolveIncludePath/absolute_path_outside_base_dir_is_rejected_for_security (0.00s)
    --- PASS: TestResolveIncludePath/dotgithub-prefixed_path_resolves_from_repo_root (0.00s)
    --- PASS: TestResolveIncludePath/slash-dotgithub-prefixed_path_resolves_from_repo_root (0.00s)
    --- PASS: TestResolveIncludePath/slash-dotagents-prefixed_path_resolves_from_repo_root (0.00s)
    --- PASS: TestResolveIncludePath/slash-prefixed_path_outside_.github_or_.agents_is_rejected (0.00s)
    --- PASS: TestResolveIncludePath/relative_path_in_workflows_dir_still_works_unchanged (0.00s)
    --- PASS: TestResolveIncludePath/dotgithub-prefixed_path_that_escapes_repo_root_is_rejected (0.00s)
    --- PASS: TestResolveIncludePath/slash-prefixed_path_that_escapes_repo_root_is_rejected (0.00s)
=== RUN   TestResolveIncludePath_DotGithubRepo
=== RUN   TestResolveIncludePath_DotGithubRepo/relative_path_still_resolves_within_workflows_dir
=== RUN   TestResolveIncludePath_DotGithubRepo/dotgithub-prefixed_path_resolves_from_repo_root_inside_.github_repo
=== RUN   TestResolveIncludePath_DotGithubRepo/slash-dotgithub-prefixed_path_resolves_from_repo_root_inside_.github_repo
=== RUN   TestResolveIncludePath_DotGithubRepo/slash-dotagents-prefixed_path_resolves_from_repo_root_inside_.github_repo
=== RUN   TestResolveIncludePath_DotGithubRepo/slash-prefixed_path_outside_.github_or_.agents_is_rejected_inside_.github_repo
=== RUN   TestResolveIncludePath_DotGithubRepo/dotgithub-prefixed_traversal_is_rejected_inside_.github_repo
=== RUN   TestResolveIncludePath_DotGithubRepo/slash-prefixed_traversal_is_rejected_inside_.github_repo
--- PASS: TestResolveIncludePath_DotGithubRepo (0.00s)
    --- PASS: TestResolveIncludePath_DotGithubRepo/relative_path_still_resolves_within_workflows_dir (0.00s)
    --- PASS: TestResolveIncludePath_DotGithubRepo/dotgithub-prefixed_path_resolves_from_repo_root_inside_.github_repo (0.00s)
    --- PASS: TestResolveIncludePath_DotGithubRepo/slash-dotgithub-prefixed_path_resolves_from_repo_root_inside_.github_repo (0.00s)
    --- PASS: TestResolveIncludePath_DotGithubRepo/slash-dotagents-prefixed_path_resolves_from_repo_root_inside_.github_repo (0.00s)
    --- PASS: TestResolveIncludePath_DotGithubRepo/slash-prefixed_path_outside_.github_or_.agents_is_rejected_inside_.github_repo (0.00s)
    --- PASS: TestResolveIncludePath_DotGithubRepo/dotgithub-prefixed_traversal_is_rejected_inside_.github_repo (0.00s)
    --- PASS: TestResolveIncludePath_DotGithubRepo/slash-prefixed_traversal_is_rejected_inside_.github_repo (0.00s)
=== RUN   TestResolveIncludePath_AllPathStyles
=== RUN   TestResolveIncludePath_AllPathStyles/bare_filename_relative_to_baseDir
=== RUN   TestResolveIncludePath_AllPathStyles/explicit_dot-slash_prefix
=== RUN   TestResolveIncludePath_AllPathStyles/relative_subdir_path
=== RUN   TestResolveIncludePath_AllPathStyles/.github/agents/planner.md_resolves_from_repo_root
=== RUN   TestResolveIncludePath_AllPathStyles/.github/agents/sub/nested.md_resolves_from_repo_root
=== RUN   TestResolveIncludePath_AllPathStyles/.github/workflows/workflow.md_accessible_via_.github_prefix
=== RUN   TestResolveIncludePath_AllPathStyles/intra-.github_traversal_stays_within_scope
=== RUN   TestResolveIncludePath_AllPathStyles//.github/agents/planner.md_resolves_from_repo_root
=== RUN   TestResolveIncludePath_AllPathStyles//.github/agents/sub/nested.md_resolves_from_repo_root
=== RUN   TestResolveIncludePath_AllPathStyles//.github/workflows/workflow.md_accessible_via_slash_prefix
=== RUN   TestResolveIncludePath_AllPathStyles//.agents/agent.md_resolves_from_repo_root
=== RUN   TestResolveIncludePath_AllPathStyles//.agents/sub/nested.md_resolves_from_repo_root
=== RUN   TestResolveIncludePath_AllPathStyles/.github_prefix_that_escapes_repo_root_is_rejected
=== RUN   TestResolveIncludePath_AllPathStyles//.github_prefix_that_escapes_repo_root_is_rejected
=== RUN   TestResolveIncludePath_AllPathStyles//.agents_prefix_that_escapes_scope_is_rejected
=== RUN   TestResolveIncludePath_AllPathStyles/slash_prefix_to_disallowed_top-level_directory_is_rejected
=== RUN   TestResolveIncludePath_AllPathStyles/slash_prefix_to_/etc/passwd_is_rejected
=== RUN   TestResolveIncludePath_AllPathStyles/relative_path_from_non-.github_baseDir_resolves_locally
=== RUN   TestResolveIncludePath_AllPathStyles/missing_file_from_non-.github_baseDir_returns_error
--- PASS: TestResolveIncludePath_AllPathStyles (0.00s)
    --- PASS: TestResolveIncludePath_AllPathStyles/bare_filename_relative_to_baseDir (0.00s)
    --- PASS: TestResolveIncludePath_AllPathStyles/explicit_dot-slash_prefix (0.00s)
    --- PASS: TestResolveIncludePath_AllPathStyles/relative_subdir_path (0.00s)
    --- PASS: TestResolveIncludePath_AllPathStyles/.github/agents/planner.md_resolves_from_repo_root (0.00s)
    --- PASS: TestResolveIncludePath_AllPathStyles/.github/agents/sub/nested.md_resolves_from_repo_root (0.00s)
    --- PASS: TestResolveIncludePath_AllPathStyles/.github/workflows/workflow.md_accessible_via_.github_prefix (0.00s)
    --- PASS: TestResolveIncludePath_AllPathStyles/intra-.github_traversal_stays_within_scope (0.00s)
    --- PASS: TestResolveIncludePath_AllPathStyles//.github/agents/planner.md_resolves_from_repo_root (0.00s)
    --- PASS: TestResolveIncludePath_AllPathStyles//.github/agents/sub/nested.md_resolves_from_repo_root (0.00s)
    --- PASS: TestResolveIncludePath_AllPathStyles//.github/workflows/workflow.md_accessible_via_slash_prefix (0.00s)
    --- PASS: TestResolveIncludePath_AllPathStyles//.agents/agent.md_resolves_from_repo_root (0.00s)
    --- PASS: TestResolveIncludePath_AllPathStyles//.agents/sub/nested.md_resolves_from_repo_root (0.00s)
    --- PASS: TestResolveIncludePath_AllPathStyles/.github_prefix_that_escapes_repo_root_is_rejected (0.00s)
    --- PASS: TestResolveIncludePath_AllPathStyles//.github_prefix_that_escapes_repo_root_is_rejected (0.00s)
    --- PASS: TestResolveIncludePath_AllPathStyles//.agents_prefix_that_escapes_scope_is_rejected (0.00s)
    --- PASS: TestResolveIncludePath_AllPathStyles/slash_prefix_to_disallowed_top-level_directory_is_rejected (0.00s)
    --- PASS: TestResolveIncludePath_AllPathStyles/slash_prefix_to_/etc/passwd_is_rejected (0.00s)
    --- PASS: TestResolveIncludePath_AllPathStyles/relative_path_from_non-.github_baseDir_resolves_locally (0.00s)
    --- PASS: TestResolveIncludePath_AllPathStyles/missing_file_from_non-.github_baseDir_returns_error (0.00s)
=== RUN   TestIsWorkflowSpec
=== RUN   TestIsWorkflowSpec/valid_workflowspec
=== RUN   TestIsWorkflowSpec/workflowspec_with_ref
=== RUN   TestIsWorkflowSpec/workflowspec_with_section
=== RUN   TestIsWorkflowSpec/workflowspec_with_ref_and_section
=== RUN   TestIsWorkflowSpec/local_path_with_.github
=== RUN   TestIsWorkflowSpec/relative_local_path
=== RUN   TestIsWorkflowSpec/absolute_path
=== RUN   TestIsWorkflowSpec/too_few_parts
=== RUN   TestIsWorkflowSpec/local_path_starting_with_dot
=== RUN   TestIsWorkflowSpec/shared_path_with_2_parts
=== RUN   TestIsWorkflowSpec/shared_path_with_3_parts_(mcp_subdirectory)
=== RUN   TestIsWorkflowSpec/shared_path_with_ref
=== RUN   TestIsWorkflowSpec/malformed_workflowspec_with_empty_repo_segment
=== RUN   TestIsWorkflowSpec/URL-like_path_with_scheme
--- PASS: TestIsWorkflowSpec (0.00s)
    --- PASS: TestIsWorkflowSpec/valid_workflowspec (0.00s)
    --- PASS: TestIsWorkflowSpec/workflowspec_with_ref (0.00s)
    --- PASS: TestIsWorkflowSpec/workflowspec_with_section (0.00s)
    --- PASS: TestIsWorkflowSpec/workflowspec_with_ref_and_section (0.00s)
    --- PASS: TestIsWorkflowSpec/local_path_with_.github (0.00s)
    --- PASS: TestIsWorkflowSpec/relative_local_path (0.00s)
    --- PASS: TestIsWorkflowSpec/absolute_path (0.00s)
    --- PASS: TestIsWorkflowSpec/too_few_parts (0.00s)
    --- PASS: TestIsWorkflowSpec/local_path_starting_with_dot (0.00s)
    --- PASS: TestIsWorkflowSpec/shared_path_with_2_parts (0.00s)
    --- PASS: TestIsWorkflowSpec/shared_path_with_3_parts_(mcp_subdirectory) (0.00s)
    --- PASS: TestIsWorkflowSpec/shared_path_with_ref (0.00s)
    --- PASS: TestIsWorkflowSpec/malformed_workflowspec_with_empty_repo_segment (0.00s)
    --- PASS: TestIsWorkflowSpec/URL-like_path_with_scheme (0.00s)
=== RUN   TestIsRepositoryImport
=== RUN   TestIsRepositoryImport/simple_owner/repo
=== RUN   TestIsRepositoryImport/owner/repo_with_ref
=== RUN   TestIsRepositoryImport/owner/repo_with_SHA_ref
=== RUN   TestIsRepositoryImport/owner/repo_with_section
=== RUN   TestIsRepositoryImport/owner/repo_with_ref_and_section
=== RUN   TestIsRepositoryImport/owner/repo_with_hyphen
=== RUN   TestIsRepositoryImport/owner/repo_with_underscore
=== RUN   TestIsRepositoryImport/workflowspec_with_three_parts_is_not_repository_import
=== RUN   TestIsRepositoryImport/local_relative_path_is_not_repository_import
=== RUN   TestIsRepositoryImport/local_dotfile_path_is_not_repository_import
=== RUN   TestIsRepositoryImport/absolute_path_is_not_repository_import
=== RUN   TestIsRepositoryImport/shared_path_is_not_repository_import
=== RUN   TestIsRepositoryImport/repo_with_file_extension_is_not_repository_import
=== RUN   TestIsRepositoryImport/single_part_path_is_not_repository_import
--- PASS: TestIsRepositoryImport (0.00s)
    --- PASS: TestIsRepositoryImport/simple_owner/repo (0.00s)
    --- PASS: TestIsRepositoryImport/owner/repo_with_ref (0.00s)
    --- PASS: TestIsRepositoryImport/owner/repo_with_SHA_ref (0.00s)
    --- PASS: TestIsRepositoryImport/owner/repo_with_section (0.00s)
    --- PASS: TestIsRepositoryImport/owner/repo_with_ref_and_section (0.00s)
    --- PASS: TestIsRepositoryImport/owner/repo_with_hyphen (0.00s)
    --- PASS: TestIsRepositoryImport/owner/repo_with_underscore (0.00s)
    --- PASS: TestIsRepositoryImport/workflowspec_with_three_parts_is_not_repository_import (0.00s)
    --- PASS: TestIsRepositoryImport/local_relative_path_is_not_repository_import (0.00s)
    --- PASS: TestIsRepositoryImport/local_dotfile_path_is_not_repository_import (0.00s)
    --- PASS: TestIsRepositoryImport/absolute_path_is_not_repository_import (0.00s)
    --- PASS: TestIsRepositoryImport/shared_path_is_not_repository_import (0.00s)
    --- PASS: TestIsRepositoryImport/repo_with_file_extension_is_not_repository_import (0.00s)
    --- PASS: TestIsRepositoryImport/single_part_path_is_not_repository_import (0.00s)
=== RUN   TestProcessImportsFromFrontmatter
=== RUN   TestProcessImportsFromFrontmatter/no_imports_field
=== RUN   TestProcessImportsFromFrontmatter/empty_imports_array
=== RUN   TestProcessImportsFromFrontmatter/valid_imports
⚠ Invalid configuration in /tmp/gh-aw-test-runs/20260704-173215-1254813/test-2931006280/include.md: /tmp/gh-aw-test-runs/20260704-173215-1254813/test-2931006280/include.md:3:8: error: expected null or boolean or array, got object
1 | ---
2 | tools:
3 |   bash:
4 |     allowed:
5 |       - ls
6 |       - cat

=== RUN   TestProcessImportsFromFrontmatter/invalid_imports_type
=== RUN   TestProcessImportsFromFrontmatter/valid_imports_with_engine
=== RUN   TestProcessImportsFromFrontmatter/missing_import_file
--- PASS: TestProcessImportsFromFrontmatter (0.01s)
    --- PASS: TestProcessImportsFromFrontmatter/no_imports_field (0.00s)
    --- PASS: TestProcessImportsFromFrontmatter/empty_imports_array (0.00s)
    --- PASS: TestProcessImportsFromFrontmatter/valid_imports (0.01s)
    --- PASS: TestProcessImportsFromFrontmatter/invalid_imports_type (0.00s)
    --- PASS: TestProcessImportsFromFrontmatter/valid_imports_with_engine (0.00s)
    --- PASS: TestProcessImportsFromFrontmatter/missing_import_file (0.00s)
=== RUN   TestIsNotFoundError
=== RUN   TestIsNotFoundError/HTTP_404_text
=== RUN   TestIsNotFoundError/not_found_phrase
=== RUN   TestIsNotFoundError/uppercase_not_found_phrase
=== RUN   TestIsNotFoundError/non-404_status
=== RUN   TestIsNotFoundError/word_without_space
=== RUN   TestIsNotFoundError/nil_error
=== RUN   TestIsNotFoundError/whitespace-only_message
--- PASS: TestIsNotFoundError (0.00s)
    --- PASS: TestIsNotFoundError/HTTP_404_text (0.00s)
    --- PASS: TestIsNotFoundError/not_found_phrase (0.00s)
    --- PASS: TestIsNotFoundError/uppercase_not_found_phrase (0.00s)
    --- PASS: TestIsNotFoundError/non-404_status (0.00s)
    --- PASS: TestIsNotFoundError/word_without_space (0.00s)
    --- PASS: TestIsNotFoundError/nil_error (0.00s)
    --- PASS: TestIsNotFoundError/whitespace-only_message (0.00s)
=== RUN   TestFrontmatterContainsExpressions
=== RUN   TestFrontmatterContainsExpressions/empty_map
=== RUN   TestFrontmatterContainsExpressions/flat_expression
=== RUN   TestFrontmatterContainsExpressions/nested_map_expression
=== RUN   TestFrontmatterContainsExpressions/slice_expression
=== RUN   TestFrontmatterContainsExpressions/no_expressions
--- PASS: TestFrontmatterContainsExpressions (0.00s)
    --- PASS: TestFrontmatterContainsExpressions/empty_map (0.00s)
    --- PASS: TestFrontmatterContainsExpressions/flat_expression (0.00s)
    --- PASS: TestFrontmatterContainsExpressions/nested_map_expression (0.00s)
    --- PASS: TestFrontmatterContainsExpressions/slice_expression (0.00s)
    --- PASS: TestFrontmatterContainsExpressions/no_expressions (0.00s)
=== RUN   TestGetGitHubHostForRepo_PublicOrgFallback
=== RUN   TestGetGitHubHostForRepo_PublicOrgFallback/non-fallback_owner_uses_configured_host
=== RUN   TestGetGitHubHostForRepo_PublicOrgFallback/github_owner_uses_public_host
=== RUN   TestGetGitHubHostForRepo_PublicOrgFallback/githubnext_owner_uses_public_host
=== RUN   TestGetGitHubHostForRepo_PublicOrgFallback/microsoft_owner_uses_public_host
--- PASS: TestGetGitHubHostForRepo_PublicOrgFallback (0.00s)
    --- PASS: TestGetGitHubHostForRepo_PublicOrgFallback/non-fallback_owner_uses_configured_host (0.00s)
    --- PASS: TestGetGitHubHostForRepo_PublicOrgFallback/github_owner_uses_public_host (0.00s)
    --- PASS: TestGetGitHubHostForRepo_PublicOrgFallback/githubnext_owner_uses_public_host (0.00s)
    --- PASS: TestGetGitHubHostForRepo_PublicOrgFallback/microsoft_owner_uses_public_host (0.00s)
=== RUN   TestParseGitHubURL_RunURLs
=== RUN   TestParseGitHubURL_RunURLs/Standard_run_URL_with_/actions/
=== RUN   TestParseGitHubURL_RunURLs/Run_URL_with_job
=== RUN   TestParseGitHubURL_RunURLs/Run_URL_with_attempts
=== RUN   TestParseGitHubURL_RunURLs/Short_run_URL_without_/actions/
=== RUN   TestParseGitHubURL_RunURLs/Enterprise_run_URL
=== RUN   TestParseGitHubURL_RunURLs/Invalid_run_ID
--- PASS: TestParseGitHubURL_RunURLs (0.00s)
    --- PASS: TestParseGitHubURL_RunURLs/Standard_run_URL_with_/actions/ (0.00s)
    --- PASS: TestParseGitHubURL_RunURLs/Run_URL_with_job (0.00s)
    --- PASS: TestParseGitHubURL_RunURLs/Run_URL_with_attempts (0.00s)
    --- PASS: TestParseGitHubURL_RunURLs/Short_run_URL_without_/actions/ (0.00s)
    --- PASS: TestParseGitHubURL_RunURLs/Enterprise_run_URL (0.00s)
    --- PASS: TestParseGitHubURL_RunURLs/Invalid_run_ID (0.00s)
=== RUN   TestParseGitHubURL_PRURLs
=== RUN   TestParseGitHubURL_PRURLs/Valid_PR_URL
=== RUN   TestParseGitHubURL_PRURLs/PR_URL_with_hyphenated_repo_name
=== RUN   TestParseGitHubURL_PRURLs/PR_URL_with_underscores
=== RUN   TestParseGitHubURL_PRURLs/Invalid_PR_number
--- PASS: TestParseGitHubURL_PRURLs (0.00s)
    --- PASS: TestParseGitHubURL_PRURLs/Valid_PR_URL (0.00s)
    --- PASS: TestParseGitHubURL_PRURLs/PR_URL_with_hyphenated_repo_name (0.00s)
    --- PASS: TestParseGitHubURL_PRURLs/PR_URL_with_underscores (0.00s)
    --- PASS: TestParseGitHubURL_PRURLs/Invalid_PR_number (0.00s)
=== RUN   TestParseGitHubURL_FileURLs
=== RUN   TestParseGitHubURL_FileURLs/Blob_URL_with_main_branch
=== RUN   TestParseGitHubURL_FileURLs/Tree_URL_with_develop_branch
=== RUN   TestParseGitHubURL_FileURLs/Raw_URL_with_version_tag
=== RUN   TestParseGitHubURL_FileURLs/Raw_githubusercontent_with_refs/heads/branch
=== RUN   TestParseGitHubURL_FileURLs/Raw_githubusercontent_with_commit_SHA
=== RUN   TestParseGitHubURL_FileURLs/Raw_githubusercontent_with_refs/tags/tag
--- PASS: TestParseGitHubURL_FileURLs (0.00s)
    --- PASS: TestParseGitHubURL_FileURLs/Blob_URL_with_main_branch (0.00s)
    --- PASS: TestParseGitHubURL_FileURLs/Tree_URL_with_develop_branch (0.00s)
    --- PASS: TestParseGitHubURL_FileURLs/Raw_URL_with_version_tag (0.00s)
    --- PASS: TestParseGitHubURL_FileURLs/Raw_githubusercontent_with_refs/heads/branch (0.00s)
    --- PASS: TestParseGitHubURL_FileURLs/Raw_githubusercontent_with_commit_SHA (0.00s)
    --- PASS: TestParseGitHubURL_FileURLs/Raw_githubusercontent_with_refs/tags/tag (0.00s)
=== RUN   TestParseGitHubURL_IssueURLs
=== RUN   TestParseGitHubURL_IssueURLs/Valid_issue_URL
=== RUN   TestParseGitHubURL_IssueURLs/Invalid_issue_number
--- PASS: TestParseGitHubURL_IssueURLs (0.00s)
    --- PASS: TestParseGitHubURL_IssueURLs/Valid_issue_URL (0.00s)
    --- PASS: TestParseGitHubURL_IssueURLs/Invalid_issue_number (0.00s)
=== RUN   TestParseGitHubURL_Errors
=== RUN   TestParseGitHubURL_Errors/Invalid_URL
=== RUN   TestParseGitHubURL_Errors/Path_too_short
=== RUN   TestParseGitHubURL_Errors/Unrecognized_format
=== RUN   TestParseGitHubURL_Errors/Actions_path_without_runs
=== RUN   TestParseGitHubURL_Errors/Actions/runs_path_without_run_ID
=== RUN   TestParseGitHubURL_Errors/Raw.githubusercontent.com_path_too_short
=== RUN   TestParseGitHubURL_Errors/Raw.githubusercontent.com_refs_path_too_short
=== RUN   TestParseGitHubURL_Errors/Blob_path_without_ref
=== RUN   TestParseGitHubURL_Errors/Tree_path_without_ref
--- PASS: TestParseGitHubURL_Errors (0.00s)
    --- PASS: TestParseGitHubURL_Errors/Invalid_URL (0.00s)
    --- PASS: TestParseGitHubURL_Errors/Path_too_short (0.00s)
    --- PASS: TestParseGitHubURL_Errors/Unrecognized_format (0.00s)
    --- PASS: TestParseGitHubURL_Errors/Actions_path_without_runs (0.00s)
    --- PASS: TestParseGitHubURL_Errors/Actions/runs_path_without_run_ID (0.00s)
    --- PASS: TestParseGitHubURL_Errors/Raw.githubusercontent.com_path_too_short (0.00s)
    --- PASS: TestParseGitHubURL_Errors/Raw.githubusercontent.com_refs_path_too_short (0.00s)
    --- PASS: TestParseGitHubURL_Errors/Blob_path_without_ref (0.00s)
    --- PASS: TestParseGitHubURL_Errors/Tree_path_without_ref (0.00s)
=== RUN   TestParseRunURL
=== RUN   TestParseRunURL/Numeric_run_ID
=== RUN   TestParseRunURL/Run_URL
=== RUN   TestParseRunURL/Job_URL
=== RUN   TestParseRunURL/Job_URL_with_step_fragment
=== RUN   TestParseRunURL/Job_URL_with_step_fragment_(no_line)
=== RUN   TestParseRunURL/Short_run_URL
=== RUN   TestParseRunURL/Enterprise_URL
=== RUN   TestParseRunURL/Invalid_format
=== RUN   TestParseRunURL/Invalid_URL_without_run_ID
=== RUN   TestParseRunURL/Empty_string
--- PASS: TestParseRunURL (0.00s)
    --- PASS: TestParseRunURL/Numeric_run_ID (0.00s)
    --- PASS: TestParseRunURL/Run_URL (0.00s)
    --- PASS: TestParseRunURL/Job_URL (0.00s)
    --- PASS: TestParseRunURL/Job_URL_with_step_fragment (0.00s)
    --- PASS: TestParseRunURL/Job_URL_with_step_fragment_(no_line) (0.00s)
    --- PASS: TestParseRunURL/Short_run_URL (0.00s)
    --- PASS: TestParseRunURL/Enterprise_URL (0.00s)
    --- PASS: TestParseRunURL/Invalid_format (0.00s)
    --- PASS: TestParseRunURL/Invalid_URL_without_run_ID (0.00s)
    --- PASS: TestParseRunURL/Empty_string (0.00s)
=== RUN   TestParsePRURL
=== RUN   TestParsePRURL/Valid_GitHub_PR_URL
=== RUN   TestParsePRURL/Valid_GitHub_PR_URL_with_hyphenated_repo_name
=== RUN   TestParsePRURL/Valid_GitHub_PR_URL_with_underscores
=== RUN   TestParsePRURL/Invalid_URL_format
=== RUN   TestParsePRURL/Enterprise_GitHub_URL_now_accepted
=== RUN   TestParsePRURL/Invalid_GitHub_URL_path_-_missing_pull
=== RUN   TestParsePRURL/Invalid_GitHub_URL_path_-_wrong_format
=== RUN   TestParsePRURL/Invalid_PR_number
--- PASS: TestParsePRURL (0.00s)
    --- PASS: TestParsePRURL/Valid_GitHub_PR_URL (0.00s)
    --- PASS: TestParsePRURL/Valid_GitHub_PR_URL_with_hyphenated_repo_name (0.00s)
    --- PASS: TestParsePRURL/Valid_GitHub_PR_URL_with_underscores (0.00s)
    --- PASS: TestParsePRURL/Invalid_URL_format (0.00s)
    --- PASS: TestParsePRURL/Enterprise_GitHub_URL_now_accepted (0.00s)
    --- PASS: TestParsePRURL/Invalid_GitHub_URL_path_-_missing_pull (0.00s)
    --- PASS: TestParsePRURL/Invalid_GitHub_URL_path_-_wrong_format (0.00s)
    --- PASS: TestParsePRURL/Invalid_PR_number (0.00s)
=== RUN   TestParseRepoFileURL
=== RUN   TestParseRepoFileURL/Blob_URL
=== RUN   TestParseRepoFileURL/Tree_URL
=== RUN   TestParseRepoFileURL/Raw_URL
=== RUN   TestParseRepoFileURL/Raw_githubusercontent_URL
=== RUN   TestParseRepoFileURL/Raw_githubusercontent_with_refs/heads
=== RUN   TestParseRepoFileURL/Not_a_file_URL_-_PR
=== RUN   TestParseRepoFileURL/Not_a_file_URL_-_Issue
=== RUN   TestParseRepoFileURL/Not_a_file_URL_-_Run
--- PASS: TestParseRepoFileURL (0.00s)
    --- PASS: TestParseRepoFileURL/Blob_URL (0.00s)
    --- PASS: TestParseRepoFileURL/Tree_URL (0.00s)
    --- PASS: TestParseRepoFileURL/Raw_URL (0.00s)
    --- PASS: TestParseRepoFileURL/Raw_githubusercontent_URL (0.00s)
    --- PASS: TestParseRepoFileURL/Raw_githubusercontent_with_refs/heads (0.00s)
    --- PASS: TestParseRepoFileURL/Not_a_file_URL_-_PR (0.00s)
    --- PASS: TestParseRepoFileURL/Not_a_file_URL_-_Issue (0.00s)
    --- PASS: TestParseRepoFileURL/Not_a_file_URL_-_Run (0.00s)
=== RUN   TestIsValidGitHubIdentifier
=== RUN   TestIsValidGitHubIdentifier/Valid_simple_name
=== RUN   TestIsValidGitHubIdentifier/Valid_with_hyphen
=== RUN   TestIsValidGitHubIdentifier/Valid_with_underscore
=== RUN   TestIsValidGitHubIdentifier/Valid_with_numbers
=== RUN   TestIsValidGitHubIdentifier/Invalid_-_starts_with_hyphen
=== RUN   TestIsValidGitHubIdentifier/Invalid_-_ends_with_hyphen
=== RUN   TestIsValidGitHubIdentifier/Invalid_-_too_long
=== RUN   TestIsValidGitHubIdentifier/Invalid_-_empty
=== RUN   TestIsValidGitHubIdentifier/Invalid_-_special_characters
--- PASS: TestIsValidGitHubIdentifier (0.00s)
    --- PASS: TestIsValidGitHubIdentifier/Valid_simple_name (0.00s)
    --- PASS: TestIsValidGitHubIdentifier/Valid_with_hyphen (0.00s)
    --- PASS: TestIsValidGitHubIdentifier/Valid_with_underscore (0.00s)
    --- PASS: TestIsValidGitHubIdentifier/Valid_with_numbers (0.00s)
    --- PASS: TestIsValidGitHubIdentifier/Invalid_-_starts_with_hyphen (0.00s)
    --- PASS: TestIsValidGitHubIdentifier/Invalid_-_ends_with_hyphen (0.00s)
    --- PASS: TestIsValidGitHubIdentifier/Invalid_-_too_long (0.00s)
    --- PASS: TestIsValidGitHubIdentifier/Invalid_-_empty (0.00s)
    --- PASS: TestIsValidGitHubIdentifier/Invalid_-_special_characters (0.00s)
=== RUN   TestIsValidGitHubRepositoryName
=== RUN   TestIsValidGitHubRepositoryName/Valid_short_name
=== RUN   TestIsValidGitHubRepositoryName/Valid_long_hyphenated_name
=== RUN   TestIsValidGitHubRepositoryName/Invalid_too_long_name
=== RUN   TestIsValidGitHubRepositoryName/Invalid_starts_with_hyphen
--- PASS: TestIsValidGitHubRepositoryName (0.00s)
    --- PASS: TestIsValidGitHubRepositoryName/Valid_short_name (0.00s)
    --- PASS: TestIsValidGitHubRepositoryName/Valid_long_hyphenated_name (0.00s)
    --- PASS: TestIsValidGitHubRepositoryName/Invalid_too_long_name (0.00s)
    --- PASS: TestIsValidGitHubRepositoryName/Invalid_starts_with_hyphen (0.00s)
=== RUN   TestParseGitHubURL_AdditionalEdgeCases
=== RUN   TestParseGitHubURL_AdditionalEdgeCases/Issue_URL
=== RUN   TestParseGitHubURL_AdditionalEdgeCases/Actions_path_without_enough_parts
=== RUN   TestParseGitHubURL_AdditionalEdgeCases/Runs_path_without_enough_parts
=== RUN   TestParseGitHubURL_AdditionalEdgeCases/Pull_path_without_number
=== RUN   TestParseGitHubURL_AdditionalEdgeCases/Issues_path_without_number
=== RUN   TestParseGitHubURL_AdditionalEdgeCases/Blob_URL_with_single_file
=== RUN   TestParseGitHubURL_AdditionalEdgeCases/Tree_URL_with_single_dir
=== RUN   TestParseGitHubURL_AdditionalEdgeCases/Raw_URL_with_single_file
=== RUN   TestParseGitHubURL_AdditionalEdgeCases/Raw_githubusercontent_simple_path
--- PASS: TestParseGitHubURL_AdditionalEdgeCases (0.00s)
    --- PASS: TestParseGitHubURL_AdditionalEdgeCases/Issue_URL (0.00s)
    --- PASS: TestParseGitHubURL_AdditionalEdgeCases/Actions_path_without_enough_parts (0.00s)
    --- PASS: TestParseGitHubURL_AdditionalEdgeCases/Runs_path_without_enough_parts (0.00s)
    --- PASS: TestParseGitHubURL_AdditionalEdgeCases/Pull_path_without_number (0.00s)
    --- PASS: TestParseGitHubURL_AdditionalEdgeCases/Issues_path_without_number (0.00s)
    --- PASS: TestParseGitHubURL_AdditionalEdgeCases/Blob_URL_with_single_file (0.00s)
    --- PASS: TestParseGitHubURL_AdditionalEdgeCases/Tree_URL_with_single_dir (0.00s)
    --- PASS: TestParseGitHubURL_AdditionalEdgeCases/Raw_URL_with_single_file (0.00s)
    --- PASS: TestParseGitHubURL_AdditionalEdgeCases/Raw_githubusercontent_simple_path (0.00s)
=== RUN   TestParseImportSpecsFromArray_RejectsIfField
--- PASS: TestParseImportSpecsFromArray_RejectsIfField (0.00s)
=== RUN   TestImportCache
=== RUN   TestImportCache/Set_creates_file_and_returns_path
=== RUN   TestImportCache/Get_returns_cached_path_after_Set
=== RUN   TestImportCache/Cached_file_content_matches_original
=== RUN   TestImportCache/New_cache_instance_finds_existing_entry
--- PASS: TestImportCache (0.00s)
    --- PASS: TestImportCache/Set_creates_file_and_returns_path (0.00s)
    --- PASS: TestImportCache/Get_returns_cached_path_after_Set (0.00s)
    --- PASS: TestImportCache/Cached_file_content_matches_original (0.00s)
    --- PASS: TestImportCache/New_cache_instance_finds_existing_entry (0.00s)
=== RUN   TestImportCacheDirectory
=== RUN   TestImportCacheDirectory/nested_base_dir_returns_correct_path
--- PASS: TestImportCacheDirectory (0.00s)
    --- PASS: TestImportCacheDirectory/nested_base_dir_returns_correct_path (0.00s)
=== RUN   TestImportCacheMissingFile
--- PASS: TestImportCacheMissingFile (0.00s)
=== RUN   TestImportCacheEmptyCache
--- PASS: TestImportCacheEmptyCache (0.00s)
=== RUN   TestSanitizePath
=== RUN   TestSanitizePath/simple_path
=== RUN   TestSanitizePath/nested_path
=== RUN   TestSanitizePath/already_flat
=== RUN   TestSanitizePath/path_with_dots_cleaned
=== RUN   TestSanitizePath/empty_string
=== RUN   TestSanitizePath/trailing_slash
=== RUN   TestSanitizePath/single_dot_component
=== RUN   TestSanitizePath/leading_slash_becomes_root-like
=== RUN   TestSanitizePath/dot-prefixed_path_cleaned
=== RUN   TestSanitizePath/multiple_consecutive_slashes_cleaned
--- PASS: TestSanitizePath (0.00s)
    --- PASS: TestSanitizePath/simple_path (0.00s)
    --- PASS: TestSanitizePath/nested_path (0.00s)
    --- PASS: TestSanitizePath/already_flat (0.00s)
    --- PASS: TestSanitizePath/path_with_dots_cleaned (0.00s)
    --- PASS: TestSanitizePath/empty_string (0.00s)
    --- PASS: TestSanitizePath/trailing_slash (0.00s)
    --- PASS: TestSanitizePath/single_dot_component (0.00s)
    --- PASS: TestSanitizePath/leading_slash_becomes_root-like (0.00s)
    --- PASS: TestSanitizePath/dot-prefixed_path_cleaned (0.00s)
    --- PASS: TestSanitizePath/multiple_consecutive_slashes_cleaned (0.00s)
=== RUN   TestValidatePathComponents
=== RUN   TestValidatePathComponents/valid_components
=== RUN   TestValidatePathComponents/empty_owner
=== RUN   TestValidatePathComponents/empty_sha
=== RUN   TestValidatePathComponents/path_traversal_in_owner
=== RUN   TestValidatePathComponents/path_traversal_in_path
=== RUN   TestValidatePathComponents/absolute_path_in_sha
=== RUN   TestValidatePathComponents/empty_repo
=== RUN   TestValidatePathComponents/empty_path
=== RUN   TestValidatePathComponents/path_traversal_embedded_in_sha
--- PASS: TestValidatePathComponents (0.00s)
    --- PASS: TestValidatePathComponents/valid_components (0.00s)
    --- PASS: TestValidatePathComponents/empty_owner (0.00s)
    --- PASS: TestValidatePathComponents/empty_sha (0.00s)
    --- PASS: TestValidatePathComponents/path_traversal_in_owner (0.00s)
    --- PASS: TestValidatePathComponents/path_traversal_in_path (0.00s)
    --- PASS: TestValidatePathComponents/absolute_path_in_sha (0.00s)
    --- PASS: TestValidatePathComponents/empty_repo (0.00s)
    --- PASS: TestValidatePathComponents/empty_path (0.00s)
    --- PASS: TestValidatePathComponents/path_traversal_embedded_in_sha (0.00s)
=== RUN   TestImportCacheSet_Validation
=== RUN   TestImportCacheSet_Validation/oversized_content_rejected
=== RUN   TestImportCacheSet_Validation/path_traversal_in_owner_rejected
=== RUN   TestImportCacheSet_Validation/path_traversal_in_path_rejected
=== RUN   TestImportCacheSet_Validation/empty_owner_rejected
=== RUN   TestImportCacheSet_Validation/valid_inputs_succeed
--- PASS: TestImportCacheSet_Validation (0.02s)
    --- PASS: TestImportCacheSet_Validation/oversized_content_rejected (0.00s)
    --- PASS: TestImportCacheSet_Validation/path_traversal_in_owner_rejected (0.00s)
    --- PASS: TestImportCacheSet_Validation/path_traversal_in_path_rejected (0.00s)
    --- PASS: TestImportCacheSet_Validation/empty_owner_rejected (0.00s)
    --- PASS: TestImportCacheSet_Validation/valid_inputs_succeed (0.00s)
=== RUN   TestImportCacheSetIdempotent
--- PASS: TestImportCacheSetIdempotent (0.00s)
=== RUN   TestImportCacheGetDoesNotValidateComponents
--- PASS: TestImportCacheGetDoesNotValidateComponents (0.00s)
=== RUN   TestComputeImportRelPath
=== RUN   TestComputeImportRelPath/absolute_path_normal_repo
=== RUN   TestComputeImportRelPath/absolute_path_subdirectory_file
=== RUN   TestComputeImportRelPath/absolute_path_deeply_nested_subdirectory
=== RUN   TestComputeImportRelPath/repo_named_.github_—_uses_LastIndex
=== RUN   TestComputeImportRelPath/repo_named_.github_with_subdirectory
=== RUN   TestComputeImportRelPath/github.io_repo_does_not_duplicate_suffix
=== RUN   TestComputeImportRelPath/github.io_repo_with_subdirectory
=== RUN   TestComputeImportRelPath/repo_with_github_in_name
=== RUN   TestComputeImportRelPath/org-scoped_path_with_github_in_repo_name
=== RUN   TestComputeImportRelPath/relative_path_with_.github/_prefix
=== RUN   TestComputeImportRelPath/relative_path_with_.github/_prefix_and_subdirectory
=== RUN   TestComputeImportRelPath/file_name_with_hyphens
=== RUN   TestComputeImportRelPath/file_name_with_underscores_and_dots
=== RUN   TestComputeImportRelPath/file_in_a_shared_subdirectory
=== RUN   TestComputeImportRelPath/windows_backslash_path_falls_back_on_Linux
=== RUN   TestComputeImportRelPath/path_outside_.github_falls_back_to_importPath
=== RUN   TestComputeImportRelPath/empty_fullPath_falls_back_to_importPath
--- PASS: TestComputeImportRelPath (0.00s)
    --- PASS: TestComputeImportRelPath/absolute_path_normal_repo (0.00s)
    --- PASS: TestComputeImportRelPath/absolute_path_subdirectory_file (0.00s)
    --- PASS: TestComputeImportRelPath/absolute_path_deeply_nested_subdirectory (0.00s)
    --- PASS: TestComputeImportRelPath/repo_named_.github_—_uses_LastIndex (0.00s)
    --- PASS: TestComputeImportRelPath/repo_named_.github_with_subdirectory (0.00s)
    --- PASS: TestComputeImportRelPath/github.io_repo_does_not_duplicate_suffix (0.00s)
    --- PASS: TestComputeImportRelPath/github.io_repo_with_subdirectory (0.00s)
    --- PASS: TestComputeImportRelPath/repo_with_github_in_name (0.00s)
    --- PASS: TestComputeImportRelPath/org-scoped_path_with_github_in_repo_name (0.00s)
    --- PASS: TestComputeImportRelPath/relative_path_with_.github/_prefix (0.00s)
    --- PASS: TestComputeImportRelPath/relative_path_with_.github/_prefix_and_subdirectory (0.00s)
    --- PASS: TestComputeImportRelPath/file_name_with_hyphens (0.00s)
    --- PASS: TestComputeImportRelPath/file_name_with_underscores_and_dots (0.00s)
    --- PASS: TestComputeImportRelPath/file_in_a_shared_subdirectory (0.00s)
    --- PASS: TestComputeImportRelPath/windows_backslash_path_falls_back_on_Linux (0.00s)
    --- PASS: TestComputeImportRelPath/path_outside_.github_falls_back_to_importPath (0.00s)
    --- PASS: TestComputeImportRelPath/empty_fullPath_falls_back_to_importPath (0.00s)
=== RUN   TestJobsFieldExtractedFromMdImport
--- PASS: TestJobsFieldExtractedFromMdImport (0.00s)
=== RUN   TestEnvFieldExtractedFromMdImport
--- PASS: TestEnvFieldExtractedFromMdImport (0.00s)
=== RUN   TestEnvFieldConflictBetweenImports
--- PASS: TestEnvFieldConflictBetweenImports (0.00s)
=== RUN   TestExtractAllImportFields_BuiltinCacheHit
--- PASS: TestExtractAllImportFields_BuiltinCacheHit (0.00s)
=== RUN   TestExtractAllImportFields_BuiltinWithInputsBypassesCache
--- PASS: TestExtractAllImportFields_BuiltinWithInputsBypassesCache (0.00s)
=== RUN   TestValidateImportInputType_Number
=== PAUSE TestValidateImportInputType_Number
=== RUN   TestExtractOTLPEndpointsFromObsMap
=== RUN   TestExtractOTLPEndpointsFromObsMap/nil_map_returns_nil
=== RUN   TestExtractOTLPEndpointsFromObsMap/empty_map_returns_nil
=== RUN   TestExtractOTLPEndpointsFromObsMap/missing_otlp_key_returns_nil
=== RUN   TestExtractOTLPEndpointsFromObsMap/string_form_without_headers
=== RUN   TestExtractOTLPEndpointsFromObsMap/string_form_with_string_headers_(backward-compat)
=== RUN   TestExtractOTLPEndpointsFromObsMap/string_form_with_map_headers
=== RUN   TestExtractOTLPEndpointsFromObsMap/object_form
=== RUN   TestExtractOTLPEndpointsFromObsMap/object_form_without_headers
=== RUN   TestExtractOTLPEndpointsFromObsMap/array_form_with_multiple_endpoints
=== RUN   TestExtractOTLPEndpointsFromObsMap/array_form_skips_entries_with_empty_URL
--- PASS: TestExtractOTLPEndpointsFromObsMap (0.00s)
    --- PASS: TestExtractOTLPEndpointsFromObsMap/nil_map_returns_nil (0.00s)
    --- PASS: TestExtractOTLPEndpointsFromObsMap/empty_map_returns_nil (0.00s)
    --- PASS: TestExtractOTLPEndpointsFromObsMap/missing_otlp_key_returns_nil (0.00s)
    --- PASS: TestExtractOTLPEndpointsFromObsMap/string_form_without_headers (0.00s)
    --- PASS: TestExtractOTLPEndpointsFromObsMap/string_form_with_string_headers_(backward-compat) (0.00s)
    --- PASS: TestExtractOTLPEndpointsFromObsMap/string_form_with_map_headers (0.00s)
    --- PASS: TestExtractOTLPEndpointsFromObsMap/object_form (0.00s)
    --- PASS: TestExtractOTLPEndpointsFromObsMap/object_form_without_headers (0.00s)
    --- PASS: TestExtractOTLPEndpointsFromObsMap/array_form_with_multiple_endpoints (0.00s)
    --- PASS: TestExtractOTLPEndpointsFromObsMap/array_form_skips_entries_with_empty_URL (0.00s)
=== RUN   TestMergeObservabilityConfigs
=== RUN   TestMergeObservabilityConfigs/empty_slice_returns_empty_string
=== RUN   TestMergeObservabilityConfigs/single_import_with_string_endpoint
=== RUN   TestMergeObservabilityConfigs/two_imports_with_distinct_string_endpoints
=== RUN   TestMergeObservabilityConfigs/two_imports_with_same_URL_deduplicates
=== RUN   TestMergeObservabilityConfigs/mix_of_string_and_object_notation
=== RUN   TestMergeObservabilityConfigs/import_with_array_notation_contributes_all_endpoints
=== RUN   TestMergeObservabilityConfigs/three_imports_with_mixed_notation_and_overlap_deduplicates_correctly
=== RUN   TestMergeObservabilityConfigs/headers_preserved_in_original_format_(map_not_string)
=== RUN   TestMergeObservabilityConfigs/invalid_JSON_blob_is_skipped
=== RUN   TestMergeObservabilityConfigs/config_with_no_endpoints_returns_empty_string
=== RUN   TestMergeObservabilityConfigs/github-app_config_is_preserved_even_when_no_endpoints_are_set
--- PASS: TestMergeObservabilityConfigs (0.00s)
    --- PASS: TestMergeObservabilityConfigs/empty_slice_returns_empty_string (0.00s)
    --- PASS: TestMergeObservabilityConfigs/single_import_with_string_endpoint (0.00s)
    --- PASS: TestMergeObservabilityConfigs/two_imports_with_distinct_string_endpoints (0.00s)
    --- PASS: TestMergeObservabilityConfigs/two_imports_with_same_URL_deduplicates (0.00s)
    --- PASS: TestMergeObservabilityConfigs/mix_of_string_and_object_notation (0.00s)
    --- PASS: TestMergeObservabilityConfigs/import_with_array_notation_contributes_all_endpoints (0.00s)
    --- PASS: TestMergeObservabilityConfigs/three_imports_with_mixed_notation_and_overlap_deduplicates_correctly (0.00s)
    --- PASS: TestMergeObservabilityConfigs/headers_preserved_in_original_format_(map_not_string) (0.00s)
    --- PASS: TestMergeObservabilityConfigs/invalid_JSON_blob_is_skipped (0.00s)
    --- PASS: TestMergeObservabilityConfigs/config_with_no_endpoints_returns_empty_string (0.00s)
    --- PASS: TestMergeObservabilityConfigs/github-app_config_is_preserved_even_when_no_endpoints_are_set (0.00s)
=== RUN   TestExtractConfigFields_FirstWinsAndAccumulates
--- PASS: TestExtractConfigFields_FirstWinsAndAccumulates (0.00s)
=== RUN   TestImportInputDefinitionAliasesSharedType
--- PASS: TestImportInputDefinitionAliasesSharedType (0.00s)
=== RUN   TestParseRemoteOrigin
=== RUN   TestParseRemoteOrigin/basic_workflowspec_with_ref
=== RUN   TestParseRemoteOrigin/workflowspec_with_SHA_ref
=== RUN   TestParseRemoteOrigin/workflowspec_without_ref_defaults_to_main
=== RUN   TestParseRemoteOrigin/workflowspec_with_section_reference
=== RUN   TestParseRemoteOrigin/workflowspec_under_.github/workflows
=== RUN   TestParseRemoteOrigin/workflowspec_with_deep_path
=== RUN   TestParseRemoteOrigin/workflowspec_directly_in_repo_root_(minimal_path)
=== RUN   TestParseRemoteOrigin/path_with_./_should_be_cleaned
=== RUN   TestParseRemoteOrigin/path_with_redundant_slashes_should_be_cleaned
=== RUN   TestParseRemoteOrigin/too_few_parts_returns_nil
=== RUN   TestParseRemoteOrigin/single_part_returns_nil
--- PASS: TestParseRemoteOrigin (0.00s)
    --- PASS: TestParseRemoteOrigin/basic_workflowspec_with_ref (0.00s)
    --- PASS: TestParseRemoteOrigin/workflowspec_with_SHA_ref (0.00s)
    --- PASS: TestParseRemoteOrigin/workflowspec_without_ref_defaults_to_main (0.00s)
    --- PASS: TestParseRemoteOrigin/workflowspec_with_section_reference (0.00s)
    --- PASS: TestParseRemoteOrigin/workflowspec_under_.github/workflows (0.00s)
    --- PASS: TestParseRemoteOrigin/workflowspec_with_deep_path (0.00s)
    --- PASS: TestParseRemoteOrigin/workflowspec_directly_in_repo_root_(minimal_path) (0.00s)
    --- PASS: TestParseRemoteOrigin/path_with_./_should_be_cleaned (0.00s)
    --- PASS: TestParseRemoteOrigin/path_with_redundant_slashes_should_be_cleaned (0.00s)
    --- PASS: TestParseRemoteOrigin/too_few_parts_returns_nil (0.00s)
    --- PASS: TestParseRemoteOrigin/single_part_returns_nil (0.00s)
=== RUN   TestLocalImportResolutionBaseline
--- PASS: TestLocalImportResolutionBaseline (0.00s)
=== RUN   TestSiblingImportResolution
=== RUN   TestSiblingImportResolution/explicit_./_prefix_(preferred_convention)
⚠ Invalid configuration in /tmp/TestSiblingImportResolutionexplicit_._prefix_(preferred_conven911772703/001/.github/workflows/shared/mcp/serena.md: /tmp/TestSiblingImportResolutionexplicit_._prefix_(preferred_conven911772703/001/.github/workflows/shared/mcp/serena.md:4:5: error: Unknown property: image. 'image' belongs under 'container'
1 | ---
2 | mcp-servers:
3 |   serena:
4 |     image: ghcr.io/oraios/serena
        ^^^^^
5 | ---
6 |

=== RUN   TestSiblingImportResolution/bare_filename_(backward-compatible)
⚠ Invalid configuration in /tmp/TestSiblingImportResolutionbare_filename_(backward-compatible)1529509908/001/.github/workflows/shared/mcp/serena.md: /tmp/TestSiblingImportResolutionbare_filename_(backward-compatible)1529509908/001/.github/workflows/shared/mcp/serena.md:4:5: error: Unknown property: image. 'image' belongs under 'container'
1 | ---
2 | mcp-servers:
3 |   serena:
4 |     image: ghcr.io/oraios/serena
        ^^^^^
5 | ---
6 |

--- PASS: TestSiblingImportResolution (0.01s)
    --- PASS: TestSiblingImportResolution/explicit_./_prefix_(preferred_convention) (0.00s)
    --- PASS: TestSiblingImportResolution/bare_filename_(backward-compatible) (0.00s)
=== RUN   TestSubdirImportWithPathPrefix
--- PASS: TestSubdirImportWithPathPrefix (0.00s)
=== RUN   TestRemoteOriginPropagation
=== RUN   TestRemoteOriginPropagation/workflowspec_import_gets_remote_origin
=== RUN   TestRemoteOriginPropagation/local_import_does_not_get_remote_origin
=== RUN   TestRemoteOriginPropagation/nested_relative_path_from_remote_parent_with_BasePath_produces_correct_workflowspec
=== RUN   TestRemoteOriginPropagation/nested_relative_path_from_remote_parent_without_BasePath_uses_.github/workflows
=== RUN   TestRemoteOriginPropagation/nested_relative_path_with_./_prefix_is_cleaned
=== RUN   TestRemoteOriginPropagation/nested_workflowspec_from_remote_parent_gets_its_own_origin
=== RUN   TestRemoteOriginPropagation/path_traversal_in_nested_import_is_rejected
=== RUN   TestRemoteOriginPropagation/SHA_ref_is_preserved_in_nested_resolution_with_BasePath
=== RUN   TestRemoteOriginPropagation/two-level_nested_imports_resolve_relative_to_immediate_parent
--- PASS: TestRemoteOriginPropagation (0.00s)
    --- PASS: TestRemoteOriginPropagation/workflowspec_import_gets_remote_origin (0.00s)
    --- PASS: TestRemoteOriginPropagation/local_import_does_not_get_remote_origin (0.00s)
    --- PASS: TestRemoteOriginPropagation/nested_relative_path_from_remote_parent_with_BasePath_produces_correct_workflowspec (0.00s)
    --- PASS: TestRemoteOriginPropagation/nested_relative_path_from_remote_parent_without_BasePath_uses_.github/workflows (0.00s)
    --- PASS: TestRemoteOriginPropagation/nested_relative_path_with_./_prefix_is_cleaned (0.00s)
    --- PASS: TestRemoteOriginPropagation/nested_workflowspec_from_remote_parent_gets_its_own_origin (0.00s)
    --- PASS: TestRemoteOriginPropagation/path_traversal_in_nested_import_is_rejected (0.00s)
    --- PASS: TestRemoteOriginPropagation/SHA_ref_is_preserved_in_nested_resolution_with_BasePath (0.00s)
    --- PASS: TestRemoteOriginPropagation/two-level_nested_imports_resolve_relative_to_immediate_parent (0.00s)
=== RUN   TestImportQueueItemRemoteOriginField
=== RUN   TestImportQueueItemRemoteOriginField/queue_item_with_nil_remote_origin
=== RUN   TestImportQueueItemRemoteOriginField/queue_item_with_remote_origin
--- PASS: TestImportQueueItemRemoteOriginField (0.00s)
    --- PASS: TestImportQueueItemRemoteOriginField/queue_item_with_nil_remote_origin (0.00s)
    --- PASS: TestImportQueueItemRemoteOriginField/queue_item_with_remote_origin (0.00s)
=== RUN   TestIsNotFoundError_RemoteNested
=== RUN   TestIsNotFoundError_RemoteNested/HTTP_404_message
=== RUN   TestIsNotFoundError_RemoteNested/lowercase_not_found
=== RUN   TestIsNotFoundError_RemoteNested/404_status_code_in_message
=== RUN   TestIsNotFoundError_RemoteNested/authentication_error
=== RUN   TestIsNotFoundError_RemoteNested/server_error
=== RUN   TestIsNotFoundError_RemoteNested/nil_error
--- PASS: TestIsNotFoundError_RemoteNested (0.00s)
    --- PASS: TestIsNotFoundError_RemoteNested/HTTP_404_message (0.00s)
    --- PASS: TestIsNotFoundError_RemoteNested/lowercase_not_found (0.00s)
    --- PASS: TestIsNotFoundError_RemoteNested/404_status_code_in_message (0.00s)
    --- PASS: TestIsNotFoundError_RemoteNested/authentication_error (0.00s)
    --- PASS: TestIsNotFoundError_RemoteNested/server_error (0.00s)
    --- PASS: TestIsNotFoundError_RemoteNested/nil_error (0.00s)
=== RUN   TestResolveRemoteSymlinksPathConstruction
=== RUN   TestResolveRemoteSymlinksPathConstruction/single_component_path_returns_error
=== RUN   TestResolveRemoteSymlinksPathConstruction/symlink_target_resolution_logic
=== RUN   TestResolveRemoteSymlinksPathConstruction/symlink_at_first_component
=== RUN   TestResolveRemoteSymlinksPathConstruction/nested_symlink_resolution
--- PASS: TestResolveRemoteSymlinksPathConstruction (0.00s)
    --- PASS: TestResolveRemoteSymlinksPathConstruction/single_component_path_returns_error (0.00s)
    --- PASS: TestResolveRemoteSymlinksPathConstruction/symlink_target_resolution_logic (0.00s)
    --- PASS: TestResolveRemoteSymlinksPathConstruction/symlink_at_first_component (0.00s)
    --- PASS: TestResolveRemoteSymlinksPathConstruction/nested_symlink_resolution (0.00s)
=== RUN   TestParseRemoteOriginWithCleanedPaths
=== RUN   TestParseRemoteOriginWithCleanedPaths/path_with_./_components_should_be_cleaned
=== RUN   TestParseRemoteOriginWithCleanedPaths/path_with_redundant_slashes_should_be_cleaned
=== RUN   TestParseRemoteOriginWithCleanedPaths/complex_path_cleaning
--- PASS: TestParseRemoteOriginWithCleanedPaths (0.00s)
    --- PASS: TestParseRemoteOriginWithCleanedPaths/path_with_./_components_should_be_cleaned (0.00s)
    --- PASS: TestParseRemoteOriginWithCleanedPaths/path_with_redundant_slashes_should_be_cleaned (0.00s)
    --- PASS: TestParseRemoteOriginWithCleanedPaths/complex_path_cleaning (0.00s)
=== RUN   TestParseRemoteOriginWithURLFormats
=== RUN   TestParseRemoteOriginWithURLFormats/URL-like_paths_are_currently_accepted_by_isWorkflowSpec
    import_remote_nested_test.go:707: URL https://github.com/owner/repo/path/file.md parsed as: owner=https:, repo=, basePath=github.com/owner/repo/path
    import_remote_nested_test.go:707: URL http://github.com/owner/repo/path/file.md parsed as: owner=http:, repo=, basePath=github.com/owner/repo/path
    import_remote_nested_test.go:707: URL https://github.enterprise.com/owner/repo/path/file.md parsed as: owner=https:, repo=, basePath=github.enterprise.com/owner/repo/path
=== RUN   TestParseRemoteOriginWithURLFormats/enterprise_domain_workflowspec_format
--- PASS: TestParseRemoteOriginWithURLFormats (0.00s)
    --- PASS: TestParseRemoteOriginWithURLFormats/URL-like_paths_are_currently_accepted_by_isWorkflowSpec (0.00s)
    --- PASS: TestParseRemoteOriginWithURLFormats/enterprise_domain_workflowspec_format (0.00s)
=== RUN   TestMixedImportStylesInSingleFile
⚠ Invalid configuration in /tmp/TestMixedImportStylesInSingleFile1095646015/001/.github/workflows/shared/mcp/base.md: /tmp/TestMixedImportStylesInSingleFile1095646015/001/.github/workflows/shared/mcp/base.md:4:5: error: Unknown property: image. 'image' belongs under 'container'
1 | ---
2 | mcp-servers:
3 |   base-server:
4 |     image: example/base
        ^^^^^
5 | ---
6 |

⚠ Invalid configuration in /tmp/TestMixedImportStylesInSingleFile1095646015/001/.github/workflows/shared/extra/extra-server.md: /tmp/TestMixedImportStylesInSingleFile1095646015/001/.github/workflows/shared/extra/extra-server.md:4:5: error: Unknown property: image. 'image' belongs under 'container'
1 | ---
2 | mcp-servers:
3 |   extra-server:
4 |     image: example/extra
        ^^^^^
5 | ---
6 |

--- PASS: TestMixedImportStylesInSingleFile (0.01s)
=== RUN   TestChainedMixedImportStyles
⚠ Invalid configuration in /tmp/TestChainedMixedImportStyles3445254490/001/.github/workflows/shared/chain/chain-c.md: /tmp/TestChainedMixedImportStyles3445254490/001/.github/workflows/shared/chain/chain-c.md:4:5: error: Unknown property: image. 'image' belongs under 'container'
1 | ---
2 | mcp-servers:
3 |   chain-c-server:
4 |     image: example/chain-c
        ^^^^^
5 | ---
6 |

--- PASS: TestChainedMixedImportStyles (0.00s)
=== RUN   TestCrossDirectoryAbsoluteImport
⚠ Invalid configuration in /tmp/TestCrossDirectoryAbsoluteImport3166918610/001/.github/workflows/shared/dir-b/file-b.md: /tmp/TestCrossDirectoryAbsoluteImport3166918610/001/.github/workflows/shared/dir-b/file-b.md:4:5: error: Unknown property: image. 'image' belongs under 'container'
1 | ---
2 | mcp-servers:
3 |   dir-b-server:
4 |     image: example/dir-b
        ^^^^^
5 | ---
6 |

--- PASS: TestCrossDirectoryAbsoluteImport (0.00s)
=== RUN   TestMultipleSiblingStylesFromSameDirectory
⚠ Invalid configuration in /tmp/TestMultipleSiblingStylesFromSameDirectory961405591/001/.github/workflows/shared/server-a.md: /tmp/TestMultipleSiblingStylesFromSameDirectory961405591/001/.github/workflows/shared/server-a.md:4:5: error: Unknown property: image. 'image' belongs under 'container'
1 | ---
2 | mcp-servers:
3 |   server-a:
4 |     image: example/a
        ^^^^^
5 | ---
6 |

⚠ Invalid configuration in /tmp/TestMultipleSiblingStylesFromSameDirectory961405591/001/.github/workflows/shared/server-b.md: /tmp/TestMultipleSiblingStylesFromSameDirectory961405591/001/.github/workflows/shared/server-b.md:4:5: error: Unknown property: image. 'image' belongs under 'container'
1 | ---
2 | mcp-servers:
3 |   server-b:
4 |     image: example/b
        ^^^^^
5 | ---
6 |

⚠ Invalid configuration in /tmp/TestMultipleSiblingStylesFromSameDirectory961405591/001/.github/workflows/shared/server-c.md: /tmp/TestMultipleSiblingStylesFromSameDirectory961405591/001/.github/workflows/shared/server-c.md:4:5: error: Unknown property: image. 'image' belongs under 'container'
1 | ---
2 | mcp-servers:
3 |   server-c:
4 |     image: example/c
        ^^^^^
5 | ---
6 |

--- PASS: TestMultipleSiblingStylesFromSameDirectory (0.02s)
=== RUN   TestDotGithubAgentsImport
=== RUN   TestDotGithubAgentsImport/root-relative_.github/agents/_path_resolves_as_agent_file
=== RUN   TestDotGithubAgentsImport/slash-prefixed_/.github/agents/_path_also_resolves_as_agent_file
--- PASS: TestDotGithubAgentsImport (0.00s)
    --- PASS: TestDotGithubAgentsImport/root-relative_.github/agents/_path_resolves_as_agent_file (0.00s)
    --- PASS: TestDotGithubAgentsImport/slash-prefixed_/.github/agents/_path_also_resolves_as_agent_file (0.00s)
=== RUN   TestParseImportDirective
=== RUN   TestParseImportDirective/deprecated_-_basic_import
=== RUN   TestParseImportDirective/deprecated_-_optional_import
=== RUN   TestParseImportDirective/deprecated_-_with_extra_spaces
=== RUN   TestParseImportDirective/deprecated_-_with_section
=== RUN   TestParseImportDirective/deprecated_-_optional_with_section
=== RUN   TestParseImportDirective/deprecated_-_basic_import_without_colon
=== RUN   TestParseImportDirective/deprecated_-_optional_import_without_colon
=== RUN   TestParseImportDirective/deprecated_-_with_section_without_colon
=== RUN   TestParseImportDirective/legacy_-_@include_basic
=== RUN   TestParseImportDirective/legacy_-_@include_optional
=== RUN   TestParseImportDirective/legacy_-_@import_basic
=== RUN   TestParseImportDirective/legacy_-_@import_optional
=== RUN   TestParseImportDirective/legacy_-_with_section
=== RUN   TestParseImportDirective/no_match_-_regular_text
=== RUN   TestParseImportDirective/no_match_-_legacy_without_path
--- PASS: TestParseImportDirective (0.00s)
    --- PASS: TestParseImportDirective/deprecated_-_basic_import (0.00s)
    --- PASS: TestParseImportDirective/deprecated_-_optional_import (0.00s)
    --- PASS: TestParseImportDirective/deprecated_-_with_extra_spaces (0.00s)
    --- PASS: TestParseImportDirective/deprecated_-_with_section (0.00s)
    --- PASS: TestParseImportDirective/deprecated_-_optional_with_section (0.00s)
    --- PASS: TestParseImportDirective/deprecated_-_basic_import_without_colon (0.00s)
    --- PASS: TestParseImportDirective/deprecated_-_optional_import_without_colon (0.00s)
    --- PASS: TestParseImportDirective/deprecated_-_with_section_without_colon (0.00s)
    --- PASS: TestParseImportDirective/legacy_-_@include_basic (0.00s)
    --- PASS: TestParseImportDirective/legacy_-_@include_optional (0.00s)
    --- PASS: TestParseImportDirective/legacy_-_@import_basic (0.00s)
    --- PASS: TestParseImportDirective/legacy_-_@import_optional (0.00s)
    --- PASS: TestParseImportDirective/legacy_-_with_section (0.00s)
    --- PASS: TestParseImportDirective/no_match_-_regular_text (0.00s)
    --- PASS: TestParseImportDirective/no_match_-_legacy_without_path (0.00s)
=== RUN   TestExtractInlineSkills_NoSeparators
--- PASS: TestExtractInlineSkills_NoSeparators (0.00s)
=== RUN   TestExtractInlineSkills_EmptyMarkdown
--- PASS: TestExtractInlineSkills_EmptyMarkdown (0.00s)
=== RUN   TestExtractInlineSkills_SingleSkill
--- PASS: TestExtractInlineSkills_SingleSkill (0.00s)
=== RUN   TestExtractInlineSkills_MultipleSkills
--- PASS: TestExtractInlineSkills_MultipleSkills (0.00s)
=== RUN   TestExtractInlineSkills_SkillAtStartOfFile
--- PASS: TestExtractInlineSkills_SkillAtStartOfFile (0.00s)
=== RUN   TestExtractInlineSkills_SkillWithoutFrontmatter
--- PASS: TestExtractInlineSkills_SkillWithoutFrontmatter (0.00s)
=== RUN   TestExtractInlineSkills_SeparatorWithTrailingWhitespace
--- PASS: TestExtractInlineSkills_SeparatorWithTrailingWhitespace (0.00s)
=== RUN   TestExtractInlineSkills_InvalidNameNotRecognized
=== RUN   TestExtractInlineSkills_InvalidNameNotRecognized/name_starts_with_digit
=== RUN   TestExtractInlineSkills_InvalidNameNotRecognized/name_contains_spaces
=== RUN   TestExtractInlineSkills_InvalidNameNotRecognized/name_contains_slash
=== RUN   TestExtractInlineSkills_InvalidNameNotRecognized/missing_name
=== RUN   TestExtractInlineSkills_InvalidNameNotRecognized/name_not_in_backticks
=== RUN   TestExtractInlineSkills_InvalidNameNotRecognized/name_uppercase
=== RUN   TestExtractInlineSkills_InvalidNameNotRecognized/wrong_heading_level_(H1)
=== RUN   TestExtractInlineSkills_InvalidNameNotRecognized/wrong_heading_level_(H3)
--- PASS: TestExtractInlineSkills_InvalidNameNotRecognized (0.00s)
    --- PASS: TestExtractInlineSkills_InvalidNameNotRecognized/name_starts_with_digit (0.00s)
    --- PASS: TestExtractInlineSkills_InvalidNameNotRecognized/name_contains_spaces (0.00s)
    --- PASS: TestExtractInlineSkills_InvalidNameNotRecognized/name_contains_slash (0.00s)
    --- PASS: TestExtractInlineSkills_InvalidNameNotRecognized/missing_name (0.00s)
    --- PASS: TestExtractInlineSkills_InvalidNameNotRecognized/name_not_in_backticks (0.00s)
    --- PASS: TestExtractInlineSkills_InvalidNameNotRecognized/name_uppercase (0.00s)
    --- PASS: TestExtractInlineSkills_InvalidNameNotRecognized/wrong_heading_level_(H1) (0.00s)
    --- PASS: TestExtractInlineSkills_InvalidNameNotRecognized/wrong_heading_level_(H3) (0.00s)
=== RUN   TestExtractInlineSkills_DuplicateNameError
--- PASS: TestExtractInlineSkills_DuplicateNameError (0.00s)
=== RUN   TestExtractInlineSkills_NameVariants
=== RUN   TestExtractInlineSkills_NameVariants/with_hyphens
=== RUN   TestExtractInlineSkills_NameVariants/with_underscores
=== RUN   TestExtractInlineSkills_NameVariants/with_digits
=== RUN   TestExtractInlineSkills_NameVariants/single_letter
=== RUN   TestExtractInlineSkills_NameVariants/mixed_pattern
--- PASS: TestExtractInlineSkills_NameVariants (0.00s)
    --- PASS: TestExtractInlineSkills_NameVariants/with_hyphens (0.00s)
    --- PASS: TestExtractInlineSkills_NameVariants/with_underscores (0.00s)
    --- PASS: TestExtractInlineSkills_NameVariants/with_digits (0.00s)
    --- PASS: TestExtractInlineSkills_NameVariants/single_letter (0.00s)
    --- PASS: TestExtractInlineSkills_NameVariants/mixed_pattern (0.00s)
=== RUN   TestExtractInlineSkills_ContentTrimmed
--- PASS: TestExtractInlineSkills_ContentTrimmed (0.00s)
=== RUN   TestExtractInlineSkills_SkillEndsAtNextH2
--- PASS: TestExtractInlineSkills_SkillEndsAtNextH2 (0.00s)
=== RUN   TestExtractInlineSkills_SkillEndsAtNextSkillH2
--- PASS: TestExtractInlineSkills_SkillEndsAtNextSkillH2 (0.00s)
=== RUN   TestExtractInlineSkills_MainMarkdownTrailingNewlinesStripped
--- PASS: TestExtractInlineSkills_MainMarkdownTrailingNewlinesStripped (0.00s)
=== RUN   TestValidateInlineSkillsFrontmatter_NoSkills
--- PASS: TestValidateInlineSkillsFrontmatter_NoSkills (0.00s)
=== RUN   TestValidateInlineSkillsFrontmatter_ValidFields
--- PASS: TestValidateInlineSkillsFrontmatter_ValidFields (0.00s)
=== RUN   TestValidateInlineSkillsFrontmatter_UnknownField
--- PASS: TestValidateInlineSkillsFrontmatter_UnknownField (0.00s)
=== RUN   TestValidateInlineSkillsFrontmatter_MultipleUnknownFields
--- PASS: TestValidateInlineSkillsFrontmatter_MultipleUnknownFields (0.00s)
=== RUN   TestValidateInlineSkillsFrontmatter_MultipleSkills
--- PASS: TestValidateInlineSkillsFrontmatter_MultipleSkills (0.00s)
=== RUN   TestValidateInlineSkillsFrontmatter_NoFrontmatter
--- PASS: TestValidateInlineSkillsFrontmatter_NoFrontmatter (0.00s)
=== RUN   TestValidateInlineSkillsFrontmatter_EmptyContent
--- PASS: TestValidateInlineSkillsFrontmatter_EmptyContent (0.00s)
=== RUN   TestValidateInlineSkillsFrontmatter_TopLevelFrontmatterNotValidated
--- PASS: TestValidateInlineSkillsFrontmatter_TopLevelFrontmatterNotValidated (0.00s)
=== RUN   TestValidateInlineSkillsFrontmatter_DuplicateSkillNames
--- PASS: TestValidateInlineSkillsFrontmatter_DuplicateSkillNames (0.00s)
=== RUN   TestValidateInlineSkillsFrontmatter_FieldFormat
--- PASS: TestValidateInlineSkillsFrontmatter_FieldFormat (0.00s)
=== RUN   TestExtractAdditionalPropertyNames
=== RUN   TestExtractAdditionalPropertyNames/single_additional_property
=== RUN   TestExtractAdditionalPropertyNames/multiple_additional_properties
=== RUN   TestExtractAdditionalPropertyNames/single_property_with_different_format
=== RUN   TestExtractAdditionalPropertyNames/no_additional_properties_in_message
=== RUN   TestExtractAdditionalPropertyNames/empty_message
=== RUN   TestExtractAdditionalPropertyNames/complex_property_names
--- PASS: TestExtractAdditionalPropertyNames (0.00s)
    --- PASS: TestExtractAdditionalPropertyNames/single_additional_property (0.00s)
    --- PASS: TestExtractAdditionalPropertyNames/multiple_additional_properties (0.00s)
    --- PASS: TestExtractAdditionalPropertyNames/single_property_with_different_format (0.00s)
    --- PASS: TestExtractAdditionalPropertyNames/no_additional_properties_in_message (0.00s)
    --- PASS: TestExtractAdditionalPropertyNames/empty_message (0.00s)
    --- PASS: TestExtractAdditionalPropertyNames/complex_property_names (0.00s)
=== RUN   TestFindFirstAdditionalProperty
=== RUN   TestFindFirstAdditionalProperty/find_first_property
=== RUN   TestFindFirstAdditionalProperty/find_second_property_when_first_not_found
=== RUN   TestFindFirstAdditionalProperty/property_not_found
=== RUN   TestFindFirstAdditionalProperty/nested_property_found
=== RUN   TestFindFirstAdditionalProperty/empty_property_list
--- PASS: TestFindFirstAdditionalProperty (0.00s)
    --- PASS: TestFindFirstAdditionalProperty/find_first_property (0.00s)
    --- PASS: TestFindFirstAdditionalProperty/find_second_property_when_first_not_found (0.00s)
    --- PASS: TestFindFirstAdditionalProperty/property_not_found (0.00s)
    --- PASS: TestFindFirstAdditionalProperty/nested_property_found (0.00s)
    --- PASS: TestFindFirstAdditionalProperty/empty_property_list (0.00s)
=== RUN   TestLocateJSONPathInYAMLWithAdditionalProperties
=== RUN   TestLocateJSONPathInYAMLWithAdditionalProperties/empty_path_with_additional_properties
=== RUN   TestLocateJSONPathInYAMLWithAdditionalProperties/empty_path_with_single_additional_property
=== RUN   TestLocateJSONPathInYAMLWithAdditionalProperties/empty_path_without_additional_properties_message
=== RUN   TestLocateJSONPathInYAMLWithAdditionalProperties/non-empty_path_should_use_regular_logic
--- PASS: TestLocateJSONPathInYAMLWithAdditionalProperties (0.00s)
    --- PASS: TestLocateJSONPathInYAMLWithAdditionalProperties/empty_path_with_additional_properties (0.00s)
    --- PASS: TestLocateJSONPathInYAMLWithAdditionalProperties/empty_path_with_single_additional_property (0.00s)
    --- PASS: TestLocateJSONPathInYAMLWithAdditionalProperties/empty_path_without_additional_properties_message (0.00s)
    --- PASS: TestLocateJSONPathInYAMLWithAdditionalProperties/non-empty_path_should_use_regular_logic (0.00s)
=== RUN   TestLocateJSONPathInYAMLWithAdditionalPropertiesNested
=== RUN   TestLocateJSONPathInYAMLWithAdditionalPropertiesNested/nested_additional_property_under_'on'
=== RUN   TestLocateJSONPathInYAMLWithAdditionalPropertiesNested/nested_additional_property_under_'permissions'
=== RUN   TestLocateJSONPathInYAMLWithAdditionalPropertiesNested/deeply_nested_additional_property
=== RUN   TestLocateJSONPathInYAMLWithAdditionalPropertiesNested/multiple_additional_properties_-_should_find_first
=== RUN   TestLocateJSONPathInYAMLWithAdditionalPropertiesNested/non-existent_path_with_additional_properties
=== RUN   TestLocateJSONPathInYAMLWithAdditionalPropertiesNested/nested_path_without_additional_properties_error
--- PASS: TestLocateJSONPathInYAMLWithAdditionalPropertiesNested (0.00s)
    --- PASS: TestLocateJSONPathInYAMLWithAdditionalPropertiesNested/nested_additional_property_under_'on' (0.00s)
    --- PASS: TestLocateJSONPathInYAMLWithAdditionalPropertiesNested/nested_additional_property_under_'permissions' (0.00s)
    --- PASS: TestLocateJSONPathInYAMLWithAdditionalPropertiesNested/deeply_nested_additional_property (0.00s)
    --- PASS: TestLocateJSONPathInYAMLWithAdditionalPropertiesNested/multiple_additional_properties_-_should_find_first (0.00s)
    --- PASS: TestLocateJSONPathInYAMLWithAdditionalPropertiesNested/non-existent_path_with_additional_properties (0.00s)
    --- PASS: TestLocateJSONPathInYAMLWithAdditionalPropertiesNested/nested_path_without_additional_properties_error (0.00s)
=== RUN   TestNestedSearchOptimization
=== RUN   TestNestedSearchOptimization/find_additional_property_in_'on'_section_-_should_not_find_global_properties
=== RUN   TestNestedSearchOptimization/find_additional_property_in_'permissions'_section_-_should_not_find_on.invalid_trigger
=== RUN   TestNestedSearchOptimization/find_additional_property_in_deeply_nested_structure
--- PASS: TestNestedSearchOptimization (0.00s)
    --- PASS: TestNestedSearchOptimization/find_additional_property_in_'on'_section_-_should_not_find_global_properties (0.00s)
    --- PASS: TestNestedSearchOptimization/find_additional_property_in_'permissions'_section_-_should_not_find_on.invalid_trigger (0.00s)
    --- PASS: TestNestedSearchOptimization/find_additional_property_in_deeply_nested_structure (0.00s)
=== RUN   TestFindFrontmatterBounds
=== RUN   TestFindFrontmatterBounds/normal_frontmatter
=== RUN   TestFindFrontmatterBounds/frontmatter_with_comments_before
=== RUN   TestFindFrontmatterBounds/no_frontmatter
=== RUN   TestFindFrontmatterBounds/incomplete_frontmatter_(no_closing)
=== RUN   TestFindFrontmatterBounds/empty_frontmatter
--- PASS: TestFindFrontmatterBounds (0.00s)
    --- PASS: TestFindFrontmatterBounds/normal_frontmatter (0.00s)
    --- PASS: TestFindFrontmatterBounds/frontmatter_with_comments_before (0.00s)
    --- PASS: TestFindFrontmatterBounds/no_frontmatter (0.00s)
    --- PASS: TestFindFrontmatterBounds/incomplete_frontmatter_(no_closing) (0.00s)
    --- PASS: TestFindFrontmatterBounds/empty_frontmatter (0.00s)
=== RUN   TestLocateJSONPathInYAML
=== RUN   TestLocateJSONPathInYAML/root_level
=== RUN   TestLocateJSONPathInYAML/simple_key
=== RUN   TestLocateJSONPathInYAML/simple_key_-_age
=== RUN   TestLocateJSONPathInYAML/array_element
=== RUN   TestLocateJSONPathInYAML/nested_in_array_element
=== RUN   TestLocateJSONPathInYAML/nested_object_key
=== RUN   TestLocateJSONPathInYAML/invalid_path
--- PASS: TestLocateJSONPathInYAML (0.00s)
    --- PASS: TestLocateJSONPathInYAML/root_level (0.00s)
    --- PASS: TestLocateJSONPathInYAML/simple_key (0.00s)
    --- PASS: TestLocateJSONPathInYAML/simple_key_-_age (0.00s)
    --- PASS: TestLocateJSONPathInYAML/array_element (0.00s)
    --- PASS: TestLocateJSONPathInYAML/nested_in_array_element (0.00s)
    --- PASS: TestLocateJSONPathInYAML/nested_object_key (0.00s)
    --- PASS: TestLocateJSONPathInYAML/invalid_path (0.00s)
=== RUN   TestExtractJSONPathFromValidationError
    json_path_locator_test.go:172: Found expected path: /age with message: at '/age': got string, want number
    json_path_locator_test.go:172: Found expected path: /tools/1 with message: at '/tools/1': missing property 'name'
    json_path_locator_test.go:172: Found expected path:  with message: at '': additional properties 'invalid_key' not allowed
--- PASS: TestExtractJSONPathFromValidationError (0.00s)
=== RUN   TestParseJSONPath
=== RUN   TestParseJSONPath/empty_path
=== RUN   TestParseJSONPath/root_path
=== RUN   TestParseJSONPath/simple_key
=== RUN   TestParseJSONPath/array_index
=== RUN   TestParseJSONPath/complex_path
--- PASS: TestParseJSONPath (0.00s)
    --- PASS: TestParseJSONPath/empty_path (0.00s)
    --- PASS: TestParseJSONPath/root_path (0.00s)
    --- PASS: TestParseJSONPath/simple_key (0.00s)
    --- PASS: TestParseJSONPath/array_index (0.00s)
    --- PASS: TestParseJSONPath/complex_path (0.00s)
=== RUN   TestExtractMCPConfigurations
=== RUN   TestExtractMCPConfigurations/GitHub_tool_with_read-only_true
=== RUN   TestExtractMCPConfigurations/GitHub_tool_with_read-only_false_(always_enforced_as_read-only)
=== RUN   TestExtractMCPConfigurations/GitHub_tool_with_boolean_true_(shorthand)
=== RUN   TestExtractMCPConfigurations/GitHub_tool_without_read-only_(default_behavior)
=== RUN   TestExtractMCPConfigurations/Empty_frontmatter
=== RUN   TestExtractMCPConfigurations/No_tools_section
=== RUN   TestExtractMCPConfigurations/Serena_tool_is_removed
=== RUN   TestExtractMCPConfigurations/mcp-servers_type_error_takes_precedence_over_removed_serena
=== RUN   TestExtractMCPConfigurations/GitHub_tool_default_configuration
=== RUN   TestExtractMCPConfigurations/GitHub_tool_with_custom_configuration
=== RUN   TestExtractMCPConfigurations/GitHub_tool_with_integer_version
=== RUN   TestExtractMCPConfigurations/GitHub_tool_with_float_version
=== RUN   TestExtractMCPConfigurations/Playwright_tool_default_configuration
=== RUN   TestExtractMCPConfigurations/Playwright_tool_with_custom_Docker_image
=== RUN   TestExtractMCPConfigurations/Playwright_tool_with_integer_version
=== RUN   TestExtractMCPConfigurations/Playwright_tool_with_float_version
=== RUN   TestExtractMCPConfigurations/Playwright_tool_with_int64_version
=== RUN   TestExtractMCPConfigurations/Server_filter_-_matching
=== RUN   TestExtractMCPConfigurations/Server_filter_-_no_match
--- PASS: TestExtractMCPConfigurations (0.00s)
    --- PASS: TestExtractMCPConfigurations/GitHub_tool_with_read-only_true (0.00s)
    --- PASS: TestExtractMCPConfigurations/GitHub_tool_with_read-only_false_(always_enforced_as_read-only) (0.00s)
    --- PASS: TestExtractMCPConfigurations/GitHub_tool_with_boolean_true_(shorthand) (0.00s)
    --- PASS: TestExtractMCPConfigurations/GitHub_tool_without_read-only_(default_behavior) (0.00s)
    --- PASS: TestExtractMCPConfigurations/Empty_frontmatter (0.00s)
    --- PASS: TestExtractMCPConfigurations/No_tools_section (0.00s)
    --- PASS: TestExtractMCPConfigurations/Serena_tool_is_removed (0.00s)
    --- PASS: TestExtractMCPConfigurations/mcp-servers_type_error_takes_precedence_over_removed_serena (0.00s)
    --- PASS: TestExtractMCPConfigurations/GitHub_tool_default_configuration (0.00s)
    --- PASS: TestExtractMCPConfigurations/GitHub_tool_with_custom_configuration (0.00s)
    --- PASS: TestExtractMCPConfigurations/GitHub_tool_with_integer_version (0.00s)
    --- PASS: TestExtractMCPConfigurations/GitHub_tool_with_float_version (0.00s)
    --- PASS: TestExtractMCPConfigurations/Playwright_tool_default_configuration (0.00s)
    --- PASS: TestExtractMCPConfigurations/Playwright_tool_with_custom_Docker_image (0.00s)
    --- PASS: TestExtractMCPConfigurations/Playwright_tool_with_integer_version (0.00s)
    --- PASS: TestExtractMCPConfigurations/Playwright_tool_with_float_version (0.00s)
    --- PASS: TestExtractMCPConfigurations/Playwright_tool_with_int64_version (0.00s)
    --- PASS: TestExtractMCPConfigurations/Server_filter_-_matching (0.00s)
    --- PASS: TestExtractMCPConfigurations/Server_filter_-_no_match (0.00s)
=== RUN   TestParseMCPConfig
=== RUN   TestParseMCPConfig/Stdio_with_command_and_args
=== RUN   TestParseMCPConfig/Stdio_with_container
=== RUN   TestParseMCPConfig/HTTP_server
=== RUN   TestParseMCPConfig/HTTP_server_with_underscored_headers
=== RUN   TestParseMCPConfig/With_allowed_tools
=== RUN   TestParseMCPConfig/JSON_string_config
=== RUN   TestParseMCPConfig/Stdio_with_environment_variables
=== RUN   TestParseMCPConfig/Type_inferred_from_command_field
=== RUN   TestParseMCPConfig/Stdio_with_network_proxy-args_(new_format)
=== RUN   TestParseMCPConfig/Local_type_(alias_for_stdio)
=== RUN   TestParseMCPConfig/Stdio_with_registry
=== RUN   TestParseMCPConfig/HTTP_with_registry
=== RUN   TestParseMCPConfig/Missing_type_and_no_inferrable_fields
=== RUN   TestParseMCPConfig/Invalid_type
=== RUN   TestParseMCPConfig/Unsupported_type
=== RUN   TestParseMCPConfig/Stdio_missing_command_and_container
=== RUN   TestParseMCPConfig/HTTP_missing_URL
=== RUN   TestParseMCPConfig/Invalid_JSON_string
=== RUN   TestParseMCPConfig/Invalid_config_format
=== RUN   TestParseMCPConfig/Invalid_command_type
=== RUN   TestParseMCPConfig/Invalid_URL_type
--- PASS: TestParseMCPConfig (0.00s)
    --- PASS: TestParseMCPConfig/Stdio_with_command_and_args (0.00s)
    --- PASS: TestParseMCPConfig/Stdio_with_container (0.00s)
    --- PASS: TestParseMCPConfig/HTTP_server (0.00s)
    --- PASS: TestParseMCPConfig/HTTP_server_with_underscored_headers (0.00s)
    --- PASS: TestParseMCPConfig/With_allowed_tools (0.00s)
    --- PASS: TestParseMCPConfig/JSON_string_config (0.00s)
    --- PASS: TestParseMCPConfig/Stdio_with_environment_variables (0.00s)
    --- PASS: TestParseMCPConfig/Type_inferred_from_command_field (0.00s)
    --- PASS: TestParseMCPConfig/Stdio_with_network_proxy-args_(new_format) (0.00s)
    --- PASS: TestParseMCPConfig/Local_type_(alias_for_stdio) (0.00s)
    --- PASS: TestParseMCPConfig/Stdio_with_registry (0.00s)
    --- PASS: TestParseMCPConfig/HTTP_with_registry (0.00s)
    --- PASS: TestParseMCPConfig/Missing_type_and_no_inferrable_fields (0.00s)
    --- PASS: TestParseMCPConfig/Invalid_type (0.00s)
    --- PASS: TestParseMCPConfig/Unsupported_type (0.00s)
    --- PASS: TestParseMCPConfig/Stdio_missing_command_and_container (0.00s)
    --- PASS: TestParseMCPConfig/HTTP_missing_URL (0.00s)
    --- PASS: TestParseMCPConfig/Invalid_JSON_string (0.00s)
    --- PASS: TestParseMCPConfig/Invalid_config_format (0.00s)
    --- PASS: TestParseMCPConfig/Invalid_command_type (0.00s)
    --- PASS: TestParseMCPConfig/Invalid_URL_type (0.00s)
=== RUN   TestMCPConfigTypes
--- PASS: TestMCPConfigTypes (0.00s)
=== RUN   TestIsMCPType
=== RUN   TestIsMCPType/stdio_type
=== RUN   TestIsMCPType/http_type
=== RUN   TestIsMCPType/local_type_(alias_for_stdio)
=== RUN   TestIsMCPType/empty_string
=== RUN   TestIsMCPType/unknown_type
=== RUN   TestIsMCPType/docker_type_(not_valid_MCP_type)
=== RUN   TestIsMCPType/websocket_type_(not_valid)
=== RUN   TestIsMCPType/grpc_type_(not_valid)
=== RUN   TestIsMCPType/mixed_case_STDIO
=== RUN   TestIsMCPType/mixed_case_Http
=== RUN   TestIsMCPType/whitespace_padded
--- PASS: TestIsMCPType (0.00s)
    --- PASS: TestIsMCPType/stdio_type (0.00s)
    --- PASS: TestIsMCPType/http_type (0.00s)
    --- PASS: TestIsMCPType/local_type_(alias_for_stdio) (0.00s)
    --- PASS: TestIsMCPType/empty_string (0.00s)
    --- PASS: TestIsMCPType/unknown_type (0.00s)
    --- PASS: TestIsMCPType/docker_type_(not_valid_MCP_type) (0.00s)
    --- PASS: TestIsMCPType/websocket_type_(not_valid) (0.00s)
    --- PASS: TestIsMCPType/grpc_type_(not_valid) (0.00s)
    --- PASS: TestIsMCPType/mixed_case_STDIO (0.00s)
    --- PASS: TestIsMCPType/mixed_case_Http (0.00s)
    --- PASS: TestIsMCPType/whitespace_padded (0.00s)
=== RUN   TestValidMCPTypes
--- PASS: TestValidMCPTypes (0.00s)
=== RUN   TestQuoteCronExpressions
=== RUN   TestQuoteCronExpressions/Simple_unquoted_cron_expression
=== RUN   TestQuoteCronExpressions/Already_quoted_cron_expression
=== RUN   TestQuoteCronExpressions/Single_quoted_cron_expression
=== RUN   TestQuoteCronExpressions/Multiple_unquoted_cron_expressions
=== RUN   TestQuoteCronExpressions/Cron_with_trailing_comment
=== RUN   TestQuoteCronExpressions/Cron_without_dash_prefix
=== RUN   TestQuoteCronExpressions/Every_minute_cron_(starts_with_asterisk_-_not_matched)
=== RUN   TestQuoteCronExpressions/Every_5_minutes_cron_(starts_with_asterisk_-_not_matched)
=== RUN   TestQuoteCronExpressions/Midnight_daily_cron
=== RUN   TestQuoteCronExpressions/Mixed_quoted_and_unquoted
=== RUN   TestQuoteCronExpressions/Empty_input
=== RUN   TestQuoteCronExpressions/No_cron_expressions
=== RUN   TestQuoteCronExpressions/Cron_with_extra_whitespace
=== RUN   TestQuoteCronExpressions/Multiple_schedules_in_one_workflow
=== RUN   TestQuoteCronExpressions/Cron_expression_with_slashes_and_commas
=== RUN   TestQuoteCronExpressions/Cron_with_comment_and_extra_spaces
=== RUN   TestQuoteCronExpressions/Only_cron_line_in_input
=== RUN   TestQuoteCronExpressions/Cron_without_list_dash_and_with_indent
--- PASS: TestQuoteCronExpressions (0.00s)
    --- PASS: TestQuoteCronExpressions/Simple_unquoted_cron_expression (0.00s)
    --- PASS: TestQuoteCronExpressions/Already_quoted_cron_expression (0.00s)
    --- PASS: TestQuoteCronExpressions/Single_quoted_cron_expression (0.00s)
    --- PASS: TestQuoteCronExpressions/Multiple_unquoted_cron_expressions (0.00s)
    --- PASS: TestQuoteCronExpressions/Cron_with_trailing_comment (0.00s)
    --- PASS: TestQuoteCronExpressions/Cron_without_dash_prefix (0.00s)
    --- PASS: TestQuoteCronExpressions/Every_minute_cron_(starts_with_asterisk_-_not_matched) (0.00s)
    --- PASS: TestQuoteCronExpressions/Every_5_minutes_cron_(starts_with_asterisk_-_not_matched) (0.00s)
    --- PASS: TestQuoteCronExpressions/Midnight_daily_cron (0.00s)
    --- PASS: TestQuoteCronExpressions/Mixed_quoted_and_unquoted (0.00s)
    --- PASS: TestQuoteCronExpressions/Empty_input (0.00s)
    --- PASS: TestQuoteCronExpressions/No_cron_expressions (0.00s)
    --- PASS: TestQuoteCronExpressions/Cron_with_extra_whitespace (0.00s)
    --- PASS: TestQuoteCronExpressions/Multiple_schedules_in_one_workflow (0.00s)
    --- PASS: TestQuoteCronExpressions/Cron_expression_with_slashes_and_commas (0.00s)
    --- PASS: TestQuoteCronExpressions/Cron_with_comment_and_extra_spaces (0.00s)
    --- PASS: TestQuoteCronExpressions/Only_cron_line_in_input (0.00s)
    --- PASS: TestQuoteCronExpressions/Cron_without_list_dash_and_with_indent (0.00s)
=== RUN   TestBuildCommitLookupAPIPath
=== RUN   TestBuildCommitLookupAPIPath/escapes_refs_containing_slash
=== RUN   TestBuildCommitLookupAPIPath/keeps_plain_refs_readable
--- PASS: TestBuildCommitLookupAPIPath (0.00s)
    --- PASS: TestBuildCommitLookupAPIPath/escapes_refs_containing_slash (0.00s)
    --- PASS: TestBuildCommitLookupAPIPath/keeps_plain_refs_readable (0.00s)
=== RUN   TestBuildContentsAPIPath
=== RUN   TestBuildContentsAPIPath/escapes_refs_with_reserved_query_chars
=== RUN   TestBuildContentsAPIPath/keeps_plain_refs_readable
=== RUN   TestBuildContentsAPIPath/escapes_path_segments_with_reserved_chars
--- PASS: TestBuildContentsAPIPath (0.00s)
    --- PASS: TestBuildContentsAPIPath/escapes_refs_with_reserved_query_chars (0.00s)
    --- PASS: TestBuildContentsAPIPath/keeps_plain_refs_readable (0.00s)
    --- PASS: TestBuildContentsAPIPath/escapes_path_segments_with_reserved_chars (0.00s)
=== RUN   TestGitFallbackRequiresNonEmptyRef
=== RUN   TestGitFallbackRequiresNonEmptyRef/all_files_fallback_validates_ref
=== RUN   TestGitFallbackRequiresNonEmptyRef/subdirs_fallback_validates_ref
--- PASS: TestGitFallbackRequiresNonEmptyRef (0.00s)
    --- PASS: TestGitFallbackRequiresNonEmptyRef/all_files_fallback_validates_ref (0.00s)
    --- PASS: TestGitFallbackRequiresNonEmptyRef/subdirs_fallback_validates_ref (0.00s)
=== RUN   TestListContentsRecursivelyWithDepth_MaxDepthGuard
--- PASS: TestListContentsRecursivelyWithDepth_MaxDepthGuard (0.00s)
=== RUN   TestRuntimeImportExpressionValidation
=== RUN   TestRuntimeImportExpressionValidation/safe_expression_github.actor
=== RUN   TestRuntimeImportExpressionValidation/safe_expression_github.repository
=== RUN   TestRuntimeImportExpressionValidation/safe_expression_github.event.issue.number
=== RUN   TestRuntimeImportExpressionValidation/safe_expression_needs.build.outputs.version
=== RUN   TestRuntimeImportExpressionValidation/safe_expression_steps.test.outputs.result
=== RUN   TestRuntimeImportExpressionValidation/safe_expression_env.NODE_VERSION
=== RUN   TestRuntimeImportExpressionValidation/safe_expression_inputs.version
=== RUN   TestRuntimeImportExpressionValidation/safe_expression_github.event.inputs.branch
=== RUN   TestRuntimeImportExpressionValidation/unsafe_expression_secrets.TOKEN
=== RUN   TestRuntimeImportExpressionValidation/unsafe_expression_runner.os
=== RUN   TestRuntimeImportExpressionValidation/unsafe_expression_github.token
=== RUN   TestRuntimeImportExpressionValidation/unsafe_expression_vars.MY_VAR
=== RUN   TestRuntimeImportExpressionValidation/standalone_string_literal
=== RUN   TestRuntimeImportExpressionValidation/standalone_boolean_literal
=== RUN   TestRuntimeImportExpressionValidation/comparison_expression_with_safe_property
=== RUN   TestRuntimeImportExpressionValidation/AND_compound_safe_×_safe_(no_literals)
=== RUN   TestRuntimeImportExpressionValidation/AND_compound_with_literal_RHS_is_now_refused
=== RUN   TestRuntimeImportExpressionValidation/AND_compound_with_literal_LHS_is_refused
=== RUN   TestRuntimeImportExpressionValidation/ternary-style_AND/OR_chain_is_refused_(literal_in_AND)
=== RUN   TestRuntimeImportExpressionValidation/OR_fallback_pattern_is_still_allowed
=== RUN   TestRuntimeImportExpressionValidation/literal_on_left_of_OR_is_refused
=== RUN   TestRuntimeImportExpressionValidation/unsafe_AND_compound_with_secrets_on_right
=== RUN   TestRuntimeImportExpressionValidation/unsafe_OR_compound_with_secrets_on_right
=== RUN   TestRuntimeImportExpressionValidation/unsafe_comparison_with_secrets_on_right
=== RUN   TestRuntimeImportExpressionValidation/malformed_comparison_with_trailing_unsafe_content
=== RUN   TestRuntimeImportExpressionValidation/unsafe_compound_with_secrets
--- PASS: TestRuntimeImportExpressionValidation (1.54s)
    --- PASS: TestRuntimeImportExpressionValidation/safe_expression_github.actor (0.07s)
    --- PASS: TestRuntimeImportExpressionValidation/safe_expression_github.repository (0.06s)
    --- PASS: TestRuntimeImportExpressionValidation/safe_expression_github.event.issue.number (0.06s)
    --- PASS: TestRuntimeImportExpressionValidation/safe_expression_needs.build.outputs.version (0.05s)
    --- PASS: TestRuntimeImportExpressionValidation/safe_expression_steps.test.outputs.result (0.06s)
    --- PASS: TestRuntimeImportExpressionValidation/safe_expression_env.NODE_VERSION (0.06s)
    --- PASS: TestRuntimeImportExpressionValidation/safe_expression_inputs.version (0.06s)
    --- PASS: TestRuntimeImportExpressionValidation/safe_expression_github.event.inputs.branch (0.05s)
    --- PASS: TestRuntimeImportExpressionValidation/unsafe_expression_secrets.TOKEN (0.07s)
    --- PASS: TestRuntimeImportExpressionValidation/unsafe_expression_runner.os (0.06s)
    --- PASS: TestRuntimeImportExpressionValidation/unsafe_expression_github.token (0.06s)
    --- PASS: TestRuntimeImportExpressionValidation/unsafe_expression_vars.MY_VAR (0.06s)
    --- PASS: TestRuntimeImportExpressionValidation/standalone_string_literal (0.06s)
    --- PASS: TestRuntimeImportExpressionValidation/standalone_boolean_literal (0.06s)
    --- PASS: TestRuntimeImportExpressionValidation/comparison_expression_with_safe_property (0.06s)
    --- PASS: TestRuntimeImportExpressionValidation/AND_compound_safe_×_safe_(no_literals) (0.05s)
    --- PASS: TestRuntimeImportExpressionValidation/AND_compound_with_literal_RHS_is_now_refused (0.06s)
    --- PASS: TestRuntimeImportExpressionValidation/AND_compound_with_literal_LHS_is_refused (0.06s)
    --- PASS: TestRuntimeImportExpressionValidation/ternary-style_AND/OR_chain_is_refused_(literal_in_AND) (0.06s)
    --- PASS: TestRuntimeImportExpressionValidation/OR_fallback_pattern_is_still_allowed (0.06s)
    --- PASS: TestRuntimeImportExpressionValidation/literal_on_left_of_OR_is_refused (0.06s)
    --- PASS: TestRuntimeImportExpressionValidation/unsafe_AND_compound_with_secrets_on_right (0.06s)
    --- PASS: TestRuntimeImportExpressionValidation/unsafe_OR_compound_with_secrets_on_right (0.06s)
    --- PASS: TestRuntimeImportExpressionValidation/unsafe_comparison_with_secrets_on_right (0.06s)
    --- PASS: TestRuntimeImportExpressionValidation/malformed_comparison_with_trailing_unsafe_content (0.06s)
    --- PASS: TestRuntimeImportExpressionValidation/unsafe_compound_with_secrets (0.06s)
=== RUN   TestRuntimeImportProcessExpressions
=== RUN   TestRuntimeImportProcessExpressions/content_with_safe_expressions
=== RUN   TestRuntimeImportProcessExpressions/content_with_unsafe_expression
=== RUN   TestRuntimeImportProcessExpressions/content_with_multiline_expression
=== RUN   TestRuntimeImportProcessExpressions/content_without_expressions
=== RUN   TestRuntimeImportProcessExpressions/content_with_mixed_safe_and_unsafe
--- PASS: TestRuntimeImportProcessExpressions (0.30s)
    --- PASS: TestRuntimeImportProcessExpressions/content_with_safe_expressions (0.06s)
    --- PASS: TestRuntimeImportProcessExpressions/content_with_unsafe_expression (0.06s)
    --- PASS: TestRuntimeImportProcessExpressions/content_with_multiline_expression (0.06s)
    --- PASS: TestRuntimeImportProcessExpressions/content_without_expressions (0.06s)
    --- PASS: TestRuntimeImportProcessExpressions/content_with_mixed_safe_and_unsafe (0.06s)
=== RUN   TestRuntimeImportWithExpressions
=== RUN   TestRuntimeImportWithExpressions/file_with_safe_expressions
=== RUN   TestRuntimeImportWithExpressions/file_with_unsafe_expression
=== RUN   TestRuntimeImportWithExpressions/file_with_mixed_expressions
--- PASS: TestRuntimeImportWithExpressions (0.18s)
    --- PASS: TestRuntimeImportWithExpressions/file_with_safe_expressions (0.06s)
    --- PASS: TestRuntimeImportWithExpressions/file_with_unsafe_expression (0.06s)
    --- PASS: TestRuntimeImportWithExpressions/file_with_mixed_expressions (0.06s)
=== RUN   TestSafeOutputsErrorLocationAtVariousDepths
=== RUN   TestSafeOutputsErrorLocationAtVariousDepths/depth_1_-_direct_child_of_safe-outputs
=== RUN   TestSafeOutputsErrorLocationAtVariousDepths/depth_2_-_nested_under_valid_handler_(original_bug)
=== RUN   TestSafeOutputsErrorLocationAtVariousDepths/depth_2_-_multiple_invalid_properties_at_same_level
=== RUN   TestSafeOutputsErrorLocationAtVariousDepths/depth_3_-_deeply_nested_invalid_property
=== RUN   TestSafeOutputsErrorLocationAtVariousDepths/depth_1_-_error_at_root_safe-outputs_with_valid_children_present
=== RUN   TestSafeOutputsErrorLocationAtVariousDepths/depth_2_-_error_in_first_handler
=== RUN   TestSafeOutputsErrorLocationAtVariousDepths/depth_2_-_error_in_middle_handler
=== RUN   TestSafeOutputsErrorLocationAtVariousDepths/depth_2_-_error_in_last_handler
=== RUN   TestSafeOutputsErrorLocationAtVariousDepths/depth_2_-_multiple_errors,_should_find_first
=== RUN   TestSafeOutputsErrorLocationAtVariousDepths/depth_3_-_nested_in_github-token_config
=== RUN   TestSafeOutputsErrorLocationAtVariousDepths/depth_2_-_error_with_adjacent_valid_properties
=== RUN   TestSafeOutputsErrorLocationAtVariousDepths/depth_4_-_very_deeply_nested_error
--- PASS: TestSafeOutputsErrorLocationAtVariousDepths (0.00s)
    --- PASS: TestSafeOutputsErrorLocationAtVariousDepths/depth_1_-_direct_child_of_safe-outputs (0.00s)
    --- PASS: TestSafeOutputsErrorLocationAtVariousDepths/depth_2_-_nested_under_valid_handler_(original_bug) (0.00s)
    --- PASS: TestSafeOutputsErrorLocationAtVariousDepths/depth_2_-_multiple_invalid_properties_at_same_level (0.00s)
    --- PASS: TestSafeOutputsErrorLocationAtVariousDepths/depth_3_-_deeply_nested_invalid_property (0.00s)
    --- PASS: TestSafeOutputsErrorLocationAtVariousDepths/depth_1_-_error_at_root_safe-outputs_with_valid_children_present (0.00s)
    --- PASS: TestSafeOutputsErrorLocationAtVariousDepths/depth_2_-_error_in_first_handler (0.00s)
    --- PASS: TestSafeOutputsErrorLocationAtVariousDepths/depth_2_-_error_in_middle_handler (0.00s)
    --- PASS: TestSafeOutputsErrorLocationAtVariousDepths/depth_2_-_error_in_last_handler (0.00s)
    --- PASS: TestSafeOutputsErrorLocationAtVariousDepths/depth_2_-_multiple_errors,_should_find_first (0.00s)
    --- PASS: TestSafeOutputsErrorLocationAtVariousDepths/depth_3_-_nested_in_github-token_config (0.00s)
    --- PASS: TestSafeOutputsErrorLocationAtVariousDepths/depth_2_-_error_with_adjacent_valid_properties (0.00s)
    --- PASS: TestSafeOutputsErrorLocationAtVariousDepths/depth_4_-_very_deeply_nested_error (0.00s)
=== RUN   TestSafeOutputsErrorLocationWithComplexYAML
=== RUN   TestSafeOutputsErrorLocationWithComplexYAML/complex_workflow_with_multiple_sections
=== RUN   TestSafeOutputsErrorLocationWithComplexYAML/safe-outputs_with_all_valid_handlers_plus_one_invalid
=== RUN   TestSafeOutputsErrorLocationWithComplexYAML/safe-outputs_with_comments_and_empty_lines
--- PASS: TestSafeOutputsErrorLocationWithComplexYAML (0.00s)
    --- PASS: TestSafeOutputsErrorLocationWithComplexYAML/complex_workflow_with_multiple_sections (0.00s)
    --- PASS: TestSafeOutputsErrorLocationWithComplexYAML/safe-outputs_with_all_valid_handlers_plus_one_invalid (0.00s)
    --- PASS: TestSafeOutputsErrorLocationWithComplexYAML/safe-outputs_with_comments_and_empty_lines (0.00s)
=== RUN   TestSafeOutputsEdgeCases
=== RUN   TestSafeOutputsEdgeCases/empty_safe-outputs_section
=== RUN   TestSafeOutputsEdgeCases/safe-outputs_with_only_whitespace
=== RUN   TestSafeOutputsEdgeCases/deeply_nested_with_arrays
=== RUN   TestSafeOutputsEdgeCases/non-existent_path
--- PASS: TestSafeOutputsEdgeCases (0.00s)
    --- PASS: TestSafeOutputsEdgeCases/empty_safe-outputs_section (0.00s)
    --- PASS: TestSafeOutputsEdgeCases/safe-outputs_with_only_whitespace (0.00s)
    --- PASS: TestSafeOutputsEdgeCases/deeply_nested_with_arrays (0.00s)
    --- PASS: TestSafeOutputsEdgeCases/non-existent_path (0.00s)
=== RUN   TestValidateWithSchemaAndLocationReportsAllSafeOutputFailures
=== PAUSE TestValidateWithSchemaAndLocationReportsAllSafeOutputFailures
=== RUN   TestFormatSchemaFailureDetailEmptyPath
=== PAUSE TestFormatSchemaFailureDetailEmptyPath
=== RUN   TestFormatSchemaFailureDetailLineColumn
=== PAUSE TestFormatSchemaFailureDetailLineColumn
=== RUN   TestValidateWithSchemaAndLocationSingleFailureNoBulletPrefix
=== PAUSE TestValidateWithSchemaAndLocationSingleFailureNoBulletPrefix
=== RUN   TestStripDetailLinePrefix
=== PAUSE TestStripDetailLinePrefix
=== RUN   TestFormatSchemaFailureDetailNoDuplicateSuggestions
=== PAUSE TestFormatSchemaFailureDetailNoDuplicateSuggestions
=== RUN   TestValidateWithSchemaAndLocationSingleFailureStripsPathPrefix
=== PAUSE TestValidateWithSchemaAndLocationSingleFailureStripsPathPrefix
=== RUN   TestIsCronExpression
=== RUN   TestIsCronExpression/midnight_daily
=== RUN   TestIsCronExpression/every_15_minutes
=== RUN   TestIsCronExpression/weekdays_at_2pm
=== RUN   TestIsCronExpression/monday_at_6:30am
=== RUN   TestIsCronExpression/christmas_noon
=== RUN   TestIsCronExpression/natural_language_daily
=== RUN   TestIsCronExpression/natural_language_weekly
=== RUN   TestIsCronExpression/natural_language_interval
=== RUN   TestIsCronExpression/too_few_fields
=== RUN   TestIsCronExpression/too_many_fields
=== RUN   TestIsCronExpression/extra_tokens
=== RUN   TestIsCronExpression/invalid_expression
=== RUN   TestIsCronExpression/empty_string
--- PASS: TestIsCronExpression (0.00s)
    --- PASS: TestIsCronExpression/midnight_daily (0.00s)
    --- PASS: TestIsCronExpression/every_15_minutes (0.00s)
    --- PASS: TestIsCronExpression/weekdays_at_2pm (0.00s)
    --- PASS: TestIsCronExpression/monday_at_6:30am (0.00s)
    --- PASS: TestIsCronExpression/christmas_noon (0.00s)
    --- PASS: TestIsCronExpression/natural_language_daily (0.00s)
    --- PASS: TestIsCronExpression/natural_language_weekly (0.00s)
    --- PASS: TestIsCronExpression/natural_language_interval (0.00s)
    --- PASS: TestIsCronExpression/too_few_fields (0.00s)
    --- PASS: TestIsCronExpression/too_many_fields (0.00s)
    --- PASS: TestIsCronExpression/extra_tokens (0.00s)
    --- PASS: TestIsCronExpression/invalid_expression (0.00s)
    --- PASS: TestIsCronExpression/empty_string (0.00s)
=== RUN   TestIsDailyCron
=== RUN   TestIsDailyCron/midnight
=== RUN   TestIsDailyCron/2:30pm
=== RUN   TestIsDailyCron/9am
=== RUN   TestIsDailyCron/interval_-_not_daily
=== RUN   TestIsDailyCron/monthly_-_not_daily
=== RUN   TestIsDailyCron/weekly_-_not_daily
=== RUN   TestIsDailyCron/weekdays_only_-_not_daily
=== RUN   TestIsDailyCron/invalid
=== RUN   TestIsDailyCron/empty_string
--- PASS: TestIsDailyCron (0.00s)
    --- PASS: TestIsDailyCron/midnight (0.00s)
    --- PASS: TestIsDailyCron/2:30pm (0.00s)
    --- PASS: TestIsDailyCron/9am (0.00s)
    --- PASS: TestIsDailyCron/interval_-_not_daily (0.00s)
    --- PASS: TestIsDailyCron/monthly_-_not_daily (0.00s)
    --- PASS: TestIsDailyCron/weekly_-_not_daily (0.00s)
    --- PASS: TestIsDailyCron/weekdays_only_-_not_daily (0.00s)
    --- PASS: TestIsDailyCron/invalid (0.00s)
    --- PASS: TestIsDailyCron/empty_string (0.00s)
=== RUN   TestIsHourlyCron
=== RUN   TestIsHourlyCron/every_hour_at_:00
=== RUN   TestIsHourlyCron/every_2_hours_at_:30
=== RUN   TestIsHourlyCron/every_6_hours_at_:15
=== RUN   TestIsHourlyCron/daily_-_not_hourly
=== RUN   TestIsHourlyCron/minute_interval_-_not_hourly
=== RUN   TestIsHourlyCron/monthly_-_not_hourly
=== RUN   TestIsHourlyCron/invalid
=== RUN   TestIsHourlyCron/empty_string
--- PASS: TestIsHourlyCron (0.00s)
    --- PASS: TestIsHourlyCron/every_hour_at_:00 (0.00s)
    --- PASS: TestIsHourlyCron/every_2_hours_at_:30 (0.00s)
    --- PASS: TestIsHourlyCron/every_6_hours_at_:15 (0.00s)
    --- PASS: TestIsHourlyCron/daily_-_not_hourly (0.00s)
    --- PASS: TestIsHourlyCron/minute_interval_-_not_hourly (0.00s)
    --- PASS: TestIsHourlyCron/monthly_-_not_hourly (0.00s)
    --- PASS: TestIsHourlyCron/invalid (0.00s)
    --- PASS: TestIsHourlyCron/empty_string (0.00s)
=== RUN   TestIsWeeklyCron
=== RUN   TestIsWeeklyCron/monday_midnight
=== RUN   TestIsWeeklyCron/friday_2:30pm
=== RUN   TestIsWeeklyCron/sunday_9am
=== RUN   TestIsWeeklyCron/saturday_5pm
=== RUN   TestIsWeeklyCron/interval_-_not_weekly
=== RUN   TestIsWeeklyCron/monthly_-_not_weekly
=== RUN   TestIsWeeklyCron/daily_-_not_weekly
=== RUN   TestIsWeeklyCron/weekday_range_-_not_simple_weekly
=== RUN   TestIsWeeklyCron/DOW_7_-_out_of_range
=== RUN   TestIsWeeklyCron/invalid
=== RUN   TestIsWeeklyCron/empty_string
--- PASS: TestIsWeeklyCron (0.00s)
    --- PASS: TestIsWeeklyCron/monday_midnight (0.00s)
    --- PASS: TestIsWeeklyCron/friday_2:30pm (0.00s)
    --- PASS: TestIsWeeklyCron/sunday_9am (0.00s)
    --- PASS: TestIsWeeklyCron/saturday_5pm (0.00s)
    --- PASS: TestIsWeeklyCron/interval_-_not_weekly (0.00s)
    --- PASS: TestIsWeeklyCron/monthly_-_not_weekly (0.00s)
    --- PASS: TestIsWeeklyCron/daily_-_not_weekly (0.00s)
    --- PASS: TestIsWeeklyCron/weekday_range_-_not_simple_weekly (0.00s)
    --- PASS: TestIsWeeklyCron/DOW_7_-_out_of_range (0.00s)
    --- PASS: TestIsWeeklyCron/invalid (0.00s)
    --- PASS: TestIsWeeklyCron/empty_string (0.00s)
=== RUN   TestIsFuzzyCron
=== RUN   TestIsFuzzyCron/fuzzy_daily
=== RUN   TestIsFuzzyCron/fuzzy_hourly
=== RUN   TestIsFuzzyCron/fuzzy_weekly
=== RUN   TestIsFuzzyCron/real_cron_-_not_fuzzy
=== RUN   TestIsFuzzyCron/natural_language_-_not_fuzzy
=== RUN   TestIsFuzzyCron/lowercase_prefix_-_not_fuzzy
=== RUN   TestIsFuzzyCron/missing_colon_-_not_fuzzy
=== RUN   TestIsFuzzyCron/empty_string
--- PASS: TestIsFuzzyCron (0.00s)
    --- PASS: TestIsFuzzyCron/fuzzy_daily (0.00s)
    --- PASS: TestIsFuzzyCron/fuzzy_hourly (0.00s)
    --- PASS: TestIsFuzzyCron/fuzzy_weekly (0.00s)
    --- PASS: TestIsFuzzyCron/real_cron_-_not_fuzzy (0.00s)
    --- PASS: TestIsFuzzyCron/natural_language_-_not_fuzzy (0.00s)
    --- PASS: TestIsFuzzyCron/lowercase_prefix_-_not_fuzzy (0.00s)
    --- PASS: TestIsFuzzyCron/missing_colon_-_not_fuzzy (0.00s)
    --- PASS: TestIsFuzzyCron/empty_string (0.00s)
=== RUN   TestScatterSchedule
=== RUN   TestScatterSchedule/valid_fuzzy_daily
=== RUN   TestScatterSchedule/not_a_fuzzy_cron
=== RUN   TestScatterSchedule/invalid_fuzzy_pattern
--- PASS: TestScatterSchedule (0.00s)
    --- PASS: TestScatterSchedule/valid_fuzzy_daily (0.00s)
    --- PASS: TestScatterSchedule/not_a_fuzzy_cron (0.00s)
    --- PASS: TestScatterSchedule/invalid_fuzzy_pattern (0.00s)
=== RUN   TestScatterScheduleDeterministic
--- PASS: TestScatterScheduleDeterministic (0.00s)
=== RUN   TestScatterScheduleHourly
=== RUN   TestScatterScheduleHourly/valid_fuzzy_hourly_1h
=== RUN   TestScatterScheduleHourly/valid_fuzzy_hourly_6h
--- PASS: TestScatterScheduleHourly (0.00s)
    --- PASS: TestScatterScheduleHourly/valid_fuzzy_hourly_1h (0.00s)
    --- PASS: TestScatterScheduleHourly/valid_fuzzy_hourly_6h (0.00s)
=== RUN   TestScatterScheduleDailyAround
=== RUN   TestScatterScheduleDailyAround/valid_fuzzy_daily_around_9am
=== RUN   TestScatterScheduleDailyAround/valid_fuzzy_daily_around_14:30
=== RUN   TestScatterScheduleDailyAround/valid_fuzzy_daily_around_midnight
=== RUN   TestScatterScheduleDailyAround/valid_fuzzy_daily_around_23:30
--- PASS: TestScatterScheduleDailyAround (0.00s)
    --- PASS: TestScatterScheduleDailyAround/valid_fuzzy_daily_around_9am (0.00s)
    --- PASS: TestScatterScheduleDailyAround/valid_fuzzy_daily_around_14:30 (0.00s)
    --- PASS: TestScatterScheduleDailyAround/valid_fuzzy_daily_around_midnight (0.00s)
    --- PASS: TestScatterScheduleDailyAround/valid_fuzzy_daily_around_23:30 (0.00s)
=== RUN   TestScatterScheduleDailyAroundDeterministic
--- PASS: TestScatterScheduleDailyAroundDeterministic (0.00s)
=== RUN   TestScatterScheduleWeekly
=== RUN   TestScatterScheduleWeekly/valid_fuzzy_weekly
=== RUN   TestScatterScheduleWeekly/valid_fuzzy_weekly_on_monday
=== RUN   TestScatterScheduleWeekly/valid_fuzzy_weekly_on_friday
--- PASS: TestScatterScheduleWeekly (0.00s)
    --- PASS: TestScatterScheduleWeekly/valid_fuzzy_weekly (0.00s)
    --- PASS: TestScatterScheduleWeekly/valid_fuzzy_weekly_on_monday (0.00s)
    --- PASS: TestScatterScheduleWeekly/valid_fuzzy_weekly_on_friday (0.00s)
=== RUN   TestScatterScheduleWeeklyDeterministic
--- PASS: TestScatterScheduleWeeklyDeterministic (0.00s)
=== RUN   TestScatterScheduleWeeklyOnDayDeterministic
--- PASS: TestScatterScheduleWeeklyOnDayDeterministic (0.00s)
=== RUN   TestScatterScheduleWeeklyAround
=== RUN   TestScatterScheduleWeeklyAround/valid_fuzzy_weekly_around_monday_9am
=== RUN   TestScatterScheduleWeeklyAround/valid_fuzzy_weekly_around_friday_17:00
=== RUN   TestScatterScheduleWeeklyAround/valid_fuzzy_weekly_around_sunday_midnight
=== RUN   TestScatterScheduleWeeklyAround/valid_fuzzy_weekly_around_wednesday_14:30
--- PASS: TestScatterScheduleWeeklyAround (0.00s)
    --- PASS: TestScatterScheduleWeeklyAround/valid_fuzzy_weekly_around_monday_9am (0.00s)
    --- PASS: TestScatterScheduleWeeklyAround/valid_fuzzy_weekly_around_friday_17:00 (0.00s)
    --- PASS: TestScatterScheduleWeeklyAround/valid_fuzzy_weekly_around_sunday_midnight (0.00s)
    --- PASS: TestScatterScheduleWeeklyAround/valid_fuzzy_weekly_around_wednesday_14:30 (0.00s)
=== RUN   TestScatterScheduleWeeklyAroundDeterministic
--- PASS: TestScatterScheduleWeeklyAroundDeterministic (0.00s)
=== RUN   TestScatterScheduleBiWeekly
=== RUN   TestScatterScheduleBiWeekly/bi-weekly_fuzzy
=== RUN   TestScatterScheduleBiWeekly/bi-weekly_with_different_workflow
--- PASS: TestScatterScheduleBiWeekly (0.00s)
    --- PASS: TestScatterScheduleBiWeekly/bi-weekly_fuzzy (0.00s)
    --- PASS: TestScatterScheduleBiWeekly/bi-weekly_with_different_workflow (0.00s)
=== RUN   TestScatterScheduleTriWeekly
=== RUN   TestScatterScheduleTriWeekly/tri-weekly_fuzzy
=== RUN   TestScatterScheduleTriWeekly/tri-weekly_with_different_workflow
--- PASS: TestScatterScheduleTriWeekly (0.00s)
    --- PASS: TestScatterScheduleTriWeekly/tri-weekly_fuzzy (0.00s)
    --- PASS: TestScatterScheduleTriWeekly/tri-weekly_with_different_workflow (0.00s)
=== RUN   TestStableHash
--- PASS: TestStableHash (0.00s)
=== RUN   TestScatterScheduleWeekdays
=== RUN   TestScatterScheduleWeekdays/FUZZY:DAILY_WEEKDAYS
=== RUN   TestScatterScheduleWeekdays/FUZZY:HOURLY_WEEKDAYS/1
=== RUN   TestScatterScheduleWeekdays/FUZZY:HOURLY_WEEKDAYS/2
=== RUN   TestScatterScheduleWeekdays/FUZZY:DAILY_AROUND_WEEKDAYS
=== RUN   TestScatterScheduleWeekdays/FUZZY:DAILY_BETWEEN_WEEKDAYS
--- PASS: TestScatterScheduleWeekdays (0.00s)
    --- PASS: TestScatterScheduleWeekdays/FUZZY:DAILY_WEEKDAYS (0.00s)
    --- PASS: TestScatterScheduleWeekdays/FUZZY:HOURLY_WEEKDAYS/1 (0.00s)
    --- PASS: TestScatterScheduleWeekdays/FUZZY:HOURLY_WEEKDAYS/2 (0.00s)
    --- PASS: TestScatterScheduleWeekdays/FUZZY:DAILY_AROUND_WEEKDAYS (0.00s)
    --- PASS: TestScatterScheduleWeekdays/FUZZY:DAILY_BETWEEN_WEEKDAYS (0.00s)
=== RUN   TestScatterScheduleAvoidsHourBoundary
=== RUN   TestScatterScheduleAvoidsHourBoundary/FUZZY:DAILY_*_*_*/workflow-a.md
=== RUN   TestScatterScheduleAvoidsHourBoundary/FUZZY:DAILY_*_*_*/workflow-b.md
=== RUN   TestScatterScheduleAvoidsHourBoundary/FUZZY:DAILY_*_*_*/repo/workflow-c.md
=== RUN   TestScatterScheduleAvoidsHourBoundary/FUZZY:DAILY_*_*_*/test-workflow
=== RUN   TestScatterScheduleAvoidsHourBoundary/FUZZY:DAILY_*_*_*/daily-security-scan
=== RUN   TestScatterScheduleAvoidsHourBoundary/FUZZY:DAILY_*_*_*/weekly-report
=== RUN   TestScatterScheduleAvoidsHourBoundary/FUZZY:DAILY_*_*_*/hourly-checker
=== RUN   TestScatterScheduleAvoidsHourBoundary/FUZZY:DAILY_*_*_*/my-org/my-repo/my-workflow.md
=== RUN   TestScatterScheduleAvoidsHourBoundary/FUZZY:DAILY_WEEKDAYS_*_*_*/workflow-a.md
=== RUN   TestScatterScheduleAvoidsHourBoundary/FUZZY:DAILY_WEEKDAYS_*_*_*/workflow-b.md
=== RUN   TestScatterScheduleAvoidsHourBoundary/FUZZY:DAILY_WEEKDAYS_*_*_*/repo/workflow-c.md
=== RUN   TestScatterScheduleAvoidsHourBoundary/FUZZY:DAILY_WEEKDAYS_*_*_*/test-workflow
=== RUN   TestScatterScheduleAvoidsHourBoundary/FUZZY:DAILY_WEEKDAYS_*_*_*/daily-security-scan
=== RUN   TestScatterScheduleAvoidsHourBoundary/FUZZY:DAILY_WEEKDAYS_*_*_*/weekly-report
=== RUN   TestScatterScheduleAvoidsHourBoundary/FUZZY:DAILY_WEEKDAYS_*_*_*/hourly-checker
=== RUN   TestScatterScheduleAvoidsHourBoundary/FUZZY:DAILY_WEEKDAYS_*_*_*/my-org/my-repo/my-workflow.md
=== RUN   TestScatterScheduleAvoidsHourBoundary/FUZZY:HOURLY/1_*_*_*/workflow-a.md
=== RUN   TestScatterScheduleAvoidsHourBoundary/FUZZY:HOURLY/1_*_*_*/workflow-b.md
=== RUN   TestScatterScheduleAvoidsHourBoundary/FUZZY:HOURLY/1_*_*_*/repo/workflow-c.md
=== RUN   TestScatterScheduleAvoidsHourBoundary/FUZZY:HOURLY/1_*_*_*/test-workflow
=== RUN   TestScatterScheduleAvoidsHourBoundary/FUZZY:HOURLY/1_*_*_*/daily-security-scan
=== RUN   TestScatterScheduleAvoidsHourBoundary/FUZZY:HOURLY/1_*_*_*/weekly-report
=== RUN   TestScatterScheduleAvoidsHourBoundary/FUZZY:HOURLY/1_*_*_*/hourly-checker
=== RUN   TestScatterScheduleAvoidsHourBoundary/FUZZY:HOURLY/1_*_*_*/my-org/my-repo/my-workflow.md
=== RUN   TestScatterScheduleAvoidsHourBoundary/FUZZY:HOURLY/2_*_*_*/workflow-a.md
=== RUN   TestScatterScheduleAvoidsHourBoundary/FUZZY:HOURLY/2_*_*_*/workflow-b.md
=== RUN   TestScatterScheduleAvoidsHourBoundary/FUZZY:HOURLY/2_*_*_*/repo/workflow-c.md
=== RUN   TestScatterScheduleAvoidsHourBoundary/FUZZY:HOURLY/2_*_*_*/test-workflow
=== RUN   TestScatterScheduleAvoidsHourBoundary/FUZZY:HOURLY/2_*_*_*/daily-security-scan
=== RUN   TestScatterScheduleAvoidsHourBoundary/FUZZY:HOURLY/2_*_*_*/weekly-report
=== RUN   TestScatterScheduleAvoidsHourBoundary/FUZZY:HOURLY/2_*_*_*/hourly-checker
=== RUN   TestScatterScheduleAvoidsHourBoundary/FUZZY:HOURLY/2_*_*_*/my-org/my-repo/my-workflow.md
=== RUN   TestScatterScheduleAvoidsHourBoundary/FUZZY:HOURLY/6_*_*_*/workflow-a.md
=== RUN   TestScatterScheduleAvoidsHourBoundary/FUZZY:HOURLY/6_*_*_*/workflow-b.md
=== RUN   TestScatterScheduleAvoidsHourBoundary/FUZZY:HOURLY/6_*_*_*/repo/workflow-c.md
=== RUN   TestScatterScheduleAvoidsHourBoundary/FUZZY:HOURLY/6_*_*_*/test-workflow
=== RUN   TestScatterScheduleAvoidsHourBoundary/FUZZY:HOURLY/6_*_*_*/daily-security-scan
=== RUN   TestScatterScheduleAvoidsHourBoundary/FUZZY:HOURLY/6_*_*_*/weekly-report
=== RUN   TestScatterScheduleAvoidsHourBoundary/FUZZY:HOURLY/6_*_*_*/hourly-checker
=== RUN   TestScatterScheduleAvoidsHourBoundary/FUZZY:HOURLY/6_*_*_*/my-org/my-repo/my-workflow.md
=== RUN   TestScatterScheduleAvoidsHourBoundary/FUZZY:HOURLY_WEEKDAYS/1_*_*_*/workflow-a.md
=== RUN   TestScatterScheduleAvoidsHourBoundary/FUZZY:HOURLY_WEEKDAYS/1_*_*_*/workflow-b.md
=== RUN   TestScatterScheduleAvoidsHourBoundary/FUZZY:HOURLY_WEEKDAYS/1_*_*_*/repo/workflow-c.md
=== RUN   TestScatterScheduleAvoidsHourBoundary/FUZZY:HOURLY_WEEKDAYS/1_*_*_*/test-workflow
=== RUN   TestScatterScheduleAvoidsHourBoundary/FUZZY:HOURLY_WEEKDAYS/1_*_*_*/daily-security-scan
=== RUN   TestScatterScheduleAvoidsHourBoundary/FUZZY:HOURLY_WEEKDAYS/1_*_*_*/weekly-report
=== RUN   TestScatterScheduleAvoidsHourBoundary/FUZZY:HOURLY_WEEKDAYS/1_*_*_*/hourly-checker
=== RUN   TestScatterScheduleAvoidsHourBoundary/FUZZY:HOURLY_WEEKDAYS/1_*_*_*/my-org/my-repo/my-workflow.md
=== RUN   TestScatterScheduleAvoidsHourBoundary/FUZZY:HOURLY_WEEKDAYS/4_*_*_*/workflow-a.md
=== RUN   TestScatterScheduleAvoidsHourBoundary/FUZZY:HOURLY_WEEKDAYS/4_*_*_*/workflow-b.md
=== RUN   TestScatterScheduleAvoidsHourBoundary/FUZZY:HOURLY_WEEKDAYS/4_*_*_*/repo/workflow-c.md
=== RUN   TestScatterScheduleAvoidsHourBoundary/FUZZY:HOURLY_WEEKDAYS/4_*_*_*/test-workflow
=== RUN   TestScatterScheduleAvoidsHourBoundary/FUZZY:HOURLY_WEEKDAYS/4_*_*_*/daily-security-scan
=== RUN   TestScatterScheduleAvoidsHourBoundary/FUZZY:HOURLY_WEEKDAYS/4_*_*_*/weekly-report
=== RUN   TestScatterScheduleAvoidsHourBoundary/FUZZY:HOURLY_WEEKDAYS/4_*_*_*/hourly-checker
=== RUN   TestScatterScheduleAvoidsHourBoundary/FUZZY:HOURLY_WEEKDAYS/4_*_*_*/my-org/my-repo/my-workflow.md
=== RUN   TestScatterScheduleAvoidsHourBoundary/FUZZY:DAILY_AROUND:9:0_*_*_*/workflow-a.md
=== RUN   TestScatterScheduleAvoidsHourBoundary/FUZZY:DAILY_AROUND:9:0_*_*_*/workflow-b.md
=== RUN   TestScatterScheduleAvoidsHourBoundary/FUZZY:DAILY_AROUND:9:0_*_*_*/repo/workflow-c.md
=== RUN   TestScatterScheduleAvoidsHourBoundary/FUZZY:DAILY_AROUND:9:0_*_*_*/test-workflow
=== RUN   TestScatterScheduleAvoidsHourBoundary/FUZZY:DAILY_AROUND:9:0_*_*_*/daily-security-scan
=== RUN   TestScatterScheduleAvoidsHourBoundary/FUZZY:DAILY_AROUND:9:0_*_*_*/weekly-report
=== RUN   TestScatterScheduleAvoidsHourBoundary/FUZZY:DAILY_AROUND:9:0_*_*_*/hourly-checker
=== RUN   TestScatterScheduleAvoidsHourBoundary/FUZZY:DAILY_AROUND:9:0_*_*_*/my-org/my-repo/my-workflow.md
=== RUN   TestScatterScheduleAvoidsHourBoundary/FUZZY:DAILY_AROUND:0:0_*_*_*/workflow-a.md
=== RUN   TestScatterScheduleAvoidsHourBoundary/FUZZY:DAILY_AROUND:0:0_*_*_*/workflow-b.md
=== RUN   TestScatterScheduleAvoidsHourBoundary/FUZZY:DAILY_AROUND:0:0_*_*_*/repo/workflow-c.md
=== RUN   TestScatterScheduleAvoidsHourBoundary/FUZZY:DAILY_AROUND:0:0_*_*_*/test-workflow
=== RUN   TestScatterScheduleAvoidsHourBoundary/FUZZY:DAILY_AROUND:0:0_*_*_*/daily-security-scan
=== RUN   TestScatterScheduleAvoidsHourBoundary/FUZZY:DAILY_AROUND:0:0_*_*_*/weekly-report
=== RUN   TestScatterScheduleAvoidsHourBoundary/FUZZY:DAILY_AROUND:0:0_*_*_*/hourly-checker
=== RUN   TestScatterScheduleAvoidsHourBoundary/FUZZY:DAILY_AROUND:0:0_*_*_*/my-org/my-repo/my-workflow.md
=== RUN   TestScatterScheduleAvoidsHourBoundary/FUZZY:DAILY_AROUND:23:30_*_*_*/workflow-a.md
=== RUN   TestScatterScheduleAvoidsHourBoundary/FUZZY:DAILY_AROUND:23:30_*_*_*/workflow-b.md
=== RUN   TestScatterScheduleAvoidsHourBoundary/FUZZY:DAILY_AROUND:23:30_*_*_*/repo/workflow-c.md
=== RUN   TestScatterScheduleAvoidsHourBoundary/FUZZY:DAILY_AROUND:23:30_*_*_*/test-workflow
=== RUN   TestScatterScheduleAvoidsHourBoundary/FUZZY:DAILY_AROUND:23:30_*_*_*/daily-security-scan
=== RUN   TestScatterScheduleAvoidsHourBoundary/FUZZY:DAILY_AROUND:23:30_*_*_*/weekly-report
=== RUN   TestScatterScheduleAvoidsHourBoundary/FUZZY:DAILY_AROUND:23:30_*_*_*/hourly-checker
=== RUN   TestScatterScheduleAvoidsHourBoundary/FUZZY:DAILY_AROUND:23:30_*_*_*/my-org/my-repo/my-workflow.md
=== RUN   TestScatterScheduleAvoidsHourBoundary/FUZZY:DAILY_AROUND_WEEKDAYS:14:0_*_*_*/workflow-a.md
=== RUN   TestScatterScheduleAvoidsHourBoundary/FUZZY:DAILY_AROUND_WEEKDAYS:14:0_*_*_*/workflow-b.md
=== RUN   TestScatterScheduleAvoidsHourBoundary/FUZZY:DAILY_AROUND_WEEKDAYS:14:0_*_*_*/repo/workflow-c.md
=== RUN   TestScatterScheduleAvoidsHourBoundary/FUZZY:DAILY_AROUND_WEEKDAYS:14:0_*_*_*/test-workflow
=== RUN   TestScatterScheduleAvoidsHourBoundary/FUZZY:DAILY_AROUND_WEEKDAYS:14:0_*_*_*/daily-security-scan
=== RUN   TestScatterScheduleAvoidsHourBoundary/FUZZY:DAILY_AROUND_WEEKDAYS:14:0_*_*_*/weekly-report
=== RUN   TestScatterScheduleAvoidsHourBoundary/FUZZY:DAILY_AROUND_WEEKDAYS:14:0_*_*_*/hourly-checker
=== RUN   TestScatterScheduleAvoidsHourBoundary/FUZZY:DAILY_AROUND_WEEKDAYS:14:0_*_*_*/my-org/my-repo/my-workflow.md
=== RUN   TestScatterScheduleAvoidsHourBoundary/FUZZY:DAILY_BETWEEN:9:0:17:0_*_*_*/workflow-a.md
=== RUN   TestScatterScheduleAvoidsHourBoundary/FUZZY:DAILY_BETWEEN:9:0:17:0_*_*_*/workflow-b.md
=== RUN   TestScatterScheduleAvoidsHourBoundary/FUZZY:DAILY_BETWEEN:9:0:17:0_*_*_*/repo/workflow-c.md
=== RUN   TestScatterScheduleAvoidsHourBoundary/FUZZY:DAILY_BETWEEN:9:0:17:0_*_*_*/test-workflow
=== RUN   TestScatterScheduleAvoidsHourBoundary/FUZZY:DAILY_BETWEEN:9:0:17:0_*_*_*/daily-security-scan
=== RUN   TestScatterScheduleAvoidsHourBoundary/FUZZY:DAILY_BETWEEN:9:0:17:0_*_*_*/weekly-report
=== RUN   TestScatterScheduleAvoidsHourBoundary/FUZZY:DAILY_BETWEEN:9:0:17:0_*_*_*/hourly-checker
=== RUN   TestScatterScheduleAvoidsHourBoundary/FUZZY:DAILY_BETWEEN:9:0:17:0_*_*_*/my-org/my-repo/my-workflow.md
=== RUN   TestScatterScheduleAvoidsHourBoundary/FUZZY:DAILY_BETWEEN:22:0:2:0_*_*_*/workflow-a.md
=== RUN   TestScatterScheduleAvoidsHourBoundary/FUZZY:DAILY_BETWEEN:22:0:2:0_*_*_*/workflow-b.md
=== RUN   TestScatterScheduleAvoidsHourBoundary/FUZZY:DAILY_BETWEEN:22:0:2:0_*_*_*/repo/workflow-c.md
=== RUN   TestScatterScheduleAvoidsHourBoundary/FUZZY:DAILY_BETWEEN:22:0:2:0_*_*_*/test-workflow
=== RUN   TestScatterScheduleAvoidsHourBoundary/FUZZY:DAILY_BETWEEN:22:0:2:0_*_*_*/daily-security-scan
=== RUN   TestScatterScheduleAvoidsHourBoundary/FUZZY:DAILY_BETWEEN:22:0:2:0_*_*_*/weekly-report
=== RUN   TestScatterScheduleAvoidsHourBoundary/FUZZY:DAILY_BETWEEN:22:0:2:0_*_*_*/hourly-checker
=== RUN   TestScatterScheduleAvoidsHourBoundary/FUZZY:DAILY_BETWEEN:22:0:2:0_*_*_*/my-org/my-repo/my-workflow.md
=== RUN   TestScatterScheduleAvoidsHourBoundary/FUZZY:DAILY_BETWEEN_WEEKDAYS:8:30:18:0_*_*_*/workflow-a.md
=== RUN   TestScatterScheduleAvoidsHourBoundary/FUZZY:DAILY_BETWEEN_WEEKDAYS:8:30:18:0_*_*_*/workflow-b.md
=== RUN   TestScatterScheduleAvoidsHourBoundary/FUZZY:DAILY_BETWEEN_WEEKDAYS:8:30:18:0_*_*_*/repo/workflow-c.md
=== RUN   TestScatterScheduleAvoidsHourBoundary/FUZZY:DAILY_BETWEEN_WEEKDAYS:8:30:18:0_*_*_*/test-workflow
=== RUN   TestScatterScheduleAvoidsHourBoundary/FUZZY:DAILY_BETWEEN_WEEKDAYS:8:30:18:0_*_*_*/daily-security-scan
=== RUN   TestScatterScheduleAvoidsHourBoundary/FUZZY:DAILY_BETWEEN_WEEKDAYS:8:30:18:0_*_*_*/weekly-report
=== RUN   TestScatterScheduleAvoidsHourBoundary/FUZZY:DAILY_BETWEEN_WEEKDAYS:8:30:18:0_*_*_*/hourly-checker
=== RUN   TestScatterScheduleAvoidsHourBoundary/FUZZY:DAILY_BETWEEN_WEEKDAYS:8:30:18:0_*_*_*/my-org/my-repo/my-workflow.md
=== RUN   TestScatterScheduleAvoidsHourBoundary/FUZZY:WEEKLY_*_*_*/workflow-a.md
=== RUN   TestScatterScheduleAvoidsHourBoundary/FUZZY:WEEKLY_*_*_*/workflow-b.md
=== RUN   TestScatterScheduleAvoidsHourBoundary/FUZZY:WEEKLY_*_*_*/repo/workflow-c.md
=== RUN   TestScatterScheduleAvoidsHourBoundary/FUZZY:WEEKLY_*_*_*/test-workflow
=== RUN   TestScatterScheduleAvoidsHourBoundary/FUZZY:WEEKLY_*_*_*/daily-security-scan
=== RUN   TestScatterScheduleAvoidsHourBoundary/FUZZY:WEEKLY_*_*_*/weekly-report
=== RUN   TestScatterScheduleAvoidsHourBoundary/FUZZY:WEEKLY_*_*_*/hourly-checker
=== RUN   TestScatterScheduleAvoidsHourBoundary/FUZZY:WEEKLY_*_*_*/my-org/my-repo/my-workflow.md
=== RUN   TestScatterScheduleAvoidsHourBoundary/FUZZY:WEEKLY:1_*_*_*/workflow-a.md
=== RUN   TestScatterScheduleAvoidsHourBoundary/FUZZY:WEEKLY:1_*_*_*/workflow-b.md
=== RUN   TestScatterScheduleAvoidsHourBoundary/FUZZY:WEEKLY:1_*_*_*/repo/workflow-c.md
=== RUN   TestScatterScheduleAvoidsHourBoundary/FUZZY:WEEKLY:1_*_*_*/test-workflow
=== RUN   TestScatterScheduleAvoidsHourBoundary/FUZZY:WEEKLY:1_*_*_*/daily-security-scan
=== RUN   TestScatterScheduleAvoidsHourBoundary/FUZZY:WEEKLY:1_*_*_*/weekly-report
=== RUN   TestScatterScheduleAvoidsHourBoundary/FUZZY:WEEKLY:1_*_*_*/hourly-checker
=== RUN   TestScatterScheduleAvoidsHourBoundary/FUZZY:WEEKLY:1_*_*_*/my-org/my-repo/my-workflow.md
=== RUN   TestScatterScheduleAvoidsHourBoundary/FUZZY:WEEKLY:5_*_*_*/workflow-a.md
=== RUN   TestScatterScheduleAvoidsHourBoundary/FUZZY:WEEKLY:5_*_*_*/workflow-b.md
=== RUN   TestScatterScheduleAvoidsHourBoundary/FUZZY:WEEKLY:5_*_*_*/repo/workflow-c.md
=== RUN   TestScatterScheduleAvoidsHourBoundary/FUZZY:WEEKLY:5_*_*_*/test-workflow
=== RUN   TestScatterScheduleAvoidsHourBoundary/FUZZY:WEEKLY:5_*_*_*/daily-security-scan
=== RUN   TestScatterScheduleAvoidsHourBoundary/FUZZY:WEEKLY:5_*_*_*/weekly-report
=== RUN   TestScatterScheduleAvoidsHourBoundary/FUZZY:WEEKLY:5_*_*_*/hourly-checker
=== RUN   TestScatterScheduleAvoidsHourBoundary/FUZZY:WEEKLY:5_*_*_*/my-org/my-repo/my-workflow.md
=== RUN   TestScatterScheduleAvoidsHourBoundary/FUZZY:WEEKLY_AROUND:1:9:0_*_*_*/workflow-a.md
=== RUN   TestScatterScheduleAvoidsHourBoundary/FUZZY:WEEKLY_AROUND:1:9:0_*_*_*/workflow-b.md
=== RUN   TestScatterScheduleAvoidsHourBoundary/FUZZY:WEEKLY_AROUND:1:9:0_*_*_*/repo/workflow-c.md
=== RUN   TestScatterScheduleAvoidsHourBoundary/FUZZY:WEEKLY_AROUND:1:9:0_*_*_*/test-workflow
=== RUN   TestScatterScheduleAvoidsHourBoundary/FUZZY:WEEKLY_AROUND:1:9:0_*_*_*/daily-security-scan
=== RUN   TestScatterScheduleAvoidsHourBoundary/FUZZY:WEEKLY_AROUND:1:9:0_*_*_*/weekly-report
=== RUN   TestScatterScheduleAvoidsHourBoundary/FUZZY:WEEKLY_AROUND:1:9:0_*_*_*/hourly-checker
=== RUN   TestScatterScheduleAvoidsHourBoundary/FUZZY:WEEKLY_AROUND:1:9:0_*_*_*/my-org/my-repo/my-workflow.md
=== RUN   TestScatterScheduleAvoidsHourBoundary/FUZZY:WEEKLY_AROUND:0:0:0_*_*_*/workflow-a.md
=== RUN   TestScatterScheduleAvoidsHourBoundary/FUZZY:WEEKLY_AROUND:0:0:0_*_*_*/workflow-b.md
=== RUN   TestScatterScheduleAvoidsHourBoundary/FUZZY:WEEKLY_AROUND:0:0:0_*_*_*/repo/workflow-c.md
=== RUN   TestScatterScheduleAvoidsHourBoundary/FUZZY:WEEKLY_AROUND:0:0:0_*_*_*/test-workflow
=== RUN   TestScatterScheduleAvoidsHourBoundary/FUZZY:WEEKLY_AROUND:0:0:0_*_*_*/daily-security-scan
=== RUN   TestScatterScheduleAvoidsHourBoundary/FUZZY:WEEKLY_AROUND:0:0:0_*_*_*/weekly-report
=== RUN   TestScatterScheduleAvoidsHourBoundary/FUZZY:WEEKLY_AROUND:0:0:0_*_*_*/hourly-checker
=== RUN   TestScatterScheduleAvoidsHourBoundary/FUZZY:WEEKLY_AROUND:0:0:0_*_*_*/my-org/my-repo/my-workflow.md
=== RUN   TestScatterScheduleAvoidsHourBoundary/FUZZY:BI_WEEKLY_*_*_*/workflow-a.md
=== RUN   TestScatterScheduleAvoidsHourBoundary/FUZZY:BI_WEEKLY_*_*_*/workflow-b.md
=== RUN   TestScatterScheduleAvoidsHourBoundary/FUZZY:BI_WEEKLY_*_*_*/repo/workflow-c.md
=== RUN   TestScatterScheduleAvoidsHourBoundary/FUZZY:BI_WEEKLY_*_*_*/test-workflow
=== RUN   TestScatterScheduleAvoidsHourBoundary/FUZZY:BI_WEEKLY_*_*_*/daily-security-scan
=== RUN   TestScatterScheduleAvoidsHourBoundary/FUZZY:BI_WEEKLY_*_*_*/weekly-report
=== RUN   TestScatterScheduleAvoidsHourBoundary/FUZZY:BI_WEEKLY_*_*_*/hourly-checker
=== RUN   TestScatterScheduleAvoidsHourBoundary/FUZZY:BI_WEEKLY_*_*_*/my-org/my-repo/my-workflow.md
=== RUN   TestScatterScheduleAvoidsHourBoundary/FUZZY:TRI_WEEKLY_*_*_*/workflow-a.md
=== RUN   TestScatterScheduleAvoidsHourBoundary/FUZZY:TRI_WEEKLY_*_*_*/workflow-b.md
=== RUN   TestScatterScheduleAvoidsHourBoundary/FUZZY:TRI_WEEKLY_*_*_*/repo/workflow-c.md
=== RUN   TestScatterScheduleAvoidsHourBoundary/FUZZY:TRI_WEEKLY_*_*_*/test-workflow
=== RUN   TestScatterScheduleAvoidsHourBoundary/FUZZY:TRI_WEEKLY_*_*_*/daily-security-scan
=== RUN   TestScatterScheduleAvoidsHourBoundary/FUZZY:TRI_WEEKLY_*_*_*/weekly-report
=== RUN   TestScatterScheduleAvoidsHourBoundary/FUZZY:TRI_WEEKLY_*_*_*/hourly-checker
=== RUN   TestScatterScheduleAvoidsHourBoundary/FUZZY:TRI_WEEKLY_*_*_*/my-org/my-repo/my-workflow.md
--- PASS: TestScatterScheduleAvoidsHourBoundary (0.00s)
    --- PASS: TestScatterScheduleAvoidsHourBoundary/FUZZY:DAILY_*_*_*/workflow-a.md (0.00s)
    --- PASS: TestScatterScheduleAvoidsHourBoundary/FUZZY:DAILY_*_*_*/workflow-b.md (0.00s)
    --- PASS: TestScatterScheduleAvoidsHourBoundary/FUZZY:DAILY_*_*_*/repo/workflow-c.md (0.00s)
    --- PASS: TestScatterScheduleAvoidsHourBoundary/FUZZY:DAILY_*_*_*/test-workflow (0.00s)
    --- PASS: TestScatterScheduleAvoidsHourBoundary/FUZZY:DAILY_*_*_*/daily-security-scan (0.00s)
    --- PASS: TestScatterScheduleAvoidsHourBoundary/FUZZY:DAILY_*_*_*/weekly-report (0.00s)
    --- PASS: TestScatterScheduleAvoidsHourBoundary/FUZZY:DAILY_*_*_*/hourly-checker (0.00s)
    --- PASS: TestScatterScheduleAvoidsHourBoundary/FUZZY:DAILY_*_*_*/my-org/my-repo/my-workflow.md (0.00s)
    --- PASS: TestScatterScheduleAvoidsHourBoundary/FUZZY:DAILY_WEEKDAYS_*_*_*/workflow-a.md (0.00s)
    --- PASS: TestScatterScheduleAvoidsHourBoundary/FUZZY:DAILY_WEEKDAYS_*_*_*/workflow-b.md (0.00s)
    --- PASS: TestScatterScheduleAvoidsHourBoundary/FUZZY:DAILY_WEEKDAYS_*_*_*/repo/workflow-c.md (0.00s)
    --- PASS: TestScatterScheduleAvoidsHourBoundary/FUZZY:DAILY_WEEKDAYS_*_*_*/test-workflow (0.00s)
    --- PASS: TestScatterScheduleAvoidsHourBoundary/FUZZY:DAILY_WEEKDAYS_*_*_*/daily-security-scan (0.00s)
    --- PASS: TestScatterScheduleAvoidsHourBoundary/FUZZY:DAILY_WEEKDAYS_*_*_*/weekly-report (0.00s)
    --- PASS: TestScatterScheduleAvoidsHourBoundary/FUZZY:DAILY_WEEKDAYS_*_*_*/hourly-checker (0.00s)
    --- PASS: TestScatterScheduleAvoidsHourBoundary/FUZZY:DAILY_WEEKDAYS_*_*_*/my-org/my-repo/my-workflow.md (0.00s)
    --- PASS: TestScatterScheduleAvoidsHourBoundary/FUZZY:HOURLY/1_*_*_*/workflow-a.md (0.00s)
    --- PASS: TestScatterScheduleAvoidsHourBoundary/FUZZY:HOURLY/1_*_*_*/workflow-b.md (0.00s)
    --- PASS: TestScatterScheduleAvoidsHourBoundary/FUZZY:HOURLY/1_*_*_*/repo/workflow-c.md (0.00s)
    --- PASS: TestScatterScheduleAvoidsHourBoundary/FUZZY:HOURLY/1_*_*_*/test-workflow (0.00s)
    --- PASS: TestScatterScheduleAvoidsHourBoundary/FUZZY:HOURLY/1_*_*_*/daily-security-scan (0.00s)
    --- PASS: TestScatterScheduleAvoidsHourBoundary/FUZZY:HOURLY/1_*_*_*/weekly-report (0.00s)
    --- PASS: TestScatterScheduleAvoidsHourBoundary/FUZZY:HOURLY/1_*_*_*/hourly-checker (0.00s)
    --- PASS: TestScatterScheduleAvoidsHourBoundary/FUZZY:HOURLY/1_*_*_*/my-org/my-repo/my-workflow.md (0.00s)
    --- PASS: TestScatterScheduleAvoidsHourBoundary/FUZZY:HOURLY/2_*_*_*/workflow-a.md (0.00s)
    --- PASS: TestScatterScheduleAvoidsHourBoundary/FUZZY:HOURLY/2_*_*_*/workflow-b.md (0.00s)
    --- PASS: TestScatterScheduleAvoidsHourBoundary/FUZZY:HOURLY/2_*_*_*/repo/workflow-c.md (0.00s)
    --- PASS: TestScatterScheduleAvoidsHourBoundary/FUZZY:HOURLY/2_*_*_*/test-workflow (0.00s)
    --- PASS: TestScatterScheduleAvoidsHourBoundary/FUZZY:HOURLY/2_*_*_*/daily-security-scan (0.00s)
    --- PASS: TestScatterScheduleAvoidsHourBoundary/FUZZY:HOURLY/2_*_*_*/weekly-report (0.00s)
    --- PASS: TestScatterScheduleAvoidsHourBoundary/FUZZY:HOURLY/2_*_*_*/hourly-checker (0.00s)
    --- PASS: TestScatterScheduleAvoidsHourBoundary/FUZZY:HOURLY/2_*_*_*/my-org/my-repo/my-workflow.md (0.00s)
    --- PASS: TestScatterScheduleAvoidsHourBoundary/FUZZY:HOURLY/6_*_*_*/workflow-a.md (0.00s)
    --- PASS: TestScatterScheduleAvoidsHourBoundary/FUZZY:HOURLY/6_*_*_*/workflow-b.md (0.00s)
    --- PASS: TestScatterScheduleAvoidsHourBoundary/FUZZY:HOURLY/6_*_*_*/repo/workflow-c.md (0.00s)
    --- PASS: TestScatterScheduleAvoidsHourBoundary/FUZZY:HOURLY/6_*_*_*/test-workflow (0.00s)
    --- PASS: TestScatterScheduleAvoidsHourBoundary/FUZZY:HOURLY/6_*_*_*/daily-security-scan (0.00s)
    --- PASS: TestScatterScheduleAvoidsHourBoundary/FUZZY:HOURLY/6_*_*_*/weekly-report (0.00s)
    --- PASS: TestScatterScheduleAvoidsHourBoundary/FUZZY:HOURLY/6_*_*_*/hourly-checker (0.00s)
    --- PASS: TestScatterScheduleAvoidsHourBoundary/FUZZY:HOURLY/6_*_*_*/my-org/my-repo/my-workflow.md (0.00s)
    --- PASS: TestScatterScheduleAvoidsHourBoundary/FUZZY:HOURLY_WEEKDAYS/1_*_*_*/workflow-a.md (0.00s)
    --- PASS: TestScatterScheduleAvoidsHourBoundary/FUZZY:HOURLY_WEEKDAYS/1_*_*_*/workflow-b.md (0.00s)
    --- PASS: TestScatterScheduleAvoidsHourBoundary/FUZZY:HOURLY_WEEKDAYS/1_*_*_*/repo/workflow-c.md (0.00s)
    --- PASS: TestScatterScheduleAvoidsHourBoundary/FUZZY:HOURLY_WEEKDAYS/1_*_*_*/test-workflow (0.00s)
    --- PASS: TestScatterScheduleAvoidsHourBoundary/FUZZY:HOURLY_WEEKDAYS/1_*_*_*/daily-security-scan (0.00s)
    --- PASS: TestScatterScheduleAvoidsHourBoundary/FUZZY:HOURLY_WEEKDAYS/1_*_*_*/weekly-report (0.00s)
    --- PASS: TestScatterScheduleAvoidsHourBoundary/FUZZY:HOURLY_WEEKDAYS/1_*_*_*/hourly-checker (0.00s)
    --- PASS: TestScatterScheduleAvoidsHourBoundary/FUZZY:HOURLY_WEEKDAYS/1_*_*_*/my-org/my-repo/my-workflow.md (0.00s)
    --- PASS: TestScatterScheduleAvoidsHourBoundary/FUZZY:HOURLY_WEEKDAYS/4_*_*_*/workflow-a.md (0.00s)
    --- PASS: TestScatterScheduleAvoidsHourBoundary/FUZZY:HOURLY_WEEKDAYS/4_*_*_*/workflow-b.md (0.00s)
    --- PASS: TestScatterScheduleAvoidsHourBoundary/FUZZY:HOURLY_WEEKDAYS/4_*_*_*/repo/workflow-c.md (0.00s)
    --- PASS: TestScatterScheduleAvoidsHourBoundary/FUZZY:HOURLY_WEEKDAYS/4_*_*_*/test-workflow (0.00s)
    --- PASS: TestScatterScheduleAvoidsHourBoundary/FUZZY:HOURLY_WEEKDAYS/4_*_*_*/daily-security-scan (0.00s)
    --- PASS: TestScatterScheduleAvoidsHourBoundary/FUZZY:HOURLY_WEEKDAYS/4_*_*_*/weekly-report (0.00s)
    --- PASS: TestScatterScheduleAvoidsHourBoundary/FUZZY:HOURLY_WEEKDAYS/4_*_*_*/hourly-checker (0.00s)
    --- PASS: TestScatterScheduleAvoidsHourBoundary/FUZZY:HOURLY_WEEKDAYS/4_*_*_*/my-org/my-repo/my-workflow.md (0.00s)
    --- PASS: TestScatterScheduleAvoidsHourBoundary/FUZZY:DAILY_AROUND:9:0_*_*_*/workflow-a.md (0.00s)
    --- PASS: TestScatterScheduleAvoidsHourBoundary/FUZZY:DAILY_AROUND:9:0_*_*_*/workflow-b.md (0.00s)
    --- PASS: TestScatterScheduleAvoidsHourBoundary/FUZZY:DAILY_AROUND:9:0_*_*_*/repo/workflow-c.md (0.00s)
    --- PASS: TestScatterScheduleAvoidsHourBoundary/FUZZY:DAILY_AROUND:9:0_*_*_*/test-workflow (0.00s)
    --- PASS: TestScatterScheduleAvoidsHourBoundary/FUZZY:DAILY_AROUND:9:0_*_*_*/daily-security-scan (0.00s)
    --- PASS: TestScatterScheduleAvoidsHourBoundary/FUZZY:DAILY_AROUND:9:0_*_*_*/weekly-report (0.00s)
    --- PASS: TestScatterScheduleAvoidsHourBoundary/FUZZY:DAILY_AROUND:9:0_*_*_*/hourly-checker (0.00s)
    --- PASS: TestScatterScheduleAvoidsHourBoundary/FUZZY:DAILY_AROUND:9:0_*_*_*/my-org/my-repo/my-workflow.md (0.00s)
    --- PASS: TestScatterScheduleAvoidsHourBoundary/FUZZY:DAILY_AROUND:0:0_*_*_*/workflow-a.md (0.00s)
    --- PASS: TestScatterScheduleAvoidsHourBoundary/FUZZY:DAILY_AROUND:0:0_*_*_*/workflow-b.md (0.00s)
    --- PASS: TestScatterScheduleAvoidsHourBoundary/FUZZY:DAILY_AROUND:0:0_*_*_*/repo/workflow-c.md (0.00s)
    --- PASS: TestScatterScheduleAvoidsHourBoundary/FUZZY:DAILY_AROUND:0:0_*_*_*/test-workflow (0.00s)
    --- PASS: TestScatterScheduleAvoidsHourBoundary/FUZZY:DAILY_AROUND:0:0_*_*_*/daily-security-scan (0.00s)
    --- PASS: TestScatterScheduleAvoidsHourBoundary/FUZZY:DAILY_AROUND:0:0_*_*_*/weekly-report (0.00s)
    --- PASS: TestScatterScheduleAvoidsHourBoundary/FUZZY:DAILY_AROUND:0:0_*_*_*/hourly-checker (0.00s)
    --- PASS: TestScatterScheduleAvoidsHourBoundary/FUZZY:DAILY_AROUND:0:0_*_*_*/my-org/my-repo/my-workflow.md (0.00s)
    --- PASS: TestScatterScheduleAvoidsHourBoundary/FUZZY:DAILY_AROUND:23:30_*_*_*/workflow-a.md (0.00s)
    --- PASS: TestScatterScheduleAvoidsHourBoundary/FUZZY:DAILY_AROUND:23:30_*_*_*/workflow-b.md (0.00s)
    --- PASS: TestScatterScheduleAvoidsHourBoundary/FUZZY:DAILY_AROUND:23:30_*_*_*/repo/workflow-c.md (0.00s)
    --- PASS: TestScatterScheduleAvoidsHourBoundary/FUZZY:DAILY_AROUND:23:30_*_*_*/test-workflow (0.00s)
    --- PASS: TestScatterScheduleAvoidsHourBoundary/FUZZY:DAILY_AROUND:23:30_*_*_*/daily-security-scan (0.00s)
    --- PASS: TestScatterScheduleAvoidsHourBoundary/FUZZY:DAILY_AROUND:23:30_*_*_*/weekly-report (0.00s)
    --- PASS: TestScatterScheduleAvoidsHourBoundary/FUZZY:DAILY_AROUND:23:30_*_*_*/hourly-checker (0.00s)
    --- PASS: TestScatterScheduleAvoidsHourBoundary/FUZZY:DAILY_AROUND:23:30_*_*_*/my-org/my-repo/my-workflow.md (0.00s)
    --- PASS: TestScatterScheduleAvoidsHourBoundary/FUZZY:DAILY_AROUND_WEEKDAYS:14:0_*_*_*/workflow-a.md (0.00s)
    --- PASS: TestScatterScheduleAvoidsHourBoundary/FUZZY:DAILY_AROUND_WEEKDAYS:14:0_*_*_*/workflow-b.md (0.00s)
    --- PASS: TestScatterScheduleAvoidsHourBoundary/FUZZY:DAILY_AROUND_WEEKDAYS:14:0_*_*_*/repo/workflow-c.md (0.00s)
    --- PASS: TestScatterScheduleAvoidsHourBoundary/FUZZY:DAILY_AROUND_WEEKDAYS:14:0_*_*_*/test-workflow (0.00s)
    --- PASS: TestScatterScheduleAvoidsHourBoundary/FUZZY:DAILY_AROUND_WEEKDAYS:14:0_*_*_*/daily-security-scan (0.00s)
    --- PASS: TestScatterScheduleAvoidsHourBoundary/FUZZY:DAILY_AROUND_WEEKDAYS:14:0_*_*_*/weekly-report (0.00s)
    --- PASS: TestScatterScheduleAvoidsHourBoundary/FUZZY:DAILY_AROUND_WEEKDAYS:14:0_*_*_*/hourly-checker (0.00s)
    --- PASS: TestScatterScheduleAvoidsHourBoundary/FUZZY:DAILY_AROUND_WEEKDAYS:14:0_*_*_*/my-org/my-repo/my-workflow.md (0.00s)
    --- PASS: TestScatterScheduleAvoidsHourBoundary/FUZZY:DAILY_BETWEEN:9:0:17:0_*_*_*/workflow-a.md (0.00s)
    --- PASS: TestScatterScheduleAvoidsHourBoundary/FUZZY:DAILY_BETWEEN:9:0:17:0_*_*_*/workflow-b.md (0.00s)
    --- PASS: TestScatterScheduleAvoidsHourBoundary/FUZZY:DAILY_BETWEEN:9:0:17:0_*_*_*/repo/workflow-c.md (0.00s)
    --- PASS: TestScatterScheduleAvoidsHourBoundary/FUZZY:DAILY_BETWEEN:9:0:17:0_*_*_*/test-workflow (0.00s)
    --- PASS: TestScatterScheduleAvoidsHourBoundary/FUZZY:DAILY_BETWEEN:9:0:17:0_*_*_*/daily-security-scan (0.00s)
    --- PASS: TestScatterScheduleAvoidsHourBoundary/FUZZY:DAILY_BETWEEN:9:0:17:0_*_*_*/weekly-report (0.00s)
    --- PASS: TestScatterScheduleAvoidsHourBoundary/FUZZY:DAILY_BETWEEN:9:0:17:0_*_*_*/hourly-checker (0.00s)
    --- PASS: TestScatterScheduleAvoidsHourBoundary/FUZZY:DAILY_BETWEEN:9:0:17:0_*_*_*/my-org/my-repo/my-workflow.md (0.00s)
    --- PASS: TestScatterScheduleAvoidsHourBoundary/FUZZY:DAILY_BETWEEN:22:0:2:0_*_*_*/workflow-a.md (0.00s)
    --- PASS: TestScatterScheduleAvoidsHourBoundary/FUZZY:DAILY_BETWEEN:22:0:2:0_*_*_*/workflow-b.md (0.00s)
    --- PASS: TestScatterScheduleAvoidsHourBoundary/FUZZY:DAILY_BETWEEN:22:0:2:0_*_*_*/repo/workflow-c.md (0.00s)
    --- PASS: TestScatterScheduleAvoidsHourBoundary/FUZZY:DAILY_BETWEEN:22:0:2:0_*_*_*/test-workflow (0.00s)
    --- PASS: TestScatterScheduleAvoidsHourBoundary/FUZZY:DAILY_BETWEEN:22:0:2:0_*_*_*/daily-security-scan (0.00s)
    --- PASS: TestScatterScheduleAvoidsHourBoundary/FUZZY:DAILY_BETWEEN:22:0:2:0_*_*_*/weekly-report (0.00s)
    --- PASS: TestScatterScheduleAvoidsHourBoundary/FUZZY:DAILY_BETWEEN:22:0:2:0_*_*_*/hourly-checker (0.00s)
    --- PASS: TestScatterScheduleAvoidsHourBoundary/FUZZY:DAILY_BETWEEN:22:0:2:0_*_*_*/my-org/my-repo/my-workflow.md (0.00s)
    --- PASS: TestScatterScheduleAvoidsHourBoundary/FUZZY:DAILY_BETWEEN_WEEKDAYS:8:30:18:0_*_*_*/workflow-a.md (0.00s)
    --- PASS: TestScatterScheduleAvoidsHourBoundary/FUZZY:DAILY_BETWEEN_WEEKDAYS:8:30:18:0_*_*_*/workflow-b.md (0.00s)
    --- PASS: TestScatterScheduleAvoidsHourBoundary/FUZZY:DAILY_BETWEEN_WEEKDAYS:8:30:18:0_*_*_*/repo/workflow-c.md (0.00s)
    --- PASS: TestScatterScheduleAvoidsHourBoundary/FUZZY:DAILY_BETWEEN_WEEKDAYS:8:30:18:0_*_*_*/test-workflow (0.00s)
    --- PASS: TestScatterScheduleAvoidsHourBoundary/FUZZY:DAILY_BETWEEN_WEEKDAYS:8:30:18:0_*_*_*/daily-security-scan (0.00s)
    --- PASS: TestScatterScheduleAvoidsHourBoundary/FUZZY:DAILY_BETWEEN_WEEKDAYS:8:30:18:0_*_*_*/weekly-report (0.00s)
    --- PASS: TestScatterScheduleAvoidsHourBoundary/FUZZY:DAILY_BETWEEN_WEEKDAYS:8:30:18:0_*_*_*/hourly-checker (0.00s)
    --- PASS: TestScatterScheduleAvoidsHourBoundary/FUZZY:DAILY_BETWEEN_WEEKDAYS:8:30:18:0_*_*_*/my-org/my-repo/my-workflow.md (0.00s)
    --- PASS: TestScatterScheduleAvoidsHourBoundary/FUZZY:WEEKLY_*_*_*/workflow-a.md (0.00s)
    --- PASS: TestScatterScheduleAvoidsHourBoundary/FUZZY:WEEKLY_*_*_*/workflow-b.md (0.00s)
    --- PASS: TestScatterScheduleAvoidsHourBoundary/FUZZY:WEEKLY_*_*_*/repo/workflow-c.md (0.00s)
    --- PASS: TestScatterScheduleAvoidsHourBoundary/FUZZY:WEEKLY_*_*_*/test-workflow (0.00s)
    --- PASS: TestScatterScheduleAvoidsHourBoundary/FUZZY:WEEKLY_*_*_*/daily-security-scan (0.00s)
    --- PASS: TestScatterScheduleAvoidsHourBoundary/FUZZY:WEEKLY_*_*_*/weekly-report (0.00s)
    --- PASS: TestScatterScheduleAvoidsHourBoundary/FUZZY:WEEKLY_*_*_*/hourly-checker (0.00s)
    --- PASS: TestScatterScheduleAvoidsHourBoundary/FUZZY:WEEKLY_*_*_*/my-org/my-repo/my-workflow.md (0.00s)
    --- PASS: TestScatterScheduleAvoidsHourBoundary/FUZZY:WEEKLY:1_*_*_*/workflow-a.md (0.00s)
    --- PASS: TestScatterScheduleAvoidsHourBoundary/FUZZY:WEEKLY:1_*_*_*/workflow-b.md (0.00s)
    --- PASS: TestScatterScheduleAvoidsHourBoundary/FUZZY:WEEKLY:1_*_*_*/repo/workflow-c.md (0.00s)
    --- PASS: TestScatterScheduleAvoidsHourBoundary/FUZZY:WEEKLY:1_*_*_*/test-workflow (0.00s)
    --- PASS: TestScatterScheduleAvoidsHourBoundary/FUZZY:WEEKLY:1_*_*_*/daily-security-scan (0.00s)
    --- PASS: TestScatterScheduleAvoidsHourBoundary/FUZZY:WEEKLY:1_*_*_*/weekly-report (0.00s)
    --- PASS: TestScatterScheduleAvoidsHourBoundary/FUZZY:WEEKLY:1_*_*_*/hourly-checker (0.00s)
    --- PASS: TestScatterScheduleAvoidsHourBoundary/FUZZY:WEEKLY:1_*_*_*/my-org/my-repo/my-workflow.md (0.00s)
    --- PASS: TestScatterScheduleAvoidsHourBoundary/FUZZY:WEEKLY:5_*_*_*/workflow-a.md (0.00s)
    --- PASS: TestScatterScheduleAvoidsHourBoundary/FUZZY:WEEKLY:5_*_*_*/workflow-b.md (0.00s)
    --- PASS: TestScatterScheduleAvoidsHourBoundary/FUZZY:WEEKLY:5_*_*_*/repo/workflow-c.md (0.00s)
    --- PASS: TestScatterScheduleAvoidsHourBoundary/FUZZY:WEEKLY:5_*_*_*/test-workflow (0.00s)
    --- PASS: TestScatterScheduleAvoidsHourBoundary/FUZZY:WEEKLY:5_*_*_*/daily-security-scan (0.00s)
    --- PASS: TestScatterScheduleAvoidsHourBoundary/FUZZY:WEEKLY:5_*_*_*/weekly-report (0.00s)
    --- PASS: TestScatterScheduleAvoidsHourBoundary/FUZZY:WEEKLY:5_*_*_*/hourly-checker (0.00s)
    --- PASS: TestScatterScheduleAvoidsHourBoundary/FUZZY:WEEKLY:5_*_*_*/my-org/my-repo/my-workflow.md (0.00s)
    --- PASS: TestScatterScheduleAvoidsHourBoundary/FUZZY:WEEKLY_AROUND:1:9:0_*_*_*/workflow-a.md (0.00s)
    --- PASS: TestScatterScheduleAvoidsHourBoundary/FUZZY:WEEKLY_AROUND:1:9:0_*_*_*/workflow-b.md (0.00s)
    --- PASS: TestScatterScheduleAvoidsHourBoundary/FUZZY:WEEKLY_AROUND:1:9:0_*_*_*/repo/workflow-c.md (0.00s)
    --- PASS: TestScatterScheduleAvoidsHourBoundary/FUZZY:WEEKLY_AROUND:1:9:0_*_*_*/test-workflow (0.00s)
    --- PASS: TestScatterScheduleAvoidsHourBoundary/FUZZY:WEEKLY_AROUND:1:9:0_*_*_*/daily-security-scan (0.00s)
    --- PASS: TestScatterScheduleAvoidsHourBoundary/FUZZY:WEEKLY_AROUND:1:9:0_*_*_*/weekly-report (0.00s)
    --- PASS: TestScatterScheduleAvoidsHourBoundary/FUZZY:WEEKLY_AROUND:1:9:0_*_*_*/hourly-checker (0.00s)
    --- PASS: TestScatterScheduleAvoidsHourBoundary/FUZZY:WEEKLY_AROUND:1:9:0_*_*_*/my-org/my-repo/my-workflow.md (0.00s)
    --- PASS: TestScatterScheduleAvoidsHourBoundary/FUZZY:WEEKLY_AROUND:0:0:0_*_*_*/workflow-a.md (0.00s)
    --- PASS: TestScatterScheduleAvoidsHourBoundary/FUZZY:WEEKLY_AROUND:0:0:0_*_*_*/workflow-b.md (0.00s)
    --- PASS: TestScatterScheduleAvoidsHourBoundary/FUZZY:WEEKLY_AROUND:0:0:0_*_*_*/repo/workflow-c.md (0.00s)
    --- PASS: TestScatterScheduleAvoidsHourBoundary/FUZZY:WEEKLY_AROUND:0:0:0_*_*_*/test-workflow (0.00s)
    --- PASS: TestScatterScheduleAvoidsHourBoundary/FUZZY:WEEKLY_AROUND:0:0:0_*_*_*/daily-security-scan (0.00s)
    --- PASS: TestScatterScheduleAvoidsHourBoundary/FUZZY:WEEKLY_AROUND:0:0:0_*_*_*/weekly-report (0.00s)
    --- PASS: TestScatterScheduleAvoidsHourBoundary/FUZZY:WEEKLY_AROUND:0:0:0_*_*_*/hourly-checker (0.00s)
    --- PASS: TestScatterScheduleAvoidsHourBoundary/FUZZY:WEEKLY_AROUND:0:0:0_*_*_*/my-org/my-repo/my-workflow.md (0.00s)
    --- PASS: TestScatterScheduleAvoidsHourBoundary/FUZZY:BI_WEEKLY_*_*_*/workflow-a.md (0.00s)
    --- PASS: TestScatterScheduleAvoidsHourBoundary/FUZZY:BI_WEEKLY_*_*_*/workflow-b.md (0.00s)
    --- PASS: TestScatterScheduleAvoidsHourBoundary/FUZZY:BI_WEEKLY_*_*_*/repo/workflow-c.md (0.00s)
    --- PASS: TestScatterScheduleAvoidsHourBoundary/FUZZY:BI_WEEKLY_*_*_*/test-workflow (0.00s)
    --- PASS: TestScatterScheduleAvoidsHourBoundary/FUZZY:BI_WEEKLY_*_*_*/daily-security-scan (0.00s)
    --- PASS: TestScatterScheduleAvoidsHourBoundary/FUZZY:BI_WEEKLY_*_*_*/weekly-report (0.00s)
    --- PASS: TestScatterScheduleAvoidsHourBoundary/FUZZY:BI_WEEKLY_*_*_*/hourly-checker (0.00s)
    --- PASS: TestScatterScheduleAvoidsHourBoundary/FUZZY:BI_WEEKLY_*_*_*/my-org/my-repo/my-workflow.md (0.00s)
    --- PASS: TestScatterScheduleAvoidsHourBoundary/FUZZY:TRI_WEEKLY_*_*_*/workflow-a.md (0.00s)
    --- PASS: TestScatterScheduleAvoidsHourBoundary/FUZZY:TRI_WEEKLY_*_*_*/workflow-b.md (0.00s)
    --- PASS: TestScatterScheduleAvoidsHourBoundary/FUZZY:TRI_WEEKLY_*_*_*/repo/workflow-c.md (0.00s)
    --- PASS: TestScatterScheduleAvoidsHourBoundary/FUZZY:TRI_WEEKLY_*_*_*/test-workflow (0.00s)
    --- PASS: TestScatterScheduleAvoidsHourBoundary/FUZZY:TRI_WEEKLY_*_*_*/daily-security-scan (0.00s)
    --- PASS: TestScatterScheduleAvoidsHourBoundary/FUZZY:TRI_WEEKLY_*_*_*/weekly-report (0.00s)
    --- PASS: TestScatterScheduleAvoidsHourBoundary/FUZZY:TRI_WEEKLY_*_*_*/hourly-checker (0.00s)
    --- PASS: TestScatterScheduleAvoidsHourBoundary/FUZZY:TRI_WEEKLY_*_*_*/my-org/my-repo/my-workflow.md (0.00s)
=== RUN   TestScatterScheduleAvoidsEUMorningPeak
=== RUN   TestScatterScheduleAvoidsEUMorningPeak/FUZZY:DAILY_AROUND:7:0_*_*_*/workflow-a.md
=== RUN   TestScatterScheduleAvoidsEUMorningPeak/FUZZY:DAILY_AROUND:7:0_*_*_*/workflow-b.md
=== RUN   TestScatterScheduleAvoidsEUMorningPeak/FUZZY:DAILY_AROUND:7:0_*_*_*/workflow-c.md
=== RUN   TestScatterScheduleAvoidsEUMorningPeak/FUZZY:DAILY_AROUND:7:0_*_*_*/test-workflow
=== RUN   TestScatterScheduleAvoidsEUMorningPeak/FUZZY:DAILY_AROUND:7:0_*_*_*/daily-security-scan
=== RUN   TestScatterScheduleAvoidsEUMorningPeak/FUZZY:DAILY_AROUND:7:0_*_*_*/weekly-report
=== RUN   TestScatterScheduleAvoidsEUMorningPeak/FUZZY:DAILY_AROUND:7:0_*_*_*/my-org/my-repo/my-workflow.md
=== RUN   TestScatterScheduleAvoidsEUMorningPeak/FUZZY:DAILY_AROUND:7:0_*_*_*/scanner-job
=== RUN   TestScatterScheduleAvoidsEUMorningPeak/FUZZY:DAILY_AROUND:7:30_*_*_*/workflow-a.md
=== RUN   TestScatterScheduleAvoidsEUMorningPeak/FUZZY:DAILY_AROUND:7:30_*_*_*/workflow-b.md
=== RUN   TestScatterScheduleAvoidsEUMorningPeak/FUZZY:DAILY_AROUND:7:30_*_*_*/workflow-c.md
=== RUN   TestScatterScheduleAvoidsEUMorningPeak/FUZZY:DAILY_AROUND:7:30_*_*_*/test-workflow
=== RUN   TestScatterScheduleAvoidsEUMorningPeak/FUZZY:DAILY_AROUND:7:30_*_*_*/daily-security-scan
=== RUN   TestScatterScheduleAvoidsEUMorningPeak/FUZZY:DAILY_AROUND:7:30_*_*_*/weekly-report
=== RUN   TestScatterScheduleAvoidsEUMorningPeak/FUZZY:DAILY_AROUND:7:30_*_*_*/my-org/my-repo/my-workflow.md
=== RUN   TestScatterScheduleAvoidsEUMorningPeak/FUZZY:DAILY_AROUND:7:30_*_*_*/scanner-job
=== RUN   TestScatterScheduleAvoidsEUMorningPeak/FUZZY:DAILY_AROUND:8:0_*_*_*/workflow-a.md
=== RUN   TestScatterScheduleAvoidsEUMorningPeak/FUZZY:DAILY_AROUND:8:0_*_*_*/workflow-b.md
=== RUN   TestScatterScheduleAvoidsEUMorningPeak/FUZZY:DAILY_AROUND:8:0_*_*_*/workflow-c.md
=== RUN   TestScatterScheduleAvoidsEUMorningPeak/FUZZY:DAILY_AROUND:8:0_*_*_*/test-workflow
=== RUN   TestScatterScheduleAvoidsEUMorningPeak/FUZZY:DAILY_AROUND:8:0_*_*_*/daily-security-scan
=== RUN   TestScatterScheduleAvoidsEUMorningPeak/FUZZY:DAILY_AROUND:8:0_*_*_*/weekly-report
=== RUN   TestScatterScheduleAvoidsEUMorningPeak/FUZZY:DAILY_AROUND:8:0_*_*_*/my-org/my-repo/my-workflow.md
=== RUN   TestScatterScheduleAvoidsEUMorningPeak/FUZZY:DAILY_AROUND:8:0_*_*_*/scanner-job
=== RUN   TestScatterScheduleAvoidsEUMorningPeak/FUZZY:DAILY_AROUND:9:0_*_*_*/workflow-a.md
=== RUN   TestScatterScheduleAvoidsEUMorningPeak/FUZZY:DAILY_AROUND:9:0_*_*_*/workflow-b.md
=== RUN   TestScatterScheduleAvoidsEUMorningPeak/FUZZY:DAILY_AROUND:9:0_*_*_*/workflow-c.md
=== RUN   TestScatterScheduleAvoidsEUMorningPeak/FUZZY:DAILY_AROUND:9:0_*_*_*/test-workflow
=== RUN   TestScatterScheduleAvoidsEUMorningPeak/FUZZY:DAILY_AROUND:9:0_*_*_*/daily-security-scan
=== RUN   TestScatterScheduleAvoidsEUMorningPeak/FUZZY:DAILY_AROUND:9:0_*_*_*/weekly-report
=== RUN   TestScatterScheduleAvoidsEUMorningPeak/FUZZY:DAILY_AROUND:9:0_*_*_*/my-org/my-repo/my-workflow.md
=== RUN   TestScatterScheduleAvoidsEUMorningPeak/FUZZY:DAILY_AROUND:9:0_*_*_*/scanner-job
=== RUN   TestScatterScheduleAvoidsEUMorningPeak/FUZZY:DAILY_AROUND_WEEKDAYS:7:0_*_*_*/workflow-a.md
=== RUN   TestScatterScheduleAvoidsEUMorningPeak/FUZZY:DAILY_AROUND_WEEKDAYS:7:0_*_*_*/workflow-b.md
=== RUN   TestScatterScheduleAvoidsEUMorningPeak/FUZZY:DAILY_AROUND_WEEKDAYS:7:0_*_*_*/workflow-c.md
=== RUN   TestScatterScheduleAvoidsEUMorningPeak/FUZZY:DAILY_AROUND_WEEKDAYS:7:0_*_*_*/test-workflow
=== RUN   TestScatterScheduleAvoidsEUMorningPeak/FUZZY:DAILY_AROUND_WEEKDAYS:7:0_*_*_*/daily-security-scan
=== RUN   TestScatterScheduleAvoidsEUMorningPeak/FUZZY:DAILY_AROUND_WEEKDAYS:7:0_*_*_*/weekly-report
=== RUN   TestScatterScheduleAvoidsEUMorningPeak/FUZZY:DAILY_AROUND_WEEKDAYS:7:0_*_*_*/my-org/my-repo/my-workflow.md
=== RUN   TestScatterScheduleAvoidsEUMorningPeak/FUZZY:DAILY_AROUND_WEEKDAYS:7:0_*_*_*/scanner-job
=== RUN   TestScatterScheduleAvoidsEUMorningPeak/FUZZY:DAILY_AROUND_WEEKDAYS:8:30_*_*_*/workflow-a.md
=== RUN   TestScatterScheduleAvoidsEUMorningPeak/FUZZY:DAILY_AROUND_WEEKDAYS:8:30_*_*_*/workflow-b.md
=== RUN   TestScatterScheduleAvoidsEUMorningPeak/FUZZY:DAILY_AROUND_WEEKDAYS:8:30_*_*_*/workflow-c.md
=== RUN   TestScatterScheduleAvoidsEUMorningPeak/FUZZY:DAILY_AROUND_WEEKDAYS:8:30_*_*_*/test-workflow
=== RUN   TestScatterScheduleAvoidsEUMorningPeak/FUZZY:DAILY_AROUND_WEEKDAYS:8:30_*_*_*/daily-security-scan
=== RUN   TestScatterScheduleAvoidsEUMorningPeak/FUZZY:DAILY_AROUND_WEEKDAYS:8:30_*_*_*/weekly-report
=== RUN   TestScatterScheduleAvoidsEUMorningPeak/FUZZY:DAILY_AROUND_WEEKDAYS:8:30_*_*_*/my-org/my-repo/my-workflow.md
=== RUN   TestScatterScheduleAvoidsEUMorningPeak/FUZZY:DAILY_AROUND_WEEKDAYS:8:30_*_*_*/scanner-job
=== RUN   TestScatterScheduleAvoidsEUMorningPeak/FUZZY:DAILY_BETWEEN:6:0:10:0_*_*_*/workflow-a.md
=== RUN   TestScatterScheduleAvoidsEUMorningPeak/FUZZY:DAILY_BETWEEN:6:0:10:0_*_*_*/workflow-b.md
=== RUN   TestScatterScheduleAvoidsEUMorningPeak/FUZZY:DAILY_BETWEEN:6:0:10:0_*_*_*/workflow-c.md
=== RUN   TestScatterScheduleAvoidsEUMorningPeak/FUZZY:DAILY_BETWEEN:6:0:10:0_*_*_*/test-workflow
=== RUN   TestScatterScheduleAvoidsEUMorningPeak/FUZZY:DAILY_BETWEEN:6:0:10:0_*_*_*/daily-security-scan
=== RUN   TestScatterScheduleAvoidsEUMorningPeak/FUZZY:DAILY_BETWEEN:6:0:10:0_*_*_*/weekly-report
=== RUN   TestScatterScheduleAvoidsEUMorningPeak/FUZZY:DAILY_BETWEEN:6:0:10:0_*_*_*/my-org/my-repo/my-workflow.md
=== RUN   TestScatterScheduleAvoidsEUMorningPeak/FUZZY:DAILY_BETWEEN:6:0:10:0_*_*_*/scanner-job
=== RUN   TestScatterScheduleAvoidsEUMorningPeak/FUZZY:DAILY_BETWEEN_WEEKDAYS:6:0:10:0_*_*_*/workflow-a.md
=== RUN   TestScatterScheduleAvoidsEUMorningPeak/FUZZY:DAILY_BETWEEN_WEEKDAYS:6:0:10:0_*_*_*/workflow-b.md
=== RUN   TestScatterScheduleAvoidsEUMorningPeak/FUZZY:DAILY_BETWEEN_WEEKDAYS:6:0:10:0_*_*_*/workflow-c.md
=== RUN   TestScatterScheduleAvoidsEUMorningPeak/FUZZY:DAILY_BETWEEN_WEEKDAYS:6:0:10:0_*_*_*/test-workflow
=== RUN   TestScatterScheduleAvoidsEUMorningPeak/FUZZY:DAILY_BETWEEN_WEEKDAYS:6:0:10:0_*_*_*/daily-security-scan
=== RUN   TestScatterScheduleAvoidsEUMorningPeak/FUZZY:DAILY_BETWEEN_WEEKDAYS:6:0:10:0_*_*_*/weekly-report
=== RUN   TestScatterScheduleAvoidsEUMorningPeak/FUZZY:DAILY_BETWEEN_WEEKDAYS:6:0:10:0_*_*_*/my-org/my-repo/my-workflow.md
=== RUN   TestScatterScheduleAvoidsEUMorningPeak/FUZZY:DAILY_BETWEEN_WEEKDAYS:6:0:10:0_*_*_*/scanner-job
=== RUN   TestScatterScheduleAvoidsEUMorningPeak/FUZZY:WEEKLY_AROUND:1:7:0_*_*_*/workflow-a.md
=== RUN   TestScatterScheduleAvoidsEUMorningPeak/FUZZY:WEEKLY_AROUND:1:7:0_*_*_*/workflow-b.md
=== RUN   TestScatterScheduleAvoidsEUMorningPeak/FUZZY:WEEKLY_AROUND:1:7:0_*_*_*/workflow-c.md
=== RUN   TestScatterScheduleAvoidsEUMorningPeak/FUZZY:WEEKLY_AROUND:1:7:0_*_*_*/test-workflow
=== RUN   TestScatterScheduleAvoidsEUMorningPeak/FUZZY:WEEKLY_AROUND:1:7:0_*_*_*/daily-security-scan
=== RUN   TestScatterScheduleAvoidsEUMorningPeak/FUZZY:WEEKLY_AROUND:1:7:0_*_*_*/weekly-report
=== RUN   TestScatterScheduleAvoidsEUMorningPeak/FUZZY:WEEKLY_AROUND:1:7:0_*_*_*/my-org/my-repo/my-workflow.md
=== RUN   TestScatterScheduleAvoidsEUMorningPeak/FUZZY:WEEKLY_AROUND:1:7:0_*_*_*/scanner-job
=== RUN   TestScatterScheduleAvoidsEUMorningPeak/FUZZY:WEEKLY_AROUND:3:8:30_*_*_*/workflow-a.md
=== RUN   TestScatterScheduleAvoidsEUMorningPeak/FUZZY:WEEKLY_AROUND:3:8:30_*_*_*/workflow-b.md
=== RUN   TestScatterScheduleAvoidsEUMorningPeak/FUZZY:WEEKLY_AROUND:3:8:30_*_*_*/workflow-c.md
=== RUN   TestScatterScheduleAvoidsEUMorningPeak/FUZZY:WEEKLY_AROUND:3:8:30_*_*_*/test-workflow
=== RUN   TestScatterScheduleAvoidsEUMorningPeak/FUZZY:WEEKLY_AROUND:3:8:30_*_*_*/daily-security-scan
=== RUN   TestScatterScheduleAvoidsEUMorningPeak/FUZZY:WEEKLY_AROUND:3:8:30_*_*_*/weekly-report
=== RUN   TestScatterScheduleAvoidsEUMorningPeak/FUZZY:WEEKLY_AROUND:3:8:30_*_*_*/my-org/my-repo/my-workflow.md
=== RUN   TestScatterScheduleAvoidsEUMorningPeak/FUZZY:WEEKLY_AROUND:3:8:30_*_*_*/scanner-job
--- PASS: TestScatterScheduleAvoidsEUMorningPeak (0.01s)
    --- PASS: TestScatterScheduleAvoidsEUMorningPeak/FUZZY:DAILY_AROUND:7:0_*_*_*/workflow-a.md (0.00s)
    --- PASS: TestScatterScheduleAvoidsEUMorningPeak/FUZZY:DAILY_AROUND:7:0_*_*_*/workflow-b.md (0.00s)
    --- PASS: TestScatterScheduleAvoidsEUMorningPeak/FUZZY:DAILY_AROUND:7:0_*_*_*/workflow-c.md (0.00s)
    --- PASS: TestScatterScheduleAvoidsEUMorningPeak/FUZZY:DAILY_AROUND:7:0_*_*_*/test-workflow (0.00s)
    --- PASS: TestScatterScheduleAvoidsEUMorningPeak/FUZZY:DAILY_AROUND:7:0_*_*_*/daily-security-scan (0.00s)
    --- PASS: TestScatterScheduleAvoidsEUMorningPeak/FUZZY:DAILY_AROUND:7:0_*_*_*/weekly-report (0.00s)
    --- PASS: TestScatterScheduleAvoidsEUMorningPeak/FUZZY:DAILY_AROUND:7:0_*_*_*/my-org/my-repo/my-workflow.md (0.00s)
    --- PASS: TestScatterScheduleAvoidsEUMorningPeak/FUZZY:DAILY_AROUND:7:0_*_*_*/scanner-job (0.00s)
    --- PASS: TestScatterScheduleAvoidsEUMorningPeak/FUZZY:DAILY_AROUND:7:30_*_*_*/workflow-a.md (0.00s)
    --- PASS: TestScatterScheduleAvoidsEUMorningPeak/FUZZY:DAILY_AROUND:7:30_*_*_*/workflow-b.md (0.00s)
    --- PASS: TestScatterScheduleAvoidsEUMorningPeak/FUZZY:DAILY_AROUND:7:30_*_*_*/workflow-c.md (0.00s)
    --- PASS: TestScatterScheduleAvoidsEUMorningPeak/FUZZY:DAILY_AROUND:7:30_*_*_*/test-workflow (0.00s)
    --- PASS: TestScatterScheduleAvoidsEUMorningPeak/FUZZY:DAILY_AROUND:7:30_*_*_*/daily-security-scan (0.00s)
    --- PASS: TestScatterScheduleAvoidsEUMorningPeak/FUZZY:DAILY_AROUND:7:30_*_*_*/weekly-report (0.00s)
    --- PASS: TestScatterScheduleAvoidsEUMorningPeak/FUZZY:DAILY_AROUND:7:30_*_*_*/my-org/my-repo/my-workflow.md (0.00s)
    --- PASS: TestScatterScheduleAvoidsEUMorningPeak/FUZZY:DAILY_AROUND:7:30_*_*_*/scanner-job (0.00s)
    --- PASS: TestScatterScheduleAvoidsEUMorningPeak/FUZZY:DAILY_AROUND:8:0_*_*_*/workflow-a.md (0.00s)
    --- PASS: TestScatterScheduleAvoidsEUMorningPeak/FUZZY:DAILY_AROUND:8:0_*_*_*/workflow-b.md (0.00s)
    --- PASS: TestScatterScheduleAvoidsEUMorningPeak/FUZZY:DAILY_AROUND:8:0_*_*_*/workflow-c.md (0.00s)
    --- PASS: TestScatterScheduleAvoidsEUMorningPeak/FUZZY:DAILY_AROUND:8:0_*_*_*/test-workflow (0.00s)
    --- PASS: TestScatterScheduleAvoidsEUMorningPeak/FUZZY:DAILY_AROUND:8:0_*_*_*/daily-security-scan (0.00s)
    --- PASS: TestScatterScheduleAvoidsEUMorningPeak/FUZZY:DAILY_AROUND:8:0_*_*_*/weekly-report (0.00s)
    --- PASS: TestScatterScheduleAvoidsEUMorningPeak/FUZZY:DAILY_AROUND:8:0_*_*_*/my-org/my-repo/my-workflow.md (0.00s)
    --- PASS: TestScatterScheduleAvoidsEUMorningPeak/FUZZY:DAILY_AROUND:8:0_*_*_*/scanner-job (0.00s)
    --- PASS: TestScatterScheduleAvoidsEUMorningPeak/FUZZY:DAILY_AROUND:9:0_*_*_*/workflow-a.md (0.00s)
    --- PASS: TestScatterScheduleAvoidsEUMorningPeak/FUZZY:DAILY_AROUND:9:0_*_*_*/workflow-b.md (0.00s)
    --- PASS: TestScatterScheduleAvoidsEUMorningPeak/FUZZY:DAILY_AROUND:9:0_*_*_*/workflow-c.md (0.00s)
    --- PASS: TestScatterScheduleAvoidsEUMorningPeak/FUZZY:DAILY_AROUND:9:0_*_*_*/test-workflow (0.00s)
    --- PASS: TestScatterScheduleAvoidsEUMorningPeak/FUZZY:DAILY_AROUND:9:0_*_*_*/daily-security-scan (0.00s)
    --- PASS: TestScatterScheduleAvoidsEUMorningPeak/FUZZY:DAILY_AROUND:9:0_*_*_*/weekly-report (0.00s)
    --- PASS: TestScatterScheduleAvoidsEUMorningPeak/FUZZY:DAILY_AROUND:9:0_*_*_*/my-org/my-repo/my-workflow.md (0.00s)
    --- PASS: TestScatterScheduleAvoidsEUMorningPeak/FUZZY:DAILY_AROUND:9:0_*_*_*/scanner-job (0.00s)
    --- PASS: TestScatterScheduleAvoidsEUMorningPeak/FUZZY:DAILY_AROUND_WEEKDAYS:7:0_*_*_*/workflow-a.md (0.00s)
    --- PASS: TestScatterScheduleAvoidsEUMorningPeak/FUZZY:DAILY_AROUND_WEEKDAYS:7:0_*_*_*/workflow-b.md (0.00s)
    --- PASS: TestScatterScheduleAvoidsEUMorningPeak/FUZZY:DAILY_AROUND_WEEKDAYS:7:0_*_*_*/workflow-c.md (0.00s)
    --- PASS: TestScatterScheduleAvoidsEUMorningPeak/FUZZY:DAILY_AROUND_WEEKDAYS:7:0_*_*_*/test-workflow (0.00s)
    --- PASS: TestScatterScheduleAvoidsEUMorningPeak/FUZZY:DAILY_AROUND_WEEKDAYS:7:0_*_*_*/daily-security-scan (0.00s)
    --- PASS: TestScatterScheduleAvoidsEUMorningPeak/FUZZY:DAILY_AROUND_WEEKDAYS:7:0_*_*_*/weekly-report (0.00s)
    --- PASS: TestScatterScheduleAvoidsEUMorningPeak/FUZZY:DAILY_AROUND_WEEKDAYS:7:0_*_*_*/my-org/my-repo/my-workflow.md (0.00s)
    --- PASS: TestScatterScheduleAvoidsEUMorningPeak/FUZZY:DAILY_AROUND_WEEKDAYS:7:0_*_*_*/scanner-job (0.00s)
    --- PASS: TestScatterScheduleAvoidsEUMorningPeak/FUZZY:DAILY_AROUND_WEEKDAYS:8:30_*_*_*/workflow-a.md (0.00s)
    --- PASS: TestScatterScheduleAvoidsEUMorningPeak/FUZZY:DAILY_AROUND_WEEKDAYS:8:30_*_*_*/workflow-b.md (0.00s)
    --- PASS: TestScatterScheduleAvoidsEUMorningPeak/FUZZY:DAILY_AROUND_WEEKDAYS:8:30_*_*_*/workflow-c.md (0.00s)
    --- PASS: TestScatterScheduleAvoidsEUMorningPeak/FUZZY:DAILY_AROUND_WEEKDAYS:8:30_*_*_*/test-workflow (0.00s)
    --- PASS: TestScatterScheduleAvoidsEUMorningPeak/FUZZY:DAILY_AROUND_WEEKDAYS:8:30_*_*_*/daily-security-scan (0.00s)
    --- PASS: TestScatterScheduleAvoidsEUMorningPeak/FUZZY:DAILY_AROUND_WEEKDAYS:8:30_*_*_*/weekly-report (0.00s)
    --- PASS: TestScatterScheduleAvoidsEUMorningPeak/FUZZY:DAILY_AROUND_WEEKDAYS:8:30_*_*_*/my-org/my-repo/my-workflow.md (0.00s)
    --- PASS: TestScatterScheduleAvoidsEUMorningPeak/FUZZY:DAILY_AROUND_WEEKDAYS:8:30_*_*_*/scanner-job (0.00s)
    --- PASS: TestScatterScheduleAvoidsEUMorningPeak/FUZZY:DAILY_BETWEEN:6:0:10:0_*_*_*/workflow-a.md (0.00s)
    --- PASS: TestScatterScheduleAvoidsEUMorningPeak/FUZZY:DAILY_BETWEEN:6:0:10:0_*_*_*/workflow-b.md (0.00s)
    --- PASS: TestScatterScheduleAvoidsEUMorningPeak/FUZZY:DAILY_BETWEEN:6:0:10:0_*_*_*/workflow-c.md (0.00s)
    --- PASS: TestScatterScheduleAvoidsEUMorningPeak/FUZZY:DAILY_BETWEEN:6:0:10:0_*_*_*/test-workflow (0.00s)
    --- PASS: TestScatterScheduleAvoidsEUMorningPeak/FUZZY:DAILY_BETWEEN:6:0:10:0_*_*_*/daily-security-scan (0.00s)
    --- PASS: TestScatterScheduleAvoidsEUMorningPeak/FUZZY:DAILY_BETWEEN:6:0:10:0_*_*_*/weekly-report (0.00s)
    --- PASS: TestScatterScheduleAvoidsEUMorningPeak/FUZZY:DAILY_BETWEEN:6:0:10:0_*_*_*/my-org/my-repo/my-workflow.md (0.00s)
    --- PASS: TestScatterScheduleAvoidsEUMorningPeak/FUZZY:DAILY_BETWEEN:6:0:10:0_*_*_*/scanner-job (0.00s)
    --- PASS: TestScatterScheduleAvoidsEUMorningPeak/FUZZY:DAILY_BETWEEN_WEEKDAYS:6:0:10:0_*_*_*/workflow-a.md (0.00s)
    --- PASS: TestScatterScheduleAvoidsEUMorningPeak/FUZZY:DAILY_BETWEEN_WEEKDAYS:6:0:10:0_*_*_*/workflow-b.md (0.00s)
    --- PASS: TestScatterScheduleAvoidsEUMorningPeak/FUZZY:DAILY_BETWEEN_WEEKDAYS:6:0:10:0_*_*_*/workflow-c.md (0.00s)
    --- PASS: TestScatterScheduleAvoidsEUMorningPeak/FUZZY:DAILY_BETWEEN_WEEKDAYS:6:0:10:0_*_*_*/test-workflow (0.00s)
    --- PASS: TestScatterScheduleAvoidsEUMorningPeak/FUZZY:DAILY_BETWEEN_WEEKDAYS:6:0:10:0_*_*_*/daily-security-scan (0.00s)
    --- PASS: TestScatterScheduleAvoidsEUMorningPeak/FUZZY:DAILY_BETWEEN_WEEKDAYS:6:0:10:0_*_*_*/weekly-report (0.00s)
    --- PASS: TestScatterScheduleAvoidsEUMorningPeak/FUZZY:DAILY_BETWEEN_WEEKDAYS:6:0:10:0_*_*_*/my-org/my-repo/my-workflow.md (0.00s)
    --- PASS: TestScatterScheduleAvoidsEUMorningPeak/FUZZY:DAILY_BETWEEN_WEEKDAYS:6:0:10:0_*_*_*/scanner-job (0.00s)
    --- PASS: TestScatterScheduleAvoidsEUMorningPeak/FUZZY:WEEKLY_AROUND:1:7:0_*_*_*/workflow-a.md (0.00s)
    --- PASS: TestScatterScheduleAvoidsEUMorningPeak/FUZZY:WEEKLY_AROUND:1:7:0_*_*_*/workflow-b.md (0.00s)
    --- PASS: TestScatterScheduleAvoidsEUMorningPeak/FUZZY:WEEKLY_AROUND:1:7:0_*_*_*/workflow-c.md (0.00s)
    --- PASS: TestScatterScheduleAvoidsEUMorningPeak/FUZZY:WEEKLY_AROUND:1:7:0_*_*_*/test-workflow (0.00s)
    --- PASS: TestScatterScheduleAvoidsEUMorningPeak/FUZZY:WEEKLY_AROUND:1:7:0_*_*_*/daily-security-scan (0.00s)
    --- PASS: TestScatterScheduleAvoidsEUMorningPeak/FUZZY:WEEKLY_AROUND:1:7:0_*_*_*/weekly-report (0.00s)
    --- PASS: TestScatterScheduleAvoidsEUMorningPeak/FUZZY:WEEKLY_AROUND:1:7:0_*_*_*/my-org/my-repo/my-workflow.md (0.00s)
    --- PASS: TestScatterScheduleAvoidsEUMorningPeak/FUZZY:WEEKLY_AROUND:1:7:0_*_*_*/scanner-job (0.00s)
    --- PASS: TestScatterScheduleAvoidsEUMorningPeak/FUZZY:WEEKLY_AROUND:3:8:30_*_*_*/workflow-a.md (0.00s)
    --- PASS: TestScatterScheduleAvoidsEUMorningPeak/FUZZY:WEEKLY_AROUND:3:8:30_*_*_*/workflow-b.md (0.00s)
    --- PASS: TestScatterScheduleAvoidsEUMorningPeak/FUZZY:WEEKLY_AROUND:3:8:30_*_*_*/workflow-c.md (0.00s)
    --- PASS: TestScatterScheduleAvoidsEUMorningPeak/FUZZY:WEEKLY_AROUND:3:8:30_*_*_*/test-workflow (0.00s)
    --- PASS: TestScatterScheduleAvoidsEUMorningPeak/FUZZY:WEEKLY_AROUND:3:8:30_*_*_*/daily-security-scan (0.00s)
    --- PASS: TestScatterScheduleAvoidsEUMorningPeak/FUZZY:WEEKLY_AROUND:3:8:30_*_*_*/weekly-report (0.00s)
    --- PASS: TestScatterScheduleAvoidsEUMorningPeak/FUZZY:WEEKLY_AROUND:3:8:30_*_*_*/my-org/my-repo/my-workflow.md (0.00s)
    --- PASS: TestScatterScheduleAvoidsEUMorningPeak/FUZZY:WEEKLY_AROUND:3:8:30_*_*_*/scanner-job (0.00s)
=== RUN   TestScatterScheduleAvoidsUSBusinessHours
=== RUN   TestScatterScheduleAvoidsUSBusinessHours/FUZZY:DAILY_AROUND:14:0_*_*_*/workflow-a.md
=== RUN   TestScatterScheduleAvoidsUSBusinessHours/FUZZY:DAILY_AROUND:14:0_*_*_*/workflow-b.md
=== RUN   TestScatterScheduleAvoidsUSBusinessHours/FUZZY:DAILY_AROUND:14:0_*_*_*/workflow-c.md
=== RUN   TestScatterScheduleAvoidsUSBusinessHours/FUZZY:DAILY_AROUND:14:0_*_*_*/test-workflow
=== RUN   TestScatterScheduleAvoidsUSBusinessHours/FUZZY:DAILY_AROUND:14:0_*_*_*/daily-security-scan
=== RUN   TestScatterScheduleAvoidsUSBusinessHours/FUZZY:DAILY_AROUND:14:0_*_*_*/weekly-report
=== RUN   TestScatterScheduleAvoidsUSBusinessHours/FUZZY:DAILY_AROUND:14:0_*_*_*/my-org/my-repo/my-workflow.md
=== RUN   TestScatterScheduleAvoidsUSBusinessHours/FUZZY:DAILY_AROUND:14:0_*_*_*/scanner-job
=== RUN   TestScatterScheduleAvoidsUSBusinessHours/FUZZY:DAILY_AROUND:15:15_*_*_*/workflow-a.md
=== RUN   TestScatterScheduleAvoidsUSBusinessHours/FUZZY:DAILY_AROUND:15:15_*_*_*/workflow-b.md
=== RUN   TestScatterScheduleAvoidsUSBusinessHours/FUZZY:DAILY_AROUND:15:15_*_*_*/workflow-c.md
=== RUN   TestScatterScheduleAvoidsUSBusinessHours/FUZZY:DAILY_AROUND:15:15_*_*_*/test-workflow
=== RUN   TestScatterScheduleAvoidsUSBusinessHours/FUZZY:DAILY_AROUND:15:15_*_*_*/daily-security-scan
=== RUN   TestScatterScheduleAvoidsUSBusinessHours/FUZZY:DAILY_AROUND:15:15_*_*_*/weekly-report
=== RUN   TestScatterScheduleAvoidsUSBusinessHours/FUZZY:DAILY_AROUND:15:15_*_*_*/my-org/my-repo/my-workflow.md
=== RUN   TestScatterScheduleAvoidsUSBusinessHours/FUZZY:DAILY_AROUND:15:15_*_*_*/scanner-job
=== RUN   TestScatterScheduleAvoidsUSBusinessHours/FUZZY:DAILY_AROUND:16:45_*_*_*/workflow-a.md
=== RUN   TestScatterScheduleAvoidsUSBusinessHours/FUZZY:DAILY_AROUND:16:45_*_*_*/workflow-b.md
=== RUN   TestScatterScheduleAvoidsUSBusinessHours/FUZZY:DAILY_AROUND:16:45_*_*_*/workflow-c.md
=== RUN   TestScatterScheduleAvoidsUSBusinessHours/FUZZY:DAILY_AROUND:16:45_*_*_*/test-workflow
=== RUN   TestScatterScheduleAvoidsUSBusinessHours/FUZZY:DAILY_AROUND:16:45_*_*_*/daily-security-scan
=== RUN   TestScatterScheduleAvoidsUSBusinessHours/FUZZY:DAILY_AROUND:16:45_*_*_*/weekly-report
=== RUN   TestScatterScheduleAvoidsUSBusinessHours/FUZZY:DAILY_AROUND:16:45_*_*_*/my-org/my-repo/my-workflow.md
=== RUN   TestScatterScheduleAvoidsUSBusinessHours/FUZZY:DAILY_AROUND:16:45_*_*_*/scanner-job
=== RUN   TestScatterScheduleAvoidsUSBusinessHours/FUZZY:DAILY_AROUND:17:0_*_*_*/workflow-a.md
=== RUN   TestScatterScheduleAvoidsUSBusinessHours/FUZZY:DAILY_AROUND:17:0_*_*_*/workflow-b.md
=== RUN   TestScatterScheduleAvoidsUSBusinessHours/FUZZY:DAILY_AROUND:17:0_*_*_*/workflow-c.md
=== RUN   TestScatterScheduleAvoidsUSBusinessHours/FUZZY:DAILY_AROUND:17:0_*_*_*/test-workflow
=== RUN   TestScatterScheduleAvoidsUSBusinessHours/FUZZY:DAILY_AROUND:17:0_*_*_*/daily-security-scan
=== RUN   TestScatterScheduleAvoidsUSBusinessHours/FUZZY:DAILY_AROUND:17:0_*_*_*/weekly-report
=== RUN   TestScatterScheduleAvoidsUSBusinessHours/FUZZY:DAILY_AROUND:17:0_*_*_*/my-org/my-repo/my-workflow.md
=== RUN   TestScatterScheduleAvoidsUSBusinessHours/FUZZY:DAILY_AROUND:17:0_*_*_*/scanner-job
=== RUN   TestScatterScheduleAvoidsUSBusinessHours/FUZZY:DAILY_AROUND:18:0_*_*_*/workflow-a.md
=== RUN   TestScatterScheduleAvoidsUSBusinessHours/FUZZY:DAILY_AROUND:18:0_*_*_*/workflow-b.md
=== RUN   TestScatterScheduleAvoidsUSBusinessHours/FUZZY:DAILY_AROUND:18:0_*_*_*/workflow-c.md
=== RUN   TestScatterScheduleAvoidsUSBusinessHours/FUZZY:DAILY_AROUND:18:0_*_*_*/test-workflow
=== RUN   TestScatterScheduleAvoidsUSBusinessHours/FUZZY:DAILY_AROUND:18:0_*_*_*/daily-security-scan
=== RUN   TestScatterScheduleAvoidsUSBusinessHours/FUZZY:DAILY_AROUND:18:0_*_*_*/weekly-report
=== RUN   TestScatterScheduleAvoidsUSBusinessHours/FUZZY:DAILY_AROUND:18:0_*_*_*/my-org/my-repo/my-workflow.md
=== RUN   TestScatterScheduleAvoidsUSBusinessHours/FUZZY:DAILY_AROUND:18:0_*_*_*/scanner-job
=== RUN   TestScatterScheduleAvoidsUSBusinessHours/FUZZY:DAILY_AROUND_WEEKDAYS:15:0_*_*_*/workflow-a.md
=== RUN   TestScatterScheduleAvoidsUSBusinessHours/FUZZY:DAILY_AROUND_WEEKDAYS:15:0_*_*_*/workflow-b.md
=== RUN   TestScatterScheduleAvoidsUSBusinessHours/FUZZY:DAILY_AROUND_WEEKDAYS:15:0_*_*_*/workflow-c.md
=== RUN   TestScatterScheduleAvoidsUSBusinessHours/FUZZY:DAILY_AROUND_WEEKDAYS:15:0_*_*_*/test-workflow
=== RUN   TestScatterScheduleAvoidsUSBusinessHours/FUZZY:DAILY_AROUND_WEEKDAYS:15:0_*_*_*/daily-security-scan
=== RUN   TestScatterScheduleAvoidsUSBusinessHours/FUZZY:DAILY_AROUND_WEEKDAYS:15:0_*_*_*/weekly-report
=== RUN   TestScatterScheduleAvoidsUSBusinessHours/FUZZY:DAILY_AROUND_WEEKDAYS:15:0_*_*_*/my-org/my-repo/my-workflow.md
=== RUN   TestScatterScheduleAvoidsUSBusinessHours/FUZZY:DAILY_AROUND_WEEKDAYS:15:0_*_*_*/scanner-job
=== RUN   TestScatterScheduleAvoidsUSBusinessHours/FUZZY:DAILY_AROUND_WEEKDAYS:16:45_*_*_*/workflow-a.md
=== RUN   TestScatterScheduleAvoidsUSBusinessHours/FUZZY:DAILY_AROUND_WEEKDAYS:16:45_*_*_*/workflow-b.md
=== RUN   TestScatterScheduleAvoidsUSBusinessHours/FUZZY:DAILY_AROUND_WEEKDAYS:16:45_*_*_*/workflow-c.md
=== RUN   TestScatterScheduleAvoidsUSBusinessHours/FUZZY:DAILY_AROUND_WEEKDAYS:16:45_*_*_*/test-workflow
=== RUN   TestScatterScheduleAvoidsUSBusinessHours/FUZZY:DAILY_AROUND_WEEKDAYS:16:45_*_*_*/daily-security-scan
=== RUN   TestScatterScheduleAvoidsUSBusinessHours/FUZZY:DAILY_AROUND_WEEKDAYS:16:45_*_*_*/weekly-report
=== RUN   TestScatterScheduleAvoidsUSBusinessHours/FUZZY:DAILY_AROUND_WEEKDAYS:16:45_*_*_*/my-org/my-repo/my-workflow.md
=== RUN   TestScatterScheduleAvoidsUSBusinessHours/FUZZY:DAILY_AROUND_WEEKDAYS:16:45_*_*_*/scanner-job
=== RUN   TestScatterScheduleAvoidsUSBusinessHours/FUZZY:DAILY_BETWEEN:14:0:19:0_*_*_*/workflow-a.md
=== RUN   TestScatterScheduleAvoidsUSBusinessHours/FUZZY:DAILY_BETWEEN:14:0:19:0_*_*_*/workflow-b.md
=== RUN   TestScatterScheduleAvoidsUSBusinessHours/FUZZY:DAILY_BETWEEN:14:0:19:0_*_*_*/workflow-c.md
=== RUN   TestScatterScheduleAvoidsUSBusinessHours/FUZZY:DAILY_BETWEEN:14:0:19:0_*_*_*/test-workflow
=== RUN   TestScatterScheduleAvoidsUSBusinessHours/FUZZY:DAILY_BETWEEN:14:0:19:0_*_*_*/daily-security-scan
=== RUN   TestScatterScheduleAvoidsUSBusinessHours/FUZZY:DAILY_BETWEEN:14:0:19:0_*_*_*/weekly-report
=== RUN   TestScatterScheduleAvoidsUSBusinessHours/FUZZY:DAILY_BETWEEN:14:0:19:0_*_*_*/my-org/my-repo/my-workflow.md
=== RUN   TestScatterScheduleAvoidsUSBusinessHours/FUZZY:DAILY_BETWEEN:14:0:19:0_*_*_*/scanner-job
=== RUN   TestScatterScheduleAvoidsUSBusinessHours/FUZZY:DAILY_BETWEEN_WEEKDAYS:14:0:19:0_*_*_*/workflow-a.md
=== RUN   TestScatterScheduleAvoidsUSBusinessHours/FUZZY:DAILY_BETWEEN_WEEKDAYS:14:0:19:0_*_*_*/workflow-b.md
=== RUN   TestScatterScheduleAvoidsUSBusinessHours/FUZZY:DAILY_BETWEEN_WEEKDAYS:14:0:19:0_*_*_*/workflow-c.md
=== RUN   TestScatterScheduleAvoidsUSBusinessHours/FUZZY:DAILY_BETWEEN_WEEKDAYS:14:0:19:0_*_*_*/test-workflow
=== RUN   TestScatterScheduleAvoidsUSBusinessHours/FUZZY:DAILY_BETWEEN_WEEKDAYS:14:0:19:0_*_*_*/daily-security-scan
=== RUN   TestScatterScheduleAvoidsUSBusinessHours/FUZZY:DAILY_BETWEEN_WEEKDAYS:14:0:19:0_*_*_*/weekly-report
=== RUN   TestScatterScheduleAvoidsUSBusinessHours/FUZZY:DAILY_BETWEEN_WEEKDAYS:14:0:19:0_*_*_*/my-org/my-repo/my-workflow.md
=== RUN   TestScatterScheduleAvoidsUSBusinessHours/FUZZY:DAILY_BETWEEN_WEEKDAYS:14:0:19:0_*_*_*/scanner-job
=== RUN   TestScatterScheduleAvoidsUSBusinessHours/FUZZY:WEEKLY_AROUND:2:15:15_*_*_*/workflow-a.md
=== RUN   TestScatterScheduleAvoidsUSBusinessHours/FUZZY:WEEKLY_AROUND:2:15:15_*_*_*/workflow-b.md
=== RUN   TestScatterScheduleAvoidsUSBusinessHours/FUZZY:WEEKLY_AROUND:2:15:15_*_*_*/workflow-c.md
=== RUN   TestScatterScheduleAvoidsUSBusinessHours/FUZZY:WEEKLY_AROUND:2:15:15_*_*_*/test-workflow
=== RUN   TestScatterScheduleAvoidsUSBusinessHours/FUZZY:WEEKLY_AROUND:2:15:15_*_*_*/daily-security-scan
=== RUN   TestScatterScheduleAvoidsUSBusinessHours/FUZZY:WEEKLY_AROUND:2:15:15_*_*_*/weekly-report
=== RUN   TestScatterScheduleAvoidsUSBusinessHours/FUZZY:WEEKLY_AROUND:2:15:15_*_*_*/my-org/my-repo/my-workflow.md
=== RUN   TestScatterScheduleAvoidsUSBusinessHours/FUZZY:WEEKLY_AROUND:2:15:15_*_*_*/scanner-job
=== RUN   TestScatterScheduleAvoidsUSBusinessHours/FUZZY:WEEKLY_AROUND:4:17:0_*_*_*/workflow-a.md
=== RUN   TestScatterScheduleAvoidsUSBusinessHours/FUZZY:WEEKLY_AROUND:4:17:0_*_*_*/workflow-b.md
=== RUN   TestScatterScheduleAvoidsUSBusinessHours/FUZZY:WEEKLY_AROUND:4:17:0_*_*_*/workflow-c.md
=== RUN   TestScatterScheduleAvoidsUSBusinessHours/FUZZY:WEEKLY_AROUND:4:17:0_*_*_*/test-workflow
=== RUN   TestScatterScheduleAvoidsUSBusinessHours/FUZZY:WEEKLY_AROUND:4:17:0_*_*_*/daily-security-scan
=== RUN   TestScatterScheduleAvoidsUSBusinessHours/FUZZY:WEEKLY_AROUND:4:17:0_*_*_*/weekly-report
=== RUN   TestScatterScheduleAvoidsUSBusinessHours/FUZZY:WEEKLY_AROUND:4:17:0_*_*_*/my-org/my-repo/my-workflow.md
=== RUN   TestScatterScheduleAvoidsUSBusinessHours/FUZZY:WEEKLY_AROUND:4:17:0_*_*_*/scanner-job
--- PASS: TestScatterScheduleAvoidsUSBusinessHours (0.00s)
    --- PASS: TestScatterScheduleAvoidsUSBusinessHours/FUZZY:DAILY_AROUND:14:0_*_*_*/workflow-a.md (0.00s)
    --- PASS: TestScatterScheduleAvoidsUSBusinessHours/FUZZY:DAILY_AROUND:14:0_*_*_*/workflow-b.md (0.00s)
    --- PASS: TestScatterScheduleAvoidsUSBusinessHours/FUZZY:DAILY_AROUND:14:0_*_*_*/workflow-c.md (0.00s)
    --- PASS: TestScatterScheduleAvoidsUSBusinessHours/FUZZY:DAILY_AROUND:14:0_*_*_*/test-workflow (0.00s)
    --- PASS: TestScatterScheduleAvoidsUSBusinessHours/FUZZY:DAILY_AROUND:14:0_*_*_*/daily-security-scan (0.00s)
    --- PASS: TestScatterScheduleAvoidsUSBusinessHours/FUZZY:DAILY_AROUND:14:0_*_*_*/weekly-report (0.00s)
    --- PASS: TestScatterScheduleAvoidsUSBusinessHours/FUZZY:DAILY_AROUND:14:0_*_*_*/my-org/my-repo/my-workflow.md (0.00s)
    --- PASS: TestScatterScheduleAvoidsUSBusinessHours/FUZZY:DAILY_AROUND:14:0_*_*_*/scanner-job (0.00s)
    --- PASS: TestScatterScheduleAvoidsUSBusinessHours/FUZZY:DAILY_AROUND:15:15_*_*_*/workflow-a.md (0.00s)
    --- PASS: TestScatterScheduleAvoidsUSBusinessHours/FUZZY:DAILY_AROUND:15:15_*_*_*/workflow-b.md (0.00s)
    --- PASS: TestScatterScheduleAvoidsUSBusinessHours/FUZZY:DAILY_AROUND:15:15_*_*_*/workflow-c.md (0.00s)
    --- PASS: TestScatterScheduleAvoidsUSBusinessHours/FUZZY:DAILY_AROUND:15:15_*_*_*/test-workflow (0.00s)
    --- PASS: TestScatterScheduleAvoidsUSBusinessHours/FUZZY:DAILY_AROUND:15:15_*_*_*/daily-security-scan (0.00s)
    --- PASS: TestScatterScheduleAvoidsUSBusinessHours/FUZZY:DAILY_AROUND:15:15_*_*_*/weekly-report (0.00s)
    --- PASS: TestScatterScheduleAvoidsUSBusinessHours/FUZZY:DAILY_AROUND:15:15_*_*_*/my-org/my-repo/my-workflow.md (0.00s)
    --- PASS: TestScatterScheduleAvoidsUSBusinessHours/FUZZY:DAILY_AROUND:15:15_*_*_*/scanner-job (0.00s)
    --- PASS: TestScatterScheduleAvoidsUSBusinessHours/FUZZY:DAILY_AROUND:16:45_*_*_*/workflow-a.md (0.00s)
    --- PASS: TestScatterScheduleAvoidsUSBusinessHours/FUZZY:DAILY_AROUND:16:45_*_*_*/workflow-b.md (0.00s)
    --- PASS: TestScatterScheduleAvoidsUSBusinessHours/FUZZY:DAILY_AROUND:16:45_*_*_*/workflow-c.md (0.00s)
    --- PASS: TestScatterScheduleAvoidsUSBusinessHours/FUZZY:DAILY_AROUND:16:45_*_*_*/test-workflow (0.00s)
    --- PASS: TestScatterScheduleAvoidsUSBusinessHours/FUZZY:DAILY_AROUND:16:45_*_*_*/daily-security-scan (0.00s)
    --- PASS: TestScatterScheduleAvoidsUSBusinessHours/FUZZY:DAILY_AROUND:16:45_*_*_*/weekly-report (0.00s)
    --- PASS: TestScatterScheduleAvoidsUSBusinessHours/FUZZY:DAILY_AROUND:16:45_*_*_*/my-org/my-repo/my-workflow.md (0.00s)
    --- PASS: TestScatterScheduleAvoidsUSBusinessHours/FUZZY:DAILY_AROUND:16:45_*_*_*/scanner-job (0.00s)
    --- PASS: TestScatterScheduleAvoidsUSBusinessHours/FUZZY:DAILY_AROUND:17:0_*_*_*/workflow-a.md (0.00s)
    --- PASS: TestScatterScheduleAvoidsUSBusinessHours/FUZZY:DAILY_AROUND:17:0_*_*_*/workflow-b.md (0.00s)
    --- PASS: TestScatterScheduleAvoidsUSBusinessHours/FUZZY:DAILY_AROUND:17:0_*_*_*/workflow-c.md (0.00s)
    --- PASS: TestScatterScheduleAvoidsUSBusinessHours/FUZZY:DAILY_AROUND:17:0_*_*_*/test-workflow (0.00s)
    --- PASS: TestScatterScheduleAvoidsUSBusinessHours/FUZZY:DAILY_AROUND:17:0_*_*_*/daily-security-scan (0.00s)
    --- PASS: TestScatterScheduleAvoidsUSBusinessHours/FUZZY:DAILY_AROUND:17:0_*_*_*/weekly-report (0.00s)
    --- PASS: TestScatterScheduleAvoidsUSBusinessHours/FUZZY:DAILY_AROUND:17:0_*_*_*/my-org/my-repo/my-workflow.md (0.00s)
    --- PASS: TestScatterScheduleAvoidsUSBusinessHours/FUZZY:DAILY_AROUND:17:0_*_*_*/scanner-job (0.00s)
    --- PASS: TestScatterScheduleAvoidsUSBusinessHours/FUZZY:DAILY_AROUND:18:0_*_*_*/workflow-a.md (0.00s)
    --- PASS: TestScatterScheduleAvoidsUSBusinessHours/FUZZY:DAILY_AROUND:18:0_*_*_*/workflow-b.md (0.00s)
    --- PASS: TestScatterScheduleAvoidsUSBusinessHours/FUZZY:DAILY_AROUND:18:0_*_*_*/workflow-c.md (0.00s)
    --- PASS: TestScatterScheduleAvoidsUSBusinessHours/FUZZY:DAILY_AROUND:18:0_*_*_*/test-workflow (0.00s)
    --- PASS: TestScatterScheduleAvoidsUSBusinessHours/FUZZY:DAILY_AROUND:18:0_*_*_*/daily-security-scan (0.00s)
    --- PASS: TestScatterScheduleAvoidsUSBusinessHours/FUZZY:DAILY_AROUND:18:0_*_*_*/weekly-report (0.00s)
    --- PASS: TestScatterScheduleAvoidsUSBusinessHours/FUZZY:DAILY_AROUND:18:0_*_*_*/my-org/my-repo/my-workflow.md (0.00s)
    --- PASS: TestScatterScheduleAvoidsUSBusinessHours/FUZZY:DAILY_AROUND:18:0_*_*_*/scanner-job (0.00s)
    --- PASS: TestScatterScheduleAvoidsUSBusinessHours/FUZZY:DAILY_AROUND_WEEKDAYS:15:0_*_*_*/workflow-a.md (0.00s)
    --- PASS: TestScatterScheduleAvoidsUSBusinessHours/FUZZY:DAILY_AROUND_WEEKDAYS:15:0_*_*_*/workflow-b.md (0.00s)
    --- PASS: TestScatterScheduleAvoidsUSBusinessHours/FUZZY:DAILY_AROUND_WEEKDAYS:15:0_*_*_*/workflow-c.md (0.00s)
    --- PASS: TestScatterScheduleAvoidsUSBusinessHours/FUZZY:DAILY_AROUND_WEEKDAYS:15:0_*_*_*/test-workflow (0.00s)
    --- PASS: TestScatterScheduleAvoidsUSBusinessHours/FUZZY:DAILY_AROUND_WEEKDAYS:15:0_*_*_*/daily-security-scan (0.00s)
    --- PASS: TestScatterScheduleAvoidsUSBusinessHours/FUZZY:DAILY_AROUND_WEEKDAYS:15:0_*_*_*/weekly-report (0.00s)
    --- PASS: TestScatterScheduleAvoidsUSBusinessHours/FUZZY:DAILY_AROUND_WEEKDAYS:15:0_*_*_*/my-org/my-repo/my-workflow.md (0.00s)
    --- PASS: TestScatterScheduleAvoidsUSBusinessHours/FUZZY:DAILY_AROUND_WEEKDAYS:15:0_*_*_*/scanner-job (0.00s)
    --- PASS: TestScatterScheduleAvoidsUSBusinessHours/FUZZY:DAILY_AROUND_WEEKDAYS:16:45_*_*_*/workflow-a.md (0.00s)
    --- PASS: TestScatterScheduleAvoidsUSBusinessHours/FUZZY:DAILY_AROUND_WEEKDAYS:16:45_*_*_*/workflow-b.md (0.00s)
    --- PASS: TestScatterScheduleAvoidsUSBusinessHours/FUZZY:DAILY_AROUND_WEEKDAYS:16:45_*_*_*/workflow-c.md (0.00s)
    --- PASS: TestScatterScheduleAvoidsUSBusinessHours/FUZZY:DAILY_AROUND_WEEKDAYS:16:45_*_*_*/test-workflow (0.00s)
    --- PASS: TestScatterScheduleAvoidsUSBusinessHours/FUZZY:DAILY_AROUND_WEEKDAYS:16:45_*_*_*/daily-security-scan (0.00s)
    --- PASS: TestScatterScheduleAvoidsUSBusinessHours/FUZZY:DAILY_AROUND_WEEKDAYS:16:45_*_*_*/weekly-report (0.00s)
    --- PASS: TestScatterScheduleAvoidsUSBusinessHours/FUZZY:DAILY_AROUND_WEEKDAYS:16:45_*_*_*/my-org/my-repo/my-workflow.md (0.00s)
    --- PASS: TestScatterScheduleAvoidsUSBusinessHours/FUZZY:DAILY_AROUND_WEEKDAYS:16:45_*_*_*/scanner-job (0.00s)
    --- PASS: TestScatterScheduleAvoidsUSBusinessHours/FUZZY:DAILY_BETWEEN:14:0:19:0_*_*_*/workflow-a.md (0.00s)
    --- PASS: TestScatterScheduleAvoidsUSBusinessHours/FUZZY:DAILY_BETWEEN:14:0:19:0_*_*_*/workflow-b.md (0.00s)
    --- PASS: TestScatterScheduleAvoidsUSBusinessHours/FUZZY:DAILY_BETWEEN:14:0:19:0_*_*_*/workflow-c.md (0.00s)
    --- PASS: TestScatterScheduleAvoidsUSBusinessHours/FUZZY:DAILY_BETWEEN:14:0:19:0_*_*_*/test-workflow (0.00s)
    --- PASS: TestScatterScheduleAvoidsUSBusinessHours/FUZZY:DAILY_BETWEEN:14:0:19:0_*_*_*/daily-security-scan (0.00s)
    --- PASS: TestScatterScheduleAvoidsUSBusinessHours/FUZZY:DAILY_BETWEEN:14:0:19:0_*_*_*/weekly-report (0.00s)
    --- PASS: TestScatterScheduleAvoidsUSBusinessHours/FUZZY:DAILY_BETWEEN:14:0:19:0_*_*_*/my-org/my-repo/my-workflow.md (0.00s)
    --- PASS: TestScatterScheduleAvoidsUSBusinessHours/FUZZY:DAILY_BETWEEN:14:0:19:0_*_*_*/scanner-job (0.00s)
    --- PASS: TestScatterScheduleAvoidsUSBusinessHours/FUZZY:DAILY_BETWEEN_WEEKDAYS:14:0:19:0_*_*_*/workflow-a.md (0.00s)
    --- PASS: TestScatterScheduleAvoidsUSBusinessHours/FUZZY:DAILY_BETWEEN_WEEKDAYS:14:0:19:0_*_*_*/workflow-b.md (0.00s)
    --- PASS: TestScatterScheduleAvoidsUSBusinessHours/FUZZY:DAILY_BETWEEN_WEEKDAYS:14:0:19:0_*_*_*/workflow-c.md (0.00s)
    --- PASS: TestScatterScheduleAvoidsUSBusinessHours/FUZZY:DAILY_BETWEEN_WEEKDAYS:14:0:19:0_*_*_*/test-workflow (0.00s)
    --- PASS: TestScatterScheduleAvoidsUSBusinessHours/FUZZY:DAILY_BETWEEN_WEEKDAYS:14:0:19:0_*_*_*/daily-security-scan (0.00s)
    --- PASS: TestScatterScheduleAvoidsUSBusinessHours/FUZZY:DAILY_BETWEEN_WEEKDAYS:14:0:19:0_*_*_*/weekly-report (0.00s)
    --- PASS: TestScatterScheduleAvoidsUSBusinessHours/FUZZY:DAILY_BETWEEN_WEEKDAYS:14:0:19:0_*_*_*/my-org/my-repo/my-workflow.md (0.00s)
    --- PASS: TestScatterScheduleAvoidsUSBusinessHours/FUZZY:DAILY_BETWEEN_WEEKDAYS:14:0:19:0_*_*_*/scanner-job (0.00s)
    --- PASS: TestScatterScheduleAvoidsUSBusinessHours/FUZZY:WEEKLY_AROUND:2:15:15_*_*_*/workflow-a.md (0.00s)
    --- PASS: TestScatterScheduleAvoidsUSBusinessHours/FUZZY:WEEKLY_AROUND:2:15:15_*_*_*/workflow-b.md (0.00s)
    --- PASS: TestScatterScheduleAvoidsUSBusinessHours/FUZZY:WEEKLY_AROUND:2:15:15_*_*_*/workflow-c.md (0.00s)
    --- PASS: TestScatterScheduleAvoidsUSBusinessHours/FUZZY:WEEKLY_AROUND:2:15:15_*_*_*/test-workflow (0.00s)
    --- PASS: TestScatterScheduleAvoidsUSBusinessHours/FUZZY:WEEKLY_AROUND:2:15:15_*_*_*/daily-security-scan (0.00s)
    --- PASS: TestScatterScheduleAvoidsUSBusinessHours/FUZZY:WEEKLY_AROUND:2:15:15_*_*_*/weekly-report (0.00s)
    --- PASS: TestScatterScheduleAvoidsUSBusinessHours/FUZZY:WEEKLY_AROUND:2:15:15_*_*_*/my-org/my-repo/my-workflow.md (0.00s)
    --- PASS: TestScatterScheduleAvoidsUSBusinessHours/FUZZY:WEEKLY_AROUND:2:15:15_*_*_*/scanner-job (0.00s)
    --- PASS: TestScatterScheduleAvoidsUSBusinessHours/FUZZY:WEEKLY_AROUND:4:17:0_*_*_*/workflow-a.md (0.00s)
    --- PASS: TestScatterScheduleAvoidsUSBusinessHours/FUZZY:WEEKLY_AROUND:4:17:0_*_*_*/workflow-b.md (0.00s)
    --- PASS: TestScatterScheduleAvoidsUSBusinessHours/FUZZY:WEEKLY_AROUND:4:17:0_*_*_*/workflow-c.md (0.00s)
    --- PASS: TestScatterScheduleAvoidsUSBusinessHours/FUZZY:WEEKLY_AROUND:4:17:0_*_*_*/test-workflow (0.00s)
    --- PASS: TestScatterScheduleAvoidsUSBusinessHours/FUZZY:WEEKLY_AROUND:4:17:0_*_*_*/daily-security-scan (0.00s)
    --- PASS: TestScatterScheduleAvoidsUSBusinessHours/FUZZY:WEEKLY_AROUND:4:17:0_*_*_*/weekly-report (0.00s)
    --- PASS: TestScatterScheduleAvoidsUSBusinessHours/FUZZY:WEEKLY_AROUND:4:17:0_*_*_*/my-org/my-repo/my-workflow.md (0.00s)
    --- PASS: TestScatterScheduleAvoidsUSBusinessHours/FUZZY:WEEKLY_AROUND:4:17:0_*_*_*/scanner-job (0.00s)
=== RUN   TestScatterScheduleUsesPreferredWindows
=== RUN   TestScatterScheduleUsesPreferredWindows/FUZZY:DAILY_*_*_*/workflow-a.md
=== RUN   TestScatterScheduleUsesPreferredWindows/FUZZY:DAILY_*_*_*/workflow-b.md
=== RUN   TestScatterScheduleUsesPreferredWindows/FUZZY:DAILY_*_*_*/workflow-c.md
=== RUN   TestScatterScheduleUsesPreferredWindows/FUZZY:DAILY_*_*_*/test-workflow
=== RUN   TestScatterScheduleUsesPreferredWindows/FUZZY:DAILY_*_*_*/daily-security-scan
=== RUN   TestScatterScheduleUsesPreferredWindows/FUZZY:DAILY_*_*_*/weekly-report
=== RUN   TestScatterScheduleUsesPreferredWindows/FUZZY:DAILY_*_*_*/hourly-checker
=== RUN   TestScatterScheduleUsesPreferredWindows/FUZZY:DAILY_*_*_*/my-org/my-repo/my-workflow.md
=== RUN   TestScatterScheduleUsesPreferredWindows/FUZZY:DAILY_*_*_*/alpha
=== RUN   TestScatterScheduleUsesPreferredWindows/FUZZY:DAILY_*_*_*/beta
=== RUN   TestScatterScheduleUsesPreferredWindows/FUZZY:DAILY_*_*_*/gamma
=== RUN   TestScatterScheduleUsesPreferredWindows/FUZZY:DAILY_*_*_*/delta
=== RUN   TestScatterScheduleUsesPreferredWindows/FUZZY:DAILY_*_*_*/epsilon
=== RUN   TestScatterScheduleUsesPreferredWindows/FUZZY:DAILY_WEEKDAYS_*_*_*/workflow-a.md
=== RUN   TestScatterScheduleUsesPreferredWindows/FUZZY:DAILY_WEEKDAYS_*_*_*/workflow-b.md
=== RUN   TestScatterScheduleUsesPreferredWindows/FUZZY:DAILY_WEEKDAYS_*_*_*/workflow-c.md
=== RUN   TestScatterScheduleUsesPreferredWindows/FUZZY:DAILY_WEEKDAYS_*_*_*/test-workflow
=== RUN   TestScatterScheduleUsesPreferredWindows/FUZZY:DAILY_WEEKDAYS_*_*_*/daily-security-scan
=== RUN   TestScatterScheduleUsesPreferredWindows/FUZZY:DAILY_WEEKDAYS_*_*_*/weekly-report
=== RUN   TestScatterScheduleUsesPreferredWindows/FUZZY:DAILY_WEEKDAYS_*_*_*/hourly-checker
=== RUN   TestScatterScheduleUsesPreferredWindows/FUZZY:DAILY_WEEKDAYS_*_*_*/my-org/my-repo/my-workflow.md
=== RUN   TestScatterScheduleUsesPreferredWindows/FUZZY:DAILY_WEEKDAYS_*_*_*/alpha
=== RUN   TestScatterScheduleUsesPreferredWindows/FUZZY:DAILY_WEEKDAYS_*_*_*/beta
=== RUN   TestScatterScheduleUsesPreferredWindows/FUZZY:DAILY_WEEKDAYS_*_*_*/gamma
=== RUN   TestScatterScheduleUsesPreferredWindows/FUZZY:DAILY_WEEKDAYS_*_*_*/delta
=== RUN   TestScatterScheduleUsesPreferredWindows/FUZZY:DAILY_WEEKDAYS_*_*_*/epsilon
=== RUN   TestScatterScheduleUsesPreferredWindows/FUZZY:WEEKLY_*_*_*/workflow-a.md
=== RUN   TestScatterScheduleUsesPreferredWindows/FUZZY:WEEKLY_*_*_*/workflow-b.md
=== RUN   TestScatterScheduleUsesPreferredWindows/FUZZY:WEEKLY_*_*_*/workflow-c.md
=== RUN   TestScatterScheduleUsesPreferredWindows/FUZZY:WEEKLY_*_*_*/test-workflow
=== RUN   TestScatterScheduleUsesPreferredWindows/FUZZY:WEEKLY_*_*_*/daily-security-scan
=== RUN   TestScatterScheduleUsesPreferredWindows/FUZZY:WEEKLY_*_*_*/weekly-report
=== RUN   TestScatterScheduleUsesPreferredWindows/FUZZY:WEEKLY_*_*_*/hourly-checker
=== RUN   TestScatterScheduleUsesPreferredWindows/FUZZY:WEEKLY_*_*_*/my-org/my-repo/my-workflow.md
=== RUN   TestScatterScheduleUsesPreferredWindows/FUZZY:WEEKLY_*_*_*/alpha
=== RUN   TestScatterScheduleUsesPreferredWindows/FUZZY:WEEKLY_*_*_*/beta
=== RUN   TestScatterScheduleUsesPreferredWindows/FUZZY:WEEKLY_*_*_*/gamma
=== RUN   TestScatterScheduleUsesPreferredWindows/FUZZY:WEEKLY_*_*_*/delta
=== RUN   TestScatterScheduleUsesPreferredWindows/FUZZY:WEEKLY_*_*_*/epsilon
=== RUN   TestScatterScheduleUsesPreferredWindows/FUZZY:WEEKLY:1_*_*_*/workflow-a.md
=== RUN   TestScatterScheduleUsesPreferredWindows/FUZZY:WEEKLY:1_*_*_*/workflow-b.md
=== RUN   TestScatterScheduleUsesPreferredWindows/FUZZY:WEEKLY:1_*_*_*/workflow-c.md
=== RUN   TestScatterScheduleUsesPreferredWindows/FUZZY:WEEKLY:1_*_*_*/test-workflow
=== RUN   TestScatterScheduleUsesPreferredWindows/FUZZY:WEEKLY:1_*_*_*/daily-security-scan
=== RUN   TestScatterScheduleUsesPreferredWindows/FUZZY:WEEKLY:1_*_*_*/weekly-report
=== RUN   TestScatterScheduleUsesPreferredWindows/FUZZY:WEEKLY:1_*_*_*/hourly-checker
=== RUN   TestScatterScheduleUsesPreferredWindows/FUZZY:WEEKLY:1_*_*_*/my-org/my-repo/my-workflow.md
=== RUN   TestScatterScheduleUsesPreferredWindows/FUZZY:WEEKLY:1_*_*_*/alpha
=== RUN   TestScatterScheduleUsesPreferredWindows/FUZZY:WEEKLY:1_*_*_*/beta
=== RUN   TestScatterScheduleUsesPreferredWindows/FUZZY:WEEKLY:1_*_*_*/gamma
=== RUN   TestScatterScheduleUsesPreferredWindows/FUZZY:WEEKLY:1_*_*_*/delta
=== RUN   TestScatterScheduleUsesPreferredWindows/FUZZY:WEEKLY:1_*_*_*/epsilon
=== RUN   TestScatterScheduleUsesPreferredWindows/FUZZY:WEEKLY:5_*_*_*/workflow-a.md
=== RUN   TestScatterScheduleUsesPreferredWindows/FUZZY:WEEKLY:5_*_*_*/workflow-b.md
=== RUN   TestScatterScheduleUsesPreferredWindows/FUZZY:WEEKLY:5_*_*_*/workflow-c.md
=== RUN   TestScatterScheduleUsesPreferredWindows/FUZZY:WEEKLY:5_*_*_*/test-workflow
=== RUN   TestScatterScheduleUsesPreferredWindows/FUZZY:WEEKLY:5_*_*_*/daily-security-scan
=== RUN   TestScatterScheduleUsesPreferredWindows/FUZZY:WEEKLY:5_*_*_*/weekly-report
=== RUN   TestScatterScheduleUsesPreferredWindows/FUZZY:WEEKLY:5_*_*_*/hourly-checker
=== RUN   TestScatterScheduleUsesPreferredWindows/FUZZY:WEEKLY:5_*_*_*/my-org/my-repo/my-workflow.md
=== RUN   TestScatterScheduleUsesPreferredWindows/FUZZY:WEEKLY:5_*_*_*/alpha
=== RUN   TestScatterScheduleUsesPreferredWindows/FUZZY:WEEKLY:5_*_*_*/beta
=== RUN   TestScatterScheduleUsesPreferredWindows/FUZZY:WEEKLY:5_*_*_*/gamma
=== RUN   TestScatterScheduleUsesPreferredWindows/FUZZY:WEEKLY:5_*_*_*/delta
=== RUN   TestScatterScheduleUsesPreferredWindows/FUZZY:WEEKLY:5_*_*_*/epsilon
=== RUN   TestScatterScheduleUsesPreferredWindows/FUZZY:BI_WEEKLY_*_*_*/workflow-a.md
=== RUN   TestScatterScheduleUsesPreferredWindows/FUZZY:BI_WEEKLY_*_*_*/workflow-b.md
=== RUN   TestScatterScheduleUsesPreferredWindows/FUZZY:BI_WEEKLY_*_*_*/workflow-c.md
=== RUN   TestScatterScheduleUsesPreferredWindows/FUZZY:BI_WEEKLY_*_*_*/test-workflow
=== RUN   TestScatterScheduleUsesPreferredWindows/FUZZY:BI_WEEKLY_*_*_*/daily-security-scan
=== RUN   TestScatterScheduleUsesPreferredWindows/FUZZY:BI_WEEKLY_*_*_*/weekly-report
=== RUN   TestScatterScheduleUsesPreferredWindows/FUZZY:BI_WEEKLY_*_*_*/hourly-checker
=== RUN   TestScatterScheduleUsesPreferredWindows/FUZZY:BI_WEEKLY_*_*_*/my-org/my-repo/my-workflow.md
=== RUN   TestScatterScheduleUsesPreferredWindows/FUZZY:BI_WEEKLY_*_*_*/alpha
=== RUN   TestScatterScheduleUsesPreferredWindows/FUZZY:BI_WEEKLY_*_*_*/beta
=== RUN   TestScatterScheduleUsesPreferredWindows/FUZZY:BI_WEEKLY_*_*_*/gamma
=== RUN   TestScatterScheduleUsesPreferredWindows/FUZZY:BI_WEEKLY_*_*_*/delta
=== RUN   TestScatterScheduleUsesPreferredWindows/FUZZY:BI_WEEKLY_*_*_*/epsilon
=== RUN   TestScatterScheduleUsesPreferredWindows/FUZZY:TRI_WEEKLY_*_*_*/workflow-a.md
=== RUN   TestScatterScheduleUsesPreferredWindows/FUZZY:TRI_WEEKLY_*_*_*/workflow-b.md
=== RUN   TestScatterScheduleUsesPreferredWindows/FUZZY:TRI_WEEKLY_*_*_*/workflow-c.md
=== RUN   TestScatterScheduleUsesPreferredWindows/FUZZY:TRI_WEEKLY_*_*_*/test-workflow
=== RUN   TestScatterScheduleUsesPreferredWindows/FUZZY:TRI_WEEKLY_*_*_*/daily-security-scan
=== RUN   TestScatterScheduleUsesPreferredWindows/FUZZY:TRI_WEEKLY_*_*_*/weekly-report
=== RUN   TestScatterScheduleUsesPreferredWindows/FUZZY:TRI_WEEKLY_*_*_*/hourly-checker
=== RUN   TestScatterScheduleUsesPreferredWindows/FUZZY:TRI_WEEKLY_*_*_*/my-org/my-repo/my-workflow.md
=== RUN   TestScatterScheduleUsesPreferredWindows/FUZZY:TRI_WEEKLY_*_*_*/alpha
=== RUN   TestScatterScheduleUsesPreferredWindows/FUZZY:TRI_WEEKLY_*_*_*/beta
=== RUN   TestScatterScheduleUsesPreferredWindows/FUZZY:TRI_WEEKLY_*_*_*/gamma
=== RUN   TestScatterScheduleUsesPreferredWindows/FUZZY:TRI_WEEKLY_*_*_*/delta
=== RUN   TestScatterScheduleUsesPreferredWindows/FUZZY:TRI_WEEKLY_*_*_*/epsilon
--- PASS: TestScatterScheduleUsesPreferredWindows (0.00s)
    --- PASS: TestScatterScheduleUsesPreferredWindows/FUZZY:DAILY_*_*_*/workflow-a.md (0.00s)
    --- PASS: TestScatterScheduleUsesPreferredWindows/FUZZY:DAILY_*_*_*/workflow-b.md (0.00s)
    --- PASS: TestScatterScheduleUsesPreferredWindows/FUZZY:DAILY_*_*_*/workflow-c.md (0.00s)
    --- PASS: TestScatterScheduleUsesPreferredWindows/FUZZY:DAILY_*_*_*/test-workflow (0.00s)
    --- PASS: TestScatterScheduleUsesPreferredWindows/FUZZY:DAILY_*_*_*/daily-security-scan (0.00s)
    --- PASS: TestScatterScheduleUsesPreferredWindows/FUZZY:DAILY_*_*_*/weekly-report (0.00s)
    --- PASS: TestScatterScheduleUsesPreferredWindows/FUZZY:DAILY_*_*_*/hourly-checker (0.00s)
    --- PASS: TestScatterScheduleUsesPreferredWindows/FUZZY:DAILY_*_*_*/my-org/my-repo/my-workflow.md (0.00s)
    --- PASS: TestScatterScheduleUsesPreferredWindows/FUZZY:DAILY_*_*_*/alpha (0.00s)
    --- PASS: TestScatterScheduleUsesPreferredWindows/FUZZY:DAILY_*_*_*/beta (0.00s)
    --- PASS: TestScatterScheduleUsesPreferredWindows/FUZZY:DAILY_*_*_*/gamma (0.00s)
    --- PASS: TestScatterScheduleUsesPreferredWindows/FUZZY:DAILY_*_*_*/delta (0.00s)
    --- PASS: TestScatterScheduleUsesPreferredWindows/FUZZY:DAILY_*_*_*/epsilon (0.00s)
    --- PASS: TestScatterScheduleUsesPreferredWindows/FUZZY:DAILY_WEEKDAYS_*_*_*/workflow-a.md (0.00s)
    --- PASS: TestScatterScheduleUsesPreferredWindows/FUZZY:DAILY_WEEKDAYS_*_*_*/workflow-b.md (0.00s)
    --- PASS: TestScatterScheduleUsesPreferredWindows/FUZZY:DAILY_WEEKDAYS_*_*_*/workflow-c.md (0.00s)
    --- PASS: TestScatterScheduleUsesPreferredWindows/FUZZY:DAILY_WEEKDAYS_*_*_*/test-workflow (0.00s)
    --- PASS: TestScatterScheduleUsesPreferredWindows/FUZZY:DAILY_WEEKDAYS_*_*_*/daily-security-scan (0.00s)
    --- PASS: TestScatterScheduleUsesPreferredWindows/FUZZY:DAILY_WEEKDAYS_*_*_*/weekly-report (0.00s)
    --- PASS: TestScatterScheduleUsesPreferredWindows/FUZZY:DAILY_WEEKDAYS_*_*_*/hourly-checker (0.00s)
    --- PASS: TestScatterScheduleUsesPreferredWindows/FUZZY:DAILY_WEEKDAYS_*_*_*/my-org/my-repo/my-workflow.md (0.00s)
    --- PASS: TestScatterScheduleUsesPreferredWindows/FUZZY:DAILY_WEEKDAYS_*_*_*/alpha (0.00s)
    --- PASS: TestScatterScheduleUsesPreferredWindows/FUZZY:DAILY_WEEKDAYS_*_*_*/beta (0.00s)
    --- PASS: TestScatterScheduleUsesPreferredWindows/FUZZY:DAILY_WEEKDAYS_*_*_*/gamma (0.00s)
    --- PASS: TestScatterScheduleUsesPreferredWindows/FUZZY:DAILY_WEEKDAYS_*_*_*/delta (0.00s)
    --- PASS: TestScatterScheduleUsesPreferredWindows/FUZZY:DAILY_WEEKDAYS_*_*_*/epsilon (0.00s)
    --- PASS: TestScatterScheduleUsesPreferredWindows/FUZZY:WEEKLY_*_*_*/workflow-a.md (0.00s)
    --- PASS: TestScatterScheduleUsesPreferredWindows/FUZZY:WEEKLY_*_*_*/workflow-b.md (0.00s)
    --- PASS: TestScatterScheduleUsesPreferredWindows/FUZZY:WEEKLY_*_*_*/workflow-c.md (0.00s)
    --- PASS: TestScatterScheduleUsesPreferredWindows/FUZZY:WEEKLY_*_*_*/test-workflow (0.00s)
    --- PASS: TestScatterScheduleUsesPreferredWindows/FUZZY:WEEKLY_*_*_*/daily-security-scan (0.00s)
    --- PASS: TestScatterScheduleUsesPreferredWindows/FUZZY:WEEKLY_*_*_*/weekly-report (0.00s)
    --- PASS: TestScatterScheduleUsesPreferredWindows/FUZZY:WEEKLY_*_*_*/hourly-checker (0.00s)
    --- PASS: TestScatterScheduleUsesPreferredWindows/FUZZY:WEEKLY_*_*_*/my-org/my-repo/my-workflow.md (0.00s)
    --- PASS: TestScatterScheduleUsesPreferredWindows/FUZZY:WEEKLY_*_*_*/alpha (0.00s)
    --- PASS: TestScatterScheduleUsesPreferredWindows/FUZZY:WEEKLY_*_*_*/beta (0.00s)
    --- PASS: TestScatterScheduleUsesPreferredWindows/FUZZY:WEEKLY_*_*_*/gamma (0.00s)
    --- PASS: TestScatterScheduleUsesPreferredWindows/FUZZY:WEEKLY_*_*_*/delta (0.00s)
    --- PASS: TestScatterScheduleUsesPreferredWindows/FUZZY:WEEKLY_*_*_*/epsilon (0.00s)
    --- PASS: TestScatterScheduleUsesPreferredWindows/FUZZY:WEEKLY:1_*_*_*/workflow-a.md (0.00s)
    --- PASS: TestScatterScheduleUsesPreferredWindows/FUZZY:WEEKLY:1_*_*_*/workflow-b.md (0.00s)
    --- PASS: TestScatterScheduleUsesPreferredWindows/FUZZY:WEEKLY:1_*_*_*/workflow-c.md (0.00s)
    --- PASS: TestScatterScheduleUsesPreferredWindows/FUZZY:WEEKLY:1_*_*_*/test-workflow (0.00s)
    --- PASS: TestScatterScheduleUsesPreferredWindows/FUZZY:WEEKLY:1_*_*_*/daily-security-scan (0.00s)
    --- PASS: TestScatterScheduleUsesPreferredWindows/FUZZY:WEEKLY:1_*_*_*/weekly-report (0.00s)
    --- PASS: TestScatterScheduleUsesPreferredWindows/FUZZY:WEEKLY:1_*_*_*/hourly-checker (0.00s)
    --- PASS: TestScatterScheduleUsesPreferredWindows/FUZZY:WEEKLY:1_*_*_*/my-org/my-repo/my-workflow.md (0.00s)
    --- PASS: TestScatterScheduleUsesPreferredWindows/FUZZY:WEEKLY:1_*_*_*/alpha (0.00s)
    --- PASS: TestScatterScheduleUsesPreferredWindows/FUZZY:WEEKLY:1_*_*_*/beta (0.00s)
    --- PASS: TestScatterScheduleUsesPreferredWindows/FUZZY:WEEKLY:1_*_*_*/gamma (0.00s)
    --- PASS: TestScatterScheduleUsesPreferredWindows/FUZZY:WEEKLY:1_*_*_*/delta (0.00s)
    --- PASS: TestScatterScheduleUsesPreferredWindows/FUZZY:WEEKLY:1_*_*_*/epsilon (0.00s)
    --- PASS: TestScatterScheduleUsesPreferredWindows/FUZZY:WEEKLY:5_*_*_*/workflow-a.md (0.00s)
    --- PASS: TestScatterScheduleUsesPreferredWindows/FUZZY:WEEKLY:5_*_*_*/workflow-b.md (0.00s)
    --- PASS: TestScatterScheduleUsesPreferredWindows/FUZZY:WEEKLY:5_*_*_*/workflow-c.md (0.00s)
    --- PASS: TestScatterScheduleUsesPreferredWindows/FUZZY:WEEKLY:5_*_*_*/test-workflow (0.00s)
    --- PASS: TestScatterScheduleUsesPreferredWindows/FUZZY:WEEKLY:5_*_*_*/daily-security-scan (0.00s)
    --- PASS: TestScatterScheduleUsesPreferredWindows/FUZZY:WEEKLY:5_*_*_*/weekly-report (0.00s)
    --- PASS: TestScatterScheduleUsesPreferredWindows/FUZZY:WEEKLY:5_*_*_*/hourly-checker (0.00s)
    --- PASS: TestScatterScheduleUsesPreferredWindows/FUZZY:WEEKLY:5_*_*_*/my-org/my-repo/my-workflow.md (0.00s)
    --- PASS: TestScatterScheduleUsesPreferredWindows/FUZZY:WEEKLY:5_*_*_*/alpha (0.00s)
    --- PASS: TestScatterScheduleUsesPreferredWindows/FUZZY:WEEKLY:5_*_*_*/beta (0.00s)
    --- PASS: TestScatterScheduleUsesPreferredWindows/FUZZY:WEEKLY:5_*_*_*/gamma (0.00s)
    --- PASS: TestScatterScheduleUsesPreferredWindows/FUZZY:WEEKLY:5_*_*_*/delta (0.00s)
    --- PASS: TestScatterScheduleUsesPreferredWindows/FUZZY:WEEKLY:5_*_*_*/epsilon (0.00s)
    --- PASS: TestScatterScheduleUsesPreferredWindows/FUZZY:BI_WEEKLY_*_*_*/workflow-a.md (0.00s)
    --- PASS: TestScatterScheduleUsesPreferredWindows/FUZZY:BI_WEEKLY_*_*_*/workflow-b.md (0.00s)
    --- PASS: TestScatterScheduleUsesPreferredWindows/FUZZY:BI_WEEKLY_*_*_*/workflow-c.md (0.00s)
    --- PASS: TestScatterScheduleUsesPreferredWindows/FUZZY:BI_WEEKLY_*_*_*/test-workflow (0.00s)
    --- PASS: TestScatterScheduleUsesPreferredWindows/FUZZY:BI_WEEKLY_*_*_*/daily-security-scan (0.00s)
    --- PASS: TestScatterScheduleUsesPreferredWindows/FUZZY:BI_WEEKLY_*_*_*/weekly-report (0.00s)
    --- PASS: TestScatterScheduleUsesPreferredWindows/FUZZY:BI_WEEKLY_*_*_*/hourly-checker (0.00s)
    --- PASS: TestScatterScheduleUsesPreferredWindows/FUZZY:BI_WEEKLY_*_*_*/my-org/my-repo/my-workflow.md (0.00s)
    --- PASS: TestScatterScheduleUsesPreferredWindows/FUZZY:BI_WEEKLY_*_*_*/alpha (0.00s)
    --- PASS: TestScatterScheduleUsesPreferredWindows/FUZZY:BI_WEEKLY_*_*_*/beta (0.00s)
    --- PASS: TestScatterScheduleUsesPreferredWindows/FUZZY:BI_WEEKLY_*_*_*/gamma (0.00s)
    --- PASS: TestScatterScheduleUsesPreferredWindows/FUZZY:BI_WEEKLY_*_*_*/delta (0.00s)
    --- PASS: TestScatterScheduleUsesPreferredWindows/FUZZY:BI_WEEKLY_*_*_*/epsilon (0.00s)
    --- PASS: TestScatterScheduleUsesPreferredWindows/FUZZY:TRI_WEEKLY_*_*_*/workflow-a.md (0.00s)
    --- PASS: TestScatterScheduleUsesPreferredWindows/FUZZY:TRI_WEEKLY_*_*_*/workflow-b.md (0.00s)
    --- PASS: TestScatterScheduleUsesPreferredWindows/FUZZY:TRI_WEEKLY_*_*_*/workflow-c.md (0.00s)
    --- PASS: TestScatterScheduleUsesPreferredWindows/FUZZY:TRI_WEEKLY_*_*_*/test-workflow (0.00s)
    --- PASS: TestScatterScheduleUsesPreferredWindows/FUZZY:TRI_WEEKLY_*_*_*/daily-security-scan (0.00s)
    --- PASS: TestScatterScheduleUsesPreferredWindows/FUZZY:TRI_WEEKLY_*_*_*/weekly-report (0.00s)
    --- PASS: TestScatterScheduleUsesPreferredWindows/FUZZY:TRI_WEEKLY_*_*_*/hourly-checker (0.00s)
    --- PASS: TestScatterScheduleUsesPreferredWindows/FUZZY:TRI_WEEKLY_*_*_*/my-org/my-repo/my-workflow.md (0.00s)
    --- PASS: TestScatterScheduleUsesPreferredWindows/FUZZY:TRI_WEEKLY_*_*_*/alpha (0.00s)
    --- PASS: TestScatterScheduleUsesPreferredWindows/FUZZY:TRI_WEEKLY_*_*_*/beta (0.00s)
    --- PASS: TestScatterScheduleUsesPreferredWindows/FUZZY:TRI_WEEKLY_*_*_*/gamma (0.00s)
    --- PASS: TestScatterScheduleUsesPreferredWindows/FUZZY:TRI_WEEKLY_*_*_*/delta (0.00s)
    --- PASS: TestScatterScheduleUsesPreferredWindows/FUZZY:TRI_WEEKLY_*_*_*/epsilon (0.00s)
=== RUN   TestStableHashCrossPlatform
=== RUN   TestStableHashCrossPlatform/workflow-a.md
=== RUN   TestStableHashCrossPlatform/workflow-b.md
=== RUN   TestStableHashCrossPlatform/repo/workflow-a.md
=== RUN   TestStableHashCrossPlatform/test/workflow.md
=== RUN   TestStableHashCrossPlatform/workflow-a.md#01
=== RUN   TestStableHashCrossPlatform/workflow-b.md#01
=== RUN   TestStableHashCrossPlatform/workflow-a.md#02
=== RUN   TestStableHashCrossPlatform/workflow-b.md#02
=== RUN   TestStableHashCrossPlatform/workflow-a.md#03
=== RUN   TestStableHashCrossPlatform/workflow-b.md#03
=== RUN   TestStableHashCrossPlatform/daily-workflow
=== RUN   TestStableHashCrossPlatform/weekly-workflow
=== RUN   TestStableHashCrossPlatform/hourly-workflow
=== RUN   TestStableHashCrossPlatform/my-workflow.md
=== RUN   TestStableHashCrossPlatform/test-repo/my-workflow.md
--- PASS: TestStableHashCrossPlatform (0.00s)
    --- PASS: TestStableHashCrossPlatform/workflow-a.md (0.00s)
    --- PASS: TestStableHashCrossPlatform/workflow-b.md (0.00s)
    --- PASS: TestStableHashCrossPlatform/repo/workflow-a.md (0.00s)
    --- PASS: TestStableHashCrossPlatform/test/workflow.md (0.00s)
    --- PASS: TestStableHashCrossPlatform/workflow-a.md#01 (0.00s)
    --- PASS: TestStableHashCrossPlatform/workflow-b.md#01 (0.00s)
    --- PASS: TestStableHashCrossPlatform/workflow-a.md#02 (0.00s)
    --- PASS: TestStableHashCrossPlatform/workflow-b.md#02 (0.00s)
    --- PASS: TestStableHashCrossPlatform/workflow-a.md#03 (0.00s)
    --- PASS: TestStableHashCrossPlatform/workflow-b.md#03 (0.00s)
    --- PASS: TestStableHashCrossPlatform/daily-workflow (0.00s)
    --- PASS: TestStableHashCrossPlatform/weekly-workflow (0.00s)
    --- PASS: TestStableHashCrossPlatform/hourly-workflow (0.00s)
    --- PASS: TestStableHashCrossPlatform/my-workflow.md (0.00s)
    --- PASS: TestStableHashCrossPlatform/test-repo/my-workflow.md (0.00s)
=== RUN   TestScatterScheduleCrossPlatformConsistency
=== RUN   TestScatterScheduleCrossPlatformConsistency/daily_-_workflow-a.md
=== RUN   TestScatterScheduleCrossPlatformConsistency/daily_-_workflow-b.md
=== RUN   TestScatterScheduleCrossPlatformConsistency/hourly/1_-_workflow-a.md
=== RUN   TestScatterScheduleCrossPlatformConsistency/hourly/2_-_workflow-b.md
=== RUN   TestScatterScheduleCrossPlatformConsistency/weekly_-_workflow-a.md
=== RUN   TestScatterScheduleCrossPlatformConsistency/weekly:1_-_workflow-a.md
=== RUN   TestScatterScheduleCrossPlatformConsistency/daily_around_14:00_-_workflow-a.md
=== RUN   TestScatterScheduleCrossPlatformConsistency/weekly_around_monday_9:00_-_workflow-a.md
--- PASS: TestScatterScheduleCrossPlatformConsistency (0.00s)
    --- PASS: TestScatterScheduleCrossPlatformConsistency/daily_-_workflow-a.md (0.00s)
    --- PASS: TestScatterScheduleCrossPlatformConsistency/daily_-_workflow-b.md (0.00s)
    --- PASS: TestScatterScheduleCrossPlatformConsistency/hourly/1_-_workflow-a.md (0.00s)
    --- PASS: TestScatterScheduleCrossPlatformConsistency/hourly/2_-_workflow-b.md (0.00s)
    --- PASS: TestScatterScheduleCrossPlatformConsistency/weekly_-_workflow-a.md (0.00s)
    --- PASS: TestScatterScheduleCrossPlatformConsistency/weekly:1_-_workflow-a.md (0.00s)
    --- PASS: TestScatterScheduleCrossPlatformConsistency/daily_around_14:00_-_workflow-a.md (0.00s)
    --- PASS: TestScatterScheduleCrossPlatformConsistency/weekly_around_monday_9:00_-_workflow-a.md (0.00s)
=== RUN   TestStableHashProperties
=== RUN   TestStableHashProperties/same_input_produces_same_output
=== RUN   TestStableHashProperties/output_is_within_modulo_range
=== RUN   TestStableHashProperties/different_inputs_produce_different_outputs_with_high_probability
=== RUN   TestStableHashProperties/empty_string_is_handled
=== RUN   TestStableHashProperties/special_characters_are_handled
--- PASS: TestStableHashProperties (0.00s)
    --- PASS: TestStableHashProperties/same_input_produces_same_output (0.00s)
    --- PASS: TestStableHashProperties/output_is_within_modulo_range (0.00s)
    --- PASS: TestStableHashProperties/different_inputs_produce_different_outputs_with_high_probability (0.00s)
    --- PASS: TestStableHashProperties/empty_string_is_handled (0.00s)
    --- PASS: TestStableHashProperties/special_characters_are_handled (0.00s)
=== RUN   TestParseSchedule
=== RUN   TestParseSchedule/daily_default_time
=== RUN   TestParseSchedule/daily_at_02:00
=== RUN   TestParseSchedule/daily_at_midnight
=== RUN   TestParseSchedule/daily_at_noon
=== RUN   TestParseSchedule/daily_at_3pm
=== RUN   TestParseSchedule/daily_at_1am
=== RUN   TestParseSchedule/daily_at_12am_(midnight)
=== RUN   TestParseSchedule/daily_at_12pm_(noon)
=== RUN   TestParseSchedule/daily_at_11pm
=== RUN   TestParseSchedule/daily_at_6am
=== RUN   TestParseSchedule/daily_around_02:00
=== RUN   TestParseSchedule/daily_around_midnight
=== RUN   TestParseSchedule/daily_around_noon
=== RUN   TestParseSchedule/daily_around_3pm
=== RUN   TestParseSchedule/daily_around_14:30
=== RUN   TestParseSchedule/daily_around_9am
=== RUN   TestParseSchedule/daily_around_14:00_utc+9
=== RUN   TestParseSchedule/daily_around_3pm_utc-5
=== RUN   TestParseSchedule/daily_around_9am_utc+05:30
=== RUN   TestParseSchedule/daily_around_midnight_utc-8
=== RUN   TestParseSchedule/daily_around_noon_utc+2
=== RUN   TestParseSchedule/daily_between_9:00_and_17:00
=== RUN   TestParseSchedule/daily_between_9am_and_5pm
=== RUN   TestParseSchedule/daily_between_midnight_and_noon
=== RUN   TestParseSchedule/daily_between_noon_and_midnight
=== RUN   TestParseSchedule/daily_between_22:00_and_02:00
=== RUN   TestParseSchedule/daily_between_10pm_and_2am
=== RUN   TestParseSchedule/daily_between_8:30_and_18:45
=== RUN   TestParseSchedule/daily_between_9am_utc-5_and_5pm_utc-5
=== RUN   TestParseSchedule/daily_between_8:00_utc+9_and_17:00_utc+9
=== RUN   TestParseSchedule/daily_between_6am_and_6pm
=== RUN   TestParseSchedule/daily_between_1am_and_11pm
=== RUN   TestParseSchedule/daily_between_00:00_and_23:59
=== RUN   TestParseSchedule/daily_between_12am_and_11:59pm
=== RUN   TestParseSchedule/daily_between_23:00_and_01:00
=== RUN   TestParseSchedule/daily_between_11pm_and_1am
=== RUN   TestParseSchedule/daily_between_7:15_and_16:45
=== RUN   TestParseSchedule/daily_between_3:30am_and_8:30pm
=== RUN   TestParseSchedule/daily_between_noon_and_6pm
=== RUN   TestParseSchedule/daily_between_midnight_and_6am
=== RUN   TestParseSchedule/daily_between_6pm_and_midnight
=== RUN   TestParseSchedule/daily_between_10:00_utc+0_and_14:00_utc+0
=== RUN   TestParseSchedule/daily_between_9am_utc-8_and_5pm_utc-8
=== RUN   TestParseSchedule/daily_between_8:00_utc+05:30_and_18:00_utc+05:30
=== RUN   TestParseSchedule/daily_between_missing_and
=== RUN   TestParseSchedule/daily_between_missing_end_time
=== RUN   TestParseSchedule/daily_between_same_time
=== RUN   TestParseSchedule/daily_between_incomplete
=== RUN   TestParseSchedule/daily_between_invalid_start_time
=== RUN   TestParseSchedule/daily_between_invalid_end_time
=== RUN   TestParseSchedule/daily_between_with_only_'and'
=== RUN   TestParseSchedule/daily_between_missing_both_times
=== RUN   TestParseSchedule/daily_between_same_time_at_midnight
=== RUN   TestParseSchedule/daily_between_same_time_at_noon
=== RUN   TestParseSchedule/daily_between_same_time_with_am/pm
=== RUN   TestParseSchedule/hourly
=== RUN   TestParseSchedule/weekly_fuzzy
=== RUN   TestParseSchedule/weekly_on_monday_fuzzy
=== RUN   TestParseSchedule/weekly_on_sunday_fuzzy
=== RUN   TestParseSchedule/weekly_on_friday_fuzzy
=== RUN   TestParseSchedule/weekly_on_saturday_fuzzy
=== RUN   TestParseSchedule/weekly_on_tuesday_fuzzy
=== RUN   TestParseSchedule/weekly_on_monday_at_06:30
=== RUN   TestParseSchedule/weekly_on_friday_at_17:00
=== RUN   TestParseSchedule/weekly_on_saturday_at_midnight
=== RUN   TestParseSchedule/daily_at_02:00_utc+9
=== RUN   TestParseSchedule/daily_at_14:00_utc-5
=== RUN   TestParseSchedule/daily_at_09:30_utc+05:30
=== RUN   TestParseSchedule/weekly_on_monday_at_08:00_utc+0
=== RUN   TestParseSchedule/monthly_on_15_at_12:00_utc-8
=== RUN   TestParseSchedule/daily_at_3pm_utc+9
=== RUN   TestParseSchedule/daily_at_9am_utc-5
=== RUN   TestParseSchedule/daily_at_12pm_utc+1
=== RUN   TestParseSchedule/daily_at_12am_utc-8
=== RUN   TestParseSchedule/daily_at_11pm_utc+05:30
=== RUN   TestParseSchedule/weekly_on_monday_at_8am_utc+9
=== RUN   TestParseSchedule/weekly_on_friday_at_6pm_utc-7
=== RUN   TestParseSchedule/weekly_on_monday_around_09:00
=== RUN   TestParseSchedule/weekly_on_friday_around_17:00
=== RUN   TestParseSchedule/weekly_on_sunday_around_midnight
=== RUN   TestParseSchedule/weekly_on_wednesday_around_noon
=== RUN   TestParseSchedule/weekly_on_thursday_around_14:30
=== RUN   TestParseSchedule/weekly_on_saturday_around_9am
=== RUN   TestParseSchedule/weekly_on_tuesday_around_3pm
=== RUN   TestParseSchedule/weekly_on_monday_around_08:00_utc+9
=== RUN   TestParseSchedule/weekly_on_friday_around_5pm_utc-5
=== RUN   TestParseSchedule/weekly_on_friday_around_8_am_PT
=== RUN   TestParseSchedule/monthly_on_15_at_10am_utc+2
=== RUN   TestParseSchedule/monthly_on_1_at_7pm_utc-3
=== RUN   TestParseSchedule/weekly_on_friday_at_5pm
=== RUN   TestParseSchedule/monthly_on_15_at_9am
=== RUN   TestParseSchedule/monthly_on_1st
=== RUN   TestParseSchedule/monthly_on_15th
=== RUN   TestParseSchedule/monthly_on_15th_at_09:00
=== RUN   TestParseSchedule/monthly_on_31st
=== RUN   TestParseSchedule/bi-weekly_fuzzy
=== RUN   TestParseSchedule/bi-weekly_with_parameters
=== RUN   TestParseSchedule/tri-weekly_fuzzy
=== RUN   TestParseSchedule/tri-weekly_with_parameters
=== RUN   TestParseSchedule/every_10_minutes
=== RUN   TestParseSchedule/every_5_minutes
=== RUN   TestParseSchedule/every_30_minutes
=== RUN   TestParseSchedule/every_1_hour
=== RUN   TestParseSchedule/every_2_hours
=== RUN   TestParseSchedule/every_6_hours
=== RUN   TestParseSchedule/every_12_hours
=== RUN   TestParseSchedule/every_30m
=== RUN   TestParseSchedule/every_1h
=== RUN   TestParseSchedule/every_2h
=== RUN   TestParseSchedule/every_6h
=== RUN   TestParseSchedule/every_1d
=== RUN   TestParseSchedule/every_2d
=== RUN   TestParseSchedule/every_1w
=== RUN   TestParseSchedule/every_2w
=== RUN   TestParseSchedule/every_1mo
=== RUN   TestParseSchedule/every_2mo
=== RUN   TestParseSchedule/DAILY_uppercase
=== RUN   TestParseSchedule/Weekly_On_Monday_mixed_case
=== RUN   TestParseSchedule/existing_cron_expression
=== RUN   TestParseSchedule/complex_cron_expression
=== RUN   TestParseSchedule/cron_with_ranges
=== RUN   TestParseSchedule/empty_string
=== RUN   TestParseSchedule/interval_with_time_conflict
=== RUN   TestParseSchedule/invalid_interval_number
=== RUN   TestParseSchedule/every_2_days
=== RUN   TestParseSchedule/every_3_days
=== RUN   TestParseSchedule/every_7_days
=== RUN   TestParseSchedule/every_10_days
=== RUN   TestParseSchedule/every_14_days
=== RUN   TestParseSchedule/every_1_day
=== RUN   TestParseSchedule/every_day_(fuzzy)
=== RUN   TestParseSchedule/every_days_(plural,_fuzzy)
=== RUN   TestParseSchedule/every_day_on_weekdays
=== RUN   TestParseSchedule/every_day_at_9am
=== RUN   TestParseSchedule/every_day_at_09:00
=== RUN   TestParseSchedule/every_day_at_14:30
=== RUN   TestParseSchedule/every_day_at_midnight
=== RUN   TestParseSchedule/every_day_at_noon
=== RUN   TestParseSchedule/every_day_at_6pm
=== RUN   TestParseSchedule/every_day_at_9am_on_weekdays
=== RUN   TestParseSchedule/every_day_with_unrecognised_extra_token
=== RUN   TestParseSchedule/weekly_without_on
=== RUN   TestParseSchedule/weekly_invalid_weekday
=== RUN   TestParseSchedule/monthly_without_on
=== RUN   TestParseSchedule/monthly_invalid_day
=== RUN   TestParseSchedule/monthly_day_out_of_range
=== RUN   TestParseSchedule/unsupported_schedule_type_mentions_hourly
=== RUN   TestParseSchedule/negative_interval
=== RUN   TestParseSchedule/zero_interval
=== RUN   TestParseSchedule/interval_below_minimum_-_1m
=== RUN   TestParseSchedule/interval_below_minimum_-_2_minutes
=== RUN   TestParseSchedule/interval_below_minimum_-_4m
=== RUN   TestParseSchedule/interval_at_minimum_-_5m
=== RUN   TestParseSchedule/interval_at_minimum_-_5_minutes
=== RUN   TestParseSchedule/daily_on_weekdays
=== RUN   TestParseSchedule/hourly_on_weekdays
=== RUN   TestParseSchedule/every_2h_on_weekdays
=== RUN   TestParseSchedule/every_2_hours_on_weekdays
=== RUN   TestParseSchedule/daily_around_9am_on_weekdays
=== RUN   TestParseSchedule/daily_around_14:00_on_weekdays
=== RUN   TestParseSchedule/daily_between_9:00_and_17:00_on_weekdays
=== RUN   TestParseSchedule/daily_between_9am_and_5pm_on_weekdays
=== RUN   TestParseSchedule/daily_around_9am_utc-5_on_weekdays
=== RUN   TestParseSchedule/daily_between_9am_utc-5_and_5pm_utc-5_on_weekdays
=== RUN   TestParseSchedule/minute_intervals_with_weekdays_not_supported
=== RUN   TestParseSchedule/every_5m_on_weekdays_not_supported
=== RUN   TestParseSchedule/empty_input
=== RUN   TestParseSchedule/passthrough_valid_cron_expression
=== RUN   TestParseSchedule/passthrough_cron_with_whitespace_trimmed
--- PASS: TestParseSchedule (0.00s)
    --- PASS: TestParseSchedule/daily_default_time (0.00s)
    --- PASS: TestParseSchedule/daily_at_02:00 (0.00s)
    --- PASS: TestParseSchedule/daily_at_midnight (0.00s)
    --- PASS: TestParseSchedule/daily_at_noon (0.00s)
    --- PASS: TestParseSchedule/daily_at_3pm (0.00s)
    --- PASS: TestParseSchedule/daily_at_1am (0.00s)
    --- PASS: TestParseSchedule/daily_at_12am_(midnight) (0.00s)
    --- PASS: TestParseSchedule/daily_at_12pm_(noon) (0.00s)
    --- PASS: TestParseSchedule/daily_at_11pm (0.00s)
    --- PASS: TestParseSchedule/daily_at_6am (0.00s)
    --- PASS: TestParseSchedule/daily_around_02:00 (0.00s)
    --- PASS: TestParseSchedule/daily_around_midnight (0.00s)
    --- PASS: TestParseSchedule/daily_around_noon (0.00s)
    --- PASS: TestParseSchedule/daily_around_3pm (0.00s)
    --- PASS: TestParseSchedule/daily_around_14:30 (0.00s)
    --- PASS: TestParseSchedule/daily_around_9am (0.00s)
    --- PASS: TestParseSchedule/daily_around_14:00_utc+9 (0.00s)
    --- PASS: TestParseSchedule/daily_around_3pm_utc-5 (0.00s)
    --- PASS: TestParseSchedule/daily_around_9am_utc+05:30 (0.00s)
    --- PASS: TestParseSchedule/daily_around_midnight_utc-8 (0.00s)
    --- PASS: TestParseSchedule/daily_around_noon_utc+2 (0.00s)
    --- PASS: TestParseSchedule/daily_between_9:00_and_17:00 (0.00s)
    --- PASS: TestParseSchedule/daily_between_9am_and_5pm (0.00s)
    --- PASS: TestParseSchedule/daily_between_midnight_and_noon (0.00s)
    --- PASS: TestParseSchedule/daily_between_noon_and_midnight (0.00s)
    --- PASS: TestParseSchedule/daily_between_22:00_and_02:00 (0.00s)
    --- PASS: TestParseSchedule/daily_between_10pm_and_2am (0.00s)
    --- PASS: TestParseSchedule/daily_between_8:30_and_18:45 (0.00s)
    --- PASS: TestParseSchedule/daily_between_9am_utc-5_and_5pm_utc-5 (0.00s)
    --- PASS: TestParseSchedule/daily_between_8:00_utc+9_and_17:00_utc+9 (0.00s)
    --- PASS: TestParseSchedule/daily_between_6am_and_6pm (0.00s)
    --- PASS: TestParseSchedule/daily_between_1am_and_11pm (0.00s)
    --- PASS: TestParseSchedule/daily_between_00:00_and_23:59 (0.00s)
    --- PASS: TestParseSchedule/daily_between_12am_and_11:59pm (0.00s)
    --- PASS: TestParseSchedule/daily_between_23:00_and_01:00 (0.00s)
    --- PASS: TestParseSchedule/daily_between_11pm_and_1am (0.00s)
    --- PASS: TestParseSchedule/daily_between_7:15_and_16:45 (0.00s)
    --- PASS: TestParseSchedule/daily_between_3:30am_and_8:30pm (0.00s)
    --- PASS: TestParseSchedule/daily_between_noon_and_6pm (0.00s)
    --- PASS: TestParseSchedule/daily_between_midnight_and_6am (0.00s)
    --- PASS: TestParseSchedule/daily_between_6pm_and_midnight (0.00s)
    --- PASS: TestParseSchedule/daily_between_10:00_utc+0_and_14:00_utc+0 (0.00s)
    --- PASS: TestParseSchedule/daily_between_9am_utc-8_and_5pm_utc-8 (0.00s)
    --- PASS: TestParseSchedule/daily_between_8:00_utc+05:30_and_18:00_utc+05:30 (0.00s)
    --- PASS: TestParseSchedule/daily_between_missing_and (0.00s)
    --- PASS: TestParseSchedule/daily_between_missing_end_time (0.00s)
    --- PASS: TestParseSchedule/daily_between_same_time (0.00s)
    --- PASS: TestParseSchedule/daily_between_incomplete (0.00s)
    --- PASS: TestParseSchedule/daily_between_invalid_start_time (0.00s)
    --- PASS: TestParseSchedule/daily_between_invalid_end_time (0.00s)
    --- PASS: TestParseSchedule/daily_between_with_only_'and' (0.00s)
    --- PASS: TestParseSchedule/daily_between_missing_both_times (0.00s)
    --- PASS: TestParseSchedule/daily_between_same_time_at_midnight (0.00s)
    --- PASS: TestParseSchedule/daily_between_same_time_at_noon (0.00s)
    --- PASS: TestParseSchedule/daily_between_same_time_with_am/pm (0.00s)
    --- PASS: TestParseSchedule/hourly (0.00s)
    --- PASS: TestParseSchedule/weekly_fuzzy (0.00s)
    --- PASS: TestParseSchedule/weekly_on_monday_fuzzy (0.00s)
    --- PASS: TestParseSchedule/weekly_on_sunday_fuzzy (0.00s)
    --- PASS: TestParseSchedule/weekly_on_friday_fuzzy (0.00s)
    --- PASS: TestParseSchedule/weekly_on_saturday_fuzzy (0.00s)
    --- PASS: TestParseSchedule/weekly_on_tuesday_fuzzy (0.00s)
    --- PASS: TestParseSchedule/weekly_on_monday_at_06:30 (0.00s)
    --- PASS: TestParseSchedule/weekly_on_friday_at_17:00 (0.00s)
    --- PASS: TestParseSchedule/weekly_on_saturday_at_midnight (0.00s)
    --- PASS: TestParseSchedule/daily_at_02:00_utc+9 (0.00s)
    --- PASS: TestParseSchedule/daily_at_14:00_utc-5 (0.00s)
    --- PASS: TestParseSchedule/daily_at_09:30_utc+05:30 (0.00s)
    --- PASS: TestParseSchedule/weekly_on_monday_at_08:00_utc+0 (0.00s)
    --- PASS: TestParseSchedule/monthly_on_15_at_12:00_utc-8 (0.00s)
    --- PASS: TestParseSchedule/daily_at_3pm_utc+9 (0.00s)
    --- PASS: TestParseSchedule/daily_at_9am_utc-5 (0.00s)
    --- PASS: TestParseSchedule/daily_at_12pm_utc+1 (0.00s)
    --- PASS: TestParseSchedule/daily_at_12am_utc-8 (0.00s)
    --- PASS: TestParseSchedule/daily_at_11pm_utc+05:30 (0.00s)
    --- PASS: TestParseSchedule/weekly_on_monday_at_8am_utc+9 (0.00s)
    --- PASS: TestParseSchedule/weekly_on_friday_at_6pm_utc-7 (0.00s)
    --- PASS: TestParseSchedule/weekly_on_monday_around_09:00 (0.00s)
    --- PASS: TestParseSchedule/weekly_on_friday_around_17:00 (0.00s)
    --- PASS: TestParseSchedule/weekly_on_sunday_around_midnight (0.00s)
    --- PASS: TestParseSchedule/weekly_on_wednesday_around_noon (0.00s)
    --- PASS: TestParseSchedule/weekly_on_thursday_around_14:30 (0.00s)
    --- PASS: TestParseSchedule/weekly_on_saturday_around_9am (0.00s)
    --- PASS: TestParseSchedule/weekly_on_tuesday_around_3pm (0.00s)
    --- PASS: TestParseSchedule/weekly_on_monday_around_08:00_utc+9 (0.00s)
    --- PASS: TestParseSchedule/weekly_on_friday_around_5pm_utc-5 (0.00s)
    --- PASS: TestParseSchedule/weekly_on_friday_around_8_am_PT (0.00s)
    --- PASS: TestParseSchedule/monthly_on_15_at_10am_utc+2 (0.00s)
    --- PASS: TestParseSchedule/monthly_on_1_at_7pm_utc-3 (0.00s)
    --- PASS: TestParseSchedule/weekly_on_friday_at_5pm (0.00s)
    --- PASS: TestParseSchedule/monthly_on_15_at_9am (0.00s)
    --- PASS: TestParseSchedule/monthly_on_1st (0.00s)
    --- PASS: TestParseSchedule/monthly_on_15th (0.00s)
    --- PASS: TestParseSchedule/monthly_on_15th_at_09:00 (0.00s)
    --- PASS: TestParseSchedule/monthly_on_31st (0.00s)
    --- PASS: TestParseSchedule/bi-weekly_fuzzy (0.00s)
    --- PASS: TestParseSchedule/bi-weekly_with_parameters (0.00s)
    --- PASS: TestParseSchedule/tri-weekly_fuzzy (0.00s)
    --- PASS: TestParseSchedule/tri-weekly_with_parameters (0.00s)
    --- PASS: TestParseSchedule/every_10_minutes (0.00s)
    --- PASS: TestParseSchedule/every_5_minutes (0.00s)
    --- PASS: TestParseSchedule/every_30_minutes (0.00s)
    --- PASS: TestParseSchedule/every_1_hour (0.00s)
    --- PASS: TestParseSchedule/every_2_hours (0.00s)
    --- PASS: TestParseSchedule/every_6_hours (0.00s)
    --- PASS: TestParseSchedule/every_12_hours (0.00s)
    --- PASS: TestParseSchedule/every_30m (0.00s)
    --- PASS: TestParseSchedule/every_1h (0.00s)
    --- PASS: TestParseSchedule/every_2h (0.00s)
    --- PASS: TestParseSchedule/every_6h (0.00s)
    --- PASS: TestParseSchedule/every_1d (0.00s)
    --- PASS: TestParseSchedule/every_2d (0.00s)
    --- PASS: TestParseSchedule/every_1w (0.00s)
    --- PASS: TestParseSchedule/every_2w (0.00s)
    --- PASS: TestParseSchedule/every_1mo (0.00s)
    --- PASS: TestParseSchedule/every_2mo (0.00s)
    --- PASS: TestParseSchedule/DAILY_uppercase (0.00s)
    --- PASS: TestParseSchedule/Weekly_On_Monday_mixed_case (0.00s)
    --- PASS: TestParseSchedule/existing_cron_expression (0.00s)
    --- PASS: TestParseSchedule/complex_cron_expression (0.00s)
    --- PASS: TestParseSchedule/cron_with_ranges (0.00s)
    --- PASS: TestParseSchedule/empty_string (0.00s)
    --- PASS: TestParseSchedule/interval_with_time_conflict (0.00s)
    --- PASS: TestParseSchedule/invalid_interval_number (0.00s)
    --- PASS: TestParseSchedule/every_2_days (0.00s)
    --- PASS: TestParseSchedule/every_3_days (0.00s)
    --- PASS: TestParseSchedule/every_7_days (0.00s)
    --- PASS: TestParseSchedule/every_10_days (0.00s)
    --- PASS: TestParseSchedule/every_14_days (0.00s)
    --- PASS: TestParseSchedule/every_1_day (0.00s)
    --- PASS: TestParseSchedule/every_day_(fuzzy) (0.00s)
    --- PASS: TestParseSchedule/every_days_(plural,_fuzzy) (0.00s)
    --- PASS: TestParseSchedule/every_day_on_weekdays (0.00s)
    --- PASS: TestParseSchedule/every_day_at_9am (0.00s)
    --- PASS: TestParseSchedule/every_day_at_09:00 (0.00s)
    --- PASS: TestParseSchedule/every_day_at_14:30 (0.00s)
    --- PASS: TestParseSchedule/every_day_at_midnight (0.00s)
    --- PASS: TestParseSchedule/every_day_at_noon (0.00s)
    --- PASS: TestParseSchedule/every_day_at_6pm (0.00s)
    --- PASS: TestParseSchedule/every_day_at_9am_on_weekdays (0.00s)
    --- PASS: TestParseSchedule/every_day_with_unrecognised_extra_token (0.00s)
    --- PASS: TestParseSchedule/weekly_without_on (0.00s)
    --- PASS: TestParseSchedule/weekly_invalid_weekday (0.00s)
    --- PASS: TestParseSchedule/monthly_without_on (0.00s)
    --- PASS: TestParseSchedule/monthly_invalid_day (0.00s)
    --- PASS: TestParseSchedule/monthly_day_out_of_range (0.00s)
    --- PASS: TestParseSchedule/unsupported_schedule_type_mentions_hourly (0.00s)
    --- PASS: TestParseSchedule/negative_interval (0.00s)
    --- PASS: TestParseSchedule/zero_interval (0.00s)
    --- PASS: TestParseSchedule/interval_below_minimum_-_1m (0.00s)
    --- PASS: TestParseSchedule/interval_below_minimum_-_2_minutes (0.00s)
    --- PASS: TestParseSchedule/interval_below_minimum_-_4m (0.00s)
    --- PASS: TestParseSchedule/interval_at_minimum_-_5m (0.00s)
    --- PASS: TestParseSchedule/interval_at_minimum_-_5_minutes (0.00s)
    --- PASS: TestParseSchedule/daily_on_weekdays (0.00s)
    --- PASS: TestParseSchedule/hourly_on_weekdays (0.00s)
    --- PASS: TestParseSchedule/every_2h_on_weekdays (0.00s)
    --- PASS: TestParseSchedule/every_2_hours_on_weekdays (0.00s)
    --- PASS: TestParseSchedule/daily_around_9am_on_weekdays (0.00s)
    --- PASS: TestParseSchedule/daily_around_14:00_on_weekdays (0.00s)
    --- PASS: TestParseSchedule/daily_between_9:00_and_17:00_on_weekdays (0.00s)
    --- PASS: TestParseSchedule/daily_between_9am_and_5pm_on_weekdays (0.00s)
    --- PASS: TestParseSchedule/daily_around_9am_utc-5_on_weekdays (0.00s)
    --- PASS: TestParseSchedule/daily_between_9am_utc-5_and_5pm_utc-5_on_weekdays (0.00s)
    --- PASS: TestParseSchedule/minute_intervals_with_weekdays_not_supported (0.00s)
    --- PASS: TestParseSchedule/every_5m_on_weekdays_not_supported (0.00s)
    --- PASS: TestParseSchedule/empty_input (0.00s)
    --- PASS: TestParseSchedule/passthrough_valid_cron_expression (0.00s)
    --- PASS: TestParseSchedule/passthrough_cron_with_whitespace_trimmed (0.00s)
=== RUN   TestMapWeekday
=== RUN   TestMapWeekday/sunday
=== RUN   TestMapWeekday/Sunday
=== RUN   TestMapWeekday/sun
=== RUN   TestMapWeekday/monday
=== RUN   TestMapWeekday/Monday
=== RUN   TestMapWeekday/mon
=== RUN   TestMapWeekday/tuesday
=== RUN   TestMapWeekday/tue
=== RUN   TestMapWeekday/wednesday
=== RUN   TestMapWeekday/wed
=== RUN   TestMapWeekday/thursday
=== RUN   TestMapWeekday/thu
=== RUN   TestMapWeekday/friday
=== RUN   TestMapWeekday/fri
=== RUN   TestMapWeekday/saturday
=== RUN   TestMapWeekday/sat
=== RUN   TestMapWeekday/invalid
=== RUN   TestMapWeekday/#00
--- PASS: TestMapWeekday (0.00s)
    --- PASS: TestMapWeekday/sunday (0.00s)
    --- PASS: TestMapWeekday/Sunday (0.00s)
    --- PASS: TestMapWeekday/sun (0.00s)
    --- PASS: TestMapWeekday/monday (0.00s)
    --- PASS: TestMapWeekday/Monday (0.00s)
    --- PASS: TestMapWeekday/mon (0.00s)
    --- PASS: TestMapWeekday/tuesday (0.00s)
    --- PASS: TestMapWeekday/tue (0.00s)
    --- PASS: TestMapWeekday/wednesday (0.00s)
    --- PASS: TestMapWeekday/wed (0.00s)
    --- PASS: TestMapWeekday/thursday (0.00s)
    --- PASS: TestMapWeekday/thu (0.00s)
    --- PASS: TestMapWeekday/friday (0.00s)
    --- PASS: TestMapWeekday/fri (0.00s)
    --- PASS: TestMapWeekday/saturday (0.00s)
    --- PASS: TestMapWeekday/sat (0.00s)
    --- PASS: TestMapWeekday/invalid (0.00s)
    --- PASS: TestMapWeekday/#00 (0.00s)
=== RUN   TestParseTime
=== RUN   TestParseTime/midnight
=== RUN   TestParseTime/noon
=== RUN   TestParseTime/00:00
=== RUN   TestParseTime/12:00
=== RUN   TestParseTime/06:30
=== RUN   TestParseTime/23:59
=== RUN   TestParseTime/09:15
=== RUN   TestParseTime/1am
=== RUN   TestParseTime/3pm
=== RUN   TestParseTime/12am
=== RUN   TestParseTime/12pm
=== RUN   TestParseTime/11pm
=== RUN   TestParseTime/6am
=== RUN   TestParseTime/8_am
=== RUN   TestParseTime/9am
=== RUN   TestParseTime/5pm
=== RUN   TestParseTime/10pm
=== RUN   TestParseTime/invalid
=== RUN   TestParseTime/25:00
=== RUN   TestParseTime/12:60
=== RUN   TestParseTime/12
=== RUN   TestParseTime/13pm
=== RUN   TestParseTime/0am
--- PASS: TestParseTime (0.00s)
    --- PASS: TestParseTime/midnight (0.00s)
    --- PASS: TestParseTime/noon (0.00s)
    --- PASS: TestParseTime/00:00 (0.00s)
    --- PASS: TestParseTime/12:00 (0.00s)
    --- PASS: TestParseTime/06:30 (0.00s)
    --- PASS: TestParseTime/23:59 (0.00s)
    --- PASS: TestParseTime/09:15 (0.00s)
    --- PASS: TestParseTime/1am (0.00s)
    --- PASS: TestParseTime/3pm (0.00s)
    --- PASS: TestParseTime/12am (0.00s)
    --- PASS: TestParseTime/12pm (0.00s)
    --- PASS: TestParseTime/11pm (0.00s)
    --- PASS: TestParseTime/6am (0.00s)
    --- PASS: TestParseTime/8_am (0.00s)
    --- PASS: TestParseTime/9am (0.00s)
    --- PASS: TestParseTime/5pm (0.00s)
    --- PASS: TestParseTime/10pm (0.00s)
    --- PASS: TestParseTime/invalid (0.00s)
    --- PASS: TestParseTime/25:00 (0.00s)
    --- PASS: TestParseTime/12:60 (0.00s)
    --- PASS: TestParseTime/12 (0.00s)
    --- PASS: TestParseTime/13pm (0.00s)
    --- PASS: TestParseTime/0am (0.00s)
=== RUN   TestParseTimeToMinutes
=== RUN   TestParseTimeToMinutes/0:0
=== RUN   TestParseTimeToMinutes/12:0
=== RUN   TestParseTimeToMinutes/23:59
=== RUN   TestParseTimeToMinutes/6:30
=== RUN   TestParseTimeToMinutes/18:45
--- PASS: TestParseTimeToMinutes (0.00s)
    --- PASS: TestParseTimeToMinutes/0:0 (0.00s)
    --- PASS: TestParseTimeToMinutes/12:0 (0.00s)
    --- PASS: TestParseTimeToMinutes/23:59 (0.00s)
    --- PASS: TestParseTimeToMinutes/6:30 (0.00s)
    --- PASS: TestParseTimeToMinutes/18:45 (0.00s)
=== RUN   TestParseUTCOffset
=== RUN   TestParseUTCOffset/utc+0
=== RUN   TestParseUTCOffset/utc+9
=== RUN   TestParseUTCOffset/utc-5
=== RUN   TestParseUTCOffset/utc+5:30
=== RUN   TestParseUTCOffset/utc-8:00
=== RUN   TestParseUTCOffset/utc
=== RUN   TestParseUTCOffset/invalid
--- PASS: TestParseUTCOffset (0.00s)
    --- PASS: TestParseUTCOffset/utc+0 (0.00s)
    --- PASS: TestParseUTCOffset/utc+9 (0.00s)
    --- PASS: TestParseUTCOffset/utc-5 (0.00s)
    --- PASS: TestParseUTCOffset/utc+5:30 (0.00s)
    --- PASS: TestParseUTCOffset/utc-8:00 (0.00s)
    --- PASS: TestParseUTCOffset/utc (0.00s)
    --- PASS: TestParseUTCOffset/invalid (0.00s)
=== RUN   TestParseHourMinute
=== RUN   TestParseHourMinute/12:30
=== RUN   TestParseHourMinute/9:15
=== RUN   TestParseHourMinute/23:59
=== RUN   TestParseHourMinute/0:0
=== RUN   TestParseHourMinute/12
=== RUN   TestParseHourMinute/9
=== RUN   TestParseHourMinute/invalid
=== RUN   TestParseHourMinute/12:60:30
--- PASS: TestParseHourMinute (0.00s)
    --- PASS: TestParseHourMinute/12:30 (0.00s)
    --- PASS: TestParseHourMinute/9:15 (0.00s)
    --- PASS: TestParseHourMinute/23:59 (0.00s)
    --- PASS: TestParseHourMinute/0:0 (0.00s)
    --- PASS: TestParseHourMinute/12 (0.00s)
    --- PASS: TestParseHourMinute/9 (0.00s)
    --- PASS: TestParseHourMinute/invalid (0.00s)
    --- PASS: TestParseHourMinute/12:60:30 (0.00s)
=== RUN   TestIsAMPMToken
=== RUN   TestIsAMPMToken/am
=== RUN   TestIsAMPMToken/AM
=== RUN   TestIsAMPMToken/pm
=== RUN   TestIsAMPMToken/PM
=== RUN   TestIsAMPMToken/Am
=== RUN   TestIsAMPMToken/Pm
=== RUN   TestIsAMPMToken/invalid
=== RUN   TestIsAMPMToken/#00
--- PASS: TestIsAMPMToken (0.00s)
    --- PASS: TestIsAMPMToken/am (0.00s)
    --- PASS: TestIsAMPMToken/AM (0.00s)
    --- PASS: TestIsAMPMToken/pm (0.00s)
    --- PASS: TestIsAMPMToken/PM (0.00s)
    --- PASS: TestIsAMPMToken/Am (0.00s)
    --- PASS: TestIsAMPMToken/Pm (0.00s)
    --- PASS: TestIsAMPMToken/invalid (0.00s)
    --- PASS: TestIsAMPMToken/#00 (0.00s)
=== RUN   TestNormalizeTimezoneAbbreviation
=== RUN   TestNormalizeTimezoneAbbreviation/pst
=== RUN   TestNormalizeTimezoneAbbreviation/PST
=== RUN   TestNormalizeTimezoneAbbreviation/pt
=== RUN   TestNormalizeTimezoneAbbreviation/pdt
=== RUN   TestNormalizeTimezoneAbbreviation/est
=== RUN   TestNormalizeTimezoneAbbreviation/edt
=== RUN   TestNormalizeTimezoneAbbreviation/invalid
=== RUN   TestNormalizeTimezoneAbbreviation/#00
--- PASS: TestNormalizeTimezoneAbbreviation (0.00s)
    --- PASS: TestNormalizeTimezoneAbbreviation/pst (0.00s)
    --- PASS: TestNormalizeTimezoneAbbreviation/PST (0.00s)
    --- PASS: TestNormalizeTimezoneAbbreviation/pt (0.00s)
    --- PASS: TestNormalizeTimezoneAbbreviation/pdt (0.00s)
    --- PASS: TestNormalizeTimezoneAbbreviation/est (0.00s)
    --- PASS: TestNormalizeTimezoneAbbreviation/edt (0.00s)
    --- PASS: TestNormalizeTimezoneAbbreviation/invalid (0.00s)
    --- PASS: TestNormalizeTimezoneAbbreviation/#00 (0.00s)
=== RUN   TestNormalizeTimeTokens
=== RUN   TestNormalizeTimeTokens/single_time_token
=== RUN   TestNormalizeTimeTokens/time_with_AM
=== RUN   TestNormalizeTimeTokens/time_with_PM
=== RUN   TestNormalizeTimeTokens/time_with_UTC_offset
=== RUN   TestNormalizeTimeTokens/time_with_AM_and_UTC
=== RUN   TestNormalizeTimeTokens/time_with_timezone_abbreviation
=== RUN   TestNormalizeTimeTokens/empty_tokens
--- PASS: TestNormalizeTimeTokens (0.00s)
    --- PASS: TestNormalizeTimeTokens/single_time_token (0.00s)
    --- PASS: TestNormalizeTimeTokens/time_with_AM (0.00s)
    --- PASS: TestNormalizeTimeTokens/time_with_PM (0.00s)
    --- PASS: TestNormalizeTimeTokens/time_with_UTC_offset (0.00s)
    --- PASS: TestNormalizeTimeTokens/time_with_AM_and_UTC (0.00s)
    --- PASS: TestNormalizeTimeTokens/time_with_timezone_abbreviation (0.00s)
    --- PASS: TestNormalizeTimeTokens/empty_tokens (0.00s)
=== RUN   TestGetMainWorkflowDeprecatedFields
    schema_deprecated_test.go:24: Found 1 deprecated fields in schema (timeout_minutes correctly removed)
--- PASS: TestGetMainWorkflowDeprecatedFields (0.01s)
=== RUN   TestFindDeprecatedFieldsInFrontmatter
=== RUN   TestFindDeprecatedFieldsInFrontmatter/no_deprecated_fields
=== RUN   TestFindDeprecatedFieldsInFrontmatter/one_deprecated_field
=== RUN   TestFindDeprecatedFieldsInFrontmatter/multiple_deprecated_fields
--- PASS: TestFindDeprecatedFieldsInFrontmatter (0.00s)
    --- PASS: TestFindDeprecatedFieldsInFrontmatter/no_deprecated_fields (0.00s)
    --- PASS: TestFindDeprecatedFieldsInFrontmatter/one_deprecated_field (0.00s)
    --- PASS: TestFindDeprecatedFieldsInFrontmatter/multiple_deprecated_fields (0.00s)
=== RUN   TestExtractReplacementFromDescription
=== RUN   TestExtractReplacementFromDescription/single_quote_pattern
=== RUN   TestExtractReplacementFromDescription/double_quote_pattern
=== RUN   TestExtractReplacementFromDescription/backtick_pattern
=== RUN   TestExtractReplacementFromDescription/replaced_with_pattern
=== RUN   TestExtractReplacementFromDescription/no_replacement_pattern
=== RUN   TestExtractReplacementFromDescription/complex_description_with_replacement
--- PASS: TestExtractReplacementFromDescription (0.00s)
    --- PASS: TestExtractReplacementFromDescription/single_quote_pattern (0.00s)
    --- PASS: TestExtractReplacementFromDescription/double_quote_pattern (0.00s)
    --- PASS: TestExtractReplacementFromDescription/backtick_pattern (0.00s)
    --- PASS: TestExtractReplacementFromDescription/replaced_with_pattern (0.00s)
    --- PASS: TestExtractReplacementFromDescription/no_replacement_pattern (0.00s)
    --- PASS: TestExtractReplacementFromDescription/complex_description_with_replacement (0.00s)
=== RUN   TestGetMainWorkflowDeprecatedFieldsDeep
    schema_deprecated_test.go:191: Found 14 deep deprecated fields in schema
--- PASS: TestGetMainWorkflowDeprecatedFieldsDeep (0.01s)
=== RUN   TestAllDeprecatedFieldsHaveXDeprecationMessage
    schema_deprecated_test.go:215: Verified 14 deprecated fields all have x-deprecation-message
--- PASS: TestAllDeprecatedFieldsHaveXDeprecationMessage (0.00s)
=== RUN   TestCollectDeprecatedDeep
--- PASS: TestCollectDeprecatedDeep (0.00s)
=== RUN   TestFindDeprecatedFieldsInFrontmatterDeep
=== RUN   TestFindDeprecatedFieldsInFrontmatterDeep/no_deprecated_fields_used
=== RUN   TestFindDeprecatedFieldsInFrontmatterDeep/tools.grep_present
=== RUN   TestFindDeprecatedFieldsInFrontmatterDeep/nested_tools.github.repos_present
=== RUN   TestFindDeprecatedFieldsInFrontmatterDeep/top-level_deprecated_field_present
=== RUN   TestFindDeprecatedFieldsInFrontmatterDeep/multiple_deprecated_fields
=== RUN   TestFindDeprecatedFieldsInFrontmatterDeep/tools_key_present_but_not_grep
--- PASS: TestFindDeprecatedFieldsInFrontmatterDeep (0.00s)
    --- PASS: TestFindDeprecatedFieldsInFrontmatterDeep/no_deprecated_fields_used (0.00s)
    --- PASS: TestFindDeprecatedFieldsInFrontmatterDeep/tools.grep_present (0.00s)
    --- PASS: TestFindDeprecatedFieldsInFrontmatterDeep/nested_tools.github.repos_present (0.00s)
    --- PASS: TestFindDeprecatedFieldsInFrontmatterDeep/top-level_deprecated_field_present (0.00s)
    --- PASS: TestFindDeprecatedFieldsInFrontmatterDeep/multiple_deprecated_fields (0.00s)
    --- PASS: TestFindDeprecatedFieldsInFrontmatterDeep/tools_key_present_but_not_grep (0.00s)
=== RUN   TestFieldExistsAtPath
--- PASS: TestFieldExistsAtPath (0.00s)
=== RUN   TestCleanOneOfMessage
=== RUN   TestCleanOneOfMessage/engine_typo_removes_got-string-want-object_branch
=== RUN   TestCleanOneOfMessage/permissions_typo_removes_got-object-want-string_branch
=== RUN   TestCleanOneOfMessage/non-oneOf_message_is_returned_unchanged
=== RUN   TestCleanOneOfMessage/nested_path_context_preserved_for_sub-field_errors
=== RUN   TestCleanOneOfMessage/all_type_conflicts_synthesizes_plain-English_message
=== RUN   TestCleanOneOfMessage/engine_type_conflict_produces_actionable_message
--- PASS: TestCleanOneOfMessage (0.00s)
    --- PASS: TestCleanOneOfMessage/engine_typo_removes_got-string-want-object_branch (0.00s)
    --- PASS: TestCleanOneOfMessage/permissions_typo_removes_got-object-want-string_branch (0.00s)
    --- PASS: TestCleanOneOfMessage/non-oneOf_message_is_returned_unchanged (0.00s)
    --- PASS: TestCleanOneOfMessage/nested_path_context_preserved_for_sub-field_errors (0.00s)
    --- PASS: TestCleanOneOfMessage/all_type_conflicts_synthesizes_plain-English_message (0.00s)
    --- PASS: TestCleanOneOfMessage/engine_type_conflict_produces_actionable_message (0.00s)
=== RUN   TestSynthesizeOneOfTypeConflictMessage
=== RUN   TestSynthesizeOneOfTypeConflictMessage/engine_field_with_number_type_produces_actionable_message
=== RUN   TestSynthesizeOneOfTypeConflictMessage/engine_hint_includes_object_form_example
=== RUN   TestSynthesizeOneOfTypeConflictMessage/toolsets_field_with_number_type_produces_actionable_message
=== RUN   TestSynthesizeOneOfTypeConflictMessage/unknown_field_produces_generic_message_without_hints
=== RUN   TestSynthesizeOneOfTypeConflictMessage/bare_got-want_without_path
=== RUN   TestSynthesizeOneOfTypeConflictMessage/no_type_conflicts_returns_fallback
--- PASS: TestSynthesizeOneOfTypeConflictMessage (0.00s)
    --- PASS: TestSynthesizeOneOfTypeConflictMessage/engine_field_with_number_type_produces_actionable_message (0.00s)
    --- PASS: TestSynthesizeOneOfTypeConflictMessage/engine_hint_includes_object_form_example (0.00s)
    --- PASS: TestSynthesizeOneOfTypeConflictMessage/toolsets_field_with_number_type_produces_actionable_message (0.00s)
    --- PASS: TestSynthesizeOneOfTypeConflictMessage/unknown_field_produces_generic_message_without_hints (0.00s)
    --- PASS: TestSynthesizeOneOfTypeConflictMessage/bare_got-want_without_path (0.00s)
    --- PASS: TestSynthesizeOneOfTypeConflictMessage/no_type_conflicts_returns_fallback (0.00s)
=== RUN   TestIsTypeConflictLine
=== RUN   TestIsTypeConflictLine/bare_got-want_format
=== RUN   TestIsTypeConflictLine/embedded_in_at-path_format
=== RUN   TestIsTypeConflictLine/embedded_got-object-want-string
=== RUN   TestIsTypeConflictLine/enum_constraint_is_not_a_type_conflict
=== RUN   TestIsTypeConflictLine/additional_property_error_is_not_a_type_conflict
=== RUN   TestIsTypeConflictLine/empty_line_is_not_a_type_conflict
=== RUN   TestIsTypeConflictLine/minItems_constraint_is_not_a_type_conflict
=== RUN   TestIsTypeConflictLine/minimum_constraint_is_not_a_type_conflict
=== RUN   TestIsTypeConflictLine/maximum_constraint_is_not_a_type_conflict
=== RUN   TestIsTypeConflictLine/got_number_want_integer_is_a_type_conflict
--- PASS: TestIsTypeConflictLine (0.00s)
    --- PASS: TestIsTypeConflictLine/bare_got-want_format (0.00s)
    --- PASS: TestIsTypeConflictLine/embedded_in_at-path_format (0.00s)
    --- PASS: TestIsTypeConflictLine/embedded_got-object-want-string (0.00s)
    --- PASS: TestIsTypeConflictLine/enum_constraint_is_not_a_type_conflict (0.00s)
    --- PASS: TestIsTypeConflictLine/additional_property_error_is_not_a_type_conflict (0.00s)
    --- PASS: TestIsTypeConflictLine/empty_line_is_not_a_type_conflict (0.00s)
    --- PASS: TestIsTypeConflictLine/minItems_constraint_is_not_a_type_conflict (0.00s)
    --- PASS: TestIsTypeConflictLine/minimum_constraint_is_not_a_type_conflict (0.00s)
    --- PASS: TestIsTypeConflictLine/maximum_constraint_is_not_a_type_conflict (0.00s)
    --- PASS: TestIsTypeConflictLine/got_number_want_integer_is_a_type_conflict (0.00s)
=== RUN   TestStripAtPathPrefix
=== RUN   TestStripAtPathPrefix/top-level_path_stripped_entirely
=== RUN   TestStripAtPathPrefix/nested_path_keeps_last_component
=== RUN   TestStripAtPathPrefix/line_without_at-path_prefix_is_unchanged
=== RUN   TestStripAtPathPrefix/at-path_without_dash_prefix
--- PASS: TestStripAtPathPrefix (0.00s)
    --- PASS: TestStripAtPathPrefix/top-level_path_stripped_entirely (0.00s)
    --- PASS: TestStripAtPathPrefix/nested_path_keeps_last_component (0.00s)
    --- PASS: TestStripAtPathPrefix/line_without_at-path_prefix_is_unchanged (0.00s)
    --- PASS: TestStripAtPathPrefix/at-path_without_dash_prefix (0.00s)
=== RUN   TestCleanJSONSchemaErrorMessage
=== RUN   TestCleanJSONSchemaErrorMessage/removes_jsonschema_validation_failed_header
=== RUN   TestCleanJSONSchemaErrorMessage/removes_at-root_prefix
=== RUN   TestCleanJSONSchemaErrorMessage/empty_result_falls_back_to_generic_message
--- PASS: TestCleanJSONSchemaErrorMessage (0.00s)
    --- PASS: TestCleanJSONSchemaErrorMessage/removes_jsonschema_validation_failed_header (0.00s)
    --- PASS: TestCleanJSONSchemaErrorMessage/removes_at-root_prefix (0.00s)
    --- PASS: TestCleanJSONSchemaErrorMessage/empty_result_falls_back_to_generic_message (0.00s)
=== RUN   TestTranslateSchemaConstraintMessage
=== RUN   TestTranslateSchemaConstraintMessage/minimum_violation_negative_value
=== RUN   TestTranslateSchemaConstraintMessage/minimum_violation_zero
=== RUN   TestTranslateSchemaConstraintMessage/minimum_violation_decimal
=== RUN   TestTranslateSchemaConstraintMessage/maximum_violation
=== RUN   TestTranslateSchemaConstraintMessage/maximum_violation_decimal
=== RUN   TestTranslateSchemaConstraintMessage/unrelated_message_is_unchanged
=== RUN   TestTranslateSchemaConstraintMessage/already_plain_English_message_is_unchanged
--- PASS: TestTranslateSchemaConstraintMessage (0.00s)
    --- PASS: TestTranslateSchemaConstraintMessage/minimum_violation_negative_value (0.00s)
    --- PASS: TestTranslateSchemaConstraintMessage/minimum_violation_zero (0.00s)
    --- PASS: TestTranslateSchemaConstraintMessage/minimum_violation_decimal (0.00s)
    --- PASS: TestTranslateSchemaConstraintMessage/maximum_violation (0.00s)
    --- PASS: TestTranslateSchemaConstraintMessage/maximum_violation_decimal (0.00s)
    --- PASS: TestTranslateSchemaConstraintMessage/unrelated_message_is_unchanged (0.00s)
    --- PASS: TestTranslateSchemaConstraintMessage/already_plain_English_message_is_unchanged (0.00s)
=== RUN   TestRewriteAdditionalPropertiesErrorOrdering
=== RUN   TestRewriteAdditionalPropertiesErrorOrdering/sorts_multiple_unknown_properties
=== RUN   TestRewriteAdditionalPropertiesErrorOrdering/sorts_and_trims_unquoted_list
=== RUN   TestRewriteAdditionalPropertiesErrorOrdering/single_unknown_property_remains_singular
--- PASS: TestRewriteAdditionalPropertiesErrorOrdering (0.00s)
    --- PASS: TestRewriteAdditionalPropertiesErrorOrdering/sorts_multiple_unknown_properties (0.00s)
    --- PASS: TestRewriteAdditionalPropertiesErrorOrdering/sorts_and_trims_unquoted_list (0.00s)
    --- PASS: TestRewriteAdditionalPropertiesErrorOrdering/single_unknown_property_remains_singular (0.00s)
=== RUN   TestAppendKnownFieldValidValuesHint
=== RUN   TestAppendKnownFieldValidValuesHint/no_hint_for_non-unknown-property_message
=== RUN   TestAppendKnownFieldValidValuesHint/hint_appended_for_permissions_path
=== RUN   TestAppendKnownFieldValidValuesHint/did_you_mean_suggestion_for_close_typo
=== RUN   TestAppendKnownFieldValidValuesHint/did_you_mean_suggestion_for_another_typo
=== RUN   TestAppendKnownFieldValidValuesHint/no_did_you_mean_for_unrelated_word
=== RUN   TestAppendKnownFieldValidValuesHint/no_hint_for_unknown_path
=== RUN   TestAppendKnownFieldValidValuesHint/hint_works_for_nested_permissions_path
--- PASS: TestAppendKnownFieldValidValuesHint (0.00s)
    --- PASS: TestAppendKnownFieldValidValuesHint/no_hint_for_non-unknown-property_message (0.00s)
    --- PASS: TestAppendKnownFieldValidValuesHint/hint_appended_for_permissions_path (0.00s)
    --- PASS: TestAppendKnownFieldValidValuesHint/did_you_mean_suggestion_for_close_typo (0.00s)
    --- PASS: TestAppendKnownFieldValidValuesHint/did_you_mean_suggestion_for_another_typo (0.00s)
    --- PASS: TestAppendKnownFieldValidValuesHint/no_did_you_mean_for_unrelated_word (0.00s)
    --- PASS: TestAppendKnownFieldValidValuesHint/no_hint_for_unknown_path (0.00s)
    --- PASS: TestAppendKnownFieldValidValuesHint/hint_works_for_nested_permissions_path (0.00s)
=== RUN   TestValidateWithSchemaAndLocation
=== RUN   TestValidateWithSchemaAndLocation/valid_data_should_not_error
=== RUN   TestValidateWithSchemaAndLocation/invalid_data_should_show_file_location_and_clean_error
=== RUN   TestValidateWithSchemaAndLocation/schema_error_without_location_should_still_work
--- PASS: TestValidateWithSchemaAndLocation (0.00s)
    --- PASS: TestValidateWithSchemaAndLocation/valid_data_should_not_error (0.00s)
    --- PASS: TestValidateWithSchemaAndLocation/invalid_data_should_show_file_location_and_clean_error (0.00s)
    --- PASS: TestValidateWithSchemaAndLocation/schema_error_without_location_should_still_work (0.00s)
=== RUN   TestSchemaURLDomainChange
--- PASS: TestSchemaURLDomainChange (0.00s)
=== RUN   TestValidateMainWorkflowFrontmatterWithSchemaAndLocation
=== RUN   TestValidateMainWorkflowFrontmatterWithSchemaAndLocation/valid_workflow_frontmatter
=== RUN   TestValidateMainWorkflowFrontmatterWithSchemaAndLocation/invalid_workflow_frontmatter_with_location
--- PASS: TestValidateMainWorkflowFrontmatterWithSchemaAndLocation (0.00s)
    --- PASS: TestValidateMainWorkflowFrontmatterWithSchemaAndLocation/valid_workflow_frontmatter (0.00s)
    --- PASS: TestValidateMainWorkflowFrontmatterWithSchemaAndLocation/invalid_workflow_frontmatter_with_location (0.00s)
=== RUN   TestValidateMainWorkflowFrontmatterWithSchemaAndLocation_AdditionalProperties
=== RUN   TestValidateMainWorkflowFrontmatterWithSchemaAndLocation_AdditionalProperties/invalid_permissions_with_additional_property_shows_location
=== RUN   TestValidateMainWorkflowFrontmatterWithSchemaAndLocation_AdditionalProperties/invalid_trigger_with_additional_property_shows_location
=== RUN   TestValidateMainWorkflowFrontmatterWithSchemaAndLocation_AdditionalProperties/invalid_tools_configuration_with_additional_property_shows_location
=== RUN   TestValidateMainWorkflowFrontmatterWithSchemaAndLocation_AdditionalProperties/workflow_call_input_typo_now_fails_with_additional_property_error
=== RUN   TestValidateMainWorkflowFrontmatterWithSchemaAndLocation_AdditionalProperties/workflow_call_secret_typo_now_fails_with_additional_property_error
=== RUN   TestValidateMainWorkflowFrontmatterWithSchemaAndLocation_AdditionalProperties/dispatch_repository_input_typo_now_fails_with_additional_property_error
=== RUN   TestValidateMainWorkflowFrontmatterWithSchemaAndLocation_AdditionalProperties/valid_workflow_call_input_still_compiles
--- PASS: TestValidateMainWorkflowFrontmatterWithSchemaAndLocation_AdditionalProperties (0.02s)
    --- PASS: TestValidateMainWorkflowFrontmatterWithSchemaAndLocation_AdditionalProperties/invalid_permissions_with_additional_property_shows_location (0.00s)
    --- PASS: TestValidateMainWorkflowFrontmatterWithSchemaAndLocation_AdditionalProperties/invalid_trigger_with_additional_property_shows_location (0.00s)
    --- PASS: TestValidateMainWorkflowFrontmatterWithSchemaAndLocation_AdditionalProperties/invalid_tools_configuration_with_additional_property_shows_location (0.00s)
    --- PASS: TestValidateMainWorkflowFrontmatterWithSchemaAndLocation_AdditionalProperties/workflow_call_input_typo_now_fails_with_additional_property_error (0.01s)
    --- PASS: TestValidateMainWorkflowFrontmatterWithSchemaAndLocation_AdditionalProperties/workflow_call_secret_typo_now_fails_with_additional_property_error (0.01s)
    --- PASS: TestValidateMainWorkflowFrontmatterWithSchemaAndLocation_AdditionalProperties/dispatch_repository_input_typo_now_fails_with_additional_property_error (0.00s)
    --- PASS: TestValidateMainWorkflowFrontmatterWithSchemaAndLocation_AdditionalProperties/valid_workflow_call_input_still_compiles (0.00s)
=== RUN   TestValidateMainWorkflowFrontmatterWithSchemaAndLocation_AcceptsJobRunsOnObjectForm
--- PASS: TestValidateMainWorkflowFrontmatterWithSchemaAndLocation_AcceptsJobRunsOnObjectForm (0.00s)
=== RUN   TestValidateMainWorkflowFrontmatterWithSchemaAndLocation_AcceptsJobRunsOnStringForm
--- PASS: TestValidateMainWorkflowFrontmatterWithSchemaAndLocation_AcceptsJobRunsOnStringForm (0.00s)
=== RUN   TestValidateMainWorkflowFrontmatterWithSchemaAndLocation_AcceptsJobRunsOnArrayForm
--- PASS: TestValidateMainWorkflowFrontmatterWithSchemaAndLocation_AcceptsJobRunsOnArrayForm (0.00s)
=== RUN   TestValidateMainWorkflowFrontmatterWithSchemaAndLocation_AcceptsRunsOnSlimArrayForm
--- PASS: TestValidateMainWorkflowFrontmatterWithSchemaAndLocation_AcceptsRunsOnSlimArrayForm (0.00s)
=== RUN   TestValidateMainWorkflowFrontmatterWithSchemaAndLocation_AcceptsRunsOnSlimObjectForm
--- PASS: TestValidateMainWorkflowFrontmatterWithSchemaAndLocation_AcceptsRunsOnSlimObjectForm (0.00s)
=== RUN   TestValidateMainWorkflowFrontmatterWithSchemaAndLocation_AcceptsSafeOutputsRunsOnArrayForm
--- PASS: TestValidateMainWorkflowFrontmatterWithSchemaAndLocation_AcceptsSafeOutputsRunsOnArrayForm (0.00s)
=== RUN   TestValidateMainWorkflowFrontmatterWithSchemaAndLocation_AcceptsThreatDetectionRunsOnObjectForm
--- PASS: TestValidateMainWorkflowFrontmatterWithSchemaAndLocation_AcceptsThreatDetectionRunsOnObjectForm (0.00s)
=== RUN   TestValidateMainWorkflowFrontmatterWithSchemaAndLocation_AcceptsAllowedBaseBranchesInCreatePullRequest
--- PASS: TestValidateMainWorkflowFrontmatterWithSchemaAndLocation_AcceptsAllowedBaseBranchesInCreatePullRequest (0.00s)
=== RUN   TestValidateMainWorkflowFrontmatterWithSchemaAndLocation_AcceptsPatchLimitsInCreatePullRequest
--- PASS: TestValidateMainWorkflowFrontmatterWithSchemaAndLocation_AcceptsPatchLimitsInCreatePullRequest (0.00s)
=== RUN   TestValidateMainWorkflowFrontmatterWithSchemaAndLocation_AcceptsPatchSizeInPushToPullRequestBranch
--- PASS: TestValidateMainWorkflowFrontmatterWithSchemaAndLocation_AcceptsPatchSizeInPushToPullRequestBranch (0.00s)
=== RUN   TestValidateMainWorkflowFrontmatterWithSchemaAndLocation_RejectsTopLevelCommand
--- PASS: TestValidateMainWorkflowFrontmatterWithSchemaAndLocation_RejectsTopLevelCommand (0.00s)
=== RUN   TestValidateIncludedFileFrontmatterWithSchemaAndLocation_SkipsCustomAgentFiles
--- PASS: TestValidateIncludedFileFrontmatterWithSchemaAndLocation_SkipsCustomAgentFiles (0.00s)
=== RUN   TestMainWorkflowSchema_SafeOutputsTargetProperties
=== PAUSE TestMainWorkflowSchema_SafeOutputsTargetProperties
=== RUN   TestMainWorkflowSchema_SafeOutputsRejectsUnknownProperties
=== PAUSE TestMainWorkflowSchema_SafeOutputsRejectsUnknownProperties
=== RUN   TestStrictFieldSchemaDocumentation
    schema_strict_documentation_test.go:75: ✓ Strict field description is comprehensive (888 chars)
--- PASS: TestStrictFieldSchemaDocumentation (0.01s)
=== RUN   TestGenerateSchemaBasedSuggestions
=== RUN   TestGenerateSchemaBasedSuggestions/additional_property_error_at_root_level
=== RUN   TestGenerateSchemaBasedSuggestions/additional_property_error_in_nested_object
=== RUN   TestGenerateSchemaBasedSuggestions/type_error_with_integer_expected
=== RUN   TestGenerateSchemaBasedSuggestions/multiple_additional_properties
=== RUN   TestGenerateSchemaBasedSuggestions/non-validation_error
=== RUN   TestGenerateSchemaBasedSuggestions/enum_violation_with_close_match_suggests_Did_you_mean
=== RUN   TestGenerateSchemaBasedSuggestions/enum_violation_with_no_user_value_returns_empty
=== RUN   TestGenerateSchemaBasedSuggestions/enum_violation_with_no_close_match_returns_empty
=== RUN   TestGenerateSchemaBasedSuggestions/nested_oneOf_enum_violation_extracts_sub-path_and_suggests_Did_you_mean
--- PASS: TestGenerateSchemaBasedSuggestions (0.00s)
    --- PASS: TestGenerateSchemaBasedSuggestions/additional_property_error_at_root_level (0.00s)
    --- PASS: TestGenerateSchemaBasedSuggestions/additional_property_error_in_nested_object (0.00s)
    --- PASS: TestGenerateSchemaBasedSuggestions/type_error_with_integer_expected (0.00s)
    --- PASS: TestGenerateSchemaBasedSuggestions/multiple_additional_properties (0.00s)
    --- PASS: TestGenerateSchemaBasedSuggestions/non-validation_error (0.00s)
    --- PASS: TestGenerateSchemaBasedSuggestions/enum_violation_with_close_match_suggests_Did_you_mean (0.00s)
    --- PASS: TestGenerateSchemaBasedSuggestions/enum_violation_with_no_user_value_returns_empty (0.00s)
    --- PASS: TestGenerateSchemaBasedSuggestions/enum_violation_with_no_close_match_returns_empty (0.00s)
    --- PASS: TestGenerateSchemaBasedSuggestions/nested_oneOf_enum_violation_extracts_sub-path_and_suggests_Did_you_mean (0.00s)
=== RUN   TestExtractAcceptedFieldsFromSchema
=== RUN   TestExtractAcceptedFieldsFromSchema/root_level_fields
=== RUN   TestExtractAcceptedFieldsFromSchema/nested_object_fields
=== RUN   TestExtractAcceptedFieldsFromSchema/non-existent_path
--- PASS: TestExtractAcceptedFieldsFromSchema (0.00s)
    --- PASS: TestExtractAcceptedFieldsFromSchema/root_level_fields (0.00s)
    --- PASS: TestExtractAcceptedFieldsFromSchema/nested_object_fields (0.00s)
    --- PASS: TestExtractAcceptedFieldsFromSchema/non-existent_path (0.00s)
=== RUN   TestGenerateFieldSuggestions
=== RUN   TestGenerateFieldSuggestions/single_invalid_property_with_close_matches
=== RUN   TestGenerateFieldSuggestions/multiple_invalid_properties
=== RUN   TestGenerateFieldSuggestions/no_accepted_fields
--- PASS: TestGenerateFieldSuggestions (0.00s)
    --- PASS: TestGenerateFieldSuggestions/single_invalid_property_with_close_matches (0.00s)
    --- PASS: TestGenerateFieldSuggestions/multiple_invalid_properties (0.00s)
    --- PASS: TestGenerateFieldSuggestions/no_accepted_fields (0.00s)
=== RUN   TestFindClosestMatches
=== RUN   TestFindClosestMatches/exact_match_skipped_-_returns_next_closest
=== RUN   TestFindClosestMatches/partial_match
=== RUN   TestFindClosestMatches/prefix_match
--- PASS: TestFindClosestMatches (0.00s)
    --- PASS: TestFindClosestMatches/exact_match_skipped_-_returns_next_closest (0.00s)
    --- PASS: TestFindClosestMatches/partial_match (0.00s)
    --- PASS: TestFindClosestMatches/prefix_match (0.00s)
=== RUN   TestGenerateExampleJSONForPath
=== RUN   TestGenerateExampleJSONForPath/integer_field
=== RUN   TestGenerateExampleJSONForPath/string_field
=== RUN   TestGenerateExampleJSONForPath/boolean_field
=== RUN   TestGenerateExampleJSONForPath/array_field
=== RUN   TestGenerateExampleJSONForPath/object_field
--- PASS: TestGenerateExampleJSONForPath (0.00s)
    --- PASS: TestGenerateExampleJSONForPath/integer_field (0.00s)
    --- PASS: TestGenerateExampleJSONForPath/string_field (0.00s)
    --- PASS: TestGenerateExampleJSONForPath/boolean_field (0.00s)
    --- PASS: TestGenerateExampleJSONForPath/array_field (0.00s)
    --- PASS: TestGenerateExampleJSONForPath/object_field (0.00s)
=== RUN   TestExtractEnumValuesFromError
=== RUN   TestExtractEnumValuesFromError/engine_enum_values
=== RUN   TestExtractEnumValuesFromError/permissions_enum_values
=== RUN   TestExtractEnumValuesFromError/no_single-quoted_values
--- PASS: TestExtractEnumValuesFromError (0.00s)
    --- PASS: TestExtractEnumValuesFromError/engine_enum_values (0.00s)
    --- PASS: TestExtractEnumValuesFromError/permissions_enum_values (0.00s)
    --- PASS: TestExtractEnumValuesFromError/no_single-quoted_values (0.00s)
=== RUN   TestExtractYAMLValueAtPath
=== RUN   TestExtractYAMLValueAtPath/simple_top-level_field
=== RUN   TestExtractYAMLValueAtPath/field_with_double-quoted_value
=== RUN   TestExtractYAMLValueAtPath/field_with_single-quoted_value
=== RUN   TestExtractYAMLValueAtPath/nested_path_-_child_not_in_yaml_returns_empty
=== RUN   TestExtractYAMLValueAtPath/nested_path_-_extracts_value_under_parent_key
=== RUN   TestExtractYAMLValueAtPath/nested_path_-_second_child_key
=== RUN   TestExtractYAMLValueAtPath/nested_path_-_single-quoted_value
=== RUN   TestExtractYAMLValueAtPath/nested_path_-_double-quoted_value
=== RUN   TestExtractYAMLValueAtPath/three-level_path_returns_empty
=== RUN   TestExtractYAMLValueAtPath/empty_yaml_returns_empty
=== RUN   TestExtractYAMLValueAtPath/field_not_present_returns_empty
=== RUN   TestExtractYAMLValueAtPath/top-level_key_with_only_nested_block_returns_empty_-_no_inline_scalar_value
=== RUN   TestExtractYAMLValueAtPath/indented_key_with_same_name_does_not_match_top-level_path
=== RUN   TestExtractYAMLValueAtPath/nested_path_-_grandchild_key_not_returned_for_child_path
--- PASS: TestExtractYAMLValueAtPath (0.00s)
    --- PASS: TestExtractYAMLValueAtPath/simple_top-level_field (0.00s)
    --- PASS: TestExtractYAMLValueAtPath/field_with_double-quoted_value (0.00s)
    --- PASS: TestExtractYAMLValueAtPath/field_with_single-quoted_value (0.00s)
    --- PASS: TestExtractYAMLValueAtPath/nested_path_-_child_not_in_yaml_returns_empty (0.00s)
    --- PASS: TestExtractYAMLValueAtPath/nested_path_-_extracts_value_under_parent_key (0.00s)
    --- PASS: TestExtractYAMLValueAtPath/nested_path_-_second_child_key (0.00s)
    --- PASS: TestExtractYAMLValueAtPath/nested_path_-_single-quoted_value (0.00s)
    --- PASS: TestExtractYAMLValueAtPath/nested_path_-_double-quoted_value (0.00s)
    --- PASS: TestExtractYAMLValueAtPath/three-level_path_returns_empty (0.00s)
    --- PASS: TestExtractYAMLValueAtPath/empty_yaml_returns_empty (0.00s)
    --- PASS: TestExtractYAMLValueAtPath/field_not_present_returns_empty (0.00s)
    --- PASS: TestExtractYAMLValueAtPath/top-level_key_with_only_nested_block_returns_empty_-_no_inline_scalar_value (0.00s)
    --- PASS: TestExtractYAMLValueAtPath/indented_key_with_same_name_does_not_match_top-level_path (0.00s)
    --- PASS: TestExtractYAMLValueAtPath/nested_path_-_grandchild_key_not_returned_for_child_path (0.00s)
=== RUN   TestExtractEnumConstraintPath
=== RUN   TestExtractEnumConstraintPath/simple_enum_error_uses_fallback_path
=== RUN   TestExtractEnumConstraintPath/nested_enum_constraint_extracted_from_oneOf_message
=== RUN   TestExtractEnumConstraintPath/nested_path_with_issues_scope
=== RUN   TestExtractEnumConstraintPath/no_enum_path_pattern_uses_fallback
--- PASS: TestExtractEnumConstraintPath (0.00s)
    --- PASS: TestExtractEnumConstraintPath/simple_enum_error_uses_fallback_path (0.00s)
    --- PASS: TestExtractEnumConstraintPath/nested_enum_constraint_extracted_from_oneOf_message (0.00s)
    --- PASS: TestExtractEnumConstraintPath/nested_path_with_issues_scope (0.00s)
    --- PASS: TestExtractEnumConstraintPath/no_enum_path_pattern_uses_fallback (0.00s)
=== RUN   TestGenerateExampleFromSchemaWithExamples
=== RUN   TestGenerateExampleFromSchemaWithExamples/integer_with_examples_uses_first_example
=== RUN   TestGenerateExampleFromSchemaWithExamples/integer_with_default_uses_default
=== RUN   TestGenerateExampleFromSchemaWithExamples/integer_without_examples_falls_back_to_42
--- PASS: TestGenerateExampleFromSchemaWithExamples (0.00s)
    --- PASS: TestGenerateExampleFromSchemaWithExamples/integer_with_examples_uses_first_example (0.00s)
    --- PASS: TestGenerateExampleFromSchemaWithExamples/integer_with_default_uses_default (0.00s)
    --- PASS: TestGenerateExampleFromSchemaWithExamples/integer_without_examples_falls_back_to_42 (0.00s)
=== RUN   TestCollectSchemaPropertyPaths
=== RUN   TestCollectSchemaPropertyPaths/engine
=== RUN   TestCollectSchemaPropertyPaths/permissions
=== RUN   TestCollectSchemaPropertyPaths/on
=== RUN   TestCollectSchemaPropertyPaths/skip-if-match
=== RUN   TestCollectSchemaPropertyPaths/skip-if-no-match
=== RUN   TestCollectSchemaPropertyPaths/body
=== RUN   TestCollectSchemaPropertyPaths/branch
=== RUN   TestCollectSchemaPropertyPaths/contents
=== RUN   TestCollectSchemaPropertyPaths/issues
--- PASS: TestCollectSchemaPropertyPaths (0.00s)
    --- PASS: TestCollectSchemaPropertyPaths/engine (0.00s)
    --- PASS: TestCollectSchemaPropertyPaths/permissions (0.00s)
    --- PASS: TestCollectSchemaPropertyPaths/on (0.00s)
    --- PASS: TestCollectSchemaPropertyPaths/skip-if-match (0.00s)
    --- PASS: TestCollectSchemaPropertyPaths/skip-if-no-match (0.00s)
    --- PASS: TestCollectSchemaPropertyPaths/body (0.00s)
    --- PASS: TestCollectSchemaPropertyPaths/branch (0.00s)
    --- PASS: TestCollectSchemaPropertyPaths/contents (0.00s)
    --- PASS: TestCollectSchemaPropertyPaths/issues (0.00s)
=== RUN   TestFindFieldLocationsInSchema
=== RUN   TestFindFieldLocationsInSchema/exact_match_found_at_different_path
=== RUN   TestFindFieldLocationsInSchema/fuzzy_match_found_at_different_path
=== RUN   TestFindFieldLocationsInSchema/same_path_excluded_from_results
=== RUN   TestFindFieldLocationsInSchema/field_not_in_schema_returns_empty
=== RUN   TestFindFieldLocationsInSchema/field_too_far_for_fuzzy_match
--- PASS: TestFindFieldLocationsInSchema (0.00s)
    --- PASS: TestFindFieldLocationsInSchema/exact_match_found_at_different_path (0.00s)
    --- PASS: TestFindFieldLocationsInSchema/fuzzy_match_found_at_different_path (0.00s)
    --- PASS: TestFindFieldLocationsInSchema/same_path_excluded_from_results (0.00s)
    --- PASS: TestFindFieldLocationsInSchema/field_not_in_schema_returns_empty (0.00s)
    --- PASS: TestFindFieldLocationsInSchema/field_too_far_for_fuzzy_match (0.00s)
=== RUN   TestGeneratePathLocationSuggestion
=== RUN   TestGeneratePathLocationSuggestion/exact_match_suggests_correct_parent_path
=== RUN   TestGeneratePathLocationSuggestion/fuzzy_match_suggests_field_name_and_path
=== RUN   TestGeneratePathLocationSuggestion/field_valid_at_current_path_excluded
=== RUN   TestGeneratePathLocationSuggestion/field_not_in_schema_returns_empty
=== RUN   TestGeneratePathLocationSuggestion/empty_invalid_props_returns_empty
--- PASS: TestGeneratePathLocationSuggestion (0.00s)
    --- PASS: TestGeneratePathLocationSuggestion/exact_match_suggests_correct_parent_path (0.00s)
    --- PASS: TestGeneratePathLocationSuggestion/fuzzy_match_suggests_field_name_and_path (0.00s)
    --- PASS: TestGeneratePathLocationSuggestion/field_valid_at_current_path_excluded (0.00s)
    --- PASS: TestGeneratePathLocationSuggestion/field_not_in_schema_returns_empty (0.00s)
    --- PASS: TestGeneratePathLocationSuggestion/empty_invalid_props_returns_empty (0.00s)
=== RUN   TestGenerateSchemaBasedSuggestionsWithPathHeuristic
=== RUN   TestGenerateSchemaBasedSuggestionsWithPathHeuristic/misplaced_field_suggests_correct_path
=== RUN   TestGenerateSchemaBasedSuggestionsWithPathHeuristic/fuzzy_misplaced_field_suggests_field_name_and_path
=== RUN   TestGenerateSchemaBasedSuggestionsWithPathHeuristic/typo_at_correct_location_does_not_suggest_path
--- PASS: TestGenerateSchemaBasedSuggestionsWithPathHeuristic (0.00s)
    --- PASS: TestGenerateSchemaBasedSuggestionsWithPathHeuristic/misplaced_field_suggests_correct_path (0.00s)
    --- PASS: TestGenerateSchemaBasedSuggestionsWithPathHeuristic/fuzzy_misplaced_field_suggests_field_name_and_path (0.00s)
    --- PASS: TestGenerateSchemaBasedSuggestionsWithPathHeuristic/typo_at_correct_location_does_not_suggest_path (0.00s)
=== RUN   TestExtractSchemaExamples
=== RUN   TestExtractSchemaExamples/integer_field_with_examples
=== RUN   TestExtractSchemaExamples/string_field_with_examples
=== RUN   TestExtractSchemaExamples/field_without_examples
=== RUN   TestExtractSchemaExamples/non-existent_path
--- PASS: TestExtractSchemaExamples (0.00s)
    --- PASS: TestExtractSchemaExamples/integer_field_with_examples (0.00s)
    --- PASS: TestExtractSchemaExamples/string_field_with_examples (0.00s)
    --- PASS: TestExtractSchemaExamples/field_without_examples (0.00s)
    --- PASS: TestExtractSchemaExamples/non-existent_path (0.00s)
=== RUN   TestGenerateSchemaBasedSuggestions_RangeConstraintExamples
=== RUN   TestGenerateSchemaBasedSuggestions_RangeConstraintExamples/minimum_violation_with_examples_(bare_form)
=== RUN   TestGenerateSchemaBasedSuggestions_RangeConstraintExamples/minimum_violation_with_examples_(at-path_prefix_form_from_jsonschema)
=== RUN   TestGenerateSchemaBasedSuggestions_RangeConstraintExamples/maximum_violation_with_examples_surfaced
=== RUN   TestGenerateSchemaBasedSuggestions_RangeConstraintExamples/minimum_violation_without_examples_—_range_handler_skips,_type_handler_may_fire
--- PASS: TestGenerateSchemaBasedSuggestions_RangeConstraintExamples (0.00s)
    --- PASS: TestGenerateSchemaBasedSuggestions_RangeConstraintExamples/minimum_violation_with_examples_(bare_form) (0.00s)
    --- PASS: TestGenerateSchemaBasedSuggestions_RangeConstraintExamples/minimum_violation_with_examples_(at-path_prefix_form_from_jsonschema) (0.00s)
    --- PASS: TestGenerateSchemaBasedSuggestions_RangeConstraintExamples/maximum_violation_with_examples_surfaced (0.00s)
    --- PASS: TestGenerateSchemaBasedSuggestions_RangeConstraintExamples/minimum_violation_without_examples_—_range_handler_skips,_type_handler_may_fire (0.00s)
=== RUN   TestValidateWithSchema
=== RUN   TestValidateWithSchema/valid_data_with_simple_schema
=== RUN   TestValidateWithSchema/invalid_data_with_additional_property
=== RUN   TestValidateWithSchema/invalid_schema_JSON
--- PASS: TestValidateWithSchema (0.00s)
    --- PASS: TestValidateWithSchema/valid_data_with_simple_schema (0.00s)
    --- PASS: TestValidateWithSchema/invalid_data_with_additional_property (0.00s)
    --- PASS: TestValidateWithSchema/invalid_schema_JSON (0.00s)
=== RUN   TestValidateWithSchemaAndLocation_CleanedErrorMessage
--- PASS: TestValidateWithSchemaAndLocation_CleanedErrorMessage (0.00s)
=== RUN   TestValidateMCPConfigWithSchema
=== RUN   TestValidateMCPConfigWithSchema/valid_stdio_config_with_command
=== RUN   TestValidateMCPConfigWithSchema/valid_stdio_config_with_container
=== RUN   TestValidateMCPConfigWithSchema/valid_http_config
=== RUN   TestValidateMCPConfigWithSchema/valid_config_inferred_from_url_requires_explicit_type_in_schema
=== RUN   TestValidateMCPConfigWithSchema/empty_config_fails_anyOf_-_missing_type,_url,_command,_and_container
=== RUN   TestValidateMCPConfigWithSchema/invalid_container_pattern_rejected_by_schema
=== RUN   TestValidateMCPConfigWithSchema/invalid_env_key_pattern_rejected_by_schema
=== RUN   TestValidateMCPConfigWithSchema/invalid_mounts_item_pattern_rejected_by_schema
=== RUN   TestValidateMCPConfigWithSchema/additional_property_rejected_by_schema
=== RUN   TestValidateMCPConfigWithSchema/valid_local_type_(alias_for_stdio)
--- PASS: TestValidateMCPConfigWithSchema (0.00s)
    --- PASS: TestValidateMCPConfigWithSchema/valid_stdio_config_with_command (0.00s)
    --- PASS: TestValidateMCPConfigWithSchema/valid_stdio_config_with_container (0.00s)
    --- PASS: TestValidateMCPConfigWithSchema/valid_http_config (0.00s)
    --- PASS: TestValidateMCPConfigWithSchema/valid_config_inferred_from_url_requires_explicit_type_in_schema (0.00s)
    --- PASS: TestValidateMCPConfigWithSchema/empty_config_fails_anyOf_-_missing_type,_url,_command,_and_container (0.00s)
    --- PASS: TestValidateMCPConfigWithSchema/invalid_container_pattern_rejected_by_schema (0.00s)
    --- PASS: TestValidateMCPConfigWithSchema/invalid_env_key_pattern_rejected_by_schema (0.00s)
    --- PASS: TestValidateMCPConfigWithSchema/invalid_mounts_item_pattern_rejected_by_schema (0.00s)
    --- PASS: TestValidateMCPConfigWithSchema/additional_property_rejected_by_schema (0.00s)
    --- PASS: TestValidateMCPConfigWithSchema/valid_local_type_(alias_for_stdio) (0.00s)
=== RUN   TestValidateMainWorkflowFrontmatterWithSchemaAndLocation_WorkflowDispatchNumberInputType
=== PAUSE TestValidateMainWorkflowFrontmatterWithSchemaAndLocation_WorkflowDispatchNumberInputType
=== RUN   TestValidateMainWorkflowFrontmatterWithSchemaAndLocation_EngineHarnessPattern
=== PAUSE TestValidateMainWorkflowFrontmatterWithSchemaAndLocation_EngineHarnessPattern
=== RUN   TestValidateMainWorkflowFrontmatterWithSchemaAndLocation_EngineDriverPattern
=== PAUSE TestValidateMainWorkflowFrontmatterWithSchemaAndLocation_EngineDriverPattern
=== RUN   TestValidateMainWorkflowFrontmatterWithSchemaAndLocation_EnginePermissionMode
=== PAUSE TestValidateMainWorkflowFrontmatterWithSchemaAndLocation_EnginePermissionMode
=== RUN   TestValidateMainWorkflowFrontmatterWithSchemaAndLocation_ToolsEditBoolean
=== PAUSE TestValidateMainWorkflowFrontmatterWithSchemaAndLocation_ToolsEditBoolean
=== RUN   TestValidateMainWorkflowFrontmatterWithSchemaAndLocation_MaxLimitsAllowExpressions
=== PAUSE TestValidateMainWorkflowFrontmatterWithSchemaAndLocation_MaxLimitsAllowExpressions
=== RUN   TestValidateMainWorkflowFrontmatterWithSchemaAndLocation_MaxLimitsAllowSuffixStrings
=== PAUSE TestValidateMainWorkflowFrontmatterWithSchemaAndLocation_MaxLimitsAllowSuffixStrings
=== RUN   TestValidateMainWorkflowFrontmatterWithSchemaAndLocation_MaxLimitsAllowSuffixStringsCaseVariants
=== PAUSE TestValidateMainWorkflowFrontmatterWithSchemaAndLocation_MaxLimitsAllowSuffixStringsCaseVariants
=== RUN   TestValidateMainWorkflowFrontmatterWithSchemaAndLocation_ThreatDetectionMaxAICreditsExpressionRejected
=== PAUSE TestValidateMainWorkflowFrontmatterWithSchemaAndLocation_ThreatDetectionMaxAICreditsExpressionRejected
=== RUN   TestValidateMainWorkflowFrontmatterWithSchemaAndLocation_ThreatDetectionMaxAICreditsNumericAccepted
=== PAUSE TestValidateMainWorkflowFrontmatterWithSchemaAndLocation_ThreatDetectionMaxAICreditsNumericAccepted
=== RUN   TestValidateMainWorkflowFrontmatterWithSchemaAndLocation_MaxAICreditsZeroInvalid
=== PAUSE TestValidateMainWorkflowFrontmatterWithSchemaAndLocation_MaxAICreditsZeroInvalid
=== RUN   TestValidateMainWorkflowFrontmatterWithSchemaAndLocation_MaxAICreditsNegativeAllowed
=== PAUSE TestValidateMainWorkflowFrontmatterWithSchemaAndLocation_MaxAICreditsNegativeAllowed
=== RUN   TestValidateMainWorkflowFrontmatterWithSchemaAndLocation_MaxAICreditsOtherNegativeRejected
=== PAUSE TestValidateMainWorkflowFrontmatterWithSchemaAndLocation_MaxAICreditsOtherNegativeRejected
=== RUN   TestValidateMainWorkflowFrontmatterWithSchemaAndLocation_MaxTurnCacheMissesPositiveAccepted
=== PAUSE TestValidateMainWorkflowFrontmatterWithSchemaAndLocation_MaxTurnCacheMissesPositiveAccepted
=== RUN   TestValidateMainWorkflowFrontmatterWithSchemaAndLocation_MaxTurnCacheMissesZeroRejected
=== PAUSE TestValidateMainWorkflowFrontmatterWithSchemaAndLocation_MaxTurnCacheMissesZeroRejected
=== RUN   TestValidateMainWorkflowFrontmatterWithSchemaAndLocation_MaxDailyAICreditsZeroInvalid
=== PAUSE TestValidateMainWorkflowFrontmatterWithSchemaAndLocation_MaxDailyAICreditsZeroInvalid
=== RUN   TestValidateMainWorkflowFrontmatterWithSchemaAndLocation_MaxDailyAICreditsStringZeroInvalid
=== PAUSE TestValidateMainWorkflowFrontmatterWithSchemaAndLocation_MaxDailyAICreditsStringZeroInvalid
=== RUN   TestValidateMainWorkflowFrontmatterWithSchemaAndLocation_MaxDailyAICreditsNegativeAllowed
=== PAUSE TestValidateMainWorkflowFrontmatterWithSchemaAndLocation_MaxDailyAICreditsNegativeAllowed
=== RUN   TestValidateMainWorkflowFrontmatterWithSchemaAndLocation_SandboxAgentPlatform
=== PAUSE TestValidateMainWorkflowFrontmatterWithSchemaAndLocation_SandboxAgentPlatform
=== RUN   TestMainWorkflowSchema_WorkflowDispatchNumberTypeDocumentation
=== PAUSE TestMainWorkflowSchema_WorkflowDispatchNumberTypeDocumentation
=== RUN   TestMainWorkflowSchema_WorkflowCallAndDispatchInputDefsDisallowUnknownKeys
=== PAUSE TestMainWorkflowSchema_WorkflowCallAndDispatchInputDefsDisallowUnknownKeys
=== RUN   TestMainWorkflowSchema_CreatePullRequestAllowedBaseBranches
=== PAUSE TestMainWorkflowSchema_CreatePullRequestAllowedBaseBranches
=== RUN   TestGetSafeOutputTypeKeys
--- PASS: TestGetSafeOutputTypeKeys (0.00s)
=== RUN   TestMainWorkflowSchema_CreateDiscussionRequiredCategoryAllowed
=== PAUSE TestMainWorkflowSchema_CreateDiscussionRequiredCategoryAllowed
=== RUN   TestMainWorkflowSchemaPushToPullRequestBranchHasMaxPatchSize
--- PASS: TestMainWorkflowSchemaPushToPullRequestBranchHasMaxPatchSize (0.01s)
=== RUN   TestNormalizeForJSONSchema
=== RUN   TestNormalizeForJSONSchema/int
=== RUN   TestNormalizeForJSONSchema/int8
=== RUN   TestNormalizeForJSONSchema/int16
=== RUN   TestNormalizeForJSONSchema/int32
=== RUN   TestNormalizeForJSONSchema/int64
=== RUN   TestNormalizeForJSONSchema/int64_negative
=== RUN   TestNormalizeForJSONSchema/uint
=== RUN   TestNormalizeForJSONSchema/uint8
=== RUN   TestNormalizeForJSONSchema/uint16
=== RUN   TestNormalizeForJSONSchema/uint32
=== RUN   TestNormalizeForJSONSchema/uint64
=== RUN   TestNormalizeForJSONSchema/uint64_large
=== RUN   TestNormalizeForJSONSchema/float32
=== RUN   TestNormalizeForJSONSchema/float64_passthrough
=== RUN   TestNormalizeForJSONSchema/string_passthrough
=== RUN   TestNormalizeForJSONSchema/bool_true_passthrough
=== RUN   TestNormalizeForJSONSchema/bool_false_passthrough
=== RUN   TestNormalizeForJSONSchema/nil_passthrough
--- PASS: TestNormalizeForJSONSchema (0.00s)
    --- PASS: TestNormalizeForJSONSchema/int (0.00s)
    --- PASS: TestNormalizeForJSONSchema/int8 (0.00s)
    --- PASS: TestNormalizeForJSONSchema/int16 (0.00s)
    --- PASS: TestNormalizeForJSONSchema/int32 (0.00s)
    --- PASS: TestNormalizeForJSONSchema/int64 (0.00s)
    --- PASS: TestNormalizeForJSONSchema/int64_negative (0.00s)
    --- PASS: TestNormalizeForJSONSchema/uint (0.00s)
    --- PASS: TestNormalizeForJSONSchema/uint8 (0.00s)
    --- PASS: TestNormalizeForJSONSchema/uint16 (0.00s)
    --- PASS: TestNormalizeForJSONSchema/uint32 (0.00s)
    --- PASS: TestNormalizeForJSONSchema/uint64 (0.00s)
    --- PASS: TestNormalizeForJSONSchema/uint64_large (0.00s)
    --- PASS: TestNormalizeForJSONSchema/float32 (0.00s)
    --- PASS: TestNormalizeForJSONSchema/float64_passthrough (0.00s)
    --- PASS: TestNormalizeForJSONSchema/string_passthrough (0.00s)
    --- PASS: TestNormalizeForJSONSchema/bool_true_passthrough (0.00s)
    --- PASS: TestNormalizeForJSONSchema/bool_false_passthrough (0.00s)
    --- PASS: TestNormalizeForJSONSchema/nil_passthrough (0.00s)
=== RUN   TestValidateMainWorkflowFrontmatterWithSchemaAndLocation_GitHubAppClientID
--- PASS: TestValidateMainWorkflowFrontmatterWithSchemaAndLocation_GitHubAppClientID (0.00s)
=== RUN   TestValidateMainWorkflowFrontmatterWithSchemaAndLocation_OTLPGitHubAppImplicitOIDC
--- PASS: TestValidateMainWorkflowFrontmatterWithSchemaAndLocation_OTLPGitHubAppImplicitOIDC (0.00s)
=== RUN   TestValidateMainWorkflowFrontmatterWithSchemaAndLocation_OTLPCustomAttributes
--- PASS: TestValidateMainWorkflowFrontmatterWithSchemaAndLocation_OTLPCustomAttributes (0.00s)
=== RUN   TestValidateMainWorkflowFrontmatterWithSchemaAndLocation_OTLPResourceAttributes
--- PASS: TestValidateMainWorkflowFrontmatterWithSchemaAndLocation_OTLPResourceAttributes (0.00s)
=== RUN   TestValidateMainWorkflowFrontmatterWithSchemaAndLocation_OTLPGitHubAppAudienceRejected
--- PASS: TestValidateMainWorkflowFrontmatterWithSchemaAndLocation_OTLPGitHubAppAudienceRejected (0.00s)
=== RUN   TestValidateMainWorkflowFrontmatterWithSchemaAndLocation_OTLPGitHubAppPermissionsRejected
--- PASS: TestValidateMainWorkflowFrontmatterWithSchemaAndLocation_OTLPGitHubAppPermissionsRejected (0.01s)
=== RUN   TestValidateMainWorkflowFrontmatterWithSchemaAndLocation_OTLPGitHubAppLegacyTypeRejected
--- PASS: TestValidateMainWorkflowFrontmatterWithSchemaAndLocation_OTLPGitHubAppLegacyTypeRejected (0.00s)
=== RUN   TestNormalizeForJSONSchema_NestedMap
--- PASS: TestNormalizeForJSONSchema_NestedMap (0.00s)
=== RUN   TestNormalizeForJSONSchema_Slice
--- PASS: TestNormalizeForJSONSchema_Slice (0.00s)
=== RUN   TestNormalizeForJSONSchema_TypedSlice
--- PASS: TestNormalizeForJSONSchema_TypedSlice (0.00s)
=== RUN   TestValidateWithSchema_YAMLTypedSlice
--- PASS: TestValidateWithSchema_YAMLTypedSlice (0.00s)
=== RUN   TestValidateMainWorkflowFrontmatterWithSchemaAndLocation_ProtectedFilesObjectForm
=== PAUSE TestValidateMainWorkflowFrontmatterWithSchemaAndLocation_ProtectedFilesObjectForm
=== RUN   TestMainWorkflowSchema_ProtectedFilesObjectFormStructure
=== PAUSE TestMainWorkflowSchema_ProtectedFilesObjectFormStructure
=== RUN   TestMainWorkflowSchema_SandboxAgentModelFallback
=== PAUSE TestMainWorkflowSchema_SandboxAgentModelFallback
=== RUN   TestValidateWithSchema_YAMLIntegerTypes
--- PASS: TestValidateWithSchema_YAMLIntegerTypes (0.00s)
=== RUN   TestValidateMainWorkflowSchema_TimeoutMinutesTemplatableInteger
=== PAUSE TestValidateMainWorkflowSchema_TimeoutMinutesTemplatableInteger
=== RUN   TestMainWorkflowSchema_GitHubAllowedSupportsToolCallLimits
=== PAUSE TestMainWorkflowSchema_GitHubAllowedSupportsToolCallLimits
=== RUN   TestValidateMainWorkflowFrontmatterWithSchemaAndLocation_AwfApiProxyTargets
=== RUN   TestValidateMainWorkflowFrontmatterWithSchemaAndLocation_AwfApiProxyTargets/valid_string_authHeader_for_openai_is_accepted
=== RUN   TestValidateMainWorkflowFrontmatterWithSchemaAndLocation_AwfApiProxyTargets/valid_string_authHeader_for_anthropic_is_accepted
=== RUN   TestValidateMainWorkflowFrontmatterWithSchemaAndLocation_AwfApiProxyTargets/non-string_authHeader_is_rejected
=== RUN   TestValidateMainWorkflowFrontmatterWithSchemaAndLocation_AwfApiProxyTargets/unknown_provider_in_targets_is_rejected
--- PASS: TestValidateMainWorkflowFrontmatterWithSchemaAndLocation_AwfApiProxyTargets (0.00s)
    --- PASS: TestValidateMainWorkflowFrontmatterWithSchemaAndLocation_AwfApiProxyTargets/valid_string_authHeader_for_openai_is_accepted (0.00s)
    --- PASS: TestValidateMainWorkflowFrontmatterWithSchemaAndLocation_AwfApiProxyTargets/valid_string_authHeader_for_anthropic_is_accepted (0.00s)
    --- PASS: TestValidateMainWorkflowFrontmatterWithSchemaAndLocation_AwfApiProxyTargets/non-string_authHeader_is_rejected (0.00s)
    --- PASS: TestValidateMainWorkflowFrontmatterWithSchemaAndLocation_AwfApiProxyTargets/unknown_provider_in_targets_is_rejected (0.00s)
=== RUN   TestValidateMainWorkflowFrontmatter_OnPermissionsVulnerabilityAlerts
--- PASS: TestValidateMainWorkflowFrontmatter_OnPermissionsVulnerabilityAlerts (0.00s)
=== RUN   TestValidateMainWorkflowFrontmatter_OnPermissionsUnknownScopeRejected
--- PASS: TestValidateMainWorkflowFrontmatter_OnPermissionsUnknownScopeRejected (0.00s)
=== RUN   TestFilterIgnoredFields
=== RUN   TestFilterIgnoredFields/nil_frontmatter
=== RUN   TestFilterIgnoredFields/empty_frontmatter
=== RUN   TestFilterIgnoredFields/frontmatter_with_description_-_no_longer_filtered
=== RUN   TestFilterIgnoredFields/frontmatter_with_only_valid_fields
--- PASS: TestFilterIgnoredFields (0.00s)
    --- PASS: TestFilterIgnoredFields/nil_frontmatter (0.00s)
    --- PASS: TestFilterIgnoredFields/empty_frontmatter (0.00s)
    --- PASS: TestFilterIgnoredFields/frontmatter_with_description_-_no_longer_filtered (0.00s)
    --- PASS: TestFilterIgnoredFields/frontmatter_with_only_valid_fields (0.00s)
=== RUN   TestSchemaValidationErrorLocationAtVariousDepths
=== RUN   TestSchemaValidationErrorLocationAtVariousDepths/depth_1_-_invalid_property_at_root_level
    schema_validation_depth_test.go:149: ✓ Correct location (line 3) for Error at root level of frontmatter
=== RUN   TestSchemaValidationErrorLocationAtVariousDepths/depth_2_-_invalid_property_in_safe-outputs
    schema_validation_depth_test.go:149: ✓ Correct location (line 4) for Error at depth 2 in safe-outputs
=== RUN   TestSchemaValidationErrorLocationAtVariousDepths/depth_3_-_invalid_property_in_safe-outputs_handler
    schema_validation_depth_test.go:149: ✓ Correct location (line 5) for Error at depth 3 in safe-outputs handler
=== RUN   TestSchemaValidationErrorLocationAtVariousDepths/depth_3_-_the_original_bug_case
    schema_validation_depth_test.go:149: ✓ Correct location (line 6) for Original bug - error in nested missing-tool
=== RUN   TestSchemaValidationErrorLocationAtVariousDepths/depth_3_-_invalid_property_in_MCP_server_config
    schema_validation_depth_test.go:149: ✓ Correct location (line 5) for Error at depth 3 in tools.github
=== RUN   TestSchemaValidationErrorLocationAtVariousDepths/depth_2_-_invalid_property_in_permissions
    schema_validation_depth_test.go:149: ✓ Correct location (line 4) for Error at depth 2 in permissions
--- PASS: TestSchemaValidationErrorLocationAtVariousDepths (0.02s)
    --- PASS: TestSchemaValidationErrorLocationAtVariousDepths/depth_1_-_invalid_property_at_root_level (0.00s)
    --- PASS: TestSchemaValidationErrorLocationAtVariousDepths/depth_2_-_invalid_property_in_safe-outputs (0.01s)
    --- PASS: TestSchemaValidationErrorLocationAtVariousDepths/depth_3_-_invalid_property_in_safe-outputs_handler (0.00s)
    --- PASS: TestSchemaValidationErrorLocationAtVariousDepths/depth_3_-_the_original_bug_case (0.00s)
    --- PASS: TestSchemaValidationErrorLocationAtVariousDepths/depth_3_-_invalid_property_in_MCP_server_config (0.00s)
    --- PASS: TestSchemaValidationErrorLocationAtVariousDepths/depth_2_-_invalid_property_in_permissions (0.00s)
=== RUN   TestSpec_PublicAPI_ExtractFrontmatterFromContent
=== RUN   TestSpec_PublicAPI_ExtractFrontmatterFromContent/extracts_YAML_frontmatter_between_---_delimiters
=== RUN   TestSpec_PublicAPI_ExtractFrontmatterFromContent/markdown_body_follows_frontmatter_block
=== RUN   TestSpec_PublicAPI_ExtractFrontmatterFromContent/content_without_frontmatter_delimiter_returns_empty_frontmatter
--- PASS: TestSpec_PublicAPI_ExtractFrontmatterFromContent (0.00s)
    --- PASS: TestSpec_PublicAPI_ExtractFrontmatterFromContent/extracts_YAML_frontmatter_between_---_delimiters (0.00s)
    --- PASS: TestSpec_PublicAPI_ExtractFrontmatterFromContent/markdown_body_follows_frontmatter_block (0.00s)
    --- PASS: TestSpec_PublicAPI_ExtractFrontmatterFromContent/content_without_frontmatter_delimiter_returns_empty_frontmatter (0.00s)
=== RUN   TestSpec_PublicAPI_ExtractMarkdownSection
=== RUN   TestSpec_PublicAPI_ExtractMarkdownSection/extracts_the_named_section_content
=== RUN   TestSpec_PublicAPI_ExtractMarkdownSection/returns_error_when_section_is_not_found
=== RUN   TestSpec_PublicAPI_ExtractMarkdownSection/stops_at_next_same-or-higher_level_heading
--- PASS: TestSpec_PublicAPI_ExtractMarkdownSection (0.00s)
    --- PASS: TestSpec_PublicAPI_ExtractMarkdownSection/extracts_the_named_section_content (0.00s)
    --- PASS: TestSpec_PublicAPI_ExtractMarkdownSection/returns_error_when_section_is_not_found (0.00s)
    --- PASS: TestSpec_PublicAPI_ExtractMarkdownSection/stops_at_next_same-or-higher_level_heading (0.00s)
=== RUN   TestSpec_PublicAPI_IsWorkflowSpec
=== RUN   TestSpec_PublicAPI_IsWorkflowSpec/owner/repo/path_is_recognised_as_workflowspec
=== RUN   TestSpec_PublicAPI_IsWorkflowSpec/owner/repo/path@ref_is_recognised_as_workflowspec
=== RUN   TestSpec_PublicAPI_IsWorkflowSpec/local_relative_path_is_not_a_workflowspec
=== RUN   TestSpec_PublicAPI_IsWorkflowSpec/shared/_prefixed_path_is_not_a_workflowspec
=== RUN   TestSpec_PublicAPI_IsWorkflowSpec/single-segment_path_is_not_a_workflowspec
--- PASS: TestSpec_PublicAPI_IsWorkflowSpec (0.00s)
    --- PASS: TestSpec_PublicAPI_IsWorkflowSpec/owner/repo/path_is_recognised_as_workflowspec (0.00s)
    --- PASS: TestSpec_PublicAPI_IsWorkflowSpec/owner/repo/path@ref_is_recognised_as_workflowspec (0.00s)
    --- PASS: TestSpec_PublicAPI_IsWorkflowSpec/local_relative_path_is_not_a_workflowspec (0.00s)
    --- PASS: TestSpec_PublicAPI_IsWorkflowSpec/shared/_prefixed_path_is_not_a_workflowspec (0.00s)
    --- PASS: TestSpec_PublicAPI_IsWorkflowSpec/single-segment_path_is_not_a_workflowspec (0.00s)
=== RUN   TestSpec_InlineSubAgents_GetEngineSubAgentExt
=== RUN   TestSpec_InlineSubAgents_GetEngineSubAgentExt/claude_engine_uses_.md
=== RUN   TestSpec_InlineSubAgents_GetEngineSubAgentExt/codex_engine_uses_.md
=== RUN   TestSpec_InlineSubAgents_GetEngineSubAgentExt/gemini_engine_uses_.md
=== RUN   TestSpec_InlineSubAgents_GetEngineSubAgentExt/unknown_engine_uses_.agent.md
--- PASS: TestSpec_InlineSubAgents_GetEngineSubAgentExt (0.00s)
    --- PASS: TestSpec_InlineSubAgents_GetEngineSubAgentExt/claude_engine_uses_.md (0.00s)
    --- PASS: TestSpec_InlineSubAgents_GetEngineSubAgentExt/codex_engine_uses_.md (0.00s)
    --- PASS: TestSpec_InlineSubAgents_GetEngineSubAgentExt/gemini_engine_uses_.md (0.00s)
    --- PASS: TestSpec_InlineSubAgents_GetEngineSubAgentExt/unknown_engine_uses_.agent.md (0.00s)
=== RUN   TestSpec_PublicAPI_ExtractMarkdownContent
=== RUN   TestSpec_PublicAPI_ExtractMarkdownContent/returns_body_after_frontmatter_block
=== RUN   TestSpec_PublicAPI_ExtractMarkdownContent/content_without_frontmatter_returns_full_content_as_body
--- PASS: TestSpec_PublicAPI_ExtractMarkdownContent (0.00s)
    --- PASS: TestSpec_PublicAPI_ExtractMarkdownContent/returns_body_after_frontmatter_block (0.00s)
    --- PASS: TestSpec_PublicAPI_ExtractMarkdownContent/content_without_frontmatter_returns_full_content_as_body (0.00s)
=== RUN   TestSpec_ScheduleDetection_IsCronExpression
=== RUN   TestSpec_ScheduleDetection_IsCronExpression/standard_5-field_cron_returns_true
=== RUN   TestSpec_ScheduleDetection_IsCronExpression/every-5-minutes_cron_returns_true
=== RUN   TestSpec_ScheduleDetection_IsCronExpression/natural_language_schedule_returns_false
=== RUN   TestSpec_ScheduleDetection_IsCronExpression/empty_string_returns_false
--- PASS: TestSpec_ScheduleDetection_IsCronExpression (0.00s)
    --- PASS: TestSpec_ScheduleDetection_IsCronExpression/standard_5-field_cron_returns_true (0.00s)
    --- PASS: TestSpec_ScheduleDetection_IsCronExpression/every-5-minutes_cron_returns_true (0.00s)
    --- PASS: TestSpec_ScheduleDetection_IsCronExpression/natural_language_schedule_returns_false (0.00s)
    --- PASS: TestSpec_ScheduleDetection_IsCronExpression/empty_string_returns_false (0.00s)
=== RUN   TestSpec_ScheduleDetection_IsDailyCron
=== RUN   TestSpec_ScheduleDetection_IsDailyCron/daily_cron_at_9am_returns_true
=== RUN   TestSpec_ScheduleDetection_IsDailyCron/weekly_cron_returns_false
=== RUN   TestSpec_ScheduleDetection_IsDailyCron/hourly_cron_returns_false
--- PASS: TestSpec_ScheduleDetection_IsDailyCron (0.00s)
    --- PASS: TestSpec_ScheduleDetection_IsDailyCron/daily_cron_at_9am_returns_true (0.00s)
    --- PASS: TestSpec_ScheduleDetection_IsDailyCron/weekly_cron_returns_false (0.00s)
    --- PASS: TestSpec_ScheduleDetection_IsDailyCron/hourly_cron_returns_false (0.00s)
=== RUN   TestSpec_ScheduleDetection_IsHourlyCron
=== RUN   TestSpec_ScheduleDetection_IsHourlyCron/hourly_cron_with_interval_pattern_returns_true
=== RUN   TestSpec_ScheduleDetection_IsHourlyCron/daily_cron_returns_false
--- PASS: TestSpec_ScheduleDetection_IsHourlyCron (0.00s)
    --- PASS: TestSpec_ScheduleDetection_IsHourlyCron/hourly_cron_with_interval_pattern_returns_true (0.00s)
    --- PASS: TestSpec_ScheduleDetection_IsHourlyCron/daily_cron_returns_false (0.00s)
=== RUN   TestSpec_ScheduleDetection_IsWeeklyCron
=== RUN   TestSpec_ScheduleDetection_IsWeeklyCron/weekly_on_Monday_returns_true
=== RUN   TestSpec_ScheduleDetection_IsWeeklyCron/daily_cron_returns_false
--- PASS: TestSpec_ScheduleDetection_IsWeeklyCron (0.00s)
    --- PASS: TestSpec_ScheduleDetection_IsWeeklyCron/weekly_on_Monday_returns_true (0.00s)
    --- PASS: TestSpec_ScheduleDetection_IsWeeklyCron/daily_cron_returns_false (0.00s)
=== RUN   TestSpec_PublicAPI_LevenshteinDistance
=== RUN   TestSpec_PublicAPI_LevenshteinDistance/identical_strings_have_distance_0
=== RUN   TestSpec_PublicAPI_LevenshteinDistance/one_insertion_has_distance_1
=== RUN   TestSpec_PublicAPI_LevenshteinDistance/one_substitution_has_distance_1
=== RUN   TestSpec_PublicAPI_LevenshteinDistance/empty_string_has_distance_equal_to_length_of_other
=== RUN   TestSpec_PublicAPI_LevenshteinDistance/both_empty_have_distance_0
--- PASS: TestSpec_PublicAPI_LevenshteinDistance (0.00s)
    --- PASS: TestSpec_PublicAPI_LevenshteinDistance/identical_strings_have_distance_0 (0.00s)
    --- PASS: TestSpec_PublicAPI_LevenshteinDistance/one_insertion_has_distance_1 (0.00s)
    --- PASS: TestSpec_PublicAPI_LevenshteinDistance/one_substitution_has_distance_1 (0.00s)
    --- PASS: TestSpec_PublicAPI_LevenshteinDistance/empty_string_has_distance_equal_to_length_of_other (0.00s)
    --- PASS: TestSpec_PublicAPI_LevenshteinDistance/both_empty_have_distance_0 (0.00s)
=== RUN   TestSpec_PublicAPI_IsValidGitHubIdentifier
=== RUN   TestSpec_PublicAPI_IsValidGitHubIdentifier/simple_lowercase_name_is_valid
=== RUN   TestSpec_PublicAPI_IsValidGitHubIdentifier/name_with_hyphens_is_valid
=== RUN   TestSpec_PublicAPI_IsValidGitHubIdentifier/name_with_digits_is_valid
=== RUN   TestSpec_PublicAPI_IsValidGitHubIdentifier/empty_string_is_invalid
=== RUN   TestSpec_PublicAPI_IsValidGitHubIdentifier/name_with_slash_is_invalid
=== RUN   TestSpec_PublicAPI_IsValidGitHubIdentifier/owner_name_over_39_chars_is_invalid
--- PASS: TestSpec_PublicAPI_IsValidGitHubIdentifier (0.00s)
    --- PASS: TestSpec_PublicAPI_IsValidGitHubIdentifier/simple_lowercase_name_is_valid (0.00s)
    --- PASS: TestSpec_PublicAPI_IsValidGitHubIdentifier/name_with_hyphens_is_valid (0.00s)
    --- PASS: TestSpec_PublicAPI_IsValidGitHubIdentifier/name_with_digits_is_valid (0.00s)
    --- PASS: TestSpec_PublicAPI_IsValidGitHubIdentifier/empty_string_is_invalid (0.00s)
    --- PASS: TestSpec_PublicAPI_IsValidGitHubIdentifier/name_with_slash_is_invalid (0.00s)
    --- PASS: TestSpec_PublicAPI_IsValidGitHubIdentifier/owner_name_over_39_chars_is_invalid (0.00s)
=== RUN   TestSpec_PublicAPI_IsValidGitHubRepositoryName
=== RUN   TestSpec_PublicAPI_IsValidGitHubRepositoryName/repo_name_over_owner_length_and_within_100_chars_is_valid
=== RUN   TestSpec_PublicAPI_IsValidGitHubRepositoryName/repo_name_over_100_chars_is_invalid
--- PASS: TestSpec_PublicAPI_IsValidGitHubRepositoryName (0.00s)
    --- PASS: TestSpec_PublicAPI_IsValidGitHubRepositoryName/repo_name_over_owner_length_and_within_100_chars_is_valid (0.00s)
    --- PASS: TestSpec_PublicAPI_IsValidGitHubRepositoryName/repo_name_over_100_chars_is_invalid (0.00s)
=== RUN   TestSpec_PublicAPI_IsMCPType
=== RUN   TestSpec_PublicAPI_IsMCPType/stdio_is_a_valid_MCP_type
=== RUN   TestSpec_PublicAPI_IsMCPType/http_is_a_valid_MCP_type
=== RUN   TestSpec_PublicAPI_IsMCPType/local_is_a_valid_MCP_type
=== RUN   TestSpec_PublicAPI_IsMCPType/unknown_type_is_invalid
=== RUN   TestSpec_PublicAPI_IsMCPType/empty_string_is_invalid
--- PASS: TestSpec_PublicAPI_IsMCPType (0.00s)
    --- PASS: TestSpec_PublicAPI_IsMCPType/stdio_is_a_valid_MCP_type (0.00s)
    --- PASS: TestSpec_PublicAPI_IsMCPType/http_is_a_valid_MCP_type (0.00s)
    --- PASS: TestSpec_PublicAPI_IsMCPType/local_is_a_valid_MCP_type (0.00s)
    --- PASS: TestSpec_PublicAPI_IsMCPType/unknown_type_is_invalid (0.00s)
    --- PASS: TestSpec_PublicAPI_IsMCPType/empty_string_is_invalid (0.00s)
=== RUN   TestSpec_Constants_ValidMCPTypes
--- PASS: TestSpec_Constants_ValidMCPTypes (0.00s)
=== RUN   TestSpec_PublicAPI_ParseImportDirective
=== RUN   TestSpec_PublicAPI_ParseImportDirective/@import_directive_is_parsed_correctly
=== RUN   TestSpec_PublicAPI_ParseImportDirective/@include_directive_is_parsed_correctly
=== RUN   TestSpec_PublicAPI_ParseImportDirective/non-directive_line_returns_nil
--- PASS: TestSpec_PublicAPI_ParseImportDirective (0.00s)
    --- PASS: TestSpec_PublicAPI_ParseImportDirective/@import_directive_is_parsed_correctly (0.00s)
    --- PASS: TestSpec_PublicAPI_ParseImportDirective/@include_directive_is_parsed_correctly (0.00s)
    --- PASS: TestSpec_PublicAPI_ParseImportDirective/non-directive_line_returns_nil (0.00s)
=== RUN   TestSpec_PublicAPI_NewImportCache
=== RUN   TestSpec_PublicAPI_NewImportCache/creates_non-nil_cache_for_given_repo_root
=== RUN   TestSpec_PublicAPI_NewImportCache/creates_separate_cache_instances
--- PASS: TestSpec_PublicAPI_NewImportCache (0.00s)
    --- PASS: TestSpec_PublicAPI_NewImportCache/creates_non-nil_cache_for_given_repo_root (0.00s)
    --- PASS: TestSpec_PublicAPI_NewImportCache/creates_separate_cache_instances (0.00s)
=== RUN   TestSpec_PublicAPI_ParseSchedule
=== RUN   TestSpec_PublicAPI_ParseSchedule/documented_example:_every_day_at_9am
=== RUN   TestSpec_PublicAPI_ParseSchedule/already_a_cron_expression_is_returned_as-is
=== RUN   TestSpec_PublicAPI_ParseSchedule/empty_input_returns_error
--- PASS: TestSpec_PublicAPI_ParseSchedule (0.00s)
    --- PASS: TestSpec_PublicAPI_ParseSchedule/documented_example:_every_day_at_9am (0.00s)
    --- PASS: TestSpec_PublicAPI_ParseSchedule/already_a_cron_expression_is_returned_as-is (0.00s)
    --- PASS: TestSpec_PublicAPI_ParseSchedule/empty_input_returns_error (0.00s)
=== RUN   TestSpec_ScheduleDetection_IsFuzzyCron
=== RUN   TestSpec_ScheduleDetection_IsFuzzyCron/FUZZY-prefixed_value_returns_true
=== RUN   TestSpec_ScheduleDetection_IsFuzzyCron/standard_cron_expression_returns_false
=== RUN   TestSpec_ScheduleDetection_IsFuzzyCron/empty_string_returns_false
=== RUN   TestSpec_ScheduleDetection_IsFuzzyCron/natural_language_schedule_returns_false
--- PASS: TestSpec_ScheduleDetection_IsFuzzyCron (0.00s)
    --- PASS: TestSpec_ScheduleDetection_IsFuzzyCron/FUZZY-prefixed_value_returns_true (0.00s)
    --- PASS: TestSpec_ScheduleDetection_IsFuzzyCron/standard_cron_expression_returns_false (0.00s)
    --- PASS: TestSpec_ScheduleDetection_IsFuzzyCron/empty_string_returns_false (0.00s)
    --- PASS: TestSpec_ScheduleDetection_IsFuzzyCron/natural_language_schedule_returns_false (0.00s)
=== RUN   TestSpec_PublicAPI_ExtractWorkflowNameFromMarkdownBody
=== RUN   TestSpec_PublicAPI_ExtractWorkflowNameFromMarkdownBody/extracts_name_from_first_H1_heading
=== RUN   TestSpec_PublicAPI_ExtractWorkflowNameFromMarkdownBody/falls_back_to_virtual_path_when_no_H1_heading
--- PASS: TestSpec_PublicAPI_ExtractWorkflowNameFromMarkdownBody (0.00s)
    --- PASS: TestSpec_PublicAPI_ExtractWorkflowNameFromMarkdownBody/extracts_name_from_first_H1_heading (0.00s)
    --- PASS: TestSpec_PublicAPI_ExtractWorkflowNameFromMarkdownBody/falls_back_to_virtual_path_when_no_H1_heading (0.00s)
=== RUN   TestSpec_PublicAPI_NewFormattedParserError
=== RUN   TestSpec_PublicAPI_NewFormattedParserError/returns_non-nil_FormattedParserError_implementing_error
=== RUN   TestSpec_PublicAPI_NewFormattedParserError/empty_message_is_preserved
--- PASS: TestSpec_PublicAPI_NewFormattedParserError (0.00s)
    --- PASS: TestSpec_PublicAPI_NewFormattedParserError/returns_non-nil_FormattedParserError_implementing_error (0.00s)
    --- PASS: TestSpec_PublicAPI_NewFormattedParserError/empty_message_is_preserved (0.00s)
=== RUN   TestSpec_PublicAPI_EnsureToolsSection
=== RUN   TestSpec_PublicAPI_EnsureToolsSection/creates_tools_map_when_absent_from_frontmatter
=== RUN   TestSpec_PublicAPI_EnsureToolsSection/returns_existing_tools_map_when_already_present
--- PASS: TestSpec_PublicAPI_EnsureToolsSection (0.00s)
    --- PASS: TestSpec_PublicAPI_EnsureToolsSection/creates_tools_map_when_absent_from_frontmatter (0.00s)
    --- PASS: TestSpec_PublicAPI_EnsureToolsSection/returns_existing_tools_map_when_already_present (0.00s)
=== RUN   TestSpec_VirtualFilesystem_RegisterBuiltinVirtualFile
=== RUN   TestSpec_VirtualFilesystem_RegisterBuiltinVirtualFile/registered_path_is_detectable_via_BuiltinVirtualFileExists
=== RUN   TestSpec_VirtualFilesystem_RegisterBuiltinVirtualFile/unregistered_path_returns_false
--- PASS: TestSpec_VirtualFilesystem_RegisterBuiltinVirtualFile (0.00s)
    --- PASS: TestSpec_VirtualFilesystem_RegisterBuiltinVirtualFile/registered_path_is_detectable_via_BuiltinVirtualFileExists (0.00s)
    --- PASS: TestSpec_VirtualFilesystem_RegisterBuiltinVirtualFile/unregistered_path_returns_false (0.00s)
=== RUN   TestSpec_PublicAPI_FindClosestMatches
=== RUN   TestSpec_PublicAPI_FindClosestMatches/returns_close_matches_for_a_typo
=== RUN   TestSpec_PublicAPI_FindClosestMatches/returns_empty_when_no_candidate_is_close_enough
=== RUN   TestSpec_PublicAPI_FindClosestMatches/respects_maxResults_limit
--- PASS: TestSpec_PublicAPI_FindClosestMatches (0.00s)
    --- PASS: TestSpec_PublicAPI_FindClosestMatches/returns_close_matches_for_a_typo (0.00s)
    --- PASS: TestSpec_PublicAPI_FindClosestMatches/returns_empty_when_no_candidate_is_close_enough (0.00s)
    --- PASS: TestSpec_PublicAPI_FindClosestMatches/respects_maxResults_limit (0.00s)
=== RUN   TestExtractInlineSubAgents_NoSeparators
--- PASS: TestExtractInlineSubAgents_NoSeparators (0.00s)
=== RUN   TestExtractInlineSubAgents_EmptyMarkdown
--- PASS: TestExtractInlineSubAgents_EmptyMarkdown (0.00s)
=== RUN   TestExtractInlineSubAgents_SingleAgent
--- PASS: TestExtractInlineSubAgents_SingleAgent (0.00s)
=== RUN   TestExtractInlineSubAgents_MultipleAgents
--- PASS: TestExtractInlineSubAgents_MultipleAgents (0.00s)
=== RUN   TestExtractInlineSubAgents_AgentAtStartOfFile
--- PASS: TestExtractInlineSubAgents_AgentAtStartOfFile (0.00s)
=== RUN   TestExtractInlineSubAgents_AgentWithoutFrontmatter
--- PASS: TestExtractInlineSubAgents_AgentWithoutFrontmatter (0.00s)
=== RUN   TestExtractInlineSubAgents_PreservesFrontmatterExactly
--- PASS: TestExtractInlineSubAgents_PreservesFrontmatterExactly (0.00s)
=== RUN   TestExtractInlineSubAgents_SeparatorWithTrailingWhitespace
--- PASS: TestExtractInlineSubAgents_SeparatorWithTrailingWhitespace (0.00s)
=== RUN   TestExtractInlineSubAgents_InvalidNameNotRecognized
=== RUN   TestExtractInlineSubAgents_InvalidNameNotRecognized/name_starts_with_digit
=== RUN   TestExtractInlineSubAgents_InvalidNameNotRecognized/name_contains_spaces
=== RUN   TestExtractInlineSubAgents_InvalidNameNotRecognized/name_contains_slash
=== RUN   TestExtractInlineSubAgents_InvalidNameNotRecognized/missing_name
=== RUN   TestExtractInlineSubAgents_InvalidNameNotRecognized/name_not_in_backticks
=== RUN   TestExtractInlineSubAgents_InvalidNameNotRecognized/name_uppercase
=== RUN   TestExtractInlineSubAgents_InvalidNameNotRecognized/wrong_heading_level_(H1)
=== RUN   TestExtractInlineSubAgents_InvalidNameNotRecognized/wrong_heading_level_(H3)
--- PASS: TestExtractInlineSubAgents_InvalidNameNotRecognized (0.00s)
    --- PASS: TestExtractInlineSubAgents_InvalidNameNotRecognized/name_starts_with_digit (0.00s)
    --- PASS: TestExtractInlineSubAgents_InvalidNameNotRecognized/name_contains_spaces (0.00s)
    --- PASS: TestExtractInlineSubAgents_InvalidNameNotRecognized/name_contains_slash (0.00s)
    --- PASS: TestExtractInlineSubAgents_InvalidNameNotRecognized/missing_name (0.00s)
    --- PASS: TestExtractInlineSubAgents_InvalidNameNotRecognized/name_not_in_backticks (0.00s)
    --- PASS: TestExtractInlineSubAgents_InvalidNameNotRecognized/name_uppercase (0.00s)
    --- PASS: TestExtractInlineSubAgents_InvalidNameNotRecognized/wrong_heading_level_(H1) (0.00s)
    --- PASS: TestExtractInlineSubAgents_InvalidNameNotRecognized/wrong_heading_level_(H3) (0.00s)
=== RUN   TestExtractInlineSubAgents_DuplicateNameError
--- PASS: TestExtractInlineSubAgents_DuplicateNameError (0.00s)
=== RUN   TestExtractInlineSubAgents_NameVariants
=== RUN   TestExtractInlineSubAgents_NameVariants/with_hyphens
=== RUN   TestExtractInlineSubAgents_NameVariants/with_underscores
=== RUN   TestExtractInlineSubAgents_NameVariants/with_digits
=== RUN   TestExtractInlineSubAgents_NameVariants/single_letter
=== RUN   TestExtractInlineSubAgents_NameVariants/mixed_pattern
--- PASS: TestExtractInlineSubAgents_NameVariants (0.00s)
    --- PASS: TestExtractInlineSubAgents_NameVariants/with_hyphens (0.00s)
    --- PASS: TestExtractInlineSubAgents_NameVariants/with_underscores (0.00s)
    --- PASS: TestExtractInlineSubAgents_NameVariants/with_digits (0.00s)
    --- PASS: TestExtractInlineSubAgents_NameVariants/single_letter (0.00s)
    --- PASS: TestExtractInlineSubAgents_NameVariants/mixed_pattern (0.00s)
=== RUN   TestExtractInlineSubAgents_ContentTrimmed
--- PASS: TestExtractInlineSubAgents_ContentTrimmed (0.00s)
=== RUN   TestExtractInlineSubAgents_AgentEndsAtNextH2
--- PASS: TestExtractInlineSubAgents_AgentEndsAtNextH2 (0.00s)
=== RUN   TestExtractInlineSubAgents_AgentEndsAtNextAgentH2
--- PASS: TestExtractInlineSubAgents_AgentEndsAtNextAgentH2 (0.00s)
=== RUN   TestExtractInlineSubAgents_MainMarkdownTrailingNewlinesStripped
--- PASS: TestExtractInlineSubAgents_MainMarkdownTrailingNewlinesStripped (0.00s)
=== RUN   TestValidateInlineSubAgentsFrontmatter_NoAgents
--- PASS: TestValidateInlineSubAgentsFrontmatter_NoAgents (0.00s)
=== RUN   TestValidateInlineSubAgentsFrontmatter_PreservedFields
--- PASS: TestValidateInlineSubAgentsFrontmatter_PreservedFields (0.00s)
=== RUN   TestValidateInlineSubAgentsFrontmatter_ArbitraryFields
--- PASS: TestValidateInlineSubAgentsFrontmatter_ArbitraryFields (0.00s)
=== RUN   TestValidateInlineSubAgentsFrontmatter_MultipleArbitraryFields
--- PASS: TestValidateInlineSubAgentsFrontmatter_MultipleArbitraryFields (0.00s)
=== RUN   TestValidateInlineSubAgentsFrontmatter_MultipleAgents
--- PASS: TestValidateInlineSubAgentsFrontmatter_MultipleAgents (0.00s)
=== RUN   TestValidateInlineSubAgentsFrontmatter_NoFrontmatter
--- PASS: TestValidateInlineSubAgentsFrontmatter_NoFrontmatter (0.00s)
=== RUN   TestValidateInlineSubAgentsFrontmatter_EmptyContent
--- PASS: TestValidateInlineSubAgentsFrontmatter_EmptyContent (0.00s)
=== RUN   TestValidateInlineSubAgentsFrontmatter_TopLevelFrontmatterNotValidated
--- PASS: TestValidateInlineSubAgentsFrontmatter_TopLevelFrontmatterNotValidated (0.00s)
=== RUN   TestValidateInlineSubAgentsFrontmatter_DuplicateAgentNames
--- PASS: TestValidateInlineSubAgentsFrontmatter_DuplicateAgentNames (0.00s)
=== RUN   TestValidateInlineSubAgentsFrontmatter_ParseError
--- PASS: TestValidateInlineSubAgentsFrontmatter_ParseError (0.00s)
=== RUN   TestFormatYAMLError
=== RUN   TestFormatYAMLError/invalid_mapping_with_offset_1
    yaml_error_test.go:94: Formatted error:
        [1:10] unexpected ':' — check indentation or if this key belongs in a mapping block
        >  1 | invalid: yaml: syntax
                        ^
=== RUN   TestFormatYAMLError/invalid_mapping_with_offset_5
    yaml_error_test.go:94: Formatted error:
        [5:10] unexpected ':' — check indentation or if this key belongs in a mapping block
        >  5 | invalid: yaml: syntax
                        ^
=== RUN   TestFormatYAMLError/indentation_error
    yaml_error_test.go:94: Formatted error:
        [3:7] unexpected ':' — check indentation or if this key belongs in a mapping block
        >  3 | name: test
           4 |   invalid_indentation: here
                     ^
=== RUN   TestFormatYAMLError/duplicate_key
    yaml_error_test.go:94: Formatted error:
        [3:1] mapping key "name" already defined at [2:1]
           2 | name: test
        >  3 | name: duplicate
               ^
--- PASS: TestFormatYAMLError (0.00s)
    --- PASS: TestFormatYAMLError/invalid_mapping_with_offset_1 (0.00s)
    --- PASS: TestFormatYAMLError/invalid_mapping_with_offset_5 (0.00s)
    --- PASS: TestFormatYAMLError/indentation_error (0.00s)
    --- PASS: TestFormatYAMLError/duplicate_key (0.00s)
=== RUN   TestFormatYAMLErrorAdjustment
=== RUN   TestFormatYAMLErrorAdjustment/offset_1
    yaml_error_test.go:156: Formatted error (offset 1):
        [2:1] mapping key "name" already defined at [1:1]
           1 | name: test
        >  2 | name: duplicate
               ^
=== RUN   TestFormatYAMLErrorAdjustment/offset_5
    yaml_error_test.go:156: Formatted error (offset 5):
        [6:1] mapping key "name" already defined at [5:1]
           5 | name: test
        >  6 | name: duplicate
               ^
=== RUN   TestFormatYAMLErrorAdjustment/offset_10
    yaml_error_test.go:156: Formatted error (offset 10):
        [11:1] mapping key "name" already defined at [10:1]
          10 | name: test
        > 11 | name: duplicate
               ^
--- PASS: TestFormatYAMLErrorAdjustment (0.00s)
    --- PASS: TestFormatYAMLErrorAdjustment/offset_1 (0.00s)
    --- PASS: TestFormatYAMLErrorAdjustment/offset_5 (0.00s)
    --- PASS: TestFormatYAMLErrorAdjustment/offset_10 (0.00s)
=== RUN   TestTranslateYAMLError
=== RUN   TestTranslateYAMLError/unexpected_key_name_translated
=== RUN   TestTranslateYAMLError/mapping_value_not_allowed_translated
=== RUN   TestTranslateYAMLError/mapping_value_not_found_translated
=== RUN   TestTranslateYAMLError/string_used_where_mapping_expected_translated
=== RUN   TestTranslateYAMLError/tab_character_error_translated
=== RUN   TestTranslateYAMLError/unrecognized_messages_are_returned_unchanged
=== RUN   TestTranslateYAMLError/empty_string_is_returned_unchanged
=== RUN   TestTranslateYAMLError/pattern_in_source_context_line_is_not_replaced
--- PASS: TestTranslateYAMLError (0.00s)
    --- PASS: TestTranslateYAMLError/unexpected_key_name_translated (0.00s)
    --- PASS: TestTranslateYAMLError/mapping_value_not_allowed_translated (0.00s)
    --- PASS: TestTranslateYAMLError/mapping_value_not_found_translated (0.00s)
    --- PASS: TestTranslateYAMLError/string_used_where_mapping_expected_translated (0.00s)
    --- PASS: TestTranslateYAMLError/tab_character_error_translated (0.00s)
    --- PASS: TestTranslateYAMLError/unrecognized_messages_are_returned_unchanged (0.00s)
    --- PASS: TestTranslateYAMLError/empty_string_is_returned_unchanged (0.00s)
    --- PASS: TestTranslateYAMLError/pattern_in_source_context_line_is_not_replaced (0.00s)
=== RUN   TestTranslateYAMLMessage
=== RUN   TestTranslateYAMLMessage/unexpected_key_name
=== RUN   TestTranslateYAMLMessage/non-map_value_is_specified
=== RUN   TestTranslateYAMLMessage/mapping_value_not_found
=== RUN   TestTranslateYAMLMessage/found_character_that_cannot_start_any_token
=== RUN   TestTranslateYAMLMessage/unrecognized_message_is_unchanged
=== RUN   TestTranslateYAMLMessage/empty_string_is_unchanged
--- PASS: TestTranslateYAMLMessage (0.00s)
    --- PASS: TestTranslateYAMLMessage/unexpected_key_name (0.00s)
    --- PASS: TestTranslateYAMLMessage/non-map_value_is_specified (0.00s)
    --- PASS: TestTranslateYAMLMessage/mapping_value_not_found (0.00s)
    --- PASS: TestTranslateYAMLMessage/found_character_that_cannot_start_any_token (0.00s)
    --- PASS: TestTranslateYAMLMessage/unrecognized_message_is_unchanged (0.00s)
    --- PASS: TestTranslateYAMLMessage/empty_string_is_unchanged (0.00s)
=== RUN   TestFormatYAMLErrorTranslation
=== RUN   TestFormatYAMLErrorTranslation/missing_colon_translated
=== RUN   TestFormatYAMLErrorTranslation/extra_colon_translated
=== RUN   TestFormatYAMLErrorTranslation/plain_string_translated
--- PASS: TestFormatYAMLErrorTranslation (0.00s)
    --- PASS: TestFormatYAMLErrorTranslation/missing_colon_translated (0.00s)
    --- PASS: TestFormatYAMLErrorTranslation/extra_colon_translated (0.00s)
    --- PASS: TestFormatYAMLErrorTranslation/plain_string_translated (0.00s)
=== RUN   TestIsCopilotSetupStepsFile
=== RUN   TestIsCopilotSetupStepsFile/copilot-setup-steps.yml
=== RUN   TestIsCopilotSetupStepsFile/copilot-setup-steps.yml_uppercase
=== RUN   TestIsCopilotSetupStepsFile/other_yml_file
=== RUN   TestIsCopilotSetupStepsFile/copilot-setup-steps.yaml_(also_supported)
=== RUN   TestIsCopilotSetupStepsFile/just_filename
--- PASS: TestIsCopilotSetupStepsFile (0.00s)
    --- PASS: TestIsCopilotSetupStepsFile/copilot-setup-steps.yml (0.00s)
    --- PASS: TestIsCopilotSetupStepsFile/copilot-setup-steps.yml_uppercase (0.00s)
    --- PASS: TestIsCopilotSetupStepsFile/other_yml_file (0.00s)
    --- PASS: TestIsCopilotSetupStepsFile/copilot-setup-steps.yaml_(also_supported) (0.00s)
    --- PASS: TestIsCopilotSetupStepsFile/just_filename (0.00s)
=== RUN   TestExtractStepsFromCopilotSetup
--- PASS: TestExtractStepsFromCopilotSetup (0.00s)
=== RUN   TestExtractStepsFromCopilotSetup_MissingJob
--- PASS: TestExtractStepsFromCopilotSetup_MissingJob (0.00s)
=== RUN   TestExtractStepsFromCopilotSetup_NoSteps
--- PASS: TestExtractStepsFromCopilotSetup_NoSteps (0.00s)
=== RUN   TestExtractStepsFromCopilotSetup_StripsCheckoutStep
--- PASS: TestExtractStepsFromCopilotSetup_StripsCheckoutStep (0.00s)
=== RUN   TestExtractStepsFromCopilotSetup_NoCheckoutStaysClean
--- PASS: TestExtractStepsFromCopilotSetup_NoCheckoutStaysClean (0.00s)
=== RUN   TestExtractStepsFromCopilotSetup_CheckoutFirstIsStripped
--- PASS: TestExtractStepsFromCopilotSetup_CheckoutFirstIsStripped (0.00s)
=== RUN   TestProcessYAMLWorkflowImport_CopilotSetupSteps
--- PASS: TestProcessYAMLWorkflowImport_CopilotSetupSteps (0.00s)
=== RUN   TestProcessYAMLWorkflowImport_RegularWorkflow
--- PASS: TestProcessYAMLWorkflowImport_RegularWorkflow (0.00s)
=== RUN   TestImportCopilotSetupStepsInWorkflow
--- PASS: TestImportCopilotSetupStepsInWorkflow (0.00s)
=== RUN   TestYAMLWorkflowE2EImport
--- PASS: TestYAMLWorkflowE2EImport (0.00s)
=== RUN   TestYAMLWorkflowImportWithServices
--- PASS: TestYAMLWorkflowImportWithServices (0.00s)
=== RUN   TestIsYAMLWorkflowFile
=== RUN   TestIsYAMLWorkflowFile/yml_file
=== RUN   TestIsYAMLWorkflowFile/yaml_file
=== RUN   TestIsYAMLWorkflowFile/lock_yml_file_-_should_be_rejected
=== RUN   TestIsYAMLWorkflowFile/markdown_file
=== RUN   TestIsYAMLWorkflowFile/uppercase_YML
=== RUN   TestIsYAMLWorkflowFile/uppercase_LOCK.YML
--- PASS: TestIsYAMLWorkflowFile (0.00s)
    --- PASS: TestIsYAMLWorkflowFile/yml_file (0.00s)
    --- PASS: TestIsYAMLWorkflowFile/yaml_file (0.00s)
    --- PASS: TestIsYAMLWorkflowFile/lock_yml_file_-_should_be_rejected (0.00s)
    --- PASS: TestIsYAMLWorkflowFile/markdown_file (0.00s)
    --- PASS: TestIsYAMLWorkflowFile/uppercase_YML (0.00s)
    --- PASS: TestIsYAMLWorkflowFile/uppercase_LOCK.YML (0.00s)
=== RUN   TestIsActionDefinitionFile
=== RUN   TestIsActionDefinitionFile/action.yml_by_name
=== RUN   TestIsActionDefinitionFile/action.yaml_by_name
=== RUN   TestIsActionDefinitionFile/workflow_with_jobs
=== RUN   TestIsActionDefinitionFile/action_by_structure_-_has_runs,_no_jobs
--- PASS: TestIsActionDefinitionFile (0.00s)
    --- PASS: TestIsActionDefinitionFile/action.yml_by_name (0.00s)
    --- PASS: TestIsActionDefinitionFile/action.yaml_by_name (0.00s)
    --- PASS: TestIsActionDefinitionFile/workflow_with_jobs (0.00s)
    --- PASS: TestIsActionDefinitionFile/action_by_structure_-_has_runs,_no_jobs (0.00s)
=== RUN   TestProcessYAMLWorkflowImport
=== RUN   TestProcessYAMLWorkflowImport/simple_workflow_with_jobs
=== RUN   TestProcessYAMLWorkflowImport/workflow_with_services
=== RUN   TestProcessYAMLWorkflowImport/reject_action_definition
=== RUN   TestProcessYAMLWorkflowImport/reject_invalid_workflow
--- PASS: TestProcessYAMLWorkflowImport (0.00s)
    --- PASS: TestProcessYAMLWorkflowImport/simple_workflow_with_jobs (0.00s)
    --- PASS: TestProcessYAMLWorkflowImport/workflow_with_services (0.00s)
    --- PASS: TestProcessYAMLWorkflowImport/reject_action_definition (0.00s)
    --- PASS: TestProcessYAMLWorkflowImport/reject_invalid_workflow (0.00s)
=== RUN   TestImportYAMLWorkflow
--- PASS: TestImportYAMLWorkflow (0.00s)
=== RUN   TestRejectLockYMLImport
--- PASS: TestRejectLockYMLImport (0.00s)
=== RUN   TestImportConflict_SameFileConflictingWith
--- PASS: TestImportConflict_SameFileConflictingWith (0.00s)
=== RUN   TestImportConflict_SameFileIdenticalWith
--- PASS: TestImportConflict_SameFileIdenticalWith (0.00s)
=== RUN   TestImportConflict_SameFileTwiceNoWith
--- PASS: TestImportConflict_SameFileTwiceNoWith (0.00s)
=== RUN   TestImportConflict_NestedConflict
--- PASS: TestImportConflict_NestedConflict (0.00s)
=== RUN   TestImportCycleDetection_TwoFiles
--- PASS: TestImportCycleDetection_TwoFiles (0.00s)
=== RUN   TestImportCycleDetection_FourFiles
--- PASS: TestImportCycleDetection_FourFiles (0.00s)
=== RUN   TestImportCycleDetection_Deterministic
--- PASS: TestImportCycleDetection_Deterministic (0.00s)
=== RUN   TestImportCycleError_FormattedOutput
=== RUN   TestImportCycleError_FormattedOutput/simple_2-file_cycle
=== RUN   TestImportCycleError_FormattedOutput/4-file_cycle_as_per_issue
--- PASS: TestImportCycleError_FormattedOutput (0.00s)
    --- PASS: TestImportCycleError_FormattedOutput/simple_2-file_cycle (0.00s)
    --- PASS: TestImportCycleError_FormattedOutput/4-file_cycle_as_per_issue (0.00s)
=== RUN   TestImportCycleError_InvalidChain
=== RUN   TestImportCycleError_InvalidChain/empty_chain
=== RUN   TestImportCycleError_InvalidChain/single_element
--- PASS: TestImportCycleError_InvalidChain (0.00s)
    --- PASS: TestImportCycleError_InvalidChain/empty_chain (0.00s)
    --- PASS: TestImportCycleError_InvalidChain/single_element (0.00s)
=== RUN   TestFormatImportError
=== RUN   TestFormatImportError/file_not_found_error
=== RUN   TestFormatImportError/download_failed_error
=== RUN   TestFormatImportError/invalid_workflowspec_error
--- PASS: TestFormatImportError (0.00s)
    --- PASS: TestFormatImportError/file_not_found_error (0.00s)
    --- PASS: TestFormatImportError/download_failed_error (0.00s)
    --- PASS: TestFormatImportError/invalid_workflowspec_error (0.00s)
=== RUN   TestFindImportsFieldLocation
=== RUN   TestFindImportsFieldLocation/simple_imports_field
=== RUN   TestFindImportsFieldLocation/imports_field_with_indentation
=== RUN   TestFindImportsFieldLocation/no_imports_field
--- PASS: TestFindImportsFieldLocation (0.00s)
    --- PASS: TestFindImportsFieldLocation/simple_imports_field (0.00s)
    --- PASS: TestFindImportsFieldLocation/imports_field_with_indentation (0.00s)
    --- PASS: TestFindImportsFieldLocation/no_imports_field (0.00s)
=== RUN   TestFindImportItemLocation
=== RUN   TestFindImportItemLocation/simple_string_import
=== RUN   TestFindImportItemLocation/multiple_imports_-_second_item
=== RUN   TestFindImportItemLocation/object-style_import
--- PASS: TestFindImportItemLocation (0.00s)
    --- PASS: TestFindImportItemLocation/simple_string_import (0.00s)
    --- PASS: TestFindImportItemLocation/multiple_imports_-_second_item (0.00s)
    --- PASS: TestFindImportItemLocation/object-style_import (0.00s)
=== RUN   TestImportTopologicalContractLexicalConflict
=== RUN   TestImportTopologicalContractLexicalConflict/z-parent_imports_a-child:_dependency_beats_lexical_order
⚠ Invalid configuration in /tmp/gh-aw-test-runs/20260704-173215-1254813/contract-lexical-4216086664/z-parent.md: /tmp/gh-aw-test-runs/20260704-173215-1254813/contract-lexical-4216086664/z-parent.md:5:3: error: Unknown property: tool-z. Valid fields are: agentic-workflows, bash, cache-memory, cli-proxy, comment-memory, edit, github, grep, playwright, repo-memory, .... Did you mean 'tools'? It belongs under 'the root level'
3 | imports:
4 |   - a-child.md
5 | tools:
      ^^^
6 |   tool-z: {}
7 | ---

⚠ Invalid configuration in /tmp/gh-aw-test-runs/20260704-173215-1254813/contract-lexical-4216086664/a-child.md: /tmp/gh-aw-test-runs/20260704-173215-1254813/contract-lexical-4216086664/a-child.md:3:3: error: Unknown property: tool-a. Valid fields are: agentic-workflows, bash, cache-memory, cli-proxy, comment-memory, edit, github, grep, playwright, repo-memory, .... Did you mean 'tools'? It belongs under 'the root level'
1 |
2 | ---
3 | tools:
      ^^^
4 |   tool-a: {}
5 | ---

=== RUN   TestImportTopologicalContractLexicalConflict/chain_c→b→a:_leaves_must_precede_internal_nodes_precede_roots
⚠ Invalid configuration in /tmp/gh-aw-test-runs/20260704-173215-1254813/contract-lexical-2452073948/c-root.md: /tmp/gh-aw-test-runs/20260704-173215-1254813/contract-lexical-2452073948/c-root.md:5:3: error: Unknown property: tool-c. Valid fields are: agentic-workflows, bash, cache-memory, cli-proxy, comment-memory, edit, github, grep, playwright, repo-memory, .... Did you mean 'tools'? It belongs under 'the root level'
3 | imports:
4 |   - b-mid.md
5 | tools:
      ^^^
6 |   tool-c: {}
7 | ---

⚠ Invalid configuration in /tmp/gh-aw-test-runs/20260704-173215-1254813/contract-lexical-2452073948/b-mid.md: /tmp/gh-aw-test-runs/20260704-173215-1254813/contract-lexical-2452073948/b-mid.md:5:3: error: Unknown property: tool-b. Valid fields are: agentic-workflows, bash, cache-memory, cli-proxy, comment-memory, edit, github, grep, playwright, repo-memory, .... Did you mean 'tools'? It belongs under 'the root level'
3 | imports:
4 |   - a-leaf.md
5 | tools:
      ^^^
6 |   tool-b: {}
7 | ---

⚠ Invalid configuration in /tmp/gh-aw-test-runs/20260704-173215-1254813/contract-lexical-2452073948/a-leaf.md: /tmp/gh-aw-test-runs/20260704-173215-1254813/contract-lexical-2452073948/a-leaf.md:3:3: error: Unknown property: tool-a. Valid fields are: agentic-workflows, bash, cache-memory, cli-proxy, comment-memory, edit, github, grep, playwright, repo-memory, .... Did you mean 'tools'? It belongs under 'the root level'
1 |
2 | ---
3 | tools:
      ^^^
4 |   tool-a: {}
5 | ---

=== RUN   TestImportTopologicalContractLexicalConflict/two_branches_with_lexically-later_leaves
⚠ Invalid configuration in /tmp/gh-aw-test-runs/20260704-173215-1254813/contract-lexical-3461315361/a-parent.md: /tmp/gh-aw-test-runs/20260704-173215-1254813/contract-lexical-3461315361/a-parent.md:5:3: error: Unknown property: tool-a-parent. Valid fields are: agentic-workflows, bash, cache-memory, cli-proxy, comment-memory, edit, github, grep, playwright, repo-memory, ...
3 | imports:
4 |   - z-leaf-a.md
5 | tools:
      ^^^
6 |   tool-a-parent: {}
7 | ---

⚠ Invalid configuration in /tmp/gh-aw-test-runs/20260704-173215-1254813/contract-lexical-3461315361/b-parent.md: /tmp/gh-aw-test-runs/20260704-173215-1254813/contract-lexical-3461315361/b-parent.md:5:3: error: Unknown property: tool-b-parent. Valid fields are: agentic-workflows, bash, cache-memory, cli-proxy, comment-memory, edit, github, grep, playwright, repo-memory, ...
3 | imports:
4 |   - y-leaf-b.md
5 | tools:
      ^^^
6 |   tool-b-parent: {}
7 | ---

⚠ Invalid configuration in /tmp/gh-aw-test-runs/20260704-173215-1254813/contract-lexical-3461315361/z-leaf-a.md: /tmp/gh-aw-test-runs/20260704-173215-1254813/contract-lexical-3461315361/z-leaf-a.md:3:3: error: Unknown property: tool-z. Valid fields are: agentic-workflows, bash, cache-memory, cli-proxy, comment-memory, edit, github, grep, playwright, repo-memory, .... Did you mean 'tools'? It belongs under 'the root level'
1 |
2 | ---
3 | tools:
      ^^^
4 |   tool-z: {}
5 | ---

⚠ Invalid configuration in /tmp/gh-aw-test-runs/20260704-173215-1254813/contract-lexical-3461315361/y-leaf-b.md: /tmp/gh-aw-test-runs/20260704-173215-1254813/contract-lexical-3461315361/y-leaf-b.md:3:3: error: Unknown property: tool-y. Valid fields are: agentic-workflows, bash, cache-memory, cli-proxy, comment-memory, edit, github, grep, playwright, repo-memory, .... Did you mean 'tools'? It belongs under 'the root level'
1 |
2 | ---
3 | tools:
      ^^^
4 |   tool-y: {}
5 | ---

=== RUN   TestImportTopologicalContractLexicalConflict/diamond:_shared_leaf_must_precede_both_parents
⚠ Invalid configuration in /tmp/gh-aw-test-runs/20260704-173215-1254813/contract-lexical-3615070060/z-left.md: /tmp/gh-aw-test-runs/20260704-173215-1254813/contract-lexical-3615070060/z-left.md:5:3: error: Unknown property: tool-z-left. Valid fields are: agentic-workflows, bash, cache-memory, cli-proxy, comment-memory, edit, github, grep, playwright, repo-memory, ...
3 | imports:
4 |   - a-base.md
5 | tools:
      ^^^
6 |   tool-z-left: {}
7 | ---

⚠ Invalid configuration in /tmp/gh-aw-test-runs/20260704-173215-1254813/contract-lexical-3615070060/y-right.md: /tmp/gh-aw-test-runs/20260704-173215-1254813/contract-lexical-3615070060/y-right.md:5:3: error: Unknown property: tool-y-right. Valid fields are: agentic-workflows, bash, cache-memory, cli-proxy, comment-memory, edit, github, grep, playwright, repo-memory, ...
3 | imports:
4 |   - a-base.md
5 | tools:
      ^^^
6 |   tool-y-right: {}
7 | ---

⚠ Invalid configuration in /tmp/gh-aw-test-runs/20260704-173215-1254813/contract-lexical-3615070060/a-base.md: /tmp/gh-aw-test-runs/20260704-173215-1254813/contract-lexical-3615070060/a-base.md:3:3: error: Unknown property: tool-a-base. Valid fields are: agentic-workflows, bash, cache-memory, cli-proxy, comment-memory, edit, github, grep, playwright, repo-memory, ...
1 |
2 | ---
3 | tools:
      ^^^
4 |   tool-a-base: {}
5 | ---

--- PASS: TestImportTopologicalContractLexicalConflict (0.07s)
    --- PASS: TestImportTopologicalContractLexicalConflict/z-parent_imports_a-child:_dependency_beats_lexical_order (0.01s)
    --- PASS: TestImportTopologicalContractLexicalConflict/chain_c→b→a:_leaves_must_precede_internal_nodes_precede_roots (0.02s)
    --- PASS: TestImportTopologicalContractLexicalConflict/two_branches_with_lexically-later_leaves (0.02s)
    --- PASS: TestImportTopologicalContractLexicalConflict/diamond:_shared_leaf_must_precede_both_parents (0.02s)
=== RUN   TestImportTopologicalContractTieBreakIsAlphabetical
=== RUN   TestImportTopologicalContractTieBreakIsAlphabetical/all-roots_ordered_alphabetically_regardless_of_declaration_order
⚠ Invalid configuration in /tmp/gh-aw-test-runs/20260704-173215-1254813/contract-tiebreak-2589081072/omega.md: /tmp/gh-aw-test-runs/20260704-173215-1254813/contract-tiebreak-2589081072/omega.md:3:3: error: Unknown property: t. Did you mean 'edit'?. Did you mean 'to'? It belongs under 'safe-outputs/replace-label/allowed-transitions' or 'the root level'
1 |
2 | ---
3 | tools:
      ^^^
4 |   t: {}
5 | ---

⚠ Invalid configuration in /tmp/gh-aw-test-runs/20260704-173215-1254813/contract-tiebreak-2589081072/alpha.md: /tmp/gh-aw-test-runs/20260704-173215-1254813/contract-tiebreak-2589081072/alpha.md:3:3: error: Unknown property: t. Did you mean 'edit'?. Did you mean 'to'? It belongs under 'safe-outputs/replace-label/allowed-transitions' or 'the root level'
1 |
2 | ---
3 | tools:
      ^^^
4 |   t: {}
5 | ---

⚠ Invalid configuration in /tmp/gh-aw-test-runs/20260704-173215-1254813/contract-tiebreak-2589081072/gamma.md: /tmp/gh-aw-test-runs/20260704-173215-1254813/contract-tiebreak-2589081072/gamma.md:3:3: error: Unknown property: t. Did you mean 'edit'?. Did you mean 'to'? It belongs under 'safe-outputs/replace-label/allowed-transitions' or 'the root level'
1 |
2 | ---
3 | tools:
      ^^^
4 |   t: {}
5 | ---

⚠ Invalid configuration in /tmp/gh-aw-test-runs/20260704-173215-1254813/contract-tiebreak-2589081072/beta.md: /tmp/gh-aw-test-runs/20260704-173215-1254813/contract-tiebreak-2589081072/beta.md:3:3: error: Unknown property: t. Did you mean 'edit'?. Did you mean 'to'? It belongs under 'safe-outputs/replace-label/allowed-transitions' or 'the root level'
1 |
2 | ---
3 | tools:
      ^^^
4 |   t: {}
5 | ---

=== RUN   TestImportTopologicalContractTieBreakIsAlphabetical/ready_nodes_at_each_wave_are_alphabetically_sorted
⚠ Invalid configuration in /tmp/gh-aw-test-runs/20260704-173215-1254813/contract-tiebreak-wave-765225049/c-parent.md: /tmp/gh-aw-test-runs/20260704-173215-1254813/contract-tiebreak-wave-765225049/c-parent.md:5:3: error: Unknown property: tool-c. Valid fields are: agentic-workflows, bash, cache-memory, cli-proxy, comment-memory, edit, github, grep, playwright, repo-memory, .... Did you mean 'tools'? It belongs under 'the root level'
3 | imports:
4 |   - z-leaf.md
5 | tools:
      ^^^
6 |   tool-c: {}
7 | ---

⚠ Invalid configuration in /tmp/gh-aw-test-runs/20260704-173215-1254813/contract-tiebreak-wave-765225049/b-parent.md: /tmp/gh-aw-test-runs/20260704-173215-1254813/contract-tiebreak-wave-765225049/b-parent.md:5:3: error: Unknown property: tool-b. Valid fields are: agentic-workflows, bash, cache-memory, cli-proxy, comment-memory, edit, github, grep, playwright, repo-memory, .... Did you mean 'tools'? It belongs under 'the root level'
3 | imports:
4 |   - a-leaf.md
5 | tools:
      ^^^
6 |   tool-b: {}
7 | ---

⚠ Invalid configuration in /tmp/gh-aw-test-runs/20260704-173215-1254813/contract-tiebreak-wave-765225049/z-leaf.md: /tmp/gh-aw-test-runs/20260704-173215-1254813/contract-tiebreak-wave-765225049/z-leaf.md:3:3: error: Unknown property: tz. Valid fields are: agentic-workflows, bash, cache-memory, cli-proxy, comment-memory, edit, github, grep, playwright, repo-memory, .... Did you mean 'to'? It belongs under 'safe-outputs/replace-label/allowed-transitions' or 'the root level'
1 |
2 | ---
3 | tools:
      ^^^
4 |   tz: {}
5 | ---

⚠ Invalid configuration in /tmp/gh-aw-test-runs/20260704-173215-1254813/contract-tiebreak-wave-765225049/a-leaf.md: /tmp/gh-aw-test-runs/20260704-173215-1254813/contract-tiebreak-wave-765225049/a-leaf.md:3:3: error: Unknown property: ta. Did you mean 'bash'?. Did you mean 'to'? It belongs under 'safe-outputs/replace-label/allowed-transitions' or 'the root level'
1 |
2 | ---
3 | tools:
      ^^^
4 |   ta: {}
5 | ---

--- PASS: TestImportTopologicalContractTieBreakIsAlphabetical (0.04s)
    --- PASS: TestImportTopologicalContractTieBreakIsAlphabetical/all-roots_ordered_alphabetically_regardless_of_declaration_order (0.02s)
    --- PASS: TestImportTopologicalContractTieBreakIsAlphabetical/ready_nodes_at_each_wave_are_alphabetically_sorted (0.02s)
=== RUN   TestImportTopologicalContractCrossPath
=== RUN   TestImportTopologicalContractCrossPath/linear_chain:_lexical_reverse_of_topological
⚠ Invalid configuration in /tmp/gh-aw-test-runs/20260704-173215-1254813/contract-crosspath-3778289410/z-top.md: /tmp/gh-aw-test-runs/20260704-173215-1254813/contract-crosspath-3778289410/z-top.md:5:3: error: Unknown property: tool-z. Valid fields are: agentic-workflows, bash, cache-memory, cli-proxy, comment-memory, edit, github, grep, playwright, repo-memory, .... Did you mean 'tools'? It belongs under 'the root level'
3 | imports:
4 |   - m-mid.md
5 | tools:
      ^^^
6 |   tool-z: {}
7 | ---

⚠ Invalid configuration in /tmp/gh-aw-test-runs/20260704-173215-1254813/contract-crosspath-3778289410/m-mid.md: /tmp/gh-aw-test-runs/20260704-173215-1254813/contract-crosspath-3778289410/m-mid.md:5:3: error: Unknown property: tool-m. Valid fields are: agentic-workflows, bash, cache-memory, cli-proxy, comment-memory, edit, github, grep, playwright, repo-memory, .... Did you mean 'tools'? It belongs under 'the root level'
3 | imports:
4 |   - a-bot.md
5 | tools:
      ^^^
6 |   tool-m: {}
7 | ---

⚠ Invalid configuration in /tmp/gh-aw-test-runs/20260704-173215-1254813/contract-crosspath-3778289410/a-bot.md: /tmp/gh-aw-test-runs/20260704-173215-1254813/contract-crosspath-3778289410/a-bot.md:3:3: error: Unknown property: tool-a. Valid fields are: agentic-workflows, bash, cache-memory, cli-proxy, comment-memory, edit, github, grep, playwright, repo-memory, .... Did you mean 'tools'? It belongs under 'the root level'
1 |
2 | ---
3 | tools:
      ^^^
4 |   tool-a: {}
5 | ---

    import_topological_contract_test.go:500: cross-path verified: import processor order = [a-bot.md m-mid.md z-top.md]
=== RUN   TestImportTopologicalContractCrossPath/diamond:_shared_dependency
⚠ Invalid configuration in /tmp/gh-aw-test-runs/20260704-173215-1254813/contract-crosspath-2160185006/z-a.md: /tmp/gh-aw-test-runs/20260704-173215-1254813/contract-crosspath-2160185006/z-a.md:5:3: error: Unknown property: tool-za. Valid fields are: agentic-workflows, bash, cache-memory, cli-proxy, comment-memory, edit, github, grep, playwright, repo-memory, ...
3 | imports:
4 |   - a-shared.md
5 | tools:
      ^^^
6 |   tool-za: {}
7 | ---

⚠ Invalid configuration in /tmp/gh-aw-test-runs/20260704-173215-1254813/contract-crosspath-2160185006/z-b.md: /tmp/gh-aw-test-runs/20260704-173215-1254813/contract-crosspath-2160185006/z-b.md:5:3: error: Unknown property: tool-zb. Valid fields are: agentic-workflows, bash, cache-memory, cli-proxy, comment-memory, edit, github, grep, playwright, repo-memory, ...
3 | imports:
4 |   - a-shared.md
5 | tools:
      ^^^
6 |   tool-zb: {}
7 | ---

⚠ Invalid configuration in /tmp/gh-aw-test-runs/20260704-173215-1254813/contract-crosspath-2160185006/a-shared.md: /tmp/gh-aw-test-runs/20260704-173215-1254813/contract-crosspath-2160185006/a-shared.md:3:3: error: Unknown property: tool-shared. Valid fields are: agentic-workflows, bash, cache-memory, cli-proxy, comment-memory, edit, github, grep, playwright, repo-memory, ...
1 |
2 | ---
3 | tools:
      ^^^
4 |   tool-shared: {}
5 | ---

    import_topological_contract_test.go:500: cross-path verified: import processor order = [a-shared.md z-a.md z-b.md]
=== RUN   TestImportTopologicalContractCrossPath/wide:_many_independent_branches
⚠ Invalid configuration in /tmp/gh-aw-test-runs/20260704-173215-1254813/contract-crosspath-2246676326/c-root.md: /tmp/gh-aw-test-runs/20260704-173215-1254813/contract-crosspath-2246676326/c-root.md:5:3: error: Unknown property: tool-c. Valid fields are: agentic-workflows, bash, cache-memory, cli-proxy, comment-memory, edit, github, grep, playwright, repo-memory, .... Did you mean 'tools'? It belongs under 'the root level'
3 | imports:
4 |   - z-leaf.md
5 | tools:
      ^^^
6 |   tool-c: {}
7 | ---

⚠ Invalid configuration in /tmp/gh-aw-test-runs/20260704-173215-1254813/contract-crosspath-2246676326/b-root.md: /tmp/gh-aw-test-runs/20260704-173215-1254813/contract-crosspath-2246676326/b-root.md:5:3: error: Unknown property: tool-b. Valid fields are: agentic-workflows, bash, cache-memory, cli-proxy, comment-memory, edit, github, grep, playwright, repo-memory, .... Did you mean 'tools'? It belongs under 'the root level'
3 | imports:
4 |   - y-leaf.md
5 | tools:
      ^^^
6 |   tool-b: {}
7 | ---

⚠ Invalid configuration in /tmp/gh-aw-test-runs/20260704-173215-1254813/contract-crosspath-2246676326/a-root.md: /tmp/gh-aw-test-runs/20260704-173215-1254813/contract-crosspath-2246676326/a-root.md:5:3: error: Unknown property: tool-a. Valid fields are: agentic-workflows, bash, cache-memory, cli-proxy, comment-memory, edit, github, grep, playwright, repo-memory, .... Did you mean 'tools'? It belongs under 'the root level'
3 | imports:
4 |   - x-leaf.md
5 | tools:
      ^^^
6 |   tool-a: {}
7 | ---

⚠ Invalid configuration in /tmp/gh-aw-test-runs/20260704-173215-1254813/contract-crosspath-2246676326/z-leaf.md: /tmp/gh-aw-test-runs/20260704-173215-1254813/contract-crosspath-2246676326/z-leaf.md:3:3: error: Unknown property: tz. Valid fields are: agentic-workflows, bash, cache-memory, cli-proxy, comment-memory, edit, github, grep, playwright, repo-memory, .... Did you mean 'to'? It belongs under 'safe-outputs/replace-label/allowed-transitions' or 'the root level'
1 |
2 | ---
3 | tools:
      ^^^
4 |   tz: {}
5 | ---

⚠ Invalid configuration in /tmp/gh-aw-test-runs/20260704-173215-1254813/contract-crosspath-2246676326/y-leaf.md: /tmp/gh-aw-test-runs/20260704-173215-1254813/contract-crosspath-2246676326/y-leaf.md:3:3: error: Unknown property: ty. Valid fields are: agentic-workflows, bash, cache-memory, cli-proxy, comment-memory, edit, github, grep, playwright, repo-memory, .... Did you mean 'to'? It belongs under 'safe-outputs/replace-label/allowed-transitions' or 'the root level'
1 |
2 | ---
3 | tools:
      ^^^
4 |   ty: {}
5 | ---

⚠ Invalid configuration in /tmp/gh-aw-test-runs/20260704-173215-1254813/contract-crosspath-2246676326/x-leaf.md: /tmp/gh-aw-test-runs/20260704-173215-1254813/contract-crosspath-2246676326/x-leaf.md:3:3: error: Unknown property: tx. Valid fields are: agentic-workflows, bash, cache-memory, cli-proxy, comment-memory, edit, github, grep, playwright, repo-memory, .... Did you mean 'to'? It belongs under 'safe-outputs/replace-label/allowed-transitions' or 'the root level'
1 |
2 | ---
3 | tools:
      ^^^
4 |   tx: {}
5 | ---

    import_topological_contract_test.go:500: cross-path verified: import processor order = [x-leaf.md a-root.md y-leaf.md b-root.md z-leaf.md c-root.md]
--- PASS: TestImportTopologicalContractCrossPath (0.08s)
    --- PASS: TestImportTopologicalContractCrossPath/linear_chain:_lexical_reverse_of_topological (0.02s)
    --- PASS: TestImportTopologicalContractCrossPath/diamond:_shared_dependency (0.02s)
    --- PASS: TestImportTopologicalContractCrossPath/wide:_many_independent_branches (0.04s)
=== RUN   TestImportTopologicalSort
=== RUN   TestImportTopologicalSort/linear_dependency_chain
⚠ Invalid configuration in /tmp/gh-aw-test-runs/20260704-173215-1254813/import-topo-2402845286/a.md: /tmp/gh-aw-test-runs/20260704-173215-1254813/import-topo-2402845286/a.md:5:3: error: Unknown property: tool-a. Valid fields are: agentic-workflows, bash, cache-memory, cli-proxy, comment-memory, edit, github, grep, playwright, repo-memory, .... Did you mean 'tools'? It belongs under 'the root level'
3 | imports:
4 |   - b.md
5 | tools:
      ^^^
6 |   tool-a: {}
7 | ---

⚠ Invalid configuration in /tmp/gh-aw-test-runs/20260704-173215-1254813/import-topo-2402845286/b.md: /tmp/gh-aw-test-runs/20260704-173215-1254813/import-topo-2402845286/b.md:5:3: error: Unknown property: tool-b. Valid fields are: agentic-workflows, bash, cache-memory, cli-proxy, comment-memory, edit, github, grep, playwright, repo-memory, .... Did you mean 'tools'? It belongs under 'the root level'
3 | imports:
4 |   - c.md
5 | tools:
      ^^^
6 |   tool-b: {}
7 | ---

⚠ Invalid configuration in /tmp/gh-aw-test-runs/20260704-173215-1254813/import-topo-2402845286/c.md: /tmp/gh-aw-test-runs/20260704-173215-1254813/import-topo-2402845286/c.md:3:3: error: Unknown property: tool-c. Valid fields are: agentic-workflows, bash, cache-memory, cli-proxy, comment-memory, edit, github, grep, playwright, repo-memory, .... Did you mean 'tools'? It belongs under 'the root level'
1 |
2 | ---
3 | tools:
      ^^^
4 |   tool-c: {}
5 | ---

    import_topological_test.go:333: Expected order: [c.md b.md a.md]
    import_topological_test.go:334: Actual order:   [c.md b.md a.md]
=== RUN   TestImportTopologicalSort/multiple_roots
⚠ Invalid configuration in /tmp/gh-aw-test-runs/20260704-173215-1254813/import-topo-743698539/a.md: /tmp/gh-aw-test-runs/20260704-173215-1254813/import-topo-743698539/a.md:3:3: error: Unknown property: tool-a. Valid fields are: agentic-workflows, bash, cache-memory, cli-proxy, comment-memory, edit, github, grep, playwright, repo-memory, .... Did you mean 'tools'? It belongs under 'the root level'
1 |
2 | ---
3 | tools:
      ^^^
4 |   tool-a: {}
5 | ---

⚠ Invalid configuration in /tmp/gh-aw-test-runs/20260704-173215-1254813/import-topo-743698539/b.md: /tmp/gh-aw-test-runs/20260704-173215-1254813/import-topo-743698539/b.md:3:3: error: Unknown property: tool-b. Valid fields are: agentic-workflows, bash, cache-memory, cli-proxy, comment-memory, edit, github, grep, playwright, repo-memory, .... Did you mean 'tools'? It belongs under 'the root level'
1 |
2 | ---
3 | tools:
      ^^^
4 |   tool-b: {}
5 | ---

⚠ Invalid configuration in /tmp/gh-aw-test-runs/20260704-173215-1254813/import-topo-743698539/c.md: /tmp/gh-aw-test-runs/20260704-173215-1254813/import-topo-743698539/c.md:3:3: error: Unknown property: tool-c. Valid fields are: agentic-workflows, bash, cache-memory, cli-proxy, comment-memory, edit, github, grep, playwright, repo-memory, .... Did you mean 'tools'? It belongs under 'the root level'
1 |
2 | ---
3 | tools:
      ^^^
4 |   tool-c: {}
5 | ---

    import_topological_test.go:333: Expected order: [a.md b.md c.md]
    import_topological_test.go:334: Actual order:   [a.md b.md c.md]
=== RUN   TestImportTopologicalSort/diamond_dependency
⚠ Invalid configuration in /tmp/gh-aw-test-runs/20260704-173215-1254813/import-topo-809487637/a.md: /tmp/gh-aw-test-runs/20260704-173215-1254813/import-topo-809487637/a.md:5:3: error: Unknown property: tool-a. Valid fields are: agentic-workflows, bash, cache-memory, cli-proxy, comment-memory, edit, github, grep, playwright, repo-memory, .... Did you mean 'tools'? It belongs under 'the root level'
3 | imports:
4 |   - c.md
5 | tools:
      ^^^
6 |   tool-a: {}
7 | ---

⚠ Invalid configuration in /tmp/gh-aw-test-runs/20260704-173215-1254813/import-topo-809487637/b.md: /tmp/gh-aw-test-runs/20260704-173215-1254813/import-topo-809487637/b.md:5:3: error: Unknown property: tool-b. Valid fields are: agentic-workflows, bash, cache-memory, cli-proxy, comment-memory, edit, github, grep, playwright, repo-memory, .... Did you mean 'tools'? It belongs under 'the root level'
3 | imports:
4 |   - c.md
5 | tools:
      ^^^
6 |   tool-b: {}
7 | ---

⚠ Invalid configuration in /tmp/gh-aw-test-runs/20260704-173215-1254813/import-topo-809487637/c.md: /tmp/gh-aw-test-runs/20260704-173215-1254813/import-topo-809487637/c.md:3:3: error: Unknown property: tool-c. Valid fields are: agentic-workflows, bash, cache-memory, cli-proxy, comment-memory, edit, github, grep, playwright, repo-memory, .... Did you mean 'tools'? It belongs under 'the root level'
1 |
2 | ---
3 | tools:
      ^^^
4 |   tool-c: {}
5 | ---

    import_topological_test.go:333: Expected order: [c.md a.md b.md]
    import_topological_test.go:334: Actual order:   [c.md a.md b.md]
=== RUN   TestImportTopologicalSort/complex_tree
⚠ Invalid configuration in /tmp/gh-aw-test-runs/20260704-173215-1254813/import-topo-479445527/a.md: /tmp/gh-aw-test-runs/20260704-173215-1254813/import-topo-479445527/a.md:6:3: error: Unknown property: tool-a. Valid fields are: agentic-workflows, bash, cache-memory, cli-proxy, comment-memory, edit, github, grep, playwright, repo-memory, .... Did you mean 'tools'? It belongs under 'the root level'
4 |   - c.md
5 |   - d.md
6 | tools:
      ^^^
7 |   tool-a: {}
8 | ---

⚠ Invalid configuration in /tmp/gh-aw-test-runs/20260704-173215-1254813/import-topo-479445527/b.md: /tmp/gh-aw-test-runs/20260704-173215-1254813/import-topo-479445527/b.md:5:3: error: Unknown property: tool-b. Valid fields are: agentic-workflows, bash, cache-memory, cli-proxy, comment-memory, edit, github, grep, playwright, repo-memory, .... Did you mean 'tools'? It belongs under 'the root level'
3 | imports:
4 |   - e.md
5 | tools:
      ^^^
6 |   tool-b: {}
7 | ---

⚠ Invalid configuration in /tmp/gh-aw-test-runs/20260704-173215-1254813/import-topo-479445527/c.md: /tmp/gh-aw-test-runs/20260704-173215-1254813/import-topo-479445527/c.md:5:3: error: Unknown property: tool-c. Valid fields are: agentic-workflows, bash, cache-memory, cli-proxy, comment-memory, edit, github, grep, playwright, repo-memory, .... Did you mean 'tools'? It belongs under 'the root level'
3 | imports:
4 |   - f.md
5 | tools:
      ^^^
6 |   tool-c: {}
7 | ---

⚠ Invalid configuration in /tmp/gh-aw-test-runs/20260704-173215-1254813/import-topo-479445527/d.md: /tmp/gh-aw-test-runs/20260704-173215-1254813/import-topo-479445527/d.md:3:3: error: Unknown property: tool-d. Valid fields are: agentic-workflows, bash, cache-memory, cli-proxy, comment-memory, edit, github, grep, playwright, repo-memory, .... Did you mean 'tools'? It belongs under 'the root level'
1 |
2 | ---
3 | tools:
      ^^^
4 |   tool-d: {}
5 | ---

⚠ Invalid configuration in /tmp/gh-aw-test-runs/20260704-173215-1254813/import-topo-479445527/e.md: /tmp/gh-aw-test-runs/20260704-173215-1254813/import-topo-479445527/e.md:3:3: error: Unknown property: tool-e. Valid fields are: agentic-workflows, bash, cache-memory, cli-proxy, comment-memory, edit, github, grep, playwright, repo-memory, .... Did you mean 'tools'? It belongs under 'the root level'
1 |
2 | ---
3 | tools:
      ^^^
4 |   tool-e: {}
5 | ---

⚠ Invalid configuration in /tmp/gh-aw-test-runs/20260704-173215-1254813/import-topo-479445527/f.md: /tmp/gh-aw-test-runs/20260704-173215-1254813/import-topo-479445527/f.md:3:3: error: Unknown property: tool-f. Valid fields are: agentic-workflows, bash, cache-memory, cli-proxy, comment-memory, edit, github, grep, playwright, repo-memory, .... Did you mean 'tools'? It belongs under 'the root level'
1 |
2 | ---
3 | tools:
      ^^^
4 |   tool-f: {}
5 | ---

    import_topological_test.go:333: Expected order: [d.md e.md b.md f.md c.md a.md]
    import_topological_test.go:334: Actual order:   [d.md e.md b.md f.md c.md a.md]
=== RUN   TestImportTopologicalSort/wide_tree_with_many_independent_branches
⚠ Invalid configuration in /tmp/gh-aw-test-runs/20260704-173215-1254813/import-topo-2795784951/a.md: /tmp/gh-aw-test-runs/20260704-173215-1254813/import-topo-2795784951/a.md:5:3: error: Unknown property: tool-a. Valid fields are: agentic-workflows, bash, cache-memory, cli-proxy, comment-memory, edit, github, grep, playwright, repo-memory, .... Did you mean 'tools'? It belongs under 'the root level'
3 | imports:
4 |   - d.md
5 | tools:
      ^^^
6 |   tool-a: {}
7 | ---

⚠ Invalid configuration in /tmp/gh-aw-test-runs/20260704-173215-1254813/import-topo-2795784951/b.md: /tmp/gh-aw-test-runs/20260704-173215-1254813/import-topo-2795784951/b.md:5:3: error: Unknown property: tool-b. Valid fields are: agentic-workflows, bash, cache-memory, cli-proxy, comment-memory, edit, github, grep, playwright, repo-memory, .... Did you mean 'tools'? It belongs under 'the root level'
3 | imports:
4 |   - e.md
5 | tools:
      ^^^
6 |   tool-b: {}
7 | ---

⚠ Invalid configuration in /tmp/gh-aw-test-runs/20260704-173215-1254813/import-topo-2795784951/c.md: /tmp/gh-aw-test-runs/20260704-173215-1254813/import-topo-2795784951/c.md:5:3: error: Unknown property: tool-c. Valid fields are: agentic-workflows, bash, cache-memory, cli-proxy, comment-memory, edit, github, grep, playwright, repo-memory, .... Did you mean 'tools'? It belongs under 'the root level'
3 | imports:
4 |   - f.md
5 | tools:
      ^^^
6 |   tool-c: {}
7 | ---

⚠ Invalid configuration in /tmp/gh-aw-test-runs/20260704-173215-1254813/import-topo-2795784951/d.md: /tmp/gh-aw-test-runs/20260704-173215-1254813/import-topo-2795784951/d.md:3:3: error: Unknown property: tool-d. Valid fields are: agentic-workflows, bash, cache-memory, cli-proxy, comment-memory, edit, github, grep, playwright, repo-memory, .... Did you mean 'tools'? It belongs under 'the root level'
1 |
2 | ---
3 | tools:
      ^^^
4 |   tool-d: {}
5 | ---

⚠ Invalid configuration in /tmp/gh-aw-test-runs/20260704-173215-1254813/import-topo-2795784951/e.md: /tmp/gh-aw-test-runs/20260704-173215-1254813/import-topo-2795784951/e.md:3:3: error: Unknown property: tool-e. Valid fields are: agentic-workflows, bash, cache-memory, cli-proxy, comment-memory, edit, github, grep, playwright, repo-memory, .... Did you mean 'tools'? It belongs under 'the root level'
1 |
2 | ---
3 | tools:
      ^^^
4 |   tool-e: {}
5 | ---

⚠ Invalid configuration in /tmp/gh-aw-test-runs/20260704-173215-1254813/import-topo-2795784951/f.md: /tmp/gh-aw-test-runs/20260704-173215-1254813/import-topo-2795784951/f.md:3:3: error: Unknown property: tool-f. Valid fields are: agentic-workflows, bash, cache-memory, cli-proxy, comment-memory, edit, github, grep, playwright, repo-memory, .... Did you mean 'tools'? It belongs under 'the root level'
1 |
2 | ---
3 | tools:
      ^^^
4 |   tool-f: {}
5 | ---

    import_topological_test.go:333: Expected order: [d.md a.md e.md b.md f.md c.md]
    import_topological_test.go:334: Actual order:   [d.md a.md e.md b.md f.md c.md]
=== RUN   TestImportTopologicalSort/reverse_alphabetical_with_dependencies
⚠ Invalid configuration in /tmp/gh-aw-test-runs/20260704-173215-1254813/import-topo-2007995527/z-parent.md: /tmp/gh-aw-test-runs/20260704-173215-1254813/import-topo-2007995527/z-parent.md:5:3: error: Unknown property: tool-z. Valid fields are: agentic-workflows, bash, cache-memory, cli-proxy, comment-memory, edit, github, grep, playwright, repo-memory, .... Did you mean 'tools'? It belongs under 'the root level'
3 | imports:
4 |   - a-child.md
5 | tools:
      ^^^
6 |   tool-z: {}
7 | ---

⚠ Invalid configuration in /tmp/gh-aw-test-runs/20260704-173215-1254813/import-topo-2007995527/y-parent.md: /tmp/gh-aw-test-runs/20260704-173215-1254813/import-topo-2007995527/y-parent.md:5:3: error: Unknown property: tool-y. Valid fields are: agentic-workflows, bash, cache-memory, cli-proxy, comment-memory, edit, github, grep, playwright, repo-memory, .... Did you mean 'tools'? It belongs under 'the root level'
3 | imports:
4 |   - b-child.md
5 | tools:
      ^^^
6 |   tool-y: {}
7 | ---

⚠ Invalid configuration in /tmp/gh-aw-test-runs/20260704-173215-1254813/import-topo-2007995527/a-child.md: /tmp/gh-aw-test-runs/20260704-173215-1254813/import-topo-2007995527/a-child.md:3:3: error: Unknown property: tool-a. Valid fields are: agentic-workflows, bash, cache-memory, cli-proxy, comment-memory, edit, github, grep, playwright, repo-memory, .... Did you mean 'tools'? It belongs under 'the root level'
1 |
2 | ---
3 | tools:
      ^^^
4 |   tool-a: {}
5 | ---

⚠ Invalid configuration in /tmp/gh-aw-test-runs/20260704-173215-1254813/import-topo-2007995527/b-child.md: /tmp/gh-aw-test-runs/20260704-173215-1254813/import-topo-2007995527/b-child.md:3:3: error: Unknown property: tool-b. Valid fields are: agentic-workflows, bash, cache-memory, cli-proxy, comment-memory, edit, github, grep, playwright, repo-memory, .... Did you mean 'tools'? It belongs under 'the root level'
1 |
2 | ---
3 | tools:
      ^^^
4 |   tool-b: {}
5 | ---

    import_topological_test.go:333: Expected order: [a-child.md b-child.md y-parent.md z-parent.md]
    import_topological_test.go:334: Actual order:   [a-child.md b-child.md y-parent.md z-parent.md]
=== RUN   TestImportTopologicalSort/multi-level_dependency_chain
⚠ Invalid configuration in /tmp/gh-aw-test-runs/20260704-173215-1254813/import-topo-44267289/level-0.md: /tmp/gh-aw-test-runs/20260704-173215-1254813/import-topo-44267289/level-0.md:5:3: error: Unknown property: tool-0. Valid fields are: agentic-workflows, bash, cache-memory, cli-proxy, comment-memory, edit, github, grep, playwright, repo-memory, .... Did you mean 'tools'? It belongs under 'the root level'
3 | imports:
4 |   - level-1.md
5 | tools:
      ^^^
6 |   tool-0: {}
7 | ---

⚠ Invalid configuration in /tmp/gh-aw-test-runs/20260704-173215-1254813/import-topo-44267289/level-1.md: /tmp/gh-aw-test-runs/20260704-173215-1254813/import-topo-44267289/level-1.md:5:3: error: Unknown property: tool-1. Valid fields are: agentic-workflows, bash, cache-memory, cli-proxy, comment-memory, edit, github, grep, playwright, repo-memory, .... Did you mean 'tools'? It belongs under 'the root level'
3 | imports:
4 |   - level-2.md
5 | tools:
      ^^^
6 |   tool-1: {}
7 | ---

⚠ Invalid configuration in /tmp/gh-aw-test-runs/20260704-173215-1254813/import-topo-44267289/level-2.md: /tmp/gh-aw-test-runs/20260704-173215-1254813/import-topo-44267289/level-2.md:5:3: error: Unknown property: tool-2. Valid fields are: agentic-workflows, bash, cache-memory, cli-proxy, comment-memory, edit, github, grep, playwright, repo-memory, .... Did you mean 'tools'? It belongs under 'the root level'
3 | imports:
4 |   - level-3.md
5 | tools:
      ^^^
6 |   tool-2: {}
7 | ---

⚠ Invalid configuration in /tmp/gh-aw-test-runs/20260704-173215-1254813/import-topo-44267289/level-3.md: /tmp/gh-aw-test-runs/20260704-173215-1254813/import-topo-44267289/level-3.md:5:3: error: Unknown property: tool-3. Valid fields are: agentic-workflows, bash, cache-memory, cli-proxy, comment-memory, edit, github, grep, playwright, repo-memory, .... Did you mean 'tools'? It belongs under 'the root level'
3 | imports:
4 |   - level-4.md
5 | tools:
      ^^^
6 |   tool-3: {}
7 | ---

⚠ Invalid configuration in /tmp/gh-aw-test-runs/20260704-173215-1254813/import-topo-44267289/level-4.md: /tmp/gh-aw-test-runs/20260704-173215-1254813/import-topo-44267289/level-4.md:3:3: error: Unknown property: tool-4. Valid fields are: agentic-workflows, bash, cache-memory, cli-proxy, comment-memory, edit, github, grep, playwright, repo-memory, .... Did you mean 'tools'? It belongs under 'the root level'
1 |
2 | ---
3 | tools:
      ^^^
4 |   tool-4: {}
5 | ---

    import_topological_test.go:333: Expected order: [level-4.md level-3.md level-2.md level-1.md level-0.md]
    import_topological_test.go:334: Actual order:   [level-4.md level-3.md level-2.md level-1.md level-0.md]
=== RUN   TestImportTopologicalSort/parallel_branches_with_shared_dependency
⚠ Invalid configuration in /tmp/gh-aw-test-runs/20260704-173215-1254813/import-topo-130770258/branch-a-top.md: /tmp/gh-aw-test-runs/20260704-173215-1254813/import-topo-130770258/branch-a-top.md:5:3: error: Unknown property: tool-a-top. Valid fields are: agentic-workflows, bash, cache-memory, cli-proxy, comment-memory, edit, github, grep, playwright, repo-memory, ...
3 | imports:
4 |   - branch-a-mid.md
5 | tools:
      ^^^
6 |   tool-a-top: {}
7 | ---

⚠ Invalid configuration in /tmp/gh-aw-test-runs/20260704-173215-1254813/import-topo-130770258/branch-b-top.md: /tmp/gh-aw-test-runs/20260704-173215-1254813/import-topo-130770258/branch-b-top.md:5:3: error: Unknown property: tool-b-top. Valid fields are: agentic-workflows, bash, cache-memory, cli-proxy, comment-memory, edit, github, grep, playwright, repo-memory, ...
3 | imports:
4 |   - branch-b-mid.md
5 | tools:
      ^^^
6 |   tool-b-top: {}
7 | ---

⚠ Invalid configuration in /tmp/gh-aw-test-runs/20260704-173215-1254813/import-topo-130770258/branch-a-mid.md: /tmp/gh-aw-test-runs/20260704-173215-1254813/import-topo-130770258/branch-a-mid.md:5:3: error: Unknown property: tool-a-mid. Valid fields are: agentic-workflows, bash, cache-memory, cli-proxy, comment-memory, edit, github, grep, playwright, repo-memory, ...
3 | imports:
4 |   - shared-base.md
5 | tools:
      ^^^
6 |   tool-a-mid: {}
7 | ---

⚠ Invalid configuration in /tmp/gh-aw-test-runs/20260704-173215-1254813/import-topo-130770258/branch-b-mid.md: /tmp/gh-aw-test-runs/20260704-173215-1254813/import-topo-130770258/branch-b-mid.md:5:3: error: Unknown property: tool-b-mid. Valid fields are: agentic-workflows, bash, cache-memory, cli-proxy, comment-memory, edit, github, grep, playwright, repo-memory, ...
3 | imports:
4 |   - shared-base.md
5 | tools:
      ^^^
6 |   tool-b-mid: {}
7 | ---

⚠ Invalid configuration in /tmp/gh-aw-test-runs/20260704-173215-1254813/import-topo-130770258/shared-base.md: /tmp/gh-aw-test-runs/20260704-173215-1254813/import-topo-130770258/shared-base.md:3:3: error: Unknown property: tool-shared. Valid fields are: agentic-workflows, bash, cache-memory, cli-proxy, comment-memory, edit, github, grep, playwright, repo-memory, ...
1 |
2 | ---
3 | tools:
      ^^^
4 |   tool-shared: {}
5 | ---

    import_topological_test.go:333: Expected order: [shared-base.md branch-a-mid.md branch-a-top.md branch-b-mid.md branch-b-top.md]
    import_topological_test.go:334: Actual order:   [shared-base.md branch-a-mid.md branch-a-top.md branch-b-mid.md branch-b-top.md]
=== RUN   TestImportTopologicalSort/mixed_naming_with_special_characters
⚠ Invalid configuration in /tmp/gh-aw-test-runs/20260704-173215-1254813/import-topo-2299636228/01-first.md: /tmp/gh-aw-test-runs/20260704-173215-1254813/import-topo-2299636228/01-first.md:5:3: error: Unknown property: tool-first. Valid fields are: agentic-workflows, bash, cache-memory, cli-proxy, comment-memory, edit, github, grep, playwright, repo-memory, ...
3 | imports:
4 |   - 99-last.md
5 | tools:
      ^^^
6 |   tool-first: {}
7 | ---

⚠ Invalid configuration in /tmp/gh-aw-test-runs/20260704-173215-1254813/import-topo-2299636228/02-second.md: /tmp/gh-aw-test-runs/20260704-173215-1254813/import-topo-2299636228/02-second.md:5:3: error: Unknown property: tool-second. Valid fields are: agentic-workflows, bash, cache-memory, cli-proxy, comment-memory, edit, github, grep, playwright, repo-memory, ...
3 | imports:
4 |   - 99-last.md
5 | tools:
      ^^^
6 |   tool-second: {}
7 | ---

⚠ Invalid configuration in /tmp/gh-aw-test-runs/20260704-173215-1254813/import-topo-2299636228/99-last.md: /tmp/gh-aw-test-runs/20260704-173215-1254813/import-topo-2299636228/99-last.md:3:3: error: Unknown property: tool-last. Valid fields are: agentic-workflows, bash, cache-memory, cli-proxy, comment-memory, edit, github, grep, playwright, repo-memory, ...
1 |
2 | ---
3 | tools:
      ^^^
4 |   tool-last: {}
5 | ---

    import_topological_test.go:333: Expected order: [99-last.md 01-first.md 02-second.md]
    import_topological_test.go:334: Actual order:   [99-last.md 01-first.md 02-second.md]
--- PASS: TestImportTopologicalSort (0.22s)
    --- PASS: TestImportTopologicalSort/linear_dependency_chain (0.02s)
    --- PASS: TestImportTopologicalSort/multiple_roots (0.02s)
    --- PASS: TestImportTopologicalSort/diamond_dependency (0.01s)
    --- PASS: TestImportTopologicalSort/complex_tree (0.03s)
    --- PASS: TestImportTopologicalSort/wide_tree_with_many_independent_branches (0.03s)
    --- PASS: TestImportTopologicalSort/reverse_alphabetical_with_dependencies (0.02s)
    --- PASS: TestImportTopologicalSort/multi-level_dependency_chain (0.04s)
    --- PASS: TestImportTopologicalSort/parallel_branches_with_shared_dependency (0.03s)
    --- PASS: TestImportTopologicalSort/mixed_naming_with_special_characters (0.02s)
=== RUN   TestImportTopologicalSortWithSections
⚠ Invalid configuration in /tmp/gh-aw-test-runs/20260704-173215-1254813/import-topo-sections-1105367689/a.md: /tmp/gh-aw-test-runs/20260704-173215-1254813/import-topo-sections-1105367689/a.md:5:3: error: Unknown property: tool-a. Valid fields are: agentic-workflows, bash, cache-memory, cli-proxy, comment-memory, edit, github, grep, playwright, repo-memory, .... Did you mean 'tools'? It belongs under 'the root level'
3 | imports:
4 |   - b.md#Tools
5 | tools:
      ^^^
6 |   tool-a: {}
7 | ---

⚠ Invalid configuration in /tmp/gh-aw-test-runs/20260704-173215-1254813/import-topo-sections-1105367689/b.md: /tmp/gh-aw-test-runs/20260704-173215-1254813/import-topo-sections-1105367689/b.md:3:3: error: Unknown property: tool-b. Valid fields are: agentic-workflows, bash, cache-memory, cli-proxy, comment-memory, edit, github, grep, playwright, repo-memory, .... Did you mean 'tools'? It belongs under 'the root level'
1 | ---
2 | tools:
3 |   tool-b: {}
      ^^^^^^
4 | ---
5 |
6 | ## Tools

--- PASS: TestImportTopologicalSortWithSections (0.01s)
=== RUN   TestImportTopologicalSortPreservesAlphabeticalForSameLevel
⚠ Invalid configuration in /tmp/gh-aw-test-runs/20260704-173215-1254813/import-topo-alpha-1926411886/z-root.md: /tmp/gh-aw-test-runs/20260704-173215-1254813/import-topo-alpha-1926411886/z-root.md:3:3: error: Unknown property: tool-z. Valid fields are: agentic-workflows, bash, cache-memory, cli-proxy, comment-memory, edit, github, grep, playwright, repo-memory, .... Did you mean 'tools'? It belongs under 'the root level'
1 |
2 | ---
3 | tools:
      ^^^
4 |   tool-z: {}
5 | ---

⚠ Invalid configuration in /tmp/gh-aw-test-runs/20260704-173215-1254813/import-topo-alpha-1926411886/a-root.md: /tmp/gh-aw-test-runs/20260704-173215-1254813/import-topo-alpha-1926411886/a-root.md:3:3: error: Unknown property: tool-a. Valid fields are: agentic-workflows, bash, cache-memory, cli-proxy, comment-memory, edit, github, grep, playwright, repo-memory, .... Did you mean 'tools'? It belongs under 'the root level'
1 |
2 | ---
3 | tools:
      ^^^
4 |   tool-a: {}
5 | ---

⚠ Invalid configuration in /tmp/gh-aw-test-runs/20260704-173215-1254813/import-topo-alpha-1926411886/m-root.md: /tmp/gh-aw-test-runs/20260704-173215-1254813/import-topo-alpha-1926411886/m-root.md:3:3: error: Unknown property: tool-m. Valid fields are: agentic-workflows, bash, cache-memory, cli-proxy, comment-memory, edit, github, grep, playwright, repo-memory, .... Did you mean 'tools'? It belongs under 'the root level'
1 |
2 | ---
3 | tools:
      ^^^
4 |   tool-m: {}
5 | ---

--- PASS: TestImportTopologicalSortPreservesAlphabeticalForSameLevel (0.01s)
=== RUN   TestImportTopologicalSortBeatsLexicalParentOrdering
⚠ Invalid configuration in /tmp/gh-aw-test-runs/20260704-173215-1254813/import-topo-contract-2112008756/z-parent.md: /tmp/gh-aw-test-runs/20260704-173215-1254813/import-topo-contract-2112008756/z-parent.md:5:3: error: Unknown property: parent-tool. Valid fields are: agentic-workflows, bash, cache-memory, cli-proxy, comment-memory, edit, github, grep, playwright, repo-memory, ...
3 | imports:
4 |   - a-dependency.md
5 | tools:
      ^^^
6 |   parent-tool: {}
7 | ---

⚠ Invalid configuration in /tmp/gh-aw-test-runs/20260704-173215-1254813/import-topo-contract-2112008756/a-dependency.md: /tmp/gh-aw-test-runs/20260704-173215-1254813/import-topo-contract-2112008756/a-dependency.md:3:3: error: Unknown property: dependency-tool. Valid fields are: agentic-workflows, bash, cache-memory, cli-proxy, comment-memory, edit, github, grep, playwright, repo-memory, ...
1 |
2 | ---
3 | tools:
      ^^^
4 |   dependency-tool: {}
5 | ---

--- PASS: TestImportTopologicalSortBeatsLexicalParentOrdering (0.02s)
=== RUN   TestImportTopologicalSortStableAcrossRuns
⚠ Invalid configuration in /tmp/gh-aw-test-runs/20260704-173215-1254813/import-topo-stable-3709810195/b.md: /tmp/gh-aw-test-runs/20260704-173215-1254813/import-topo-stable-3709810195/b.md:3:3: error: Unknown property: b-tool. Valid fields are: agentic-workflows, bash, cache-memory, cli-proxy, comment-memory, edit, github, grep, playwright, repo-memory, ...
1 |
2 | ---
3 | tools:
      ^^^
4 |   b-tool: {}
5 | ---

⚠ Invalid configuration in /tmp/gh-aw-test-runs/20260704-173215-1254813/import-topo-stable-3709810195/a.md: /tmp/gh-aw-test-runs/20260704-173215-1254813/import-topo-stable-3709810195/a.md:5:3: error: Unknown property: a-tool. Valid fields are: agentic-workflows, bash, cache-memory, cli-proxy, comment-memory, edit, github, grep, playwright, repo-memory, ...
3 | imports:
4 |   - c.md
5 | tools:
      ^^^
6 |   a-tool: {}
7 | ---

⚠ Invalid configuration in /tmp/gh-aw-test-runs/20260704-173215-1254813/import-topo-stable-3709810195/c.md: /tmp/gh-aw-test-runs/20260704-173215-1254813/import-topo-stable-3709810195/c.md:3:3: error: Unknown property: c-tool. Valid fields are: agentic-workflows, bash, cache-memory, cli-proxy, comment-memory, edit, github, grep, playwright, repo-memory, ...
1 |
2 | ---
3 | tools:
      ^^^
4 |   c-tool: {}
5 | ---

⚠ Invalid configuration in /tmp/gh-aw-test-runs/20260704-173215-1254813/import-topo-stable-3709810195/b.md: /tmp/gh-aw-test-runs/20260704-173215-1254813/import-topo-stable-3709810195/b.md:3:3: error: Unknown property: b-tool. Valid fields are: agentic-workflows, bash, cache-memory, cli-proxy, comment-memory, edit, github, grep, playwright, repo-memory, ...
1 |
2 | ---
3 | tools:
      ^^^
4 |   b-tool: {}
5 | ---

⚠ Invalid configuration in /tmp/gh-aw-test-runs/20260704-173215-1254813/import-topo-stable-3709810195/a.md: /tmp/gh-aw-test-runs/20260704-173215-1254813/import-topo-stable-3709810195/a.md:5:3: error: Unknown property: a-tool. Valid fields are: agentic-workflows, bash, cache-memory, cli-proxy, comment-memory, edit, github, grep, playwright, repo-memory, ...
3 | imports:
4 |   - c.md
5 | tools:
      ^^^
6 |   a-tool: {}
7 | ---

⚠ Invalid configuration in /tmp/gh-aw-test-runs/20260704-173215-1254813/import-topo-stable-3709810195/c.md: /tmp/gh-aw-test-runs/20260704-173215-1254813/import-topo-stable-3709810195/c.md:3:3: error: Unknown property: c-tool. Valid fields are: agentic-workflows, bash, cache-memory, cli-proxy, comment-memory, edit, github, grep, playwright, repo-memory, ...
1 |
2 | ---
3 | tools:
      ^^^
4 |   c-tool: {}
5 | ---

⚠ Invalid configuration in /tmp/gh-aw-test-runs/20260704-173215-1254813/import-topo-stable-3709810195/b.md: /tmp/gh-aw-test-runs/20260704-173215-1254813/import-topo-stable-3709810195/b.md:3:3: error: Unknown property: b-tool. Valid fields are: agentic-workflows, bash, cache-memory, cli-proxy, comment-memory, edit, github, grep, playwright, repo-memory, ...
1 |
2 | ---
3 | tools:
      ^^^
4 |   b-tool: {}
5 | ---

⚠ Invalid configuration in /tmp/gh-aw-test-runs/20260704-173215-1254813/import-topo-stable-3709810195/a.md: /tmp/gh-aw-test-runs/20260704-173215-1254813/import-topo-stable-3709810195/a.md:5:3: error: Unknown property: a-tool. Valid fields are: agentic-workflows, bash, cache-memory, cli-proxy, comment-memory, edit, github, grep, playwright, repo-memory, ...
3 | imports:
4 |   - c.md
5 | tools:
      ^^^
6 |   a-tool: {}
7 | ---

⚠ Invalid configuration in /tmp/gh-aw-test-runs/20260704-173215-1254813/import-topo-stable-3709810195/c.md: /tmp/gh-aw-test-runs/20260704-173215-1254813/import-topo-stable-3709810195/c.md:3:3: error: Unknown property: c-tool. Valid fields are: agentic-workflows, bash, cache-memory, cli-proxy, comment-memory, edit, github, grep, playwright, repo-memory, ...
1 |
2 | ---
3 | tools:
      ^^^
4 |   c-tool: {}
5 | ---

⚠ Invalid configuration in /tmp/gh-aw-test-runs/20260704-173215-1254813/import-topo-stable-3709810195/b.md: /tmp/gh-aw-test-runs/20260704-173215-1254813/import-topo-stable-3709810195/b.md:3:3: error: Unknown property: b-tool. Valid fields are: agentic-workflows, bash, cache-memory, cli-proxy, comment-memory, edit, github, grep, playwright, repo-memory, ...
1 |
2 | ---
3 | tools:
      ^^^
4 |   b-tool: {}
5 | ---

⚠ Invalid configuration in /tmp/gh-aw-test-runs/20260704-173215-1254813/import-topo-stable-3709810195/a.md: /tmp/gh-aw-test-runs/20260704-173215-1254813/import-topo-stable-3709810195/a.md:5:3: error: Unknown property: a-tool. Valid fields are: agentic-workflows, bash, cache-memory, cli-proxy, comment-memory, edit, github, grep, playwright, repo-memory, ...
3 | imports:
4 |   - c.md
5 | tools:
      ^^^
6 |   a-tool: {}
7 | ---

⚠ Invalid configuration in /tmp/gh-aw-test-runs/20260704-173215-1254813/import-topo-stable-3709810195/c.md: /tmp/gh-aw-test-runs/20260704-173215-1254813/import-topo-stable-3709810195/c.md:3:3: error: Unknown property: c-tool. Valid fields are: agentic-workflows, bash, cache-memory, cli-proxy, comment-memory, edit, github, grep, playwright, repo-memory, ...
1 |
2 | ---
3 | tools:
      ^^^
4 |   c-tool: {}
5 | ---

⚠ Invalid configuration in /tmp/gh-aw-test-runs/20260704-173215-1254813/import-topo-stable-3709810195/b.md: /tmp/gh-aw-test-runs/20260704-173215-1254813/import-topo-stable-3709810195/b.md:3:3: error: Unknown property: b-tool. Valid fields are: agentic-workflows, bash, cache-memory, cli-proxy, comment-memory, edit, github, grep, playwright, repo-memory, ...
1 |
2 | ---
3 | tools:
      ^^^
4 |   b-tool: {}
5 | ---

⚠ Invalid configuration in /tmp/gh-aw-test-runs/20260704-173215-1254813/import-topo-stable-3709810195/a.md: /tmp/gh-aw-test-runs/20260704-173215-1254813/import-topo-stable-3709810195/a.md:5:3: error: Unknown property: a-tool. Valid fields are: agentic-workflows, bash, cache-memory, cli-proxy, comment-memory, edit, github, grep, playwright, repo-memory, ...
3 | imports:
4 |   - c.md
5 | tools:
      ^^^
6 |   a-tool: {}
7 | ---

⚠ Invalid configuration in /tmp/gh-aw-test-runs/20260704-173215-1254813/import-topo-stable-3709810195/c.md: /tmp/gh-aw-test-runs/20260704-173215-1254813/import-topo-stable-3709810195/c.md:3:3: error: Unknown property: c-tool. Valid fields are: agentic-workflows, bash, cache-memory, cli-proxy, comment-memory, edit, github, grep, playwright, repo-memory, ...
1 |
2 | ---
3 | tools:
      ^^^
4 |   c-tool: {}
5 | ---

--- PASS: TestImportTopologicalSortStableAcrossRuns (0.08s)
=== CONT  TestValidateImportInputType_Number
=== RUN   TestValidateImportInputType_Number/accepts_numeric_values
=== PAUSE TestValidateImportInputType_Number/accepts_numeric_values
=== RUN   TestValidateImportInputType_Number/rejects_non-numeric_values
=== PAUSE TestValidateImportInputType_Number/rejects_non-numeric_values
=== CONT  TestValidateImportInputType_Number/accepts_numeric_values
=== CONT  TestMainWorkflowSchema_GitHubAllowedSupportsToolCallLimits
=== CONT  TestValidateMainWorkflowSchema_TimeoutMinutesTemplatableInteger
--- PASS: TestValidateMainWorkflowSchema_TimeoutMinutesTemplatableInteger (0.00s)
=== CONT  TestMainWorkflowSchema_SandboxAgentModelFallback
=== RUN   TestMainWorkflowSchema_SandboxAgentModelFallback/boolean
=== PAUSE TestMainWorkflowSchema_SandboxAgentModelFallback/boolean
=== RUN   TestMainWorkflowSchema_SandboxAgentModelFallback/expression
=== PAUSE TestMainWorkflowSchema_SandboxAgentModelFallback/expression
=== CONT  TestMainWorkflowSchema_SandboxAgentModelFallback/boolean
=== CONT  TestMainWorkflowSchema_ProtectedFilesObjectFormStructure
=== CONT  TestValidateMainWorkflowFrontmatterWithSchemaAndLocation_MaxLimitsAllowSuffixStrings
--- PASS: TestValidateMainWorkflowFrontmatterWithSchemaAndLocation_MaxLimitsAllowSuffixStrings (0.00s)
=== CONT  TestValidateMainWorkflowFrontmatterWithSchemaAndLocation_ProtectedFilesObjectForm
=== RUN   TestValidateMainWorkflowFrontmatterWithSchemaAndLocation_ProtectedFilesObjectForm/create-pull-request:_string_form_passes
=== PAUSE TestValidateMainWorkflowFrontmatterWithSchemaAndLocation_ProtectedFilesObjectForm/create-pull-request:_string_form_passes
=== RUN   TestValidateMainWorkflowFrontmatterWithSchemaAndLocation_ProtectedFilesObjectForm/create-pull-request:_object_form_with_policy_and_exclude_passes
=== PAUSE TestValidateMainWorkflowFrontmatterWithSchemaAndLocation_ProtectedFilesObjectForm/create-pull-request:_object_form_with_policy_and_exclude_passes
=== RUN   TestValidateMainWorkflowFrontmatterWithSchemaAndLocation_ProtectedFilesObjectForm/create-pull-request:_object_form_with_only_exclude_passes
=== PAUSE TestValidateMainWorkflowFrontmatterWithSchemaAndLocation_ProtectedFilesObjectForm/create-pull-request:_object_form_with_only_exclude_passes
=== RUN   TestValidateMainWorkflowFrontmatterWithSchemaAndLocation_ProtectedFilesObjectForm/create-pull-request:_object_form_with_only_policy_passes
=== PAUSE TestValidateMainWorkflowFrontmatterWithSchemaAndLocation_ProtectedFilesObjectForm/create-pull-request:_object_form_with_only_policy_passes
=== RUN   TestValidateMainWorkflowFrontmatterWithSchemaAndLocation_ProtectedFilesObjectForm/create-pull-request:_object_form_with_invalid_extra_field_is_rejected
=== PAUSE TestValidateMainWorkflowFrontmatterWithSchemaAndLocation_ProtectedFilesObjectForm/create-pull-request:_object_form_with_invalid_extra_field_is_rejected
=== RUN   TestValidateMainWorkflowFrontmatterWithSchemaAndLocation_ProtectedFilesObjectForm/push-to-pull-request-branch:_object_form_with_policy_and_exclude_passes
=== PAUSE TestValidateMainWorkflowFrontmatterWithSchemaAndLocation_ProtectedFilesObjectForm/push-to-pull-request-branch:_object_form_with_policy_and_exclude_passes
=== RUN   TestValidateMainWorkflowFrontmatterWithSchemaAndLocation_ProtectedFilesObjectForm/push-to-pull-request-branch:_string_form_passes
=== PAUSE TestValidateMainWorkflowFrontmatterWithSchemaAndLocation_ProtectedFilesObjectForm/push-to-pull-request-branch:_string_form_passes
=== RUN   TestValidateMainWorkflowFrontmatterWithSchemaAndLocation_ProtectedFilesObjectForm/create-pull-request:_expression_string_for_protected-files_passes
=== PAUSE TestValidateMainWorkflowFrontmatterWithSchemaAndLocation_ProtectedFilesObjectForm/create-pull-request:_expression_string_for_protected-files_passes
=== RUN   TestValidateMainWorkflowFrontmatterWithSchemaAndLocation_ProtectedFilesObjectForm/create-pull-request:_expression_string_for_patch-format_passes
=== PAUSE TestValidateMainWorkflowFrontmatterWithSchemaAndLocation_ProtectedFilesObjectForm/create-pull-request:_expression_string_for_patch-format_passes
=== RUN   TestValidateMainWorkflowFrontmatterWithSchemaAndLocation_ProtectedFilesObjectForm/push-to-pull-request-branch:_expression_string_for_protected-files_passes
=== PAUSE TestValidateMainWorkflowFrontmatterWithSchemaAndLocation_ProtectedFilesObjectForm/push-to-pull-request-branch:_expression_string_for_protected-files_passes
=== RUN   TestValidateMainWorkflowFrontmatterWithSchemaAndLocation_ProtectedFilesObjectForm/push-to-pull-request-branch:_expression_string_for_patch-format_passes
=== PAUSE TestValidateMainWorkflowFrontmatterWithSchemaAndLocation_ProtectedFilesObjectForm/push-to-pull-request-branch:_expression_string_for_patch-format_passes
=== RUN   TestValidateMainWorkflowFrontmatterWithSchemaAndLocation_ProtectedFilesObjectForm/create-pull-request:_object_form_with_expression_policy_passes
=== PAUSE TestValidateMainWorkflowFrontmatterWithSchemaAndLocation_ProtectedFilesObjectForm/create-pull-request:_object_form_with_expression_policy_passes
=== CONT  TestValidateMainWorkflowFrontmatterWithSchemaAndLocation_ProtectedFilesObjectForm/create-pull-request:_string_form_passes
=== CONT  TestMainWorkflowSchema_CreateDiscussionRequiredCategoryAllowed
--- PASS: TestMainWorkflowSchema_CreateDiscussionRequiredCategoryAllowed (0.00s)
=== CONT  TestMainWorkflowSchema_CreatePullRequestAllowedBaseBranches
=== CONT  TestValidateMainWorkflowFrontmatterWithSchemaAndLocation_MaxLimitsAllowExpressions
--- PASS: TestValidateMainWorkflowFrontmatterWithSchemaAndLocation_MaxLimitsAllowExpressions (0.00s)
=== CONT  TestMainWorkflowSchema_WorkflowCallAndDispatchInputDefsDisallowUnknownKeys
=== RUN   TestMainWorkflowSchema_ProtectedFilesObjectFormStructure/create-pull-request
=== RUN   TestMainWorkflowSchema_ProtectedFilesObjectFormStructure/push-to-pull-request-branch
--- PASS: TestMainWorkflowSchema_ProtectedFilesObjectFormStructure (0.01s)
    --- PASS: TestMainWorkflowSchema_ProtectedFilesObjectFormStructure/create-pull-request (0.00s)
    --- PASS: TestMainWorkflowSchema_ProtectedFilesObjectFormStructure/push-to-pull-request-branch (0.00s)
=== CONT  TestMainWorkflowSchema_WorkflowDispatchNumberTypeDocumentation
=== RUN   TestMainWorkflowSchema_WorkflowCallAndDispatchInputDefsDisallowUnknownKeys/on.workflow_call.inputs.<id>
=== RUN   TestMainWorkflowSchema_WorkflowCallAndDispatchInputDefsDisallowUnknownKeys/on.workflow_call.secrets.<id>
=== RUN   TestMainWorkflowSchema_WorkflowCallAndDispatchInputDefsDisallowUnknownKeys/safe-outputs.dispatch_repository.<tool>.inputs.<id>
--- PASS: TestMainWorkflowSchema_WorkflowCallAndDispatchInputDefsDisallowUnknownKeys (0.02s)
    --- PASS: TestMainWorkflowSchema_WorkflowCallAndDispatchInputDefsDisallowUnknownKeys/on.workflow_call.inputs.<id> (0.00s)
    --- PASS: TestMainWorkflowSchema_WorkflowCallAndDispatchInputDefsDisallowUnknownKeys/on.workflow_call.secrets.<id> (0.00s)
    --- PASS: TestMainWorkflowSchema_WorkflowCallAndDispatchInputDefsDisallowUnknownKeys/safe-outputs.dispatch_repository.<tool>.inputs.<id> (0.00s)
=== CONT  TestValidateMainWorkflowFrontmatterWithSchemaAndLocation_SandboxAgentPlatform
=== RUN   TestValidateMainWorkflowFrontmatterWithSchemaAndLocation_SandboxAgentPlatform/valid_platform_is_accepted
=== PAUSE TestValidateMainWorkflowFrontmatterWithSchemaAndLocation_SandboxAgentPlatform/valid_platform_is_accepted
=== RUN   TestValidateMainWorkflowFrontmatterWithSchemaAndLocation_SandboxAgentPlatform/unknown_platform_is_rejected
=== PAUSE TestValidateMainWorkflowFrontmatterWithSchemaAndLocation_SandboxAgentPlatform/unknown_platform_is_rejected
=== CONT  TestValidateMainWorkflowFrontmatterWithSchemaAndLocation_MaxDailyAICreditsNegativeAllowed
--- PASS: TestValidateMainWorkflowFrontmatterWithSchemaAndLocation_MaxDailyAICreditsNegativeAllowed (0.00s)
=== CONT  TestValidateMainWorkflowFrontmatterWithSchemaAndLocation_MaxDailyAICreditsStringZeroInvalid
--- PASS: TestValidateMainWorkflowFrontmatterWithSchemaAndLocation_MaxDailyAICreditsStringZeroInvalid (0.00s)
=== CONT  TestValidateMainWorkflowFrontmatterWithSchemaAndLocation_MaxDailyAICreditsZeroInvalid
--- PASS: TestValidateMainWorkflowFrontmatterWithSchemaAndLocation_MaxDailyAICreditsZeroInvalid (0.00s)
=== CONT  TestValidateMainWorkflowFrontmatterWithSchemaAndLocation_MaxTurnCacheMissesZeroRejected
--- PASS: TestValidateMainWorkflowFrontmatterWithSchemaAndLocation_MaxTurnCacheMissesZeroRejected (0.00s)
=== CONT  TestValidateMainWorkflowFrontmatterWithSchemaAndLocation_MaxTurnCacheMissesPositiveAccepted
=== CONT  TestValidateMainWorkflowFrontmatterWithSchemaAndLocation_MaxAICreditsOtherNegativeRejected
--- PASS: TestValidateMainWorkflowFrontmatterWithSchemaAndLocation_MaxTurnCacheMissesPositiveAccepted (0.00s)
--- PASS: TestValidateMainWorkflowFrontmatterWithSchemaAndLocation_MaxAICreditsOtherNegativeRejected (0.00s)
=== CONT  TestValidateMainWorkflowFrontmatterWithSchemaAndLocation_MaxAICreditsNegativeAllowed
=== RUN   TestValidateMainWorkflowFrontmatterWithSchemaAndLocation_MaxAICreditsNegativeAllowed/integer
=== RUN   TestValidateMainWorkflowFrontmatterWithSchemaAndLocation_MaxAICreditsNegativeAllowed/string
--- PASS: TestValidateMainWorkflowFrontmatterWithSchemaAndLocation_MaxAICreditsNegativeAllowed (0.00s)
    --- PASS: TestValidateMainWorkflowFrontmatterWithSchemaAndLocation_MaxAICreditsNegativeAllowed/integer (0.00s)
    --- PASS: TestValidateMainWorkflowFrontmatterWithSchemaAndLocation_MaxAICreditsNegativeAllowed/string (0.00s)
=== CONT  TestValidateMainWorkflowFrontmatterWithSchemaAndLocation_MaxAICreditsZeroInvalid
--- PASS: TestValidateMainWorkflowFrontmatterWithSchemaAndLocation_MaxAICreditsZeroInvalid (0.00s)
=== CONT  TestValidateMainWorkflowFrontmatterWithSchemaAndLocation_ThreatDetectionMaxAICreditsNumericAccepted
=== RUN   TestValidateMainWorkflowFrontmatterWithSchemaAndLocation_ThreatDetectionMaxAICreditsNumericAccepted/integer
=== PAUSE TestValidateMainWorkflowFrontmatterWithSchemaAndLocation_ThreatDetectionMaxAICreditsNumericAccepted/integer
=== RUN   TestValidateMainWorkflowFrontmatterWithSchemaAndLocation_ThreatDetectionMaxAICreditsNumericAccepted/km-string
=== PAUSE TestValidateMainWorkflowFrontmatterWithSchemaAndLocation_ThreatDetectionMaxAICreditsNumericAccepted/km-string
=== RUN   TestValidateMainWorkflowFrontmatterWithSchemaAndLocation_ThreatDetectionMaxAICreditsNumericAccepted/m-string
=== PAUSE TestValidateMainWorkflowFrontmatterWithSchemaAndLocation_ThreatDetectionMaxAICreditsNumericAccepted/m-string
=== RUN   TestValidateMainWorkflowFrontmatterWithSchemaAndLocation_ThreatDetectionMaxAICreditsNumericAccepted/neg-one
=== PAUSE TestValidateMainWorkflowFrontmatterWithSchemaAndLocation_ThreatDetectionMaxAICreditsNumericAccepted/neg-one
=== RUN   TestValidateMainWorkflowFrontmatterWithSchemaAndLocation_ThreatDetectionMaxAICreditsNumericAccepted/neg-str
=== PAUSE TestValidateMainWorkflowFrontmatterWithSchemaAndLocation_ThreatDetectionMaxAICreditsNumericAccepted/neg-str
--- PASS: TestMainWorkflowSchema_GitHubAllowedSupportsToolCallLimits (0.03s)
=== CONT  TestValidateMainWorkflowFrontmatterWithSchemaAndLocation_ThreatDetectionMaxAICreditsExpressionRejected
--- PASS: TestValidateMainWorkflowFrontmatterWithSchemaAndLocation_ThreatDetectionMaxAICreditsExpressionRejected (0.00s)
=== CONT  TestValidateMainWorkflowFrontmatterWithSchemaAndLocation_ProtectedFilesObjectForm/create-pull-request:_object_form_with_expression_policy_passes
=== CONT  TestValidateMainWorkflowFrontmatterWithSchemaAndLocation_ProtectedFilesObjectForm/push-to-pull-request-branch:_expression_string_for_patch-format_passes
=== CONT  TestValidateMainWorkflowFrontmatterWithSchemaAndLocation_ProtectedFilesObjectForm/push-to-pull-request-branch:_expression_string_for_protected-files_passes
=== CONT  TestValidateMainWorkflowFrontmatterWithSchemaAndLocation_ProtectedFilesObjectForm/create-pull-request:_expression_string_for_patch-format_passes
=== CONT  TestValidateMainWorkflowFrontmatterWithSchemaAndLocation_ProtectedFilesObjectForm/create-pull-request:_expression_string_for_protected-files_passes
=== CONT  TestValidateMainWorkflowFrontmatterWithSchemaAndLocation_ProtectedFilesObjectForm/push-to-pull-request-branch:_string_form_passes
=== CONT  TestValidateMainWorkflowFrontmatterWithSchemaAndLocation_ProtectedFilesObjectForm/push-to-pull-request-branch:_object_form_with_policy_and_exclude_passes
=== CONT  TestValidateMainWorkflowFrontmatterWithSchemaAndLocation_ProtectedFilesObjectForm/create-pull-request:_object_form_with_invalid_extra_field_is_rejected
--- PASS: TestMainWorkflowSchema_CreatePullRequestAllowedBaseBranches (0.03s)
=== CONT  TestValidateMainWorkflowFrontmatterWithSchemaAndLocation_ProtectedFilesObjectForm/create-pull-request:_object_form_with_only_policy_passes
=== CONT  TestValidateMainWorkflowFrontmatterWithSchemaAndLocation_ToolsEditBoolean
--- PASS: TestValidateMainWorkflowFrontmatterWithSchemaAndLocation_ToolsEditBoolean (0.00s)
=== CONT  TestValidateMainWorkflowFrontmatterWithSchemaAndLocation_EnginePermissionMode
--- PASS: TestValidateMainWorkflowFrontmatterWithSchemaAndLocation_EnginePermissionMode (0.00s)
=== CONT  TestValidateMainWorkflowFrontmatterWithSchemaAndLocation_EngineDriverPattern
--- PASS: TestMainWorkflowSchema_WorkflowDispatchNumberTypeDocumentation (0.03s)
=== CONT  TestValidateMainWorkflowFrontmatterWithSchemaAndLocation_WorkflowDispatchNumberInputType
--- PASS: TestValidateMainWorkflowFrontmatterWithSchemaAndLocation_WorkflowDispatchNumberInputType (0.00s)
=== CONT  TestMainWorkflowSchema_SafeOutputsRejectsUnknownProperties
=== RUN   TestMainWorkflowSchema_SafeOutputsRejectsUnknownProperties/resolve-pull-request-review-thread_rejects_unknown_property
=== PAUSE TestMainWorkflowSchema_SafeOutputsRejectsUnknownProperties/resolve-pull-request-review-thread_rejects_unknown_property
=== RUN   TestMainWorkflowSchema_SafeOutputsRejectsUnknownProperties/assign-milestone_rejects_unknown_property
=== PAUSE TestMainWorkflowSchema_SafeOutputsRejectsUnknownProperties/assign-milestone_rejects_unknown_property
=== RUN   TestMainWorkflowSchema_SafeOutputsRejectsUnknownProperties/hide-comment_rejects_unknown_property
=== PAUSE TestMainWorkflowSchema_SafeOutputsRejectsUnknownProperties/hide-comment_rejects_unknown_property
=== RUN   TestMainWorkflowSchema_SafeOutputsRejectsUnknownProperties/link-sub-issue_rejects_unknown_property
=== PAUSE TestMainWorkflowSchema_SafeOutputsRejectsUnknownProperties/link-sub-issue_rejects_unknown_property
=== CONT  TestValidateMainWorkflowFrontmatterWithSchemaAndLocation_MaxLimitsAllowSuffixStringsCaseVariants
--- PASS: TestValidateMainWorkflowFrontmatterWithSchemaAndLocation_MaxLimitsAllowSuffixStringsCaseVariants (0.00s)
=== CONT  TestValidateWithSchemaAndLocationSingleFailureStripsPathPrefix
=== CONT  TestMainWorkflowSchema_SafeOutputsTargetProperties
=== RUN   TestMainWorkflowSchema_SafeOutputsTargetProperties/resolve-pull-request-review-thread_with_target_and_target-repo
=== PAUSE TestMainWorkflowSchema_SafeOutputsTargetProperties/resolve-pull-request-review-thread_with_target_and_target-repo
=== RUN   TestMainWorkflowSchema_SafeOutputsTargetProperties/submit-pull-request-review_with_target_and_target-repo
=== PAUSE TestMainWorkflowSchema_SafeOutputsTargetProperties/submit-pull-request-review_with_target_and_target-repo
=== RUN   TestMainWorkflowSchema_SafeOutputsTargetProperties/add-comment_with_target
=== PAUSE TestMainWorkflowSchema_SafeOutputsTargetProperties/add-comment_with_target
=== RUN   TestMainWorkflowSchema_SafeOutputsTargetProperties/update-issue_with_target_and_target-repo
=== PAUSE TestMainWorkflowSchema_SafeOutputsTargetProperties/update-issue_with_target_and_target-repo
=== RUN   TestMainWorkflowSchema_SafeOutputsTargetProperties/update-pull-request_with_target_and_target-repo
=== PAUSE TestMainWorkflowSchema_SafeOutputsTargetProperties/update-pull-request_with_target_and_target-repo
=== RUN   TestMainWorkflowSchema_SafeOutputsTargetProperties/update-discussion_with_target_and_target-repo
=== PAUSE TestMainWorkflowSchema_SafeOutputsTargetProperties/update-discussion_with_target_and_target-repo
=== RUN   TestMainWorkflowSchema_SafeOutputsTargetProperties/close-issue_with_target_and_target-repo
=== PAUSE TestMainWorkflowSchema_SafeOutputsTargetProperties/close-issue_with_target_and_target-repo
=== RUN   TestMainWorkflowSchema_SafeOutputsTargetProperties/close-pull-request_with_target_and_target-repo
=== PAUSE TestMainWorkflowSchema_SafeOutputsTargetProperties/close-pull-request_with_target_and_target-repo
=== RUN   TestMainWorkflowSchema_SafeOutputsTargetProperties/close-discussion_with_target_and_target-repo
=== PAUSE TestMainWorkflowSchema_SafeOutputsTargetProperties/close-discussion_with_target_and_target-repo
=== RUN   TestMainWorkflowSchema_SafeOutputsTargetProperties/add-labels_with_target_and_target-repo
=== PAUSE TestMainWorkflowSchema_SafeOutputsTargetProperties/add-labels_with_target_and_target-repo
=== RUN   TestMainWorkflowSchema_SafeOutputsTargetProperties/remove-labels_with_target_and_target-repo
=== PAUSE TestMainWorkflowSchema_SafeOutputsTargetProperties/remove-labels_with_target_and_target-repo
=== RUN   TestMainWorkflowSchema_SafeOutputsTargetProperties/assign-to-user_with_target_and_target-repo
=== PAUSE TestMainWorkflowSchema_SafeOutputsTargetProperties/assign-to-user_with_target_and_target-repo
=== RUN   TestMainWorkflowSchema_SafeOutputsTargetProperties/unassign-from-user_with_target_and_target-repo
=== PAUSE TestMainWorkflowSchema_SafeOutputsTargetProperties/unassign-from-user_with_target_and_target-repo
=== RUN   TestMainWorkflowSchema_SafeOutputsTargetProperties/assign-to-agent_with_target_and_target-repo
=== PAUSE TestMainWorkflowSchema_SafeOutputsTargetProperties/assign-to-agent_with_target_and_target-repo
=== RUN   TestMainWorkflowSchema_SafeOutputsTargetProperties/assign-milestone_with_target_and_target-repo
=== PAUSE TestMainWorkflowSchema_SafeOutputsTargetProperties/assign-milestone_with_target_and_target-repo
=== RUN   TestMainWorkflowSchema_SafeOutputsTargetProperties/set-issue-type_with_target_and_target-repo
=== PAUSE TestMainWorkflowSchema_SafeOutputsTargetProperties/set-issue-type_with_target_and_target-repo
=== RUN   TestMainWorkflowSchema_SafeOutputsTargetProperties/set-issue-field_with_target_and_target-repo
=== PAUSE TestMainWorkflowSchema_SafeOutputsTargetProperties/set-issue-field_with_target_and_target-repo
=== RUN   TestMainWorkflowSchema_SafeOutputsTargetProperties/add-reviewer_with_target_and_target-repo
=== PAUSE TestMainWorkflowSchema_SafeOutputsTargetProperties/add-reviewer_with_target_and_target-repo
=== RUN   TestMainWorkflowSchema_SafeOutputsTargetProperties/hide-comment_with_target_and_target-repo
=== PAUSE TestMainWorkflowSchema_SafeOutputsTargetProperties/hide-comment_with_target_and_target-repo
=== RUN   TestMainWorkflowSchema_SafeOutputsTargetProperties/link-sub-issue_with_target_and_target-repo
=== PAUSE TestMainWorkflowSchema_SafeOutputsTargetProperties/link-sub-issue_with_target_and_target-repo
=== RUN   TestMainWorkflowSchema_SafeOutputsTargetProperties/reply-to-pull-request-review-comment_with_target_and_target-repo
=== PAUSE TestMainWorkflowSchema_SafeOutputsTargetProperties/reply-to-pull-request-review-comment_with_target_and_target-repo
=== RUN   TestMainWorkflowSchema_SafeOutputsTargetProperties/mark-pull-request-as-ready-for-review_with_target_and_target-repo
=== PAUSE TestMainWorkflowSchema_SafeOutputsTargetProperties/mark-pull-request-as-ready-for-review_with_target_and_target-repo
=== RUN   TestMainWorkflowSchema_SafeOutputsTargetProperties/create-pull-request-review-comment_with_target_and_target-repo
=== PAUSE TestMainWorkflowSchema_SafeOutputsTargetProperties/create-pull-request-review-comment_with_target_and_target-repo
=== RUN   TestMainWorkflowSchema_SafeOutputsTargetProperties/merge-pull-request_with_target,_target-repo,_and_samples
=== PAUSE TestMainWorkflowSchema_SafeOutputsTargetProperties/merge-pull-request_with_target,_target-repo,_and_samples
=== RUN   TestMainWorkflowSchema_SafeOutputsTargetProperties/dispatch-workflow_with_target-repo_and_allowed-repos
=== PAUSE TestMainWorkflowSchema_SafeOutputsTargetProperties/dispatch-workflow_with_target-repo_and_allowed-repos
=== RUN   TestMainWorkflowSchema_SafeOutputsTargetProperties/push-to-pull-request-branch_with_target_and_target-repo
=== PAUSE TestMainWorkflowSchema_SafeOutputsTargetProperties/push-to-pull-request-branch_with_target_and_target-repo
=== CONT  TestFormatSchemaFailureDetailNoDuplicateSuggestions
--- PASS: TestFormatSchemaFailureDetailNoDuplicateSuggestions (0.00s)
=== CONT  TestStripDetailLinePrefix
=== RUN   TestStripDetailLinePrefix/strips_path-position_prefix
=== PAUSE TestStripDetailLinePrefix/strips_path-position_prefix
=== RUN   TestStripDetailLinePrefix/strips_nested_path_prefix
=== PAUSE TestStripDetailLinePrefix/strips_nested_path_prefix
=== RUN   TestStripDetailLinePrefix/leaves_plain_message_unchanged_(no_prefix)
=== PAUSE TestStripDetailLinePrefix/leaves_plain_message_unchanged_(no_prefix)
=== RUN   TestStripDetailLinePrefix/leaves_multi-failure_message_unchanged
=== PAUSE TestStripDetailLinePrefix/leaves_multi-failure_message_unchanged
--- PASS: TestValidateMainWorkflowFrontmatterWithSchemaAndLocation_EngineDriverPattern (0.01s)
=== CONT  TestValidateWithSchemaAndLocationSingleFailureNoBulletPrefix
=== CONT  TestValidateMainWorkflowFrontmatterWithSchemaAndLocation_EngineHarnessPattern
=== CONT  TestFormatSchemaFailureDetailLineColumn
=== CONT  TestFormatSchemaFailureDetailEmptyPath
=== CONT  TestValidateWithSchemaAndLocationReportsAllSafeOutputFailures
=== CONT  TestMainWorkflowSchema_SandboxAgentModelFallback/expression
=== CONT  TestValidateMainWorkflowFrontmatterWithSchemaAndLocation_ProtectedFilesObjectForm/create-pull-request:_object_form_with_only_exclude_passes
=== CONT  TestValidateMainWorkflowFrontmatterWithSchemaAndLocation_ProtectedFilesObjectForm/create-pull-request:_object_form_with_policy_and_exclude_passes
=== CONT  TestValidateMainWorkflowFrontmatterWithSchemaAndLocation_SandboxAgentPlatform/valid_platform_is_accepted
=== CONT  TestValidateMainWorkflowFrontmatterWithSchemaAndLocation_SandboxAgentPlatform/unknown_platform_is_rejected
=== CONT  TestValidateMainWorkflowFrontmatterWithSchemaAndLocation_ThreatDetectionMaxAICreditsNumericAccepted/integer
=== CONT  TestValidateMainWorkflowFrontmatterWithSchemaAndLocation_ThreatDetectionMaxAICreditsNumericAccepted/neg-str
=== CONT  TestValidateMainWorkflowFrontmatterWithSchemaAndLocation_ThreatDetectionMaxAICreditsNumericAccepted/neg-one
=== CONT  TestValidateMainWorkflowFrontmatterWithSchemaAndLocation_ThreatDetectionMaxAICreditsNumericAccepted/m-string
=== CONT  TestValidateMainWorkflowFrontmatterWithSchemaAndLocation_ThreatDetectionMaxAICreditsNumericAccepted/km-string
--- PASS: TestValidateWithSchemaAndLocationSingleFailureStripsPathPrefix (0.01s)
--- PASS: TestFormatSchemaFailureDetailLineColumn (0.00s)
--- PASS: TestFormatSchemaFailureDetailEmptyPath (0.00s)
--- PASS: TestValidateWithSchemaAndLocationSingleFailureNoBulletPrefix (0.00s)
--- PASS: TestMainWorkflowSchema_SandboxAgentModelFallback (0.00s)
    --- PASS: TestMainWorkflowSchema_SandboxAgentModelFallback/boolean (0.00s)
    --- PASS: TestMainWorkflowSchema_SandboxAgentModelFallback/expression (0.00s)
=== CONT  TestValidateImportInputType_Number/rejects_non-numeric_values
--- PASS: TestValidateImportInputType_Number (0.00s)
    --- PASS: TestValidateImportInputType_Number/accepts_numeric_values (0.00s)
    --- PASS: TestValidateImportInputType_Number/rejects_non-numeric_values (0.00s)
--- PASS: TestValidateMainWorkflowFrontmatterWithSchemaAndLocation_ProtectedFilesObjectForm (0.00s)
    --- PASS: TestValidateMainWorkflowFrontmatterWithSchemaAndLocation_ProtectedFilesObjectForm/create-pull-request:_string_form_passes (0.00s)
    --- PASS: TestValidateMainWorkflowFrontmatterWithSchemaAndLocation_ProtectedFilesObjectForm/create-pull-request:_object_form_with_expression_policy_passes (0.00s)
    --- PASS: TestValidateMainWorkflowFrontmatterWithSchemaAndLocation_ProtectedFilesObjectForm/push-to-pull-request-branch:_expression_string_for_patch-format_passes (0.00s)
    --- PASS: TestValidateMainWorkflowFrontmatterWithSchemaAndLocation_ProtectedFilesObjectForm/push-to-pull-request-branch:_expression_string_for_protected-files_passes (0.00s)
    --- PASS: TestValidateMainWorkflowFrontmatterWithSchemaAndLocation_ProtectedFilesObjectForm/create-pull-request:_expression_string_for_patch-format_passes (0.00s)
    --- PASS: TestValidateMainWorkflowFrontmatterWithSchemaAndLocation_ProtectedFilesObjectForm/create-pull-request:_expression_string_for_protected-files_passes (0.00s)
    --- PASS: TestValidateMainWorkflowFrontmatterWithSchemaAndLocation_ProtectedFilesObjectForm/push-to-pull-request-branch:_string_form_passes (0.00s)
    --- PASS: TestValidateMainWorkflowFrontmatterWithSchemaAndLocation_ProtectedFilesObjectForm/push-to-pull-request-branch:_object_form_with_policy_and_exclude_passes (0.00s)
    --- PASS: TestValidateMainWorkflowFrontmatterWithSchemaAndLocation_ProtectedFilesObjectForm/create-pull-request:_object_form_with_only_policy_passes (0.00s)
    --- PASS: TestValidateMainWorkflowFrontmatterWithSchemaAndLocation_ProtectedFilesObjectForm/create-pull-request:_object_form_with_invalid_extra_field_is_rejected (0.00s)
    --- PASS: TestValidateMainWorkflowFrontmatterWithSchemaAndLocation_ProtectedFilesObjectForm/create-pull-request:_object_form_with_only_exclude_passes (0.00s)
    --- PASS: TestValidateMainWorkflowFrontmatterWithSchemaAndLocation_ProtectedFilesObjectForm/create-pull-request:_object_form_with_policy_and_exclude_passes (0.00s)
=== CONT  TestMainWorkflowSchema_SafeOutputsRejectsUnknownProperties/resolve-pull-request-review-thread_rejects_unknown_property
--- PASS: TestValidateWithSchemaAndLocationReportsAllSafeOutputFailures (0.01s)
=== CONT  TestMainWorkflowSchema_SafeOutputsRejectsUnknownProperties/hide-comment_rejects_unknown_property
--- PASS: TestValidateMainWorkflowFrontmatterWithSchemaAndLocation_SandboxAgentPlatform (0.00s)
    --- PASS: TestValidateMainWorkflowFrontmatterWithSchemaAndLocation_SandboxAgentPlatform/valid_platform_is_accepted (0.00s)
    --- PASS: TestValidateMainWorkflowFrontmatterWithSchemaAndLocation_SandboxAgentPlatform/unknown_platform_is_rejected (0.00s)
--- PASS: TestValidateMainWorkflowFrontmatterWithSchemaAndLocation_ThreatDetectionMaxAICreditsNumericAccepted (0.00s)
    --- PASS: TestValidateMainWorkflowFrontmatterWithSchemaAndLocation_ThreatDetectionMaxAICreditsNumericAccepted/integer (0.00s)
    --- PASS: TestValidateMainWorkflowFrontmatterWithSchemaAndLocation_ThreatDetectionMaxAICreditsNumericAccepted/neg-str (0.00s)
    --- PASS: TestValidateMainWorkflowFrontmatterWithSchemaAndLocation_ThreatDetectionMaxAICreditsNumericAccepted/neg-one (0.00s)
    --- PASS: TestValidateMainWorkflowFrontmatterWithSchemaAndLocation_ThreatDetectionMaxAICreditsNumericAccepted/m-string (0.00s)
    --- PASS: TestValidateMainWorkflowFrontmatterWithSchemaAndLocation_ThreatDetectionMaxAICreditsNumericAccepted/km-string (0.01s)
=== CONT  TestMainWorkflowSchema_SafeOutputsTargetProperties/resolve-pull-request-review-thread_with_target_and_target-repo
=== CONT  TestMainWorkflowSchema_SafeOutputsRejectsUnknownProperties/link-sub-issue_rejects_unknown_property
=== CONT  TestMainWorkflowSchema_SafeOutputsRejectsUnknownProperties/assign-milestone_rejects_unknown_property
=== CONT  TestMainWorkflowSchema_SafeOutputsTargetProperties/assign-to-agent_with_target_and_target-repo
=== CONT  TestMainWorkflowSchema_SafeOutputsTargetProperties/push-to-pull-request-branch_with_target_and_target-repo
=== CONT  TestMainWorkflowSchema_SafeOutputsTargetProperties/dispatch-workflow_with_target-repo_and_allowed-repos
=== CONT  TestMainWorkflowSchema_SafeOutputsTargetProperties/merge-pull-request_with_target,_target-repo,_and_samples
=== CONT  TestMainWorkflowSchema_SafeOutputsTargetProperties/create-pull-request-review-comment_with_target_and_target-repo
=== CONT  TestMainWorkflowSchema_SafeOutputsTargetProperties/mark-pull-request-as-ready-for-review_with_target_and_target-repo
=== CONT  TestMainWorkflowSchema_SafeOutputsTargetProperties/reply-to-pull-request-review-comment_with_target_and_target-repo
=== CONT  TestMainWorkflowSchema_SafeOutputsTargetProperties/link-sub-issue_with_target_and_target-repo
=== CONT  TestMainWorkflowSchema_SafeOutputsTargetProperties/hide-comment_with_target_and_target-repo
=== CONT  TestMainWorkflowSchema_SafeOutputsTargetProperties/set-issue-field_with_target_and_target-repo
=== CONT  TestMainWorkflowSchema_SafeOutputsTargetProperties/set-issue-type_with_target_and_target-repo
=== CONT  TestMainWorkflowSchema_SafeOutputsTargetProperties/assign-milestone_with_target_and_target-repo
=== CONT  TestMainWorkflowSchema_SafeOutputsTargetProperties/close-pull-request_with_target_and_target-repo
=== CONT  TestMainWorkflowSchema_SafeOutputsTargetProperties/add-reviewer_with_target_and_target-repo
=== CONT  TestMainWorkflowSchema_SafeOutputsTargetProperties/assign-to-user_with_target_and_target-repo
=== CONT  TestMainWorkflowSchema_SafeOutputsTargetProperties/unassign-from-user_with_target_and_target-repo
--- PASS: TestValidateMainWorkflowFrontmatterWithSchemaAndLocation_EngineHarnessPattern (0.02s)
=== CONT  TestMainWorkflowSchema_SafeOutputsTargetProperties/add-labels_with_target_and_target-repo
=== CONT  TestMainWorkflowSchema_SafeOutputsTargetProperties/close-discussion_with_target_and_target-repo
=== CONT  TestMainWorkflowSchema_SafeOutputsTargetProperties/update-pull-request_with_target_and_target-repo
=== CONT  TestMainWorkflowSchema_SafeOutputsTargetProperties/close-issue_with_target_and_target-repo
=== CONT  TestMainWorkflowSchema_SafeOutputsTargetProperties/update-discussion_with_target_and_target-repo
=== CONT  TestMainWorkflowSchema_SafeOutputsTargetProperties/add-comment_with_target
=== CONT  TestMainWorkflowSchema_SafeOutputsTargetProperties/update-issue_with_target_and_target-repo
=== CONT  TestMainWorkflowSchema_SafeOutputsTargetProperties/submit-pull-request-review_with_target_and_target-repo
=== CONT  TestMainWorkflowSchema_SafeOutputsTargetProperties/remove-labels_with_target_and_target-repo
=== CONT  TestStripDetailLinePrefix/strips_path-position_prefix
=== CONT  TestStripDetailLinePrefix/leaves_multi-failure_message_unchanged
=== CONT  TestStripDetailLinePrefix/strips_nested_path_prefix
=== CONT  TestStripDetailLinePrefix/leaves_plain_message_unchanged_(no_prefix)
--- PASS: TestStripDetailLinePrefix (0.00s)
    --- PASS: TestStripDetailLinePrefix/strips_path-position_prefix (0.00s)
    --- PASS: TestStripDetailLinePrefix/leaves_multi-failure_message_unchanged (0.00s)
    --- PASS: TestStripDetailLinePrefix/strips_nested_path_prefix (0.00s)
    --- PASS: TestStripDetailLinePrefix/leaves_plain_message_unchanged_(no_prefix) (0.00s)
--- PASS: TestMainWorkflowSchema_SafeOutputsTargetProperties (0.00s)
    --- PASS: TestMainWorkflowSchema_SafeOutputsTargetProperties/resolve-pull-request-review-thread_with_target_and_target-repo (0.00s)
    --- PASS: TestMainWorkflowSchema_SafeOutputsTargetProperties/assign-to-agent_with_target_and_target-repo (0.00s)
    --- PASS: TestMainWorkflowSchema_SafeOutputsTargetProperties/push-to-pull-request-branch_with_target_and_target-repo (0.00s)
    --- PASS: TestMainWorkflowSchema_SafeOutputsTargetProperties/dispatch-workflow_with_target-repo_and_allowed-repos (0.00s)
    --- PASS: TestMainWorkflowSchema_SafeOutputsTargetProperties/create-pull-request-review-comment_with_target_and_target-repo (0.00s)
    --- PASS: TestMainWorkflowSchema_SafeOutputsTargetProperties/merge-pull-request_with_target,_target-repo,_and_samples (0.00s)
    --- PASS: TestMainWorkflowSchema_SafeOutputsTargetProperties/mark-pull-request-as-ready-for-review_with_target_and_target-repo (0.00s)
    --- PASS: TestMainWorkflowSchema_SafeOutputsTargetProperties/link-sub-issue_with_target_and_target-repo (0.00s)
    --- PASS: TestMainWorkflowSchema_SafeOutputsTargetProperties/reply-to-pull-request-review-comment_with_target_and_target-repo (0.00s)
    --- PASS: TestMainWorkflowSchema_SafeOutputsTargetProperties/hide-comment_with_target_and_target-repo (0.00s)
    --- PASS: TestMainWorkflowSchema_SafeOutputsTargetProperties/set-issue-field_with_target_and_target-repo (0.00s)
    --- PASS: TestMainWorkflowSchema_SafeOutputsTargetProperties/set-issue-type_with_target_and_target-repo (0.00s)
    --- PASS: TestMainWorkflowSchema_SafeOutputsTargetProperties/assign-milestone_with_target_and_target-repo (0.00s)
    --- PASS: TestMainWorkflowSchema_SafeOutputsTargetProperties/close-pull-request_with_target_and_target-repo (0.00s)
    --- PASS: TestMainWorkflowSchema_SafeOutputsTargetProperties/add-reviewer_with_target_and_target-repo (0.00s)
    --- PASS: TestMainWorkflowSchema_SafeOutputsTargetProperties/assign-to-user_with_target_and_target-repo (0.00s)
    --- PASS: TestMainWorkflowSchema_SafeOutputsTargetProperties/add-labels_with_target_and_target-repo (0.00s)
    --- PASS: TestMainWorkflowSchema_SafeOutputsTargetProperties/close-discussion_with_target_and_target-repo (0.00s)
    --- PASS: TestMainWorkflowSchema_SafeOutputsTargetProperties/update-pull-request_with_target_and_target-repo (0.00s)
    --- PASS: TestMainWorkflowSchema_SafeOutputsTargetProperties/close-issue_with_target_and_target-repo (0.00s)
    --- PASS: TestMainWorkflowSchema_SafeOutputsTargetProperties/update-discussion_with_target_and_target-repo (0.00s)
    --- PASS: TestMainWorkflowSchema_SafeOutputsTargetProperties/add-comment_with_target (0.00s)
    --- PASS: TestMainWorkflowSchema_SafeOutputsTargetProperties/update-issue_with_target_and_target-repo (0.00s)
    --- PASS: TestMainWorkflowSchema_SafeOutputsTargetProperties/submit-pull-request-review_with_target_and_target-repo (0.00s)
    --- PASS: TestMainWorkflowSchema_SafeOutputsTargetProperties/remove-labels_with_target_and_target-repo (0.00s)
    --- PASS: TestMainWorkflowSchema_SafeOutputsTargetProperties/unassign-from-user_with_target_and_target-repo (0.00s)
--- PASS: TestMainWorkflowSchema_SafeOutputsRejectsUnknownProperties (0.00s)
    --- PASS: TestMainWorkflowSchema_SafeOutputsRejectsUnknownProperties/resolve-pull-request-review-thread_rejects_unknown_property (0.01s)
    --- PASS: TestMainWorkflowSchema_SafeOutputsRejectsUnknownProperties/link-sub-issue_rejects_unknown_property (0.01s)
    --- PASS: TestMainWorkflowSchema_SafeOutputsRejectsUnknownProperties/assign-milestone_rejects_unknown_property (0.01s)
    --- PASS: TestMainWorkflowSchema_SafeOutputsRejectsUnknownProperties/hide-comment_rejects_unknown_property (0.02s)
=== RUN   FuzzParseFrontmatter
=== RUN   FuzzParseFrontmatter/seed#0
=== RUN   FuzzParseFrontmatter/seed#1
=== RUN   FuzzParseFrontmatter/seed#2
=== RUN   FuzzParseFrontmatter/seed#3
=== RUN   FuzzParseFrontmatter/seed#4
=== RUN   FuzzParseFrontmatter/seed#5
=== RUN   FuzzParseFrontmatter/seed#6
=== RUN   FuzzParseFrontmatter/seed#7
=== RUN   FuzzParseFrontmatter/seed#8
=== RUN   FuzzParseFrontmatter/seed#9
=== RUN   FuzzParseFrontmatter/seed#10
=== RUN   FuzzParseFrontmatter/seed#11
=== RUN   FuzzParseFrontmatter/seed#12
=== RUN   FuzzParseFrontmatter/seed#13
=== RUN   FuzzParseFrontmatter/seed#14
=== RUN   FuzzParseFrontmatter/seed#15
=== RUN   FuzzParseFrontmatter/seed#16
=== RUN   FuzzParseFrontmatter/seed#17
=== RUN   FuzzParseFrontmatter/seed#18
=== RUN   FuzzParseFrontmatter/seed#19
=== RUN   FuzzParseFrontmatter/seed#20
=== RUN   FuzzParseFrontmatter/seed#21
=== RUN   FuzzParseFrontmatter/seed#22
=== RUN   FuzzParseFrontmatter/seed#23
=== RUN   FuzzParseFrontmatter/seed#24
=== RUN   FuzzParseFrontmatter/seed#25
=== RUN   FuzzParseFrontmatter/seed#26
=== RUN   FuzzParseFrontmatter/seed#27
=== RUN   FuzzParseFrontmatter/seed#28
=== RUN   FuzzParseFrontmatter/seed#29
=== RUN   FuzzParseFrontmatter/seed#30
=== RUN   FuzzParseFrontmatter/seed#31
=== RUN   FuzzParseFrontmatter/seed#32
=== RUN   FuzzParseFrontmatter/seed#33
=== RUN   FuzzParseFrontmatter/seed#34
=== RUN   FuzzParseFrontmatter/seed#35
=== RUN   FuzzParseFrontmatter/seed#36
=== RUN   FuzzParseFrontmatter/seed#37
=== RUN   FuzzParseFrontmatter/seed#38
=== RUN   FuzzParseFrontmatter/seed#39
=== RUN   FuzzParseFrontmatter/seed#40
=== RUN   FuzzParseFrontmatter/seed#41
=== RUN   FuzzParseFrontmatter/seed#42
=== RUN   FuzzParseFrontmatter/seed#43
=== RUN   FuzzParseFrontmatter/seed#44
--- PASS: FuzzParseFrontmatter (0.01s)
    --- PASS: FuzzParseFrontmatter/seed#0 (0.00s)
    --- PASS: FuzzParseFrontmatter/seed#1 (0.00s)
    --- PASS: FuzzParseFrontmatter/seed#2 (0.00s)
    --- PASS: FuzzParseFrontmatter/seed#3 (0.00s)
    --- PASS: FuzzParseFrontmatter/seed#4 (0.00s)
    --- PASS: FuzzParseFrontmatter/seed#5 (0.00s)
    --- PASS: FuzzParseFrontmatter/seed#6 (0.00s)
    --- PASS: FuzzParseFrontmatter/seed#7 (0.00s)
    --- PASS: FuzzParseFrontmatter/seed#8 (0.00s)
    --- PASS: FuzzParseFrontmatter/seed#9 (0.00s)
    --- PASS: FuzzParseFrontmatter/seed#10 (0.00s)
    --- PASS: FuzzParseFrontmatter/seed#11 (0.00s)
    --- PASS: FuzzParseFrontmatter/seed#12 (0.00s)
    --- PASS: FuzzParseFrontmatter/seed#13 (0.00s)
    --- PASS: FuzzParseFrontmatter/seed#14 (0.00s)
    --- PASS: FuzzParseFrontmatter/seed#15 (0.00s)
    --- PASS: FuzzParseFrontmatter/seed#16 (0.00s)
    --- PASS: FuzzParseFrontmatter/seed#17 (0.00s)
    --- PASS: FuzzParseFrontmatter/seed#18 (0.00s)
    --- PASS: FuzzParseFrontmatter/seed#19 (0.00s)
    --- PASS: FuzzParseFrontmatter/seed#20 (0.00s)
    --- PASS: FuzzParseFrontmatter/seed#21 (0.00s)
    --- PASS: FuzzParseFrontmatter/seed#22 (0.00s)
    --- PASS: FuzzParseFrontmatter/seed#23 (0.00s)
    --- PASS: FuzzParseFrontmatter/seed#24 (0.00s)
    --- PASS: FuzzParseFrontmatter/seed#25 (0.00s)
    --- PASS: FuzzParseFrontmatter/seed#26 (0.00s)
    --- PASS: FuzzParseFrontmatter/seed#27 (0.00s)
    --- PASS: FuzzParseFrontmatter/seed#28 (0.00s)
    --- PASS: FuzzParseFrontmatter/seed#29 (0.00s)
    --- PASS: FuzzParseFrontmatter/seed#30 (0.00s)
    --- PASS: FuzzParseFrontmatter/seed#31 (0.00s)
    --- PASS: FuzzParseFrontmatter/seed#32 (0.00s)
    --- PASS: FuzzParseFrontmatter/seed#33 (0.00s)
    --- PASS: FuzzParseFrontmatter/seed#34 (0.00s)
    --- PASS: FuzzParseFrontmatter/seed#35 (0.00s)
    --- PASS: FuzzParseFrontmatter/seed#36 (0.00s)
    --- PASS: FuzzParseFrontmatter/seed#37 (0.00s)
    --- PASS: FuzzParseFrontmatter/seed#38 (0.00s)
    --- PASS: FuzzParseFrontmatter/seed#39 (0.00s)
    --- PASS: FuzzParseFrontmatter/seed#40 (0.00s)
    --- PASS: FuzzParseFrontmatter/seed#41 (0.00s)
    --- PASS: FuzzParseFrontmatter/seed#42 (0.00s)
    --- PASS: FuzzParseFrontmatter/seed#43 (0.00s)
    --- PASS: FuzzParseFrontmatter/seed#44 (0.00s)
=== RUN   FuzzRuntimeImportExpressionValidation
=== RUN   FuzzRuntimeImportExpressionValidation/seed#0
=== RUN   FuzzRuntimeImportExpressionValidation/seed#1
=== RUN   FuzzRuntimeImportExpressionValidation/seed#2
=== RUN   FuzzRuntimeImportExpressionValidation/seed#3
=== RUN   FuzzRuntimeImportExpressionValidation/seed#4
=== RUN   FuzzRuntimeImportExpressionValidation/seed#5
=== RUN   FuzzRuntimeImportExpressionValidation/seed#6
=== RUN   FuzzRuntimeImportExpressionValidation/seed#7
=== RUN   FuzzRuntimeImportExpressionValidation/seed#8
=== RUN   FuzzRuntimeImportExpressionValidation/seed#9
=== RUN   FuzzRuntimeImportExpressionValidation/seed#10
=== RUN   FuzzRuntimeImportExpressionValidation/seed#11
=== RUN   FuzzRuntimeImportExpressionValidation/seed#12
=== RUN   FuzzRuntimeImportExpressionValidation/seed#13
=== RUN   FuzzRuntimeImportExpressionValidation/seed#14
=== RUN   FuzzRuntimeImportExpressionValidation/seed#15
=== RUN   FuzzRuntimeImportExpressionValidation/seed#16
=== RUN   FuzzRuntimeImportExpressionValidation/seed#17
=== RUN   FuzzRuntimeImportExpressionValidation/seed#18
=== RUN   FuzzRuntimeImportExpressionValidation/seed#19
=== RUN   FuzzRuntimeImportExpressionValidation/seed#20
=== RUN   FuzzRuntimeImportExpressionValidation/seed#21
=== RUN   FuzzRuntimeImportExpressionValidation/seed#22
=== RUN   FuzzRuntimeImportExpressionValidation/seed#23
=== RUN   FuzzRuntimeImportExpressionValidation/seed#24
=== RUN   FuzzRuntimeImportExpressionValidation/seed#25
=== RUN   FuzzRuntimeImportExpressionValidation/seed#26
=== RUN   FuzzRuntimeImportExpressionValidation/seed#27
=== RUN   FuzzRuntimeImportExpressionValidation/seed#28
=== RUN   FuzzRuntimeImportExpressionValidation/seed#29
=== RUN   FuzzRuntimeImportExpressionValidation/seed#30
=== RUN   FuzzRuntimeImportExpressionValidation/seed#31
=== RUN   FuzzRuntimeImportExpressionValidation/seed#32
=== RUN   FuzzRuntimeImportExpressionValidation/seed#33
=== RUN   FuzzRuntimeImportExpressionValidation/seed#34
=== RUN   FuzzRuntimeImportExpressionValidation/seed#35
=== RUN   FuzzRuntimeImportExpressionValidation/seed#36
=== RUN   FuzzRuntimeImportExpressionValidation/seed#37
=== RUN   FuzzRuntimeImportExpressionValidation/seed#38
=== RUN   FuzzRuntimeImportExpressionValidation/seed#39
=== RUN   FuzzRuntimeImportExpressionValidation/seed#40
=== RUN   FuzzRuntimeImportExpressionValidation/seed#41
=== RUN   FuzzRuntimeImportExpressionValidation/seed#42
=== RUN   FuzzRuntimeImportExpressionValidation/seed#43
=== RUN   FuzzRuntimeImportExpressionValidation/seed#44
=== RUN   FuzzRuntimeImportExpressionValidation/seed#45
=== RUN   FuzzRuntimeImportExpressionValidation/seed#46
=== RUN   FuzzRuntimeImportExpressionValidation/seed#47
=== RUN   FuzzRuntimeImportExpressionValidation/seed#48
=== RUN   FuzzRuntimeImportExpressionValidation/newline_bypass
--- PASS: FuzzRuntimeImportExpressionValidation (2.94s)
    --- PASS: FuzzRuntimeImportExpressionValidation/seed#0 (0.06s)
    --- PASS: FuzzRuntimeImportExpressionValidation/seed#1 (0.05s)
    --- PASS: FuzzRuntimeImportExpressionValidation/seed#2 (0.06s)
    --- PASS: FuzzRuntimeImportExpressionValidation/seed#3 (0.06s)
    --- PASS: FuzzRuntimeImportExpressionValidation/seed#4 (0.07s)
    --- PASS: FuzzRuntimeImportExpressionValidation/seed#5 (0.06s)
    --- PASS: FuzzRuntimeImportExpressionValidation/seed#6 (0.06s)
    --- PASS: FuzzRuntimeImportExpressionValidation/seed#7 (0.06s)
    --- PASS: FuzzRuntimeImportExpressionValidation/seed#8 (0.06s)
    --- PASS: FuzzRuntimeImportExpressionValidation/seed#9 (0.06s)
    --- PASS: FuzzRuntimeImportExpressionValidation/seed#10 (0.06s)
    --- PASS: FuzzRuntimeImportExpressionValidation/seed#11 (0.07s)
    --- PASS: FuzzRuntimeImportExpressionValidation/seed#12 (0.07s)
    --- PASS: FuzzRuntimeImportExpressionValidation/seed#13 (0.07s)
    --- PASS: FuzzRuntimeImportExpressionValidation/seed#14 (0.06s)
    --- PASS: FuzzRuntimeImportExpressionValidation/seed#15 (0.06s)
    --- PASS: FuzzRuntimeImportExpressionValidation/seed#16 (0.06s)
    --- PASS: FuzzRuntimeImportExpressionValidation/seed#17 (0.07s)
    --- PASS: FuzzRuntimeImportExpressionValidation/seed#18 (0.06s)
    --- PASS: FuzzRuntimeImportExpressionValidation/seed#19 (0.06s)
    --- PASS: FuzzRuntimeImportExpressionValidation/seed#20 (0.07s)
    --- PASS: FuzzRuntimeImportExpressionValidation/seed#21 (0.06s)
    --- PASS: FuzzRuntimeImportExpressionValidation/seed#22 (0.06s)
    --- PASS: FuzzRuntimeImportExpressionValidation/seed#23 (0.06s)
    --- PASS: FuzzRuntimeImportExpressionValidation/seed#24 (0.06s)
    --- PASS: FuzzRuntimeImportExpressionValidation/seed#25 (0.06s)
    --- PASS: FuzzRuntimeImportExpressionValidation/seed#26 (0.06s)
    --- PASS: FuzzRuntimeImportExpressionValidation/seed#27 (0.05s)
    --- PASS: FuzzRuntimeImportExpressionValidation/seed#28 (0.05s)
    --- PASS: FuzzRuntimeImportExpressionValidation/seed#29 (0.06s)
    --- PASS: FuzzRuntimeImportExpressionValidation/seed#30 (0.06s)
    --- PASS: FuzzRuntimeImportExpressionValidation/seed#31 (0.06s)
    --- PASS: FuzzRuntimeImportExpressionValidation/seed#32 (0.06s)
    --- PASS: FuzzRuntimeImportExpressionValidation/seed#33 (0.06s)
    --- PASS: FuzzRuntimeImportExpressionValidation/seed#34 (0.05s)
    --- PASS: FuzzRuntimeImportExpressionValidation/seed#35 (0.06s)
    --- PASS: FuzzRuntimeImportExpressionValidation/seed#36 (0.05s)
    --- PASS: FuzzRuntimeImportExpressionValidation/seed#37 (0.06s)
    --- PASS: FuzzRuntimeImportExpressionValidation/seed#38 (0.06s)
    --- PASS: FuzzRuntimeImportExpressionValidation/seed#39 (0.05s)
    --- PASS: FuzzRuntimeImportExpressionValidation/seed#40 (0.05s)
    --- PASS: FuzzRuntimeImportExpressionValidation/seed#41 (0.05s)
    --- PASS: FuzzRuntimeImportExpressionValidation/seed#42 (0.05s)
    --- PASS: FuzzRuntimeImportExpressionValidation/seed#43 (0.06s)
    --- PASS: FuzzRuntimeImportExpressionValidation/seed#44 (0.05s)
    --- PASS: FuzzRuntimeImportExpressionValidation/seed#45 (0.06s)
    --- PASS: FuzzRuntimeImportExpressionValidation/seed#46 (0.05s)
    --- PASS: FuzzRuntimeImportExpressionValidation/seed#47 (0.05s)
    --- PASS: FuzzRuntimeImportExpressionValidation/seed#48 (0.05s)
    --- PASS: FuzzRuntimeImportExpressionValidation/newline_bypass (0.05s)
=== RUN   FuzzRuntimeImportProcessExpressions
=== RUN   FuzzRuntimeImportProcessExpressions/seed#0
=== RUN   FuzzRuntimeImportProcessExpressions/seed#1
=== RUN   FuzzRuntimeImportProcessExpressions/seed#2
    runtime_import_fuzz_test.go:328: Warning: Result contains unprocessed expression: Issue #${{ github.event.issue.number }}: ${{ github.event.issue.title }}
=== RUN   FuzzRuntimeImportProcessExpressions/seed#3
=== RUN   FuzzRuntimeImportProcessExpressions/seed#4
=== RUN   FuzzRuntimeImportProcessExpressions/seed#5
=== RUN   FuzzRuntimeImportProcessExpressions/seed#6
=== RUN   FuzzRuntimeImportProcessExpressions/seed#7
=== RUN   FuzzRuntimeImportProcessExpressions/seed#8
=== RUN   FuzzRuntimeImportProcessExpressions/seed#9
=== RUN   FuzzRuntimeImportProcessExpressions/seed#10
=== RUN   FuzzRuntimeImportProcessExpressions/seed#11
=== RUN   FuzzRuntimeImportProcessExpressions/seed#12
    runtime_import_fuzz_test.go:328: Warning: Result contains unprocessed expression: Text ${{ github.actor
=== RUN   FuzzRuntimeImportProcessExpressions/seed#13
=== RUN   FuzzRuntimeImportProcessExpressions/seed#14
=== RUN   FuzzRuntimeImportProcessExpressions/seed#15
=== RUN   FuzzRuntimeImportProcessExpressions/seed#16
    runtime_import_fuzz_test.go:328: Warning: Result contains unprocessed expression: Flag: ${{ github.actor && github.repository }}
=== RUN   FuzzRuntimeImportProcessExpressions/seed#17
    runtime_import_fuzz_test.go:328: Warning: Result contains unprocessed expression: Cond: ${{ github.actor == 'octocat' }}
=== RUN   FuzzRuntimeImportProcessExpressions/seed#18
    runtime_import_fuzz_test.go:328: Warning: Result contains unprocessed expression: Literal: ${{ 'static-value' }}
=== RUN   FuzzRuntimeImportProcessExpressions/seed#19
=== RUN   FuzzRuntimeImportProcessExpressions/seed#20
=== RUN   FuzzRuntimeImportProcessExpressions/seed#21
=== RUN   FuzzRuntimeImportProcessExpressions/seed#22
=== RUN   FuzzRuntimeImportProcessExpressions/seed#23
=== RUN   FuzzRuntimeImportProcessExpressions/seed#24
=== RUN   FuzzRuntimeImportProcessExpressions/9661e56aa0ec2781
--- PASS: FuzzRuntimeImportProcessExpressions (1.62s)
    --- PASS: FuzzRuntimeImportProcessExpressions/seed#0 (0.05s)
    --- PASS: FuzzRuntimeImportProcessExpressions/seed#1 (0.05s)
    --- PASS: FuzzRuntimeImportProcessExpressions/seed#2 (0.06s)
    --- PASS: FuzzRuntimeImportProcessExpressions/seed#3 (0.05s)
    --- PASS: FuzzRuntimeImportProcessExpressions/seed#4 (0.06s)
    --- PASS: FuzzRuntimeImportProcessExpressions/seed#5 (0.06s)
    --- PASS: FuzzRuntimeImportProcessExpressions/seed#6 (0.05s)
    --- PASS: FuzzRuntimeImportProcessExpressions/seed#7 (0.06s)
    --- PASS: FuzzRuntimeImportProcessExpressions/seed#8 (0.06s)
    --- PASS: FuzzRuntimeImportProcessExpressions/seed#9 (0.06s)
    --- PASS: FuzzRuntimeImportProcessExpressions/seed#10 (0.07s)
    --- PASS: FuzzRuntimeImportProcessExpressions/seed#11 (0.08s)
    --- PASS: FuzzRuntimeImportProcessExpressions/seed#12 (0.09s)
    --- PASS: FuzzRuntimeImportProcessExpressions/seed#13 (0.07s)
    --- PASS: FuzzRuntimeImportProcessExpressions/seed#14 (0.06s)
    --- PASS: FuzzRuntimeImportProcessExpressions/seed#15 (0.06s)
    --- PASS: FuzzRuntimeImportProcessExpressions/seed#16 (0.06s)
    --- PASS: FuzzRuntimeImportProcessExpressions/seed#17 (0.06s)
    --- PASS: FuzzRuntimeImportProcessExpressions/seed#18 (0.06s)
    --- PASS: FuzzRuntimeImportProcessExpressions/seed#19 (0.06s)
    --- PASS: FuzzRuntimeImportProcessExpressions/seed#20 (0.07s)
    --- PASS: FuzzRuntimeImportProcessExpressions/seed#21 (0.06s)
    --- PASS: FuzzRuntimeImportProcessExpressions/seed#22 (0.07s)
    --- PASS: FuzzRuntimeImportProcessExpressions/seed#23 (0.07s)
    --- PASS: FuzzRuntimeImportProcessExpressions/seed#24 (0.06s)
    --- PASS: FuzzRuntimeImportProcessExpressions/9661e56aa0ec2781 (0.06s)
=== RUN   FuzzScheduleParser
=== RUN   FuzzScheduleParser/seed#0
=== RUN   FuzzScheduleParser/seed#1
=== RUN   FuzzScheduleParser/seed#2
=== RUN   FuzzScheduleParser/seed#3
=== RUN   FuzzScheduleParser/seed#4
=== RUN   FuzzScheduleParser/seed#5
=== RUN   FuzzScheduleParser/seed#6
=== RUN   FuzzScheduleParser/seed#7
=== RUN   FuzzScheduleParser/seed#8
=== RUN   FuzzScheduleParser/seed#9
=== RUN   FuzzScheduleParser/seed#10
=== RUN   FuzzScheduleParser/seed#11
=== RUN   FuzzScheduleParser/seed#12
=== RUN   FuzzScheduleParser/seed#13
=== RUN   FuzzScheduleParser/seed#14
=== RUN   FuzzScheduleParser/seed#15
=== RUN   FuzzScheduleParser/seed#16
=== RUN   FuzzScheduleParser/seed#17
=== RUN   FuzzScheduleParser/seed#18
=== RUN   FuzzScheduleParser/seed#19
=== RUN   FuzzScheduleParser/seed#20
=== RUN   FuzzScheduleParser/seed#21
=== RUN   FuzzScheduleParser/seed#22
=== RUN   FuzzScheduleParser/seed#23
=== RUN   FuzzScheduleParser/seed#24
=== RUN   FuzzScheduleParser/seed#25
=== RUN   FuzzScheduleParser/seed#26
=== RUN   FuzzScheduleParser/seed#27
=== RUN   FuzzScheduleParser/seed#28
=== RUN   FuzzScheduleParser/seed#29
=== RUN   FuzzScheduleParser/seed#30
=== RUN   FuzzScheduleParser/seed#31
=== RUN   FuzzScheduleParser/seed#32
=== RUN   FuzzScheduleParser/seed#33
=== RUN   FuzzScheduleParser/seed#34
=== RUN   FuzzScheduleParser/seed#35
=== RUN   FuzzScheduleParser/seed#36
=== RUN   FuzzScheduleParser/seed#37
=== RUN   FuzzScheduleParser/seed#38
=== RUN   FuzzScheduleParser/seed#39
=== RUN   FuzzScheduleParser/seed#40
=== RUN   FuzzScheduleParser/seed#41
=== RUN   FuzzScheduleParser/seed#42
=== RUN   FuzzScheduleParser/seed#43
=== RUN   FuzzScheduleParser/seed#44
=== RUN   FuzzScheduleParser/seed#45
=== RUN   FuzzScheduleParser/seed#46
=== RUN   FuzzScheduleParser/seed#47
=== RUN   FuzzScheduleParser/seed#48
=== RUN   FuzzScheduleParser/seed#49
=== RUN   FuzzScheduleParser/seed#50
=== RUN   FuzzScheduleParser/seed#51
=== RUN   FuzzScheduleParser/seed#52
=== RUN   FuzzScheduleParser/seed#53
=== RUN   FuzzScheduleParser/seed#54
=== RUN   FuzzScheduleParser/seed#55
=== RUN   FuzzScheduleParser/seed#56
=== RUN   FuzzScheduleParser/seed#57
=== RUN   FuzzScheduleParser/seed#58
=== RUN   FuzzScheduleParser/seed#59
=== RUN   FuzzScheduleParser/seed#60
=== RUN   FuzzScheduleParser/seed#61
=== RUN   FuzzScheduleParser/seed#62
=== RUN   FuzzScheduleParser/seed#63
=== RUN   FuzzScheduleParser/seed#64
=== RUN   FuzzScheduleParser/seed#65
=== RUN   FuzzScheduleParser/seed#66
=== RUN   FuzzScheduleParser/seed#67
=== RUN   FuzzScheduleParser/seed#68
=== RUN   FuzzScheduleParser/seed#69
=== RUN   FuzzScheduleParser/seed#70
=== RUN   FuzzScheduleParser/seed#71
=== RUN   FuzzScheduleParser/seed#72
=== RUN   FuzzScheduleParser/seed#73
=== RUN   FuzzScheduleParser/seed#74
=== RUN   FuzzScheduleParser/seed#75
=== RUN   FuzzScheduleParser/seed#76
=== RUN   FuzzScheduleParser/seed#77
=== RUN   FuzzScheduleParser/seed#78
=== RUN   FuzzScheduleParser/seed#79
=== RUN   FuzzScheduleParser/seed#80
=== RUN   FuzzScheduleParser/seed#81
=== RUN   FuzzScheduleParser/seed#82
=== RUN   FuzzScheduleParser/seed#83
=== RUN   FuzzScheduleParser/seed#84
=== RUN   FuzzScheduleParser/seed#85
=== RUN   FuzzScheduleParser/seed#86
=== RUN   FuzzScheduleParser/seed#87
=== RUN   FuzzScheduleParser/seed#88
=== RUN   FuzzScheduleParser/seed#89
=== RUN   FuzzScheduleParser/seed#90
=== RUN   FuzzScheduleParser/seed#91
=== RUN   FuzzScheduleParser/seed#92
=== RUN   FuzzScheduleParser/seed#93
=== RUN   FuzzScheduleParser/seed#94
=== RUN   FuzzScheduleParser/seed#95
=== RUN   FuzzScheduleParser/seed#96
=== RUN   FuzzScheduleParser/seed#97
=== RUN   FuzzScheduleParser/seed#98
=== RUN   FuzzScheduleParser/seed#99
=== RUN   FuzzScheduleParser/seed#100
=== RUN   FuzzScheduleParser/seed#101
=== RUN   FuzzScheduleParser/seed#102
=== RUN   FuzzScheduleParser/seed#103
=== RUN   FuzzScheduleParser/seed#104
=== RUN   FuzzScheduleParser/seed#105
=== RUN   FuzzScheduleParser/seed#106
=== RUN   FuzzScheduleParser/seed#107
=== RUN   FuzzScheduleParser/seed#108
=== RUN   FuzzScheduleParser/seed#109
=== RUN   FuzzScheduleParser/seed#110
=== RUN   FuzzScheduleParser/seed#111
=== RUN   FuzzScheduleParser/seed#112
=== RUN   FuzzScheduleParser/seed#113
=== RUN   FuzzScheduleParser/seed#114
=== RUN   FuzzScheduleParser/seed#115
=== RUN   FuzzScheduleParser/seed#116
=== RUN   FuzzScheduleParser/seed#117
=== RUN   FuzzScheduleParser/seed#118
=== RUN   FuzzScheduleParser/seed#119
=== RUN   FuzzScheduleParser/seed#120
=== RUN   FuzzScheduleParser/seed#121
=== RUN   FuzzScheduleParser/seed#122
=== RUN   FuzzScheduleParser/seed#123
=== RUN   FuzzScheduleParser/seed#124
=== RUN   FuzzScheduleParser/seed#125
=== RUN   FuzzScheduleParser/seed#126
=== RUN   FuzzScheduleParser/seed#127
=== RUN   FuzzScheduleParser/seed#128
=== RUN   FuzzScheduleParser/seed#129
=== RUN   FuzzScheduleParser/seed#130
=== RUN   FuzzScheduleParser/seed#131
=== RUN   FuzzScheduleParser/seed#132
=== RUN   FuzzScheduleParser/seed#133
=== RUN   FuzzScheduleParser/seed#134
=== RUN   FuzzScheduleParser/seed#135
=== RUN   FuzzScheduleParser/seed#136
=== RUN   FuzzScheduleParser/seed#137
=== RUN   FuzzScheduleParser/seed#138
=== RUN   FuzzScheduleParser/seed#139
=== RUN   FuzzScheduleParser/seed#140
=== RUN   FuzzScheduleParser/seed#141
=== RUN   FuzzScheduleParser/seed#142
=== RUN   FuzzScheduleParser/seed#143
=== RUN   FuzzScheduleParser/seed#144
=== RUN   FuzzScheduleParser/seed#145
=== RUN   FuzzScheduleParser/seed#146
=== RUN   FuzzScheduleParser/seed#147
=== RUN   FuzzScheduleParser/seed#148
=== RUN   FuzzScheduleParser/seed#149
=== RUN   FuzzScheduleParser/seed#150
=== RUN   FuzzScheduleParser/seed#151
=== RUN   FuzzScheduleParser/seed#152
=== RUN   FuzzScheduleParser/seed#153
=== RUN   FuzzScheduleParser/seed#154
=== RUN   FuzzScheduleParser/seed#155
=== RUN   FuzzScheduleParser/seed#156
=== RUN   FuzzScheduleParser/seed#157
=== RUN   FuzzScheduleParser/seed#158
=== RUN   FuzzScheduleParser/seed#159
=== RUN   FuzzScheduleParser/seed#160
=== RUN   FuzzScheduleParser/seed#161
=== RUN   FuzzScheduleParser/seed#162
=== RUN   FuzzScheduleParser/seed#163
=== RUN   FuzzScheduleParser/seed#164
=== RUN   FuzzScheduleParser/seed#165
=== RUN   FuzzScheduleParser/seed#166
=== RUN   FuzzScheduleParser/seed#167
=== RUN   FuzzScheduleParser/seed#168
=== RUN   FuzzScheduleParser/seed#169
=== RUN   FuzzScheduleParser/seed#170
=== RUN   FuzzScheduleParser/seed#171
=== RUN   FuzzScheduleParser/seed#172
=== RUN   FuzzScheduleParser/seed#173
=== RUN   FuzzScheduleParser/seed#174
=== RUN   FuzzScheduleParser/seed#175
=== RUN   FuzzScheduleParser/seed#176
=== RUN   FuzzScheduleParser/seed#177
=== RUN   FuzzScheduleParser/seed#178
=== RUN   FuzzScheduleParser/seed#179
=== RUN   FuzzScheduleParser/seed#180
=== RUN   FuzzScheduleParser/seed#181
=== RUN   FuzzScheduleParser/seed#182
=== RUN   FuzzScheduleParser/seed#183
=== RUN   FuzzScheduleParser/seed#184
=== RUN   FuzzScheduleParser/seed#185
=== RUN   FuzzScheduleParser/seed#186
=== RUN   FuzzScheduleParser/seed#187
=== RUN   FuzzScheduleParser/seed#188
=== RUN   FuzzScheduleParser/seed#189
=== RUN   FuzzScheduleParser/seed#190
=== RUN   FuzzScheduleParser/seed#191
=== RUN   FuzzScheduleParser/seed#192
=== RUN   FuzzScheduleParser/seed#193
=== RUN   FuzzScheduleParser/seed#194
=== RUN   FuzzScheduleParser/seed#195
=== RUN   FuzzScheduleParser/seed#196
=== RUN   FuzzScheduleParser/seed#197
=== RUN   FuzzScheduleParser/seed#198
=== RUN   FuzzScheduleParser/seed#199
=== RUN   FuzzScheduleParser/seed#200
=== RUN   FuzzScheduleParser/seed#201
=== RUN   FuzzScheduleParser/seed#202
=== RUN   FuzzScheduleParser/seed#203
=== RUN   FuzzScheduleParser/seed#204
=== RUN   FuzzScheduleParser/seed#205
=== RUN   FuzzScheduleParser/seed#206
=== RUN   FuzzScheduleParser/seed#207
=== RUN   FuzzScheduleParser/seed#208
=== RUN   FuzzScheduleParser/seed#209
=== RUN   FuzzScheduleParser/seed#210
=== RUN   FuzzScheduleParser/seed#211
=== RUN   FuzzScheduleParser/seed#212
=== RUN   FuzzScheduleParser/seed#213
=== RUN   FuzzScheduleParser/seed#214
=== RUN   FuzzScheduleParser/seed#215
=== RUN   FuzzScheduleParser/seed#216
=== RUN   FuzzScheduleParser/seed#217
=== RUN   FuzzScheduleParser/seed#218
=== RUN   FuzzScheduleParser/seed#219
=== RUN   FuzzScheduleParser/seed#220
=== RUN   FuzzScheduleParser/seed#221
=== RUN   FuzzScheduleParser/seed#222
=== RUN   FuzzScheduleParser/seed#223
=== RUN   FuzzScheduleParser/seed#224
=== RUN   FuzzScheduleParser/seed#225
=== RUN   FuzzScheduleParser/seed#226
=== RUN   FuzzScheduleParser/seed#227
=== RUN   FuzzScheduleParser/seed#228
=== RUN   FuzzScheduleParser/seed#229
=== RUN   FuzzScheduleParser/seed#230
=== RUN   FuzzScheduleParser/seed#231
=== RUN   FuzzScheduleParser/seed#232
=== RUN   FuzzScheduleParser/seed#233
=== RUN   FuzzScheduleParser/seed#234
=== RUN   FuzzScheduleParser/seed#235
=== RUN   FuzzScheduleParser/seed#236
=== RUN   FuzzScheduleParser/seed#237
=== RUN   FuzzScheduleParser/seed#238
=== RUN   FuzzScheduleParser/seed#239
=== RUN   FuzzScheduleParser/seed#240
=== RUN   FuzzScheduleParser/seed#241
=== RUN   FuzzScheduleParser/seed#242
=== RUN   FuzzScheduleParser/seed#243
=== RUN   FuzzScheduleParser/seed#244
=== RUN   FuzzScheduleParser/seed#245
=== RUN   FuzzScheduleParser/seed#246
--- PASS: FuzzScheduleParser (0.01s)
    --- PASS: FuzzScheduleParser/seed#0 (0.00s)
    --- PASS: FuzzScheduleParser/seed#1 (0.00s)
    --- PASS: FuzzScheduleParser/seed#2 (0.00s)
    --- PASS: FuzzScheduleParser/seed#3 (0.00s)
    --- PASS: FuzzScheduleParser/seed#4 (0.00s)
    --- PASS: FuzzScheduleParser/seed#5 (0.00s)
    --- PASS: FuzzScheduleParser/seed#6 (0.00s)
    --- PASS: FuzzScheduleParser/seed#7 (0.00s)
    --- PASS: FuzzScheduleParser/seed#8 (0.00s)
    --- PASS: FuzzScheduleParser/seed#9 (0.00s)
    --- PASS: FuzzScheduleParser/seed#10 (0.00s)
    --- PASS: FuzzScheduleParser/seed#11 (0.00s)
    --- PASS: FuzzScheduleParser/seed#12 (0.00s)
    --- PASS: FuzzScheduleParser/seed#13 (0.00s)
    --- PASS: FuzzScheduleParser/seed#14 (0.00s)
    --- PASS: FuzzScheduleParser/seed#15 (0.00s)
    --- PASS: FuzzScheduleParser/seed#16 (0.00s)
    --- PASS: FuzzScheduleParser/seed#17 (0.00s)
    --- PASS: FuzzScheduleParser/seed#18 (0.00s)
    --- PASS: FuzzScheduleParser/seed#19 (0.00s)
    --- PASS: FuzzScheduleParser/seed#20 (0.00s)
    --- PASS: FuzzScheduleParser/seed#21 (0.00s)
    --- PASS: FuzzScheduleParser/seed#22 (0.00s)
    --- PASS: FuzzScheduleParser/seed#23 (0.00s)
    --- PASS: FuzzScheduleParser/seed#24 (0.00s)
    --- PASS: FuzzScheduleParser/seed#25 (0.00s)
    --- PASS: FuzzScheduleParser/seed#26 (0.00s)
    --- PASS: FuzzScheduleParser/seed#27 (0.00s)
    --- PASS: FuzzScheduleParser/seed#28 (0.00s)
    --- PASS: FuzzScheduleParser/seed#29 (0.00s)
    --- PASS: FuzzScheduleParser/seed#30 (0.00s)
    --- PASS: FuzzScheduleParser/seed#31 (0.00s)
    --- PASS: FuzzScheduleParser/seed#32 (0.00s)
    --- PASS: FuzzScheduleParser/seed#33 (0.00s)
    --- PASS: FuzzScheduleParser/seed#34 (0.00s)
    --- PASS: FuzzScheduleParser/seed#35 (0.00s)
    --- PASS: FuzzScheduleParser/seed#36 (0.00s)
    --- PASS: FuzzScheduleParser/seed#37 (0.00s)
    --- PASS: FuzzScheduleParser/seed#38 (0.00s)
    --- PASS: FuzzScheduleParser/seed#39 (0.00s)
    --- PASS: FuzzScheduleParser/seed#40 (0.00s)
    --- PASS: FuzzScheduleParser/seed#41 (0.00s)
    --- PASS: FuzzScheduleParser/seed#42 (0.00s)
    --- PASS: FuzzScheduleParser/seed#43 (0.00s)
    --- PASS: FuzzScheduleParser/seed#44 (0.00s)
    --- PASS: FuzzScheduleParser/seed#45 (0.00s)
    --- PASS: FuzzScheduleParser/seed#46 (0.00s)
    --- PASS: FuzzScheduleParser/seed#47 (0.00s)
    --- PASS: FuzzScheduleParser/seed#48 (0.00s)
    --- PASS: FuzzScheduleParser/seed#49 (0.00s)
    --- PASS: FuzzScheduleParser/seed#50 (0.00s)
    --- PASS: FuzzScheduleParser/seed#51 (0.00s)
    --- PASS: FuzzScheduleParser/seed#52 (0.00s)
    --- PASS: FuzzScheduleParser/seed#53 (0.00s)
    --- PASS: FuzzScheduleParser/seed#54 (0.00s)
    --- PASS: FuzzScheduleParser/seed#55 (0.00s)
    --- PASS: FuzzScheduleParser/seed#56 (0.00s)
    --- PASS: FuzzScheduleParser/seed#57 (0.00s)
    --- PASS: FuzzScheduleParser/seed#58 (0.00s)
    --- PASS: FuzzScheduleParser/seed#59 (0.00s)
    --- PASS: FuzzScheduleParser/seed#60 (0.00s)
    --- PASS: FuzzScheduleParser/seed#61 (0.00s)
    --- PASS: FuzzScheduleParser/seed#62 (0.00s)
    --- PASS: FuzzScheduleParser/seed#63 (0.00s)
    --- PASS: FuzzScheduleParser/seed#64 (0.00s)
    --- PASS: FuzzScheduleParser/seed#65 (0.00s)
    --- PASS: FuzzScheduleParser/seed#66 (0.00s)
    --- PASS: FuzzScheduleParser/seed#67 (0.00s)
    --- PASS: FuzzScheduleParser/seed#68 (0.00s)
    --- PASS: FuzzScheduleParser/seed#69 (0.00s)
    --- PASS: FuzzScheduleParser/seed#70 (0.00s)
    --- PASS: FuzzScheduleParser/seed#71 (0.00s)
    --- PASS: FuzzScheduleParser/seed#72 (0.00s)
    --- PASS: FuzzScheduleParser/seed#73 (0.00s)
    --- PASS: FuzzScheduleParser/seed#74 (0.00s)
    --- PASS: FuzzScheduleParser/seed#75 (0.00s)
    --- PASS: FuzzScheduleParser/seed#76 (0.00s)
    --- PASS: FuzzScheduleParser/seed#77 (0.00s)
    --- PASS: FuzzScheduleParser/seed#78 (0.00s)
    --- PASS: FuzzScheduleParser/seed#79 (0.00s)
    --- PASS: FuzzScheduleParser/seed#80 (0.00s)
    --- PASS: FuzzScheduleParser/seed#81 (0.00s)
    --- PASS: FuzzScheduleParser/seed#82 (0.00s)
    --- PASS: FuzzScheduleParser/seed#83 (0.00s)
    --- PASS: FuzzScheduleParser/seed#84 (0.00s)
    --- PASS: FuzzScheduleParser/seed#85 (0.00s)
    --- PASS: FuzzScheduleParser/seed#86 (0.00s)
    --- PASS: FuzzScheduleParser/seed#87 (0.00s)
    --- PASS: FuzzScheduleParser/seed#88 (0.00s)
    --- PASS: FuzzScheduleParser/seed#89 (0.00s)
    --- PASS: FuzzScheduleParser/seed#90 (0.00s)
    --- PASS: FuzzScheduleParser/seed#91 (0.00s)
    --- PASS: FuzzScheduleParser/seed#92 (0.00s)
    --- PASS: FuzzScheduleParser/seed#93 (0.00s)
    --- PASS: FuzzScheduleParser/seed#94 (0.00s)
    --- PASS: FuzzScheduleParser/seed#95 (0.00s)
    --- PASS: FuzzScheduleParser/seed#96 (0.00s)
    --- PASS: FuzzScheduleParser/seed#97 (0.00s)
    --- PASS: FuzzScheduleParser/seed#98 (0.00s)
    --- PASS: FuzzScheduleParser/seed#99 (0.00s)
    --- PASS: FuzzScheduleParser/seed#100 (0.00s)
    --- PASS: FuzzScheduleParser/seed#101 (0.00s)
    --- PASS: FuzzScheduleParser/seed#102 (0.00s)
    --- PASS: FuzzScheduleParser/seed#103 (0.00s)
    --- PASS: FuzzScheduleParser/seed#104 (0.00s)
    --- PASS: FuzzScheduleParser/seed#105 (0.00s)
    --- PASS: FuzzScheduleParser/seed#106 (0.00s)
    --- PASS: FuzzScheduleParser/seed#107 (0.00s)
    --- PASS: FuzzScheduleParser/seed#108 (0.00s)
    --- PASS: FuzzScheduleParser/seed#109 (0.00s)
    --- PASS: FuzzScheduleParser/seed#110 (0.00s)
    --- PASS: FuzzScheduleParser/seed#111 (0.00s)
    --- PASS: FuzzScheduleParser/seed#112 (0.00s)
    --- PASS: FuzzScheduleParser/seed#113 (0.00s)
    --- PASS: FuzzScheduleParser/seed#114 (0.00s)
    --- PASS: FuzzScheduleParser/seed#115 (0.00s)
    --- PASS: FuzzScheduleParser/seed#116 (0.00s)
    --- PASS: FuzzScheduleParser/seed#117 (0.00s)
    --- PASS: FuzzScheduleParser/seed#118 (0.00s)
    --- PASS: FuzzScheduleParser/seed#119 (0.00s)
    --- PASS: FuzzScheduleParser/seed#120 (0.00s)
    --- PASS: FuzzScheduleParser/seed#121 (0.00s)
    --- PASS: FuzzScheduleParser/seed#122 (0.00s)
    --- PASS: FuzzScheduleParser/seed#123 (0.00s)
    --- PASS: FuzzScheduleParser/seed#124 (0.00s)
    --- PASS: FuzzScheduleParser/seed#125 (0.00s)
    --- PASS: FuzzScheduleParser/seed#126 (0.00s)
    --- PASS: FuzzScheduleParser/seed#127 (0.00s)
    --- PASS: FuzzScheduleParser/seed#128 (0.00s)
    --- PASS: FuzzScheduleParser/seed#129 (0.00s)
    --- PASS: FuzzScheduleParser/seed#130 (0.00s)
    --- PASS: FuzzScheduleParser/seed#131 (0.00s)
    --- PASS: FuzzScheduleParser/seed#132 (0.00s)
    --- PASS: FuzzScheduleParser/seed#133 (0.00s)
    --- PASS: FuzzScheduleParser/seed#134 (0.00s)
    --- PASS: FuzzScheduleParser/seed#135 (0.00s)
    --- PASS: FuzzScheduleParser/seed#136 (0.00s)
    --- PASS: FuzzScheduleParser/seed#137 (0.00s)
    --- PASS: FuzzScheduleParser/seed#138 (0.00s)
    --- PASS: FuzzScheduleParser/seed#139 (0.00s)
    --- PASS: FuzzScheduleParser/seed#140 (0.00s)
    --- PASS: FuzzScheduleParser/seed#141 (0.00s)
    --- PASS: FuzzScheduleParser/seed#142 (0.00s)
    --- PASS: FuzzScheduleParser/seed#143 (0.00s)
    --- PASS: FuzzScheduleParser/seed#144 (0.00s)
    --- PASS: FuzzScheduleParser/seed#145 (0.00s)
    --- PASS: FuzzScheduleParser/seed#146 (0.00s)
    --- PASS: FuzzScheduleParser/seed#147 (0.00s)
    --- PASS: FuzzScheduleParser/seed#148 (0.00s)
    --- PASS: FuzzScheduleParser/seed#149 (0.00s)
    --- PASS: FuzzScheduleParser/seed#150 (0.00s)
    --- PASS: FuzzScheduleParser/seed#151 (0.00s)
    --- PASS: FuzzScheduleParser/seed#152 (0.00s)
    --- PASS: FuzzScheduleParser/seed#153 (0.00s)
    --- PASS: FuzzScheduleParser/seed#154 (0.00s)
    --- PASS: FuzzScheduleParser/seed#155 (0.00s)
    --- PASS: FuzzScheduleParser/seed#156 (0.00s)
    --- PASS: FuzzScheduleParser/seed#157 (0.00s)
    --- PASS: FuzzScheduleParser/seed#158 (0.00s)
    --- PASS: FuzzScheduleParser/seed#159 (0.00s)
    --- PASS: FuzzScheduleParser/seed#160 (0.00s)
    --- PASS: FuzzScheduleParser/seed#161 (0.00s)
    --- PASS: FuzzScheduleParser/seed#162 (0.00s)
    --- PASS: FuzzScheduleParser/seed#163 (0.00s)
    --- PASS: FuzzScheduleParser/seed#164 (0.00s)
    --- PASS: FuzzScheduleParser/seed#165 (0.00s)
    --- PASS: FuzzScheduleParser/seed#166 (0.00s)
    --- PASS: FuzzScheduleParser/seed#167 (0.00s)
    --- PASS: FuzzScheduleParser/seed#168 (0.00s)
    --- PASS: FuzzScheduleParser/seed#169 (0.00s)
    --- PASS: FuzzScheduleParser/seed#170 (0.00s)
    --- PASS: FuzzScheduleParser/seed#171 (0.00s)
    --- PASS: FuzzScheduleParser/seed#172 (0.00s)
    --- PASS: FuzzScheduleParser/seed#173 (0.00s)
    --- PASS: FuzzScheduleParser/seed#174 (0.00s)
    --- PASS: FuzzScheduleParser/seed#175 (0.00s)
    --- PASS: FuzzScheduleParser/seed#176 (0.00s)
    --- PASS: FuzzScheduleParser/seed#177 (0.00s)
    --- PASS: FuzzScheduleParser/seed#178 (0.00s)
    --- PASS: FuzzScheduleParser/seed#179 (0.00s)
    --- PASS: FuzzScheduleParser/seed#180 (0.00s)
    --- PASS: FuzzScheduleParser/seed#181 (0.00s)
    --- PASS: FuzzScheduleParser/seed#182 (0.00s)
    --- PASS: FuzzScheduleParser/seed#183 (0.00s)
    --- PASS: FuzzScheduleParser/seed#184 (0.00s)
    --- PASS: FuzzScheduleParser/seed#185 (0.00s)
    --- PASS: FuzzScheduleParser/seed#186 (0.00s)
    --- PASS: FuzzScheduleParser/seed#187 (0.00s)
    --- PASS: FuzzScheduleParser/seed#188 (0.00s)
    --- PASS: FuzzScheduleParser/seed#189 (0.00s)
    --- PASS: FuzzScheduleParser/seed#190 (0.00s)
    --- PASS: FuzzScheduleParser/seed#191 (0.00s)
    --- PASS: FuzzScheduleParser/seed#192 (0.00s)
    --- PASS: FuzzScheduleParser/seed#193 (0.00s)
    --- PASS: FuzzScheduleParser/seed#194 (0.00s)
    --- PASS: FuzzScheduleParser/seed#195 (0.00s)
    --- PASS: FuzzScheduleParser/seed#196 (0.00s)
    --- PASS: FuzzScheduleParser/seed#197 (0.00s)
    --- PASS: FuzzScheduleParser/seed#198 (0.00s)
    --- PASS: FuzzScheduleParser/seed#199 (0.00s)
    --- PASS: FuzzScheduleParser/seed#200 (0.00s)
    --- PASS: FuzzScheduleParser/seed#201 (0.00s)
    --- PASS: FuzzScheduleParser/seed#202 (0.00s)
    --- PASS: FuzzScheduleParser/seed#203 (0.00s)
    --- PASS: FuzzScheduleParser/seed#204 (0.00s)
    --- PASS: FuzzScheduleParser/seed#205 (0.00s)
    --- PASS: FuzzScheduleParser/seed#206 (0.00s)
    --- PASS: FuzzScheduleParser/seed#207 (0.00s)
    --- PASS: FuzzScheduleParser/seed#208 (0.00s)
    --- PASS: FuzzScheduleParser/seed#209 (0.00s)
    --- PASS: FuzzScheduleParser/seed#210 (0.00s)
    --- PASS: FuzzScheduleParser/seed#211 (0.00s)
    --- PASS: FuzzScheduleParser/seed#212 (0.00s)
    --- PASS: FuzzScheduleParser/seed#213 (0.00s)
    --- PASS: FuzzScheduleParser/seed#214 (0.00s)
    --- PASS: FuzzScheduleParser/seed#215 (0.00s)
    --- PASS: FuzzScheduleParser/seed#216 (0.00s)
    --- PASS: FuzzScheduleParser/seed#217 (0.00s)
    --- PASS: FuzzScheduleParser/seed#218 (0.00s)
    --- PASS: FuzzScheduleParser/seed#219 (0.00s)
    --- PASS: FuzzScheduleParser/seed#220 (0.00s)
    --- PASS: FuzzScheduleParser/seed#221 (0.00s)
    --- PASS: FuzzScheduleParser/seed#222 (0.00s)
    --- PASS: FuzzScheduleParser/seed#223 (0.00s)
    --- PASS: FuzzScheduleParser/seed#224 (0.00s)
    --- PASS: FuzzScheduleParser/seed#225 (0.00s)
    --- PASS: FuzzScheduleParser/seed#226 (0.00s)
    --- PASS: FuzzScheduleParser/seed#227 (0.00s)
    --- PASS: FuzzScheduleParser/seed#228 (0.00s)
    --- PASS: FuzzScheduleParser/seed#229 (0.00s)
    --- PASS: FuzzScheduleParser/seed#230 (0.00s)
    --- PASS: FuzzScheduleParser/seed#231 (0.00s)
    --- PASS: FuzzScheduleParser/seed#232 (0.00s)
    --- PASS: FuzzScheduleParser/seed#233 (0.00s)
    --- PASS: FuzzScheduleParser/seed#234 (0.00s)
    --- PASS: FuzzScheduleParser/seed#235 (0.00s)
    --- PASS: FuzzScheduleParser/seed#236 (0.00s)
    --- PASS: FuzzScheduleParser/seed#237 (0.00s)
    --- PASS: FuzzScheduleParser/seed#238 (0.00s)
    --- PASS: FuzzScheduleParser/seed#239 (0.00s)
    --- PASS: FuzzScheduleParser/seed#240 (0.00s)
    --- PASS: FuzzScheduleParser/seed#241 (0.00s)
    --- PASS: FuzzScheduleParser/seed#242 (0.00s)
    --- PASS: FuzzScheduleParser/seed#243 (0.00s)
    --- PASS: FuzzScheduleParser/seed#244 (0.00s)
    --- PASS: FuzzScheduleParser/seed#245 (0.00s)
    --- PASS: FuzzScheduleParser/seed#246 (0.00s)
PASS
ok  	github.com/github/gh-aw/pkg/parser	12.024s
=== RUN   TestContainerPinCRUD
--- PASS: TestContainerPinCRUD (0.00s)
=== RUN   TestContainerPinSaveLoad
--- PASS: TestContainerPinSaveLoad (0.00s)
=== RUN   TestContainerPinBackwardCompatibility
--- PASS: TestContainerPinBackwardCompatibility (0.00s)
=== RUN   TestContainerPinMarshalSortedOutput
--- PASS: TestContainerPinMarshalSortedOutput (0.00s)
=== RUN   TestPruneStaleContainerPins
--- PASS: TestPruneStaleContainerPins (0.00s)
=== RUN   TestPruneStaleContainerPins_AllStale
--- PASS: TestPruneStaleContainerPins_AllStale (0.00s)
=== RUN   TestPruneStaleContainerPins_NoneStale
--- PASS: TestPruneStaleContainerPins_NoneStale (0.00s)
=== RUN   TestPruneStaleContainerPins_NilMap
--- PASS: TestPruneStaleContainerPins_NilMap (0.00s)
=== RUN   TestActionCache
--- PASS: TestActionCache (0.00s)
=== RUN   TestActionCacheSaveLoad
--- PASS: TestActionCacheSaveLoad (0.00s)
=== RUN   TestActionCacheLoadNonExistent
--- PASS: TestActionCacheLoadNonExistent (0.00s)
=== RUN   TestActionCacheGetCachePath
--- PASS: TestActionCacheGetCachePath (0.00s)
=== RUN   TestActionCacheTrailingNewline
--- PASS: TestActionCacheTrailingNewline (0.00s)
=== RUN   TestActionCacheSortedEntries
--- PASS: TestActionCacheSortedEntries (0.00s)
=== RUN   TestActionCacheEmptySaveDoesNotCreateFile
--- PASS: TestActionCacheEmptySaveDoesNotCreateFile (0.00s)
=== RUN   TestActionCacheEmptySaveDeletesExistingFile
--- PASS: TestActionCacheEmptySaveDeletesExistingFile (0.00s)
=== RUN   TestActionCacheSaveWithContainerPinsOnly
--- PASS: TestActionCacheSaveWithContainerPinsOnly (0.00s)
=== RUN   TestSetContainerPinEdgeCases
=== RUN   TestSetContainerPinEdgeCases/valid_pin
=== RUN   TestSetContainerPinEdgeCases/empty_digest_stored_as-is
=== RUN   TestSetContainerPinEdgeCases/empty_pinned_image_stored_as-is
--- PASS: TestSetContainerPinEdgeCases (0.00s)
    --- PASS: TestSetContainerPinEdgeCases/valid_pin (0.00s)
    --- PASS: TestSetContainerPinEdgeCases/empty_digest_stored_as-is (0.00s)
    --- PASS: TestSetContainerPinEdgeCases/empty_pinned_image_stored_as-is (0.00s)
=== RUN   TestActionCacheDeduplication
--- PASS: TestActionCacheDeduplication (0.00s)
=== RUN   TestActionCacheDeduplicationMultipleActions
--- PASS: TestActionCacheDeduplicationMultipleActions (0.00s)
=== RUN   TestActionCacheDeduplicationPreservesUnique
--- PASS: TestActionCacheDeduplicationPreservesUnique (0.00s)
=== RUN   TestIsMorePreciseVersion
=== RUN   TestIsMorePreciseVersion/v4.3.0_is_more_precise_than_v4
=== RUN   TestIsMorePreciseVersion/v4_is_less_precise_than_v4.3.0
=== RUN   TestIsMorePreciseVersion/v5.0.1_is_more_precise_than_v5
=== RUN   TestIsMorePreciseVersion/v6.1.0_is_more_precise_than_v6
=== RUN   TestIsMorePreciseVersion/v1.2.3_vs_v1.2.3_(same_precision)
=== RUN   TestIsMorePreciseVersion/v1.2.10_vs_v1.2.3_(same_precision,_lexicographic)
=== RUN   TestIsMorePreciseVersion/v8.0.0_is_more_precise_than_v8
--- PASS: TestIsMorePreciseVersion (0.00s)
    --- PASS: TestIsMorePreciseVersion/v4.3.0_is_more_precise_than_v4 (0.00s)
    --- PASS: TestIsMorePreciseVersion/v4_is_less_precise_than_v4.3.0 (0.00s)
    --- PASS: TestIsMorePreciseVersion/v5.0.1_is_more_precise_than_v5 (0.00s)
    --- PASS: TestIsMorePreciseVersion/v6.1.0_is_more_precise_than_v6 (0.00s)
    --- PASS: TestIsMorePreciseVersion/v1.2.3_vs_v1.2.3_(same_precision) (0.00s)
    --- PASS: TestIsMorePreciseVersion/v1.2.10_vs_v1.2.3_(same_precision,_lexicographic) (0.00s)
    --- PASS: TestIsMorePreciseVersion/v8.0.0_is_more_precise_than_v8 (0.00s)
=== RUN   TestActionCacheDirtyFlag
--- PASS: TestActionCacheDirtyFlag (0.00s)
=== RUN   TestActionCacheFindEntryBySHA
--- PASS: TestActionCacheFindEntryBySHA (0.00s)
=== RUN   TestActionCacheInputs
--- PASS: TestActionCacheInputs (0.00s)
=== RUN   TestPruneStaleGHAWEntries
--- PASS: TestPruneStaleGHAWEntries (0.00s)
=== RUN   TestPruneStaleGHAWEntriesMultipleActions
--- PASS: TestPruneStaleGHAWEntriesMultipleActions (0.00s)
=== RUN   TestPruneStaleGHAWEntriesNoOp
--- PASS: TestPruneStaleGHAWEntriesNoOp (0.00s)
=== RUN   TestActionCacheReleasedAt
--- PASS: TestActionCacheReleasedAt (0.00s)
=== RUN   TestActionCacheReleasedAtPreservedOnSHAMatch
--- PASS: TestActionCacheReleasedAtPreservedOnSHAMatch (0.00s)
=== RUN   TestActionCacheReleasedAtClearedOnSHAChange
--- PASS: TestActionCacheReleasedAtClearedOnSHAChange (0.00s)
=== RUN   TestPruneOrphanedEntries
--- PASS: TestPruneOrphanedEntries (0.00s)
=== RUN   TestPruneOrphanedEntries_EmptyReferenced
--- PASS: TestPruneOrphanedEntries_EmptyReferenced (0.00s)
=== RUN   TestPruneOrphanedEntries_NoneOrphaned
--- PASS: TestPruneOrphanedEntries_NoneOrphaned (0.00s)
=== RUN   TestPruneOrphanedEntries_AllOrphaned
--- PASS: TestPruneOrphanedEntries_AllOrphaned (0.00s)
=== RUN   TestPruneOrphanedEntries_PreservesCompilerGenerated
--- PASS: TestPruneOrphanedEntries_PreservesCompilerGenerated (0.00s)
=== RUN   TestActionsLockJSONFieldsAreSorted
=== PAUSE TestActionsLockJSONFieldsAreSorted
=== RUN   TestGetActionPinFallback
--- PASS: TestGetActionPinFallback (0.00s)
=== RUN   TestExtractActionRepo
=== RUN   TestExtractActionRepo/action_with_version_tag
=== RUN   TestExtractActionRepo/action_with_SHA
=== RUN   TestExtractActionRepo/action_with_subpath_and_version
=== RUN   TestExtractActionRepo/action_without_version
=== RUN   TestExtractActionRepo/action_with_branch_ref
--- PASS: TestExtractActionRepo (0.00s)
    --- PASS: TestExtractActionRepo/action_with_version_tag (0.00s)
    --- PASS: TestExtractActionRepo/action_with_SHA (0.00s)
    --- PASS: TestExtractActionRepo/action_with_subpath_and_version (0.00s)
    --- PASS: TestExtractActionRepo/action_without_version (0.00s)
    --- PASS: TestExtractActionRepo/action_with_branch_ref (0.00s)
=== RUN   TestExtractActionVersion
=== RUN   TestExtractActionVersion/action_with_version_tag
=== RUN   TestExtractActionVersion/action_with_SHA
=== RUN   TestExtractActionVersion/action_with_subpath_and_version
=== RUN   TestExtractActionVersion/action_without_version
=== RUN   TestExtractActionVersion/action_with_branch_ref
--- PASS: TestExtractActionVersion (0.00s)
    --- PASS: TestExtractActionVersion/action_with_version_tag (0.00s)
    --- PASS: TestExtractActionVersion/action_with_SHA (0.00s)
    --- PASS: TestExtractActionVersion/action_with_subpath_and_version (0.00s)
    --- PASS: TestExtractActionVersion/action_without_version (0.00s)
    --- PASS: TestExtractActionVersion/action_with_branch_ref (0.00s)
=== RUN   TestApplyActionPinToStep
=== RUN   TestApplyActionPinToStep/step_with_pinned_action_(checkout)
⚠ Unable to resolve actions/checkout@v6 dynamically, using hardcoded pin for actions/checkout@v6.0.3
⚠ Unable to resolve actions/checkout@v6 dynamically, using hardcoded pin for actions/checkout@v6.0.3
=== RUN   TestApplyActionPinToStep/step_with_pinned_action_(setup-node)
⚠ Unable to resolve actions/setup-node@v6 dynamically, using hardcoded pin for actions/setup-node@v6.4.0
⚠ Unable to resolve actions/setup-node@v6 dynamically, using hardcoded pin for actions/setup-node@v6.4.0
=== RUN   TestApplyActionPinToStep/step_with_unpinned_action
=== RUN   TestApplyActionPinToStep/step_with_unversioned_action
=== RUN   TestApplyActionPinToStep/step_without_uses_field
=== RUN   TestApplyActionPinToStep/step_with_already_pinned_SHA
--- PASS: TestApplyActionPinToStep (0.00s)
    --- PASS: TestApplyActionPinToStep/step_with_pinned_action_(checkout) (0.00s)
    --- PASS: TestApplyActionPinToStep/step_with_pinned_action_(setup-node) (0.00s)
    --- PASS: TestApplyActionPinToStep/step_with_unpinned_action (0.00s)
    --- PASS: TestApplyActionPinToStep/step_with_unversioned_action (0.00s)
    --- PASS: TestApplyActionPinToStep/step_without_uses_field (0.00s)
    --- PASS: TestApplyActionPinToStep/step_with_already_pinned_SHA (0.00s)
=== RUN   TestGetLatestActionPinByRepo
=== RUN   TestGetLatestActionPinByRepo/actions/checkout
=== RUN   TestGetLatestActionPinByRepo/actions/setup-node
=== RUN   TestGetLatestActionPinByRepo/unknown/action
=== RUN   TestGetLatestActionPinByRepo/#00
--- PASS: TestGetLatestActionPinByRepo (0.00s)
    --- PASS: TestGetLatestActionPinByRepo/actions/checkout (0.00s)
    --- PASS: TestGetLatestActionPinByRepo/actions/setup-node (0.00s)
    --- PASS: TestGetLatestActionPinByRepo/unknown/action (0.00s)
    --- PASS: TestGetLatestActionPinByRepo/#00 (0.00s)
=== RUN   TestApplyActionPinToTypedStep
=== RUN   TestApplyActionPinToTypedStep/step_with_pinned_action_(checkout)
⚠ Unable to resolve actions/checkout@v6 dynamically, using hardcoded pin for actions/checkout@v6.0.3
⚠ Unable to resolve actions/checkout@v6 dynamically, using hardcoded pin for actions/checkout@v6.0.3
=== RUN   TestApplyActionPinToTypedStep/step_with_pinned_action_(setup-node)
⚠ Unable to resolve actions/setup-node@v6 dynamically, using hardcoded pin for actions/setup-node@v6.4.0
⚠ Unable to resolve actions/setup-node@v6 dynamically, using hardcoded pin for actions/setup-node@v6.4.0
=== RUN   TestApplyActionPinToTypedStep/step_with_unpinned_action
=== RUN   TestApplyActionPinToTypedStep/step_with_unversioned_action_in_embedded_pins
=== RUN   TestApplyActionPinToTypedStep/step_with_unversioned_action_not_in_pins_returns_error
=== RUN   TestApplyActionPinToTypedStep/local_action_ref_(./)_is_passed_through_unchanged
=== RUN   TestApplyActionPinToTypedStep/local_action_ref_(../)_returns_error
=== RUN   TestApplyActionPinToTypedStep/docker_image_ref_is_passed_through_unchanged
=== RUN   TestApplyActionPinToTypedStep/docker_image_ref_with_digest_is_passed_through_unchanged
=== RUN   TestApplyActionPinToTypedStep/step_without_uses_field
=== RUN   TestApplyActionPinToTypedStep/nil_step
=== RUN   TestApplyActionPinToTypedStep/step_preserves_other_fields
⚠ Unable to resolve actions/checkout@v6 dynamically, using hardcoded pin for actions/checkout@v6.0.3
⚠ Unable to resolve actions/checkout@v6 dynamically, using hardcoded pin for actions/checkout@v6.0.3
--- PASS: TestApplyActionPinToTypedStep (0.00s)
    --- PASS: TestApplyActionPinToTypedStep/step_with_pinned_action_(checkout) (0.00s)
    --- PASS: TestApplyActionPinToTypedStep/step_with_pinned_action_(setup-node) (0.00s)
    --- PASS: TestApplyActionPinToTypedStep/step_with_unpinned_action (0.00s)
    --- PASS: TestApplyActionPinToTypedStep/step_with_unversioned_action_in_embedded_pins (0.00s)
    --- PASS: TestApplyActionPinToTypedStep/step_with_unversioned_action_not_in_pins_returns_error (0.00s)
    --- PASS: TestApplyActionPinToTypedStep/local_action_ref_(./)_is_passed_through_unchanged (0.00s)
    --- PASS: TestApplyActionPinToTypedStep/local_action_ref_(../)_returns_error (0.00s)
    --- PASS: TestApplyActionPinToTypedStep/docker_image_ref_is_passed_through_unchanged (0.00s)
    --- PASS: TestApplyActionPinToTypedStep/docker_image_ref_with_digest_is_passed_through_unchanged (0.00s)
    --- PASS: TestApplyActionPinToTypedStep/step_without_uses_field (0.00s)
    --- PASS: TestApplyActionPinToTypedStep/nil_step (0.00s)
    --- PASS: TestApplyActionPinToTypedStep/step_preserves_other_fields (0.00s)
=== RUN   TestApplyActionPinToTypedStep_Immutability
⚠ Unable to resolve actions/checkout@v5 dynamically, using hardcoded pin for actions/checkout@v7.0.0
--- PASS: TestApplyActionPinToTypedStep_Immutability (0.00s)
=== RUN   TestGetActionPinWithData_SemverPreference
=== RUN   TestGetActionPinWithData_SemverPreference/fallback_for_setup-go_v6.2.0_resolves_to_v6.4.0
⚠ Unable to resolve actions/setup-go@v6.2.0 dynamically, using hardcoded pin for actions/setup-go@v6.4.0
=== RUN   TestGetActionPinWithData_SemverPreference/fallback_for_setup-go_v6.2.0_from_hardcoded_pins_resolves_to_v6.4.0
⚠ Unable to resolve actions/setup-go@v6.2.0 dynamically, using hardcoded pin for actions/setup-go@v6.4.0
=== RUN   TestGetActionPinWithData_SemverPreference/fallback_to_highest_semver-compatible_version_for_upload-artifact_when_requesting_v4
⚠ Unable to resolve actions/upload-artifact@v4 dynamically, using hardcoded pin for actions/upload-artifact@v7.0.1
=== RUN   TestGetActionPinWithData_SemverPreference/fallback_to_highest_semver-compatible_version_for_upload-artifact_when_requesting_v5
⚠ Unable to resolve actions/upload-artifact@v5 dynamically, using hardcoded pin for actions/upload-artifact@v7.0.1
=== RUN   TestGetActionPinWithData_SemverPreference/fallback_for_upload-artifact_v4.6.2_resolves_to_v7.0.1
⚠ Unable to resolve actions/upload-artifact@v4.6.2 dynamically, using hardcoded pin for actions/upload-artifact@v7.0.1
--- PASS: TestGetActionPinWithData_SemverPreference (0.00s)
    --- PASS: TestGetActionPinWithData_SemverPreference/fallback_for_setup-go_v6.2.0_resolves_to_v6.4.0 (0.00s)
    --- PASS: TestGetActionPinWithData_SemverPreference/fallback_for_setup-go_v6.2.0_from_hardcoded_pins_resolves_to_v6.4.0 (0.00s)
    --- PASS: TestGetActionPinWithData_SemverPreference/fallback_to_highest_semver-compatible_version_for_upload-artifact_when_requesting_v4 (0.00s)
    --- PASS: TestGetActionPinWithData_SemverPreference/fallback_to_highest_semver-compatible_version_for_upload-artifact_when_requesting_v5 (0.00s)
    --- PASS: TestGetActionPinWithData_SemverPreference/fallback_for_upload-artifact_v4.6.2_resolves_to_v7.0.1 (0.00s)
=== RUN   TestGetActionPinWithData_AlreadySHA
=== RUN   TestGetActionPinWithData_AlreadySHA/actions/checkout_with_full_SHA
    action_pins_test.go:736: Resolution: actions/checkout@93cb6efe18208431cddfb9bfd000000000000000 → actions/checkout@93cb6efe18208431cddfb9bfd000000000000000 # 93cb6efe18208431cddfb9bfd000000000000000
=== RUN   TestGetActionPinWithData_AlreadySHA/actions/setup-node_with_full_SHA
    action_pins_test.go:736: Resolution: actions/setup-node@395ad3262231945c25e8478fd5baf05154b1d79f → actions/setup-node@395ad3262231945c25e8478fd5baf05154b1d79f # 395ad3262231945c25e8478fd5baf05154b1d79f
=== RUN   TestGetActionPinWithData_AlreadySHA/different_action_with_full_SHA
    action_pins_test.go:736: Resolution: actions/upload-artifact@1234567890abcdef1234567890abcdef12345678 → actions/upload-artifact@1234567890abcdef1234567890abcdef12345678 # 1234567890abcdef1234567890abcdef12345678
--- PASS: TestGetActionPinWithData_AlreadySHA (0.00s)
    --- PASS: TestGetActionPinWithData_AlreadySHA/actions/checkout_with_full_SHA (0.00s)
    --- PASS: TestGetActionPinWithData_AlreadySHA/actions/setup-node_with_full_SHA (0.00s)
    --- PASS: TestGetActionPinWithData_AlreadySHA/different_action_with_full_SHA (0.00s)
=== RUN   TestApplyActionPinsToTypedSteps
=== RUN   TestApplyActionPinsToTypedSteps/nil_steps
=== RUN   TestApplyActionPinsToTypedSteps/empty_steps
=== RUN   TestApplyActionPinsToTypedSteps/step_with_uses_-_should_be_pinned
⚠ Unable to resolve actions/checkout@v4 dynamically, using hardcoded pin for actions/checkout@v7.0.0
=== RUN   TestApplyActionPinsToTypedSteps/step_with_run_-_should_not_change
=== RUN   TestApplyActionPinsToTypedSteps/mixed_steps
⚠ Unable to resolve actions/setup-node@v4 dynamically, using hardcoded pin for actions/setup-node@v6.4.0
=== RUN   TestApplyActionPinsToTypedSteps/unversioned_action_not_in_pins_returns_error
--- PASS: TestApplyActionPinsToTypedSteps (0.00s)
    --- PASS: TestApplyActionPinsToTypedSteps/nil_steps (0.00s)
    --- PASS: TestApplyActionPinsToTypedSteps/empty_steps (0.00s)
    --- PASS: TestApplyActionPinsToTypedSteps/step_with_uses_-_should_be_pinned (0.00s)
    --- PASS: TestApplyActionPinsToTypedSteps/step_with_run_-_should_not_change (0.00s)
    --- PASS: TestApplyActionPinsToTypedSteps/mixed_steps (0.00s)
    --- PASS: TestApplyActionPinsToTypedSteps/unversioned_action_not_in_pins_returns_error (0.00s)
=== RUN   TestGetActionPinWithData_V7Fallback
⚠ Unable to resolve actions/upload-artifact@v7 dynamically, using hardcoded pin for actions/upload-artifact@v7.0.1
    action_pins_test.go:925: Result: actions/upload-artifact@043fb46d1a93c77aae656e7c1c64a875d1fc6a0a # v7.0.1 (source v7)
--- PASS: TestGetActionPinWithData_V7Fallback (0.00s)
=== RUN   TestGetActionPinWithData_ExactVersionResolution
=== RUN   TestGetActionPinWithData_ExactVersionResolution/v4_resolves_to_exactly_v4,_not_v4.6.2
    action_pins_test.go:1003: Result: actions/upload-artifact@c5eb11a343de00d7472c5a5c6598bc1f1fd51144 # v4
=== RUN   TestGetActionPinWithData_ExactVersionResolution/v5_resolves_to_exactly_v5,_not_v5.0.0
    action_pins_test.go:1003: Result: actions/upload-artifact@330a01c490aca151604b8cf639adc76d48f6c5d4 # v5
--- PASS: TestGetActionPinWithData_ExactVersionResolution (0.00s)
    --- PASS: TestGetActionPinWithData_ExactVersionResolution/v4_resolves_to_exactly_v4,_not_v4.6.2 (0.00s)
    --- PASS: TestGetActionPinWithData_ExactVersionResolution/v5_resolves_to_exactly_v5,_not_v5.0.0 (0.00s)
=== RUN   TestFallbackVersionUsesRequestedVersionInComment
=== RUN   TestFallbackVersionUsesRequestedVersionInComment/v8_falls_back_to_v9.0.0_and_comment_records_source_v8
⚠ Unable to resolve actions/github-script@v8 dynamically, using hardcoded pin for actions/github-script@v9.0.0
=== RUN   TestFallbackVersionUsesRequestedVersionInComment/v7_falls_back_to_v9.0.0_and_comment_records_source_v7
⚠ Unable to resolve actions/github-script@v7 dynamically, using hardcoded pin for actions/github-script@v9.0.0
--- PASS: TestFallbackVersionUsesRequestedVersionInComment (0.00s)
    --- PASS: TestFallbackVersionUsesRequestedVersionInComment/v8_falls_back_to_v9.0.0_and_comment_records_source_v8 (0.00s)
    --- PASS: TestFallbackVersionUsesRequestedVersionInComment/v7_falls_back_to_v9.0.0_and_comment_records_source_v7 (0.00s)
=== RUN   TestActionPinWarningDeduplication
=== RUN   TestActionPinWarningDeduplication/unknown_action_called_3_times_-_warn_once
=== RUN   TestActionPinWarningDeduplication/unknown_action_called_6_times_-_warn_once
=== RUN   TestActionPinWarningDeduplication/different_versions_warn_separately
--- PASS: TestActionPinWarningDeduplication (0.00s)
    --- PASS: TestActionPinWarningDeduplication/unknown_action_called_3_times_-_warn_once (0.00s)
    --- PASS: TestActionPinWarningDeduplication/unknown_action_called_6_times_-_warn_once (0.00s)
    --- PASS: TestActionPinWarningDeduplication/different_versions_warn_separately (0.00s)
=== RUN   TestActionPinWarningDeduplicationAcrossDifferentVersions
--- PASS: TestActionPinWarningDeduplicationAcrossDifferentVersions (0.00s)
=== RUN   TestFormatActionReference
=== RUN   TestFormatActionReference/standard_action_reference
=== RUN   TestFormatActionReference/action_with_simple_version
=== RUN   TestFormatActionReference/action_with_short_repo_name
=== RUN   TestFormatActionReference/action_with_nested_repo_path
--- PASS: TestFormatActionReference (0.00s)
    --- PASS: TestFormatActionReference/standard_action_reference (0.00s)
    --- PASS: TestFormatActionReference/action_with_simple_version (0.00s)
    --- PASS: TestFormatActionReference/action_with_short_repo_name (0.00s)
    --- PASS: TestFormatActionReference/action_with_nested_repo_path (0.00s)
=== RUN   TestFormatActionCacheKey
=== RUN   TestFormatActionCacheKey/standard_cache_key
=== RUN   TestFormatActionCacheKey/cache_key_with_precise_version
=== RUN   TestFormatActionCacheKey/cache_key_with_simple_version
=== RUN   TestFormatActionCacheKey/cache_key_with_SHA
--- PASS: TestFormatActionCacheKey (0.00s)
    --- PASS: TestFormatActionCacheKey/standard_cache_key (0.00s)
    --- PASS: TestFormatActionCacheKey/cache_key_with_precise_version (0.00s)
    --- PASS: TestFormatActionCacheKey/cache_key_with_simple_version (0.00s)
    --- PASS: TestFormatActionCacheKey/cache_key_with_SHA (0.00s)
=== RUN   TestMapToStepWithActionPinning
=== RUN   TestMapToStepWithActionPinning/valid_step_with_action_-_should_pin
⚠ Unable to resolve actions/checkout@v6 dynamically, using hardcoded pin for actions/checkout@v6.0.3
⚠ Unable to resolve actions/checkout@v6 dynamically, using hardcoded pin for actions/checkout@v6.0.3
=== RUN   TestMapToStepWithActionPinning/valid_step_with_run_-_should_not_pin
=== RUN   TestMapToStepWithActionPinning/step_with_complex_fields
⚠ Unable to resolve actions/setup-node@v6 dynamically, using hardcoded pin for actions/setup-node@v6.4.0
⚠ Unable to resolve actions/setup-node@v6 dynamically, using hardcoded pin for actions/setup-node@v6.4.0
--- PASS: TestMapToStepWithActionPinning (0.00s)
    --- PASS: TestMapToStepWithActionPinning/valid_step_with_action_-_should_pin (0.00s)
    --- PASS: TestMapToStepWithActionPinning/valid_step_with_run_-_should_not_pin (0.00s)
    --- PASS: TestMapToStepWithActionPinning/step_with_complex_fields (0.00s)
=== RUN   TestSliceToStepsWithActionPinning
=== RUN   TestSliceToStepsWithActionPinning/mixed_steps_-_some_with_actions,_some_with_run
⚠ Unable to resolve actions/checkout@v5 dynamically, using hardcoded pin for actions/checkout@v7.0.0
⚠ Unable to resolve actions/setup-node@v6 dynamically, using hardcoded pin for actions/setup-node@v6.4.0
=== RUN   TestSliceToStepsWithActionPinning/empty_steps_slice
=== RUN   TestSliceToStepsWithActionPinning/all_action_steps
⚠ Unable to resolve actions/checkout@v5 dynamically, using hardcoded pin for actions/checkout@v7.0.0
⚠ Unable to resolve actions/setup-node@v6 dynamically, using hardcoded pin for actions/setup-node@v6.4.0
--- PASS: TestSliceToStepsWithActionPinning (0.00s)
    --- PASS: TestSliceToStepsWithActionPinning/mixed_steps_-_some_with_actions,_some_with_run (0.00s)
    --- PASS: TestSliceToStepsWithActionPinning/empty_steps_slice (0.00s)
    --- PASS: TestSliceToStepsWithActionPinning/all_action_steps (0.00s)
=== RUN   TestMapToStepErrorHandling
=== RUN   TestMapToStepErrorHandling/nil_step_map
=== RUN   TestMapToStepErrorHandling/empty_step_map
=== RUN   TestMapToStepErrorHandling/valid_step_with_all_fields
--- PASS: TestMapToStepErrorHandling (0.00s)
    --- PASS: TestMapToStepErrorHandling/nil_step_map (0.00s)
    --- PASS: TestMapToStepErrorHandling/empty_step_map (0.00s)
    --- PASS: TestMapToStepErrorHandling/valid_step_with_all_fields (0.00s)
=== RUN   TestSliceToStepsErrorHandling
=== RUN   TestSliceToStepsErrorHandling/nil_slice
=== RUN   TestSliceToStepsErrorHandling/empty_slice
=== RUN   TestSliceToStepsErrorHandling/slice_with_non-map_element
=== RUN   TestSliceToStepsErrorHandling/slice_with_mixed_valid_and_invalid_elements
=== RUN   TestSliceToStepsErrorHandling/slice_with_all_valid_elements
--- PASS: TestSliceToStepsErrorHandling (0.00s)
    --- PASS: TestSliceToStepsErrorHandling/nil_slice (0.00s)
    --- PASS: TestSliceToStepsErrorHandling/empty_slice (0.00s)
    --- PASS: TestSliceToStepsErrorHandling/slice_with_non-map_element (0.00s)
    --- PASS: TestSliceToStepsErrorHandling/slice_with_mixed_valid_and_invalid_elements (0.00s)
    --- PASS: TestSliceToStepsErrorHandling/slice_with_all_valid_elements (0.00s)
=== RUN   TestGetActionPinGHESArtifactCompat
--- PASS: TestGetActionPinGHESArtifactCompat (0.01s)
=== RUN   TestGHESArtifactCompatReset
--- PASS: TestGHESArtifactCompatReset (0.00s)
=== RUN   TestGHESArtifactCompatPinsExist
--- PASS: TestGHESArtifactCompatPinsExist (0.00s)
=== RUN   TestConvertToRemoteActionRef
=== RUN   TestConvertToRemoteActionRef/local_path_with_./_prefix_and_version_tag
=== RUN   TestConvertToRemoteActionRef/local_path_without_./_prefix_and_version_tag
=== RUN   TestConvertToRemoteActionRef/nested_action_path_with_version_tag
=== RUN   TestConvertToRemoteActionRef/dev_version_returns_empty
=== RUN   TestConvertToRemoteActionRef/empty_version_returns_empty
=== RUN   TestConvertToRemoteActionRef/action-tag_overrides_version
=== RUN   TestConvertToRemoteActionRef/action-tag_with_specific_SHA
=== RUN   TestConvertToRemoteActionRef/action-tag_with_version_tag_format
=== RUN   TestConvertToRemoteActionRef/empty_action-tag_falls_back_to_version
=== RUN   TestConvertToRemoteActionRef/nil_data_falls_back_to_version
--- PASS: TestConvertToRemoteActionRef (0.02s)
    --- PASS: TestConvertToRemoteActionRef/local_path_with_./_prefix_and_version_tag (0.00s)
    --- PASS: TestConvertToRemoteActionRef/local_path_without_./_prefix_and_version_tag (0.00s)
    --- PASS: TestConvertToRemoteActionRef/nested_action_path_with_version_tag (0.00s)
    --- PASS: TestConvertToRemoteActionRef/dev_version_returns_empty (0.00s)
    --- PASS: TestConvertToRemoteActionRef/empty_version_returns_empty (0.00s)
    --- PASS: TestConvertToRemoteActionRef/action-tag_overrides_version (0.00s)
    --- PASS: TestConvertToRemoteActionRef/action-tag_with_specific_SHA (0.00s)
    --- PASS: TestConvertToRemoteActionRef/action-tag_with_version_tag_format (0.00s)
    --- PASS: TestConvertToRemoteActionRef/empty_action-tag_falls_back_to_version (0.00s)
    --- PASS: TestConvertToRemoteActionRef/nil_data_falls_back_to_version (0.00s)
=== RUN   TestResolveActionReference
=== RUN   TestResolveActionReference/dev_mode
=== RUN   TestResolveActionReference/release_mode_with_version_tag_and_unresolved_pin
=== RUN   TestResolveActionReference/release_mode_with_dev_version
=== RUN   TestResolveActionReference/release_mode_with_action-tag_overrides_version
=== RUN   TestResolveActionReference/release_mode_with_action-tag_using_SHA
=== RUN   TestResolveActionReference/dev_mode_with_action-tag_uses_external_actions_repo
--- PASS: TestResolveActionReference (0.01s)
    --- PASS: TestResolveActionReference/dev_mode (0.00s)
    --- PASS: TestResolveActionReference/release_mode_with_version_tag_and_unresolved_pin (0.01s)
    --- PASS: TestResolveActionReference/release_mode_with_dev_version (0.00s)
    --- PASS: TestResolveActionReference/release_mode_with_action-tag_overrides_version (0.00s)
    --- PASS: TestResolveActionReference/release_mode_with_action-tag_using_SHA (0.00s)
    --- PASS: TestResolveActionReference/dev_mode_with_action-tag_uses_external_actions_repo (0.00s)
=== RUN   TestCompilerActionTag
=== RUN   TestCompilerActionTag/compiler_actionTag_overrides_frontmatter_action-tag
=== RUN   TestCompilerActionTag/compiler_actionTag_overrides_version
=== RUN   TestCompilerActionTag/compiler_actionTag_with_dev_mode_forces_release_behavior
=== RUN   TestCompilerActionTag/empty_compiler_actionTag_falls_back_to_frontmatter
=== RUN   TestCompilerActionTag/empty_compiler_actionTag_and_no_frontmatter_uses_version
--- PASS: TestCompilerActionTag (0.00s)
    --- PASS: TestCompilerActionTag/compiler_actionTag_overrides_frontmatter_action-tag (0.00s)
    --- PASS: TestCompilerActionTag/compiler_actionTag_overrides_version (0.00s)
    --- PASS: TestCompilerActionTag/compiler_actionTag_with_dev_mode_forces_release_behavior (0.00s)
    --- PASS: TestCompilerActionTag/empty_compiler_actionTag_falls_back_to_frontmatter (0.00s)
    --- PASS: TestCompilerActionTag/empty_compiler_actionTag_and_no_frontmatter_uses_version (0.00s)
=== RUN   TestResolveSetupActionReference
=== RUN   TestResolveSetupActionReference/dev_mode_returns_local_path
=== RUN   TestResolveSetupActionReference/release_mode_with_version
=== RUN   TestResolveSetupActionReference/release_mode_with_actionTag_overrides_version
=== RUN   TestResolveSetupActionReference/release_mode_with_SHA_actionTag
=== RUN   TestResolveSetupActionReference/release_mode_with_dev_version_falls_back_to_local
=== RUN   TestResolveSetupActionReference/release_mode_with_dev_version_but_actionTag_specified
=== RUN   TestResolveSetupActionReference/dev_mode_with_actionTag_uses_local_path_(actionTag_not_checked_here)
--- PASS: TestResolveSetupActionReference (0.00s)
    --- PASS: TestResolveSetupActionReference/dev_mode_returns_local_path (0.00s)
    --- PASS: TestResolveSetupActionReference/release_mode_with_version (0.00s)
    --- PASS: TestResolveSetupActionReference/release_mode_with_actionTag_overrides_version (0.00s)
    --- PASS: TestResolveSetupActionReference/release_mode_with_SHA_actionTag (0.00s)
    --- PASS: TestResolveSetupActionReference/release_mode_with_dev_version_falls_back_to_local (0.00s)
    --- PASS: TestResolveSetupActionReference/release_mode_with_dev_version_but_actionTag_specified (0.00s)
    --- PASS: TestResolveSetupActionReference/dev_mode_with_actionTag_uses_local_path_(actionTag_not_checked_here) (0.00s)
=== RUN   TestResolveSetupActionReferenceWithData
=== RUN   TestResolveSetupActionReferenceWithData/release_mode_with_resolver_resolves_SHA
=== RUN   TestResolveSetupActionReferenceWithData/release_mode_with_nil_resolver_returns_tag-based_reference
--- PASS: TestResolveSetupActionReferenceWithData (0.00s)
    --- PASS: TestResolveSetupActionReferenceWithData/release_mode_with_resolver_resolves_SHA (0.00s)
    --- PASS: TestResolveSetupActionReferenceWithData/release_mode_with_nil_resolver_returns_tag-based_reference (0.00s)
=== RUN   TestExtractBaseRepo
=== RUN   TestExtractBaseRepo/simple_repo
=== RUN   TestExtractBaseRepo/repo_with_subpath
=== RUN   TestExtractBaseRepo/repo_with_multiple_subpaths
=== RUN   TestExtractBaseRepo/single_part_repo
--- PASS: TestExtractBaseRepo (0.00s)
    --- PASS: TestExtractBaseRepo/simple_repo (0.00s)
    --- PASS: TestExtractBaseRepo/repo_with_subpath (0.00s)
    --- PASS: TestExtractBaseRepo/repo_with_multiple_subpaths (0.00s)
    --- PASS: TestExtractBaseRepo/single_part_repo (0.00s)
=== RUN   TestActionResolverCache
--- PASS: TestActionResolverCache (0.00s)
=== RUN   TestActionResolverFailedResolutionCache
--- PASS: TestActionResolverFailedResolutionCache (0.00s)
=== RUN   TestParseTagRefTSV
=== RUN   TestParseTagRefTSV/lightweight_tag_returns_commit_type
=== RUN   TestParseTagRefTSV/annotated_tag_returns_tag_type
=== RUN   TestParseTagRefTSV/input_without_trailing_newline
=== RUN   TestParseTagRefTSV/empty_input_is_rejected
=== RUN   TestParseTagRefTSV/missing_tab_separator_is_rejected
=== RUN   TestParseTagRefTSV/empty_type_field_is_rejected
=== RUN   TestParseTagRefTSV/short_SHA_is_rejected
=== RUN   TestParseTagRefTSV/non-hex_SHA_is_rejected
--- PASS: TestParseTagRefTSV (0.00s)
    --- PASS: TestParseTagRefTSV/lightweight_tag_returns_commit_type (0.00s)
    --- PASS: TestParseTagRefTSV/annotated_tag_returns_tag_type (0.00s)
    --- PASS: TestParseTagRefTSV/input_without_trailing_newline (0.00s)
    --- PASS: TestParseTagRefTSV/empty_input_is_rejected (0.00s)
    --- PASS: TestParseTagRefTSV/missing_tab_separator_is_rejected (0.00s)
    --- PASS: TestParseTagRefTSV/empty_type_field_is_rejected (0.00s)
    --- PASS: TestParseTagRefTSV/short_SHA_is_rejected (0.00s)
    --- PASS: TestParseTagRefTSV/non-hex_SHA_is_rejected (0.00s)
=== RUN   TestActionResolverUsedCacheKeysOnCacheHit
--- PASS: TestActionResolverUsedCacheKeysOnCacheHit (0.00s)
=== RUN   TestActionResolverGetUsedCacheKeysReturnsCopy
--- PASS: TestActionResolverGetUsedCacheKeysReturnsCopy (0.00s)
=== RUN   TestForceGHHostEnvWithPresetCmdEnv
--- PASS: TestForceGHHostEnvWithPresetCmdEnv (0.00s)
=== RUN   TestForceGHHostEnvSetsGitHubCom
=== RUN   TestForceGHHostEnvSetsGitHubCom/GH_HOST_unset
=== RUN   TestForceGHHostEnvSetsGitHubCom/GH_HOST_set_to_GHE_host
=== RUN   TestForceGHHostEnvSetsGitHubCom/GH_HOST_already_set_to_github.com
--- PASS: TestForceGHHostEnvSetsGitHubCom (0.00s)
    --- PASS: TestForceGHHostEnvSetsGitHubCom/GH_HOST_unset (0.00s)
    --- PASS: TestForceGHHostEnvSetsGitHubCom/GH_HOST_set_to_GHE_host (0.00s)
    --- PASS: TestForceGHHostEnvSetsGitHubCom/GH_HOST_already_set_to_github.com (0.00s)
=== RUN   TestExtractActionsFromLockFile
--- PASS: TestExtractActionsFromLockFile (0.00s)
=== RUN   TestExtractActionsFromLockFileNoDuplicates
--- PASS: TestExtractActionsFromLockFileNoDuplicates (0.00s)
=== RUN   TestCheckActionSHAUpdates
--- PASS: TestCheckActionSHAUpdates (0.00s)
=== RUN   TestExtractActionsFromLockFileNoActions
--- PASS: TestExtractActionsFromLockFileNoActions (0.00s)
=== RUN   TestExtractActionsFromLockFileInvalidFile
--- PASS: TestExtractActionsFromLockFileInvalidFile (0.00s)
=== RUN   TestExtractActionsFromLockFileWithVersionComments
--- PASS: TestExtractActionsFromLockFileWithVersionComments (0.00s)
=== RUN   TestGeneratedWorkflowsUseSHAs
/tmp/gh-aw-test-runs/20260704-173215-1254793/test-2207070174/test-workflow.md: info: Tip: set permissions.copilot-requests: write to use GitHub Actions token-based inference with the Copilot engine instead of a personal access token (COPILOT_GITHUB_TOKEN). This option requires that your organization has centralized Copilot billing enabled and may not be available in all organizations — see https://github.github.com/gh-aw/reference/billing/ for details.

✓ /tmp/gh-aw-test-runs/20260704-173215-1254793/test-2207070174/test-workflow.md (77.2 KB)
    action_sha_validation_test.go:79: Found 35 SHA-based action references
--- PASS: TestGeneratedWorkflowsUseSHAs (0.19s)
=== RUN   TestCompileWorkflowActionReferences
/tmp/gh-aw-test-runs/20260704-173215-1254793/test-1667655575/test-workflow.md: info: Tip: set permissions.copilot-requests: write to use GitHub Actions token-based inference with the Copilot engine instead of a personal access token (COPILOT_GITHUB_TOKEN). This option requires that your organization has centralized Copilot billing enabled and may not be available in all organizations — see https://github.github.com/gh-aw/reference/billing/ for details.

✓ /tmp/gh-aw-test-runs/20260704-173215-1254793/test-1667655575/test-workflow.md (101.0 KB)
--- PASS: TestCompileWorkflowActionReferences (0.02s)
=== RUN   TestNoVersionTagsInLockFiles
/tmp/gh-aw-test-runs/20260704-173215-1254793/test-1367900319/test-workflow.md: info: Tip: set permissions.copilot-requests: write to use GitHub Actions token-based inference with the Copilot engine instead of a personal access token (COPILOT_GITHUB_TOKEN). This option requires that your organization has centralized Copilot billing enabled and may not be available in all organizations — see https://github.github.com/gh-aw/reference/billing/ for details.

✓ /tmp/gh-aw-test-runs/20260704-173215-1254793/test-1367900319/test-workflow.md (77.2 KB)
--- PASS: TestNoVersionTagsInLockFiles (0.01s)
=== RUN   TestActionSHAValidationSavesCache
    action_sha_validation_test.go:239: Validation completed successfully
--- PASS: TestActionSHAValidationSavesCache (0.00s)
=== RUN   TestActivationGitHubToken
=== RUN   TestActivationGitHubToken/custom_token_used_in_reaction_step
=== RUN   TestActivationGitHubToken/default_token_used_when_no_custom_token
=== RUN   TestActivationGitHubToken/custom_token_used_in_status_comment
=== RUN   TestActivationGitHubToken/no_github_token_in_status_comment_when_using_default
--- PASS: TestActivationGitHubToken (0.00s)
    --- PASS: TestActivationGitHubToken/custom_token_used_in_reaction_step (0.00s)
    --- PASS: TestActivationGitHubToken/default_token_used_when_no_custom_token (0.00s)
    --- PASS: TestActivationGitHubToken/custom_token_used_in_status_comment (0.00s)
    --- PASS: TestActivationGitHubToken/no_github_token_in_status_comment_when_using_default (0.00s)
=== RUN   TestActivationGitHubApp
=== RUN   TestActivationGitHubApp/app_token_minted_before_reaction
=== RUN   TestActivationGitHubApp/app_token_minted_before_status_comment
=== RUN   TestActivationGitHubApp/missing_key_ignore_adds_guard_and_fallback_token
=== RUN   TestActivationGitHubApp/app_token_minted_once_for_both_reaction_and_comment
=== RUN   TestActivationGitHubApp/app_token_minted_for_hash_check_even_without_reaction_or_comment
--- PASS: TestActivationGitHubApp (0.00s)
    --- PASS: TestActivationGitHubApp/app_token_minted_before_reaction (0.00s)
    --- PASS: TestActivationGitHubApp/app_token_minted_before_status_comment (0.00s)
    --- PASS: TestActivationGitHubApp/missing_key_ignore_adds_guard_and_fallback_token (0.00s)
    --- PASS: TestActivationGitHubApp/app_token_minted_once_for_both_reaction_and_comment (0.00s)
    --- PASS: TestActivationGitHubApp/app_token_minted_for_hash_check_even_without_reaction_or_comment (0.00s)
=== RUN   TestActivationJobNeedsAppToken
=== RUN   TestActivationJobNeedsAppToken/no_app_configured
=== RUN   TestActivationJobNeedsAppToken/reaction_triggers_app_token
=== RUN   TestActivationJobNeedsAppToken/status_comment_triggers_app_token
=== RUN   TestActivationJobNeedsAppToken/remove_label_triggers_app_token
=== RUN   TestActivationJobNeedsAppToken/access_requirement_triggers_app_token
=== RUN   TestActivationJobNeedsAppToken/no_triggers_with_app
=== RUN   TestActivationJobNeedsAppToken/daily_guardrail_triggers_app_token
--- PASS: TestActivationJobNeedsAppToken (0.00s)
    --- PASS: TestActivationJobNeedsAppToken/no_app_configured (0.00s)
    --- PASS: TestActivationJobNeedsAppToken/reaction_triggers_app_token (0.00s)
    --- PASS: TestActivationJobNeedsAppToken/status_comment_triggers_app_token (0.00s)
    --- PASS: TestActivationJobNeedsAppToken/remove_label_triggers_app_token (0.00s)
    --- PASS: TestActivationJobNeedsAppToken/access_requirement_triggers_app_token (0.00s)
    --- PASS: TestActivationJobNeedsAppToken/no_triggers_with_app (0.00s)
    --- PASS: TestActivationJobNeedsAppToken/daily_guardrail_triggers_app_token (0.00s)
=== RUN   TestActivationGitHubTokenExtraction
=== RUN   TestActivationGitHubTokenExtraction/extracts_github_token_from_on_section
=== RUN   TestActivationGitHubTokenExtraction/returns_empty_when_no_github_token
=== RUN   TestActivationGitHubTokenExtraction/extracts_github_app_from_on_section
=== RUN   TestActivationGitHubTokenExtraction/returns_nil_when_no_github_app
--- PASS: TestActivationGitHubTokenExtraction (0.00s)
    --- PASS: TestActivationGitHubTokenExtraction/extracts_github_token_from_on_section (0.00s)
    --- PASS: TestActivationGitHubTokenExtraction/returns_empty_when_no_github_token (0.00s)
    --- PASS: TestActivationGitHubTokenExtraction/extracts_github_app_from_on_section (0.00s)
    --- PASS: TestActivationGitHubTokenExtraction/returns_nil_when_no_github_app (0.00s)
=== RUN   TestActivationGitHubTokenCompiledWorkflow
=== RUN   TestActivationGitHubTokenCompiledWorkflow/github_token_used_in_reaction_step
/tmp/gh-aw-test-runs/20260704-173215-1254793/activation-github-token-test2965178411/token-workflow.md: info: Tip: set permissions.copilot-requests: write to use GitHub Actions token-based inference with the Copilot engine instead of a personal access token (COPILOT_GITHUB_TOKEN). This option requires that your organization has centralized Copilot billing enabled and may not be available in all organizations — see https://github.github.com/gh-aw/reference/billing/ for details.

/tmp/gh-aw-test-runs/20260704-173215-1254793/activation-github-token-test2965178411/token-workflow.md: warning: safe update mode detected unapproved changes

New restricted secret(s):
  - MY_TOKEN

Remediation options:
  1. Use the --approve flag to allow the changes.
  2. Revert the unapproved changes.
  3. Use an interactive coding agent to review and approve the changes.

✓ /tmp/gh-aw-test-runs/20260704-173215-1254793/activation-github-token-test2965178411/token-workflow.md (80.5 KB)
=== RUN   TestActivationGitHubTokenCompiledWorkflow/github_token_commented_when_no_reaction
/tmp/gh-aw-test-runs/20260704-173215-1254793/activation-github-token-test2965178411/token-only-workflow.md: info: Tip: set permissions.copilot-requests: write to use GitHub Actions token-based inference with the Copilot engine instead of a personal access token (COPILOT_GITHUB_TOKEN). This option requires that your organization has centralized Copilot billing enabled and may not be available in all organizations — see https://github.github.com/gh-aw/reference/billing/ for details.

/tmp/gh-aw-test-runs/20260704-173215-1254793/activation-github-token-test2965178411/token-only-workflow.md: warning: safe update mode detected unapproved changes

New restricted secret(s):
  - MY_TOKEN

Remediation options:
  1. Use the --approve flag to allow the changes.
  2. Revert the unapproved changes.
  3. Use an interactive coding agent to review and approve the changes.

✓ /tmp/gh-aw-test-runs/20260704-173215-1254793/activation-github-token-test2965178411/token-only-workflow.md (79.6 KB)
=== RUN   TestActivationGitHubTokenCompiledWorkflow/github_app_token_minted_and_used_in_reaction
/tmp/gh-aw-test-runs/20260704-173215-1254793/activation-github-token-test2965178411/app-workflow.md: info: Tip: set permissions.copilot-requests: write to use GitHub Actions token-based inference with the Copilot engine instead of a personal access token (COPILOT_GITHUB_TOKEN). This option requires that your organization has centralized Copilot billing enabled and may not be available in all organizations — see https://github.github.com/gh-aw/reference/billing/ for details.

/tmp/gh-aw-test-runs/20260704-173215-1254793/activation-github-token-test2965178411/app-workflow.md: warning: safe update mode detected unapproved changes

New restricted secret(s):
  - APP_KEY

Remediation options:
  1. Use the --approve flag to allow the changes.
  2. Revert the unapproved changes.
  3. Use an interactive coding agent to review and approve the changes.

✓ /tmp/gh-aw-test-runs/20260704-173215-1254793/activation-github-token-test2965178411/app-workflow.md (81.5 KB)
--- PASS: TestActivationGitHubTokenCompiledWorkflow (0.05s)
    --- PASS: TestActivationGitHubTokenCompiledWorkflow/github_token_used_in_reaction_step (0.02s)
    --- PASS: TestActivationGitHubTokenCompiledWorkflow/github_token_commented_when_no_reaction (0.01s)
    --- PASS: TestActivationGitHubTokenCompiledWorkflow/github_app_token_minted_and_used_in_reaction (0.02s)
=== RUN   TestActivationPermissionsIssueOnlyReactionAndStatusComment
/tmp/gh-aw-test-runs/20260704-173215-1254793/activation-perms-issues-only303322636/issue-only.md: info: Tip: set permissions.copilot-requests: write to use GitHub Actions token-based inference with the Copilot engine instead of a personal access token (COPILOT_GITHUB_TOKEN). This option requires that your organization has centralized Copilot billing enabled and may not be available in all organizations — see https://github.github.com/gh-aw/reference/billing/ for details.

✓ /tmp/gh-aw-test-runs/20260704-173215-1254793/activation-perms-issues-only303322636/issue-only.md (104.1 KB)
--- PASS: TestActivationPermissionsIssueOnlyReactionAndStatusComment (0.02s)
=== RUN   TestActivationPermissionsPRReviewReactionOnly
/tmp/gh-aw-test-runs/20260704-173215-1254793/activation-perms-pr-review2131922372/pr-review-reaction.md: info: Tip: set permissions.copilot-requests: write to use GitHub Actions token-based inference with the Copilot engine instead of a personal access token (COPILOT_GITHUB_TOKEN). This option requires that your organization has centralized Copilot billing enabled and may not be available in all organizations — see https://github.github.com/gh-aw/reference/billing/ for details.

✓ /tmp/gh-aw-test-runs/20260704-173215-1254793/activation-perms-pr-review2131922372/pr-review-reaction.md (80.7 KB)
--- PASS: TestActivationPermissionsPRReviewReactionOnly (0.01s)
=== RUN   TestActivationPermissionsPullRequestReactionRequiresPullRequestsWrite
/tmp/gh-aw-test-runs/20260704-173215-1254793/activation-perms-pull-request-reaction3625376430/pull-request-reaction.md: info: Tip: set permissions.copilot-requests: write to use GitHub Actions token-based inference with the Copilot engine instead of a personal access token (COPILOT_GITHUB_TOKEN). This option requires that your organization has centralized Copilot billing enabled and may not be available in all organizations — see https://github.github.com/gh-aw/reference/billing/ for details.

✓ /tmp/gh-aw-test-runs/20260704-173215-1254793/activation-perms-pull-request-reaction3625376430/pull-request-reaction.md (80.3 KB)
--- PASS: TestActivationPermissionsPullRequestReactionRequiresPullRequestsWrite (0.01s)
=== RUN   TestActivationPermissionsReactionPullRequestsDisabled
/tmp/gh-aw-test-runs/20260704-173215-1254793/activation-perms-reaction-pr-disabled1468390258/reaction-pr-disabled.md: info: Tip: set permissions.copilot-requests: write to use GitHub Actions token-based inference with the Copilot engine instead of a personal access token (COPILOT_GITHUB_TOKEN). This option requires that your organization has centralized Copilot billing enabled and may not be available in all organizations — see https://github.github.com/gh-aw/reference/billing/ for details.

✓ /tmp/gh-aw-test-runs/20260704-173215-1254793/activation-perms-reaction-pr-disabled1468390258/reaction-pr-disabled.md (80.1 KB)
--- PASS: TestActivationPermissionsReactionPullRequestsDisabled (0.02s)
=== RUN   TestActivationPermissionsStatusCommentDiscussionsDisabled
/tmp/gh-aw-test-runs/20260704-173215-1254793/activation-perms-status-comment-discussions-disabled774253616/status-comment-discussions-disabled.md: info: Tip: set permissions.copilot-requests: write to use GitHub Actions token-based inference with the Copilot engine instead of a personal access token (COPILOT_GITHUB_TOKEN). This option requires that your organization has centralized Copilot billing enabled and may not be available in all organizations — see https://github.github.com/gh-aw/reference/billing/ for details.

✓ /tmp/gh-aw-test-runs/20260704-173215-1254793/activation-perms-status-comment-discussions-disabled774253616/status-comment-discussions-disabled.md (81.5 KB)
--- PASS: TestActivationPermissionsStatusCommentDiscussionsDisabled (0.01s)
=== RUN   TestAddActivationInteractionPermissionsMapFallsBackOnInvalidOnYAML
--- PASS: TestAddActivationInteractionPermissionsMapFallsBackOnInvalidOnYAML (0.00s)
=== RUN   TestAddActivationInteractionPermissionsMapFallbackRespectsStatusCommentDiscussionsToggle
--- PASS: TestAddActivationInteractionPermissionsMapFallbackRespectsStatusCommentDiscussionsToggle (0.00s)
=== RUN   TestAddActivationInteractionPermissionsMapFallbackIgnoresStatusCommentDefaultsWhenDisabled
--- PASS: TestAddActivationInteractionPermissionsMapFallbackIgnoresStatusCommentDefaultsWhenDisabled (0.00s)
=== RUN   TestActivationPermissionsStatusCommentIssuesDisabled
/tmp/gh-aw-test-runs/20260704-173215-1254793/activation-perms-status-comment-issues-disabled728660416/status-comment-issues-disabled.md: info: Tip: set permissions.copilot-requests: write to use GitHub Actions token-based inference with the Copilot engine instead of a personal access token (COPILOT_GITHUB_TOKEN). This option requires that your organization has centralized Copilot billing enabled and may not be available in all organizations — see https://github.github.com/gh-aw/reference/billing/ for details.

✓ /tmp/gh-aw-test-runs/20260704-173215-1254793/activation-perms-status-comment-issues-disabled728660416/status-comment-issues-disabled.md (81.4 KB)
--- PASS: TestActivationPermissionsStatusCommentIssuesDisabled (0.01s)
=== RUN   TestAddActivationInteractionPermissionsMapFallbackRespectsStatusCommentIssuesToggle
--- PASS: TestAddActivationInteractionPermissionsMapFallbackRespectsStatusCommentIssuesToggle (0.00s)
=== RUN   TestStatusCommentObjectRejectsAllTargetsDisabled
--- PASS: TestStatusCommentObjectRejectsAllTargetsDisabled (0.00s)
=== RUN   TestActivationPermissionsStatusCommentPullRequestsDisabled
/tmp/gh-aw-test-runs/20260704-173215-1254793/activation-perms-status-comment-pull-requests-disabled1845797505/status-comment-pull-requests-disabled.md: info: Tip: set permissions.copilot-requests: write to use GitHub Actions token-based inference with the Copilot engine instead of a personal access token (COPILOT_GITHUB_TOKEN). This option requires that your organization has centralized Copilot billing enabled and may not be available in all organizations — see https://github.github.com/gh-aw/reference/billing/ for details.

✓ /tmp/gh-aw-test-runs/20260704-173215-1254793/activation-perms-status-comment-pull-requests-disabled1845797505/status-comment-pull-requests-disabled.md (81.8 KB)
--- PASS: TestActivationPermissionsStatusCommentPullRequestsDisabled (0.01s)
=== RUN   TestAddActivationInteractionPermissionsMapFallbackRespectsStatusCommentPullRequestsToggle
--- PASS: TestAddActivationInteractionPermissionsMapFallbackRespectsStatusCommentPullRequestsToggle (0.00s)
=== RUN   TestActivationPermissionsIssueCommentReactionRequiresPullRequestsWrite
--- PASS: TestActivationPermissionsIssueCommentReactionRequiresPullRequestsWrite (0.00s)
=== RUN   TestActivationPermissionsCentralizedSlashCommandIssueCommentReaction
/tmp/gh-aw-test-runs/20260704-173215-1254793/activation-perms-centralized-slash-issue-comment1468109440/centralized-issue-comment.md: info: Tip: set permissions.copilot-requests: write to use GitHub Actions token-based inference with the Copilot engine instead of a personal access token (COPILOT_GITHUB_TOKEN). This option requires that your organization has centralized Copilot billing enabled and may not be available in all organizations — see https://github.github.com/gh-aw/reference/billing/ for details.

✓ /tmp/gh-aw-test-runs/20260704-173215-1254793/activation-perms-centralized-slash-issue-comment1468109440/centralized-issue-comment.md (84.7 KB)
--- PASS: TestActivationPermissionsCentralizedSlashCommandIssueCommentReaction (0.02s)
=== RUN   TestActivationPermissionsCentralizedSlashCommandDiscussionOnlyReaction
/tmp/gh-aw-test-runs/20260704-173215-1254793/activation-perms-centralized-slash-discussion-only1899906440/centralized-discussion-only.md: info: Tip: set permissions.copilot-requests: write to use GitHub Actions token-based inference with the Copilot engine instead of a personal access token (COPILOT_GITHUB_TOKEN). This option requires that your organization has centralized Copilot billing enabled and may not be available in all organizations — see https://github.github.com/gh-aw/reference/billing/ for details.

✓ /tmp/gh-aw-test-runs/20260704-173215-1254793/activation-perms-centralized-slash-discussion-only1899906440/centralized-discussion-only.md (84.8 KB)
--- PASS: TestActivationPermissionsCentralizedSlashCommandDiscussionOnlyReaction (0.01s)
=== RUN   TestActivationPermissionsCentralizedSlashCommandNoReactionNoPermissions
/tmp/gh-aw-test-runs/20260704-173215-1254793/activation-perms-centralized-slash-no-reaction1087476389/centralized-no-reaction.md: info: Tip: set permissions.copilot-requests: write to use GitHub Actions token-based inference with the Copilot engine instead of a personal access token (COPILOT_GITHUB_TOKEN). This option requires that your organization has centralized Copilot billing enabled and may not be available in all organizations — see https://github.github.com/gh-aw/reference/billing/ for details.

✓ /tmp/gh-aw-test-runs/20260704-173215-1254793/activation-perms-centralized-slash-no-reaction1087476389/centralized-no-reaction.md (80.6 KB)
--- PASS: TestActivationPermissionsCentralizedSlashCommandNoReactionNoPermissions (0.01s)
=== RUN   TestActivationPermissionsSlashCommandPRCommentReactionRequiresPullRequestsWrite
/tmp/gh-aw-test-runs/20260704-173215-1254793/activation-perms-slash-command-pr-comment3699355526/slash-command-pr-comment.md: info: Tip: set permissions.copilot-requests: write to use GitHub Actions token-based inference with the Copilot engine instead of a personal access token (COPILOT_GITHUB_TOKEN). This option requires that your organization has centralized Copilot billing enabled and may not be available in all organizations — see https://github.github.com/gh-aw/reference/billing/ for details.

✓ /tmp/gh-aw-test-runs/20260704-173215-1254793/activation-perms-slash-command-pr-comment3699355526/slash-command-pr-comment.md (82.5 KB)
--- PASS: TestActivationPermissionsSlashCommandPRCommentReactionRequiresPullRequestsWrite (0.02s)
=== RUN   TestActivationPermissionsWorkflowCallReaction
/tmp/gh-aw-test-runs/20260704-173215-1254793/activation-perms-workflow-call-reaction181533298/workflow-call-reaction.md: info: Tip: set permissions.copilot-requests: write to use GitHub Actions token-based inference with the Copilot engine instead of a personal access token (COPILOT_GITHUB_TOKEN). This option requires that your organization has centralized Copilot billing enabled and may not be available in all organizations — see https://github.github.com/gh-aw/reference/billing/ for details.

✓ /tmp/gh-aw-test-runs/20260704-173215-1254793/activation-perms-workflow-call-reaction181533298/workflow-call-reaction.md (81.9 KB)
--- PASS: TestActivationPermissionsWorkflowCallReaction (0.01s)
=== RUN   TestActivationPermissionsWorkflowCallReactionDiscussionsOnly
/tmp/gh-aw-test-runs/20260704-173215-1254793/activation-perms-workflow-call-reaction-discussions-only113837921/workflow-call-reaction-discussions-only.md: info: Tip: set permissions.copilot-requests: write to use GitHub Actions token-based inference with the Copilot engine instead of a personal access token (COPILOT_GITHUB_TOKEN). This option requires that your organization has centralized Copilot billing enabled and may not be available in all organizations — see https://github.github.com/gh-aw/reference/billing/ for details.

✓ /tmp/gh-aw-test-runs/20260704-173215-1254793/activation-perms-workflow-call-reaction-discussions-only113837921/workflow-call-reaction-discussions-only.md (82.3 KB)
--- PASS: TestActivationPermissionsWorkflowCallReactionDiscussionsOnly (0.02s)
=== RUN   TestActivationPermissionsWorkflowCallStatusComment
/tmp/gh-aw-test-runs/20260704-173215-1254793/activation-perms-workflow-call-status-comment2752311951/workflow-call-status-comment.md: info: Tip: set permissions.copilot-requests: write to use GitHub Actions token-based inference with the Copilot engine instead of a personal access token (COPILOT_GITHUB_TOKEN). This option requires that your organization has centralized Copilot billing enabled and may not be available in all organizations — see https://github.github.com/gh-aw/reference/billing/ for details.

✓ /tmp/gh-aw-test-runs/20260704-173215-1254793/activation-perms-workflow-call-status-comment2752311951/workflow-call-status-comment.md (83.4 KB)
--- PASS: TestActivationPermissionsWorkflowCallStatusComment (0.01s)
=== RUN   TestActivationPermissionsWorkflowCallAndIssuesTriggerReaction
/tmp/gh-aw-test-runs/20260704-173215-1254793/activation-perms-workflow-call-and-issues-reaction77445671/workflow-call-and-issues-reaction.md: info: Tip: set permissions.copilot-requests: write to use GitHub Actions token-based inference with the Copilot engine instead of a personal access token (COPILOT_GITHUB_TOKEN). This option requires that your organization has centralized Copilot billing enabled and may not be available in all organizations — see https://github.github.com/gh-aw/reference/billing/ for details.

✓ /tmp/gh-aw-test-runs/20260704-173215-1254793/activation-perms-workflow-call-and-issues-reaction77445671/workflow-call-and-issues-reaction.md (84.0 KB)
--- PASS: TestActivationPermissionsWorkflowCallAndIssuesTriggerReaction (0.02s)
=== RUN   TestActivationPermissionsWorkflowCallReactionWithGitHubApp
/tmp/gh-aw-test-runs/20260704-173215-1254793/activation-perms-workflow-call-reaction-app3257057439/workflow-call-reaction-app.md: info: Tip: set permissions.copilot-requests: write to use GitHub Actions token-based inference with the Copilot engine instead of a personal access token (COPILOT_GITHUB_TOKEN). This option requires that your organization has centralized Copilot billing enabled and may not be available in all organizations — see https://github.github.com/gh-aw/reference/billing/ for details.

/tmp/gh-aw-test-runs/20260704-173215-1254793/activation-perms-workflow-call-reaction-app3257057439/workflow-call-reaction-app.md: warning: safe update mode detected unapproved changes

New restricted secret(s):
  - APP_KEY

Remediation options:
  1. Use the --approve flag to allow the changes.
  2. Revert the unapproved changes.
  3. Use an interactive coding agent to review and approve the changes.

✓ /tmp/gh-aw-test-runs/20260704-173215-1254793/activation-perms-workflow-call-reaction-app3257057439/workflow-call-reaction-app.md (83.5 KB)
--- PASS: TestActivationPermissionsWorkflowCallReactionWithGitHubApp (0.01s)
=== RUN   TestActivationPermissionsWorkflowCallReactionDiscussionsOnlyWithGitHubApp
/tmp/gh-aw-test-runs/20260704-173215-1254793/activation-perms-workflow-call-reaction-discussions-only-app537565536/workflow-call-reaction-discussions-only-app.md: info: Tip: set permissions.copilot-requests: write to use GitHub Actions token-based inference with the Copilot engine instead of a personal access token (COPILOT_GITHUB_TOKEN). This option requires that your organization has centralized Copilot billing enabled and may not be available in all organizations — see https://github.github.com/gh-aw/reference/billing/ for details.

/tmp/gh-aw-test-runs/20260704-173215-1254793/activation-perms-workflow-call-reaction-discussions-only-app537565536/workflow-call-reaction-discussions-only-app.md: warning: safe update mode detected unapproved changes

New restricted secret(s):
  - APP_KEY

Remediation options:
  1. Use the --approve flag to allow the changes.
  2. Revert the unapproved changes.
  3. Use an interactive coding agent to review and approve the changes.

✓ /tmp/gh-aw-test-runs/20260704-173215-1254793/activation-perms-workflow-call-reaction-discussions-only-app537565536/workflow-call-reaction-discussions-only-app.md (83.8 KB)
--- PASS: TestActivationPermissionsWorkflowCallReactionDiscussionsOnlyWithGitHubApp (0.01s)
=== RUN   TestAddCommentsConfigTargetRepo
=== RUN   TestAddCommentsConfigTargetRepo/basic_target-repo_configuration
=== RUN   TestAddCommentsConfigTargetRepo/target-repo_with_wildcard_is_allowed
=== RUN   TestAddCommentsConfigTargetRepo/target-repo_without_target_field
=== RUN   TestAddCommentsConfigTargetRepo/no_target-repo_field
--- PASS: TestAddCommentsConfigTargetRepo (0.00s)
    --- PASS: TestAddCommentsConfigTargetRepo/basic_target-repo_configuration (0.00s)
    --- PASS: TestAddCommentsConfigTargetRepo/target-repo_with_wildcard_is_allowed (0.00s)
    --- PASS: TestAddCommentsConfigTargetRepo/target-repo_without_target_field (0.00s)
    --- PASS: TestAddCommentsConfigTargetRepo/no_target-repo_field (0.00s)
=== RUN   TestAddCommentsConfigHideOlderComments
=== RUN   TestAddCommentsConfigHideOlderComments/hide-older-comments_enabled
=== RUN   TestAddCommentsConfigHideOlderComments/hide-older-comments_disabled
=== RUN   TestAddCommentsConfigHideOlderComments/hide-older-comments_not_specified_(default_nil)
=== RUN   TestAddCommentsConfigHideOlderComments/hide-older-comments_with_other_fields
=== RUN   TestAddCommentsConfigHideOlderComments/hide-older-comments_object_form_defaults_enabled_and_parses_match_list
=== RUN   TestAddCommentsConfigHideOlderComments/hide-older-comments_object_form_supports_explicit_enabled_false
--- PASS: TestAddCommentsConfigHideOlderComments (0.00s)
    --- PASS: TestAddCommentsConfigHideOlderComments/hide-older-comments_enabled (0.00s)
    --- PASS: TestAddCommentsConfigHideOlderComments/hide-older-comments_disabled (0.00s)
    --- PASS: TestAddCommentsConfigHideOlderComments/hide-older-comments_not_specified_(default_nil) (0.00s)
    --- PASS: TestAddCommentsConfigHideOlderComments/hide-older-comments_with_other_fields (0.00s)
    --- PASS: TestAddCommentsConfigHideOlderComments/hide-older-comments_object_form_defaults_enabled_and_parses_match_list (0.00s)
    --- PASS: TestAddCommentsConfigHideOlderComments/hide-older-comments_object_form_supports_explicit_enabled_false (0.00s)
=== RUN   TestAddCommentsConfigAllowedReasons
=== RUN   TestAddCommentsConfigAllowedReasons/allowed-reasons_with_multiple_values
=== RUN   TestAddCommentsConfigAllowedReasons/allowed-reasons_with_single_value
=== RUN   TestAddCommentsConfigAllowedReasons/allowed-reasons_not_specified
=== RUN   TestAddCommentsConfigAllowedReasons/allowed-reasons_empty_array
=== RUN   TestAddCommentsConfigAllowedReasons/allowed-reasons_with_all_valid_values
--- PASS: TestAddCommentsConfigAllowedReasons (0.00s)
    --- PASS: TestAddCommentsConfigAllowedReasons/allowed-reasons_with_multiple_values (0.00s)
    --- PASS: TestAddCommentsConfigAllowedReasons/allowed-reasons_with_single_value (0.00s)
    --- PASS: TestAddCommentsConfigAllowedReasons/allowed-reasons_not_specified (0.00s)
    --- PASS: TestAddCommentsConfigAllowedReasons/allowed-reasons_empty_array (0.00s)
    --- PASS: TestAddCommentsConfigAllowedReasons/allowed-reasons_with_all_valid_values (0.00s)
=== RUN   TestAddCommentMentionsInHandlerConfig
=== RUN   TestAddCommentMentionsInHandlerConfig/mentions.allowed_propagates_to_handler_config
=== RUN   TestAddCommentMentionsInHandlerConfig/mentions.enabled=false_propagates_to_handler_config
=== RUN   TestAddCommentMentionsInHandlerConfig/no_mentions_config_omits_mentions_from_handler_config
=== RUN   TestAddCommentMentionsInHandlerConfig/mentions_without_add_comment_still_included_in_handler_config
--- PASS: TestAddCommentMentionsInHandlerConfig (0.00s)
    --- PASS: TestAddCommentMentionsInHandlerConfig/mentions.allowed_propagates_to_handler_config (0.00s)
    --- PASS: TestAddCommentMentionsInHandlerConfig/mentions.enabled=false_propagates_to_handler_config (0.00s)
    --- PASS: TestAddCommentMentionsInHandlerConfig/no_mentions_config_omits_mentions_from_handler_config (0.00s)
    --- PASS: TestAddCommentMentionsInHandlerConfig/mentions_without_add_comment_still_included_in_handler_config (0.00s)
=== RUN   TestValidateUniversalLLMConsumerModel
=== RUN   TestValidateUniversalLLMConsumerModel/non_universal_engine_skips_validation
=== RUN   TestValidateUniversalLLMConsumerModel/opencode_requires_model
=== RUN   TestValidateUniversalLLMConsumerModel/crush_requires_provider/model_format
=== RUN   TestValidateUniversalLLMConsumerModel/unsupported_provider_fails
=== RUN   TestValidateUniversalLLMConsumerModel/supported_provider_passes
--- PASS: TestValidateUniversalLLMConsumerModel (0.00s)
    --- PASS: TestValidateUniversalLLMConsumerModel/non_universal_engine_skips_validation (0.00s)
    --- PASS: TestValidateUniversalLLMConsumerModel/opencode_requires_model (0.00s)
    --- PASS: TestValidateUniversalLLMConsumerModel/crush_requires_provider/model_format (0.00s)
    --- PASS: TestValidateUniversalLLMConsumerModel/unsupported_provider_fails (0.00s)
    --- PASS: TestValidateUniversalLLMConsumerModel/supported_provider_passes (0.00s)
=== RUN   TestValidatePiEngineRequirements
=== RUN   TestValidatePiEngineRequirements/non_pi_engine_skips_validation
=== RUN   TestValidatePiEngineRequirements/pi_requires_github_gh-proxy_mode
=== RUN   TestValidatePiEngineRequirements/pi_requires_cli-proxy
=== RUN   TestValidatePiEngineRequirements/valid_pi_tool_config_passes
--- PASS: TestValidatePiEngineRequirements (0.00s)
    --- PASS: TestValidatePiEngineRequirements/non_pi_engine_skips_validation (0.00s)
    --- PASS: TestValidatePiEngineRequirements/pi_requires_github_gh-proxy_mode (0.00s)
    --- PASS: TestValidatePiEngineRequirements/pi_requires_cli-proxy (0.00s)
    --- PASS: TestValidatePiEngineRequirements/valid_pi_tool_config_passes (0.00s)
=== RUN   TestEngineRegistry
=== RUN   TestEngineRegistry/built-in_engines_are_registered
=== RUN   TestEngineRegistry/GetEngine_returns_engine_by_ID
=== RUN   TestEngineRegistry/GetEngine_returns_engine_by_ID/claude
=== RUN   TestEngineRegistry/GetEngine_returns_engine_by_ID/codex
=== RUN   TestEngineRegistry/GetEngine_returns_engine_by_ID/copilot
=== RUN   TestEngineRegistry/GetEngine_returns_engine_by_ID/gemini
=== RUN   TestEngineRegistry/GetEngine_returns_engine_by_ID/opencode
=== RUN   TestEngineRegistry/GetEngine_returns_engine_by_ID/crush
=== RUN   TestEngineRegistry/GetEngine_returns_error_for_unknown_engine
=== RUN   TestEngineRegistry/IsValidEngine
=== RUN   TestEngineRegistry/GetDefaultEngine_returns_copilot
=== RUN   TestEngineRegistry/GetEngineByPrefix_matches_engine
=== RUN   TestEngineRegistry/GetEngineByPrefix_returns_error_for_non-matching_prefix
--- PASS: TestEngineRegistry (0.00s)
    --- PASS: TestEngineRegistry/built-in_engines_are_registered (0.00s)
    --- PASS: TestEngineRegistry/GetEngine_returns_engine_by_ID (0.00s)
        --- PASS: TestEngineRegistry/GetEngine_returns_engine_by_ID/claude (0.00s)
        --- PASS: TestEngineRegistry/GetEngine_returns_engine_by_ID/codex (0.00s)
        --- PASS: TestEngineRegistry/GetEngine_returns_engine_by_ID/copilot (0.00s)
        --- PASS: TestEngineRegistry/GetEngine_returns_engine_by_ID/gemini (0.00s)
        --- PASS: TestEngineRegistry/GetEngine_returns_engine_by_ID/opencode (0.00s)
        --- PASS: TestEngineRegistry/GetEngine_returns_engine_by_ID/crush (0.00s)
    --- PASS: TestEngineRegistry/GetEngine_returns_error_for_unknown_engine (0.00s)
    --- PASS: TestEngineRegistry/IsValidEngine (0.00s)
    --- PASS: TestEngineRegistry/GetDefaultEngine_returns_copilot (0.00s)
    --- PASS: TestEngineRegistry/GetEngineByPrefix_matches_engine (0.00s)
    --- PASS: TestEngineRegistry/GetEngineByPrefix_returns_error_for_non-matching_prefix (0.00s)
=== RUN   TestEngineRegistry_Register
=== RUN   TestEngineRegistry_Register/custom_engine_can_be_registered_and_retrieved
=== RUN   TestEngineRegistry_Register/registering_an_engine_makes_IsValidEngine_return_true
=== RUN   TestEngineRegistry_Register/registering_an_engine_with_negative_dedicatedLLMGatewayPort_returns_error
--- PASS: TestEngineRegistry_Register (0.00s)
    --- PASS: TestEngineRegistry_Register/custom_engine_can_be_registered_and_retrieved (0.00s)
    --- PASS: TestEngineRegistry_Register/registering_an_engine_makes_IsValidEngine_return_true (0.00s)
    --- PASS: TestEngineRegistry_Register/registering_an_engine_with_negative_dedicatedLLMGatewayPort_returns_error (0.00s)
=== RUN   TestGetGlobalEngineRegistry
=== RUN   TestGetGlobalEngineRegistry/returns_non-nil_registry
=== RUN   TestGetGlobalEngineRegistry/returns_same_singleton_on_repeated_calls
=== RUN   TestGetGlobalEngineRegistry/singleton_contains_expected_built-in_engines
--- PASS: TestGetGlobalEngineRegistry (0.00s)
    --- PASS: TestGetGlobalEngineRegistry/returns_non-nil_registry (0.00s)
    --- PASS: TestGetGlobalEngineRegistry/returns_same_singleton_on_repeated_calls (0.00s)
    --- PASS: TestGetGlobalEngineRegistry/singleton_contains_expected_built-in_engines (0.00s)
=== RUN   TestEngineRegistry_GetAllAgentManifestFolders
=== RUN   TestEngineRegistry_GetAllAgentManifestFolders/always_includes_.agents_platform_directory
=== RUN   TestEngineRegistry_GetAllAgentManifestFolders/result_is_sorted
=== RUN   TestEngineRegistry_GetAllAgentManifestFolders/includes_engine-specific_config_directories
=== RUN   TestEngineRegistry_GetAllAgentManifestFolders/no_duplicates_in_result
=== RUN   TestEngineRegistry_GetAllAgentManifestFolders/empty_registry_still_includes_.agents
--- PASS: TestEngineRegistry_GetAllAgentManifestFolders (0.00s)
    --- PASS: TestEngineRegistry_GetAllAgentManifestFolders/always_includes_.agents_platform_directory (0.00s)
    --- PASS: TestEngineRegistry_GetAllAgentManifestFolders/result_is_sorted (0.00s)
    --- PASS: TestEngineRegistry_GetAllAgentManifestFolders/includes_engine-specific_config_directories (0.00s)
    --- PASS: TestEngineRegistry_GetAllAgentManifestFolders/no_duplicates_in_result (0.00s)
    --- PASS: TestEngineRegistry_GetAllAgentManifestFolders/empty_registry_still_includes_.agents (0.00s)
=== RUN   TestEngineRegistry_GetAllAgentManifestFiles
=== RUN   TestEngineRegistry_GetAllAgentManifestFiles/result_is_sorted
=== RUN   TestEngineRegistry_GetAllAgentManifestFiles/includes_engine-specific_instruction_files
=== RUN   TestEngineRegistry_GetAllAgentManifestFiles/no_duplicates_in_result
=== RUN   TestEngineRegistry_GetAllAgentManifestFiles/empty_registry_returns_empty_slice
--- PASS: TestEngineRegistry_GetAllAgentManifestFiles (0.00s)
    --- PASS: TestEngineRegistry_GetAllAgentManifestFiles/result_is_sorted (0.00s)
    --- PASS: TestEngineRegistry_GetAllAgentManifestFiles/includes_engine-specific_instruction_files (0.00s)
    --- PASS: TestEngineRegistry_GetAllAgentManifestFiles/no_duplicates_in_result (0.00s)
    --- PASS: TestEngineRegistry_GetAllAgentManifestFiles/empty_registry_returns_empty_slice (0.00s)
=== RUN   TestAgenticOutputCollection
✓ /tmp/gh-aw-test-runs/20260704-173215-1254793/agentic-output-test2183749851/test-agentic-output.md (100.3 KB)
    agentic_output_test.go:124: Claude workflow correctly uses unified agent artifact for safe outputs
--- PASS: TestAgenticOutputCollection (0.01s)
=== RUN   TestCodexEngineWithOutputSteps
✓ /tmp/gh-aw-test-runs/20260704-173215-1254793/codex-no-output-test1886015951/test-codex-no-output.md (106.1 KB)
    agentic_output_test.go:241: Codex workflow correctly uses unified agent artifact for safe outputs and engine output files
--- PASS: TestCodexEngineWithOutputSteps (0.02s)
=== RUN   TestEngineOutputFileDeclarations
    agentic_output_test.go:277: Claude engine declares: []
    agentic_output_test.go:278: Codex engine declares: [/tmp/gh-aw/mcp-config/logs/]
    agentic_output_test.go:279: Gemini engine declares: [/tmp/gh-aw/gemini-client-error-*.json]
--- PASS: TestEngineOutputFileDeclarations (0.00s)
=== RUN   TestEngineOutputCleanupExcludesTmpFiles
/tmp/gh-aw-test-runs/20260704-173215-1254793/engine-output-cleanup-test3379790010/test-engine-output-cleanup.md: info: Tip: set permissions.copilot-requests: write to use GitHub Actions token-based inference with the Copilot engine instead of a personal access token (COPILOT_GITHUB_TOKEN). This option requires that your organization has centralized Copilot billing enabled and may not be available in all organizations — see https://github.github.com/gh-aw/reference/billing/ for details.

✓ /tmp/gh-aw-test-runs/20260704-173215-1254793/engine-output-cleanup-test3379790010/test-engine-output-cleanup.md (77.6 KB)
    agentic_output_test.go:339: Successfully verified that /tmp/gh-aw/ files are excluded from cleanup step while still being uploaded as artifacts
--- PASS: TestEngineOutputCleanupExcludesTmpFiles (0.01s)
=== RUN   TestClaudeEngineNetworkHookCleanup
=== RUN   TestClaudeEngineNetworkHookCleanup/No_hook_cleanup_with_Claude_engine_and_network_permissions_(AWF_mode)
=== RUN   TestClaudeEngineNetworkHookCleanup/No_cleanup_with_Claude_engine_and_defaults_network_permissions
=== RUN   TestClaudeEngineNetworkHookCleanup/No_cleanup_with_Claude_engine_but_no_network_permissions
=== RUN   TestClaudeEngineNetworkHookCleanup/No_cleanup_with_empty_network_permissions_(AWF_deny-all)
--- PASS: TestClaudeEngineNetworkHookCleanup (0.00s)
    --- PASS: TestClaudeEngineNetworkHookCleanup/No_hook_cleanup_with_Claude_engine_and_network_permissions_(AWF_mode) (0.00s)
    --- PASS: TestClaudeEngineNetworkHookCleanup/No_cleanup_with_Claude_engine_and_defaults_network_permissions (0.00s)
    --- PASS: TestClaudeEngineNetworkHookCleanup/No_cleanup_with_Claude_engine_but_no_network_permissions (0.00s)
    --- PASS: TestClaudeEngineNetworkHookCleanup/No_cleanup_with_empty_network_permissions_(AWF_deny-all) (0.00s)
=== RUN   TestEngineOutputCleanupWithMixedPaths
    agentic_output_test.go:536: Successfully verified that mixed path cleanup properly filters /tmp/gh-aw/ files
--- PASS: TestEngineOutputCleanupWithMixedPaths (0.00s)
=== RUN   TestGenerateCleanupStep
    agentic_output_test.go:595: Successfully verified generateCleanupStep function behavior in all scenarios
--- PASS: TestGenerateCleanupStep (0.00s)
=== RUN   TestRedactedURLsLogPathIncludedInEngineOutput
/tmp/gh-aw-test-runs/20260704-173215-1254793/redacted-urls-test2594907240/test-redacted-urls.md: warning: Missing required permissions for GitHub toolsets:
  - pull-requests: read (required by pull_requests)

To fix this, you can either:

Option 1: Add missing permissions to your workflow frontmatter:
permissions:
  pull-requests: read

See: https://github.com/github/gh-aw/blob/main/docs/src/content/docs/reference/permissions.md

Option 2: Reduce the required toolsets in your workflow:
Remove or adjust toolsets that require these permissions:
  - pull_requests

/tmp/gh-aw-test-runs/20260704-173215-1254793/redacted-urls-test2594907240/test-redacted-urls.md: info: Tip: set permissions.copilot-requests: write to use GitHub Actions token-based inference with the Copilot engine instead of a personal access token (COPILOT_GITHUB_TOKEN). This option requires that your organization has centralized Copilot billing enabled and may not be available in all organizations — see https://github.github.com/gh-aw/reference/billing/ for details.

✓ /tmp/gh-aw-test-runs/20260704-173215-1254793/redacted-urls-test2594907240/test-redacted-urls.md (77.5 KB)
    agentic_output_test.go:660: Successfully verified that redacted URLs log path is included in the unified agent artifact
--- PASS: TestRedactedURLsLogPathIncludedInEngineOutput (0.01s)
=== RUN   TestGeminiEngineOutputFilesGeneratedByCompiler
/tmp/gh-aw-test-runs/20260704-173215-1254793/gemini-engine-output-test1438595065/test-gemini-output.md: warning: safe update mode detected unapproved changes

New restricted secret(s):
  - GEMINI_API_KEY

Remediation options:
  1. Use the --approve flag to allow the changes.
  2. Revert the unapproved changes.
  3. Use an interactive coding agent to review and approve the changes.

✓ /tmp/gh-aw-test-runs/20260704-173215-1254793/gemini-engine-output-test1438595065/test-gemini-output.md (74.7 KB)
    agentic_output_test.go:724: Successfully verified that Gemini engine error log wildcard is included in the unified agent artifact
--- PASS: TestGeminiEngineOutputFilesGeneratedByCompiler (0.02s)
=== RUN   TestAgenticWorkflowsSyntaxVariations
=== RUN   TestAgenticWorkflowsSyntaxVariations/agentic-workflows_with_nil_(no_value)
=== RUN   TestAgenticWorkflowsSyntaxVariations/agentic-workflows_with_true
--- PASS: TestAgenticWorkflowsSyntaxVariations (0.00s)
    --- PASS: TestAgenticWorkflowsSyntaxVariations/agentic-workflows_with_nil_(no_value) (0.00s)
    --- PASS: TestAgenticWorkflowsSyntaxVariations/agentic-workflows_with_true (0.00s)
=== RUN   TestAgenticWorkflowsMCPConfigGeneration
=== RUN   TestAgenticWorkflowsMCPConfigGeneration/Claude
=== RUN   TestAgenticWorkflowsMCPConfigGeneration/Copilot
=== RUN   TestAgenticWorkflowsMCPConfigGeneration/Codex
=== RUN   TestAgenticWorkflowsMCPConfigGeneration/Pi
--- PASS: TestAgenticWorkflowsMCPConfigGeneration (0.00s)
    --- PASS: TestAgenticWorkflowsMCPConfigGeneration/Claude (0.00s)
    --- PASS: TestAgenticWorkflowsMCPConfigGeneration/Copilot (0.00s)
    --- PASS: TestAgenticWorkflowsMCPConfigGeneration/Codex (0.00s)
    --- PASS: TestAgenticWorkflowsMCPConfigGeneration/Pi (0.00s)
=== RUN   TestAgenticWorkflowsHasMCPServers
--- PASS: TestAgenticWorkflowsHasMCPServers (0.00s)
=== RUN   TestPiMCPConfig_SafeOutputs
--- PASS: TestPiMCPConfig_SafeOutputs (0.00s)
=== RUN   TestAgenticWorkflowsInstallStepIncludesGHToken
--- PASS: TestAgenticWorkflowsInstallStepIncludesGHToken (0.00s)
=== RUN   TestAgenticWorkflowsInstallStepPresentWithoutImport
--- PASS: TestAgenticWorkflowsInstallStepPresentWithoutImport (0.00s)
=== RUN   TestAgenticWorkflowsErrorCases
=== RUN   TestAgenticWorkflowsErrorCases/agentic-workflows_with_false
=== RUN   TestAgenticWorkflowsErrorCases/agentic-workflows_with_empty_map
=== RUN   TestAgenticWorkflowsErrorCases/agentic-workflows_with_string_value
--- PASS: TestAgenticWorkflowsErrorCases (0.00s)
    --- PASS: TestAgenticWorkflowsErrorCases/agentic-workflows_with_false (0.00s)
    --- PASS: TestAgenticWorkflowsErrorCases/agentic-workflows_with_empty_map (0.00s)
    --- PASS: TestAgenticWorkflowsErrorCases/agentic-workflows_with_string_value (0.00s)
=== RUN   TestAgenticWorkflowsNilSafety
=== RUN   TestAgenticWorkflowsNilSafety/nil_workflow_data
=== RUN   TestAgenticWorkflowsNilSafety/nil_tools_map
=== RUN   TestAgenticWorkflowsNilSafety/empty_tools_map
=== RUN   TestAgenticWorkflowsNilSafety/agentic-workflows_with_nil_value
=== RUN   TestAgenticWorkflowsNilSafety/agentic-workflows_explicitly_disabled
--- PASS: TestAgenticWorkflowsNilSafety (0.00s)
    --- PASS: TestAgenticWorkflowsNilSafety/nil_workflow_data (0.00s)
    --- PASS: TestAgenticWorkflowsNilSafety/nil_tools_map (0.00s)
    --- PASS: TestAgenticWorkflowsNilSafety/empty_tools_map (0.00s)
    --- PASS: TestAgenticWorkflowsNilSafety/agentic-workflows_with_nil_value (0.00s)
    --- PASS: TestAgenticWorkflowsNilSafety/agentic-workflows_explicitly_disabled (0.00s)
=== RUN   TestAgenticWorkflowsExtractToolsEdgeCases
=== RUN   TestAgenticWorkflowsExtractToolsEdgeCases/nil_frontmatter
=== RUN   TestAgenticWorkflowsExtractToolsEdgeCases/empty_frontmatter
=== RUN   TestAgenticWorkflowsExtractToolsEdgeCases/frontmatter_without_tools
=== RUN   TestAgenticWorkflowsExtractToolsEdgeCases/tools_with_invalid_type_(string)
=== RUN   TestAgenticWorkflowsExtractToolsEdgeCases/tools_with_nil_value
=== RUN   TestAgenticWorkflowsExtractToolsEdgeCases/valid_tools_with_agentic-workflows
--- PASS: TestAgenticWorkflowsExtractToolsEdgeCases (0.00s)
    --- PASS: TestAgenticWorkflowsExtractToolsEdgeCases/nil_frontmatter (0.00s)
    --- PASS: TestAgenticWorkflowsExtractToolsEdgeCases/empty_frontmatter (0.00s)
    --- PASS: TestAgenticWorkflowsExtractToolsEdgeCases/frontmatter_without_tools (0.00s)
    --- PASS: TestAgenticWorkflowsExtractToolsEdgeCases/tools_with_invalid_type_(string) (0.00s)
    --- PASS: TestAgenticWorkflowsExtractToolsEdgeCases/tools_with_nil_value (0.00s)
    --- PASS: TestAgenticWorkflowsExtractToolsEdgeCases/valid_tools_with_agentic-workflows (0.00s)
=== RUN   TestSafeAllocationCapacity
=== RUN   TestSafeAllocationCapacity/handles_zero_inputs
=== RUN   TestSafeAllocationCapacity/sums_sizes_when_the_result_fits_in_int
=== RUN   TestSafeAllocationCapacity/returns_zero_when_the_sum_would_overflow_int
=== RUN   TestSafeAllocationCapacity/returns_zero_for_negative_parts
--- PASS: TestSafeAllocationCapacity (0.00s)
    --- PASS: TestSafeAllocationCapacity/handles_zero_inputs (0.00s)
    --- PASS: TestSafeAllocationCapacity/sums_sizes_when_the_result_fits_in_int (0.00s)
    --- PASS: TestSafeAllocationCapacity/returns_zero_when_the_sum_would_overflow_int (0.00s)
    --- PASS: TestSafeAllocationCapacity/returns_zero_for_negative_parts (0.00s)
=== RUN   TestAllowGitHubReferencesConfig
=== RUN   TestAllowGitHubReferencesConfig/allow_current_repo_only
=== RUN   TestAllowGitHubReferencesConfig/allow_multiple_repos
=== RUN   TestAllowGitHubReferencesConfig/no_restrictions_(empty_array)
=== RUN   TestAllowGitHubReferencesConfig/no_allowed-github-references_field
=== RUN   TestAllowGitHubReferencesConfig/allow_repos_with_hyphens
=== RUN   TestAllowGitHubReferencesConfig/allow_repos_with_underscores_and_dots
=== RUN   TestAllowGitHubReferencesConfig/single_specific_repo_without_'repo'_keyword
=== RUN   TestAllowGitHubReferencesConfig/mix_of_'repo'_keyword_and_specific_repos
--- PASS: TestAllowGitHubReferencesConfig (0.01s)
    --- PASS: TestAllowGitHubReferencesConfig/allow_current_repo_only (0.00s)
    --- PASS: TestAllowGitHubReferencesConfig/allow_multiple_repos (0.00s)
    --- PASS: TestAllowGitHubReferencesConfig/no_restrictions_(empty_array) (0.00s)
    --- PASS: TestAllowGitHubReferencesConfig/no_allowed-github-references_field (0.00s)
    --- PASS: TestAllowGitHubReferencesConfig/allow_repos_with_hyphens (0.00s)
    --- PASS: TestAllowGitHubReferencesConfig/allow_repos_with_underscores_and_dots (0.00s)
    --- PASS: TestAllowGitHubReferencesConfig/single_specific_repo_without_'repo'_keyword (0.00s)
    --- PASS: TestAllowGitHubReferencesConfig/mix_of_'repo'_keyword_and_specific_repos (0.00s)
=== RUN   TestAntigravityEngine
=== RUN   TestAntigravityEngine/engine_identity
=== RUN   TestAntigravityEngine/capabilities
=== RUN   TestAntigravityEngine/required_secrets
=== RUN   TestAntigravityEngine/required_secrets_with_MCP_servers
=== RUN   TestAntigravityEngine/declared_output_files
=== RUN   TestAntigravityEngine/pre-bundle_steps_move_files_to_/tmp/gh-aw/
--- PASS: TestAntigravityEngine (0.00s)
    --- PASS: TestAntigravityEngine/engine_identity (0.00s)
    --- PASS: TestAntigravityEngine/capabilities (0.00s)
    --- PASS: TestAntigravityEngine/required_secrets (0.00s)
    --- PASS: TestAntigravityEngine/required_secrets_with_MCP_servers (0.00s)
    --- PASS: TestAntigravityEngine/declared_output_files (0.00s)
    --- PASS: TestAntigravityEngine/pre-bundle_steps_move_files_to_/tmp/gh-aw/ (0.00s)
=== RUN   TestAntigravityEngineInstallation
=== RUN   TestAntigravityEngineInstallation/standard_installation
=== RUN   TestAntigravityEngineInstallation/custom_command_skips_installation
=== RUN   TestAntigravityEngineInstallation/with_firewall
--- PASS: TestAntigravityEngineInstallation (0.00s)
    --- PASS: TestAntigravityEngineInstallation/standard_installation (0.00s)
    --- PASS: TestAntigravityEngineInstallation/custom_command_skips_installation (0.00s)
    --- PASS: TestAntigravityEngineInstallation/with_firewall (0.00s)
=== RUN   TestAntigravityEngineExecution
=== RUN   TestAntigravityEngineExecution/basic_execution
=== RUN   TestAntigravityEngineExecution/with_model
=== RUN   TestAntigravityEngineExecution/with_MCP_servers
=== RUN   TestAntigravityEngineExecution/with_custom_command
=== RUN   TestAntigravityEngineExecution/environment_variables
=== RUN   TestAntigravityEngineExecution/model_environment_variables
=== RUN   TestAntigravityEngineExecution/engine_env_overrides_default_token_expression
=== RUN   TestAntigravityEngineExecution/validates_ANTIGRAVITY_API_KEY_secret
=== RUN   TestAntigravityEngineExecution/engine_env_adds_custom_non-secret_env_vars
=== RUN   TestAntigravityEngineExecution/settings_step_is_first
--- PASS: TestAntigravityEngineExecution (0.00s)
    --- PASS: TestAntigravityEngineExecution/basic_execution (0.00s)
    --- PASS: TestAntigravityEngineExecution/with_model (0.00s)
    --- PASS: TestAntigravityEngineExecution/with_MCP_servers (0.00s)
    --- PASS: TestAntigravityEngineExecution/with_custom_command (0.00s)
    --- PASS: TestAntigravityEngineExecution/environment_variables (0.00s)
    --- PASS: TestAntigravityEngineExecution/model_environment_variables (0.00s)
    --- PASS: TestAntigravityEngineExecution/engine_env_overrides_default_token_expression (0.00s)
    --- PASS: TestAntigravityEngineExecution/validates_ANTIGRAVITY_API_KEY_secret (0.00s)
    --- PASS: TestAntigravityEngineExecution/engine_env_adds_custom_non-secret_env_vars (0.00s)
    --- PASS: TestAntigravityEngineExecution/settings_step_is_first (0.00s)
=== RUN   TestAntigravityEngineFirewallIntegration
=== RUN   TestAntigravityEngineFirewallIntegration/firewall_enabled
=== RUN   TestAntigravityEngineFirewallIntegration/firewall_disabled
--- PASS: TestAntigravityEngineFirewallIntegration (0.00s)
    --- PASS: TestAntigravityEngineFirewallIntegration/firewall_enabled (0.00s)
    --- PASS: TestAntigravityEngineFirewallIntegration/firewall_disabled (0.00s)
=== RUN   TestComputeAntigravityToolsCore
=== RUN   TestComputeAntigravityToolsCore/nil_tools_includes_default_read-only_tools
=== RUN   TestComputeAntigravityToolsCore/empty_tools_includes_default_read-only_tools
=== RUN   TestComputeAntigravityToolsCore/bash_with_specific_commands_maps_to_run_shell_command_entries
=== RUN   TestComputeAntigravityToolsCore/bash_with_wildcard_*_maps_to_unrestricted_run_shell_command
=== RUN   TestComputeAntigravityToolsCore/bash_with_:*_wildcard_maps_to_unrestricted_run_shell_command
=== RUN   TestComputeAntigravityToolsCore/bash_with_no_specific_commands_(nil)_maps_to_unrestricted_run_shell_command
=== RUN   TestComputeAntigravityToolsCore/edit_tool_maps_to_write_file_and_replace
=== RUN   TestComputeAntigravityToolsCore/combined_bash_and_edit_tools
=== RUN   TestComputeAntigravityToolsCore/result_is_sorted
=== RUN   TestComputeAntigravityToolsCore/bash_tool_with_trailing_space-star_is_normalized_to_canonical_run_shell_command(cmd)
=== RUN   TestComputeAntigravityToolsCore/community-attribution-style_wildcard_entries_normalize_to_canonical_forms
--- PASS: TestComputeAntigravityToolsCore (0.00s)
    --- PASS: TestComputeAntigravityToolsCore/nil_tools_includes_default_read-only_tools (0.00s)
    --- PASS: TestComputeAntigravityToolsCore/empty_tools_includes_default_read-only_tools (0.00s)
    --- PASS: TestComputeAntigravityToolsCore/bash_with_specific_commands_maps_to_run_shell_command_entries (0.00s)
    --- PASS: TestComputeAntigravityToolsCore/bash_with_wildcard_*_maps_to_unrestricted_run_shell_command (0.00s)
    --- PASS: TestComputeAntigravityToolsCore/bash_with_:*_wildcard_maps_to_unrestricted_run_shell_command (0.00s)
    --- PASS: TestComputeAntigravityToolsCore/bash_with_no_specific_commands_(nil)_maps_to_unrestricted_run_shell_command (0.00s)
    --- PASS: TestComputeAntigravityToolsCore/edit_tool_maps_to_write_file_and_replace (0.00s)
    --- PASS: TestComputeAntigravityToolsCore/combined_bash_and_edit_tools (0.00s)
    --- PASS: TestComputeAntigravityToolsCore/result_is_sorted (0.00s)
    --- PASS: TestComputeAntigravityToolsCore/bash_tool_with_trailing_space-star_is_normalized_to_canonical_run_shell_command(cmd) (0.00s)
    --- PASS: TestComputeAntigravityToolsCore/community-attribution-style_wildcard_entries_normalize_to_canonical_forms (0.00s)
=== RUN   TestGenerateAntigravitySettingsStep
=== RUN   TestGenerateAntigravitySettingsStep/step_sets_context.includeDirectories_to_/tmp/
=== RUN   TestGenerateAntigravitySettingsStep/step_includes_merge_logic_for_existing_settings.json
=== RUN   TestGenerateAntigravitySettingsStep/step_includes_tools.core_with_bash_mapping
=== RUN   TestGenerateAntigravitySettingsStep/step_includes_tools.core_with_edit_mapping
=== RUN   TestGenerateAntigravitySettingsStep/GH_AW_ANTIGRAVITY_BASE_CONFIG_env_var_is_single-quoted_for_valid_YAML
=== RUN   TestGenerateAntigravitySettingsStep/step_includes_web_fetch_in_tools.core_when_web-fetch_tool_is_specified
=== RUN   TestGenerateAntigravitySettingsStep/step_does_not_include_web_fetch_in_tools.core_when_web-fetch_tool_is_not_specified
=== RUN   TestGenerateAntigravitySettingsStep/step_includes_mounted_mcp_cli_commands_in_restricted_bash_allowlist
--- PASS: TestGenerateAntigravitySettingsStep (0.00s)
    --- PASS: TestGenerateAntigravitySettingsStep/step_sets_context.includeDirectories_to_/tmp/ (0.00s)
    --- PASS: TestGenerateAntigravitySettingsStep/step_includes_merge_logic_for_existing_settings.json (0.00s)
    --- PASS: TestGenerateAntigravitySettingsStep/step_includes_tools.core_with_bash_mapping (0.00s)
    --- PASS: TestGenerateAntigravitySettingsStep/step_includes_tools.core_with_edit_mapping (0.00s)
    --- PASS: TestGenerateAntigravitySettingsStep/GH_AW_ANTIGRAVITY_BASE_CONFIG_env_var_is_single-quoted_for_valid_YAML (0.00s)
    --- PASS: TestGenerateAntigravitySettingsStep/step_includes_web_fetch_in_tools.core_when_web-fetch_tool_is_specified (0.00s)
    --- PASS: TestGenerateAntigravitySettingsStep/step_does_not_include_web_fetch_in_tools.core_when_web-fetch_tool_is_not_specified (0.00s)
    --- PASS: TestGenerateAntigravitySettingsStep/step_includes_mounted_mcp_cli_commands_in_restricted_bash_allowlist (0.00s)
=== RUN   TestAntigravityEngineWithExpressionVersion
--- PASS: TestAntigravityEngineWithExpressionVersion (0.00s)
=== RUN   TestAntigravityEngineParseLogMetrics
=== RUN   TestAntigravityEngineParseLogMetrics/parses_metrics_from_json_lines
=== RUN   TestAntigravityEngineParseLogMetrics/returns_zero_metrics_for_empty_input
--- PASS: TestAntigravityEngineParseLogMetrics (0.00s)
    --- PASS: TestAntigravityEngineParseLogMetrics/parses_metrics_from_json_lines (0.00s)
    --- PASS: TestAntigravityEngineParseLogMetrics/returns_zero_metrics_for_empty_input (0.00s)
=== RUN   TestArgsField
=== RUN   TestArgsField/GitHub_args_field_extraction
=== RUN   TestArgsField/Playwright_args_field_extraction
=== RUN   TestArgsField/MCP_parser_GitHub_args_field_integration
=== RUN   TestArgsField/MCP_parser_Playwright_args_field_integration
=== RUN   TestArgsField/Combined_version_and_args_fields
--- PASS: TestArgsField (0.00s)
    --- PASS: TestArgsField/GitHub_args_field_extraction (0.00s)
    --- PASS: TestArgsField/Playwright_args_field_extraction (0.00s)
    --- PASS: TestArgsField/MCP_parser_GitHub_args_field_integration (0.00s)
    --- PASS: TestArgsField/MCP_parser_Playwright_args_field_integration (0.00s)
    --- PASS: TestArgsField/Combined_version_and_args_fields (0.00s)
=== RUN   TestRejectHyphenPrefixPackages
=== RUN   TestRejectHyphenPrefixPackages/empty_list_is_accepted
=== RUN   TestRejectHyphenPrefixPackages/valid_package_names_are_accepted
=== RUN   TestRejectHyphenPrefixPackages/single_hyphen_prefix_is_rejected
=== RUN   TestRejectHyphenPrefixPackages/double_hyphen_prefix_is_rejected
=== RUN   TestRejectHyphenPrefixPackages/mixed_list_with_one_invalid_is_rejected
=== RUN   TestRejectHyphenPrefixPackages/package_with_version_specifier_starting_with_hyphen_is_rejected
--- PASS: TestRejectHyphenPrefixPackages (0.00s)
    --- PASS: TestRejectHyphenPrefixPackages/empty_list_is_accepted (0.00s)
    --- PASS: TestRejectHyphenPrefixPackages/valid_package_names_are_accepted (0.00s)
    --- PASS: TestRejectHyphenPrefixPackages/single_hyphen_prefix_is_rejected (0.00s)
    --- PASS: TestRejectHyphenPrefixPackages/double_hyphen_prefix_is_rejected (0.00s)
    --- PASS: TestRejectHyphenPrefixPackages/mixed_list_with_one_invalid_is_rejected (0.00s)
    --- PASS: TestRejectHyphenPrefixPackages/package_with_version_specifier_starting_with_hyphen_is_rejected (0.00s)
=== RUN   TestValidateDockerImage_RejectsHyphenPrefix
=== RUN   TestValidateDockerImage_RejectsHyphenPrefix/single_hyphen_prefix
=== RUN   TestValidateDockerImage_RejectsHyphenPrefix/double_hyphen_prefix
=== RUN   TestValidateDockerImage_RejectsHyphenPrefix/looks_like_a_docker_flag
--- PASS: TestValidateDockerImage_RejectsHyphenPrefix (0.00s)
    --- PASS: TestValidateDockerImage_RejectsHyphenPrefix/single_hyphen_prefix (0.00s)
    --- PASS: TestValidateDockerImage_RejectsHyphenPrefix/double_hyphen_prefix (0.00s)
    --- PASS: TestValidateDockerImage_RejectsHyphenPrefix/looks_like_a_docker_flag (0.00s)
=== RUN   TestExtractNpxFromCommands_HyphenPrefixFiltered
=== RUN   TestExtractNpxFromCommands_HyphenPrefixFiltered/lone_hyphen-prefix_arg_yields_no_packages
=== RUN   TestExtractNpxFromCommands_HyphenPrefixFiltered/double-hyphen_arg_yields_no_packages
--- PASS: TestExtractNpxFromCommands_HyphenPrefixFiltered (0.00s)
    --- PASS: TestExtractNpxFromCommands_HyphenPrefixFiltered/lone_hyphen-prefix_arg_yields_no_packages (0.00s)
    --- PASS: TestExtractNpxFromCommands_HyphenPrefixFiltered/double-hyphen_arg_yields_no_packages (0.00s)
=== RUN   TestExtractPipFromCommands_HyphenPrefixFiltered
=== RUN   TestExtractPipFromCommands_HyphenPrefixFiltered/hyphen-prefix_pip_package_yields_no_packages
=== RUN   TestExtractPipFromCommands_HyphenPrefixFiltered/double-hyphen_pip_package_yields_no_packages
--- PASS: TestExtractPipFromCommands_HyphenPrefixFiltered (0.00s)
    --- PASS: TestExtractPipFromCommands_HyphenPrefixFiltered/hyphen-prefix_pip_package_yields_no_packages (0.00s)
    --- PASS: TestExtractPipFromCommands_HyphenPrefixFiltered/double-hyphen_pip_package_yields_no_packages (0.00s)
=== RUN   TestCollectPackagesFromWorkflow_HyphenPrefixInArgs
--- PASS: TestCollectPackagesFromWorkflow_HyphenPrefixInArgs (0.00s)
=== RUN   TestValidateNpmPackageName
=== RUN   TestValidateNpmPackageName/simple_valid_name
=== RUN   TestValidateNpmPackageName/scoped_valid_name
=== RUN   TestValidateNpmPackageName/name_with_hyphen
=== RUN   TestValidateNpmPackageName/name_with_dot
=== RUN   TestValidateNpmPackageName/single_character_name
=== RUN   TestValidateNpmPackageName/scoped_name_with_version_suffix
=== RUN   TestValidateNpmPackageName/unscoped_name_with_version_suffix
=== RUN   TestValidateNpmPackageName/name_with_semver_caret_range
=== RUN   TestValidateNpmPackageName/name_with_tag_version
=== RUN   TestValidateNpmPackageName/name_starting_with_hyphen_is_rejected
=== RUN   TestValidateNpmPackageName/name_with_equals_sign_is_rejected
=== RUN   TestValidateNpmPackageName/name_with_spaces_is_rejected
=== RUN   TestValidateNpmPackageName/uppercase_name_is_rejected
--- PASS: TestValidateNpmPackageName (0.00s)
    --- PASS: TestValidateNpmPackageName/simple_valid_name (0.00s)
    --- PASS: TestValidateNpmPackageName/scoped_valid_name (0.00s)
    --- PASS: TestValidateNpmPackageName/name_with_hyphen (0.00s)
    --- PASS: TestValidateNpmPackageName/name_with_dot (0.00s)
    --- PASS: TestValidateNpmPackageName/single_character_name (0.00s)
    --- PASS: TestValidateNpmPackageName/scoped_name_with_version_suffix (0.00s)
    --- PASS: TestValidateNpmPackageName/unscoped_name_with_version_suffix (0.00s)
    --- PASS: TestValidateNpmPackageName/name_with_semver_caret_range (0.00s)
    --- PASS: TestValidateNpmPackageName/name_with_tag_version (0.00s)
    --- PASS: TestValidateNpmPackageName/name_starting_with_hyphen_is_rejected (0.00s)
    --- PASS: TestValidateNpmPackageName/name_with_equals_sign_is_rejected (0.00s)
    --- PASS: TestValidateNpmPackageName/name_with_spaces_is_rejected (0.00s)
    --- PASS: TestValidateNpmPackageName/uppercase_name_is_rejected (0.00s)
=== RUN   TestValidatePipPackageName
=== RUN   TestValidatePipPackageName/simple_valid_name
=== RUN   TestValidatePipPackageName/name_with_hyphen
=== RUN   TestValidatePipPackageName/name_with_underscore
=== RUN   TestValidatePipPackageName/name_with_dot
=== RUN   TestValidatePipPackageName/mixed_case_is_valid_per_PEP_508
=== RUN   TestValidatePipPackageName/single_character_name
=== RUN   TestValidatePipPackageName/name_starting_with_hyphen_is_rejected
=== RUN   TestValidatePipPackageName/name_with_equals_sign_is_rejected
=== RUN   TestValidatePipPackageName/name_with_spaces_is_rejected
--- PASS: TestValidatePipPackageName (0.00s)
    --- PASS: TestValidatePipPackageName/simple_valid_name (0.00s)
    --- PASS: TestValidatePipPackageName/name_with_hyphen (0.00s)
    --- PASS: TestValidatePipPackageName/name_with_underscore (0.00s)
    --- PASS: TestValidatePipPackageName/name_with_dot (0.00s)
    --- PASS: TestValidatePipPackageName/mixed_case_is_valid_per_PEP_508 (0.00s)
    --- PASS: TestValidatePipPackageName/single_character_name (0.00s)
    --- PASS: TestValidatePipPackageName/name_starting_with_hyphen_is_rejected (0.00s)
    --- PASS: TestValidatePipPackageName/name_with_equals_sign_is_rejected (0.00s)
    --- PASS: TestValidatePipPackageName/name_with_spaces_is_rejected (0.00s)
=== RUN   TestAssignToAgentCanonicalNameKey
--- PASS: TestAssignToAgentCanonicalNameKey (0.00s)
=== RUN   TestAssignToAgentInHandlerManagerStep
/tmp/gh-aw-test-runs/20260704-173215-1254793/assign-to-agent-handler-manager793247398/test-assign-to-agent-hm.md: info: Tip: set permissions.copilot-requests: write to use GitHub Actions token-based inference with the Copilot engine instead of a personal access token (COPILOT_GITHUB_TOKEN). This option requires that your organization has centralized Copilot billing enabled and may not be available in all organizations — see https://github.github.com/gh-aw/reference/billing/ for details.

✓ /tmp/gh-aw-test-runs/20260704-173215-1254793/assign-to-agent-handler-manager793247398/test-assign-to-agent-hm.md (99.9 KB)
--- PASS: TestAssignToAgentInHandlerManagerStep (0.01s)
=== RUN   TestAuditWorkflowsSourceUsesExpandedRepoMemoryCategories
--- PASS: TestAuditWorkflowsSourceUsesExpandedRepoMemoryCategories (0.00s)
=== RUN   TestGenerateAutoUpdateWorkflow_Enabled
--- PASS: TestGenerateAutoUpdateWorkflow_Enabled (0.00s)
=== RUN   TestGenerateAutoUpdateWorkflow_Disabled
--- PASS: TestGenerateAutoUpdateWorkflow_Disabled (0.00s)
=== RUN   TestGenerateAutoUpdateWorkflow_DisabledDeletesExistingFile
--- PASS: TestGenerateAutoUpdateWorkflow_DisabledDeletesExistingFile (0.00s)
=== RUN   TestGenerateAutoUpdateWorkflow_CronIsDeterministic
--- PASS: TestGenerateAutoUpdateWorkflow_CronIsDeterministic (0.00s)
=== RUN   TestGenerateAutoUpdateWorkflow_DifferentReposDifferentCron
--- PASS: TestGenerateAutoUpdateWorkflow_DifferentReposDifferentCron (0.00s)
=== RUN   TestGenerateAutoUpdateWorkflow_NoRepoSlug
--- PASS: TestGenerateAutoUpdateWorkflow_NoRepoSlug (0.00s)
=== RUN   TestGenerateAutoUpdateWorkflow_CustomActionRefs
--- PASS: TestGenerateAutoUpdateWorkflow_CustomActionRefs (0.00s)
=== RUN   TestGenerateAutoUpdateWorkflow_ReleaseModeUsesGhAwPrefix
--- PASS: TestGenerateAutoUpdateWorkflow_ReleaseModeUsesGhAwPrefix (0.00s)
=== RUN   TestBuildAutoUpdateSeed
--- PASS: TestBuildAutoUpdateSeed (0.00s)
=== RUN   TestAgentVersionInAwInfo
=== RUN   TestAgentVersionInAwInfo/Copilot_with_explicit_version
=== RUN   TestAgentVersionInAwInfo/Copilot_with_default_version
=== RUN   TestAgentVersionInAwInfo/Claude_with_explicit_version
=== RUN   TestAgentVersionInAwInfo/Claude_with_default_version
=== RUN   TestAgentVersionInAwInfo/Codex_with_explicit_version
=== RUN   TestAgentVersionInAwInfo/Codex_with_default_version
=== RUN   TestAgentVersionInAwInfo/Pi_with_explicit_version
=== RUN   TestAgentVersionInAwInfo/Pi_with_default_version
--- PASS: TestAgentVersionInAwInfo (0.01s)
    --- PASS: TestAgentVersionInAwInfo/Copilot_with_explicit_version (0.00s)
    --- PASS: TestAgentVersionInAwInfo/Copilot_with_default_version (0.00s)
    --- PASS: TestAgentVersionInAwInfo/Claude_with_explicit_version (0.00s)
    --- PASS: TestAgentVersionInAwInfo/Claude_with_default_version (0.00s)
    --- PASS: TestAgentVersionInAwInfo/Codex_with_explicit_version (0.00s)
    --- PASS: TestAgentVersionInAwInfo/Codex_with_default_version (0.00s)
    --- PASS: TestAgentVersionInAwInfo/Pi_with_explicit_version (0.00s)
    --- PASS: TestAgentVersionInAwInfo/Pi_with_default_version (0.00s)
=== RUN   TestGetInstallationVersion
=== RUN   TestGetInstallationVersion/Copilot_with_explicit_version
=== RUN   TestGetInstallationVersion/Copilot_without_explicit_version
=== RUN   TestGetInstallationVersion/Claude_with_explicit_version
=== RUN   TestGetInstallationVersion/Claude_without_explicit_version
=== RUN   TestGetInstallationVersion/Codex_with_explicit_version
=== RUN   TestGetInstallationVersion/Codex_without_explicit_version
=== RUN   TestGetInstallationVersion/Pi_with_explicit_version
=== RUN   TestGetInstallationVersion/Pi_without_explicit_version
--- PASS: TestGetInstallationVersion (0.00s)
    --- PASS: TestGetInstallationVersion/Copilot_with_explicit_version (0.00s)
    --- PASS: TestGetInstallationVersion/Copilot_without_explicit_version (0.00s)
    --- PASS: TestGetInstallationVersion/Claude_with_explicit_version (0.00s)
    --- PASS: TestGetInstallationVersion/Claude_without_explicit_version (0.00s)
    --- PASS: TestGetInstallationVersion/Codex_with_explicit_version (0.00s)
    --- PASS: TestGetInstallationVersion/Codex_without_explicit_version (0.00s)
    --- PASS: TestGetInstallationVersion/Pi_with_explicit_version (0.00s)
    --- PASS: TestGetInstallationVersion/Pi_without_explicit_version (0.00s)
=== RUN   TestValidateSecretBeforeAwInfo
=== RUN   TestValidateSecretBeforeAwInfo/copilot_engine
/tmp/gh-aw-test-runs/20260704-173215-1254793/aw-info-order-test685629727/test-workflow.md: info: Tip: set permissions.copilot-requests: write to use GitHub Actions token-based inference with the Copilot engine instead of a personal access token (COPILOT_GITHUB_TOKEN). This option requires that your organization has centralized Copilot billing enabled and may not be available in all organizations — see https://github.github.com/gh-aw/reference/billing/ for details.

✓ /tmp/gh-aw-test-runs/20260704-173215-1254793/aw-info-order-test685629727/test-workflow.md (77.3 KB)
    aw_info_before_validate_secret_test.go:120: ✓ Step ordering correct: generate_aw_info (pos 7646) comes before validate-secret (pos 11485)
=== RUN   TestValidateSecretBeforeAwInfo/claude_engine
/tmp/gh-aw-test-runs/20260704-173215-1254793/aw-info-order-test1443955673/test-workflow.md: warning: safe update mode detected unapproved changes

New restricted secret(s):
  - ANTHROPIC_API_KEY

Remediation options:
  1. Use the --approve flag to allow the changes.
  2. Revert the unapproved changes.
  3. Use an interactive coding agent to review and approve the changes.

✓ /tmp/gh-aw-test-runs/20260704-173215-1254793/aw-info-order-test1443955673/test-workflow.md (81.0 KB)
    aw_info_before_validate_secret_test.go:120: ✓ Step ordering correct: generate_aw_info (pos 7809) comes before validate-secret (pos 11623)
=== RUN   TestValidateSecretBeforeAwInfo/codex_engine
/tmp/gh-aw-test-runs/20260704-173215-1254793/aw-info-order-test4259470636/test-workflow.md: warning: safe update mode detected unapproved changes

New restricted secret(s):
  - CODEX_API_KEY
  - OPENAI_API_KEY

Remediation options:
  1. Use the --approve flag to allow the changes.
  2. Revert the unapproved changes.
  3. Use an interactive coding agent to review and approve the changes.

✓ /tmp/gh-aw-test-runs/20260704-173215-1254793/aw-info-order-test4259470636/test-workflow.md (79.4 KB)
    aw_info_before_validate_secret_test.go:120: ✓ Step ordering correct: generate_aw_info (pos 7833) comes before validate-secret (pos 11652)
--- PASS: TestValidateSecretBeforeAwInfo (0.04s)
    --- PASS: TestValidateSecretBeforeAwInfo/copilot_engine (0.01s)
    --- PASS: TestValidateSecretBeforeAwInfo/claude_engine (0.01s)
    --- PASS: TestValidateSecretBeforeAwInfo/codex_engine (0.01s)
=== RUN   TestAwInfoTmpPath
✓ /tmp/gh-aw-test-runs/20260704-173215-1254793/aw-info-tmp-test2115947564/test-aw-info-tmp.md (78.8 KB)
    aw_info_tmp_test.go:107: Successfully verified aw_info.json is generated in /tmp/gh-aw directory
--- PASS: TestAwInfoTmpPath (0.01s)
=== RUN   TestCLIVersionInAwInfo
=== RUN   TestCLIVersionInAwInfo/Released_CLI_version_is_stored_in_aw_info.json
=== RUN   TestCLIVersionInAwInfo/CLI_version_with_semver_prerelease
=== RUN   TestCLIVersionInAwInfo/Development_CLI_version_is_excluded
=== RUN   TestCLIVersionInAwInfo/Dirty_CLI_version_is_excluded
=== RUN   TestCLIVersionInAwInfo/Test_CLI_version_is_excluded
=== RUN   TestCLIVersionInAwInfo/Git_hash_with_dirty_suffix_is_excluded
=== RUN   TestCLIVersionInAwInfo/Git_commit_hash_is_excluded
=== RUN   TestCLIVersionInAwInfo/Short_git_hash_is_excluded
=== RUN   TestCLIVersionInAwInfo/Version_starting_with_v_is_excluded
=== RUN   TestCLIVersionInAwInfo/Version_with_only_major_number_is_excluded
=== RUN   TestCLIVersionInAwInfo/Version_with_only_major.minor_is_included
=== RUN   TestCLIVersionInAwInfo/Version_with_build_metadata_is_included
--- PASS: TestCLIVersionInAwInfo (0.01s)
    --- PASS: TestCLIVersionInAwInfo/Released_CLI_version_is_stored_in_aw_info.json (0.00s)
    --- PASS: TestCLIVersionInAwInfo/CLI_version_with_semver_prerelease (0.00s)
    --- PASS: TestCLIVersionInAwInfo/Development_CLI_version_is_excluded (0.00s)
    --- PASS: TestCLIVersionInAwInfo/Dirty_CLI_version_is_excluded (0.00s)
    --- PASS: TestCLIVersionInAwInfo/Test_CLI_version_is_excluded (0.00s)
    --- PASS: TestCLIVersionInAwInfo/Git_hash_with_dirty_suffix_is_excluded (0.00s)
    --- PASS: TestCLIVersionInAwInfo/Git_commit_hash_is_excluded (0.00s)
    --- PASS: TestCLIVersionInAwInfo/Short_git_hash_is_excluded (0.00s)
    --- PASS: TestCLIVersionInAwInfo/Version_starting_with_v_is_excluded (0.00s)
    --- PASS: TestCLIVersionInAwInfo/Version_with_only_major_number_is_excluded (0.00s)
    --- PASS: TestCLIVersionInAwInfo/Version_with_only_major.minor_is_included (0.00s)
    --- PASS: TestCLIVersionInAwInfo/Version_with_build_metadata_is_included (0.00s)
=== RUN   TestAwfVersionInAwInfo
=== RUN   TestAwfVersionInAwInfo/Firewall_enabled_with_explicit_version
=== RUN   TestAwfVersionInAwInfo/Firewall_enabled_with_default_version
=== RUN   TestAwfVersionInAwInfo/Firewall_disabled
=== RUN   TestAwfVersionInAwInfo/sandbox.agent.version_overrides_firewall_version
--- PASS: TestAwfVersionInAwInfo (0.00s)
    --- PASS: TestAwfVersionInAwInfo/Firewall_enabled_with_explicit_version (0.00s)
    --- PASS: TestAwfVersionInAwInfo/Firewall_enabled_with_default_version (0.00s)
    --- PASS: TestAwfVersionInAwInfo/Firewall_disabled (0.00s)
    --- PASS: TestAwfVersionInAwInfo/sandbox.agent.version_overrides_firewall_version (0.00s)
=== RUN   TestBothVersionsInAwInfo
--- PASS: TestBothVersionsInAwInfo (0.00s)
=== RUN   TestAwmgVersionInAwInfo
=== RUN   TestAwmgVersionInAwInfo/MCP_Gateway_with_explicit_version
=== RUN   TestAwmgVersionInAwInfo/MCP_Gateway_with_default_version
=== RUN   TestAwmgVersionInAwInfo/No_MCP_Gateway_configured
--- PASS: TestAwmgVersionInAwInfo (0.00s)
    --- PASS: TestAwmgVersionInAwInfo/MCP_Gateway_with_explicit_version (0.00s)
    --- PASS: TestAwmgVersionInAwInfo/MCP_Gateway_with_default_version (0.00s)
    --- PASS: TestAwmgVersionInAwInfo/No_MCP_Gateway_configured (0.00s)
=== RUN   TestAllVersionsInAwInfo
--- PASS: TestAllVersionsInAwInfo (0.00s)
=== RUN   TestFormal_P1_DualSourceConsultation
--- PASS: TestFormal_P1_DualSourceConsultation (0.00s)
=== RUN   TestFormal_P2_NoUndocumentedFieldGeneration
--- PASS: TestFormal_P2_NoUndocumentedFieldGeneration (0.00s)
=== RUN   TestFormal_P3_DriftRecordStructuralValidity
--- PASS: TestFormal_P3_DriftRecordStructuralValidity (0.00s)
=== RUN   TestFormal_P4_DriftCategoryExhaustiveness
--- PASS: TestFormal_P4_DriftCategoryExhaustiveness (0.00s)
=== RUN   TestFormal_P5_SchemaOnlyPropertyFlaggedAsDrift
--- PASS: TestFormal_P5_SchemaOnlyPropertyFlaggedAsDrift (0.00s)
=== RUN   TestFormal_P6_CorrectionPRForActionableDrift
--- PASS: TestFormal_P6_CorrectionPRForActionableDrift (0.00s)
=== RUN   TestFormal_P7_SLARemediationWindow
--- PASS: TestFormal_P7_SLARemediationWindow (0.00s)
=== RUN   TestFormal_P8_EscalationIssueStructure
--- PASS: TestFormal_P8_EscalationIssueStructure (0.00s)
=== RUN   TestFormal_P9_SafeguardDegradedModeOnUnavailability
--- PASS: TestFormal_P9_SafeguardDegradedModeOnUnavailability (0.00s)
=== RUN   TestFormal_P10_DriftReportEmittedOnDetection
--- PASS: TestFormal_P10_DriftReportEmittedOnDetection (0.00s)
=== RUN   TestBuildAWFConfigJSON
=== RUN   TestBuildAWFConfigJSON/basic_config_with_allowed_domains_and_API_proxy_enabled
=== RUN   TestBuildAWFConfigJSON/platform_config_is_omitted_when_sandbox_agent_is_disabled
=== RUN   TestBuildAWFConfigJSON/blocked_domains_are_included_in_the_network_section
=== RUN   TestBuildAWFConfigJSON/network_isolation_emits_isolation_and_topologyAttach
=== RUN   TestBuildAWFConfigJSON/openai_API_target_is_included_in_apiProxy_targets
=== RUN   TestBuildAWFConfigJSON/default_max-ai-credits_is_enabled_when_frontmatter_is_unset
=== RUN   TestBuildAWFConfigJSON/enterprise_default_max-ai-credits_env_var_is_NOT_used_at_compile_time_(resolved_at_action_runtime)
=== RUN   TestBuildAWFConfigJSON/frontmatter_max-ai-credits_takes_precedence_over_runtime_default
=== RUN   TestBuildAWFConfigJSON/default_max-turn-cache-misses_uses_built-in_default_when_unset
=== RUN   TestBuildAWFConfigJSON/enterprise_default_max-turn-cache-misses_env_var_overrides_built-in_default
=== RUN   TestBuildAWFConfigJSON/frontmatter_max-turn-cache-misses_takes_precedence_over_env_default
=== RUN   TestBuildAWFConfigJSON/spec_§10.3(2)_/_T-AIC-PR-007:_imported_config_max-ai-credits_baked_into_AWF_config_JSON
=== RUN   TestBuildAWFConfigJSON/spec_§10.3(2)_/_T-AIC-PR-007:_frontmatter_max-ai-credits_overrides_imported_config_value
=== RUN   TestBuildAWFConfigJSON/token_steering_is_enabled_by_default_in_apiProxy_config
=== RUN   TestBuildAWFConfigJSON/token_steering_is_disabled_when_max-ai-credits_is_negative
=== RUN   TestBuildAWFConfigJSON/token_steering_is_skipped_for_unsupported_AWF_versions
=== RUN   TestBuildAWFConfigJSON/configured_max-runs_is_emitted_in_apiProxy_config
=== RUN   TestBuildAWFConfigJSON/default_max-runs_is_emitted_when_not_configured
=== RUN   TestBuildAWFConfigJSON/engine_token-weights_multipliers_are_emitted_in_apiProxy_modelMultipliers
=== RUN   TestBuildAWFConfigJSON/apiProxy_modelMultipliers_omitted_when_engine_token-weights_multipliers_are_empty
=== RUN   TestBuildAWFConfigJSON/anthropic_API_target_is_included_in_apiProxy_targets
=== RUN   TestBuildAWFConfigJSON/antigravity_engine_routes_API_target_through_gemini_provider
=== RUN   TestBuildAWFConfigJSON/antigravity_custom_base_URL_maps_to_gemini_provider_target
=== RUN   TestBuildAWFConfigJSON/no_API_targets_section_when_no_custom_endpoints_are_configured
=== RUN   TestBuildAWFConfigJSON/image_tag_with_digest_metadata_is_included_in_container_section
=== RUN   TestBuildAWFConfigJSON/empty_allowed_domains_produces_no_network_section
=== RUN   TestBuildAWFConfigJSON/output_is_compact_valid_JSON_(no_pretty-print_indentation)
=== RUN   TestBuildAWFConfigJSON/github_actions_expressions_preserve_&&_operators_in_allowDomains
=== RUN   TestBuildAWFConfigJSON/openai_authHeader_from_frontmatter_sandbox.agent.targets_is_included
=== RUN   TestBuildAWFConfigJSON/anthropic_authHeader_from_frontmatter_sandbox.agent.targets_is_included
=== RUN   TestBuildAWFConfigJSON/authHeader_coexists_with_host_from_engine.env
=== RUN   TestBuildAWFConfigJSON/authHeader_is_omitted_when_not_configured_in_frontmatter
=== RUN   TestBuildAWFConfigJSON/sandbox_agent_platform_is_emitted_in_awf_platform_config
=== RUN   TestBuildAWFConfigJSON/platform_config_is_omitted_when_sandbox_agent_platform_is_not_configured
=== RUN   TestBuildAWFConfigJSON/model-fallback_is_emitted_when_enabled_is_explicitly_set_to_false
=== RUN   TestBuildAWFConfigJSON/model-fallback_is_emitted_when_enabled_is_explicitly_set_to_true
=== RUN   TestBuildAWFConfigJSON/model-fallback_supports_GitHub_Actions_expressions
=== RUN   TestBuildAWFConfigJSON/model-fallback_is_omitted_when_not_configured_in_sandbox
--- PASS: TestBuildAWFConfigJSON (0.00s)
    --- PASS: TestBuildAWFConfigJSON/basic_config_with_allowed_domains_and_API_proxy_enabled (0.00s)
    --- PASS: TestBuildAWFConfigJSON/platform_config_is_omitted_when_sandbox_agent_is_disabled (0.00s)
    --- PASS: TestBuildAWFConfigJSON/blocked_domains_are_included_in_the_network_section (0.00s)
    --- PASS: TestBuildAWFConfigJSON/network_isolation_emits_isolation_and_topologyAttach (0.00s)
    --- PASS: TestBuildAWFConfigJSON/openai_API_target_is_included_in_apiProxy_targets (0.00s)
    --- PASS: TestBuildAWFConfigJSON/default_max-ai-credits_is_enabled_when_frontmatter_is_unset (0.00s)
    --- PASS: TestBuildAWFConfigJSON/enterprise_default_max-ai-credits_env_var_is_NOT_used_at_compile_time_(resolved_at_action_runtime) (0.00s)
    --- PASS: TestBuildAWFConfigJSON/frontmatter_max-ai-credits_takes_precedence_over_runtime_default (0.00s)
    --- PASS: TestBuildAWFConfigJSON/default_max-turn-cache-misses_uses_built-in_default_when_unset (0.00s)
    --- PASS: TestBuildAWFConfigJSON/enterprise_default_max-turn-cache-misses_env_var_overrides_built-in_default (0.00s)
    --- PASS: TestBuildAWFConfigJSON/frontmatter_max-turn-cache-misses_takes_precedence_over_env_default (0.00s)
    --- PASS: TestBuildAWFConfigJSON/spec_§10.3(2)_/_T-AIC-PR-007:_imported_config_max-ai-credits_baked_into_AWF_config_JSON (0.00s)
    --- PASS: TestBuildAWFConfigJSON/spec_§10.3(2)_/_T-AIC-PR-007:_frontmatter_max-ai-credits_overrides_imported_config_value (0.00s)
    --- PASS: TestBuildAWFConfigJSON/token_steering_is_enabled_by_default_in_apiProxy_config (0.00s)
    --- PASS: TestBuildAWFConfigJSON/token_steering_is_disabled_when_max-ai-credits_is_negative (0.00s)
    --- PASS: TestBuildAWFConfigJSON/token_steering_is_skipped_for_unsupported_AWF_versions (0.00s)
    --- PASS: TestBuildAWFConfigJSON/configured_max-runs_is_emitted_in_apiProxy_config (0.00s)
    --- PASS: TestBuildAWFConfigJSON/default_max-runs_is_emitted_when_not_configured (0.00s)
    --- PASS: TestBuildAWFConfigJSON/engine_token-weights_multipliers_are_emitted_in_apiProxy_modelMultipliers (0.00s)
    --- PASS: TestBuildAWFConfigJSON/apiProxy_modelMultipliers_omitted_when_engine_token-weights_multipliers_are_empty (0.00s)
    --- PASS: TestBuildAWFConfigJSON/anthropic_API_target_is_included_in_apiProxy_targets (0.00s)
    --- PASS: TestBuildAWFConfigJSON/antigravity_engine_routes_API_target_through_gemini_provider (0.00s)
    --- PASS: TestBuildAWFConfigJSON/antigravity_custom_base_URL_maps_to_gemini_provider_target (0.00s)
    --- PASS: TestBuildAWFConfigJSON/no_API_targets_section_when_no_custom_endpoints_are_configured (0.00s)
    --- PASS: TestBuildAWFConfigJSON/image_tag_with_digest_metadata_is_included_in_container_section (0.00s)
    --- PASS: TestBuildAWFConfigJSON/empty_allowed_domains_produces_no_network_section (0.00s)
    --- PASS: TestBuildAWFConfigJSON/output_is_compact_valid_JSON_(no_pretty-print_indentation) (0.00s)
    --- PASS: TestBuildAWFConfigJSON/github_actions_expressions_preserve_&&_operators_in_allowDomains (0.00s)
    --- PASS: TestBuildAWFConfigJSON/openai_authHeader_from_frontmatter_sandbox.agent.targets_is_included (0.00s)
    --- PASS: TestBuildAWFConfigJSON/anthropic_authHeader_from_frontmatter_sandbox.agent.targets_is_included (0.00s)
    --- PASS: TestBuildAWFConfigJSON/authHeader_coexists_with_host_from_engine.env (0.00s)
    --- PASS: TestBuildAWFConfigJSON/authHeader_is_omitted_when_not_configured_in_frontmatter (0.00s)
    --- PASS: TestBuildAWFConfigJSON/sandbox_agent_platform_is_emitted_in_awf_platform_config (0.00s)
    --- PASS: TestBuildAWFConfigJSON/platform_config_is_omitted_when_sandbox_agent_platform_is_not_configured (0.00s)
    --- PASS: TestBuildAWFConfigJSON/model-fallback_is_emitted_when_enabled_is_explicitly_set_to_false (0.00s)
    --- PASS: TestBuildAWFConfigJSON/model-fallback_is_emitted_when_enabled_is_explicitly_set_to_true (0.00s)
    --- PASS: TestBuildAWFConfigJSON/model-fallback_supports_GitHub_Actions_expressions (0.00s)
    --- PASS: TestBuildAWFConfigJSON/model-fallback_is_omitted_when_not_configured_in_sandbox (0.00s)
=== RUN   TestBuildAWFConfigSchemaURL
=== RUN   TestBuildAWFConfigSchemaURL/nil_config_uses_DefaultFirewallVersion
=== RUN   TestBuildAWFConfigSchemaURL/empty_version_uses_DefaultFirewallVersion
=== RUN   TestBuildAWFConfigSchemaURL/pinned_version_with_v_prefix
=== RUN   TestBuildAWFConfigSchemaURL/pinned_version_without_v_prefix_gets_v_added
=== RUN   TestBuildAWFConfigSchemaURL/latest_version_uses_/releases/latest/download/_URL
--- PASS: TestBuildAWFConfigSchemaURL (0.00s)
    --- PASS: TestBuildAWFConfigSchemaURL/nil_config_uses_DefaultFirewallVersion (0.00s)
    --- PASS: TestBuildAWFConfigSchemaURL/empty_version_uses_DefaultFirewallVersion (0.00s)
    --- PASS: TestBuildAWFConfigSchemaURL/pinned_version_with_v_prefix (0.00s)
    --- PASS: TestBuildAWFConfigSchemaURL/pinned_version_without_v_prefix_gets_v_added (0.00s)
    --- PASS: TestBuildAWFConfigSchemaURL/latest_version_uses_/releases/latest/download/_URL (0.00s)
=== RUN   TestBuildAWFConfigJSON_SchemaURLIsVersionPinned
=== RUN   TestBuildAWFConfigJSON_SchemaURLIsVersionPinned/default_version_when_no_version_pinned
=== RUN   TestBuildAWFConfigJSON_SchemaURLIsVersionPinned/pinned_version_appears_in_schema_URL
--- PASS: TestBuildAWFConfigJSON_SchemaURLIsVersionPinned (0.00s)
    --- PASS: TestBuildAWFConfigJSON_SchemaURLIsVersionPinned/default_version_when_no_version_pinned (0.00s)
    --- PASS: TestBuildAWFConfigJSON_SchemaURLIsVersionPinned/pinned_version_appears_in_schema_URL (0.00s)
=== RUN   TestBuildAWFConfigJSON_DomainDeduplication
--- PASS: TestBuildAWFConfigJSON_DomainDeduplication (0.00s)
=== RUN   TestBuildAWFConfigJSON_SchemaCompliance
=== RUN   TestBuildAWFConfigJSON_SchemaCompliance/basic_config_with_firewall_and_allowed_domains
=== RUN   TestBuildAWFConfigJSON_SchemaCompliance/config_without_network_section
=== RUN   TestBuildAWFConfigJSON_SchemaCompliance/config_with_pinned_firewall_version
=== RUN   TestBuildAWFConfigJSON_SchemaCompliance/config_with_model-fallback_disabled
=== RUN   TestBuildAWFConfigJSON_SchemaCompliance/config_with_model-fallback_expression
--- PASS: TestBuildAWFConfigJSON_SchemaCompliance (0.01s)
    --- PASS: TestBuildAWFConfigJSON_SchemaCompliance/basic_config_with_firewall_and_allowed_domains (0.01s)
    --- PASS: TestBuildAWFConfigJSON_SchemaCompliance/config_without_network_section (0.00s)
    --- PASS: TestBuildAWFConfigJSON_SchemaCompliance/config_with_pinned_firewall_version (0.00s)
    --- PASS: TestBuildAWFConfigJSON_SchemaCompliance/config_with_model-fallback_disabled (0.00s)
    --- PASS: TestBuildAWFConfigJSON_SchemaCompliance/config_with_model-fallback_expression (0.00s)
=== RUN   TestValidateAWFConfigJSON_RejectsInvalidJSON
=== RUN   TestValidateAWFConfigJSON_RejectsInvalidJSON/network_field_with_wrong_type_(string_instead_of_object)
=== RUN   TestValidateAWFConfigJSON_RejectsInvalidJSON/unknown_top-level_key
=== RUN   TestValidateAWFConfigJSON_RejectsInvalidJSON/invalid_JSON_syntax
--- PASS: TestValidateAWFConfigJSON_RejectsInvalidJSON (0.00s)
    --- PASS: TestValidateAWFConfigJSON_RejectsInvalidJSON/network_field_with_wrong_type_(string_instead_of_object) (0.00s)
    --- PASS: TestValidateAWFConfigJSON_RejectsInvalidJSON/unknown_top-level_key (0.00s)
    --- PASS: TestValidateAWFConfigJSON_RejectsInvalidJSON/invalid_JSON_syntax (0.00s)
=== RUN   TestValidateAWFConfigJSON_AllowsTemplatableModelFallbackEnabled
--- PASS: TestValidateAWFConfigJSON_AllowsTemplatableModelFallbackEnabled (0.00s)
=== RUN   TestValidateAWFConfigJSON_AllowsMaxTurnCacheMisses
--- PASS: TestValidateAWFConfigJSON_AllowsMaxTurnCacheMisses (0.00s)
=== RUN   TestBuildAWFConfigJSON_ValidateFlag
=== RUN   TestBuildAWFConfigJSON_ValidateFlag/validation_runs_when_ValidateAWFConfig_is_true
=== RUN   TestBuildAWFConfigJSON_ValidateFlag/validation_is_skipped_when_ValidateAWFConfig_is_false
=== RUN   TestBuildAWFConfigJSON_ValidateFlag/validation_is_skipped_when_WorkflowData_is_nil
--- PASS: TestBuildAWFConfigJSON_ValidateFlag (0.00s)
    --- PASS: TestBuildAWFConfigJSON_ValidateFlag/validation_runs_when_ValidateAWFConfig_is_true (0.00s)
    --- PASS: TestBuildAWFConfigJSON_ValidateFlag/validation_is_skipped_when_ValidateAWFConfig_is_false (0.00s)
    --- PASS: TestBuildAWFConfigJSON_ValidateFlag/validation_is_skipped_when_WorkflowData_is_nil (0.00s)
=== RUN   TestSplitDomainList
=== RUN   TestSplitDomainList/simple_comma-separated_list
=== RUN   TestSplitDomainList/list_with_spaces_after_commas
=== RUN   TestSplitDomainList/single_domain
=== RUN   TestSplitDomainList/empty_string
=== RUN   TestSplitDomainList/wildcards_are_preserved
=== RUN   TestSplitDomainList/duplicates_are_removed
--- PASS: TestSplitDomainList (0.00s)
    --- PASS: TestSplitDomainList/simple_comma-separated_list (0.00s)
    --- PASS: TestSplitDomainList/list_with_spaces_after_commas (0.00s)
    --- PASS: TestSplitDomainList/single_domain (0.00s)
    --- PASS: TestSplitDomainList/empty_string (0.00s)
    --- PASS: TestSplitDomainList/wildcards_are_preserved (0.00s)
    --- PASS: TestSplitDomainList/duplicates_are_removed (0.00s)
=== RUN   TestBuildAWFCommand_UsesConfigFile
--- PASS: TestBuildAWFCommand_UsesConfigFile (0.00s)
=== RUN   TestBuildAWFCommand_EmbedsPlatformConfig
--- PASS: TestBuildAWFCommand_EmbedsPlatformConfig (0.00s)
=== RUN   TestBuildAWFCommand_ResolvesMaxAICreditsFromEnv
=== RUN   TestBuildAWFCommand_ResolvesMaxAICreditsFromEnv/agent_run_uses_agent_fallback
=== RUN   TestBuildAWFCommand_ResolvesMaxAICreditsFromEnv/detection_run_uses_detection_fallback
--- PASS: TestBuildAWFCommand_ResolvesMaxAICreditsFromEnv (0.00s)
    --- PASS: TestBuildAWFCommand_ResolvesMaxAICreditsFromEnv/agent_run_uses_agent_fallback (0.00s)
    --- PASS: TestBuildAWFCommand_ResolvesMaxAICreditsFromEnv/detection_run_uses_detection_fallback (0.00s)
=== RUN   TestBuildAWFCommand_ModelMultipliersInlineInConfigJSON
--- PASS: TestBuildAWFCommand_ModelMultipliersInlineInConfigJSON (0.00s)
=== RUN   TestBuildAWFCommand_PreservesGitHubExpressionOperatorsInConfigJSON
--- PASS: TestBuildAWFCommand_PreservesGitHubExpressionOperatorsInConfigJSON (0.00s)
=== RUN   TestBuildAWFCommand_SchemaKeyEscapedWhenExpressionPresent
--- PASS: TestBuildAWFCommand_SchemaKeyEscapedWhenExpressionPresent (0.00s)
=== RUN   TestBuildAWFCommand_ConfigFileWithPathSetup
--- PASS: TestBuildAWFCommand_ConfigFileWithPathSetup (0.00s)
=== RUN   TestBuildAWFCommand_AddsToolCacheMountProbe
--- PASS: TestBuildAWFCommand_AddsToolCacheMountProbe (0.00s)
=== RUN   TestBuildAWFCommand_WorkflowCallNetworkAllowedUpdaterUsesRunnerTempEnv
--- PASS: TestBuildAWFCommand_WorkflowCallNetworkAllowedUpdaterUsesRunnerTempEnv (0.00s)
=== RUN   TestBuildAWFCommand_WritesAgentCLIStartTimestamp
=== RUN   TestBuildAWFCommand_WritesAgentCLIStartTimestamp/with_PathSetup
=== RUN   TestBuildAWFCommand_WritesAgentCLIStartTimestamp/without_PathSetup
--- PASS: TestBuildAWFCommand_WritesAgentCLIStartTimestamp (0.00s)
    --- PASS: TestBuildAWFCommand_WritesAgentCLIStartTimestamp/with_PathSetup (0.00s)
    --- PASS: TestBuildAWFCommand_WritesAgentCLIStartTimestamp/without_PathSetup (0.00s)
=== RUN   TestBuildAWFTopologyAttachList
=== RUN   TestBuildAWFTopologyAttachList/includes_only_MCP_gateway_when_cli_proxy_is_not_needed
=== RUN   TestBuildAWFTopologyAttachList/includes_CLI_proxy_when_gh-proxy_mode_is_enabled
--- PASS: TestBuildAWFTopologyAttachList (0.00s)
    --- PASS: TestBuildAWFTopologyAttachList/includes_only_MCP_gateway_when_cli_proxy_is_not_needed (0.00s)
    --- PASS: TestBuildAWFTopologyAttachList/includes_CLI_proxy_when_gh-proxy_mode_is_enabled (0.00s)
=== RUN   TestExtractAPITargetHost
=== RUN   TestExtractAPITargetHost/extracts_hostname_from_HTTPS_URL_with_path
=== RUN   TestExtractAPITargetHost/extracts_hostname_from_HTTP_URL_with_port_and_path
=== RUN   TestExtractAPITargetHost/handles_hostname_without_protocol_or_path
=== RUN   TestExtractAPITargetHost/handles_hostname_with_port_but_no_protocol
=== RUN   TestExtractAPITargetHost/returns_empty_string_when_env_var_not_set
=== RUN   TestExtractAPITargetHost/returns_empty_string_when_engine_config_is_nil
=== RUN   TestExtractAPITargetHost/returns_empty_string_when_workflow_data_is_nil
=== RUN   TestExtractAPITargetHost/returns_empty_string_for_empty_URL
=== RUN   TestExtractAPITargetHost/extracts_Azure_OpenAI_endpoint_hostname
--- PASS: TestExtractAPITargetHost (0.00s)
    --- PASS: TestExtractAPITargetHost/extracts_hostname_from_HTTPS_URL_with_path (0.00s)
    --- PASS: TestExtractAPITargetHost/extracts_hostname_from_HTTP_URL_with_port_and_path (0.00s)
    --- PASS: TestExtractAPITargetHost/handles_hostname_without_protocol_or_path (0.00s)
    --- PASS: TestExtractAPITargetHost/handles_hostname_with_port_but_no_protocol (0.00s)
    --- PASS: TestExtractAPITargetHost/returns_empty_string_when_env_var_not_set (0.00s)
    --- PASS: TestExtractAPITargetHost/returns_empty_string_when_engine_config_is_nil (0.00s)
    --- PASS: TestExtractAPITargetHost/returns_empty_string_when_workflow_data_is_nil (0.00s)
    --- PASS: TestExtractAPITargetHost/returns_empty_string_for_empty_URL (0.00s)
    --- PASS: TestExtractAPITargetHost/extracts_Azure_OpenAI_endpoint_hostname (0.00s)
=== RUN   TestAWFCustomAPITargetFlags
=== RUN   TestAWFCustomAPITargetFlags/includes_openai_target_in_config_JSON_when_OPENAI_BASE_URL_is_configured
=== RUN   TestAWFCustomAPITargetFlags/includes_anthropic_target_in_config_JSON_when_ANTHROPIC_BASE_URL_is_configured
=== RUN   TestAWFCustomAPITargetFlags/does_not_include_api_targets_in_config_JSON_when_using_default_URLs
=== RUN   TestAWFCustomAPITargetFlags/includes_both_api_targets_in_config_JSON_when_both_are_configured
--- PASS: TestAWFCustomAPITargetFlags (0.00s)
    --- PASS: TestAWFCustomAPITargetFlags/includes_openai_target_in_config_JSON_when_OPENAI_BASE_URL_is_configured (0.00s)
    --- PASS: TestAWFCustomAPITargetFlags/includes_anthropic_target_in_config_JSON_when_ANTHROPIC_BASE_URL_is_configured (0.00s)
    --- PASS: TestAWFCustomAPITargetFlags/does_not_include_api_targets_in_config_JSON_when_using_default_URLs (0.00s)
    --- PASS: TestAWFCustomAPITargetFlags/includes_both_api_targets_in_config_JSON_when_both_are_configured (0.00s)
=== RUN   TestApplyDefaultMaxAICreditsEnvToMap
=== RUN   TestApplyDefaultMaxAICreditsEnvToMap/sets_default_agent_expression_when_max-ai-credits_is_unset
=== RUN   TestApplyDefaultMaxAICreditsEnvToMap/sets_default_detection_expression_for_detection_runs
=== RUN   TestApplyDefaultMaxAICreditsEnvToMap/does_not_set_expression_when_max-ai-credits_is_configured
--- PASS: TestApplyDefaultMaxAICreditsEnvToMap (0.00s)
    --- PASS: TestApplyDefaultMaxAICreditsEnvToMap/sets_default_agent_expression_when_max-ai-credits_is_unset (0.00s)
    --- PASS: TestApplyDefaultMaxAICreditsEnvToMap/sets_default_detection_expression_for_detection_runs (0.00s)
    --- PASS: TestApplyDefaultMaxAICreditsEnvToMap/does_not_set_expression_when_max-ai-credits_is_configured (0.00s)
=== RUN   TestExtractAPITargetAuthHeader
=== RUN   TestExtractAPITargetAuthHeader/returns_authHeader_for_openai_provider
=== RUN   TestExtractAPITargetAuthHeader/returns_authHeader_for_anthropic_provider
=== RUN   TestExtractAPITargetAuthHeader/returns_empty_string_when_sandbox_config_is_absent
=== RUN   TestExtractAPITargetAuthHeader/returns_empty_string_when_provider_is_absent
=== RUN   TestExtractAPITargetAuthHeader/returns_empty_string_for_nil_WorkflowData
=== RUN   TestExtractAPITargetAuthHeader/returns_empty_string_when_targets_is_nil
--- PASS: TestExtractAPITargetAuthHeader (0.00s)
    --- PASS: TestExtractAPITargetAuthHeader/returns_authHeader_for_openai_provider (0.00s)
    --- PASS: TestExtractAPITargetAuthHeader/returns_authHeader_for_anthropic_provider (0.00s)
    --- PASS: TestExtractAPITargetAuthHeader/returns_empty_string_when_sandbox_config_is_absent (0.00s)
    --- PASS: TestExtractAPITargetAuthHeader/returns_empty_string_when_provider_is_absent (0.00s)
    --- PASS: TestExtractAPITargetAuthHeader/returns_empty_string_for_nil_WorkflowData (0.00s)
    --- PASS: TestExtractAPITargetAuthHeader/returns_empty_string_when_targets_is_nil (0.00s)
=== RUN   TestExtractAPIBasePath
=== RUN   TestExtractAPIBasePath/databricks_serving_endpoint
=== RUN   TestExtractAPIBasePath/azure_openai_deployment
=== RUN   TestExtractAPIBasePath/simple_path
=== RUN   TestExtractAPIBasePath/trailing_slash_stripped
=== RUN   TestExtractAPIBasePath/multiple_trailing_slashes_stripped
=== RUN   TestExtractAPIBasePath/no_path
=== RUN   TestExtractAPIBasePath/bare_hostname
=== RUN   TestExtractAPIBasePath/root_path_only
=== RUN   TestExtractAPIBasePath/query_string_stripped
=== RUN   TestExtractAPIBasePath/fragment_stripped
=== RUN   TestExtractAPIBasePath/returns_empty_string_when_workflow_data_is_nil
=== RUN   TestExtractAPIBasePath/returns_empty_string_when_engine_config_is_nil
=== RUN   TestExtractAPIBasePath/returns_empty_string_when_env_var_not_set
--- PASS: TestExtractAPIBasePath (0.00s)
    --- PASS: TestExtractAPIBasePath/databricks_serving_endpoint (0.00s)
    --- PASS: TestExtractAPIBasePath/azure_openai_deployment (0.00s)
    --- PASS: TestExtractAPIBasePath/simple_path (0.00s)
    --- PASS: TestExtractAPIBasePath/trailing_slash_stripped (0.00s)
    --- PASS: TestExtractAPIBasePath/multiple_trailing_slashes_stripped (0.00s)
    --- PASS: TestExtractAPIBasePath/no_path (0.00s)
    --- PASS: TestExtractAPIBasePath/bare_hostname (0.00s)
    --- PASS: TestExtractAPIBasePath/root_path_only (0.00s)
    --- PASS: TestExtractAPIBasePath/query_string_stripped (0.00s)
    --- PASS: TestExtractAPIBasePath/fragment_stripped (0.00s)
    --- PASS: TestExtractAPIBasePath/returns_empty_string_when_workflow_data_is_nil (0.00s)
    --- PASS: TestExtractAPIBasePath/returns_empty_string_when_engine_config_is_nil (0.00s)
    --- PASS: TestExtractAPIBasePath/returns_empty_string_when_env_var_not_set (0.00s)
=== RUN   TestAWFBasePathFlags
=== RUN   TestAWFBasePathFlags/includes_openai-api-base-path_when_OPENAI_BASE_URL_has_path_component
=== RUN   TestAWFBasePathFlags/includes_anthropic-api-base-path_when_ANTHROPIC_BASE_URL_has_path_component
=== RUN   TestAWFBasePathFlags/does_not_include_base-path_flags_when_URLs_have_no_path
--- PASS: TestAWFBasePathFlags (0.00s)
    --- PASS: TestAWFBasePathFlags/includes_openai-api-base-path_when_OPENAI_BASE_URL_has_path_component (0.00s)
    --- PASS: TestAWFBasePathFlags/includes_anthropic-api-base-path_when_ANTHROPIC_BASE_URL_has_path_component (0.00s)
    --- PASS: TestAWFBasePathFlags/does_not_include_base-path_flags_when_URLs_have_no_path (0.00s)
=== RUN   TestBuildAWFArgsAuditDir
=== RUN   TestBuildAWFArgsAuditDir/includes_--audit-dir_flag_with_correct_path
--- PASS: TestBuildAWFArgsAuditDir (0.00s)
    --- PASS: TestBuildAWFArgsAuditDir/includes_--audit-dir_flag_with_correct_path (0.00s)
=== RUN   TestBuildAWFArgsAllowHostPorts
=== RUN   TestBuildAWFArgsAllowHostPorts/includes_default_MCP_gateway_port_8080
=== RUN   TestBuildAWFArgsAllowHostPorts/uses_custom_MCP_gateway_port_from_sandbox_config
=== RUN   TestBuildAWFArgsAllowHostPorts/handles_nil_SandboxConfig_gracefully
=== RUN   TestBuildAWFArgsAllowHostPorts/skips_--allow-host-ports_when_AWF_version_is_too_old
=== RUN   TestBuildAWFArgsAllowHostPorts/skips_host-access_flags_when_network_isolation_is_enabled
--- PASS: TestBuildAWFArgsAllowHostPorts (0.00s)
    --- PASS: TestBuildAWFArgsAllowHostPorts/includes_default_MCP_gateway_port_8080 (0.00s)
    --- PASS: TestBuildAWFArgsAllowHostPorts/uses_custom_MCP_gateway_port_from_sandbox_config (0.00s)
    --- PASS: TestBuildAWFArgsAllowHostPorts/handles_nil_SandboxConfig_gracefully (0.00s)
    --- PASS: TestBuildAWFArgsAllowHostPorts/skips_--allow-host-ports_when_AWF_version_is_too_old (0.00s)
    --- PASS: TestBuildAWFArgsAllowHostPorts/skips_host-access_flags_when_network_isolation_is_enabled (0.00s)
=== RUN   TestBuildAWFArgsDiagnosticLogs
=== RUN   TestBuildAWFArgsDiagnosticLogs/does_not_include_--diagnostic-logs_when_feature_flag_is_absent
=== RUN   TestBuildAWFArgsDiagnosticLogs/includes_--diagnostic-logs_when_awf-diagnostic-logs_is_enabled
--- PASS: TestBuildAWFArgsDiagnosticLogs (0.00s)
    --- PASS: TestBuildAWFArgsDiagnosticLogs/does_not_include_--diagnostic-logs_when_feature_flag_is_absent (0.00s)
    --- PASS: TestBuildAWFArgsDiagnosticLogs/includes_--diagnostic-logs_when_awf-diagnostic-logs_is_enabled (0.00s)
=== RUN   TestBuildAWFArgsMemoryLimit
=== RUN   TestBuildAWFArgsMemoryLimit/includes_--memory-limit_flag_when_memory_is_configured
=== RUN   TestBuildAWFArgsMemoryLimit/does_not_include_--memory-limit_flag_when_memory_is_not_configured
=== RUN   TestBuildAWFArgsMemoryLimit/includes_correct_memory_value_when_multiple_sizes_configured
=== RUN   TestBuildAWFArgsMemoryLimit/includes_correct_memory_value_when_multiple_sizes_configured/512m
=== RUN   TestBuildAWFArgsMemoryLimit/includes_correct_memory_value_when_multiple_sizes_configured/4g
=== RUN   TestBuildAWFArgsMemoryLimit/includes_correct_memory_value_when_multiple_sizes_configured/8g
--- PASS: TestBuildAWFArgsMemoryLimit (0.00s)
    --- PASS: TestBuildAWFArgsMemoryLimit/includes_--memory-limit_flag_when_memory_is_configured (0.00s)
    --- PASS: TestBuildAWFArgsMemoryLimit/does_not_include_--memory-limit_flag_when_memory_is_not_configured (0.00s)
    --- PASS: TestBuildAWFArgsMemoryLimit/includes_correct_memory_value_when_multiple_sizes_configured (0.00s)
        --- PASS: TestBuildAWFArgsMemoryLimit/includes_correct_memory_value_when_multiple_sizes_configured/512m (0.00s)
        --- PASS: TestBuildAWFArgsMemoryLimit/includes_correct_memory_value_when_multiple_sizes_configured/4g (0.00s)
        --- PASS: TestBuildAWFArgsMemoryLimit/includes_correct_memory_value_when_multiple_sizes_configured/8g (0.00s)
=== RUN   TestEngineExecutionWithCustomAPITarget
=== RUN   TestEngineExecutionWithCustomAPITarget/Codex_engine_includes_openai_target_in_config_JSON_when_OPENAI_BASE_URL_is_configured
=== RUN   TestEngineExecutionWithCustomAPITarget/Claude_engine_includes_anthropic_target_in_config_JSON_when_ANTHROPIC_BASE_URL_is_configured
--- PASS: TestEngineExecutionWithCustomAPITarget (0.00s)
    --- PASS: TestEngineExecutionWithCustomAPITarget/Codex_engine_includes_openai_target_in_config_JSON_when_OPENAI_BASE_URL_is_configured (0.00s)
    --- PASS: TestEngineExecutionWithCustomAPITarget/Claude_engine_includes_anthropic_target_in_config_JSON_when_ANTHROPIC_BASE_URL_is_configured (0.00s)
=== RUN   TestGetCopilotAPITarget
=== RUN   TestGetCopilotAPITarget/engine.api-target_takes_precedence_over_GITHUB_COPILOT_BASE_URL
=== RUN   TestGetCopilotAPITarget/GITHUB_COPILOT_BASE_URL_used_as_fallback_when_api-target_not_set
=== RUN   TestGetCopilotAPITarget/GITHUB_COPILOT_BASE_URL_with_path_extracts_hostname_only
=== RUN   TestGetCopilotAPITarget/empty_when_neither_api-target_nor_GITHUB_COPILOT_BASE_URL_is_set
=== RUN   TestGetCopilotAPITarget/empty_when_workflowData_is_nil
--- PASS: TestGetCopilotAPITarget (0.00s)
    --- PASS: TestGetCopilotAPITarget/engine.api-target_takes_precedence_over_GITHUB_COPILOT_BASE_URL (0.00s)
    --- PASS: TestGetCopilotAPITarget/GITHUB_COPILOT_BASE_URL_used_as_fallback_when_api-target_not_set (0.00s)
    --- PASS: TestGetCopilotAPITarget/GITHUB_COPILOT_BASE_URL_with_path_extracts_hostname_only (0.00s)
    --- PASS: TestGetCopilotAPITarget/empty_when_neither_api-target_nor_GITHUB_COPILOT_BASE_URL_is_set (0.00s)
    --- PASS: TestGetCopilotAPITarget/empty_when_workflowData_is_nil (0.00s)
=== RUN   TestGetCopilotAllowlistTargets
=== RUN   TestGetCopilotAllowlistTargets/includes_BYOK_provider_host_and_api-target_when_both_are_configured
=== RUN   TestGetCopilotAllowlistTargets/includes_only_BYOK_provider_host_when_no_copilot_api_target_is_configured
=== RUN   TestGetCopilotAllowlistTargets/deduplicates_identical_provider_and_api_targets
=== RUN   TestGetCopilotAllowlistTargets/skips_provider_host_extraction_when_BYOK_base_URL_is_a_GitHub_expression
--- PASS: TestGetCopilotAllowlistTargets (0.00s)
    --- PASS: TestGetCopilotAllowlistTargets/includes_BYOK_provider_host_and_api-target_when_both_are_configured (0.00s)
    --- PASS: TestGetCopilotAllowlistTargets/includes_only_BYOK_provider_host_when_no_copilot_api_target_is_configured (0.00s)
    --- PASS: TestGetCopilotAllowlistTargets/deduplicates_identical_provider_and_api_targets (0.00s)
    --- PASS: TestGetCopilotAllowlistTargets/skips_provider_host_extraction_when_BYOK_base_URL_is_a_GitHub_expression (0.00s)
=== RUN   TestCopilotEngineIncludesCopilotAPITargetFromEnvVar
--- PASS: TestCopilotEngineIncludesCopilotAPITargetFromEnvVar (0.00s)
=== RUN   TestAWFSupportsExcludeEnv
=== RUN   TestAWFSupportsExcludeEnv/nil_firewall_config_(default_version)_supports_--exclude-env
=== RUN   TestAWFSupportsExcludeEnv/empty_version_(default)_supports_--exclude-env
=== RUN   TestAWFSupportsExcludeEnv/v0.25.3_supports_--exclude-env
=== RUN   TestAWFSupportsExcludeEnv/v0.26.0_supports_--exclude-env
=== RUN   TestAWFSupportsExcludeEnv/v0.27.0_supports_--exclude-env
=== RUN   TestAWFSupportsExcludeEnv/latest_supports_--exclude-env
=== RUN   TestAWFSupportsExcludeEnv/v0.25.0_does_not_support_--exclude-env
=== RUN   TestAWFSupportsExcludeEnv/v0.1.0_does_not_support_--exclude-env
--- PASS: TestAWFSupportsExcludeEnv (0.00s)
    --- PASS: TestAWFSupportsExcludeEnv/nil_firewall_config_(default_version)_supports_--exclude-env (0.00s)
    --- PASS: TestAWFSupportsExcludeEnv/empty_version_(default)_supports_--exclude-env (0.00s)
    --- PASS: TestAWFSupportsExcludeEnv/v0.25.3_supports_--exclude-env (0.00s)
    --- PASS: TestAWFSupportsExcludeEnv/v0.26.0_supports_--exclude-env (0.00s)
    --- PASS: TestAWFSupportsExcludeEnv/v0.27.0_supports_--exclude-env (0.00s)
    --- PASS: TestAWFSupportsExcludeEnv/latest_supports_--exclude-env (0.00s)
    --- PASS: TestAWFSupportsExcludeEnv/v0.25.0_does_not_support_--exclude-env (0.00s)
    --- PASS: TestAWFSupportsExcludeEnv/v0.1.0_does_not_support_--exclude-env (0.00s)
=== RUN   TestBuildAWFArgsCliProxy
=== RUN   TestBuildAWFArgsCliProxy/does_not_include_cli-proxy_flags_when_feature_flag_is_absent
=== RUN   TestBuildAWFArgsCliProxy/includes_--difc-proxy-host_and_--difc-proxy-ca-cert_when_cli-proxy_is_enabled
=== RUN   TestBuildAWFArgsCliProxy/uses_internal_cli_proxy_host_when_network_isolation_is_enabled
=== RUN   TestBuildAWFArgsCliProxy/does_not_include_cli-proxy_flags_for_copilot_by_default
=== RUN   TestBuildAWFArgsCliProxy/does_not_include_deprecated_flags_even_with_guard_policy_configured
=== RUN   TestBuildAWFArgsCliProxy/skips_all_cli-proxy_flags_when_AWF_version_is_too_old
--- PASS: TestBuildAWFArgsCliProxy (0.00s)
    --- PASS: TestBuildAWFArgsCliProxy/does_not_include_cli-proxy_flags_when_feature_flag_is_absent (0.00s)
    --- PASS: TestBuildAWFArgsCliProxy/includes_--difc-proxy-host_and_--difc-proxy-ca-cert_when_cli-proxy_is_enabled (0.00s)
    --- PASS: TestBuildAWFArgsCliProxy/uses_internal_cli_proxy_host_when_network_isolation_is_enabled (0.00s)
    --- PASS: TestBuildAWFArgsCliProxy/does_not_include_cli-proxy_flags_for_copilot_by_default (0.00s)
    --- PASS: TestBuildAWFArgsCliProxy/does_not_include_deprecated_flags_even_with_guard_policy_configured (0.00s)
    --- PASS: TestBuildAWFArgsCliProxy/skips_all_cli-proxy_flags_when_AWF_version_is_too_old (0.00s)
=== RUN   TestAWFSupportsCliProxy
=== RUN   TestAWFSupportsCliProxy/nil_firewall_config_returns_true_(uses_default_version)
=== RUN   TestAWFSupportsCliProxy/empty_version_returns_true_(uses_default_version)
=== RUN   TestAWFSupportsCliProxy/latest_returns_true
=== RUN   TestAWFSupportsCliProxy/v0.25.17_supports_CLI_proxy_flags_(exact_minimum_version)
=== RUN   TestAWFSupportsCliProxy/v0.26.0_supports_CLI_proxy_flags
=== RUN   TestAWFSupportsCliProxy/v0.27.0_supports_CLI_proxy_flags
=== RUN   TestAWFSupportsCliProxy/v0.25.16_does_not_support_CLI_proxy_flags
=== RUN   TestAWFSupportsCliProxy/v0.25.14_does_not_support_CLI_proxy_flags
=== RUN   TestAWFSupportsCliProxy/v0.1.0_does_not_support_CLI_proxy_flags
--- PASS: TestAWFSupportsCliProxy (0.00s)
    --- PASS: TestAWFSupportsCliProxy/nil_firewall_config_returns_true_(uses_default_version) (0.00s)
    --- PASS: TestAWFSupportsCliProxy/empty_version_returns_true_(uses_default_version) (0.00s)
    --- PASS: TestAWFSupportsCliProxy/latest_returns_true (0.00s)
    --- PASS: TestAWFSupportsCliProxy/v0.25.17_supports_CLI_proxy_flags_(exact_minimum_version) (0.00s)
    --- PASS: TestAWFSupportsCliProxy/v0.26.0_supports_CLI_proxy_flags (0.00s)
    --- PASS: TestAWFSupportsCliProxy/v0.27.0_supports_CLI_proxy_flags (0.00s)
    --- PASS: TestAWFSupportsCliProxy/v0.25.16_does_not_support_CLI_proxy_flags (0.00s)
    --- PASS: TestAWFSupportsCliProxy/v0.25.14_does_not_support_CLI_proxy_flags (0.00s)
    --- PASS: TestAWFSupportsCliProxy/v0.1.0_does_not_support_CLI_proxy_flags (0.00s)
=== RUN   TestAWFSupportsAllowHostPorts
=== RUN   TestAWFSupportsAllowHostPorts/nil_firewall_config_returns_true_(uses_default_version)
=== RUN   TestAWFSupportsAllowHostPorts/empty_version_returns_true_(uses_default_version)
=== RUN   TestAWFSupportsAllowHostPorts/latest_returns_true
=== RUN   TestAWFSupportsAllowHostPorts/v0.25.24_supports_--allow-host-ports_(exact_minimum_version)
=== RUN   TestAWFSupportsAllowHostPorts/v0.26.0_supports_--allow-host-ports
=== RUN   TestAWFSupportsAllowHostPorts/v0.25.23_does_not_support_--allow-host-ports
=== RUN   TestAWFSupportsAllowHostPorts/v0.1.0_does_not_support_--allow-host-ports
--- PASS: TestAWFSupportsAllowHostPorts (0.00s)
    --- PASS: TestAWFSupportsAllowHostPorts/nil_firewall_config_returns_true_(uses_default_version) (0.00s)
    --- PASS: TestAWFSupportsAllowHostPorts/empty_version_returns_true_(uses_default_version) (0.00s)
    --- PASS: TestAWFSupportsAllowHostPorts/latest_returns_true (0.00s)
    --- PASS: TestAWFSupportsAllowHostPorts/v0.25.24_supports_--allow-host-ports_(exact_minimum_version) (0.00s)
    --- PASS: TestAWFSupportsAllowHostPorts/v0.26.0_supports_--allow-host-ports (0.00s)
    --- PASS: TestAWFSupportsAllowHostPorts/v0.25.23_does_not_support_--allow-host-ports (0.00s)
    --- PASS: TestAWFSupportsAllowHostPorts/v0.1.0_does_not_support_--allow-host-ports (0.00s)
=== RUN   TestAWFSupportsDockerHostPathPrefix
=== RUN   TestAWFSupportsDockerHostPathPrefix/nil_firewall_config_returns_true_(uses_default_version)
=== RUN   TestAWFSupportsDockerHostPathPrefix/empty_version_returns_true_(uses_default_version)
=== RUN   TestAWFSupportsDockerHostPathPrefix/latest_returns_true
=== RUN   TestAWFSupportsDockerHostPathPrefix/v0.25.43_supports_--docker-host-path-prefix_(exact_minimum_version)
=== RUN   TestAWFSupportsDockerHostPathPrefix/v0.25.42_does_not_support_--docker-host-path-prefix
--- PASS: TestAWFSupportsDockerHostPathPrefix (0.00s)
    --- PASS: TestAWFSupportsDockerHostPathPrefix/nil_firewall_config_returns_true_(uses_default_version) (0.00s)
    --- PASS: TestAWFSupportsDockerHostPathPrefix/empty_version_returns_true_(uses_default_version) (0.00s)
    --- PASS: TestAWFSupportsDockerHostPathPrefix/latest_returns_true (0.00s)
    --- PASS: TestAWFSupportsDockerHostPathPrefix/v0.25.43_supports_--docker-host-path-prefix_(exact_minimum_version) (0.00s)
    --- PASS: TestAWFSupportsDockerHostPathPrefix/v0.25.42_does_not_support_--docker-host-path-prefix (0.00s)
=== RUN   TestArcDindDockerHostDetection
=== RUN   TestArcDindDockerHostDetection/tcp://localhost:2375
=== RUN   TestArcDindDockerHostDetection/tcp://127.0.0.1:2375
=== RUN   TestArcDindDockerHostDetection/tcp://dind:2375_(K8s_service_name)
=== RUN   TestArcDindDockerHostDetection/tcp://172.30.0.5:2375_(pod_IP)
=== RUN   TestArcDindDockerHostDetection/tcp://dind-sidecar.default.svc:2376
=== RUN   TestArcDindDockerHostDetection/unix_socket_(not_tcp)
=== RUN   TestArcDindDockerHostDetection/bare_path
=== RUN   TestArcDindDockerHostDetection/empty_(unset)
--- PASS: TestArcDindDockerHostDetection (0.03s)
    --- PASS: TestArcDindDockerHostDetection/tcp://localhost:2375 (0.00s)
    --- PASS: TestArcDindDockerHostDetection/tcp://127.0.0.1:2375 (0.00s)
    --- PASS: TestArcDindDockerHostDetection/tcp://dind:2375_(K8s_service_name) (0.00s)
    --- PASS: TestArcDindDockerHostDetection/tcp://172.30.0.5:2375_(pod_IP) (0.00s)
    --- PASS: TestArcDindDockerHostDetection/tcp://dind-sidecar.default.svc:2376 (0.00s)
    --- PASS: TestArcDindDockerHostDetection/unix_socket_(not_tcp) (0.00s)
    --- PASS: TestArcDindDockerHostDetection/bare_path (0.00s)
    --- PASS: TestArcDindDockerHostDetection/empty_(unset) (0.00s)
=== RUN   TestAWFSupportsTokenSteering
=== RUN   TestAWFSupportsTokenSteering/nil_firewall_config_returns_true_(uses_default_version)
=== RUN   TestAWFSupportsTokenSteering/empty_version_returns_true_(uses_default_version)
=== RUN   TestAWFSupportsTokenSteering/latest_returns_true
=== RUN   TestAWFSupportsTokenSteering/v0.25.44_supports_token_steering_(exact_minimum_version)
=== RUN   TestAWFSupportsTokenSteering/v0.25.43_does_not_support_token_steering
--- PASS: TestAWFSupportsTokenSteering (0.00s)
    --- PASS: TestAWFSupportsTokenSteering/nil_firewall_config_returns_true_(uses_default_version) (0.00s)
    --- PASS: TestAWFSupportsTokenSteering/empty_version_returns_true_(uses_default_version) (0.00s)
    --- PASS: TestAWFSupportsTokenSteering/latest_returns_true (0.00s)
    --- PASS: TestAWFSupportsTokenSteering/v0.25.44_supports_token_steering_(exact_minimum_version) (0.00s)
    --- PASS: TestAWFSupportsTokenSteering/v0.25.43_does_not_support_token_steering (0.00s)
=== RUN   TestAWFSupportsChrootConfig
=== RUN   TestAWFSupportsChrootConfig/nil_firewall_config_returns_true_(uses_default_version)
=== RUN   TestAWFSupportsChrootConfig/empty_version_returns_true_(uses_default_version)
=== RUN   TestAWFSupportsChrootConfig/latest_returns_true
=== RUN   TestAWFSupportsChrootConfig/v0.27.1_supports_chroot_config_(exact_minimum_version)
=== RUN   TestAWFSupportsChrootConfig/v0.27.0_does_not_support_chroot_config
=== RUN   TestAWFSupportsChrootConfig/v0.25.44_(old)_does_not_support_chroot_config
--- PASS: TestAWFSupportsChrootConfig (0.00s)
    --- PASS: TestAWFSupportsChrootConfig/nil_firewall_config_returns_true_(uses_default_version) (0.00s)
    --- PASS: TestAWFSupportsChrootConfig/empty_version_returns_true_(uses_default_version) (0.00s)
    --- PASS: TestAWFSupportsChrootConfig/latest_returns_true (0.00s)
    --- PASS: TestAWFSupportsChrootConfig/v0.27.1_supports_chroot_config_(exact_minimum_version) (0.00s)
    --- PASS: TestAWFSupportsChrootConfig/v0.27.0_does_not_support_chroot_config (0.00s)
    --- PASS: TestAWFSupportsChrootConfig/v0.25.44_(old)_does_not_support_chroot_config (0.00s)
=== RUN   TestBuildAWFCommand_IncludesChrootInjectScript
=== RUN   TestBuildAWFCommand_IncludesChrootInjectScript/chroot_inject_script_present_when_AWF_version_supports_it
=== RUN   TestBuildAWFCommand_IncludesChrootInjectScript/chroot_inject_script_absent_when_AWF_version_too_old
--- PASS: TestBuildAWFCommand_IncludesChrootInjectScript (0.00s)
    --- PASS: TestBuildAWFCommand_IncludesChrootInjectScript/chroot_inject_script_present_when_AWF_version_supports_it (0.00s)
    --- PASS: TestBuildAWFCommand_IncludesChrootInjectScript/chroot_inject_script_absent_when_AWF_version_too_old (0.00s)
=== RUN   TestGetGeminiAPITarget
=== RUN   TestGetGeminiAPITarget/returns_default_target_for_gemini_engine_with_no_custom_URL
=== RUN   TestGetGeminiAPITarget/custom_GEMINI_API_BASE_URL_takes_precedence_over_default
=== RUN   TestGetGeminiAPITarget/returns_empty_for_non-gemini_engine_without_custom_URL
=== RUN   TestGetGeminiAPITarget/returns_empty_when_workflowData_is_nil
=== RUN   TestGetGeminiAPITarget/returns_custom_target_for_non-gemini_engine_with_GEMINI_API_BASE_URL
--- PASS: TestGetGeminiAPITarget (0.00s)
    --- PASS: TestGetGeminiAPITarget/returns_default_target_for_gemini_engine_with_no_custom_URL (0.00s)
    --- PASS: TestGetGeminiAPITarget/custom_GEMINI_API_BASE_URL_takes_precedence_over_default (0.00s)
    --- PASS: TestGetGeminiAPITarget/returns_empty_for_non-gemini_engine_without_custom_URL (0.00s)
    --- PASS: TestGetGeminiAPITarget/returns_empty_when_workflowData_is_nil (0.00s)
    --- PASS: TestGetGeminiAPITarget/returns_custom_target_for_non-gemini_engine_with_GEMINI_API_BASE_URL (0.00s)
=== RUN   TestAWFGeminiAPITargetFlags
=== RUN   TestAWFGeminiAPITargetFlags/includes_default_gemini_target_in_config_JSON_for_gemini_engine
=== RUN   TestAWFGeminiAPITargetFlags/includes_custom_gemini_target_in_config_JSON_when_GEMINI_API_BASE_URL_is_configured
=== RUN   TestAWFGeminiAPITargetFlags/does_not_include_gemini_target_for_non-gemini_engine_without_custom_URL
=== RUN   TestAWFGeminiAPITargetFlags/includes_gemini-api-base-path_when_custom_URL_has_path_component
--- PASS: TestAWFGeminiAPITargetFlags (0.00s)
    --- PASS: TestAWFGeminiAPITargetFlags/includes_default_gemini_target_in_config_JSON_for_gemini_engine (0.00s)
    --- PASS: TestAWFGeminiAPITargetFlags/includes_custom_gemini_target_in_config_JSON_when_GEMINI_API_BASE_URL_is_configured (0.00s)
    --- PASS: TestAWFGeminiAPITargetFlags/does_not_include_gemini_target_for_non-gemini_engine_without_custom_URL (0.00s)
    --- PASS: TestAWFGeminiAPITargetFlags/includes_gemini-api-base-path_when_custom_URL_has_path_component (0.00s)
=== RUN   TestGeminiEngineIncludesGeminiAPITarget
--- PASS: TestGeminiEngineIncludesGeminiAPITarget (0.00s)
=== RUN   TestBuildAWFImageTagWithDigests
=== RUN   TestBuildAWFImageTagWithDigests/includes_digest_metadata_for_known_firewall_images
=== RUN   TestBuildAWFImageTagWithDigests/leaves_tag_unchanged_when_digests_are_unavailable
--- PASS: TestBuildAWFImageTagWithDigests (0.00s)
    --- PASS: TestBuildAWFImageTagWithDigests/includes_digest_metadata_for_known_firewall_images (0.00s)
    --- PASS: TestBuildAWFImageTagWithDigests/leaves_tag_unchanged_when_digests_are_unavailable (0.00s)
=== RUN   TestBuildAWFArgs_ImageTagIncludesDigests
--- PASS: TestBuildAWFArgs_ImageTagIncludesDigests (0.00s)
=== RUN   TestMainAgentRunUsesStandardCreditsExpressionNotDetectionExpression
--- PASS: TestMainAgentRunUsesStandardCreditsExpressionNotDetectionExpression (0.00s)
=== RUN   TestCompilerRejectsAnonymousBashSyntax
--- PASS: TestCompilerRejectsAnonymousBashSyntax (0.00s)
=== RUN   TestCompilerAcceptsExplicitBashSyntax
=== RUN   TestCompilerAcceptsExplicitBashSyntax/bash:_true
/tmp/TestCompilerAcceptsExplicitBashSyntax3534594849/001/bash:-true.md: warning: Missing required permissions for GitHub toolsets:
  - issues: read (required by issues)
  - pull-requests: read (required by pull_requests)

To fix this, you can either:

Option 1: Add missing permissions to your workflow frontmatter:
permissions:
  issues: read
  pull-requests: read

See: https://github.com/github/gh-aw/blob/main/docs/src/content/docs/reference/permissions.md

Option 2: Reduce the required toolsets in your workflow:
Remove or adjust toolsets that require these permissions:
  - issues
  - pull_requests

/tmp/TestCompilerAcceptsExplicitBashSyntax3534594849/001/bash:-true.md: info: Tip: set permissions.copilot-requests: write to use GitHub Actions token-based inference with the Copilot engine instead of a personal access token (COPILOT_GITHUB_TOKEN). This option requires that your organization has centralized Copilot billing enabled and may not be available in all organizations — see https://github.github.com/gh-aw/reference/billing/ for details.

✓ /tmp/TestCompilerAcceptsExplicitBashSyntax3534594849/001/bash:-true.md (74.9 KB)
=== RUN   TestCompilerAcceptsExplicitBashSyntax/bash:_false
/tmp/TestCompilerAcceptsExplicitBashSyntax3534594849/001/bash:-false.md: warning: Missing required permissions for GitHub toolsets:
  - issues: read (required by issues)
  - pull-requests: read (required by pull_requests)

To fix this, you can either:

Option 1: Add missing permissions to your workflow frontmatter:
permissions:
  issues: read
  pull-requests: read

See: https://github.com/github/gh-aw/blob/main/docs/src/content/docs/reference/permissions.md

Option 2: Reduce the required toolsets in your workflow:
Remove or adjust toolsets that require these permissions:
  - issues
  - pull_requests

/tmp/TestCompilerAcceptsExplicitBashSyntax3534594849/001/bash:-false.md: info: Tip: set permissions.copilot-requests: write to use GitHub Actions token-based inference with the Copilot engine instead of a personal access token (COPILOT_GITHUB_TOKEN). This option requires that your organization has centralized Copilot billing enabled and may not be available in all organizations — see https://github.github.com/gh-aw/reference/billing/ for details.

✓ /tmp/TestCompilerAcceptsExplicitBashSyntax3534594849/001/bash:-false.md (75.1 KB)
=== RUN   TestCompilerAcceptsExplicitBashSyntax/bash_with_array
/tmp/TestCompilerAcceptsExplicitBashSyntax3534594849/001/bash-with-array.md: warning: Missing required permissions for GitHub toolsets:
  - issues: read (required by issues)
  - pull-requests: read (required by pull_requests)

To fix this, you can either:

Option 1: Add missing permissions to your workflow frontmatter:
permissions:
  issues: read
  pull-requests: read

See: https://github.com/github/gh-aw/blob/main/docs/src/content/docs/reference/permissions.md

Option 2: Reduce the required toolsets in your workflow:
Remove or adjust toolsets that require these permissions:
  - issues
  - pull_requests

/tmp/TestCompilerAcceptsExplicitBashSyntax3534594849/001/bash-with-array.md: info: Tip: set permissions.copilot-requests: write to use GitHub Actions token-based inference with the Copilot engine instead of a personal access token (COPILOT_GITHUB_TOKEN). This option requires that your organization has centralized Copilot billing enabled and may not be available in all organizations — see https://github.github.com/gh-aw/reference/billing/ for details.

✓ /tmp/TestCompilerAcceptsExplicitBashSyntax3534594849/001/bash-with-array.md (76.1 KB)
--- PASS: TestCompilerAcceptsExplicitBashSyntax (0.19s)
    --- PASS: TestCompilerAcceptsExplicitBashSyntax/bash:_true (0.13s)
    --- PASS: TestCompilerAcceptsExplicitBashSyntax/bash:_false (0.03s)
    --- PASS: TestCompilerAcceptsExplicitBashSyntax/bash_with_array (0.03s)
=== RUN   TestBashDefaultsConsistency
=== RUN   TestBashDefaultsConsistency/empty_tools,_no_safe_outputs
    bash_defaults_consistency_test.go:108: Claude tools after defaults: map[github:map[]]
    bash_defaults_consistency_test.go:109: Copilot tools after defaults: map[github:map[]]
    bash_defaults_consistency_test.go:110: Claude result: ExitPlanMode,Glob,Grep,LS,NotebookRead,Read,Task,TodoWrite,mcp__github__actions_get,mcp__github__actions_list,mcp__github__get_code_scanning_alert,mcp__github__get_commit,mcp__github__get_dependabot_alert,mcp__github__get_discussion,mcp__github__get_discussion_comments,mcp__github__get_file_contents,mcp__github__get_job_logs,mcp__github__get_label,mcp__github__get_latest_release,mcp__github__get_me,mcp__github__get_notification_details,mcp__github__get_pull_request,mcp__github__get_pull_request_comments,mcp__github__get_pull_request_diff,mcp__github__get_pull_request_files,mcp__github__get_pull_request_review_comments,mcp__github__get_pull_request_reviews,mcp__github__get_pull_request_status,mcp__github__get_release_by_tag,mcp__github__get_secret_scanning_alert,mcp__github__get_tag,mcp__github__issue_read,mcp__github__list_branches,mcp__github__list_code_scanning_alerts,mcp__github__list_commits,mcp__github__list_dependabot_alerts,mcp__github__list_discussion_categories,mcp__github__list_discussions,mcp__github__list_issue_types,mcp__github__list_issues,mcp__github__list_label,mcp__github__list_notifications,mcp__github__list_pull_requests,mcp__github__list_releases,mcp__github__list_secret_scanning_alerts,mcp__github__list_starred_repositories,mcp__github__list_tags,mcp__github__pull_request_read,mcp__github__search_code,mcp__github__search_issues,mcp__github__search_orgs,mcp__github__search_pull_requests,mcp__github__search_repositories,mcp__github__search_users
    bash_defaults_consistency_test.go:111: Copilot result: [--allow-tool github]
    bash_defaults_consistency_test.go:156: Analysis - Claude has bash: false (git: false), Copilot has shell: false (git: false)
=== RUN   TestBashDefaultsConsistency/empty_tools_with_create-pull-request_safe_output
    bash_defaults_consistency_test.go:108: Claude tools after defaults: map[bash:[echo printf ls pwd cat head tail grep wc sort uniq date yq git checkout:* git branch:* git switch:* git add:* git rm:* git commit:* git merge:* git status] edit:<nil> github:map[]]
    bash_defaults_consistency_test.go:109: Copilot tools after defaults: map[bash:[echo printf ls pwd cat head tail grep wc sort uniq date yq git checkout:* git branch:* git switch:* git add:* git rm:* git commit:* git merge:* git status] edit:<nil> github:map[]]
    bash_defaults_consistency_test.go:110: Claude result: Bash(cat),Bash(date),Bash(echo),Bash(git add:*),Bash(git branch:*),Bash(git checkout:*),Bash(git commit:*),Bash(git merge:*),Bash(git rm:*),Bash(git status),Bash(git switch:*),Bash(grep),Bash(head),Bash(ls),Bash(printf),Bash(pwd),Bash(sort),Bash(tail),Bash(uniq),Bash(wc),Bash(yq),BashOutput,Edit,ExitPlanMode,Glob,Grep,KillBash,LS,MultiEdit,NotebookEdit,NotebookRead,Read,Task,TodoWrite,Write,mcp__github__actions_get,mcp__github__actions_list,mcp__github__get_code_scanning_alert,mcp__github__get_commit,mcp__github__get_dependabot_alert,mcp__github__get_discussion,mcp__github__get_discussion_comments,mcp__github__get_file_contents,mcp__github__get_job_logs,mcp__github__get_label,mcp__github__get_latest_release,mcp__github__get_me,mcp__github__get_notification_details,mcp__github__get_pull_request,mcp__github__get_pull_request_comments,mcp__github__get_pull_request_diff,mcp__github__get_pull_request_files,mcp__github__get_pull_request_review_comments,mcp__github__get_pull_request_reviews,mcp__github__get_pull_request_status,mcp__github__get_release_by_tag,mcp__github__get_secret_scanning_alert,mcp__github__get_tag,mcp__github__issue_read,mcp__github__list_branches,mcp__github__list_code_scanning_alerts,mcp__github__list_commits,mcp__github__list_dependabot_alerts,mcp__github__list_discussion_categories,mcp__github__list_discussions,mcp__github__list_issue_types,mcp__github__list_issues,mcp__github__list_label,mcp__github__list_notifications,mcp__github__list_pull_requests,mcp__github__list_releases,mcp__github__list_secret_scanning_alerts,mcp__github__list_starred_repositories,mcp__github__list_tags,mcp__github__pull_request_read,mcp__github__search_code,mcp__github__search_issues,mcp__github__search_orgs,mcp__github__search_pull_requests,mcp__github__search_repositories,mcp__github__search_users,mcp__safeoutputs
    bash_defaults_consistency_test.go:111: Copilot result: [--allow-tool github --allow-tool safeoutputs --allow-tool shell(cat) --allow-tool shell(date) --allow-tool shell(echo) --allow-tool shell(git add:*) --allow-tool shell(git branch:*) --allow-tool shell(git checkout:*) --allow-tool shell(git commit:*) --allow-tool shell(git merge:*) --allow-tool shell(git rm:*) --allow-tool shell(git status) --allow-tool shell(git switch:*) --allow-tool shell(grep) --allow-tool shell(head) --allow-tool shell(ls) --allow-tool shell(printf) --allow-tool shell(pwd) --allow-tool shell(safeoutputs:*) --allow-tool shell(sort) --allow-tool shell(tail) --allow-tool shell(uniq) --allow-tool shell(wc) --allow-tool shell(yq) --allow-tool write]
    bash_defaults_consistency_test.go:156: Analysis - Claude has bash: true (git: true), Copilot has shell: true (git: true)
=== RUN   TestBashDefaultsConsistency/bash_nil_with_create-pull-request_safe_output
    bash_defaults_consistency_test.go:108: Claude tools after defaults: map[bash:<nil> edit:<nil> github:map[]]
    bash_defaults_consistency_test.go:109: Copilot tools after defaults: map[bash:<nil> edit:<nil> github:map[]]
    bash_defaults_consistency_test.go:110: Claude result: Bash,BashOutput,Edit,ExitPlanMode,Glob,Grep,KillBash,LS,MultiEdit,NotebookEdit,NotebookRead,Read,Task,TodoWrite,Write,mcp__github__actions_get,mcp__github__actions_list,mcp__github__get_code_scanning_alert,mcp__github__get_commit,mcp__github__get_dependabot_alert,mcp__github__get_discussion,mcp__github__get_discussion_comments,mcp__github__get_file_contents,mcp__github__get_job_logs,mcp__github__get_label,mcp__github__get_latest_release,mcp__github__get_me,mcp__github__get_notification_details,mcp__github__get_pull_request,mcp__github__get_pull_request_comments,mcp__github__get_pull_request_diff,mcp__github__get_pull_request_files,mcp__github__get_pull_request_review_comments,mcp__github__get_pull_request_reviews,mcp__github__get_pull_request_status,mcp__github__get_release_by_tag,mcp__github__get_secret_scanning_alert,mcp__github__get_tag,mcp__github__issue_read,mcp__github__list_branches,mcp__github__list_code_scanning_alerts,mcp__github__list_commits,mcp__github__list_dependabot_alerts,mcp__github__list_discussion_categories,mcp__github__list_discussions,mcp__github__list_issue_types,mcp__github__list_issues,mcp__github__list_label,mcp__github__list_notifications,mcp__github__list_pull_requests,mcp__github__list_releases,mcp__github__list_secret_scanning_alerts,mcp__github__list_starred_repositories,mcp__github__list_tags,mcp__github__pull_request_read,mcp__github__search_code,mcp__github__search_issues,mcp__github__search_orgs,mcp__github__search_pull_requests,mcp__github__search_repositories,mcp__github__search_users,mcp__safeoutputs
    bash_defaults_consistency_test.go:111: Copilot result: [--allow-tool github --allow-tool safeoutputs --allow-tool shell --allow-tool write]
    bash_defaults_consistency_test.go:156: Analysis - Claude has bash: true (git: false), Copilot has shell: true (git: false)
=== RUN   TestBashDefaultsConsistency/bash_with_star_wildcard
    bash_defaults_consistency_test.go:108: Claude tools after defaults: map[bash:[echo printf ls pwd cat head tail grep wc sort uniq date yq *] github:map[]]
    bash_defaults_consistency_test.go:109: Copilot tools after defaults: map[bash:[echo printf ls pwd cat head tail grep wc sort uniq date yq *] github:map[]]
    bash_defaults_consistency_test.go:110: Claude result: Bash,BashOutput,ExitPlanMode,Glob,Grep,KillBash,LS,NotebookRead,Read,Task,TodoWrite,mcp__github__actions_get,mcp__github__actions_list,mcp__github__get_code_scanning_alert,mcp__github__get_commit,mcp__github__get_dependabot_alert,mcp__github__get_discussion,mcp__github__get_discussion_comments,mcp__github__get_file_contents,mcp__github__get_job_logs,mcp__github__get_label,mcp__github__get_latest_release,mcp__github__get_me,mcp__github__get_notification_details,mcp__github__get_pull_request,mcp__github__get_pull_request_comments,mcp__github__get_pull_request_diff,mcp__github__get_pull_request_files,mcp__github__get_pull_request_review_comments,mcp__github__get_pull_request_reviews,mcp__github__get_pull_request_status,mcp__github__get_release_by_tag,mcp__github__get_secret_scanning_alert,mcp__github__get_tag,mcp__github__issue_read,mcp__github__list_branches,mcp__github__list_code_scanning_alerts,mcp__github__list_commits,mcp__github__list_dependabot_alerts,mcp__github__list_discussion_categories,mcp__github__list_discussions,mcp__github__list_issue_types,mcp__github__list_issues,mcp__github__list_label,mcp__github__list_notifications,mcp__github__list_pull_requests,mcp__github__list_releases,mcp__github__list_secret_scanning_alerts,mcp__github__list_starred_repositories,mcp__github__list_tags,mcp__github__pull_request_read,mcp__github__search_code,mcp__github__search_issues,mcp__github__search_orgs,mcp__github__search_pull_requests,mcp__github__search_repositories,mcp__github__search_users
    bash_defaults_consistency_test.go:111: Copilot result: [--allow-all-tools]
    bash_defaults_consistency_test.go:156: Analysis - Claude has bash: true (git: false), Copilot has shell: true (git: false)
=== RUN   TestBashDefaultsConsistency/bash_with_colon-star_wildcard
    bash_defaults_consistency_test.go:108: Claude tools after defaults: map[bash:[echo printf ls pwd cat head tail grep wc sort uniq date yq :*] github:map[]]
    bash_defaults_consistency_test.go:109: Copilot tools after defaults: map[bash:[echo printf ls pwd cat head tail grep wc sort uniq date yq :*] github:map[]]
    bash_defaults_consistency_test.go:110: Claude result: Bash,BashOutput,ExitPlanMode,Glob,Grep,KillBash,LS,NotebookRead,Read,Task,TodoWrite,mcp__github__actions_get,mcp__github__actions_list,mcp__github__get_code_scanning_alert,mcp__github__get_commit,mcp__github__get_dependabot_alert,mcp__github__get_discussion,mcp__github__get_discussion_comments,mcp__github__get_file_contents,mcp__github__get_job_logs,mcp__github__get_label,mcp__github__get_latest_release,mcp__github__get_me,mcp__github__get_notification_details,mcp__github__get_pull_request,mcp__github__get_pull_request_comments,mcp__github__get_pull_request_diff,mcp__github__get_pull_request_files,mcp__github__get_pull_request_review_comments,mcp__github__get_pull_request_reviews,mcp__github__get_pull_request_status,mcp__github__get_release_by_tag,mcp__github__get_secret_scanning_alert,mcp__github__get_tag,mcp__github__issue_read,mcp__github__list_branches,mcp__github__list_code_scanning_alerts,mcp__github__list_commits,mcp__github__list_dependabot_alerts,mcp__github__list_discussion_categories,mcp__github__list_discussions,mcp__github__list_issue_types,mcp__github__list_issues,mcp__github__list_label,mcp__github__list_notifications,mcp__github__list_pull_requests,mcp__github__list_releases,mcp__github__list_secret_scanning_alerts,mcp__github__list_starred_repositories,mcp__github__list_tags,mcp__github__pull_request_read,mcp__github__search_code,mcp__github__search_issues,mcp__github__search_orgs,mcp__github__search_pull_requests,mcp__github__search_repositories,mcp__github__search_users
    bash_defaults_consistency_test.go:111: Copilot result: [--allow-all-tools]
    bash_defaults_consistency_test.go:156: Analysis - Claude has bash: true (git: false), Copilot has shell: true (git: false)
=== RUN   TestBashDefaultsConsistency/bash_with_empty_array_(no_tools)
    bash_defaults_consistency_test.go:108: Claude tools after defaults: map[bash:[] github:map[]]
    bash_defaults_consistency_test.go:109: Copilot tools after defaults: map[bash:[] github:map[]]
    bash_defaults_consistency_test.go:110: Claude result: BashOutput,ExitPlanMode,Glob,Grep,KillBash,LS,NotebookRead,Read,Task,TodoWrite,mcp__github__actions_get,mcp__github__actions_list,mcp__github__get_code_scanning_alert,mcp__github__get_commit,mcp__github__get_dependabot_alert,mcp__github__get_discussion,mcp__github__get_discussion_comments,mcp__github__get_file_contents,mcp__github__get_job_logs,mcp__github__get_label,mcp__github__get_latest_release,mcp__github__get_me,mcp__github__get_notification_details,mcp__github__get_pull_request,mcp__github__get_pull_request_comments,mcp__github__get_pull_request_diff,mcp__github__get_pull_request_files,mcp__github__get_pull_request_review_comments,mcp__github__get_pull_request_reviews,mcp__github__get_pull_request_status,mcp__github__get_release_by_tag,mcp__github__get_secret_scanning_alert,mcp__github__get_tag,mcp__github__issue_read,mcp__github__list_branches,mcp__github__list_code_scanning_alerts,mcp__github__list_commits,mcp__github__list_dependabot_alerts,mcp__github__list_discussion_categories,mcp__github__list_discussions,mcp__github__list_issue_types,mcp__github__list_issues,mcp__github__list_label,mcp__github__list_notifications,mcp__github__list_pull_requests,mcp__github__list_releases,mcp__github__list_secret_scanning_alerts,mcp__github__list_starred_repositories,mcp__github__list_tags,mcp__github__pull_request_read,mcp__github__search_code,mcp__github__search_issues,mcp__github__search_orgs,mcp__github__search_pull_requests,mcp__github__search_repositories,mcp__github__search_users
    bash_defaults_consistency_test.go:111: Copilot result: [--allow-tool github]
    bash_defaults_consistency_test.go:156: Analysis - Claude has bash: false (git: false), Copilot has shell: false (git: false)
=== RUN   TestBashDefaultsConsistency/bash_enabled_with_true
    bash_defaults_consistency_test.go:108: Claude tools after defaults: map[bash:[*] github:map[]]
    bash_defaults_consistency_test.go:109: Copilot tools after defaults: map[bash:[*] github:map[]]
    bash_defaults_consistency_test.go:110: Claude result: Bash,BashOutput,ExitPlanMode,Glob,Grep,KillBash,LS,NotebookRead,Read,Task,TodoWrite,mcp__github__actions_get,mcp__github__actions_list,mcp__github__get_code_scanning_alert,mcp__github__get_commit,mcp__github__get_dependabot_alert,mcp__github__get_discussion,mcp__github__get_discussion_comments,mcp__github__get_file_contents,mcp__github__get_job_logs,mcp__github__get_label,mcp__github__get_latest_release,mcp__github__get_me,mcp__github__get_notification_details,mcp__github__get_pull_request,mcp__github__get_pull_request_comments,mcp__github__get_pull_request_diff,mcp__github__get_pull_request_files,mcp__github__get_pull_request_review_comments,mcp__github__get_pull_request_reviews,mcp__github__get_pull_request_status,mcp__github__get_release_by_tag,mcp__github__get_secret_scanning_alert,mcp__github__get_tag,mcp__github__issue_read,mcp__github__list_branches,mcp__github__list_code_scanning_alerts,mcp__github__list_commits,mcp__github__list_dependabot_alerts,mcp__github__list_discussion_categories,mcp__github__list_discussions,mcp__github__list_issue_types,mcp__github__list_issues,mcp__github__list_label,mcp__github__list_notifications,mcp__github__list_pull_requests,mcp__github__list_releases,mcp__github__list_secret_scanning_alerts,mcp__github__list_starred_repositories,mcp__github__list_tags,mcp__github__pull_request_read,mcp__github__search_code,mcp__github__search_issues,mcp__github__search_orgs,mcp__github__search_pull_requests,mcp__github__search_repositories,mcp__github__search_users
    bash_defaults_consistency_test.go:111: Copilot result: [--allow-all-tools]
    bash_defaults_consistency_test.go:156: Analysis - Claude has bash: true (git: false), Copilot has shell: true (git: false)
=== RUN   TestBashDefaultsConsistency/bash_with_make_array_and_create-pull-request_(tidy.md_config)
    bash_defaults_consistency_test.go:108: Claude tools after defaults: map[bash:[echo printf ls pwd cat head tail grep wc sort uniq date yq make:* git checkout:* git branch:* git switch:* git add:* git rm:* git commit:* git merge:* git status] edit:<nil> github:map[]]
    bash_defaults_consistency_test.go:109: Copilot tools after defaults: map[bash:[echo printf ls pwd cat head tail grep wc sort uniq date yq make:* git checkout:* git branch:* git switch:* git add:* git rm:* git commit:* git merge:* git status] edit:<nil> github:map[]]
    bash_defaults_consistency_test.go:110: Claude result: Bash(cat),Bash(date),Bash(echo),Bash(git add:*),Bash(git branch:*),Bash(git checkout:*),Bash(git commit:*),Bash(git merge:*),Bash(git rm:*),Bash(git status),Bash(git switch:*),Bash(grep),Bash(head),Bash(ls),Bash(make:*),Bash(printf),Bash(pwd),Bash(sort),Bash(tail),Bash(uniq),Bash(wc),Bash(yq),BashOutput,Edit,ExitPlanMode,Glob,Grep,KillBash,LS,MultiEdit,NotebookEdit,NotebookRead,Read,Task,TodoWrite,Write,mcp__github__actions_get,mcp__github__actions_list,mcp__github__get_code_scanning_alert,mcp__github__get_commit,mcp__github__get_dependabot_alert,mcp__github__get_discussion,mcp__github__get_discussion_comments,mcp__github__get_file_contents,mcp__github__get_job_logs,mcp__github__get_label,mcp__github__get_latest_release,mcp__github__get_me,mcp__github__get_notification_details,mcp__github__get_pull_request,mcp__github__get_pull_request_comments,mcp__github__get_pull_request_diff,mcp__github__get_pull_request_files,mcp__github__get_pull_request_review_comments,mcp__github__get_pull_request_reviews,mcp__github__get_pull_request_status,mcp__github__get_release_by_tag,mcp__github__get_secret_scanning_alert,mcp__github__get_tag,mcp__github__issue_read,mcp__github__list_branches,mcp__github__list_code_scanning_alerts,mcp__github__list_commits,mcp__github__list_dependabot_alerts,mcp__github__list_discussion_categories,mcp__github__list_discussions,mcp__github__list_issue_types,mcp__github__list_issues,mcp__github__list_label,mcp__github__list_notifications,mcp__github__list_pull_requests,mcp__github__list_releases,mcp__github__list_secret_scanning_alerts,mcp__github__list_starred_repositories,mcp__github__list_tags,mcp__github__pull_request_read,mcp__github__search_code,mcp__github__search_issues,mcp__github__search_orgs,mcp__github__search_pull_requests,mcp__github__search_repositories,mcp__github__search_users,mcp__safeoutputs
    bash_defaults_consistency_test.go:111: Copilot result: [--allow-tool github --allow-tool safeoutputs --allow-tool shell(cat) --allow-tool shell(date) --allow-tool shell(echo) --allow-tool shell(git add:*) --allow-tool shell(git branch:*) --allow-tool shell(git checkout:*) --allow-tool shell(git commit:*) --allow-tool shell(git merge:*) --allow-tool shell(git rm:*) --allow-tool shell(git status) --allow-tool shell(git switch:*) --allow-tool shell(grep) --allow-tool shell(head) --allow-tool shell(ls) --allow-tool shell(make:*) --allow-tool shell(printf) --allow-tool shell(pwd) --allow-tool shell(safeoutputs:*) --allow-tool shell(sort) --allow-tool shell(tail) --allow-tool shell(uniq) --allow-tool shell(wc) --allow-tool shell(yq) --allow-tool write]
    bash_defaults_consistency_test.go:156: Analysis - Claude has bash: true (git: true), Copilot has shell: true (git: true)
--- PASS: TestBashDefaultsConsistency (0.00s)
    --- PASS: TestBashDefaultsConsistency/empty_tools,_no_safe_outputs (0.00s)
    --- PASS: TestBashDefaultsConsistency/empty_tools_with_create-pull-request_safe_output (0.00s)
    --- PASS: TestBashDefaultsConsistency/bash_nil_with_create-pull-request_safe_output (0.00s)
    --- PASS: TestBashDefaultsConsistency/bash_with_star_wildcard (0.00s)
    --- PASS: TestBashDefaultsConsistency/bash_with_colon-star_wildcard (0.00s)
    --- PASS: TestBashDefaultsConsistency/bash_with_empty_array_(no_tools) (0.00s)
    --- PASS: TestBashDefaultsConsistency/bash_enabled_with_true (0.00s)
    --- PASS: TestBashDefaultsConsistency/bash_with_make_array_and_create-pull-request_(tidy.md_config) (0.00s)
=== RUN   TestBashToolsMergeCustomWithDefaults
=== RUN   TestBashToolsMergeCustomWithDefaults/bash_with_make_commands_should_include_defaults_+_make
    bash_merge_test.go:113: Actual tools: [echo printf ls pwd cat head tail grep wc sort uniq date yq make:*]
    bash_merge_test.go:114: Expected tools: [echo printf ls pwd cat head tail grep wc sort uniq date yq make:*]
=== RUN   TestBashToolsMergeCustomWithDefaults/bash:_true_should_be_converted_to_wildcard
    bash_merge_test.go:113: Actual tools: [*]
    bash_merge_test.go:114: Expected tools: [*]
=== RUN   TestBashToolsMergeCustomWithDefaults/bash:_false_should_be_removed
=== RUN   TestBashToolsMergeCustomWithDefaults/bash:_true_with_safe_outputs_should_use_wildcard_(not_add_git_commands)
    bash_merge_test.go:113: Actual tools: [*]
    bash_merge_test.go:114: Expected tools: [*]
=== RUN   TestBashToolsMergeCustomWithDefaults/bash_with_multiple_commands_should_include_defaults_+_custom
    bash_merge_test.go:113: Actual tools: [echo printf ls pwd cat head tail grep wc sort uniq date yq make:* npm:*]
    bash_merge_test.go:114: Expected tools: [echo printf ls pwd cat head tail grep wc sort uniq date yq make:* npm:*]
=== RUN   TestBashToolsMergeCustomWithDefaults/bash_with_empty_array_should_remain_empty
    bash_merge_test.go:113: Actual tools: []
    bash_merge_test.go:114: Expected tools: []
=== RUN   TestBashToolsMergeCustomWithDefaults/bash_with_make_commands_and_safe_outputs_should_include_defaults_+_make_+_git
    bash_merge_test.go:113: Actual tools: [echo printf ls pwd cat head tail grep wc sort uniq date yq make:* git checkout:* git branch:* git switch:* git add:* git rm:* git commit:* git merge:* git status]
    bash_merge_test.go:114: Expected tools: [echo printf ls pwd cat head tail grep wc sort uniq date yq make:* git checkout:* git branch:* git switch:* git add:* git rm:* git commit:* git merge:* git status]
--- PASS: TestBashToolsMergeCustomWithDefaults (0.00s)
    --- PASS: TestBashToolsMergeCustomWithDefaults/bash_with_make_commands_should_include_defaults_+_make (0.00s)
    --- PASS: TestBashToolsMergeCustomWithDefaults/bash:_true_should_be_converted_to_wildcard (0.00s)
    --- PASS: TestBashToolsMergeCustomWithDefaults/bash:_false_should_be_removed (0.00s)
    --- PASS: TestBashToolsMergeCustomWithDefaults/bash:_true_with_safe_outputs_should_use_wildcard_(not_add_git_commands) (0.00s)
    --- PASS: TestBashToolsMergeCustomWithDefaults/bash_with_multiple_commands_should_include_defaults_+_custom (0.00s)
    --- PASS: TestBashToolsMergeCustomWithDefaults/bash_with_empty_array_should_remain_empty (0.00s)
    --- PASS: TestBashToolsMergeCustomWithDefaults/bash_with_make_commands_and_safe_outputs_should_include_defaults_+_make_+_git (0.00s)
=== RUN   TestValidateBlockScalarExpressionSizes
=== RUN   TestValidateBlockScalarExpressionSizes/empty_YAML_passes
=== RUN   TestValidateBlockScalarExpressionSizes/block_scalar_under_limit_without_expression_passes
=== RUN   TestValidateBlockScalarExpressionSizes/block_scalar_under_limit_with_expression_passes
=== RUN   TestValidateBlockScalarExpressionSizes/large_block_scalar_without_expression_passes
=== RUN   TestValidateBlockScalarExpressionSizes/large_block_scalar_with_expression_fails
=== RUN   TestValidateBlockScalarExpressionSizes/expression_at_beginning_of_large_block_fails
=== RUN   TestValidateBlockScalarExpressionSizes/multiple_blocks:_only_large_expression_block_fails
=== RUN   TestValidateBlockScalarExpressionSizes/folded_block_scalar_(>)_with_expression_also_checked
=== RUN   TestValidateBlockScalarExpressionSizes/MaxExpressionSize_used_by_compiler_validation
--- PASS: TestValidateBlockScalarExpressionSizes (0.00s)
    --- PASS: TestValidateBlockScalarExpressionSizes/empty_YAML_passes (0.00s)
    --- PASS: TestValidateBlockScalarExpressionSizes/block_scalar_under_limit_without_expression_passes (0.00s)
    --- PASS: TestValidateBlockScalarExpressionSizes/block_scalar_under_limit_with_expression_passes (0.00s)
    --- PASS: TestValidateBlockScalarExpressionSizes/large_block_scalar_without_expression_passes (0.00s)
    --- PASS: TestValidateBlockScalarExpressionSizes/large_block_scalar_with_expression_fails (0.00s)
    --- PASS: TestValidateBlockScalarExpressionSizes/expression_at_beginning_of_large_block_fails (0.00s)
    --- PASS: TestValidateBlockScalarExpressionSizes/multiple_blocks:_only_large_expression_block_fails (0.00s)
    --- PASS: TestValidateBlockScalarExpressionSizes/folded_block_scalar_(>)_with_expression_also_checked (0.00s)
    --- PASS: TestValidateBlockScalarExpressionSizes/MaxExpressionSize_used_by_compiler_validation (0.00s)
=== RUN   TestExpandBotNames
=== RUN   TestExpandBotNames/empty_list
=== RUN   TestExpandBotNames/nil_list
=== RUN   TestExpandBotNames/copilot_alias_expands_to_all_copilot_bot_names
=== RUN   TestExpandBotNames/@app/copilot-swe-agent_alias_expands_to_all_copilot_bot_names
=== RUN   TestExpandBotNames/copilot-swe-agent_expands_to_all_copilot_bot_names
=== RUN   TestExpandBotNames/non-copilot_bots_pass_through_unchanged
=== RUN   TestExpandBotNames/copilot_mixed_with_other_bots_deduplicates
=== RUN   TestExpandBotNames/@app/copilot-swe-agent_mixed_with_other_bots_deduplicates
=== RUN   TestExpandBotNames/copilot_and_@app/copilot-swe-agent_both_expand_and_deduplicate
=== RUN   TestExpandBotNames/copilot-swe-agent_explicit_does_not_double-expand
=== RUN   TestExpandBotNames/Copilot_explicit_does_not_double-expand
=== RUN   TestExpandBotNames/no_copilot_alias_—_list_unchanged
--- PASS: TestExpandBotNames (0.00s)
    --- PASS: TestExpandBotNames/empty_list (0.00s)
    --- PASS: TestExpandBotNames/nil_list (0.00s)
    --- PASS: TestExpandBotNames/copilot_alias_expands_to_all_copilot_bot_names (0.00s)
    --- PASS: TestExpandBotNames/@app/copilot-swe-agent_alias_expands_to_all_copilot_bot_names (0.00s)
    --- PASS: TestExpandBotNames/copilot-swe-agent_expands_to_all_copilot_bot_names (0.00s)
    --- PASS: TestExpandBotNames/non-copilot_bots_pass_through_unchanged (0.00s)
    --- PASS: TestExpandBotNames/copilot_mixed_with_other_bots_deduplicates (0.00s)
    --- PASS: TestExpandBotNames/@app/copilot-swe-agent_mixed_with_other_bots_deduplicates (0.00s)
    --- PASS: TestExpandBotNames/copilot_and_@app/copilot-swe-agent_both_expand_and_deduplicate (0.00s)
    --- PASS: TestExpandBotNames/copilot-swe-agent_explicit_does_not_double-expand (0.00s)
    --- PASS: TestExpandBotNames/Copilot_explicit_does_not_double-expand (0.00s)
    --- PASS: TestExpandBotNames/no_copilot_alias_—_list_unchanged (0.00s)
=== RUN   TestBotsFieldExtraction
=== RUN   TestBotsFieldExtraction/workflow_with_bots_array
=== RUN   TestBotsFieldExtraction/workflow_with_single_bot
=== RUN   TestBotsFieldExtraction/workflow_without_bots_field
--- PASS: TestBotsFieldExtraction (0.00s)
    --- PASS: TestBotsFieldExtraction/workflow_with_bots_array (0.00s)
    --- PASS: TestBotsFieldExtraction/workflow_with_single_bot (0.00s)
    --- PASS: TestBotsFieldExtraction/workflow_without_bots_field (0.00s)
=== RUN   TestBotsEnvironmentVariableGeneration
/tmp/gh-aw-test-runs/20260704-173215-1254793/workflow-bots-env-test1627207282/workflow-with-bots.md: info: Tip: set permissions.copilot-requests: write to use GitHub Actions token-based inference with the Copilot engine instead of a personal access token (COPILOT_GITHUB_TOKEN). This option requires that your organization has centralized Copilot billing enabled and may not be available in all organizations — see https://github.github.com/gh-aw/reference/billing/ for details.

✓ /tmp/gh-aw-test-runs/20260704-173215-1254793/workflow-bots-env-test1627207282/workflow-with-bots.md (79.4 KB)
--- PASS: TestBotsEnvironmentVariableGeneration (0.01s)
=== RUN   TestBotsWithDefaultRoles
/tmp/gh-aw-test-runs/20260704-173215-1254793/workflow-bots-default-roles-test705420775/workflow-bots-default-roles.md: info: Tip: set permissions.copilot-requests: write to use GitHub Actions token-based inference with the Copilot engine instead of a personal access token (COPILOT_GITHUB_TOKEN). This option requires that your organization has centralized Copilot billing enabled and may not be available in all organizations — see https://github.github.com/gh-aw/reference/billing/ for details.

✓ /tmp/gh-aw-test-runs/20260704-173215-1254793/workflow-bots-default-roles-test705420775/workflow-bots-default-roles.md (79.5 KB)
--- PASS: TestBotsWithDefaultRoles (0.01s)
=== RUN   TestMergeBots
=== RUN   TestMergeBots/top_only
=== RUN   TestMergeBots/imported_only
=== RUN   TestMergeBots/both_with_no_overlap
=== RUN   TestMergeBots/both_with_duplicates_deduped
=== RUN   TestMergeBots/both_nil
--- PASS: TestMergeBots (0.00s)
    --- PASS: TestMergeBots/top_only (0.00s)
    --- PASS: TestMergeBots/imported_only (0.00s)
    --- PASS: TestMergeBots/both_with_no_overlap (0.00s)
    --- PASS: TestMergeBots/both_with_duplicates_deduped (0.00s)
    --- PASS: TestMergeBots/both_nil (0.00s)
=== RUN   TestBotsWithRolesAll
/tmp/gh-aw-test-runs/20260704-173215-1254793/workflow-bots-roles-all-test900043501/workflow-bots-roles-all.md: info: Tip: set permissions.copilot-requests: write to use GitHub Actions token-based inference with the Copilot engine instead of a personal access token (COPILOT_GITHUB_TOKEN). This option requires that your organization has centralized Copilot billing enabled and may not be available in all organizations — see https://github.github.com/gh-aw/reference/billing/ for details.

✓ /tmp/gh-aw-test-runs/20260704-173215-1254793/workflow-bots-roles-all-test900043501/workflow-bots-roles-all.md (76.9 KB)
--- PASS: TestBotsWithRolesAll (0.01s)
=== RUN   TestCopilotBotAliasExpansion
/tmp/gh-aw-test-runs/20260704-173215-1254793/workflow-copilot-bot-alias-test2713916697/workflow-copilot-bot.md: info: Tip: set permissions.copilot-requests: write to use GitHub Actions token-based inference with the Copilot engine instead of a personal access token (COPILOT_GITHUB_TOKEN). This option requires that your organization has centralized Copilot billing enabled and may not be available in all organizations — see https://github.github.com/gh-aw/reference/billing/ for details.

✓ /tmp/gh-aw-test-runs/20260704-173215-1254793/workflow-copilot-bot-alias-test2713916697/workflow-copilot-bot.md (79.6 KB)
--- PASS: TestCopilotBotAliasExpansion (0.01s)
=== RUN   TestBotsImportMerge
=== RUN   TestBotsImportMerge/imported_bots_merged_with_top_level_bots
⚠ Ignoring unexpected frontmatter fields in /tmp/gh-aw-test-runs/20260704-173215-1254793/bots-import-merge-test1889222376/shared-bots.md: on, bots
/tmp/gh-aw-test-runs/20260704-173215-1254793/bots-import-merge-test1889222376/main-workflow.md: info: Tip: set permissions.copilot-requests: write to use GitHub Actions token-based inference with the Copilot engine instead of a personal access token (COPILOT_GITHUB_TOKEN). This option requires that your organization has centralized Copilot billing enabled and may not be available in all organizations — see https://github.github.com/gh-aw/reference/billing/ for details.

✓ /tmp/gh-aw-test-runs/20260704-173215-1254793/bots-import-merge-test1889222376/main-workflow.md (79.5 KB)
=== RUN   TestBotsImportMerge/imported_bots_only_no_top_level_bots
⚠ Ignoring unexpected frontmatter fields in /tmp/gh-aw-test-runs/20260704-173215-1254793/bots-import-only-test274805240/shared-bots-only.md: on, bots
/tmp/gh-aw-test-runs/20260704-173215-1254793/bots-import-only-test274805240/main-no-bots.md: info: Tip: set permissions.copilot-requests: write to use GitHub Actions token-based inference with the Copilot engine instead of a personal access token (COPILOT_GITHUB_TOKEN). This option requires that your organization has centralized Copilot billing enabled and may not be available in all organizations — see https://github.github.com/gh-aw/reference/billing/ for details.

✓ /tmp/gh-aw-test-runs/20260704-173215-1254793/bots-import-only-test274805240/main-no-bots.md (79.3 KB)
=== RUN   TestBotsImportMerge/duplicate_bots_across_top_level_and_import_deduped
⚠ Ignoring unexpected frontmatter fields in /tmp/gh-aw-test-runs/20260704-173215-1254793/bots-import-dedup-test3894236872/shared-bots-dup.md: on, bots
/tmp/gh-aw-test-runs/20260704-173215-1254793/bots-import-dedup-test3894236872/main-dup-bots.md: info: Tip: set permissions.copilot-requests: write to use GitHub Actions token-based inference with the Copilot engine instead of a personal access token (COPILOT_GITHUB_TOKEN). This option requires that your organization has centralized Copilot billing enabled and may not be available in all organizations — see https://github.github.com/gh-aw/reference/billing/ for details.

✓ /tmp/gh-aw-test-runs/20260704-173215-1254793/bots-import-dedup-test3894236872/main-dup-bots.md (79.5 KB)
--- PASS: TestBotsImportMerge (0.04s)
    --- PASS: TestBotsImportMerge/imported_bots_merged_with_top_level_bots (0.02s)
    --- PASS: TestBotsImportMerge/imported_bots_only_no_top_level_bots (0.01s)
    --- PASS: TestBotsImportMerge/duplicate_bots_across_top_level_and_import_deduped (0.01s)
=== RUN   TestBuildInputSchemaStringType
--- PASS: TestBuildInputSchemaStringType (0.00s)
=== RUN   TestBuildInputSchemaNumberType
--- PASS: TestBuildInputSchemaNumberType (0.00s)
=== RUN   TestBuildInputSchemaBooleanType
--- PASS: TestBuildInputSchemaBooleanType (0.00s)
=== RUN   TestBuildInputSchemaChoiceType
--- PASS: TestBuildInputSchemaChoiceType (0.00s)
=== RUN   TestBuildInputSchemaChoiceWithDefault
--- PASS: TestBuildInputSchemaChoiceWithDefault (0.00s)
=== RUN   TestBuildInputSchemaEnvironmentType
--- PASS: TestBuildInputSchemaEnvironmentType (0.00s)
=== RUN   TestBuildInputSchemaDefaultPropagation
--- PASS: TestBuildInputSchemaDefaultPropagation (0.00s)
=== RUN   TestBuildInputSchemaRequiredInputs
--- PASS: TestBuildInputSchemaRequiredInputs (0.00s)
=== RUN   TestBuildInputSchemaRequiredSorting
--- PASS: TestBuildInputSchemaRequiredSorting (0.00s)
=== RUN   TestBuildInputSchemaSkipsInvalidDefs
--- PASS: TestBuildInputSchemaSkipsInvalidDefs (0.00s)
=== RUN   TestBuildInputSchemaEmptyInputs
--- PASS: TestBuildInputSchemaEmptyInputs (0.00s)
=== RUN   TestBuildInputSchemaNilInputs
--- PASS: TestBuildInputSchemaNilInputs (0.00s)
=== RUN   TestBuildInputSchemaFallbackDescription
--- PASS: TestBuildInputSchemaFallbackDescription (0.00s)
=== RUN   TestBuildInputSchemaChoiceWithoutOptions
--- PASS: TestBuildInputSchemaChoiceWithoutOptions (0.00s)
=== RUN   TestBuildInputSchemaUnknownType
--- PASS: TestBuildInputSchemaUnknownType (0.00s)
=== RUN   TestIsValidCacheID
=== RUN   TestIsValidCacheID/simple_word
=== RUN   TestIsValidCacheID/plain_word
=== RUN   TestIsValidCacheID/with_hyphen
=== RUN   TestIsValidCacheID/with_underscore
=== RUN   TestIsValidCacheID/alphanumeric
=== RUN   TestIsValidCacheID/mixed
=== RUN   TestIsValidCacheID/exactly_64_chars
=== RUN   TestIsValidCacheID/empty_string
=== RUN   TestIsValidCacheID/65_chars
=== RUN   TestIsValidCacheID/path_traversal_dot-dot-slash
=== RUN   TestIsValidCacheID/path_traversal_nested
=== RUN   TestIsValidCacheID/forward_slash
=== RUN   TestIsValidCacheID/backslash
=== RUN   TestIsValidCacheID/dot_separator
=== RUN   TestIsValidCacheID/space
=== RUN   TestIsValidCacheID/colon
=== RUN   TestIsValidCacheID/wildcard_asterisk
=== RUN   TestIsValidCacheID/question_mark
=== RUN   TestIsValidCacheID/angle_brackets
--- PASS: TestIsValidCacheID (0.00s)
    --- PASS: TestIsValidCacheID/simple_word (0.00s)
    --- PASS: TestIsValidCacheID/plain_word (0.00s)
    --- PASS: TestIsValidCacheID/with_hyphen (0.00s)
    --- PASS: TestIsValidCacheID/with_underscore (0.00s)
    --- PASS: TestIsValidCacheID/alphanumeric (0.00s)
    --- PASS: TestIsValidCacheID/mixed (0.00s)
    --- PASS: TestIsValidCacheID/exactly_64_chars (0.00s)
    --- PASS: TestIsValidCacheID/empty_string (0.00s)
    --- PASS: TestIsValidCacheID/65_chars (0.00s)
    --- PASS: TestIsValidCacheID/path_traversal_dot-dot-slash (0.00s)
    --- PASS: TestIsValidCacheID/path_traversal_nested (0.00s)
    --- PASS: TestIsValidCacheID/forward_slash (0.00s)
    --- PASS: TestIsValidCacheID/backslash (0.00s)
    --- PASS: TestIsValidCacheID/dot_separator (0.00s)
    --- PASS: TestIsValidCacheID/space (0.00s)
    --- PASS: TestIsValidCacheID/colon (0.00s)
    --- PASS: TestIsValidCacheID/wildcard_asterisk (0.00s)
    --- PASS: TestIsValidCacheID/question_mark (0.00s)
    --- PASS: TestIsValidCacheID/angle_brackets (0.00s)
=== RUN   TestParseCacheMemoryEntry_InvalidID
=== RUN   TestParseCacheMemoryEntry_InvalidID/path_traversal_nested
=== RUN   TestParseCacheMemoryEntry_InvalidID/forward_slash
=== RUN   TestParseCacheMemoryEntry_InvalidID/backslash
=== RUN   TestParseCacheMemoryEntry_InvalidID/dot_separator
=== RUN   TestParseCacheMemoryEntry_InvalidID/space
--- PASS: TestParseCacheMemoryEntry_InvalidID (0.00s)
    --- PASS: TestParseCacheMemoryEntry_InvalidID/path_traversal_nested (0.00s)
    --- PASS: TestParseCacheMemoryEntry_InvalidID/forward_slash (0.00s)
    --- PASS: TestParseCacheMemoryEntry_InvalidID/backslash (0.00s)
    --- PASS: TestParseCacheMemoryEntry_InvalidID/dot_separator (0.00s)
    --- PASS: TestParseCacheMemoryEntry_InvalidID/space (0.00s)
=== RUN   TestCacheMemoryDirFor_ValidIDs
--- PASS: TestCacheMemoryDirFor_ValidIDs (0.00s)
=== RUN   TestCacheMemoryDirFor_InvalidIDPanics
--- PASS: TestCacheMemoryDirFor_InvalidIDPanics (0.00s)
=== RUN   TestComputePolicyHash_NoPolicy
=== RUN   TestComputePolicyHash_NoPolicy/nil_config
=== RUN   TestComputePolicyHash_NoPolicy/empty_config
=== RUN   TestComputePolicyHash_NoPolicy/config_without_min-integrity
--- PASS: TestComputePolicyHash_NoPolicy (0.00s)
    --- PASS: TestComputePolicyHash_NoPolicy/nil_config (0.00s)
    --- PASS: TestComputePolicyHash_NoPolicy/empty_config (0.00s)
    --- PASS: TestComputePolicyHash_NoPolicy/config_without_min-integrity (0.00s)
=== RUN   TestComputePolicyHash_Deterministic
--- PASS: TestComputePolicyHash_Deterministic (0.00s)
=== RUN   TestComputePolicyHash_FieldChanges
=== RUN   TestComputePolicyHash_FieldChanges/change_min-integrity
=== RUN   TestComputePolicyHash_FieldChanges/change_repos
=== RUN   TestComputePolicyHash_FieldChanges/add_blocked_user
=== RUN   TestComputePolicyHash_FieldChanges/change_repos_to_'all'
--- PASS: TestComputePolicyHash_FieldChanges (0.00s)
    --- PASS: TestComputePolicyHash_FieldChanges/change_min-integrity (0.00s)
    --- PASS: TestComputePolicyHash_FieldChanges/change_repos (0.00s)
    --- PASS: TestComputePolicyHash_FieldChanges/add_blocked_user (0.00s)
    --- PASS: TestComputePolicyHash_FieldChanges/change_repos_to_'all' (0.00s)
=== RUN   TestComputePolicyHash_ListOrderIndependent
--- PASS: TestComputePolicyHash_ListOrderIndependent (0.00s)
=== RUN   TestComputePolicyHash_DuplicatesDeduped
--- PASS: TestComputePolicyHash_DuplicatesDeduped (0.00s)
=== RUN   TestComputePolicyHash_BlockedUsersExpr
--- PASS: TestComputePolicyHash_BlockedUsersExpr (0.00s)
=== RUN   TestComputePolicyHash_CaseInsensitive
--- PASS: TestComputePolicyHash_CaseInsensitive (0.00s)
=== RUN   TestCanonicalReposScope
=== RUN   TestCanonicalReposScope/nil
=== RUN   TestCanonicalReposScope/all_string
=== RUN   TestCanonicalReposScope/public_string
=== RUN   TestCanonicalReposScope/uppercase_string
=== RUN   TestCanonicalReposScope/single_repo_array
=== RUN   TestCanonicalReposScope/multi_repo_array_sorted
=== RUN   TestCanonicalReposScope/multi_repo_array_uppercase
=== RUN   TestCanonicalReposScope/dedup_array
=== RUN   TestCanonicalReposScope/sorted_string_slice
--- PASS: TestCanonicalReposScope (0.00s)
    --- PASS: TestCanonicalReposScope/nil (0.00s)
    --- PASS: TestCanonicalReposScope/all_string (0.00s)
    --- PASS: TestCanonicalReposScope/public_string (0.00s)
    --- PASS: TestCanonicalReposScope/uppercase_string (0.00s)
    --- PASS: TestCanonicalReposScope/single_repo_array (0.00s)
    --- PASS: TestCanonicalReposScope/multi_repo_array_sorted (0.00s)
    --- PASS: TestCanonicalReposScope/multi_repo_array_uppercase (0.00s)
    --- PASS: TestCanonicalReposScope/dedup_array (0.00s)
    --- PASS: TestCanonicalReposScope/sorted_string_slice (0.00s)
=== RUN   TestCanonicalUserList
=== RUN   TestCanonicalUserList/nil
=== RUN   TestCanonicalUserList/empty
=== RUN   TestCanonicalUserList/single_user
=== RUN   TestCanonicalUserList/sorted
=== RUN   TestCanonicalUserList/uppercase_lowercased
=== RUN   TestCanonicalUserList/deduplicated
--- PASS: TestCanonicalUserList (0.00s)
    --- PASS: TestCanonicalUserList/nil (0.00s)
    --- PASS: TestCanonicalUserList/empty (0.00s)
    --- PASS: TestCanonicalUserList/single_user (0.00s)
    --- PASS: TestCanonicalUserList/sorted (0.00s)
    --- PASS: TestCanonicalUserList/uppercase_lowercased (0.00s)
    --- PASS: TestCanonicalUserList/deduplicated (0.00s)
=== RUN   TestGenerateIntegrityAwareCacheKey
=== RUN   TestGenerateIntegrityAwareCacheKey/default_cache_with_policy
=== RUN   TestGenerateIntegrityAwareCacheKey/default_cache_without_policy_(sentinel)
=== RUN   TestGenerateIntegrityAwareCacheKey/named_cache_with_policy
=== RUN   TestGenerateIntegrityAwareCacheKey/empty_cache_ID_treated_as_default
--- PASS: TestGenerateIntegrityAwareCacheKey (0.00s)
    --- PASS: TestGenerateIntegrityAwareCacheKey/default_cache_with_policy (0.00s)
    --- PASS: TestGenerateIntegrityAwareCacheKey/default_cache_without_policy_(sentinel) (0.00s)
    --- PASS: TestGenerateIntegrityAwareCacheKey/named_cache_with_policy (0.00s)
    --- PASS: TestGenerateIntegrityAwareCacheKey/empty_cache_ID_treated_as_default (0.00s)
=== RUN   TestCacheIntegrityLevel
=== RUN   TestCacheIntegrityLevel/nil_config
=== RUN   TestCacheIntegrityLevel/empty_config
=== RUN   TestCacheIntegrityLevel/merged_integrity
=== RUN   TestCacheIntegrityLevel/approved_integrity
=== RUN   TestCacheIntegrityLevel/unapproved_integrity
=== RUN   TestCacheIntegrityLevel/none_integrity
--- PASS: TestCacheIntegrityLevel (0.00s)
    --- PASS: TestCacheIntegrityLevel/nil_config (0.00s)
    --- PASS: TestCacheIntegrityLevel/empty_config (0.00s)
    --- PASS: TestCacheIntegrityLevel/merged_integrity (0.00s)
    --- PASS: TestCacheIntegrityLevel/approved_integrity (0.00s)
    --- PASS: TestCacheIntegrityLevel/unapproved_integrity (0.00s)
    --- PASS: TestCacheIntegrityLevel/none_integrity (0.00s)
=== RUN   TestComputeIntegrityCacheKey_WithGitHubConfig
--- PASS: TestComputeIntegrityCacheKey_WithGitHubConfig (0.00s)
=== RUN   TestComputeIntegrityCacheKey_NoPolicy
--- PASS: TestComputeIntegrityCacheKey_NoPolicy (0.00s)
=== RUN   TestComputeIntegrityCacheKey_CustomKey
--- PASS: TestComputeIntegrityCacheKey_CustomKey (0.00s)
=== RUN   TestComputeIntegrityCacheKey_CustomKeyWithRunID
--- PASS: TestComputeIntegrityCacheKey_CustomKeyWithRunID (0.00s)
=== RUN   TestCacheMemoryStepsIncludeGitSetup
--- PASS: TestCacheMemoryStepsIncludeGitSetup (0.00s)
=== RUN   TestCacheMemoryStepsIntegrityAwareKey
--- PASS: TestCacheMemoryStepsIntegrityAwareKey (0.00s)
=== RUN   TestCacheMemoryStepsNoPolicy
--- PASS: TestCacheMemoryStepsNoPolicy (0.00s)
=== RUN   TestCacheMemoryGitCommitSteps
--- PASS: TestCacheMemoryGitCommitSteps (0.00s)
=== RUN   TestCacheMemoryGitCommitSteps_RestoreOnlySkipped
--- PASS: TestCacheMemoryGitCommitSteps_RestoreOnlySkipped (0.00s)
=== RUN   TestCacheMemoryArtifactUploadAddsGitIntegrityCheck
--- PASS: TestCacheMemoryArtifactUploadAddsGitIntegrityCheck (0.00s)
=== RUN   TestCacheMemoryGitSetupStep_AllowedExtensionsEnvVar
=== RUN   TestCacheMemoryGitSetupStep_AllowedExtensionsEnvVar/empty_extensions_(all_allowed)_-_no_env_var
=== RUN   TestCacheMemoryGitSetupStep_AllowedExtensionsEnvVar/nil_extensions_(all_allowed)_-_no_env_var
=== RUN   TestCacheMemoryGitSetupStep_AllowedExtensionsEnvVar/specific_extensions_-_env_var_emitted
=== RUN   TestCacheMemoryGitSetupStep_AllowedExtensionsEnvVar/single_extension_-_env_var_emitted
--- PASS: TestCacheMemoryGitSetupStep_AllowedExtensionsEnvVar (0.00s)
    --- PASS: TestCacheMemoryGitSetupStep_AllowedExtensionsEnvVar/empty_extensions_(all_allowed)_-_no_env_var (0.00s)
    --- PASS: TestCacheMemoryGitSetupStep_AllowedExtensionsEnvVar/nil_extensions_(all_allowed)_-_no_env_var (0.00s)
    --- PASS: TestCacheMemoryGitSetupStep_AllowedExtensionsEnvVar/specific_extensions_-_env_var_emitted (0.00s)
    --- PASS: TestCacheMemoryGitSetupStep_AllowedExtensionsEnvVar/single_extension_-_env_var_emitted (0.00s)
=== RUN   TestCacheMemorySteps_PreAgentSanitizationEnvVar
--- PASS: TestCacheMemorySteps_PreAgentSanitizationEnvVar (0.00s)
=== RUN   TestCacheMemorySteps_NoExtensionsNoSanitizationEnvVar
--- PASS: TestCacheMemorySteps_NoExtensionsNoSanitizationEnvVar (0.00s)
=== RUN   TestCacheMemoryAllowedExtensions_ValidationAndEscaping
=== RUN   TestCacheMemoryAllowedExtensions_ValidationAndEscaping/isValidFileExtension_helper
=== RUN   TestCacheMemoryAllowedExtensions_ValidationAndEscaping/invalid_extension_rejected_at_parse_time
=== RUN   TestCacheMemoryAllowedExtensions_ValidationAndEscaping/single-quote_escaping_in_emitted_YAML
--- PASS: TestCacheMemoryAllowedExtensions_ValidationAndEscaping (0.00s)
    --- PASS: TestCacheMemoryAllowedExtensions_ValidationAndEscaping/isValidFileExtension_helper (0.00s)
    --- PASS: TestCacheMemoryAllowedExtensions_ValidationAndEscaping/invalid_extension_rejected_at_parse_time (0.00s)
    --- PASS: TestCacheMemoryAllowedExtensions_ValidationAndEscaping/single-quote_escaping_in_emitted_YAML (0.00s)
=== RUN   TestCacheKeyRunIDValidationObject
=== RUN   TestCacheKeyRunIDValidationObject/key_without_run_id_is_accepted
=== RUN   TestCacheKeyRunIDValidationObject/key_with_run_id_is_rejected
=== RUN   TestCacheKeyRunIDValidationObject/key_with_only_run_id_is_rejected
=== RUN   TestCacheKeyRunIDValidationObject/plain_key_without_expressions_is_accepted
=== RUN   TestCacheKeyRunIDValidationObject/key_with_github.run_identifier_is_not_a_false_positive
=== RUN   TestCacheKeyRunIDValidationObject/key_with_github.run_id_backup_suffix_is_not_a_false_positive
--- PASS: TestCacheKeyRunIDValidationObject (0.01s)
    --- PASS: TestCacheKeyRunIDValidationObject/key_without_run_id_is_accepted (0.00s)
    --- PASS: TestCacheKeyRunIDValidationObject/key_with_run_id_is_rejected (0.00s)
    --- PASS: TestCacheKeyRunIDValidationObject/key_with_only_run_id_is_rejected (0.00s)
    --- PASS: TestCacheKeyRunIDValidationObject/plain_key_without_expressions_is_accepted (0.00s)
    --- PASS: TestCacheKeyRunIDValidationObject/key_with_github.run_identifier_is_not_a_false_positive (0.00s)
    --- PASS: TestCacheKeyRunIDValidationObject/key_with_github.run_id_backup_suffix_is_not_a_false_positive (0.00s)
=== RUN   TestCacheKeyRunIDValidationArray
=== RUN   TestCacheKeyRunIDValidationArray/array_entry_key_without_run_id_is_accepted
=== RUN   TestCacheKeyRunIDValidationArray/array_entry_key_with_run_id_is_rejected
--- PASS: TestCacheKeyRunIDValidationArray (0.00s)
    --- PASS: TestCacheKeyRunIDValidationArray/array_entry_key_without_run_id_is_accepted (0.00s)
    --- PASS: TestCacheKeyRunIDValidationArray/array_entry_key_with_run_id_is_rejected (0.00s)
=== RUN   TestCacheMemoryImportOnly
/tmp/gh-aw-test-runs/20260704-173215-1254793/test-1001177564/.github/workflows/main.md: warning: safe update mode detected unapproved changes

New restricted secret(s):
  - ANTHROPIC_API_KEY

Remediation options:
  1. Use the --approve flag to allow the changes.
  2. Revert the unapproved changes.
  3. Use an interactive coding agent to review and approve the changes.

✓ /tmp/gh-aw-test-runs/20260704-173215-1254793/test-1001177564/.github/workflows/main.md (83.1 KB)
--- PASS: TestCacheMemoryImportOnly (0.01s)
=== RUN   TestBuildCacheMemoryPromptSection_SingleDefaultCache
--- PASS: TestBuildCacheMemoryPromptSection_SingleDefaultCache (0.00s)
=== RUN   TestBuildCacheMemoryPromptSection_SingleDefaultCacheWithAllowedExtensions
--- PASS: TestBuildCacheMemoryPromptSection_SingleDefaultCacheWithAllowedExtensions (0.00s)
=== RUN   TestBuildCacheMemoryPromptSection_SingleDefaultCacheWithDescription
--- PASS: TestBuildCacheMemoryPromptSection_SingleDefaultCacheWithDescription (0.00s)
=== RUN   TestBuildCacheMemoryPromptSection_MultipleCaches
--- PASS: TestBuildCacheMemoryPromptSection_MultipleCaches (0.00s)
=== RUN   TestBuildCacheMemoryPromptSection_MultipleCachesWithAllowedExtensions
--- PASS: TestBuildCacheMemoryPromptSection_MultipleCachesWithAllowedExtensions (0.00s)
=== RUN   TestBuildCacheMemoryPromptSection_SingleNonDefaultCache
--- PASS: TestBuildCacheMemoryPromptSection_SingleNonDefaultCache (0.00s)
=== RUN   TestBuildCacheMemoryPromptSection_NilConfig
--- PASS: TestBuildCacheMemoryPromptSection_NilConfig (0.00s)
=== RUN   TestBuildCacheMemoryPromptSection_EmptyCaches
--- PASS: TestBuildCacheMemoryPromptSection_EmptyCaches (0.00s)
=== RUN   TestBuildCacheMemoryPromptSection_MultipleCachesWithMixedDescriptions
--- PASS: TestBuildCacheMemoryPromptSection_MultipleCachesWithMixedDescriptions (0.00s)
=== RUN   TestCacheMemorySyntaxVariations
=== RUN   TestCacheMemorySyntaxVariations/cache-memory_with_nil_(no_value)
=== RUN   TestCacheMemorySyntaxVariations/cache-memory_with_true
=== RUN   TestCacheMemorySyntaxVariations/cache-memory_with_false
=== RUN   TestCacheMemorySyntaxVariations/cache-memory_with_object
=== RUN   TestCacheMemorySyntaxVariations/cache-memory_with_empty_object
=== RUN   TestCacheMemorySyntaxVariations/cache-memory_with_array_-_single_cache
=== RUN   TestCacheMemorySyntaxVariations/cache-memory_with_array_-_multiple_caches
=== RUN   TestCacheMemorySyntaxVariations/cache-memory_with_array_-_no_explicit_ID
=== RUN   TestCacheMemorySyntaxVariations/cache-memory_with_array_-_duplicate_IDs
--- PASS: TestCacheMemorySyntaxVariations (0.01s)
    --- PASS: TestCacheMemorySyntaxVariations/cache-memory_with_nil_(no_value) (0.00s)
    --- PASS: TestCacheMemorySyntaxVariations/cache-memory_with_true (0.00s)
    --- PASS: TestCacheMemorySyntaxVariations/cache-memory_with_false (0.00s)
    --- PASS: TestCacheMemorySyntaxVariations/cache-memory_with_object (0.00s)
    --- PASS: TestCacheMemorySyntaxVariations/cache-memory_with_empty_object (0.00s)
    --- PASS: TestCacheMemorySyntaxVariations/cache-memory_with_array_-_single_cache (0.00s)
    --- PASS: TestCacheMemorySyntaxVariations/cache-memory_with_array_-_multiple_caches (0.00s)
    --- PASS: TestCacheMemorySyntaxVariations/cache-memory_with_array_-_no_explicit_ID (0.01s)
    --- PASS: TestCacheMemorySyntaxVariations/cache-memory_with_array_-_duplicate_IDs (0.00s)
=== RUN   TestParseOptionalInt
=== RUN   TestParseOptionalInt/integer_float_is_accepted
=== RUN   TestParseOptionalInt/fractional_float_is_rejected
=== RUN   TestParseOptionalInt/nan_and_infinity_are_rejected
=== RUN   TestParseOptionalInt/uint64_above_max_int_is_rejected
=== RUN   TestParseOptionalInt/large_exact_float_is_architecture_aware
--- PASS: TestParseOptionalInt (0.00s)
    --- PASS: TestParseOptionalInt/integer_float_is_accepted (0.00s)
    --- PASS: TestParseOptionalInt/fractional_float_is_rejected (0.00s)
    --- PASS: TestParseOptionalInt/nan_and_infinity_are_rejected (0.00s)
    --- PASS: TestParseOptionalInt/uint64_above_max_int_is_rejected (0.00s)
    --- PASS: TestParseOptionalInt/large_exact_float_is_architecture_aware (0.00s)
=== RUN   TestCacheMemoryRetentionDaysValidationObject
=== RUN   TestCacheMemoryRetentionDaysValidationObject/valid_minimum_(1_day)
=== RUN   TestCacheMemoryRetentionDaysValidationObject/valid_middle_value_(30_days)
=== RUN   TestCacheMemoryRetentionDaysValidationObject/valid_maximum_(90_days)
=== RUN   TestCacheMemoryRetentionDaysValidationObject/invalid_zero
=== RUN   TestCacheMemoryRetentionDaysValidationObject/invalid_negative
=== RUN   TestCacheMemoryRetentionDaysValidationObject/invalid_exceeds_maximum_(91_days)
=== RUN   TestCacheMemoryRetentionDaysValidationObject/invalid_large_value_(365_days)
--- PASS: TestCacheMemoryRetentionDaysValidationObject (0.01s)
    --- PASS: TestCacheMemoryRetentionDaysValidationObject/valid_minimum_(1_day) (0.00s)
    --- PASS: TestCacheMemoryRetentionDaysValidationObject/valid_middle_value_(30_days) (0.00s)
    --- PASS: TestCacheMemoryRetentionDaysValidationObject/valid_maximum_(90_days) (0.00s)
    --- PASS: TestCacheMemoryRetentionDaysValidationObject/invalid_zero (0.00s)
    --- PASS: TestCacheMemoryRetentionDaysValidationObject/invalid_negative (0.00s)
    --- PASS: TestCacheMemoryRetentionDaysValidationObject/invalid_exceeds_maximum_(91_days) (0.00s)
    --- PASS: TestCacheMemoryRetentionDaysValidationObject/invalid_large_value_(365_days) (0.00s)
=== RUN   TestCacheMemoryRetentionDaysValidationArray
=== RUN   TestCacheMemoryRetentionDaysValidationArray/valid_minimum_in_array_(1_day)
=== RUN   TestCacheMemoryRetentionDaysValidationArray/valid_maximum_in_array_(90_days)
=== RUN   TestCacheMemoryRetentionDaysValidationArray/invalid_zero_in_array
=== RUN   TestCacheMemoryRetentionDaysValidationArray/invalid_exceeds_maximum_in_array_(100_days)
--- PASS: TestCacheMemoryRetentionDaysValidationArray (0.00s)
    --- PASS: TestCacheMemoryRetentionDaysValidationArray/valid_minimum_in_array_(1_day) (0.00s)
    --- PASS: TestCacheMemoryRetentionDaysValidationArray/valid_maximum_in_array_(90_days) (0.00s)
    --- PASS: TestCacheMemoryRetentionDaysValidationArray/invalid_zero_in_array (0.00s)
    --- PASS: TestCacheMemoryRetentionDaysValidationArray/invalid_exceeds_maximum_in_array_(100_days) (0.00s)
=== RUN   TestCacheMemoryRetentionDaysNoValue
--- PASS: TestCacheMemoryRetentionDaysNoValue (0.00s)
=== RUN   TestCacheMemoryScopeValidationObject
=== RUN   TestCacheMemoryScopeValidationObject/valid_workflow_scope
=== RUN   TestCacheMemoryScopeValidationObject/valid_repo_scope
=== RUN   TestCacheMemoryScopeValidationObject/invalid_organization_scope
=== RUN   TestCacheMemoryScopeValidationObject/invalid_global_scope
=== RUN   TestCacheMemoryScopeValidationObject/invalid_whitespace_scope
--- PASS: TestCacheMemoryScopeValidationObject (0.00s)
    --- PASS: TestCacheMemoryScopeValidationObject/valid_workflow_scope (0.00s)
    --- PASS: TestCacheMemoryScopeValidationObject/valid_repo_scope (0.00s)
    --- PASS: TestCacheMemoryScopeValidationObject/invalid_organization_scope (0.00s)
    --- PASS: TestCacheMemoryScopeValidationObject/invalid_global_scope (0.00s)
    --- PASS: TestCacheMemoryScopeValidationObject/invalid_whitespace_scope (0.00s)
=== RUN   TestCacheMemoryScopeValidationArray
=== RUN   TestCacheMemoryScopeValidationArray/valid_workflow_scope_in_array
=== RUN   TestCacheMemoryScopeValidationArray/valid_repo_scope_in_array
=== RUN   TestCacheMemoryScopeValidationArray/invalid_scope_in_array
--- PASS: TestCacheMemoryScopeValidationArray (0.00s)
    --- PASS: TestCacheMemoryScopeValidationArray/valid_workflow_scope_in_array (0.00s)
    --- PASS: TestCacheMemoryScopeValidationArray/valid_repo_scope_in_array (0.00s)
    --- PASS: TestCacheMemoryScopeValidationArray/invalid_scope_in_array (0.00s)
=== RUN   TestCacheMemoryScopeDefault
--- PASS: TestCacheMemoryScopeDefault (0.00s)
=== RUN   TestCallWorkflowCompile_ArrayFormat
/tmp/gh-aw-test-runs/20260704-173215-1254793/call-workflow-array318306223/.github/workflows/gateway.md: info: Tip: set permissions.copilot-requests: write to use GitHub Actions token-based inference with the Copilot engine instead of a personal access token (COPILOT_GITHUB_TOKEN). This option requires that your organization has centralized Copilot billing enabled and may not be available in all organizations — see https://github.github.com/gh-aw/reference/billing/ for details.

✓ /tmp/gh-aw-test-runs/20260704-173215-1254793/call-workflow-array318306223/.github/workflows/gateway.md (101.4 KB)
--- PASS: TestCallWorkflowCompile_ArrayFormat (0.02s)
=== RUN   TestCallWorkflowCompile_MapFormat
/tmp/gh-aw-test-runs/20260704-173215-1254793/call-workflow-map140906463/.github/workflows/gateway.md: info: Tip: set permissions.copilot-requests: write to use GitHub Actions token-based inference with the Copilot engine instead of a personal access token (COPILOT_GITHUB_TOKEN). This option requires that your organization has centralized Copilot billing enabled and may not be available in all organizations — see https://github.github.com/gh-aw/reference/billing/ for details.

✓ /tmp/gh-aw-test-runs/20260704-173215-1254793/call-workflow-map140906463/.github/workflows/gateway.md (101.6 KB)
--- PASS: TestCallWorkflowCompile_MapFormat (0.01s)
=== RUN   TestCallWorkflowCompile_SingleWorker
/tmp/gh-aw-test-runs/20260704-173215-1254793/call-workflow-single1103862984/.github/workflows/gateway.md: info: Tip: set permissions.copilot-requests: write to use GitHub Actions token-based inference with the Copilot engine instead of a personal access token (COPILOT_GITHUB_TOKEN). This option requires that your organization has centralized Copilot billing enabled and may not be available in all organizations — see https://github.github.com/gh-aw/reference/billing/ for details.

✓ /tmp/gh-aw-test-runs/20260704-173215-1254793/call-workflow-single1103862984/.github/workflows/gateway.md (100.2 KB)
--- PASS: TestCallWorkflowCompile_SingleWorker (0.02s)
=== RUN   TestCallWorkflowCompile_WorkerWithTypedInputs
/tmp/gh-aw-test-runs/20260704-173215-1254793/call-workflow-typed973940020/.github/workflows/gateway.md: info: Tip: set permissions.copilot-requests: write to use GitHub Actions token-based inference with the Copilot engine instead of a personal access token (COPILOT_GITHUB_TOKEN). This option requires that your organization has centralized Copilot billing enabled and may not be available in all organizations — see https://github.github.com/gh-aw/reference/billing/ for details.

✓ /tmp/gh-aw-test-runs/20260704-173215-1254793/call-workflow-typed973940020/.github/workflows/gateway.md (101.2 KB)
--- PASS: TestCallWorkflowCompile_WorkerWithTypedInputs (0.01s)
=== RUN   TestCallWorkflowCompile_WithAdditionalSafeOutputs
/tmp/gh-aw-test-runs/20260704-173215-1254793/call-workflow-combined99715797/.github/workflows/gateway.md: info: Tip: set permissions.copilot-requests: write to use GitHub Actions token-based inference with the Copilot engine instead of a personal access token (COPILOT_GITHUB_TOKEN). This option requires that your organization has centralized Copilot billing enabled and may not be available in all organizations — see https://github.github.com/gh-aw/reference/billing/ for details.

✓ /tmp/gh-aw-test-runs/20260704-173215-1254793/call-workflow-combined99715797/.github/workflows/gateway.md (103.1 KB)
--- PASS: TestCallWorkflowCompile_WithAdditionalSafeOutputs (0.02s)
=== RUN   TestWorkflowCallCompile_InjectsNetworkAllowedInputWhenEnabled
/tmp/gh-aw-test-runs/20260704-173215-1254793/workflow-call-network-allowed230682808/.github/workflows/worker.md: info: Tip: set permissions.copilot-requests: write to use GitHub Actions token-based inference with the Copilot engine instead of a personal access token (COPILOT_GITHUB_TOKEN). This option requires that your organization has centralized Copilot billing enabled and may not be available in all organizations — see https://github.github.com/gh-aw/reference/billing/ for details.

✓ /tmp/gh-aw-test-runs/20260704-173215-1254793/workflow-call-network-allowed230682808/.github/workflows/worker.md (90.2 KB)
--- PASS: TestWorkflowCallCompile_InjectsNetworkAllowedInputWhenEnabled (0.03s)
=== RUN   TestWorkflowCallCompile_DoesNotInjectNetworkAllowedInputByDefault
/tmp/gh-aw-test-runs/20260704-173215-1254793/workflow-call-network-default1353422857/.github/workflows/worker.md: info: Tip: set permissions.copilot-requests: write to use GitHub Actions token-based inference with the Copilot engine instead of a personal access token (COPILOT_GITHUB_TOKEN). This option requires that your organization has centralized Copilot billing enabled and may not be available in all organizations — see https://github.github.com/gh-aw/reference/billing/ for details.

✓ /tmp/gh-aw-test-runs/20260704-173215-1254793/workflow-call-network-default1353422857/.github/workflows/worker.md (80.7 KB)
--- PASS: TestWorkflowCallCompile_DoesNotInjectNetworkAllowedInputByDefault (0.01s)
=== RUN   TestCallWorkflowCompile_WorkflowCallGateway
/tmp/gh-aw-test-runs/20260704-173215-1254793/call-workflow-gateway-trigger2366269649/.github/workflows/gateway.md: info: Tip: set permissions.copilot-requests: write to use GitHub Actions token-based inference with the Copilot engine instead of a personal access token (COPILOT_GITHUB_TOKEN). This option requires that your organization has centralized Copilot billing enabled and may not be available in all organizations — see https://github.github.com/gh-aw/reference/billing/ for details.

✓ /tmp/gh-aw-test-runs/20260704-173215-1254793/call-workflow-gateway-trigger2366269649/.github/workflows/gateway.md (106.1 KB)
--- PASS: TestCallWorkflowCompile_WorkflowCallGateway (0.02s)
=== RUN   TestCallWorkflowCompile_SafeOutputsJobHasCallWorkflowOutputs
/tmp/gh-aw-test-runs/20260704-173215-1254793/call-workflow-outputs3076358724/.github/workflows/gateway.md: info: Tip: set permissions.copilot-requests: write to use GitHub Actions token-based inference with the Copilot engine instead of a personal access token (COPILOT_GITHUB_TOKEN). This option requires that your organization has centralized Copilot billing enabled and may not be available in all organizations — see https://github.github.com/gh-aw/reference/billing/ for details.

✓ /tmp/gh-aw-test-runs/20260704-173215-1254793/call-workflow-outputs3076358724/.github/workflows/gateway.md (101.1 KB)
--- PASS: TestCallWorkflowCompile_SafeOutputsJobHasCallWorkflowOutputs (0.01s)
=== RUN   TestCallWorkflowCompile_ConclusionJobDependsOnWorkers
/tmp/gh-aw-test-runs/20260704-173215-1254793/call-workflow-conclusion2151379216/.github/workflows/gateway.md: info: Tip: set permissions.copilot-requests: write to use GitHub Actions token-based inference with the Copilot engine instead of a personal access token (COPILOT_GITHUB_TOKEN). This option requires that your organization has centralized Copilot billing enabled and may not be available in all organizations — see https://github.github.com/gh-aw/reference/billing/ for details.

✓ /tmp/gh-aw-test-runs/20260704-173215-1254793/call-workflow-conclusion2151379216/.github/workflows/gateway.md (105.2 KB)
--- PASS: TestCallWorkflowCompile_ConclusionJobDependsOnWorkers (0.02s)
=== RUN   TestCallWorkflowCompile_WorkerWithUnderscoresInName
/tmp/gh-aw-test-runs/20260704-173215-1254793/call-workflow-underscores2539746273/.github/workflows/gateway.md: info: Tip: set permissions.copilot-requests: write to use GitHub Actions token-based inference with the Copilot engine instead of a personal access token (COPILOT_GITHUB_TOKEN). This option requires that your organization has centralized Copilot billing enabled and may not be available in all organizations — see https://github.github.com/gh-aw/reference/billing/ for details.

✓ /tmp/gh-aw-test-runs/20260704-173215-1254793/call-workflow-underscores2539746273/.github/workflows/gateway.md (100.4 KB)
--- PASS: TestCallWorkflowCompile_WorkerWithUnderscoresInName (0.02s)
=== RUN   TestCallWorkflowCompile_ValidationFails_MissingWorkflowCall
/tmp/gh-aw-test-runs/20260704-173215-1254793/call-workflow-missing-trigger1503246670/.github/workflows/gateway.md: info: Tip: set permissions.copilot-requests: write to use GitHub Actions token-based inference with the Copilot engine instead of a personal access token (COPILOT_GITHUB_TOKEN). This option requires that your organization has centralized Copilot billing enabled and may not be available in all organizations — see https://github.github.com/gh-aw/reference/billing/ for details.

--- PASS: TestCallWorkflowCompile_ValidationFails_MissingWorkflowCall (0.00s)
=== RUN   TestCallWorkflowCompile_ValidationFails_SelfReference
/tmp/gh-aw-test-runs/20260704-173215-1254793/call-workflow-self-ref4162866641/.github/workflows/gateway.md: info: Tip: set permissions.copilot-requests: write to use GitHub Actions token-based inference with the Copilot engine instead of a personal access token (COPILOT_GITHUB_TOKEN). This option requires that your organization has centralized Copilot billing enabled and may not be available in all organizations — see https://github.github.com/gh-aw/reference/billing/ for details.

--- PASS: TestCallWorkflowCompile_ValidationFails_SelfReference (0.00s)
=== RUN   TestCallWorkflowCompile_ValidationFails_WorkerNotFound
/tmp/gh-aw-test-runs/20260704-173215-1254793/call-workflow-not-found4201025227/.github/workflows/gateway.md: info: Tip: set permissions.copilot-requests: write to use GitHub Actions token-based inference with the Copilot engine instead of a personal access token (COPILOT_GITHUB_TOKEN). This option requires that your organization has centralized Copilot billing enabled and may not be available in all organizations — see https://github.github.com/gh-aw/reference/billing/ for details.

--- PASS: TestCallWorkflowCompile_ValidationFails_WorkerNotFound (0.00s)
=== RUN   TestCallWorkflowCompile_ValidationFails_DuplicateWorkflow
/tmp/gh-aw-test-runs/20260704-173215-1254793/call-workflow-duplicate2499675850/.github/workflows/gateway.md: info: Tip: set permissions.copilot-requests: write to use GitHub Actions token-based inference with the Copilot engine instead of a personal access token (COPILOT_GITHUB_TOKEN). This option requires that your organization has centralized Copilot billing enabled and may not be available in all organizations — see https://github.github.com/gh-aw/reference/billing/ for details.

--- PASS: TestCallWorkflowCompile_ValidationFails_DuplicateWorkflow (0.00s)
=== RUN   TestCallWorkflowCompile_MDSourceWorker
/tmp/gh-aw-test-runs/20260704-173215-1254793/call-workflow-md-source3183040506/.github/workflows/gateway.md: info: Tip: set permissions.copilot-requests: write to use GitHub Actions token-based inference with the Copilot engine instead of a personal access token (COPILOT_GITHUB_TOKEN). This option requires that your organization has centralized Copilot billing enabled and may not be available in all organizations — see https://github.github.com/gh-aw/reference/billing/ for details.

✓ /tmp/gh-aw-test-runs/20260704-173215-1254793/call-workflow-md-source3183040506/.github/workflows/gateway.md (101.7 KB)
--- PASS: TestCallWorkflowCompile_MDSourceWorker (0.01s)
=== RUN   TestCallWorkflowCompile_ConfigInSafeOutputsJSON
/tmp/gh-aw-test-runs/20260704-173215-1254793/call-workflow-config-json2274397785/.github/workflows/gateway.md: info: Tip: set permissions.copilot-requests: write to use GitHub Actions token-based inference with the Copilot engine instead of a personal access token (COPILOT_GITHUB_TOKEN). This option requires that your organization has centralized Copilot billing enabled and may not be available in all organizations — see https://github.github.com/gh-aw/reference/billing/ for details.

✓ /tmp/gh-aw-test-runs/20260704-173215-1254793/call-workflow-config-json2274397785/.github/workflows/gateway.md (101.4 KB)
--- PASS: TestCallWorkflowCompile_ConfigInSafeOutputsJSON (0.02s)
=== RUN   TestCallWorkflowCompile_IfConditionFormat
/tmp/gh-aw-test-runs/20260704-173215-1254793/call-workflow-if-condition416321291/.github/workflows/gateway.md: info: Tip: set permissions.copilot-requests: write to use GitHub Actions token-based inference with the Copilot engine instead of a personal access token (COPILOT_GITHUB_TOKEN). This option requires that your organization has centralized Copilot billing enabled and may not be available in all organizations — see https://github.github.com/gh-aw/reference/billing/ for details.

✓ /tmp/gh-aw-test-runs/20260704-173215-1254793/call-workflow-if-condition416321291/.github/workflows/gateway.md (101.3 KB)
--- PASS: TestCallWorkflowCompile_IfConditionFormat (0.01s)
=== RUN   TestCallWorkflowCompile_NoOtherSafeOutputs
/tmp/gh-aw-test-runs/20260704-173215-1254793/call-workflow-only2024147455/.github/workflows/gateway.md: info: Tip: set permissions.copilot-requests: write to use GitHub Actions token-based inference with the Copilot engine instead of a personal access token (COPILOT_GITHUB_TOKEN). This option requires that your organization has centralized Copilot billing enabled and may not be available in all organizations — see https://github.github.com/gh-aw/reference/billing/ for details.

✓ /tmp/gh-aw-test-runs/20260704-173215-1254793/call-workflow-only2024147455/.github/workflows/gateway.md (101.3 KB)
--- PASS: TestCallWorkflowCompile_NoOtherSafeOutputs (0.02s)
=== RUN   TestCallWorkflowCompile_WorkerNeedsPayloadInput
/tmp/gh-aw-test-runs/20260704-173215-1254793/call-workflow-payload-input411865177/.github/workflows/gateway.md: info: Tip: set permissions.copilot-requests: write to use GitHub Actions token-based inference with the Copilot engine instead of a personal access token (COPILOT_GITHUB_TOKEN). This option requires that your organization has centralized Copilot billing enabled and may not be available in all organizations — see https://github.github.com/gh-aw/reference/billing/ for details.

✓ /tmp/gh-aw-test-runs/20260704-173215-1254793/call-workflow-payload-input411865177/.github/workflows/gateway.md (101.6 KB)
--- PASS: TestCallWorkflowCompile_WorkerNeedsPayloadInput (0.02s)
=== RUN   TestCallWorkflowCompile_WorkerFoundInWorkflowsDir
/tmp/gh-aw-test-runs/20260704-173215-1254793/call-workflow-dir-search2628734943/.github/aw/gateway.md: info: Tip: set permissions.copilot-requests: write to use GitHub Actions token-based inference with the Copilot engine instead of a personal access token (COPILOT_GITHUB_TOKEN). This option requires that your organization has centralized Copilot billing enabled and may not be available in all organizations — see https://github.github.com/gh-aw/reference/billing/ for details.

✓ /tmp/gh-aw-test-runs/20260704-173215-1254793/call-workflow-dir-search2628734943/.github/aw/gateway.md (101.3 KB)
--- PASS: TestCallWorkflowCompile_WorkerFoundInWorkflowsDir (0.02s)
=== RUN   TestCallWorkflowCompile_ForwardsTypedInputsAlongsidePayload
/tmp/gh-aw-test-runs/20260704-173215-1254793/call-workflow-forward-inputs3692507277/.github/workflows/gateway.md: info: Tip: set permissions.copilot-requests: write to use GitHub Actions token-based inference with the Copilot engine instead of a personal access token (COPILOT_GITHUB_TOKEN). This option requires that your organization has centralized Copilot billing enabled and may not be available in all organizations — see https://github.github.com/gh-aw/reference/billing/ for details.

✓ /tmp/gh-aw-test-runs/20260704-173215-1254793/call-workflow-forward-inputs3692507277/.github/workflows/gateway.md (102.1 KB)
--- PASS: TestCallWorkflowCompile_ForwardsTypedInputsAlongsidePayload (0.02s)
=== RUN   TestCallWorkflowCompile_ForwardsHyphenatedInputs
/tmp/gh-aw-test-runs/20260704-173215-1254793/call-workflow-hyphen-inputs3860343449/.github/workflows/gateway.md: info: Tip: set permissions.copilot-requests: write to use GitHub Actions token-based inference with the Copilot engine instead of a personal access token (COPILOT_GITHUB_TOKEN). This option requires that your organization has centralized Copilot billing enabled and may not be available in all organizations — see https://github.github.com/gh-aw/reference/billing/ for details.

✓ /tmp/gh-aw-test-runs/20260704-173215-1254793/call-workflow-hyphen-inputs3860343449/.github/workflows/gateway.md (102.0 KB)
--- PASS: TestCallWorkflowCompile_ForwardsHyphenatedInputs (0.01s)
=== RUN   TestCallWorkflowCompile_ExplicitSecretsWhenWorkerDeclaresThem
/tmp/gh-aw-test-runs/20260704-173215-1254793/call-workflow-explicit-secrets2500950156/.github/workflows/gateway.md: info: Tip: set permissions.copilot-requests: write to use GitHub Actions token-based inference with the Copilot engine instead of a personal access token (COPILOT_GITHUB_TOKEN). This option requires that your organization has centralized Copilot billing enabled and may not be available in all organizations — see https://github.github.com/gh-aw/reference/billing/ for details.

/tmp/gh-aw-test-runs/20260704-173215-1254793/call-workflow-explicit-secrets2500950156/.github/workflows/gateway.md: warning: safe update mode detected unapproved changes

New restricted secret(s):
  - ANOTHER_SECRET
  - MY_TOKEN

Remediation options:
  1. Use the --approve flag to allow the changes.
  2. Revert the unapproved changes.
  3. Use an interactive coding agent to review and approve the changes.

✓ /tmp/gh-aw-test-runs/20260704-173215-1254793/call-workflow-explicit-secrets2500950156/.github/workflows/gateway.md (100.5 KB)
--- PASS: TestCallWorkflowCompile_ExplicitSecretsWhenWorkerDeclaresThem (0.02s)
=== RUN   TestCallWorkflowCompile_FallsBackToInheritWhenNoSecretsInWorker
/tmp/gh-aw-test-runs/20260704-173215-1254793/call-workflow-inherit-fallback375911031/.github/workflows/gateway.md: info: Tip: set permissions.copilot-requests: write to use GitHub Actions token-based inference with the Copilot engine instead of a personal access token (COPILOT_GITHUB_TOKEN). This option requires that your organization has centralized Copilot billing enabled and may not be available in all organizations — see https://github.github.com/gh-aw/reference/billing/ for details.

✓ /tmp/gh-aw-test-runs/20260704-173215-1254793/call-workflow-inherit-fallback375911031/.github/workflows/gateway.md (100.4 KB)
--- PASS: TestCallWorkflowCompile_FallsBackToInheritWhenNoSecretsInWorker (0.01s)
=== RUN   TestCallWorkflowCompile_WorkerGetsSecretsDeclarationsOnCompilation
/tmp/gh-aw-test-runs/20260704-173215-1254793/call-workflow-worker-secrets-injection3847648684/.github/workflows/my-worker.md: info: Tip: set permissions.copilot-requests: write to use GitHub Actions token-based inference with the Copilot engine instead of a personal access token (COPILOT_GITHUB_TOKEN). This option requires that your organization has centralized Copilot billing enabled and may not be available in all organizations — see https://github.github.com/gh-aw/reference/billing/ for details.

✓ /tmp/gh-aw-test-runs/20260704-173215-1254793/call-workflow-worker-secrets-injection3847648684/.github/workflows/my-worker.md (103.3 KB)
--- PASS: TestCallWorkflowCompile_WorkerGetsSecretsDeclarationsOnCompilation (0.03s)
=== RUN   TestExtractJobPermissionsFromParsedWorkflow_NoJobs
--- PASS: TestExtractJobPermissionsFromParsedWorkflow_NoJobs (0.00s)
=== RUN   TestExtractJobPermissionsFromParsedWorkflow_SingleJob
--- PASS: TestExtractJobPermissionsFromParsedWorkflow_SingleJob (0.00s)
=== RUN   TestExtractJobPermissionsFromParsedWorkflow_MultipleJobs
--- PASS: TestExtractJobPermissionsFromParsedWorkflow_MultipleJobs (0.00s)
=== RUN   TestExtractJobPermissionsFromParsedWorkflow_NoPermissionsOnJobs
--- PASS: TestExtractJobPermissionsFromParsedWorkflow_NoPermissionsOnJobs (0.00s)
=== RUN   TestFindUncoveredWorkerPermissions
=== RUN   TestFindUncoveredWorkerPermissions/caller_covers_worker
=== RUN   TestFindUncoveredWorkerPermissions/caller_missing_a_scope
=== RUN   TestFindUncoveredWorkerPermissions/caller_grants_lower_level
=== RUN   TestFindUncoveredWorkerPermissions/nil_caller_reports_all_worker_scopes
=== RUN   TestFindUncoveredWorkerPermissions/nil_worker_has_no_gaps
=== RUN   TestFindUncoveredWorkerPermissions/worker_none-level_scopes_are_ignored
--- PASS: TestFindUncoveredWorkerPermissions (0.00s)
    --- PASS: TestFindUncoveredWorkerPermissions/caller_covers_worker (0.00s)
    --- PASS: TestFindUncoveredWorkerPermissions/caller_missing_a_scope (0.00s)
    --- PASS: TestFindUncoveredWorkerPermissions/caller_grants_lower_level (0.00s)
    --- PASS: TestFindUncoveredWorkerPermissions/nil_caller_reports_all_worker_scopes (0.00s)
    --- PASS: TestFindUncoveredWorkerPermissions/nil_worker_has_no_gaps (0.00s)
    --- PASS: TestFindUncoveredWorkerPermissions/worker_none-level_scopes_are_ignored (0.00s)
=== RUN   TestExtractCallWorkflowPermissions_FromLockYML
--- PASS: TestExtractCallWorkflowPermissions_FromLockYML (0.00s)
=== RUN   TestExtractCallWorkflowPermissions_FromYML
--- PASS: TestExtractCallWorkflowPermissions_FromYML (0.00s)
=== RUN   TestExtractCallWorkflowPermissions_FromMD
--- PASS: TestExtractCallWorkflowPermissions_FromMD (0.00s)
=== RUN   TestExtractCallWorkflowPermissions_FileNotFound
--- PASS: TestExtractCallWorkflowPermissions_FileNotFound (0.00s)
=== RUN   TestBuildCallWorkflowJobs_SetsPermissionsFromLockYML
--- PASS: TestBuildCallWorkflowJobs_SetsPermissionsFromLockYML (0.00s)
=== RUN   TestBuildCallWorkflowJobs_SetsPermissionsFromMD
--- PASS: TestBuildCallWorkflowJobs_SetsPermissionsFromMD (0.00s)
=== RUN   TestBuildCallWorkflowJobs_NoPermissionsWhenWorkerHasNone
--- PASS: TestBuildCallWorkflowJobs_NoPermissionsWhenWorkerHasNone (0.00s)
=== RUN   TestCallWorkflowJobYAMLOutput_WithPermissions
--- PASS: TestCallWorkflowJobYAMLOutput_WithPermissions (0.00s)
=== RUN   TestExtractCallWorkflowPermissions_LockYMLPriorityOverYML
--- PASS: TestExtractCallWorkflowPermissions_LockYMLPriorityOverYML (0.00s)
=== RUN   TestCallWorkflowPermissions_EndToEnd
/tmp/TestCallWorkflowPermissions_EndToEnd2232626322/001/.github/workflows/gateway.md: info: Tip: set permissions.copilot-requests: write to use GitHub Actions token-based inference with the Copilot engine instead of a personal access token (COPILOT_GITHUB_TOKEN). This option requires that your organization has centralized Copilot billing enabled and may not be available in all organizations — see https://github.github.com/gh-aw/reference/billing/ for details.

/tmp/TestCallWorkflowPermissions_EndToEnd2232626322/001/.github/workflows/gateway.md: warning: call-workflow target 'worker-a' may require permissions not granted by this workflow: actions: read, contents: write, issues: write, pull-requests: write.
GitHub Actions constrains a called workflow's GITHUB_TOKEN to the caller job's permissions, so the worker's jobs may fail. Add the missing scope(s) to this workflow's `permissions:` block.

/tmp/TestCallWorkflowPermissions_EndToEnd2232626322/001/.github/workflows/gateway.md: warning: call-workflow target 'worker-b' may require permissions not granted by this workflow: issues: write.
GitHub Actions constrains a called workflow's GITHUB_TOKEN to the caller job's permissions, so the worker's jobs may fail. Add the missing scope(s) to this workflow's `permissions:` block.

✓ /tmp/TestCallWorkflowPermissions_EndToEnd2232626322/001/.github/workflows/gateway.md (103.8 KB)
--- PASS: TestCallWorkflowPermissions_EndToEnd (0.02s)
=== RUN   TestCallWorkflowPermissions_EndToEnd_YMLWorker
/tmp/TestCallWorkflowPermissions_EndToEnd_YMLWorker1827370391/001/.github/workflows/gateway.md: info: Tip: set permissions.copilot-requests: write to use GitHub Actions token-based inference with the Copilot engine instead of a personal access token (COPILOT_GITHUB_TOKEN). This option requires that your organization has centralized Copilot billing enabled and may not be available in all organizations — see https://github.github.com/gh-aw/reference/billing/ for details.

/tmp/TestCallWorkflowPermissions_EndToEnd_YMLWorker1827370391/001/.github/workflows/gateway.md: warning: call-workflow target 'worker-plain' may require permissions not granted by this workflow: pull-requests: write.
GitHub Actions constrains a called workflow's GITHUB_TOKEN to the caller job's permissions, so the worker's jobs may fail. Add the missing scope(s) to this workflow's `permissions:` block.

✓ /tmp/TestCallWorkflowPermissions_EndToEnd_YMLWorker1827370391/001/.github/workflows/gateway.md (102.7 KB)
--- PASS: TestCallWorkflowPermissions_EndToEnd_YMLWorker (0.02s)
=== RUN   TestExtractWorkflowCallSecretsFromParsed_NoOn
--- PASS: TestExtractWorkflowCallSecretsFromParsed_NoOn (0.00s)
=== RUN   TestExtractWorkflowCallSecretsFromParsed_NoWorkflowCall
--- PASS: TestExtractWorkflowCallSecretsFromParsed_NoWorkflowCall (0.00s)
=== RUN   TestExtractWorkflowCallSecretsFromParsed_NoSecrets
--- PASS: TestExtractWorkflowCallSecretsFromParsed_NoSecrets (0.00s)
=== RUN   TestExtractWorkflowCallSecretsFromParsed_WithSecrets
--- PASS: TestExtractWorkflowCallSecretsFromParsed_WithSecrets (0.00s)
=== RUN   TestExtractCallWorkflowSecrets_NoFiles
--- PASS: TestExtractCallWorkflowSecrets_NoFiles (0.00s)
=== RUN   TestExtractCallWorkflowSecrets_LockFileNoSecrets
--- PASS: TestExtractCallWorkflowSecrets_LockFileNoSecrets (0.00s)
=== RUN   TestExtractCallWorkflowSecrets_LockFileWithSecrets
--- PASS: TestExtractCallWorkflowSecrets_LockFileWithSecrets (0.00s)
=== RUN   TestExtractCallWorkflowSecrets_LockFilePrecedesYML
--- PASS: TestExtractCallWorkflowSecrets_LockFilePrecedesYML (0.00s)
=== RUN   TestParseCallWorkflowConfig_ArrayFormat
--- PASS: TestParseCallWorkflowConfig_ArrayFormat (0.00s)
=== RUN   TestParseCallWorkflowConfig_MapFormat
--- PASS: TestParseCallWorkflowConfig_MapFormat (0.00s)
=== RUN   TestParseCallWorkflowConfig_DefaultMax
--- PASS: TestParseCallWorkflowConfig_DefaultMax (0.00s)
=== RUN   TestParseCallWorkflowConfig_MaxCap
--- PASS: TestParseCallWorkflowConfig_MaxCap (0.00s)
=== RUN   TestParseCallWorkflowConfig_NotPresent
--- PASS: TestParseCallWorkflowConfig_NotPresent (0.00s)
=== RUN   TestContainsWorkflowCall_StringForm
=== RUN   TestContainsWorkflowCall_StringForm/workflow_call_string
=== RUN   TestContainsWorkflowCall_StringForm/push_string
=== RUN   TestContainsWorkflowCall_StringForm/array_with_workflow_call
=== RUN   TestContainsWorkflowCall_StringForm/array_without_workflow_call
=== RUN   TestContainsWorkflowCall_StringForm/map_with_workflow_call
=== RUN   TestContainsWorkflowCall_StringForm/map_without_workflow_call
--- PASS: TestContainsWorkflowCall_StringForm (0.00s)
    --- PASS: TestContainsWorkflowCall_StringForm/workflow_call_string (0.00s)
    --- PASS: TestContainsWorkflowCall_StringForm/push_string (0.00s)
    --- PASS: TestContainsWorkflowCall_StringForm/array_with_workflow_call (0.00s)
    --- PASS: TestContainsWorkflowCall_StringForm/array_without_workflow_call (0.00s)
    --- PASS: TestContainsWorkflowCall_StringForm/map_with_workflow_call (0.00s)
    --- PASS: TestContainsWorkflowCall_StringForm/map_without_workflow_call (0.00s)
=== RUN   TestValidateCallWorkflow_EmptyList
--- PASS: TestValidateCallWorkflow_EmptyList (0.00s)
=== RUN   TestValidateCallWorkflow_NoConfig
--- PASS: TestValidateCallWorkflow_NoConfig (0.00s)
=== RUN   TestValidateCallWorkflow_SelfReference
--- PASS: TestValidateCallWorkflow_SelfReference (0.00s)
=== RUN   TestValidateCallWorkflow_WorkflowNotFound
--- PASS: TestValidateCallWorkflow_WorkflowNotFound (0.00s)
=== RUN   TestValidateCallWorkflow_WorkflowWithoutWorkflowCall
--- PASS: TestValidateCallWorkflow_WorkflowWithoutWorkflowCall (0.00s)
=== RUN   TestValidateCallWorkflow_ValidWorkflow
--- PASS: TestValidateCallWorkflow_ValidWorkflow (0.00s)
=== RUN   TestValidateCallWorkflow_UsesWorkflowDirEnvOverride
--- PASS: TestValidateCallWorkflow_UsesWorkflowDirEnvOverride (0.00s)
=== RUN   TestValidateCallWorkflow_MDSourceWithWorkflowCall
--- PASS: TestValidateCallWorkflow_MDSourceWithWorkflowCall (0.00s)
=== RUN   TestCampaignTriggerEvents
=== RUN   TestCampaignTriggerEvents/issues_with_opened_and_labeled_types
/tmp/gh-aw-test-runs/20260704-173215-1254793/campaign-trigger-test713758135/test-campaign-trigger.md: info: Tip: set permissions.copilot-requests: write to use GitHub Actions token-based inference with the Copilot engine instead of a personal access token (COPILOT_GITHUB_TOKEN). This option requires that your organization has centralized Copilot billing enabled and may not be available in all organizations — see https://github.github.com/gh-aw/reference/billing/ for details.

✓ /tmp/gh-aw-test-runs/20260704-173215-1254793/campaign-trigger-test713758135/test-campaign-trigger.md (79.1 KB)
=== RUN   TestCampaignTriggerEvents/issues_with_labeled_type_only
/tmp/gh-aw-test-runs/20260704-173215-1254793/campaign-trigger-test713758135/test-campaign-trigger.md: warning: Missing required permissions for GitHub toolsets:
  - pull-requests: read (required by pull_requests)

To fix this, you can either:

Option 1: Add missing permissions to your workflow frontmatter:
permissions:
  pull-requests: read

See: https://github.com/github/gh-aw/blob/main/docs/src/content/docs/reference/permissions.md

Option 2: Reduce the required toolsets in your workflow:
Remove or adjust toolsets that require these permissions:
  - pull_requests

/tmp/gh-aw-test-runs/20260704-173215-1254793/campaign-trigger-test713758135/test-campaign-trigger.md: info: Tip: set permissions.copilot-requests: write to use GitHub Actions token-based inference with the Copilot engine instead of a personal access token (COPILOT_GITHUB_TOKEN). This option requires that your organization has centralized Copilot billing enabled and may not be available in all organizations — see https://github.github.com/gh-aw/reference/billing/ for details.

✓ /tmp/gh-aw-test-runs/20260704-173215-1254793/campaign-trigger-test713758135/test-campaign-trigger.md (78.9 KB)
--- PASS: TestCampaignTriggerEvents (0.02s)
    --- PASS: TestCampaignTriggerEvents/issues_with_opened_and_labeled_types (0.01s)
    --- PASS: TestCampaignTriggerEvents/issues_with_labeled_type_only (0.01s)
=== RUN   TestCampaignGeneratorWorkflow
    campaign_trigger_test.go:120: agentic-campaign-generator.md not found, skipping test
--- SKIP: TestCampaignGeneratorWorkflow (0.00s)
=== RUN   TestGenerateCentralSlashCommandWorkflow_GeneratesWorkflow
--- PASS: TestGenerateCentralSlashCommandWorkflow_GeneratesWorkflow (0.00s)
=== RUN   TestGenerateCentralSlashCommandWorkflow_DeletesWhenUnused
--- PASS: TestGenerateCentralSlashCommandWorkflow_DeletesWhenUnused (0.00s)
=== RUN   TestGenerateCentralSlashCommandWorkflow_GeneratesForDecentralizedLabelsOnly
--- PASS: TestGenerateCentralSlashCommandWorkflow_GeneratesForDecentralizedLabelsOnly (0.00s)
=== RUN   TestGenerateCentralSlashCommandWorkflow_IncludesPullRequestsPermissionForIssueCommentRoutes
--- PASS: TestGenerateCentralSlashCommandWorkflow_IncludesPullRequestsPermissionForIssueCommentRoutes (0.00s)
=== RUN   TestCollectCentralLabelCommandRoutes_IncludesSlashCentralizedLabelCommands
--- PASS: TestCollectCentralLabelCommandRoutes_IncludesSlashCentralizedLabelCommands (0.00s)
=== RUN   TestRemoveIfExists
--- PASS: TestRemoveIfExists (0.00s)
=== RUN   TestCollectCentralSlashCommandRoutes_UnionizesMergedEvents
--- PASS: TestCollectCentralSlashCommandRoutes_UnionizesMergedEvents (0.00s)
=== RUN   TestCollectCentralSlashCommandRoutes_RespectsReactionEventTargets
--- PASS: TestCollectCentralSlashCommandRoutes_RespectsReactionEventTargets (0.00s)
=== RUN   TestGenerateCentralSlashCommandWorkflow_UsesCentralizedRunsOnResolution
--- PASS: TestGenerateCentralSlashCommandWorkflow_UsesCentralizedRunsOnResolution (0.00s)
=== RUN   TestFormatRunsOnSnippetForInlineValue
=== RUN   TestFormatRunsOnSnippetForInlineValue/plain_label
=== RUN   TestFormatRunsOnSnippetForInlineValue/rendered_string_snippet
=== RUN   TestFormatRunsOnSnippetForInlineValue/rendered_array_snippet
=== RUN   TestFormatRunsOnSnippetForInlineValue/rendered_object_snippet
--- PASS: TestFormatRunsOnSnippetForInlineValue (0.00s)
    --- PASS: TestFormatRunsOnSnippetForInlineValue/plain_label (0.00s)
    --- PASS: TestFormatRunsOnSnippetForInlineValue/rendered_string_snippet (0.00s)
    --- PASS: TestFormatRunsOnSnippetForInlineValue/rendered_array_snippet (0.00s)
    --- PASS: TestFormatRunsOnSnippetForInlineValue/rendered_object_snippet (0.00s)
=== RUN   TestBuildCommandsHeaderMetadata_UsesReleaseVersionOnlyForReleaseBuilds
--- PASS: TestBuildCommandsHeaderMetadata_UsesReleaseVersionOnlyForReleaseBuilds (0.00s)
=== RUN   TestGenerateCentralSlashCommandWorkflow_DisablesHelpCommandViaRepoConfig
--- PASS: TestGenerateCentralSlashCommandWorkflow_DisablesHelpCommandViaRepoConfig (0.00s)
=== RUN   TestBuildHelpCommandEntries
--- PASS: TestBuildHelpCommandEntries (0.00s)
=== RUN   TestBuildHelpCommandEntries_ConflictingDescriptions
--- PASS: TestBuildHelpCommandEntries_ConflictingDescriptions (0.00s)
=== RUN   TestBuildHelpCommandEntries_ReservedHelpCommandName
--- PASS: TestBuildHelpCommandEntries_ReservedHelpCommandName (0.00s)
=== RUN   TestCheckoutImportFromSharedWorkflow
--- PASS: TestCheckoutImportFromSharedWorkflow (0.00s)
=== RUN   TestCheckoutImportMainWorkflowTakesPrecedence
--- PASS: TestCheckoutImportMainWorkflowTakesPrecedence (0.00s)
=== RUN   TestCheckoutImportDisabledByMainWorkflow
--- PASS: TestCheckoutImportDisabledByMainWorkflow (0.00s)
=== RUN   TestCheckoutImportMultipleImports
--- PASS: TestCheckoutImportMultipleImports (0.00s)
=== RUN   TestCheckoutImportAuthPrecedence
--- PASS: TestCheckoutImportAuthPrecedence (0.00s)
=== RUN   TestNewCheckoutManager
=== RUN   TestNewCheckoutManager/empty_configs_produces_empty_manager
=== RUN   TestNewCheckoutManager/single_default_override
=== RUN   TestNewCheckoutManager/custom_github-token_on_default_checkout
--- PASS: TestNewCheckoutManager (0.00s)
    --- PASS: TestNewCheckoutManager/empty_configs_produces_empty_manager (0.00s)
    --- PASS: TestNewCheckoutManager/single_default_override (0.00s)
    --- PASS: TestNewCheckoutManager/custom_github-token_on_default_checkout (0.00s)
=== RUN   TestCheckoutManagerMerging
=== RUN   TestCheckoutManagerMerging/duplicate_default_checkout_takes_deepest_fetch-depth
=== RUN   TestCheckoutManagerMerging/zero_fetch-depth_wins_over_any_positive_value
=== RUN   TestCheckoutManagerMerging/sparse-checkout_patterns_are_merged
=== RUN   TestCheckoutManagerMerging/different_paths_produce_separate_checkouts
=== RUN   TestCheckoutManagerMerging/different_repos_produce_separate_checkouts
=== RUN   TestCheckoutManagerMerging/same_path_with_different_refs_merges_to_first_ref
=== RUN   TestCheckoutManagerMerging/path_dot_and_empty_path_are_normalized_to_the_same_root_checkout
--- PASS: TestCheckoutManagerMerging (0.00s)
    --- PASS: TestCheckoutManagerMerging/duplicate_default_checkout_takes_deepest_fetch-depth (0.00s)
    --- PASS: TestCheckoutManagerMerging/zero_fetch-depth_wins_over_any_positive_value (0.00s)
    --- PASS: TestCheckoutManagerMerging/sparse-checkout_patterns_are_merged (0.00s)
    --- PASS: TestCheckoutManagerMerging/different_paths_produce_separate_checkouts (0.00s)
    --- PASS: TestCheckoutManagerMerging/different_repos_produce_separate_checkouts (0.00s)
    --- PASS: TestCheckoutManagerMerging/same_path_with_different_refs_merges_to_first_ref (0.00s)
    --- PASS: TestCheckoutManagerMerging/path_dot_and_empty_path_are_normalized_to_the_same_root_checkout (0.00s)
=== RUN   TestGenerateDefaultCheckoutStep
=== RUN   TestGenerateDefaultCheckoutStep/default_checkout_has_persist-credentials_false
=== RUN   TestGenerateDefaultCheckoutStep/user_github-token_is_included_in_default_checkout
=== RUN   TestGenerateDefaultCheckoutStep/fetch-depth_override_is_included
=== RUN   TestGenerateDefaultCheckoutStep/ref_override_is_included
=== RUN   TestGenerateDefaultCheckoutStep/trial_mode_overrides_user_config
=== RUN   TestGenerateDefaultCheckoutStep/sparse-checkout_override_is_included
=== RUN   TestGenerateDefaultCheckoutStep/sparse-checkout_without_fetch_refs_still_ensures_blobs_present
=== RUN   TestGenerateDefaultCheckoutStep/no_filter_emitted_without_sparse-checkout
=== RUN   TestGenerateDefaultCheckoutStep/sparse-checkout_repair_runs_before_additional_ref_fetch
=== RUN   TestGenerateDefaultCheckoutStep/force-clean-git-credentials_enables_persist_true_and_cleanup_step
--- PASS: TestGenerateDefaultCheckoutStep (0.00s)
    --- PASS: TestGenerateDefaultCheckoutStep/default_checkout_has_persist-credentials_false (0.00s)
    --- PASS: TestGenerateDefaultCheckoutStep/user_github-token_is_included_in_default_checkout (0.00s)
    --- PASS: TestGenerateDefaultCheckoutStep/fetch-depth_override_is_included (0.00s)
    --- PASS: TestGenerateDefaultCheckoutStep/ref_override_is_included (0.00s)
    --- PASS: TestGenerateDefaultCheckoutStep/trial_mode_overrides_user_config (0.00s)
    --- PASS: TestGenerateDefaultCheckoutStep/sparse-checkout_override_is_included (0.00s)
    --- PASS: TestGenerateDefaultCheckoutStep/sparse-checkout_without_fetch_refs_still_ensures_blobs_present (0.00s)
    --- PASS: TestGenerateDefaultCheckoutStep/no_filter_emitted_without_sparse-checkout (0.00s)
    --- PASS: TestGenerateDefaultCheckoutStep/sparse-checkout_repair_runs_before_additional_ref_fetch (0.00s)
    --- PASS: TestGenerateDefaultCheckoutStep/force-clean-git-credentials_enables_persist_true_and_cleanup_step (0.00s)
=== RUN   TestCheckoutPushTokenFallback
=== RUN   TestCheckoutPushTokenFallback/default_checkout_with_no_explicit_token_emits_pushToken_once
=== RUN   TestCheckoutPushTokenFallback/default_checkout_with_explicit_token_does_not_override_with_pushToken
=== RUN   TestCheckoutPushTokenFallback/default_checkout_with_app_auth_does_not_override_with_pushToken
=== RUN   TestCheckoutPushTokenFallback/default_checkout_does_not_emit_pushToken_when_keepCredentialsForPush_is_false
=== RUN   TestCheckoutPushTokenFallback/additional_checkout_with_no_token_uses_pushToken
=== RUN   TestCheckoutPushTokenFallback/additional_checkout_with_explicit_token_does_not_override_with_pushToken
--- PASS: TestCheckoutPushTokenFallback (0.00s)
    --- PASS: TestCheckoutPushTokenFallback/default_checkout_with_no_explicit_token_emits_pushToken_once (0.00s)
    --- PASS: TestCheckoutPushTokenFallback/default_checkout_with_explicit_token_does_not_override_with_pushToken (0.00s)
    --- PASS: TestCheckoutPushTokenFallback/default_checkout_with_app_auth_does_not_override_with_pushToken (0.00s)
    --- PASS: TestCheckoutPushTokenFallback/default_checkout_does_not_emit_pushToken_when_keepCredentialsForPush_is_false (0.00s)
    --- PASS: TestCheckoutPushTokenFallback/additional_checkout_with_no_token_uses_pushToken (0.00s)
    --- PASS: TestCheckoutPushTokenFallback/additional_checkout_with_explicit_token_does_not_override_with_pushToken (0.00s)
=== RUN   TestGenerateAdditionalCheckoutSteps
=== RUN   TestGenerateAdditionalCheckoutSteps/no_additional_checkouts_when_only_default_configured
=== RUN   TestGenerateAdditionalCheckoutSteps/additional_checkout_for_different_path
=== RUN   TestGenerateAdditionalCheckoutSteps/additional_checkout_with_LFS_enabled
=== RUN   TestGenerateAdditionalCheckoutSteps/additional_checkout_with_recursive_submodules
=== RUN   TestGenerateAdditionalCheckoutSteps/additional_checkout_emits_actions/checkout_token_input_from_github-token_config
=== RUN   TestGenerateAdditionalCheckoutSteps/additional_checkout_supports_force-clean-git-credentials
=== RUN   TestGenerateAdditionalCheckoutSteps/additional_checkout_with_sparse-checkout_emits_filter_empty
=== RUN   TestGenerateAdditionalCheckoutSteps/additional_checkout_without_sparse-checkout_does_not_emit_filter
--- PASS: TestGenerateAdditionalCheckoutSteps (0.00s)
    --- PASS: TestGenerateAdditionalCheckoutSteps/no_additional_checkouts_when_only_default_configured (0.00s)
    --- PASS: TestGenerateAdditionalCheckoutSteps/additional_checkout_for_different_path (0.00s)
    --- PASS: TestGenerateAdditionalCheckoutSteps/additional_checkout_with_LFS_enabled (0.00s)
    --- PASS: TestGenerateAdditionalCheckoutSteps/additional_checkout_with_recursive_submodules (0.00s)
    --- PASS: TestGenerateAdditionalCheckoutSteps/additional_checkout_emits_actions/checkout_token_input_from_github-token_config (0.00s)
    --- PASS: TestGenerateAdditionalCheckoutSteps/additional_checkout_supports_force-clean-git-credentials (0.00s)
    --- PASS: TestGenerateAdditionalCheckoutSteps/additional_checkout_with_sparse-checkout_emits_filter_empty (0.00s)
    --- PASS: TestGenerateAdditionalCheckoutSteps/additional_checkout_without_sparse-checkout_does_not_emit_filter (0.00s)
=== RUN   TestParseCheckoutConfigs
=== RUN   TestParseCheckoutConfigs/nil_returns_nil
=== RUN   TestParseCheckoutConfigs/single_object_with_github-token
=== RUN   TestParseCheckoutConfigs/negative_fetch-depth_returns_error
=== RUN   TestParseCheckoutConfigs/backward_compat:_token_key_still_works
=== RUN   TestParseCheckoutConfigs/github-app_config_is_parsed
=== RUN   TestParseCheckoutConfigs/github-app_config_with_owner_and_repositories
=== RUN   TestParseCheckoutConfigs/github-app_config_accepts_client-id
=== RUN   TestParseCheckoutConfigs/github-token_and_github-app_are_mutually_exclusive
=== RUN   TestParseCheckoutConfigs/github-app_config_missing_app-id_returns_error
=== RUN   TestParseCheckoutConfigs/github-app_config_missing_private-key_returns_error
=== RUN   TestParseCheckoutConfigs/github-app_must_be_an_object
=== RUN   TestParseCheckoutConfigs/array_of_objects
=== RUN   TestParseCheckoutConfigs/invalid_type_returns_error
=== RUN   TestParseCheckoutConfigs/array_with_non-object_entry_returns_error
=== RUN   TestParseCheckoutConfigs/submodules_as_bool_true
=== RUN   TestParseCheckoutConfigs/submodules_as_bool_false
=== RUN   TestParseCheckoutConfigs/submodules_as_string_recursive
--- PASS: TestParseCheckoutConfigs (0.00s)
    --- PASS: TestParseCheckoutConfigs/nil_returns_nil (0.00s)
    --- PASS: TestParseCheckoutConfigs/single_object_with_github-token (0.00s)
    --- PASS: TestParseCheckoutConfigs/negative_fetch-depth_returns_error (0.00s)
    --- PASS: TestParseCheckoutConfigs/backward_compat:_token_key_still_works (0.00s)
    --- PASS: TestParseCheckoutConfigs/github-app_config_is_parsed (0.00s)
    --- PASS: TestParseCheckoutConfigs/github-app_config_with_owner_and_repositories (0.00s)
    --- PASS: TestParseCheckoutConfigs/github-app_config_accepts_client-id (0.00s)
    --- PASS: TestParseCheckoutConfigs/github-token_and_github-app_are_mutually_exclusive (0.00s)
    --- PASS: TestParseCheckoutConfigs/github-app_config_missing_app-id_returns_error (0.00s)
    --- PASS: TestParseCheckoutConfigs/github-app_config_missing_private-key_returns_error (0.00s)
    --- PASS: TestParseCheckoutConfigs/github-app_must_be_an_object (0.00s)
    --- PASS: TestParseCheckoutConfigs/array_of_objects (0.00s)
    --- PASS: TestParseCheckoutConfigs/invalid_type_returns_error (0.00s)
    --- PASS: TestParseCheckoutConfigs/array_with_non-object_entry_returns_error (0.00s)
    --- PASS: TestParseCheckoutConfigs/submodules_as_bool_true (0.00s)
    --- PASS: TestParseCheckoutConfigs/submodules_as_bool_false (0.00s)
    --- PASS: TestParseCheckoutConfigs/submodules_as_string_recursive (0.00s)
=== RUN   TestDeeperFetchDepth
=== RUN   TestDeeperFetchDepth/both_nil_returns_nil
=== RUN   TestDeeperFetchDepth/a_nil_returns_b
=== RUN   TestDeeperFetchDepth/b_nil_returns_a
=== RUN   TestDeeperFetchDepth/0_beats_positive
=== RUN   TestDeeperFetchDepth/positive_beats_0_(reversed)
=== RUN   TestDeeperFetchDepth/larger_positive_wins
=== RUN   TestDeeperFetchDepth/smaller_positive_loses
--- PASS: TestDeeperFetchDepth (0.00s)
    --- PASS: TestDeeperFetchDepth/both_nil_returns_nil (0.00s)
    --- PASS: TestDeeperFetchDepth/a_nil_returns_b (0.00s)
    --- PASS: TestDeeperFetchDepth/b_nil_returns_a (0.00s)
    --- PASS: TestDeeperFetchDepth/0_beats_positive (0.00s)
    --- PASS: TestDeeperFetchDepth/positive_beats_0_(reversed) (0.00s)
    --- PASS: TestDeeperFetchDepth/larger_positive_wins (0.00s)
    --- PASS: TestDeeperFetchDepth/smaller_positive_loses (0.00s)
=== RUN   TestMergeSparsePatterns
=== RUN   TestMergeSparsePatterns/merges_unique_patterns
=== RUN   TestMergeSparsePatterns/deduplicates_patterns
=== RUN   TestMergeSparsePatterns/nil_existing_with_new_patterns
=== RUN   TestMergeSparsePatterns/empty_new_patterns_preserves_existing
--- PASS: TestMergeSparsePatterns (0.00s)
    --- PASS: TestMergeSparsePatterns/merges_unique_patterns (0.00s)
    --- PASS: TestMergeSparsePatterns/deduplicates_patterns (0.00s)
    --- PASS: TestMergeSparsePatterns/nil_existing_with_new_patterns (0.00s)
    --- PASS: TestMergeSparsePatterns/empty_new_patterns_preserves_existing (0.00s)
=== RUN   TestCheckoutCurrentFlag
=== RUN   TestCheckoutCurrentFlag/parse_current:_true_from_single_object
=== RUN   TestCheckoutCurrentFlag/parse_current:_false_from_map
=== RUN   TestCheckoutCurrentFlag/invalid_current_type_returns_error
=== RUN   TestCheckoutCurrentFlag/multiple_current:_true_in_array_returns_error
=== RUN   TestCheckoutCurrentFlag/single_current:_true_in_array_is_valid
--- PASS: TestCheckoutCurrentFlag (0.00s)
    --- PASS: TestCheckoutCurrentFlag/parse_current:_true_from_single_object (0.00s)
    --- PASS: TestCheckoutCurrentFlag/parse_current:_false_from_map (0.00s)
    --- PASS: TestCheckoutCurrentFlag/invalid_current_type_returns_error (0.00s)
    --- PASS: TestCheckoutCurrentFlag/multiple_current:_true_in_array_returns_error (0.00s)
    --- PASS: TestCheckoutCurrentFlag/single_current:_true_in_array_is_valid (0.00s)
=== RUN   TestBuildCheckoutsPromptContent
=== RUN   TestBuildCheckoutsPromptContent/nil_slice_returns_empty_string
=== RUN   TestBuildCheckoutsPromptContent/empty_slice_returns_empty_string
=== RUN   TestBuildCheckoutsPromptContent/default_checkout_with_no_repo_uses_github.repository_expression_and_cwd
=== RUN   TestBuildCheckoutsPromptContent/checkout_with_explicit_repo_shows_full_path
=== RUN   TestBuildCheckoutsPromptContent/current_checkout_is_marked
=== RUN   TestBuildCheckoutsPromptContent/non-current_checkout_is_not_marked
=== RUN   TestBuildCheckoutsPromptContent/multiple_checkouts_all_listed
=== RUN   TestBuildCheckoutsPromptContent/default_fetch-depth_annotation_shows_shallow_clone
=== RUN   TestBuildCheckoutsPromptContent/fetch-depth_0_annotation_shows_full_history
=== RUN   TestBuildCheckoutsPromptContent/non-zero_fetch-depth_annotation_shows_value
=== RUN   TestBuildCheckoutsPromptContent/fetch_refs_are_listed_in_prompt
=== RUN   TestBuildCheckoutsPromptContent/sparse_checkout_is_annotated_in_prompt_notes
=== RUN   TestBuildCheckoutsPromptContent/unavailable_branch_note_is_always_present
=== RUN   TestBuildCheckoutsPromptContent/no_credentials_warning_is_always_present
=== RUN   TestBuildCheckoutsPromptContent/no_credentials_warning_present_for_sparse_checkout
--- PASS: TestBuildCheckoutsPromptContent (0.00s)
    --- PASS: TestBuildCheckoutsPromptContent/nil_slice_returns_empty_string (0.00s)
    --- PASS: TestBuildCheckoutsPromptContent/empty_slice_returns_empty_string (0.00s)
    --- PASS: TestBuildCheckoutsPromptContent/default_checkout_with_no_repo_uses_github.repository_expression_and_cwd (0.00s)
    --- PASS: TestBuildCheckoutsPromptContent/checkout_with_explicit_repo_shows_full_path (0.00s)
    --- PASS: TestBuildCheckoutsPromptContent/current_checkout_is_marked (0.00s)
    --- PASS: TestBuildCheckoutsPromptContent/non-current_checkout_is_not_marked (0.00s)
    --- PASS: TestBuildCheckoutsPromptContent/multiple_checkouts_all_listed (0.00s)
    --- PASS: TestBuildCheckoutsPromptContent/default_fetch-depth_annotation_shows_shallow_clone (0.00s)
    --- PASS: TestBuildCheckoutsPromptContent/fetch-depth_0_annotation_shows_full_history (0.00s)
    --- PASS: TestBuildCheckoutsPromptContent/non-zero_fetch-depth_annotation_shows_value (0.00s)
    --- PASS: TestBuildCheckoutsPromptContent/fetch_refs_are_listed_in_prompt (0.00s)
    --- PASS: TestBuildCheckoutsPromptContent/sparse_checkout_is_annotated_in_prompt_notes (0.00s)
    --- PASS: TestBuildCheckoutsPromptContent/unavailable_branch_note_is_always_present (0.00s)
    --- PASS: TestBuildCheckoutsPromptContent/no_credentials_warning_is_always_present (0.00s)
    --- PASS: TestBuildCheckoutsPromptContent/no_credentials_warning_present_for_sparse_checkout (0.00s)
=== RUN   TestParseFetchField
=== RUN   TestParseFetchField/fetch_as_array_of_strings
=== RUN   TestParseFetchField/fetch_as_single_string
=== RUN   TestParseFetchField/fetch_with_specific_branch_names
=== RUN   TestParseFetchField/invalid_fetch_type_returns_error
=== RUN   TestParseFetchField/fetch_array_with_non-string_element_returns_error
=== RUN   TestParseFetchField/fetch_absent_means_no_fetch_refs
--- PASS: TestParseFetchField (0.00s)
    --- PASS: TestParseFetchField/fetch_as_array_of_strings (0.00s)
    --- PASS: TestParseFetchField/fetch_as_single_string (0.00s)
    --- PASS: TestParseFetchField/fetch_with_specific_branch_names (0.00s)
    --- PASS: TestParseFetchField/invalid_fetch_type_returns_error (0.00s)
    --- PASS: TestParseFetchField/fetch_array_with_non-string_element_returns_error (0.00s)
    --- PASS: TestParseFetchField/fetch_absent_means_no_fetch_refs (0.00s)
=== RUN   TestFetchRefToRefspec
=== RUN   TestFetchRefToRefspec/*
=== RUN   TestFetchRefToRefspec/refs/pulls/open/*
=== RUN   TestFetchRefToRefspec/main
=== RUN   TestFetchRefToRefspec/feature/my-branch
=== RUN   TestFetchRefToRefspec/feature/*
--- PASS: TestFetchRefToRefspec (0.00s)
    --- PASS: TestFetchRefToRefspec/* (0.00s)
    --- PASS: TestFetchRefToRefspec/refs/pulls/open/* (0.00s)
    --- PASS: TestFetchRefToRefspec/main (0.00s)
    --- PASS: TestFetchRefToRefspec/feature/my-branch (0.00s)
    --- PASS: TestFetchRefToRefspec/feature/* (0.00s)
=== RUN   TestMergeFetchRefs
=== RUN   TestMergeFetchRefs/union_of_two_disjoint_sets
=== RUN   TestMergeFetchRefs/removes_duplicate_refs
=== RUN   TestMergeFetchRefs/nil_existing_returns_new_refs
--- PASS: TestMergeFetchRefs (0.00s)
    --- PASS: TestMergeFetchRefs/union_of_two_disjoint_sets (0.00s)
    --- PASS: TestMergeFetchRefs/removes_duplicate_refs (0.00s)
    --- PASS: TestMergeFetchRefs/nil_existing_returns_new_refs (0.00s)
=== RUN   TestGenerateFetchStep
=== RUN   TestGenerateFetchStep/no_fetch_refs_returns_empty_string
=== RUN   TestGenerateFetchStep/fetch_all_branches_uses_star_refspec
=== RUN   TestGenerateFetchStep/fetch_refs/pulls/open/*_uses_PR_refspec
=== RUN   TestGenerateFetchStep/custom_token_is_used_in_fetch_step
=== RUN   TestGenerateFetchStep/repository_name_used_in_step_name
=== RUN   TestGenerateFetchStep/non-root_path_uses_-C_flag
=== RUN   TestGenerateFetchStep/root_path_does_not_add_-C_flag
=== RUN   TestGenerateFetchStep/multiple_refspecs_in_single_command
=== RUN   TestGenerateFetchStep/default_depth_adds_--depth=1_to_prevent_full-history_fetch
=== RUN   TestGenerateFetchStep/explicit_depth=1_adds_--depth=1
=== RUN   TestGenerateFetchStep/explicit_depth=0_(full_history)_omits_--depth_flag
=== RUN   TestGenerateFetchStep/explicit_depth=N_adds_--depth=N
--- PASS: TestGenerateFetchStep (0.00s)
    --- PASS: TestGenerateFetchStep/no_fetch_refs_returns_empty_string (0.00s)
    --- PASS: TestGenerateFetchStep/fetch_all_branches_uses_star_refspec (0.00s)
    --- PASS: TestGenerateFetchStep/fetch_refs/pulls/open/*_uses_PR_refspec (0.00s)
    --- PASS: TestGenerateFetchStep/custom_token_is_used_in_fetch_step (0.00s)
    --- PASS: TestGenerateFetchStep/repository_name_used_in_step_name (0.00s)
    --- PASS: TestGenerateFetchStep/non-root_path_uses_-C_flag (0.00s)
    --- PASS: TestGenerateFetchStep/root_path_does_not_add_-C_flag (0.00s)
    --- PASS: TestGenerateFetchStep/multiple_refspecs_in_single_command (0.00s)
    --- PASS: TestGenerateFetchStep/default_depth_adds_--depth=1_to_prevent_full-history_fetch (0.00s)
    --- PASS: TestGenerateFetchStep/explicit_depth=1_adds_--depth=1 (0.00s)
    --- PASS: TestGenerateFetchStep/explicit_depth=0_(full_history)_omits_--depth_flag (0.00s)
    --- PASS: TestGenerateFetchStep/explicit_depth=N_adds_--depth=N (0.00s)
=== RUN   TestCheckoutManagerFetchMerging
=== RUN   TestCheckoutManagerFetchMerging/fetch_refs_are_merged_for_same_checkout
=== RUN   TestCheckoutManagerFetchMerging/fetch_refs_preserved_when_no_merge
--- PASS: TestCheckoutManagerFetchMerging (0.00s)
    --- PASS: TestCheckoutManagerFetchMerging/fetch_refs_are_merged_for_same_checkout (0.00s)
    --- PASS: TestCheckoutManagerFetchMerging/fetch_refs_preserved_when_no_merge (0.00s)
=== RUN   TestGenerateAdditionalCheckoutStepsWithFetch
=== RUN   TestGenerateAdditionalCheckoutStepsWithFetch/fetch_step_appended_after_checkout_step
=== RUN   TestGenerateAdditionalCheckoutStepsWithFetch/no_fetch_step_when_fetch_not_configured
--- PASS: TestGenerateAdditionalCheckoutStepsWithFetch (0.00s)
    --- PASS: TestGenerateAdditionalCheckoutStepsWithFetch/fetch_step_appended_after_checkout_step (0.00s)
    --- PASS: TestGenerateAdditionalCheckoutStepsWithFetch/no_fetch_step_when_fetch_not_configured (0.00s)
=== RUN   TestGenerateDefaultCheckoutStepWithFetch
=== RUN   TestGenerateDefaultCheckoutStepWithFetch/fetch_step_appended_after_default_checkout
=== RUN   TestGenerateDefaultCheckoutStepWithFetch/no_fetch_step_when_fetch_not_configured_on_default_checkout
=== RUN   TestGenerateDefaultCheckoutStepWithFetch/fetch_with_custom_github-token_uses_that_token
--- PASS: TestGenerateDefaultCheckoutStepWithFetch (0.00s)
    --- PASS: TestGenerateDefaultCheckoutStepWithFetch/fetch_step_appended_after_default_checkout (0.00s)
    --- PASS: TestGenerateDefaultCheckoutStepWithFetch/no_fetch_step_when_fetch_not_configured_on_default_checkout (0.00s)
    --- PASS: TestGenerateDefaultCheckoutStepWithFetch/fetch_with_custom_github-token_uses_that_token (0.00s)
=== RUN   TestHasAppAuth
=== RUN   TestHasAppAuth/returns_false_when_no_app_configured
=== RUN   TestHasAppAuth/returns_false_for_nil_configs
=== RUN   TestHasAppAuth/returns_true_when_default_checkout_has_app
=== RUN   TestHasAppAuth/returns_true_when_additional_checkout_has_app
--- PASS: TestHasAppAuth (0.00s)
    --- PASS: TestHasAppAuth/returns_false_when_no_app_configured (0.00s)
    --- PASS: TestHasAppAuth/returns_false_for_nil_configs (0.00s)
    --- PASS: TestHasAppAuth/returns_true_when_default_checkout_has_app (0.00s)
    --- PASS: TestHasAppAuth/returns_true_when_additional_checkout_has_app (0.00s)
=== RUN   TestDefaultCheckoutWithAppAuth
=== RUN   TestDefaultCheckoutWithAppAuth/checkout_step_uses_app_token_reference
--- PASS: TestDefaultCheckoutWithAppAuth (0.00s)
    --- PASS: TestDefaultCheckoutWithAppAuth/checkout_step_uses_app_token_reference (0.00s)
=== RUN   TestAdditionalCheckoutWithAppAuth
=== RUN   TestAdditionalCheckoutWithAppAuth/additional_checkout_uses_app_token_reference
--- PASS: TestAdditionalCheckoutWithAppAuth (0.00s)
    --- PASS: TestAdditionalCheckoutWithAppAuth/additional_checkout_uses_app_token_reference (0.00s)
=== RUN   TestCrossRepoTargetRepo
=== RUN   TestCrossRepoTargetRepo/default_is_empty_string_(same-repo)
=== RUN   TestCrossRepoTargetRepo/activation_job_expression_is_stored_and_retrievable
=== RUN   TestCrossRepoTargetRepo/downstream_job_expression_(needs.activation.outputs)_is_stored_and_retrievable
=== RUN   TestCrossRepoTargetRepo/GenerateGitHubFolderCheckoutStep_uses_stored_value
--- PASS: TestCrossRepoTargetRepo (0.00s)
    --- PASS: TestCrossRepoTargetRepo/default_is_empty_string_(same-repo) (0.00s)
    --- PASS: TestCrossRepoTargetRepo/activation_job_expression_is_stored_and_retrievable (0.00s)
    --- PASS: TestCrossRepoTargetRepo/downstream_job_expression_(needs.activation.outputs)_is_stored_and_retrievable (0.00s)
    --- PASS: TestCrossRepoTargetRepo/GenerateGitHubFolderCheckoutStep_uses_stored_value (0.00s)
=== RUN   TestCrossRepoTargetRef
=== RUN   TestCrossRepoTargetRef/default_is_empty_string
=== RUN   TestCrossRepoTargetRef/activation_job_ref_expression_is_stored_and_retrievable
=== RUN   TestCrossRepoTargetRef/downstream_job_ref_expression_(needs.activation.outputs)_is_stored_and_retrievable
=== RUN   TestCrossRepoTargetRef/GenerateGitHubFolderCheckoutStep_emits_ref:_when_ref_is_provided
=== RUN   TestCrossRepoTargetRef/GenerateGitHubFolderCheckoutStep_omits_ref:_when_ref_is_empty
--- PASS: TestCrossRepoTargetRef (0.00s)
    --- PASS: TestCrossRepoTargetRef/default_is_empty_string (0.00s)
    --- PASS: TestCrossRepoTargetRef/activation_job_ref_expression_is_stored_and_retrievable (0.00s)
    --- PASS: TestCrossRepoTargetRef/downstream_job_ref_expression_(needs.activation.outputs)_is_stored_and_retrievable (0.00s)
    --- PASS: TestCrossRepoTargetRef/GenerateGitHubFolderCheckoutStep_emits_ref:_when_ref_is_provided (0.00s)
    --- PASS: TestCrossRepoTargetRef/GenerateGitHubFolderCheckoutStep_omits_ref:_when_ref_is_empty (0.00s)
=== RUN   TestHasExternalRootCheckout
=== RUN   TestHasExternalRootCheckout/returns_false_for_nil_configs
=== RUN   TestHasExternalRootCheckout/returns_false_for_empty_configs
=== RUN   TestHasExternalRootCheckout/returns_false_for_default_checkout_only_(no_repository)
=== RUN   TestHasExternalRootCheckout/returns_false_for_external_checkout_with_non-root_path
=== RUN   TestHasExternalRootCheckout/returns_true_for_external_checkout_without_path_(workspace_root)
=== RUN   TestHasExternalRootCheckout/returns_true_for_external_checkout_with_explicit_dot_path
=== RUN   TestHasExternalRootCheckout/returns_true_when_one_of_multiple_checkouts_targets_external_root
--- PASS: TestHasExternalRootCheckout (0.00s)
    --- PASS: TestHasExternalRootCheckout/returns_false_for_nil_configs (0.00s)
    --- PASS: TestHasExternalRootCheckout/returns_false_for_empty_configs (0.00s)
    --- PASS: TestHasExternalRootCheckout/returns_false_for_default_checkout_only_(no_repository) (0.00s)
    --- PASS: TestHasExternalRootCheckout/returns_false_for_external_checkout_with_non-root_path (0.00s)
    --- PASS: TestHasExternalRootCheckout/returns_true_for_external_checkout_without_path_(workspace_root) (0.00s)
    --- PASS: TestHasExternalRootCheckout/returns_true_for_external_checkout_with_explicit_dot_path (0.00s)
    --- PASS: TestHasExternalRootCheckout/returns_true_when_one_of_multiple_checkouts_targets_external_root (0.00s)
=== RUN   TestGetCurrentCheckoutPath
=== RUN   TestGetCurrentCheckoutPath/returns_empty_when_no_current_checkout_is_configured
=== RUN   TestGetCurrentCheckoutPath/returns_empty_when_current_checkout_is_workspace_root
=== RUN   TestGetCurrentCheckoutPath/returns_normalized_subdirectory_when_current_checkout_is_non-root
--- PASS: TestGetCurrentCheckoutPath (0.00s)
    --- PASS: TestGetCurrentCheckoutPath/returns_empty_when_no_current_checkout_is_configured (0.00s)
    --- PASS: TestGetCurrentCheckoutPath/returns_empty_when_current_checkout_is_workspace_root (0.00s)
    --- PASS: TestGetCurrentCheckoutPath/returns_normalized_subdirectory_when_current_checkout_is_non-root (0.00s)
=== RUN   TestWikiCheckout
=== RUN   TestWikiCheckout/parse_wiki_true
=== RUN   TestWikiCheckout/parse_wiki_false
=== RUN   TestWikiCheckout/wiki_must_be_boolean
=== RUN   TestWikiCheckout/parse_force-clean-git-credentials_true
=== RUN   TestWikiCheckout/force-clean-git-credentials_must_be_boolean
=== RUN   TestWikiCheckout/wiki_and_non-wiki_checkouts_of_same_repo_and_path_are_not_merged
=== RUN   TestWikiCheckout/two_wiki_checkouts_of_same_repo_and_path_are_merged
=== RUN   TestWikiCheckout/additional_checkout_step_uses_.wiki_repository
=== RUN   TestWikiCheckout/default_checkout_step_uses_.wiki_repository_when_wiki_true
=== RUN   TestWikiCheckout/additional_checkout_step_uses_explicit_.wiki_repository_when_repo_set
=== RUN   TestWikiCheckout/wiki_false_does_not_affect_repository_name
=== RUN   TestWikiCheckout/wiki_checkout_with_explicit_.wiki_suffix_merges_with_wiki_checkout_without_suffix
=== RUN   TestWikiCheckout/wiki_prompt_content_includes_.wiki_suffix_annotation
--- PASS: TestWikiCheckout (0.00s)
    --- PASS: TestWikiCheckout/parse_wiki_true (0.00s)
    --- PASS: TestWikiCheckout/parse_wiki_false (0.00s)
    --- PASS: TestWikiCheckout/wiki_must_be_boolean (0.00s)
    --- PASS: TestWikiCheckout/parse_force-clean-git-credentials_true (0.00s)
    --- PASS: TestWikiCheckout/force-clean-git-credentials_must_be_boolean (0.00s)
    --- PASS: TestWikiCheckout/wiki_and_non-wiki_checkouts_of_same_repo_and_path_are_not_merged (0.00s)
    --- PASS: TestWikiCheckout/two_wiki_checkouts_of_same_repo_and_path_are_merged (0.00s)
    --- PASS: TestWikiCheckout/additional_checkout_step_uses_.wiki_repository (0.00s)
    --- PASS: TestWikiCheckout/default_checkout_step_uses_.wiki_repository_when_wiki_true (0.00s)
    --- PASS: TestWikiCheckout/additional_checkout_step_uses_explicit_.wiki_repository_when_repo_set (0.00s)
    --- PASS: TestWikiCheckout/wiki_false_does_not_affect_repository_name (0.00s)
    --- PASS: TestWikiCheckout/wiki_checkout_with_explicit_.wiki_suffix_merges_with_wiki_checkout_without_suffix (0.00s)
    --- PASS: TestWikiCheckout/wiki_prompt_content_includes_.wiki_suffix_annotation (0.00s)
=== RUN   TestGenerateCheckoutManifestStep
=== RUN   TestGenerateCheckoutManifestStep/no_configs_emits_nothing
=== RUN   TestGenerateCheckoutManifestStep/default-only_checkout_emits_nothing
=== RUN   TestGenerateCheckoutManifestStep/path-only_additional_checkout_(no_repository)_emits_nothing
=== RUN   TestGenerateCheckoutManifestStep/wiki_cross-repo_checkout_is_excluded
=== RUN   TestGenerateCheckoutManifestStep/cross-repo_additional_checkout_emits_entry
=== RUN   TestGenerateCheckoutManifestStep/cross-repo_root_checkout_(empty_path)_is_included
=== RUN   TestGenerateCheckoutManifestStep/multiple_cross-repo_entries_each_get_a_jq_update
=== RUN   TestGenerateCheckoutManifestStep/repository_names_containing_single_quotes_are_yaml-escaped
=== RUN   TestGenerateCheckoutManifestStep/dynamic_repository_expressions_are_emitted_as_raw_env_expressions
=== RUN   TestGenerateCheckoutManifestStep/github-app_token_expression_preserves_checkout_index_in_manifest_env
--- PASS: TestGenerateCheckoutManifestStep (0.00s)
    --- PASS: TestGenerateCheckoutManifestStep/no_configs_emits_nothing (0.00s)
    --- PASS: TestGenerateCheckoutManifestStep/default-only_checkout_emits_nothing (0.00s)
    --- PASS: TestGenerateCheckoutManifestStep/path-only_additional_checkout_(no_repository)_emits_nothing (0.00s)
    --- PASS: TestGenerateCheckoutManifestStep/wiki_cross-repo_checkout_is_excluded (0.00s)
    --- PASS: TestGenerateCheckoutManifestStep/cross-repo_additional_checkout_emits_entry (0.00s)
    --- PASS: TestGenerateCheckoutManifestStep/cross-repo_root_checkout_(empty_path)_is_included (0.00s)
    --- PASS: TestGenerateCheckoutManifestStep/multiple_cross-repo_entries_each_get_a_jq_update (0.00s)
    --- PASS: TestGenerateCheckoutManifestStep/repository_names_containing_single_quotes_are_yaml-escaped (0.00s)
    --- PASS: TestGenerateCheckoutManifestStep/dynamic_repository_expressions_are_emitted_as_raw_env_expressions (0.00s)
    --- PASS: TestGenerateCheckoutManifestStep/github-app_token_expression_preserves_checkout_index_in_manifest_env (0.00s)
=== RUN   TestGenerateConfigureGitCredentialsSteps
=== RUN   TestGenerateConfigureGitCredentialsSteps/single_root_repo_emits_simple_script_call_(no_multi-repo_env_vars)
=== RUN   TestGenerateConfigureGitCredentialsSteps/multi-repo_with_literal_repo_name_places_it_in_env_var
=== RUN   TestGenerateConfigureGitCredentialsSteps/multi-repo_with_expression-based_repo_does_not_inline_expression_in_shell_command_(regression)
=== RUN   TestGenerateConfigureGitCredentialsSteps/multi-repo_with_expression-based_path_routes_path_through_env_var
=== RUN   TestGenerateConfigureGitCredentialsSteps/multiple_sub-repos_each_get_a_unique_env_var
--- PASS: TestGenerateConfigureGitCredentialsSteps (0.00s)
    --- PASS: TestGenerateConfigureGitCredentialsSteps/single_root_repo_emits_simple_script_call_(no_multi-repo_env_vars) (0.00s)
    --- PASS: TestGenerateConfigureGitCredentialsSteps/multi-repo_with_literal_repo_name_places_it_in_env_var (0.00s)
    --- PASS: TestGenerateConfigureGitCredentialsSteps/multi-repo_with_expression-based_repo_does_not_inline_expression_in_shell_command_(regression) (0.00s)
    --- PASS: TestGenerateConfigureGitCredentialsSteps/multi-repo_with_expression-based_path_routes_path_through_env_var (0.00s)
    --- PASS: TestGenerateConfigureGitCredentialsSteps/multiple_sub-repos_each_get_a_unique_env_var (0.00s)
=== RUN   TestCompileDynamicCheckoutRepositoryManifestStepUsesGitHubScript
/tmp/TestCompileDynamicCheckoutRepositoryManifestStepUsesGitHubScript3298227548/001/repro.md: info: Tip: set permissions.copilot-requests: write to use GitHub Actions token-based inference with the Copilot engine instead of a personal access token (COPILOT_GITHUB_TOKEN). This option requires that your organization has centralized Copilot billing enabled and may not be available in all organizations — see https://github.github.com/gh-aw/reference/billing/ for details.

✓ /tmp/TestCompileDynamicCheckoutRepositoryManifestStepUsesGitHubScript3298227548/001/repro.md (100.6 KB)
--- PASS: TestCompileDynamicCheckoutRepositoryManifestStepUsesGitHubScript (0.02s)
=== RUN   TestCheckoutRuntimeOrderInCustomSteps
⚠ Unable to resolve actions/checkout@v5 dynamically, using hardcoded pin for actions/checkout@v7.0.0
/tmp/checkout-runtime-order-test3346966372/.github/workflows/test-workflow.md: info: Tip: set permissions.copilot-requests: write to use GitHub Actions token-based inference with the Copilot engine instead of a personal access token (COPILOT_GITHUB_TOKEN). This option requires that your organization has centralized Copilot billing enabled and may not be available in all organizations — see https://github.github.com/gh-aw/reference/billing/ for details.

✓ /tmp/checkout-runtime-order-test3346966372/.github/workflows/test-workflow.md (78.3 KB)
    checkout_runtime_order_test.go:105: Agent job section (first 1000 chars):
          agent:
            needs: activation
            if: needs.activation.outputs.daily_ai_credits_exceeded != 'true'
            runs-on: ubuntu-latest
            permissions:
              contents: read
              issues: read
              pull-requests: read
            env:
              DEFAULT_BRANCH: ${{ github.event.repository.default_branch }}
              GH_AW_ASSETS_ALLOWED_EXTS: ""
              GH_AW_ASSETS_BRANCH: ""
              GH_AW_ASSETS_MAX_SIZE_KB: 0
              GH_AW_MCP_LOG_DIR: /tmp/gh-aw/mcp-logs/safeoutputs
              GH_AW_PROJECT_UTC: "-08:00"
              GH_AW_RUNTIME_FEATURES: ${{ vars.GH_AW_RUNTIME_FEATURES }}
              GH_AW_WORKFLOW_ID_SANITIZED: testworkflow
            outputs:
              agentic_engine_timeout: ${{ steps.detect-agent-errors.outputs.agentic_engine_timeout || 'false' }}
              ai_credits_rate_limit_error: ${{ steps.parse-mcp-gateway.outputs.ai_credits_rate_limit_error || 'false' }}
              aic: ${{ steps.parse-mcp-gateway.outputs.aic }}
              ambient_context: ${{ steps.parse-mcp-gateway.outputs.ambient_context }}
              checkout_pr_success: ${{ steps.checkout-
    checkout_runtime_order_test.go:122: Found 40 steps: [Checkout actions folder Setup Scripts Set runtime paths Create gh-aw temp directory Configure gh CLI for GitHub Enterprise Checkout code Setup Node.js Use Node Configure Git credentials Checkout PR branch Install GitHub Copilot CLI Install AWF binary Determine automatic lockdown mode for GitHub MCP Server Download activation artifact Restore agent config folders from base branch Restore inline sub-agents from activation artifact Restore inline skills from activation artifact Download container images Generate Safe Outputs Config Generate Safe Outputs Tools Start MCP Gateway Mount MCP servers as CLIs Clean credentials Audit pre-agent workspace Execute GitHub Copilot CLI Detect agent errors Configure Git credentials Copy Copilot session state files to logs Stop MCP Gateway Redact secrets in logs Append agent step summary Copy Safe Outputs Ingest agent output Parse agent logs for step summary Parse MCP Gateway logs for step summary Print firewall logs Parse token usage for step summary Print AWF reflect summary Write agent output placeholder if missing Upload agent artifacts]
    checkout_runtime_order_test.go:212: Step order is correct:
    checkout_runtime_order_test.go:214:   1. Checkout actions folder
    checkout_runtime_order_test.go:214:   2. Setup Scripts
    checkout_runtime_order_test.go:214:   3. Set runtime paths
    checkout_runtime_order_test.go:214:   4. Create gh-aw temp directory
    checkout_runtime_order_test.go:214:   5. Configure gh CLI for GitHub Enterprise
    checkout_runtime_order_test.go:214:   6. Checkout code
    checkout_runtime_order_test.go:214:   7. Setup Node.js
    checkout_runtime_order_test.go:214:   8. Use Node
--- PASS: TestCheckoutRuntimeOrderInCustomSteps (0.01s)
=== RUN   TestCheckoutFirstWhenNoCustomSteps
/tmp/checkout-first-test664673122/.github/workflows/test-workflow.md: info: Tip: set permissions.copilot-requests: write to use GitHub Actions token-based inference with the Copilot engine instead of a personal access token (COPILOT_GITHUB_TOKEN). This option requires that your organization has centralized Copilot billing enabled and may not be available in all organizations — see https://github.github.com/gh-aw/reference/billing/ for details.

✓ /tmp/checkout-first-test664673122/.github/workflows/test-workflow.md (77.7 KB)
    checkout_runtime_order_test.go:348: Step order is correct:
    checkout_runtime_order_test.go:349:   1. Checkout actions folder
    checkout_runtime_order_test.go:350:   2. Setup Scripts
    checkout_runtime_order_test.go:351:   3. Set runtime paths
    checkout_runtime_order_test.go:352:   4. Checkout repository
--- PASS: TestCheckoutFirstWhenNoCustomSteps (0.01s)
=== RUN   TestCJSFilesNoActionsRequires
    cjs_require_validation_test.go:72: Checking 359 .cjs files for invalid require statements
    cjs_require_validation_test.go:184: ✓ All 359 .cjs files use valid require statements
--- PASS: TestCJSFilesNoActionsRequires (0.04s)
=== RUN   TestClaudeEngineNetworkPermissions
=== RUN   TestClaudeEngineNetworkPermissions/InstallationSteps_without_network_permissions
=== RUN   TestClaudeEngineNetworkPermissions/InstallationSteps_with_network_permissions_and_firewall_enabled
=== RUN   TestClaudeEngineNetworkPermissions/ExecutionSteps_without_network_permissions
=== RUN   TestClaudeEngineNetworkPermissions/ExecutionSteps_with_network_permissions_and_firewall_enabled
=== RUN   TestClaudeEngineNetworkPermissions/ExecutionSteps_with_empty_allowed_domains_and_firewall_enabled
=== RUN   TestClaudeEngineNetworkPermissions/ExecutionSteps_with_non-Claude_engine_ID_in_config
--- PASS: TestClaudeEngineNetworkPermissions (0.00s)
    --- PASS: TestClaudeEngineNetworkPermissions/InstallationSteps_without_network_permissions (0.00s)
    --- PASS: TestClaudeEngineNetworkPermissions/InstallationSteps_with_network_permissions_and_firewall_enabled (0.00s)
    --- PASS: TestClaudeEngineNetworkPermissions/ExecutionSteps_without_network_permissions (0.00s)
    --- PASS: TestClaudeEngineNetworkPermissions/ExecutionSteps_with_network_permissions_and_firewall_enabled (0.00s)
    --- PASS: TestClaudeEngineNetworkPermissions/ExecutionSteps_with_empty_allowed_domains_and_firewall_enabled (0.00s)
    --- PASS: TestClaudeEngineNetworkPermissions/ExecutionSteps_with_non-Claude_engine_ID_in_config (0.00s)
=== RUN   TestNetworkPermissionsIntegration
=== RUN   TestNetworkPermissionsIntegration/Full_workflow_generation_with_AWF
=== RUN   TestNetworkPermissionsIntegration/Engine_consistency
--- PASS: TestNetworkPermissionsIntegration (0.00s)
    --- PASS: TestNetworkPermissionsIntegration/Full_workflow_generation_with_AWF (0.00s)
    --- PASS: TestNetworkPermissionsIntegration/Engine_consistency (0.00s)
=== RUN   TestClaudeEngine
--- PASS: TestClaudeEngine (0.00s)
=== RUN   TestClaudeEngineWithOutput
--- PASS: TestClaudeEngineWithOutput (0.00s)
=== RUN   TestClaudeEngineLLMProviderGitHubUsesCopilotCredentials
--- PASS: TestClaudeEngineLLMProviderGitHubUsesCopilotCredentials (0.00s)
=== RUN   TestClaudeEngineAllowsMountedMCPCLICommandsInRestrictedBash
--- PASS: TestClaudeEngineAllowsMountedMCPCLICommandsInRestrictedBash (0.00s)
=== RUN   TestClaudeEnginePermissionMode
=== RUN   TestClaudeEnginePermissionMode/no_tools_—_default_acceptEdits
=== RUN   TestClaudeEnginePermissionMode/restricted_bash_—_acceptEdits
=== RUN   TestClaudeEnginePermissionMode/bash_wildcard_*_no_longer_forces_bypassPermissions
=== RUN   TestClaudeEnginePermissionMode/bash_colon-wildcard_:*_no_longer_forces_bypassPermissions
=== RUN   TestClaudeEnginePermissionMode/bash_true_no_longer_forces_bypassPermissions
=== RUN   TestClaudeEnginePermissionMode/bash_nil_no_longer_forces_bypassPermissions
=== RUN   TestClaudeEnginePermissionMode/edit_false_defaults_to_auto_permission_mode
=== RUN   TestClaudeEnginePermissionMode/engine.permission-mode_overrides_tools.edit=false_default
=== RUN   TestClaudeEnginePermissionMode/legacy_engine.args_permission-mode_override_still_works_with_one_emitted_flag
=== RUN   TestClaudeEnginePermissionMode/legacy_engine.args_permission-mode=value_override_still_works_with_one_emitted_flag
=== RUN   TestClaudeEnginePermissionMode/engine.permission-mode_overrides_legacy_engine.args_permission-mode
--- PASS: TestClaudeEnginePermissionMode (0.00s)
    --- PASS: TestClaudeEnginePermissionMode/no_tools_—_default_acceptEdits (0.00s)
    --- PASS: TestClaudeEnginePermissionMode/restricted_bash_—_acceptEdits (0.00s)
    --- PASS: TestClaudeEnginePermissionMode/bash_wildcard_*_no_longer_forces_bypassPermissions (0.00s)
    --- PASS: TestClaudeEnginePermissionMode/bash_colon-wildcard_:*_no_longer_forces_bypassPermissions (0.00s)
    --- PASS: TestClaudeEnginePermissionMode/bash_true_no_longer_forces_bypassPermissions (0.00s)
    --- PASS: TestClaudeEnginePermissionMode/bash_nil_no_longer_forces_bypassPermissions (0.00s)
    --- PASS: TestClaudeEnginePermissionMode/edit_false_defaults_to_auto_permission_mode (0.00s)
    --- PASS: TestClaudeEnginePermissionMode/engine.permission-mode_overrides_tools.edit=false_default (0.00s)
    --- PASS: TestClaudeEnginePermissionMode/legacy_engine.args_permission-mode_override_still_works_with_one_emitted_flag (0.00s)
    --- PASS: TestClaudeEnginePermissionMode/legacy_engine.args_permission-mode=value_override_still_works_with_one_emitted_flag (0.00s)
    --- PASS: TestClaudeEnginePermissionMode/engine.permission-mode_overrides_legacy_engine.args_permission-mode (0.00s)
=== RUN   TestIsEditToolExplicitlyDisabled
=== RUN   TestIsEditToolExplicitlyDisabled/nil_tools
=== RUN   TestIsEditToolExplicitlyDisabled/edit_missing
=== RUN   TestIsEditToolExplicitlyDisabled/edit_false
=== RUN   TestIsEditToolExplicitlyDisabled/edit_true
=== RUN   TestIsEditToolExplicitlyDisabled/edit_null
=== RUN   TestIsEditToolExplicitlyDisabled/edit_as_string
--- PASS: TestIsEditToolExplicitlyDisabled (0.00s)
    --- PASS: TestIsEditToolExplicitlyDisabled/nil_tools (0.00s)
    --- PASS: TestIsEditToolExplicitlyDisabled/edit_missing (0.00s)
    --- PASS: TestIsEditToolExplicitlyDisabled/edit_false (0.00s)
    --- PASS: TestIsEditToolExplicitlyDisabled/edit_true (0.00s)
    --- PASS: TestIsEditToolExplicitlyDisabled/edit_null (0.00s)
    --- PASS: TestIsEditToolExplicitlyDisabled/edit_as_string (0.00s)
=== RUN   TestStripClaudePermissionModeArgs
=== RUN   TestStripClaudePermissionModeArgs/no_permission_mode_args
=== RUN   TestStripClaudePermissionModeArgs/split_permission_mode_arg
=== RUN   TestStripClaudePermissionModeArgs/equals_permission_mode_arg
=== RUN   TestStripClaudePermissionModeArgs/multiple_permission_mode_args_use_last_value
=== RUN   TestStripClaudePermissionModeArgs/dangling_permission_mode_flag_is_removed
--- PASS: TestStripClaudePermissionModeArgs (0.00s)
    --- PASS: TestStripClaudePermissionModeArgs/no_permission_mode_args (0.00s)
    --- PASS: TestStripClaudePermissionModeArgs/split_permission_mode_arg (0.00s)
    --- PASS: TestStripClaudePermissionModeArgs/equals_permission_mode_arg (0.00s)
    --- PASS: TestStripClaudePermissionModeArgs/multiple_permission_mode_args_use_last_value (0.00s)
    --- PASS: TestStripClaudePermissionModeArgs/dangling_permission_mode_flag_is_removed (0.00s)
=== RUN   TestClaudeEngineConfiguration
=== RUN   TestClaudeEngineConfiguration/simple-workflow
=== RUN   TestClaudeEngineConfiguration/complex_workflow_with_spaces
=== RUN   TestClaudeEngineConfiguration/workflow-with-hyphens
--- PASS: TestClaudeEngineConfiguration (0.00s)
    --- PASS: TestClaudeEngineConfiguration/simple-workflow (0.00s)
    --- PASS: TestClaudeEngineConfiguration/complex_workflow_with_spaces (0.00s)
    --- PASS: TestClaudeEngineConfiguration/workflow-with-hyphens (0.00s)
=== RUN   TestClaudeEngineWithVersion
--- PASS: TestClaudeEngineWithVersion (0.00s)
=== RUN   TestClaudeEngineWithoutVersion
--- PASS: TestClaudeEngineWithoutVersion (0.00s)
=== RUN   TestClaudeEngineWithNilConfig
--- PASS: TestClaudeEngineWithNilConfig (0.00s)
=== RUN   TestClaudeEngineWithMCPServers
--- PASS: TestClaudeEngineWithMCPServers (0.00s)
=== RUN   TestClaudeEngineWithSafeOutputs
--- PASS: TestClaudeEngineWithSafeOutputs (0.00s)
=== RUN   TestClaudeEngineNoDoubleEscapePrompt
=== RUN   TestClaudeEngineNoDoubleEscapePrompt/without_agent_file
=== RUN   TestClaudeEngineNoDoubleEscapePrompt/with_agent_file_uses_prompt_txt
--- PASS: TestClaudeEngineNoDoubleEscapePrompt (0.00s)
    --- PASS: TestClaudeEngineNoDoubleEscapePrompt/without_agent_file (0.00s)
    --- PASS: TestClaudeEngineNoDoubleEscapePrompt/with_agent_file_uses_prompt_txt (0.00s)
=== RUN   TestClaudeEngineDoesNotSupportNativeAgentFile
--- PASS: TestClaudeEngineDoesNotSupportNativeAgentFile (0.00s)
=== RUN   TestClaudeEngineGetHarnessScriptName
--- PASS: TestClaudeEngineGetHarnessScriptName (0.00s)
=== RUN   TestClaudeEngineHarnessUsesPromptFile
--- PASS: TestClaudeEngineHarnessUsesPromptFile (0.00s)
=== RUN   TestClaudeEngineCustomHarnessOverridesBuiltIn
--- PASS: TestClaudeEngineCustomHarnessOverridesBuiltIn (0.00s)
=== RUN   TestClaudeEngineAWFWithAgentFileReadsPromptTxt
--- PASS: TestClaudeEngineAWFWithAgentFileReadsPromptTxt (0.00s)
=== RUN   TestClaudeEngineSkipInstallationWithCommand
--- PASS: TestClaudeEngineSkipInstallationWithCommand (0.00s)
=== RUN   TestClaudeEngineEnvOverridesTokenExpression
=== RUN   TestClaudeEngineEnvOverridesTokenExpression/engine_env_overrides_default_token_expression
=== RUN   TestClaudeEngineEnvOverridesTokenExpression/engine_env_adds_extra_environment_variables
--- PASS: TestClaudeEngineEnvOverridesTokenExpression (0.00s)
    --- PASS: TestClaudeEngineEnvOverridesTokenExpression/engine_env_overrides_default_token_expression (0.00s)
    --- PASS: TestClaudeEngineEnvOverridesTokenExpression/engine_env_adds_extra_environment_variables (0.00s)
=== RUN   TestClaudeEngineWithExpressionVersion
--- PASS: TestClaudeEngineWithExpressionVersion (0.00s)
=== RUN   TestIsAnthropicWIF
=== RUN   TestIsAnthropicWIF/nil_workflowData_returns_false
=== RUN   TestIsAnthropicWIF/nil_EngineConfig_returns_false
=== RUN   TestIsAnthropicWIF/nil_Auth_returns_false
=== RUN   TestIsAnthropicWIF/github-oidc_without_provider_returns_false
=== RUN   TestIsAnthropicWIF/github-oidc_with_azure_provider_returns_false
=== RUN   TestIsAnthropicWIF/static_type_with_anthropic_provider_returns_false
=== RUN   TestIsAnthropicWIF/github-oidc_with_anthropic_provider_returns_true
--- PASS: TestIsAnthropicWIF (0.00s)
    --- PASS: TestIsAnthropicWIF/nil_workflowData_returns_false (0.00s)
    --- PASS: TestIsAnthropicWIF/nil_EngineConfig_returns_false (0.00s)
    --- PASS: TestIsAnthropicWIF/nil_Auth_returns_false (0.00s)
    --- PASS: TestIsAnthropicWIF/github-oidc_without_provider_returns_false (0.00s)
    --- PASS: TestIsAnthropicWIF/github-oidc_with_azure_provider_returns_false (0.00s)
    --- PASS: TestIsAnthropicWIF/static_type_with_anthropic_provider_returns_false (0.00s)
    --- PASS: TestIsAnthropicWIF/github-oidc_with_anthropic_provider_returns_true (0.00s)
=== RUN   TestClaudeEngineComputeAllowedTools
=== RUN   TestClaudeEngineComputeAllowedTools/empty_tools
=== RUN   TestClaudeEngineComputeAllowedTools/bash_with_specific_commands_(neutral_format)
=== RUN   TestClaudeEngineComputeAllowedTools/bash_with_nil_value_(all_commands_allowed)
=== RUN   TestClaudeEngineComputeAllowedTools/neutral_web_tools
=== RUN   TestClaudeEngineComputeAllowedTools/mcp_tools
=== RUN   TestClaudeEngineComputeAllowedTools/github_tools_without_explicit_allowed_list_(should_use_defaults)
=== RUN   TestClaudeEngineComputeAllowedTools/cache-memory_tool_(provides_file_system_access_with_path-specific_cache_tools)
=== RUN   TestClaudeEngineComputeAllowedTools/cache-memory_with_boolean_true
=== RUN   TestClaudeEngineComputeAllowedTools/cache-memory_with_nil_value_(no_value_specified)
=== RUN   TestClaudeEngineComputeAllowedTools/cache-memory_with_github_tools
=== RUN   TestClaudeEngineComputeAllowedTools/cache-memory_with_unrestricted_bash_(no_extra_cache_bash_commands_injected)
=== RUN   TestClaudeEngineComputeAllowedTools/mixed_neutral_and_mcp_tools
=== RUN   TestClaudeEngineComputeAllowedTools/custom_mcp_servers_with_new_format
=== RUN   TestClaudeEngineComputeAllowedTools/mcp_server_with_wildcard_access
=== RUN   TestClaudeEngineComputeAllowedTools/mixed_mcp_servers_-_one_with_wildcard,_one_with_specific_tools
=== RUN   TestClaudeEngineComputeAllowedTools/bash_with_*_wildcard_(should_ignore_other_bash_tools)
=== RUN   TestClaudeEngineComputeAllowedTools/bash_with_*_wildcard_mixed_with_other_commands_(should_ignore_other_commands)
=== RUN   TestClaudeEngineComputeAllowedTools/bash_with_*_wildcard_and_other_tools
=== RUN   TestClaudeEngineComputeAllowedTools/bash_with_:*_wildcard_(should_ignore_other_bash_tools)
=== RUN   TestClaudeEngineComputeAllowedTools/bash_with_:*_wildcard_mixed_with_other_commands_(should_ignore_other_commands)
=== RUN   TestClaudeEngineComputeAllowedTools/bash_with_:*_wildcard_and_other_tools
=== RUN   TestClaudeEngineComputeAllowedTools/bash_with_single_command_should_include_implicit_tools
=== RUN   TestClaudeEngineComputeAllowedTools/explicit_KillBash_and_BashOutput_should_not_duplicate
=== RUN   TestClaudeEngineComputeAllowedTools/no_bash_tools_means_no_implicit_tools
=== RUN   TestClaudeEngineComputeAllowedTools/neutral_bash_tool
=== RUN   TestClaudeEngineComputeAllowedTools/neutral_web-fetch_tool
=== RUN   TestClaudeEngineComputeAllowedTools/neutral_web-search_tool
=== RUN   TestClaudeEngineComputeAllowedTools/neutral_edit_tool
=== RUN   TestClaudeEngineComputeAllowedTools/neutral_edit_tool_explicitly_disabled
=== RUN   TestClaudeEngineComputeAllowedTools/mixed_neutral_and_MCP_tools
=== RUN   TestClaudeEngineComputeAllowedTools/all_neutral_tools_together
=== RUN   TestClaudeEngineComputeAllowedTools/neutral_bash_with_nil_value_(all_commands)
=== RUN   TestClaudeEngineComputeAllowedTools/neutral_playwright_tool
=== RUN   TestClaudeEngineComputeAllowedTools/bash_tool_with_trailing_space-star_is_normalized_to_canonical_Bash(cmd)
=== RUN   TestClaudeEngineComputeAllowedTools/community-attribution-style_wildcard_entries_normalize_to_canonical_forms
=== RUN   TestClaudeEngineComputeAllowedTools/wildcard_and_non-wildcard_forms_of_same_command_are_both_accepted
--- PASS: TestClaudeEngineComputeAllowedTools (0.04s)
    --- PASS: TestClaudeEngineComputeAllowedTools/empty_tools (0.00s)
    --- PASS: TestClaudeEngineComputeAllowedTools/bash_with_specific_commands_(neutral_format) (0.00s)
    --- PASS: TestClaudeEngineComputeAllowedTools/bash_with_nil_value_(all_commands_allowed) (0.00s)
    --- PASS: TestClaudeEngineComputeAllowedTools/neutral_web_tools (0.00s)
    --- PASS: TestClaudeEngineComputeAllowedTools/mcp_tools (0.00s)
    --- PASS: TestClaudeEngineComputeAllowedTools/github_tools_without_explicit_allowed_list_(should_use_defaults) (0.00s)
    --- PASS: TestClaudeEngineComputeAllowedTools/cache-memory_tool_(provides_file_system_access_with_path-specific_cache_tools) (0.00s)
    --- PASS: TestClaudeEngineComputeAllowedTools/cache-memory_with_boolean_true (0.00s)
    --- PASS: TestClaudeEngineComputeAllowedTools/cache-memory_with_nil_value_(no_value_specified) (0.00s)
    --- PASS: TestClaudeEngineComputeAllowedTools/cache-memory_with_github_tools (0.00s)
    --- PASS: TestClaudeEngineComputeAllowedTools/cache-memory_with_unrestricted_bash_(no_extra_cache_bash_commands_injected) (0.00s)
    --- PASS: TestClaudeEngineComputeAllowedTools/mixed_neutral_and_mcp_tools (0.00s)
    --- PASS: TestClaudeEngineComputeAllowedTools/custom_mcp_servers_with_new_format (0.00s)
    --- PASS: TestClaudeEngineComputeAllowedTools/mcp_server_with_wildcard_access (0.00s)
    --- PASS: TestClaudeEngineComputeAllowedTools/mixed_mcp_servers_-_one_with_wildcard,_one_with_specific_tools (0.00s)
    --- PASS: TestClaudeEngineComputeAllowedTools/bash_with_*_wildcard_(should_ignore_other_bash_tools) (0.00s)
    --- PASS: TestClaudeEngineComputeAllowedTools/bash_with_*_wildcard_mixed_with_other_commands_(should_ignore_other_commands) (0.00s)
    --- PASS: TestClaudeEngineComputeAllowedTools/bash_with_*_wildcard_and_other_tools (0.00s)
    --- PASS: TestClaudeEngineComputeAllowedTools/bash_with_:*_wildcard_(should_ignore_other_bash_tools) (0.00s)
    --- PASS: TestClaudeEngineComputeAllowedTools/bash_with_:*_wildcard_mixed_with_other_commands_(should_ignore_other_commands) (0.00s)
    --- PASS: TestClaudeEngineComputeAllowedTools/bash_with_:*_wildcard_and_other_tools (0.00s)
    --- PASS: TestClaudeEngineComputeAllowedTools/bash_with_single_command_should_include_implicit_tools (0.00s)
    --- PASS: TestClaudeEngineComputeAllowedTools/explicit_KillBash_and_BashOutput_should_not_duplicate (0.00s)
    --- PASS: TestClaudeEngineComputeAllowedTools/no_bash_tools_means_no_implicit_tools (0.00s)
    --- PASS: TestClaudeEngineComputeAllowedTools/neutral_bash_tool (0.00s)
    --- PASS: TestClaudeEngineComputeAllowedTools/neutral_web-fetch_tool (0.00s)
    --- PASS: TestClaudeEngineComputeAllowedTools/neutral_web-search_tool (0.00s)
    --- PASS: TestClaudeEngineComputeAllowedTools/neutral_edit_tool (0.00s)
    --- PASS: TestClaudeEngineComputeAllowedTools/neutral_edit_tool_explicitly_disabled (0.00s)
    --- PASS: TestClaudeEngineComputeAllowedTools/mixed_neutral_and_MCP_tools (0.00s)
    --- PASS: TestClaudeEngineComputeAllowedTools/all_neutral_tools_together (0.00s)
    --- PASS: TestClaudeEngineComputeAllowedTools/neutral_bash_with_nil_value_(all_commands) (0.00s)
    --- PASS: TestClaudeEngineComputeAllowedTools/neutral_playwright_tool (0.00s)
    --- PASS: TestClaudeEngineComputeAllowedTools/bash_tool_with_trailing_space-star_is_normalized_to_canonical_Bash(cmd) (0.00s)
    --- PASS: TestClaudeEngineComputeAllowedTools/community-attribution-style_wildcard_entries_normalize_to_canonical_forms (0.00s)
    --- PASS: TestClaudeEngineComputeAllowedTools/wildcard_and_non-wildcard_forms_of_same_command_are_both_accepted (0.00s)
=== RUN   TestClaudeEngineComputeAllowedToolsDeduplicatesNormalizedBashEntries
--- PASS: TestClaudeEngineComputeAllowedToolsDeduplicatesNormalizedBashEntries (0.00s)
=== RUN   TestClaudeEngineComputeAllowedToolsWithSafeOutputs
=== RUN   TestClaudeEngineComputeAllowedToolsWithSafeOutputs/SafeOutputs_with_no_tools_-_should_add_Write_permission
=== RUN   TestClaudeEngineComputeAllowedToolsWithSafeOutputs/SafeOutputs_with_general_Write_permission_-_should_not_add_specific_Write
=== RUN   TestClaudeEngineComputeAllowedToolsWithSafeOutputs/No_SafeOutputs_-_should_not_add_Write_permission
=== RUN   TestClaudeEngineComputeAllowedToolsWithSafeOutputs/SafeOutputs_with_multiple_output_types
=== RUN   TestClaudeEngineComputeAllowedToolsWithSafeOutputs/SafeOutputs_with_MCP_tools
=== RUN   TestClaudeEngineComputeAllowedToolsWithSafeOutputs/SafeOutputs_with_neutral_tools_and_create-pull-request
--- PASS: TestClaudeEngineComputeAllowedToolsWithSafeOutputs (0.01s)
    --- PASS: TestClaudeEngineComputeAllowedToolsWithSafeOutputs/SafeOutputs_with_no_tools_-_should_add_Write_permission (0.00s)
    --- PASS: TestClaudeEngineComputeAllowedToolsWithSafeOutputs/SafeOutputs_with_general_Write_permission_-_should_not_add_specific_Write (0.00s)
    --- PASS: TestClaudeEngineComputeAllowedToolsWithSafeOutputs/No_SafeOutputs_-_should_not_add_Write_permission (0.00s)
    --- PASS: TestClaudeEngineComputeAllowedToolsWithSafeOutputs/SafeOutputs_with_multiple_output_types (0.00s)
    --- PASS: TestClaudeEngineComputeAllowedToolsWithSafeOutputs/SafeOutputs_with_MCP_tools (0.00s)
    --- PASS: TestClaudeEngineComputeAllowedToolsWithSafeOutputs/SafeOutputs_with_neutral_tools_and_create-pull-request (0.00s)
=== RUN   TestClaudeEngineComputeAllowedToolsWithSandboxAllowWrite
--- PASS: TestClaudeEngineComputeAllowedToolsWithSandboxAllowWrite (0.00s)
=== RUN   TestClaudeEngineAddsTmpByDefault
--- PASS: TestClaudeEngineAddsTmpByDefault (0.00s)
=== RUN   TestGenerateAllowedToolsComment
=== RUN   TestGenerateAllowedToolsComment/empty_allowed_tools
=== RUN   TestGenerateAllowedToolsComment/single_tool
=== RUN   TestGenerateAllowedToolsComment/multiple_tools
=== RUN   TestGenerateAllowedToolsComment/tools_with_special_characters
--- PASS: TestGenerateAllowedToolsComment (0.00s)
    --- PASS: TestGenerateAllowedToolsComment/empty_allowed_tools (0.00s)
    --- PASS: TestGenerateAllowedToolsComment/single_tool (0.00s)
    --- PASS: TestGenerateAllowedToolsComment/multiple_tools (0.00s)
    --- PASS: TestGenerateAllowedToolsComment/tools_with_special_characters (0.00s)
=== RUN   TestHasBashWildcard
=== RUN   TestHasBashWildcard/no_wildcard
=== RUN   TestHasBashWildcard/star_wildcard
=== RUN   TestHasBashWildcard/colon_star_wildcard
=== RUN   TestHasBashWildcard/non-string_values
--- PASS: TestHasBashWildcard (0.00s)
    --- PASS: TestHasBashWildcard/no_wildcard (0.00s)
    --- PASS: TestHasBashWildcard/star_wildcard (0.00s)
    --- PASS: TestHasBashWildcard/colon_star_wildcard (0.00s)
    --- PASS: TestHasBashWildcard/non-string_values (0.00s)
=== RUN   TestNormalizeSandboxWritablePattern
=== RUN   TestNormalizeSandboxWritablePattern/absolute_directory_path
=== RUN   TestNormalizeSandboxWritablePattern/absolute_glob_path
=== RUN   TestNormalizeSandboxWritablePattern/trim_whitespace
=== RUN   TestNormalizeSandboxWritablePattern/relative_path_rejected
=== RUN   TestNormalizeSandboxWritablePattern/empty_path_rejected
--- PASS: TestNormalizeSandboxWritablePattern (0.00s)
    --- PASS: TestNormalizeSandboxWritablePattern/absolute_directory_path (0.00s)
    --- PASS: TestNormalizeSandboxWritablePattern/absolute_glob_path (0.00s)
    --- PASS: TestNormalizeSandboxWritablePattern/trim_whitespace (0.00s)
    --- PASS: TestNormalizeSandboxWritablePattern/relative_path_rejected (0.00s)
    --- PASS: TestNormalizeSandboxWritablePattern/empty_path_rejected (0.00s)
=== RUN   TestGetOrCreateToolMapStoresCreatedMap
--- PASS: TestGetOrCreateToolMapStoresCreatedMap (0.00s)
=== RUN   TestAppendGitHubMCPTools
=== RUN   TestAppendGitHubMCPTools/uses_wildcard_alias
=== RUN   TestAppendGitHubMCPTools/expands_specific_allowed_tools
=== RUN   TestAppendGitHubMCPTools/falls_back_to_remote_defaults
--- PASS: TestAppendGitHubMCPTools (0.00s)
    --- PASS: TestAppendGitHubMCPTools/uses_wildcard_alias (0.00s)
    --- PASS: TestAppendGitHubMCPTools/expands_specific_allowed_tools (0.00s)
    --- PASS: TestAppendGitHubMCPTools/falls_back_to_remote_defaults (0.00s)
=== RUN   TestDedupeAllowedTools
--- PASS: TestDedupeAllowedTools (0.00s)
=== RUN   TestCodexEngine_ResolveLLMProvider_DefaultOpenAI
--- PASS: TestCodexEngine_ResolveLLMProvider_DefaultOpenAI (0.00s)
=== RUN   TestCodexEngine
--- PASS: TestCodexEngine (0.00s)
=== RUN   TestCodexEngineWithVersion
--- PASS: TestCodexEngineWithVersion (0.00s)
=== RUN   TestCodexEngineExecutionIncludesGitHubAWPrompt
--- PASS: TestCodexEngineExecutionIncludesGitHubAWPrompt (0.00s)
=== RUN   TestCodexEngineExecutionUsesWritableCodexHome
--- PASS: TestCodexEngineExecutionUsesWritableCodexHome (0.00s)
=== RUN   TestCodexEngineRenderMCPConfig
=== RUN   TestCodexEngineRenderMCPConfig/github_tool_with_user_agent
--- PASS: TestCodexEngineRenderMCPConfig (0.00s)
    --- PASS: TestCodexEngineRenderMCPConfig/github_tool_with_user_agent (0.00s)
=== RUN   TestCodexEngineRenderMCPConfigOpenAIProxyProvider
=== RUN   TestCodexEngineRenderMCPConfigOpenAIProxyProvider/injects_openai-proxy_provider_when_firewall_is_enabled
=== RUN   TestCodexEngineRenderMCPConfigOpenAIProxyProvider/does_not_inject_openai-proxy_provider_when_firewall_is_disabled
--- PASS: TestCodexEngineRenderMCPConfigOpenAIProxyProvider (0.00s)
    --- PASS: TestCodexEngineRenderMCPConfigOpenAIProxyProvider/injects_openai-proxy_provider_when_firewall_is_enabled (0.00s)
    --- PASS: TestCodexEngineRenderMCPConfigOpenAIProxyProvider/does_not_inject_openai-proxy_provider_when_firewall_is_disabled (0.00s)
=== RUN   TestCodexEngineOpenAIProxyProviderBaseURL
--- PASS: TestCodexEngineOpenAIProxyProviderBaseURL (0.00s)
=== RUN   TestCodexEngineExecutionAddsMountedMCPCLIPathSetup
--- PASS: TestCodexEngineExecutionAddsMountedMCPCLIPathSetup (0.00s)
=== RUN   TestCodexEngineDetectionRunUsesStructuredOutputSchema
=== RUN   TestCodexEngineDetectionRunUsesStructuredOutputSchema/detection_run_uses_--output-schema_and_-o_flags
=== RUN   TestCodexEngineDetectionRunUsesStructuredOutputSchema/agent_run_does_not_include_structured_output_flags
--- PASS: TestCodexEngineDetectionRunUsesStructuredOutputSchema (0.00s)
    --- PASS: TestCodexEngineDetectionRunUsesStructuredOutputSchema/detection_run_uses_--output-schema_and_-o_flags (0.00s)
    --- PASS: TestCodexEngineDetectionRunUsesStructuredOutputSchema/agent_run_does_not_include_structured_output_flags (0.00s)
=== RUN   TestCodexEngineDetectionRunChainsSchemaWriteBeforeCodexWithoutAWF
--- PASS: TestCodexEngineDetectionRunChainsSchemaWriteBeforeCodexWithoutAWF (0.00s)
=== RUN   TestCodexEngineExecutionPassesModelEnvVarIntoAWFStep
=== RUN   TestCodexEngineExecutionPassesModelEnvVarIntoAWFStep/agent_job_uses_agent_model_env_var
=== RUN   TestCodexEngineExecutionPassesModelEnvVarIntoAWFStep/detection_job_uses_detection_model_env_var
--- PASS: TestCodexEngineExecutionPassesModelEnvVarIntoAWFStep (0.00s)
    --- PASS: TestCodexEngineExecutionPassesModelEnvVarIntoAWFStep/agent_job_uses_agent_model_env_var (0.00s)
    --- PASS: TestCodexEngineExecutionPassesModelEnvVarIntoAWFStep/detection_job_uses_detection_model_env_var (0.00s)
=== RUN   TestCodexEngineUserAgentIdentifierConversion
=== RUN   TestCodexEngineUserAgentIdentifierConversion/workflow_name_with_spaces
=== RUN   TestCodexEngineUserAgentIdentifierConversion/workflow_name_with_underscores
=== RUN   TestCodexEngineUserAgentIdentifierConversion/already_identifier_format
=== RUN   TestCodexEngineUserAgentIdentifierConversion/empty_workflow_name
--- PASS: TestCodexEngineUserAgentIdentifierConversion (0.00s)
    --- PASS: TestCodexEngineUserAgentIdentifierConversion/workflow_name_with_spaces (0.00s)
    --- PASS: TestCodexEngineUserAgentIdentifierConversion/workflow_name_with_underscores (0.00s)
    --- PASS: TestCodexEngineUserAgentIdentifierConversion/already_identifier_format (0.00s)
    --- PASS: TestCodexEngineUserAgentIdentifierConversion/empty_workflow_name (0.00s)
=== RUN   TestCodexEngineRenderMCPConfigUserAgentFromConfig
=== RUN   TestCodexEngineRenderMCPConfigUserAgentFromConfig/configured_user_agent_overrides_workflow_name
=== RUN   TestCodexEngineRenderMCPConfigUserAgentFromConfig/configured_user_agent_with_spaces
=== RUN   TestCodexEngineRenderMCPConfigUserAgentFromConfig/empty_configured_user_agent_falls_back_to_workflow_name
=== RUN   TestCodexEngineRenderMCPConfigUserAgentFromConfig/no_workflow_name_and_no_configured_user_agent_uses_default
--- PASS: TestCodexEngineRenderMCPConfigUserAgentFromConfig (0.00s)
    --- PASS: TestCodexEngineRenderMCPConfigUserAgentFromConfig/configured_user_agent_overrides_workflow_name (0.00s)
    --- PASS: TestCodexEngineRenderMCPConfigUserAgentFromConfig/configured_user_agent_with_spaces (0.00s)
    --- PASS: TestCodexEngineRenderMCPConfigUserAgentFromConfig/empty_configured_user_agent_falls_back_to_workflow_name (0.00s)
    --- PASS: TestCodexEngineRenderMCPConfigUserAgentFromConfig/no_workflow_name_and_no_configured_user_agent_uses_default (0.00s)
=== RUN   TestSanitizeArtifactIdentifier
=== RUN   TestSanitizeArtifactIdentifier/simple_name_with_spaces
=== RUN   TestSanitizeArtifactIdentifier/name_with_underscores
=== RUN   TestSanitizeArtifactIdentifier/name_with_mixed_separators
=== RUN   TestSanitizeArtifactIdentifier/name_with_special_characters
=== RUN   TestSanitizeArtifactIdentifier/name_with_multiple_spaces
=== RUN   TestSanitizeArtifactIdentifier/empty_name
=== RUN   TestSanitizeArtifactIdentifier/name_with_only_special_characters
=== RUN   TestSanitizeArtifactIdentifier/already_lowercase_with_hyphens
=== RUN   TestSanitizeArtifactIdentifier/name_with_leading/trailing_spaces
=== RUN   TestSanitizeArtifactIdentifier/name_with_hyphens_and_underscores
--- PASS: TestSanitizeArtifactIdentifier (0.00s)
    --- PASS: TestSanitizeArtifactIdentifier/simple_name_with_spaces (0.00s)
    --- PASS: TestSanitizeArtifactIdentifier/name_with_underscores (0.00s)
    --- PASS: TestSanitizeArtifactIdentifier/name_with_mixed_separators (0.00s)
    --- PASS: TestSanitizeArtifactIdentifier/name_with_special_characters (0.00s)
    --- PASS: TestSanitizeArtifactIdentifier/name_with_multiple_spaces (0.00s)
    --- PASS: TestSanitizeArtifactIdentifier/empty_name (0.00s)
    --- PASS: TestSanitizeArtifactIdentifier/name_with_only_special_characters (0.00s)
    --- PASS: TestSanitizeArtifactIdentifier/already_lowercase_with_hyphens (0.00s)
    --- PASS: TestSanitizeArtifactIdentifier/name_with_leading/trailing_spaces (0.00s)
    --- PASS: TestSanitizeArtifactIdentifier/name_with_hyphens_and_underscores (0.00s)
=== RUN   TestCodexEngineRenderMCPConfigUserAgentWithHyphen
=== RUN   TestCodexEngineRenderMCPConfigUserAgentWithHyphen/user-agent_field_gets_parsed_as_user_agent_(hyphen)
--- PASS: TestCodexEngineRenderMCPConfigUserAgentWithHyphen (0.00s)
    --- PASS: TestCodexEngineRenderMCPConfigUserAgentWithHyphen/user-agent_field_gets_parsed_as_user_agent_(hyphen) (0.00s)
=== RUN   TestCodexEngineMCPScriptsSecrets
--- PASS: TestCodexEngineMCPScriptsSecrets (0.00s)
=== RUN   TestCodexEngineHttpMCPServerRendered
=== RUN   TestCodexEngineHttpMCPServerRendered/HTTP_MCP_server_should_be_rendered_with_url
=== RUN   TestCodexEngineHttpMCPServerRendered/HTTP_MCP_server_inferred_from_url_field
=== RUN   TestCodexEngineHttpMCPServerRendered/HTTP_MCP_server_with_headers
--- PASS: TestCodexEngineHttpMCPServerRendered (0.00s)
    --- PASS: TestCodexEngineHttpMCPServerRendered/HTTP_MCP_server_should_be_rendered_with_url (0.00s)
    --- PASS: TestCodexEngineHttpMCPServerRendered/HTTP_MCP_server_inferred_from_url_field (0.00s)
    --- PASS: TestCodexEngineHttpMCPServerRendered/HTTP_MCP_server_with_headers (0.00s)
=== RUN   TestCodexEngineSkipInstallationWithCommand
--- PASS: TestCodexEngineSkipInstallationWithCommand (0.00s)
=== RUN   TestCodexEngineEnvOverridesTokenExpression
=== RUN   TestCodexEngineEnvOverridesTokenExpression/engine_env_overrides_default_token_expression
=== RUN   TestCodexEngineEnvOverridesTokenExpression/engine_env_adds_extra_environment_variables
--- PASS: TestCodexEngineEnvOverridesTokenExpression (0.00s)
    --- PASS: TestCodexEngineEnvOverridesTokenExpression/engine_env_overrides_default_token_expression (0.00s)
    --- PASS: TestCodexEngineEnvOverridesTokenExpression/engine_env_adds_extra_environment_variables (0.00s)
=== RUN   TestCodexEngineWebSearch
=== RUN   TestCodexEngineWebSearch/web_search_disabled_by_default_when_tool_not_specified
=== RUN   TestCodexEngineWebSearch/web_search_enabled_when_tool_is_specified
--- PASS: TestCodexEngineWebSearch (0.00s)
    --- PASS: TestCodexEngineWebSearch/web_search_disabled_by_default_when_tool_not_specified (0.00s)
    --- PASS: TestCodexEngineWebSearch/web_search_enabled_when_tool_is_specified (0.00s)
=== RUN   TestCodexEngineWebFetch
=== RUN   TestCodexEngineWebFetch/disables_fetch_by_default_when_web-fetch_tool_not_specified
=== RUN   TestCodexEngineWebFetch/fetch_tool_enabled_when_web-fetch_tool_is_specified
--- PASS: TestCodexEngineWebFetch (0.00s)
    --- PASS: TestCodexEngineWebFetch/disables_fetch_by_default_when_web-fetch_tool_not_specified (0.00s)
    --- PASS: TestCodexEngineWebFetch/fetch_tool_enabled_when_web-fetch_tool_is_specified (0.00s)
=== RUN   TestCodexEngineWithExpressionVersion
--- PASS: TestCodexEngineWithExpressionVersion (0.00s)
=== RUN   TestCodexEngineGetHarnessScriptName
--- PASS: TestCodexEngineGetHarnessScriptName (0.00s)
=== RUN   TestCodexEngineExecutionUsesHarness
--- PASS: TestCodexEngineExecutionUsesHarness (0.00s)
=== RUN   TestCodexEngineExecutionCustomHarness
--- PASS: TestCodexEngineExecutionCustomHarness (0.00s)
=== RUN   TestCodexParseLogMetricsWithOutputSize
--- PASS: TestCodexParseLogMetricsWithOutputSize (0.00s)
=== RUN   TestCodexParseLogMetricsMultipleToolsWithOutputSizes
--- PASS: TestCodexParseLogMetricsMultipleToolsWithOutputSizes (0.00s)
=== RUN   TestCodexParseLogMetricsNoOutputSize
--- PASS: TestCodexParseLogMetricsNoOutputSize (0.00s)
=== RUN   TestCodexParseLogMetricsWithFailure
--- PASS: TestCodexParseLogMetricsWithFailure (0.00s)
=== RUN   TestCodexExtractOutputSizeFromJSON
=== RUN   TestCodexExtractOutputSizeFromJSON/simple_text_content
=== RUN   TestCodexExtractOutputSizeFromJSON/multiple_content_items
=== RUN   TestCodexExtractOutputSizeFromJSON/escaped_characters_in_text
=== RUN   TestCodexExtractOutputSizeFromJSON/empty_content_array
=== RUN   TestCodexExtractOutputSizeFromJSON/malformed_JSON
--- PASS: TestCodexExtractOutputSizeFromJSON (0.00s)
    --- PASS: TestCodexExtractOutputSizeFromJSON/simple_text_content (0.00s)
    --- PASS: TestCodexExtractOutputSizeFromJSON/multiple_content_items (0.00s)
    --- PASS: TestCodexExtractOutputSizeFromJSON/escaped_characters_in_text (0.00s)
    --- PASS: TestCodexExtractOutputSizeFromJSON/empty_content_array (0.00s)
    --- PASS: TestCodexExtractOutputSizeFromJSON/malformed_JSON (0.00s)
=== RUN   TestCodexExtractOutputSizeFromResult
=== RUN   TestCodexExtractOutputSizeFromResult/success_with_JSON_block
=== RUN   TestCodexExtractOutputSizeFromResult/failure_with_JSON_block
=== RUN   TestCodexExtractOutputSizeFromResult/no_JSON_following_result_line
=== RUN   TestCodexExtractOutputSizeFromResult/not_a_result_line
--- PASS: TestCodexExtractOutputSizeFromResult (0.00s)
    --- PASS: TestCodexExtractOutputSizeFromResult/success_with_JSON_block (0.00s)
    --- PASS: TestCodexExtractOutputSizeFromResult/failure_with_JSON_block (0.00s)
    --- PASS: TestCodexExtractOutputSizeFromResult/no_JSON_following_result_line (0.00s)
    --- PASS: TestCodexExtractOutputSizeFromResult/not_a_result_line (0.00s)
=== RUN   TestCodexParseLogMetricsMaxOutputSize
--- PASS: TestCodexParseLogMetricsMaxOutputSize (0.00s)
=== RUN   TestCodexParseLogMetricsBashCommand
--- PASS: TestCodexParseLogMetricsBashCommand (0.00s)
=== RUN   TestCodexExtractOutputSizeFromJSONFallback
--- PASS: TestCodexExtractOutputSizeFromJSONFallback (0.00s)
=== RUN   TestCodexEnginePlaywrightToolsExpansion
=== RUN   TestCodexEnginePlaywrightToolsExpansion/playwright_null_expands_to_copilot_agent_tools
=== RUN   TestCodexEnginePlaywrightToolsExpansion/playwright_with_config_preserves_config_and_adds_tools
=== RUN   TestCodexEnginePlaywrightToolsExpansion/no_playwright_tool
--- PASS: TestCodexEnginePlaywrightToolsExpansion (0.00s)
    --- PASS: TestCodexEnginePlaywrightToolsExpansion/playwright_null_expands_to_copilot_agent_tools (0.00s)
    --- PASS: TestCodexEnginePlaywrightToolsExpansion/playwright_with_config_preserves_config_and_adds_tools (0.00s)
    --- PASS: TestCodexEnginePlaywrightToolsExpansion/no_playwright_tool (0.00s)
=== RUN   TestCodexEnginePlaywrightCLIMode
=== RUN   TestCodexEnginePlaywrightCLIMode/CLI_mode_preserves_Mode_field_and_skips_MCP_raw_entry
=== RUN   TestCodexEnginePlaywrightCLIMode/MCP_mode_(explicit)_still_adds_MCP_raw_entry
=== RUN   TestCodexEnginePlaywrightCLIMode/default_mode_(no_mode_field)_still_adds_MCP_raw_entry
--- PASS: TestCodexEnginePlaywrightCLIMode (0.00s)
    --- PASS: TestCodexEnginePlaywrightCLIMode/CLI_mode_preserves_Mode_field_and_skips_MCP_raw_entry (0.00s)
    --- PASS: TestCodexEnginePlaywrightCLIMode/MCP_mode_(explicit)_still_adds_MCP_raw_entry (0.00s)
    --- PASS: TestCodexEnginePlaywrightCLIMode/default_mode_(no_mode_field)_still_adds_MCP_raw_entry (0.00s)
=== RUN   TestCodexExtractTokenUsageTotalTokensPattern
=== RUN   TestCodexExtractTokenUsageTotalTokensPattern/tokens_used_format
=== RUN   TestCodexExtractTokenUsageTotalTokensPattern/tokens_used_with_newline
=== RUN   TestCodexExtractTokenUsageTotalTokensPattern/total_tokens_format_in_TokenCountEvent
=== RUN   TestCodexExtractTokenUsageTotalTokensPattern/total_tokens_with_spaces
=== RUN   TestCodexExtractTokenUsageTotalTokensPattern/no_tokens_found
--- PASS: TestCodexExtractTokenUsageTotalTokensPattern (0.00s)
    --- PASS: TestCodexExtractTokenUsageTotalTokensPattern/tokens_used_format (0.00s)
    --- PASS: TestCodexExtractTokenUsageTotalTokensPattern/tokens_used_with_newline (0.00s)
    --- PASS: TestCodexExtractTokenUsageTotalTokensPattern/total_tokens_format_in_TokenCountEvent (0.00s)
    --- PASS: TestCodexExtractTokenUsageTotalTokensPattern/total_tokens_with_spaces (0.00s)
    --- PASS: TestCodexExtractTokenUsageTotalTokensPattern/no_tokens_found (0.00s)
=== RUN   TestCollectPackagesFromWorkflow_EmptyWorkflow
--- PASS: TestCollectPackagesFromWorkflow_EmptyWorkflow (0.00s)
=== RUN   TestCollectPackagesFromWorkflow_CustomSteps
=== RUN   TestCollectPackagesFromWorkflow_CustomSteps/Single_package_in_custom_steps
=== RUN   TestCollectPackagesFromWorkflow_CustomSteps/Multiple_packages_in_custom_steps
=== RUN   TestCollectPackagesFromWorkflow_CustomSteps/Empty_custom_steps
=== RUN   TestCollectPackagesFromWorkflow_CustomSteps/Duplicate_packages_in_custom_steps
--- PASS: TestCollectPackagesFromWorkflow_CustomSteps (0.00s)
    --- PASS: TestCollectPackagesFromWorkflow_CustomSteps/Single_package_in_custom_steps (0.00s)
    --- PASS: TestCollectPackagesFromWorkflow_CustomSteps/Multiple_packages_in_custom_steps (0.00s)
    --- PASS: TestCollectPackagesFromWorkflow_CustomSteps/Empty_custom_steps (0.00s)
    --- PASS: TestCollectPackagesFromWorkflow_CustomSteps/Duplicate_packages_in_custom_steps (0.00s)
=== RUN   TestCollectPackagesFromWorkflow_MCPConfig
=== RUN   TestCollectPackagesFromWorkflow_MCPConfig/Structured_MCP_config_with_matching_command
=== RUN   TestCollectPackagesFromWorkflow_MCPConfig/Structured_MCP_config_with_flags_before_package
=== RUN   TestCollectPackagesFromWorkflow_MCPConfig/Structured_MCP_config_with_non-matching_command
=== RUN   TestCollectPackagesFromWorkflow_MCPConfig/String-format_MCP_tool
=== RUN   TestCollectPackagesFromWorkflow_MCPConfig/Empty_tool_command
=== RUN   TestCollectPackagesFromWorkflow_MCPConfig/Args_with_only_flags
=== RUN   TestCollectPackagesFromWorkflow_MCPConfig/Args_with_non-string_values
=== RUN   TestCollectPackagesFromWorkflow_MCPConfig/Nil_tools_map
--- PASS: TestCollectPackagesFromWorkflow_MCPConfig (0.00s)
    --- PASS: TestCollectPackagesFromWorkflow_MCPConfig/Structured_MCP_config_with_matching_command (0.00s)
    --- PASS: TestCollectPackagesFromWorkflow_MCPConfig/Structured_MCP_config_with_flags_before_package (0.00s)
    --- PASS: TestCollectPackagesFromWorkflow_MCPConfig/Structured_MCP_config_with_non-matching_command (0.00s)
    --- PASS: TestCollectPackagesFromWorkflow_MCPConfig/String-format_MCP_tool (0.00s)
    --- PASS: TestCollectPackagesFromWorkflow_MCPConfig/Empty_tool_command (0.00s)
    --- PASS: TestCollectPackagesFromWorkflow_MCPConfig/Args_with_only_flags (0.00s)
    --- PASS: TestCollectPackagesFromWorkflow_MCPConfig/Args_with_non-string_values (0.00s)
    --- PASS: TestCollectPackagesFromWorkflow_MCPConfig/Nil_tools_map (0.00s)
=== RUN   TestCollectPackagesFromWorkflow_Combined
=== RUN   TestCollectPackagesFromWorkflow_Combined/Packages_from_all_sources_with_deduplication
=== RUN   TestCollectPackagesFromWorkflow_Combined/Empty_sources
=== RUN   TestCollectPackagesFromWorkflow_Combined/Nil_engine_config
--- PASS: TestCollectPackagesFromWorkflow_Combined (0.00s)
    --- PASS: TestCollectPackagesFromWorkflow_Combined/Packages_from_all_sources_with_deduplication (0.00s)
    --- PASS: TestCollectPackagesFromWorkflow_Combined/Empty_sources (0.00s)
    --- PASS: TestCollectPackagesFromWorkflow_Combined/Nil_engine_config (0.00s)
=== RUN   TestCommandConditionPrecision
=== RUN   TestCommandConditionPrecision/issues_event_should_only_check_issue.body_when_event_is_issues
⚠ The 'command:' trigger field is deprecated. Please use 'slash_command:' instead.
/tmp/gh-aw-test-runs/20260704-173215-1254793/workflow-command-precision-test975739981/command-issues-precision.md: warning: Missing required permissions for GitHub toolsets:
  - issues: read (required by issues)
  - pull-requests: read (required by pull_requests)

To fix this, you can either:

Option 1: Add missing permissions to your workflow frontmatter:
permissions:
  issues: read
  pull-requests: read

See: https://github.com/github/gh-aw/blob/main/docs/src/content/docs/reference/permissions.md

Option 2: Reduce the required toolsets in your workflow:
Remove or adjust toolsets that require these permissions:
  - issues
  - pull_requests

/tmp/gh-aw-test-runs/20260704-173215-1254793/workflow-command-precision-test975739981/command-issues-precision.md: info: Tip: set permissions.copilot-requests: write to use GitHub Actions token-based inference with the Copilot engine instead of a personal access token (COPILOT_GITHUB_TOKEN). This option requires that your organization has centralized Copilot billing enabled and may not be available in all organizations — see https://github.github.com/gh-aw/reference/billing/ for details.

✓ /tmp/gh-aw-test-runs/20260704-173215-1254793/workflow-command-precision-test975739981/command-issues-precision.md (82.6 KB)
=== RUN   TestCommandConditionPrecision/issue_comment_event_should_only_check_comment.body_when_event_is_issue_comment
⚠ The 'command:' trigger field is deprecated. Please use 'slash_command:' instead.
/tmp/gh-aw-test-runs/20260704-173215-1254793/workflow-command-precision-test975739981/command-issue-comment-precision.md: warning: Missing required permissions for GitHub toolsets:
  - issues: read (required by issues)
  - pull-requests: read (required by pull_requests)

To fix this, you can either:

Option 1: Add missing permissions to your workflow frontmatter:
permissions:
  issues: read
  pull-requests: read

See: https://github.com/github/gh-aw/blob/main/docs/src/content/docs/reference/permissions.md

Option 2: Reduce the required toolsets in your workflow:
Remove or adjust toolsets that require these permissions:
  - issues
  - pull_requests

/tmp/gh-aw-test-runs/20260704-173215-1254793/workflow-command-precision-test975739981/command-issue-comment-precision.md: info: Tip: set permissions.copilot-requests: write to use GitHub Actions token-based inference with the Copilot engine instead of a personal access token (COPILOT_GITHUB_TOKEN). This option requires that your organization has centralized Copilot billing enabled and may not be available in all organizations — see https://github.github.com/gh-aw/reference/billing/ for details.

✓ /tmp/gh-aw-test-runs/20260704-173215-1254793/workflow-command-precision-test975739981/command-issue-comment-precision.md (83.0 KB)
=== RUN   TestCommandConditionPrecision/pull_request_event_should_only_check_pull_request.body_when_event_is_pull_request
⚠ The 'command:' trigger field is deprecated. Please use 'slash_command:' instead.
/tmp/gh-aw-test-runs/20260704-173215-1254793/workflow-command-precision-test975739981/command-pr-precision.md: warning: Missing required permissions for GitHub toolsets:
  - issues: read (required by issues)
  - pull-requests: read (required by pull_requests)

To fix this, you can either:

Option 1: Add missing permissions to your workflow frontmatter:
permissions:
  issues: read
  pull-requests: read

See: https://github.com/github/gh-aw/blob/main/docs/src/content/docs/reference/permissions.md

Option 2: Reduce the required toolsets in your workflow:
Remove or adjust toolsets that require these permissions:
  - issues
  - pull_requests

/tmp/gh-aw-test-runs/20260704-173215-1254793/workflow-command-precision-test975739981/command-pr-precision.md: info: Tip: set permissions.copilot-requests: write to use GitHub Actions token-based inference with the Copilot engine instead of a personal access token (COPILOT_GITHUB_TOKEN). This option requires that your organization has centralized Copilot billing enabled and may not be available in all organizations — see https://github.github.com/gh-aw/reference/billing/ for details.

✓ /tmp/gh-aw-test-runs/20260704-173215-1254793/workflow-command-precision-test975739981/command-pr-precision.md (82.6 KB)
=== RUN   TestCommandConditionPrecision/pull_request_comment_event_should_only_check_comment.body_when_event_is_issue_comment_on_PR
⚠ The 'command:' trigger field is deprecated. Please use 'slash_command:' instead.
/tmp/gh-aw-test-runs/20260704-173215-1254793/workflow-command-precision-test975739981/command-pr-comment-precision.md: warning: Missing required permissions for GitHub toolsets:
  - issues: read (required by issues)
  - pull-requests: read (required by pull_requests)

To fix this, you can either:

Option 1: Add missing permissions to your workflow frontmatter:
permissions:
  issues: read
  pull-requests: read

See: https://github.com/github/gh-aw/blob/main/docs/src/content/docs/reference/permissions.md

Option 2: Reduce the required toolsets in your workflow:
Remove or adjust toolsets that require these permissions:
  - issues
  - pull_requests

/tmp/gh-aw-test-runs/20260704-173215-1254793/workflow-command-precision-test975739981/command-pr-comment-precision.md: info: Tip: set permissions.copilot-requests: write to use GitHub Actions token-based inference with the Copilot engine instead of a personal access token (COPILOT_GITHUB_TOKEN). This option requires that your organization has centralized Copilot billing enabled and may not be available in all organizations — see https://github.github.com/gh-aw/reference/billing/ for details.

✓ /tmp/gh-aw-test-runs/20260704-173215-1254793/workflow-command-precision-test975739981/command-pr-comment-precision.md (83.0 KB)
=== RUN   TestCommandConditionPrecision/pull_request_review_comment_event_should_only_check_comment.body_when_event_is_pull_request_review_comment
⚠ The 'command:' trigger field is deprecated. Please use 'slash_command:' instead.
/tmp/gh-aw-test-runs/20260704-173215-1254793/workflow-command-precision-test975739981/command-pr-review-comment-precision.md: warning: Missing required permissions for GitHub toolsets:
  - issues: read (required by issues)
  - pull-requests: read (required by pull_requests)

To fix this, you can either:

Option 1: Add missing permissions to your workflow frontmatter:
permissions:
  issues: read
  pull-requests: read

See: https://github.com/github/gh-aw/blob/main/docs/src/content/docs/reference/permissions.md

Option 2: Reduce the required toolsets in your workflow:
Remove or adjust toolsets that require these permissions:
  - issues
  - pull_requests

/tmp/gh-aw-test-runs/20260704-173215-1254793/workflow-command-precision-test975739981/command-pr-review-comment-precision.md: info: Tip: set permissions.copilot-requests: write to use GitHub Actions token-based inference with the Copilot engine instead of a personal access token (COPILOT_GITHUB_TOKEN). This option requires that your organization has centralized Copilot billing enabled and may not be available in all organizations — see https://github.github.com/gh-aw/reference/billing/ for details.

✓ /tmp/gh-aw-test-runs/20260704-173215-1254793/workflow-command-precision-test975739981/command-pr-review-comment-precision.md (83.1 KB)
=== RUN   TestCommandConditionPrecision/multiple_events_should_check_the_correct_body_field_for_each_event_type
⚠ The 'command:' trigger field is deprecated. Please use 'slash_command:' instead.
/tmp/gh-aw-test-runs/20260704-173215-1254793/workflow-command-precision-test975739981/command-multiple-precision.md: warning: Missing required permissions for GitHub toolsets:
  - issues: read (required by issues)
  - pull-requests: read (required by pull_requests)

To fix this, you can either:

Option 1: Add missing permissions to your workflow frontmatter:
permissions:
  issues: read
  pull-requests: read

See: https://github.com/github/gh-aw/blob/main/docs/src/content/docs/reference/permissions.md

Option 2: Reduce the required toolsets in your workflow:
Remove or adjust toolsets that require these permissions:
  - issues
  - pull_requests

/tmp/gh-aw-test-runs/20260704-173215-1254793/workflow-command-precision-test975739981/command-multiple-precision.md: info: Tip: set permissions.copilot-requests: write to use GitHub Actions token-based inference with the Copilot engine instead of a personal access token (COPILOT_GITHUB_TOKEN). This option requires that your organization has centralized Copilot billing enabled and may not be available in all organizations — see https://github.github.com/gh-aw/reference/billing/ for details.

✓ /tmp/gh-aw-test-runs/20260704-173215-1254793/workflow-command-precision-test975739981/command-multiple-precision.md (83.8 KB)
=== RUN   TestCommandConditionPrecision/command_with_push_should_have_precise_event_checks
⚠ The 'command:' trigger field is deprecated. Please use 'slash_command:' instead.
/tmp/gh-aw-test-runs/20260704-173215-1254793/workflow-command-precision-test975739981/command-with-push-precision.md: warning: Missing required permissions for GitHub toolsets:
  - issues: read (required by issues)
  - pull-requests: read (required by pull_requests)

To fix this, you can either:

Option 1: Add missing permissions to your workflow frontmatter:
permissions:
  issues: read
  pull-requests: read

See: https://github.com/github/gh-aw/blob/main/docs/src/content/docs/reference/permissions.md

Option 2: Reduce the required toolsets in your workflow:
Remove or adjust toolsets that require these permissions:
  - issues
  - pull_requests

/tmp/gh-aw-test-runs/20260704-173215-1254793/workflow-command-precision-test975739981/command-with-push-precision.md: info: Tip: set permissions.copilot-requests: write to use GitHub Actions token-based inference with the Copilot engine instead of a personal access token (COPILOT_GITHUB_TOKEN). This option requires that your organization has centralized Copilot billing enabled and may not be available in all organizations — see https://github.github.com/gh-aw/reference/billing/ for details.

✓ /tmp/gh-aw-test-runs/20260704-173215-1254793/workflow-command-precision-test975739981/command-with-push-precision.md (83.7 KB)
=== RUN   TestCommandConditionPrecision/slash_command_should_match_bot_comments_with_newline-separated_metadata
/tmp/gh-aw-test-runs/20260704-173215-1254793/workflow-command-precision-test975739981/command-bot-newline-precision.md: warning: Missing required permissions for GitHub toolsets:
  - issues: read (required by issues)
  - pull-requests: read (required by pull_requests)

To fix this, you can either:

Option 1: Add missing permissions to your workflow frontmatter:
permissions:
  issues: read
  pull-requests: read

See: https://github.com/github/gh-aw/blob/main/docs/src/content/docs/reference/permissions.md

Option 2: Reduce the required toolsets in your workflow:
Remove or adjust toolsets that require these permissions:
  - issues
  - pull_requests

/tmp/gh-aw-test-runs/20260704-173215-1254793/workflow-command-precision-test975739981/command-bot-newline-precision.md: info: Tip: set permissions.copilot-requests: write to use GitHub Actions token-based inference with the Copilot engine instead of a personal access token (COPILOT_GITHUB_TOKEN). This option requires that your organization has centralized Copilot billing enabled and may not be available in all organizations — see https://github.github.com/gh-aw/reference/billing/ for details.

✓ /tmp/gh-aw-test-runs/20260704-173215-1254793/workflow-command-precision-test975739981/command-bot-newline-precision.md (84.5 KB)
=== RUN   TestCommandConditionPrecision/slash_command_wildcard_should_use_prefix_matching
/tmp/gh-aw-test-runs/20260704-173215-1254793/workflow-command-precision-test975739981/command-wildcard-prefix.md: warning: Missing required permissions for GitHub toolsets:
  - issues: read (required by issues)
  - pull-requests: read (required by pull_requests)

To fix this, you can either:

Option 1: Add missing permissions to your workflow frontmatter:
permissions:
  issues: read
  pull-requests: read

See: https://github.com/github/gh-aw/blob/main/docs/src/content/docs/reference/permissions.md

Option 2: Reduce the required toolsets in your workflow:
Remove or adjust toolsets that require these permissions:
  - issues
  - pull_requests

/tmp/gh-aw-test-runs/20260704-173215-1254793/workflow-command-precision-test975739981/command-wildcard-prefix.md: info: Tip: set permissions.copilot-requests: write to use GitHub Actions token-based inference with the Copilot engine instead of a personal access token (COPILOT_GITHUB_TOKEN). This option requires that your organization has centralized Copilot billing enabled and may not be available in all organizations — see https://github.github.com/gh-aw/reference/billing/ for details.

✓ /tmp/gh-aw-test-runs/20260704-173215-1254793/workflow-command-precision-test975739981/command-wildcard-prefix.md (84.2 KB)
--- PASS: TestCommandConditionPrecision (0.11s)
    --- PASS: TestCommandConditionPrecision/issues_event_should_only_check_issue.body_when_event_is_issues (0.02s)
    --- PASS: TestCommandConditionPrecision/issue_comment_event_should_only_check_comment.body_when_event_is_issue_comment (0.01s)
    --- PASS: TestCommandConditionPrecision/pull_request_event_should_only_check_pull_request.body_when_event_is_pull_request (0.01s)
    --- PASS: TestCommandConditionPrecision/pull_request_comment_event_should_only_check_comment.body_when_event_is_issue_comment_on_PR (0.01s)
    --- PASS: TestCommandConditionPrecision/pull_request_review_comment_event_should_only_check_comment.body_when_event_is_pull_request_review_comment (0.02s)
    --- PASS: TestCommandConditionPrecision/multiple_events_should_check_the_correct_body_field_for_each_event_type (0.01s)
    --- PASS: TestCommandConditionPrecision/command_with_push_should_have_precise_event_checks (0.01s)
    --- PASS: TestCommandConditionPrecision/slash_command_should_match_bot_comments_with_newline-separated_metadata (0.01s)
    --- PASS: TestCommandConditionPrecision/slash_command_wildcard_should_use_prefix_matching (0.01s)
=== RUN   TestPullRequestCommentEvent
--- PASS: TestPullRequestCommentEvent (0.00s)
=== RUN   TestIssueCommentRestriction
--- PASS: TestIssueCommentRestriction (0.00s)
=== RUN   TestMergeEventsForYAML
=== RUN   TestMergeEventsForYAML/pull_request_comment_only
=== RUN   TestMergeEventsForYAML/issue_comment_only
=== RUN   TestMergeEventsForYAML/both_issue_comment_and_pull_request_comment
=== RUN   TestMergeEventsForYAML/mixed_with_other_events
--- PASS: TestMergeEventsForYAML (0.00s)
    --- PASS: TestMergeEventsForYAML/pull_request_comment_only (0.00s)
    --- PASS: TestMergeEventsForYAML/issue_comment_only (0.00s)
    --- PASS: TestMergeEventsForYAML/both_issue_comment_and_pull_request_comment (0.00s)
    --- PASS: TestMergeEventsForYAML/mixed_with_other_events (0.00s)
=== RUN   TestEventAwareCommandConditions
=== RUN   TestEventAwareCommandConditions/command_only_should_use_simple_condition
⚠ The 'command:' trigger field is deprecated. Please use 'slash_command:' instead.
/tmp/gh-aw-test-runs/20260704-173215-1254793/workflow-event-aware-command-test746097641/simple-command.md: warning: Missing required permissions for GitHub toolsets:
  - issues: read (required by issues)
  - pull-requests: read (required by pull_requests)

To fix this, you can either:

Option 1: Add missing permissions to your workflow frontmatter:
permissions:
  issues: read
  pull-requests: read

See: https://github.com/github/gh-aw/blob/main/docs/src/content/docs/reference/permissions.md

Option 2: Reduce the required toolsets in your workflow:
Remove or adjust toolsets that require these permissions:
  - issues
  - pull_requests

/tmp/gh-aw-test-runs/20260704-173215-1254793/workflow-event-aware-command-test746097641/simple-command.md: info: Tip: set permissions.copilot-requests: write to use GitHub Actions token-based inference with the Copilot engine instead of a personal access token (COPILOT_GITHUB_TOKEN). This option requires that your organization has centralized Copilot billing enabled and may not be available in all organizations — see https://github.github.com/gh-aw/reference/billing/ for details.

✓ /tmp/gh-aw-test-runs/20260704-173215-1254793/workflow-event-aware-command-test746097641/simple-command.md (85.7 KB)
=== RUN   TestEventAwareCommandConditions/command_with_push_should_use_event-aware_condition
⚠ The 'command:' trigger field is deprecated. Please use 'slash_command:' instead.
/tmp/gh-aw-test-runs/20260704-173215-1254793/workflow-event-aware-command-test746097641/command-with-push.md: warning: Missing required permissions for GitHub toolsets:
  - issues: read (required by issues)
  - pull-requests: read (required by pull_requests)

To fix this, you can either:

Option 1: Add missing permissions to your workflow frontmatter:
permissions:
  issues: read
  pull-requests: read

See: https://github.com/github/gh-aw/blob/main/docs/src/content/docs/reference/permissions.md

Option 2: Reduce the required toolsets in your workflow:
Remove or adjust toolsets that require these permissions:
  - issues
  - pull_requests

/tmp/gh-aw-test-runs/20260704-173215-1254793/workflow-event-aware-command-test746097641/command-with-push.md: info: Tip: set permissions.copilot-requests: write to use GitHub Actions token-based inference with the Copilot engine instead of a personal access token (COPILOT_GITHUB_TOKEN). This option requires that your organization has centralized Copilot billing enabled and may not be available in all organizations — see https://github.github.com/gh-aw/reference/billing/ for details.

✓ /tmp/gh-aw-test-runs/20260704-173215-1254793/workflow-event-aware-command-test746097641/command-with-push.md (86.7 KB)
=== RUN   TestEventAwareCommandConditions/command_with_schedule_should_use_event-aware_condition
⚠ The 'command:' trigger field is deprecated. Please use 'slash_command:' instead.
/tmp/gh-aw-test-runs/20260704-173215-1254793/workflow-event-aware-command-test746097641/command-with-schedule.md: warning: Missing required permissions for GitHub toolsets:
  - issues: read (required by issues)
  - pull-requests: read (required by pull_requests)

To fix this, you can either:

Option 1: Add missing permissions to your workflow frontmatter:
permissions:
  issues: read
  pull-requests: read

See: https://github.com/github/gh-aw/blob/main/docs/src/content/docs/reference/permissions.md

Option 2: Reduce the required toolsets in your workflow:
Remove or adjust toolsets that require these permissions:
  - issues
  - pull_requests

/tmp/gh-aw-test-runs/20260704-173215-1254793/workflow-event-aware-command-test746097641/command-with-schedule.md: info: Tip: set permissions.copilot-requests: write to use GitHub Actions token-based inference with the Copilot engine instead of a personal access token (COPILOT_GITHUB_TOKEN). This option requires that your organization has centralized Copilot billing enabled and may not be available in all organizations — see https://github.github.com/gh-aw/reference/billing/ for details.

✓ /tmp/gh-aw-test-runs/20260704-173215-1254793/workflow-event-aware-command-test746097641/command-with-schedule.md (87.2 KB)
=== RUN   TestEventAwareCommandConditions/command_with_pull_request_comment_only_should_check_PR_comment_filter
⚠ The 'command:' trigger field is deprecated. Please use 'slash_command:' instead.
/tmp/gh-aw-test-runs/20260704-173215-1254793/workflow-event-aware-command-test746097641/command-with-pr-comment.md: warning: Missing required permissions for GitHub toolsets:
  - issues: read (required by issues)
  - pull-requests: read (required by pull_requests)

To fix this, you can either:

Option 1: Add missing permissions to your workflow frontmatter:
permissions:
  issues: read
  pull-requests: read

See: https://github.com/github/gh-aw/blob/main/docs/src/content/docs/reference/permissions.md

Option 2: Reduce the required toolsets in your workflow:
Remove or adjust toolsets that require these permissions:
  - issues
  - pull_requests

/tmp/gh-aw-test-runs/20260704-173215-1254793/workflow-event-aware-command-test746097641/command-with-pr-comment.md: info: Tip: set permissions.copilot-requests: write to use GitHub Actions token-based inference with the Copilot engine instead of a personal access token (COPILOT_GITHUB_TOKEN). This option requires that your organization has centralized Copilot billing enabled and may not be available in all organizations — see https://github.github.com/gh-aw/reference/billing/ for details.

✓ /tmp/gh-aw-test-runs/20260704-173215-1254793/workflow-event-aware-command-test746097641/command-with-pr-comment.md (83.0 KB)
--- PASS: TestEventAwareCommandConditions (0.07s)
    --- PASS: TestEventAwareCommandConditions/command_only_should_use_simple_condition (0.02s)
    --- PASS: TestEventAwareCommandConditions/command_with_push_should_use_event-aware_condition (0.01s)
    --- PASS: TestEventAwareCommandConditions/command_with_schedule_should_use_event-aware_condition (0.02s)
    --- PASS: TestEventAwareCommandConditions/command_with_pull_request_comment_only_should_check_PR_comment_filter (0.01s)
=== RUN   TestCommandEventsFiltering
=== RUN   TestCommandEventsFiltering/command_with_events:_[issues]
⚠ The 'command:' trigger field is deprecated. Please use 'slash_command:' instead.
/tmp/gh-aw-test-runs/20260704-173215-1254793/workflow-command-events-filtering-test4129250117/command-issue-only.md: warning: Missing required permissions for GitHub toolsets:
  - issues: read (required by issues)
  - pull-requests: read (required by pull_requests)

To fix this, you can either:

Option 1: Add missing permissions to your workflow frontmatter:
permissions:
  issues: read
  pull-requests: read

See: https://github.com/github/gh-aw/blob/main/docs/src/content/docs/reference/permissions.md

Option 2: Reduce the required toolsets in your workflow:
Remove or adjust toolsets that require these permissions:
  - issues
  - pull_requests

/tmp/gh-aw-test-runs/20260704-173215-1254793/workflow-command-events-filtering-test4129250117/command-issue-only.md: info: Tip: set permissions.copilot-requests: write to use GitHub Actions token-based inference with the Copilot engine instead of a personal access token (COPILOT_GITHUB_TOKEN). This option requires that your organization has centralized Copilot billing enabled and may not be available in all organizations — see https://github.github.com/gh-aw/reference/billing/ for details.

✓ /tmp/gh-aw-test-runs/20260704-173215-1254793/workflow-command-events-filtering-test4129250117/command-issue-only.md (82.5 KB)
=== RUN   TestCommandEventsFiltering/command_with_events:_[issues,_issue_comment]
⚠ The 'command:' trigger field is deprecated. Please use 'slash_command:' instead.
/tmp/gh-aw-test-runs/20260704-173215-1254793/workflow-command-events-filtering-test4129250117/command-issue-comment.md: warning: Missing required permissions for GitHub toolsets:
  - issues: read (required by issues)
  - pull-requests: read (required by pull_requests)

To fix this, you can either:

Option 1: Add missing permissions to your workflow frontmatter:
permissions:
  issues: read
  pull-requests: read

See: https://github.com/github/gh-aw/blob/main/docs/src/content/docs/reference/permissions.md

Option 2: Reduce the required toolsets in your workflow:
Remove or adjust toolsets that require these permissions:
  - issues
  - pull_requests

/tmp/gh-aw-test-runs/20260704-173215-1254793/workflow-command-events-filtering-test4129250117/command-issue-comment.md: info: Tip: set permissions.copilot-requests: write to use GitHub Actions token-based inference with the Copilot engine instead of a personal access token (COPILOT_GITHUB_TOKEN). This option requires that your organization has centralized Copilot billing enabled and may not be available in all organizations — see https://github.github.com/gh-aw/reference/billing/ for details.

✓ /tmp/gh-aw-test-runs/20260704-173215-1254793/workflow-command-events-filtering-test4129250117/command-issue-comment.md (83.3 KB)
=== RUN   TestCommandEventsFiltering/command_with_events:_'*'_(all_events)
⚠ The 'command:' trigger field is deprecated. Please use 'slash_command:' instead.
/tmp/gh-aw-test-runs/20260704-173215-1254793/workflow-command-events-filtering-test4129250117/command-all-events.md: warning: Missing required permissions for GitHub toolsets:
  - issues: read (required by issues)
  - pull-requests: read (required by pull_requests)

To fix this, you can either:

Option 1: Add missing permissions to your workflow frontmatter:
permissions:
  issues: read
  pull-requests: read

See: https://github.com/github/gh-aw/blob/main/docs/src/content/docs/reference/permissions.md

Option 2: Reduce the required toolsets in your workflow:
Remove or adjust toolsets that require these permissions:
  - issues
  - pull_requests

/tmp/gh-aw-test-runs/20260704-173215-1254793/workflow-command-events-filtering-test4129250117/command-all-events.md: info: Tip: set permissions.copilot-requests: write to use GitHub Actions token-based inference with the Copilot engine instead of a personal access token (COPILOT_GITHUB_TOKEN). This option requires that your organization has centralized Copilot billing enabled and may not be available in all organizations — see https://github.github.com/gh-aw/reference/billing/ for details.

✓ /tmp/gh-aw-test-runs/20260704-173215-1254793/workflow-command-events-filtering-test4129250117/command-all-events.md (85.6 KB)
=== RUN   TestCommandEventsFiltering/command_with_events:_[pull_request]
⚠ The 'command:' trigger field is deprecated. Please use 'slash_command:' instead.
/tmp/gh-aw-test-runs/20260704-173215-1254793/workflow-command-events-filtering-test4129250117/command-pr-only.md: warning: Missing required permissions for GitHub toolsets:
  - issues: read (required by issues)
  - pull-requests: read (required by pull_requests)

To fix this, you can either:

Option 1: Add missing permissions to your workflow frontmatter:
permissions:
  issues: read
  pull-requests: read

See: https://github.com/github/gh-aw/blob/main/docs/src/content/docs/reference/permissions.md

Option 2: Reduce the required toolsets in your workflow:
Remove or adjust toolsets that require these permissions:
  - issues
  - pull_requests

/tmp/gh-aw-test-runs/20260704-173215-1254793/workflow-command-events-filtering-test4129250117/command-pr-only.md: info: Tip: set permissions.copilot-requests: write to use GitHub Actions token-based inference with the Copilot engine instead of a personal access token (COPILOT_GITHUB_TOKEN). This option requires that your organization has centralized Copilot billing enabled and may not be available in all organizations — see https://github.github.com/gh-aw/reference/billing/ for details.

✓ /tmp/gh-aw-test-runs/20260704-173215-1254793/workflow-command-events-filtering-test4129250117/command-pr-only.md (82.5 KB)
=== RUN   TestCommandEventsFiltering/command_with_events:_[discussion]
⚠ The 'command:' trigger field is deprecated. Please use 'slash_command:' instead.
/tmp/gh-aw-test-runs/20260704-173215-1254793/workflow-command-events-filtering-test4129250117/command-discussion-only.md: warning: Missing required permissions for GitHub toolsets:
  - issues: read (required by issues)
  - pull-requests: read (required by pull_requests)

To fix this, you can either:

Option 1: Add missing permissions to your workflow frontmatter:
permissions:
  issues: read
  pull-requests: read

See: https://github.com/github/gh-aw/blob/main/docs/src/content/docs/reference/permissions.md

Option 2: Reduce the required toolsets in your workflow:
Remove or adjust toolsets that require these permissions:
  - issues
  - pull_requests

/tmp/gh-aw-test-runs/20260704-173215-1254793/workflow-command-events-filtering-test4129250117/command-discussion-only.md: info: Tip: set permissions.copilot-requests: write to use GitHub Actions token-based inference with the Copilot engine instead of a personal access token (COPILOT_GITHUB_TOKEN). This option requires that your organization has centralized Copilot billing enabled and may not be available in all organizations — see https://github.github.com/gh-aw/reference/billing/ for details.

✓ /tmp/gh-aw-test-runs/20260704-173215-1254793/workflow-command-events-filtering-test4129250117/command-discussion-only.md (82.7 KB)
=== RUN   TestCommandEventsFiltering/command_with_events:_[discussion_comment]
⚠ The 'command:' trigger field is deprecated. Please use 'slash_command:' instead.
/tmp/gh-aw-test-runs/20260704-173215-1254793/workflow-command-events-filtering-test4129250117/command-discussion-comment-only.md: warning: Missing required permissions for GitHub toolsets:
  - issues: read (required by issues)
  - pull-requests: read (required by pull_requests)

To fix this, you can either:

Option 1: Add missing permissions to your workflow frontmatter:
permissions:
  issues: read
  pull-requests: read

See: https://github.com/github/gh-aw/blob/main/docs/src/content/docs/reference/permissions.md

Option 2: Reduce the required toolsets in your workflow:
Remove or adjust toolsets that require these permissions:
  - issues
  - pull_requests

/tmp/gh-aw-test-runs/20260704-173215-1254793/workflow-command-events-filtering-test4129250117/command-discussion-comment-only.md: info: Tip: set permissions.copilot-requests: write to use GitHub Actions token-based inference with the Copilot engine instead of a personal access token (COPILOT_GITHUB_TOKEN). This option requires that your organization has centralized Copilot billing enabled and may not be available in all organizations — see https://github.github.com/gh-aw/reference/billing/ for details.

✓ /tmp/gh-aw-test-runs/20260704-173215-1254793/workflow-command-events-filtering-test4129250117/command-discussion-comment-only.md (83.0 KB)
=== RUN   TestCommandEventsFiltering/command_with_events:_[discussion,_discussion_comment]
⚠ The 'command:' trigger field is deprecated. Please use 'slash_command:' instead.
/tmp/gh-aw-test-runs/20260704-173215-1254793/workflow-command-events-filtering-test4129250117/command-both-discussion.md: warning: Missing required permissions for GitHub toolsets:
  - issues: read (required by issues)
  - pull-requests: read (required by pull_requests)

To fix this, you can either:

Option 1: Add missing permissions to your workflow frontmatter:
permissions:
  issues: read
  pull-requests: read

See: https://github.com/github/gh-aw/blob/main/docs/src/content/docs/reference/permissions.md

Option 2: Reduce the required toolsets in your workflow:
Remove or adjust toolsets that require these permissions:
  - issues
  - pull_requests

/tmp/gh-aw-test-runs/20260704-173215-1254793/workflow-command-events-filtering-test4129250117/command-both-discussion.md: info: Tip: set permissions.copilot-requests: write to use GitHub Actions token-based inference with the Copilot engine instead of a personal access token (COPILOT_GITHUB_TOKEN). This option requires that your organization has centralized Copilot billing enabled and may not be available in all organizations — see https://github.github.com/gh-aw/reference/billing/ for details.

✓ /tmp/gh-aw-test-runs/20260704-173215-1254793/workflow-command-events-filtering-test4129250117/command-both-discussion.md (83.3 KB)
--- PASS: TestCommandEventsFiltering (0.08s)
    --- PASS: TestCommandEventsFiltering/command_with_events:_[issues] (0.01s)
    --- PASS: TestCommandEventsFiltering/command_with_events:_[issues,_issue_comment] (0.01s)
    --- PASS: TestCommandEventsFiltering/command_with_events:_'*'_(all_events) (0.01s)
    --- PASS: TestCommandEventsFiltering/command_with_events:_[pull_request] (0.01s)
    --- PASS: TestCommandEventsFiltering/command_with_events:_[discussion] (0.01s)
    --- PASS: TestCommandEventsFiltering/command_with_events:_[discussion_comment] (0.01s)
    --- PASS: TestCommandEventsFiltering/command_with_events:_[discussion,_discussion_comment] (0.01s)
=== RUN   TestCommentMemoryToolConfig
=== RUN   TestCommentMemoryToolConfig/defaults_disabled_when_key_absent
=== RUN   TestCommentMemoryToolConfig/explicit_false_disables_comment-memory
=== RUN   TestCommentMemoryToolConfig/explicit_null_disables_comment-memory
=== RUN   TestCommentMemoryToolConfig/explicit_true_enables_with_defaults
--- PASS: TestCommentMemoryToolConfig (0.02s)
    --- PASS: TestCommentMemoryToolConfig/defaults_disabled_when_key_absent (0.01s)
    --- PASS: TestCommentMemoryToolConfig/explicit_false_disables_comment-memory (0.00s)
    --- PASS: TestCommentMemoryToolConfig/explicit_null_disables_comment-memory (0.00s)
    --- PASS: TestCommentMemoryToolConfig/explicit_true_enables_with_defaults (0.00s)
=== RUN   TestGetAllCommentEvents
--- PASS: TestGetAllCommentEvents (0.00s)
=== RUN   TestGetCommentEventByIdentifier
=== RUN   TestGetCommentEventByIdentifier/GitHub_Actions_event_name_'issues'
=== RUN   TestGetCommentEventByIdentifier/GitHub_Actions_event_name_'issue_comment'
=== RUN   TestGetCommentEventByIdentifier/GitHub_Actions_event_name_'pull_request'
=== RUN   TestGetCommentEventByIdentifier/GitHub_Actions_event_name_'pull_request_review_comment'
=== RUN   TestGetCommentEventByIdentifier/GitHub_Actions_event_name_'pull_request_comment'
=== RUN   TestGetCommentEventByIdentifier/GitHub_Actions_event_name_'discussion'
=== RUN   TestGetCommentEventByIdentifier/GitHub_Actions_event_name_'discussion_comment'
=== RUN   TestGetCommentEventByIdentifier/invalid_identifier
=== RUN   TestGetCommentEventByIdentifier/short_identifier_'issue'_is_not_supported
=== RUN   TestGetCommentEventByIdentifier/short_identifier_'comment'_is_not_supported
=== RUN   TestGetCommentEventByIdentifier/short_identifier_'pr'_is_not_supported
--- PASS: TestGetCommentEventByIdentifier (0.00s)
    --- PASS: TestGetCommentEventByIdentifier/GitHub_Actions_event_name_'issues' (0.00s)
    --- PASS: TestGetCommentEventByIdentifier/GitHub_Actions_event_name_'issue_comment' (0.00s)
    --- PASS: TestGetCommentEventByIdentifier/GitHub_Actions_event_name_'pull_request' (0.00s)
    --- PASS: TestGetCommentEventByIdentifier/GitHub_Actions_event_name_'pull_request_review_comment' (0.00s)
    --- PASS: TestGetCommentEventByIdentifier/GitHub_Actions_event_name_'pull_request_comment' (0.00s)
    --- PASS: TestGetCommentEventByIdentifier/GitHub_Actions_event_name_'discussion' (0.00s)
    --- PASS: TestGetCommentEventByIdentifier/GitHub_Actions_event_name_'discussion_comment' (0.00s)
    --- PASS: TestGetCommentEventByIdentifier/invalid_identifier (0.00s)
    --- PASS: TestGetCommentEventByIdentifier/short_identifier_'issue'_is_not_supported (0.00s)
    --- PASS: TestGetCommentEventByIdentifier/short_identifier_'comment'_is_not_supported (0.00s)
    --- PASS: TestGetCommentEventByIdentifier/short_identifier_'pr'_is_not_supported (0.00s)
=== RUN   TestParseCommandEvents
=== RUN   TestParseCommandEvents/nil_value_returns_default
=== RUN   TestParseCommandEvents/wildcard_string_returns_default
=== RUN   TestParseCommandEvents/single_event_string
=== RUN   TestParseCommandEvents/array_of_event_strings
=== RUN   TestParseCommandEvents/empty_array_returns_default
=== RUN   TestParseCommandEvents/array_with_non-strings_is_filtered
--- PASS: TestParseCommandEvents (0.00s)
    --- PASS: TestParseCommandEvents/nil_value_returns_default (0.00s)
    --- PASS: TestParseCommandEvents/wildcard_string_returns_default (0.00s)
    --- PASS: TestParseCommandEvents/single_event_string (0.00s)
    --- PASS: TestParseCommandEvents/array_of_event_strings (0.00s)
    --- PASS: TestParseCommandEvents/empty_array_returns_default (0.00s)
    --- PASS: TestParseCommandEvents/array_with_non-strings_is_filtered (0.00s)
=== RUN   TestFilterCommentEvents
=== RUN   TestFilterCommentEvents/nil_identifiers_returns_all_events
=== RUN   TestFilterCommentEvents/empty_identifiers_returns_all_events
=== RUN   TestFilterCommentEvents/single_identifier
=== RUN   TestFilterCommentEvents/multiple_identifiers
=== RUN   TestFilterCommentEvents/invalid_identifiers_are_filtered_out
=== RUN   TestFilterCommentEvents/GitHub_Actions_event_names
--- PASS: TestFilterCommentEvents (0.00s)
    --- PASS: TestFilterCommentEvents/nil_identifiers_returns_all_events (0.00s)
    --- PASS: TestFilterCommentEvents/empty_identifiers_returns_all_events (0.00s)
    --- PASS: TestFilterCommentEvents/single_identifier (0.00s)
    --- PASS: TestFilterCommentEvents/multiple_identifiers (0.00s)
    --- PASS: TestFilterCommentEvents/invalid_identifiers_are_filtered_out (0.00s)
    --- PASS: TestFilterCommentEvents/GitHub_Actions_event_names (0.00s)
=== RUN   TestGetCommentEventNames
--- PASS: TestGetCommentEventNames (0.00s)
=== RUN   TestAllowedDomainsParsing
=== RUN   TestAllowedDomainsParsing/no_output_config
=== RUN   TestAllowedDomainsParsing/output_config_with_allowed-domains
=== RUN   TestAllowedDomainsParsing/output_config_with_create-issue_and_allowed-domains
=== RUN   TestAllowedDomainsParsing/output_config_without_allowed-domains
--- PASS: TestAllowedDomainsParsing (0.00s)
    --- PASS: TestAllowedDomainsParsing/no_output_config (0.00s)
    --- PASS: TestAllowedDomainsParsing/output_config_with_allowed-domains (0.00s)
    --- PASS: TestAllowedDomainsParsing/output_config_with_create-issue_and_allowed-domains (0.00s)
    --- PASS: TestAllowedDomainsParsing/output_config_without_allowed-domains (0.00s)
=== RUN   TestAllowedDomainsInWorkflow
--- PASS: TestAllowedDomainsInWorkflow (0.00s)
=== RUN   TestSafeOutputsConfigGeneration
=== RUN   TestSafeOutputsConfigGeneration/create-discussion_config
=== RUN   TestSafeOutputsConfigGeneration/create-pull-request-review-comment_config
=== RUN   TestSafeOutputsConfigGeneration/create-code-scanning-alert_config
=== RUN   TestSafeOutputsConfigGeneration/multiple_safe_outputs_including_previously_missing_ones
=== RUN   TestSafeOutputsConfigGeneration/no_safe_outputs_config
--- PASS: TestSafeOutputsConfigGeneration (0.00s)
    --- PASS: TestSafeOutputsConfigGeneration/create-discussion_config (0.00s)
    --- PASS: TestSafeOutputsConfigGeneration/create-pull-request-review-comment_config (0.00s)
    --- PASS: TestSafeOutputsConfigGeneration/create-code-scanning-alert_config (0.00s)
    --- PASS: TestSafeOutputsConfigGeneration/multiple_safe_outputs_including_previously_missing_ones (0.00s)
    --- PASS: TestSafeOutputsConfigGeneration/no_safe_outputs_config (0.00s)
=== RUN   TestCreateDiscussionConfigParsing
=== RUN   TestCreateDiscussionConfigParsing/no_create-discussion_config
=== RUN   TestCreateDiscussionConfigParsing/basic_create-discussion_config
=== RUN   TestCreateDiscussionConfigParsing/create-discussion_with_title-prefix
=== RUN   TestCreateDiscussionConfigParsing/create-discussion_with_category_(string)
=== RUN   TestCreateDiscussionConfigParsing/create-discussion_with_category_(name)
=== RUN   TestCreateDiscussionConfigParsing/create-discussion_with_category_(number)
=== RUN   TestCreateDiscussionConfigParsing/create-discussion_with_all_options
--- PASS: TestCreateDiscussionConfigParsing (0.01s)
    --- PASS: TestCreateDiscussionConfigParsing/no_create-discussion_config (0.00s)
    --- PASS: TestCreateDiscussionConfigParsing/basic_create-discussion_config (0.00s)
    --- PASS: TestCreateDiscussionConfigParsing/create-discussion_with_title-prefix (0.00s)
    --- PASS: TestCreateDiscussionConfigParsing/create-discussion_with_category_(string) (0.00s)
    --- PASS: TestCreateDiscussionConfigParsing/create-discussion_with_category_(name) (0.00s)
    --- PASS: TestCreateDiscussionConfigParsing/create-discussion_with_category_(number) (0.00s)
    --- PASS: TestCreateDiscussionConfigParsing/create-discussion_with_all_options (0.00s)
=== RUN   TestAllowedLabelsConfigParsing
=== RUN   TestAllowedLabelsConfigParsing/create-issue_with_allowed-labels
=== RUN   TestAllowedLabelsConfigParsing/create-discussion_with_allowed-labels
=== RUN   TestAllowedLabelsConfigParsing/create-pull-request_with_allowed-labels
=== RUN   TestAllowedLabelsConfigParsing/all_safe_outputs_with_allowed-labels
--- PASS: TestAllowedLabelsConfigParsing (0.01s)
    --- PASS: TestAllowedLabelsConfigParsing/create-issue_with_allowed-labels (0.00s)
    --- PASS: TestAllowedLabelsConfigParsing/create-discussion_with_allowed-labels (0.00s)
    --- PASS: TestAllowedLabelsConfigParsing/create-pull-request_with_allowed-labels (0.00s)
    --- PASS: TestAllowedLabelsConfigParsing/all_safe_outputs_with_allowed-labels (0.00s)
=== RUN   TestAllowedLabelsJobGeneration
✓ /tmp/gh-aw-test-runs/20260704-173215-1254793/allowed-labels-job-test4258891596/test-workflow.md (111.2 KB)
--- PASS: TestAllowedLabelsJobGeneration (0.01s)
=== RUN   TestAllowedLabelsInSafeOutputsConfig
--- PASS: TestAllowedLabelsInSafeOutputsConfig (0.00s)
=== RUN   TestOutputCommentConfigParsing
--- PASS: TestOutputCommentConfigParsing (0.00s)
=== RUN   TestOutputCommentConfigParsingNull
--- PASS: TestOutputCommentConfigParsingNull (0.01s)
=== RUN   TestOutputCommentConfigTargetParsing
--- PASS: TestOutputCommentConfigTargetParsing (0.00s)
=== RUN   TestOutputCommentMaxTargetParsing
--- PASS: TestOutputCommentMaxTargetParsing (0.00s)
=== RUN   TestOutputCommentJobGeneration
✓ /tmp/gh-aw-test-runs/20260704-173215-1254793/output-comment-job-test368822172/test-output-issue-comment.md (102.6 KB)
--- PASS: TestOutputCommentJobGeneration (0.01s)
=== RUN   TestOutputCommentJobSkippedForNonIssueEvents
✓ /tmp/gh-aw-test-runs/20260704-173215-1254793/output-comment-skip-test3491548527/test-comment-skip.md (103.9 KB)
--- PASS: TestOutputCommentJobSkippedForNonIssueEvents (0.02s)
=== RUN   TestOutputIssueJobGenerationWithCopilotAssigneeAddsAgentToken
/tmp/gh-aw-test-runs/20260704-173215-1254793/output-issue-copilot-assignee-token1532553315/test-output-issue-copilot-assignee-token.md: info: Tip: set permissions.copilot-requests: write to use GitHub Actions token-based inference with the Copilot engine instead of a personal access token (COPILOT_GITHUB_TOKEN). This option requires that your organization has centralized Copilot billing enabled and may not be available in all organizations — see https://github.github.com/gh-aw/reference/billing/ for details.

✓ /tmp/gh-aw-test-runs/20260704-173215-1254793/output-issue-copilot-assignee-token1532553315/test-output-issue-copilot-assignee-token.md (100.8 KB)
--- PASS: TestOutputIssueJobGenerationWithCopilotAssigneeAddsAgentToken (0.01s)
=== RUN   TestOutputPRJobGenerationWithCopilotAssigneeAddsAgentToken
/tmp/gh-aw-test-runs/20260704-173215-1254793/output-pr-copilot-assignee-token884326976/test-output-pr-copilot-assignee-token.md: info: Tip: set permissions.copilot-requests: write to use GitHub Actions token-based inference with the Copilot engine instead of a personal access token (COPILOT_GITHUB_TOKEN). This option requires that your organization has centralized Copilot billing enabled and may not be available in all organizations — see https://github.github.com/gh-aw/reference/billing/ for details.

✓ /tmp/gh-aw-test-runs/20260704-173215-1254793/output-pr-copilot-assignee-token884326976/test-output-pr-copilot-assignee-token.md (104.3 KB)
--- PASS: TestOutputPRJobGenerationWithCopilotAssigneeAddsAgentToken (0.02s)
=== RUN   TestOutputConfigParsing
--- PASS: TestOutputConfigParsing (0.01s)
=== RUN   TestOutputConfigEmpty
--- PASS: TestOutputConfigEmpty (0.00s)
=== RUN   TestOutputConfigNull
--- PASS: TestOutputConfigNull (0.00s)
=== RUN   TestOutputIssueJobGeneration
✓ /tmp/gh-aw-test-runs/20260704-173215-1254793/output-issue-job-test1869065891/test-output-issue.md (101.2 KB)
--- PASS: TestOutputIssueJobGeneration (0.01s)
=== RUN   TestOutputIssueJobGenerationWithCopilotAssigneeUsesHandlerManagerOnly
/tmp/gh-aw-test-runs/20260704-173215-1254793/output-issue-copilot-assignee190864947/test-output-issue-copilot-assignee.md: info: Tip: set permissions.copilot-requests: write to use GitHub Actions token-based inference with the Copilot engine instead of a personal access token (COPILOT_GITHUB_TOKEN). This option requires that your organization has centralized Copilot billing enabled and may not be available in all organizations — see https://github.github.com/gh-aw/reference/billing/ for details.

✓ /tmp/gh-aw-test-runs/20260704-173215-1254793/output-issue-copilot-assignee190864947/test-output-issue-copilot-assignee.md (100.5 KB)
--- PASS: TestOutputIssueJobGenerationWithCopilotAssigneeUsesHandlerManagerOnly (0.02s)
=== RUN   TestOutputLabelConfigParsing
--- PASS: TestOutputLabelConfigParsing (0.00s)
=== RUN   TestOutputLabelJobGeneration
✓ /tmp/gh-aw-test-runs/20260704-173215-1254793/output-label-job-test1716957335/test-output-labels.md (102.0 KB)
--- PASS: TestOutputLabelJobGeneration (0.01s)
=== RUN   TestOutputLabelJobGenerationNoAllowedLabels
✓ /tmp/gh-aw-test-runs/20260704-173215-1254793/output-label-no-allowed-test3332400781/test-label-no-allowed.md (105.6 KB)
--- PASS: TestOutputLabelJobGenerationNoAllowedLabels (0.01s)
=== RUN   TestOutputLabelJobGenerationNullConfig
✓ /tmp/gh-aw-test-runs/20260704-173215-1254793/output-label-null-config-test1054071813/test-label-null-config.md (105.4 KB)
--- PASS: TestOutputLabelJobGenerationNullConfig (0.02s)
=== RUN   TestOutputLabelConfigNullParsing
--- PASS: TestOutputLabelConfigNullParsing (0.00s)
=== RUN   TestOutputLabelConfigMaxCountParsing
--- PASS: TestOutputLabelConfigMaxCountParsing (0.00s)
=== RUN   TestOutputLabelConfigDefaultMaxCount
--- PASS: TestOutputLabelConfigDefaultMaxCount (0.00s)
=== RUN   TestOutputLabelJobGenerationWithMaxCount
✓ /tmp/gh-aw-test-runs/20260704-173215-1254793/output-label-job-max-test4050588888/test-output-labels-max.md (102.4 KB)
--- PASS: TestOutputLabelJobGenerationWithMaxCount (0.02s)
=== RUN   TestOutputLabelJobGenerationWithDefaultMaxCount
✓ /tmp/gh-aw-test-runs/20260704-173215-1254793/output-label-job-default-max-test697496068/test-output-labels-default-max.md (102.6 KB)
--- PASS: TestOutputLabelJobGenerationWithDefaultMaxCount (0.02s)
=== RUN   TestOutputLabelConfigValidation
--- PASS: TestOutputLabelConfigValidation (0.01s)
=== RUN   TestOutputLabelConfigMissingAllowed
✓ /tmp/gh-aw-test-runs/20260704-173215-1254793/output-label-missing-test1670027686/test-label-missing.md (105.1 KB)
--- PASS: TestOutputLabelConfigMissingAllowed (0.01s)
=== RUN   TestOutputLabelBlockedPatternsConfig
✓ /tmp/gh-aw-test-runs/20260704-173215-1254793/output-label-blocked-test463691629/test-blocked-labels.md (105.3 KB)
--- PASS: TestOutputLabelBlockedPatternsConfig (0.02s)
=== RUN   TestOutputLabelRemoveBlockedPatternsConfig
✓ /tmp/gh-aw-test-runs/20260704-173215-1254793/remove-label-blocked-test627296903/test-remove-blocked.md (105.4 KB)
--- PASS: TestOutputLabelRemoveBlockedPatternsConfig (0.01s)
=== RUN   TestOutputPullRequestConfigParsing
--- PASS: TestOutputPullRequestConfigParsing (0.00s)
=== RUN   TestOutputPullRequestJobGeneration
✓ /tmp/gh-aw-test-runs/20260704-173215-1254793/output-pr-job-test908134434/test-output-pr.md (104.9 KB)
--- PASS: TestOutputPullRequestJobGeneration (0.01s)
=== RUN   TestOutputPullRequestDraftFalse
✓ /tmp/gh-aw-test-runs/20260704-173215-1254793/output-pr-draft-false-test2442396202/test-output-pr-draft-false.md (105.2 KB)
--- PASS: TestOutputPullRequestDraftFalse (0.02s)
=== RUN   TestOutputPullRequestDraftTrue
✓ /tmp/gh-aw-test-runs/20260704-173215-1254793/output-pr-draft-true-test2023351188/test-output-pr-draft-true.md (105.2 KB)
--- PASS: TestOutputPullRequestDraftTrue (0.01s)
=== RUN   TestOutputPullRequestDraftExpression
✓ /tmp/gh-aw-test-runs/20260704-173215-1254793/output-pr-draft-expr-test2588697738/test-output-pr-draft-expr.md (103.2 KB)
--- PASS: TestOutputPullRequestDraftExpression (0.02s)
=== RUN   TestCreatePullRequestIfNoChangesConfig
✓ /tmp/gh-aw-test-runs/20260704-173215-1254793/create-pr-if-no-changes-test3225864317/test-create-pr-if-no-changes.md (108.7 KB)
--- PASS: TestCreatePullRequestIfNoChangesConfig (0.02s)
=== RUN   TestCreatePullRequestPatchArtifactDownload
/tmp/gh-aw-test-runs/20260704-173215-1254793/test-3538310423/test-create-pr-patch-download.md: info: Tip: set permissions.copilot-requests: write to use GitHub Actions token-based inference with the Copilot engine instead of a personal access token (COPILOT_GITHUB_TOKEN). This option requires that your organization has centralized Copilot billing enabled and may not be available in all organizations — see https://github.github.com/gh-aw/reference/billing/ for details.

✓ /tmp/gh-aw-test-runs/20260704-173215-1254793/test-3538310423/test-create-pr-patch-download.md (105.8 KB)
--- PASS: TestCreatePullRequestPatchArtifactDownload (0.01s)
=== RUN   TestCreatePullRequestAutoMergeConfig
/tmp/gh-aw-test-runs/20260704-173215-1254793/test-auto-merge-376894968/test-auto-merge.md: info: Tip: set permissions.copilot-requests: write to use GitHub Actions token-based inference with the Copilot engine instead of a personal access token (COPILOT_GITHUB_TOKEN). This option requires that your organization has centralized Copilot billing enabled and may not be available in all organizations — see https://github.github.com/gh-aw/reference/billing/ for details.

✓ /tmp/gh-aw-test-runs/20260704-173215-1254793/test-auto-merge-376894968/test-auto-merge.md (105.5 KB)
--- PASS: TestCreatePullRequestAutoMergeConfig (0.01s)
=== RUN   TestOutputPullRequestFallbackAsIssueFalse
✓ /tmp/gh-aw-test-runs/20260704-173215-1254793/output-pr-fallback-false-test3817271508/test-output-pr-fallback-false.md (108.3 KB)
--- PASS: TestOutputPullRequestFallbackAsIssueFalse (0.02s)
=== RUN   TestOutputPullRequestSignedCommitsDisabled
✓ /tmp/gh-aw-test-runs/20260704-173215-1254793/output-pr-signed-commits-test3739455368/test-output-pr-signed-commits.md (108.5 KB)
--- PASS: TestOutputPullRequestSignedCommitsDisabled (0.01s)
=== RUN   TestOutputPullRequestFallbackAsIssueDefault
✓ /tmp/gh-aw-test-runs/20260704-173215-1254793/output-pr-fallback-default-test529559340/test-output-pr-fallback-default.md (108.4 KB)
--- PASS: TestOutputPullRequestFallbackAsIssueDefault (0.01s)
=== RUN   TestOutputPullRequestPreserveBranchName
✓ /tmp/gh-aw-test-runs/20260704-173215-1254793/output-pr-preserve-branch-test2781867513/test-output-pr-preserve-branch.md (108.5 KB)
--- PASS: TestOutputPullRequestPreserveBranchName (0.02s)
=== RUN   TestOutputPullRequestPreserveBranchNameDefault
✓ /tmp/gh-aw-test-runs/20260704-173215-1254793/output-pr-preserve-branch-default-test2639130508/test-output-pr-preserve-branch-default.md (108.7 KB)
--- PASS: TestOutputPullRequestPreserveBranchNameDefault (0.02s)
=== RUN   TestCompiledLockFiles_SafeOutputsJobOutputs
⚠ Engine 'pi' does not support bare mode (engine.bare: true). Bare mode is only supported for the 'copilot' and 'claude' engines. The setting will be ignored.
⚠ Engine 'pi' does not support bare mode (engine.bare: true). Bare mode is only supported for the 'copilot' and 'claude' engines. The setting will be ignored.
ℹ recommend using ecosystem identifiers instead of individual domain names for better maintainability: 'github.github.com' → 'gh-aw'
⚠ Using experimental Crush support (engine: crush)
⚠ 'tools' section ignored when using engine: crush (Crush doesn't support MCP tool allow-listing)
⚠ Using experimental OpenCode support (engine: opencode)
⚠ 'tools' section ignored when using engine: opencode (OpenCode doesn't support MCP tool allow-listing)
⚠ experiment comparison expression uses double quotes: "experiments.prompt_style_test == \"concise\"" — GitHub Actions expressions require single quotes; use single quotes instead (e.g. experiments.name == 'value')
    compiled_lock_files_test.go:140: Validated safe_outputs job outputs for 98 workflow(s)
--- PASS: TestCompiledLockFiles_SafeOutputsJobOutputs (1.16s)
=== RUN   TestCompiledLockFiles_SmokePiOmitsYoloArg
--- PASS: TestCompiledLockFiles_SmokePiOmitsYoloArg (0.00s)
=== RUN   TestCompiledLockFiles_SmokePiKeepsCLIProxySafeoutputsWiring
--- PASS: TestCompiledLockFiles_SmokePiKeepsCLIProxySafeoutputsWiring (0.00s)
=== RUN   TestCompiledLockFiles_WorkflowCallOutputs
⚠ Engine 'pi' does not support bare mode (engine.bare: true). Bare mode is only supported for the 'copilot' and 'claude' engines. The setting will be ignored.
⚠ Engine 'pi' does not support bare mode (engine.bare: true). Bare mode is only supported for the 'copilot' and 'claude' engines. The setting will be ignored.
ℹ recommend using ecosystem identifiers instead of individual domain names for better maintainability: 'github.github.com' → 'gh-aw'
⚠ Using experimental Crush support (engine: crush)
⚠ 'tools' section ignored when using engine: crush (Crush doesn't support MCP tool allow-listing)
⚠ Using experimental OpenCode support (engine: opencode)
⚠ 'tools' section ignored when using engine: opencode (OpenCode doesn't support MCP tool allow-listing)
⚠ experiment comparison expression uses double quotes: "experiments.prompt_style_test == \"concise\"" — GitHub Actions expressions require single quotes; use single quotes instead (e.g. experiments.name == 'value')
    compiled_lock_files_test.go:236: Validated on.workflow_call.outputs for 2 workflow(s)
--- PASS: TestCompiledLockFiles_WorkflowCallOutputs (1.18s)
=== RUN   TestCompiledLockFiles_NoSpuriousWorkflowCallOutputs
⚠ Engine 'pi' does not support bare mode (engine.bare: true). Bare mode is only supported for the 'copilot' and 'claude' engines. The setting will be ignored.
⚠ Engine 'pi' does not support bare mode (engine.bare: true). Bare mode is only supported for the 'copilot' and 'claude' engines. The setting will be ignored.
ℹ recommend using ecosystem identifiers instead of individual domain names for better maintainability: 'github.github.com' → 'gh-aw'
⚠ Using experimental Crush support (engine: crush)
⚠ 'tools' section ignored when using engine: crush (Crush doesn't support MCP tool allow-listing)
⚠ Using experimental OpenCode support (engine: opencode)
⚠ 'tools' section ignored when using engine: opencode (OpenCode doesn't support MCP tool allow-listing)
⚠ experiment comparison expression uses double quotes: "experiments.prompt_style_test == \"concise\"" — GitHub Actions expressions require single quotes; use single quotes instead (e.g. experiments.name == 'value')
    compiled_lock_files_test.go:282: Validated no spurious workflow_call outputs for 96 workflow(s)
--- PASS: TestCompiledLockFiles_NoSpuriousWorkflowCallOutputs (1.08s)
=== RUN   TestCompiledLockFiles_SmokeWorkflowsHaveDetectionJobWithAgenticRunCall
=== RUN   TestCompiledLockFiles_SmokeWorkflowsHaveDetectionJobWithAgenticRunCall/smoke-copilot.lock.yml
=== RUN   TestCompiledLockFiles_SmokeWorkflowsHaveDetectionJobWithAgenticRunCall/smoke-copilot.lock.yml/HasDetectionConclusionOutput
=== RUN   TestCompiledLockFiles_SmokeWorkflowsHaveDetectionJobWithAgenticRunCall/smoke-copilot.lock.yml/HasDetectionSuccessOutput
=== RUN   TestCompiledLockFiles_SmokeWorkflowsHaveDetectionJobWithAgenticRunCall/smoke-copilot.lock.yml/HasAgenticExecutionStepID
=== RUN   TestCompiledLockFiles_SmokeWorkflowsHaveDetectionJobWithAgenticRunCall/smoke-copilot.lock.yml/AgenticExecutionStepHasContinueOnError
=== RUN   TestCompiledLockFiles_SmokeWorkflowsHaveDetectionJobWithAgenticRunCall/smoke-copilot.lock.yml/AgenticExecutionStepUsesAWF
=== RUN   TestCompiledLockFiles_SmokeWorkflowsHaveDetectionJobWithAgenticRunCall/smoke-claude.lock.yml
=== RUN   TestCompiledLockFiles_SmokeWorkflowsHaveDetectionJobWithAgenticRunCall/smoke-claude.lock.yml/HasDetectionConclusionOutput
=== RUN   TestCompiledLockFiles_SmokeWorkflowsHaveDetectionJobWithAgenticRunCall/smoke-claude.lock.yml/HasDetectionSuccessOutput
=== RUN   TestCompiledLockFiles_SmokeWorkflowsHaveDetectionJobWithAgenticRunCall/smoke-claude.lock.yml/HasAgenticExecutionStepID
=== RUN   TestCompiledLockFiles_SmokeWorkflowsHaveDetectionJobWithAgenticRunCall/smoke-claude.lock.yml/AgenticExecutionStepHasContinueOnError
=== RUN   TestCompiledLockFiles_SmokeWorkflowsHaveDetectionJobWithAgenticRunCall/smoke-claude.lock.yml/AgenticExecutionStepUsesAWF
--- PASS: TestCompiledLockFiles_SmokeWorkflowsHaveDetectionJobWithAgenticRunCall (0.00s)
    --- PASS: TestCompiledLockFiles_SmokeWorkflowsHaveDetectionJobWithAgenticRunCall/smoke-copilot.lock.yml (0.00s)
        --- PASS: TestCompiledLockFiles_SmokeWorkflowsHaveDetectionJobWithAgenticRunCall/smoke-copilot.lock.yml/HasDetectionConclusionOutput (0.00s)
        --- PASS: TestCompiledLockFiles_SmokeWorkflowsHaveDetectionJobWithAgenticRunCall/smoke-copilot.lock.yml/HasDetectionSuccessOutput (0.00s)
        --- PASS: TestCompiledLockFiles_SmokeWorkflowsHaveDetectionJobWithAgenticRunCall/smoke-copilot.lock.yml/HasAgenticExecutionStepID (0.00s)
        --- PASS: TestCompiledLockFiles_SmokeWorkflowsHaveDetectionJobWithAgenticRunCall/smoke-copilot.lock.yml/AgenticExecutionStepHasContinueOnError (0.00s)
        --- PASS: TestCompiledLockFiles_SmokeWorkflowsHaveDetectionJobWithAgenticRunCall/smoke-copilot.lock.yml/AgenticExecutionStepUsesAWF (0.00s)
    --- PASS: TestCompiledLockFiles_SmokeWorkflowsHaveDetectionJobWithAgenticRunCall/smoke-claude.lock.yml (0.00s)
        --- PASS: TestCompiledLockFiles_SmokeWorkflowsHaveDetectionJobWithAgenticRunCall/smoke-claude.lock.yml/HasDetectionConclusionOutput (0.00s)
        --- PASS: TestCompiledLockFiles_SmokeWorkflowsHaveDetectionJobWithAgenticRunCall/smoke-claude.lock.yml/HasDetectionSuccessOutput (0.00s)
        --- PASS: TestCompiledLockFiles_SmokeWorkflowsHaveDetectionJobWithAgenticRunCall/smoke-claude.lock.yml/HasAgenticExecutionStepID (0.00s)
        --- PASS: TestCompiledLockFiles_SmokeWorkflowsHaveDetectionJobWithAgenticRunCall/smoke-claude.lock.yml/AgenticExecutionStepHasContinueOnError (0.00s)
        --- PASS: TestCompiledLockFiles_SmokeWorkflowsHaveDetectionJobWithAgenticRunCall/smoke-claude.lock.yml/AgenticExecutionStepUsesAWF (0.00s)
=== RUN   TestCompiledLockFiles_SmokeWorkflowCallHasExpectedOutputs
=== RUN   TestCompiledLockFiles_SmokeWorkflowCallHasExpectedOutputs/SourceHasWorkflowCallTrigger
=== RUN   TestCompiledLockFiles_SmokeWorkflowCallHasExpectedOutputs/LockHasWorkflowCallTrigger
=== RUN   TestCompiledLockFiles_SmokeWorkflowCallHasExpectedOutputs/LockHasAwContextWorkflowCallInput
=== RUN   TestCompiledLockFiles_SmokeWorkflowCallHasExpectedOutputs/LockHasSafeOutputsJob
=== RUN   TestCompiledLockFiles_SmokeWorkflowCallHasExpectedOutputs/LockUploadsOTELMirrorInAgentArtifact
=== RUN   TestCompiledLockFiles_SmokeWorkflowCallHasExpectedOutputs/WorkflowCallOutputs_CommentID
=== RUN   TestCompiledLockFiles_SmokeWorkflowCallHasExpectedOutputs/SafeOutputsJobOutputs_CommentID
--- PASS: TestCompiledLockFiles_SmokeWorkflowCallHasExpectedOutputs (0.01s)
    --- PASS: TestCompiledLockFiles_SmokeWorkflowCallHasExpectedOutputs/SourceHasWorkflowCallTrigger (0.00s)
    --- PASS: TestCompiledLockFiles_SmokeWorkflowCallHasExpectedOutputs/LockHasWorkflowCallTrigger (0.00s)
    --- PASS: TestCompiledLockFiles_SmokeWorkflowCallHasExpectedOutputs/LockHasAwContextWorkflowCallInput (0.00s)
    --- PASS: TestCompiledLockFiles_SmokeWorkflowCallHasExpectedOutputs/LockHasSafeOutputsJob (0.00s)
    --- PASS: TestCompiledLockFiles_SmokeWorkflowCallHasExpectedOutputs/LockUploadsOTELMirrorInAgentArtifact (0.00s)
    --- PASS: TestCompiledLockFiles_SmokeWorkflowCallHasExpectedOutputs/WorkflowCallOutputs_CommentID (0.00s)
    --- PASS: TestCompiledLockFiles_SmokeWorkflowCallHasExpectedOutputs/SafeOutputsJobOutputs_CommentID (0.00s)
=== RUN   TestCompiledLockFiles_SmokeCallWorkflowForwardsAwContext
=== RUN   TestCompiledLockFiles_SmokeCallWorkflowForwardsAwContext/CallWorkflowJobForwardsGeneratedAwContext
--- PASS: TestCompiledLockFiles_SmokeCallWorkflowForwardsAwContext (0.00s)
    --- PASS: TestCompiledLockFiles_SmokeCallWorkflowForwardsAwContext/CallWorkflowJobForwardsGeneratedAwContext (0.00s)
=== RUN   TestGenerateCheckoutGitHubFolderForActivation_WorkflowCall
=== RUN   TestGenerateCheckoutGitHubFolderForActivation_WorkflowCall/workflow_call_trigger_-_cross-repo_checkout_with_conditional_repository_and_ref
=== RUN   TestGenerateCheckoutGitHubFolderForActivation_WorkflowCall/workflow_call_with_inputs_and_mixed_triggers
=== RUN   TestGenerateCheckoutGitHubFolderForActivation_WorkflowCall/workflow_call_with_inlined-imports_-_standard_checkout_without_cross-repo_expression
=== RUN   TestGenerateCheckoutGitHubFolderForActivation_WorkflowCall/no_workflow_call_-_standard_checkout_without_repository_field
=== RUN   TestGenerateCheckoutGitHubFolderForActivation_WorkflowCall/issue_comment_only_-_no_repository_field
=== RUN   TestGenerateCheckoutGitHubFolderForActivation_WorkflowCall/action-tag_specified_with_workflow_call_-_no_checkout_emitted
--- PASS: TestGenerateCheckoutGitHubFolderForActivation_WorkflowCall (0.01s)
    --- PASS: TestGenerateCheckoutGitHubFolderForActivation_WorkflowCall/workflow_call_trigger_-_cross-repo_checkout_with_conditional_repository_and_ref (0.00s)
    --- PASS: TestGenerateCheckoutGitHubFolderForActivation_WorkflowCall/workflow_call_with_inputs_and_mixed_triggers (0.00s)
    --- PASS: TestGenerateCheckoutGitHubFolderForActivation_WorkflowCall/workflow_call_with_inlined-imports_-_standard_checkout_without_cross-repo_expression (0.00s)
    --- PASS: TestGenerateCheckoutGitHubFolderForActivation_WorkflowCall/no_workflow_call_-_standard_checkout_without_repository_field (0.00s)
    --- PASS: TestGenerateCheckoutGitHubFolderForActivation_WorkflowCall/issue_comment_only_-_no_repository_field (0.00s)
    --- PASS: TestGenerateCheckoutGitHubFolderForActivation_WorkflowCall/action-tag_specified_with_workflow_call_-_no_checkout_emitted (0.00s)
=== RUN   TestGenerateGitHubFolderCheckoutStep
=== RUN   TestGenerateGitHubFolderCheckoutStep/empty_repository_-_no_repository_field
=== RUN   TestGenerateGitHubFolderCheckoutStep/literal_repository_value
=== RUN   TestGenerateGitHubFolderCheckoutStep/step_output_expression_for_cross-repo
--- PASS: TestGenerateGitHubFolderCheckoutStep (0.00s)
    --- PASS: TestGenerateGitHubFolderCheckoutStep/empty_repository_-_no_repository_field (0.00s)
    --- PASS: TestGenerateGitHubFolderCheckoutStep/literal_repository_value (0.00s)
    --- PASS: TestGenerateGitHubFolderCheckoutStep/step_output_expression_for_cross-repo (0.00s)
=== RUN   TestGenerateResolveHostRepoStep
--- PASS: TestGenerateResolveHostRepoStep (0.00s)
=== RUN   TestCheckoutDoesNotUseEventNameExpression
--- PASS: TestCheckoutDoesNotUseEventNameExpression (0.00s)
=== RUN   TestActivationCrossRepoGuidanceStepRequiresResolveHostRepo
=== RUN   TestActivationCrossRepoGuidanceStepRequiresResolveHostRepo/workflow_call_without_inlined_imports_includes_guidance_and_resolve_step
=== RUN   TestActivationCrossRepoGuidanceStepRequiresResolveHostRepo/workflow_call_with_inlined_imports_excludes_guidance_and_resolve_step
--- PASS: TestActivationCrossRepoGuidanceStepRequiresResolveHostRepo (0.00s)
    --- PASS: TestActivationCrossRepoGuidanceStepRequiresResolveHostRepo/workflow_call_without_inlined_imports_includes_guidance_and_resolve_step (0.00s)
    --- PASS: TestActivationCrossRepoGuidanceStepRequiresResolveHostRepo/workflow_call_with_inlined_imports_excludes_guidance_and_resolve_step (0.00s)
=== RUN   TestActivationJobTargetRepoOutput
=== RUN   TestActivationJobTargetRepoOutput/workflow_call_trigger_-_target_repo_output_added
=== RUN   TestActivationJobTargetRepoOutput/mixed_triggers_with_workflow_call_-_target_repo_output_added
=== RUN   TestActivationJobTargetRepoOutput/workflow_call_with_inlined-imports_-_no_target_repo_output
=== RUN   TestActivationJobTargetRepoOutput/no_workflow_call_-_no_target_repo_output
--- PASS: TestActivationJobTargetRepoOutput (0.01s)
    --- PASS: TestActivationJobTargetRepoOutput/workflow_call_trigger_-_target_repo_output_added (0.00s)
    --- PASS: TestActivationJobTargetRepoOutput/mixed_triggers_with_workflow_call_-_target_repo_output_added (0.00s)
    --- PASS: TestActivationJobTargetRepoOutput/workflow_call_with_inlined-imports_-_no_target_repo_output (0.00s)
    --- PASS: TestActivationJobTargetRepoOutput/no_workflow_call_-_no_target_repo_output (0.00s)
=== RUN   TestActivationJobTargetRefOutput
=== RUN   TestActivationJobTargetRefOutput/workflow_call_trigger_-_target_ref_output_added
=== RUN   TestActivationJobTargetRefOutput/mixed_triggers_with_workflow_call_-_target_ref_output_added
=== RUN   TestActivationJobTargetRefOutput/workflow_call_with_inlined-imports_-_no_target_ref_output
=== RUN   TestActivationJobTargetRefOutput/no_workflow_call_-_no_target_ref_output
--- PASS: TestActivationJobTargetRefOutput (0.01s)
    --- PASS: TestActivationJobTargetRefOutput/workflow_call_trigger_-_target_ref_output_added (0.00s)
    --- PASS: TestActivationJobTargetRefOutput/mixed_triggers_with_workflow_call_-_target_ref_output_added (0.00s)
    --- PASS: TestActivationJobTargetRefOutput/workflow_call_with_inlined-imports_-_no_target_ref_output (0.00s)
    --- PASS: TestActivationJobTargetRefOutput/no_workflow_call_-_no_target_ref_output (0.00s)
=== RUN   TestActivationJobTargetCheckoutRefOutput
=== RUN   TestActivationJobTargetCheckoutRefOutput/workflow_call_trigger_-_target_checkout_ref_output_added
=== RUN   TestActivationJobTargetCheckoutRefOutput/mixed_triggers_with_workflow_call_-_target_checkout_ref_output_added
=== RUN   TestActivationJobTargetCheckoutRefOutput/workflow_call_with_inlined-imports_-_no_target_checkout_ref_output
=== RUN   TestActivationJobTargetCheckoutRefOutput/no_workflow_call_-_no_target_checkout_ref_output
--- PASS: TestActivationJobTargetCheckoutRefOutput (0.01s)
    --- PASS: TestActivationJobTargetCheckoutRefOutput/workflow_call_trigger_-_target_checkout_ref_output_added (0.00s)
    --- PASS: TestActivationJobTargetCheckoutRefOutput/mixed_triggers_with_workflow_call_-_target_checkout_ref_output_added (0.00s)
    --- PASS: TestActivationJobTargetCheckoutRefOutput/workflow_call_with_inlined-imports_-_no_target_checkout_ref_output (0.00s)
    --- PASS: TestActivationJobTargetCheckoutRefOutput/no_workflow_call_-_no_target_checkout_ref_output (0.00s)
=== RUN   TestActivationJobTargetRefIsDispatchCompatible
--- PASS: TestActivationJobTargetRefIsDispatchCompatible (0.00s)
=== RUN   TestActivationJobTargetRepoNameOutput
=== RUN   TestActivationJobTargetRepoNameOutput/workflow_call_trigger_-_target_repo_name_output_added
=== RUN   TestActivationJobTargetRepoNameOutput/mixed_triggers_with_workflow_call_-_target_repo_name_output_added
=== RUN   TestActivationJobTargetRepoNameOutput/workflow_call_with_inlined-imports_-_no_target_repo_name_output
=== RUN   TestActivationJobTargetRepoNameOutput/no_workflow_call_-_no_target_repo_name_output
--- PASS: TestActivationJobTargetRepoNameOutput (0.01s)
    --- PASS: TestActivationJobTargetRepoNameOutput/workflow_call_trigger_-_target_repo_name_output_added (0.00s)
    --- PASS: TestActivationJobTargetRepoNameOutput/mixed_triggers_with_workflow_call_-_target_repo_name_output_added (0.00s)
    --- PASS: TestActivationJobTargetRepoNameOutput/workflow_call_with_inlined-imports_-_no_target_repo_name_output (0.00s)
    --- PASS: TestActivationJobTargetRepoNameOutput/no_workflow_call_-_no_target_repo_name_output (0.00s)
=== RUN   TestCheckoutGitHubFolderIncludesRef
=== RUN   TestCheckoutGitHubFolderIncludesRef/workflow_call_trigger_-_ref_field_emitted
=== RUN   TestCheckoutGitHubFolderIncludesRef/mixed_triggers_with_workflow_call_-_ref_field_emitted
=== RUN   TestCheckoutGitHubFolderIncludesRef/workflow_call_with_inlined-imports_-_no_ref_field
=== RUN   TestCheckoutGitHubFolderIncludesRef/no_workflow_call_-_no_ref_field
--- PASS: TestCheckoutGitHubFolderIncludesRef (0.01s)
    --- PASS: TestCheckoutGitHubFolderIncludesRef/workflow_call_trigger_-_ref_field_emitted (0.00s)
    --- PASS: TestCheckoutGitHubFolderIncludesRef/mixed_triggers_with_workflow_call_-_ref_field_emitted (0.00s)
    --- PASS: TestCheckoutGitHubFolderIncludesRef/workflow_call_with_inlined-imports_-_no_ref_field (0.00s)
    --- PASS: TestCheckoutGitHubFolderIncludesRef/no_workflow_call_-_no_ref_field (0.00s)
=== RUN   TestGenerateCheckoutGitHubFolderForActivation_ActionsModeSetupPath
=== RUN   TestGenerateCheckoutGitHubFolderForActivation_ActionsModeSetupPath/dev_mode_-_actions/setup_must_be_in_sparse-checkout
=== RUN   TestGenerateCheckoutGitHubFolderForActivation_ActionsModeSetupPath/release_mode_-_actions/setup_must_NOT_be_in_sparse-checkout
=== RUN   TestGenerateCheckoutGitHubFolderForActivation_ActionsModeSetupPath/script_mode_-_actions/setup_must_NOT_be_in_sparse-checkout
=== RUN   TestGenerateCheckoutGitHubFolderForActivation_ActionsModeSetupPath/action_mode_-_actions/setup_must_NOT_be_in_sparse-checkout
--- PASS: TestGenerateCheckoutGitHubFolderForActivation_ActionsModeSetupPath (0.01s)
    --- PASS: TestGenerateCheckoutGitHubFolderForActivation_ActionsModeSetupPath/dev_mode_-_actions/setup_must_be_in_sparse-checkout (0.00s)
    --- PASS: TestGenerateCheckoutGitHubFolderForActivation_ActionsModeSetupPath/release_mode_-_actions/setup_must_NOT_be_in_sparse-checkout (0.00s)
    --- PASS: TestGenerateCheckoutGitHubFolderForActivation_ActionsModeSetupPath/script_mode_-_actions/setup_must_NOT_be_in_sparse-checkout (0.00s)
    --- PASS: TestGenerateCheckoutGitHubFolderForActivation_ActionsModeSetupPath/action_mode_-_actions/setup_must_NOT_be_in_sparse-checkout (0.00s)
=== RUN   TestGenerateGitHubFolderCheckoutStep_ExtraPaths
--- PASS: TestGenerateGitHubFolderCheckoutStep_ExtraPaths (0.00s)
=== RUN   TestGenerateGitHubFolderCheckoutStep_Token
=== RUN   TestGenerateGitHubFolderCheckoutStep_Token/empty_token_-_no_token_field
=== RUN   TestGenerateGitHubFolderCheckoutStep_Token/default_GITHUB_TOKEN_-_no_token_field_emitted
=== RUN   TestGenerateGitHubFolderCheckoutStep_Token/custom_PAT_secret_-_token_field_emitted
=== RUN   TestGenerateGitHubFolderCheckoutStep_Token/GitHub_App_minted_token_-_token_field_emitted
--- PASS: TestGenerateGitHubFolderCheckoutStep_Token (0.00s)
    --- PASS: TestGenerateGitHubFolderCheckoutStep_Token/empty_token_-_no_token_field (0.00s)
    --- PASS: TestGenerateGitHubFolderCheckoutStep_Token/default_GITHUB_TOKEN_-_no_token_field_emitted (0.00s)
    --- PASS: TestGenerateGitHubFolderCheckoutStep_Token/custom_PAT_secret_-_token_field_emitted (0.00s)
    --- PASS: TestGenerateGitHubFolderCheckoutStep_Token/GitHub_App_minted_token_-_token_field_emitted (0.00s)
=== RUN   TestCheckoutTokenPropagatedToActivation
=== RUN   TestCheckoutTokenPropagatedToActivation/custom_token_with_workflow_call_-_token_emitted_in_checkout
=== RUN   TestCheckoutTokenPropagatedToActivation/default_GITHUB_TOKEN_-_no_token_field_in_checkout
=== RUN   TestCheckoutTokenPropagatedToActivation/custom_token_without_workflow_call_-_token_emitted_in_checkout
--- PASS: TestCheckoutTokenPropagatedToActivation (0.00s)
    --- PASS: TestCheckoutTokenPropagatedToActivation/custom_token_with_workflow_call_-_token_emitted_in_checkout (0.00s)
    --- PASS: TestCheckoutTokenPropagatedToActivation/default_GITHUB_TOKEN_-_no_token_field_in_checkout (0.00s)
    --- PASS: TestCheckoutTokenPropagatedToActivation/custom_token_without_workflow_call_-_token_emitted_in_checkout (0.00s)
=== RUN   TestCheckoutSameRepoGuardWithCustomToken
=== RUN   TestCheckoutSameRepoGuardWithCustomToken/custom_PAT_with_workflow_call_-_no_same-repo_guard
=== RUN   TestCheckoutSameRepoGuardWithCustomToken/default_GITHUB_TOKEN_with_workflow_call_-_same-repo_guard_present
=== RUN   TestCheckoutSameRepoGuardWithCustomToken/default_GITHUB_TOKEN_without_workflow_call_-_no_same-repo_guard
--- PASS: TestCheckoutSameRepoGuardWithCustomToken (0.00s)
    --- PASS: TestCheckoutSameRepoGuardWithCustomToken/custom_PAT_with_workflow_call_-_no_same-repo_guard (0.00s)
    --- PASS: TestCheckoutSameRepoGuardWithCustomToken/default_GITHUB_TOKEN_with_workflow_call_-_same-repo_guard_present (0.00s)
    --- PASS: TestCheckoutSameRepoGuardWithCustomToken/default_GITHUB_TOKEN_without_workflow_call_-_no_same-repo_guard (0.00s)
=== RUN   TestHashCheckTokenPropagation
=== RUN   TestHashCheckTokenPropagation/custom_token_-_github-token_emitted_in_hash_check_step
=== RUN   TestHashCheckTokenPropagation/default_GITHUB_TOKEN_-_no_github-token_field_in_hash_check_step
--- PASS: TestHashCheckTokenPropagation (0.00s)
    --- PASS: TestHashCheckTokenPropagation/custom_token_-_github-token_emitted_in_hash_check_step (0.00s)
    --- PASS: TestHashCheckTokenPropagation/default_GITHUB_TOKEN_-_no_github-token_field_in_hash_check_step (0.00s)
=== RUN   TestInjectIfConditionAfterName
=== RUN   TestInjectIfConditionAfterName/injects_after_-_name:_line_with_inferred_indent
=== RUN   TestInjectIfConditionAfterName/idempotent_—_does_not_double-inject
=== RUN   TestInjectIfConditionAfterName/returns_step_unchanged_when_no_-_name:_line_found
--- PASS: TestInjectIfConditionAfterName (0.00s)
    --- PASS: TestInjectIfConditionAfterName/injects_after_-_name:_line_with_inferred_indent (0.00s)
    --- PASS: TestInjectIfConditionAfterName/idempotent_—_does_not_double-inject (0.00s)
    --- PASS: TestInjectIfConditionAfterName/returns_step_unchanged_when_no_-_name:_line_found (0.00s)
=== RUN   TestBuildPreActivationJob_WithPermissionCheck
--- PASS: TestBuildPreActivationJob_WithPermissionCheck (0.00s)
=== RUN   TestBuildPreActivationJob_WithoutPermissionCheck
--- PASS: TestBuildPreActivationJob_WithoutPermissionCheck (0.00s)
=== RUN   TestBuildPreActivationJob_WithStopTime
--- PASS: TestBuildPreActivationJob_WithStopTime (0.00s)
=== RUN   TestBuildPreActivationJob_WithReaction
=== RUN   TestBuildPreActivationJob_WithReaction/with_eyes_reaction
=== RUN   TestBuildPreActivationJob_WithReaction/with_rocket_reaction
=== RUN   TestBuildPreActivationJob_WithReaction/with_none_reaction
=== RUN   TestBuildPreActivationJob_WithReaction/empty_reaction
--- PASS: TestBuildPreActivationJob_WithReaction (0.00s)
    --- PASS: TestBuildPreActivationJob_WithReaction/with_eyes_reaction (0.00s)
    --- PASS: TestBuildPreActivationJob_WithReaction/with_rocket_reaction (0.00s)
    --- PASS: TestBuildPreActivationJob_WithReaction/with_none_reaction (0.00s)
    --- PASS: TestBuildPreActivationJob_WithReaction/empty_reaction (0.00s)
=== RUN   TestBuildPreActivationJob_WithCustomStepsAndOutputs
--- PASS: TestBuildPreActivationJob_WithCustomStepsAndOutputs (0.00s)
=== RUN   TestBuildActivationJob_Basic
--- PASS: TestBuildActivationJob_Basic (0.00s)
=== RUN   TestBuildActivationJob_WithPreActivation
--- PASS: TestBuildActivationJob_WithPreActivation (0.00s)
=== RUN   TestBuildActivationJob_WithReaction
--- PASS: TestBuildActivationJob_WithReaction (0.00s)
=== RUN   TestBuildActivationJob_ReactionAfterSetupScripts
--- PASS: TestBuildActivationJob_ReactionAfterSetupScripts (0.00s)
=== RUN   TestBuildActivationJob_SkipsSecretValidationWithEnvironment
--- PASS: TestBuildActivationJob_SkipsSecretValidationWithEnvironment (0.00s)
=== RUN   TestBuildMainJob_Basic
--- PASS: TestBuildMainJob_Basic (0.00s)
=== RUN   TestBuildMainJob_WithActivation
--- PASS: TestBuildMainJob_WithActivation (0.00s)
=== RUN   TestBuildMainJob_WithPermissions
--- PASS: TestBuildMainJob_WithPermissions (0.00s)
=== RUN   TestExtractPreActivationCustomFields_NoCustomJob
--- PASS: TestExtractPreActivationCustomFields_NoCustomJob (0.00s)
=== RUN   TestExtractPreActivationCustomFields_WithCustomFields
--- PASS: TestExtractPreActivationCustomFields_WithCustomFields (0.00s)
=== RUN   TestExtractPreActivationCustomFields_InvalidSteps
--- PASS: TestExtractPreActivationCustomFields_InvalidSteps (0.00s)
=== RUN   TestBuildPreActivationJob_Integration
--- PASS: TestBuildPreActivationJob_Integration (0.00s)
=== RUN   TestBuildActivationJob_WithWorkflowRunRepoSafety
--- PASS: TestBuildActivationJob_WithWorkflowRunRepoSafety (0.00s)
=== RUN   TestBuildMainJob_EngineSpecific
=== RUN   TestBuildMainJob_EngineSpecific/copilot_engine
=== RUN   TestBuildMainJob_EngineSpecific/claude_engine
=== RUN   TestBuildMainJob_EngineSpecific/codex_engine
--- PASS: TestBuildMainJob_EngineSpecific (0.01s)
    --- PASS: TestBuildMainJob_EngineSpecific/copilot_engine (0.00s)
    --- PASS: TestBuildMainJob_EngineSpecific/claude_engine (0.00s)
    --- PASS: TestBuildMainJob_EngineSpecific/codex_engine (0.00s)
=== RUN   TestCompiler_SetFileTracker_Basic
--- PASS: TestCompiler_SetFileTracker_Basic (0.00s)
=== RUN   TestAccessLogUploadConditional
=== RUN   TestAccessLogUploadConditional/no_tools_-_no_access_log_steps
=== RUN   TestAccessLogUploadConditional/mcp_server_with_container_but_no_network_permissions_-_no_access_log_steps
=== RUN   TestAccessLogUploadConditional/mcp_server_with_container_-_no_access_log_steps_(proxy_removed)
--- PASS: TestAccessLogUploadConditional (0.00s)
    --- PASS: TestAccessLogUploadConditional/no_tools_-_no_access_log_steps (0.00s)
    --- PASS: TestAccessLogUploadConditional/mcp_server_with_container_but_no_network_permissions_-_no_access_log_steps (0.00s)
    --- PASS: TestAccessLogUploadConditional/mcp_server_with_container_-_no_access_log_steps_(proxy_removed) (0.00s)
=== RUN   TestPostStepsIndentationFix
⚠ Unable to resolve actions/upload-artifact@v4 dynamically, using hardcoded pin for actions/upload-artifact@v7.0.1
✓ /tmp/gh-aw-test-runs/20260704-173215-1254793/post-steps-indentation-test764548629/test-post-steps-indentation.md (78.6 KB)
    compiler_artifacts_test.go:227: Post-steps indentation verified successfully
--- PASS: TestPostStepsIndentationFix (0.01s)
=== RUN   TestPromptUploadArtifact
/tmp/gh-aw-test-runs/20260704-173215-1254793/prompt-upload-test1487485418/test-workflow.md: info: Tip: set permissions.copilot-requests: write to use GitHub Actions token-based inference with the Copilot engine instead of a personal access token (COPILOT_GITHUB_TOKEN). This option requires that your organization has centralized Copilot billing enabled and may not be available in all organizations — see https://github.github.com/gh-aw/reference/billing/ for details.

✓ /tmp/gh-aw-test-runs/20260704-173215-1254793/prompt-upload-test1487485418/test-workflow.md (77.2 KB)
    compiler_artifacts_test.go:317: Unified artifact upload step verified successfully (includes prompt)
--- PASS: TestPromptUploadArtifact (0.01s)
=== RUN   TestPatchIncludedInArtifactWhenThreatDetectionEnabled
✓ /tmp/gh-aw-test-runs/20260704-173215-1254793/patch-artifact-test2380095388/test-workflow.md (105.1 KB)
--- PASS: TestPatchIncludedInArtifactWhenThreatDetectionEnabled (0.01s)
=== RUN   TestBuiltinJobsPreStepsInsertionOrder
✓ /tmp/gh-aw-test-runs/20260704-173215-1254793/builtin-pre-steps2193042589/builtin-pre-steps.md (83.9 KB)
--- PASS: TestBuiltinJobsPreStepsInsertionOrder (0.01s)
=== RUN   TestBuiltinJobsSetupStepsRunBeforeCompilerSetup
✓ /tmp/gh-aw-test-runs/20260704-173215-1254793/builtin-setup-steps-token-order436950591/builtin-setup-steps.md (108.4 KB)
--- PASS: TestBuiltinJobsSetupStepsRunBeforeCompilerSetup (0.02s)
=== RUN   TestBuiltinJobsPreStepsRunBeforeTokenMinting
✓ /tmp/gh-aw-test-runs/20260704-173215-1254793/builtin-pre-steps-token-order3625159039/builtin-pre-steps-token-order.md (108.7 KB)
--- PASS: TestBuiltinJobsPreStepsRunBeforeTokenMinting (0.02s)
=== RUN   TestImportedBuiltinJobSetupStepsMergeBeforeTokenMinting
✓ /tmp/gh-aw-test-runs/20260704-173215-1254793/imported-builtin-setup-steps246172049/.github/workflows/main.md (109.1 KB)
--- PASS: TestImportedBuiltinJobSetupStepsMergeBeforeTokenMinting (0.01s)
=== RUN   TestBuiltinJobsSetupStepsRejectedForActivationAndPreActivation
=== RUN   TestBuiltinJobsSetupStepsRejectedForActivationAndPreActivation/activation
=== RUN   TestBuiltinJobsSetupStepsRejectedForActivationAndPreActivation/pre-activation_alias
=== RUN   TestBuiltinJobsSetupStepsRejectedForActivationAndPreActivation/pre_activation
--- PASS: TestBuiltinJobsSetupStepsRejectedForActivationAndPreActivation (0.01s)
    --- PASS: TestBuiltinJobsSetupStepsRejectedForActivationAndPreActivation/activation (0.00s)
    --- PASS: TestBuiltinJobsSetupStepsRejectedForActivationAndPreActivation/pre-activation_alias (0.00s)
    --- PASS: TestBuiltinJobsSetupStepsRejectedForActivationAndPreActivation/pre_activation (0.00s)
=== RUN   TestActionModeValidation
=== RUN   TestActionModeValidation/dev
=== RUN   TestActionModeValidation/release
=== RUN   TestActionModeValidation/script
=== RUN   TestActionModeValidation/action
=== RUN   TestActionModeValidation/invalid
=== RUN   TestActionModeValidation/#00
--- PASS: TestActionModeValidation (0.00s)
    --- PASS: TestActionModeValidation/dev (0.00s)
    --- PASS: TestActionModeValidation/release (0.00s)
    --- PASS: TestActionModeValidation/script (0.00s)
    --- PASS: TestActionModeValidation/action (0.00s)
    --- PASS: TestActionModeValidation/invalid (0.00s)
    --- PASS: TestActionModeValidation/#00 (0.00s)
=== RUN   TestActionModeString
=== RUN   TestActionModeString/dev
=== RUN   TestActionModeString/release
=== RUN   TestActionModeString/script
=== RUN   TestActionModeString/action
--- PASS: TestActionModeString (0.00s)
    --- PASS: TestActionModeString/dev (0.00s)
    --- PASS: TestActionModeString/release (0.00s)
    --- PASS: TestActionModeString/script (0.00s)
    --- PASS: TestActionModeString/action (0.00s)
=== RUN   TestCompilerActionModeDefault
--- PASS: TestCompilerActionModeDefault (0.00s)
=== RUN   TestCompilerSetActionMode
--- PASS: TestCompilerSetActionMode (0.00s)
=== RUN   TestActionModeIsScript
=== RUN   TestActionModeIsScript/dev
=== RUN   TestActionModeIsScript/release
=== RUN   TestActionModeIsScript/script
=== RUN   TestActionModeIsScript/action
--- PASS: TestActionModeIsScript (0.00s)
    --- PASS: TestActionModeIsScript/dev (0.00s)
    --- PASS: TestActionModeIsScript/release (0.00s)
    --- PASS: TestActionModeIsScript/script (0.00s)
    --- PASS: TestActionModeIsScript/action (0.00s)
=== RUN   TestActionModeIsAction
=== RUN   TestActionModeIsAction/dev
=== RUN   TestActionModeIsAction/release
=== RUN   TestActionModeIsAction/script
=== RUN   TestActionModeIsAction/action
--- PASS: TestActionModeIsAction (0.00s)
    --- PASS: TestActionModeIsAction/dev (0.00s)
    --- PASS: TestActionModeIsAction/release (0.00s)
    --- PASS: TestActionModeIsAction/script (0.00s)
    --- PASS: TestActionModeIsAction/action (0.00s)
=== RUN   TestInlineActionModeCompilation
/tmp/TestInlineActionModeCompilation747536363/001/test-workflow.md: info: Tip: set permissions.copilot-requests: write to use GitHub Actions token-based inference with the Copilot engine instead of a personal access token (COPILOT_GITHUB_TOKEN). This option requires that your organization has centralized Copilot billing enabled and may not be available in all organizations — see https://github.github.com/gh-aw/reference/billing/ for details.

✓ /tmp/TestInlineActionModeCompilation747536363/001/test-workflow.md (99.6 KB)
--- PASS: TestInlineActionModeCompilation (0.02s)
=== RUN   TestScriptActionModeCompilation
/tmp/TestScriptActionModeCompilation1485192248/001/test-workflow.md: info: Tip: set permissions.copilot-requests: write to use GitHub Actions token-based inference with the Copilot engine instead of a personal access token (COPILOT_GITHUB_TOKEN). This option requires that your organization has centralized Copilot billing enabled and may not be available in all organizations — see https://github.github.com/gh-aw/reference/billing/ for details.

✓ /tmp/TestScriptActionModeCompilation1485192248/001/test-workflow.md (79.1 KB)
--- PASS: TestScriptActionModeCompilation (0.01s)
=== RUN   TestVersionToGitRef
=== RUN   TestVersionToGitRef/empty_version_returns_empty_ref
=== RUN   TestVersionToGitRef/dev_version_returns_empty_ref
=== RUN   TestVersionToGitRef/plain_short_SHA_used_as-is
=== RUN   TestVersionToGitRef/short_SHA_with_-dirty_suffix_stripped
=== RUN   TestVersionToGitRef/simple_version_tag_used_as-is
=== RUN   TestVersionToGitRef/version_tag_with_-dirty_stripped
=== RUN   TestVersionToGitRef/git_describe_output_with_N_commits_extracts_SHA
=== RUN   TestVersionToGitRef/git_describe_output_with_-dirty_extracts_SHA
=== RUN   TestVersionToGitRef/numeric_version_tag_used_as-is
--- PASS: TestVersionToGitRef (0.00s)
    --- PASS: TestVersionToGitRef/empty_version_returns_empty_ref (0.00s)
    --- PASS: TestVersionToGitRef/dev_version_returns_empty_ref (0.00s)
    --- PASS: TestVersionToGitRef/plain_short_SHA_used_as-is (0.00s)
    --- PASS: TestVersionToGitRef/short_SHA_with_-dirty_suffix_stripped (0.00s)
    --- PASS: TestVersionToGitRef/simple_version_tag_used_as-is (0.00s)
    --- PASS: TestVersionToGitRef/version_tag_with_-dirty_stripped (0.00s)
    --- PASS: TestVersionToGitRef/git_describe_output_with_N_commits_extracts_SHA (0.00s)
    --- PASS: TestVersionToGitRef/git_describe_output_with_-dirty_extracts_SHA (0.00s)
    --- PASS: TestVersionToGitRef/numeric_version_tag_used_as-is (0.00s)
=== RUN   TestCheckoutActionsFolderDevModeHasRepository
--- PASS: TestCheckoutActionsFolderDevModeHasRepository (0.00s)
=== RUN   TestCheckoutActionsFolderDevModeAlwaysEmitsCheckout
=== RUN   TestCheckoutActionsFolderDevModeAlwaysEmitsCheckout/dev
=== RUN   TestCheckoutActionsFolderDevModeAlwaysEmitsCheckout/e284d1e
=== RUN   TestCheckoutActionsFolderDevModeAlwaysEmitsCheckout/v0.57.2-60-ge284d1e
=== RUN   TestCheckoutActionsFolderDevModeAlwaysEmitsCheckout/v1.2.3
--- PASS: TestCheckoutActionsFolderDevModeAlwaysEmitsCheckout (0.00s)
    --- PASS: TestCheckoutActionsFolderDevModeAlwaysEmitsCheckout/dev (0.00s)
    --- PASS: TestCheckoutActionsFolderDevModeAlwaysEmitsCheckout/e284d1e (0.00s)
    --- PASS: TestCheckoutActionsFolderDevModeAlwaysEmitsCheckout/v0.57.2-60-ge284d1e (0.00s)
    --- PASS: TestCheckoutActionsFolderDevModeAlwaysEmitsCheckout/v1.2.3 (0.00s)
=== RUN   TestResolveSetupActionReferenceActionMode
--- PASS: TestResolveSetupActionReferenceActionMode (0.00s)
=== RUN   TestResolveSetupActionReferenceActionModeWithTag
--- PASS: TestResolveSetupActionReferenceActionModeWithTag (0.00s)
=== RUN   TestResolveSetupActionReferenceActionModeDevVersion
--- PASS: TestResolveSetupActionReferenceActionModeDevVersion (0.00s)
=== RUN   TestCheckoutActionsFolderActionModeNoCheckout
--- PASS: TestCheckoutActionsFolderActionModeNoCheckout (0.00s)
=== RUN   TestActionModeCompilation
/tmp/TestActionModeCompilation1420547239/001/test-workflow.md: info: Tip: set permissions.copilot-requests: write to use GitHub Actions token-based inference with the Copilot engine instead of a personal access token (COPILOT_GITHUB_TOKEN). This option requires that your organization has centralized Copilot billing enabled and may not be available in all organizations — see https://github.github.com/gh-aw/reference/billing/ for details.

✓ /tmp/TestActionModeCompilation1420547239/001/test-workflow.md (98.2 KB)
--- PASS: TestActionModeCompilation (0.01s)
=== RUN   TestResolveSetupActionReferenceActionModeWithResolver
=== RUN   TestResolveSetupActionReferenceActionModeWithResolver/action_mode_with_resolver_attempts_SHA_resolution
=== RUN   TestResolveSetupActionReferenceActionModeWithResolver/action_mode_with_nil_resolver_returns_tag-based_reference
--- PASS: TestResolveSetupActionReferenceActionModeWithResolver (0.00s)
    --- PASS: TestResolveSetupActionReferenceActionModeWithResolver/action_mode_with_resolver_attempts_SHA_resolution (0.00s)
    --- PASS: TestResolveSetupActionReferenceActionModeWithResolver/action_mode_with_nil_resolver_returns_tag-based_reference (0.00s)
=== RUN   TestHasDIFCProxyNeeded
=== RUN   TestHasDIFCProxyNeeded/nil_workflow_data
=== RUN   TestHasDIFCProxyNeeded/no_github_tool
=== RUN   TestHasDIFCProxyNeeded/github_tool_disabled
=== RUN   TestHasDIFCProxyNeeded/github_tool_without_guard_policy
=== RUN   TestHasDIFCProxyNeeded/guard_policy_configured_but_no_pre-agent_steps_with_GH_TOKEN
=== RUN   TestHasDIFCProxyNeeded/guard_policy_+_custom_steps_with_GH_TOKEN_but_integrity-proxy_disabled
=== RUN   TestHasDIFCProxyNeeded/guard_policy_+_custom_steps_with_GH_TOKEN_(proxy_enabled_by_default)
=== RUN   TestHasDIFCProxyNeeded/guard_policy_+_custom_steps_with_GH_TOKEN_+_integrity-proxy_explicitly_true
=== RUN   TestHasDIFCProxyNeeded/guard_policy_+_repo-memory_configured
=== RUN   TestHasDIFCProxyNeeded/guard_policy_with_allowed-repos_+_custom_steps_with_GH_TOKEN_(default_enabled)
--- PASS: TestHasDIFCProxyNeeded (0.00s)
    --- PASS: TestHasDIFCProxyNeeded/nil_workflow_data (0.00s)
    --- PASS: TestHasDIFCProxyNeeded/no_github_tool (0.00s)
    --- PASS: TestHasDIFCProxyNeeded/github_tool_disabled (0.00s)
    --- PASS: TestHasDIFCProxyNeeded/github_tool_without_guard_policy (0.00s)
    --- PASS: TestHasDIFCProxyNeeded/guard_policy_configured_but_no_pre-agent_steps_with_GH_TOKEN (0.00s)
    --- PASS: TestHasDIFCProxyNeeded/guard_policy_+_custom_steps_with_GH_TOKEN_but_integrity-proxy_disabled (0.00s)
    --- PASS: TestHasDIFCProxyNeeded/guard_policy_+_custom_steps_with_GH_TOKEN_(proxy_enabled_by_default) (0.00s)
    --- PASS: TestHasDIFCProxyNeeded/guard_policy_+_custom_steps_with_GH_TOKEN_+_integrity-proxy_explicitly_true (0.00s)
    --- PASS: TestHasDIFCProxyNeeded/guard_policy_+_repo-memory_configured (0.00s)
    --- PASS: TestHasDIFCProxyNeeded/guard_policy_with_allowed-repos_+_custom_steps_with_GH_TOKEN_(default_enabled) (0.00s)
=== RUN   TestHasPreAgentStepsWithGHToken
=== RUN   TestHasPreAgentStepsWithGHToken/nil_data
=== RUN   TestHasPreAgentStepsWithGHToken/empty_data
=== RUN   TestHasPreAgentStepsWithGHToken/custom_steps_without_GH_TOKEN
=== RUN   TestHasPreAgentStepsWithGHToken/custom_steps_with_GH_TOKEN
=== RUN   TestHasPreAgentStepsWithGHToken/repo-memory_configured
=== RUN   TestHasPreAgentStepsWithGHToken/repo-memory_with_empty_memories_(no_clone_steps_generated)
--- PASS: TestHasPreAgentStepsWithGHToken (0.00s)
    --- PASS: TestHasPreAgentStepsWithGHToken/nil_data (0.00s)
    --- PASS: TestHasPreAgentStepsWithGHToken/empty_data (0.00s)
    --- PASS: TestHasPreAgentStepsWithGHToken/custom_steps_without_GH_TOKEN (0.00s)
    --- PASS: TestHasPreAgentStepsWithGHToken/custom_steps_with_GH_TOKEN (0.00s)
    --- PASS: TestHasPreAgentStepsWithGHToken/repo-memory_configured (0.00s)
    --- PASS: TestHasPreAgentStepsWithGHToken/repo-memory_with_empty_memories_(no_clone_steps_generated) (0.00s)
=== RUN   TestGetDIFCProxyPolicyJSON
=== RUN   TestGetDIFCProxyPolicyJSON/nil_tool
=== RUN   TestGetDIFCProxyPolicyJSON/empty_map_tool
=== RUN   TestGetDIFCProxyPolicyJSON/min-integrity_only
=== RUN   TestGetDIFCProxyPolicyJSON/min-integrity_and_repos
=== RUN   TestGetDIFCProxyPolicyJSON/allowed-repos_(preferred_field_name)
=== RUN   TestGetDIFCProxyPolicyJSON/allowed-repos_github.repository_expression
=== RUN   TestGetDIFCProxyPolicyJSON/tool_without_guard_policy_fields
--- PASS: TestGetDIFCProxyPolicyJSON (0.00s)
    --- PASS: TestGetDIFCProxyPolicyJSON/nil_tool (0.00s)
    --- PASS: TestGetDIFCProxyPolicyJSON/empty_map_tool (0.00s)
    --- PASS: TestGetDIFCProxyPolicyJSON/min-integrity_only (0.00s)
    --- PASS: TestGetDIFCProxyPolicyJSON/min-integrity_and_repos (0.00s)
    --- PASS: TestGetDIFCProxyPolicyJSON/allowed-repos_(preferred_field_name) (0.00s)
    --- PASS: TestGetDIFCProxyPolicyJSON/allowed-repos_github.repository_expression (0.00s)
    --- PASS: TestGetDIFCProxyPolicyJSON/tool_without_guard_policy_fields (0.00s)
=== RUN   TestGenerateStartDIFCProxyStep
=== RUN   TestGenerateStartDIFCProxyStep/no_proxy_when_guard_policy_not_configured
=== RUN   TestGenerateStartDIFCProxyStep/no_proxy_when_no_GH_TOKEN_pre-agent_steps
=== RUN   TestGenerateStartDIFCProxyStep/generates_start_step_with_guard_policy_and_custom_steps
--- PASS: TestGenerateStartDIFCProxyStep (0.00s)
    --- PASS: TestGenerateStartDIFCProxyStep/no_proxy_when_guard_policy_not_configured (0.00s)
    --- PASS: TestGenerateStartDIFCProxyStep/no_proxy_when_no_GH_TOKEN_pre-agent_steps (0.00s)
    --- PASS: TestGenerateStartDIFCProxyStep/generates_start_step_with_guard_policy_and_custom_steps (0.00s)
=== RUN   TestGenerateStopDIFCProxyStep
=== RUN   TestGenerateStopDIFCProxyStep/no_stop_step_when_proxy_not_needed
=== RUN   TestGenerateStopDIFCProxyStep/generates_stop_step_when_proxy_is_needed
--- PASS: TestGenerateStopDIFCProxyStep (0.00s)
    --- PASS: TestGenerateStopDIFCProxyStep/no_stop_step_when_proxy_not_needed (0.00s)
    --- PASS: TestGenerateStopDIFCProxyStep/generates_stop_step_when_proxy_is_needed (0.00s)
=== RUN   TestDIFCProxyLogPaths
=== RUN   TestDIFCProxyLogPaths/no_log_paths_when_proxy_not_needed
=== RUN   TestDIFCProxyLogPaths/returns_proxy-logs_path_when_proxy_is_needed
--- PASS: TestDIFCProxyLogPaths (0.00s)
    --- PASS: TestDIFCProxyLogPaths/no_log_paths_when_proxy_not_needed (0.00s)
    --- PASS: TestDIFCProxyLogPaths/returns_proxy-logs_path_when_proxy_is_needed (0.00s)
=== RUN   TestDIFCProxyStepOrderInCompiledWorkflow
test-workflow.md: warning: Missing required permissions for GitHub toolsets:
  - issues: read (required by issues)
  - pull-requests: read (required by pull_requests)

To fix this, you can either:

Option 1: Add missing permissions to your workflow frontmatter:
permissions:
  issues: read
  pull-requests: read

See: https://github.com/github/gh-aw/blob/main/docs/src/content/docs/reference/permissions.md

Option 2: Reduce the required toolsets in your workflow:
Remove or adjust toolsets that require these permissions:
  - issues
  - pull_requests

test-workflow.md: info: Tip: set permissions.copilot-requests: write to use GitHub Actions token-based inference with the Copilot engine instead of a personal access token (COPILOT_GITHUB_TOKEN). This option requires that your organization has centralized Copilot billing enabled and may not be available in all organizations — see https://github.github.com/gh-aw/reference/billing/ for details.

--- PASS: TestDIFCProxyStepOrderInCompiledWorkflow (0.02s)
=== RUN   TestDIFCProxyNotInjectedWithoutGuardPolicy
test-workflow.md: warning: Missing required permissions for GitHub toolsets:
  - issues: read (required by issues)
  - pull-requests: read (required by pull_requests)

To fix this, you can either:

Option 1: Add missing permissions to your workflow frontmatter:
permissions:
  issues: read
  pull-requests: read

See: https://github.com/github/gh-aw/blob/main/docs/src/content/docs/reference/permissions.md

Option 2: Reduce the required toolsets in your workflow:
Remove or adjust toolsets that require these permissions:
  - issues
  - pull_requests

test-workflow.md: info: Tip: set permissions.copilot-requests: write to use GitHub Actions token-based inference with the Copilot engine instead of a personal access token (COPILOT_GITHUB_TOKEN). This option requires that your organization has centralized Copilot billing enabled and may not be available in all organizations — see https://github.github.com/gh-aw/reference/billing/ for details.

--- PASS: TestDIFCProxyNotInjectedWithoutGuardPolicy (0.01s)
=== RUN   TestDIFCProxyNotInjectedWhenIntegrityProxyFalse
test-workflow.md: warning: Missing required permissions for GitHub toolsets:
  - issues: read (required by issues)
  - pull-requests: read (required by pull_requests)

To fix this, you can either:

Option 1: Add missing permissions to your workflow frontmatter:
permissions:
  issues: read
  pull-requests: read

See: https://github.com/github/gh-aw/blob/main/docs/src/content/docs/reference/permissions.md

Option 2: Reduce the required toolsets in your workflow:
Remove or adjust toolsets that require these permissions:
  - issues
  - pull_requests

test-workflow.md: info: Tip: set permissions.copilot-requests: write to use GitHub Actions token-based inference with the Copilot engine instead of a personal access token (COPILOT_GITHUB_TOKEN). This option requires that your organization has centralized Copilot billing enabled and may not be available in all organizations — see https://github.github.com/gh-aw/reference/billing/ for details.

--- PASS: TestDIFCProxyNotInjectedWhenIntegrityProxyFalse (0.02s)
=== RUN   TestHasDIFCGuardsConfigured
=== RUN   TestHasDIFCGuardsConfigured/nil_data
=== RUN   TestHasDIFCGuardsConfigured/no_github_tool
=== RUN   TestHasDIFCGuardsConfigured/github_tool_without_guard_policy
=== RUN   TestHasDIFCGuardsConfigured/github_tool_with_min-integrity_(enabled_by_default)
=== RUN   TestHasDIFCGuardsConfigured/github_tool_with_min-integrity_and_integrity-proxy:_true
=== RUN   TestHasDIFCGuardsConfigured/github_tool_with_min-integrity_and_integrity-proxy:_false
=== RUN   TestHasDIFCGuardsConfigured/github_tool_with_allowed-repos_and_min-integrity_(enabled_by_default)
--- PASS: TestHasDIFCGuardsConfigured (0.00s)
    --- PASS: TestHasDIFCGuardsConfigured/nil_data (0.00s)
    --- PASS: TestHasDIFCGuardsConfigured/no_github_tool (0.00s)
    --- PASS: TestHasDIFCGuardsConfigured/github_tool_without_guard_policy (0.00s)
    --- PASS: TestHasDIFCGuardsConfigured/github_tool_with_min-integrity_(enabled_by_default) (0.00s)
    --- PASS: TestHasDIFCGuardsConfigured/github_tool_with_min-integrity_and_integrity-proxy:_true (0.00s)
    --- PASS: TestHasDIFCGuardsConfigured/github_tool_with_min-integrity_and_integrity-proxy:_false (0.00s)
    --- PASS: TestHasDIFCGuardsConfigured/github_tool_with_allowed-repos_and_min-integrity_(enabled_by_default) (0.00s)
=== RUN   TestProxyEnvVars
--- PASS: TestProxyEnvVars (0.00s)
=== RUN   TestInjectProxyEnvIntoCustomSteps
=== RUN   TestInjectProxyEnvIntoCustomSteps/empty_string_returns_empty
=== RUN   TestInjectProxyEnvIntoCustomSteps/step_without_env_gets_proxy_env_block_added
=== RUN   TestInjectProxyEnvIntoCustomSteps/step_with_existing_env_preserves_existing_vars
=== RUN   TestInjectProxyEnvIntoCustomSteps/multiple_steps_each_get_proxy_env
=== RUN   TestInjectProxyEnvIntoCustomSteps/uses_step_gets_proxy_env
=== RUN   TestInjectProxyEnvIntoCustomSteps/multiline_run_is_preserved
=== RUN   TestInjectProxyEnvIntoCustomSteps/uses_version_comments_are_preserved_and_unquoted
=== RUN   TestInjectProxyEnvIntoCustomSteps/step_fields_are_ordered_with_name_before_env
=== RUN   TestInjectProxyEnvIntoCustomSteps/conflicting_proxy_routing_env_vars_are_overwritten_by_proxy_values
--- PASS: TestInjectProxyEnvIntoCustomSteps (0.00s)
    --- PASS: TestInjectProxyEnvIntoCustomSteps/empty_string_returns_empty (0.00s)
    --- PASS: TestInjectProxyEnvIntoCustomSteps/step_without_env_gets_proxy_env_block_added (0.00s)
    --- PASS: TestInjectProxyEnvIntoCustomSteps/step_with_existing_env_preserves_existing_vars (0.00s)
    --- PASS: TestInjectProxyEnvIntoCustomSteps/multiple_steps_each_get_proxy_env (0.00s)
    --- PASS: TestInjectProxyEnvIntoCustomSteps/uses_step_gets_proxy_env (0.00s)
    --- PASS: TestInjectProxyEnvIntoCustomSteps/multiline_run_is_preserved (0.00s)
    --- PASS: TestInjectProxyEnvIntoCustomSteps/uses_version_comments_are_preserved_and_unquoted (0.00s)
    --- PASS: TestInjectProxyEnvIntoCustomSteps/step_fields_are_ordered_with_name_before_env (0.00s)
    --- PASS: TestInjectProxyEnvIntoCustomSteps/conflicting_proxy_routing_env_vars_are_overwritten_by_proxy_values (0.00s)
=== RUN   TestBuildStartCliProxyStepYAML
=== RUN   TestBuildStartCliProxyStepYAML/emits_default_policy_when_no_guard_policy_is_configured
=== RUN   TestBuildStartCliProxyStepYAML/emits_default_policy_when_github_tool_is_nil
=== RUN   TestBuildStartCliProxyStepYAML/uses_configured_guard_policy_when_present
=== RUN   TestBuildStartCliProxyStepYAML/emits_correct_step_structure
--- PASS: TestBuildStartCliProxyStepYAML (0.00s)
    --- PASS: TestBuildStartCliProxyStepYAML/emits_default_policy_when_no_guard_policy_is_configured (0.00s)
    --- PASS: TestBuildStartCliProxyStepYAML/emits_default_policy_when_github_tool_is_nil (0.00s)
    --- PASS: TestBuildStartCliProxyStepYAML/uses_configured_guard_policy_when_present (0.00s)
    --- PASS: TestBuildStartCliProxyStepYAML/emits_correct_step_structure (0.00s)
=== RUN   TestResolveProxyContainerImage
=== RUN   TestResolveProxyContainerImage/uses_default_version_when_version_is_empty
=== RUN   TestResolveProxyContainerImage/uses_explicit_version_when_set
=== RUN   TestResolveProxyContainerImage/custom_container_with_default_version_fallback
=== RUN   TestResolveProxyContainerImage/custom_container_with_explicit_version
--- PASS: TestResolveProxyContainerImage (0.00s)
    --- PASS: TestResolveProxyContainerImage/uses_default_version_when_version_is_empty (0.00s)
    --- PASS: TestResolveProxyContainerImage/uses_explicit_version_when_set (0.00s)
    --- PASS: TestResolveProxyContainerImage/custom_container_with_default_version_fallback (0.00s)
    --- PASS: TestResolveProxyContainerImage/custom_container_with_explicit_version (0.00s)
=== RUN   TestIsCliProxyNeeded_IntegrityReactionsImplicitEnable
=== RUN   TestIsCliProxyNeeded_IntegrityReactionsImplicitEnable/integrity-reactions_enables_cli_proxy_implicitly
=== RUN   TestIsCliProxyNeeded_IntegrityReactionsImplicitEnable/explicit_cli-proxy_still_works
=== RUN   TestIsCliProxyNeeded_IntegrityReactionsImplicitEnable/both_flags_enabled
=== RUN   TestIsCliProxyNeeded_IntegrityReactionsImplicitEnable/tools.github.mode_local_overrides_legacy_cli-proxy_feature
=== RUN   TestIsCliProxyNeeded_IntegrityReactionsImplicitEnable/tools.github.mode_gh-proxy_enables_cli_proxy_without_legacy_feature
=== RUN   TestIsCliProxyNeeded_IntegrityReactionsImplicitEnable/neither_flag_set
=== RUN   TestIsCliProxyNeeded_IntegrityReactionsImplicitEnable/integrity-reactions_without_firewall
=== RUN   TestIsCliProxyNeeded_IntegrityReactionsImplicitEnable/integrity-reactions_with_old_AWF_version
--- PASS: TestIsCliProxyNeeded_IntegrityReactionsImplicitEnable (0.00s)
    --- PASS: TestIsCliProxyNeeded_IntegrityReactionsImplicitEnable/integrity-reactions_enables_cli_proxy_implicitly (0.00s)
    --- PASS: TestIsCliProxyNeeded_IntegrityReactionsImplicitEnable/explicit_cli-proxy_still_works (0.00s)
    --- PASS: TestIsCliProxyNeeded_IntegrityReactionsImplicitEnable/both_flags_enabled (0.00s)
    --- PASS: TestIsCliProxyNeeded_IntegrityReactionsImplicitEnable/tools.github.mode_local_overrides_legacy_cli-proxy_feature (0.00s)
    --- PASS: TestIsCliProxyNeeded_IntegrityReactionsImplicitEnable/tools.github.mode_gh-proxy_enables_cli_proxy_without_legacy_feature (0.00s)
    --- PASS: TestIsCliProxyNeeded_IntegrityReactionsImplicitEnable/neither_flag_set (0.00s)
    --- PASS: TestIsCliProxyNeeded_IntegrityReactionsImplicitEnable/integrity-reactions_without_firewall (0.00s)
    --- PASS: TestIsCliProxyNeeded_IntegrityReactionsImplicitEnable/integrity-reactions_with_old_AWF_version (0.00s)
=== RUN   TestPullRequestDraftFilter
=== RUN   TestPullRequestDraftFilter/pull_request_with_draft:_false
/tmp/gh-aw-test-runs/20260704-173215-1254793/draft-filter-test1263364952/pull_request with draft: false-workflow.md: info: Tip: set permissions.copilot-requests: write to use GitHub Actions token-based inference with the Copilot engine instead of a personal access token (COPILOT_GITHUB_TOKEN). This option requires that your organization has centralized Copilot billing enabled and may not be available in all organizations — see https://github.github.com/gh-aw/reference/billing/ for details.

✓ /tmp/gh-aw-test-runs/20260704-173215-1254793/draft-filter-test1263364952/pull_request with draft: false-workflow.md (80.0 KB)
=== RUN   TestPullRequestDraftFilter/pull_request_with_draft:_true_(include_only_drafts)
/tmp/gh-aw-test-runs/20260704-173215-1254793/draft-filter-test1263364952/pull_request with draft: true (include only drafts)-workflow.md: info: Tip: set permissions.copilot-requests: write to use GitHub Actions token-based inference with the Copilot engine instead of a personal access token (COPILOT_GITHUB_TOKEN). This option requires that your organization has centralized Copilot billing enabled and may not be available in all organizations — see https://github.github.com/gh-aw/reference/billing/ for details.

✓ /tmp/gh-aw-test-runs/20260704-173215-1254793/draft-filter-test1263364952/pull_request with draft: true (include only drafts)-workflow.md (80.5 KB)
=== RUN   TestPullRequestDraftFilter/pull_request_without_draft_field_(no_filter)
/tmp/gh-aw-test-runs/20260704-173215-1254793/draft-filter-test1263364952/pull_request without draft field (no filter)-workflow.md: info: Tip: set permissions.copilot-requests: write to use GitHub Actions token-based inference with the Copilot engine instead of a personal access token (COPILOT_GITHUB_TOKEN). This option requires that your organization has centralized Copilot billing enabled and may not be available in all organizations — see https://github.github.com/gh-aw/reference/billing/ for details.

✓ /tmp/gh-aw-test-runs/20260704-173215-1254793/draft-filter-test1263364952/pull_request without draft field (no filter)-workflow.md (80.1 KB)
=== RUN   TestPullRequestDraftFilter/pull_request_with_draft:_false_and_existing_if_condition
/tmp/gh-aw-test-runs/20260704-173215-1254793/draft-filter-test1263364952/pull_request with draft: false and existing if condition-workflow.md: info: Tip: set permissions.copilot-requests: write to use GitHub Actions token-based inference with the Copilot engine instead of a personal access token (COPILOT_GITHUB_TOKEN). This option requires that your organization has centralized Copilot billing enabled and may not be available in all organizations — see https://github.github.com/gh-aw/reference/billing/ for details.

✓ /tmp/gh-aw-test-runs/20260704-173215-1254793/draft-filter-test1263364952/pull_request with draft: false and existing if condition-workflow.md (80.7 KB)
=== RUN   TestPullRequestDraftFilter/pull_request_with_draft:_true_and_existing_if_condition
/tmp/gh-aw-test-runs/20260704-173215-1254793/draft-filter-test1263364952/pull_request with draft: true and existing if condition-workflow.md: info: Tip: set permissions.copilot-requests: write to use GitHub Actions token-based inference with the Copilot engine instead of a personal access token (COPILOT_GITHUB_TOKEN). This option requires that your organization has centralized Copilot billing enabled and may not be available in all organizations — see https://github.github.com/gh-aw/reference/billing/ for details.

✓ /tmp/gh-aw-test-runs/20260704-173215-1254793/draft-filter-test1263364952/pull_request with draft: true and existing if condition-workflow.md (80.7 KB)
=== RUN   TestPullRequestDraftFilter/non-pull_request_trigger_(no_filter_applied)
/tmp/gh-aw-test-runs/20260704-173215-1254793/draft-filter-test1263364952/non-pull_request trigger (no filter applied)-workflow.md: info: Tip: set permissions.copilot-requests: write to use GitHub Actions token-based inference with the Copilot engine instead of a personal access token (COPILOT_GITHUB_TOKEN). This option requires that your organization has centralized Copilot billing enabled and may not be available in all organizations — see https://github.github.com/gh-aw/reference/billing/ for details.

✓ /tmp/gh-aw-test-runs/20260704-173215-1254793/draft-filter-test1263364952/non-pull_request trigger (no filter applied)-workflow.md (79.8 KB)
--- PASS: TestPullRequestDraftFilter (0.07s)
    --- PASS: TestPullRequestDraftFilter/pull_request_with_draft:_false (0.01s)
    --- PASS: TestPullRequestDraftFilter/pull_request_with_draft:_true_(include_only_drafts) (0.01s)
    --- PASS: TestPullRequestDraftFilter/pull_request_without_draft_field_(no_filter) (0.01s)
    --- PASS: TestPullRequestDraftFilter/pull_request_with_draft:_false_and_existing_if_condition (0.01s)
    --- PASS: TestPullRequestDraftFilter/pull_request_with_draft:_true_and_existing_if_condition (0.01s)
    --- PASS: TestPullRequestDraftFilter/non-pull_request_trigger_(no_filter_applied) (0.01s)
=== RUN   TestCommentOutProcessedFieldsInOnSection
=== RUN   TestCommentOutProcessedFieldsInOnSection/pull_request_with_draft_and_paths
=== RUN   TestCommentOutProcessedFieldsInOnSection/pull_request_with_two-space_indentation
=== RUN   TestCommentOutProcessedFieldsInOnSection/pull_request_with_draft_and_types
=== RUN   TestCommentOutProcessedFieldsInOnSection/pull_request_with_only_draft_field
=== RUN   TestCommentOutProcessedFieldsInOnSection/multiple_pull_request_sections
=== RUN   TestCommentOutProcessedFieldsInOnSection/no_pull_request_section
=== RUN   TestCommentOutProcessedFieldsInOnSection/pull_request_without_draft_field
=== RUN   TestCommentOutProcessedFieldsInOnSection/issues_names_after_pull_request_forks_array
=== RUN   TestCommentOutProcessedFieldsInOnSection/issues_names_after_workflow_run_conclusion_array
=== RUN   TestCommentOutProcessedFieldsInOnSection/workflow_run_followed_by_bots_keeps_workflows_and_types_uncommented
=== RUN   TestCommentOutProcessedFieldsInOnSection/bots_before_workflow_run_do_not_comment_workflow_run_list_items
=== RUN   TestCommentOutProcessedFieldsInOnSection/bots_before_workflow_run_with_multi-line_arrays_do_not_comment_workflow_run_list_items
=== RUN   TestCommentOutProcessedFieldsInOnSection/skip-if-check-failing_before_workflow_run_does_not_corrupt_workflow_run_list_items
=== RUN   TestCommentOutProcessedFieldsInOnSection/roles_before_workflow_run_do_not_comment_workflow_run_list_items
=== RUN   TestCommentOutProcessedFieldsInOnSection/roles_all_before_workflow_run_keeps_workflow_run_intact
=== RUN   TestCommentOutProcessedFieldsInOnSection/top-level_on_needs_array
=== RUN   TestCommentOutProcessedFieldsInOnSection/top-level_on_needs_array_with_compact_list_indentation
=== RUN   TestCommentOutProcessedFieldsInOnSection/top-level_on_needs_inline_array
=== RUN   TestCommentOutProcessedFieldsInOnSection/issues_with_two-space_indentation_names
--- PASS: TestCommentOutProcessedFieldsInOnSection (0.00s)
    --- PASS: TestCommentOutProcessedFieldsInOnSection/pull_request_with_draft_and_paths (0.00s)
    --- PASS: TestCommentOutProcessedFieldsInOnSection/pull_request_with_two-space_indentation (0.00s)
    --- PASS: TestCommentOutProcessedFieldsInOnSection/pull_request_with_draft_and_types (0.00s)
    --- PASS: TestCommentOutProcessedFieldsInOnSection/pull_request_with_only_draft_field (0.00s)
    --- PASS: TestCommentOutProcessedFieldsInOnSection/multiple_pull_request_sections (0.00s)
    --- PASS: TestCommentOutProcessedFieldsInOnSection/no_pull_request_section (0.00s)
    --- PASS: TestCommentOutProcessedFieldsInOnSection/pull_request_without_draft_field (0.00s)
    --- PASS: TestCommentOutProcessedFieldsInOnSection/issues_names_after_pull_request_forks_array (0.00s)
    --- PASS: TestCommentOutProcessedFieldsInOnSection/issues_names_after_workflow_run_conclusion_array (0.00s)
    --- PASS: TestCommentOutProcessedFieldsInOnSection/workflow_run_followed_by_bots_keeps_workflows_and_types_uncommented (0.00s)
    --- PASS: TestCommentOutProcessedFieldsInOnSection/bots_before_workflow_run_do_not_comment_workflow_run_list_items (0.00s)
    --- PASS: TestCommentOutProcessedFieldsInOnSection/bots_before_workflow_run_with_multi-line_arrays_do_not_comment_workflow_run_list_items (0.00s)
    --- PASS: TestCommentOutProcessedFieldsInOnSection/skip-if-check-failing_before_workflow_run_does_not_corrupt_workflow_run_list_items (0.00s)
    --- PASS: TestCommentOutProcessedFieldsInOnSection/roles_before_workflow_run_do_not_comment_workflow_run_list_items (0.00s)
    --- PASS: TestCommentOutProcessedFieldsInOnSection/roles_all_before_workflow_run_keeps_workflow_run_intact (0.00s)
    --- PASS: TestCommentOutProcessedFieldsInOnSection/top-level_on_needs_array (0.00s)
    --- PASS: TestCommentOutProcessedFieldsInOnSection/top-level_on_needs_array_with_compact_list_indentation (0.00s)
    --- PASS: TestCommentOutProcessedFieldsInOnSection/top-level_on_needs_inline_array (0.00s)
    --- PASS: TestCommentOutProcessedFieldsInOnSection/issues_with_two-space_indentation_names (0.00s)
=== RUN   TestIsFormattedCompilerError
=== RUN   TestIsFormattedCompilerError/error_from_formatCompilerError_with_nil_cause
=== RUN   TestIsFormattedCompilerError/error_from_formatCompilerError_with_non-nil_cause
=== RUN   TestIsFormattedCompilerError/error_from_formatCompilerErrorWithPosition
=== RUN   TestIsFormattedCompilerError/error_from_parser.FormatImportError_is_detected_as_formatted
=== RUN   TestIsFormattedCompilerError/error_from_parser.NewFormattedParserError_is_detected_as_formatted
=== RUN   TestIsFormattedCompilerError/plain_error_is_not_formatted
=== RUN   TestIsFormattedCompilerError/fmt.Errorf_error_is_not_formatted
=== RUN   TestIsFormattedCompilerError/nil_error
--- PASS: TestIsFormattedCompilerError (0.00s)
    --- PASS: TestIsFormattedCompilerError/error_from_formatCompilerError_with_nil_cause (0.00s)
    --- PASS: TestIsFormattedCompilerError/error_from_formatCompilerError_with_non-nil_cause (0.00s)
    --- PASS: TestIsFormattedCompilerError/error_from_formatCompilerErrorWithPosition (0.00s)
    --- PASS: TestIsFormattedCompilerError/error_from_parser.FormatImportError_is_detected_as_formatted (0.00s)
    --- PASS: TestIsFormattedCompilerError/error_from_parser.NewFormattedParserError_is_detected_as_formatted (0.00s)
    --- PASS: TestIsFormattedCompilerError/plain_error_is_not_formatted (0.00s)
    --- PASS: TestIsFormattedCompilerError/fmt.Errorf_error_is_not_formatted (0.00s)
    --- PASS: TestIsFormattedCompilerError/nil_error (0.00s)
=== RUN   TestFormatCompilerError
=== RUN   TestFormatCompilerError/error_type_with_simple_message,_no_cause
=== RUN   TestFormatCompilerError/warning_type_with_detailed_message,_no_cause
=== RUN   TestFormatCompilerError/error_with_underlying_cause
=== RUN   TestFormatCompilerError/lock_file_path
=== RUN   TestFormatCompilerError/formatted_message_with_error_details_and_cause
--- PASS: TestFormatCompilerError (0.00s)
    --- PASS: TestFormatCompilerError/error_type_with_simple_message,_no_cause (0.00s)
    --- PASS: TestFormatCompilerError/warning_type_with_detailed_message,_no_cause (0.00s)
    --- PASS: TestFormatCompilerError/error_with_underlying_cause (0.00s)
    --- PASS: TestFormatCompilerError/lock_file_path (0.00s)
    --- PASS: TestFormatCompilerError/formatted_message_with_error_details_and_cause (0.00s)
=== RUN   TestFormatCompilerError_OutputFormat
--- PASS: TestFormatCompilerError_OutputFormat (0.00s)
=== RUN   TestFormatCompilerError_ErrorVsWarning
--- PASS: TestFormatCompilerError_ErrorVsWarning (0.00s)
=== RUN   TestFormatCompilerMessage
=== RUN   TestFormatCompilerMessage/warning_message
=== RUN   TestFormatCompilerMessage/error_message_as_string
--- PASS: TestFormatCompilerMessage (0.00s)
    --- PASS: TestFormatCompilerMessage/warning_message (0.00s)
    --- PASS: TestFormatCompilerMessage/error_message_as_string (0.00s)
=== RUN   TestFormatCompilerError_ErrorWrapping
--- PASS: TestFormatCompilerError_ErrorWrapping (0.00s)
=== RUN   TestFormatCompilerError_SameMessageAndCause
--- PASS: TestFormatCompilerError_SameMessageAndCause (0.00s)
=== RUN   TestFormatCompilerError_NilCause
--- PASS: TestFormatCompilerError_NilCause (0.00s)
=== RUN   TestFormatCompilerError_UsesLocationFromValidationError
=== RUN   TestFormatCompilerError_UsesLocationFromValidationError/uses_line_and_column_from_validation_error
=== RUN   TestFormatCompilerError_UsesLocationFromValidationError/uses_file_from_validation_error_when_different_from_filePath
=== RUN   TestFormatCompilerError_UsesLocationFromValidationError/falls_back_to_1:1_when_validation_error_has_no_location
=== RUN   TestFormatCompilerError_UsesLocationFromValidationError/non-validation-error_cause_still_defaults_to_1:1
--- PASS: TestFormatCompilerError_UsesLocationFromValidationError (0.00s)
    --- PASS: TestFormatCompilerError_UsesLocationFromValidationError/uses_line_and_column_from_validation_error (0.00s)
    --- PASS: TestFormatCompilerError_UsesLocationFromValidationError/uses_file_from_validation_error_when_different_from_filePath (0.00s)
    --- PASS: TestFormatCompilerError_UsesLocationFromValidationError/falls_back_to_1:1_when_validation_error_has_no_location (0.00s)
    --- PASS: TestFormatCompilerError_UsesLocationFromValidationError/non-validation-error_cause_still_defaults_to_1:1 (0.00s)
=== RUN   TestOnSection
=== RUN   TestOnSection/default_on_section
/tmp/gh-aw-test-runs/20260704-173215-1254793/workflow-on-test3648683286/default on section-workflow.md: warning: Missing required permissions for GitHub toolsets:
  - issues: read (required by issues)
  - pull-requests: read (required by pull_requests)

To fix this, you can either:

Option 1: Add missing permissions to your workflow frontmatter:
permissions:
  issues: read
  pull-requests: read

See: https://github.com/github/gh-aw/blob/main/docs/src/content/docs/reference/permissions.md

Option 2: Reduce the required toolsets in your workflow:
Remove or adjust toolsets that require these permissions:
  - issues
  - pull_requests

/tmp/gh-aw-test-runs/20260704-173215-1254793/workflow-on-test3648683286/default on section-workflow.md: info: Tip: set permissions.copilot-requests: write to use GitHub Actions token-based inference with the Copilot engine instead of a personal access token (COPILOT_GITHUB_TOKEN). This option requires that your organization has centralized Copilot billing enabled and may not be available in all organizations — see https://github.github.com/gh-aw/reference/billing/ for details.

✓ /tmp/gh-aw-test-runs/20260704-173215-1254793/workflow-on-test3648683286/default on section-workflow.md (77.5 KB)
=== RUN   TestOnSection/custom_on_workflow_dispatch
/tmp/gh-aw-test-runs/20260704-173215-1254793/workflow-on-test3648683286/custom on workflow_dispatch-workflow.md: warning: Missing required permissions for GitHub toolsets:
  - issues: read (required by issues)
  - pull-requests: read (required by pull_requests)

To fix this, you can either:

Option 1: Add missing permissions to your workflow frontmatter:
permissions:
  issues: read
  pull-requests: read

See: https://github.com/github/gh-aw/blob/main/docs/src/content/docs/reference/permissions.md

Option 2: Reduce the required toolsets in your workflow:
Remove or adjust toolsets that require these permissions:
  - issues
  - pull_requests

/tmp/gh-aw-test-runs/20260704-173215-1254793/workflow-on-test3648683286/custom on workflow_dispatch-workflow.md: info: Tip: set permissions.copilot-requests: write to use GitHub Actions token-based inference with the Copilot engine instead of a personal access token (COPILOT_GITHUB_TOKEN). This option requires that your organization has centralized Copilot billing enabled and may not be available in all organizations — see https://github.github.com/gh-aw/reference/billing/ for details.

✓ /tmp/gh-aw-test-runs/20260704-173215-1254793/workflow-on-test3648683286/custom on workflow_dispatch-workflow.md (75.5 KB)
=== RUN   TestOnSection/custom_on_with_push
/tmp/gh-aw-test-runs/20260704-173215-1254793/workflow-on-test3648683286/custom on with push-workflow.md: warning: Missing required permissions for GitHub toolsets:
  - issues: read (required by issues)
  - pull-requests: read (required by pull_requests)

To fix this, you can either:

Option 1: Add missing permissions to your workflow frontmatter:
permissions:
  issues: read
  pull-requests: read

See: https://github.com/github/gh-aw/blob/main/docs/src/content/docs/reference/permissions.md

Option 2: Reduce the required toolsets in your workflow:
Remove or adjust toolsets that require these permissions:
  - issues
  - pull_requests

/tmp/gh-aw-test-runs/20260704-173215-1254793/workflow-on-test3648683286/custom on with push-workflow.md: info: Tip: set permissions.copilot-requests: write to use GitHub Actions token-based inference with the Copilot engine instead of a personal access token (COPILOT_GITHUB_TOKEN). This option requires that your organization has centralized Copilot billing enabled and may not be available in all organizations — see https://github.github.com/gh-aw/reference/billing/ for details.

✓ /tmp/gh-aw-test-runs/20260704-173215-1254793/workflow-on-test3648683286/custom on with push-workflow.md (79.4 KB)
=== RUN   TestOnSection/custom_on_with_multiple_events
/tmp/gh-aw-test-runs/20260704-173215-1254793/workflow-on-test3648683286/custom on with multiple events-workflow.md: warning: Missing required permissions for GitHub toolsets:
  - issues: read (required by issues)
  - pull-requests: read (required by pull_requests)

To fix this, you can either:

Option 1: Add missing permissions to your workflow frontmatter:
permissions:
  issues: read
  pull-requests: read

See: https://github.com/github/gh-aw/blob/main/docs/src/content/docs/reference/permissions.md

Option 2: Reduce the required toolsets in your workflow:
Remove or adjust toolsets that require these permissions:
  - issues
  - pull_requests

/tmp/gh-aw-test-runs/20260704-173215-1254793/workflow-on-test3648683286/custom on with multiple events-workflow.md: info: Tip: set permissions.copilot-requests: write to use GitHub Actions token-based inference with the Copilot engine instead of a personal access token (COPILOT_GITHUB_TOKEN). This option requires that your organization has centralized Copilot billing enabled and may not be available in all organizations — see https://github.github.com/gh-aw/reference/billing/ for details.

✓ /tmp/gh-aw-test-runs/20260704-173215-1254793/workflow-on-test3648683286/custom on with multiple events-workflow.md (79.6 KB)
--- PASS: TestOnSection (0.04s)
    --- PASS: TestOnSection/default_on_section (0.01s)
    --- PASS: TestOnSection/custom_on_workflow_dispatch (0.01s)
    --- PASS: TestOnSection/custom_on_with_push (0.01s)
    --- PASS: TestOnSection/custom_on_with_multiple_events (0.01s)
=== RUN   TestCommandSection
=== RUN   TestCommandSection/command_trigger
⚠ The 'command:' trigger field is deprecated. Please use 'slash_command:' instead.
/tmp/gh-aw-test-runs/20260704-173215-1254793/workflow-command-test3170289749/test-bot.md: warning: Missing required permissions for GitHub toolsets:
  - issues: read (required by issues)
  - pull-requests: read (required by pull_requests)

To fix this, you can either:

Option 1: Add missing permissions to your workflow frontmatter:
permissions:
  issues: read
  pull-requests: read

See: https://github.com/github/gh-aw/blob/main/docs/src/content/docs/reference/permissions.md

Option 2: Reduce the required toolsets in your workflow:
Remove or adjust toolsets that require these permissions:
  - issues
  - pull_requests

/tmp/gh-aw-test-runs/20260704-173215-1254793/workflow-command-test3170289749/test-bot.md: info: Tip: set permissions.copilot-requests: write to use GitHub Actions token-based inference with the Copilot engine instead of a personal access token (COPILOT_GITHUB_TOKEN). This option requires that your organization has centralized Copilot billing enabled and may not be available in all organizations — see https://github.github.com/gh-aw/reference/billing/ for details.

✓ /tmp/gh-aw-test-runs/20260704-173215-1254793/workflow-command-test3170289749/test-bot.md (85.3 KB)
=== RUN   TestCommandSection/new_format_command_trigger
⚠ The 'command:' trigger field is deprecated. Please use 'slash_command:' instead.
/tmp/gh-aw-test-runs/20260704-173215-1254793/workflow-command-test3170289749/test-new-format.md: warning: Missing required permissions for GitHub toolsets:
  - issues: read (required by issues)
  - pull-requests: read (required by pull_requests)

To fix this, you can either:

Option 1: Add missing permissions to your workflow frontmatter:
permissions:
  issues: read
  pull-requests: read

See: https://github.com/github/gh-aw/blob/main/docs/src/content/docs/reference/permissions.md

Option 2: Reduce the required toolsets in your workflow:
Remove or adjust toolsets that require these permissions:
  - issues
  - pull_requests

/tmp/gh-aw-test-runs/20260704-173215-1254793/workflow-command-test3170289749/test-new-format.md: info: Tip: set permissions.copilot-requests: write to use GitHub Actions token-based inference with the Copilot engine instead of a personal access token (COPILOT_GITHUB_TOKEN). This option requires that your organization has centralized Copilot billing enabled and may not be available in all organizations — see https://github.github.com/gh-aw/reference/billing/ for details.

✓ /tmp/gh-aw-test-runs/20260704-173215-1254793/workflow-command-test3170289749/test-new-format.md (85.4 KB)
=== RUN   TestCommandSection/new_format_command_trigger_no_name_defaults_to_filename
⚠ The 'command:' trigger field is deprecated. Please use 'slash_command:' instead.
/tmp/gh-aw-test-runs/20260704-173215-1254793/workflow-command-test3170289749/default-name-bot.md: warning: Missing required permissions for GitHub toolsets:
  - issues: read (required by issues)
  - pull-requests: read (required by pull_requests)

To fix this, you can either:

Option 1: Add missing permissions to your workflow frontmatter:
permissions:
  issues: read
  pull-requests: read

See: https://github.com/github/gh-aw/blob/main/docs/src/content/docs/reference/permissions.md

Option 2: Reduce the required toolsets in your workflow:
Remove or adjust toolsets that require these permissions:
  - issues
  - pull_requests

/tmp/gh-aw-test-runs/20260704-173215-1254793/workflow-command-test3170289749/default-name-bot.md: info: Tip: set permissions.copilot-requests: write to use GitHub Actions token-based inference with the Copilot engine instead of a personal access token (COPILOT_GITHUB_TOKEN). This option requires that your organization has centralized Copilot billing enabled and may not be available in all organizations — see https://github.github.com/gh-aw/reference/billing/ for details.

✓ /tmp/gh-aw-test-runs/20260704-173215-1254793/workflow-command-test3170289749/default-name-bot.md (85.8 KB)
=== RUN   TestCommandSection/string_format_command_trigger
⚠ The 'command:' trigger field is deprecated. Please use 'slash_command:' instead.
/tmp/gh-aw-test-runs/20260704-173215-1254793/workflow-command-test3170289749/test-string-format.md: warning: Missing required permissions for GitHub toolsets:
  - issues: read (required by issues)
  - pull-requests: read (required by pull_requests)

To fix this, you can either:

Option 1: Add missing permissions to your workflow frontmatter:
permissions:
  issues: read
  pull-requests: read

See: https://github.com/github/gh-aw/blob/main/docs/src/content/docs/reference/permissions.md

Option 2: Reduce the required toolsets in your workflow:
Remove or adjust toolsets that require these permissions:
  - issues
  - pull_requests

/tmp/gh-aw-test-runs/20260704-173215-1254793/workflow-command-test3170289749/test-string-format.md: info: Tip: set permissions.copilot-requests: write to use GitHub Actions token-based inference with the Copilot engine instead of a personal access token (COPILOT_GITHUB_TOKEN). This option requires that your organization has centralized Copilot billing enabled and may not be available in all organizations — see https://github.github.com/gh-aw/reference/billing/ for details.

✓ /tmp/gh-aw-test-runs/20260704-173215-1254793/workflow-command-test3170289749/test-string-format.md (85.6 KB)
--- PASS: TestCommandSection (0.06s)
    --- PASS: TestCommandSection/command_trigger (0.01s)
    --- PASS: TestCommandSection/new_format_command_trigger (0.01s)
    --- PASS: TestCommandSection/new_format_command_trigger_no_name_defaults_to_filename (0.01s)
    --- PASS: TestCommandSection/string_format_command_trigger (0.02s)
=== RUN   TestCommandWithOtherEvents
=== RUN   TestCommandWithOtherEvents/command_with_workflow_dispatch
⚠ The 'command:' trigger field is deprecated. Please use 'slash_command:' instead.
/tmp/gh-aw-test-runs/20260704-173215-1254793/workflow-command-merge-test1352384962/command-with-dispatch.md: warning: Missing required permissions for GitHub toolsets:
  - issues: read (required by issues)
  - pull-requests: read (required by pull_requests)

To fix this, you can either:

Option 1: Add missing permissions to your workflow frontmatter:
permissions:
  issues: read
  pull-requests: read

See: https://github.com/github/gh-aw/blob/main/docs/src/content/docs/reference/permissions.md

Option 2: Reduce the required toolsets in your workflow:
Remove or adjust toolsets that require these permissions:
  - issues
  - pull_requests

/tmp/gh-aw-test-runs/20260704-173215-1254793/workflow-command-merge-test1352384962/command-with-dispatch.md: info: Tip: set permissions.copilot-requests: write to use GitHub Actions token-based inference with the Copilot engine instead of a personal access token (COPILOT_GITHUB_TOKEN). This option requires that your organization has centralized Copilot billing enabled and may not be available in all organizations — see https://github.github.com/gh-aw/reference/billing/ for details.

✓ /tmp/gh-aw-test-runs/20260704-173215-1254793/workflow-command-merge-test1352384962/command-with-dispatch.md (87.0 KB)
=== RUN   TestCommandWithOtherEvents/command_with_schedule
⚠ The 'command:' trigger field is deprecated. Please use 'slash_command:' instead.
/tmp/gh-aw-test-runs/20260704-173215-1254793/workflow-command-merge-test1352384962/command-with-schedule.md: warning: Missing required permissions for GitHub toolsets:
  - issues: read (required by issues)
  - pull-requests: read (required by pull_requests)

To fix this, you can either:

Option 1: Add missing permissions to your workflow frontmatter:
permissions:
  issues: read
  pull-requests: read

See: https://github.com/github/gh-aw/blob/main/docs/src/content/docs/reference/permissions.md

Option 2: Reduce the required toolsets in your workflow:
Remove or adjust toolsets that require these permissions:
  - issues
  - pull_requests

/tmp/gh-aw-test-runs/20260704-173215-1254793/workflow-command-merge-test1352384962/command-with-schedule.md: info: Tip: set permissions.copilot-requests: write to use GitHub Actions token-based inference with the Copilot engine instead of a personal access token (COPILOT_GITHUB_TOKEN). This option requires that your organization has centralized Copilot billing enabled and may not be available in all organizations — see https://github.github.com/gh-aw/reference/billing/ for details.

✓ /tmp/gh-aw-test-runs/20260704-173215-1254793/workflow-command-merge-test1352384962/command-with-schedule.md (87.2 KB)
=== RUN   TestCommandWithOtherEvents/command_with_multiple_compatible_events
⚠ The 'command:' trigger field is deprecated. Please use 'slash_command:' instead.
/tmp/gh-aw-test-runs/20260704-173215-1254793/workflow-command-merge-test1352384962/command-with-multiple.md: warning: Missing required permissions for GitHub toolsets:
  - issues: read (required by issues)
  - pull-requests: read (required by pull_requests)

To fix this, you can either:

Option 1: Add missing permissions to your workflow frontmatter:
permissions:
  issues: read
  pull-requests: read

See: https://github.com/github/gh-aw/blob/main/docs/src/content/docs/reference/permissions.md

Option 2: Reduce the required toolsets in your workflow:
Remove or adjust toolsets that require these permissions:
  - issues
  - pull_requests

/tmp/gh-aw-test-runs/20260704-173215-1254793/workflow-command-merge-test1352384962/command-with-multiple.md: info: Tip: set permissions.copilot-requests: write to use GitHub Actions token-based inference with the Copilot engine instead of a personal access token (COPILOT_GITHUB_TOKEN). This option requires that your organization has centralized Copilot billing enabled and may not be available in all organizations — see https://github.github.com/gh-aw/reference/billing/ for details.

✓ /tmp/gh-aw-test-runs/20260704-173215-1254793/workflow-command-merge-test1352384962/command-with-multiple.md (87.1 KB)
=== RUN   TestCommandWithOtherEvents/command_with_conflicting_issues_event_-_should_error
=== RUN   TestCommandWithOtherEvents/command_with_conflicting_issue_comment_event_-_should_error
=== RUN   TestCommandWithOtherEvents/command_with_conflicting_pull_request_event_-_should_error
=== RUN   TestCommandWithOtherEvents/command_with_conflicting_pull_request_review_comment_event_-_should_error
=== RUN   TestCommandWithOtherEvents/command_with_label-only_issues_event_-_should_succeed
⚠ The 'command:' trigger field is deprecated. Please use 'slash_command:' instead.
/tmp/gh-aw-test-runs/20260704-173215-1254793/workflow-command-merge-test1352384962/command-with-labeled-issues.md: warning: Missing required permissions for GitHub toolsets:
  - issues: read (required by issues)
  - pull-requests: read (required by pull_requests)

To fix this, you can either:

Option 1: Add missing permissions to your workflow frontmatter:
permissions:
  issues: read
  pull-requests: read

See: https://github.com/github/gh-aw/blob/main/docs/src/content/docs/reference/permissions.md

Option 2: Reduce the required toolsets in your workflow:
Remove or adjust toolsets that require these permissions:
  - issues
  - pull_requests

/tmp/gh-aw-test-runs/20260704-173215-1254793/workflow-command-merge-test1352384962/command-with-labeled-issues.md: info: Tip: set permissions.copilot-requests: write to use GitHub Actions token-based inference with the Copilot engine instead of a personal access token (COPILOT_GITHUB_TOKEN). This option requires that your organization has centralized Copilot billing enabled and may not be available in all organizations — see https://github.github.com/gh-aw/reference/billing/ for details.

✓ /tmp/gh-aw-test-runs/20260704-173215-1254793/workflow-command-merge-test1352384962/command-with-labeled-issues.md (88.9 KB)
=== RUN   TestCommandWithOtherEvents/command_with_labeled_and_unlabeled_-_should_succeed
⚠ The 'command:' trigger field is deprecated. Please use 'slash_command:' instead.
/tmp/gh-aw-test-runs/20260704-173215-1254793/workflow-command-merge-test1352384962/command-with-labeled-unlabeled.md: warning: Missing required permissions for GitHub toolsets:
  - issues: read (required by issues)
  - pull-requests: read (required by pull_requests)

To fix this, you can either:

Option 1: Add missing permissions to your workflow frontmatter:
permissions:
  issues: read
  pull-requests: read

See: https://github.com/github/gh-aw/blob/main/docs/src/content/docs/reference/permissions.md

Option 2: Reduce the required toolsets in your workflow:
Remove or adjust toolsets that require these permissions:
  - issues
  - pull_requests

/tmp/gh-aw-test-runs/20260704-173215-1254793/workflow-command-merge-test1352384962/command-with-labeled-unlabeled.md: info: Tip: set permissions.copilot-requests: write to use GitHub Actions token-based inference with the Copilot engine instead of a personal access token (COPILOT_GITHUB_TOKEN). This option requires that your organization has centralized Copilot billing enabled and may not be available in all organizations — see https://github.github.com/gh-aw/reference/billing/ for details.

✓ /tmp/gh-aw-test-runs/20260704-173215-1254793/workflow-command-merge-test1352384962/command-with-labeled-unlabeled.md (89.0 KB)
--- PASS: TestCommandWithOtherEvents (0.08s)
    --- PASS: TestCommandWithOtherEvents/command_with_workflow_dispatch (0.01s)
    --- PASS: TestCommandWithOtherEvents/command_with_schedule (0.02s)
    --- PASS: TestCommandWithOtherEvents/command_with_multiple_compatible_events (0.01s)
    --- PASS: TestCommandWithOtherEvents/command_with_conflicting_issues_event_-_should_error (0.00s)
    --- PASS: TestCommandWithOtherEvents/command_with_conflicting_issue_comment_event_-_should_error (0.00s)
    --- PASS: TestCommandWithOtherEvents/command_with_conflicting_pull_request_event_-_should_error (0.00s)
    --- PASS: TestCommandWithOtherEvents/command_with_conflicting_pull_request_review_comment_event_-_should_error (0.00s)
    --- PASS: TestCommandWithOtherEvents/command_with_label-only_issues_event_-_should_succeed (0.02s)
    --- PASS: TestCommandWithOtherEvents/command_with_labeled_and_unlabeled_-_should_succeed (0.02s)
=== RUN   TestValidateToolConfigurationSparseInteractionWarning
=== RUN   TestValidateToolConfigurationSparseInteractionWarning/warns_for_multiple_experiments_with_weighted_traffic
=== RUN   TestValidateToolConfigurationSparseInteractionWarning/does_not_warn_for_single_experiment_even_when_weighted
=== RUN   TestValidateToolConfigurationSparseInteractionWarning/does_not_warn_for_multiple_experiments_without_weighted_traffic
--- PASS: TestValidateToolConfigurationSparseInteractionWarning (0.00s)
    --- PASS: TestValidateToolConfigurationSparseInteractionWarning/warns_for_multiple_experiments_with_weighted_traffic (0.00s)
    --- PASS: TestValidateToolConfigurationSparseInteractionWarning/does_not_warn_for_single_experiment_even_when_weighted (0.00s)
    --- PASS: TestValidateToolConfigurationSparseInteractionWarning/does_not_warn_for_multiple_experiments_without_weighted_traffic (0.00s)
=== RUN   TestHasWeightedTrafficExperiment
--- PASS: TestHasWeightedTrafficExperiment (0.00s)
=== RUN   TestSortedExperimentNames
--- PASS: TestSortedExperimentNames (0.00s)
=== RUN   TestBuildExperimentSpecJSON
--- PASS: TestBuildExperimentSpecJSON (0.00s)
=== RUN   TestBuildExperimentSpecJSONWithConfigs
--- PASS: TestBuildExperimentSpecJSONWithConfigs (0.00s)
=== RUN   TestBuildExperimentSpecJSONEscaping
--- PASS: TestBuildExperimentSpecJSONEscaping (0.00s)
=== RUN   TestGenerateExperimentSteps_Empty
--- PASS: TestGenerateExperimentSteps_Empty (0.00s)
=== RUN   TestGenerateExperimentSteps_Generated
--- PASS: TestGenerateExperimentSteps_Generated (0.00s)
=== RUN   TestGenerateExperimentSteps_CacheStorage
--- PASS: TestGenerateExperimentSteps_CacheStorage (0.00s)
=== RUN   TestGenerateExperimentSteps_SpecJSON
--- PASS: TestGenerateExperimentSteps_SpecJSON (0.00s)
=== RUN   TestGenerateExperimentSteps_SingleQuoteEscaping
--- PASS: TestGenerateExperimentSteps_SingleQuoteEscaping (0.00s)
=== RUN   TestExperimentExpressionMappings
--- PASS: TestExperimentExpressionMappings (0.00s)
=== RUN   TestBuildExperimentArtifactDownloadStep_Empty
--- PASS: TestBuildExperimentArtifactDownloadStep_Empty (0.00s)
=== RUN   TestBuildExperimentArtifactDownloadStep_Generated
--- PASS: TestBuildExperimentArtifactDownloadStep_Generated (0.00s)
=== RUN   TestBuildExperimentArtifactDownloadStep_NoPrefix
--- PASS: TestBuildExperimentArtifactDownloadStep_NoPrefix (0.00s)
=== RUN   TestExtractExperimentConfigsFromFrontmatter
=== RUN   TestExtractExperimentConfigsFromFrontmatter/nil_returns_nil
=== RUN   TestExtractExperimentConfigsFromFrontmatter/bare_array_form_returns_config_with_variants_only
=== RUN   TestExtractExperimentConfigsFromFrontmatter/object_form_with_all_metadata_fields
=== RUN   TestExtractExperimentConfigsFromFrontmatter/object_form_with_new_extended_metadata_fields
=== RUN   TestExtractExperimentConfigsFromFrontmatter/mixed_bare_array_and_object_form_in_same_map
=== RUN   TestExtractExperimentConfigsFromFrontmatter/guardrail_entry_with_empty_threshold_is_skipped
=== RUN   TestExtractExperimentConfigsFromFrontmatter/numeric_guardrail_threshold_is_parsed
=== RUN   TestExtractExperimentConfigsFromFrontmatter/uint64_integer_values_for_min_samples_and_issue_are_parsed_correctly
--- PASS: TestExtractExperimentConfigsFromFrontmatter (0.00s)
    --- PASS: TestExtractExperimentConfigsFromFrontmatter/nil_returns_nil (0.00s)
    --- PASS: TestExtractExperimentConfigsFromFrontmatter/bare_array_form_returns_config_with_variants_only (0.00s)
    --- PASS: TestExtractExperimentConfigsFromFrontmatter/object_form_with_all_metadata_fields (0.00s)
    --- PASS: TestExtractExperimentConfigsFromFrontmatter/object_form_with_new_extended_metadata_fields (0.00s)
    --- PASS: TestExtractExperimentConfigsFromFrontmatter/mixed_bare_array_and_object_form_in_same_map (0.00s)
    --- PASS: TestExtractExperimentConfigsFromFrontmatter/guardrail_entry_with_empty_threshold_is_skipped (0.00s)
    --- PASS: TestExtractExperimentConfigsFromFrontmatter/numeric_guardrail_threshold_is_parsed (0.00s)
    --- PASS: TestExtractExperimentConfigsFromFrontmatter/uint64_integer_values_for_min_samples_and_issue_are_parsed_correctly (0.00s)
=== RUN   TestGenerateExperimentSteps_WithConfigs
--- PASS: TestGenerateExperimentSteps_WithConfigs (0.00s)
=== RUN   TestExtractExperimentsStorageFromFrontmatter
=== RUN   TestExtractExperimentsStorageFromFrontmatter/no_experiments_key_returns_repo_default
=== RUN   TestExtractExperimentsStorageFromFrontmatter/nil_experiments_returns_repo_default
=== RUN   TestExtractExperimentsStorageFromFrontmatter/experiments_without_storage_key_returns_repo_default
=== RUN   TestExtractExperimentsStorageFromFrontmatter/storage:_repo_returns_repo
=== RUN   TestExtractExperimentsStorageFromFrontmatter/storage:_cache_returns_cache
=== RUN   TestExtractExperimentsStorageFromFrontmatter/unknown_storage_value_returns_repo_default
--- PASS: TestExtractExperimentsStorageFromFrontmatter (0.00s)
    --- PASS: TestExtractExperimentsStorageFromFrontmatter/no_experiments_key_returns_repo_default (0.00s)
    --- PASS: TestExtractExperimentsStorageFromFrontmatter/nil_experiments_returns_repo_default (0.00s)
    --- PASS: TestExtractExperimentsStorageFromFrontmatter/experiments_without_storage_key_returns_repo_default (0.00s)
    --- PASS: TestExtractExperimentsStorageFromFrontmatter/storage:_repo_returns_repo (0.00s)
    --- PASS: TestExtractExperimentsStorageFromFrontmatter/storage:_cache_returns_cache (0.00s)
    --- PASS: TestExtractExperimentsStorageFromFrontmatter/unknown_storage_value_returns_repo_default (0.00s)
=== RUN   TestExperimentsBranchName
=== RUN   TestExperimentsBranchName/my-workflow
=== RUN   TestExperimentsBranchName/smoke-copilot
=== RUN   TestExperimentsBranchName/#00
--- PASS: TestExperimentsBranchName (0.00s)
    --- PASS: TestExperimentsBranchName/my-workflow (0.00s)
    --- PASS: TestExperimentsBranchName/smoke-copilot (0.00s)
    --- PASS: TestExperimentsBranchName/#00 (0.00s)
=== RUN   TestExtractExperimentConfigsFromFrontmatter_StorageKeyIsSkipped
--- PASS: TestExtractExperimentConfigsFromFrontmatter_StorageKeyIsSkipped (0.00s)
=== RUN   TestValidateEventFilters
=== RUN   TestValidateEventFilters/valid_branches_only
=== RUN   TestValidateEventFilters/valid_branches-ignore_only
=== RUN   TestValidateEventFilters/valid_paths_only
=== RUN   TestValidateEventFilters/valid_paths-ignore_only
=== RUN   TestValidateEventFilters/valid_both_branches_and_paths
=== RUN   TestValidateEventFilters/valid_pull_request_with_branches
=== RUN   TestValidateEventFilters/valid_pull_request_with_paths-ignore
=== RUN   TestValidateEventFilters/valid_no_on_section
=== RUN   TestValidateEventFilters/valid_on_section_with_string_value
=== RUN   TestValidateEventFilters/valid_push_event_with_empty_map
=== RUN   TestValidateEventFilters/valid_push_event_with_null_value
=== RUN   TestValidateEventFilters/invalid_both_branches_and_branches-ignore_on_push
=== RUN   TestValidateEventFilters/invalid_both_branches_and_branches-ignore_on_pull_request
=== RUN   TestValidateEventFilters/invalid_both_paths_and_paths-ignore_on_push
=== RUN   TestValidateEventFilters/invalid_both_paths_and_paths-ignore_on_pull_request
=== RUN   TestValidateEventFilters/invalid_multiple_violations_on_same_event
=== RUN   TestValidateEventFilters/valid_one_event,_invalid_another
=== RUN   TestValidateEventFilters/valid_both_push_and_pull_request_without_conflicts
--- PASS: TestValidateEventFilters (0.00s)
    --- PASS: TestValidateEventFilters/valid_branches_only (0.00s)
    --- PASS: TestValidateEventFilters/valid_branches-ignore_only (0.00s)
    --- PASS: TestValidateEventFilters/valid_paths_only (0.00s)
    --- PASS: TestValidateEventFilters/valid_paths-ignore_only (0.00s)
    --- PASS: TestValidateEventFilters/valid_both_branches_and_paths (0.00s)
    --- PASS: TestValidateEventFilters/valid_pull_request_with_branches (0.00s)
    --- PASS: TestValidateEventFilters/valid_pull_request_with_paths-ignore (0.00s)
    --- PASS: TestValidateEventFilters/valid_no_on_section (0.00s)
    --- PASS: TestValidateEventFilters/valid_on_section_with_string_value (0.00s)
    --- PASS: TestValidateEventFilters/valid_push_event_with_empty_map (0.00s)
    --- PASS: TestValidateEventFilters/valid_push_event_with_null_value (0.00s)
    --- PASS: TestValidateEventFilters/invalid_both_branches_and_branches-ignore_on_push (0.00s)
    --- PASS: TestValidateEventFilters/invalid_both_branches_and_branches-ignore_on_pull_request (0.00s)
    --- PASS: TestValidateEventFilters/invalid_both_paths_and_paths-ignore_on_push (0.00s)
    --- PASS: TestValidateEventFilters/invalid_both_paths_and_paths-ignore_on_pull_request (0.00s)
    --- PASS: TestValidateEventFilters/invalid_multiple_violations_on_same_event (0.00s)
    --- PASS: TestValidateEventFilters/valid_one_event,_invalid_another (0.00s)
    --- PASS: TestValidateEventFilters/valid_both_push_and_pull_request_without_conflicts (0.00s)
=== RUN   TestValidateFilterExclusivity
=== RUN   TestValidateFilterExclusivity/valid_nil_event
=== RUN   TestValidateFilterExclusivity/valid_string_event
=== RUN   TestValidateFilterExclusivity/valid_empty_map
=== RUN   TestValidateFilterExclusivity/valid_single_filter
=== RUN   TestValidateFilterExclusivity/invalid_branches_conflict
=== RUN   TestValidateFilterExclusivity/invalid_paths_conflict
=== RUN   TestValidateFilterExclusivity/valid_with_other_fields_present
--- PASS: TestValidateFilterExclusivity (0.00s)
    --- PASS: TestValidateFilterExclusivity/valid_nil_event (0.00s)
    --- PASS: TestValidateFilterExclusivity/valid_string_event (0.00s)
    --- PASS: TestValidateFilterExclusivity/valid_empty_map (0.00s)
    --- PASS: TestValidateFilterExclusivity/valid_single_filter (0.00s)
    --- PASS: TestValidateFilterExclusivity/invalid_branches_conflict (0.00s)
    --- PASS: TestValidateFilterExclusivity/invalid_paths_conflict (0.00s)
    --- PASS: TestValidateFilterExclusivity/valid_with_other_fields_present (0.00s)
=== RUN   TestValidateEventFilters_ReturnsValidationErrorWithSuggestion
--- PASS: TestValidateEventFilters_ReturnsValidationErrorWithSuggestion (0.00s)
=== RUN   TestValidateGlobPatterns
=== RUN   TestValidateGlobPatterns/valid_branch_pattern_main
=== RUN   TestValidateGlobPatterns/valid_branch_wildcard
=== RUN   TestValidateGlobPatterns/valid_tag_pattern_v*
=== RUN   TestValidateGlobPatterns/valid_semver_tag_pattern
=== RUN   TestValidateGlobPatterns/valid_path_src/**
=== RUN   TestValidateGlobPatterns/valid_paths-ignore_docs/**
=== RUN   TestValidateGlobPatterns/valid_negated_path_glob
=== RUN   TestValidateGlobPatterns/no_on_section
=== RUN   TestValidateGlobPatterns/invalid_branch_pattern_with_space
=== RUN   TestValidateGlobPatterns/invalid_tag_pattern_with_colon
=== RUN   TestValidateGlobPatterns/invalid_path_glob_with_./_prefix
=== RUN   TestValidateGlobPatterns/invalid_paths-ignore_with_./_prefix
=== RUN   TestValidateGlobPatterns/valid_pull_request_branch_pattern
=== RUN   TestValidateGlobPatterns/invalid_pull_request_branch_with_tilde
=== RUN   TestValidateGlobPatterns/on_section_is_a_string_(not_a_map)
=== RUN   TestValidateGlobPatterns/valid_branch_list_as_[]any
=== RUN   TestValidateGlobPatterns/invalid_path_in_[]any_list
--- PASS: TestValidateGlobPatterns (0.00s)
    --- PASS: TestValidateGlobPatterns/valid_branch_pattern_main (0.00s)
    --- PASS: TestValidateGlobPatterns/valid_branch_wildcard (0.00s)
    --- PASS: TestValidateGlobPatterns/valid_tag_pattern_v* (0.00s)
    --- PASS: TestValidateGlobPatterns/valid_semver_tag_pattern (0.00s)
    --- PASS: TestValidateGlobPatterns/valid_path_src/** (0.00s)
    --- PASS: TestValidateGlobPatterns/valid_paths-ignore_docs/** (0.00s)
    --- PASS: TestValidateGlobPatterns/valid_negated_path_glob (0.00s)
    --- PASS: TestValidateGlobPatterns/no_on_section (0.00s)
    --- PASS: TestValidateGlobPatterns/invalid_branch_pattern_with_space (0.00s)
    --- PASS: TestValidateGlobPatterns/invalid_tag_pattern_with_colon (0.00s)
    --- PASS: TestValidateGlobPatterns/invalid_path_glob_with_./_prefix (0.00s)
    --- PASS: TestValidateGlobPatterns/invalid_paths-ignore_with_./_prefix (0.00s)
    --- PASS: TestValidateGlobPatterns/valid_pull_request_branch_pattern (0.00s)
    --- PASS: TestValidateGlobPatterns/invalid_pull_request_branch_with_tilde (0.00s)
    --- PASS: TestValidateGlobPatterns/on_section_is_a_string_(not_a_map) (0.00s)
    --- PASS: TestValidateGlobPatterns/valid_branch_list_as_[]any (0.00s)
    --- PASS: TestValidateGlobPatterns/invalid_path_in_[]any_list (0.00s)
=== RUN   TestValidateGlobPatterns_ReturnsValidationErrorWithSuggestion
--- PASS: TestValidateGlobPatterns_ReturnsValidationErrorWithSuggestion (0.00s)
=== RUN   TestValidateGlobPatternsExtendedEvents
=== RUN   TestValidateGlobPatternsExtendedEvents/valid_pull_request_target_branches
=== RUN   TestValidateGlobPatternsExtendedEvents/invalid_pull_request_target_branch_with_space
=== RUN   TestValidateGlobPatternsExtendedEvents/invalid_pull_request_target_path_with_./_prefix
=== RUN   TestValidateGlobPatternsExtendedEvents/valid_workflow_run_branches
=== RUN   TestValidateGlobPatternsExtendedEvents/invalid_workflow_run_branch_with_tilde
=== RUN   TestValidateGlobPatternsExtendedEvents/valid_branches-ignore_pattern
=== RUN   TestValidateGlobPatternsExtendedEvents/invalid_branches-ignore_pattern_with_colon
=== RUN   TestValidateGlobPatternsExtendedEvents/valid_tags-ignore_pattern
=== RUN   TestValidateGlobPatternsExtendedEvents/invalid_tags-ignore_pattern_with_space
=== RUN   TestValidateGlobPatternsExtendedEvents/second_branch_in_list_is_invalid
=== RUN   TestValidateGlobPatternsExtendedEvents/second_path_in_list_is_invalid
=== RUN   TestValidateGlobPatternsExtendedEvents/push_event_with_null_value_is_skipped
=== RUN   TestValidateGlobPatternsExtendedEvents/push_event_with_string_value_is_skipped
--- PASS: TestValidateGlobPatternsExtendedEvents (0.00s)
    --- PASS: TestValidateGlobPatternsExtendedEvents/valid_pull_request_target_branches (0.00s)
    --- PASS: TestValidateGlobPatternsExtendedEvents/invalid_pull_request_target_branch_with_space (0.00s)
    --- PASS: TestValidateGlobPatternsExtendedEvents/invalid_pull_request_target_path_with_./_prefix (0.00s)
    --- PASS: TestValidateGlobPatternsExtendedEvents/valid_workflow_run_branches (0.00s)
    --- PASS: TestValidateGlobPatternsExtendedEvents/invalid_workflow_run_branch_with_tilde (0.00s)
    --- PASS: TestValidateGlobPatternsExtendedEvents/valid_branches-ignore_pattern (0.00s)
    --- PASS: TestValidateGlobPatternsExtendedEvents/invalid_branches-ignore_pattern_with_colon (0.00s)
    --- PASS: TestValidateGlobPatternsExtendedEvents/valid_tags-ignore_pattern (0.00s)
    --- PASS: TestValidateGlobPatternsExtendedEvents/invalid_tags-ignore_pattern_with_space (0.00s)
    --- PASS: TestValidateGlobPatternsExtendedEvents/second_branch_in_list_is_invalid (0.00s)
    --- PASS: TestValidateGlobPatternsExtendedEvents/second_path_in_list_is_invalid (0.00s)
    --- PASS: TestValidateGlobPatternsExtendedEvents/push_event_with_null_value_is_skipped (0.00s)
    --- PASS: TestValidateGlobPatternsExtendedEvents/push_event_with_string_value_is_skipped (0.00s)
=== RUN   TestValidateRefGlob
=== RUN   TestValidateRefGlob/simple_branch_name
=== RUN   TestValidateRefGlob/wildcard_branch
=== RUN   TestValidateRefGlob/double_wildcard
=== RUN   TestValidateRefGlob/negated_pattern
=== RUN   TestValidateRefGlob/version_tag
=== RUN   TestValidateRefGlob/character_class
=== RUN   TestValidateRefGlob/empty_string
=== RUN   TestValidateRefGlob/contains_space
=== RUN   TestValidateRefGlob/contains_tilde
=== RUN   TestValidateRefGlob/contains_caret
=== RUN   TestValidateRefGlob/contains_colon
=== RUN   TestValidateRefGlob/starts_with_slash
=== RUN   TestValidateRefGlob/ends_with_slash
=== RUN   TestValidateRefGlob/ends_with_dot
=== RUN   TestValidateRefGlob/empty_character_class
=== RUN   TestValidateRefGlob/unclosed_character_class
=== RUN   TestValidateRefGlob/bare_exclamation
--- PASS: TestValidateRefGlob (0.00s)
    --- PASS: TestValidateRefGlob/simple_branch_name (0.00s)
    --- PASS: TestValidateRefGlob/wildcard_branch (0.00s)
    --- PASS: TestValidateRefGlob/double_wildcard (0.00s)
    --- PASS: TestValidateRefGlob/negated_pattern (0.00s)
    --- PASS: TestValidateRefGlob/version_tag (0.00s)
    --- PASS: TestValidateRefGlob/character_class (0.00s)
    --- PASS: TestValidateRefGlob/empty_string (0.00s)
    --- PASS: TestValidateRefGlob/contains_space (0.00s)
    --- PASS: TestValidateRefGlob/contains_tilde (0.00s)
    --- PASS: TestValidateRefGlob/contains_caret (0.00s)
    --- PASS: TestValidateRefGlob/contains_colon (0.00s)
    --- PASS: TestValidateRefGlob/starts_with_slash (0.00s)
    --- PASS: TestValidateRefGlob/ends_with_slash (0.00s)
    --- PASS: TestValidateRefGlob/ends_with_dot (0.00s)
    --- PASS: TestValidateRefGlob/empty_character_class (0.00s)
    --- PASS: TestValidateRefGlob/unclosed_character_class (0.00s)
    --- PASS: TestValidateRefGlob/bare_exclamation (0.00s)
=== RUN   TestValidatePathGlob
=== RUN   TestValidatePathGlob/simple_filename
=== RUN   TestValidatePathGlob/subdirectory_wildcard
=== RUN   TestValidatePathGlob/negated_path
=== RUN   TestValidatePathGlob/root_wildcard
=== RUN   TestValidatePathGlob/deep_path
=== RUN   TestValidatePathGlob/negated_dot-path_is_valid
=== RUN   TestValidatePathGlob/./_prefix
=== RUN   TestValidatePathGlob/../_prefix
=== RUN   TestValidatePathGlob/bare_dot
=== RUN   TestValidatePathGlob/bare_double-dot
=== RUN   TestValidatePathGlob/negated_./_prefix
=== RUN   TestValidatePathGlob/leading_space
=== RUN   TestValidatePathGlob/trailing_space
=== RUN   TestValidatePathGlob/empty_string
=== RUN   TestValidatePathGlob/bare_exclamation
=== RUN   TestValidatePathGlob/unclosed_bracket
--- PASS: TestValidatePathGlob (0.00s)
    --- PASS: TestValidatePathGlob/simple_filename (0.00s)
    --- PASS: TestValidatePathGlob/subdirectory_wildcard (0.00s)
    --- PASS: TestValidatePathGlob/negated_path (0.00s)
    --- PASS: TestValidatePathGlob/root_wildcard (0.00s)
    --- PASS: TestValidatePathGlob/deep_path (0.00s)
    --- PASS: TestValidatePathGlob/negated_dot-path_is_valid (0.00s)
    --- PASS: TestValidatePathGlob/./_prefix (0.00s)
    --- PASS: TestValidatePathGlob/../_prefix (0.00s)
    --- PASS: TestValidatePathGlob/bare_dot (0.00s)
    --- PASS: TestValidatePathGlob/bare_double-dot (0.00s)
    --- PASS: TestValidatePathGlob/negated_./_prefix (0.00s)
    --- PASS: TestValidatePathGlob/leading_space (0.00s)
    --- PASS: TestValidatePathGlob/trailing_space (0.00s)
    --- PASS: TestValidatePathGlob/empty_string (0.00s)
    --- PASS: TestValidatePathGlob/bare_exclamation (0.00s)
    --- PASS: TestValidatePathGlob/unclosed_bracket (0.00s)
=== RUN   TestParseStringSliceAnyStringScalar
=== RUN   TestParseStringSliceAnyStringScalar/[]string
=== RUN   TestParseStringSliceAnyStringScalar/[]any_strings
=== RUN   TestParseStringSliceAnyStringScalar/[]any_skips_int
=== RUN   TestParseStringSliceAnyStringScalar/nil_returns_nil
=== RUN   TestParseStringSliceAnyStringScalar/unknown_type_returns_nil
=== RUN   TestParseStringSliceAnyStringScalar/empty_[]string
=== RUN   TestParseStringSliceAnyStringScalar/empty_[]any
--- PASS: TestParseStringSliceAnyStringScalar (0.00s)
    --- PASS: TestParseStringSliceAnyStringScalar/[]string (0.00s)
    --- PASS: TestParseStringSliceAnyStringScalar/[]any_strings (0.00s)
    --- PASS: TestParseStringSliceAnyStringScalar/[]any_skips_int (0.00s)
    --- PASS: TestParseStringSliceAnyStringScalar/nil_returns_nil (0.00s)
    --- PASS: TestParseStringSliceAnyStringScalar/unknown_type_returns_nil (0.00s)
    --- PASS: TestParseStringSliceAnyStringScalar/empty_[]string (0.00s)
    --- PASS: TestParseStringSliceAnyStringScalar/empty_[]any (0.00s)
=== RUN   TestConvertStepToYAML
=== RUN   TestConvertStepToYAML/step_with_name_only
=== RUN   TestConvertStepToYAML/step_with_name_and_uses
=== RUN   TestConvertStepToYAML/step_with_name_and_run_command
=== RUN   TestConvertStepToYAML/step_with_name,_run_command_and_env_variables
=== RUN   TestConvertStepToYAML/step_with_working-directory
=== RUN   TestConvertStepToYAML/step_with_complex_with_parameters
=== RUN   TestConvertStepToYAML/empty_step_map
=== RUN   TestConvertStepToYAML/step_without_name
--- PASS: TestConvertStepToYAML (0.00s)
    --- PASS: TestConvertStepToYAML/step_with_name_only (0.00s)
    --- PASS: TestConvertStepToYAML/step_with_name_and_uses (0.00s)
    --- PASS: TestConvertStepToYAML/step_with_name_and_run_command (0.00s)
    --- PASS: TestConvertStepToYAML/step_with_name,_run_command_and_env_variables (0.00s)
    --- PASS: TestConvertStepToYAML/step_with_working-directory (0.00s)
    --- PASS: TestConvertStepToYAML/step_with_complex_with_parameters (0.00s)
    --- PASS: TestConvertStepToYAML/empty_step_map (0.00s)
    --- PASS: TestConvertStepToYAML/step_without_name (0.00s)
=== RUN   TestExtractJobsFromFrontmatter
=== RUN   TestExtractJobsFromFrontmatter/no_jobs_in_frontmatter
=== RUN   TestExtractJobsFromFrontmatter/jobs_present
=== RUN   TestExtractJobsFromFrontmatter/jobs_is_not_a_map
=== RUN   TestExtractJobsFromFrontmatter/nil_frontmatter
--- PASS: TestExtractJobsFromFrontmatter (0.00s)
    --- PASS: TestExtractJobsFromFrontmatter/no_jobs_in_frontmatter (0.00s)
    --- PASS: TestExtractJobsFromFrontmatter/jobs_present (0.00s)
    --- PASS: TestExtractJobsFromFrontmatter/jobs_is_not_a_map (0.00s)
    --- PASS: TestExtractJobsFromFrontmatter/nil_frontmatter (0.00s)
=== RUN   TestReferencesCustomJobOutputsAdditional
=== RUN   TestReferencesCustomJobOutputsAdditional/references_non-existent_job
=== RUN   TestReferencesCustomJobOutputsAdditional/multiple_custom_jobs_with_reference
=== RUN   TestReferencesCustomJobOutputsAdditional/complex_condition_with_output_reference
--- PASS: TestReferencesCustomJobOutputsAdditional (0.00s)
    --- PASS: TestReferencesCustomJobOutputsAdditional/references_non-existent_job (0.00s)
    --- PASS: TestReferencesCustomJobOutputsAdditional/multiple_custom_jobs_with_reference (0.00s)
    --- PASS: TestReferencesCustomJobOutputsAdditional/complex_condition_with_output_reference (0.00s)
=== RUN   TestJobDependsOnPreActivationEdgeCases
=== RUN   TestJobDependsOnPreActivationEdgeCases/needs_is_invalid_type
=== RUN   TestJobDependsOnPreActivationEdgeCases/array_with_non-string_element
--- PASS: TestJobDependsOnPreActivationEdgeCases (0.00s)
    --- PASS: TestJobDependsOnPreActivationEdgeCases/needs_is_invalid_type (0.00s)
    --- PASS: TestJobDependsOnPreActivationEdgeCases/array_with_non-string_element (0.00s)
=== RUN   TestJobDependsOnAgentEdgeCases
=== RUN   TestJobDependsOnAgentEdgeCases/array_with_mixed_types_including_agent
--- PASS: TestJobDependsOnAgentEdgeCases (0.00s)
    --- PASS: TestJobDependsOnAgentEdgeCases/array_with_mixed_types_including_agent (0.00s)
=== RUN   TestGetCustomJobsDependingOnPreActivationEdgeCases
=== RUN   TestGetCustomJobsDependingOnPreActivationEdgeCases/job_with_invalid_config_type
--- PASS: TestGetCustomJobsDependingOnPreActivationEdgeCases (0.00s)
    --- PASS: TestGetCustomJobsDependingOnPreActivationEdgeCases/job_with_invalid_config_type (0.00s)
=== RUN   TestJobDependsOnActivation
=== RUN   TestJobDependsOnActivation/no_needs_field
=== RUN   TestJobDependsOnActivation/needs:_activation_as_string
=== RUN   TestJobDependsOnActivation/needs:_pre_activation_only
=== RUN   TestJobDependsOnActivation/needs:_agent_only
=== RUN   TestJobDependsOnActivation/needs:_[activation,_pre_activation]_array
=== RUN   TestJobDependsOnActivation/needs:_array_without_activation
=== RUN   TestJobDependsOnActivation/needs:_array_with_mixed_types_including_activation
=== RUN   TestJobDependsOnActivation/needs:_invalid_type
--- PASS: TestJobDependsOnActivation (0.00s)
    --- PASS: TestJobDependsOnActivation/no_needs_field (0.00s)
    --- PASS: TestJobDependsOnActivation/needs:_activation_as_string (0.00s)
    --- PASS: TestJobDependsOnActivation/needs:_pre_activation_only (0.00s)
    --- PASS: TestJobDependsOnActivation/needs:_agent_only (0.00s)
    --- PASS: TestJobDependsOnActivation/needs:_[activation,_pre_activation]_array (0.00s)
    --- PASS: TestJobDependsOnActivation/needs:_array_without_activation (0.00s)
    --- PASS: TestJobDependsOnActivation/needs:_array_with_mixed_types_including_activation (0.00s)
    --- PASS: TestJobDependsOnActivation/needs:_invalid_type (0.00s)
=== RUN   TestGetCustomJobsDependingOnPreActivationExcludesActivationDependents
=== RUN   TestGetCustomJobsDependingOnPreActivationExcludesActivationDependents/job_with_both_pre_activation_and_activation_is_excluded
=== RUN   TestGetCustomJobsDependingOnPreActivationExcludesActivationDependents/job_with_only_pre_activation_is_included
=== RUN   TestGetCustomJobsDependingOnPreActivationExcludesActivationDependents/mixed:_pre_activation-only_included,_pre_activation+activation_excluded
=== RUN   TestGetCustomJobsDependingOnPreActivationExcludesActivationDependents/job_with_only_activation_dependency_is_excluded
--- PASS: TestGetCustomJobsDependingOnPreActivationExcludesActivationDependents (0.00s)
    --- PASS: TestGetCustomJobsDependingOnPreActivationExcludesActivationDependents/job_with_both_pre_activation_and_activation_is_excluded (0.00s)
    --- PASS: TestGetCustomJobsDependingOnPreActivationExcludesActivationDependents/job_with_only_pre_activation_is_included (0.00s)
    --- PASS: TestGetCustomJobsDependingOnPreActivationExcludesActivationDependents/mixed:_pre_activation-only_included,_pre_activation+activation_excluded (0.00s)
    --- PASS: TestGetCustomJobsDependingOnPreActivationExcludesActivationDependents/job_with_only_activation_dependency_is_excluded (0.00s)
=== RUN   TestBuildCustomJobsDoesNotAutoAddActivationToOutputReferencedJobs
--- PASS: TestBuildCustomJobsDoesNotAutoAddActivationToOutputReferencedJobs (0.00s)
=== RUN   TestGetReferencedCustomJobs
=== RUN   TestGetReferencedCustomJobs/empty_content
=== RUN   TestGetReferencedCustomJobs/nil_custom_jobs
=== RUN   TestGetReferencedCustomJobs/references_one_job_output
=== RUN   TestGetReferencedCustomJobs/references_job_result
=== RUN   TestGetReferencedCustomJobs/references_multiple_jobs
=== RUN   TestGetReferencedCustomJobs/no_job_references
=== RUN   TestGetReferencedCustomJobs/references_non-existent_job
=== RUN   TestGetReferencedCustomJobs/github_expression_format
--- PASS: TestGetReferencedCustomJobs (0.00s)
    --- PASS: TestGetReferencedCustomJobs/empty_content (0.00s)
    --- PASS: TestGetReferencedCustomJobs/nil_custom_jobs (0.00s)
    --- PASS: TestGetReferencedCustomJobs/references_one_job_output (0.00s)
    --- PASS: TestGetReferencedCustomJobs/references_job_result (0.00s)
    --- PASS: TestGetReferencedCustomJobs/references_multiple_jobs (0.00s)
    --- PASS: TestGetReferencedCustomJobs/no_job_references (0.00s)
    --- PASS: TestGetReferencedCustomJobs/references_non-existent_job (0.00s)
    --- PASS: TestGetReferencedCustomJobs/github_expression_format (0.00s)
=== RUN   TestShouldAddCheckoutStep
=== RUN   TestShouldAddCheckoutStep/custom_steps_with_checkout
=== RUN   TestShouldAddCheckoutStep/custom_steps_without_checkout
=== RUN   TestShouldAddCheckoutStep/agent_file_specified
=== RUN   TestShouldAddCheckoutStep/release_mode_without_agent_file
=== RUN   TestShouldAddCheckoutStep/dev_mode_without_agent_file
=== RUN   TestShouldAddCheckoutStep/script_mode_without_agent_file
=== RUN   TestShouldAddCheckoutStep/uninitialized_mode
--- PASS: TestShouldAddCheckoutStep (0.01s)
    --- PASS: TestShouldAddCheckoutStep/custom_steps_with_checkout (0.00s)
    --- PASS: TestShouldAddCheckoutStep/custom_steps_without_checkout (0.00s)
    --- PASS: TestShouldAddCheckoutStep/agent_file_specified (0.00s)
    --- PASS: TestShouldAddCheckoutStep/release_mode_without_agent_file (0.00s)
    --- PASS: TestShouldAddCheckoutStep/dev_mode_without_agent_file (0.00s)
    --- PASS: TestShouldAddCheckoutStep/script_mode_without_agent_file (0.00s)
    --- PASS: TestShouldAddCheckoutStep/uninitialized_mode (0.00s)
=== RUN   TestBuildPreActivationJobWithPermissionCheck
--- PASS: TestBuildPreActivationJobWithPermissionCheck (0.00s)
=== RUN   TestBuildPreActivationJobWithStopTime
--- PASS: TestBuildPreActivationJobWithStopTime (0.00s)
=== RUN   TestBuildActivationJob
--- PASS: TestBuildActivationJob (0.00s)
=== RUN   TestBuildActivationJobWithReaction
--- PASS: TestBuildActivationJobWithReaction (0.00s)
=== RUN   TestBuildActivationJobLockFilename
--- PASS: TestBuildActivationJobLockFilename (0.00s)
=== RUN   TestBuildMainJobWithActivation
--- PASS: TestBuildMainJobWithActivation (0.00s)
=== RUN   TestBuildMainJobSkipsBuiltInJobCustomizationsFromNeeds
=== RUN   TestBuildMainJobSkipsBuiltInJobCustomizationsFromNeeds/activation_pre-steps_does_not_duplicate_activation_needs
=== RUN   TestBuildMainJobSkipsBuiltInJobCustomizationsFromNeeds/agent_pre-steps_does_not_create_self-cycle
=== RUN   TestBuildMainJobSkipsBuiltInJobCustomizationsFromNeeds/safe_outputs_pre-steps_does_not_create_cycle_with_agent
=== RUN   TestBuildMainJobSkipsBuiltInJobCustomizationsFromNeeds/conclusion_pre-steps_does_not_create_cycle_with_agent
--- PASS: TestBuildMainJobSkipsBuiltInJobCustomizationsFromNeeds (0.01s)
    --- PASS: TestBuildMainJobSkipsBuiltInJobCustomizationsFromNeeds/activation_pre-steps_does_not_duplicate_activation_needs (0.00s)
    --- PASS: TestBuildMainJobSkipsBuiltInJobCustomizationsFromNeeds/agent_pre-steps_does_not_create_self-cycle (0.00s)
    --- PASS: TestBuildMainJobSkipsBuiltInJobCustomizationsFromNeeds/safe_outputs_pre-steps_does_not_create_cycle_with_agent (0.00s)
    --- PASS: TestBuildMainJobSkipsBuiltInJobCustomizationsFromNeeds/conclusion_pre-steps_does_not_create_cycle_with_agent (0.00s)
=== RUN   TestIsBuiltinJobName
=== RUN   TestIsBuiltinJobName/pre_activation_canonical
=== RUN   TestIsBuiltinJobName/pre-activation_alias
=== RUN   TestIsBuiltinJobName/activation
=== RUN   TestIsBuiltinJobName/agent
=== RUN   TestIsBuiltinJobName/safe_outputs_canonical
=== RUN   TestIsBuiltinJobName/safe-outputs_alias
=== RUN   TestIsBuiltinJobName/conclusion
=== RUN   TestIsBuiltinJobName/detection
=== RUN   TestIsBuiltinJobName/upload_assets
=== RUN   TestIsBuiltinJobName/upload_code_scanning_sarif
=== RUN   TestIsBuiltinJobName/unlock
=== RUN   TestIsBuiltinJobName/empty_string
=== RUN   TestIsBuiltinJobName/different_casing_activation
=== RUN   TestIsBuiltinJobName/different_casing_agent
=== RUN   TestIsBuiltinJobName/partial_pre-activation_match
=== RUN   TestIsBuiltinJobName/partial_agent_match
=== RUN   TestIsBuiltinJobName/custom_job
--- PASS: TestIsBuiltinJobName (0.00s)
    --- PASS: TestIsBuiltinJobName/pre_activation_canonical (0.00s)
    --- PASS: TestIsBuiltinJobName/pre-activation_alias (0.00s)
    --- PASS: TestIsBuiltinJobName/activation (0.00s)
    --- PASS: TestIsBuiltinJobName/agent (0.00s)
    --- PASS: TestIsBuiltinJobName/safe_outputs_canonical (0.00s)
    --- PASS: TestIsBuiltinJobName/safe-outputs_alias (0.00s)
    --- PASS: TestIsBuiltinJobName/conclusion (0.00s)
    --- PASS: TestIsBuiltinJobName/detection (0.00s)
    --- PASS: TestIsBuiltinJobName/upload_assets (0.00s)
    --- PASS: TestIsBuiltinJobName/upload_code_scanning_sarif (0.00s)
    --- PASS: TestIsBuiltinJobName/unlock (0.00s)
    --- PASS: TestIsBuiltinJobName/empty_string (0.00s)
    --- PASS: TestIsBuiltinJobName/different_casing_activation (0.00s)
    --- PASS: TestIsBuiltinJobName/different_casing_agent (0.00s)
    --- PASS: TestIsBuiltinJobName/partial_pre-activation_match (0.00s)
    --- PASS: TestIsBuiltinJobName/partial_agent_match (0.00s)
    --- PASS: TestIsBuiltinJobName/custom_job (0.00s)
=== RUN   TestBuildCustomJobsWithActivation
/tmp/gh-aw-test-runs/20260704-173215-1254793/custom-jobs-test1380558254/test.md: info: Tip: set permissions.copilot-requests: write to use GitHub Actions token-based inference with the Copilot engine instead of a personal access token (COPILOT_GITHUB_TOKEN). This option requires that your organization has centralized Copilot billing enabled and may not be available in all organizations — see https://github.github.com/gh-aw/reference/billing/ for details.

✓ /tmp/gh-aw-test-runs/20260704-173215-1254793/custom-jobs-test1380558254/test.md (78.2 KB)
--- PASS: TestBuildCustomJobsWithActivation (0.01s)
=== RUN   TestCustomJobPreStepsAreInsertedBeforeCheckout
/tmp/gh-aw-test-runs/20260704-173215-1254793/custom-job-pre-steps1714467122/test.md: info: Tip: set permissions.copilot-requests: write to use GitHub Actions token-based inference with the Copilot engine instead of a personal access token (COPILOT_GITHUB_TOKEN). This option requires that your organization has centralized Copilot billing enabled and may not be available in all organizations — see https://github.github.com/gh-aw/reference/billing/ for details.

✓ /tmp/gh-aw-test-runs/20260704-173215-1254793/custom-job-pre-steps1714467122/test.md (78.1 KB)
--- PASS: TestCustomJobPreStepsAreInsertedBeforeCheckout (0.01s)
=== RUN   TestCustomJobCheckoutPreservesExplicitPersistCredentialsTrue
/tmp/gh-aw-test-runs/20260704-173215-1254793/custom-job-checkout-persist-true3417774727/test.md: info: Tip: set permissions.copilot-requests: write to use GitHub Actions token-based inference with the Copilot engine instead of a personal access token (COPILOT_GITHUB_TOKEN). This option requires that your organization has centralized Copilot billing enabled and may not be available in all organizations — see https://github.github.com/gh-aw/reference/billing/ for details.

✓ /tmp/gh-aw-test-runs/20260704-173215-1254793/custom-job-checkout-persist-true3417774727/test.md (77.9 KB)
--- PASS: TestCustomJobCheckoutPreservesExplicitPersistCredentialsTrue (0.01s)
=== RUN   TestCustomJobCheckoutHardensNullPersistCredentials
--- PASS: TestCustomJobCheckoutHardensNullPersistCredentials (0.00s)
=== RUN   TestPreStepsInsertAfterSetupBoundary
/tmp/gh-aw-test-runs/20260704-173215-1254793/builtin-job-pre-steps-setup-boundary2301046502/test.md: info: Tip: set permissions.copilot-requests: write to use GitHub Actions token-based inference with the Copilot engine instead of a personal access token (COPILOT_GITHUB_TOKEN). This option requires that your organization has centralized Copilot billing enabled and may not be available in all organizations — see https://github.github.com/gh-aw/reference/billing/ for details.

⚠ Unable to resolve actions/setup-node@v4 dynamically, using hardcoded pin for actions/setup-node@v6.4.0
✓ /tmp/gh-aw-test-runs/20260704-173215-1254793/builtin-job-pre-steps-setup-boundary2301046502/test.md (77.4 KB)
--- PASS: TestPreStepsInsertAfterSetupBoundary (0.03s)
=== RUN   TestInsertPreStepsAfterSetupBeforeCheckout
=== RUN   TestInsertPreStepsAfterSetupBeforeCheckout/insert_at_next_step_boundary_after_setup_id
=== RUN   TestInsertPreStepsAfterSetupBeforeCheckout/append_when_setup_is_final_step_and_no_boundary_exists
=== RUN   TestInsertPreStepsAfterSetupBeforeCheckout/insert_before_checkout_when_setup_step_is_not_present
=== RUN   TestInsertPreStepsAfterSetupBeforeCheckout/insert_before_token_mint_when_no_setup_or_checkout_exists
=== RUN   TestInsertPreStepsAfterSetupBeforeCheckout/insert_before_token_mint_shorthand_step_without_name
=== RUN   TestInsertPreStepsAfterSetupBeforeCheckout/insert_after_setup_scaffold_when_token_mint_and_checkout_also_present
=== RUN   TestInsertPreStepsAfterSetupBeforeCheckout/insert_before_checkout_shorthand_step_without_name
=== RUN   TestInsertPreStepsAfterSetupBeforeCheckout/return_input_steps_unchanged_when_pre-steps_are_empty
=== RUN   TestInsertPreStepsAfterSetupBeforeCheckout/insert_pre-steps_when_steps_are_empty
--- PASS: TestInsertPreStepsAfterSetupBeforeCheckout (0.00s)
    --- PASS: TestInsertPreStepsAfterSetupBeforeCheckout/insert_at_next_step_boundary_after_setup_id (0.00s)
    --- PASS: TestInsertPreStepsAfterSetupBeforeCheckout/append_when_setup_is_final_step_and_no_boundary_exists (0.00s)
    --- PASS: TestInsertPreStepsAfterSetupBeforeCheckout/insert_before_checkout_when_setup_step_is_not_present (0.00s)
    --- PASS: TestInsertPreStepsAfterSetupBeforeCheckout/insert_before_token_mint_when_no_setup_or_checkout_exists (0.00s)
    --- PASS: TestInsertPreStepsAfterSetupBeforeCheckout/insert_before_token_mint_shorthand_step_without_name (0.00s)
    --- PASS: TestInsertPreStepsAfterSetupBeforeCheckout/insert_after_setup_scaffold_when_token_mint_and_checkout_also_present (0.00s)
    --- PASS: TestInsertPreStepsAfterSetupBeforeCheckout/insert_before_checkout_shorthand_step_without_name (0.00s)
    --- PASS: TestInsertPreStepsAfterSetupBeforeCheckout/return_input_steps_unchanged_when_pre-steps_are_empty (0.00s)
    --- PASS: TestInsertPreStepsAfterSetupBeforeCheckout/insert_pre-steps_when_steps_are_empty (0.00s)
=== RUN   TestInsertSetupStepsAtStart
--- PASS: TestInsertSetupStepsAtStart (0.00s)
=== RUN   TestCustomJobPreStepsSchemaValidation
--- PASS: TestCustomJobPreStepsSchemaValidation (0.00s)
=== RUN   TestCustomJobSetupStepsSchemaValidation
--- PASS: TestCustomJobSetupStepsSchemaValidation (0.00s)
=== RUN   TestCustomJobSetupAndPreStepsOrdering
/tmp/gh-aw-test-runs/20260704-173215-1254793/custom-job-setup-and-pre-steps3218083967/test.md: info: Tip: set permissions.copilot-requests: write to use GitHub Actions token-based inference with the Copilot engine instead of a personal access token (COPILOT_GITHUB_TOKEN). This option requires that your organization has centralized Copilot billing enabled and may not be available in all organizations — see https://github.github.com/gh-aw/reference/billing/ for details.

✓ /tmp/gh-aw-test-runs/20260704-173215-1254793/custom-job-setup-and-pre-steps3218083967/test.md (77.7 KB)
--- PASS: TestCustomJobSetupAndPreStepsOrdering (0.01s)
=== RUN   TestBuildSafeOutputsJobsCreatesExpectedJobs
/tmp/gh-aw-test-runs/20260704-173215-1254793/safe-outputs-jobs-test2199975379/test.md: info: Tip: set permissions.copilot-requests: write to use GitHub Actions token-based inference with the Copilot engine instead of a personal access token (COPILOT_GITHUB_TOKEN). This option requires that your organization has centralized Copilot billing enabled and may not be available in all organizations — see https://github.github.com/gh-aw/reference/billing/ for details.

✓ /tmp/gh-aw-test-runs/20260704-173215-1254793/safe-outputs-jobs-test2199975379/test.md (101.1 KB)
--- PASS: TestBuildSafeOutputsJobsCreatesExpectedJobs (0.01s)
=== RUN   TestBuildJobsWithThreatDetection
/tmp/gh-aw-test-runs/20260704-173215-1254793/threat-detection-test2647744484/test.md: info: Tip: set permissions.copilot-requests: write to use GitHub Actions token-based inference with the Copilot engine instead of a personal access token (COPILOT_GITHUB_TOKEN). This option requires that your organization has centralized Copilot billing enabled and may not be available in all organizations — see https://github.github.com/gh-aw/reference/billing/ for details.

✓ /tmp/gh-aw-test-runs/20260704-173215-1254793/threat-detection-test2647744484/test.md (99.3 KB)
--- PASS: TestBuildJobsWithThreatDetection (0.02s)
=== RUN   TestBuildJobsWithReusableWorkflow
/tmp/gh-aw-test-runs/20260704-173215-1254793/reusable-workflow-test612086686/test.md: info: Tip: set permissions.copilot-requests: write to use GitHub Actions token-based inference with the Copilot engine instead of a personal access token (COPILOT_GITHUB_TOKEN). This option requires that your organization has centralized Copilot billing enabled and may not be available in all organizations — see https://github.github.com/gh-aw/reference/billing/ for details.

✓ /tmp/gh-aw-test-runs/20260704-173215-1254793/reusable-workflow-test612086686/test.md (77.3 KB)
--- PASS: TestBuildJobsWithReusableWorkflow (0.01s)
=== RUN   TestBuildJobsWithReusableWorkflowSecretsInherit
/tmp/gh-aw-test-runs/20260704-173215-1254793/reusable-workflow-secrets-inherit-test2140267206/test.md: info: Tip: set permissions.copilot-requests: write to use GitHub Actions token-based inference with the Copilot engine instead of a personal access token (COPILOT_GITHUB_TOKEN). This option requires that your organization has centralized Copilot billing enabled and may not be available in all organizations — see https://github.github.com/gh-aw/reference/billing/ for details.

✓ /tmp/gh-aw-test-runs/20260704-173215-1254793/reusable-workflow-secrets-inherit-test2140267206/test.md (77.2 KB)
--- PASS: TestBuildJobsWithReusableWorkflowSecretsInherit (0.01s)
=== RUN   TestBuildJobsWithReusableWorkflowTimeoutMinutesFails
/tmp/gh-aw-test-runs/20260704-173215-1254793/reusable-workflow-timeout-test334730102/test.md: info: Tip: set permissions.copilot-requests: write to use GitHub Actions token-based inference with the Copilot engine instead of a personal access token (COPILOT_GITHUB_TOKEN). This option requires that your organization has centralized Copilot billing enabled and may not be available in all organizations — see https://github.github.com/gh-aw/reference/billing/ for details.

--- PASS: TestBuildJobsWithReusableWorkflowTimeoutMinutesFails (0.00s)
=== RUN   TestBuildJobsJobConditionExtraction
/tmp/gh-aw-test-runs/20260704-173215-1254793/job-condition-test4030674454/test.md: info: Tip: set permissions.copilot-requests: write to use GitHub Actions token-based inference with the Copilot engine instead of a personal access token (COPILOT_GITHUB_TOKEN). This option requires that your organization has centralized Copilot billing enabled and may not be available in all organizations — see https://github.github.com/gh-aw/reference/billing/ for details.

✓ /tmp/gh-aw-test-runs/20260704-173215-1254793/job-condition-test4030674454/test.md (77.6 KB)
--- PASS: TestBuildJobsJobConditionExtraction (0.01s)
=== RUN   TestBuildJobsWithOutputs
/tmp/gh-aw-test-runs/20260704-173215-1254793/job-outputs-test4031892846/test.md: info: Tip: set permissions.copilot-requests: write to use GitHub Actions token-based inference with the Copilot engine instead of a personal access token (COPILOT_GITHUB_TOKEN). This option requires that your organization has centralized Copilot billing enabled and may not be available in all organizations — see https://github.github.com/gh-aw/reference/billing/ for details.

✓ /tmp/gh-aw-test-runs/20260704-173215-1254793/job-outputs-test4031892846/test.md (77.7 KB)
--- PASS: TestBuildJobsWithOutputs (0.01s)
=== RUN   TestComplexJobDependencyChains
/tmp/gh-aw-test-runs/20260704-173215-1254793/dependency-chains-test2241474506/test.md: info: Tip: set permissions.copilot-requests: write to use GitHub Actions token-based inference with the Copilot engine instead of a personal access token (COPILOT_GITHUB_TOKEN). This option requires that your organization has centralized Copilot billing enabled and may not be available in all organizations — see https://github.github.com/gh-aw/reference/billing/ for details.

✓ /tmp/gh-aw-test-runs/20260704-173215-1254793/dependency-chains-test2241474506/test.md (79.5 KB)
--- PASS: TestComplexJobDependencyChains (0.01s)
=== RUN   TestJobDependingOnPreActivation
/tmp/gh-aw-test-runs/20260704-173215-1254793/pre-activation-dep-test1291666285/test.md: info: Tip: set permissions.copilot-requests: write to use GitHub Actions token-based inference with the Copilot engine instead of a personal access token (COPILOT_GITHUB_TOKEN). This option requires that your organization has centralized Copilot billing enabled and may not be available in all organizations — see https://github.github.com/gh-aw/reference/billing/ for details.

✓ /tmp/gh-aw-test-runs/20260704-173215-1254793/pre-activation-dep-test1291666285/test.md (87.9 KB)
--- PASS: TestJobDependingOnPreActivation (0.01s)
=== RUN   TestJobReferencingCustomJobOutputs
/tmp/gh-aw-test-runs/20260704-173215-1254793/job-outputs-ref-test3306207760/test.md: info: Tip: set permissions.copilot-requests: write to use GitHub Actions token-based inference with the Copilot engine instead of a personal access token (COPILOT_GITHUB_TOKEN). This option requires that your organization has centralized Copilot billing enabled and may not be available in all organizations — see https://github.github.com/gh-aw/reference/billing/ for details.

✓ /tmp/gh-aw-test-runs/20260704-173215-1254793/job-outputs-ref-test3306207760/test.md (78.5 KB)
--- PASS: TestJobReferencingCustomJobOutputs (0.01s)
=== RUN   TestJobsWithRepoMemoryDependencies
--- PASS: TestJobsWithRepoMemoryDependencies (0.00s)
=== RUN   TestJobsWithCacheMemoryDependencies
--- PASS: TestJobsWithCacheMemoryDependencies (0.00s)
=== RUN   TestUpdateCacheMemoryJobHasWorkflowIDEnv
--- PASS: TestUpdateCacheMemoryJobHasWorkflowIDEnv (0.00s)
=== RUN   TestUpdateCacheMemoryJobConditionRequiresAgentSuccess
--- PASS: TestUpdateCacheMemoryJobConditionRequiresAgentSuccess (0.00s)
=== RUN   TestEmptyCustomJobs
/tmp/gh-aw-test-runs/20260704-173215-1254793/empty-jobs-test1307112281/test.md: info: Tip: set permissions.copilot-requests: write to use GitHub Actions token-based inference with the Copilot engine instead of a personal access token (COPILOT_GITHUB_TOKEN). This option requires that your organization has centralized Copilot billing enabled and may not be available in all organizations — see https://github.github.com/gh-aw/reference/billing/ for details.

✓ /tmp/gh-aw-test-runs/20260704-173215-1254793/empty-jobs-test1307112281/test.md (76.9 KB)
--- PASS: TestEmptyCustomJobs (0.01s)
=== RUN   TestJobWithInvalidDependency
/tmp/gh-aw-test-runs/20260704-173215-1254793/invalid-dep-test2675868368/test.md: info: Tip: set permissions.copilot-requests: write to use GitHub Actions token-based inference with the Copilot engine instead of a personal access token (COPILOT_GITHUB_TOKEN). This option requires that your organization has centralized Copilot billing enabled and may not be available in all organizations — see https://github.github.com/gh-aw/reference/billing/ for details.

--- PASS: TestJobWithInvalidDependency (0.00s)
=== RUN   TestJobWithMissingRequiredFields
/tmp/gh-aw-test-runs/20260704-173215-1254793/missing-fields-test451128469/test.md: info: Tip: set permissions.copilot-requests: write to use GitHub Actions token-based inference with the Copilot engine instead of a personal access token (COPILOT_GITHUB_TOKEN). This option requires that your organization has centralized Copilot billing enabled and may not be available in all organizations — see https://github.github.com/gh-aw/reference/billing/ for details.

✓ /tmp/gh-aw-test-runs/20260704-173215-1254793/missing-fields-test451128469/test.md (77.6 KB)
--- PASS: TestJobWithMissingRequiredFields (0.01s)
=== RUN   TestMultipleJobsWithComplexDependencies
/tmp/gh-aw-test-runs/20260704-173215-1254793/complex-deps-test1929557416/test.md: info: Tip: set permissions.copilot-requests: write to use GitHub Actions token-based inference with the Copilot engine instead of a personal access token (COPILOT_GITHUB_TOKEN). This option requires that your organization has centralized Copilot billing enabled and may not be available in all organizations — see https://github.github.com/gh-aw/reference/billing/ for details.

✓ /tmp/gh-aw-test-runs/20260704-173215-1254793/complex-deps-test1929557416/test.md (79.6 KB)
--- PASS: TestMultipleJobsWithComplexDependencies (0.02s)
=== RUN   TestJobManagerStateValidation
/tmp/gh-aw-test-runs/20260704-173215-1254793/job-manager-state-test3571079525/test.md: info: Tip: set permissions.copilot-requests: write to use GitHub Actions token-based inference with the Copilot engine instead of a personal access token (COPILOT_GITHUB_TOKEN). This option requires that your organization has centralized Copilot billing enabled and may not be available in all organizations — see https://github.github.com/gh-aw/reference/billing/ for details.

✓ /tmp/gh-aw-test-runs/20260704-173215-1254793/job-manager-state-test3571079525/test.md (110.5 KB)
--- PASS: TestJobManagerStateValidation (0.02s)
=== RUN   TestBuildCustomJobsWithMultipleDependencies
/tmp/gh-aw-test-runs/20260704-173215-1254793/multi-dep-test783929630/test.md: info: Tip: set permissions.copilot-requests: write to use GitHub Actions token-based inference with the Copilot engine instead of a personal access token (COPILOT_GITHUB_TOKEN). This option requires that your organization has centralized Copilot billing enabled and may not be available in all organizations — see https://github.github.com/gh-aw/reference/billing/ for details.

✓ /tmp/gh-aw-test-runs/20260704-173215-1254793/multi-dep-test783929630/test.md (78.8 KB)
--- PASS: TestBuildCustomJobsWithMultipleDependencies (0.01s)
=== RUN   TestBuildCustomJobsWithCircularDetection
--- PASS: TestBuildCustomJobsWithCircularDetection (0.00s)
=== RUN   TestBuildCustomJobsWithPermissions
/tmp/gh-aw-test-runs/20260704-173215-1254793/permissions-test2580057155/test.md: info: Tip: set permissions.copilot-requests: write to use GitHub Actions token-based inference with the Copilot engine instead of a personal access token (COPILOT_GITHUB_TOKEN). This option requires that your organization has centralized Copilot billing enabled and may not be available in all organizations — see https://github.github.com/gh-aw/reference/billing/ for details.

✓ /tmp/gh-aw-test-runs/20260704-173215-1254793/permissions-test2580057155/test.md (78.4 KB)
--- PASS: TestBuildCustomJobsWithPermissions (0.01s)
=== RUN   TestBuildCustomJobsWithConditionals
/tmp/gh-aw-test-runs/20260704-173215-1254793/conditionals-test2713622696/test.md: info: Tip: set permissions.copilot-requests: write to use GitHub Actions token-based inference with the Copilot engine instead of a personal access token (COPILOT_GITHUB_TOKEN). This option requires that your organization has centralized Copilot billing enabled and may not be available in all organizations — see https://github.github.com/gh-aw/reference/billing/ for details.

✓ /tmp/gh-aw-test-runs/20260704-173215-1254793/conditionals-test2713622696/test.md (78.3 KB)
--- PASS: TestBuildCustomJobsWithConditionals (0.02s)
=== RUN   TestBuildCustomJobsWithReusableWorkflowAndWith
--- PASS: TestBuildCustomJobsWithReusableWorkflowAndWith (0.00s)
=== RUN   TestBuildCustomJobsWithInvalidSecrets
--- PASS: TestBuildCustomJobsWithInvalidSecrets (0.00s)
=== RUN   TestBuildCustomJobsAutomaticActivationDependency
--- PASS: TestBuildCustomJobsAutomaticActivationDependency (0.00s)
=== RUN   TestBuildCustomJobsSkipsPreActivationJob
--- PASS: TestBuildCustomJobsSkipsPreActivationJob (0.00s)
=== RUN   TestBuildCustomJobsDoesNotAutoAddActivationWhenListedInOnNeeds
--- PASS: TestBuildCustomJobsDoesNotAutoAddActivationWhenListedInOnNeeds (0.00s)
=== RUN   TestBuildCustomJobsWithStrategy
/tmp/gh-aw-test-runs/20260704-173215-1254793/strategy-test1188044719/test.md: info: Tip: set permissions.copilot-requests: write to use GitHub Actions token-based inference with the Copilot engine instead of a personal access token (COPILOT_GITHUB_TOKEN). This option requires that your organization has centralized Copilot billing enabled and may not be available in all organizations — see https://github.github.com/gh-aw/reference/billing/ for details.

✓ /tmp/gh-aw-test-runs/20260704-173215-1254793/strategy-test1188044719/test.md (78.4 KB)
--- PASS: TestBuildCustomJobsWithStrategy (0.01s)
=== RUN   TestBuildCustomJobsRunsOnForms
=== RUN   TestBuildCustomJobsRunsOnForms/string_form
=== RUN   TestBuildCustomJobsRunsOnForms/array_form
=== RUN   TestBuildCustomJobsRunsOnForms/object_form
=== RUN   TestBuildCustomJobsRunsOnForms/unmarshalable_value_returns_error
--- PASS: TestBuildCustomJobsRunsOnForms (0.00s)
    --- PASS: TestBuildCustomJobsRunsOnForms/string_form (0.00s)
    --- PASS: TestBuildCustomJobsRunsOnForms/array_form (0.00s)
    --- PASS: TestBuildCustomJobsRunsOnForms/object_form (0.00s)
    --- PASS: TestBuildCustomJobsRunsOnForms/unmarshalable_value_returns_error (0.00s)
=== RUN   TestBuildCustomJobsNewSimpleFields
/tmp/gh-aw-test-runs/20260704-173215-1254793/new-simple-fields-test773028033/test.md: info: Tip: set permissions.copilot-requests: write to use GitHub Actions token-based inference with the Copilot engine instead of a personal access token (COPILOT_GITHUB_TOKEN). This option requires that your organization has centralized Copilot billing enabled and may not be available in all organizations — see https://github.github.com/gh-aw/reference/billing/ for details.

✓ /tmp/gh-aw-test-runs/20260704-173215-1254793/new-simple-fields-test773028033/test.md (77.7 KB)
--- PASS: TestBuildCustomJobsNewSimpleFields (0.01s)
=== RUN   TestBuildCustomJobsWithContainerAndServices
--- PASS: TestBuildCustomJobsWithContainerAndServices (0.00s)
=== RUN   TestBuildCustomJobsMapConcurrencyAndContainer
--- PASS: TestBuildCustomJobsMapConcurrencyAndContainer (0.00s)
=== RUN   TestBuildCustomJobsMapConcurrencyDefaultsCancelInProgress
=== RUN   TestBuildCustomJobsMapConcurrencyDefaultsCancelInProgress/no_cancel-in-progress_defaults_to_false
=== RUN   TestBuildCustomJobsMapConcurrencyDefaultsCancelInProgress/explicit_cancel-in-progress_true_is_preserved
=== RUN   TestBuildCustomJobsMapConcurrencyDefaultsCancelInProgress/explicit_cancel-in-progress_false_is_preserved
--- PASS: TestBuildCustomJobsMapConcurrencyDefaultsCancelInProgress (0.01s)
    --- PASS: TestBuildCustomJobsMapConcurrencyDefaultsCancelInProgress/no_cancel-in-progress_defaults_to_false (0.00s)
    --- PASS: TestBuildCustomJobsMapConcurrencyDefaultsCancelInProgress/explicit_cancel-in-progress_true_is_preserved (0.00s)
    --- PASS: TestBuildCustomJobsMapConcurrencyDefaultsCancelInProgress/explicit_cancel-in-progress_false_is_preserved (0.00s)
=== RUN   TestBuildCustomJobsAllNewFieldsViaWorkflowData
--- PASS: TestBuildCustomJobsAllNewFieldsViaWorkflowData (0.00s)
=== RUN   TestBuildCustomJobsTimeoutMinutesExpressionViaWorkflowData
=== PAUSE TestBuildCustomJobsTimeoutMinutesExpressionViaWorkflowData
=== RUN   TestBuildCustomJobsTimeoutMinutesInvalidStringViaWorkflowData
=== PAUSE TestBuildCustomJobsTimeoutMinutesInvalidStringViaWorkflowData
=== RUN   TestPushRepoMemoryJobConditionalDetection
--- PASS: TestPushRepoMemoryJobConditionalDetection (0.00s)
=== RUN   TestUpdateCacheMemoryJobConditionalDetection
--- PASS: TestUpdateCacheMemoryJobConditionalDetection (0.00s)
=== RUN   TestBuildPushExperimentsStateJob_RepoStorage
--- PASS: TestBuildPushExperimentsStateJob_RepoStorage (0.00s)
=== RUN   TestBuildPushExperimentsStateJob_CacheStorage
--- PASS: TestBuildPushExperimentsStateJob_CacheStorage (0.00s)
=== RUN   TestBuildPushExperimentsStateJob_NoExperiments
--- PASS: TestBuildPushExperimentsStateJob_NoExperiments (0.00s)
=== RUN   TestBuildMemoryManagementJobs_PushExperimentsIncludedInConclusion
/tmp/gh-aw-test-runs/20260704-173215-1254793/push-experiments-conclusion-test3143888765/test.md: info: Tip: set permissions.copilot-requests: write to use GitHub Actions token-based inference with the Copilot engine instead of a personal access token (COPILOT_GITHUB_TOKEN). This option requires that your organization has centralized Copilot billing enabled and may not be available in all organizations — see https://github.github.com/gh-aw/reference/billing/ for details.

✓ /tmp/gh-aw-test-runs/20260704-173215-1254793/push-experiments-conclusion-test3143888765/test.md (82.1 KB)
--- PASS: TestBuildMemoryManagementJobs_PushExperimentsIncludedInConclusion (0.01s)
=== RUN   TestBuildMainJobEngineEnvNeedsExpression
--- PASS: TestBuildMainJobEngineEnvNeedsExpression (0.00s)
=== RUN   TestBuildMainJobEngineEnvNeedsNotDuplicated
--- PASS: TestBuildMainJobEngineEnvNeedsNotDuplicated (0.00s)
=== RUN   TestBuildMainJobEngineEnvNeedsIntegration
/tmp/gh-aw-test-runs/20260704-173215-1254793/engine_env_needs_test3411135513/engine-env-needs.md: info: Tip: set permissions.copilot-requests: write to use GitHub Actions token-based inference with the Copilot engine instead of a personal access token (COPILOT_GITHUB_TOKEN). This option requires that your organization has centralized Copilot billing enabled and may not be available in all organizations — see https://github.github.com/gh-aw/reference/billing/ for details.

✓ /tmp/gh-aw-test-runs/20260704-173215-1254793/engine_env_needs_test3411135513/engine-env-needs.md (78.2 KB)
--- PASS: TestBuildMainJobEngineEnvNeedsIntegration (0.01s)
=== RUN   TestBuildMainJobEngineEnvActivationNoFalseWarning
--- PASS: TestBuildMainJobEngineEnvActivationNoFalseWarning (0.01s)
=== RUN   TestSetupEngineAndImports_ValidSetup
--- PASS: TestSetupEngineAndImports_ValidSetup (0.00s)
=== RUN   TestSetupEngineAndImports_DefaultEngine
--- PASS: TestSetupEngineAndImports_DefaultEngine (0.00s)
=== RUN   TestSetupEngineAndImports_DefaultMaxTurnsFromEnv
--- PASS: TestSetupEngineAndImports_DefaultMaxTurnsFromEnv (0.00s)
=== RUN   TestSetupEngineAndImports_ExplicitMaxTurnsOverridesEnvDefault
--- PASS: TestSetupEngineAndImports_ExplicitMaxTurnsOverridesEnvDefault (0.00s)
=== RUN   TestSetupEngineAndImports_TopLevelMaxTurnsOverridesEnvDefault
--- PASS: TestSetupEngineAndImports_TopLevelMaxTurnsOverridesEnvDefault (0.00s)
=== RUN   TestSetupEngineAndImports_ImportedTopLevelMaxTurns
--- PASS: TestSetupEngineAndImports_ImportedTopLevelMaxTurns (0.00s)
=== RUN   TestSetupEngineAndImports_ImportedTopLevelMaxToolDenials
--- PASS: TestSetupEngineAndImports_ImportedTopLevelMaxToolDenials (0.00s)
=== RUN   TestSetupEngineAndImports_ImportedTopLevelMaxTurnCacheMisses
--- PASS: TestSetupEngineAndImports_ImportedTopLevelMaxTurnCacheMisses (0.00s)
=== RUN   TestSetupEngineAndImports_MainMaxTurnCacheMissesTakesPrecedenceOverImport
--- PASS: TestSetupEngineAndImports_MainMaxTurnCacheMissesTakesPrecedenceOverImport (0.00s)
=== RUN   TestSetupEngineAndImports_EngineOverride
⚠ Command line --engine claude overrides markdown file engine: copilot
--- PASS: TestSetupEngineAndImports_EngineOverride (0.00s)
=== RUN   TestSetupEngineAndImports_InvalidEngine
--- PASS: TestSetupEngineAndImports_InvalidEngine (0.00s)
=== RUN   TestSetupEngineAndImports_StrictModeHandling
=== RUN   TestSetupEngineAndImports_StrictModeHandling/default_strict_mode
=== RUN   TestSetupEngineAndImports_StrictModeHandling/explicit_strict_false
=== RUN   TestSetupEngineAndImports_StrictModeHandling/cli_overrides_frontmatter
--- PASS: TestSetupEngineAndImports_StrictModeHandling (0.00s)
    --- PASS: TestSetupEngineAndImports_StrictModeHandling/default_strict_mode (0.00s)
    --- PASS: TestSetupEngineAndImports_StrictModeHandling/explicit_strict_false (0.00s)
    --- PASS: TestSetupEngineAndImports_StrictModeHandling/cli_overrides_frontmatter (0.00s)
=== RUN   TestShouldScanImportedMarkdown
=== RUN   TestShouldScanImportedMarkdown/scans_regular_markdown_imports
=== RUN   TestShouldScanImportedMarkdown/skips_builtin_markdown_imports
=== RUN   TestShouldScanImportedMarkdown/skips_non-markdown_imports
=== RUN   TestShouldScanImportedMarkdown/skips_uppercase_markdown_extension
=== RUN   TestShouldScanImportedMarkdown/skips_builtin_non-markdown_imports
--- PASS: TestShouldScanImportedMarkdown (0.00s)
    --- PASS: TestShouldScanImportedMarkdown/scans_regular_markdown_imports (0.00s)
    --- PASS: TestShouldScanImportedMarkdown/skips_builtin_markdown_imports (0.00s)
    --- PASS: TestShouldScanImportedMarkdown/skips_non-markdown_imports (0.00s)
    --- PASS: TestShouldScanImportedMarkdown/skips_uppercase_markdown_extension (0.00s)
    --- PASS: TestShouldScanImportedMarkdown/skips_builtin_non-markdown_imports (0.00s)
=== RUN   TestSetupEngineAndImports_NetworkMerging
--- PASS: TestSetupEngineAndImports_NetworkMerging (0.00s)
=== RUN   TestSetupEngineAndImports_DefaultNetworkPermissions
--- PASS: TestSetupEngineAndImports_DefaultNetworkPermissions (0.00s)
=== RUN   TestSetupEngineAndImports_SandboxConfiguration
--- PASS: TestSetupEngineAndImports_SandboxConfiguration (0.00s)
=== RUN   TestSetupEngineAndImports_MultipleEngineConflict
--- PASS: TestSetupEngineAndImports_MultipleEngineConflict (0.00s)
=== RUN   TestSetupEngineAndImports_FirewallEnablement
--- PASS: TestSetupEngineAndImports_FirewallEnablement (0.00s)
=== RUN   TestSetupEngineAndImports_ImportProcessingError
--- PASS: TestSetupEngineAndImports_ImportProcessingError (0.00s)
=== RUN   TestSetupEngineAndImports_PermissionsValidation
--- PASS: TestSetupEngineAndImports_PermissionsValidation (0.00s)
=== RUN   TestSetupEngineAndImports_ExperimentalEngine
--- PASS: TestSetupEngineAndImports_ExperimentalEngine (0.00s)
=== RUN   TestParseFrontmatterSection_ValidMainWorkflow
--- PASS: TestParseFrontmatterSection_ValidMainWorkflow (0.00s)
=== RUN   TestParseFrontmatterSection_SharedWorkflow
--- PASS: TestParseFrontmatterSection_SharedWorkflow (0.00s)
=== RUN   TestParseFrontmatterSection_TriggersInsteadOfOn
--- PASS: TestParseFrontmatterSection_TriggersInsteadOfOn (0.00s)
=== RUN   TestParseFrontmatterSection_MissingFrontmatter
--- PASS: TestParseFrontmatterSection_MissingFrontmatter (0.00s)
=== RUN   TestParseFrontmatterSection_InvalidYAML
--- PASS: TestParseFrontmatterSection_InvalidYAML (0.00s)
=== RUN   TestParseFrontmatterSection_NoMarkdownContent
--- PASS: TestParseFrontmatterSection_NoMarkdownContent (0.00s)
=== RUN   TestParseFrontmatterSection_PathTraversal
--- PASS: TestParseFrontmatterSection_PathTraversal (0.00s)
=== RUN   TestParseFrontmatterSection_SchedulePreprocessing
--- PASS: TestParseFrontmatterSection_SchedulePreprocessing (0.00s)
=== RUN   TestParseFrontmatterSection_EventFilterValidation
=== RUN   TestParseFrontmatterSection_EventFilterValidation/valid_branches_filter
=== RUN   TestParseFrontmatterSection_EventFilterValidation/invalid_branches_and_branches-ignore_together
--- PASS: TestParseFrontmatterSection_EventFilterValidation (0.00s)
    --- PASS: TestParseFrontmatterSection_EventFilterValidation/valid_branches_filter (0.00s)
    --- PASS: TestParseFrontmatterSection_EventFilterValidation/invalid_branches_and_branches-ignore_together (0.00s)
=== RUN   TestParseFrontmatterSection_FileReadError
--- PASS: TestParseFrontmatterSection_FileReadError (0.00s)
=== RUN   TestCopyFrontmatterWithoutInternalMarkers_SimpleMap
--- PASS: TestCopyFrontmatterWithoutInternalMarkers_SimpleMap (0.00s)
=== RUN   TestCopyFrontmatterWithoutInternalMarkers_LabelFilterMarker
--- PASS: TestCopyFrontmatterWithoutInternalMarkers_LabelFilterMarker (0.00s)
=== RUN   TestCopyFrontmatterWithoutInternalMarkers_MultipleMarkers
--- PASS: TestCopyFrontmatterWithoutInternalMarkers_MultipleMarkers (0.00s)
=== RUN   TestCopyFrontmatterWithoutInternalMarkers_PreservesOtherFields
--- PASS: TestCopyFrontmatterWithoutInternalMarkers_PreservesOtherFields (0.00s)
=== RUN   TestCopyFrontmatterWithoutInternalMarkers_NonMapOnValue
--- PASS: TestCopyFrontmatterWithoutInternalMarkers_NonMapOnValue (0.00s)
=== RUN   TestParseFrontmatterSection_TemplateRegionValidation
    compiler_orchestrator_frontmatter_test.go:410: Template region validation happens in parseFrontmatterSection and is covered by existing tests
--- SKIP: TestParseFrontmatterSection_TemplateRegionValidation (0.00s)
=== RUN   TestParseFrontmatterSection_EmptyFrontmatter
--- PASS: TestParseFrontmatterSection_EmptyFrontmatter (0.00s)
=== RUN   TestParseFrontmatterSection_MarkdownDirectory
--- PASS: TestParseFrontmatterSection_MarkdownDirectory (0.00s)
=== RUN   TestParseWorkflowFile_ValidMainWorkflow
--- PASS: TestParseWorkflowFile_ValidMainWorkflow (0.00s)
=== RUN   TestParseWorkflowFile_SharedWorkflow
--- PASS: TestParseWorkflowFile_SharedWorkflow (0.00s)
=== RUN   TestParseWorkflowFile_MissingFrontmatter
--- PASS: TestParseWorkflowFile_MissingFrontmatter (0.00s)
=== RUN   TestParseWorkflowFile_InvalidYAML
--- PASS: TestParseWorkflowFile_InvalidYAML (0.00s)
=== RUN   TestParseWorkflowFile_PathTraversal
--- PASS: TestParseWorkflowFile_PathTraversal (0.00s)
=== RUN   TestParseWorkflowFile_NoMarkdownContent
--- PASS: TestParseWorkflowFile_NoMarkdownContent (0.00s)
=== RUN   TestParseWorkflowFile_EngineExtraction
=== RUN   TestParseWorkflowFile_EngineExtraction/copilot_engine
=== RUN   TestParseWorkflowFile_EngineExtraction/claude_engine
=== RUN   TestParseWorkflowFile_EngineExtraction/default_engine_when_not_specified
--- PASS: TestParseWorkflowFile_EngineExtraction (0.01s)
    --- PASS: TestParseWorkflowFile_EngineExtraction/copilot_engine (0.00s)
    --- PASS: TestParseWorkflowFile_EngineExtraction/claude_engine (0.00s)
    --- PASS: TestParseWorkflowFile_EngineExtraction/default_engine_when_not_specified (0.00s)
=== RUN   TestParseWorkflowFile_EngineOverride
⚠ Command line --engine claude overrides markdown file engine: copilot
--- PASS: TestParseWorkflowFile_EngineOverride (0.00s)
=== RUN   TestParseWorkflowFile_NetworkPermissions
=== RUN   TestParseWorkflowFile_NetworkPermissions/default_network_(no_network_field)
=== RUN   TestParseWorkflowFile_NetworkPermissions/explicit_allowed_domains
--- PASS: TestParseWorkflowFile_NetworkPermissions (0.01s)
    --- PASS: TestParseWorkflowFile_NetworkPermissions/default_network_(no_network_field) (0.00s)
    --- PASS: TestParseWorkflowFile_NetworkPermissions/explicit_allowed_domains (0.00s)
=== RUN   TestParseWorkflowFile_StrictMode
=== RUN   TestParseWorkflowFile_StrictMode/strict_mode_default_(true)
=== RUN   TestParseWorkflowFile_StrictMode/strict_mode_explicitly_true
=== RUN   TestParseWorkflowFile_StrictMode/strict_mode_explicitly_false
=== RUN   TestParseWorkflowFile_StrictMode/cli_strict_mode_overrides_yaml
--- PASS: TestParseWorkflowFile_StrictMode (0.01s)
    --- PASS: TestParseWorkflowFile_StrictMode/strict_mode_default_(true) (0.00s)
    --- PASS: TestParseWorkflowFile_StrictMode/strict_mode_explicitly_true (0.00s)
    --- PASS: TestParseWorkflowFile_StrictMode/strict_mode_explicitly_false (0.00s)
    --- PASS: TestParseWorkflowFile_StrictMode/cli_strict_mode_overrides_yaml (0.00s)
=== RUN   TestCopyFrontmatterWithoutInternalMarkers
=== RUN   TestCopyFrontmatterWithoutInternalMarkers/no_internal_markers
=== RUN   TestCopyFrontmatterWithoutInternalMarkers/gh_aw_native_label_filter_marker_removed
--- PASS: TestCopyFrontmatterWithoutInternalMarkers (0.00s)
    --- PASS: TestCopyFrontmatterWithoutInternalMarkers/no_internal_markers (0.00s)
    --- PASS: TestCopyFrontmatterWithoutInternalMarkers/gh_aw_native_label_filter_marker_removed (0.00s)
=== RUN   TestDetectTextOutputUsageInOrchestrator
=== RUN   TestDetectTextOutputUsageInOrchestrator/no_text_output
=== RUN   TestDetectTextOutputUsageInOrchestrator/with_text_output_usage
=== RUN   TestDetectTextOutputUsageInOrchestrator/text_output_in_middle
=== RUN   TestDetectTextOutputUsageInOrchestrator/multiple_text_output_references
=== RUN   TestDetectTextOutputUsageInOrchestrator/with_title_output_usage
=== RUN   TestDetectTextOutputUsageInOrchestrator/with_body_output_usage
=== RUN   TestDetectTextOutputUsageInOrchestrator/with_mixed_text,_title,_body_usage
--- PASS: TestDetectTextOutputUsageInOrchestrator (0.00s)
    --- PASS: TestDetectTextOutputUsageInOrchestrator/no_text_output (0.00s)
    --- PASS: TestDetectTextOutputUsageInOrchestrator/with_text_output_usage (0.00s)
    --- PASS: TestDetectTextOutputUsageInOrchestrator/text_output_in_middle (0.00s)
    --- PASS: TestDetectTextOutputUsageInOrchestrator/multiple_text_output_references (0.00s)
    --- PASS: TestDetectTextOutputUsageInOrchestrator/with_title_output_usage (0.00s)
    --- PASS: TestDetectTextOutputUsageInOrchestrator/with_body_output_usage (0.00s)
    --- PASS: TestDetectTextOutputUsageInOrchestrator/with_mixed_text,_title,_body_usage (0.00s)
=== RUN   TestExtractYAMLSections
--- PASS: TestExtractYAMLSections (0.00s)
=== RUN   TestProcessAndMergeSteps
    compiler_orchestrator_test.go:562: Import/merge functionality tested through existing integration tests
--- SKIP: TestProcessAndMergeSteps (0.00s)
=== RUN   TestProcessAndMergePostSteps
--- PASS: TestProcessAndMergePostSteps (0.00s)
=== RUN   TestProcessAndMergeServices
    compiler_orchestrator_test.go:596: Import/merge functionality tested through existing integration tests
--- SKIP: TestProcessAndMergeServices (0.00s)
=== RUN   TestExtractAdditionalConfigurations
--- PASS: TestExtractAdditionalConfigurations (0.00s)
=== RUN   TestProcessOnSectionAndFilters
--- PASS: TestProcessOnSectionAndFilters (0.00s)
=== RUN   TestBuildInitialWorkflowData
--- PASS: TestBuildInitialWorkflowData (0.00s)
=== RUN   TestProcessToolsAndMarkdown_BasicTools
--- PASS: TestProcessToolsAndMarkdown_BasicTools (0.00s)
=== RUN   TestProcessToolsAndMarkdown_ToolsMerging
--- PASS: TestProcessToolsAndMarkdown_ToolsMerging (0.00s)
=== RUN   TestProcessToolsAndMarkdown_MCPServers
--- PASS: TestProcessToolsAndMarkdown_MCPServers (0.00s)
=== RUN   TestProcessToolsAndMarkdown_RuntimesMerging
--- PASS: TestProcessToolsAndMarkdown_RuntimesMerging (0.00s)
=== RUN   TestProcessToolsAndMarkdown_ToolsTimeout
--- PASS: TestProcessToolsAndMarkdown_ToolsTimeout (0.00s)
=== RUN   TestProcessToolsAndMarkdown_StartupTimeout
--- PASS: TestProcessToolsAndMarkdown_StartupTimeout (0.00s)
=== RUN   TestProcessToolsAndMarkdown_InvalidTimeout
--- PASS: TestProcessToolsAndMarkdown_InvalidTimeout (0.00s)
=== RUN   TestProcessToolsAndMarkdown_MCPValidation
--- PASS: TestProcessToolsAndMarkdown_MCPValidation (0.00s)
=== RUN   TestProcessToolsAndMarkdown_WorkflowNameExtraction
=== RUN   TestProcessToolsAndMarkdown_WorkflowNameExtraction/explicit_name_in_frontmatter
=== RUN   TestProcessToolsAndMarkdown_WorkflowNameExtraction/no_name_uses_filename
--- PASS: TestProcessToolsAndMarkdown_WorkflowNameExtraction (0.00s)
    --- PASS: TestProcessToolsAndMarkdown_WorkflowNameExtraction/explicit_name_in_frontmatter (0.00s)
    --- PASS: TestProcessToolsAndMarkdown_WorkflowNameExtraction/no_name_uses_filename (0.00s)
=== RUN   TestProcessToolsAndMarkdown_TextOutputDetection
=== RUN   TestProcessToolsAndMarkdown_TextOutputDetection/no_text_output
=== RUN   TestProcessToolsAndMarkdown_TextOutputDetection/with_text_output
--- PASS: TestProcessToolsAndMarkdown_TextOutputDetection (0.00s)
    --- PASS: TestProcessToolsAndMarkdown_TextOutputDetection/no_text_output (0.00s)
    --- PASS: TestProcessToolsAndMarkdown_TextOutputDetection/with_text_output (0.00s)
=== RUN   TestProcessToolsAndMarkdown_SafeOutputsConfig
--- PASS: TestProcessToolsAndMarkdown_SafeOutputsConfig (0.00s)
=== RUN   TestProcessToolsAndMarkdown_SecretMaskingConfig
--- PASS: TestProcessToolsAndMarkdown_SecretMaskingConfig (0.00s)
=== RUN   TestProcessToolsAndMarkdown_TrackerID
--- PASS: TestProcessToolsAndMarkdown_TrackerID (0.00s)
=== RUN   TestProcessToolsAndMarkdown_CustomEngineNoTools
--- PASS: TestProcessToolsAndMarkdown_CustomEngineNoTools (0.00s)
=== RUN   TestProcessToolsAndMarkdown_IncludeExpansionError
--- PASS: TestProcessToolsAndMarkdown_IncludeExpansionError (0.00s)
=== RUN   TestWarnDeprecatedFrontmatterFields_ToolsGrep
--- PASS: TestWarnDeprecatedFrontmatterFields_ToolsGrep (0.00s)
=== RUN   TestWarnDeprecatedFrontmatterFields_NoDeprecatedFields
--- PASS: TestWarnDeprecatedFrontmatterFields_NoDeprecatedFields (0.00s)
=== RUN   TestWarnDeprecatedFrontmatterFields_MessagePriority
--- PASS: TestWarnDeprecatedFrontmatterFields_MessagePriority (0.00s)
=== RUN   TestWarnDeprecatedFrontmatterFields_ToolsGitHubRepos
--- PASS: TestWarnDeprecatedFrontmatterFields_ToolsGitHubRepos (0.00s)
=== RUN   TestWarnDeprecatedFrontmatterFields_MultipleFields
--- PASS: TestWarnDeprecatedFrontmatterFields_MultipleFields (0.00s)
=== RUN   TestWarnDeprecatedFrontmatterFields_SafeOutputsDeprecatedAliases
--- PASS: TestWarnDeprecatedFrontmatterFields_SafeOutputsDeprecatedAliases (0.00s)
=== RUN   TestBuildInitialWorkflowData_BasicFields
--- PASS: TestBuildInitialWorkflowData_BasicFields (0.00s)
=== RUN   TestBuildInitialWorkflowData_EmptyFields
--- PASS: TestBuildInitialWorkflowData_EmptyFields (0.00s)
=== RUN   TestExtractYAMLSections_AllSections
--- PASS: TestExtractYAMLSections_AllSections (0.00s)
=== RUN   TestExtractYAMLSections_MissingSections
--- PASS: TestExtractYAMLSections_MissingSections (0.00s)
=== RUN   TestExtractYAMLSections_EmptyRunsOnSlimTreatedAsUnset
=== RUN   TestExtractYAMLSections_EmptyRunsOnSlimTreatedAsUnset/empty_string
=== RUN   TestExtractYAMLSections_EmptyRunsOnSlimTreatedAsUnset/empty_array
=== RUN   TestExtractYAMLSections_EmptyRunsOnSlimTreatedAsUnset/empty_object
=== RUN   TestExtractYAMLSections_EmptyRunsOnSlimTreatedAsUnset/object_with_empty_group_and_labels
--- PASS: TestExtractYAMLSections_EmptyRunsOnSlimTreatedAsUnset (0.00s)
    --- PASS: TestExtractYAMLSections_EmptyRunsOnSlimTreatedAsUnset/empty_string (0.00s)
    --- PASS: TestExtractYAMLSections_EmptyRunsOnSlimTreatedAsUnset/empty_array (0.00s)
    --- PASS: TestExtractYAMLSections_EmptyRunsOnSlimTreatedAsUnset/empty_object (0.00s)
    --- PASS: TestExtractYAMLSections_EmptyRunsOnSlimTreatedAsUnset/object_with_empty_group_and_labels (0.00s)
=== RUN   TestExtractYAMLSections_NonEmptyRunsOnSlimRenderedSnippet
=== RUN   TestExtractYAMLSections_NonEmptyRunsOnSlimRenderedSnippet/string_value_produces_plain_string_snippet
=== RUN   TestExtractYAMLSections_NonEmptyRunsOnSlimRenderedSnippet/array_value_produces_zero-indented_list_snippet
=== RUN   TestExtractYAMLSections_NonEmptyRunsOnSlimRenderedSnippet/group+labels_object_produces_2-space-indented_map_snippet
--- PASS: TestExtractYAMLSections_NonEmptyRunsOnSlimRenderedSnippet (0.00s)
    --- PASS: TestExtractYAMLSections_NonEmptyRunsOnSlimRenderedSnippet/string_value_produces_plain_string_snippet (0.00s)
    --- PASS: TestExtractYAMLSections_NonEmptyRunsOnSlimRenderedSnippet/array_value_produces_zero-indented_list_snippet (0.00s)
    --- PASS: TestExtractYAMLSections_NonEmptyRunsOnSlimRenderedSnippet/group+labels_object_produces_2-space-indented_map_snippet (0.00s)
=== RUN   TestValidateWorkflowEngineSettings_PreservesLegacyErrorOrder
--- PASS: TestValidateWorkflowEngineSettings_PreservesLegacyErrorOrder (0.00s)
=== RUN   TestMergeRawOTLPEndpoints_DedupesAndCountsSources
--- PASS: TestMergeRawOTLPEndpoints_DedupesAndCountsSources (0.00s)
=== RUN   TestMergeImportedObservability_MergesResourceAttributesWithMainPrecedence
--- PASS: TestMergeImportedObservability_MergesResourceAttributesWithMainPrecedence (0.00s)
=== RUN   TestBuildMergedEnvSources_MainWorkflowWins
--- PASS: TestBuildMergedEnvSources_MainWorkflowWins (0.00s)
=== RUN   TestSetMainWorkflowEnvSources_OnlyTracksPresentKeys
--- PASS: TestSetMainWorkflowEnvSources_OnlyTracksPresentKeys (0.00s)
=== RUN   TestProcessAndMergeSteps_NoSteps
--- PASS: TestProcessAndMergeSteps_NoSteps (0.00s)
=== RUN   TestProcessAndMergeSteps_MainStepsOnly
--- PASS: TestProcessAndMergeSteps_MainStepsOnly (0.00s)
=== RUN   TestProcessAndMergeSteps_WithImportedSteps
--- PASS: TestProcessAndMergeSteps_WithImportedSteps (0.00s)
=== RUN   TestProcessAndMergeSteps_WithCopilotSetupSteps
--- PASS: TestProcessAndMergeSteps_WithCopilotSetupSteps (0.00s)
=== RUN   TestProcessAndMergeSteps_AllStepTypes
--- PASS: TestProcessAndMergeSteps_AllStepTypes (0.00s)
=== RUN   TestProcessAndMergePostSteps_NoPostSteps
--- PASS: TestProcessAndMergePostSteps_NoPostSteps (0.00s)
=== RUN   TestProcessAndMergePostSteps_WithPostSteps
--- PASS: TestProcessAndMergePostSteps_WithPostSteps (0.00s)
=== RUN   TestProcessAndMergePostSteps_WithImportedPostSteps
--- PASS: TestProcessAndMergePostSteps_WithImportedPostSteps (0.00s)
=== RUN   TestProcessAndMergePreSteps_NoPreSteps
--- PASS: TestProcessAndMergePreSteps_NoPreSteps (0.00s)
=== RUN   TestProcessAndMergePreSteps_WithPreSteps
--- PASS: TestProcessAndMergePreSteps_WithPreSteps (0.00s)
=== RUN   TestProcessAndMergePreSteps_WithImportedPreSteps
--- PASS: TestProcessAndMergePreSteps_WithImportedPreSteps (0.00s)
=== RUN   TestProcessAndMergePreAgentSteps_NoPreAgentSteps
--- PASS: TestProcessAndMergePreAgentSteps_NoPreAgentSteps (0.00s)
=== RUN   TestProcessAndMergePreAgentSteps_WithPreAgentSteps
--- PASS: TestProcessAndMergePreAgentSteps_WithPreAgentSteps (0.00s)
=== RUN   TestProcessAndMergePreAgentSteps_WithImportedPreAgentSteps
--- PASS: TestProcessAndMergePreAgentSteps_WithImportedPreAgentSteps (0.00s)
=== RUN   TestProcessAndMergeServices_NoServices
--- PASS: TestProcessAndMergeServices_NoServices (0.00s)
=== RUN   TestProcessAndMergeServices_MainServicesOnly
⚠ service "postgres" has no ports mapping; it will not be reachable from the AWF sandbox
--- PASS: TestProcessAndMergeServices_MainServicesOnly (0.00s)
=== RUN   TestProcessAndMergeServices_WithImportedServices
⚠ service "postgres" has no ports mapping; it will not be reachable from the AWF sandbox
⚠ service "redis" has no ports mapping; it will not be reachable from the AWF sandbox
--- PASS: TestProcessAndMergeServices_WithImportedServices (0.00s)
=== RUN   TestProcessAndMergeServices_ImportedServicesOnly
⚠ service "redis" has no ports mapping; it will not be reachable from the AWF sandbox
--- PASS: TestProcessAndMergeServices_ImportedServicesOnly (0.00s)
=== RUN   TestMergeJobsFromYAMLImports_NoImportedJobs
--- PASS: TestMergeJobsFromYAMLImports_NoImportedJobs (0.00s)
=== RUN   TestMergeJobsFromYAMLImports_EmptyJSON
--- PASS: TestMergeJobsFromYAMLImports_EmptyJSON (0.00s)
=== RUN   TestMergeJobsFromYAMLImports_ImportedJobsOnly
--- PASS: TestMergeJobsFromYAMLImports_ImportedJobsOnly (0.00s)
=== RUN   TestMergeJobsFromYAMLImports_MainJobTakesPrecedence
--- PASS: TestMergeJobsFromYAMLImports_MainJobTakesPrecedence (0.00s)
=== RUN   TestMergeJobsFromYAMLImports_MergesPreStepsOnConflict
--- PASS: TestMergeJobsFromYAMLImports_MergesPreStepsOnConflict (0.00s)
=== RUN   TestMergeJobsFromYAMLImports_MergesSetupStepsOnConflict
--- PASS: TestMergeJobsFromYAMLImports_MergesSetupStepsOnConflict (0.00s)
=== RUN   TestMergeJobsFromYAMLImports_MergesSetupAndPreStepsIndependentlyOnConflict
--- PASS: TestMergeJobsFromYAMLImports_MergesSetupAndPreStepsIndependentlyOnConflict (0.00s)
=== RUN   TestMergeJobsFromYAMLImports_MultipleImportedJobs
--- PASS: TestMergeJobsFromYAMLImports_MultipleImportedJobs (0.00s)
=== RUN   TestMergeJobsFromYAMLImports_MalformedJSON
--- PASS: TestMergeJobsFromYAMLImports_MalformedJSON (0.00s)
=== RUN   TestMergeJobsFromYAMLImports_EmptyLines
--- PASS: TestMergeJobsFromYAMLImports_EmptyLines (0.00s)
=== RUN   TestExtractAdditionalConfigurations_BasicConfig
--- PASS: TestExtractAdditionalConfigurations_BasicConfig (0.00s)
=== RUN   TestExtractAdditionalConfigurations_WithSafeOutputs
--- PASS: TestExtractAdditionalConfigurations_WithSafeOutputs (0.00s)
=== RUN   TestExtractAdditionalConfigurations_WithMergedJobs
--- PASS: TestExtractAdditionalConfigurations_WithMergedJobs (0.00s)
=== RUN   TestProcessOnSectionAndFilters_BasicFilters
--- PASS: TestProcessOnSectionAndFilters_BasicFilters (0.00s)
=== RUN   TestProcessOnSectionAndFilters_DraftFilter
--- PASS: TestProcessOnSectionAndFilters_DraftFilter (0.00s)
=== RUN   TestProcessOnSectionAndFilters_LabelFilter
--- PASS: TestProcessOnSectionAndFilters_LabelFilter (0.00s)
=== RUN   TestProcessOnSectionAndFilters_ForkFilter
--- PASS: TestProcessOnSectionAndFilters_ForkFilter (0.00s)
=== RUN   TestParseWorkflowFile_PhaseExecutionOrder
--- PASS: TestParseWorkflowFile_PhaseExecutionOrder (0.00s)
=== RUN   TestParseWorkflowFile_ErrorPropagation
=== RUN   TestParseWorkflowFile_ErrorPropagation/invalid_frontmatter
=== RUN   TestParseWorkflowFile_ErrorPropagation/no_markdown_content_for_main_workflow
--- PASS: TestParseWorkflowFile_ErrorPropagation (0.00s)
    --- PASS: TestParseWorkflowFile_ErrorPropagation/invalid_frontmatter (0.00s)
    --- PASS: TestParseWorkflowFile_ErrorPropagation/no_markdown_content_for_main_workflow (0.00s)
=== RUN   TestParseWorkflowFile_WorkflowIDGeneration
=== RUN   TestParseWorkflowFile_WorkflowIDGeneration/my-workflow.md
=== RUN   TestParseWorkflowFile_WorkflowIDGeneration/test_workflow_with_underscores.md
=== RUN   TestParseWorkflowFile_WorkflowIDGeneration/simple.md
--- PASS: TestParseWorkflowFile_WorkflowIDGeneration (0.01s)
    --- PASS: TestParseWorkflowFile_WorkflowIDGeneration/my-workflow.md (0.00s)
    --- PASS: TestParseWorkflowFile_WorkflowIDGeneration/test_workflow_with_underscores.md (0.00s)
    --- PASS: TestParseWorkflowFile_WorkflowIDGeneration/simple.md (0.01s)
=== RUN   TestParseWorkflowFile_PhaseDataFlow
--- PASS: TestParseWorkflowFile_PhaseDataFlow (0.00s)
=== RUN   TestParseWorkflowFile_BashToolValidationBeforeDefaults
--- PASS: TestParseWorkflowFile_BashToolValidationBeforeDefaults (0.00s)
=== RUN   TestParseWorkflowFile_CompleteWorkflowWithAllSections
⚠ service "postgres" has no ports mapping; it will not be reachable from the AWF sandbox
--- PASS: TestParseWorkflowFile_CompleteWorkflowWithAllSections (0.00s)
=== RUN   TestParseWorkflowFile_ErrorPropagationFromEngineSetup
--- PASS: TestParseWorkflowFile_ErrorPropagationFromEngineSetup (0.00s)
=== RUN   TestParseWorkflowFile_ErrorPropagationFromToolsProcessing
--- PASS: TestParseWorkflowFile_ErrorPropagationFromToolsProcessing (0.00s)
=== RUN   TestParseWorkflowFile_ActionCacheAndResolverSetup
⚠ Unable to resolve actions/checkout@v3 dynamically, using hardcoded pin for actions/checkout@v7.0.0
--- PASS: TestParseWorkflowFile_ActionCacheAndResolverSetup (0.00s)
=== RUN   TestExtractYAMLSections_PartialSections
--- PASS: TestExtractYAMLSections_PartialSections (0.00s)
=== RUN   TestMergeJobsFromYAMLImports_PreservesJobOrder
--- PASS: TestMergeJobsFromYAMLImports_PreservesJobOrder (0.00s)
=== RUN   TestProcessAndMergeSteps_InvalidYAML
--- PASS: TestProcessAndMergeSteps_InvalidYAML (0.00s)
=== RUN   TestProcessAndMergeServices_EmptyImportedServices
⚠ service "postgres" has no ports mapping; it will not be reachable from the AWF sandbox
--- PASS: TestProcessAndMergeServices_EmptyImportedServices (0.00s)
=== RUN   TestBuildInitialWorkflowData_FieldMapping
--- PASS: TestBuildInitialWorkflowData_FieldMapping (0.00s)
=== RUN   TestExtractDispatchItemNumber
=== RUN   TestExtractDispatchItemNumber/label_trigger_shorthand_PR_workflow_has_item_number
=== RUN   TestExtractDispatchItemNumber/label_trigger_shorthand_issue_workflow_has_item_number
=== RUN   TestExtractDispatchItemNumber/plain_workflow_dispatch_without_item_number
=== RUN   TestExtractDispatchItemNumber/workflow_dispatch_with_unrelated_inputs_does_not_match
=== RUN   TestExtractDispatchItemNumber/no_workflow_dispatch
=== RUN   TestExtractDispatchItemNumber/empty_frontmatter
--- PASS: TestExtractDispatchItemNumber (0.00s)
    --- PASS: TestExtractDispatchItemNumber/label_trigger_shorthand_PR_workflow_has_item_number (0.00s)
    --- PASS: TestExtractDispatchItemNumber/label_trigger_shorthand_issue_workflow_has_item_number (0.00s)
    --- PASS: TestExtractDispatchItemNumber/plain_workflow_dispatch_without_item_number (0.00s)
    --- PASS: TestExtractDispatchItemNumber/workflow_dispatch_with_unrelated_inputs_does_not_match (0.00s)
    --- PASS: TestExtractDispatchItemNumber/no_workflow_dispatch (0.00s)
    --- PASS: TestExtractDispatchItemNumber/empty_frontmatter (0.00s)
=== RUN   TestExtractYAMLSections_HasDispatchItemNumber
=== RUN   TestExtractYAMLSections_HasDispatchItemNumber/label_trigger_shorthand_workflow_sets_HasDispatchItemNumber
=== RUN   TestExtractYAMLSections_HasDispatchItemNumber/plain_workflow_does_not_set_HasDispatchItemNumber
--- PASS: TestExtractYAMLSections_HasDispatchItemNumber (0.00s)
    --- PASS: TestExtractYAMLSections_HasDispatchItemNumber/label_trigger_shorthand_workflow_sets_HasDispatchItemNumber (0.00s)
    --- PASS: TestExtractYAMLSections_HasDispatchItemNumber/plain_workflow_does_not_set_HasDispatchItemNumber (0.00s)
=== RUN   TestExtractConcurrencyJobDiscriminator
=== RUN   TestExtractConcurrencyJobDiscriminator/job-discriminator_present_in_concurrency_object
=== RUN   TestExtractConcurrencyJobDiscriminator/concurrency_object_without_job-discriminator
=== RUN   TestExtractConcurrencyJobDiscriminator/concurrency_as_string_(no_job-discriminator)
=== RUN   TestExtractConcurrencyJobDiscriminator/no_concurrency_key
--- PASS: TestExtractConcurrencyJobDiscriminator (0.00s)
    --- PASS: TestExtractConcurrencyJobDiscriminator/job-discriminator_present_in_concurrency_object (0.00s)
    --- PASS: TestExtractConcurrencyJobDiscriminator/concurrency_object_without_job-discriminator (0.00s)
    --- PASS: TestExtractConcurrencyJobDiscriminator/concurrency_as_string_(no_job-discriminator) (0.00s)
    --- PASS: TestExtractConcurrencyJobDiscriminator/no_concurrency_key (0.00s)
=== RUN   TestExtractConcurrencySection
=== RUN   TestExtractConcurrencySection/job-discriminator_is_stripped_from_serialized_YAML
=== RUN   TestExtractConcurrencySection/original_frontmatter_is_not_modified
=== RUN   TestExtractConcurrencySection/concurrency_without_job-discriminator_passes_through_unchanged
=== RUN   TestExtractConcurrencySection/job-discriminator_only_(no_group)_returns_empty_string
--- PASS: TestExtractConcurrencySection (0.00s)
    --- PASS: TestExtractConcurrencySection/job-discriminator_is_stripped_from_serialized_YAML (0.00s)
    --- PASS: TestExtractConcurrencySection/original_frontmatter_is_not_modified (0.00s)
    --- PASS: TestExtractConcurrencySection/concurrency_without_job-discriminator_passes_through_unchanged (0.00s)
    --- PASS: TestExtractConcurrencySection/job-discriminator_only_(no_group)_returns_empty_string (0.00s)
=== RUN   TestExtractYAMLSections_ConcurrencyJobDiscriminator
=== RUN   TestExtractYAMLSections_ConcurrencyJobDiscriminator/job-discriminator_is_extracted_and_stored
=== RUN   TestExtractYAMLSections_ConcurrencyJobDiscriminator/no_job-discriminator_leaves_field_empty
--- PASS: TestExtractYAMLSections_ConcurrencyJobDiscriminator (0.00s)
    --- PASS: TestExtractYAMLSections_ConcurrencyJobDiscriminator/job-discriminator_is_extracted_and_stored (0.00s)
    --- PASS: TestExtractYAMLSections_ConcurrencyJobDiscriminator/no_job-discriminator_leaves_field_empty (0.00s)
=== RUN   TestRepositoryOwnerIsIndividualUser_CacheHit
=== RUN   TestRepositoryOwnerIsIndividualUser_CacheHit/cached_User_type_returns_true
=== RUN   TestRepositoryOwnerIsIndividualUser_CacheHit/cached_Organization_type_returns_false
=== RUN   TestRepositoryOwnerIsIndividualUser_CacheHit/cached_empty_string_(API_error)_returns_false
--- PASS: TestRepositoryOwnerIsIndividualUser_CacheHit (0.00s)
    --- PASS: TestRepositoryOwnerIsIndividualUser_CacheHit/cached_User_type_returns_true (0.00s)
    --- PASS: TestRepositoryOwnerIsIndividualUser_CacheHit/cached_Organization_type_returns_false (0.00s)
    --- PASS: TestRepositoryOwnerIsIndividualUser_CacheHit/cached_empty_string_(API_error)_returns_false (0.00s)
=== RUN   TestRepositoryOwnerIsIndividualUser_MalformedSlug
=== RUN   TestRepositoryOwnerIsIndividualUser_MalformedSlug/empty_slug
=== RUN   TestRepositoryOwnerIsIndividualUser_MalformedSlug/no_slash
=== RUN   TestRepositoryOwnerIsIndividualUser_MalformedSlug/trailing_slash_only
=== RUN   TestRepositoryOwnerIsIndividualUser_MalformedSlug/missing_owner
=== RUN   TestRepositoryOwnerIsIndividualUser_MalformedSlug/missing_repo
--- PASS: TestRepositoryOwnerIsIndividualUser_MalformedSlug (0.00s)
    --- PASS: TestRepositoryOwnerIsIndividualUser_MalformedSlug/empty_slug (0.00s)
    --- PASS: TestRepositoryOwnerIsIndividualUser_MalformedSlug/no_slash (0.00s)
    --- PASS: TestRepositoryOwnerIsIndividualUser_MalformedSlug/trailing_slash_only (0.00s)
    --- PASS: TestRepositoryOwnerIsIndividualUser_MalformedSlug/missing_owner (0.00s)
    --- PASS: TestRepositoryOwnerIsIndividualUser_MalformedSlug/missing_repo (0.00s)
=== RUN   TestRepositoryOwnerIsIndividualUser_CacheSharedAcrossCompilations
--- PASS: TestRepositoryOwnerIsIndividualUser_CacheSharedAcrossCompilations (0.00s)
=== RUN   TestRepositoryOwnerIsIndividualUser_CacheInitializedByNewCompiler
--- PASS: TestRepositoryOwnerIsIndividualUser_CacheInitializedByNewCompiler (0.00s)
=== RUN   TestCompilerGeneratesUnixPaths
=== RUN   TestCompilerGeneratesUnixPaths/imports_with_forward_slashes
/tmp/TestCompilerGeneratesUnixPathsimports_with_forward_slashes4139201455/001/test-workflow.md: info: Tip: set permissions.copilot-requests: write to use GitHub Actions token-based inference with the Copilot engine instead of a personal access token (COPILOT_GITHUB_TOKEN). This option requires that your organization has centralized Copilot billing enabled and may not be available in all organizations — see https://github.github.com/gh-aw/reference/billing/ for details.

✓ /tmp/TestCompilerGeneratesUnixPathsimports_with_forward_slashes4139201455/001/test-workflow.md (77.8 KB)
=== RUN   TestCompilerGeneratesUnixPaths/includes_with_forward_slashes
⚠ Deprecated syntax: "{{#import shared/tools.md}}". Use {{#runtime-import shared/tools.md}} for content injection or the 'imports:' frontmatter field for configuration merging.
⚠ Deprecated syntax: "{{#import shared/tools.md}}". Use {{#runtime-import shared/tools.md}} for content injection or the 'imports:' frontmatter field for configuration merging.
/tmp/TestCompilerGeneratesUnixPathsincludes_with_forward_slashes347294685/001/test-workflow.md: info: Tip: set permissions.copilot-requests: write to use GitHub Actions token-based inference with the Copilot engine instead of a personal access token (COPILOT_GITHUB_TOKEN). This option requires that your organization has centralized Copilot billing enabled and may not be available in all organizations — see https://github.github.com/gh-aw/reference/billing/ for details.

✓ /tmp/TestCompilerGeneratesUnixPathsincludes_with_forward_slashes347294685/001/test-workflow.md (77.4 KB)
--- PASS: TestCompilerGeneratesUnixPaths (0.02s)
    --- PASS: TestCompilerGeneratesUnixPaths/imports_with_forward_slashes (0.01s)
    --- PASS: TestCompilerGeneratesUnixPaths/includes_with_forward_slashes (0.01s)
=== RUN   TestPathNormalizationInIncludedFiles
⚠ Deprecated syntax: "{{#import shared/nested/deep/config.md}}". Use {{#runtime-import shared/nested/deep/config.md}} for content injection or the 'imports:' frontmatter field for configuration merging.
⚠ Deprecated syntax: "{{#import shared/nested/deep/config.md}}". Use {{#runtime-import shared/nested/deep/config.md}} for content injection or the 'imports:' frontmatter field for configuration merging.
/tmp/TestPathNormalizationInIncludedFiles431376766/001/test-workflow.md: info: Tip: set permissions.copilot-requests: write to use GitHub Actions token-based inference with the Copilot engine instead of a personal access token (COPILOT_GITHUB_TOKEN). This option requires that your organization has centralized Copilot billing enabled and may not be available in all organizations — see https://github.github.com/gh-aw/reference/billing/ for details.

✓ /tmp/TestPathNormalizationInIncludedFiles431376766/001/test-workflow.md (77.3 KB)
--- PASS: TestPathNormalizationInIncludedFiles (0.01s)
=== RUN   TestRunsOnSection
=== RUN   TestRunsOnSection/default_runs-on
/tmp/gh-aw-test-runs/20260704-173215-1254793/workflow-runs-on-test3945380421/default runs-on-workflow.md: warning: Missing required permissions for GitHub toolsets:
  - issues: read (required by issues)
  - pull-requests: read (required by pull_requests)

To fix this, you can either:

Option 1: Add missing permissions to your workflow frontmatter:
permissions:
  issues: read
  pull-requests: read

See: https://github.com/github/gh-aw/blob/main/docs/src/content/docs/reference/permissions.md

Option 2: Reduce the required toolsets in your workflow:
Remove or adjust toolsets that require these permissions:
  - issues
  - pull_requests

/tmp/gh-aw-test-runs/20260704-173215-1254793/workflow-runs-on-test3945380421/default runs-on-workflow.md: info: Tip: set permissions.copilot-requests: write to use GitHub Actions token-based inference with the Copilot engine instead of a personal access token (COPILOT_GITHUB_TOKEN). This option requires that your organization has centralized Copilot billing enabled and may not be available in all organizations — see https://github.github.com/gh-aw/reference/billing/ for details.

✓ /tmp/gh-aw-test-runs/20260704-173215-1254793/workflow-runs-on-test3945380421/default runs-on-workflow.md (77.4 KB)
=== RUN   TestRunsOnSection/custom_runs-on
/tmp/gh-aw-test-runs/20260704-173215-1254793/workflow-runs-on-test3945380421/custom runs-on-workflow.md: warning: Missing required permissions for GitHub toolsets:
  - issues: read (required by issues)
  - pull-requests: read (required by pull_requests)

To fix this, you can either:

Option 1: Add missing permissions to your workflow frontmatter:
permissions:
  issues: read
  pull-requests: read

See: https://github.com/github/gh-aw/blob/main/docs/src/content/docs/reference/permissions.md

Option 2: Reduce the required toolsets in your workflow:
Remove or adjust toolsets that require these permissions:
  - issues
  - pull_requests

/tmp/gh-aw-test-runs/20260704-173215-1254793/workflow-runs-on-test3945380421/custom runs-on-workflow.md: info: Tip: set permissions.copilot-requests: write to use GitHub Actions token-based inference with the Copilot engine instead of a personal access token (COPILOT_GITHUB_TOKEN). This option requires that your organization has centralized Copilot billing enabled and may not be available in all organizations — see https://github.github.com/gh-aw/reference/billing/ for details.

✓ /tmp/gh-aw-test-runs/20260704-173215-1254793/workflow-runs-on-test3945380421/custom runs-on-workflow.md (77.4 KB)
=== RUN   TestRunsOnSection/custom_runs-on_with_array
/tmp/gh-aw-test-runs/20260704-173215-1254793/workflow-runs-on-test3945380421/custom runs-on with array-workflow.md: warning: Missing required permissions for GitHub toolsets:
  - issues: read (required by issues)
  - pull-requests: read (required by pull_requests)

To fix this, you can either:

Option 1: Add missing permissions to your workflow frontmatter:
permissions:
  issues: read
  pull-requests: read

See: https://github.com/github/gh-aw/blob/main/docs/src/content/docs/reference/permissions.md

Option 2: Reduce the required toolsets in your workflow:
Remove or adjust toolsets that require these permissions:
  - issues
  - pull_requests

/tmp/gh-aw-test-runs/20260704-173215-1254793/workflow-runs-on-test3945380421/custom runs-on with array-workflow.md: info: Tip: set permissions.copilot-requests: write to use GitHub Actions token-based inference with the Copilot engine instead of a personal access token (COPILOT_GITHUB_TOKEN). This option requires that your organization has centralized Copilot billing enabled and may not be available in all organizations — see https://github.github.com/gh-aw/reference/billing/ for details.

✓ /tmp/gh-aw-test-runs/20260704-173215-1254793/workflow-runs-on-test3945380421/custom runs-on with array-workflow.md (78.1 KB)
--- PASS: TestRunsOnSection (0.03s)
    --- PASS: TestRunsOnSection/default_runs-on (0.01s)
    --- PASS: TestRunsOnSection/custom_runs-on (0.01s)
    --- PASS: TestRunsOnSection/custom_runs-on_with_array (0.01s)
=== RUN   TestNetworkPermissionsDefaultBehavior
=== RUN   TestNetworkPermissionsDefaultBehavior/no_network_field_defaults_to_full_access
✓ /tmp/gh-aw-test-runs/20260704-173215-1254793/test-2654208060/no-network-workflow.md (81.0 KB)
=== RUN   TestNetworkPermissionsDefaultBehavior/network:_defaults_enables_AWF_by_default_for_Claude
✓ /tmp/gh-aw-test-runs/20260704-173215-1254793/test-2654208060/defaults-network-workflow.md (81.2 KB)
=== RUN   TestNetworkPermissionsDefaultBehavior/network:_{}_enables_AWF_by_default_for_Claude
✓ /tmp/gh-aw-test-runs/20260704-173215-1254793/test-2654208060/deny-all-workflow.md (80.9 KB)
=== RUN   TestNetworkPermissionsDefaultBehavior/network_with_allowed_domains_should_use_AWF
✓ /tmp/gh-aw-test-runs/20260704-173215-1254793/test-2654208060/allowed-domains-workflow.md (81.2 KB)
=== RUN   TestNetworkPermissionsDefaultBehavior/network_permissions_with_non-claude_engine_should_be_ignored
✓ /tmp/gh-aw-test-runs/20260704-173215-1254793/test-2654208060/codex-network-workflow.md (77.5 KB)
--- PASS: TestNetworkPermissionsDefaultBehavior (0.06s)
    --- PASS: TestNetworkPermissionsDefaultBehavior/no_network_field_defaults_to_full_access (0.02s)
    --- PASS: TestNetworkPermissionsDefaultBehavior/network:_defaults_enables_AWF_by_default_for_Claude (0.01s)
    --- PASS: TestNetworkPermissionsDefaultBehavior/network:_{}_enables_AWF_by_default_for_Claude (0.01s)
    --- PASS: TestNetworkPermissionsDefaultBehavior/network_with_allowed_domains_should_use_AWF (0.01s)
    --- PASS: TestNetworkPermissionsDefaultBehavior/network_permissions_with_non-claude_engine_should_be_ignored (0.01s)
=== RUN   TestCopilotRequestsPermissions
=== RUN   TestCopilotRequestsPermissions/agent_job_keeps_read_scopes_with_copilot-requests:_write
✓ /tmp/gh-aw-test-runs/20260704-173215-1254793/copilot-requests-permissions-test3464374560/copilot-requests-agent.md (78.6 KB)
=== RUN   TestCopilotRequestsPermissions/detection_job_gets_copilot-requests:_write_when_permission_is_set
✓ /tmp/gh-aw-test-runs/20260704-173215-1254793/copilot-requests-permissions-test3464374560/copilot-requests-detection.md (101.7 KB)
--- PASS: TestCopilotRequestsPermissions (0.03s)
    --- PASS: TestCopilotRequestsPermissions/agent_job_keeps_read_scopes_with_copilot-requests:_write (0.02s)
    --- PASS: TestCopilotRequestsPermissions/detection_job_gets_copilot-requests:_write_when_permission_is_set (0.01s)
=== RUN   TestPostStepsGeneration
✓ /tmp/gh-aw-test-runs/20260704-173215-1254793/post-steps-test3939729425/test-post-steps.md (78.4 KB)
    compiler_poststeps_test.go:104: Step order verified: Pre-step (26979) < AI execution (40986) < Post-step (60198)
--- PASS: TestPostStepsGeneration (0.01s)
=== RUN   TestPostStepsOnly
✓ /tmp/gh-aw-test-runs/20260704-173215-1254793/post-steps-only-test1084133264/test-post-steps-only.md (78.1 KB)
--- PASS: TestPostStepsOnly (0.01s)
=== RUN   TestStopAfterCompiledAway
=== RUN   TestStopAfterCompiledAway/stop-after_with_workflow_dispatch
/tmp/gh-aw-test-runs/20260704-173215-1254793/stop-after-test4079405004/stop-after with workflow_dispatch-workflow.md: warning: Missing required permissions for GitHub toolsets:
  - issues: read (required by issues)
  - pull-requests: read (required by pull_requests)

To fix this, you can either:

Option 1: Add missing permissions to your workflow frontmatter:
permissions:
  issues: read
  pull-requests: read

See: https://github.com/github/gh-aw/blob/main/docs/src/content/docs/reference/permissions.md

Option 2: Reduce the required toolsets in your workflow:
Remove or adjust toolsets that require these permissions:
  - issues
  - pull_requests

✓ /tmp/gh-aw-test-runs/20260704-173215-1254793/stop-after-test4079405004/stop-after with workflow_dispatch-workflow.md (78.8 KB)
=== RUN   TestStopAfterCompiledAway/stop-after_with_command_trigger
⚠ The 'command:' trigger field is deprecated. Please use 'slash_command:' instead.
/tmp/gh-aw-test-runs/20260704-173215-1254793/stop-after-test4079405004/stop-after with command trigger-workflow.md: warning: Missing required permissions for GitHub toolsets:
  - issues: read (required by issues)
  - pull-requests: read (required by pull_requests)

To fix this, you can either:

Option 1: Add missing permissions to your workflow frontmatter:
permissions:
  issues: read
  pull-requests: read

See: https://github.com/github/gh-aw/blob/main/docs/src/content/docs/reference/permissions.md

Option 2: Reduce the required toolsets in your workflow:
Remove or adjust toolsets that require these permissions:
  - issues
  - pull_requests

✓ /tmp/gh-aw-test-runs/20260704-173215-1254793/stop-after-test4079405004/stop-after with command trigger-workflow.md (88.5 KB)
=== RUN   TestStopAfterCompiledAway/stop-after_with_reaction
/tmp/gh-aw-test-runs/20260704-173215-1254793/stop-after-test4079405004/stop-after with reaction-workflow.md: warning: Missing required permissions for GitHub toolsets:
  - issues: read (required by issues)
  - pull-requests: read (required by pull_requests)

To fix this, you can either:

Option 1: Add missing permissions to your workflow frontmatter:
permissions:
  issues: read
  pull-requests: read

See: https://github.com/github/gh-aw/blob/main/docs/src/content/docs/reference/permissions.md

Option 2: Reduce the required toolsets in your workflow:
Remove or adjust toolsets that require these permissions:
  - issues
  - pull_requests

✓ /tmp/gh-aw-test-runs/20260704-173215-1254793/stop-after-test4079405004/stop-after with reaction-workflow.md (81.6 KB)
=== RUN   TestStopAfterCompiledAway/stop-after_only_with_schedule
/tmp/gh-aw-test-runs/20260704-173215-1254793/stop-after-test4079405004/stop-after only with schedule-workflow.md: warning: Missing required permissions for GitHub toolsets:
  - issues: read (required by issues)
  - pull-requests: read (required by pull_requests)

To fix this, you can either:

Option 1: Add missing permissions to your workflow frontmatter:
permissions:
  issues: read
  pull-requests: read

See: https://github.com/github/gh-aw/blob/main/docs/src/content/docs/reference/permissions.md

Option 2: Reduce the required toolsets in your workflow:
Remove or adjust toolsets that require these permissions:
  - issues
  - pull_requests

✓ /tmp/gh-aw-test-runs/20260704-173215-1254793/stop-after-test4079405004/stop-after only with schedule-workflow.md (78.7 KB)
=== RUN   TestStopAfterCompiledAway/stop-after_with_both_command_and_reaction
⚠ The 'command:' trigger field is deprecated. Please use 'slash_command:' instead.
/tmp/gh-aw-test-runs/20260704-173215-1254793/stop-after-test4079405004/stop-after with both command and reaction-workflow.md: warning: Missing required permissions for GitHub toolsets:
  - issues: read (required by issues)
  - pull-requests: read (required by pull_requests)

To fix this, you can either:

Option 1: Add missing permissions to your workflow frontmatter:
permissions:
  issues: read
  pull-requests: read

See: https://github.com/github/gh-aw/blob/main/docs/src/content/docs/reference/permissions.md

Option 2: Reduce the required toolsets in your workflow:
Remove or adjust toolsets that require these permissions:
  - issues
  - pull_requests

✓ /tmp/gh-aw-test-runs/20260704-173215-1254793/stop-after-test4079405004/stop-after with both command and reaction-workflow.md (88.8 KB)
=== RUN   TestStopAfterCompiledAway/stop-after_with_reaction_and_schedule
/tmp/gh-aw-test-runs/20260704-173215-1254793/stop-after-test4079405004/stop-after with reaction and schedule-workflow.md: warning: Missing required permissions for GitHub toolsets:
  - issues: read (required by issues)
  - pull-requests: read (required by pull_requests)

To fix this, you can either:

Option 1: Add missing permissions to your workflow frontmatter:
permissions:
  issues: read
  pull-requests: read

See: https://github.com/github/gh-aw/blob/main/docs/src/content/docs/reference/permissions.md

Option 2: Reduce the required toolsets in your workflow:
Remove or adjust toolsets that require these permissions:
  - issues
  - pull_requests

✓ /tmp/gh-aw-test-runs/20260704-173215-1254793/stop-after-test4079405004/stop-after with reaction and schedule-workflow.md (82.1 KB)
=== RUN   TestStopAfterCompiledAway/stop-after_with_command_and_schedule
⚠ The 'command:' trigger field is deprecated. Please use 'slash_command:' instead.
/tmp/gh-aw-test-runs/20260704-173215-1254793/stop-after-test4079405004/stop-after with command and schedule-workflow.md: warning: Missing required permissions for GitHub toolsets:
  - issues: read (required by issues)
  - pull-requests: read (required by pull_requests)

To fix this, you can either:

Option 1: Add missing permissions to your workflow frontmatter:
permissions:
  issues: read
  pull-requests: read

See: https://github.com/github/gh-aw/blob/main/docs/src/content/docs/reference/permissions.md

Option 2: Reduce the required toolsets in your workflow:
Remove or adjust toolsets that require these permissions:
  - issues
  - pull_requests

✓ /tmp/gh-aw-test-runs/20260704-173215-1254793/stop-after-test4079405004/stop-after with command and schedule-workflow.md (88.9 KB)
--- PASS: TestStopAfterCompiledAway (0.19s)
    --- PASS: TestStopAfterCompiledAway/stop-after_with_workflow_dispatch (0.03s)
    --- PASS: TestStopAfterCompiledAway/stop-after_with_command_trigger (0.03s)
    --- PASS: TestStopAfterCompiledAway/stop-after_with_reaction (0.02s)
    --- PASS: TestStopAfterCompiledAway/stop-after_only_with_schedule (0.03s)
    --- PASS: TestStopAfterCompiledAway/stop-after_with_both_command_and_reaction (0.03s)
    --- PASS: TestStopAfterCompiledAway/stop-after_with_reaction_and_schedule (0.02s)
    --- PASS: TestStopAfterCompiledAway/stop-after_with_command_and_schedule (0.03s)
=== RUN   TestPreAgentStepsGeneration
✓ /tmp/gh-aw-test-runs/20260704-173215-1254793/pre-agent-steps-test2913510919/test-pre-agent-steps.md (81.2 KB)
--- PASS: TestPreAgentStepsGeneration (0.01s)
=== RUN   TestPreAgentStepsImportsMergeOrder
✓ /tmp/gh-aw-test-runs/20260704-173215-1254793/pre-agent-steps-imports-test127921215/main.md (80.9 KB)
--- PASS: TestPreAgentStepsImportsMergeOrder (0.02s)
=== RUN   TestImportedPreAgentStepsRunAfterPRBaseRestore
✓ /tmp/gh-aw-test-runs/20260704-173215-1254793/pre-agent-steps-pr-restore-test866104855/main.md (82.8 KB)
--- PASS: TestImportedPreAgentStepsRunAfterPRBaseRestore (0.02s)
=== RUN   TestImportedPreAgentStepsRunAfterPRBaseRestoreCopilot
/tmp/gh-aw-test-runs/20260704-173215-1254793/pre-agent-steps-pr-restore-copilot-test1748104030/main.md: info: Tip: set permissions.copilot-requests: write to use GitHub Actions token-based inference with the Copilot engine instead of a personal access token (COPILOT_GITHUB_TOKEN). This option requires that your organization has centralized Copilot billing enabled and may not be available in all organizations — see https://github.github.com/gh-aw/reference/billing/ for details.

✓ /tmp/gh-aw-test-runs/20260704-173215-1254793/pre-agent-steps-pr-restore-copilot-test1748104030/main.md (78.9 KB)
--- PASS: TestImportedPreAgentStepsRunAfterPRBaseRestoreCopilot (0.02s)
=== RUN   TestPreStepsGeneration
✓ /tmp/gh-aw-test-runs/20260704-173215-1254793/pre-steps-test113863552/test-pre-steps.md (78.4 KB)
    compiler_presteps_test.go:116: Step order verified: pre-step(26536) < checkout(26754) < custom(27214) < AI(41216) < post(60428)
--- PASS: TestPreStepsGeneration (0.02s)
=== RUN   TestPreStepsTokenAvailableForCheckout
/tmp/gh-aw-test-runs/20260704-173215-1254793/pre-steps-token-test1690227570/test-pre-steps-token.md: warning: This workflow grants id-token: write permission
OIDC tokens can authenticate to cloud providers (AWS, Azure, GCP).
Ensure proper audience validation and trust policies are configured.

✓ /tmp/gh-aw-test-runs/20260704-173215-1254793/pre-steps-token-test1690227570/test-pre-steps-token.md (84.3 KB)
--- PASS: TestPreStepsTokenAvailableForCheckout (0.01s)
=== RUN   TestPreStepsOnly
✓ /tmp/gh-aw-test-runs/20260704-173215-1254793/pre-steps-only-test970795105/test-pre-steps-only.md (81.3 KB)
--- PASS: TestPreStepsOnly (0.02s)
=== RUN   TestPreStepsSecretsValidation
--- PASS: TestPreStepsSecretsValidation (0.00s)
=== RUN   TestInvalidReactionValue
--- PASS: TestInvalidReactionValue (0.00s)
=== RUN   TestNumericReactionParsing
=== RUN   TestNumericReactionParsing/plus_one_without_quotes_becomes_+1
=== RUN   TestNumericReactionParsing/minus_one_without_quotes_becomes_-1
=== RUN   TestNumericReactionParsing/plus_one_with_quotes_stays_+1
=== RUN   TestNumericReactionParsing/minus_one_with_quotes_stays_-1
--- PASS: TestNumericReactionParsing (0.01s)
    --- PASS: TestNumericReactionParsing/plus_one_without_quotes_becomes_+1 (0.00s)
    --- PASS: TestNumericReactionParsing/minus_one_without_quotes_becomes_-1 (0.00s)
    --- PASS: TestNumericReactionParsing/plus_one_with_quotes_stays_+1 (0.00s)
    --- PASS: TestNumericReactionParsing/minus_one_with_quotes_stays_-1 (0.00s)
=== RUN   TestInvalidNumericReaction
--- PASS: TestInvalidNumericReaction (0.00s)
=== RUN   TestCompilerLoadRepoConfig_CachesResult
--- PASS: TestCompilerLoadRepoConfig_CachesResult (0.00s)
=== RUN   TestCompilerLoadRepoConfig_CachesError
--- PASS: TestCompilerLoadRepoConfig_CachesError (0.00s)
=== RUN   TestCompilerLoadRepoConfig_EmptyGitRoot
--- PASS: TestCompilerLoadRepoConfig_EmptyGitRoot (0.00s)
=== RUN   TestRepositorySlugLock
--- PASS: TestRepositorySlugLock (0.00s)
=== RUN   TestSetRepositorySlugIfUnlocked_WhenUnlocked
--- PASS: TestSetRepositorySlugIfUnlocked_WhenUnlocked (0.00s)
=== RUN   TestRepositorySlugLock_NewCompilerDefaultsUnlocked
--- PASS: TestRepositorySlugLock_NewCompilerDefaultsUnlocked (0.00s)
=== RUN   TestAddHandlerManagerConfigEnvVar
=== RUN   TestAddHandlerManagerConfigEnvVar/create_issue_config
=== RUN   TestAddHandlerManagerConfigEnvVar/add_comment_config
=== RUN   TestAddHandlerManagerConfigEnvVar/create_discussion_config
=== RUN   TestAddHandlerManagerConfigEnvVar/close_issue_config
=== RUN   TestAddHandlerManagerConfigEnvVar/add_labels_config
=== RUN   TestAddHandlerManagerConfigEnvVar/update_issue_config
=== RUN   TestAddHandlerManagerConfigEnvVar/create_pull_request_config
=== RUN   TestAddHandlerManagerConfigEnvVar/create_pull_request_with_reviewers
=== RUN   TestAddHandlerManagerConfigEnvVar/push_to_PR_branch_config
=== RUN   TestAddHandlerManagerConfigEnvVar/push_to_PR_branch_staged_config
=== RUN   TestAddHandlerManagerConfigEnvVar/close_pull_request_staged_config
=== RUN   TestAddHandlerManagerConfigEnvVar/multiple_safe_output_types
=== RUN   TestAddHandlerManagerConfigEnvVar/config_with_target-repo
=== RUN   TestAddHandlerManagerConfigEnvVar/config_with_allowed_repos
=== RUN   TestAddHandlerManagerConfigEnvVar/call_workflow_config
=== RUN   TestAddHandlerManagerConfigEnvVar/submit_pull_request_review_config
=== RUN   TestAddHandlerManagerConfigEnvVar/reply_to_pull_request_review_comment_config
=== RUN   TestAddHandlerManagerConfigEnvVar/resolve_pull_request_review_thread_config
=== RUN   TestAddHandlerManagerConfigEnvVar/create_code_scanning_alert_config
=== RUN   TestAddHandlerManagerConfigEnvVar/remove_labels_config
=== RUN   TestAddHandlerManagerConfigEnvVar/update_pull_request_config
=== RUN   TestAddHandlerManagerConfigEnvVar/update_project_config
=== RUN   TestAddHandlerManagerConfigEnvVar/create_project_config
=== RUN   TestAddHandlerManagerConfigEnvVar/create_project_status_update_config
=== RUN   TestAddHandlerManagerConfigEnvVar/link_sub_issue_config
=== RUN   TestAddHandlerManagerConfigEnvVar/dispatch_workflow_config
=== RUN   TestAddHandlerManagerConfigEnvVar/dispatch_repository_config
=== RUN   TestAddHandlerManagerConfigEnvVar/update_discussion_config
=== RUN   TestAddHandlerManagerConfigEnvVar/close_discussion_config
=== RUN   TestAddHandlerManagerConfigEnvVar/mark_pull_request_as_ready_for_review_config
=== RUN   TestAddHandlerManagerConfigEnvVar/create_pull_request_review_comment_config
=== RUN   TestAddHandlerManagerConfigEnvVar/autofix_code_scanning_alert_config
=== RUN   TestAddHandlerManagerConfigEnvVar/add_reviewer_config
=== RUN   TestAddHandlerManagerConfigEnvVar/assign_milestone_config
=== RUN   TestAddHandlerManagerConfigEnvVar/assign_to_agent_config
=== RUN   TestAddHandlerManagerConfigEnvVar/upload_asset_config
=== RUN   TestAddHandlerManagerConfigEnvVar/upload_artifact_config
=== RUN   TestAddHandlerManagerConfigEnvVar/update_release_config
=== RUN   TestAddHandlerManagerConfigEnvVar/create_agent_session_config
=== RUN   TestAddHandlerManagerConfigEnvVar/hide_comment_config
=== RUN   TestAddHandlerManagerConfigEnvVar/set_issue_type_config
=== RUN   TestAddHandlerManagerConfigEnvVar/set_issue_field_config
=== RUN   TestAddHandlerManagerConfigEnvVar/noop_config
=== RUN   TestAddHandlerManagerConfigEnvVar/assign_to_user_config
=== RUN   TestAddHandlerManagerConfigEnvVar/unassign_from_user_config
=== RUN   TestAddHandlerManagerConfigEnvVar/missing_tool_config
=== RUN   TestAddHandlerManagerConfigEnvVar/missing_data_config
=== RUN   TestAddHandlerManagerConfigEnvVar/report_incomplete_config
=== RUN   TestAddHandlerManagerConfigEnvVar/merge_pull_request_config
=== RUN   TestAddHandlerManagerConfigEnvVar/create_check_run_config
=== RUN   TestAddHandlerManagerConfigEnvVar/comment_memory_config
--- PASS: TestAddHandlerManagerConfigEnvVar (0.06s)
    --- PASS: TestAddHandlerManagerConfigEnvVar/create_issue_config (0.00s)
    --- PASS: TestAddHandlerManagerConfigEnvVar/add_comment_config (0.00s)
    --- PASS: TestAddHandlerManagerConfigEnvVar/create_discussion_config (0.00s)
    --- PASS: TestAddHandlerManagerConfigEnvVar/close_issue_config (0.00s)
    --- PASS: TestAddHandlerManagerConfigEnvVar/add_labels_config (0.00s)
    --- PASS: TestAddHandlerManagerConfigEnvVar/update_issue_config (0.00s)
    --- PASS: TestAddHandlerManagerConfigEnvVar/create_pull_request_config (0.00s)
    --- PASS: TestAddHandlerManagerConfigEnvVar/create_pull_request_with_reviewers (0.00s)
    --- PASS: TestAddHandlerManagerConfigEnvVar/push_to_PR_branch_config (0.00s)
    --- PASS: TestAddHandlerManagerConfigEnvVar/push_to_PR_branch_staged_config (0.00s)
    --- PASS: TestAddHandlerManagerConfigEnvVar/close_pull_request_staged_config (0.00s)
    --- PASS: TestAddHandlerManagerConfigEnvVar/multiple_safe_output_types (0.00s)
    --- PASS: TestAddHandlerManagerConfigEnvVar/config_with_target-repo (0.00s)
    --- PASS: TestAddHandlerManagerConfigEnvVar/config_with_allowed_repos (0.00s)
    --- PASS: TestAddHandlerManagerConfigEnvVar/call_workflow_config (0.00s)
    --- PASS: TestAddHandlerManagerConfigEnvVar/submit_pull_request_review_config (0.00s)
    --- PASS: TestAddHandlerManagerConfigEnvVar/reply_to_pull_request_review_comment_config (0.00s)
    --- PASS: TestAddHandlerManagerConfigEnvVar/resolve_pull_request_review_thread_config (0.00s)
    --- PASS: TestAddHandlerManagerConfigEnvVar/create_code_scanning_alert_config (0.00s)
    --- PASS: TestAddHandlerManagerConfigEnvVar/remove_labels_config (0.00s)
    --- PASS: TestAddHandlerManagerConfigEnvVar/update_pull_request_config (0.00s)
    --- PASS: TestAddHandlerManagerConfigEnvVar/update_project_config (0.00s)
    --- PASS: TestAddHandlerManagerConfigEnvVar/create_project_config (0.00s)
    --- PASS: TestAddHandlerManagerConfigEnvVar/create_project_status_update_config (0.01s)
    --- PASS: TestAddHandlerManagerConfigEnvVar/link_sub_issue_config (0.00s)
    --- PASS: TestAddHandlerManagerConfigEnvVar/dispatch_workflow_config (0.00s)
    --- PASS: TestAddHandlerManagerConfigEnvVar/dispatch_repository_config (0.00s)
    --- PASS: TestAddHandlerManagerConfigEnvVar/update_discussion_config (0.00s)
    --- PASS: TestAddHandlerManagerConfigEnvVar/close_discussion_config (0.00s)
    --- PASS: TestAddHandlerManagerConfigEnvVar/mark_pull_request_as_ready_for_review_config (0.00s)
    --- PASS: TestAddHandlerManagerConfigEnvVar/create_pull_request_review_comment_config (0.00s)
    --- PASS: TestAddHandlerManagerConfigEnvVar/autofix_code_scanning_alert_config (0.00s)
    --- PASS: TestAddHandlerManagerConfigEnvVar/add_reviewer_config (0.00s)
    --- PASS: TestAddHandlerManagerConfigEnvVar/assign_milestone_config (0.00s)
    --- PASS: TestAddHandlerManagerConfigEnvVar/assign_to_agent_config (0.00s)
    --- PASS: TestAddHandlerManagerConfigEnvVar/upload_asset_config (0.00s)
    --- PASS: TestAddHandlerManagerConfigEnvVar/upload_artifact_config (0.00s)
    --- PASS: TestAddHandlerManagerConfigEnvVar/update_release_config (0.00s)
    --- PASS: TestAddHandlerManagerConfigEnvVar/create_agent_session_config (0.00s)
    --- PASS: TestAddHandlerManagerConfigEnvVar/hide_comment_config (0.00s)
    --- PASS: TestAddHandlerManagerConfigEnvVar/set_issue_type_config (0.00s)
    --- PASS: TestAddHandlerManagerConfigEnvVar/set_issue_field_config (0.00s)
    --- PASS: TestAddHandlerManagerConfigEnvVar/noop_config (0.00s)
    --- PASS: TestAddHandlerManagerConfigEnvVar/assign_to_user_config (0.00s)
    --- PASS: TestAddHandlerManagerConfigEnvVar/unassign_from_user_config (0.00s)
    --- PASS: TestAddHandlerManagerConfigEnvVar/missing_tool_config (0.00s)
    --- PASS: TestAddHandlerManagerConfigEnvVar/missing_data_config (0.00s)
    --- PASS: TestAddHandlerManagerConfigEnvVar/report_incomplete_config (0.00s)
    --- PASS: TestAddHandlerManagerConfigEnvVar/merge_pull_request_config (0.00s)
    --- PASS: TestAddHandlerManagerConfigEnvVar/create_check_run_config (0.00s)
    --- PASS: TestAddHandlerManagerConfigEnvVar/comment_memory_config (0.00s)
=== RUN   TestHandlerConfigMaxValues
--- PASS: TestHandlerConfigMaxValues (0.00s)
=== RUN   TestHandlerConfigAllowedLabels
--- PASS: TestHandlerConfigAllowedLabels (0.00s)
=== RUN   TestHandlerConfigReviewers
--- PASS: TestHandlerConfigReviewers (0.01s)
=== RUN   TestHandlerConfigAddReviewerTeamReviewers
--- PASS: TestHandlerConfigAddReviewerTeamReviewers (0.00s)
=== RUN   TestHandlerConfigAssignees
--- PASS: TestHandlerConfigAssignees (0.00s)
=== RUN   TestHandlerConfigBooleanFields
=== RUN   TestHandlerConfigBooleanFields/hide_older_comments
=== RUN   TestHandlerConfigBooleanFields/add_comment_discussions_opt-in
=== RUN   TestHandlerConfigBooleanFields/close_older_discussions
=== RUN   TestHandlerConfigBooleanFields/allow_empty_PR
=== RUN   TestHandlerConfigBooleanFields/draft_PR
=== RUN   TestHandlerConfigBooleanFields/create_discussion_minimum_body_length
--- PASS: TestHandlerConfigBooleanFields (0.01s)
    --- PASS: TestHandlerConfigBooleanFields/hide_older_comments (0.00s)
    --- PASS: TestHandlerConfigBooleanFields/add_comment_discussions_opt-in (0.00s)
    --- PASS: TestHandlerConfigBooleanFields/close_older_discussions (0.00s)
    --- PASS: TestHandlerConfigBooleanFields/allow_empty_PR (0.00s)
    --- PASS: TestHandlerConfigBooleanFields/draft_PR (0.00s)
    --- PASS: TestHandlerConfigBooleanFields/create_discussion_minimum_body_length (0.00s)
=== RUN   TestHandlerConfigUpdateFields
=== RUN   TestHandlerConfigUpdateFields/all_fields_enabled
=== RUN   TestHandlerConfigUpdateFields/only_status
=== RUN   TestHandlerConfigUpdateFields/title_and_body
--- PASS: TestHandlerConfigUpdateFields (0.00s)
    --- PASS: TestHandlerConfigUpdateFields/all_fields_enabled (0.00s)
    --- PASS: TestHandlerConfigUpdateFields/only_status (0.00s)
    --- PASS: TestHandlerConfigUpdateFields/title_and_body (0.00s)
=== RUN   TestUpdatePullRequestUpdateBranchHandlerConfig
=== RUN   TestUpdatePullRequestUpdateBranchHandlerConfig/defaults_update_branch_to_false
=== RUN   TestUpdatePullRequestUpdateBranchHandlerConfig/sets_update_branch_true_when_configured
--- PASS: TestUpdatePullRequestUpdateBranchHandlerConfig (0.00s)
    --- PASS: TestUpdatePullRequestUpdateBranchHandlerConfig/defaults_update_branch_to_false (0.00s)
    --- PASS: TestUpdatePullRequestUpdateBranchHandlerConfig/sets_update_branch_true_when_configured (0.00s)
=== RUN   TestEmptySafeOutputsConfig
--- PASS: TestEmptySafeOutputsConfig (0.00s)
=== RUN   TestHandlerConfigTargetRepo
--- PASS: TestHandlerConfigTargetRepo (0.00s)
=== RUN   TestHandlerConfigClosePullRequestTargetRepo
--- PASS: TestHandlerConfigClosePullRequestTargetRepo (0.00s)
=== RUN   TestHandlerConfigCreateCheckRunTarget
--- PASS: TestHandlerConfigCreateCheckRunTarget (0.00s)
=== RUN   TestHandlerConfigPatchSize
=== RUN   TestHandlerConfigPatchSize/default_patch_size
=== RUN   TestHandlerConfigPatchSize/custom_patch_size
--- PASS: TestHandlerConfigPatchSize (0.00s)
    --- PASS: TestHandlerConfigPatchSize/default_patch_size (0.00s)
    --- PASS: TestHandlerConfigPatchSize/custom_patch_size (0.00s)
=== RUN   TestHandlerConfigPatchFiles
=== RUN   TestHandlerConfigPatchFiles/default_file_limit
=== RUN   TestHandlerConfigPatchFiles/custom_file_limit
--- PASS: TestHandlerConfigPatchFiles (0.00s)
    --- PASS: TestHandlerConfigPatchFiles/default_file_limit (0.00s)
    --- PASS: TestHandlerConfigPatchFiles/custom_file_limit (0.00s)
=== RUN   TestParseSafeOutputsMaxPatchFiles
=== RUN   TestParseSafeOutputsMaxPatchFiles/int_value
=== RUN   TestParseSafeOutputsMaxPatchFiles/uint64_value
=== RUN   TestParseSafeOutputsMaxPatchFiles/float_value
=== RUN   TestParseSafeOutputsMaxPatchFiles/zero_falls_back_to_default
=== RUN   TestParseSafeOutputsMaxPatchFiles/negative_falls_back_to_default
=== RUN   TestParseSafeOutputsMaxPatchFiles/uint64_max_clamps_to_MaxInt
=== RUN   TestParseSafeOutputsMaxPatchFiles/huge_float_ignored_(out_of_int_range)
=== RUN   TestParseSafeOutputsMaxPatchFiles/negative_huge_float_ignored
=== RUN   TestParseSafeOutputsMaxPatchFiles/NaN_ignored
=== RUN   TestParseSafeOutputsMaxPatchFiles/+Inf_ignored
--- PASS: TestParseSafeOutputsMaxPatchFiles (0.01s)
    --- PASS: TestParseSafeOutputsMaxPatchFiles/int_value (0.00s)
    --- PASS: TestParseSafeOutputsMaxPatchFiles/uint64_value (0.00s)
    --- PASS: TestParseSafeOutputsMaxPatchFiles/float_value (0.00s)
    --- PASS: TestParseSafeOutputsMaxPatchFiles/zero_falls_back_to_default (0.00s)
    --- PASS: TestParseSafeOutputsMaxPatchFiles/negative_falls_back_to_default (0.00s)
    --- PASS: TestParseSafeOutputsMaxPatchFiles/uint64_max_clamps_to_MaxInt (0.00s)
    --- PASS: TestParseSafeOutputsMaxPatchFiles/huge_float_ignored_(out_of_int_range) (0.00s)
    --- PASS: TestParseSafeOutputsMaxPatchFiles/negative_huge_float_ignored (0.00s)
    --- PASS: TestParseSafeOutputsMaxPatchFiles/NaN_ignored (0.00s)
    --- PASS: TestParseSafeOutputsMaxPatchFiles/+Inf_ignored (0.00s)
=== RUN   TestHandlerConfigCreatePullRequestPatchLimitsOverrideGlobals
--- PASS: TestHandlerConfigCreatePullRequestPatchLimitsOverrideGlobals (0.00s)
=== RUN   TestHandlerConfigPushToPullRequestBranchPatchSizeOverridesGlobal
--- PASS: TestHandlerConfigPushToPullRequestBranchPatchSizeOverridesGlobal (0.00s)
=== RUN   TestAutoEnabledHandlers
=== RUN   TestAutoEnabledHandlers/missing_tool_auto-enabled
=== RUN   TestAutoEnabledHandlers/missing_data_auto-enabled
=== RUN   TestAutoEnabledHandlers/all_auto-enabled_handlers_together
=== RUN   TestAutoEnabledHandlers/auto-enabled_with_other_handlers
--- PASS: TestAutoEnabledHandlers (0.00s)
    --- PASS: TestAutoEnabledHandlers/missing_tool_auto-enabled (0.00s)
    --- PASS: TestAutoEnabledHandlers/missing_data_auto-enabled (0.00s)
    --- PASS: TestAutoEnabledHandlers/all_auto-enabled_handlers_together (0.00s)
    --- PASS: TestAutoEnabledHandlers/auto-enabled_with_other_handlers (0.00s)
=== RUN   TestCreatePullRequestBaseBranch
=== RUN   TestCreatePullRequestBaseBranch/custom_base_branch
=== RUN   TestCreatePullRequestBaseBranch/default_base_branch_-_no_key_in_config
=== RUN   TestCreatePullRequestBaseBranch/branch_with_slash
=== RUN   TestCreatePullRequestBaseBranch/allowed_base_branches_list
--- PASS: TestCreatePullRequestBaseBranch (0.00s)
    --- PASS: TestCreatePullRequestBaseBranch/custom_base_branch (0.00s)
    --- PASS: TestCreatePullRequestBaseBranch/default_base_branch_-_no_key_in_config (0.00s)
    --- PASS: TestCreatePullRequestBaseBranch/branch_with_slash (0.00s)
    --- PASS: TestCreatePullRequestBaseBranch/allowed_base_branches_list (0.00s)
=== RUN   TestCreatePullRequestFallbackLabels
--- PASS: TestCreatePullRequestFallbackLabels (0.00s)
=== RUN   TestHandlerConfigAssignToUser
--- PASS: TestHandlerConfigAssignToUser (0.00s)
=== RUN   TestHandlerConfigAssignToUserWithUnassignFirst
--- PASS: TestHandlerConfigAssignToUserWithUnassignFirst (0.00s)
=== RUN   TestHandlerConfigUnassignFromUser
--- PASS: TestHandlerConfigUnassignFromUser (0.00s)
=== RUN   TestHandlerConfigAssignToUserWithBlocked
--- PASS: TestHandlerConfigAssignToUserWithBlocked (0.00s)
=== RUN   TestHandlerConfigUnassignFromUserWithBlocked
--- PASS: TestHandlerConfigUnassignFromUserWithBlocked (0.00s)
=== RUN   TestHandlerConfigStagedMode
=== RUN   TestHandlerConfigStagedMode/push_to_pull_request_branch_staged
=== RUN   TestHandlerConfigStagedMode/close_pull_request_staged
=== RUN   TestHandlerConfigStagedMode/create_issue_staged
=== RUN   TestHandlerConfigStagedMode/add_comment_staged
=== RUN   TestHandlerConfigStagedMode/create_pull_request_staged
=== RUN   TestHandlerConfigStagedMode/update_issue_staged
=== RUN   TestHandlerConfigStagedMode/update_pull_request_staged
=== RUN   TestHandlerConfigStagedMode/update_discussion_staged
=== RUN   TestHandlerConfigStagedMode/add_labels_staged
=== RUN   TestHandlerConfigStagedMode/dispatch_workflow_staged
=== RUN   TestHandlerConfigStagedMode/call_workflow_staged
--- PASS: TestHandlerConfigStagedMode (0.01s)
    --- PASS: TestHandlerConfigStagedMode/push_to_pull_request_branch_staged (0.00s)
    --- PASS: TestHandlerConfigStagedMode/close_pull_request_staged (0.00s)
    --- PASS: TestHandlerConfigStagedMode/create_issue_staged (0.00s)
    --- PASS: TestHandlerConfigStagedMode/add_comment_staged (0.00s)
    --- PASS: TestHandlerConfigStagedMode/create_pull_request_staged (0.00s)
    --- PASS: TestHandlerConfigStagedMode/update_issue_staged (0.00s)
    --- PASS: TestHandlerConfigStagedMode/update_pull_request_staged (0.00s)
    --- PASS: TestHandlerConfigStagedMode/update_discussion_staged (0.00s)
    --- PASS: TestHandlerConfigStagedMode/add_labels_staged (0.00s)
    --- PASS: TestHandlerConfigStagedMode/dispatch_workflow_staged (0.00s)
    --- PASS: TestHandlerConfigStagedMode/call_workflow_staged (0.00s)
=== RUN   TestAddHandlerManagerConfigEnvVar_CallWorkflow
--- PASS: TestAddHandlerManagerConfigEnvVar_CallWorkflow (0.00s)
=== RUN   TestProtectedFilesExclude
=== RUN   TestProtectedFilesExclude/exclude_AGENTS.md_from_create-pull-request
=== RUN   TestProtectedFilesExclude/exclude_multiple_files
=== RUN   TestProtectedFilesExclude/empty_exclude_list_leaves_defaults_intact
--- PASS: TestProtectedFilesExclude (0.00s)
    --- PASS: TestProtectedFilesExclude/exclude_AGENTS.md_from_create-pull-request (0.00s)
    --- PASS: TestProtectedFilesExclude/exclude_multiple_files (0.00s)
    --- PASS: TestProtectedFilesExclude/empty_exclude_list_leaves_defaults_intact (0.00s)
=== RUN   TestProtectedFilesExcludePushToPRBranch
--- PASS: TestProtectedFilesExcludePushToPRBranch (0.00s)
=== RUN   TestGetDotFolderExcludes
=== RUN   TestGetDotFolderExcludes/empty_input_returns_nil
=== RUN   TestGetDotFolderExcludes/no_dot-folder_entries
=== RUN   TestGetDotFolderExcludes/single_dot-folder_prefix
=== RUN   TestGetDotFolderExcludes/mixed_files_and_dot-folder_prefixes
=== RUN   TestGetDotFolderExcludes/dot-file_without_trailing_slash_is_not_a_dot-folder
=== RUN   TestGetDotFolderExcludes/dot_alone_is_not_a_valid_dot-folder
--- PASS: TestGetDotFolderExcludes (0.00s)
    --- PASS: TestGetDotFolderExcludes/empty_input_returns_nil (0.00s)
    --- PASS: TestGetDotFolderExcludes/no_dot-folder_entries (0.00s)
    --- PASS: TestGetDotFolderExcludes/single_dot-folder_prefix (0.00s)
    --- PASS: TestGetDotFolderExcludes/mixed_files_and_dot-folder_prefixes (0.00s)
    --- PASS: TestGetDotFolderExcludes/dot-file_without_trailing_slash_is_not_a_dot-folder (0.00s)
    --- PASS: TestGetDotFolderExcludes/dot_alone_is_not_a_valid_dot-folder (0.00s)
=== RUN   TestProtectTopLevelDotFolders
--- PASS: TestProtectTopLevelDotFolders (0.00s)
=== RUN   TestInjectCheckoutMappingForWildcardTargetRepo
=== RUN   TestInjectCheckoutMappingForWildcardTargetRepo/injects_mapping_when_target-repo_is_wildcard
=== RUN   TestInjectCheckoutMappingForWildcardTargetRepo/skips_when_target-repo_is_not_wildcard
=== RUN   TestInjectCheckoutMappingForWildcardTargetRepo/skips_wiki_checkouts
=== RUN   TestInjectCheckoutMappingForWildcardTargetRepo/skips_unrelated_handlers
--- PASS: TestInjectCheckoutMappingForWildcardTargetRepo (0.00s)
    --- PASS: TestInjectCheckoutMappingForWildcardTargetRepo/injects_mapping_when_target-repo_is_wildcard (0.00s)
    --- PASS: TestInjectCheckoutMappingForWildcardTargetRepo/skips_when_target-repo_is_not_wildcard (0.00s)
    --- PASS: TestInjectCheckoutMappingForWildcardTargetRepo/skips_wiki_checkouts (0.00s)
    --- PASS: TestInjectCheckoutMappingForWildcardTargetRepo/skips_unrelated_handlers (0.00s)
=== RUN   TestHandlerConfigInjectsCurrentCheckoutPatchWorkspacePath
--- PASS: TestHandlerConfigInjectsCurrentCheckoutPatchWorkspacePath (0.00s)
=== RUN   TestProtectTopLevelMdFiles
--- PASS: TestProtectTopLevelMdFiles (0.00s)
=== RUN   TestProtectedDotFolderExcludes
--- PASS: TestProtectedDotFolderExcludes (0.00s)
=== RUN   TestNoProtectedDotFolderExcludesWhenNoneDotFolderExcluded
--- PASS: TestNoProtectedDotFolderExcludesWhenNoneDotFolderExcluded (0.00s)
=== RUN   TestCreateReportIncompleteIssueTemplatableBool
=== RUN   TestCreateReportIncompleteIssueTemplatableBool/create-issue_nil_(default)_includes_handler
=== RUN   TestCreateReportIncompleteIssueTemplatableBool/create-issue_true_includes_handler_without_create-issue_field
=== RUN   TestCreateReportIncompleteIssueTemplatableBool/create-issue_false_excludes_handler
=== RUN   TestCreateReportIncompleteIssueTemplatableBool/create-issue_expression_includes_handler_with_create-issue_expression_field
--- PASS: TestCreateReportIncompleteIssueTemplatableBool (0.00s)
    --- PASS: TestCreateReportIncompleteIssueTemplatableBool/create-issue_nil_(default)_includes_handler (0.00s)
    --- PASS: TestCreateReportIncompleteIssueTemplatableBool/create-issue_true_includes_handler_without_create-issue_field (0.00s)
    --- PASS: TestCreateReportIncompleteIssueTemplatableBool/create-issue_false_excludes_handler (0.00s)
    --- PASS: TestCreateReportIncompleteIssueTemplatableBool/create-issue_expression_includes_handler_with_create-issue_expression_field (0.00s)
=== RUN   TestPRPolicyFieldsExpressionsPassThrough
=== PAUSE TestPRPolicyFieldsExpressionsPassThrough
=== RUN   TestCreatePullRequestProtectedFilesPolicyDefault
=== PAUSE TestCreatePullRequestProtectedFilesPolicyDefault
=== RUN   TestDispatchWorkflowRelayInjectsDispatchCompatibleRef
--- PASS: TestDispatchWorkflowRelayInjectsDispatchCompatibleRef (0.00s)
=== RUN   TestReportFailureAsIssueWithCategoriesFilter
=== RUN   TestReportFailureAsIssueWithCategoriesFilter/boolean_true
=== RUN   TestReportFailureAsIssueWithCategoriesFilter/boolean_false
=== RUN   TestReportFailureAsIssueWithCategoriesFilter/array_of_categories
=== RUN   TestReportFailureAsIssueWithCategoriesFilter/array_with_one_category
=== RUN   TestReportFailureAsIssueWithCategoriesFilter/array_with_excluded_categories
=== RUN   TestReportFailureAsIssueWithCategoriesFilter/array_with_mixed_include_and_exclude_categories
--- PASS: TestReportFailureAsIssueWithCategoriesFilter (0.01s)
    --- PASS: TestReportFailureAsIssueWithCategoriesFilter/boolean_true (0.00s)
    --- PASS: TestReportFailureAsIssueWithCategoriesFilter/boolean_false (0.00s)
    --- PASS: TestReportFailureAsIssueWithCategoriesFilter/array_of_categories (0.00s)
    --- PASS: TestReportFailureAsIssueWithCategoriesFilter/array_with_one_category (0.00s)
    --- PASS: TestReportFailureAsIssueWithCategoriesFilter/array_with_excluded_categories (0.00s)
    --- PASS: TestReportFailureAsIssueWithCategoriesFilter/array_with_mixed_include_and_exclude_categories (0.00s)
=== RUN   TestCopilotAssignmentEnvVarIsSet
--- PASS: TestCopilotAssignmentEnvVarIsSet (0.00s)
=== RUN   TestCopilotAssignmentEnvVarNotSetWithoutCopilot
--- PASS: TestCopilotAssignmentEnvVarNotSetWithoutCopilot (0.00s)
=== RUN   TestCopilotAssignmentEnvVarWithMixedAssignees
--- PASS: TestCopilotAssignmentEnvVarWithMixedAssignees (0.00s)
=== RUN   TestCopilotAssignmentEnvVarWithNilAssignees
--- PASS: TestCopilotAssignmentEnvVarWithNilAssignees (0.00s)
=== RUN   TestCopilotAssignmentEnvVarWithEmptyAssignees
--- PASS: TestCopilotAssignmentEnvVarWithEmptyAssignees (0.00s)
=== RUN   TestCopilotAssignmentEnvVarSetForCreatePullRequestWithCopilotAssignee
--- PASS: TestCopilotAssignmentEnvVarSetForCreatePullRequestWithCopilotAssignee (0.00s)
=== RUN   TestCopilotAssignmentEnvVarNotSetForCreatePullRequestWithoutCopilotAssignee
--- PASS: TestCopilotAssignmentEnvVarNotSetForCreatePullRequestWithoutCopilotAssignee (0.00s)
=== RUN   TestAddAllSafeOutputConfigEnvVars
=== RUN   TestAddAllSafeOutputConfigEnvVars/create_issues_with_staged_flag
=== RUN   TestAddAllSafeOutputConfigEnvVars/create_issues_without_staged_flag
=== RUN   TestAddAllSafeOutputConfigEnvVars/add_comments_with_staged_flag
=== RUN   TestAddAllSafeOutputConfigEnvVars/add_labels_with_staged_flag
=== RUN   TestAddAllSafeOutputConfigEnvVars/update_issues_with_staged_flag
=== RUN   TestAddAllSafeOutputConfigEnvVars/update_discussions_with_staged_flag
=== RUN   TestAddAllSafeOutputConfigEnvVars/create_pull_requests_with_staged_flag
=== RUN   TestAddAllSafeOutputConfigEnvVars/multiple_types_only_add_staged_flag_once
=== RUN   TestAddAllSafeOutputConfigEnvVars/trial_mode_does_not_add_staged_flag
=== RUN   TestAddAllSafeOutputConfigEnvVars/target-repo_specified_still_adds_staged_flag
--- PASS: TestAddAllSafeOutputConfigEnvVars (0.01s)
    --- PASS: TestAddAllSafeOutputConfigEnvVars/create_issues_with_staged_flag (0.00s)
    --- PASS: TestAddAllSafeOutputConfigEnvVars/create_issues_without_staged_flag (0.00s)
    --- PASS: TestAddAllSafeOutputConfigEnvVars/add_comments_with_staged_flag (0.00s)
    --- PASS: TestAddAllSafeOutputConfigEnvVars/add_labels_with_staged_flag (0.00s)
    --- PASS: TestAddAllSafeOutputConfigEnvVars/update_issues_with_staged_flag (0.00s)
    --- PASS: TestAddAllSafeOutputConfigEnvVars/update_discussions_with_staged_flag (0.00s)
    --- PASS: TestAddAllSafeOutputConfigEnvVars/create_pull_requests_with_staged_flag (0.00s)
    --- PASS: TestAddAllSafeOutputConfigEnvVars/multiple_types_only_add_staged_flag_once (0.00s)
    --- PASS: TestAddAllSafeOutputConfigEnvVars/trial_mode_does_not_add_staged_flag (0.00s)
    --- PASS: TestAddAllSafeOutputConfigEnvVars/target-repo_specified_still_adds_staged_flag (0.00s)
=== RUN   TestStagedFlagOnlyAddedOnce
--- PASS: TestStagedFlagOnlyAddedOnce (0.00s)
=== RUN   TestNoEnvVarsWhenNoSafeOutputs
--- PASS: TestNoEnvVarsWhenNoSafeOutputs (0.00s)
=== RUN   TestStagedFlagWithTargetRepo
=== RUN   TestStagedFlagWithTargetRepo/no_target-repo
=== RUN   TestStagedFlagWithTargetRepo/with_target-repo
--- PASS: TestStagedFlagWithTargetRepo (0.00s)
    --- PASS: TestStagedFlagWithTargetRepo/no_target-repo (0.00s)
    --- PASS: TestStagedFlagWithTargetRepo/with_target-repo (0.00s)
=== RUN   TestTrialModeOverridesStagedFlag
--- PASS: TestTrialModeOverridesStagedFlag (0.00s)
=== RUN   TestEnvVarsWithMultipleSafeOutputTypes
--- PASS: TestEnvVarsWithMultipleSafeOutputTypes (0.00s)
=== RUN   TestEnvVarsWithNoStagedConfig
--- PASS: TestEnvVarsWithNoStagedConfig (0.00s)
=== RUN   TestEnvVarFormatting
--- PASS: TestEnvVarFormatting (0.00s)
=== RUN   TestStagedFlagPrecedence
=== RUN   TestStagedFlagPrecedence/staged_true,_no_trial,_no_target-repo
=== RUN   TestStagedFlagPrecedence/staged_true,_trial_mode
=== RUN   TestStagedFlagPrecedence/staged_true,_target-repo_set
=== RUN   TestStagedFlagPrecedence/staged_false
=== RUN   TestStagedFlagPrecedence/staged_true,_trial_mode_and_target-repo
--- PASS: TestStagedFlagPrecedence (0.01s)
    --- PASS: TestStagedFlagPrecedence/staged_true,_no_trial,_no_target-repo (0.00s)
    --- PASS: TestStagedFlagPrecedence/staged_true,_trial_mode (0.00s)
    --- PASS: TestStagedFlagPrecedence/staged_true,_target-repo_set (0.00s)
    --- PASS: TestStagedFlagPrecedence/staged_false (0.00s)
    --- PASS: TestStagedFlagPrecedence/staged_true,_trial_mode_and_target-repo (0.00s)
=== RUN   TestAddCommentsTargetRepoStagedBehavior
--- PASS: TestAddCommentsTargetRepoStagedBehavior (0.00s)
=== RUN   TestAddLabelsTargetRepoStagedBehavior
--- PASS: TestAddLabelsTargetRepoStagedBehavior (0.00s)
=== RUN   TestStagedFlagForAllHandlerTypes
=== RUN   TestStagedFlagForAllHandlerTypes/CreatePullRequests
=== RUN   TestStagedFlagForAllHandlerTypes/HideComment
=== RUN   TestStagedFlagForAllHandlerTypes/DispatchRepository
=== RUN   TestStagedFlagForAllHandlerTypes/CallWorkflow
=== RUN   TestStagedFlagForAllHandlerTypes/SetIssueType
=== RUN   TestStagedFlagForAllHandlerTypes/NoOp
=== RUN   TestStagedFlagForAllHandlerTypes/CreateIssues
=== RUN   TestStagedFlagForAllHandlerTypes/CreatePullRequestReviewComments
=== RUN   TestStagedFlagForAllHandlerTypes/ReplyToPullRequestReviewComment
=== RUN   TestStagedFlagForAllHandlerTypes/UpdateIssues
=== RUN   TestStagedFlagForAllHandlerTypes/UpdatePullRequests
=== RUN   TestStagedFlagForAllHandlerTypes/UploadArtifact
=== RUN   TestStagedFlagForAllHandlerTypes/CreateAgentSessions
=== RUN   TestStagedFlagForAllHandlerTypes/AddReviewer
=== RUN   TestStagedFlagForAllHandlerTypes/ResolvePullRequestReviewThread
=== RUN   TestStagedFlagForAllHandlerTypes/AssignMilestone
=== RUN   TestStagedFlagForAllHandlerTypes/AssignToAgent
=== RUN   TestStagedFlagForAllHandlerTypes/UpdateRelease
=== RUN   TestStagedFlagForAllHandlerTypes/MissingData
=== RUN   TestStagedFlagForAllHandlerTypes/CloseDiscussions
=== RUN   TestStagedFlagForAllHandlerTypes/AutofixCodeScanningAlert
=== RUN   TestStagedFlagForAllHandlerTypes/CreateCheckRun
=== RUN   TestStagedFlagForAllHandlerTypes/RemoveLabels
=== RUN   TestStagedFlagForAllHandlerTypes/UnassignFromUser
=== RUN   TestStagedFlagForAllHandlerTypes/UploadAssets
=== RUN   TestStagedFlagForAllHandlerTypes/CreateProjectStatusUpdates
=== RUN   TestStagedFlagForAllHandlerTypes/CloseIssues
=== RUN   TestStagedFlagForAllHandlerTypes/ClosePullRequests
=== RUN   TestStagedFlagForAllHandlerTypes/MarkPullRequestAsReadyForReview
=== RUN   TestStagedFlagForAllHandlerTypes/ReplaceLabel
=== RUN   TestStagedFlagForAllHandlerTypes/PushToPullRequestBranch
=== RUN   TestStagedFlagForAllHandlerTypes/UpdateProjects
=== RUN   TestStagedFlagForAllHandlerTypes/DispatchWorkflow
=== RUN   TestStagedFlagForAllHandlerTypes/MissingTool
=== RUN   TestStagedFlagForAllHandlerTypes/UpdateDiscussions
=== RUN   TestStagedFlagForAllHandlerTypes/SubmitPullRequestReview
=== RUN   TestStagedFlagForAllHandlerTypes/CreateCodeScanningAlerts
=== RUN   TestStagedFlagForAllHandlerTypes/AddLabels
=== RUN   TestStagedFlagForAllHandlerTypes/CreateProjects
=== RUN   TestStagedFlagForAllHandlerTypes/LinkSubIssue
=== RUN   TestStagedFlagForAllHandlerTypes/SetIssueField
=== RUN   TestStagedFlagForAllHandlerTypes/CreateDiscussions
=== RUN   TestStagedFlagForAllHandlerTypes/AddComments
=== RUN   TestStagedFlagForAllHandlerTypes/AssignToUser
=== RUN   TestStagedFlagForAllHandlerTypes/MergePullRequest
=== RUN   TestStagedFlagForAllHandlerTypes/no_handlers_configured
--- PASS: TestStagedFlagForAllHandlerTypes (0.04s)
    --- PASS: TestStagedFlagForAllHandlerTypes/CreatePullRequests (0.00s)
    --- PASS: TestStagedFlagForAllHandlerTypes/HideComment (0.00s)
    --- PASS: TestStagedFlagForAllHandlerTypes/DispatchRepository (0.00s)
    --- PASS: TestStagedFlagForAllHandlerTypes/CallWorkflow (0.00s)
    --- PASS: TestStagedFlagForAllHandlerTypes/SetIssueType (0.00s)
    --- PASS: TestStagedFlagForAllHandlerTypes/NoOp (0.00s)
    --- PASS: TestStagedFlagForAllHandlerTypes/CreateIssues (0.00s)
    --- PASS: TestStagedFlagForAllHandlerTypes/CreatePullRequestReviewComments (0.00s)
    --- PASS: TestStagedFlagForAllHandlerTypes/ReplyToPullRequestReviewComment (0.00s)
    --- PASS: TestStagedFlagForAllHandlerTypes/UpdateIssues (0.00s)
    --- PASS: TestStagedFlagForAllHandlerTypes/UpdatePullRequests (0.00s)
    --- PASS: TestStagedFlagForAllHandlerTypes/UploadArtifact (0.00s)
    --- PASS: TestStagedFlagForAllHandlerTypes/CreateAgentSessions (0.00s)
    --- PASS: TestStagedFlagForAllHandlerTypes/AddReviewer (0.00s)
    --- PASS: TestStagedFlagForAllHandlerTypes/ResolvePullRequestReviewThread (0.00s)
    --- PASS: TestStagedFlagForAllHandlerTypes/AssignMilestone (0.00s)
    --- PASS: TestStagedFlagForAllHandlerTypes/AssignToAgent (0.00s)
    --- PASS: TestStagedFlagForAllHandlerTypes/UpdateRelease (0.00s)
    --- PASS: TestStagedFlagForAllHandlerTypes/MissingData (0.00s)
    --- PASS: TestStagedFlagForAllHandlerTypes/CloseDiscussions (0.00s)
    --- PASS: TestStagedFlagForAllHandlerTypes/AutofixCodeScanningAlert (0.00s)
    --- PASS: TestStagedFlagForAllHandlerTypes/CreateCheckRun (0.00s)
    --- PASS: TestStagedFlagForAllHandlerTypes/RemoveLabels (0.00s)
    --- PASS: TestStagedFlagForAllHandlerTypes/UnassignFromUser (0.00s)
    --- PASS: TestStagedFlagForAllHandlerTypes/UploadAssets (0.00s)
    --- PASS: TestStagedFlagForAllHandlerTypes/CreateProjectStatusUpdates (0.00s)
    --- PASS: TestStagedFlagForAllHandlerTypes/CloseIssues (0.00s)
    --- PASS: TestStagedFlagForAllHandlerTypes/ClosePullRequests (0.00s)
    --- PASS: TestStagedFlagForAllHandlerTypes/MarkPullRequestAsReadyForReview (0.00s)
    --- PASS: TestStagedFlagForAllHandlerTypes/ReplaceLabel (0.00s)
    --- PASS: TestStagedFlagForAllHandlerTypes/PushToPullRequestBranch (0.00s)
    --- PASS: TestStagedFlagForAllHandlerTypes/UpdateProjects (0.00s)
    --- PASS: TestStagedFlagForAllHandlerTypes/DispatchWorkflow (0.00s)
    --- PASS: TestStagedFlagForAllHandlerTypes/MissingTool (0.00s)
    --- PASS: TestStagedFlagForAllHandlerTypes/UpdateDiscussions (0.00s)
    --- PASS: TestStagedFlagForAllHandlerTypes/SubmitPullRequestReview (0.00s)
    --- PASS: TestStagedFlagForAllHandlerTypes/CreateCodeScanningAlerts (0.00s)
    --- PASS: TestStagedFlagForAllHandlerTypes/AddLabels (0.00s)
    --- PASS: TestStagedFlagForAllHandlerTypes/CreateProjects (0.00s)
    --- PASS: TestStagedFlagForAllHandlerTypes/LinkSubIssue (0.00s)
    --- PASS: TestStagedFlagForAllHandlerTypes/SetIssueField (0.00s)
    --- PASS: TestStagedFlagForAllHandlerTypes/CreateDiscussions (0.00s)
    --- PASS: TestStagedFlagForAllHandlerTypes/AddComments (0.00s)
    --- PASS: TestStagedFlagForAllHandlerTypes/AssignToUser (0.00s)
    --- PASS: TestStagedFlagForAllHandlerTypes/MergePullRequest (0.00s)
    --- PASS: TestStagedFlagForAllHandlerTypes/no_handlers_configured (0.00s)
=== RUN   TestBuildConsolidatedSafeOutputsJob
=== RUN   TestBuildConsolidatedSafeOutputsJob/no_safe_outputs_configured
=== RUN   TestBuildConsolidatedSafeOutputsJob/create_issues_only
=== RUN   TestBuildConsolidatedSafeOutputsJob/add_comments_only
=== RUN   TestBuildConsolidatedSafeOutputsJob/set_issue_field_only
=== RUN   TestBuildConsolidatedSafeOutputsJob/create_pull_requests_with_patch
=== RUN   TestBuildConsolidatedSafeOutputsJob/multiple_safe_output_types
=== RUN   TestBuildConsolidatedSafeOutputsJob/with_threat_detection_enabled
=== RUN   TestBuildConsolidatedSafeOutputsJob/with_GitHub_App_token
--- PASS: TestBuildConsolidatedSafeOutputsJob (0.02s)
    --- PASS: TestBuildConsolidatedSafeOutputsJob/no_safe_outputs_configured (0.00s)
    --- PASS: TestBuildConsolidatedSafeOutputsJob/create_issues_only (0.00s)
    --- PASS: TestBuildConsolidatedSafeOutputsJob/add_comments_only (0.00s)
    --- PASS: TestBuildConsolidatedSafeOutputsJob/set_issue_field_only (0.00s)
    --- PASS: TestBuildConsolidatedSafeOutputsJob/create_pull_requests_with_patch (0.00s)
    --- PASS: TestBuildConsolidatedSafeOutputsJob/multiple_safe_output_types (0.00s)
    --- PASS: TestBuildConsolidatedSafeOutputsJob/with_threat_detection_enabled (0.00s)
    --- PASS: TestBuildConsolidatedSafeOutputsJob/with_GitHub_App_token (0.00s)
=== RUN   TestBuildConsolidatedSafeOutputsJobConcurrencyGroup
=== RUN   TestBuildConsolidatedSafeOutputsJobConcurrencyGroup/no_concurrency_group
=== RUN   TestBuildConsolidatedSafeOutputsJobConcurrencyGroup/simple_concurrency_group
=== RUN   TestBuildConsolidatedSafeOutputsJobConcurrencyGroup/concurrency_group_with_expression
--- PASS: TestBuildConsolidatedSafeOutputsJobConcurrencyGroup (0.00s)
    --- PASS: TestBuildConsolidatedSafeOutputsJobConcurrencyGroup/no_concurrency_group (0.00s)
    --- PASS: TestBuildConsolidatedSafeOutputsJobConcurrencyGroup/simple_concurrency_group (0.00s)
    --- PASS: TestBuildConsolidatedSafeOutputsJobConcurrencyGroup/concurrency_group_with_expression (0.00s)
=== RUN   TestBuildConsolidatedSafeOutputsJobNeedsIncludesConfiguredDependencies
--- PASS: TestBuildConsolidatedSafeOutputsJobNeedsIncludesConfiguredDependencies (0.00s)
=== RUN   TestBuildConsolidatedSafeOutputsJobTimeoutMinutes
=== RUN   TestBuildConsolidatedSafeOutputsJobTimeoutMinutes/default_timeout_(0_=_unset)_falls_back_to_45_minutes
=== RUN   TestBuildConsolidatedSafeOutputsJobTimeoutMinutes/custom_timeout_of_30_minutes
=== RUN   TestBuildConsolidatedSafeOutputsJobTimeoutMinutes/custom_timeout_of_120_minutes
--- PASS: TestBuildConsolidatedSafeOutputsJobTimeoutMinutes (0.01s)
    --- PASS: TestBuildConsolidatedSafeOutputsJobTimeoutMinutes/default_timeout_(0_=_unset)_falls_back_to_45_minutes (0.00s)
    --- PASS: TestBuildConsolidatedSafeOutputsJobTimeoutMinutes/custom_timeout_of_30_minutes (0.00s)
    --- PASS: TestBuildConsolidatedSafeOutputsJobTimeoutMinutes/custom_timeout_of_120_minutes (0.00s)
=== RUN   TestCompileSafeOutputsNeedsForCustomCredentialJob
/tmp/TestCompileSafeOutputsNeedsForCustomCredentialJob2374358413/001/safe-needs.md: info: Tip: set permissions.copilot-requests: write to use GitHub Actions token-based inference with the Copilot engine instead of a personal access token (COPILOT_GITHUB_TOKEN). This option requires that your organization has centralized Copilot billing enabled and may not be available in all organizations — see https://github.github.com/gh-aw/reference/billing/ for details.

✓ /tmp/TestCompileSafeOutputsNeedsForCustomCredentialJob2374358413/001/safe-needs.md (100.1 KB)
--- PASS: TestCompileSafeOutputsNeedsForCustomCredentialJob (0.04s)
=== RUN   TestCompileSafeOutputsTimeoutMinutesFromFrontmatter
=== RUN   TestCompileSafeOutputsTimeoutMinutesFromFrontmatter/default_timeout_is_45_minutes
/tmp/TestCompileSafeOutputsTimeoutMinutesFromFrontmatterdefault_time3494246497/001/safe-timeout.md: info: Tip: set permissions.copilot-requests: write to use GitHub Actions token-based inference with the Copilot engine instead of a personal access token (COPILOT_GITHUB_TOKEN). This option requires that your organization has centralized Copilot billing enabled and may not be available in all organizations — see https://github.github.com/gh-aw/reference/billing/ for details.

✓ /tmp/TestCompileSafeOutputsTimeoutMinutesFromFrontmatterdefault_time3494246497/001/safe-timeout.md (97.3 KB)
=== RUN   TestCompileSafeOutputsTimeoutMinutesFromFrontmatter/custom_timeout_of_30_minutes_from_frontmatter
/tmp/TestCompileSafeOutputsTimeoutMinutesFromFrontmattercustom_timeo2174595295/001/safe-timeout.md: info: Tip: set permissions.copilot-requests: write to use GitHub Actions token-based inference with the Copilot engine instead of a personal access token (COPILOT_GITHUB_TOKEN). This option requires that your organization has centralized Copilot billing enabled and may not be available in all organizations — see https://github.github.com/gh-aw/reference/billing/ for details.

✓ /tmp/TestCompileSafeOutputsTimeoutMinutesFromFrontmattercustom_timeo2174595295/001/safe-timeout.md (97.3 KB)
=== RUN   TestCompileSafeOutputsTimeoutMinutesFromFrontmatter/custom_timeout_of_120_minutes_from_frontmatter
/tmp/TestCompileSafeOutputsTimeoutMinutesFromFrontmattercustom_timeo1280070568/001/safe-timeout.md: info: Tip: set permissions.copilot-requests: write to use GitHub Actions token-based inference with the Copilot engine instead of a personal access token (COPILOT_GITHUB_TOKEN). This option requires that your organization has centralized Copilot billing enabled and may not be available in all organizations — see https://github.github.com/gh-aw/reference/billing/ for details.

✓ /tmp/TestCompileSafeOutputsTimeoutMinutesFromFrontmattercustom_timeo1280070568/001/safe-timeout.md (97.3 KB)
--- PASS: TestCompileSafeOutputsTimeoutMinutesFromFrontmatter (0.04s)
    --- PASS: TestCompileSafeOutputsTimeoutMinutesFromFrontmatter/default_timeout_is_45_minutes (0.01s)
    --- PASS: TestCompileSafeOutputsTimeoutMinutesFromFrontmatter/custom_timeout_of_30_minutes_from_frontmatter (0.01s)
    --- PASS: TestCompileSafeOutputsTimeoutMinutesFromFrontmatter/custom_timeout_of_120_minutes_from_frontmatter (0.01s)
=== RUN   TestBuildJobLevelSafeOutputEnvVars
=== RUN   TestBuildJobLevelSafeOutputEnvVars/basic_env_vars
=== RUN   TestBuildJobLevelSafeOutputEnvVars/with_source_metadata
=== RUN   TestBuildJobLevelSafeOutputEnvVars/with_tracker_ID
=== RUN   TestBuildJobLevelSafeOutputEnvVars/with_engine_config
=== RUN   TestBuildJobLevelSafeOutputEnvVars/staged_mode
=== RUN   TestBuildJobLevelSafeOutputEnvVars/trial_mode_with_target_repo
=== RUN   TestBuildJobLevelSafeOutputEnvVars/with_messages_config
=== RUN   TestBuildJobLevelSafeOutputEnvVars/with_slash_command_and_placeholder
--- PASS: TestBuildJobLevelSafeOutputEnvVars (0.01s)
    --- PASS: TestBuildJobLevelSafeOutputEnvVars/basic_env_vars (0.00s)
    --- PASS: TestBuildJobLevelSafeOutputEnvVars/with_source_metadata (0.00s)
    --- PASS: TestBuildJobLevelSafeOutputEnvVars/with_tracker_ID (0.00s)
    --- PASS: TestBuildJobLevelSafeOutputEnvVars/with_engine_config (0.00s)
    --- PASS: TestBuildJobLevelSafeOutputEnvVars/staged_mode (0.00s)
    --- PASS: TestBuildJobLevelSafeOutputEnvVars/trial_mode_with_target_repo (0.00s)
    --- PASS: TestBuildJobLevelSafeOutputEnvVars/with_messages_config (0.00s)
    --- PASS: TestBuildJobLevelSafeOutputEnvVars/with_slash_command_and_placeholder (0.00s)
=== RUN   TestBuildJobLevelSafeOutputEnvVarsIncludesCompiledProjectUTC
--- PASS: TestBuildJobLevelSafeOutputEnvVarsIncludesCompiledProjectUTC (0.00s)
=== RUN   TestBuildDetectionSuccessCondition
--- PASS: TestBuildDetectionSuccessCondition (0.00s)
=== RUN   TestJobConditionWithThreatDetection
--- PASS: TestJobConditionWithThreatDetection (0.00s)
=== RUN   TestJobWithGitHubApp
--- PASS: TestJobWithGitHubApp (0.00s)
=== RUN   TestAssignToAgentWithGitHubAppUsesAgentToken
--- PASS: TestAssignToAgentWithGitHubAppUsesAgentToken (0.00s)
=== RUN   TestAssignToAgentWithGitHubAppAndExplicitToken
--- PASS: TestAssignToAgentWithGitHubAppAndExplicitToken (0.00s)
=== RUN   TestJobOutputs
--- PASS: TestJobOutputs (0.00s)
=== RUN   TestJobDependencies
=== RUN   TestJobDependencies/basic_safe_outputs
=== RUN   TestJobDependencies/with_threat_detection
=== RUN   TestJobDependencies/with_create_pull_request
=== RUN   TestJobDependencies/with_push_to_PR_branch
--- PASS: TestJobDependencies (0.01s)
    --- PASS: TestJobDependencies/basic_safe_outputs (0.00s)
    --- PASS: TestJobDependencies/with_threat_detection (0.00s)
    --- PASS: TestJobDependencies/with_create_pull_request (0.00s)
    --- PASS: TestJobDependencies/with_push_to_PR_branch (0.00s)
=== RUN   TestGitHubAppWithPushToPRBranch
--- PASS: TestGitHubAppWithPushToPRBranch (0.00s)
=== RUN   TestBuildSafeOutputJobPreStepsRunBeforeGitHubAppToken
--- PASS: TestBuildSafeOutputJobPreStepsRunBeforeGitHubAppToken (0.00s)
=== RUN   TestGitHubAppTokenStepWithOTLPHeaders
--- PASS: TestGitHubAppTokenStepWithOTLPHeaders (0.00s)
=== RUN   TestGitHubAppTokenStepWithOTLPAttributes
--- PASS: TestGitHubAppTokenStepWithOTLPAttributes (0.00s)
=== RUN   TestGitHubAppTokenStepWithOTLPHeadersAndAttributes
--- PASS: TestGitHubAppTokenStepWithOTLPHeadersAndAttributes (0.00s)
=== RUN   TestJobWithGitHubAppWorkflowCallUsesTargetRepoNameFallback
--- PASS: TestJobWithGitHubAppWorkflowCallUsesTargetRepoNameFallback (0.00s)
=== RUN   TestConclusionJobWithGitHubAppWorkflowCallUsesTargetRepoNameFallback
--- PASS: TestConclusionJobWithGitHubAppWorkflowCallUsesTargetRepoNameFallback (0.00s)
=== RUN   TestCallWorkflowOnly_UsesHandlerManagerStep
--- PASS: TestCallWorkflowOnly_UsesHandlerManagerStep (0.00s)
=== RUN   TestCreateCodeScanningAlertUploadJob
=== RUN   TestCreateCodeScanningAlertUploadJob/default_config_creates_separate_upload_job_with_static_token_computed_directly
=== RUN   TestCreateCodeScanningAlertUploadJob/custom_per-config_github-token_is_used_in_upload_step_token
=== RUN   TestCreateCodeScanningAlertUploadJob/safe-outputs-level_github-token_is_used_in_upload_step_token
=== RUN   TestCreateCodeScanningAlertUploadJob/checkout_with_github-app_mints_a_fresh_app_token_in_the_upload_job
=== RUN   TestCreateCodeScanningAlertUploadJob/checkout_with_github-token_PAT_uses_that_PAT_directly_in_upload_job
=== RUN   TestCreateCodeScanningAlertUploadJob/staged_mode_does_not_create_upload_job
--- PASS: TestCreateCodeScanningAlertUploadJob (0.01s)
    --- PASS: TestCreateCodeScanningAlertUploadJob/default_config_creates_separate_upload_job_with_static_token_computed_directly (0.00s)
    --- PASS: TestCreateCodeScanningAlertUploadJob/custom_per-config_github-token_is_used_in_upload_step_token (0.00s)
    --- PASS: TestCreateCodeScanningAlertUploadJob/safe-outputs-level_github-token_is_used_in_upload_step_token (0.00s)
    --- PASS: TestCreateCodeScanningAlertUploadJob/checkout_with_github-app_mints_a_fresh_app_token_in_the_upload_job (0.00s)
    --- PASS: TestCreateCodeScanningAlertUploadJob/checkout_with_github-token_PAT_uses_that_PAT_directly_in_upload_job (0.00s)
    --- PASS: TestCreateCodeScanningAlertUploadJob/staged_mode_does_not_create_upload_job (0.00s)
=== RUN   TestCreatePullRequestExpiresWithPushToPRBranch
=== RUN   TestCreatePullRequestExpiresWithPushToPRBranch/with_reviewers_field_(reproduces_bug_from_issue_#13285)
/tmp/gh-aw-test-runs/20260704-173215-1254793/test-pr-expires-338250106/test-workflow.md: info: Tip: set permissions.copilot-requests: write to use GitHub Actions token-based inference with the Copilot engine instead of a personal access token (COPILOT_GITHUB_TOKEN). This option requires that your organization has centralized Copilot billing enabled and may not be available in all organizations — see https://github.github.com/gh-aw/reference/billing/ for details.

✓ /tmp/gh-aw-test-runs/20260704-173215-1254793/test-pr-expires-338250106/test-workflow.md (106.2 KB)
=== RUN   TestCreatePullRequestExpiresWithPushToPRBranch/without_reviewers_field_(baseline_-_should_work)
/tmp/gh-aw-test-runs/20260704-173215-1254793/test-pr-expires-1514044519/test-workflow.md: info: Tip: set permissions.copilot-requests: write to use GitHub Actions token-based inference with the Copilot engine instead of a personal access token (COPILOT_GITHUB_TOKEN). This option requires that your organization has centralized Copilot billing enabled and may not be available in all organizations — see https://github.github.com/gh-aw/reference/billing/ for details.

✓ /tmp/gh-aw-test-runs/20260704-173215-1254793/test-pr-expires-1514044519/test-workflow.md (106.1 KB)
--- PASS: TestCreatePullRequestExpiresWithPushToPRBranch (0.04s)
    --- PASS: TestCreatePullRequestExpiresWithPushToPRBranch/with_reviewers_field_(reproduces_bug_from_issue_#13285) (0.02s)
    --- PASS: TestCreatePullRequestExpiresWithPushToPRBranch/without_reviewers_field_(baseline_-_should_work) (0.01s)
=== RUN   TestBuildSharedPRCheckoutSteps
=== RUN   TestBuildSharedPRCheckoutSteps/create_pull_request_only_mirrors_agent_default_checkout
=== RUN   TestBuildSharedPRCheckoutSteps/uses_custom_default_checkout_fetch-depth
=== RUN   TestBuildSharedPRCheckoutSteps/default_checkout_with_GitHub_App_token_mints_checkout_app_token
=== RUN   TestBuildSharedPRCheckoutSteps/trial_mode_with_target_repo
=== RUN   TestBuildSharedPRCheckoutSteps/create-pr_per-config_github-token_flows_into_git_credentials
=== RUN   TestBuildSharedPRCheckoutSteps/safe-outputs_github-token_flows_into_git_credentials
=== RUN   TestBuildSharedPRCheckoutSteps/push-to-pull-request-branch_per-config_token_flows_into_git_credentials
=== RUN   TestBuildSharedPRCheckoutSteps/both_operations_with_create-pr_token_takes_precedence
=== RUN   TestBuildSharedPRCheckoutSteps/default_checkout_config_ref_is_honored
=== RUN   TestBuildSharedPRCheckoutSteps/cross-repo_checkout_into_subdirectory_mirrors_agent_layout
=== RUN   TestBuildSharedPRCheckoutSteps/two_cross-repo_checkouts_check_out_both_at_their_paths
=== RUN   TestBuildSharedPRCheckoutSteps/subdirectory_cross-repo_sparse_checkout_mirrors_agent_filter_and_partial-clone_reset
=== RUN   TestBuildSharedPRCheckoutSteps/cross-repo_checkout_with_fetch_refs_emits_fetch_step
--- PASS: TestBuildSharedPRCheckoutSteps (0.03s)
    --- PASS: TestBuildSharedPRCheckoutSteps/create_pull_request_only_mirrors_agent_default_checkout (0.00s)
    --- PASS: TestBuildSharedPRCheckoutSteps/uses_custom_default_checkout_fetch-depth (0.00s)
    --- PASS: TestBuildSharedPRCheckoutSteps/default_checkout_with_GitHub_App_token_mints_checkout_app_token (0.00s)
    --- PASS: TestBuildSharedPRCheckoutSteps/trial_mode_with_target_repo (0.00s)
    --- PASS: TestBuildSharedPRCheckoutSteps/create-pr_per-config_github-token_flows_into_git_credentials (0.00s)
    --- PASS: TestBuildSharedPRCheckoutSteps/safe-outputs_github-token_flows_into_git_credentials (0.01s)
    --- PASS: TestBuildSharedPRCheckoutSteps/push-to-pull-request-branch_per-config_token_flows_into_git_credentials (0.00s)
    --- PASS: TestBuildSharedPRCheckoutSteps/both_operations_with_create-pr_token_takes_precedence (0.00s)
    --- PASS: TestBuildSharedPRCheckoutSteps/default_checkout_config_ref_is_honored (0.00s)
    --- PASS: TestBuildSharedPRCheckoutSteps/cross-repo_checkout_into_subdirectory_mirrors_agent_layout (0.00s)
    --- PASS: TestBuildSharedPRCheckoutSteps/two_cross-repo_checkouts_check_out_both_at_their_paths (0.00s)
    --- PASS: TestBuildSharedPRCheckoutSteps/subdirectory_cross-repo_sparse_checkout_mirrors_agent_filter_and_partial-clone_reset (0.00s)
    --- PASS: TestBuildSharedPRCheckoutSteps/cross-repo_checkout_with_fetch_refs_emits_fetch_step (0.00s)
=== RUN   TestBuildSharedPRCheckoutStepsConditions
=== RUN   TestBuildSharedPRCheckoutStepsConditions/only_create_PR
=== RUN   TestBuildSharedPRCheckoutStepsConditions/only_push_to_PR_branch
=== RUN   TestBuildSharedPRCheckoutStepsConditions/both_operations
--- PASS: TestBuildSharedPRCheckoutStepsConditions (0.00s)
    --- PASS: TestBuildSharedPRCheckoutStepsConditions/only_create_PR (0.00s)
    --- PASS: TestBuildSharedPRCheckoutStepsConditions/only_push_to_PR_branch (0.00s)
    --- PASS: TestBuildSharedPRCheckoutStepsConditions/both_operations (0.00s)
=== RUN   TestBuildHandlerManagerStep
=== RUN   TestBuildHandlerManagerStep/basic_handler_manager
=== RUN   TestBuildHandlerManagerStep/handler_manager_with_multiple_types
=== RUN   TestBuildHandlerManagerStep/handler_manager_with_project_URL_from_update-project_config
=== RUN   TestBuildHandlerManagerStep/handler_manager_with_project_URL_from_update-project_config#01
=== RUN   TestBuildHandlerManagerStep/handler_manager_with_project_URL_from_create-project-status-update_config
=== RUN   TestBuildHandlerManagerStep/handler_manager_without_project_does_not_include_GH_AW_PROJECT_URL
=== RUN   TestBuildHandlerManagerStep/handler_manager_with_allowed-domains_propagates_to_process_step
=== RUN   TestBuildHandlerManagerStep/handler_manager_with_urls_policy_propagates_to_process_step
=== RUN   TestBuildHandlerManagerStep/handler_manager_without_allowed-domains_still_includes_github_urls
=== RUN   TestBuildHandlerManagerStep/handler_manager_with_custom_safe_jobs_includes_GH_AW_SAFE_OUTPUT_JOBS
=== RUN   TestBuildHandlerManagerStep/handler_manager_without_custom_safe_jobs_does_not_include_GH_AW_SAFE_OUTPUT_JOBS
--- PASS: TestBuildHandlerManagerStep (0.01s)
    --- PASS: TestBuildHandlerManagerStep/basic_handler_manager (0.00s)
    --- PASS: TestBuildHandlerManagerStep/handler_manager_with_multiple_types (0.00s)
    --- PASS: TestBuildHandlerManagerStep/handler_manager_with_project_URL_from_update-project_config (0.00s)
    --- PASS: TestBuildHandlerManagerStep/handler_manager_with_project_URL_from_update-project_config#01 (0.00s)
    --- PASS: TestBuildHandlerManagerStep/handler_manager_with_project_URL_from_create-project-status-update_config (0.00s)
    --- PASS: TestBuildHandlerManagerStep/handler_manager_without_project_does_not_include_GH_AW_PROJECT_URL (0.00s)
    --- PASS: TestBuildHandlerManagerStep/handler_manager_with_allowed-domains_propagates_to_process_step (0.00s)
    --- PASS: TestBuildHandlerManagerStep/handler_manager_with_urls_policy_propagates_to_process_step (0.00s)
    --- PASS: TestBuildHandlerManagerStep/handler_manager_without_allowed-domains_still_includes_github_urls (0.00s)
    --- PASS: TestBuildHandlerManagerStep/handler_manager_with_custom_safe_jobs_includes_GH_AW_SAFE_OUTPUT_JOBS (0.00s)
    --- PASS: TestBuildHandlerManagerStep/handler_manager_without_custom_safe_jobs_does_not_include_GH_AW_SAFE_OUTPUT_JOBS (0.00s)
=== RUN   TestStepOrderInConsolidatedJob
--- PASS: TestStepOrderInConsolidatedJob (0.00s)
=== RUN   TestParseOnSection
=== RUN   TestParseOnSection/slash_command_trigger_with_default_command_from_filename
=== RUN   TestParseOnSection/slash_command_with_explicit_command
=== RUN   TestParseOnSection/deprecated_command_trigger
=== RUN   TestParseOnSection/slash_command_with_explicit_reaction
=== RUN   TestParseOnSection/reaction_with_numeric_+1
=== RUN   TestParseOnSection/reaction_with_numeric_-1
=== RUN   TestParseOnSection/reaction_none_disables_reactions
=== RUN   TestParseOnSection/invalid_reaction_value
=== RUN   TestParseOnSection/slash_command_centralized_strategy_allows_non-slash_events
=== RUN   TestParseOnSection/label_command_decentralized_strategy_allows_non-label_events
=== RUN   TestParseOnSection/slash_command_conflicts_with_issues
=== RUN   TestParseOnSection/slash_command_conflicts_with_issue_comment
=== RUN   TestParseOnSection/slash_command_allows_labeled/unlabeled_issues
=== RUN   TestParseOnSection/lock-for-agent_from_issues_trigger
=== RUN   TestParseOnSection/lock-for-agent_from_issue_comment_trigger
=== RUN   TestParseOnSection/stop-after_in_on_section
=== RUN   TestParseOnSection/command_with_other_events_merged
=== RUN   TestParseOnSection/no_on_section
=== RUN   TestParseOnSection/on_section_with_string_value_(not_a_map)
=== RUN   TestParseOnSection/lock-for-agent_false
--- PASS: TestParseOnSection (0.00s)
    --- PASS: TestParseOnSection/slash_command_trigger_with_default_command_from_filename (0.00s)
    --- PASS: TestParseOnSection/slash_command_with_explicit_command (0.00s)
    --- PASS: TestParseOnSection/deprecated_command_trigger (0.00s)
    --- PASS: TestParseOnSection/slash_command_with_explicit_reaction (0.00s)
    --- PASS: TestParseOnSection/reaction_with_numeric_+1 (0.00s)
    --- PASS: TestParseOnSection/reaction_with_numeric_-1 (0.00s)
    --- PASS: TestParseOnSection/reaction_none_disables_reactions (0.00s)
    --- PASS: TestParseOnSection/invalid_reaction_value (0.00s)
    --- PASS: TestParseOnSection/slash_command_centralized_strategy_allows_non-slash_events (0.00s)
    --- PASS: TestParseOnSection/label_command_decentralized_strategy_allows_non-label_events (0.00s)
    --- PASS: TestParseOnSection/slash_command_conflicts_with_issues (0.00s)
    --- PASS: TestParseOnSection/slash_command_conflicts_with_issue_comment (0.00s)
    --- PASS: TestParseOnSection/slash_command_allows_labeled/unlabeled_issues (0.00s)
    --- PASS: TestParseOnSection/lock-for-agent_from_issues_trigger (0.00s)
    --- PASS: TestParseOnSection/lock-for-agent_from_issue_comment_trigger (0.00s)
    --- PASS: TestParseOnSection/stop-after_in_on_section (0.00s)
    --- PASS: TestParseOnSection/command_with_other_events_merged (0.00s)
    --- PASS: TestParseOnSection/no_on_section (0.00s)
    --- PASS: TestParseOnSection/on_section_with_string_value_(not_a_map) (0.00s)
    --- PASS: TestParseOnSection/lock-for-agent_false (0.00s)
=== RUN   TestCompilerMergeSafeJobsFromIncludedConfigs
=== RUN   TestCompilerMergeSafeJobsFromIncludedConfigs/empty_included_configs
=== RUN   TestCompilerMergeSafeJobsFromIncludedConfigs/merge_multiple_configs_without_conflicts
=== RUN   TestCompilerMergeSafeJobsFromIncludedConfigs/skip_empty_config_strings
=== RUN   TestCompilerMergeSafeJobsFromIncludedConfigs/skip_invalid_JSON
=== RUN   TestCompilerMergeSafeJobsFromIncludedConfigs/nil_top_safe-jobs
--- PASS: TestCompilerMergeSafeJobsFromIncludedConfigs (0.00s)
    --- PASS: TestCompilerMergeSafeJobsFromIncludedConfigs/empty_included_configs (0.00s)
    --- PASS: TestCompilerMergeSafeJobsFromIncludedConfigs/merge_multiple_configs_without_conflicts (0.00s)
    --- PASS: TestCompilerMergeSafeJobsFromIncludedConfigs/skip_empty_config_strings (0.00s)
    --- PASS: TestCompilerMergeSafeJobsFromIncludedConfigs/skip_invalid_JSON (0.00s)
    --- PASS: TestCompilerMergeSafeJobsFromIncludedConfigs/nil_top_safe-jobs (0.00s)
=== RUN   TestExtractCommandConfig_CentralizedStrategy
--- PASS: TestExtractCommandConfig_CentralizedStrategy (0.00s)
=== RUN   TestExtractCommandConfig_Placeholder
--- PASS: TestExtractCommandConfig_Placeholder (0.00s)
=== RUN   TestApplyDefaultTools
=== RUN   TestApplyDefaultTools/nil_tools_creates_github_tool
=== RUN   TestApplyDefaultTools/empty_tools_adds_github_tool
=== RUN   TestApplyDefaultTools/github_explicitly_disabled
=== RUN   TestApplyDefaultTools/sandbox_enabled_adds_edit_and_bash
=== RUN   TestApplyDefaultTools/firewall_enabled_adds_edit_and_bash
=== RUN   TestApplyDefaultTools/create_pull_request_adds_git_commands
=== RUN   TestApplyDefaultTools/push_to_pull_request_branch_adds_git_commands
=== RUN   TestApplyDefaultTools/bash_true_converted_to_wildcard
=== RUN   TestApplyDefaultTools/bash_false_removes_tool
=== RUN   TestApplyDefaultTools/bash_nil_adds_default_commands
=== RUN   TestApplyDefaultTools/bash_with_existing_commands_merges_defaults
=== RUN   TestApplyDefaultTools/bash_empty_array_left_as-is
=== RUN   TestApplyDefaultTools/github_with_allowed_tools
=== RUN   TestApplyDefaultTools/sandbox_disabled_explicitly
=== RUN   TestApplyDefaultTools/edit_tool_already_exists
--- PASS: TestApplyDefaultTools (0.00s)
    --- PASS: TestApplyDefaultTools/nil_tools_creates_github_tool (0.00s)
    --- PASS: TestApplyDefaultTools/empty_tools_adds_github_tool (0.00s)
    --- PASS: TestApplyDefaultTools/github_explicitly_disabled (0.00s)
    --- PASS: TestApplyDefaultTools/sandbox_enabled_adds_edit_and_bash (0.00s)
    --- PASS: TestApplyDefaultTools/firewall_enabled_adds_edit_and_bash (0.00s)
    --- PASS: TestApplyDefaultTools/create_pull_request_adds_git_commands (0.00s)
    --- PASS: TestApplyDefaultTools/push_to_pull_request_branch_adds_git_commands (0.00s)
    --- PASS: TestApplyDefaultTools/bash_true_converted_to_wildcard (0.00s)
    --- PASS: TestApplyDefaultTools/bash_false_removes_tool (0.00s)
    --- PASS: TestApplyDefaultTools/bash_nil_adds_default_commands (0.00s)
    --- PASS: TestApplyDefaultTools/bash_with_existing_commands_merges_defaults (0.00s)
    --- PASS: TestApplyDefaultTools/bash_empty_array_left_as-is (0.00s)
    --- PASS: TestApplyDefaultTools/github_with_allowed_tools (0.00s)
    --- PASS: TestApplyDefaultTools/sandbox_disabled_explicitly (0.00s)
    --- PASS: TestApplyDefaultTools/edit_tool_already_exists (0.00s)
=== RUN   TestCompilerNeedsGitCommands
=== RUN   TestCompilerNeedsGitCommands/nil_safe_outputs
=== RUN   TestCompilerNeedsGitCommands/empty_safe_outputs
=== RUN   TestCompilerNeedsGitCommands/create_pull_requests_needs_git
=== RUN   TestCompilerNeedsGitCommands/push_to_pull_request_branch_needs_git
=== RUN   TestCompilerNeedsGitCommands/both_create_and_push_need_git
=== RUN   TestCompilerNeedsGitCommands/other_safe_outputs_don't_need_git
--- PASS: TestCompilerNeedsGitCommands (0.00s)
    --- PASS: TestCompilerNeedsGitCommands/nil_safe_outputs (0.00s)
    --- PASS: TestCompilerNeedsGitCommands/empty_safe_outputs (0.00s)
    --- PASS: TestCompilerNeedsGitCommands/create_pull_requests_needs_git (0.00s)
    --- PASS: TestCompilerNeedsGitCommands/push_to_pull_request_branch_needs_git (0.00s)
    --- PASS: TestCompilerNeedsGitCommands/both_create_and_push_need_git (0.00s)
    --- PASS: TestCompilerNeedsGitCommands/other_safe_outputs_don't_need_git (0.00s)
=== RUN   TestCompilerIsSandboxEnabled
=== RUN   TestCompilerIsSandboxEnabled/nil_configs
=== RUN   TestCompilerIsSandboxEnabled/sandbox_explicitly_disabled
=== RUN   TestCompilerIsSandboxEnabled/sandbox_AWF_enabled
=== RUN   TestCompilerIsSandboxEnabled/sandbox_SRT_enabled_via_ID
=== RUN   TestCompilerIsSandboxEnabled/sandbox_SRT_enabled_via_Type_(legacy)
=== RUN   TestCompilerIsSandboxEnabled/sandbox_default_type_enabled
=== RUN   TestCompilerIsSandboxEnabled/legacy_type_field_SRT
=== RUN   TestCompilerIsSandboxEnabled/legacy_type_field_runtime
=== RUN   TestCompilerIsSandboxEnabled/firewall_enabled_auto-enables_sandbox
=== RUN   TestCompilerIsSandboxEnabled/firewall_disabled
=== RUN   TestCompilerIsSandboxEnabled/sandbox_disabled_overrides_firewall
=== RUN   TestCompilerIsSandboxEnabled/unsupported_sandbox_type
--- PASS: TestCompilerIsSandboxEnabled (0.00s)
    --- PASS: TestCompilerIsSandboxEnabled/nil_configs (0.00s)
    --- PASS: TestCompilerIsSandboxEnabled/sandbox_explicitly_disabled (0.00s)
    --- PASS: TestCompilerIsSandboxEnabled/sandbox_AWF_enabled (0.00s)
    --- PASS: TestCompilerIsSandboxEnabled/sandbox_SRT_enabled_via_ID (0.00s)
    --- PASS: TestCompilerIsSandboxEnabled/sandbox_SRT_enabled_via_Type_(legacy) (0.00s)
    --- PASS: TestCompilerIsSandboxEnabled/sandbox_default_type_enabled (0.00s)
    --- PASS: TestCompilerIsSandboxEnabled/legacy_type_field_SRT (0.00s)
    --- PASS: TestCompilerIsSandboxEnabled/legacy_type_field_runtime (0.00s)
    --- PASS: TestCompilerIsSandboxEnabled/firewall_enabled_auto-enables_sandbox (0.00s)
    --- PASS: TestCompilerIsSandboxEnabled/firewall_disabled (0.00s)
    --- PASS: TestCompilerIsSandboxEnabled/sandbox_disabled_overrides_firewall (0.00s)
    --- PASS: TestCompilerIsSandboxEnabled/unsupported_sandbox_type (0.00s)
=== RUN   TestParseOnSectionWithParsedFrontmatter
=== RUN   TestParseOnSectionWithParsedFrontmatter/cached_on_field_used
=== RUN   TestParseOnSectionWithParsedFrontmatter/cached_on_with_slash_command
--- PASS: TestParseOnSectionWithParsedFrontmatter (0.00s)
    --- PASS: TestParseOnSectionWithParsedFrontmatter/cached_on_field_used (0.00s)
    --- PASS: TestParseOnSectionWithParsedFrontmatter/cached_on_with_slash_command (0.00s)
=== RUN   TestApplyDefaultToolsGitHubConfigPreservation
=== RUN   TestApplyDefaultToolsGitHubConfigPreservation/github_config_with_mode_and_version_preserved
=== RUN   TestApplyDefaultToolsGitHubConfigPreservation/github_config_with_allowed_tools_preserved
=== RUN   TestApplyDefaultToolsGitHubConfigPreservation/github_nil_creates_default_config
--- PASS: TestApplyDefaultToolsGitHubConfigPreservation (0.00s)
    --- PASS: TestApplyDefaultToolsGitHubConfigPreservation/github_config_with_mode_and_version_preserved (0.00s)
    --- PASS: TestApplyDefaultToolsGitHubConfigPreservation/github_config_with_allowed_tools_preserved (0.00s)
    --- PASS: TestApplyDefaultToolsGitHubConfigPreservation/github_nil_creates_default_config (0.00s)
=== RUN   TestApplyDefaultToolsBashWithGitAndDefaults
--- PASS: TestApplyDefaultToolsBashWithGitAndDefaults (0.00s)
=== RUN   TestCompilerMergeSafeJobsFromIncludedConfigsMultipleConflicts
--- PASS: TestCompilerMergeSafeJobsFromIncludedConfigsMultipleConflicts (0.00s)
=== RUN   TestApplyDefaultToolsComplexScenarios
=== RUN   TestApplyDefaultToolsComplexScenarios/sandbox_and_git_commands_both_needed
=== RUN   TestApplyDefaultToolsComplexScenarios/existing_bash_with_custom_commands_merged_with_git
--- PASS: TestApplyDefaultToolsComplexScenarios (0.00s)
    --- PASS: TestApplyDefaultToolsComplexScenarios/sandbox_and_git_commands_both_needed (0.00s)
    --- PASS: TestApplyDefaultToolsComplexScenarios/existing_bash_with_custom_commands_merged_with_git (0.00s)
=== RUN   TestParseOnSectionReactionMapFormat
--- PASS: TestParseOnSectionReactionMapFormat (0.00s)
=== RUN   TestCompilerNeedsGitCommandsAllOutputTypes
--- PASS: TestCompilerNeedsGitCommandsAllOutputTypes (0.00s)
=== RUN   TestCompilerIsSandboxEnabledPrecedence
--- PASS: TestCompilerIsSandboxEnabledPrecedence (0.00s)
=== RUN   TestApplyDefaultToolsNilInputRecovery
--- PASS: TestApplyDefaultToolsNilInputRecovery (0.00s)
=== RUN   TestCompilerSharedActionCache
--- PASS: TestCompilerSharedActionCache (0.00s)
=== RUN   TestCompilerSharedCacheAcrossWorkflows
--- PASS: TestCompilerSharedCacheAcrossWorkflows (0.00s)
=== RUN   TestCompilerForceRefreshClearsOnlyOnce
--- PASS: TestCompilerForceRefreshClearsOnlyOnce (0.00s)
=== RUN   TestCompilerSkipsWriteWhenContentUnchanged
/tmp/TestCompilerSkipsWriteWhenContentUnchanged1490237079/001/test-workflow.md: info: Tip: set permissions.copilot-requests: write to use GitHub Actions token-based inference with the Copilot engine instead of a personal access token (COPILOT_GITHUB_TOKEN). This option requires that your organization has centralized Copilot billing enabled and may not be available in all organizations — see https://github.github.com/gh-aw/reference/billing/ for details.

/tmp/TestCompilerSkipsWriteWhenContentUnchanged1490237079/001/test-workflow.md: info: Tip: set permissions.copilot-requests: write to use GitHub Actions token-based inference with the Copilot engine instead of a personal access token (COPILOT_GITHUB_TOKEN). This option requires that your organization has centralized Copilot billing enabled and may not be available in all organizations — see https://github.github.com/gh-aw/reference/billing/ for details.

--- PASS: TestCompilerSkipsWriteWhenContentUnchanged (0.12s)
=== RUN   TestCompilerWritesWhenBodyContentChanged
/tmp/TestCompilerWritesWhenBodyContentChanged4251478482/001/test-workflow.md: info: Tip: set permissions.copilot-requests: write to use GitHub Actions token-based inference with the Copilot engine instead of a personal access token (COPILOT_GITHUB_TOKEN). This option requires that your organization has centralized Copilot billing enabled and may not be available in all organizations — see https://github.github.com/gh-aw/reference/billing/ for details.

/tmp/TestCompilerWritesWhenBodyContentChanged4251478482/001/test-workflow.md: info: Tip: set permissions.copilot-requests: write to use GitHub Actions token-based inference with the Copilot engine instead of a personal access token (COPILOT_GITHUB_TOKEN). This option requires that your organization has centralized Copilot billing enabled and may not be available in all organizations — see https://github.github.com/gh-aw/reference/billing/ for details.

--- PASS: TestCompilerWritesWhenBodyContentChanged (0.14s)
=== RUN   TestCompilerWritesWhenContentChanged
/tmp/TestCompilerWritesWhenContentChanged3809910682/001/test-workflow.md: info: Tip: set permissions.copilot-requests: write to use GitHub Actions token-based inference with the Copilot engine instead of a personal access token (COPILOT_GITHUB_TOKEN). This option requires that your organization has centralized Copilot billing enabled and may not be available in all organizations — see https://github.github.com/gh-aw/reference/billing/ for details.

/tmp/TestCompilerWritesWhenContentChanged3809910682/001/test-workflow.md: info: Tip: set permissions.copilot-requests: write to use GitHub Actions token-based inference with the Copilot engine instead of a personal access token (COPILOT_GITHUB_TOKEN). This option requires that your organization has centralized Copilot billing enabled and may not be available in all organizations — see https://github.github.com/gh-aw/reference/billing/ for details.

--- PASS: TestCompilerWritesWhenContentChanged (0.13s)
=== RUN   TestCompilerWritesWhenLockFileMissing
/tmp/TestCompilerWritesWhenLockFileMissing1227801223/001/test-workflow.md: info: Tip: set permissions.copilot-requests: write to use GitHub Actions token-based inference with the Copilot engine instead of a personal access token (COPILOT_GITHUB_TOKEN). This option requires that your organization has centralized Copilot billing enabled and may not be available in all organizations — see https://github.github.com/gh-aw/reference/billing/ for details.

--- PASS: TestCompilerWritesWhenLockFileMissing (0.01s)
=== RUN   TestParseWorkflowString_BasicParsing
--- PASS: TestParseWorkflowString_BasicParsing (0.01s)
=== RUN   TestParseWorkflowString_MissingFrontmatter
--- PASS: TestParseWorkflowString_MissingFrontmatter (0.00s)
=== RUN   TestParseWorkflowString_InvalidFrontmatterYAML
--- PASS: TestParseWorkflowString_InvalidFrontmatterYAML (0.00s)
=== RUN   TestParseWorkflowString_SharedWorkflowDetection
--- PASS: TestParseWorkflowString_SharedWorkflowDetection (0.00s)
=== RUN   TestParseWorkflowString_RedirectOnlyDetection
--- PASS: TestParseWorkflowString_RedirectOnlyDetection (0.00s)
=== RUN   TestParseWorkflowString_VirtualPathBehavior
--- PASS: TestParseWorkflowString_VirtualPathBehavior (0.00s)
=== RUN   TestCompileToYAML_BasicCompilation
workflow.md: info: Tip: set permissions.copilot-requests: write to use GitHub Actions token-based inference with the Copilot engine instead of a personal access token (COPILOT_GITHUB_TOKEN). This option requires that your organization has centralized Copilot billing enabled and may not be available in all organizations — see https://github.github.com/gh-aw/reference/billing/ for details.

--- PASS: TestCompileToYAML_BasicCompilation (0.01s)
=== RUN   TestCompileToYAML_OutputContainsWorkflowName
workflow.md: info: Tip: set permissions.copilot-requests: write to use GitHub Actions token-based inference with the Copilot engine instead of a personal access token (COPILOT_GITHUB_TOKEN). This option requires that your organization has centralized Copilot billing enabled and may not be available in all organizations — see https://github.github.com/gh-aw/reference/billing/ for details.

--- PASS: TestCompileToYAML_OutputContainsWorkflowName (0.01s)
=== RUN   TestParseWorkflowString_EmptyContent
--- PASS: TestParseWorkflowString_EmptyContent (0.00s)
=== RUN   TestParseWorkflowString_FrontmatterOnly
--- PASS: TestParseWorkflowString_FrontmatterOnly (0.00s)
=== RUN   TestCompileToYAML_EndToEnd
workflow.md: info: Tip: set permissions.copilot-requests: write to use GitHub Actions token-based inference with the Copilot engine instead of a personal access token (COPILOT_GITHUB_TOKEN). This option requires that your organization has centralized Copilot billing enabled and may not be available in all organizations — see https://github.github.com/gh-aw/reference/billing/ for details.

--- PASS: TestCompileToYAML_EndToEnd (0.01s)
=== RUN   TestCompileToYAML_PromptContentInlined
workflow.md: info: Tip: set permissions.copilot-requests: write to use GitHub Actions token-based inference with the Copilot engine instead of a personal access token (COPILOT_GITHUB_TOKEN). This option requires that your organization has centralized Copilot billing enabled and may not be available in all organizations — see https://github.github.com/gh-aw/reference/billing/ for details.

--- PASS: TestCompileToYAML_PromptContentInlined (0.01s)
=== RUN   TestCompileToYAML_PromptContentInlinedWithExpressions
workflow.md: info: Tip: set permissions.copilot-requests: write to use GitHub Actions token-based inference with the Copilot engine instead of a personal access token (COPILOT_GITHUB_TOKEN). This option requires that your organization has centralized Copilot billing enabled and may not be available in all organizations — see https://github.github.com/gh-aw/reference/billing/ for details.

--- PASS: TestCompileToYAML_PromptContentInlinedWithExpressions (0.01s)
=== RUN   TestValidateTemplateInjection_BothPaths
=== RUN   TestValidateTemplateInjection_BothPaths/Path_A_-_schema_enabled_-_unsafe_expression_detected
⚠ Workflow with template injection risks written to: /tmp/gh-aw-test-runs/20260704-173215-1254793/template-injection-test291728679/test.invalid.yml
=== RUN   TestValidateTemplateInjection_BothPaths/Path_A_-_schema_enabled_-_safe_expression_passes
=== RUN   TestValidateTemplateInjection_BothPaths/Path_B_-_schema_disabled_-_unsafe_expression_detected
⚠ Workflow with template injection risks written to: /tmp/gh-aw-test-runs/20260704-173215-1254793/template-injection-test291728679/test.invalid.yml
=== RUN   TestValidateTemplateInjection_BothPaths/Path_B_-_schema_disabled_-_safe_expression_passes
=== RUN   TestValidateTemplateInjection_BothPaths/Path_A_-_schema_enabled_-_run_expression_regression_detected
⚠ Workflow with template injection risks written to: /tmp/gh-aw-test-runs/20260704-173215-1254793/template-injection-test291728679/test.invalid.yml
=== RUN   TestValidateTemplateInjection_BothPaths/Path_B_-_schema_disabled_-_run_expression_regression_detected
⚠ Workflow with template injection risks written to: /tmp/gh-aw-test-runs/20260704-173215-1254793/template-injection-test291728679/test.invalid.yml
=== RUN   TestValidateTemplateInjection_BothPaths/Path_A_-_schema_enabled_-_allowed_generated_run_expression_passes
=== RUN   TestValidateTemplateInjection_BothPaths/Path_B_-_schema_disabled_-_allowed_generated_run_expression_passes
=== RUN   TestValidateTemplateInjection_BothPaths/Path_B_-_schema_disabled_-_flow-style_regression_detected_alongside_allowed_expression
⚠ Workflow with template injection risks written to: /tmp/gh-aw-test-runs/20260704-173215-1254793/template-injection-test291728679/test.invalid.yml
=== RUN   TestValidateTemplateInjection_BothPaths/Path_A_-_schema_enabled_-_heredoc_expression_passes
=== RUN   TestValidateTemplateInjection_BothPaths/Path_B_-_schema_disabled_-_heredoc_expression_passes
=== RUN   TestValidateTemplateInjection_BothPaths/Path_A_-_schema_enabled_-_comment_expression_passes
=== RUN   TestValidateTemplateInjection_BothPaths/Path_B_-_schema_disabled_-_comment_expression_passes
=== RUN   TestValidateTemplateInjection_BothPaths/both_paths_agree_on_unsafe_YAML
⚠ Workflow with template injection risks written to: /tmp/gh-aw-test-runs/20260704-173215-1254793/template-injection-test291728679/test.invalid.yml
⚠ Workflow with template injection risks written to: /tmp/gh-aw-test-runs/20260704-173215-1254793/template-injection-test291728679/test.invalid.yml
=== RUN   TestValidateTemplateInjection_BothPaths/both_paths_agree_on_safe_YAML
--- PASS: TestValidateTemplateInjection_BothPaths (0.01s)
    --- PASS: TestValidateTemplateInjection_BothPaths/Path_A_-_schema_enabled_-_unsafe_expression_detected (0.00s)
    --- PASS: TestValidateTemplateInjection_BothPaths/Path_A_-_schema_enabled_-_safe_expression_passes (0.00s)
    --- PASS: TestValidateTemplateInjection_BothPaths/Path_B_-_schema_disabled_-_unsafe_expression_detected (0.00s)
    --- PASS: TestValidateTemplateInjection_BothPaths/Path_B_-_schema_disabled_-_safe_expression_passes (0.00s)
    --- PASS: TestValidateTemplateInjection_BothPaths/Path_A_-_schema_enabled_-_run_expression_regression_detected (0.00s)
    --- PASS: TestValidateTemplateInjection_BothPaths/Path_B_-_schema_disabled_-_run_expression_regression_detected (0.00s)
    --- PASS: TestValidateTemplateInjection_BothPaths/Path_A_-_schema_enabled_-_allowed_generated_run_expression_passes (0.00s)
    --- PASS: TestValidateTemplateInjection_BothPaths/Path_B_-_schema_disabled_-_allowed_generated_run_expression_passes (0.00s)
    --- PASS: TestValidateTemplateInjection_BothPaths/Path_B_-_schema_disabled_-_flow-style_regression_detected_alongside_allowed_expression (0.00s)
    --- PASS: TestValidateTemplateInjection_BothPaths/Path_A_-_schema_enabled_-_heredoc_expression_passes (0.00s)
    --- PASS: TestValidateTemplateInjection_BothPaths/Path_B_-_schema_disabled_-_heredoc_expression_passes (0.00s)
    --- PASS: TestValidateTemplateInjection_BothPaths/Path_A_-_schema_enabled_-_comment_expression_passes (0.00s)
    --- PASS: TestValidateTemplateInjection_BothPaths/Path_B_-_schema_disabled_-_comment_expression_passes (0.00s)
    --- PASS: TestValidateTemplateInjection_BothPaths/both_paths_agree_on_unsafe_YAML (0.00s)
    --- PASS: TestValidateTemplateInjection_BothPaths/both_paths_agree_on_safe_YAML (0.00s)
=== RUN   TestCompilerRejectsIncludesInTemplateRegions
=== RUN   TestCompilerRejectsIncludesInTemplateRegions/valid_workflow_with_include_outside_template
⚠ Deprecated syntax: "@include? shared/tools.md". Use {{#runtime-import? shared/tools.md}} instead.
⚠ Deprecated syntax: "@include? shared/tools.md". Use {{#runtime-import? shared/tools.md}} instead.
ℹ Optional include file not found: shared/tools.md. You can create this file to configure the workflow.
=== RUN   TestCompilerRejectsIncludesInTemplateRegions/invalid_workflow_with_include_inside_template
=== RUN   TestCompilerRejectsIncludesInTemplateRegions/invalid_workflow_with_import_inside_template
=== RUN   TestCompilerRejectsIncludesInTemplateRegions/valid_workflow_with_multiple_templates_and_includes_between_them
⚠ Deprecated syntax: "@include? shared/header.md". Use {{#runtime-import? shared/header.md}} instead.
⚠ Deprecated syntax: "@include? shared/middle.md". Use {{#runtime-import? shared/middle.md}} instead.
⚠ Deprecated syntax: "@include? shared/footer.md". Use {{#runtime-import? shared/footer.md}} instead.
⚠ Deprecated syntax: "@include? shared/header.md". Use {{#runtime-import? shared/header.md}} instead.
ℹ Optional include file not found: shared/header.md. You can create this file to configure the workflow.
⚠ Deprecated syntax: "@include? shared/middle.md". Use {{#runtime-import? shared/middle.md}} instead.
ℹ Optional include file not found: shared/middle.md. You can create this file to configure the workflow.
⚠ Deprecated syntax: "@include? shared/footer.md". Use {{#runtime-import? shared/footer.md}} instead.
ℹ Optional include file not found: shared/footer.md. You can create this file to configure the workflow.
--- PASS: TestCompilerRejectsIncludesInTemplateRegions (0.01s)
    --- PASS: TestCompilerRejectsIncludesInTemplateRegions/valid_workflow_with_include_outside_template (0.00s)
    --- PASS: TestCompilerRejectsIncludesInTemplateRegions/invalid_workflow_with_include_inside_template (0.00s)
    --- PASS: TestCompilerRejectsIncludesInTemplateRegions/invalid_workflow_with_import_inside_template (0.00s)
    --- PASS: TestCompilerRejectsIncludesInTemplateRegions/valid_workflow_with_multiple_templates_and_includes_between_them (0.01s)
=== RUN   TestCompilerRejectsPreExpandedExperimentPlaceholders
=== RUN   TestCompilerRejectsPreExpandedExperimentPlaceholders/valid_workflow_with_experiments_dot-notation_condition
=== RUN   TestCompilerRejectsPreExpandedExperimentPlaceholders/invalid_workflow_with_pre-expanded_placeholder_in_condition
=== RUN   TestCompilerRejectsPreExpandedExperimentPlaceholders/invalid_workflow_with_pre-expanded_placeholder_alongside_github_expression
=== RUN   TestCompilerRejectsPreExpandedExperimentPlaceholders/valid_workflow_with_github_expression_in_condition
--- PASS: TestCompilerRejectsPreExpandedExperimentPlaceholders (0.01s)
    --- PASS: TestCompilerRejectsPreExpandedExperimentPlaceholders/valid_workflow_with_experiments_dot-notation_condition (0.00s)
    --- PASS: TestCompilerRejectsPreExpandedExperimentPlaceholders/invalid_workflow_with_pre-expanded_placeholder_in_condition (0.00s)
    --- PASS: TestCompilerRejectsPreExpandedExperimentPlaceholders/invalid_workflow_with_pre-expanded_placeholder_alongside_github_expression (0.00s)
    --- PASS: TestCompilerRejectsPreExpandedExperimentPlaceholders/valid_workflow_with_github_expression_in_condition (0.00s)
=== RUN   TestCompileWorkflow_ValidWorkflow
/tmp/gh-aw-test-runs/20260704-173215-1254793/compiler-test2878464659/test-workflow.md: warning: Missing required permissions for GitHub toolsets:
  - issues: read (required by issues)

To fix this, you can either:

Option 1: Add missing permissions to your workflow frontmatter:
permissions:
  issues: read

See: https://github.com/github/gh-aw/blob/main/docs/src/content/docs/reference/permissions.md

Option 2: Reduce the required toolsets in your workflow:
Remove or adjust toolsets that require these permissions:
  - issues

/tmp/gh-aw-test-runs/20260704-173215-1254793/compiler-test2878464659/test-workflow.md: info: Tip: set permissions.copilot-requests: write to use GitHub Actions token-based inference with the Copilot engine instead of a personal access token (COPILOT_GITHUB_TOKEN). This option requires that your organization has centralized Copilot billing enabled and may not be available in all organizations — see https://github.github.com/gh-aw/reference/billing/ for details.

✓ /tmp/gh-aw-test-runs/20260704-173215-1254793/compiler-test2878464659/test-workflow.md (78.4 KB)
--- PASS: TestCompileWorkflow_ValidWorkflow (0.01s)
=== RUN   TestCompileWorkflow_ErrorScenarios
=== RUN   TestCompileWorkflow_ErrorScenarios/nonexistent_file
=== RUN   TestCompileWorkflow_ErrorScenarios/empty_path
=== RUN   TestCompileWorkflow_ErrorScenarios/missing_frontmatter
=== RUN   TestCompileWorkflow_ErrorScenarios/invalid_YAML_frontmatter
=== RUN   TestCompileWorkflow_ErrorScenarios/missing_markdown_content
=== RUN   TestCompileWorkflow_ErrorScenarios/unicode_in_workflow_content
/tmp/gh-aw-test-runs/20260704-173215-1254793/compiler-error-test3777952679/test.md: info: Tip: set permissions.copilot-requests: write to use GitHub Actions token-based inference with the Copilot engine instead of a personal access token (COPILOT_GITHUB_TOKEN). This option requires that your organization has centralized Copilot billing enabled and may not be available in all organizations — see https://github.github.com/gh-aw/reference/billing/ for details.

✓ /tmp/gh-aw-test-runs/20260704-173215-1254793/compiler-error-test3777952679/test.md (77.0 KB)
=== RUN   TestCompileWorkflow_ErrorScenarios/special_characters_in_markdown
/tmp/gh-aw-test-runs/20260704-173215-1254793/compiler-error-test1889105984/test.md: info: Tip: set permissions.copilot-requests: write to use GitHub Actions token-based inference with the Copilot engine instead of a personal access token (COPILOT_GITHUB_TOKEN). This option requires that your organization has centralized Copilot billing enabled and may not be available in all organizations — see https://github.github.com/gh-aw/reference/billing/ for details.

✓ /tmp/gh-aw-test-runs/20260704-173215-1254793/compiler-error-test1889105984/test.md (77.2 KB)
--- PASS: TestCompileWorkflow_ErrorScenarios (0.03s)
    --- PASS: TestCompileWorkflow_ErrorScenarios/nonexistent_file (0.00s)
    --- PASS: TestCompileWorkflow_ErrorScenarios/empty_path (0.01s)
    --- PASS: TestCompileWorkflow_ErrorScenarios/missing_frontmatter (0.00s)
    --- PASS: TestCompileWorkflow_ErrorScenarios/invalid_YAML_frontmatter (0.00s)
    --- PASS: TestCompileWorkflow_ErrorScenarios/missing_markdown_content (0.00s)
    --- PASS: TestCompileWorkflow_ErrorScenarios/unicode_in_workflow_content (0.01s)
    --- PASS: TestCompileWorkflow_ErrorScenarios/special_characters_in_markdown (0.01s)
=== RUN   TestCompileWorkflow_EdgeCases
=== RUN   TestCompileWorkflow_EdgeCases/very_long_workflow_name
    compiler_test.go:267: Got error (may be acceptable validation warning): /tmp/gh-aw-test-runs/20260704-173215-1254793/compiler-edge-case2454472558/test.md:4:6: error: maxLength: got 400, want 256. Expected format: "string"
        1 | ---
        2 | on: push
        3 | engine: copilot
        4 | name: VeryLongWorkflowNameVeryLongWorkflowNameVeryLongWorkflowNameVeryLongWorkflowNameVeryLongWorkflowNameVeryLongWorkflowNameVeryLongWorkflowNameVeryLongWorkflowNameVeryLongWorkflowNameVeryLongWorkflowNameVeryLongWorkflowNameVeryLongWorkflowNameVeryLongWorkflowNameVeryLongWorkflowNameVeryLongWorkflowNameVeryLongWorkflowNameVeryLongWorkflowNameVeryLongWorkflowNameVeryLongWorkflowNameVeryLongWorkflowName

        5 | ---
        6 |
        7 | # Test Workflow
=== RUN   TestCompileWorkflow_EdgeCases/large_workflow_content
/tmp/gh-aw-test-runs/20260704-173215-1254793/compiler-edge-case3005467836/test.md: info: Tip: set permissions.copilot-requests: write to use GitHub Actions token-based inference with the Copilot engine instead of a personal access token (COPILOT_GITHUB_TOKEN). This option requires that your organization has centralized Copilot billing enabled and may not be available in all organizations — see https://github.github.com/gh-aw/reference/billing/ for details.

✓ /tmp/gh-aw-test-runs/20260704-173215-1254793/compiler-edge-case3005467836/test.md (77.0 KB)
=== RUN   TestCompileWorkflow_EdgeCases/workflow_with_empty_markdown_section
=== RUN   TestCompileWorkflow_EdgeCases/workflow_with_only_whitespace_in_markdown
=== RUN   TestCompileWorkflow_EdgeCases/workflow_with_mixed_line_endings
/tmp/gh-aw-test-runs/20260704-173215-1254793/compiler-edge-case1170706463/test.md: info: Tip: set permissions.copilot-requests: write to use GitHub Actions token-based inference with the Copilot engine instead of a personal access token (COPILOT_GITHUB_TOKEN). This option requires that your organization has centralized Copilot billing enabled and may not be available in all organizations — see https://github.github.com/gh-aw/reference/billing/ for details.

✓ /tmp/gh-aw-test-runs/20260704-173215-1254793/compiler-edge-case1170706463/test.md (76.9 KB)
--- PASS: TestCompileWorkflow_EdgeCases (0.04s)
    --- PASS: TestCompileWorkflow_EdgeCases/very_long_workflow_name (0.00s)
    --- PASS: TestCompileWorkflow_EdgeCases/large_workflow_content (0.01s)
    --- PASS: TestCompileWorkflow_EdgeCases/workflow_with_empty_markdown_section (0.00s)
    --- PASS: TestCompileWorkflow_EdgeCases/workflow_with_only_whitespace_in_markdown (0.00s)
    --- PASS: TestCompileWorkflow_EdgeCases/workflow_with_mixed_line_endings (0.02s)
=== RUN   TestCompileWorkflowData_Success
✓ /tmp/gh-aw-test-runs/20260704-173215-1254793/compiler-data-test1612309846/test.md (25.3 KB)
--- PASS: TestCompileWorkflowData_Success (0.01s)
=== RUN   TestCompileWorkflow_CachesResolvedManifestBaseline
/tmp/gh-aw-test-runs/20260704-173215-1254793/compiler-manifest-cache1756149232/test-workflow.md: info: Tip: set permissions.copilot-requests: write to use GitHub Actions token-based inference with the Copilot engine instead of a personal access token (COPILOT_GITHUB_TOKEN). This option requires that your organization has centralized Copilot billing enabled and may not be available in all organizations — see https://github.github.com/gh-aw/reference/billing/ for details.

✓ /tmp/gh-aw-test-runs/20260704-173215-1254793/compiler-manifest-cache1756149232/test-workflow.md
/tmp/gh-aw-test-runs/20260704-173215-1254793/compiler-manifest-cache1756149232/test-workflow.md: info: Tip: set permissions.copilot-requests: write to use GitHub Actions token-based inference with the Copilot engine instead of a personal access token (COPILOT_GITHUB_TOKEN). This option requires that your organization has centralized Copilot billing enabled and may not be available in all organizations — see https://github.github.com/gh-aw/reference/billing/ for details.

✓ /tmp/gh-aw-test-runs/20260704-173215-1254793/compiler-manifest-cache1756149232/test-workflow.md
--- PASS: TestCompileWorkflow_CachesResolvedManifestBaseline (0.02s)
=== RUN   TestCompileWorkflow_SkipsManifestBaselineWhenSafeUpdateDisabled
/tmp/gh-aw-test-runs/20260704-173215-1254793/compiler-manifest-skip-cache1121699759/test-workflow.md: info: Tip: set permissions.copilot-requests: write to use GitHub Actions token-based inference with the Copilot engine instead of a personal access token (COPILOT_GITHUB_TOKEN). This option requires that your organization has centralized Copilot billing enabled and may not be available in all organizations — see https://github.github.com/gh-aw/reference/billing/ for details.

✓ /tmp/gh-aw-test-runs/20260704-173215-1254793/compiler-manifest-skip-cache1121699759/test-workflow.md
--- PASS: TestCompileWorkflow_SkipsManifestBaselineWhenSafeUpdateDisabled (0.01s)
=== RUN   TestCompileWorkflow_DoesNotCacheNilLegacyBaseline
/tmp/gh-aw-test-runs/20260704-173215-1254793/compiler-manifest-legacy2764345764/test-workflow.md: info: Tip: set permissions.copilot-requests: write to use GitHub Actions token-based inference with the Copilot engine instead of a personal access token (COPILOT_GITHUB_TOKEN). This option requires that your organization has centralized Copilot billing enabled and may not be available in all organizations — see https://github.github.com/gh-aw/reference/billing/ for details.

✓ /tmp/gh-aw-test-runs/20260704-173215-1254793/compiler-manifest-legacy2764345764/test-workflow.md
--- PASS: TestCompileWorkflow_DoesNotCacheNilLegacyBaseline (0.01s)
=== RUN   TestCompileWorkflow_LockFileSize
/tmp/gh-aw-test-runs/20260704-173215-1254793/compiler-size-test4208489619/size-test.md: info: Tip: set permissions.copilot-requests: write to use GitHub Actions token-based inference with the Copilot engine instead of a personal access token (COPILOT_GITHUB_TOKEN). This option requires that your organization has centralized Copilot billing enabled and may not be available in all organizations — see https://github.github.com/gh-aw/reference/billing/ for details.

✓ /tmp/gh-aw-test-runs/20260704-173215-1254793/compiler-size-test4208489619/size-test.md (77.1 KB)
--- PASS: TestCompileWorkflow_LockFileSize (0.01s)
=== RUN   TestCompileWorkflow_ErrorFormatting
--- PASS: TestCompileWorkflow_ErrorFormatting (0.01s)
=== RUN   TestCompileWorkflow_PathTraversal
--- PASS: TestCompileWorkflow_PathTraversal (0.00s)
=== RUN   TestCompileWorkflowData_ArtifactManagerReset
✓ /tmp/gh-aw-test-runs/20260704-173215-1254793/compiler-artifact-reset1849772678/test1.md (25.3 KB)
✓ /tmp/gh-aw-test-runs/20260704-173215-1254793/compiler-artifact-reset1849772678/test2.md (25.3 KB)
--- PASS: TestCompileWorkflowData_ArtifactManagerReset (0.01s)
=== RUN   TestValidateWorkflowData
=== RUN   TestValidateWorkflowData/valid_workflow
=== RUN   TestValidateWorkflowData/invalid_action-mode_feature_flag
=== RUN   TestValidateWorkflowData/missing_permissions_for_agentic-workflows_tool
=== RUN   TestValidateWorkflowData/workflow_with_empty_markdown_content
=== RUN   TestValidateWorkflowData/workflow_with_unicode_in_markdown
=== RUN   TestValidateWorkflowData/workflow_with_very_long_name
=== RUN   TestValidateWorkflowData/workflow_with_null_AI_engine
--- PASS: TestValidateWorkflowData (0.01s)
    --- PASS: TestValidateWorkflowData/valid_workflow (0.00s)
    --- PASS: TestValidateWorkflowData/invalid_action-mode_feature_flag (0.00s)
    --- PASS: TestValidateWorkflowData/missing_permissions_for_agentic-workflows_tool (0.00s)
    --- PASS: TestValidateWorkflowData/workflow_with_empty_markdown_content (0.00s)
    --- PASS: TestValidateWorkflowData/workflow_with_unicode_in_markdown (0.00s)
    --- PASS: TestValidateWorkflowData/workflow_with_very_long_name (0.00s)
    --- PASS: TestValidateWorkflowData/workflow_with_null_AI_engine (0.00s)
=== RUN   TestGenerateAndValidateYAML
=== RUN   TestGenerateAndValidateYAML/valid_workflow_generates_YAML
    compiler_test.go:738: Got error (may be validation warning): /tmp/gh-aw-test-runs/20260704-173215-1254793/yaml-test3874849040/test.md:1:1: error: failed to generate YAML: failed to generate workflow YAML: could not compute stable frontmatter hash for "/tmp/gh-aw-test-runs/20260704-173215-1254793/yaml-test3874849040/test.md": failed to read file: open /tmp/gh-aw-test-runs/20260704-173215-1254793/yaml-test3874849040/test.md: no such file or directory
=== RUN   TestGenerateAndValidateYAML/workflow_with_unicode_content
    compiler_test.go:738: Got error (may be validation warning): /tmp/gh-aw-test-runs/20260704-173215-1254793/yaml-test1116430097/test.md:1:1: error: failed to generate YAML: failed to generate workflow YAML: could not compute stable frontmatter hash for "/tmp/gh-aw-test-runs/20260704-173215-1254793/yaml-test1116430097/test.md": failed to read file: open /tmp/gh-aw-test-runs/20260704-173215-1254793/yaml-test1116430097/test.md: no such file or directory
=== RUN   TestGenerateAndValidateYAML/workflow_with_special_characters
    compiler_test.go:738: Got error (may be validation warning): /tmp/gh-aw-test-runs/20260704-173215-1254793/yaml-test534384307/test.md:1:1: error: failed to generate YAML: failed to generate workflow YAML: could not compute stable frontmatter hash for "/tmp/gh-aw-test-runs/20260704-173215-1254793/yaml-test534384307/test.md": failed to read file: open /tmp/gh-aw-test-runs/20260704-173215-1254793/yaml-test534384307/test.md: no such file or directory
=== RUN   TestGenerateAndValidateYAML/workflow_with_very_long_content
    compiler_test.go:738: Got error (may be validation warning): /tmp/gh-aw-test-runs/20260704-173215-1254793/yaml-test711727479/test.md:1:1: error: failed to generate YAML: failed to generate workflow YAML: could not compute stable frontmatter hash for "/tmp/gh-aw-test-runs/20260704-173215-1254793/yaml-test711727479/test.md": failed to read file: open /tmp/gh-aw-test-runs/20260704-173215-1254793/yaml-test711727479/test.md: no such file or directory
=== RUN   TestGenerateAndValidateYAML/workflow_with_multiple_tools
    compiler_test.go:738: Got error (may be validation warning): /tmp/gh-aw-test-runs/20260704-173215-1254793/yaml-test4121890374/test.md:1:1: error: failed to generate YAML: failed to generate workflow YAML: could not compute stable frontmatter hash for "/tmp/gh-aw-test-runs/20260704-173215-1254793/yaml-test4121890374/test.md": failed to read file: open /tmp/gh-aw-test-runs/20260704-173215-1254793/yaml-test4121890374/test.md: no such file or directory
--- PASS: TestGenerateAndValidateYAML (0.01s)
    --- PASS: TestGenerateAndValidateYAML/valid_workflow_generates_YAML (0.00s)
    --- PASS: TestGenerateAndValidateYAML/workflow_with_unicode_content (0.00s)
    --- PASS: TestGenerateAndValidateYAML/workflow_with_special_characters (0.00s)
    --- PASS: TestGenerateAndValidateYAML/workflow_with_very_long_content (0.00s)
    --- PASS: TestGenerateAndValidateYAML/workflow_with_multiple_tools (0.00s)
=== RUN   TestWriteWorkflowOutput
=== RUN   TestWriteWorkflowOutput/write_valid_YAML
✓ /tmp/gh-aw-test-runs/20260704-173215-1254793/output-test2429153510/test.md (95 B)
=== RUN   TestWriteWorkflowOutput/no_emit_mode
✓ /tmp/gh-aw-test-runs/20260704-173215-1254793/output-test1177797259/test.md
=== RUN   TestWriteWorkflowOutput/quiet_mode
--- PASS: TestWriteWorkflowOutput (0.00s)
    --- PASS: TestWriteWorkflowOutput/write_valid_YAML (0.00s)
    --- PASS: TestWriteWorkflowOutput/no_emit_mode (0.00s)
    --- PASS: TestWriteWorkflowOutput/quiet_mode (0.00s)
=== RUN   TestWriteWorkflowOutput_ContentUnchanged
✓ /tmp/gh-aw-test-runs/20260704-173215-1254793/unchanged-test2737581973/test.md (61 B)
--- PASS: TestWriteWorkflowOutput_ContentUnchanged (2.00s)
=== RUN   TestCompileWorkflow_ConcurrentCompilation
/tmp/gh-aw-test-runs/20260704-173215-1254793/concurrent-test3679369427/workflow-49.md: info: Tip: set permissions.copilot-requests: write to use GitHub Actions token-based inference with the Copilot engine instead of a personal access token (COPILOT_GITHUB_TOKEN). This option requires that your organization has centralized Copilot billing enabled and may not be available in all organizations — see https://github.github.com/gh-aw/reference/billing/ for details.

/tmp/gh-aw-test-runs/20260704-173215-1254793/concurrent-test3679369427/workflow-36.md: info: Tip: set permissions.copilot-requests: write to use GitHub Actions token-based inference with the Copilot engine instead of a personal access token (COPILOT_GITHUB_TOKEN). This option requires that your organization has centralized Copilot billing enabled and may not be available in all organizations — see https://github.github.com/gh-aw/reference/billing/ for details.

/tmp/gh-aw-test-runs/20260704-173215-1254793/concurrent-test3679369427/workflow-42.md: info: Tip: set permissions.copilot-requests: write to use GitHub Actions token-based inference with the Copilot engine instead of a personal access token (COPILOT_GITHUB_TOKEN). This option requires that your organization has centralized Copilot billing enabled and may not be available in all organizations — see https://github.github.com/gh-aw/reference/billing/ for details.

/tmp/gh-aw-test-runs/20260704-173215-1254793/concurrent-test3679369427/workflow-3.md: info: Tip: set permissions.copilot-requests: write to use GitHub Actions token-based inference with the Copilot engine instead of a personal access token (COPILOT_GITHUB_TOKEN). This option requires that your organization has centralized Copilot billing enabled and may not be available in all organizations — see https://github.github.com/gh-aw/reference/billing/ for details.

✓ /tmp/gh-aw-test-runs/20260704-173215-1254793/concurrent-test3679369427/workflow-49.md (77.1 KB)
/tmp/gh-aw-test-runs/20260704-173215-1254793/concurrent-test3679369427/workflow-0.md: info: Tip: set permissions.copilot-requests: write to use GitHub Actions token-based inference with the Copilot engine instead of a personal access token (COPILOT_GITHUB_TOKEN). This option requires that your organization has centralized Copilot billing enabled and may not be available in all organizations — see https://github.github.com/gh-aw/reference/billing/ for details.

/tmp/gh-aw-test-runs/20260704-173215-1254793/concurrent-test3679369427/workflow-6.md: info: Tip: set permissions.copilot-requests: write to use GitHub Actions token-based inference with the Copilot engine instead of a personal access token (COPILOT_GITHUB_TOKEN). This option requires that your organization has centralized Copilot billing enabled and may not be available in all organizations — see https://github.github.com/gh-aw/reference/billing/ for details.

/tmp/gh-aw-test-runs/20260704-173215-1254793/concurrent-test3679369427/workflow-5.md: info: Tip: set permissions.copilot-requests: write to use GitHub Actions token-based inference with the Copilot engine instead of a personal access token (COPILOT_GITHUB_TOKEN). This option requires that your organization has centralized Copilot billing enabled and may not be available in all organizations — see https://github.github.com/gh-aw/reference/billing/ for details.

✓ /tmp/gh-aw-test-runs/20260704-173215-1254793/concurrent-test3679369427/workflow-6.md (77.1 KB)
✓ /tmp/gh-aw-test-runs/20260704-173215-1254793/concurrent-test3679369427/workflow-0.md (77.1 KB)
/tmp/gh-aw-test-runs/20260704-173215-1254793/concurrent-test3679369427/workflow-37.md: info: Tip: set permissions.copilot-requests: write to use GitHub Actions token-based inference with the Copilot engine instead of a personal access token (COPILOT_GITHUB_TOKEN). This option requires that your organization has centralized Copilot billing enabled and may not be available in all organizations — see https://github.github.com/gh-aw/reference/billing/ for details.

/tmp/gh-aw-test-runs/20260704-173215-1254793/concurrent-test3679369427/workflow-13.md: info: Tip: set permissions.copilot-requests: write to use GitHub Actions token-based inference with the Copilot engine instead of a personal access token (COPILOT_GITHUB_TOKEN). This option requires that your organization has centralized Copilot billing enabled and may not be available in all organizations — see https://github.github.com/gh-aw/reference/billing/ for details.

/tmp/gh-aw-test-runs/20260704-173215-1254793/concurrent-test3679369427/workflow-10.md: info: Tip: set permissions.copilot-requests: write to use GitHub Actions token-based inference with the Copilot engine instead of a personal access token (COPILOT_GITHUB_TOKEN). This option requires that your organization has centralized Copilot billing enabled and may not be available in all organizations — see https://github.github.com/gh-aw/reference/billing/ for details.

/tmp/gh-aw-test-runs/20260704-173215-1254793/concurrent-test3679369427/workflow-8.md: info: Tip: set permissions.copilot-requests: write to use GitHub Actions token-based inference with the Copilot engine instead of a personal access token (COPILOT_GITHUB_TOKEN). This option requires that your organization has centralized Copilot billing enabled and may not be available in all organizations — see https://github.github.com/gh-aw/reference/billing/ for details.

/tmp/gh-aw-test-runs/20260704-173215-1254793/concurrent-test3679369427/workflow-38.md: info: Tip: set permissions.copilot-requests: write to use GitHub Actions token-based inference with the Copilot engine instead of a personal access token (COPILOT_GITHUB_TOKEN). This option requires that your organization has centralized Copilot billing enabled and may not be available in all organizations — see https://github.github.com/gh-aw/reference/billing/ for details.

/tmp/gh-aw-test-runs/20260704-173215-1254793/concurrent-test3679369427/workflow-45.md: info: Tip: set permissions.copilot-requests: write to use GitHub Actions token-based inference with the Copilot engine instead of a personal access token (COPILOT_GITHUB_TOKEN). This option requires that your organization has centralized Copilot billing enabled and may not be available in all organizations — see https://github.github.com/gh-aw/reference/billing/ for details.

/tmp/gh-aw-test-runs/20260704-173215-1254793/concurrent-test3679369427/workflow-26.md: info: Tip: set permissions.copilot-requests: write to use GitHub Actions token-based inference with the Copilot engine instead of a personal access token (COPILOT_GITHUB_TOKEN). This option requires that your organization has centralized Copilot billing enabled and may not be available in all organizations — see https://github.github.com/gh-aw/reference/billing/ for details.

/tmp/gh-aw-test-runs/20260704-173215-1254793/concurrent-test3679369427/workflow-46.md: info: Tip: set permissions.copilot-requests: write to use GitHub Actions token-based inference with the Copilot engine instead of a personal access token (COPILOT_GITHUB_TOKEN). This option requires that your organization has centralized Copilot billing enabled and may not be available in all organizations — see https://github.github.com/gh-aw/reference/billing/ for details.

✓ /tmp/gh-aw-test-runs/20260704-173215-1254793/concurrent-test3679369427/workflow-37.md (77.1 KB)
/tmp/gh-aw-test-runs/20260704-173215-1254793/concurrent-test3679369427/workflow-30.md: info: Tip: set permissions.copilot-requests: write to use GitHub Actions token-based inference with the Copilot engine instead of a personal access token (COPILOT_GITHUB_TOKEN). This option requires that your organization has centralized Copilot billing enabled and may not be available in all organizations — see https://github.github.com/gh-aw/reference/billing/ for details.

✓ /tmp/gh-aw-test-runs/20260704-173215-1254793/concurrent-test3679369427/workflow-26.md (77.1 KB)
✓ /tmp/gh-aw-test-runs/20260704-173215-1254793/concurrent-test3679369427/workflow-45.md (77.1 KB)
/tmp/gh-aw-test-runs/20260704-173215-1254793/concurrent-test3679369427/workflow-44.md: info: Tip: set permissions.copilot-requests: write to use GitHub Actions token-based inference with the Copilot engine instead of a personal access token (COPILOT_GITHUB_TOKEN). This option requires that your organization has centralized Copilot billing enabled and may not be available in all organizations — see https://github.github.com/gh-aw/reference/billing/ for details.

✓ /tmp/gh-aw-test-runs/20260704-173215-1254793/concurrent-test3679369427/workflow-30.md (77.1 KB)
/tmp/gh-aw-test-runs/20260704-173215-1254793/concurrent-test3679369427/workflow-23.md: info: Tip: set permissions.copilot-requests: write to use GitHub Actions token-based inference with the Copilot engine instead of a personal access token (COPILOT_GITHUB_TOKEN). This option requires that your organization has centralized Copilot billing enabled and may not be available in all organizations — see https://github.github.com/gh-aw/reference/billing/ for details.

/tmp/gh-aw-test-runs/20260704-173215-1254793/concurrent-test3679369427/workflow-29.md: info: Tip: set permissions.copilot-requests: write to use GitHub Actions token-based inference with the Copilot engine instead of a personal access token (COPILOT_GITHUB_TOKEN). This option requires that your organization has centralized Copilot billing enabled and may not be available in all organizations — see https://github.github.com/gh-aw/reference/billing/ for details.

/tmp/gh-aw-test-runs/20260704-173215-1254793/concurrent-test3679369427/workflow-32.md: info: Tip: set permissions.copilot-requests: write to use GitHub Actions token-based inference with the Copilot engine instead of a personal access token (COPILOT_GITHUB_TOKEN). This option requires that your organization has centralized Copilot billing enabled and may not be available in all organizations — see https://github.github.com/gh-aw/reference/billing/ for details.

/tmp/gh-aw-test-runs/20260704-173215-1254793/concurrent-test3679369427/workflow-1.md: info: Tip: set permissions.copilot-requests: write to use GitHub Actions token-based inference with the Copilot engine instead of a personal access token (COPILOT_GITHUB_TOKEN). This option requires that your organization has centralized Copilot billing enabled and may not be available in all organizations — see https://github.github.com/gh-aw/reference/billing/ for details.

/tmp/gh-aw-test-runs/20260704-173215-1254793/concurrent-test3679369427/workflow-7.md: info: Tip: set permissions.copilot-requests: write to use GitHub Actions token-based inference with the Copilot engine instead of a personal access token (COPILOT_GITHUB_TOKEN). This option requires that your organization has centralized Copilot billing enabled and may not be available in all organizations — see https://github.github.com/gh-aw/reference/billing/ for details.

✓ /tmp/gh-aw-test-runs/20260704-173215-1254793/concurrent-test3679369427/workflow-13.md (77.1 KB)
/tmp/gh-aw-test-runs/20260704-173215-1254793/concurrent-test3679369427/workflow-2.md: info: Tip: set permissions.copilot-requests: write to use GitHub Actions token-based inference with the Copilot engine instead of a personal access token (COPILOT_GITHUB_TOKEN). This option requires that your organization has centralized Copilot billing enabled and may not be available in all organizations — see https://github.github.com/gh-aw/reference/billing/ for details.

/tmp/gh-aw-test-runs/20260704-173215-1254793/concurrent-test3679369427/workflow-40.md: info: Tip: set permissions.copilot-requests: write to use GitHub Actions token-based inference with the Copilot engine instead of a personal access token (COPILOT_GITHUB_TOKEN). This option requires that your organization has centralized Copilot billing enabled and may not be available in all organizations — see https://github.github.com/gh-aw/reference/billing/ for details.

/tmp/gh-aw-test-runs/20260704-173215-1254793/concurrent-test3679369427/workflow-47.md: info: Tip: set permissions.copilot-requests: write to use GitHub Actions token-based inference with the Copilot engine instead of a personal access token (COPILOT_GITHUB_TOKEN). This option requires that your organization has centralized Copilot billing enabled and may not be available in all organizations — see https://github.github.com/gh-aw/reference/billing/ for details.

/tmp/gh-aw-test-runs/20260704-173215-1254793/concurrent-test3679369427/workflow-27.md: info: Tip: set permissions.copilot-requests: write to use GitHub Actions token-based inference with the Copilot engine instead of a personal access token (COPILOT_GITHUB_TOKEN). This option requires that your organization has centralized Copilot billing enabled and may not be available in all organizations — see https://github.github.com/gh-aw/reference/billing/ for details.

✓ /tmp/gh-aw-test-runs/20260704-173215-1254793/concurrent-test3679369427/workflow-38.md (77.1 KB)
✓ /tmp/gh-aw-test-runs/20260704-173215-1254793/concurrent-test3679369427/workflow-40.md (77.1 KB)
/tmp/gh-aw-test-runs/20260704-173215-1254793/concurrent-test3679369427/workflow-11.md: info: Tip: set permissions.copilot-requests: write to use GitHub Actions token-based inference with the Copilot engine instead of a personal access token (COPILOT_GITHUB_TOKEN). This option requires that your organization has centralized Copilot billing enabled and may not be available in all organizations — see https://github.github.com/gh-aw/reference/billing/ for details.

/tmp/gh-aw-test-runs/20260704-173215-1254793/concurrent-test3679369427/workflow-15.md: info: Tip: set permissions.copilot-requests: write to use GitHub Actions token-based inference with the Copilot engine instead of a personal access token (COPILOT_GITHUB_TOKEN). This option requires that your organization has centralized Copilot billing enabled and may not be available in all organizations — see https://github.github.com/gh-aw/reference/billing/ for details.

/tmp/gh-aw-test-runs/20260704-173215-1254793/concurrent-test3679369427/workflow-21.md: info: Tip: set permissions.copilot-requests: write to use GitHub Actions token-based inference with the Copilot engine instead of a personal access token (COPILOT_GITHUB_TOKEN). This option requires that your organization has centralized Copilot billing enabled and may not be available in all organizations — see https://github.github.com/gh-aw/reference/billing/ for details.

✓ /tmp/gh-aw-test-runs/20260704-173215-1254793/concurrent-test3679369427/workflow-27.md (77.1 KB)
/tmp/gh-aw-test-runs/20260704-173215-1254793/concurrent-test3679369427/workflow-33.md: info: Tip: set permissions.copilot-requests: write to use GitHub Actions token-based inference with the Copilot engine instead of a personal access token (COPILOT_GITHUB_TOKEN). This option requires that your organization has centralized Copilot billing enabled and may not be available in all organizations — see https://github.github.com/gh-aw/reference/billing/ for details.

/tmp/gh-aw-test-runs/20260704-173215-1254793/concurrent-test3679369427/workflow-24.md: info: Tip: set permissions.copilot-requests: write to use GitHub Actions token-based inference with the Copilot engine instead of a personal access token (COPILOT_GITHUB_TOKEN). This option requires that your organization has centralized Copilot billing enabled and may not be available in all organizations — see https://github.github.com/gh-aw/reference/billing/ for details.

✓ /tmp/gh-aw-test-runs/20260704-173215-1254793/concurrent-test3679369427/workflow-44.md (77.1 KB)
/tmp/gh-aw-test-runs/20260704-173215-1254793/concurrent-test3679369427/workflow-31.md: info: Tip: set permissions.copilot-requests: write to use GitHub Actions token-based inference with the Copilot engine instead of a personal access token (COPILOT_GITHUB_TOKEN). This option requires that your organization has centralized Copilot billing enabled and may not be available in all organizations — see https://github.github.com/gh-aw/reference/billing/ for details.

/tmp/gh-aw-test-runs/20260704-173215-1254793/concurrent-test3679369427/workflow-43.md: info: Tip: set permissions.copilot-requests: write to use GitHub Actions token-based inference with the Copilot engine instead of a personal access token (COPILOT_GITHUB_TOKEN). This option requires that your organization has centralized Copilot billing enabled and may not be available in all organizations — see https://github.github.com/gh-aw/reference/billing/ for details.

/tmp/gh-aw-test-runs/20260704-173215-1254793/concurrent-test3679369427/workflow-34.md: info: Tip: set permissions.copilot-requests: write to use GitHub Actions token-based inference with the Copilot engine instead of a personal access token (COPILOT_GITHUB_TOKEN). This option requires that your organization has centralized Copilot billing enabled and may not be available in all organizations — see https://github.github.com/gh-aw/reference/billing/ for details.

✓ /tmp/gh-aw-test-runs/20260704-173215-1254793/concurrent-test3679369427/workflow-46.md (77.1 KB)
✓ /tmp/gh-aw-test-runs/20260704-173215-1254793/concurrent-test3679369427/workflow-21.md (77.1 KB)
/tmp/gh-aw-test-runs/20260704-173215-1254793/concurrent-test3679369427/workflow-25.md: info: Tip: set permissions.copilot-requests: write to use GitHub Actions token-based inference with the Copilot engine instead of a personal access token (COPILOT_GITHUB_TOKEN). This option requires that your organization has centralized Copilot billing enabled and may not be available in all organizations — see https://github.github.com/gh-aw/reference/billing/ for details.

/tmp/gh-aw-test-runs/20260704-173215-1254793/concurrent-test3679369427/workflow-41.md: info: Tip: set permissions.copilot-requests: write to use GitHub Actions token-based inference with the Copilot engine instead of a personal access token (COPILOT_GITHUB_TOKEN). This option requires that your organization has centralized Copilot billing enabled and may not be available in all organizations — see https://github.github.com/gh-aw/reference/billing/ for details.

/tmp/gh-aw-test-runs/20260704-173215-1254793/concurrent-test3679369427/workflow-17.md: info: Tip: set permissions.copilot-requests: write to use GitHub Actions token-based inference with the Copilot engine instead of a personal access token (COPILOT_GITHUB_TOKEN). This option requires that your organization has centralized Copilot billing enabled and may not be available in all organizations — see https://github.github.com/gh-aw/reference/billing/ for details.

✓ /tmp/gh-aw-test-runs/20260704-173215-1254793/concurrent-test3679369427/workflow-33.md (77.1 KB)
✓ /tmp/gh-aw-test-runs/20260704-173215-1254793/concurrent-test3679369427/workflow-17.md (77.1 KB)
✓ /tmp/gh-aw-test-runs/20260704-173215-1254793/concurrent-test3679369427/workflow-41.md (77.1 KB)
✓ /tmp/gh-aw-test-runs/20260704-173215-1254793/concurrent-test3679369427/workflow-8.md (77.1 KB)
✓ /tmp/gh-aw-test-runs/20260704-173215-1254793/concurrent-test3679369427/workflow-11.md (77.1 KB)
✓ /tmp/gh-aw-test-runs/20260704-173215-1254793/concurrent-test3679369427/workflow-25.md (77.1 KB)
✓ /tmp/gh-aw-test-runs/20260704-173215-1254793/concurrent-test3679369427/workflow-34.md (77.1 KB)
✓ /tmp/gh-aw-test-runs/20260704-173215-1254793/concurrent-test3679369427/workflow-15.md (77.1 KB)
/tmp/gh-aw-test-runs/20260704-173215-1254793/concurrent-test3679369427/workflow-19.md: info: Tip: set permissions.copilot-requests: write to use GitHub Actions token-based inference with the Copilot engine instead of a personal access token (COPILOT_GITHUB_TOKEN). This option requires that your organization has centralized Copilot billing enabled and may not be available in all organizations — see https://github.github.com/gh-aw/reference/billing/ for details.

✓ /tmp/gh-aw-test-runs/20260704-173215-1254793/concurrent-test3679369427/workflow-43.md (77.1 KB)
✓ /tmp/gh-aw-test-runs/20260704-173215-1254793/concurrent-test3679369427/workflow-42.md (77.1 KB)
/tmp/gh-aw-test-runs/20260704-173215-1254793/concurrent-test3679369427/workflow-22.md: info: Tip: set permissions.copilot-requests: write to use GitHub Actions token-based inference with the Copilot engine instead of a personal access token (COPILOT_GITHUB_TOKEN). This option requires that your organization has centralized Copilot billing enabled and may not be available in all organizations — see https://github.github.com/gh-aw/reference/billing/ for details.

/tmp/gh-aw-test-runs/20260704-173215-1254793/concurrent-test3679369427/workflow-48.md: info: Tip: set permissions.copilot-requests: write to use GitHub Actions token-based inference with the Copilot engine instead of a personal access token (COPILOT_GITHUB_TOKEN). This option requires that your organization has centralized Copilot billing enabled and may not be available in all organizations — see https://github.github.com/gh-aw/reference/billing/ for details.

✓ /tmp/gh-aw-test-runs/20260704-173215-1254793/concurrent-test3679369427/workflow-7.md (77.1 KB)
/tmp/gh-aw-test-runs/20260704-173215-1254793/concurrent-test3679369427/workflow-20.md: info: Tip: set permissions.copilot-requests: write to use GitHub Actions token-based inference with the Copilot engine instead of a personal access token (COPILOT_GITHUB_TOKEN). This option requires that your organization has centralized Copilot billing enabled and may not be available in all organizations — see https://github.github.com/gh-aw/reference/billing/ for details.

✓ /tmp/gh-aw-test-runs/20260704-173215-1254793/concurrent-test3679369427/workflow-19.md (77.1 KB)
✓ /tmp/gh-aw-test-runs/20260704-173215-1254793/concurrent-test3679369427/workflow-20.md (77.1 KB)
✓ /tmp/gh-aw-test-runs/20260704-173215-1254793/concurrent-test3679369427/workflow-5.md (77.1 KB)
✓ /tmp/gh-aw-test-runs/20260704-173215-1254793/concurrent-test3679369427/workflow-22.md (77.1 KB)
✓ /tmp/gh-aw-test-runs/20260704-173215-1254793/concurrent-test3679369427/workflow-48.md (77.1 KB)
✓ /tmp/gh-aw-test-runs/20260704-173215-1254793/concurrent-test3679369427/workflow-31.md (77.1 KB)
/tmp/gh-aw-test-runs/20260704-173215-1254793/concurrent-test3679369427/workflow-35.md: info: Tip: set permissions.copilot-requests: write to use GitHub Actions token-based inference with the Copilot engine instead of a personal access token (COPILOT_GITHUB_TOKEN). This option requires that your organization has centralized Copilot billing enabled and may not be available in all organizations — see https://github.github.com/gh-aw/reference/billing/ for details.

✓ /tmp/gh-aw-test-runs/20260704-173215-1254793/concurrent-test3679369427/workflow-3.md (77.1 KB)
✓ /tmp/gh-aw-test-runs/20260704-173215-1254793/concurrent-test3679369427/workflow-10.md (77.1 KB)
/tmp/gh-aw-test-runs/20260704-173215-1254793/concurrent-test3679369427/workflow-18.md: info: Tip: set permissions.copilot-requests: write to use GitHub Actions token-based inference with the Copilot engine instead of a personal access token (COPILOT_GITHUB_TOKEN). This option requires that your organization has centralized Copilot billing enabled and may not be available in all organizations — see https://github.github.com/gh-aw/reference/billing/ for details.

✓ /tmp/gh-aw-test-runs/20260704-173215-1254793/concurrent-test3679369427/workflow-2.md (77.1 KB)
✓ /tmp/gh-aw-test-runs/20260704-173215-1254793/concurrent-test3679369427/workflow-1.md (77.1 KB)
/tmp/gh-aw-test-runs/20260704-173215-1254793/concurrent-test3679369427/workflow-16.md: info: Tip: set permissions.copilot-requests: write to use GitHub Actions token-based inference with the Copilot engine instead of a personal access token (COPILOT_GITHUB_TOKEN). This option requires that your organization has centralized Copilot billing enabled and may not be available in all organizations — see https://github.github.com/gh-aw/reference/billing/ for details.

✓ /tmp/gh-aw-test-runs/20260704-173215-1254793/concurrent-test3679369427/workflow-18.md (77.1 KB)
✓ /tmp/gh-aw-test-runs/20260704-173215-1254793/concurrent-test3679369427/workflow-35.md (77.1 KB)
✓ /tmp/gh-aw-test-runs/20260704-173215-1254793/concurrent-test3679369427/workflow-24.md (77.1 KB)
/tmp/gh-aw-test-runs/20260704-173215-1254793/concurrent-test3679369427/workflow-14.md: info: Tip: set permissions.copilot-requests: write to use GitHub Actions token-based inference with the Copilot engine instead of a personal access token (COPILOT_GITHUB_TOKEN). This option requires that your organization has centralized Copilot billing enabled and may not be available in all organizations — see https://github.github.com/gh-aw/reference/billing/ for details.

/tmp/gh-aw-test-runs/20260704-173215-1254793/concurrent-test3679369427/workflow-4.md: info: Tip: set permissions.copilot-requests: write to use GitHub Actions token-based inference with the Copilot engine instead of a personal access token (COPILOT_GITHUB_TOKEN). This option requires that your organization has centralized Copilot billing enabled and may not be available in all organizations — see https://github.github.com/gh-aw/reference/billing/ for details.

✓ /tmp/gh-aw-test-runs/20260704-173215-1254793/concurrent-test3679369427/workflow-16.md (77.1 KB)
✓ /tmp/gh-aw-test-runs/20260704-173215-1254793/concurrent-test3679369427/workflow-36.md (77.1 KB)
✓ /tmp/gh-aw-test-runs/20260704-173215-1254793/concurrent-test3679369427/workflow-4.md (77.1 KB)
✓ /tmp/gh-aw-test-runs/20260704-173215-1254793/concurrent-test3679369427/workflow-14.md (77.1 KB)
/tmp/gh-aw-test-runs/20260704-173215-1254793/concurrent-test3679369427/workflow-12.md: info: Tip: set permissions.copilot-requests: write to use GitHub Actions token-based inference with the Copilot engine instead of a personal access token (COPILOT_GITHUB_TOKEN). This option requires that your organization has centralized Copilot billing enabled and may not be available in all organizations — see https://github.github.com/gh-aw/reference/billing/ for details.

/tmp/gh-aw-test-runs/20260704-173215-1254793/concurrent-test3679369427/workflow-9.md: info: Tip: set permissions.copilot-requests: write to use GitHub Actions token-based inference with the Copilot engine instead of a personal access token (COPILOT_GITHUB_TOKEN). This option requires that your organization has centralized Copilot billing enabled and may not be available in all organizations — see https://github.github.com/gh-aw/reference/billing/ for details.

/tmp/gh-aw-test-runs/20260704-173215-1254793/concurrent-test3679369427/workflow-28.md: info: Tip: set permissions.copilot-requests: write to use GitHub Actions token-based inference with the Copilot engine instead of a personal access token (COPILOT_GITHUB_TOKEN). This option requires that your organization has centralized Copilot billing enabled and may not be available in all organizations — see https://github.github.com/gh-aw/reference/billing/ for details.

✓ /tmp/gh-aw-test-runs/20260704-173215-1254793/concurrent-test3679369427/workflow-9.md (77.1 KB)
✓ /tmp/gh-aw-test-runs/20260704-173215-1254793/concurrent-test3679369427/workflow-23.md (77.1 KB)
✓ /tmp/gh-aw-test-runs/20260704-173215-1254793/concurrent-test3679369427/workflow-32.md (77.1 KB)
✓ /tmp/gh-aw-test-runs/20260704-173215-1254793/concurrent-test3679369427/workflow-29.md (77.1 KB)
✓ /tmp/gh-aw-test-runs/20260704-173215-1254793/concurrent-test3679369427/workflow-28.md (77.1 KB)
/tmp/gh-aw-test-runs/20260704-173215-1254793/concurrent-test3679369427/workflow-39.md: info: Tip: set permissions.copilot-requests: write to use GitHub Actions token-based inference with the Copilot engine instead of a personal access token (COPILOT_GITHUB_TOKEN). This option requires that your organization has centralized Copilot billing enabled and may not be available in all organizations — see https://github.github.com/gh-aw/reference/billing/ for details.

✓ /tmp/gh-aw-test-runs/20260704-173215-1254793/concurrent-test3679369427/workflow-12.md (77.1 KB)
✓ /tmp/gh-aw-test-runs/20260704-173215-1254793/concurrent-test3679369427/workflow-47.md (77.1 KB)
✓ /tmp/gh-aw-test-runs/20260704-173215-1254793/concurrent-test3679369427/workflow-39.md (77.1 KB)
--- PASS: TestCompileWorkflow_ConcurrentCompilation (0.26s)
=== RUN   TestCompileWorkflow_PerformanceRegression
=== RUN   TestCompileWorkflow_PerformanceRegression/small_workflow
/tmp/gh-aw-test-runs/20260704-173215-1254793/perf-test3062840539/test.md: info: Tip: set permissions.copilot-requests: write to use GitHub Actions token-based inference with the Copilot engine instead of a personal access token (COPILOT_GITHUB_TOKEN). This option requires that your organization has centralized Copilot billing enabled and may not be available in all organizations — see https://github.github.com/gh-aw/reference/billing/ for details.

✓ /tmp/gh-aw-test-runs/20260704-173215-1254793/perf-test3062840539/test.md (77.0 KB)
    compiler_test.go:998: Compilation completed in 9.172033ms (1.8% of max allowed time)
    compiler_test.go:1006: Generated lock file size: 78805 bytes
=== RUN   TestCompileWorkflow_PerformanceRegression/medium_workflow
/tmp/gh-aw-test-runs/20260704-173215-1254793/perf-test3578264321/test.md: warning: Missing required permissions for GitHub toolsets:
  - issues: read (required by issues)
  - pull-requests: read (required by pull_requests)

To fix this, you can either:

Option 1: Add missing permissions to your workflow frontmatter:
permissions:
  issues: read
  pull-requests: read

See: https://github.com/github/gh-aw/blob/main/docs/src/content/docs/reference/permissions.md

Option 2: Reduce the required toolsets in your workflow:
Remove or adjust toolsets that require these permissions:
  - issues
  - pull_requests

/tmp/gh-aw-test-runs/20260704-173215-1254793/perf-test3578264321/test.md: info: Tip: set permissions.copilot-requests: write to use GitHub Actions token-based inference with the Copilot engine instead of a personal access token (COPILOT_GITHUB_TOKEN). This option requires that your organization has centralized Copilot billing enabled and may not be available in all organizations — see https://github.github.com/gh-aw/reference/billing/ for details.

✓ /tmp/gh-aw-test-runs/20260704-173215-1254793/perf-test3578264321/test.md (78.3 KB)
    compiler_test.go:998: Compilation completed in 17.354087ms (1.7% of max allowed time)
    compiler_test.go:1006: Generated lock file size: 80132 bytes
=== RUN   TestCompileWorkflow_PerformanceRegression/large_workflow
ℹ recommend using ecosystem identifiers instead of individual domain names for better maintainability: 'github.com' → 'github', 'api.github.com' → 'threat-detection'
/tmp/gh-aw-test-runs/20260704-173215-1254793/perf-test1477629692/test.md: warning: Missing required permissions for GitHub toolsets:
  - issues: read (required by issues)
  - pull-requests: read (required by pull_requests)

To fix this, you can either:

Option 1: Add missing permissions to your workflow frontmatter:
permissions:
  issues: read
  pull-requests: read

See: https://github.com/github/gh-aw/blob/main/docs/src/content/docs/reference/permissions.md

Option 2: Reduce the required toolsets in your workflow:
Remove or adjust toolsets that require these permissions:
  - issues
  - pull_requests

/tmp/gh-aw-test-runs/20260704-173215-1254793/perf-test1477629692/test.md: info: Tip: set permissions.copilot-requests: write to use GitHub Actions token-based inference with the Copilot engine instead of a personal access token (COPILOT_GITHUB_TOKEN). This option requires that your organization has centralized Copilot billing enabled and may not be available in all organizations — see https://github.github.com/gh-aw/reference/billing/ for details.

✓ /tmp/gh-aw-test-runs/20260704-173215-1254793/perf-test1477629692/test.md (76.5 KB)
    compiler_test.go:998: Compilation completed in 13.748454ms (0.5% of max allowed time)
    compiler_test.go:1006: Generated lock file size: 78329 bytes
--- PASS: TestCompileWorkflow_PerformanceRegression (0.04s)
    --- PASS: TestCompileWorkflow_PerformanceRegression/small_workflow (0.01s)
    --- PASS: TestCompileWorkflow_PerformanceRegression/medium_workflow (0.02s)
    --- PASS: TestCompileWorkflow_PerformanceRegression/large_workflow (0.01s)
=== RUN   TestValidateTemplateInjection_IgnoresMalformedYAMLInFallback
--- PASS: TestValidateTemplateInjection_IgnoresMalformedYAMLInFallback (0.00s)
=== RUN   TestReadLockFileFromHEAD_GitStates
=== RUN   TestReadLockFileFromHEAD_GitStates/missing_git_root
=== RUN   TestReadLockFileFromHEAD_GitStates/returns_committed_content_from_HEAD
=== RUN   TestReadLockFileFromHEAD_GitStates/errors_when_lock_file_is_absent_in_HEAD
--- PASS: TestReadLockFileFromHEAD_GitStates (0.06s)
    --- PASS: TestReadLockFileFromHEAD_GitStates/missing_git_root (0.00s)
    --- PASS: TestReadLockFileFromHEAD_GitStates/returns_committed_content_from_HEAD (0.03s)
    --- PASS: TestReadLockFileFromHEAD_GitStates/errors_when_lock_file_is_absent_in_HEAD (0.03s)
=== RUN   TestFormal_CTR016_NilManifestSkipsEnforcement
--- PASS: TestFormal_CTR016_NilManifestSkipsEnforcement (0.00s)
=== RUN   TestFormal_CTR016_EmptyManifestRejectsNewSecret
--- PASS: TestFormal_CTR016_EmptyManifestRejectsNewSecret (0.00s)
=== RUN   TestFormal_CTR016_GitHubTokenExempt_BareForm
--- PASS: TestFormal_CTR016_GitHubTokenExempt_BareForm (0.00s)
=== RUN   TestFormal_CTR016_GitHubTokenExempt_PrefixedForm
--- PASS: TestFormal_CTR016_GitHubTokenExempt_PrefixedForm (0.00s)
=== RUN   TestFormal_CTR016_GhAwInternalSecretExempt
--- PASS: TestFormal_CTR016_GhAwInternalSecretExempt (0.00s)
=== RUN   TestFormal_CTR016_SecretPrefixNormalization
--- PASS: TestFormal_CTR016_SecretPrefixNormalization (0.00s)
=== RUN   TestFormal_CTR016_NewActionDriftRejected
--- PASS: TestFormal_CTR016_NewActionDriftRejected (0.00s)
=== RUN   TestFormal_CTR016_RemovedActionDriftRejected
--- PASS: TestFormal_CTR016_RemovedActionDriftRejected (0.00s)
=== RUN   TestFormal_CTR016_KnownActionPinUpdateAllowed
--- PASS: TestFormal_CTR016_KnownActionPinUpdateAllowed (0.00s)
=== RUN   TestFormal_CTR016_RedirectWhitespaceNormalization
--- PASS: TestFormal_CTR016_RedirectWhitespaceNormalization (0.00s)
=== RUN   TestFormal_CTR016_RedirectChangeRejected
--- PASS: TestFormal_CTR016_RedirectChangeRejected (0.00s)
=== RUN   TestFormal_CTR001_WritePermissionsRejected
=== RUN   TestFormal_CTR001_WritePermissionsRejected/actions
=== RUN   TestFormal_CTR001_WritePermissionsRejected/attestations
=== RUN   TestFormal_CTR001_WritePermissionsRejected/checks
=== RUN   TestFormal_CTR001_WritePermissionsRejected/contents
=== RUN   TestFormal_CTR001_WritePermissionsRejected/deployments
=== RUN   TestFormal_CTR001_WritePermissionsRejected/discussions
=== RUN   TestFormal_CTR001_WritePermissionsRejected/issues
=== RUN   TestFormal_CTR001_WritePermissionsRejected/models
=== RUN   TestFormal_CTR001_WritePermissionsRejected/packages
=== RUN   TestFormal_CTR001_WritePermissionsRejected/pages
=== RUN   TestFormal_CTR001_WritePermissionsRejected/pull-requests
=== RUN   TestFormal_CTR001_WritePermissionsRejected/repository-projects
=== RUN   TestFormal_CTR001_WritePermissionsRejected/security-events
=== RUN   TestFormal_CTR001_WritePermissionsRejected/statuses
=== RUN   TestFormal_CTR001_WritePermissionsRejected/vulnerability-alerts
--- PASS: TestFormal_CTR001_WritePermissionsRejected (0.00s)
    --- PASS: TestFormal_CTR001_WritePermissionsRejected/actions (0.00s)
    --- PASS: TestFormal_CTR001_WritePermissionsRejected/attestations (0.00s)
    --- PASS: TestFormal_CTR001_WritePermissionsRejected/checks (0.00s)
    --- PASS: TestFormal_CTR001_WritePermissionsRejected/contents (0.00s)
    --- PASS: TestFormal_CTR001_WritePermissionsRejected/deployments (0.00s)
    --- PASS: TestFormal_CTR001_WritePermissionsRejected/discussions (0.00s)
    --- PASS: TestFormal_CTR001_WritePermissionsRejected/issues (0.00s)
    --- PASS: TestFormal_CTR001_WritePermissionsRejected/models (0.00s)
    --- PASS: TestFormal_CTR001_WritePermissionsRejected/packages (0.00s)
    --- PASS: TestFormal_CTR001_WritePermissionsRejected/pages (0.00s)
    --- PASS: TestFormal_CTR001_WritePermissionsRejected/pull-requests (0.00s)
    --- PASS: TestFormal_CTR001_WritePermissionsRejected/repository-projects (0.00s)
    --- PASS: TestFormal_CTR001_WritePermissionsRejected/security-events (0.00s)
    --- PASS: TestFormal_CTR001_WritePermissionsRejected/statuses (0.00s)
    --- PASS: TestFormal_CTR001_WritePermissionsRejected/vulnerability-alerts (0.00s)
=== RUN   TestFormal_CTR001_ReadOnlyPermissionsAllowed
--- PASS: TestFormal_CTR001_ReadOnlyPermissionsAllowed (0.00s)
=== RUN   TestFormal_CTR001_EmptyPermissionsAllowed
--- PASS: TestFormal_CTR001_EmptyPermissionsAllowed (0.00s)
=== RUN   TestFormal_CTR011_AllowURLsRequiresSSLBump
--- PASS: TestFormal_CTR011_AllowURLsRequiresSSLBump (0.00s)
=== RUN   TestFormal_CTR011_AllowURLsWithSSLBumpAllowed
--- PASS: TestFormal_CTR011_AllowURLsWithSSLBumpAllowed (0.00s)
=== RUN   TestFormal_CTR011_WildcardOnlyDomainRejected
--- PASS: TestFormal_CTR011_WildcardOnlyDomainRejected (0.00s)
=== RUN   TestFormal_CTR015_WildcardLabelRejected
--- PASS: TestFormal_CTR015_WildcardLabelRejected (0.00s)
=== RUN   TestFormal_CTR015_WildcardLabelRejected_CreateDiscussion
--- PASS: TestFormal_CTR015_WildcardLabelRejected_CreateDiscussion (0.00s)
=== RUN   TestFormal_CTR015_SpecificLabelsAllowed
--- PASS: TestFormal_CTR015_SpecificLabelsAllowed (0.00s)
=== RUN   TestFormal_CTR015_NilConfigAllowed
--- PASS: TestFormal_CTR015_NilConfigAllowed (0.00s)
=== RUN   TestFormal_CTR014_StrictModeEnabledRejected
--- PASS: TestFormal_CTR014_StrictModeEnabledRejected (0.00s)
=== RUN   TestFormal_CTR014_DisabledAlwaysAllowed
=== RUN   TestFormal_CTR014_DisabledAlwaysAllowed/strict_mode
=== RUN   TestFormal_CTR014_DisabledAlwaysAllowed/non-strict_mode
--- PASS: TestFormal_CTR014_DisabledAlwaysAllowed (0.00s)
    --- PASS: TestFormal_CTR014_DisabledAlwaysAllowed/strict_mode (0.00s)
    --- PASS: TestFormal_CTR014_DisabledAlwaysAllowed/non-strict_mode (0.00s)
=== RUN   TestWorkflowData_PinContext_SkipHardcodedFallback
=== RUN   TestWorkflowData_PinContext_SkipHardcodedFallback/sets_SkipHardcodedFallback_when_GH_HOST_is_a_non-github.com_host
=== RUN   TestWorkflowData_PinContext_SkipHardcodedFallback/does_not_set_SkipHardcodedFallback_when_GH_HOST_is_github.com
=== RUN   TestWorkflowData_PinContext_SkipHardcodedFallback/GH_HOST=github.com_wins_over_non-github.com_default_host
=== RUN   TestWorkflowData_PinContext_SkipHardcodedFallback/does_not_set_SkipHardcodedFallback_when_GH_HOST_is_not_set
=== RUN   TestWorkflowData_PinContext_SkipHardcodedFallback/sets_SkipHardcodedFallback_when_default_GH_host_is_a_non-github.com_host
=== RUN   TestWorkflowData_PinContext_SkipHardcodedFallback/does_not_set_SkipHardcodedFallback_when_default_GH_host_is_github.com
=== RUN   TestWorkflowData_PinContext_SkipHardcodedFallback/returns_nil_for_nil_WorkflowData
--- PASS: TestWorkflowData_PinContext_SkipHardcodedFallback (0.00s)
    --- PASS: TestWorkflowData_PinContext_SkipHardcodedFallback/sets_SkipHardcodedFallback_when_GH_HOST_is_a_non-github.com_host (0.00s)
    --- PASS: TestWorkflowData_PinContext_SkipHardcodedFallback/does_not_set_SkipHardcodedFallback_when_GH_HOST_is_github.com (0.00s)
    --- PASS: TestWorkflowData_PinContext_SkipHardcodedFallback/GH_HOST=github.com_wins_over_non-github.com_default_host (0.00s)
    --- PASS: TestWorkflowData_PinContext_SkipHardcodedFallback/does_not_set_SkipHardcodedFallback_when_GH_HOST_is_not_set (0.00s)
    --- PASS: TestWorkflowData_PinContext_SkipHardcodedFallback/sets_SkipHardcodedFallback_when_default_GH_host_is_a_non-github.com_host (0.00s)
    --- PASS: TestWorkflowData_PinContext_SkipHardcodedFallback/does_not_set_SkipHardcodedFallback_when_default_GH_host_is_github.com (0.00s)
    --- PASS: TestWorkflowData_PinContext_SkipHardcodedFallback/returns_nil_for_nil_WorkflowData (0.00s)
=== RUN   TestExtractTopLevelYAMLSection_NestedEnvIssue
=== RUN   TestExtractTopLevelYAMLSection_NestedEnvIssue/top-level_on_section_should_be_found
=== RUN   TestExtractTopLevelYAMLSection_NestedEnvIssue/top-level_timeout-minutes_should_be_found
=== RUN   TestExtractTopLevelYAMLSection_NestedEnvIssue/top-level_permissions_should_be_found
=== RUN   TestExtractTopLevelYAMLSection_NestedEnvIssue/nested_env_should_NOT_be_found_as_top-level_env
=== RUN   TestExtractTopLevelYAMLSection_NestedEnvIssue/top-level_tools_should_be_found
--- PASS: TestExtractTopLevelYAMLSection_NestedEnvIssue (0.00s)
    --- PASS: TestExtractTopLevelYAMLSection_NestedEnvIssue/top-level_on_section_should_be_found (0.00s)
    --- PASS: TestExtractTopLevelYAMLSection_NestedEnvIssue/top-level_timeout-minutes_should_be_found (0.00s)
    --- PASS: TestExtractTopLevelYAMLSection_NestedEnvIssue/top-level_permissions_should_be_found (0.00s)
    --- PASS: TestExtractTopLevelYAMLSection_NestedEnvIssue/nested_env_should_NOT_be_found_as_top-level_env (0.00s)
    --- PASS: TestExtractTopLevelYAMLSection_NestedEnvIssue/top-level_tools_should_be_found (0.00s)
=== RUN   TestCompileWorkflowWithNestedEnv_NoOrphanedEnv
/tmp/gh-aw-test-runs/20260704-173215-1254793/nested-env-test3297151676/test-nested-env.md: info: Tip: set permissions.copilot-requests: write to use GitHub Actions token-based inference with the Copilot engine instead of a personal access token (COPILOT_GITHUB_TOKEN). This option requires that your organization has centralized Copilot billing enabled and may not be available in all organizations — see https://github.github.com/gh-aw/reference/billing/ for details.

✓ /tmp/gh-aw-test-runs/20260704-173215-1254793/nested-env-test3297151676/test-nested-env.md (76.1 KB)
--- PASS: TestCompileWorkflowWithNestedEnv_NoOrphanedEnv (0.02s)
=== RUN   TestGeneratedDisclaimerInLockFile
✓ /tmp/gh-aw-test-runs/20260704-173215-1254793/test-3360905457/test-workflow.md (79.4 KB)
--- PASS: TestGeneratedDisclaimerInLockFile (0.01s)
=== RUN   TestValidateWorkflowSchema
=== RUN   TestValidateWorkflowSchema/valid_minimal_workflow
=== RUN   TestValidateWorkflowSchema/invalid_workflow_-_missing_jobs
=== RUN   TestValidateWorkflowSchema/invalid_workflow_-_invalid_job_structure
--- PASS: TestValidateWorkflowSchema (0.00s)
    --- PASS: TestValidateWorkflowSchema/valid_minimal_workflow (0.00s)
    --- PASS: TestValidateWorkflowSchema/invalid_workflow_-_missing_jobs (0.00s)
    --- PASS: TestValidateWorkflowSchema/invalid_workflow_-_invalid_job_structure (0.00s)
=== RUN   TestBasicYAMLValidation
=== RUN   TestBasicYAMLValidation/valid_YAML
=== RUN   TestBasicYAMLValidation/invalid_YAML_syntax
--- PASS: TestBasicYAMLValidation (0.00s)
    --- PASS: TestBasicYAMLValidation/valid_YAML (0.00s)
    --- PASS: TestBasicYAMLValidation/invalid_YAML_syntax (0.00s)
=== RUN   TestValidationCanBeSkipped
/tmp/gh-aw-test-runs/20260704-173215-1254793/validation-skip-test4144675058/test.md: info: Tip: set permissions.copilot-requests: write to use GitHub Actions token-based inference with the Copilot engine instead of a personal access token (COPILOT_GITHUB_TOKEN). This option requires that your organization has centralized Copilot billing enabled and may not be available in all organizations — see https://github.github.com/gh-aw/reference/billing/ for details.

✓ /tmp/gh-aw-test-runs/20260704-173215-1254793/validation-skip-test4144675058/test.md (76.9 KB)
--- PASS: TestValidationCanBeSkipped (0.02s)
=== RUN   TestFrontmatterEmbeddedInLockFile
✓ /tmp/gh-aw-test-runs/20260704-173215-1254793/frontmatter-embed-test416810952/test-frontmatter.md (77.9 KB)
--- PASS: TestFrontmatterEmbeddedInLockFile (0.01s)
=== RUN   TestDescriptionFieldRendering
=== RUN   TestDescriptionFieldRendering/single_line_description
✓ /tmp/gh-aw-test-runs/20260704-173215-1254793/description-test3677678501/single_line_description-workflow.md (78.2 KB)
=== RUN   TestDescriptionFieldRendering/multiline_description
✓ /tmp/gh-aw-test-runs/20260704-173215-1254793/description-test3677678501/multiline_description-workflow.md (78.3 KB)
=== RUN   TestDescriptionFieldRendering/no_description
✓ /tmp/gh-aw-test-runs/20260704-173215-1254793/description-test3677678501/no_description-workflow.md (77.9 KB)
--- PASS: TestDescriptionFieldRendering (0.03s)
    --- PASS: TestDescriptionFieldRendering/single_line_description (0.01s)
    --- PASS: TestDescriptionFieldRendering/multiline_description (0.01s)
    --- PASS: TestDescriptionFieldRendering/no_description (0.01s)
=== RUN   TestValidateExpressions
=== RUN   TestValidateExpressions/no_expressions
=== RUN   TestValidateExpressions/safe_expression
=== RUN   TestValidateExpressions/unsafe_expression_in_markdown
--- PASS: TestValidateExpressions (0.00s)
    --- PASS: TestValidateExpressions/no_expressions (0.00s)
    --- PASS: TestValidateExpressions/safe_expression (0.00s)
    --- PASS: TestValidateExpressions/unsafe_expression_in_markdown (0.00s)
=== RUN   TestValidateFeatureConfig
=== RUN   TestValidateFeatureConfig/no_features
=== RUN   TestValidateFeatureConfig/valid_action-mode_dev
=== RUN   TestValidateFeatureConfig/valid_action-mode_release
=== RUN   TestValidateFeatureConfig/invalid_action-mode
=== RUN   TestValidateFeatureConfig/empty_action-mode_is_ignored
--- PASS: TestValidateFeatureConfig (0.01s)
    --- PASS: TestValidateFeatureConfig/no_features (0.00s)
    --- PASS: TestValidateFeatureConfig/valid_action-mode_dev (0.00s)
    --- PASS: TestValidateFeatureConfig/valid_action-mode_release (0.00s)
    --- PASS: TestValidateFeatureConfig/invalid_action-mode (0.00s)
    --- PASS: TestValidateFeatureConfig/empty_action-mode_is_ignored (0.00s)
=== RUN   TestEmitExperimentalFeatureWarningsGHAWDetection
=== RUN   TestEmitExperimentalFeatureWarningsGHAWDetection/gh-aw-detection_enabled_produces_experimental_warning
=== RUN   TestEmitExperimentalFeatureWarningsGHAWDetection/gh-aw-detection_disabled_does_not_produce_experimental_warning
=== RUN   TestEmitExperimentalFeatureWarningsGHAWDetection/no_gh-aw-detection_does_not_produce_experimental_warning
--- PASS: TestEmitExperimentalFeatureWarningsGHAWDetection (0.00s)
    --- PASS: TestEmitExperimentalFeatureWarningsGHAWDetection/gh-aw-detection_enabled_produces_experimental_warning (0.00s)
    --- PASS: TestEmitExperimentalFeatureWarningsGHAWDetection/gh-aw-detection_disabled_does_not_produce_experimental_warning (0.00s)
    --- PASS: TestEmitExperimentalFeatureWarningsGHAWDetection/no_gh-aw-detection_does_not_produce_experimental_warning (0.00s)
=== RUN   TestValidatePermissions
=== RUN   TestValidatePermissions/no_permissions_returns_empty_Permissions
=== RUN   TestValidatePermissions/valid_permissions_parses_successfully
=== RUN   TestValidatePermissions/engine_auth_github-oidc_requires_id-token_write
=== RUN   TestValidatePermissions/engine_auth_github-oidc_with_id-token_write_succeeds
/tmp/gh-aw-test-runs/20260704-173215-1254793/perms-test528413317/test.md: warning: This workflow grants id-token: write permission
OIDC tokens can authenticate to cloud providers (AWS, Azure, GCP).
Ensure proper audience validation and trust policies are configured.

/tmp/gh-aw-test-runs/20260704-173215-1254793/perms-test528413317/test.md: info: Tip: set permissions.copilot-requests: write to use GitHub Actions token-based inference with the Copilot engine instead of a personal access token (COPILOT_GITHUB_TOKEN). This option requires that your organization has centralized Copilot billing enabled and may not be available in all organizations — see https://github.github.com/gh-aw/reference/billing/ for details.

=== RUN   TestValidatePermissions/observability_otlp_github-app_requires_id-token_write
=== RUN   TestValidatePermissions/observability_otlp_github-app_with_id-token_write_succeeds
/tmp/gh-aw-test-runs/20260704-173215-1254793/perms-test4156598958/test.md: warning: This workflow grants id-token: write permission
OIDC tokens can authenticate to cloud providers (AWS, Azure, GCP).
Ensure proper audience validation and trust policies are configured.

=== RUN   TestValidatePermissions/observability_otlp_GitHub_App_credentials_do_not_require_id-token_write
--- PASS: TestValidatePermissions (0.01s)
    --- PASS: TestValidatePermissions/no_permissions_returns_empty_Permissions (0.00s)
    --- PASS: TestValidatePermissions/valid_permissions_parses_successfully (0.00s)
    --- PASS: TestValidatePermissions/engine_auth_github-oidc_requires_id-token_write (0.00s)
    --- PASS: TestValidatePermissions/engine_auth_github-oidc_with_id-token_write_succeeds (0.00s)
    --- PASS: TestValidatePermissions/observability_otlp_github-app_requires_id-token_write (0.00s)
    --- PASS: TestValidatePermissions/observability_otlp_github-app_with_id-token_write_succeeds (0.00s)
    --- PASS: TestValidatePermissions/observability_otlp_GitHub_App_credentials_do_not_require_id-token_write (0.00s)
=== RUN   TestValidateToolConfiguration
=== RUN   TestValidateToolConfiguration/minimal_workflow_passes
=== RUN   TestValidateToolConfiguration/agentic-workflows_tool_requires_actions_read_permission
=== RUN   TestValidateToolConfiguration/agentic-workflows_tool_with_actions_read_succeeds
--- PASS: TestValidateToolConfiguration (0.00s)
    --- PASS: TestValidateToolConfiguration/minimal_workflow_passes (0.00s)
    --- PASS: TestValidateToolConfiguration/agentic-workflows_tool_requires_actions_read_permission (0.00s)
    --- PASS: TestValidateToolConfiguration/agentic-workflows_tool_with_actions_read_succeeds (0.00s)
=== RUN   TestValidatePermissions_UsesCachedPermissionScopeValidation
--- PASS: TestValidatePermissions_UsesCachedPermissionScopeValidation (0.00s)
=== RUN   TestValidateToolConfiguration_EmitsSandboxWarningBeforeThreatDetectionError
--- PASS: TestValidateToolConfiguration_EmitsSandboxWarningBeforeThreatDetectionError (0.00s)
=== RUN   TestWarnPromptTmpPaths
=== RUN   TestWarnPromptTmpPaths/no_tmp_reference
=== RUN   TestWarnPromptTmpPaths/correct_path_/tmp/gh-aw/agent/_only
=== RUN   TestWarnPromptTmpPaths/correct_path_/tmp/gh-aw/agent/_subdirectory
=== RUN   TestWarnPromptTmpPaths/bare_/tmp/_reference
=== RUN   TestWarnPromptTmpPaths//tmp/gh-aw/_subpath_is_safe
=== RUN   TestWarnPromptTmpPaths//tmp/_root_only
=== RUN   TestWarnPromptTmpPaths/mix_of_correct_and_raw_/tmp/_reference
=== RUN   TestWarnPromptTmpPaths/cache-memory_path_is_safe
=== RUN   TestWarnPromptTmpPaths/named_cache-memory_path_is_safe
=== RUN   TestWarnPromptTmpPaths/repo-memory_path_is_safe
=== RUN   TestWarnPromptTmpPaths/comment-memory_path_is_safe
--- PASS: TestWarnPromptTmpPaths (0.00s)
    --- PASS: TestWarnPromptTmpPaths/no_tmp_reference (0.00s)
    --- PASS: TestWarnPromptTmpPaths/correct_path_/tmp/gh-aw/agent/_only (0.00s)
    --- PASS: TestWarnPromptTmpPaths/correct_path_/tmp/gh-aw/agent/_subdirectory (0.00s)
    --- PASS: TestWarnPromptTmpPaths/bare_/tmp/_reference (0.00s)
    --- PASS: TestWarnPromptTmpPaths//tmp/gh-aw/_subpath_is_safe (0.00s)
    --- PASS: TestWarnPromptTmpPaths//tmp/_root_only (0.00s)
    --- PASS: TestWarnPromptTmpPaths/mix_of_correct_and_raw_/tmp/_reference (0.00s)
    --- PASS: TestWarnPromptTmpPaths/cache-memory_path_is_safe (0.00s)
    --- PASS: TestWarnPromptTmpPaths/named_cache-memory_path_is_safe (0.00s)
    --- PASS: TestWarnPromptTmpPaths/repo-memory_path_is_safe (0.00s)
    --- PASS: TestWarnPromptTmpPaths/comment-memory_path_is_safe (0.00s)
=== RUN   TestValidatePromptTmpPaths
=== RUN   TestValidatePromptTmpPaths/no_tmp_reference_—_no_warning
=== RUN   TestValidatePromptTmpPaths/correct_/tmp/gh-aw/agent/_—_no_warning
=== RUN   TestValidatePromptTmpPaths/bare_/tmp/_reference_—_warning
/tmp/gh-aw-test-runs/20260704-173215-1254793/tmp-path-test3323236471/workflow.md: warning: Prompt references /tmp/ directly. Use /tmp/gh-aw/agent/ as the root for all temporary files generated by the agent — its contents are uploaded as a run artifact.

=== RUN   TestValidatePromptTmpPaths//tmp/gh-aw/_subpath_—_no_warning
--- PASS: TestValidatePromptTmpPaths (0.00s)
    --- PASS: TestValidatePromptTmpPaths/no_tmp_reference_—_no_warning (0.00s)
    --- PASS: TestValidatePromptTmpPaths/correct_/tmp/gh-aw/agent/_—_no_warning (0.00s)
    --- PASS: TestValidatePromptTmpPaths/bare_/tmp/_reference_—_warning (0.00s)
    --- PASS: TestValidatePromptTmpPaths//tmp/gh-aw/_subpath_—_no_warning (0.00s)
=== RUN   TestInjectWorkflowCallOutputs
=== RUN   TestInjectWorkflowCallOutputs/no_workflow_call_-_no_injection
=== RUN   TestInjectWorkflowCallOutputs/nil_safe_outputs_-_no_injection
=== RUN   TestInjectWorkflowCallOutputs/empty_SafeOutputsConfig_-_no_injection
=== RUN   TestInjectWorkflowCallOutputs/workflow_call_with_create-issue_outputs
=== RUN   TestInjectWorkflowCallOutputs/workflow_call_with_create-pull-request_outputs
=== RUN   TestInjectWorkflowCallOutputs/workflow_call_with_add-comment_outputs
=== RUN   TestInjectWorkflowCallOutputs/workflow_call_with_push-to-pull-request-branch_outputs
=== RUN   TestInjectWorkflowCallOutputs/workflow_call_with_multiple_safe_output_types
=== RUN   TestInjectWorkflowCallOutputs/workflow_call_with_no_relevant_safe_output_types
=== RUN   TestInjectWorkflowCallOutputs/user-defined_outputs_are_preserved_when_merged
--- PASS: TestInjectWorkflowCallOutputs (0.00s)
    --- PASS: TestInjectWorkflowCallOutputs/no_workflow_call_-_no_injection (0.00s)
    --- PASS: TestInjectWorkflowCallOutputs/nil_safe_outputs_-_no_injection (0.00s)
    --- PASS: TestInjectWorkflowCallOutputs/empty_SafeOutputsConfig_-_no_injection (0.00s)
    --- PASS: TestInjectWorkflowCallOutputs/workflow_call_with_create-issue_outputs (0.00s)
    --- PASS: TestInjectWorkflowCallOutputs/workflow_call_with_create-pull-request_outputs (0.00s)
    --- PASS: TestInjectWorkflowCallOutputs/workflow_call_with_add-comment_outputs (0.00s)
    --- PASS: TestInjectWorkflowCallOutputs/workflow_call_with_push-to-pull-request-branch_outputs (0.00s)
    --- PASS: TestInjectWorkflowCallOutputs/workflow_call_with_multiple_safe_output_types (0.00s)
    --- PASS: TestInjectWorkflowCallOutputs/workflow_call_with_no_relevant_safe_output_types (0.00s)
    --- PASS: TestInjectWorkflowCallOutputs/user-defined_outputs_are_preserved_when_merged (0.00s)
=== RUN   TestBuildWorkflowCallOutputsMap
=== RUN   TestBuildWorkflowCallOutputsMap/create-issue_adds_2_outputs
=== RUN   TestBuildWorkflowCallOutputsMap/create-pull-request_adds_2_outputs
=== RUN   TestBuildWorkflowCallOutputsMap/add-comment_adds_2_outputs
=== RUN   TestBuildWorkflowCallOutputsMap/push-to-pull-request-branch_adds_2_outputs
=== RUN   TestBuildWorkflowCallOutputsMap/no_relevant_types_returns_empty_map
=== RUN   TestBuildWorkflowCallOutputsMap/multiple_types_produce_all_outputs
--- PASS: TestBuildWorkflowCallOutputsMap (0.00s)
    --- PASS: TestBuildWorkflowCallOutputsMap/create-issue_adds_2_outputs (0.00s)
    --- PASS: TestBuildWorkflowCallOutputsMap/create-pull-request_adds_2_outputs (0.00s)
    --- PASS: TestBuildWorkflowCallOutputsMap/add-comment_adds_2_outputs (0.00s)
    --- PASS: TestBuildWorkflowCallOutputsMap/push-to-pull-request-branch_adds_2_outputs (0.00s)
    --- PASS: TestBuildWorkflowCallOutputsMap/no_relevant_types_returns_empty_map (0.00s)
    --- PASS: TestBuildWorkflowCallOutputsMap/multiple_types_produce_all_outputs (0.00s)
=== RUN   TestWorkflowCallOutputsEndToEnd
--- PASS: TestWorkflowCallOutputsEndToEnd (0.01s)
=== RUN   TestHasWorkflowCallTrigger
=== RUN   TestHasWorkflowCallTrigger/workflow_call_present_in_map_format
=== RUN   TestHasWorkflowCallTrigger/workflow_call_present_with_inputs
=== RUN   TestHasWorkflowCallTrigger/workflow_call_absent_-_push_and_workflow_dispatch_only
=== RUN   TestHasWorkflowCallTrigger/workflow_call_with_other_triggers_-_issue_comment_and_workflow_call
=== RUN   TestHasWorkflowCallTrigger/empty_string
=== RUN   TestHasWorkflowCallTrigger/workflow_dispatch_only_-_not_workflow_call
--- PASS: TestHasWorkflowCallTrigger (0.00s)
    --- PASS: TestHasWorkflowCallTrigger/workflow_call_present_in_map_format (0.00s)
    --- PASS: TestHasWorkflowCallTrigger/workflow_call_present_with_inputs (0.00s)
    --- PASS: TestHasWorkflowCallTrigger/workflow_call_absent_-_push_and_workflow_dispatch_only (0.00s)
    --- PASS: TestHasWorkflowCallTrigger/workflow_call_with_other_triggers_-_issue_comment_and_workflow_call (0.00s)
    --- PASS: TestHasWorkflowCallTrigger/empty_string (0.00s)
    --- PASS: TestHasWorkflowCallTrigger/workflow_dispatch_only_-_not_workflow_call (0.00s)
=== RUN   TestInjectWorkflowCallSecretsSection
=== RUN   TestInjectWorkflowCallSecretsSection/injects_secrets_into_workflow_call_trigger
=== RUN   TestInjectWorkflowCallSecretsSection/excludes_GITHUB_TOKEN
=== RUN   TestInjectWorkflowCallSecretsSection/no-op_when_only_GITHUB_TOKEN
=== RUN   TestInjectWorkflowCallSecretsSection/no-op_when_no_secrets
=== RUN   TestInjectWorkflowCallSecretsSection/no-op_when_no_workflow_call_trigger
=== RUN   TestInjectWorkflowCallSecretsSection/user-defined_secrets_are_preserved
=== RUN   TestInjectWorkflowCallSecretsSection/handles_string_shorthand_on:_workflow_call
--- PASS: TestInjectWorkflowCallSecretsSection (0.00s)
    --- PASS: TestInjectWorkflowCallSecretsSection/injects_secrets_into_workflow_call_trigger (0.00s)
    --- PASS: TestInjectWorkflowCallSecretsSection/excludes_GITHUB_TOKEN (0.00s)
    --- PASS: TestInjectWorkflowCallSecretsSection/no-op_when_only_GITHUB_TOKEN (0.00s)
    --- PASS: TestInjectWorkflowCallSecretsSection/no-op_when_no_secrets (0.00s)
    --- PASS: TestInjectWorkflowCallSecretsSection/no-op_when_no_workflow_call_trigger (0.00s)
    --- PASS: TestInjectWorkflowCallSecretsSection/user-defined_secrets_are_preserved (0.00s)
    --- PASS: TestInjectWorkflowCallSecretsSection/handles_string_shorthand_on:_workflow_call (0.00s)
=== RUN   TestPreAgentAuditStepGenerated
/tmp/TestPreAgentAuditStepGenerated1380705617/001/test-audit-step.md: info: Tip: set permissions.copilot-requests: write to use GitHub Actions token-based inference with the Copilot engine instead of a personal access token (COPILOT_GITHUB_TOKEN). This option requires that your organization has centralized Copilot billing enabled and may not be available in all organizations — see https://github.github.com/gh-aw/reference/billing/ for details.

✓ /tmp/TestPreAgentAuditStepGenerated1380705617/001/test-audit-step.md (77.2 KB)
--- PASS: TestPreAgentAuditStepGenerated (0.01s)
=== RUN   TestPreAgentAuditStepOrder
/tmp/TestPreAgentAuditStepOrder928936955/001/test-audit-order.md: info: Tip: set permissions.copilot-requests: write to use GitHub Actions token-based inference with the Copilot engine instead of a personal access token (COPILOT_GITHUB_TOKEN). This option requires that your organization has centralized Copilot billing enabled and may not be available in all organizations — see https://github.github.com/gh-aw/reference/billing/ for details.

✓ /tmp/TestPreAgentAuditStepOrder928936955/001/test-audit-order.md (77.2 KB)
--- PASS: TestPreAgentAuditStepOrder (0.01s)
=== RUN   TestPreAgentAuditStepArtifactPath
/tmp/TestPreAgentAuditStepArtifactPath3993927859/001/test-audit-artifact.md: info: Tip: set permissions.copilot-requests: write to use GitHub Actions token-based inference with the Copilot engine instead of a personal access token (COPILOT_GITHUB_TOKEN). This option requires that your organization has centralized Copilot billing enabled and may not be available in all organizations — see https://github.github.com/gh-aw/reference/billing/ for details.

✓ /tmp/TestPreAgentAuditStepArtifactPath3993927859/001/test-audit-artifact.md (77.3 KB)
--- PASS: TestPreAgentAuditStepArtifactPath (0.01s)
=== RUN   TestPreAgentAuditStepCallsShellScript
--- PASS: TestPreAgentAuditStepCallsShellScript (0.00s)
=== RUN   TestPreAgentAuditStepNoInlineInterpolation
--- PASS: TestPreAgentAuditStepNoInlineInterpolation (0.00s)
=== RUN   TestGenerateYAML_ErrorWrapping
=== RUN   TestGenerateYAML_ErrorWrapping/circular_job_dependency_wraps_error
/tmp/TestGenerateYAML_ErrorWrappingcircular_job_dependency_wraps_err1042650626/001/test.md: info: Tip: set permissions.copilot-requests: write to use GitHub Actions token-based inference with the Copilot engine instead of a personal access token (COPILOT_GITHUB_TOKEN). This option requires that your organization has centralized Copilot billing enabled and may not be available in all organizations — see https://github.github.com/gh-aw/reference/billing/ for details.

--- PASS: TestGenerateYAML_ErrorWrapping (0.00s)
    --- PASS: TestGenerateYAML_ErrorWrapping/circular_job_dependency_wraps_error (0.00s)
=== RUN   TestGenerateYAML_ErrorChainPreservation
/tmp/TestGenerateYAML_ErrorChainPreservation3256766409/001/test.md: info: Tip: set permissions.copilot-requests: write to use GitHub Actions token-based inference with the Copilot engine instead of a personal access token (COPILOT_GITHUB_TOKEN). This option requires that your organization has centralized Copilot billing enabled and may not be available in all organizations — see https://github.github.com/gh-aw/reference/billing/ for details.

--- PASS: TestGenerateYAML_ErrorChainPreservation (0.00s)
=== RUN   TestGenerateYAML_FrontmatterHashFailure
--- PASS: TestGenerateYAML_FrontmatterHashFailure (0.00s)
=== RUN   TestBuildJobsAndValidate_ErrorWrapping
=== RUN   TestBuildJobsAndValidate_ErrorWrapping/dependency_validation_error_is_wrapped
/tmp/TestBuildJobsAndValidate_ErrorWrappingdependency_validation_err3952316624/001/test.md: info: Tip: set permissions.copilot-requests: write to use GitHub Actions token-based inference with the Copilot engine instead of a personal access token (COPILOT_GITHUB_TOKEN). This option requires that your organization has centralized Copilot billing enabled and may not be available in all organizations — see https://github.github.com/gh-aw/reference/billing/ for details.

--- PASS: TestBuildJobsAndValidate_ErrorWrapping (0.01s)
    --- PASS: TestBuildJobsAndValidate_ErrorWrapping/dependency_validation_error_is_wrapped (0.01s)
=== RUN   TestGetWorkflowIDFromPath
=== RUN   TestGetWorkflowIDFromPath/simple_filename
=== RUN   TestGetWorkflowIDFromPath/full_path
=== RUN   TestGetWorkflowIDFromPath/filename_with_multiple_dots
=== RUN   TestGetWorkflowIDFromPath/relative_path
--- PASS: TestGetWorkflowIDFromPath (0.00s)
    --- PASS: TestGetWorkflowIDFromPath/simple_filename (0.00s)
    --- PASS: TestGetWorkflowIDFromPath/full_path (0.00s)
    --- PASS: TestGetWorkflowIDFromPath/filename_with_multiple_dots (0.00s)
    --- PASS: TestGetWorkflowIDFromPath/relative_path (0.00s)
=== RUN   TestSanitizeWorkflowIDForCacheKey
=== RUN   TestSanitizeWorkflowIDForCacheKey/smoke-copilot_with_hyphens
=== RUN   TestSanitizeWorkflowIDForCacheKey/Smoke-Copilot_with_capital_letters
=== RUN   TestSanitizeWorkflowIDForCacheKey/multiple_hyphens
=== RUN   TestSanitizeWorkflowIDForCacheKey/no_hyphens
=== RUN   TestSanitizeWorkflowIDForCacheKey/uppercase_no_hyphens
=== RUN   TestSanitizeWorkflowIDForCacheKey/mixed_case_with_many_hyphens
--- PASS: TestSanitizeWorkflowIDForCacheKey (0.00s)
    --- PASS: TestSanitizeWorkflowIDForCacheKey/smoke-copilot_with_hyphens (0.00s)
    --- PASS: TestSanitizeWorkflowIDForCacheKey/Smoke-Copilot_with_capital_letters (0.00s)
    --- PASS: TestSanitizeWorkflowIDForCacheKey/multiple_hyphens (0.00s)
    --- PASS: TestSanitizeWorkflowIDForCacheKey/no_hyphens (0.00s)
    --- PASS: TestSanitizeWorkflowIDForCacheKey/uppercase_no_hyphens (0.00s)
    --- PASS: TestSanitizeWorkflowIDForCacheKey/mixed_case_with_many_hyphens (0.00s)
=== RUN   TestBuildJobsAndValidate
=== RUN   TestBuildJobsAndValidate/successful_build_and_validation
--- PASS: TestBuildJobsAndValidate (0.00s)
    --- PASS: TestBuildJobsAndValidate/successful_build_and_validation (0.00s)
=== RUN   TestGenerateWorkflowHeader
=== RUN   TestGenerateWorkflowHeader/header_with_description
=== RUN   TestGenerateWorkflowHeader/header_with_multiline_description
=== RUN   TestGenerateWorkflowHeader/header_with_ANSI_codes_stripped
=== RUN   TestGenerateWorkflowHeader/header_with_imports_and_includes
=== RUN   TestGenerateWorkflowHeader/header_with_stop-time
=== RUN   TestGenerateWorkflowHeader/header_with_manual-approval
=== RUN   TestGenerateWorkflowHeader/header_with_env_sources_from_main_and_import
=== RUN   TestGenerateWorkflowHeader/minimal_header
--- PASS: TestGenerateWorkflowHeader (0.01s)
    --- PASS: TestGenerateWorkflowHeader/header_with_description (0.00s)
    --- PASS: TestGenerateWorkflowHeader/header_with_multiline_description (0.00s)
    --- PASS: TestGenerateWorkflowHeader/header_with_ANSI_codes_stripped (0.00s)
    --- PASS: TestGenerateWorkflowHeader/header_with_imports_and_includes (0.00s)
    --- PASS: TestGenerateWorkflowHeader/header_with_stop-time (0.00s)
    --- PASS: TestGenerateWorkflowHeader/header_with_manual-approval (0.00s)
    --- PASS: TestGenerateWorkflowHeader/header_with_env_sources_from_main_and_import (0.00s)
    --- PASS: TestGenerateWorkflowHeader/minimal_header (0.00s)
=== RUN   TestGenerateWorkflowBody
=== RUN   TestGenerateWorkflowBody/basic_workflow_body
=== RUN   TestGenerateWorkflowBody/workflow_with_env
=== RUN   TestGenerateWorkflowBody/workflow_with_cache_comment
--- PASS: TestGenerateWorkflowBody (0.00s)
    --- PASS: TestGenerateWorkflowBody/basic_workflow_body (0.00s)
    --- PASS: TestGenerateWorkflowBody/workflow_with_env (0.00s)
    --- PASS: TestGenerateWorkflowBody/workflow_with_cache_comment (0.00s)
=== RUN   TestGenerateYAMLRefactored
=== RUN   TestGenerateYAMLRefactored/complete_workflow_generation
--- PASS: TestGenerateYAMLRefactored (0.00s)
    --- PASS: TestGenerateYAMLRefactored/complete_workflow_generation (0.00s)
=== RUN   TestGeneratePlaceholderSubstitutionStep
=== RUN   TestGeneratePlaceholderSubstitutionStep/static_quoted_values_not_wrapped
=== RUN   TestGeneratePlaceholderSubstitutionStep/github_expressions_wrapped_in_${{}}}
=== RUN   TestGeneratePlaceholderSubstitutionStep/mixed_static_and_expression_values
=== RUN   TestGeneratePlaceholderSubstitutionStep/double-quoted_static_values
--- PASS: TestGeneratePlaceholderSubstitutionStep (0.00s)
    --- PASS: TestGeneratePlaceholderSubstitutionStep/static_quoted_values_not_wrapped (0.00s)
    --- PASS: TestGeneratePlaceholderSubstitutionStep/github_expressions_wrapped_in_${{}}} (0.00s)
    --- PASS: TestGeneratePlaceholderSubstitutionStep/mixed_static_and_expression_values (0.00s)
    --- PASS: TestGeneratePlaceholderSubstitutionStep/double-quoted_static_values (0.00s)
=== RUN   TestASCIILogoAlignment
--- PASS: TestASCIILogoAlignment (0.00s)
=== RUN   TestLogoTrimming
--- PASS: TestLogoTrimming (0.00s)
=== RUN   TestCollectEngineVersionsForMetadata
=== RUN   TestCollectEngineVersionsForMetadata/only_active_main_engine_versions_are_included
=== RUN   TestCollectEngineVersionsForMetadata/includes_active_detection_engine_version
--- PASS: TestCollectEngineVersionsForMetadata (0.00s)
    --- PASS: TestCollectEngineVersionsForMetadata/only_active_main_engine_versions_are_included (0.00s)
    --- PASS: TestCollectEngineVersionsForMetadata/includes_active_detection_engine_version (0.00s)
=== RUN   TestResolveAgentImageRunnerIdentifier
=== RUN   TestResolveAgentImageRunnerIdentifier/string_value
=== RUN   TestResolveAgentImageRunnerIdentifier/array_value
--- PASS: TestResolveAgentImageRunnerIdentifier (0.00s)
    --- PASS: TestResolveAgentImageRunnerIdentifier/string_value (0.00s)
    --- PASS: TestResolveAgentImageRunnerIdentifier/array_value (0.00s)
=== RUN   TestParseRepositoryImportSpec
=== RUN   TestParseRepositoryImportSpec/full_spec_with_ref
=== RUN   TestParseRepositoryImportSpec/spec_without_ref_defaults_to_main
=== RUN   TestParseRepositoryImportSpec/spec_with_section_reference
=== RUN   TestParseRepositoryImportSpec/spec_with_sha_ref
=== RUN   TestParseRepositoryImportSpec/invalid_spec_without_slash
=== RUN   TestParseRepositoryImportSpec/invalid_spec_with_too_many_slashes
=== RUN   TestParseRepositoryImportSpec/spec_with_branch_name_containing_slash
--- PASS: TestParseRepositoryImportSpec (0.00s)
    --- PASS: TestParseRepositoryImportSpec/full_spec_with_ref (0.00s)
    --- PASS: TestParseRepositoryImportSpec/spec_without_ref_defaults_to_main (0.00s)
    --- PASS: TestParseRepositoryImportSpec/spec_with_section_reference (0.00s)
    --- PASS: TestParseRepositoryImportSpec/spec_with_sha_ref (0.00s)
    --- PASS: TestParseRepositoryImportSpec/invalid_spec_without_slash (0.00s)
    --- PASS: TestParseRepositoryImportSpec/invalid_spec_with_too_many_slashes (0.00s)
    --- PASS: TestParseRepositoryImportSpec/spec_with_branch_name_containing_slash (0.00s)
=== RUN   TestSanitizeRefForPath
=== RUN   TestSanitizeRefForPath/simple_branch_name
=== RUN   TestSanitizeRefForPath/branch_with_slashes
=== RUN   TestSanitizeRefForPath/ref_with_colons
=== RUN   TestSanitizeRefForPath/ref_with_backslashes
=== RUN   TestSanitizeRefForPath/complex_ref_with_multiple_special_chars
=== RUN   TestSanitizeRefForPath/tag_ref
--- PASS: TestSanitizeRefForPath (0.00s)
    --- PASS: TestSanitizeRefForPath/simple_branch_name (0.00s)
    --- PASS: TestSanitizeRefForPath/branch_with_slashes (0.00s)
    --- PASS: TestSanitizeRefForPath/ref_with_colons (0.00s)
    --- PASS: TestSanitizeRefForPath/ref_with_backslashes (0.00s)
    --- PASS: TestSanitizeRefForPath/complex_ref_with_multiple_special_chars (0.00s)
    --- PASS: TestSanitizeRefForPath/tag_ref (0.00s)
=== RUN   TestGenerateRepositoryImportCheckouts
=== RUN   TestGenerateRepositoryImportCheckouts/single_repository_import
=== RUN   TestGenerateRepositoryImportCheckouts/multiple_repository_imports
=== RUN   TestGenerateRepositoryImportCheckouts/repository_with_branch_containing_slash
=== RUN   TestGenerateRepositoryImportCheckouts/empty_imports_list
--- PASS: TestGenerateRepositoryImportCheckouts (0.00s)
    --- PASS: TestGenerateRepositoryImportCheckouts/single_repository_import (0.00s)
    --- PASS: TestGenerateRepositoryImportCheckouts/multiple_repository_imports (0.00s)
    --- PASS: TestGenerateRepositoryImportCheckouts/repository_with_branch_containing_slash (0.00s)
    --- PASS: TestGenerateRepositoryImportCheckouts/empty_imports_list (0.00s)
=== RUN   TestGenerateLegacyAgentImportCheckout
=== RUN   TestGenerateLegacyAgentImportCheckout/basic_legacy_agent_import_-_valid_format
=== RUN   TestGenerateLegacyAgentImportCheckout/legacy_import_with_complex_ref
=== RUN   TestGenerateLegacyAgentImportCheckout/legacy_import_with_path_components_-_only_owner/repo_extracted
--- PASS: TestGenerateLegacyAgentImportCheckout (0.00s)
    --- PASS: TestGenerateLegacyAgentImportCheckout/basic_legacy_agent_import_-_valid_format (0.00s)
    --- PASS: TestGenerateLegacyAgentImportCheckout/legacy_import_with_complex_ref (0.00s)
    --- PASS: TestGenerateLegacyAgentImportCheckout/legacy_import_with_path_components_-_only_owner/repo_extracted (0.00s)
=== RUN   TestGenerateDevModeCLIBuildSteps
--- PASS: TestGenerateDevModeCLIBuildSteps (0.00s)
=== RUN   TestAddCustomStepsAsIs
=== RUN   TestAddCustomStepsAsIs/basic_custom_steps
=== RUN   TestAddCustomStepsAsIs/custom_steps_with_empty_lines
=== RUN   TestAddCustomStepsAsIs/empty_custom_steps
=== RUN   TestAddCustomStepsAsIs/single_line_after_steps
--- PASS: TestAddCustomStepsAsIs (0.00s)
    --- PASS: TestAddCustomStepsAsIs/basic_custom_steps (0.00s)
    --- PASS: TestAddCustomStepsAsIs/custom_steps_with_empty_lines (0.00s)
    --- PASS: TestAddCustomStepsAsIs/empty_custom_steps (0.00s)
    --- PASS: TestAddCustomStepsAsIs/single_line_after_steps (0.00s)
=== RUN   TestAddCustomStepsWithRuntimeInsertion
=== RUN   TestAddCustomStepsWithRuntimeInsertion/insert_runtime_after_checkout
=== RUN   TestAddCustomStepsWithRuntimeInsertion/no_insertion_when_checkout_not_found
=== RUN   TestAddCustomStepsWithRuntimeInsertion/checkout_with_uses_on_same_line_-_not_detected_as_checkout
=== RUN   TestAddCustomStepsWithRuntimeInsertion/multiple_runtime_steps_inserted
=== RUN   TestAddCustomStepsWithRuntimeInsertion/empty_runtime_steps
--- PASS: TestAddCustomStepsWithRuntimeInsertion (0.01s)
    --- PASS: TestAddCustomStepsWithRuntimeInsertion/insert_runtime_after_checkout (0.00s)
    --- PASS: TestAddCustomStepsWithRuntimeInsertion/no_insertion_when_checkout_not_found (0.00s)
    --- PASS: TestAddCustomStepsWithRuntimeInsertion/checkout_with_uses_on_same_line_-_not_detected_as_checkout (0.00s)
    --- PASS: TestAddCustomStepsWithRuntimeInsertion/multiple_runtime_steps_inserted (0.00s)
    --- PASS: TestAddCustomStepsWithRuntimeInsertion/empty_runtime_steps (0.00s)
=== RUN   TestGenerateMainJobSteps
=== RUN   TestGenerateMainJobSteps/basic_workflow_with_copilot_engine
=== RUN   TestGenerateMainJobSteps/workflow_with_repository_imports
=== RUN   TestGenerateMainJobSteps/workflow_with_custom_steps
=== RUN   TestGenerateMainJobSteps/workflow_with_safe_outputs
=== RUN   TestGenerateMainJobSteps/workflow_with_legacy_agent_import
--- PASS: TestGenerateMainJobSteps (0.01s)
    --- PASS: TestGenerateMainJobSteps/basic_workflow_with_copilot_engine (0.00s)
    --- PASS: TestGenerateMainJobSteps/workflow_with_repository_imports (0.00s)
    --- PASS: TestGenerateMainJobSteps/workflow_with_custom_steps (0.00s)
    --- PASS: TestGenerateMainJobSteps/workflow_with_safe_outputs (0.00s)
    --- PASS: TestGenerateMainJobSteps/workflow_with_legacy_agent_import (0.00s)
=== RUN   TestGenerateMainJobStepsWithDevMode
--- PASS: TestGenerateMainJobStepsWithDevMode (0.00s)
=== RUN   TestGenerateMainJobStepsWithDevMode_GhAwRuntimeBuildsFromSource
--- PASS: TestGenerateMainJobStepsWithDevMode_GhAwRuntimeBuildsFromSource (0.00s)
=== RUN   TestGenerateMainJobStepsStepOrdering
--- PASS: TestGenerateMainJobStepsStepOrdering (0.00s)
=== RUN   TestShouldAddCheckoutStepEdgeCases
=== RUN   TestShouldAddCheckoutStepEdgeCases/checkout_needed_in_dev_mode_(default)
=== RUN   TestShouldAddCheckoutStepEdgeCases/checkout_required_in_release_mode_without_agent_file
=== RUN   TestShouldAddCheckoutStepEdgeCases/checkout_required_when_agent_file_specified
=== RUN   TestShouldAddCheckoutStepEdgeCases/no_checkout_when_custom_steps_contain_checkout
--- PASS: TestShouldAddCheckoutStepEdgeCases (0.00s)
    --- PASS: TestShouldAddCheckoutStepEdgeCases/checkout_needed_in_dev_mode_(default) (0.00s)
    --- PASS: TestShouldAddCheckoutStepEdgeCases/checkout_required_in_release_mode_without_agent_file (0.00s)
    --- PASS: TestShouldAddCheckoutStepEdgeCases/checkout_required_when_agent_file_specified (0.00s)
    --- PASS: TestShouldAddCheckoutStepEdgeCases/no_checkout_when_custom_steps_contain_checkout (0.00s)
=== RUN   TestGenerateMainJobStepsRestoreActionsFolder
=== RUN   TestGenerateMainJobStepsRestoreActionsFolder/restore_step_added_in_dev_mode_with_external_root_checkout
=== RUN   TestGenerateMainJobStepsRestoreActionsFolder/restore_step_NOT_added_in_dev_mode_with_external_subdirectory_checkout_only
=== RUN   TestGenerateMainJobStepsRestoreActionsFolder/restore_step_NOT_added_in_dev_mode_with_no_external_checkouts
=== RUN   TestGenerateMainJobStepsRestoreActionsFolder/restore_step_NOT_added_in_action_mode_even_with_external_root_checkout
--- PASS: TestGenerateMainJobStepsRestoreActionsFolder (0.01s)
    --- PASS: TestGenerateMainJobStepsRestoreActionsFolder/restore_step_added_in_dev_mode_with_external_root_checkout (0.00s)
    --- PASS: TestGenerateMainJobStepsRestoreActionsFolder/restore_step_NOT_added_in_dev_mode_with_external_subdirectory_checkout_only (0.00s)
    --- PASS: TestGenerateMainJobStepsRestoreActionsFolder/restore_step_NOT_added_in_dev_mode_with_no_external_checkouts (0.00s)
    --- PASS: TestGenerateMainJobStepsRestoreActionsFolder/restore_step_NOT_added_in_action_mode_even_with_external_root_checkout (0.00s)
=== RUN   TestEffectiveStrictMode
=== RUN   TestEffectiveStrictMode/CLI_flag_true_overrides_frontmatter_false
=== RUN   TestEffectiveStrictMode/CLI_flag_true_with_no_frontmatter_strict_field
=== RUN   TestEffectiveStrictMode/CLI_flag_false,_frontmatter_strict_true
=== RUN   TestEffectiveStrictMode/CLI_flag_false,_frontmatter_strict_false
=== RUN   TestEffectiveStrictMode/CLI_flag_false,_no_frontmatter_strict_field_defaults_to_true
=== RUN   TestEffectiveStrictMode/CLI_flag_false,_nil_frontmatter_defaults_to_true
=== RUN   TestEffectiveStrictMode/CLI_flag_false,_non-bool_strict_field_in_frontmatter_defaults_to_true
--- PASS: TestEffectiveStrictMode (0.00s)
    --- PASS: TestEffectiveStrictMode/CLI_flag_true_overrides_frontmatter_false (0.00s)
    --- PASS: TestEffectiveStrictMode/CLI_flag_true_with_no_frontmatter_strict_field (0.00s)
    --- PASS: TestEffectiveStrictMode/CLI_flag_false,_frontmatter_strict_true (0.00s)
    --- PASS: TestEffectiveStrictMode/CLI_flag_false,_frontmatter_strict_false (0.00s)
    --- PASS: TestEffectiveStrictMode/CLI_flag_false,_no_frontmatter_strict_field_defaults_to_true (0.00s)
    --- PASS: TestEffectiveStrictMode/CLI_flag_false,_nil_frontmatter_defaults_to_true (0.00s)
    --- PASS: TestEffectiveStrictMode/CLI_flag_false,_non-bool_strict_field_in_frontmatter_defaults_to_true (0.00s)
=== RUN   TestCompileWorkflowWithInvalidYAML
=== RUN   TestCompileWorkflowWithInvalidYAML/unclosed_bracket_in_array
=== RUN   TestCompileWorkflowWithInvalidYAML/invalid_mapping_context
=== RUN   TestCompileWorkflowWithInvalidYAML/bad_indentation
=== RUN   TestCompileWorkflowWithInvalidYAML/unclosed_quote
=== RUN   TestCompileWorkflowWithInvalidYAML/duplicate_keys
=== RUN   TestCompileWorkflowWithInvalidYAML/invalid_boolean_value
=== RUN   TestCompileWorkflowWithInvalidYAML/missing_colon_in_mapping
=== RUN   TestCompileWorkflowWithInvalidYAML/invalid_array_syntax_missing_comma
=== RUN   TestCompileWorkflowWithInvalidYAML/mixed_tabs_and_spaces
=== RUN   TestCompileWorkflowWithInvalidYAML/invalid_number_format
=== RUN   TestCompileWorkflowWithInvalidYAML/invalid_nested_structure
=== RUN   TestCompileWorkflowWithInvalidYAML/unclosed_flow_mapping
=== RUN   TestCompileWorkflowWithInvalidYAML/yaml_error_with_column_information_support
--- PASS: TestCompileWorkflowWithInvalidYAML (0.02s)
    --- PASS: TestCompileWorkflowWithInvalidYAML/unclosed_bracket_in_array (0.00s)
    --- PASS: TestCompileWorkflowWithInvalidYAML/invalid_mapping_context (0.00s)
    --- PASS: TestCompileWorkflowWithInvalidYAML/bad_indentation (0.00s)
    --- PASS: TestCompileWorkflowWithInvalidYAML/unclosed_quote (0.00s)
    --- PASS: TestCompileWorkflowWithInvalidYAML/duplicate_keys (0.00s)
    --- PASS: TestCompileWorkflowWithInvalidYAML/invalid_boolean_value (0.00s)
    --- PASS: TestCompileWorkflowWithInvalidYAML/missing_colon_in_mapping (0.00s)
    --- PASS: TestCompileWorkflowWithInvalidYAML/invalid_array_syntax_missing_comma (0.00s)
    --- PASS: TestCompileWorkflowWithInvalidYAML/mixed_tabs_and_spaces (0.00s)
    --- PASS: TestCompileWorkflowWithInvalidYAML/invalid_number_format (0.00s)
    --- PASS: TestCompileWorkflowWithInvalidYAML/invalid_nested_structure (0.00s)
    --- PASS: TestCompileWorkflowWithInvalidYAML/unclosed_flow_mapping (0.00s)
    --- PASS: TestCompileWorkflowWithInvalidYAML/yaml_error_with_column_information_support (0.00s)
=== RUN   TestYAMLFormatErrorOutput
=== RUN   TestYAMLFormatErrorOutput/simple_syntax_error
=== RUN   TestYAMLFormatErrorOutput/duplicate_key_error
=== RUN   TestYAMLFormatErrorOutput/missing_value_colon
--- PASS: TestYAMLFormatErrorOutput (0.00s)
    --- PASS: TestYAMLFormatErrorOutput/simple_syntax_error (0.00s)
    --- PASS: TestYAMLFormatErrorOutput/duplicate_key_error (0.00s)
    --- PASS: TestYAMLFormatErrorOutput/missing_value_colon (0.00s)
=== RUN   TestEngineValidationErrorHasFileLocation
=== RUN   TestEngineValidationErrorHasFileLocation/invalid_engine_line3
=== RUN   TestEngineValidationErrorHasFileLocation/invalid_engine_with_other_fields
--- PASS: TestEngineValidationErrorHasFileLocation (0.00s)
    --- PASS: TestEngineValidationErrorHasFileLocation/invalid_engine_line3 (0.00s)
    --- PASS: TestEngineValidationErrorHasFileLocation/invalid_engine_with_other_fields (0.00s)
=== RUN   TestAddCustomStepsAsIsBasic
=== RUN   TestAddCustomStepsAsIsBasic/basic_steps
=== RUN   TestAddCustomStepsAsIsBasic/multiple_steps
=== RUN   TestAddCustomStepsAsIsBasic/step_with_uses
--- PASS: TestAddCustomStepsAsIsBasic (0.00s)
    --- PASS: TestAddCustomStepsAsIsBasic/basic_steps (0.00s)
    --- PASS: TestAddCustomStepsAsIsBasic/multiple_steps (0.00s)
    --- PASS: TestAddCustomStepsAsIsBasic/step_with_uses (0.00s)
=== RUN   TestGenerateYAMLBasicWorkflow
/tmp/gh-aw-test-runs/20260704-173215-1254793/yaml-gen-test3266667174/test.md: info: Tip: set permissions.copilot-requests: write to use GitHub Actions token-based inference with the Copilot engine instead of a personal access token (COPILOT_GITHUB_TOKEN). This option requires that your organization has centralized Copilot billing enabled and may not be available in all organizations — see https://github.github.com/gh-aw/reference/billing/ for details.

✓ /tmp/gh-aw-test-runs/20260704-173215-1254793/yaml-gen-test3266667174/test.md (76.9 KB)
--- PASS: TestGenerateYAMLBasicWorkflow (0.01s)
=== RUN   TestGenerateYAMLWithDescription
/tmp/gh-aw-test-runs/20260704-173215-1254793/yaml-desc-test388722422/test.md: info: Tip: set permissions.copilot-requests: write to use GitHub Actions token-based inference with the Copilot engine instead of a personal access token (COPILOT_GITHUB_TOKEN). This option requires that your organization has centralized Copilot billing enabled and may not be available in all organizations — see https://github.github.com/gh-aw/reference/billing/ for details.

✓ /tmp/gh-aw-test-runs/20260704-173215-1254793/yaml-desc-test388722422/test.md (77.0 KB)
--- PASS: TestGenerateYAMLWithDescription (0.01s)
=== RUN   TestGenerateYAMLAutoGeneratedDisclaimer
/tmp/gh-aw-test-runs/20260704-173215-1254793/yaml-disclaimer-test2995321254/test.md: info: Tip: set permissions.copilot-requests: write to use GitHub Actions token-based inference with the Copilot engine instead of a personal access token (COPILOT_GITHUB_TOKEN). This option requires that your organization has centralized Copilot billing enabled and may not be available in all organizations — see https://github.github.com/gh-aw/reference/billing/ for details.

✓ /tmp/gh-aw-test-runs/20260704-173215-1254793/yaml-disclaimer-test2995321254/test.md (76.9 KB)
--- PASS: TestGenerateYAMLAutoGeneratedDisclaimer (0.01s)
=== RUN   TestGenerateYAMLWithEnvironment
/tmp/gh-aw-test-runs/20260704-173215-1254793/yaml-env-test2220014530/test.md: info: Tip: set permissions.copilot-requests: write to use GitHub Actions token-based inference with the Copilot engine instead of a personal access token (COPILOT_GITHUB_TOKEN). This option requires that your organization has centralized Copilot billing enabled and may not be available in all organizations — see https://github.github.com/gh-aw/reference/billing/ for details.

✓ /tmp/gh-aw-test-runs/20260704-173215-1254793/yaml-env-test2220014530/test.md (76.5 KB)
--- PASS: TestGenerateYAMLWithEnvironment (0.01s)
=== RUN   TestGenerateYAMLWithEnvironmentValueContainingColonSpace
/tmp/gh-aw-test-runs/20260704-173215-1254793/yaml-env-colon-space-test2063358156/test.md: info: Tip: set permissions.copilot-requests: write to use GitHub Actions token-based inference with the Copilot engine instead of a personal access token (COPILOT_GITHUB_TOKEN). This option requires that your organization has centralized Copilot billing enabled and may not be available in all organizations — see https://github.github.com/gh-aw/reference/billing/ for details.

✓ /tmp/gh-aw-test-runs/20260704-173215-1254793/yaml-env-colon-space-test2063358156/test.md (77.0 KB)
--- PASS: TestGenerateYAMLWithEnvironmentValueContainingColonSpace (0.03s)
=== RUN   TestGenerateYAMLWithConcurrency
/tmp/gh-aw-test-runs/20260704-173215-1254793/yaml-concurrency-test3115564696/test.md: info: Tip: set permissions.copilot-requests: write to use GitHub Actions token-based inference with the Copilot engine instead of a personal access token (COPILOT_GITHUB_TOKEN). This option requires that your organization has centralized Copilot billing enabled and may not be available in all organizations — see https://github.github.com/gh-aw/reference/billing/ for details.

✓ /tmp/gh-aw-test-runs/20260704-173215-1254793/yaml-concurrency-test3115564696/test.md (76.9 KB)
--- PASS: TestGenerateYAMLWithConcurrency (0.01s)
=== RUN   TestGenerateYAMLStripsANSIEscapeCodes
/tmp/gh-aw-test-runs/20260704-173215-1254793/yaml-ansi-test1221707581/test.md: info: Tip: set permissions.copilot-requests: write to use GitHub Actions token-based inference with the Copilot engine instead of a personal access token (COPILOT_GITHUB_TOKEN). This option requires that your organization has centralized Copilot billing enabled and may not be available in all organizations — see https://github.github.com/gh-aw/reference/billing/ for details.

✓ /tmp/gh-aw-test-runs/20260704-173215-1254793/yaml-ansi-test1221707581/test.md (77.0 KB)
--- PASS: TestGenerateYAMLStripsANSIEscapeCodes (0.01s)
=== RUN   TestGenerateYAMLStripsANSIFromAllFields
/tmp/gh-aw-test-runs/20260704-173215-1254793/yaml-ansi-all-fields-test1637181391/test.md: info: Tip: set permissions.copilot-requests: write to use GitHub Actions token-based inference with the Copilot engine instead of a personal access token (COPILOT_GITHUB_TOKEN). This option requires that your organization has centralized Copilot billing enabled and may not be available in all organizations — see https://github.github.com/gh-aw/reference/billing/ for details.

✓ /tmp/gh-aw-test-runs/20260704-173215-1254793/yaml-ansi-all-fields-test1637181391/test.md (77.0 KB)
--- PASS: TestGenerateYAMLStripsANSIFromAllFields (0.01s)
=== RUN   TestGenerateYAMLStripsANSIFromImportedFiles
/tmp/gh-aw-test-runs/20260704-173215-1254793/yaml-ansi-imports-test1478672131/test.md: info: Tip: set permissions.copilot-requests: write to use GitHub Actions token-based inference with the Copilot engine instead of a personal access token (COPILOT_GITHUB_TOKEN). This option requires that your organization has centralized Copilot billing enabled and may not be available in all organizations — see https://github.github.com/gh-aw/reference/billing/ for details.

✓ /tmp/gh-aw-test-runs/20260704-173215-1254793/yaml-ansi-imports-test1478672131/test.md (77.1 KB)
--- PASS: TestGenerateYAMLStripsANSIFromImportedFiles (0.01s)
=== RUN   TestGenerateYAMLStripsANSIFromStopTimeAndManualApproval
/tmp/gh-aw-test-runs/20260704-173215-1254793/yaml-ansi-stoptime-test2511144522/test.md: info: Tip: set permissions.copilot-requests: write to use GitHub Actions token-based inference with the Copilot engine instead of a personal access token (COPILOT_GITHUB_TOKEN). This option requires that your organization has centralized Copilot billing enabled and may not be available in all organizations — see https://github.github.com/gh-aw/reference/billing/ for details.

✓ /tmp/gh-aw-test-runs/20260704-173215-1254793/yaml-ansi-stoptime-test2511144522/test.md (77.7 KB)
--- PASS: TestGenerateYAMLStripsANSIFromStopTimeAndManualApproval (0.01s)
=== RUN   TestGenerateYAMLStripsANSIMultilineDescription
/tmp/gh-aw-test-runs/20260704-173215-1254793/yaml-ansi-multiline-test3934785528/test.md: info: Tip: set permissions.copilot-requests: write to use GitHub Actions token-based inference with the Copilot engine instead of a personal access token (COPILOT_GITHUB_TOKEN). This option requires that your organization has centralized Copilot billing enabled and may not be available in all organizations — see https://github.github.com/gh-aw/reference/billing/ for details.

✓ /tmp/gh-aw-test-runs/20260704-173215-1254793/yaml-ansi-multiline-test3934785528/test.md (77.0 KB)
--- PASS: TestGenerateYAMLStripsANSIMultilineDescription (0.01s)
=== RUN   TestRuntimeImportPathGitHubIO
=== RUN   TestRuntimeImportPathGitHubIO/github_pages_repo
/tmp/gh-aw-test-runs/20260704-173215-1254793/runtime-import-path-test2682545151/testuser.github.io/.github/workflows/translate-to-ptbr.md: info: Tip: set permissions.copilot-requests: write to use GitHub Actions token-based inference with the Copilot engine instead of a personal access token (COPILOT_GITHUB_TOKEN). This option requires that your organization has centralized Copilot billing enabled and may not be available in all organizations — see https://github.github.com/gh-aw/reference/billing/ for details.

✓ /tmp/gh-aw-test-runs/20260704-173215-1254793/runtime-import-path-test2682545151/testuser.github.io/.github/workflows/translate-to-ptbr.md (77.6 KB)
=== RUN   TestRuntimeImportPathGitHubIO/another_github_pages_repo
/tmp/gh-aw-test-runs/20260704-173215-1254793/runtime-import-path-test1152654246/anotheruser.github.io/.github/workflows/test.md: info: Tip: set permissions.copilot-requests: write to use GitHub Actions token-based inference with the Copilot engine instead of a personal access token (COPILOT_GITHUB_TOKEN). This option requires that your organization has centralized Copilot billing enabled and may not be available in all organizations — see https://github.github.com/gh-aw/reference/billing/ for details.

✓ /tmp/gh-aw-test-runs/20260704-173215-1254793/runtime-import-path-test1152654246/anotheruser.github.io/.github/workflows/test.md (77.2 KB)
=== RUN   TestRuntimeImportPathGitHubIO/normal_repo
/tmp/gh-aw-test-runs/20260704-173215-1254793/runtime-import-path-test56692404/myrepo/.github/workflows/workflow.md: info: Tip: set permissions.copilot-requests: write to use GitHub Actions token-based inference with the Copilot engine instead of a personal access token (COPILOT_GITHUB_TOKEN). This option requires that your organization has centralized Copilot billing enabled and may not be available in all organizations — see https://github.github.com/gh-aw/reference/billing/ for details.

✓ /tmp/gh-aw-test-runs/20260704-173215-1254793/runtime-import-path-test56692404/myrepo/.github/workflows/workflow.md (77.3 KB)
=== RUN   TestRuntimeImportPathGitHubIO/repo_named_dot_github
/tmp/gh-aw-test-runs/20260704-173215-1254793/runtime-import-path-test304892390/.github/.github/workflows/test.md: info: Tip: set permissions.copilot-requests: write to use GitHub Actions token-based inference with the Copilot engine instead of a personal access token (COPILOT_GITHUB_TOKEN). This option requires that your organization has centralized Copilot billing enabled and may not be available in all organizations — see https://github.github.com/gh-aw/reference/billing/ for details.

✓ /tmp/gh-aw-test-runs/20260704-173215-1254793/runtime-import-path-test304892390/.github/.github/workflows/test.md (77.2 KB)
=== RUN   TestRuntimeImportPathGitHubIO/repo_with_github_in_name
/tmp/gh-aw-test-runs/20260704-173215-1254793/runtime-import-path-test1258366935/my-github-project/.github/workflows/test.md: info: Tip: set permissions.copilot-requests: write to use GitHub Actions token-based inference with the Copilot engine instead of a personal access token (COPILOT_GITHUB_TOKEN). This option requires that your organization has centralized Copilot billing enabled and may not be available in all organizations — see https://github.github.com/gh-aw/reference/billing/ for details.

✓ /tmp/gh-aw-test-runs/20260704-173215-1254793/runtime-import-path-test1258366935/my-github-project/.github/workflows/test.md (77.2 KB)
--- PASS: TestRuntimeImportPathGitHubIO (0.06s)
    --- PASS: TestRuntimeImportPathGitHubIO/github_pages_repo (0.01s)
    --- PASS: TestRuntimeImportPathGitHubIO/another_github_pages_repo (0.01s)
    --- PASS: TestRuntimeImportPathGitHubIO/normal_repo (0.01s)
    --- PASS: TestRuntimeImportPathGitHubIO/repo_named_dot_github (0.01s)
    --- PASS: TestRuntimeImportPathGitHubIO/repo_with_github_in_name (0.01s)
=== RUN   TestRuntimeImportPathRelative
.github/workflows/my-workflow.md: info: Tip: set permissions.copilot-requests: write to use GitHub Actions token-based inference with the Copilot engine instead of a personal access token (COPILOT_GITHUB_TOKEN). This option requires that your organization has centralized Copilot billing enabled and may not be available in all organizations — see https://github.github.com/gh-aw/reference/billing/ for details.

✓ .github/workflows/my-workflow.md (77.3 KB)
--- PASS: TestRuntimeImportPathRelative (0.01s)
=== RUN   TestLockMetadataVersionInReleaseBuilds
=== RUN   TestLockMetadataVersionInReleaseBuilds/dev_build_should_not_include_version
/tmp/gh-aw-test-runs/20260704-173215-1254793/lock-metadata-version2297227098/dev build should not include version.md: info: Tip: set permissions.copilot-requests: write to use GitHub Actions token-based inference with the Copilot engine instead of a personal access token (COPILOT_GITHUB_TOKEN). This option requires that your organization has centralized Copilot billing enabled and may not be available in all organizations — see https://github.github.com/gh-aw/reference/billing/ for details.

✓ /tmp/gh-aw-test-runs/20260704-173215-1254793/lock-metadata-version2297227098/dev build should not include version.md (77.7 KB)
=== RUN   TestLockMetadataVersionInReleaseBuilds/release_build_should_include_version
/tmp/gh-aw-test-runs/20260704-173215-1254793/lock-metadata-version2297227098/release build should include version.md: info: Tip: set permissions.copilot-requests: write to use GitHub Actions token-based inference with the Copilot engine instead of a personal access token (COPILOT_GITHUB_TOKEN). This option requires that your organization has centralized Copilot billing enabled and may not be available in all organizations — see https://github.github.com/gh-aw/reference/billing/ for details.

✓ /tmp/gh-aw-test-runs/20260704-173215-1254793/lock-metadata-version2297227098/release build should include version.md (77.2 KB)
=== RUN   TestLockMetadataVersionInReleaseBuilds/action-tag_compile_should_include_current_ref
/tmp/gh-aw-test-runs/20260704-173215-1254793/lock-metadata-version2297227098/action-tag compile should include current ref.md: info: Tip: set permissions.copilot-requests: write to use GitHub Actions token-based inference with the Copilot engine instead of a personal access token (COPILOT_GITHUB_TOKEN). This option requires that your organization has centralized Copilot billing enabled and may not be available in all organizations — see https://github.github.com/gh-aw/reference/billing/ for details.

✓ /tmp/gh-aw-test-runs/20260704-173215-1254793/lock-metadata-version2297227098/action-tag compile should include current ref.md (77.9 KB)
--- PASS: TestLockMetadataVersionInReleaseBuilds (0.04s)
    --- PASS: TestLockMetadataVersionInReleaseBuilds/dev_build_should_not_include_version (0.01s)
    --- PASS: TestLockMetadataVersionInReleaseBuilds/release_build_should_include_version (0.02s)
    --- PASS: TestLockMetadataVersionInReleaseBuilds/action-tag_compile_should_include_current_ref (0.01s)
=== RUN   TestCompileWorkflowMetadataIncludesEngineVersionsAndRunnerIdentifier
/tmp/gh-aw-test-runs/20260704-173215-1254793/lock-metadata-engine-versions3562717335/metadata-engine-versions.md: info: Tip: set permissions.copilot-requests: write to use GitHub Actions token-based inference with the Copilot engine instead of a personal access token (COPILOT_GITHUB_TOKEN). This option requires that your organization has centralized Copilot billing enabled and may not be available in all organizations — see https://github.github.com/gh-aw/reference/billing/ for details.

⚠ Using experimental feature: engine.copilot-sdk
✓ /tmp/gh-aw-test-runs/20260704-173215-1254793/lock-metadata-engine-versions3562717335/metadata-engine-versions.md (78.4 KB)
--- PASS: TestCompileWorkflowMetadataIncludesEngineVersionsAndRunnerIdentifier (0.01s)
=== RUN   TestComputeTextLazyInsertion
=== RUN   TestComputeTextLazyInsertion/workflow_with_text_usage
/tmp/compute-text-lazy-test154317164/with-text.md: info: Tip: set permissions.copilot-requests: write to use GitHub Actions token-based inference with the Copilot engine instead of a personal access token (COPILOT_GITHUB_TOKEN). This option requires that your organization has centralized Copilot billing enabled and may not be available in all organizations — see https://github.github.com/gh-aw/reference/billing/ for details.

✓ /tmp/compute-text-lazy-test154317164/with-text.md (77.6 KB)
=== RUN   TestComputeTextLazyInsertion/workflow_without_text_usage
/tmp/compute-text-lazy-test154317164/without-text.md: info: Tip: set permissions.copilot-requests: write to use GitHub Actions token-based inference with the Copilot engine instead of a personal access token (COPILOT_GITHUB_TOKEN). This option requires that your organization has centralized Copilot billing enabled and may not be available in all organizations — see https://github.github.com/gh-aw/reference/billing/ for details.

✓ /tmp/compute-text-lazy-test154317164/without-text.md (73.8 KB)
--- PASS: TestComputeTextLazyInsertion (0.02s)
    --- PASS: TestComputeTextLazyInsertion/workflow_with_text_usage (0.01s)
    --- PASS: TestComputeTextLazyInsertion/workflow_without_text_usage (0.01s)
=== RUN   TestDetectTextOutputUsage
=== RUN   TestDetectTextOutputUsage/with_text_usage
=== RUN   TestDetectTextOutputUsage/without_text_usage
=== RUN   TestDetectTextOutputUsage/with_other_github_expressions
=== RUN   TestDetectTextOutputUsage/with_partial_match
=== RUN   TestDetectTextOutputUsage/with_multiple_usages
=== RUN   TestDetectTextOutputUsage/with_title_usage
=== RUN   TestDetectTextOutputUsage/with_body_usage
--- PASS: TestDetectTextOutputUsage (0.00s)
    --- PASS: TestDetectTextOutputUsage/with_text_usage (0.00s)
    --- PASS: TestDetectTextOutputUsage/without_text_usage (0.00s)
    --- PASS: TestDetectTextOutputUsage/with_other_github_expressions (0.00s)
    --- PASS: TestDetectTextOutputUsage/with_partial_match (0.00s)
    --- PASS: TestDetectTextOutputUsage/with_multiple_usages (0.00s)
    --- PASS: TestDetectTextOutputUsage/with_title_usage (0.00s)
    --- PASS: TestDetectTextOutputUsage/with_body_usage (0.00s)
=== RUN   TestHasContentContext
=== RUN   TestHasContentContext/issues_event
=== RUN   TestHasContentContext/pull_request_event
=== RUN   TestHasContentContext/pull_request_target_event
=== RUN   TestHasContentContext/issue_comment_event
=== RUN   TestHasContentContext/pull_request_review_comment_event
=== RUN   TestHasContentContext/pull_request_review_event
=== RUN   TestHasContentContext/discussion_event
=== RUN   TestHasContentContext/discussion_comment_event
=== RUN   TestHasContentContext/schedule_event_no_context
=== RUN   TestHasContentContext/push_event_no_context
=== RUN   TestHasContentContext/workflow_dispatch_no_context
=== RUN   TestHasContentContext/multiple_events_with_context
=== RUN   TestHasContentContext/multiple_events_no_context
=== RUN   TestHasContentContext/no_on_field
=== RUN   TestHasContentContext/slash_command_trigger
=== RUN   TestHasContentContext/labeled_on_issues
=== RUN   TestHasContentContext/labeled_on_pull_request
=== RUN   TestHasContentContext/labeled_on_discussion
--- PASS: TestHasContentContext (0.00s)
    --- PASS: TestHasContentContext/issues_event (0.00s)
    --- PASS: TestHasContentContext/pull_request_event (0.00s)
    --- PASS: TestHasContentContext/pull_request_target_event (0.00s)
    --- PASS: TestHasContentContext/issue_comment_event (0.00s)
    --- PASS: TestHasContentContext/pull_request_review_comment_event (0.00s)
    --- PASS: TestHasContentContext/pull_request_review_event (0.00s)
    --- PASS: TestHasContentContext/discussion_event (0.00s)
    --- PASS: TestHasContentContext/discussion_comment_event (0.00s)
    --- PASS: TestHasContentContext/schedule_event_no_context (0.00s)
    --- PASS: TestHasContentContext/push_event_no_context (0.00s)
    --- PASS: TestHasContentContext/workflow_dispatch_no_context (0.00s)
    --- PASS: TestHasContentContext/multiple_events_with_context (0.00s)
    --- PASS: TestHasContentContext/multiple_events_no_context (0.00s)
    --- PASS: TestHasContentContext/no_on_field (0.00s)
    --- PASS: TestHasContentContext/slash_command_trigger (0.00s)
    --- PASS: TestHasContentContext/labeled_on_issues (0.00s)
    --- PASS: TestHasContentContext/labeled_on_pull_request (0.00s)
    --- PASS: TestHasContentContext/labeled_on_discussion (0.00s)
=== RUN   TestComputeTextStepIncludesAllowedDomainsEnv
/tmp/compute-text-allowed-domains-test2725016587/compute-text-allowed-domains.md: info: Tip: set permissions.copilot-requests: write to use GitHub Actions token-based inference with the Copilot engine instead of a personal access token (COPILOT_GITHUB_TOKEN). This option requires that your organization has centralized Copilot billing enabled and may not be available in all organizations — see https://github.github.com/gh-aw/reference/billing/ for details.

✓ /tmp/compute-text-allowed-domains-test2725016587/compute-text-allowed-domains.md (99.3 KB)
--- PASS: TestComputeTextStepIncludesAllowedDomainsEnv (0.01s)
=== RUN   TestComputeTextContextBasedInsertion
=== RUN   TestComputeTextContextBasedInsertion/issue_trigger_without_explicit_usage
/tmp/compute-text-context-test2514569539/issue_trigger_without_explicit_usage.md: info: Tip: set permissions.copilot-requests: write to use GitHub Actions token-based inference with the Copilot engine instead of a personal access token (COPILOT_GITHUB_TOKEN). This option requires that your organization has centralized Copilot billing enabled and may not be available in all organizations — see https://github.github.com/gh-aw/reference/billing/ for details.

✓ /tmp/compute-text-context-test2514569539/issue_trigger_without_explicit_usage.md (77.8 KB)
=== RUN   TestComputeTextContextBasedInsertion/pr_trigger_without_explicit_usage
/tmp/compute-text-context-test2514569539/pr_trigger_without_explicit_usage.md: info: Tip: set permissions.copilot-requests: write to use GitHub Actions token-based inference with the Copilot engine instead of a personal access token (COPILOT_GITHUB_TOKEN). This option requires that your organization has centralized Copilot billing enabled and may not be available in all organizations — see https://github.github.com/gh-aw/reference/billing/ for details.

✓ /tmp/compute-text-context-test2514569539/pr_trigger_without_explicit_usage.md (78.0 KB)
=== RUN   TestComputeTextContextBasedInsertion/discussion_trigger_without_explicit_usage
/tmp/compute-text-context-test2514569539/discussion_trigger_without_explicit_usage.md: info: Tip: set permissions.copilot-requests: write to use GitHub Actions token-based inference with the Copilot engine instead of a personal access token (COPILOT_GITHUB_TOKEN). This option requires that your organization has centralized Copilot billing enabled and may not be available in all organizations — see https://github.github.com/gh-aw/reference/billing/ for details.

✓ /tmp/compute-text-context-test2514569539/discussion_trigger_without_explicit_usage.md (78.0 KB)
=== RUN   TestComputeTextContextBasedInsertion/issue_comment_trigger_without_explicit_usage
/tmp/compute-text-context-test2514569539/issue_comment_trigger_without_explicit_usage.md: info: Tip: set permissions.copilot-requests: write to use GitHub Actions token-based inference with the Copilot engine instead of a personal access token (COPILOT_GITHUB_TOKEN). This option requires that your organization has centralized Copilot billing enabled and may not be available in all organizations — see https://github.github.com/gh-aw/reference/billing/ for details.

✓ /tmp/compute-text-context-test2514569539/issue_comment_trigger_without_explicit_usage.md (78.2 KB)
=== RUN   TestComputeTextContextBasedInsertion/schedule_trigger_without_explicit_usage
/tmp/compute-text-context-test2514569539/schedule_trigger_without_explicit_usage.md: info: Tip: set permissions.copilot-requests: write to use GitHub Actions token-based inference with the Copilot engine instead of a personal access token (COPILOT_GITHUB_TOKEN). This option requires that your organization has centralized Copilot billing enabled and may not be available in all organizations — see https://github.github.com/gh-aw/reference/billing/ for details.

✓ /tmp/compute-text-context-test2514569539/schedule_trigger_without_explicit_usage.md (74.3 KB)
=== RUN   TestComputeTextContextBasedInsertion/issue_trigger_with_explicit_usage
/tmp/compute-text-context-test2514569539/issue_trigger_with_explicit_usage.md: info: Tip: set permissions.copilot-requests: write to use GitHub Actions token-based inference with the Copilot engine instead of a personal access token (COPILOT_GITHUB_TOKEN). This option requires that your organization has centralized Copilot billing enabled and may not be available in all organizations — see https://github.github.com/gh-aw/reference/billing/ for details.

✓ /tmp/compute-text-context-test2514569539/issue_trigger_with_explicit_usage.md (78.3 KB)
--- PASS: TestComputeTextContextBasedInsertion (0.06s)
    --- PASS: TestComputeTextContextBasedInsertion/issue_trigger_without_explicit_usage (0.01s)
    --- PASS: TestComputeTextContextBasedInsertion/pr_trigger_without_explicit_usage (0.01s)
    --- PASS: TestComputeTextContextBasedInsertion/discussion_trigger_without_explicit_usage (0.01s)
    --- PASS: TestComputeTextContextBasedInsertion/issue_comment_trigger_without_explicit_usage (0.01s)
    --- PASS: TestComputeTextContextBasedInsertion/schedule_trigger_without_explicit_usage (0.01s)
    --- PASS: TestComputeTextContextBasedInsertion/issue_trigger_with_explicit_usage (0.01s)
=== RUN   TestConcurrencyRules
=== RUN   TestConcurrencyRules/PR_workflow_should_have_dynamic_concurrency_with_cancel
    concurrency_test.go:162: Workflow: PR workflows should use dynamic concurrency with PR number and cancellation
    concurrency_test.go:163:   On: "on":
          pull_request:
            types:
            - opened
            - edited
    concurrency_test.go:164:   Concurrency: concurrency:
          group: "gh-aw-${{ github.workflow }}-${{ github.event.pull_request.number || github.ref || github.run_id }}"
          cancel-in-progress: true
=== RUN   TestConcurrencyRules/command_workflow_should_have_dynamic_concurrency_without_cancel
⚠ The 'command:' trigger field is deprecated. Please use 'slash_command:' instead.
    concurrency_test.go:162: Workflow: Alias workflows should use dynamic concurrency with ref but without cancellation
    concurrency_test.go:163:   On: "on":
          discussion:
            types:
            - created
            - edited
          discussion_comment:
            types:
            - created
            - edited
          issue_comment:
            types:
            - created
            - edited
          issues:
            types:
            - opened
            - edited
            - reopened
          pull_request:
            types:
            - opened
            - edited
            - reopened
          pull_request_review_comment:
            types:
            - created
            - edited
    concurrency_test.go:164:   Concurrency: concurrency:
          group: "gh-aw-${{ github.workflow }}-${{ github.event.issue.number || github.event.pull_request.number || github.run_id }}"
=== RUN   TestConcurrencyRules/regular_workflow_should_use_static_concurrency_without_cancel
    concurrency_test.go:162: Workflow: Regular workflows should use static concurrency without cancellation
    concurrency_test.go:163:   On: "on":
          schedule:
          - cron: "0 9 * * 1"
          workflow_dispatch:
    concurrency_test.go:164:   Concurrency: concurrency:
          group: "gh-aw-${{ github.workflow }}"
=== RUN   TestConcurrencyRules/push_workflow_should_use_dynamic_concurrency_with_ref
    concurrency_test.go:162: Workflow: Push workflows should use dynamic concurrency with github.ref
    concurrency_test.go:163:   On: "on":
          push:
            branches:
            - main
    concurrency_test.go:164:   Concurrency: concurrency:
          group: "gh-aw-${{ github.workflow }}-${{ github.ref || github.run_id }}"
=== RUN   TestConcurrencyRules/issue_workflow_should_have_dynamic_concurrency_with_issue_number
    concurrency_test.go:162: Workflow: Issue workflows use global concurrency with engine ID and slot
    concurrency_test.go:163:   On: "on":
          issues:
            types:
            - opened
            - edited
    concurrency_test.go:164:   Concurrency: concurrency:
          group: "gh-aw-${{ github.workflow }}-${{ github.event.issue.number || github.run_id }}"
=== RUN   TestConcurrencyRules/slash_command_workflow_should_have_dynamic_concurrency_with_issue/PR_number
    concurrency_test.go:162: Workflow: slash_command workflows should use dynamic concurrency with issue/PR number without cancellation
    concurrency_test.go:163:   On: "on":
          discussion:
            types:
            - created
            - edited
          discussion_comment:
            types:
            - created
            - edited
          issue_comment:
            types:
            - created
            - edited
          issues:
            types:
            - opened
            - edited
            - reopened
          pull_request:
            types:
            - opened
            - edited
            - reopened
          pull_request_review_comment:
            types:
            - created
            - edited
    concurrency_test.go:164:   Concurrency: concurrency:
          group: "gh-aw-${{ github.workflow }}-${{ github.event.issue.number || github.event.pull_request.number || github.run_id }}"
=== RUN   TestConcurrencyRules/slash_command_shorthand_workflow_should_have_dynamic_concurrency_with_issue/PR_number
    concurrency_test.go:162: Workflow: slash_command shorthand workflows should use dynamic concurrency with issue/PR number without cancellation
    concurrency_test.go:163:   On: "on":
          discussion:
            types:
            - created
            - edited
          discussion_comment:
            types:
            - created
            - edited
          issue_comment:
            types:
            - created
            - edited
          issues:
            types:
            - opened
            - edited
            - reopened
          pull_request:
            types:
            - opened
            - edited
            - reopened
          pull_request_review_comment:
            types:
            - created
            - edited
          workflow_dispatch: null
    concurrency_test.go:164:   Concurrency: concurrency:
          group: "gh-aw-${{ github.workflow }}-${{ github.event.issue.number || github.event.pull_request.number || github.run_id }}"
--- PASS: TestConcurrencyRules (0.01s)
    --- PASS: TestConcurrencyRules/PR_workflow_should_have_dynamic_concurrency_with_cancel (0.00s)
    --- PASS: TestConcurrencyRules/command_workflow_should_have_dynamic_concurrency_without_cancel (0.00s)
    --- PASS: TestConcurrencyRules/regular_workflow_should_use_static_concurrency_without_cancel (0.00s)
    --- PASS: TestConcurrencyRules/push_workflow_should_use_dynamic_concurrency_with_ref (0.00s)
    --- PASS: TestConcurrencyRules/issue_workflow_should_have_dynamic_concurrency_with_issue_number (0.00s)
    --- PASS: TestConcurrencyRules/slash_command_workflow_should_have_dynamic_concurrency_with_issue/PR_number (0.00s)
    --- PASS: TestConcurrencyRules/slash_command_shorthand_workflow_should_have_dynamic_concurrency_with_issue/PR_number (0.00s)
=== RUN   TestGenerateConcurrencyConfig
=== RUN   TestGenerateConcurrencyConfig/PR_workflow_should_have_dynamic_concurrency_with_cancel_and_PR_number
=== RUN   TestGenerateConcurrencyConfig/Alias_workflow_should_have_dynamic_concurrency_without_cancel
=== RUN   TestGenerateConcurrencyConfig/Push_workflow_should_have_dynamic_concurrency_with_ref
=== RUN   TestGenerateConcurrencyConfig/Regular_workflow_should_use_static_concurrency_without_cancel
=== RUN   TestGenerateConcurrencyConfig/Issue_workflow_should_have_dynamic_concurrency_with_issue_number
=== RUN   TestGenerateConcurrencyConfig/Issue_comment_workflow_should_have_dynamic_concurrency_with_issue_number
=== RUN   TestGenerateConcurrencyConfig/Mixed_issue_and_PR_workflow_should_have_dynamic_concurrency_with_issue/PR_number
=== RUN   TestGenerateConcurrencyConfig/Discussion_workflow_should_have_dynamic_concurrency_with_discussion_number
=== RUN   TestGenerateConcurrencyConfig/Mixed_issue_and_discussion_workflow_should_have_dynamic_concurrency_with_issue/discussion_number
=== RUN   TestGenerateConcurrencyConfig/Existing_concurrency_should_not_be_overridden
=== RUN   TestGenerateConcurrencyConfig/slash_command_input_YAML_should_have_dynamic_concurrency_with_issue/PR_number
=== RUN   TestGenerateConcurrencyConfig/slash_command_rendered_YAML_(issue_comment_+_workflow_dispatch)_should_have_dynamic_concurrency
--- PASS: TestGenerateConcurrencyConfig (0.00s)
    --- PASS: TestGenerateConcurrencyConfig/PR_workflow_should_have_dynamic_concurrency_with_cancel_and_PR_number (0.00s)
    --- PASS: TestGenerateConcurrencyConfig/Alias_workflow_should_have_dynamic_concurrency_without_cancel (0.00s)
    --- PASS: TestGenerateConcurrencyConfig/Push_workflow_should_have_dynamic_concurrency_with_ref (0.00s)
    --- PASS: TestGenerateConcurrencyConfig/Regular_workflow_should_use_static_concurrency_without_cancel (0.00s)
    --- PASS: TestGenerateConcurrencyConfig/Issue_workflow_should_have_dynamic_concurrency_with_issue_number (0.00s)
    --- PASS: TestGenerateConcurrencyConfig/Issue_comment_workflow_should_have_dynamic_concurrency_with_issue_number (0.00s)
    --- PASS: TestGenerateConcurrencyConfig/Mixed_issue_and_PR_workflow_should_have_dynamic_concurrency_with_issue/PR_number (0.00s)
    --- PASS: TestGenerateConcurrencyConfig/Discussion_workflow_should_have_dynamic_concurrency_with_discussion_number (0.00s)
    --- PASS: TestGenerateConcurrencyConfig/Mixed_issue_and_discussion_workflow_should_have_dynamic_concurrency_with_issue/discussion_number (0.00s)
    --- PASS: TestGenerateConcurrencyConfig/Existing_concurrency_should_not_be_overridden (0.00s)
    --- PASS: TestGenerateConcurrencyConfig/slash_command_input_YAML_should_have_dynamic_concurrency_with_issue/PR_number (0.00s)
    --- PASS: TestGenerateConcurrencyConfig/slash_command_rendered_YAML_(issue_comment_+_workflow_dispatch)_should_have_dynamic_concurrency (0.00s)
=== RUN   TestGenerateJobConcurrencyConfig
=== RUN   TestGenerateJobConcurrencyConfig/No_default_concurrency_for_workflow_dispatch-only_with_copilot_engine
=== RUN   TestGenerateJobConcurrencyConfig/No_default_concurrency_for_workflow_dispatch-only_with_claude_engine
=== RUN   TestGenerateJobConcurrencyConfig/No_default_concurrency_for_push_workflows
=== RUN   TestGenerateJobConcurrencyConfig/No_default_concurrency_for_issue_workflows
=== RUN   TestGenerateJobConcurrencyConfig/Custom_concurrency_string_(simple_group)
=== RUN   TestGenerateJobConcurrencyConfig/Custom_concurrency_with_cancel-in-progress
=== RUN   TestGenerateJobConcurrencyConfig/Default_concurrency_for_schedule_with_codex_engine
=== RUN   TestGenerateJobConcurrencyConfig/Default_concurrency_for_workflow_dispatch_combined_with_schedule
=== RUN   TestGenerateJobConcurrencyConfig/No_default_concurrency_for_slash_command_input_YAML_(pre-rendered)
=== RUN   TestGenerateJobConcurrencyConfig/No_default_concurrency_for_slash_command_rendered_YAML_(issue_comment_+_workflow_dispatch)
=== RUN   TestGenerateJobConcurrencyConfig/Job_discriminator_appended_to_default_group_for_schedule_workflow
=== RUN   TestGenerateJobConcurrencyConfig/Job_discriminator_appended_when_workflow_dispatch_combined_with_schedule
=== RUN   TestGenerateJobConcurrencyConfig/Job_discriminator_ignored_when_workflow_has_special_triggers_(no_default_group_generated)
=== RUN   TestGenerateJobConcurrencyConfig/Job_discriminator_ignored_when_engine_provides_explicit_concurrency
=== RUN   TestGenerateJobConcurrencyConfig/Job_discriminator_using_github.run_id_for_universal_uniqueness_(schedule)
=== RUN   TestGenerateJobConcurrencyConfig/Job_discriminator_with_claude_engine_and_schedule_trigger
=== RUN   TestGenerateJobConcurrencyConfig/workflow_call_default_group_uses_workflow_id_namespace
=== RUN   TestGenerateJobConcurrencyConfig/generated_job_concurrency_can_disable_queue_max_feature
=== RUN   TestGenerateJobConcurrencyConfig/Job_discriminator_ignored_when_push_trigger_(special_trigger,_no_default_group)
=== RUN   TestGenerateJobConcurrencyConfig/Job_discriminator_with_pull_request_trigger_(special_trigger,_no_default_group)
--- PASS: TestGenerateJobConcurrencyConfig (0.00s)
    --- PASS: TestGenerateJobConcurrencyConfig/No_default_concurrency_for_workflow_dispatch-only_with_copilot_engine (0.00s)
    --- PASS: TestGenerateJobConcurrencyConfig/No_default_concurrency_for_workflow_dispatch-only_with_claude_engine (0.00s)
    --- PASS: TestGenerateJobConcurrencyConfig/No_default_concurrency_for_push_workflows (0.00s)
    --- PASS: TestGenerateJobConcurrencyConfig/No_default_concurrency_for_issue_workflows (0.00s)
    --- PASS: TestGenerateJobConcurrencyConfig/Custom_concurrency_string_(simple_group) (0.00s)
    --- PASS: TestGenerateJobConcurrencyConfig/Custom_concurrency_with_cancel-in-progress (0.00s)
    --- PASS: TestGenerateJobConcurrencyConfig/Default_concurrency_for_schedule_with_codex_engine (0.00s)
    --- PASS: TestGenerateJobConcurrencyConfig/Default_concurrency_for_workflow_dispatch_combined_with_schedule (0.00s)
    --- PASS: TestGenerateJobConcurrencyConfig/No_default_concurrency_for_slash_command_input_YAML_(pre-rendered) (0.00s)
    --- PASS: TestGenerateJobConcurrencyConfig/No_default_concurrency_for_slash_command_rendered_YAML_(issue_comment_+_workflow_dispatch) (0.00s)
    --- PASS: TestGenerateJobConcurrencyConfig/Job_discriminator_appended_to_default_group_for_schedule_workflow (0.00s)
    --- PASS: TestGenerateJobConcurrencyConfig/Job_discriminator_appended_when_workflow_dispatch_combined_with_schedule (0.00s)
    --- PASS: TestGenerateJobConcurrencyConfig/Job_discriminator_ignored_when_workflow_has_special_triggers_(no_default_group_generated) (0.00s)
    --- PASS: TestGenerateJobConcurrencyConfig/Job_discriminator_ignored_when_engine_provides_explicit_concurrency (0.00s)
    --- PASS: TestGenerateJobConcurrencyConfig/Job_discriminator_using_github.run_id_for_universal_uniqueness_(schedule) (0.00s)
    --- PASS: TestGenerateJobConcurrencyConfig/Job_discriminator_with_claude_engine_and_schedule_trigger (0.00s)
    --- PASS: TestGenerateJobConcurrencyConfig/workflow_call_default_group_uses_workflow_id_namespace (0.00s)
    --- PASS: TestGenerateJobConcurrencyConfig/generated_job_concurrency_can_disable_queue_max_feature (0.00s)
    --- PASS: TestGenerateJobConcurrencyConfig/Job_discriminator_ignored_when_push_trigger_(special_trigger,_no_default_group) (0.00s)
    --- PASS: TestGenerateJobConcurrencyConfig/Job_discriminator_with_pull_request_trigger_(special_trigger,_no_default_group) (0.00s)
=== RUN   TestIsPullRequestWorkflow
=== RUN   TestIsPullRequestWorkflow/Pull_request_workflow_should_be_identified
=== RUN   TestIsPullRequestWorkflow/Pull_request_review_comment_workflow_should_be_identified
=== RUN   TestIsPullRequestWorkflow/Schedule_workflow_should_not_be_identified_as_PR_workflow
=== RUN   TestIsPullRequestWorkflow/Issues_workflow_should_not_be_identified_as_PR_workflow
=== RUN   TestIsPullRequestWorkflow/Mixed_workflow_with_PR_should_be_identified
--- PASS: TestIsPullRequestWorkflow (0.00s)
    --- PASS: TestIsPullRequestWorkflow/Pull_request_workflow_should_be_identified (0.00s)
    --- PASS: TestIsPullRequestWorkflow/Pull_request_review_comment_workflow_should_be_identified (0.00s)
    --- PASS: TestIsPullRequestWorkflow/Schedule_workflow_should_not_be_identified_as_PR_workflow (0.00s)
    --- PASS: TestIsPullRequestWorkflow/Issues_workflow_should_not_be_identified_as_PR_workflow (0.00s)
    --- PASS: TestIsPullRequestWorkflow/Mixed_workflow_with_PR_should_be_identified (0.00s)
=== RUN   TestIsIssueWorkflow
=== RUN   TestIsIssueWorkflow/Issues_workflow_should_be_identified
=== RUN   TestIsIssueWorkflow/Issue_comment_workflow_should_be_identified
=== RUN   TestIsIssueWorkflow/Pull_request_workflow_should_not_be_identified_as_issue_workflow
=== RUN   TestIsIssueWorkflow/Schedule_workflow_should_not_be_identified_as_issue_workflow
=== RUN   TestIsIssueWorkflow/Mixed_workflow_with_issues_should_be_identified
=== RUN   TestIsIssueWorkflow/Mixed_workflow_with_issue_comment_should_be_identified
--- PASS: TestIsIssueWorkflow (0.00s)
    --- PASS: TestIsIssueWorkflow/Issues_workflow_should_be_identified (0.00s)
    --- PASS: TestIsIssueWorkflow/Issue_comment_workflow_should_be_identified (0.00s)
    --- PASS: TestIsIssueWorkflow/Pull_request_workflow_should_not_be_identified_as_issue_workflow (0.00s)
    --- PASS: TestIsIssueWorkflow/Schedule_workflow_should_not_be_identified_as_issue_workflow (0.00s)
    --- PASS: TestIsIssueWorkflow/Mixed_workflow_with_issues_should_be_identified (0.00s)
    --- PASS: TestIsIssueWorkflow/Mixed_workflow_with_issue_comment_should_be_identified (0.00s)
=== RUN   TestIsPushWorkflow
=== RUN   TestIsPushWorkflow/Push_workflow_should_be_identified
=== RUN   TestIsPushWorkflow/Pull_request_workflow_should_not_be_identified_as_push_workflow
=== RUN   TestIsPushWorkflow/Schedule_workflow_should_not_be_identified_as_push_workflow
=== RUN   TestIsPushWorkflow/Mixed_workflow_with_push_should_be_identified
--- PASS: TestIsPushWorkflow (0.00s)
    --- PASS: TestIsPushWorkflow/Push_workflow_should_be_identified (0.00s)
    --- PASS: TestIsPushWorkflow/Pull_request_workflow_should_not_be_identified_as_push_workflow (0.00s)
    --- PASS: TestIsPushWorkflow/Schedule_workflow_should_not_be_identified_as_push_workflow (0.00s)
    --- PASS: TestIsPushWorkflow/Mixed_workflow_with_push_should_be_identified (0.00s)
=== RUN   TestIsDiscussionWorkflow
=== RUN   TestIsDiscussionWorkflow/Discussion_workflow_should_be_identified
=== RUN   TestIsDiscussionWorkflow/Discussion_comment_workflow_should_be_identified
=== RUN   TestIsDiscussionWorkflow/Issues_workflow_should_not_be_identified_as_discussion_workflow
=== RUN   TestIsDiscussionWorkflow/Mixed_workflow_with_discussion_should_be_identified
--- PASS: TestIsDiscussionWorkflow (0.00s)
    --- PASS: TestIsDiscussionWorkflow/Discussion_workflow_should_be_identified (0.00s)
    --- PASS: TestIsDiscussionWorkflow/Discussion_comment_workflow_should_be_identified (0.00s)
    --- PASS: TestIsDiscussionWorkflow/Issues_workflow_should_not_be_identified_as_discussion_workflow (0.00s)
    --- PASS: TestIsDiscussionWorkflow/Mixed_workflow_with_discussion_should_be_identified (0.00s)
=== RUN   TestBuildConcurrencyGroupKeys
=== RUN   TestBuildConcurrencyGroupKeys/Alias_workflow_should_include_issue/PR_number
=== RUN   TestBuildConcurrencyGroupKeys/Pure_PR_workflow_should_include_PR_number
=== RUN   TestBuildConcurrencyGroupKeys/Pure_issue_workflow_should_include_issue_number
=== RUN   TestBuildConcurrencyGroupKeys/Mixed_issue_and_PR_workflow_should_include_issue/PR_number
=== RUN   TestBuildConcurrencyGroupKeys/Pure_discussion_workflow_should_include_discussion_number
=== RUN   TestBuildConcurrencyGroupKeys/Mixed_issue_and_discussion_workflow_should_include_issue/discussion_number
=== RUN   TestBuildConcurrencyGroupKeys/Push_workflow_should_include_github.ref
=== RUN   TestBuildConcurrencyGroupKeys/Mixed_push_and_PR_workflow_should_use_PR_logic_(PR_takes_priority)
=== RUN   TestBuildConcurrencyGroupKeys/Other_workflow_should_not_include_additional_keys
=== RUN   TestBuildConcurrencyGroupKeys/slash_command_input_YAML_should_include_issue/PR_number
=== RUN   TestBuildConcurrencyGroupKeys/Mixed_issues_and_workflow_dispatch_should_fall_back_to_run_id_for_dispatch_runs
=== RUN   TestBuildConcurrencyGroupKeys/Mixed_discussion_and_workflow_dispatch_should_fall_back_to_run_id_for_dispatch_runs
=== RUN   TestBuildConcurrencyGroupKeys/Label_trigger_shorthand_PR_workflow_should_include_inputs.item_number_fallback_and_label_name
=== RUN   TestBuildConcurrencyGroupKeys/Label_trigger_shorthand_issue_workflow_should_include_inputs.item_number_fallback_and_label_name
=== RUN   TestBuildConcurrencyGroupKeys/Label_trigger_shorthand_discussion_workflow_should_include_inputs.item_number_fallback_and_label_name
=== RUN   TestBuildConcurrencyGroupKeys/Label_command_workflow_should_include_label_name_in_concurrency_group
--- PASS: TestBuildConcurrencyGroupKeys (0.00s)
    --- PASS: TestBuildConcurrencyGroupKeys/Alias_workflow_should_include_issue/PR_number (0.00s)
    --- PASS: TestBuildConcurrencyGroupKeys/Pure_PR_workflow_should_include_PR_number (0.00s)
    --- PASS: TestBuildConcurrencyGroupKeys/Pure_issue_workflow_should_include_issue_number (0.00s)
    --- PASS: TestBuildConcurrencyGroupKeys/Mixed_issue_and_PR_workflow_should_include_issue/PR_number (0.00s)
    --- PASS: TestBuildConcurrencyGroupKeys/Pure_discussion_workflow_should_include_discussion_number (0.00s)
    --- PASS: TestBuildConcurrencyGroupKeys/Mixed_issue_and_discussion_workflow_should_include_issue/discussion_number (0.00s)
    --- PASS: TestBuildConcurrencyGroupKeys/Push_workflow_should_include_github.ref (0.00s)
    --- PASS: TestBuildConcurrencyGroupKeys/Mixed_push_and_PR_workflow_should_use_PR_logic_(PR_takes_priority) (0.00s)
    --- PASS: TestBuildConcurrencyGroupKeys/Other_workflow_should_not_include_additional_keys (0.00s)
    --- PASS: TestBuildConcurrencyGroupKeys/slash_command_input_YAML_should_include_issue/PR_number (0.00s)
    --- PASS: TestBuildConcurrencyGroupKeys/Mixed_issues_and_workflow_dispatch_should_fall_back_to_run_id_for_dispatch_runs (0.00s)
    --- PASS: TestBuildConcurrencyGroupKeys/Mixed_discussion_and_workflow_dispatch_should_fall_back_to_run_id_for_dispatch_runs (0.00s)
    --- PASS: TestBuildConcurrencyGroupKeys/Label_trigger_shorthand_PR_workflow_should_include_inputs.item_number_fallback_and_label_name (0.00s)
    --- PASS: TestBuildConcurrencyGroupKeys/Label_trigger_shorthand_issue_workflow_should_include_inputs.item_number_fallback_and_label_name (0.00s)
    --- PASS: TestBuildConcurrencyGroupKeys/Label_trigger_shorthand_discussion_workflow_should_include_inputs.item_number_fallback_and_label_name (0.00s)
    --- PASS: TestBuildConcurrencyGroupKeys/Label_command_workflow_should_include_label_name_in_concurrency_group (0.00s)
=== RUN   TestShouldEnableCancelInProgress
=== RUN   TestShouldEnableCancelInProgress/Alias_workflow_should_not_enable_cancellation
=== RUN   TestShouldEnableCancelInProgress/PR_workflow_should_enable_cancellation
=== RUN   TestShouldEnableCancelInProgress/Issue_workflow_should_not_enable_cancellation
=== RUN   TestShouldEnableCancelInProgress/Mixed_issue_and_PR_workflow_should_enable_cancellation
=== RUN   TestShouldEnableCancelInProgress/Other_workflow_should_not_enable_cancellation
--- PASS: TestShouldEnableCancelInProgress (0.00s)
    --- PASS: TestShouldEnableCancelInProgress/Alias_workflow_should_not_enable_cancellation (0.00s)
    --- PASS: TestShouldEnableCancelInProgress/PR_workflow_should_enable_cancellation (0.00s)
    --- PASS: TestShouldEnableCancelInProgress/Issue_workflow_should_not_enable_cancellation (0.00s)
    --- PASS: TestShouldEnableCancelInProgress/Mixed_issue_and_PR_workflow_should_enable_cancellation (0.00s)
    --- PASS: TestShouldEnableCancelInProgress/Other_workflow_should_not_enable_cancellation (0.00s)
=== RUN   TestIsWorkflowDispatchOnly
=== RUN   TestIsWorkflowDispatchOnly/Pure_workflow_dispatch_should_be_identified_as_dispatch-only
=== RUN   TestIsWorkflowDispatchOnly/workflow_dispatch_with_inputs_should_be_identified_as_dispatch-only
=== RUN   TestIsWorkflowDispatchOnly/No_workflow_dispatch_should_not_be_identified_as_dispatch-only
=== RUN   TestIsWorkflowDispatchOnly/workflow_dispatch_combined_with_schedule_should_not_be_dispatch-only
=== RUN   TestIsWorkflowDispatchOnly/workflow_dispatch_combined_with_push_should_not_be_dispatch-only
=== RUN   TestIsWorkflowDispatchOnly/workflow_dispatch_combined_with_pull_request_should_not_be_dispatch-only
=== RUN   TestIsWorkflowDispatchOnly/workflow_dispatch_combined_with_issues_should_not_be_dispatch-only
=== RUN   TestIsWorkflowDispatchOnly/slash_command_with_workflow_dispatch_should_not_be_dispatch-only
=== RUN   TestIsWorkflowDispatchOnly/slash_command_map_format_with_workflow_dispatch_should_not_be_dispatch-only
--- PASS: TestIsWorkflowDispatchOnly (0.00s)
    --- PASS: TestIsWorkflowDispatchOnly/Pure_workflow_dispatch_should_be_identified_as_dispatch-only (0.00s)
    --- PASS: TestIsWorkflowDispatchOnly/workflow_dispatch_with_inputs_should_be_identified_as_dispatch-only (0.00s)
    --- PASS: TestIsWorkflowDispatchOnly/No_workflow_dispatch_should_not_be_identified_as_dispatch-only (0.00s)
    --- PASS: TestIsWorkflowDispatchOnly/workflow_dispatch_combined_with_schedule_should_not_be_dispatch-only (0.00s)
    --- PASS: TestIsWorkflowDispatchOnly/workflow_dispatch_combined_with_push_should_not_be_dispatch-only (0.00s)
    --- PASS: TestIsWorkflowDispatchOnly/workflow_dispatch_combined_with_pull_request_should_not_be_dispatch-only (0.00s)
    --- PASS: TestIsWorkflowDispatchOnly/workflow_dispatch_combined_with_issues_should_not_be_dispatch-only (0.00s)
    --- PASS: TestIsWorkflowDispatchOnly/slash_command_with_workflow_dispatch_should_not_be_dispatch-only (0.00s)
    --- PASS: TestIsWorkflowDispatchOnly/slash_command_map_format_with_workflow_dispatch_should_not_be_dispatch-only (0.00s)
=== RUN   TestHasSpecialTriggers
=== RUN   TestHasSpecialTriggers/Issue_workflow_is_a_special_trigger
=== RUN   TestHasSpecialTriggers/PR_workflow_is_a_special_trigger
=== RUN   TestHasSpecialTriggers/Push_workflow_is_a_special_trigger
=== RUN   TestHasSpecialTriggers/Discussion_workflow_is_a_special_trigger
=== RUN   TestHasSpecialTriggers/workflow_dispatch-only_is_a_special_trigger
=== RUN   TestHasSpecialTriggers/slash_command_input_YAML_is_a_special_trigger
=== RUN   TestHasSpecialTriggers/slash_command_map_format_is_a_special_trigger
=== RUN   TestHasSpecialTriggers/schedule-only_is_NOT_a_special_trigger
=== RUN   TestHasSpecialTriggers/schedule_+_workflow_dispatch_is_NOT_a_special_trigger
--- PASS: TestHasSpecialTriggers (0.00s)
    --- PASS: TestHasSpecialTriggers/Issue_workflow_is_a_special_trigger (0.00s)
    --- PASS: TestHasSpecialTriggers/PR_workflow_is_a_special_trigger (0.00s)
    --- PASS: TestHasSpecialTriggers/Push_workflow_is_a_special_trigger (0.00s)
    --- PASS: TestHasSpecialTriggers/Discussion_workflow_is_a_special_trigger (0.00s)
    --- PASS: TestHasSpecialTriggers/workflow_dispatch-only_is_a_special_trigger (0.00s)
    --- PASS: TestHasSpecialTriggers/slash_command_input_YAML_is_a_special_trigger (0.00s)
    --- PASS: TestHasSpecialTriggers/slash_command_map_format_is_a_special_trigger (0.00s)
    --- PASS: TestHasSpecialTriggers/schedule-only_is_NOT_a_special_trigger (0.00s)
    --- PASS: TestHasSpecialTriggers/schedule_+_workflow_dispatch_is_NOT_a_special_trigger (0.00s)
=== RUN   TestHasBotSelfCancelRisk
=== RUN   TestHasBotSelfCancelRisk/slash_command_with_github-app_is_at_risk
=== RUN   TestHasBotSelfCancelRisk/issue_comment_with_github-app_is_at_risk
=== RUN   TestHasBotSelfCancelRisk/command_trigger_with_github-app_is_at_risk
=== RUN   TestHasBotSelfCancelRisk/slash_command_without_github-app_is_NOT_at_risk
=== RUN   TestHasBotSelfCancelRisk/issue-only_trigger_with_github-app_is_NOT_at_risk
=== RUN   TestHasBotSelfCancelRisk/PR_trigger_with_github-app_is_NOT_at_risk
=== RUN   TestHasBotSelfCancelRisk/no_safe-outputs_is_NOT_at_risk
--- PASS: TestHasBotSelfCancelRisk (0.00s)
    --- PASS: TestHasBotSelfCancelRisk/slash_command_with_github-app_is_at_risk (0.00s)
    --- PASS: TestHasBotSelfCancelRisk/issue_comment_with_github-app_is_at_risk (0.00s)
    --- PASS: TestHasBotSelfCancelRisk/command_trigger_with_github-app_is_at_risk (0.00s)
    --- PASS: TestHasBotSelfCancelRisk/slash_command_without_github-app_is_NOT_at_risk (0.00s)
    --- PASS: TestHasBotSelfCancelRisk/issue-only_trigger_with_github-app_is_NOT_at_risk (0.00s)
    --- PASS: TestHasBotSelfCancelRisk/PR_trigger_with_github-app_is_NOT_at_risk (0.00s)
    --- PASS: TestHasBotSelfCancelRisk/no_safe-outputs_is_NOT_at_risk (0.00s)
=== RUN   TestBotActorIsolationInConcurrencyKeys
=== RUN   TestBotActorIsolationInConcurrencyKeys/slash_command_with_github-app_gets_bot-actor_isolation
=== RUN   TestBotActorIsolationInConcurrencyKeys/issue_comment_with_github-app_gets_bot-actor_isolation
=== RUN   TestBotActorIsolationInConcurrencyKeys/command_trigger_with_github-app_gets_bot-actor_isolation
=== RUN   TestBotActorIsolationInConcurrencyKeys/slash_command_without_github-app_does_NOT_get_bot-actor_isolation
=== RUN   TestBotActorIsolationInConcurrencyKeys/issue_comment_without_safe-outputs_does_NOT_get_bot-actor_isolation
=== RUN   TestBotActorIsolationInConcurrencyKeys/issues-only_with_github-app_does_NOT_get_bot-actor_isolation
--- PASS: TestBotActorIsolationInConcurrencyKeys (0.00s)
    --- PASS: TestBotActorIsolationInConcurrencyKeys/slash_command_with_github-app_gets_bot-actor_isolation (0.00s)
    --- PASS: TestBotActorIsolationInConcurrencyKeys/issue_comment_with_github-app_gets_bot-actor_isolation (0.00s)
    --- PASS: TestBotActorIsolationInConcurrencyKeys/command_trigger_with_github-app_gets_bot-actor_isolation (0.00s)
    --- PASS: TestBotActorIsolationInConcurrencyKeys/slash_command_without_github-app_does_NOT_get_bot-actor_isolation (0.00s)
    --- PASS: TestBotActorIsolationInConcurrencyKeys/issue_comment_without_safe-outputs_does_NOT_get_bot-actor_isolation (0.00s)
    --- PASS: TestBotActorIsolationInConcurrencyKeys/issues-only_with_github-app_does_NOT_get_bot-actor_isolation (0.00s)
=== RUN   TestGenerateConcurrencyConfigWithBotIsolation
=== RUN   TestGenerateConcurrencyConfigWithBotIsolation/slash_command_with_github-app_uses_bot-actor_isolation
=== RUN   TestGenerateConcurrencyConfigWithBotIsolation/issue_comment_with_github-app_uses_bot-actor_isolation
=== RUN   TestGenerateConcurrencyConfigWithBotIsolation/slash_command_without_github-app_uses_standard_concurrency_key
=== RUN   TestGenerateConcurrencyConfigWithBotIsolation/Custom_concurrency_is_preserved_unchanged_even_with_bot_risk
--- PASS: TestGenerateConcurrencyConfigWithBotIsolation (0.00s)
    --- PASS: TestGenerateConcurrencyConfigWithBotIsolation/slash_command_with_github-app_uses_bot-actor_isolation (0.00s)
    --- PASS: TestGenerateConcurrencyConfigWithBotIsolation/issue_comment_with_github-app_uses_bot-actor_isolation (0.00s)
    --- PASS: TestGenerateConcurrencyConfigWithBotIsolation/slash_command_without_github-app_uses_standard_concurrency_key (0.00s)
    --- PASS: TestGenerateConcurrencyConfigWithBotIsolation/Custom_concurrency_is_preserved_unchanged_even_with_bot_risk (0.00s)
=== RUN   TestValidateConcurrencyGroupExpression
=== RUN   TestValidateConcurrencyGroupExpression/simple_static_group
=== RUN   TestValidateConcurrencyGroupExpression/group_with_github.ref
=== RUN   TestValidateConcurrencyGroupExpression/group_with_github.workflow
=== RUN   TestValidateConcurrencyGroupExpression/group_with_event_number
=== RUN   TestValidateConcurrencyGroupExpression/group_with_OR_operator
=== RUN   TestValidateConcurrencyGroupExpression/group_with_complex_expression
=== RUN   TestValidateConcurrencyGroupExpression/group_with_AND_operator
=== RUN   TestValidateConcurrencyGroupExpression/group_with_NOT_operator
=== RUN   TestValidateConcurrencyGroupExpression/group_with_parentheses
=== RUN   TestValidateConcurrencyGroupExpression/empty_string
=== RUN   TestValidateConcurrencyGroupExpression/only_whitespace
=== RUN   TestValidateConcurrencyGroupExpression/missing_closing_braces
=== RUN   TestValidateConcurrencyGroupExpression/missing_opening_braces
=== RUN   TestValidateConcurrencyGroupExpression/unbalanced_nested_braces
=== RUN   TestValidateConcurrencyGroupExpression/multiple_unclosed_braces
=== RUN   TestValidateConcurrencyGroupExpression/empty_expression
=== RUN   TestValidateConcurrencyGroupExpression/whitespace_expression
=== RUN   TestValidateConcurrencyGroupExpression/unclosed_opening_parenthesis
=== RUN   TestValidateConcurrencyGroupExpression/extra_closing_parenthesis
=== RUN   TestValidateConcurrencyGroupExpression/mismatched_parentheses
=== RUN   TestValidateConcurrencyGroupExpression/unclosed_single_quote
=== RUN   TestValidateConcurrencyGroupExpression/unclosed_double_quote
=== RUN   TestValidateConcurrencyGroupExpression/unclosed_backtick
=== RUN   TestValidateConcurrencyGroupExpression/consecutive_AND_operators
=== RUN   TestValidateConcurrencyGroupExpression/consecutive_OR_operators
=== RUN   TestValidateConcurrencyGroupExpression/operator_at_end
=== RUN   TestValidateConcurrencyGroupExpression/operator_at_start
=== RUN   TestValidateConcurrencyGroupExpression/multiple_valid_expressions
--- PASS: TestValidateConcurrencyGroupExpression (0.00s)
    --- PASS: TestValidateConcurrencyGroupExpression/simple_static_group (0.00s)
    --- PASS: TestValidateConcurrencyGroupExpression/group_with_github.ref (0.00s)
    --- PASS: TestValidateConcurrencyGroupExpression/group_with_github.workflow (0.00s)
    --- PASS: TestValidateConcurrencyGroupExpression/group_with_event_number (0.00s)
    --- PASS: TestValidateConcurrencyGroupExpression/group_with_OR_operator (0.00s)
    --- PASS: TestValidateConcurrencyGroupExpression/group_with_complex_expression (0.00s)
    --- PASS: TestValidateConcurrencyGroupExpression/group_with_AND_operator (0.00s)
    --- PASS: TestValidateConcurrencyGroupExpression/group_with_NOT_operator (0.00s)
    --- PASS: TestValidateConcurrencyGroupExpression/group_with_parentheses (0.00s)
    --- PASS: TestValidateConcurrencyGroupExpression/empty_string (0.00s)
    --- PASS: TestValidateConcurrencyGroupExpression/only_whitespace (0.00s)
    --- PASS: TestValidateConcurrencyGroupExpression/missing_closing_braces (0.00s)
    --- PASS: TestValidateConcurrencyGroupExpression/missing_opening_braces (0.00s)
    --- PASS: TestValidateConcurrencyGroupExpression/unbalanced_nested_braces (0.00s)
    --- PASS: TestValidateConcurrencyGroupExpression/multiple_unclosed_braces (0.00s)
    --- PASS: TestValidateConcurrencyGroupExpression/empty_expression (0.00s)
    --- PASS: TestValidateConcurrencyGroupExpression/whitespace_expression (0.00s)
    --- PASS: TestValidateConcurrencyGroupExpression/unclosed_opening_parenthesis (0.00s)
    --- PASS: TestValidateConcurrencyGroupExpression/extra_closing_parenthesis (0.00s)
    --- PASS: TestValidateConcurrencyGroupExpression/mismatched_parentheses (0.00s)
    --- PASS: TestValidateConcurrencyGroupExpression/unclosed_single_quote (0.00s)
    --- PASS: TestValidateConcurrencyGroupExpression/unclosed_double_quote (0.00s)
    --- PASS: TestValidateConcurrencyGroupExpression/unclosed_backtick (0.00s)
    --- PASS: TestValidateConcurrencyGroupExpression/consecutive_AND_operators (0.00s)
    --- PASS: TestValidateConcurrencyGroupExpression/consecutive_OR_operators (0.00s)
    --- PASS: TestValidateConcurrencyGroupExpression/operator_at_end (0.00s)
    --- PASS: TestValidateConcurrencyGroupExpression/operator_at_start (0.00s)
    --- PASS: TestValidateConcurrencyGroupExpression/multiple_valid_expressions (0.00s)
=== RUN   TestValidateBalancedBraces
=== RUN   TestValidateBalancedBraces/balanced_single_expression
=== RUN   TestValidateBalancedBraces/balanced_multiple_expressions
=== RUN   TestValidateBalancedBraces/no_expressions
=== RUN   TestValidateBalancedBraces/missing_closing_braces
=== RUN   TestValidateBalancedBraces/extra_closing_braces
=== RUN   TestValidateBalancedBraces/nested_incomplete_expression
--- PASS: TestValidateBalancedBraces (0.00s)
    --- PASS: TestValidateBalancedBraces/balanced_single_expression (0.00s)
    --- PASS: TestValidateBalancedBraces/balanced_multiple_expressions (0.00s)
    --- PASS: TestValidateBalancedBraces/no_expressions (0.00s)
    --- PASS: TestValidateBalancedBraces/missing_closing_braces (0.00s)
    --- PASS: TestValidateBalancedBraces/extra_closing_braces (0.00s)
    --- PASS: TestValidateBalancedBraces/nested_incomplete_expression (0.00s)
=== RUN   TestValidateExpressionContent
=== RUN   TestValidateExpressionContent/simple_property_access
=== RUN   TestValidateExpressionContent/OR_expression
=== RUN   TestValidateExpressionContent/expression_with_parentheses
=== RUN   TestValidateExpressionContent/unclosed_parenthesis
=== RUN   TestValidateExpressionContent/extra_closing_parenthesis
=== RUN   TestValidateExpressionContent/unclosed_single_quote
=== RUN   TestValidateExpressionContent/consecutive_operators
--- PASS: TestValidateExpressionContent (0.00s)
    --- PASS: TestValidateExpressionContent/simple_property_access (0.00s)
    --- PASS: TestValidateExpressionContent/OR_expression (0.00s)
    --- PASS: TestValidateExpressionContent/expression_with_parentheses (0.00s)
    --- PASS: TestValidateExpressionContent/unclosed_parenthesis (0.00s)
    --- PASS: TestValidateExpressionContent/extra_closing_parenthesis (0.00s)
    --- PASS: TestValidateExpressionContent/unclosed_single_quote (0.00s)
    --- PASS: TestValidateExpressionContent/consecutive_operators (0.00s)
=== RUN   TestValidateBalancedQuotes
=== RUN   TestValidateBalancedQuotes/no_quotes
=== RUN   TestValidateBalancedQuotes/balanced_single_quotes
=== RUN   TestValidateBalancedQuotes/balanced_double_quotes
=== RUN   TestValidateBalancedQuotes/balanced_backticks
=== RUN   TestValidateBalancedQuotes/mixed_balanced_quotes
=== RUN   TestValidateBalancedQuotes/escaped_quote_inside_string
=== RUN   TestValidateBalancedQuotes/unclosed_single_quote
=== RUN   TestValidateBalancedQuotes/unclosed_double_quote
=== RUN   TestValidateBalancedQuotes/unclosed_backtick
--- PASS: TestValidateBalancedQuotes (0.00s)
    --- PASS: TestValidateBalancedQuotes/no_quotes (0.00s)
    --- PASS: TestValidateBalancedQuotes/balanced_single_quotes (0.00s)
    --- PASS: TestValidateBalancedQuotes/balanced_double_quotes (0.00s)
    --- PASS: TestValidateBalancedQuotes/balanced_backticks (0.00s)
    --- PASS: TestValidateBalancedQuotes/mixed_balanced_quotes (0.00s)
    --- PASS: TestValidateBalancedQuotes/escaped_quote_inside_string (0.00s)
    --- PASS: TestValidateBalancedQuotes/unclosed_single_quote (0.00s)
    --- PASS: TestValidateBalancedQuotes/unclosed_double_quote (0.00s)
    --- PASS: TestValidateBalancedQuotes/unclosed_backtick (0.00s)
=== RUN   TestContainsLogicalOperators
=== RUN   TestContainsLogicalOperators/no_operators
=== RUN   TestContainsLogicalOperators/has_AND_operator
=== RUN   TestContainsLogicalOperators/has_OR_operator
=== RUN   TestContainsLogicalOperators/has_NOT_operator
=== RUN   TestContainsLogicalOperators/has_multiple_operators
=== RUN   TestContainsLogicalOperators/has_!=_comparison_(triggers_due_to_!_character)
--- PASS: TestContainsLogicalOperators (0.00s)
    --- PASS: TestContainsLogicalOperators/no_operators (0.00s)
    --- PASS: TestContainsLogicalOperators/has_AND_operator (0.00s)
    --- PASS: TestContainsLogicalOperators/has_OR_operator (0.00s)
    --- PASS: TestContainsLogicalOperators/has_NOT_operator (0.00s)
    --- PASS: TestContainsLogicalOperators/has_multiple_operators (0.00s)
    --- PASS: TestContainsLogicalOperators/has_!=_comparison_(triggers_due_to_!_character) (0.00s)
=== RUN   TestValidateConcurrencyGroupExpressionRealWorld
=== RUN   TestValidateConcurrencyGroupExpressionRealWorld/workflow-level_PR_concurrency
=== RUN   TestValidateConcurrencyGroupExpressionRealWorld/workflow-level_issue_concurrency
=== RUN   TestValidateConcurrencyGroupExpressionRealWorld/workflow-level_command_concurrency
=== RUN   TestValidateConcurrencyGroupExpressionRealWorld/workflow-level_discussion_concurrency
=== RUN   TestValidateConcurrencyGroupExpressionRealWorld/workflow-level_push_concurrency
=== RUN   TestValidateConcurrencyGroupExpressionRealWorld/engine-level_concurrency
=== RUN   TestValidateConcurrencyGroupExpressionRealWorld/simple_static_group
--- PASS: TestValidateConcurrencyGroupExpressionRealWorld (0.00s)
    --- PASS: TestValidateConcurrencyGroupExpressionRealWorld/workflow-level_PR_concurrency (0.00s)
    --- PASS: TestValidateConcurrencyGroupExpressionRealWorld/workflow-level_issue_concurrency (0.00s)
    --- PASS: TestValidateConcurrencyGroupExpressionRealWorld/workflow-level_command_concurrency (0.00s)
    --- PASS: TestValidateConcurrencyGroupExpressionRealWorld/workflow-level_discussion_concurrency (0.00s)
    --- PASS: TestValidateConcurrencyGroupExpressionRealWorld/workflow-level_push_concurrency (0.00s)
    --- PASS: TestValidateConcurrencyGroupExpressionRealWorld/engine-level_concurrency (0.00s)
    --- PASS: TestValidateConcurrencyGroupExpressionRealWorld/simple_static_group (0.00s)
=== RUN   TestValidateConcurrencyGroupExpressionErrorMessages
=== RUN   TestValidateConcurrencyGroupExpressionErrorMessages/missing_closing_brace_error_message
=== RUN   TestValidateConcurrencyGroupExpressionErrorMessages/unbalanced_parenthesis_error_message
=== RUN   TestValidateConcurrencyGroupExpressionErrorMessages/empty_expression_error_message
--- PASS: TestValidateConcurrencyGroupExpressionErrorMessages (0.00s)
    --- PASS: TestValidateConcurrencyGroupExpressionErrorMessages/missing_closing_brace_error_message (0.00s)
    --- PASS: TestValidateConcurrencyGroupExpressionErrorMessages/unbalanced_parenthesis_error_message (0.00s)
    --- PASS: TestValidateConcurrencyGroupExpressionErrorMessages/empty_expression_error_message (0.00s)
=== RUN   TestValidateConcurrencyGroupExpressionWithComplexExpressions
=== RUN   TestValidateConcurrencyGroupExpressionWithComplexExpressions/nested_parentheses
=== RUN   TestValidateConcurrencyGroupExpressionWithComplexExpressions/multiple_NOT_operators
=== RUN   TestValidateConcurrencyGroupExpressionWithComplexExpressions/complex_boolean_expression
=== RUN   TestValidateConcurrencyGroupExpressionWithComplexExpressions/comparison_expressions
--- PASS: TestValidateConcurrencyGroupExpressionWithComplexExpressions (0.00s)
    --- PASS: TestValidateConcurrencyGroupExpressionWithComplexExpressions/nested_parentheses (0.00s)
    --- PASS: TestValidateConcurrencyGroupExpressionWithComplexExpressions/multiple_NOT_operators (0.00s)
    --- PASS: TestValidateConcurrencyGroupExpressionWithComplexExpressions/complex_boolean_expression (0.00s)
    --- PASS: TestValidateConcurrencyGroupExpressionWithComplexExpressions/comparison_expressions (0.00s)
=== RUN   TestExtractConcurrencyGroupFromYAML
=== RUN   TestExtractConcurrencyGroupFromYAML/simple_group_with_double_quotes
=== RUN   TestExtractConcurrencyGroupFromYAML/simple_group_with_single_quotes
=== RUN   TestExtractConcurrencyGroupFromYAML/group_with_expression
=== RUN   TestExtractConcurrencyGroupFromYAML/group_with_cancel-in-progress
=== RUN   TestExtractConcurrencyGroupFromYAML/complex_group_expression
=== RUN   TestExtractConcurrencyGroupFromYAML/group_without_quotes
=== RUN   TestExtractConcurrencyGroupFromYAML/string_format_with_double_quotes
=== RUN   TestExtractConcurrencyGroupFromYAML/string_format_with_expression
=== RUN   TestExtractConcurrencyGroupFromYAML/string_format_with_unclosed_expression
=== RUN   TestExtractConcurrencyGroupFromYAML/no_group_field
=== RUN   TestExtractConcurrencyGroupFromYAML/empty_yaml
--- PASS: TestExtractConcurrencyGroupFromYAML (0.00s)
    --- PASS: TestExtractConcurrencyGroupFromYAML/simple_group_with_double_quotes (0.00s)
    --- PASS: TestExtractConcurrencyGroupFromYAML/simple_group_with_single_quotes (0.00s)
    --- PASS: TestExtractConcurrencyGroupFromYAML/group_with_expression (0.00s)
    --- PASS: TestExtractConcurrencyGroupFromYAML/group_with_cancel-in-progress (0.00s)
    --- PASS: TestExtractConcurrencyGroupFromYAML/complex_group_expression (0.00s)
    --- PASS: TestExtractConcurrencyGroupFromYAML/group_without_quotes (0.00s)
    --- PASS: TestExtractConcurrencyGroupFromYAML/string_format_with_double_quotes (0.00s)
    --- PASS: TestExtractConcurrencyGroupFromYAML/string_format_with_expression (0.00s)
    --- PASS: TestExtractConcurrencyGroupFromYAML/string_format_with_unclosed_expression (0.00s)
    --- PASS: TestExtractConcurrencyGroupFromYAML/no_group_field (0.00s)
    --- PASS: TestExtractConcurrencyGroupFromYAML/empty_yaml (0.00s)
=== RUN   TestValidateConcurrencyQueueConfiguration
=== RUN   TestValidateConcurrencyQueueConfiguration/queue_max_with_cancel_true_is_rejected
=== RUN   TestValidateConcurrencyQueueConfiguration/quoted_queue_max_with_cancel_true_is_rejected
=== RUN   TestValidateConcurrencyQueueConfiguration/queue_max_with_cancel_false_is_allowed
=== RUN   TestValidateConcurrencyQueueConfiguration/queue_max_without_cancel-in-progress_is_allowed
=== RUN   TestValidateConcurrencyQueueConfiguration/queue_single_with_cancel_true_is_allowed
=== RUN   TestValidateConcurrencyQueueConfiguration/string_concurrency_is_allowed
=== RUN   TestValidateConcurrencyQueueConfiguration/empty_concurrency_string_is_allowed
=== RUN   TestValidateConcurrencyQueueConfiguration/whitespace-only_concurrency_string_is_allowed
--- PASS: TestValidateConcurrencyQueueConfiguration (0.00s)
    --- PASS: TestValidateConcurrencyQueueConfiguration/queue_max_with_cancel_true_is_rejected (0.00s)
    --- PASS: TestValidateConcurrencyQueueConfiguration/quoted_queue_max_with_cancel_true_is_rejected (0.00s)
    --- PASS: TestValidateConcurrencyQueueConfiguration/queue_max_with_cancel_false_is_allowed (0.00s)
    --- PASS: TestValidateConcurrencyQueueConfiguration/queue_max_without_cancel-in-progress_is_allowed (0.00s)
    --- PASS: TestValidateConcurrencyQueueConfiguration/queue_single_with_cancel_true_is_allowed (0.00s)
    --- PASS: TestValidateConcurrencyQueueConfiguration/string_concurrency_is_allowed (0.00s)
    --- PASS: TestValidateConcurrencyQueueConfiguration/empty_concurrency_string_is_allowed (0.00s)
    --- PASS: TestValidateConcurrencyQueueConfiguration/whitespace-only_concurrency_string_is_allowed (0.00s)
=== RUN   TestExtractStringFromMap
=== RUN   TestExtractStringFromMap/valid_string_value
=== RUN   TestExtractStringFromMap/empty_string_value
=== RUN   TestExtractStringFromMap/missing_key
=== RUN   TestExtractStringFromMap/non-string_type
=== RUN   TestExtractStringFromMap/string_with_special_characters
=== RUN   TestExtractStringFromMap/different_key_returns_different_value
=== RUN   TestExtractStringFromMap/non-string_value_returns_empty
=== RUN   TestExtractStringFromMap/nil_value_returns_empty
--- PASS: TestExtractStringFromMap (0.00s)
    --- PASS: TestExtractStringFromMap/valid_string_value (0.00s)
    --- PASS: TestExtractStringFromMap/empty_string_value (0.00s)
    --- PASS: TestExtractStringFromMap/missing_key (0.00s)
    --- PASS: TestExtractStringFromMap/non-string_type (0.00s)
    --- PASS: TestExtractStringFromMap/string_with_special_characters (0.00s)
    --- PASS: TestExtractStringFromMap/different_key_returns_different_value (0.00s)
    --- PASS: TestExtractStringFromMap/non-string_value_returns_empty (0.00s)
    --- PASS: TestExtractStringFromMap/nil_value_returns_empty (0.00s)
=== RUN   TestExtractTitlePrefixFromMap
=== RUN   TestExtractTitlePrefixFromMap/valid_title-prefix
=== RUN   TestExtractTitlePrefixFromMap/empty_title-prefix
=== RUN   TestExtractTitlePrefixFromMap/missing_title-prefix_field
=== RUN   TestExtractTitlePrefixFromMap/title-prefix_as_non-string_type
=== RUN   TestExtractTitlePrefixFromMap/title-prefix_with_special_characters
--- PASS: TestExtractTitlePrefixFromMap (0.00s)
    --- PASS: TestExtractTitlePrefixFromMap/valid_title-prefix (0.00s)
    --- PASS: TestExtractTitlePrefixFromMap/empty_title-prefix (0.00s)
    --- PASS: TestExtractTitlePrefixFromMap/missing_title-prefix_field (0.00s)
    --- PASS: TestExtractTitlePrefixFromMap/title-prefix_as_non-string_type (0.00s)
    --- PASS: TestExtractTitlePrefixFromMap/title-prefix_with_special_characters (0.00s)
=== RUN   TestExtractTargetRepoFromMap
=== RUN   TestExtractTargetRepoFromMap/valid_target-repo
=== RUN   TestExtractTargetRepoFromMap/wildcard_target-repo_(returns_*_for_caller_to_validate)
=== RUN   TestExtractTargetRepoFromMap/missing_target-repo_field
=== RUN   TestExtractTargetRepoFromMap/target-repo_as_non-string_type
=== RUN   TestExtractTargetRepoFromMap/target-repo_with_organization_and_repo
--- PASS: TestExtractTargetRepoFromMap (0.00s)
    --- PASS: TestExtractTargetRepoFromMap/valid_target-repo (0.00s)
    --- PASS: TestExtractTargetRepoFromMap/wildcard_target-repo_(returns_*_for_caller_to_validate) (0.00s)
    --- PASS: TestExtractTargetRepoFromMap/missing_target-repo_field (0.00s)
    --- PASS: TestExtractTargetRepoFromMap/target-repo_as_non-string_type (0.00s)
    --- PASS: TestExtractTargetRepoFromMap/target-repo_with_organization_and_repo (0.00s)
=== RUN   TestParseIssuesConfigWithHelpers
--- PASS: TestParseIssuesConfigWithHelpers (0.00s)
=== RUN   TestParsePullRequestsConfigWithHelpers
--- PASS: TestParsePullRequestsConfigWithHelpers (0.00s)
=== RUN   TestParseIssuesConfigWithSingleStringAssignee
--- PASS: TestParseIssuesConfigWithSingleStringAssignee (0.00s)
=== RUN   TestParsePullRequestsConfigWithSingleStringReviewerAndTeamReviewer
--- PASS: TestParsePullRequestsConfigWithSingleStringReviewerAndTeamReviewer (0.00s)
=== RUN   TestParsePullRequestsConfigWithSingleStringAssignee
--- PASS: TestParsePullRequestsConfigWithSingleStringAssignee (0.00s)
=== RUN   TestParsePullRequestsConfigExpires
=== RUN   TestParsePullRequestsConfigExpires/integer_days_converted_to_hours
=== RUN   TestParsePullRequestsConfigExpires/string_duration_converted_to_hours
--- PASS: TestParsePullRequestsConfigExpires (0.00s)
    --- PASS: TestParsePullRequestsConfigExpires/integer_days_converted_to_hours (0.00s)
    --- PASS: TestParsePullRequestsConfigExpires/string_duration_converted_to_hours (0.00s)
=== RUN   TestParseDiscussionsConfigWithHelpers
--- PASS: TestParseDiscussionsConfigWithHelpers (0.00s)
=== RUN   TestParseCommentsConfigWithHelpers
--- PASS: TestParseCommentsConfigWithHelpers (0.00s)
=== RUN   TestParsePRReviewCommentsConfigWithHelpers
--- PASS: TestParsePRReviewCommentsConfigWithHelpers (0.00s)
=== RUN   TestParseIssuesConfigWithWildcardTargetRepo
--- PASS: TestParseIssuesConfigWithWildcardTargetRepo (0.00s)
=== RUN   TestParsePullRequestsConfigWithWildcardTargetRepo
--- PASS: TestParsePullRequestsConfigWithWildcardTargetRepo (0.00s)
=== RUN   TestParseDiscussionsConfigWithWildcardTargetRepo
info: Discussion category "General" normalized to lowercase: "general"

--- PASS: TestParseDiscussionsConfigWithWildcardTargetRepo (0.00s)
=== RUN   TestParseCommentsConfigWithWildcardTargetRepo
--- PASS: TestParseCommentsConfigWithWildcardTargetRepo (0.00s)
=== RUN   TestParsePRReviewCommentsConfigWithWildcardTargetRepo
--- PASS: TestParsePRReviewCommentsConfigWithWildcardTargetRepo (0.00s)
=== RUN   TestParseTargetRepoWithValidation
=== RUN   TestParseTargetRepoWithValidation/valid_target-repo
=== RUN   TestParseTargetRepoWithValidation/empty_target-repo
=== RUN   TestParseTargetRepoWithValidation/missing_target-repo
=== RUN   TestParseTargetRepoWithValidation/wildcard_target-repo_(invalid)
=== RUN   TestParseTargetRepoWithValidation/target-repo_with_special_characters
--- PASS: TestParseTargetRepoWithValidation (0.00s)
    --- PASS: TestParseTargetRepoWithValidation/valid_target-repo (0.00s)
    --- PASS: TestParseTargetRepoWithValidation/empty_target-repo (0.00s)
    --- PASS: TestParseTargetRepoWithValidation/missing_target-repo (0.00s)
    --- PASS: TestParseTargetRepoWithValidation/wildcard_target-repo_(invalid) (0.00s)
    --- PASS: TestParseTargetRepoWithValidation/target-repo_with_special_characters (0.00s)
=== RUN   TestParseBoolFromConfig
=== RUN   TestParseBoolFromConfig/true_value
=== RUN   TestParseBoolFromConfig/false_value
=== RUN   TestParseBoolFromConfig/missing_key
=== RUN   TestParseBoolFromConfig/non-bool_type_(string)
=== RUN   TestParseBoolFromConfig/non-bool_type_(int)
=== RUN   TestParseBoolFromConfig/non-bool_type_(int_0)
=== RUN   TestParseBoolFromConfig/non-bool_type_(array)
=== RUN   TestParseBoolFromConfig/nil_value
=== RUN   TestParseBoolFromConfig/different_keys_with_different_values
=== RUN   TestParseBoolFromConfig/explicit_false_value_should_be_preserved
--- PASS: TestParseBoolFromConfig (0.00s)
    --- PASS: TestParseBoolFromConfig/true_value (0.00s)
    --- PASS: TestParseBoolFromConfig/false_value (0.00s)
    --- PASS: TestParseBoolFromConfig/missing_key (0.00s)
    --- PASS: TestParseBoolFromConfig/non-bool_type_(string) (0.00s)
    --- PASS: TestParseBoolFromConfig/non-bool_type_(int) (0.00s)
    --- PASS: TestParseBoolFromConfig/non-bool_type_(int_0) (0.00s)
    --- PASS: TestParseBoolFromConfig/non-bool_type_(array) (0.00s)
    --- PASS: TestParseBoolFromConfig/nil_value (0.00s)
    --- PASS: TestParseBoolFromConfig/different_keys_with_different_values (0.00s)
    --- PASS: TestParseBoolFromConfig/explicit_false_value_should_be_preserved (0.00s)
=== RUN   TestPreprocessExpiresField
=== RUN   TestPreprocessExpiresField/valid_integer_days_-_converted_to_hours
=== RUN   TestPreprocessExpiresField/valid_string_format_-_48h
=== RUN   TestPreprocessExpiresField/valid_string_format_-_7d
=== RUN   TestPreprocessExpiresField/explicitly_disabled_with_false
=== RUN   TestPreprocessExpiresField/invalid_-_true_boolean
=== RUN   TestPreprocessExpiresField/invalid_-_1_hour_(below_minimum)
=== RUN   TestPreprocessExpiresField/valid_-_2_hours_(at_minimum)
=== RUN   TestPreprocessExpiresField/no_expires_field
=== RUN   TestPreprocessExpiresField/invalid_string_format
=== RUN   TestPreprocessExpiresField/nil_configData
--- PASS: TestPreprocessExpiresField (0.00s)
    --- PASS: TestPreprocessExpiresField/valid_integer_days_-_converted_to_hours (0.00s)
    --- PASS: TestPreprocessExpiresField/valid_string_format_-_48h (0.00s)
    --- PASS: TestPreprocessExpiresField/valid_string_format_-_7d (0.00s)
    --- PASS: TestPreprocessExpiresField/explicitly_disabled_with_false (0.00s)
    --- PASS: TestPreprocessExpiresField/invalid_-_true_boolean (0.00s)
    --- PASS: TestPreprocessExpiresField/invalid_-_1_hour_(below_minimum) (0.00s)
    --- PASS: TestPreprocessExpiresField/valid_-_2_hours_(at_minimum) (0.00s)
    --- PASS: TestPreprocessExpiresField/no_expires_field (0.00s)
    --- PASS: TestPreprocessExpiresField/invalid_string_format (0.00s)
    --- PASS: TestPreprocessExpiresField/nil_configData (0.00s)
=== RUN   TestUnmarshalConfig
=== RUN   TestUnmarshalConfig/valid_config_with_all_fields
=== RUN   TestUnmarshalConfig/empty_config_(nil_value)
=== RUN   TestUnmarshalConfig/partial_config
=== RUN   TestUnmarshalConfig/missing_key
=== RUN   TestUnmarshalConfig/empty_map
--- PASS: TestUnmarshalConfig (0.00s)
    --- PASS: TestUnmarshalConfig/valid_config_with_all_fields (0.00s)
    --- PASS: TestUnmarshalConfig/empty_config_(nil_value) (0.00s)
    --- PASS: TestUnmarshalConfig/partial_config (0.00s)
    --- PASS: TestUnmarshalConfig/missing_key (0.00s)
    --- PASS: TestUnmarshalConfig/empty_map (0.00s)
=== RUN   TestParseStringArrayOrExprFromConfig
=== RUN   TestParseStringArrayOrExprFromConfig/nil_map_returns_nil
=== RUN   TestParseStringArrayOrExprFromConfig/missing_key_returns_nil
=== RUN   TestParseStringArrayOrExprFromConfig/valid_[]string_array
=== RUN   TestParseStringArrayOrExprFromConfig/valid_[]any_array
=== RUN   TestParseStringArrayOrExprFromConfig/empty_array_returns_empty_slice
=== RUN   TestParseStringArrayOrExprFromConfig/GitHub_Actions_expression_string_wrapped_in_single-element_slice
=== RUN   TestParseStringArrayOrExprFromConfig/expression_with_extra_whitespace_is_still_valid
=== RUN   TestParseStringArrayOrExprFromConfig/non-expression_bare_string_returns_nil
--- PASS: TestParseStringArrayOrExprFromConfig (0.00s)
    --- PASS: TestParseStringArrayOrExprFromConfig/nil_map_returns_nil (0.00s)
    --- PASS: TestParseStringArrayOrExprFromConfig/missing_key_returns_nil (0.00s)
    --- PASS: TestParseStringArrayOrExprFromConfig/valid_[]string_array (0.00s)
    --- PASS: TestParseStringArrayOrExprFromConfig/valid_[]any_array (0.00s)
    --- PASS: TestParseStringArrayOrExprFromConfig/empty_array_returns_empty_slice (0.00s)
    --- PASS: TestParseStringArrayOrExprFromConfig/GitHub_Actions_expression_string_wrapped_in_single-element_slice (0.00s)
    --- PASS: TestParseStringArrayOrExprFromConfig/expression_with_extra_whitespace_is_still_valid (0.00s)
    --- PASS: TestParseStringArrayOrExprFromConfig/non-expression_bare_string_returns_nil (0.00s)
=== RUN   TestPreprocessStringArrayFieldAsTemplatable
=== RUN   TestPreprocessStringArrayFieldAsTemplatable/nil_configData_is_a_no-op
=== RUN   TestPreprocessStringArrayFieldAsTemplatable/missing_field_is_a_no-op
=== RUN   TestPreprocessStringArrayFieldAsTemplatable/array_value_is_left_unchanged
=== RUN   TestPreprocessStringArrayFieldAsTemplatable/expression_string_is_wrapped
=== RUN   TestPreprocessStringArrayFieldAsTemplatable/non-expression_string_returns_error_with_actionable_message
--- PASS: TestPreprocessStringArrayFieldAsTemplatable (0.00s)
    --- PASS: TestPreprocessStringArrayFieldAsTemplatable/nil_configData_is_a_no-op (0.00s)
    --- PASS: TestPreprocessStringArrayFieldAsTemplatable/missing_field_is_a_no-op (0.00s)
    --- PASS: TestPreprocessStringArrayFieldAsTemplatable/array_value_is_left_unchanged (0.00s)
    --- PASS: TestPreprocessStringArrayFieldAsTemplatable/expression_string_is_wrapped (0.00s)
    --- PASS: TestPreprocessStringArrayFieldAsTemplatable/non-expression_string_returns_error_with_actionable_message (0.00s)
=== RUN   TestAddTemplatableStringSliceBuilder
=== RUN   TestAddTemplatableStringSliceBuilder/nil_slice_omits_key
=== RUN   TestAddTemplatableStringSliceBuilder/empty_slice_omits_key
=== RUN   TestAddTemplatableStringSliceBuilder/literal_slice_stored_as_array
=== RUN   TestAddTemplatableStringSliceBuilder/expression_single-element_stored_as_string
=== RUN   TestAddTemplatableStringSliceBuilder/multi-element_slice_with_expression-like_string_stored_as_array
--- PASS: TestAddTemplatableStringSliceBuilder (0.00s)
    --- PASS: TestAddTemplatableStringSliceBuilder/nil_slice_omits_key (0.00s)
    --- PASS: TestAddTemplatableStringSliceBuilder/empty_slice_omits_key (0.00s)
    --- PASS: TestAddTemplatableStringSliceBuilder/literal_slice_stored_as_array (0.00s)
    --- PASS: TestAddTemplatableStringSliceBuilder/expression_single-element_stored_as_string (0.00s)
    --- PASS: TestAddTemplatableStringSliceBuilder/multi-element_slice_with_expression-like_string_stored_as_array (0.00s)
=== RUN   TestParsePullRequestsConfigExpressionFields
=== RUN   TestParsePullRequestsConfigExpressionFields/labels_as_expression
=== RUN   TestParsePullRequestsConfigExpressionFields/allowed-repos_as_expression
=== RUN   TestParsePullRequestsConfigExpressionFields/allowed-base-branches_as_expression
=== RUN   TestParsePullRequestsConfigExpressionFields/allowed-branches_as_expression
--- PASS: TestParsePullRequestsConfigExpressionFields (0.00s)
    --- PASS: TestParsePullRequestsConfigExpressionFields/labels_as_expression (0.00s)
    --- PASS: TestParsePullRequestsConfigExpressionFields/allowed-repos_as_expression (0.00s)
    --- PASS: TestParsePullRequestsConfigExpressionFields/allowed-base-branches_as_expression (0.00s)
    --- PASS: TestParsePullRequestsConfigExpressionFields/allowed-branches_as_expression (0.00s)
=== RUN   TestParseAddCommentConfigExpressionFields
--- PASS: TestParseAddCommentConfigExpressionFields (0.00s)
=== RUN   TestParsePushToPullRequestBranchExpressionFields
=== RUN   TestParsePushToPullRequestBranchExpressionFields/required-labels_as_expression
=== RUN   TestParsePushToPullRequestBranchExpressionFields/allowed-repos_as_expression
--- PASS: TestParsePushToPullRequestBranchExpressionFields (0.00s)
    --- PASS: TestParsePushToPullRequestBranchExpressionFields/required-labels_as_expression (0.00s)
    --- PASS: TestParsePushToPullRequestBranchExpressionFields/allowed-repos_as_expression (0.00s)
=== RUN   TestParsePushToPullRequestBranchMaxPatchSize
--- PASS: TestParsePushToPullRequestBranchMaxPatchSize (0.00s)
=== RUN   TestHandlerConfigExpressionFields
=== RUN   TestHandlerConfigExpressionFields/create_pull_request_labels_expression_stored_as_string
=== RUN   TestHandlerConfigExpressionFields/create_pull_request_labels_literal_stored_as_array
=== RUN   TestHandlerConfigExpressionFields/create_pull_request_allowed_repos_expression_stored_as_string
=== RUN   TestHandlerConfigExpressionFields/create_pull_request_allowed_base_branches_expression_stored_as_string
=== RUN   TestHandlerConfigExpressionFields/create_pull_request_allowed_branches_expression_stored_as_string
=== RUN   TestHandlerConfigExpressionFields/add_comment_allowed_repos_expression_stored_as_string
=== RUN   TestHandlerConfigExpressionFields/push_to_pull_request_branch_required_labels_expression_stored_as_string
=== RUN   TestHandlerConfigExpressionFields/push_to_pull_request_branch_allowed_repos_expression_stored_as_string
--- PASS: TestHandlerConfigExpressionFields (0.00s)
    --- PASS: TestHandlerConfigExpressionFields/create_pull_request_labels_expression_stored_as_string (0.00s)
    --- PASS: TestHandlerConfigExpressionFields/create_pull_request_labels_literal_stored_as_array (0.00s)
    --- PASS: TestHandlerConfigExpressionFields/create_pull_request_allowed_repos_expression_stored_as_string (0.00s)
    --- PASS: TestHandlerConfigExpressionFields/create_pull_request_allowed_base_branches_expression_stored_as_string (0.00s)
    --- PASS: TestHandlerConfigExpressionFields/create_pull_request_allowed_branches_expression_stored_as_string (0.00s)
    --- PASS: TestHandlerConfigExpressionFields/add_comment_allowed_repos_expression_stored_as_string (0.00s)
    --- PASS: TestHandlerConfigExpressionFields/push_to_pull_request_branch_required_labels_expression_stored_as_string (0.00s)
    --- PASS: TestHandlerConfigExpressionFields/push_to_pull_request_branch_allowed_repos_expression_stored_as_string (0.00s)
=== RUN   TestExpressionFieldsRejectedForInvalidStrings
=== RUN   TestExpressionFieldsRejectedForInvalidStrings/create-pull-request/labels/non-expression
=== RUN   TestExpressionFieldsRejectedForInvalidStrings/create-pull-request/allowed-repos/non-expression
=== RUN   TestExpressionFieldsRejectedForInvalidStrings/create-pull-request/allowed-base-branches/non-expression
=== RUN   TestExpressionFieldsRejectedForInvalidStrings/create-pull-request/allowed-branches/non-expression
=== RUN   TestExpressionFieldsRejectedForInvalidStrings/add-comment/allowed-repos/non-expression
--- PASS: TestExpressionFieldsRejectedForInvalidStrings (0.00s)
    --- PASS: TestExpressionFieldsRejectedForInvalidStrings/create-pull-request/labels/non-expression (0.00s)
    --- PASS: TestExpressionFieldsRejectedForInvalidStrings/create-pull-request/allowed-repos/non-expression (0.00s)
    --- PASS: TestExpressionFieldsRejectedForInvalidStrings/create-pull-request/allowed-base-branches/non-expression (0.00s)
    --- PASS: TestExpressionFieldsRejectedForInvalidStrings/create-pull-request/allowed-branches/non-expression (0.00s)
    --- PASS: TestExpressionFieldsRejectedForInvalidStrings/add-comment/allowed-repos/non-expression (0.00s)
=== RUN   TestAllListEncodingForms
=== RUN   TestAllListEncodingForms/parser/literal_multi_item_array
=== RUN   TestAllListEncodingForms/parser/literal_single_item_array
=== RUN   TestAllListEncodingForms/parser/literal_empty_array
=== RUN   TestAllListEncodingForms/parser/expression_with_bracket_notation
=== RUN   TestAllListEncodingForms/parser/expression_vars_reference
=== RUN   TestAllListEncodingForms/parser/expression_with_fallback_operator
=== RUN   TestAllListEncodingForms/parser/expression_env_reference
=== RUN   TestAllListEncodingForms/builder/multi_item_array_stored_as_array
=== RUN   TestAllListEncodingForms/builder/single_item_literal_stored_as_array
=== RUN   TestAllListEncodingForms/builder/empty_array_omits_key
=== RUN   TestAllListEncodingForms/builder/expression_string_stored_as_string
=== RUN   TestAllListEncodingForms/builder/vars_expression_stored_as_string
=== RUN   TestAllListEncodingForms/parseHelper/comma_separated_string_not_accepted_at_compile_time
=== RUN   TestAllListEncodingForms/parseHelper/expression_string_accepted
=== RUN   TestAllListEncodingForms/parseHelper/string_array_all_forms
=== RUN   TestAllListEncodingForms/parseHelper/string_array_all_forms/single-string-array
=== RUN   TestAllListEncodingForms/parseHelper/string_array_all_forms/multi-string-array
=== RUN   TestAllListEncodingForms/parseHelper/string_array_all_forms/any-array
=== RUN   TestAllListEncodingForms/parseHelper/string_array_all_forms/empty-array
=== RUN   TestAllListEncodingForms/errorMessage/hyphenated_field_uses_bracket_notation
=== RUN   TestAllListEncodingForms/errorMessage/non_hyphenated_field_uses_dot_notation
--- PASS: TestAllListEncodingForms (0.00s)
    --- PASS: TestAllListEncodingForms/parser/literal_multi_item_array (0.00s)
    --- PASS: TestAllListEncodingForms/parser/literal_single_item_array (0.00s)
    --- PASS: TestAllListEncodingForms/parser/literal_empty_array (0.00s)
    --- PASS: TestAllListEncodingForms/parser/expression_with_bracket_notation (0.00s)
    --- PASS: TestAllListEncodingForms/parser/expression_vars_reference (0.00s)
    --- PASS: TestAllListEncodingForms/parser/expression_with_fallback_operator (0.00s)
    --- PASS: TestAllListEncodingForms/parser/expression_env_reference (0.00s)
    --- PASS: TestAllListEncodingForms/builder/multi_item_array_stored_as_array (0.00s)
    --- PASS: TestAllListEncodingForms/builder/single_item_literal_stored_as_array (0.00s)
    --- PASS: TestAllListEncodingForms/builder/empty_array_omits_key (0.00s)
    --- PASS: TestAllListEncodingForms/builder/expression_string_stored_as_string (0.00s)
    --- PASS: TestAllListEncodingForms/builder/vars_expression_stored_as_string (0.00s)
    --- PASS: TestAllListEncodingForms/parseHelper/comma_separated_string_not_accepted_at_compile_time (0.00s)
    --- PASS: TestAllListEncodingForms/parseHelper/expression_string_accepted (0.00s)
    --- PASS: TestAllListEncodingForms/parseHelper/string_array_all_forms (0.00s)
        --- PASS: TestAllListEncodingForms/parseHelper/string_array_all_forms/single-string-array (0.00s)
        --- PASS: TestAllListEncodingForms/parseHelper/string_array_all_forms/multi-string-array (0.00s)
        --- PASS: TestAllListEncodingForms/parseHelper/string_array_all_forms/any-array (0.00s)
        --- PASS: TestAllListEncodingForms/parseHelper/string_array_all_forms/empty-array (0.00s)
    --- PASS: TestAllListEncodingForms/errorMessage/hyphenated_field_uses_bracket_notation (0.00s)
    --- PASS: TestAllListEncodingForms/errorMessage/non_hyphenated_field_uses_dot_notation (0.00s)
=== RUN   TestParseConfigScaffold_KeyAbsent
--- PASS: TestParseConfigScaffold_KeyAbsent (0.00s)
=== RUN   TestParseConfigScaffold_KeyPresentNullValue
--- PASS: TestParseConfigScaffold_KeyPresentNullValue (0.00s)
=== RUN   TestParseConfigScaffold_ValidConfig
--- PASS: TestParseConfigScaffold_ValidConfig (0.00s)
=== RUN   TestParseConfigScaffold_EmptyConfigFallback
--- PASS: TestParseConfigScaffold_EmptyConfigFallback (0.00s)
=== RUN   TestParseConfigScaffold_DisableOnError
--- PASS: TestParseConfigScaffold_DisableOnError (0.00s)
=== RUN   TestParseConfigScaffold_OnErrorReceivesError
--- PASS: TestParseConfigScaffold_OnErrorReceivesError (0.00s)
=== RUN   TestParseConfigScaffold_EmptyMap
--- PASS: TestParseConfigScaffold_EmptyMap (0.00s)
=== RUN   TestConfigureGHEStepIsEmitted
/tmp/configure-ghe-step-test2294284101/.github/workflows/test-workflow.md: info: Tip: set permissions.copilot-requests: write to use GitHub Actions token-based inference with the Copilot engine instead of a personal access token (COPILOT_GITHUB_TOKEN). This option requires that your organization has centralized Copilot billing enabled and may not be available in all organizations — see https://github.github.com/gh-aw/reference/billing/ for details.

✓ /tmp/configure-ghe-step-test2294284101/.github/workflows/test-workflow.md (77.8 KB)
    configure_ghe_step_test.go:127: ✓ Configure gh CLI for GitHub Enterprise step is present before custom steps
--- PASS: TestConfigureGHEStepIsEmitted (0.02s)
=== RUN   TestCopilotEngine
--- PASS: TestCopilotEngine (0.00s)
=== RUN   TestCopilotEngineDefaultDetectionModel
--- PASS: TestCopilotEngineDefaultDetectionModel (0.00s)
=== RUN   TestOtherEnginesNoDefaultDetectionModel
--- PASS: TestOtherEnginesNoDefaultDetectionModel (0.00s)
=== RUN   TestCopilotEngineInstallationSteps
--- PASS: TestCopilotEngineInstallationSteps (0.00s)
=== RUN   TestCopilotEngineExecutionSteps
--- PASS: TestCopilotEngineExecutionSteps (0.00s)
=== RUN   TestCopilotEngineDisablesRubberDuck
--- PASS: TestCopilotEngineDisablesRubberDuck (0.00s)
=== RUN   TestCopilotEngineExecutionStepsWithOutput
--- PASS: TestCopilotEngineExecutionStepsWithOutput (0.00s)
=== RUN   TestCopilotEngineExecutionStepsWithCopilotSDK
--- PASS: TestCopilotEngineExecutionStepsWithCopilotSDK (0.00s)
=== RUN   TestCopilotEngineExecutionStepsWithCopilotSDKTimeoutExpression
--- PASS: TestCopilotEngineExecutionStepsWithCopilotSDKTimeoutExpression (0.00s)
=== RUN   TestCopilotEngineExecutionStepsWithCopilotSDKCustomDriver
--- PASS: TestCopilotEngineExecutionStepsWithCopilotSDKCustomDriver (0.00s)
=== RUN   TestCopilotEngineExecutionStepsWithCopilotSDKMaxToolDenialsOverride
--- PASS: TestCopilotEngineExecutionStepsWithCopilotSDKMaxToolDenialsOverride (0.00s)
=== RUN   TestCopilotEngineExecutionStepsWithCopilotSDKPythonDriver
--- PASS: TestCopilotEngineExecutionStepsWithCopilotSDKPythonDriver (0.00s)
=== RUN   TestCopilotEngineExecutionStepsWithCopilotSDKTypeScriptDriver
--- PASS: TestCopilotEngineExecutionStepsWithCopilotSDKTypeScriptDriver (0.00s)
=== RUN   TestCopilotEngineExecutionStepsWithCopilotSDKRubyDriver
--- PASS: TestCopilotEngineExecutionStepsWithCopilotSDKRubyDriver (0.00s)
=== RUN   TestCopilotEngineExecutionStepsWithCopilotSDKArbitraryDriver
--- PASS: TestCopilotEngineExecutionStepsWithCopilotSDKArbitraryDriver (0.00s)
=== RUN   TestCopilotEngineExecutionStepsWithCopilotSDKPermissionConfig
--- PASS: TestCopilotEngineExecutionStepsWithCopilotSDKPermissionConfig (0.00s)
=== RUN   TestCopilotEngineExecutionStepsAlwaysInjectsIntegrationIDAfterEnvMerges
--- PASS: TestCopilotEngineExecutionStepsAlwaysInjectsIntegrationIDAfterEnvMerges (0.00s)
=== RUN   TestCopilotEngineGetLogParserScript
--- PASS: TestCopilotEngineGetLogParserScript (0.00s)
=== RUN   TestCopilotEngineGetLogFileForParsing
--- PASS: TestCopilotEngineGetLogFileForParsing (0.00s)
=== RUN   TestCopilotEngineComputeToolArguments
=== RUN   TestCopilotEngineComputeToolArguments/empty_tools
=== RUN   TestCopilotEngineComputeToolArguments/bash_with_specific_commands
=== RUN   TestCopilotEngineComputeToolArguments/bash_with_wildcard
=== RUN   TestCopilotEngineComputeToolArguments/bash_with_nil_(all_commands_allowed)
=== RUN   TestCopilotEngineComputeToolArguments/edit_tool
=== RUN   TestCopilotEngineComputeToolArguments/safe_outputs_without_write_(uses_MCP)
=== RUN   TestCopilotEngineComputeToolArguments/mixed_tools
=== RUN   TestCopilotEngineComputeToolArguments/bash_with_star_wildcard
=== RUN   TestCopilotEngineComputeToolArguments/comprehensive_with_multiple_tools
=== RUN   TestCopilotEngineComputeToolArguments/safe_outputs_with_safe_outputs_config
=== RUN   TestCopilotEngineComputeToolArguments/safe_outputs_with_safe_jobs
=== RUN   TestCopilotEngineComputeToolArguments/safe_outputs_with_both_safe_outputs_and_safe_jobs
=== RUN   TestCopilotEngineComputeToolArguments/github_tool_with_allowed_tools
=== RUN   TestCopilotEngineComputeToolArguments/github_tool_with_single_allowed_tool
=== RUN   TestCopilotEngineComputeToolArguments/github_tool_with_wildcard
=== RUN   TestCopilotEngineComputeToolArguments/github_tool_with_wildcard_and_specific_tools
=== RUN   TestCopilotEngineComputeToolArguments/github_tool_with_empty_allowed_array
=== RUN   TestCopilotEngineComputeToolArguments/github_tool_without_allowed_field
=== RUN   TestCopilotEngineComputeToolArguments/github_tool_as_nil_(no_config)
=== RUN   TestCopilotEngineComputeToolArguments/github_tool_with_multiple_allowed_tools_sorted
=== RUN   TestCopilotEngineComputeToolArguments/github_tool_with_bash_and_edit_tools
=== RUN   TestCopilotEngineComputeToolArguments/stem_command_gets_wildcard_suffix
=== RUN   TestCopilotEngineComputeToolArguments/multiple_stem_commands_get_wildcard_suffix
=== RUN   TestCopilotEngineComputeToolArguments/stem_command_with_space_does_not_get_wildcard
=== RUN   TestCopilotEngineComputeToolArguments/stem_command_with_explicit_colon_does_not_get_wildcard
=== RUN   TestCopilotEngineComputeToolArguments/non-stem_command_does_not_get_wildcard
=== RUN   TestCopilotEngineComputeToolArguments/curl_and_wget_get_wildcard_as_stem_commands
=== RUN   TestCopilotEngineComputeToolArguments/mixed_stem_and_non-stem_commands
=== RUN   TestCopilotEngineComputeToolArguments/all_stem_commands_get_wildcard
=== RUN   TestCopilotEngineComputeToolArguments/stem_command_with_existing_:*_wildcard_passes_through
=== RUN   TestCopilotEngineComputeToolArguments/cli-proxy_with_restricted_bash_allows_safeoutputs_cli
=== RUN   TestCopilotEngineComputeToolArguments/cli-proxy_with_restricted_bash_allows_mcpscripts_cli
=== RUN   TestCopilotEngineComputeToolArguments/cli-proxy_with_restricted_bash_allows_all_mounted_mcp_clis
=== RUN   TestCopilotEngineComputeToolArguments/cli-proxy_with_nil_workflow_data_still_allows_mounted_mcp_clis
=== RUN   TestCopilotEngineComputeToolArguments/github_gh-proxy_with_restricted_bash_allows_gh_cli
=== RUN   TestCopilotEngineComputeToolArguments/playwright_cli_mode_with_restricted_bash_auto-allows_playwright-cli
=== RUN   TestCopilotEngineComputeToolArguments/playwright_cli_mode_with_unrestricted_bash_does_not_add_playwright-cli
=== RUN   TestCopilotEngineComputeToolArguments/playwright_cli_mode_with_wildcard_bash_does_not_add_playwright-cli
=== RUN   TestCopilotEngineComputeToolArguments/playwright_mcp_mode_with_restricted_bash_does_not_add_playwright-cli
=== RUN   TestCopilotEngineComputeToolArguments/bash_tool_with_single-quoted_jq_filter_is_truncated_to_prefix
⚠ bash tool "jq '.data[] | {id, billing}' /tmp/file.json" contains single quotes that crash Copilot CLI; truncated to safe prefix "jq" for shell() prefix-matching. Use "jq" in your workflow to silence this warning.
=== RUN   TestCopilotEngineComputeToolArguments/bash_tool_with_single-quoted_filter_and_leading_space_trimmed
⚠ bash tool "jq '[.data[] | keys] | add | unique' /tmp/file.json" contains single quotes that crash Copilot CLI; truncated to safe prefix "jq" for shell() prefix-matching. Use "jq" in your workflow to silence this warning.
=== RUN   TestCopilotEngineComputeToolArguments/bash_tool_without_single_quotes_passes_through_unchanged
=== RUN   TestCopilotEngineComputeToolArguments/multiple_bash_tools:_single-quoted_ones_truncated,_others_unchanged
⚠ bash tool "jq '.data[]' /tmp/file.json" contains single quotes that crash Copilot CLI; truncated to safe prefix "jq" for shell() prefix-matching. Use "jq" in your workflow to silence this warning.
=== RUN   TestCopilotEngineComputeToolArguments/multiple_single-quoted_tools_with_same_prefix_are_deduplicated
⚠ bash tool "jq '.filter1'" contains single quotes that crash Copilot CLI; truncated to safe prefix "jq" for shell() prefix-matching. Use "jq" in your workflow to silence this warning.
⚠ bash tool "jq '.filter2'" contains single quotes that crash Copilot CLI; truncated to safe prefix "jq" for shell() prefix-matching. Use "jq" in your workflow to silence this warning.
⚠ bash tool "jq '.filter3'" contains single quotes that crash Copilot CLI; truncated to safe prefix "jq" for shell() prefix-matching. Use "jq" in your workflow to silence this warning.
=== RUN   TestCopilotEngineComputeToolArguments/bash_tool_with_trailing_space-star_is_normalized_to_canonical_prefix
=== RUN   TestCopilotEngineComputeToolArguments/bash_tool_with_trailing_space-star_on_multi-word_command_is_normalized
=== RUN   TestCopilotEngineComputeToolArguments/community-attribution-style_wildcard_entries_are_normalized_to_canonical_forms
=== RUN   TestCopilotEngineComputeToolArguments/wildcard_and_non-wildcard_forms_of_same_command_are_deduplicated
--- PASS: TestCopilotEngineComputeToolArguments (0.00s)
    --- PASS: TestCopilotEngineComputeToolArguments/empty_tools (0.00s)
    --- PASS: TestCopilotEngineComputeToolArguments/bash_with_specific_commands (0.00s)
    --- PASS: TestCopilotEngineComputeToolArguments/bash_with_wildcard (0.00s)
    --- PASS: TestCopilotEngineComputeToolArguments/bash_with_nil_(all_commands_allowed) (0.00s)
    --- PASS: TestCopilotEngineComputeToolArguments/edit_tool (0.00s)
    --- PASS: TestCopilotEngineComputeToolArguments/safe_outputs_without_write_(uses_MCP) (0.00s)
    --- PASS: TestCopilotEngineComputeToolArguments/mixed_tools (0.00s)
    --- PASS: TestCopilotEngineComputeToolArguments/bash_with_star_wildcard (0.00s)
    --- PASS: TestCopilotEngineComputeToolArguments/comprehensive_with_multiple_tools (0.00s)
    --- PASS: TestCopilotEngineComputeToolArguments/safe_outputs_with_safe_outputs_config (0.00s)
    --- PASS: TestCopilotEngineComputeToolArguments/safe_outputs_with_safe_jobs (0.00s)
    --- PASS: TestCopilotEngineComputeToolArguments/safe_outputs_with_both_safe_outputs_and_safe_jobs (0.00s)
    --- PASS: TestCopilotEngineComputeToolArguments/github_tool_with_allowed_tools (0.00s)
    --- PASS: TestCopilotEngineComputeToolArguments/github_tool_with_single_allowed_tool (0.00s)
    --- PASS: TestCopilotEngineComputeToolArguments/github_tool_with_wildcard (0.00s)
    --- PASS: TestCopilotEngineComputeToolArguments/github_tool_with_wildcard_and_specific_tools (0.00s)
    --- PASS: TestCopilotEngineComputeToolArguments/github_tool_with_empty_allowed_array (0.00s)
    --- PASS: TestCopilotEngineComputeToolArguments/github_tool_without_allowed_field (0.00s)
    --- PASS: TestCopilotEngineComputeToolArguments/github_tool_as_nil_(no_config) (0.00s)
    --- PASS: TestCopilotEngineComputeToolArguments/github_tool_with_multiple_allowed_tools_sorted (0.00s)
    --- PASS: TestCopilotEngineComputeToolArguments/github_tool_with_bash_and_edit_tools (0.00s)
    --- PASS: TestCopilotEngineComputeToolArguments/stem_command_gets_wildcard_suffix (0.00s)
    --- PASS: TestCopilotEngineComputeToolArguments/multiple_stem_commands_get_wildcard_suffix (0.00s)
    --- PASS: TestCopilotEngineComputeToolArguments/stem_command_with_space_does_not_get_wildcard (0.00s)
    --- PASS: TestCopilotEngineComputeToolArguments/stem_command_with_explicit_colon_does_not_get_wildcard (0.00s)
    --- PASS: TestCopilotEngineComputeToolArguments/non-stem_command_does_not_get_wildcard (0.00s)
    --- PASS: TestCopilotEngineComputeToolArguments/curl_and_wget_get_wildcard_as_stem_commands (0.00s)
    --- PASS: TestCopilotEngineComputeToolArguments/mixed_stem_and_non-stem_commands (0.00s)
    --- PASS: TestCopilotEngineComputeToolArguments/all_stem_commands_get_wildcard (0.00s)
    --- PASS: TestCopilotEngineComputeToolArguments/stem_command_with_existing_:*_wildcard_passes_through (0.00s)
    --- PASS: TestCopilotEngineComputeToolArguments/cli-proxy_with_restricted_bash_allows_safeoutputs_cli (0.00s)
    --- PASS: TestCopilotEngineComputeToolArguments/cli-proxy_with_restricted_bash_allows_mcpscripts_cli (0.00s)
    --- PASS: TestCopilotEngineComputeToolArguments/cli-proxy_with_restricted_bash_allows_all_mounted_mcp_clis (0.00s)
    --- PASS: TestCopilotEngineComputeToolArguments/cli-proxy_with_nil_workflow_data_still_allows_mounted_mcp_clis (0.00s)
    --- PASS: TestCopilotEngineComputeToolArguments/github_gh-proxy_with_restricted_bash_allows_gh_cli (0.00s)
    --- PASS: TestCopilotEngineComputeToolArguments/playwright_cli_mode_with_restricted_bash_auto-allows_playwright-cli (0.00s)
    --- PASS: TestCopilotEngineComputeToolArguments/playwright_cli_mode_with_unrestricted_bash_does_not_add_playwright-cli (0.00s)
    --- PASS: TestCopilotEngineComputeToolArguments/playwright_cli_mode_with_wildcard_bash_does_not_add_playwright-cli (0.00s)
    --- PASS: TestCopilotEngineComputeToolArguments/playwright_mcp_mode_with_restricted_bash_does_not_add_playwright-cli (0.00s)
    --- PASS: TestCopilotEngineComputeToolArguments/bash_tool_with_single-quoted_jq_filter_is_truncated_to_prefix (0.00s)
    --- PASS: TestCopilotEngineComputeToolArguments/bash_tool_with_single-quoted_filter_and_leading_space_trimmed (0.00s)
    --- PASS: TestCopilotEngineComputeToolArguments/bash_tool_without_single_quotes_passes_through_unchanged (0.00s)
    --- PASS: TestCopilotEngineComputeToolArguments/multiple_bash_tools:_single-quoted_ones_truncated,_others_unchanged (0.00s)
    --- PASS: TestCopilotEngineComputeToolArguments/multiple_single-quoted_tools_with_same_prefix_are_deduplicated (0.00s)
    --- PASS: TestCopilotEngineComputeToolArguments/bash_tool_with_trailing_space-star_is_normalized_to_canonical_prefix (0.00s)
    --- PASS: TestCopilotEngineComputeToolArguments/bash_tool_with_trailing_space-star_on_multi-word_command_is_normalized (0.00s)
    --- PASS: TestCopilotEngineComputeToolArguments/community-attribution-style_wildcard_entries_are_normalized_to_canonical_forms (0.00s)
    --- PASS: TestCopilotEngineComputeToolArguments/wildcard_and_non-wildcard_forms_of_same_command_are_deduplicated (0.00s)
=== RUN   TestCopilotEngineGenerateToolArgumentsComment
=== RUN   TestCopilotEngineGenerateToolArgumentsComment/empty_tools
=== RUN   TestCopilotEngineGenerateToolArgumentsComment/bash_with_commands
=== RUN   TestCopilotEngineGenerateToolArgumentsComment/edit_tool
--- PASS: TestCopilotEngineGenerateToolArgumentsComment (0.00s)
    --- PASS: TestCopilotEngineGenerateToolArgumentsComment/empty_tools (0.00s)
    --- PASS: TestCopilotEngineGenerateToolArgumentsComment/bash_with_commands (0.00s)
    --- PASS: TestCopilotEngineGenerateToolArgumentsComment/edit_tool (0.00s)
=== RUN   TestCopilotEngineExecutionStepsWithToolArguments
--- PASS: TestCopilotEngineExecutionStepsWithToolArguments (0.00s)
=== RUN   TestCopilotEngineEditToolAddsAllowAllPaths
=== RUN   TestCopilotEngineEditToolAddsAllowAllPaths/edit_tool_present
=== RUN   TestCopilotEngineEditToolAddsAllowAllPaths/edit_tool_with_other_tools
=== RUN   TestCopilotEngineEditToolAddsAllowAllPaths/no_edit_tool
=== RUN   TestCopilotEngineEditToolAddsAllowAllPaths/empty_tools
--- PASS: TestCopilotEngineEditToolAddsAllowAllPaths (0.00s)
    --- PASS: TestCopilotEngineEditToolAddsAllowAllPaths/edit_tool_present (0.00s)
    --- PASS: TestCopilotEngineEditToolAddsAllowAllPaths/edit_tool_with_other_tools (0.00s)
    --- PASS: TestCopilotEngineEditToolAddsAllowAllPaths/no_edit_tool (0.00s)
    --- PASS: TestCopilotEngineEditToolAddsAllowAllPaths/empty_tools (0.00s)
=== RUN   TestCopilotEngineShellEscaping
    copilot_engine_test.go:1391: Generated command: GH_AW_NODE_EXEC="${GH_AW_NODE_BIN:-}"; if [ -z "$GH_AW_NODE_EXEC" ] || [ ! -x "$GH_AW_NODE_EXEC" ]; then GH_AW_NODE_EXEC="$(command -v node 2>/dev/null || true)"; fi; if [ -z "$GH_AW_NODE_EXEC" ]; then echo "node runtime missing on this runner — check runtimes.node in workflow YAML" >&2; exit 127; fi; GH_AW_NPM_GLOBAL_ROOT="$(npm root -g 2>/dev/null || true)"; if [ -n "$GH_AW_NPM_GLOBAL_ROOT" ]; then export NODE_PATH="${GH_AW_NPM_GLOBAL_ROOT}${NODE_PATH:+:${NODE_PATH}}"; fi; "$GH_AW_NODE_EXEC" ${RUNNER_TEMP}/gh-aw/actions/copilot_harness.cjs copilot --add-dir /tmp/ --add-dir /tmp/gh-aw/ --add-dir /tmp/gh-aw/agent/ --log-level all --log-dir /tmp/gh-aw/sandbox/agent/logs/ --disable-builtin-mcps --no-ask-user --allow-tool 'shell(git add:*)' --allow-tool 'shell(git commit:*)' --prompt-file /tmp/gh-aw/aw-prompts/prompt.txt 2>&1 | tee /tmp/gh-aw/test.log
--- PASS: TestCopilotEngineShellEscaping (0.00s)
=== RUN   TestCopilotEnginePromptFilePath
--- PASS: TestCopilotEnginePromptFilePath (0.00s)
=== RUN   TestCopilotEngineRenderGitHubMCPConfig
=== RUN   TestCopilotEngineRenderGitHubMCPConfig/GitHub_MCP_with_default_version
=== RUN   TestCopilotEngineRenderGitHubMCPConfig/GitHub_MCP_with_custom_version
=== RUN   TestCopilotEngineRenderGitHubMCPConfig/GitHub_MCP_with_allowed_tools
--- PASS: TestCopilotEngineRenderGitHubMCPConfig (0.00s)
    --- PASS: TestCopilotEngineRenderGitHubMCPConfig/GitHub_MCP_with_default_version (0.00s)
    --- PASS: TestCopilotEngineRenderGitHubMCPConfig/GitHub_MCP_with_custom_version (0.00s)
    --- PASS: TestCopilotEngineRenderGitHubMCPConfig/GitHub_MCP_with_allowed_tools (0.00s)
=== RUN   TestCopilotEngineGitHubToolsShellEscaping
    copilot_engine_test.go:1564: Generated command: GH_AW_NODE_EXEC="${GH_AW_NODE_BIN:-}"; if [ -z "$GH_AW_NODE_EXEC" ] || [ ! -x "$GH_AW_NODE_EXEC" ]; then GH_AW_NODE_EXEC="$(command -v node 2>/dev/null || true)"; fi; if [ -z "$GH_AW_NODE_EXEC" ]; then echo "node runtime missing on this runner — check runtimes.node in workflow YAML" >&2; exit 127; fi; GH_AW_NPM_GLOBAL_ROOT="$(npm root -g 2>/dev/null || true)"; if [ -n "$GH_AW_NPM_GLOBAL_ROOT" ]; then export NODE_PATH="${GH_AW_NPM_GLOBAL_ROOT}${NODE_PATH:+:${NODE_PATH}}"; fi; "$GH_AW_NODE_EXEC" ${RUNNER_TEMP}/gh-aw/actions/copilot_harness.cjs copilot --add-dir /tmp/ --add-dir /tmp/gh-aw/ --add-dir /tmp/gh-aw/agent/ --log-level all --log-dir /tmp/gh-aw/sandbox/agent/logs/ --disable-builtin-mcps --no-ask-user --allow-tool 'github(add_issue_comment)' --allow-tool 'github(issue_read)' --prompt-file /tmp/gh-aw/aw-prompts/prompt.txt 2>&1 | tee /tmp/gh-aw/test.log
--- PASS: TestCopilotEngineGitHubToolsShellEscaping (0.00s)
=== RUN   TestCopilotEngineLogParsingUsesCorrectLogFile
/tmp/gh-aw-test-runs/20260704-173215-1254793/copilot-log-parsing-test390599069/test-copilot-log-parsing.md: info: Tip: set permissions.copilot-requests: write to use GitHub Actions token-based inference with the Copilot engine instead of a personal access token (COPILOT_GITHUB_TOKEN). This option requires that your organization has centralized Copilot billing enabled and may not be available in all organizations — see https://github.github.com/gh-aw/reference/billing/ for details.

✓ /tmp/gh-aw-test-runs/20260704-173215-1254793/copilot-log-parsing-test390599069/test-copilot-log-parsing.md (77.6 KB)
    copilot_engine_test.go:1627: Successfully verified that Copilot log parsing uses /tmp/gh-aw/sandbox/agent/logs/
--- PASS: TestCopilotEngineLogParsingUsesCorrectLogFile (0.01s)
=== RUN   TestExtractAddDirPaths
=== RUN   TestExtractAddDirPaths/empty_args
=== RUN   TestExtractAddDirPaths/no_add-dir_flags
=== RUN   TestExtractAddDirPaths/single_add-dir
=== RUN   TestExtractAddDirPaths/multiple_add-dir_flags
=== RUN   TestExtractAddDirPaths/add-dir_at_end_of_args
=== RUN   TestExtractAddDirPaths/all_default_copilot_args
--- PASS: TestExtractAddDirPaths (0.00s)
    --- PASS: TestExtractAddDirPaths/empty_args (0.00s)
    --- PASS: TestExtractAddDirPaths/no_add-dir_flags (0.00s)
    --- PASS: TestExtractAddDirPaths/single_add-dir (0.00s)
    --- PASS: TestExtractAddDirPaths/multiple_add-dir_flags (0.00s)
    --- PASS: TestExtractAddDirPaths/add-dir_at_end_of_args (0.00s)
    --- PASS: TestExtractAddDirPaths/all_default_copilot_args (0.00s)
=== RUN   TestCopilotEngineExecutionStepsWithCacheMemory
--- PASS: TestCopilotEngineExecutionStepsWithCacheMemory (0.00s)
=== RUN   TestCopilotEngineExecutionStepsWithCustomAddDirArgs
--- PASS: TestCopilotEngineExecutionStepsWithCustomAddDirArgs (0.00s)
=== RUN   TestCopilotEngineParseLogMetrics_MultilineJSON
--- PASS: TestCopilotEngineParseLogMetrics_MultilineJSON (0.00s)
=== RUN   TestCopilotEngineParseLogMetrics_SingleLineJSON
--- PASS: TestCopilotEngineParseLogMetrics_SingleLineJSON (0.00s)
=== RUN   TestCopilotEngineParseLogMetrics_NoTokenData
--- PASS: TestCopilotEngineParseLogMetrics_NoTokenData (0.00s)
=== RUN   TestCopilotEngineExtractToolSizes
=== RUN   TestCopilotEngineExtractToolSizes/tool_call_with_arguments
=== RUN   TestCopilotEngineExtractToolSizes/multiple_tool_calls
=== RUN   TestCopilotEngineExtractToolSizes/tool_call_without_arguments
=== RUN   TestCopilotEngineExtractToolSizes/empty_tool_calls_array
=== RUN   TestCopilotEngineExtractToolSizes/invalid_JSON
=== RUN   TestCopilotEngineExtractToolSizes/tool_call_in_alternative_message_format
--- PASS: TestCopilotEngineExtractToolSizes (0.00s)
    --- PASS: TestCopilotEngineExtractToolSizes/tool_call_with_arguments (0.00s)
    --- PASS: TestCopilotEngineExtractToolSizes/multiple_tool_calls (0.00s)
    --- PASS: TestCopilotEngineExtractToolSizes/tool_call_without_arguments (0.00s)
    --- PASS: TestCopilotEngineExtractToolSizes/empty_tool_calls_array (0.00s)
    --- PASS: TestCopilotEngineExtractToolSizes/invalid_JSON (0.00s)
    --- PASS: TestCopilotEngineExtractToolSizes/tool_call_in_alternative_message_format (0.00s)
=== RUN   TestCopilotEngineExtractToolSizes_MaxTracking
--- PASS: TestCopilotEngineExtractToolSizes_MaxTracking (0.00s)
=== RUN   TestCopilotEngineParseLogMetrics_WithToolSizes
--- PASS: TestCopilotEngineParseLogMetrics_WithToolSizes (0.00s)
=== RUN   TestCopilotEngineSkipInstallationWithCommand
--- PASS: TestCopilotEngineSkipInstallationWithCommand (0.00s)
=== RUN   TestCopilotEngineInstallationWithCommandAndCopilotSDK
=== RUN   TestCopilotEngineInstallationWithCommandAndCopilotSDK/node_command_uses_npm_sdk_install
=== RUN   TestCopilotEngineInstallationWithCommandAndCopilotSDK/python_command_uses_pip_sdk_install
=== RUN   TestCopilotEngineInstallationWithCommandAndCopilotSDK/go_command_uses_go_get_sdk_install
=== RUN   TestCopilotEngineInstallationWithCommandAndCopilotSDK/rust_command_uses_cargo_sdk_install
=== RUN   TestCopilotEngineInstallationWithCommandAndCopilotSDK/dotnet_command_uses_nuget_sdk_install
=== RUN   TestCopilotEngineInstallationWithCommandAndCopilotSDK/java_command_uses_maven_sdk_install
=== RUN   TestCopilotEngineInstallationWithCommandAndCopilotSDK/runtime_manager_java_command_uses_java_sdk_install
=== RUN   TestCopilotEngineInstallationWithCommandAndCopilotSDK/unsupported_runtime_falls_back_to_node_sdk_install
=== RUN   TestCopilotEngineInstallationWithCommandAndCopilotSDK/env_wrapper_command_is_detected
=== RUN   TestCopilotEngineInstallationWithCommandAndCopilotSDK/custom_command_with_firewall_keeps_awf_and_sdk_installs
--- PASS: TestCopilotEngineInstallationWithCommandAndCopilotSDK (0.00s)
    --- PASS: TestCopilotEngineInstallationWithCommandAndCopilotSDK/node_command_uses_npm_sdk_install (0.00s)
    --- PASS: TestCopilotEngineInstallationWithCommandAndCopilotSDK/python_command_uses_pip_sdk_install (0.00s)
    --- PASS: TestCopilotEngineInstallationWithCommandAndCopilotSDK/go_command_uses_go_get_sdk_install (0.00s)
    --- PASS: TestCopilotEngineInstallationWithCommandAndCopilotSDK/rust_command_uses_cargo_sdk_install (0.00s)
    --- PASS: TestCopilotEngineInstallationWithCommandAndCopilotSDK/dotnet_command_uses_nuget_sdk_install (0.00s)
    --- PASS: TestCopilotEngineInstallationWithCommandAndCopilotSDK/java_command_uses_maven_sdk_install (0.00s)
    --- PASS: TestCopilotEngineInstallationWithCommandAndCopilotSDK/runtime_manager_java_command_uses_java_sdk_install (0.00s)
    --- PASS: TestCopilotEngineInstallationWithCommandAndCopilotSDK/unsupported_runtime_falls_back_to_node_sdk_install (0.00s)
    --- PASS: TestCopilotEngineInstallationWithCommandAndCopilotSDK/env_wrapper_command_is_detected (0.00s)
    --- PASS: TestCopilotEngineInstallationWithCommandAndCopilotSDK/custom_command_with_firewall_keeps_awf_and_sdk_installs (0.00s)
=== RUN   TestCopilotEngineInstallationWithCopilotSDKDriver
=== RUN   TestCopilotEngineInstallationWithCopilotSDKDriver/js_driver_uses_npm_sdk_install
=== RUN   TestCopilotEngineInstallationWithCopilotSDKDriver/python_driver_uses_pip_sdk_install
=== RUN   TestCopilotEngineInstallationWithCopilotSDKDriver/typescript_driver_installs_ts-node_toolchain_and_sdk
=== RUN   TestCopilotEngineInstallationWithCopilotSDKDriver/ruby_driver_uses_npm_sdk_install_fallback
=== RUN   TestCopilotEngineInstallationWithCopilotSDKDriver/arbitrary_command_driver_uses_npm_sdk_install_fallback
--- PASS: TestCopilotEngineInstallationWithCopilotSDKDriver (0.00s)
    --- PASS: TestCopilotEngineInstallationWithCopilotSDKDriver/js_driver_uses_npm_sdk_install (0.00s)
    --- PASS: TestCopilotEngineInstallationWithCopilotSDKDriver/python_driver_uses_pip_sdk_install (0.00s)
    --- PASS: TestCopilotEngineInstallationWithCopilotSDKDriver/typescript_driver_installs_ts-node_toolchain_and_sdk (0.00s)
    --- PASS: TestCopilotEngineInstallationWithCopilotSDKDriver/ruby_driver_uses_npm_sdk_install_fallback (0.00s)
    --- PASS: TestCopilotEngineInstallationWithCopilotSDKDriver/arbitrary_command_driver_uses_npm_sdk_install_fallback (0.00s)
=== RUN   TestGenerateCopilotSessionFileCopyStep
--- PASS: TestGenerateCopilotSessionFileCopyStep (0.00s)
=== RUN   TestCopilotEngineEnvOverridesTokenExpression
=== RUN   TestCopilotEngineEnvOverridesTokenExpression/engine_env_overrides_default_token_expression
=== RUN   TestCopilotEngineEnvOverridesTokenExpression/engine_env_adds_extra_environment_variables
--- PASS: TestCopilotEngineEnvOverridesTokenExpression (0.00s)
    --- PASS: TestCopilotEngineEnvOverridesTokenExpression/engine_env_overrides_default_token_expression (0.00s)
    --- PASS: TestCopilotEngineEnvOverridesTokenExpression/engine_env_adds_extra_environment_variables (0.00s)
=== RUN   TestCopilotEngineBYOKOmitsCopilotGitHubToken
=== RUN   TestCopilotEngineBYOKOmitsCopilotGitHubToken/COPILOT_GITHUB_TOKEN_absent_when_COPILOT_PROVIDER_BASE_URL_is_set_(BYOK)
=== RUN   TestCopilotEngineBYOKOmitsCopilotGitHubToken/COPILOT_GITHUB_TOKEN_absent_with_COPILOT_PROVIDER_BASE_URL_only_(no_API_key)
=== RUN   TestCopilotEngineBYOKOmitsCopilotGitHubToken/COPILOT_GITHUB_TOKEN_present_when_COPILOT_PROVIDER_BASE_URL_is_not_set_(standard_mode)
=== RUN   TestCopilotEngineBYOKOmitsCopilotGitHubToken/AWF_command_omits_--exclude-env_COPILOT_GITHUB_TOKEN_in_BYOK_mode
--- PASS: TestCopilotEngineBYOKOmitsCopilotGitHubToken (0.00s)
    --- PASS: TestCopilotEngineBYOKOmitsCopilotGitHubToken/COPILOT_GITHUB_TOKEN_absent_when_COPILOT_PROVIDER_BASE_URL_is_set_(BYOK) (0.00s)
    --- PASS: TestCopilotEngineBYOKOmitsCopilotGitHubToken/COPILOT_GITHUB_TOKEN_absent_with_COPILOT_PROVIDER_BASE_URL_only_(no_API_key) (0.00s)
    --- PASS: TestCopilotEngineBYOKOmitsCopilotGitHubToken/COPILOT_GITHUB_TOKEN_present_when_COPILOT_PROVIDER_BASE_URL_is_not_set_(standard_mode) (0.00s)
    --- PASS: TestCopilotEngineBYOKOmitsCopilotGitHubToken/AWF_command_omits_--exclude-env_COPILOT_GITHUB_TOKEN_in_BYOK_mode (0.00s)
=== RUN   TestCopilotEngineSetsDummyAPIKey
=== RUN   TestCopilotEngineSetsDummyAPIKey/COPILOT_API_KEY_is_set_when_AWF_sandbox_is_enabled
=== RUN   TestCopilotEngineSetsDummyAPIKey/COPILOT_API_KEY_is_NOT_set_when_sandbox.agent:_false
--- PASS: TestCopilotEngineSetsDummyAPIKey (0.00s)
    --- PASS: TestCopilotEngineSetsDummyAPIKey/COPILOT_API_KEY_is_set_when_AWF_sandbox_is_enabled (0.00s)
    --- PASS: TestCopilotEngineSetsDummyAPIKey/COPILOT_API_KEY_is_NOT_set_when_sandbox.agent:_false (0.00s)
=== RUN   TestCopilotEngineHarnessScript
=== RUN   TestCopilotEngineHarnessScript/GetHarnessScriptName_returns_copilot_harness.cjs
=== RUN   TestCopilotEngineHarnessScript/Execution_step_uses_driver_in_non-sandbox_mode
=== RUN   TestCopilotEngineHarnessScript/Execution_step_uses_configured_custom_driver_instead_of_built-in
=== RUN   TestCopilotEngineHarnessScript/CopilotEngine_implements_HarnessProvider_interface
=== RUN   TestCopilotEngineHarnessScript/Execution_serializes_engine.command_into_shell_script
--- PASS: TestCopilotEngineHarnessScript (0.00s)
    --- PASS: TestCopilotEngineHarnessScript/GetHarnessScriptName_returns_copilot_harness.cjs (0.00s)
    --- PASS: TestCopilotEngineHarnessScript/Execution_step_uses_driver_in_non-sandbox_mode (0.00s)
    --- PASS: TestCopilotEngineHarnessScript/Execution_step_uses_configured_custom_driver_instead_of_built-in (0.00s)
    --- PASS: TestCopilotEngineHarnessScript/CopilotEngine_implements_HarnessProvider_interface (0.00s)
    --- PASS: TestCopilotEngineHarnessScript/Execution_serializes_engine.command_into_shell_script (0.00s)
=== RUN   TestCopilotEngineNoAskUser
=== RUN   TestCopilotEngineNoAskUser/default_version_emits_--no-ask-user_for_agent_job
=== RUN   TestCopilotEngineNoAskUser/latest_version_emits_--no-ask-user_for_agent_job
=== RUN   TestCopilotEngineNoAskUser/version_1.0.19_emits_--no-ask-user
=== RUN   TestCopilotEngineNoAskUser/version_1.0.20_emits_--no-ask-user
=== RUN   TestCopilotEngineNoAskUser/version_1.0.18_does_not_emit_--no-ask-user
=== RUN   TestCopilotEngineNoAskUser/version_1.0.0_does_not_emit_--no-ask-user
=== RUN   TestCopilotEngineNoAskUser/detection_job_emits_--no-ask-user_with_default_version
=== RUN   TestCopilotEngineNoAskUser/detection_job_with_old_version_does_not_emit_--no-ask-user
--- PASS: TestCopilotEngineNoAskUser (0.00s)
    --- PASS: TestCopilotEngineNoAskUser/default_version_emits_--no-ask-user_for_agent_job (0.00s)
    --- PASS: TestCopilotEngineNoAskUser/latest_version_emits_--no-ask-user_for_agent_job (0.00s)
    --- PASS: TestCopilotEngineNoAskUser/version_1.0.19_emits_--no-ask-user (0.00s)
    --- PASS: TestCopilotEngineNoAskUser/version_1.0.20_emits_--no-ask-user (0.00s)
    --- PASS: TestCopilotEngineNoAskUser/version_1.0.18_does_not_emit_--no-ask-user (0.00s)
    --- PASS: TestCopilotEngineNoAskUser/version_1.0.0_does_not_emit_--no-ask-user (0.00s)
    --- PASS: TestCopilotEngineNoAskUser/detection_job_emits_--no-ask-user_with_default_version (0.00s)
    --- PASS: TestCopilotEngineNoAskUser/detection_job_with_old_version_does_not_emit_--no-ask-user (0.00s)
=== RUN   TestBuildEngineCommandScriptSetup
--- PASS: TestBuildEngineCommandScriptSetup (0.00s)
=== RUN   TestCopilotSupportsNoAskUser
=== RUN   TestCopilotSupportsNoAskUser/nil_config_uses_default_version_gate
=== RUN   TestCopilotSupportsNoAskUser/empty_version_uses_default_version_gate
=== RUN   TestCopilotSupportsNoAskUser/latest_is_always_supported
=== RUN   TestCopilotSupportsNoAskUser/LATEST_(uppercase)_is_always_supported
=== RUN   TestCopilotSupportsNoAskUser/exact_minimum_version_1.0.19_is_supported
=== RUN   TestCopilotSupportsNoAskUser/version_with_v-prefix_v1.0.19_is_supported
=== RUN   TestCopilotSupportsNoAskUser/version_above_minimum_1.0.20_is_supported
=== RUN   TestCopilotSupportsNoAskUser/version_below_minimum_1.0.18_is_not_supported
=== RUN   TestCopilotSupportsNoAskUser/version_1.0.0_is_not_supported
=== RUN   TestCopilotSupportsNoAskUser/non-semver_branch_name_returns_false_(conservative)
--- PASS: TestCopilotSupportsNoAskUser (0.00s)
    --- PASS: TestCopilotSupportsNoAskUser/nil_config_uses_default_version_gate (0.00s)
    --- PASS: TestCopilotSupportsNoAskUser/empty_version_uses_default_version_gate (0.00s)
    --- PASS: TestCopilotSupportsNoAskUser/latest_is_always_supported (0.00s)
    --- PASS: TestCopilotSupportsNoAskUser/LATEST_(uppercase)_is_always_supported (0.00s)
    --- PASS: TestCopilotSupportsNoAskUser/exact_minimum_version_1.0.19_is_supported (0.00s)
    --- PASS: TestCopilotSupportsNoAskUser/version_with_v-prefix_v1.0.19_is_supported (0.00s)
    --- PASS: TestCopilotSupportsNoAskUser/version_above_minimum_1.0.20_is_supported (0.00s)
    --- PASS: TestCopilotSupportsNoAskUser/version_below_minimum_1.0.18_is_not_supported (0.00s)
    --- PASS: TestCopilotSupportsNoAskUser/version_1.0.0_is_not_supported (0.00s)
    --- PASS: TestCopilotSupportsNoAskUser/non-semver_branch_name_returns_false_(conservative) (0.00s)
=== RUN   TestSanitizeCopilotShellCommand
=== RUN   TestSanitizeCopilotShellCommand/no_single_quotes_-_unchanged
=== RUN   TestSanitizeCopilotShellCommand/single-quoted_jq_filter_-_truncated_to_prefix
=== RUN   TestSanitizeCopilotShellCommand/single-quoted_jq_array_filter_-_truncated_to_prefix
=== RUN   TestSanitizeCopilotShellCommand/plain_command_without_quotes_-_unchanged
=== RUN   TestSanitizeCopilotShellCommand/empty_string_-_unchanged
=== RUN   TestSanitizeCopilotShellCommand/single_quote_at_start_-_empty_prefix
=== RUN   TestSanitizeCopilotShellCommand/trailing_whitespace_trimmed_after_truncation
--- PASS: TestSanitizeCopilotShellCommand (0.00s)
    --- PASS: TestSanitizeCopilotShellCommand/no_single_quotes_-_unchanged (0.00s)
    --- PASS: TestSanitizeCopilotShellCommand/single-quoted_jq_filter_-_truncated_to_prefix (0.00s)
    --- PASS: TestSanitizeCopilotShellCommand/single-quoted_jq_array_filter_-_truncated_to_prefix (0.00s)
    --- PASS: TestSanitizeCopilotShellCommand/plain_command_without_quotes_-_unchanged (0.00s)
    --- PASS: TestSanitizeCopilotShellCommand/empty_string_-_unchanged (0.00s)
    --- PASS: TestSanitizeCopilotShellCommand/single_quote_at_start_-_empty_prefix (0.00s)
    --- PASS: TestSanitizeCopilotShellCommand/trailing_whitespace_trimmed_after_truncation (0.00s)
=== RUN   TestCopilotEngineLLMProviderAnthropicAutoBYOK
--- PASS: TestCopilotEngineLLMProviderAnthropicAutoBYOK (0.00s)
=== RUN   TestRenderGitHubCopilotMCPConfig_AllowedTools
=== RUN   TestRenderGitHubCopilotMCPConfig_AllowedTools/GitHub_with_specific_allowed_tools
=== RUN   TestRenderGitHubCopilotMCPConfig_AllowedTools/GitHub_with_no_allowed_tools_(defaults_to_all)
=== RUN   TestRenderGitHubCopilotMCPConfig_AllowedTools/GitHub_with_empty_allowed_array_(defaults_to_all)
=== RUN   TestRenderGitHubCopilotMCPConfig_AllowedTools/GitHub_remote_mode_with_specific_allowed_tools
=== RUN   TestRenderGitHubCopilotMCPConfig_AllowedTools/GitHub_remote_mode_with_no_allowed_tools
--- PASS: TestRenderGitHubCopilotMCPConfig_AllowedTools (0.00s)
    --- PASS: TestRenderGitHubCopilotMCPConfig_AllowedTools/GitHub_with_specific_allowed_tools (0.00s)
    --- PASS: TestRenderGitHubCopilotMCPConfig_AllowedTools/GitHub_with_no_allowed_tools_(defaults_to_all) (0.00s)
    --- PASS: TestRenderGitHubCopilotMCPConfig_AllowedTools/GitHub_with_empty_allowed_array_(defaults_to_all) (0.00s)
    --- PASS: TestRenderGitHubCopilotMCPConfig_AllowedTools/GitHub_remote_mode_with_specific_allowed_tools (0.00s)
    --- PASS: TestRenderGitHubCopilotMCPConfig_AllowedTools/GitHub_remote_mode_with_no_allowed_tools (0.00s)
=== RUN   TestGetGitHubAllowedTools
=== RUN   TestGetGitHubAllowedTools/Specific_allowed_tools
=== RUN   TestGetGitHubAllowedTools/Empty_allowed_array
=== RUN   TestGetGitHubAllowedTools/No_allowed_field
=== RUN   TestGetGitHubAllowedTools/Allowed_with_[]any_type
=== RUN   TestGetGitHubAllowedTools/Allowed_supports_object_entries_with_max-calls
=== RUN   TestGetGitHubAllowedTools/Allowed_string_entries_with_colons_are_preserved_as_tool_names
=== RUN   TestGetGitHubAllowedTools/Nil_tool
--- PASS: TestGetGitHubAllowedTools (0.00s)
    --- PASS: TestGetGitHubAllowedTools/Specific_allowed_tools (0.00s)
    --- PASS: TestGetGitHubAllowedTools/Empty_allowed_array (0.00s)
    --- PASS: TestGetGitHubAllowedTools/No_allowed_field (0.00s)
    --- PASS: TestGetGitHubAllowedTools/Allowed_with_[]any_type (0.00s)
    --- PASS: TestGetGitHubAllowedTools/Allowed_supports_object_entries_with_max-calls (0.00s)
    --- PASS: TestGetGitHubAllowedTools/Allowed_string_entries_with_colons_are_preserved_as_tool_names (0.00s)
    --- PASS: TestGetGitHubAllowedTools/Nil_tool (0.00s)
=== RUN   TestGetGitHubGuardPoliciesToolCallLimits
=== RUN   TestGetGitHubGuardPoliciesToolCallLimits/tool-call-limits_only_creates_allow-only_policy_with_default_repos
=== RUN   TestGetGitHubGuardPoliciesToolCallLimits/tool-call-limits_merge_with_existing_guard_policy
--- PASS: TestGetGitHubGuardPoliciesToolCallLimits (0.00s)
    --- PASS: TestGetGitHubGuardPoliciesToolCallLimits/tool-call-limits_only_creates_allow-only_policy_with_default_repos (0.00s)
    --- PASS: TestGetGitHubGuardPoliciesToolCallLimits/tool-call-limits_merge_with_existing_guard_policy (0.00s)
=== RUN   TestParseGitHubToolAllowedObjectEntries
--- PASS: TestParseGitHubToolAllowedObjectEntries (0.00s)
=== RUN   TestCopilotSettingsPath_UsesHomeNotLiteralRunner
--- PASS: TestCopilotSettingsPath_UsesHomeNotLiteralRunner (0.00s)
=== RUN   TestBuildCopilotSettingsSetup_UsesHomeExpansion
=== RUN   TestBuildCopilotSettingsSetup_UsesHomeExpansion/without_sudo_chown
=== RUN   TestBuildCopilotSettingsSetup_UsesHomeExpansion/with_sudo_chown_(custom_engine.command)
--- PASS: TestBuildCopilotSettingsSetup_UsesHomeExpansion (0.00s)
    --- PASS: TestBuildCopilotSettingsSetup_UsesHomeExpansion/without_sudo_chown (0.00s)
    --- PASS: TestBuildCopilotSettingsSetup_UsesHomeExpansion/with_sudo_chown_(custom_engine.command) (0.00s)
=== RUN   TestBuildCopilotSettingsCleanupTrap_SingleQuotedSoHomeExpandsAtTrapFire
--- PASS: TestBuildCopilotSettingsCleanupTrap_SingleQuotedSoHomeExpandsAtTrapFire (0.00s)
=== RUN   TestBuildCopilotMCPConfigExport_NoMCPServers
--- PASS: TestBuildCopilotMCPConfigExport_NoMCPServers (0.00s)
=== RUN   TestBuildCopilotMCPConfigExport_WithMCPServers
=== RUN   TestBuildCopilotMCPConfigExport_WithMCPServers/github_tool_triggers_MCP
=== RUN   TestBuildCopilotMCPConfigExport_WithMCPServers/safe-outputs_triggers_MCP
=== RUN   TestBuildCopilotMCPConfigExport_WithMCPServers/custom_MCP_tool_triggers_MCP
--- PASS: TestBuildCopilotMCPConfigExport_WithMCPServers (0.00s)
    --- PASS: TestBuildCopilotMCPConfigExport_WithMCPServers/github_tool_triggers_MCP (0.00s)
    --- PASS: TestBuildCopilotMCPConfigExport_WithMCPServers/safe-outputs_triggers_MCP (0.00s)
    --- PASS: TestBuildCopilotMCPConfigExport_WithMCPServers/custom_MCP_tool_triggers_MCP (0.00s)
=== RUN   TestCopilotMCPRenderer_UsesHomeForConfigPath
--- PASS: TestCopilotMCPRenderer_UsesHomeForConfigPath (0.00s)
=== RUN   TestGetExecutionSteps_NoLiteralHomeRunner
=== RUN   TestGetExecutionSteps_NoLiteralHomeRunner/no_MCP,_no_safe_outputs
=== RUN   TestGetExecutionSteps_NoLiteralHomeRunner/with_MCP_server_(github)
=== RUN   TestGetExecutionSteps_NoLiteralHomeRunner/with_safe-outputs
=== RUN   TestGetExecutionSteps_NoLiteralHomeRunner/with_firewall_(sandbox)_mode
=== RUN   TestGetExecutionSteps_NoLiteralHomeRunner/with_custom_engine.command_(sudo_chown_path)
--- PASS: TestGetExecutionSteps_NoLiteralHomeRunner (0.00s)
    --- PASS: TestGetExecutionSteps_NoLiteralHomeRunner/no_MCP,_no_safe_outputs (0.00s)
    --- PASS: TestGetExecutionSteps_NoLiteralHomeRunner/with_MCP_server_(github) (0.00s)
    --- PASS: TestGetExecutionSteps_NoLiteralHomeRunner/with_safe-outputs (0.00s)
    --- PASS: TestGetExecutionSteps_NoLiteralHomeRunner/with_firewall_(sandbox)_mode (0.00s)
    --- PASS: TestGetExecutionSteps_NoLiteralHomeRunner/with_custom_engine.command_(sudo_chown_path) (0.00s)
=== RUN   TestBashIntegration_SettingsSetupAndCleanupTrap
=== RUN   TestBashIntegration_SettingsSetupAndCleanupTrap/github-hosted_(/home/runner)
=== RUN   TestBashIntegration_SettingsSetupAndCleanupTrap/self-hosted_(/home/actions)
=== RUN   TestBashIntegration_SettingsSetupAndCleanupTrap/containerized_(/root)
=== RUN   TestBashIntegration_SettingsSetupAndCleanupTrap/self-hosted_with_space
=== RUN   TestBashIntegration_SettingsSetupAndCleanupTrap/self-hosted_with_dash_and_dot
--- PASS: TestBashIntegration_SettingsSetupAndCleanupTrap (0.04s)
    --- PASS: TestBashIntegration_SettingsSetupAndCleanupTrap/github-hosted_(/home/runner) (0.01s)
    --- PASS: TestBashIntegration_SettingsSetupAndCleanupTrap/self-hosted_(/home/actions) (0.01s)
    --- PASS: TestBashIntegration_SettingsSetupAndCleanupTrap/containerized_(/root) (0.01s)
    --- PASS: TestBashIntegration_SettingsSetupAndCleanupTrap/self-hosted_with_space (0.01s)
    --- PASS: TestBashIntegration_SettingsSetupAndCleanupTrap/self-hosted_with_dash_and_dot (0.01s)
=== RUN   TestBashIntegration_MCPConfigExport
=== RUN   TestBashIntegration_MCPConfigExport/github-hosted_(/home/runner)
=== RUN   TestBashIntegration_MCPConfigExport/self-hosted_(/home/actions)
=== RUN   TestBashIntegration_MCPConfigExport/containerized_(/root)
=== RUN   TestBashIntegration_MCPConfigExport/self-hosted_with_space
=== RUN   TestBashIntegration_MCPConfigExport/self-hosted_with_dash_and_dot
--- PASS: TestBashIntegration_MCPConfigExport (0.01s)
    --- PASS: TestBashIntegration_MCPConfigExport/github-hosted_(/home/runner) (0.00s)
    --- PASS: TestBashIntegration_MCPConfigExport/self-hosted_(/home/actions) (0.00s)
    --- PASS: TestBashIntegration_MCPConfigExport/containerized_(/root) (0.00s)
    --- PASS: TestBashIntegration_MCPConfigExport/self-hosted_with_space (0.00s)
    --- PASS: TestBashIntegration_MCPConfigExport/self-hosted_with_dash_and_dot (0.00s)
=== RUN   TestBashIntegration_MCPConfigExport_NoMCP
--- PASS: TestBashIntegration_MCPConfigExport_NoMCP (0.00s)
=== RUN   TestBashIntegration_RenderMCPConfig_MkdirPath
=== RUN   TestBashIntegration_RenderMCPConfig_MkdirPath/github-hosted_(/home/runner)
=== RUN   TestBashIntegration_RenderMCPConfig_MkdirPath/self-hosted_(/home/actions)
=== RUN   TestBashIntegration_RenderMCPConfig_MkdirPath/containerized_(/root)
=== RUN   TestBashIntegration_RenderMCPConfig_MkdirPath/self-hosted_with_space
=== RUN   TestBashIntegration_RenderMCPConfig_MkdirPath/self-hosted_with_dash_and_dot
--- PASS: TestBashIntegration_RenderMCPConfig_MkdirPath (0.02s)
    --- PASS: TestBashIntegration_RenderMCPConfig_MkdirPath/github-hosted_(/home/runner) (0.00s)
    --- PASS: TestBashIntegration_RenderMCPConfig_MkdirPath/self-hosted_(/home/actions) (0.00s)
    --- PASS: TestBashIntegration_RenderMCPConfig_MkdirPath/containerized_(/root) (0.00s)
    --- PASS: TestBashIntegration_RenderMCPConfig_MkdirPath/self-hosted_with_space (0.00s)
    --- PASS: TestBashIntegration_RenderMCPConfig_MkdirPath/self-hosted_with_dash_and_dot (0.00s)
=== RUN   TestBashIntegration_TrapFiresWithRuntimeHome
--- PASS: TestBashIntegration_TrapFiresWithRuntimeHome (0.01s)
=== RUN   TestGenerateCopilotInstallerSteps
=== RUN   TestGenerateCopilotInstallerSteps/version_without_v_prefix
=== RUN   TestGenerateCopilotInstallerSteps/version_with_v_prefix
=== RUN   TestGenerateCopilotInstallerSteps/custom_version
=== RUN   TestGenerateCopilotInstallerSteps/empty_version_uses_default
--- PASS: TestGenerateCopilotInstallerSteps (0.00s)
    --- PASS: TestGenerateCopilotInstallerSteps/version_without_v_prefix (0.00s)
    --- PASS: TestGenerateCopilotInstallerSteps/version_with_v_prefix (0.00s)
    --- PASS: TestGenerateCopilotInstallerSteps/custom_version (0.00s)
    --- PASS: TestGenerateCopilotInstallerSteps/empty_version_uses_default (0.00s)
=== RUN   TestCopilotInstallerCustomVersion
--- PASS: TestCopilotInstallerCustomVersion (0.00s)
=== RUN   TestGenerateCopilotInstallerSteps_ExpressionVersion
=== RUN   TestGenerateCopilotInstallerSteps_ExpressionVersion/workflow_call_input_expression
=== RUN   TestGenerateCopilotInstallerSteps_ExpressionVersion/github_event_input_expression
--- PASS: TestGenerateCopilotInstallerSteps_ExpressionVersion (0.00s)
    --- PASS: TestGenerateCopilotInstallerSteps_ExpressionVersion/workflow_call_input_expression (0.00s)
    --- PASS: TestGenerateCopilotInstallerSteps_ExpressionVersion/github_event_input_expression (0.00s)
=== RUN   TestCopilotInstallerExpressionVersion_ViaEngineConfig
--- PASS: TestCopilotInstallerExpressionVersion_ViaEngineConfig (0.00s)
=== RUN   TestCopilotInstallerByokFeatureStillUsesDefaultPinnedVersion
--- PASS: TestCopilotInstallerByokFeatureStillUsesDefaultPinnedVersion (0.00s)
=== RUN   TestCopilotSessionFileCopyStep
--- PASS: TestCopilotSessionFileCopyStep (0.00s)
=== RUN   TestCopilotSessionJSONLParsing
--- PASS: TestCopilotSessionJSONLParsing (0.00s)
=== RUN   TestCopilotSessionJSONLWithDebugLogs
--- PASS: TestCopilotSessionJSONLWithDebugLogs (0.00s)
=== RUN   TestCopilotSessionJSONLMultipleTurns
--- PASS: TestCopilotSessionJSONLMultipleTurns (0.00s)
=== RUN   TestCopilotSessionJSONLFallbackToDebugLog
--- PASS: TestCopilotSessionJSONLFallbackToDebugLog (0.00s)
=== RUN   TestCopilotSessionJSONLToolSizes
--- PASS: TestCopilotSessionJSONLToolSizes (0.00s)
=== RUN   TestCopilotSessionJSONLMissingNumTurns
--- PASS: TestCopilotSessionJSONLMissingNumTurns (0.00s)
=== RUN   TestCopilotSessionJSONLZeroNumTurns
--- PASS: TestCopilotSessionJSONLZeroNumTurns (0.00s)
=== RUN   TestCompileWorkflow_ImportCopilotSetupSteps
⚠ Unable to resolve actions/setup-node@v4 dynamically, using hardcoded pin for actions/setup-node@v6.4.0
⚠ Unable to resolve actions/setup-go@v4 dynamically, using hardcoded pin for actions/setup-go@v6.4.0
.github/workflows/test-workflow.md: info: Tip: set permissions.copilot-requests: write to use GitHub Actions token-based inference with the Copilot engine instead of a personal access token (COPILOT_GITHUB_TOKEN). This option requires that your organization has centralized Copilot billing enabled and may not be available in all organizations — see https://github.github.com/gh-aw/reference/billing/ for details.

✓ .github/workflows/test-workflow.md (79.1 KB)
--- PASS: TestCompileWorkflow_ImportCopilotSetupSteps (0.01s)
=== RUN   TestCompileWorkflow_ImportCopilotSetupStepsWithoutCustomSteps
.github/workflows/test-workflow-no-custom.md: info: Tip: set permissions.copilot-requests: write to use GitHub Actions token-based inference with the Copilot engine instead of a personal access token (COPILOT_GITHUB_TOKEN). This option requires that your organization has centralized Copilot billing enabled and may not be available in all organizations — see https://github.github.com/gh-aw/reference/billing/ for details.

✓ .github/workflows/test-workflow-no-custom.md (79.0 KB)
--- PASS: TestCompileWorkflow_ImportCopilotSetupStepsWithoutCustomSteps (0.01s)
=== RUN   TestCopilotTokenCountWithRealLog
    copilot_token_parsing_real_test.go:26: Real log file not available - skipping real-world test
--- SKIP: TestCopilotTokenCountWithRealLog (0.00s)
=== RUN   TestCopilotTokenCountAccumulation
--- PASS: TestCopilotTokenCountAccumulation (0.00s)
=== RUN   TestParseAgentTaskConfig
=== RUN   TestParseAgentTaskConfig/parse_basic_agent-session_config
=== RUN   TestParseAgentTaskConfig/parse_agent-session_config_with_base_branch
=== RUN   TestParseAgentTaskConfig/parse_agent-session_config_with_target-repo
=== RUN   TestParseAgentTaskConfig/parse_agent-session_config_with_all_fields
=== RUN   TestParseAgentTaskConfig/no_agent-session_config
=== RUN   TestParseAgentTaskConfig/reject_wildcard_target-repo
--- PASS: TestParseAgentTaskConfig (0.00s)
    --- PASS: TestParseAgentTaskConfig/parse_basic_agent-session_config (0.00s)
    --- PASS: TestParseAgentTaskConfig/parse_agent-session_config_with_base_branch (0.00s)
    --- PASS: TestParseAgentTaskConfig/parse_agent-session_config_with_target-repo (0.00s)
    --- PASS: TestParseAgentTaskConfig/parse_agent-session_config_with_all_fields (0.00s)
    --- PASS: TestParseAgentTaskConfig/no_agent-session_config (0.00s)
    --- PASS: TestParseAgentTaskConfig/reject_wildcard_target-repo (0.00s)
=== RUN   TestExtractSafeOutputsConfigWithAgentTask
--- PASS: TestExtractSafeOutputsConfigWithAgentTask (0.00s)
=== RUN   TestHasSafeOutputsEnabledWithAgentTask
--- PASS: TestHasSafeOutputsEnabledWithAgentTask (0.00s)
=== RUN   TestParseDiscussionsConfigDefaultExpiration
=== RUN   TestParseDiscussionsConfigDefaultExpiration/No_expires_field_-_should_default_to_7_days_(168_hours)
=== RUN   TestParseDiscussionsConfigDefaultExpiration/Explicit_expires_integer_-_should_use_provided_value
=== RUN   TestParseDiscussionsConfigDefaultExpiration/Explicit_expires_string_format_-_should_use_provided_value
=== RUN   TestParseDiscussionsConfigDefaultExpiration/Explicit_expires_zero_-_should_use_default
--- PASS: TestParseDiscussionsConfigDefaultExpiration (0.00s)
    --- PASS: TestParseDiscussionsConfigDefaultExpiration/No_expires_field_-_should_default_to_7_days_(168_hours) (0.00s)
    --- PASS: TestParseDiscussionsConfigDefaultExpiration/Explicit_expires_integer_-_should_use_provided_value (0.00s)
    --- PASS: TestParseDiscussionsConfigDefaultExpiration/Explicit_expires_string_format_-_should_use_provided_value (0.00s)
    --- PASS: TestParseDiscussionsConfigDefaultExpiration/Explicit_expires_zero_-_should_use_default (0.00s)
=== RUN   TestNormalizeDiscussionCategory
=== RUN   TestNormalizeDiscussionCategory/empty_category_unchanged
=== RUN   TestNormalizeDiscussionCategory/lowercase_category_unchanged
=== RUN   TestNormalizeDiscussionCategory/lowercase_plural_unchanged
=== RUN   TestNormalizeDiscussionCategory/lowercase_research_unchanged
=== RUN   TestNormalizeDiscussionCategory/general_lowercase_unchanged
=== RUN   TestNormalizeDiscussionCategory/capitalized_Audits_normalized_to_lowercase
test.md: info: Discussion category "Audits" normalized to lowercase: "audits"

=== RUN   TestNormalizeDiscussionCategory/capitalized_General_normalized_to_lowercase
test.md: info: Discussion category "General" normalized to lowercase: "general"

=== RUN   TestNormalizeDiscussionCategory/capitalized_Reports_normalized_to_lowercase
test.md: info: Discussion category "Reports" normalized to lowercase: "reports"

=== RUN   TestNormalizeDiscussionCategory/capitalized_Research_normalized_to_lowercase
test.md: info: Discussion category "Research" normalized to lowercase: "research"

=== RUN   TestNormalizeDiscussionCategory/unknown_capitalized_category_normalized
test.md: info: Discussion category "MyCategory" normalized to lowercase: "mycategory"

=== RUN   TestNormalizeDiscussionCategory/mixed_case_normalized
test.md: info: Discussion category "AuDiTs" normalized to lowercase: "audits"

=== RUN   TestNormalizeDiscussionCategory/singular_audit_unchanged_(but_warns)
=== RUN   TestNormalizeDiscussionCategory/singular_report_unchanged_(but_warns)
=== RUN   TestNormalizeDiscussionCategory/category_ID_unchanged
--- PASS: TestNormalizeDiscussionCategory (0.00s)
    --- PASS: TestNormalizeDiscussionCategory/empty_category_unchanged (0.00s)
    --- PASS: TestNormalizeDiscussionCategory/lowercase_category_unchanged (0.00s)
    --- PASS: TestNormalizeDiscussionCategory/lowercase_plural_unchanged (0.00s)
    --- PASS: TestNormalizeDiscussionCategory/lowercase_research_unchanged (0.00s)
    --- PASS: TestNormalizeDiscussionCategory/general_lowercase_unchanged (0.00s)
    --- PASS: TestNormalizeDiscussionCategory/capitalized_Audits_normalized_to_lowercase (0.00s)
    --- PASS: TestNormalizeDiscussionCategory/capitalized_General_normalized_to_lowercase (0.00s)
    --- PASS: TestNormalizeDiscussionCategory/capitalized_Reports_normalized_to_lowercase (0.00s)
    --- PASS: TestNormalizeDiscussionCategory/capitalized_Research_normalized_to_lowercase (0.00s)
    --- PASS: TestNormalizeDiscussionCategory/unknown_capitalized_category_normalized (0.00s)
    --- PASS: TestNormalizeDiscussionCategory/mixed_case_normalized (0.00s)
    --- PASS: TestNormalizeDiscussionCategory/singular_audit_unchanged_(but_warns) (0.00s)
    --- PASS: TestNormalizeDiscussionCategory/singular_report_unchanged_(but_warns) (0.00s)
    --- PASS: TestNormalizeDiscussionCategory/category_ID_unchanged (0.00s)
=== RUN   TestParseDiscussionsConfigNormalization
=== RUN   TestParseDiscussionsConfigNormalization/valid_lowercase_category_returns_config
=== RUN   TestParseDiscussionsConfigNormalization/capitalized_category_normalized_and_returns_config
info: Discussion category "Audits" normalized to lowercase: "audits"

=== RUN   TestParseDiscussionsConfigNormalization/General_category_normalized_and_returns_config
info: Discussion category "General" normalized to lowercase: "general"

=== RUN   TestParseDiscussionsConfigNormalization/mixed_case_category_normalized
info: Discussion category "MyCategory" normalized to lowercase: "mycategory"

--- PASS: TestParseDiscussionsConfigNormalization (0.00s)
    --- PASS: TestParseDiscussionsConfigNormalization/valid_lowercase_category_returns_config (0.00s)
    --- PASS: TestParseDiscussionsConfigNormalization/capitalized_category_normalized_and_returns_config (0.00s)
    --- PASS: TestParseDiscussionsConfigNormalization/General_category_normalized_and_returns_config (0.00s)
    --- PASS: TestParseDiscussionsConfigNormalization/mixed_case_category_normalized (0.00s)
=== RUN   TestParseDiscussionsConfigFallbackToIssue
=== RUN   TestParseDiscussionsConfigFallbackToIssue/default_fallback-to-issue_is_true
=== RUN   TestParseDiscussionsConfigFallbackToIssue/explicit_fallback-to-issue_true
=== RUN   TestParseDiscussionsConfigFallbackToIssue/explicit_fallback-to-issue_false
--- PASS: TestParseDiscussionsConfigFallbackToIssue (0.00s)
    --- PASS: TestParseDiscussionsConfigFallbackToIssue/default_fallback-to-issue_is_true (0.00s)
    --- PASS: TestParseDiscussionsConfigFallbackToIssue/explicit_fallback-to-issue_true (0.00s)
    --- PASS: TestParseDiscussionsConfigFallbackToIssue/explicit_fallback-to-issue_false (0.00s)
=== RUN   TestCreateIssueBackwardCompatibility
/tmp/gh-aw-test-runs/20260704-173215-1254793/backward-compat-test1818054524/legacy-workflow.md: info: Tip: set permissions.copilot-requests: write to use GitHub Actions token-based inference with the Copilot engine instead of a personal access token (COPILOT_GITHUB_TOKEN). This option requires that your organization has centralized Copilot billing enabled and may not be available in all organizations — see https://github.github.com/gh-aw/reference/billing/ for details.

✓ /tmp/gh-aw-test-runs/20260704-173215-1254793/backward-compat-test1818054524/legacy-workflow.md (101.4 KB)
--- PASS: TestCreateIssueBackwardCompatibility (0.01s)
=== RUN   TestCreateIssueMinimalConfiguration
/tmp/gh-aw-test-runs/20260704-173215-1254793/minimal-config-test2565936814/minimal-workflow.md: info: Tip: set permissions.copilot-requests: write to use GitHub Actions token-based inference with the Copilot engine instead of a personal access token (COPILOT_GITHUB_TOKEN). This option requires that your organization has centralized Copilot billing enabled and may not be available in all organizations — see https://github.github.com/gh-aw/reference/billing/ for details.

✓ /tmp/gh-aw-test-runs/20260704-173215-1254793/minimal-config-test2565936814/minimal-workflow.md (97.4 KB)
--- PASS: TestCreateIssueMinimalConfiguration (0.01s)
=== RUN   TestCreateIssueHandlerConfigIncludesAssignees
/tmp/gh-aw-test-runs/20260704-173215-1254793/handler-config-test1961033166/test-handler-config.md: info: Tip: set permissions.copilot-requests: write to use GitHub Actions token-based inference with the Copilot engine instead of a personal access token (COPILOT_GITHUB_TOKEN). This option requires that your organization has centralized Copilot billing enabled and may not be available in all organizations — see https://github.github.com/gh-aw/reference/billing/ for details.

✓ /tmp/gh-aw-test-runs/20260704-173215-1254793/handler-config-test1961033166/test-handler-config.md (100.1 KB)
--- PASS: TestCreateIssueHandlerConfigIncludesAssignees (0.01s)
=== RUN   TestCreateIssueHandlerConfigWithSingleStringAssignee
/tmp/gh-aw-test-runs/20260704-173215-1254793/single-assignee-test472236958/test-single.md: info: Tip: set permissions.copilot-requests: write to use GitHub Actions token-based inference with the Copilot engine instead of a personal access token (COPILOT_GITHUB_TOKEN). This option requires that your organization has centralized Copilot billing enabled and may not be available in all organizations — see https://github.github.com/gh-aw/reference/billing/ for details.

✓ /tmp/gh-aw-test-runs/20260704-173215-1254793/single-assignee-test472236958/test-single.md (99.6 KB)
--- PASS: TestCreateIssueHandlerConfigWithSingleStringAssignee (0.01s)
=== RUN   TestCreateIssueHandlerConfigWithoutAssignees
/tmp/gh-aw-test-runs/20260704-173215-1254793/no-assignees-config-test3304928027/test-no-assignees.md: info: Tip: set permissions.copilot-requests: write to use GitHub Actions token-based inference with the Copilot engine instead of a personal access token (COPILOT_GITHUB_TOKEN). This option requires that your organization has centralized Copilot billing enabled and may not be available in all organizations — see https://github.github.com/gh-aw/reference/billing/ for details.

✓ /tmp/gh-aw-test-runs/20260704-173215-1254793/no-assignees-config-test3304928027/test-no-assignees.md (99.6 KB)
--- PASS: TestCreateIssueHandlerConfigWithoutAssignees (0.01s)
=== RUN   TestCreateProjectStatusUpdateHandlerConfigIncludesMax
/tmp/gh-aw-test-runs/20260704-173215-1254793/handler-config-test924901512/test-workflow.md: info: Tip: set permissions.copilot-requests: write to use GitHub Actions token-based inference with the Copilot engine instead of a personal access token (COPILOT_GITHUB_TOKEN). This option requires that your organization has centralized Copilot billing enabled and may not be available in all organizations — see https://github.github.com/gh-aw/reference/billing/ for details.

✓ /tmp/gh-aw-test-runs/20260704-173215-1254793/handler-config-test924901512/test-workflow.md (101.6 KB)
--- PASS: TestCreateProjectStatusUpdateHandlerConfigIncludesMax (0.02s)
=== RUN   TestCreateProjectStatusUpdateHandlerConfigIncludesGitHubToken
/tmp/gh-aw-test-runs/20260704-173215-1254793/handler-config-test925646556/test-workflow.md: info: Tip: set permissions.copilot-requests: write to use GitHub Actions token-based inference with the Copilot engine instead of a personal access token (COPILOT_GITHUB_TOKEN). This option requires that your organization has centralized Copilot billing enabled and may not be available in all organizations — see https://github.github.com/gh-aw/reference/billing/ for details.

/tmp/gh-aw-test-runs/20260704-173215-1254793/handler-config-test925646556/test-workflow.md: warning: safe update mode detected unapproved changes

New restricted secret(s):
  - CUSTOM_TOKEN

Remediation options:
  1. Use the --approve flag to allow the changes.
  2. Revert the unapproved changes.
  3. Use an interactive coding agent to review and approve the changes.

✓ /tmp/gh-aw-test-runs/20260704-173215-1254793/handler-config-test925646556/test-workflow.md (101.8 KB)
    create_project_status_update_handler_config_test.go:116: Line 260:           Tools: create_issue, create_project_status_update, missing_tool, missing_data, noop
    create_project_status_update_handler_config_test.go:116: Line 516:           {"create_issue":{"max":1},"create_project_status_update":{"github-token":"${GH_AW_SECRET_CUSTOM_TOKEN}","max":1,"project":"https://github.com/orgs/test-org/projects/1"},"create_report_incomplete_issue":{},"missing_data":{},"missing_tool":{},"noop":{"max":1,"report-as-issue":"true"},"report_incomplete":{}}
    create_project_status_update_handler_config_test.go:116: Line 524:                 "create_project_status_update": " CONSTRAINTS: Maximum 1 status update(s) can be created. Default project URL: \"https://github.com/orgs/test-org/projects/1\"."
    create_project_status_update_handler_config_test.go:116: Line 568:               "create_project_status_update": {
    create_project_status_update_handler_config_test.go:116: Line 1678:           GH_AW_SAFE_OUTPUTS_HANDLER_CONFIG: "{\"create_issue\":{\"max\":1},\"create_project_status_update\":{\"github-token\":\"${{ secrets.CUSTOM_TOKEN }}\",\"max\":1,\"project\":\"https://github.com/orgs/test-org/projects/1\"},\"create_report_incomplete_issue\":{},\"missing_data\":{},\"missing_tool\":{},\"noop\":{\"max\":1,\"report-as-issue\":\"true\"},\"report_incomplete\":{}}"
--- PASS: TestCreateProjectStatusUpdateHandlerConfigIncludesGitHubToken (0.01s)
=== RUN   TestCreateProjectStatusUpdateHandlerConfigLoadedByManager
/tmp/gh-aw-test-runs/20260704-173215-1254793/handler-config-test3067191641/test-workflow.md: info: Tip: set permissions.copilot-requests: write to use GitHub Actions token-based inference with the Copilot engine instead of a personal access token (COPILOT_GITHUB_TOKEN). This option requires that your organization has centralized Copilot billing enabled and may not be available in all organizations — see https://github.github.com/gh-aw/reference/billing/ for details.

✓ /tmp/gh-aw-test-runs/20260704-173215-1254793/handler-config-test3067191641/test-workflow.md (102.0 KB)
--- PASS: TestCreateProjectStatusUpdateHandlerConfigLoadedByManager (0.01s)
=== RUN   TestCreateProjectStatusUpdateWithProjectURLConfig
/tmp/gh-aw-test-runs/20260704-173215-1254793/handler-config-test2617188858/test-workflow.md: info: Tip: set permissions.copilot-requests: write to use GitHub Actions token-based inference with the Copilot engine instead of a personal access token (COPILOT_GITHUB_TOKEN). This option requires that your organization has centralized Copilot billing enabled and may not be available in all organizations — see https://github.github.com/gh-aw/reference/billing/ for details.

✓ /tmp/gh-aw-test-runs/20260704-173215-1254793/handler-config-test2617188858/test-workflow.md (100.7 KB)
--- PASS: TestCreateProjectStatusUpdateWithProjectURLConfig (0.02s)
=== RUN   TestParseCreateProjectsConfig
=== RUN   TestParseCreateProjectsConfig/basic_config_with_max
=== RUN   TestParseCreateProjectsConfig/config_with_all_fields
=== RUN   TestParseCreateProjectsConfig/config_with_views
=== RUN   TestParseCreateProjectsConfig/config_with_views_including_visible-fields
=== RUN   TestParseCreateProjectsConfig/config_with_default_max_when_not_specified
=== RUN   TestParseCreateProjectsConfig/no_create-project_config
=== RUN   TestParseCreateProjectsConfig/empty_outputMap
=== RUN   TestParseCreateProjectsConfig/views_with_missing_required_fields_are_skipped
--- PASS: TestParseCreateProjectsConfig (0.01s)
    --- PASS: TestParseCreateProjectsConfig/basic_config_with_max (0.00s)
    --- PASS: TestParseCreateProjectsConfig/config_with_all_fields (0.00s)
    --- PASS: TestParseCreateProjectsConfig/config_with_views (0.00s)
    --- PASS: TestParseCreateProjectsConfig/config_with_views_including_visible-fields (0.00s)
    --- PASS: TestParseCreateProjectsConfig/config_with_default_max_when_not_specified (0.00s)
    --- PASS: TestParseCreateProjectsConfig/no_create-project_config (0.00s)
    --- PASS: TestParseCreateProjectsConfig/empty_outputMap (0.00s)
    --- PASS: TestParseCreateProjectsConfig/views_with_missing_required_fields_are_skipped (0.00s)
=== RUN   TestCreateProjectsConfig_DefaultMax
--- PASS: TestCreateProjectsConfig_DefaultMax (0.00s)
=== RUN   TestCreateProjectsConfig_ViewsParsing
--- PASS: TestCreateProjectsConfig_ViewsParsing (0.00s)
=== RUN   TestCreateProjectsConfig_FieldDefinitionsParsing
--- PASS: TestCreateProjectsConfig_FieldDefinitionsParsing (0.00s)
=== RUN   TestCreateProjectsConfig_FieldDefinitionsWithUnderscores
--- PASS: TestCreateProjectsConfig_FieldDefinitionsWithUnderscores (0.00s)
=== RUN   TestCreateProjectsConfig_ViewsAndFieldDefinitions
--- PASS: TestCreateProjectsConfig_ViewsAndFieldDefinitions (0.00s)
=== RUN   TestCreatePullRequestCITriggerToken
=== RUN   TestCreatePullRequestCITriggerToken/unset_config_uses_secrets.GH_AW_CI_TRIGGER_TOKEN
✓ /tmp/gh-aw-test-runs/20260704-173215-1254793/ci-trigger-token-test799053976/test-ci-trigger-token.md (104.9 KB)
=== RUN   TestCreatePullRequestCITriggerToken/app_config_uses_app_token_step_output
✓ /tmp/gh-aw-test-runs/20260704-173215-1254793/ci-trigger-token-test2257597453/test-ci-trigger-token.md (104.9 KB)
=== RUN   TestCreatePullRequestCITriggerToken/explicit_token_uses_provided_value
✓ /tmp/gh-aw-test-runs/20260704-173215-1254793/ci-trigger-token-test3583917679/test-ci-trigger-token.md (104.9 KB)
--- PASS: TestCreatePullRequestCITriggerToken (0.04s)
    --- PASS: TestCreatePullRequestCITriggerToken/unset_config_uses_secrets.GH_AW_CI_TRIGGER_TOKEN (0.01s)
    --- PASS: TestCreatePullRequestCITriggerToken/app_config_uses_app_token_step_output (0.02s)
    --- PASS: TestCreatePullRequestCITriggerToken/explicit_token_uses_provided_value (0.01s)
=== RUN   TestPushToPullRequestBranchCITriggerToken
=== RUN   TestPushToPullRequestBranchCITriggerToken/unset_config_uses_secrets.GH_AW_CI_TRIGGER_TOKEN
⚠ 'labels' is deprecated in safe-outputs.push-to-pull-request-branch. Use 'required-labels' instead.
/tmp/gh-aw-test-runs/20260704-173215-1254793/push-pr-branch-ci-trigger-test2800576476/test-push-pr-branch-token.md: warning: Missing required permissions for GitHub toolsets:
  - issues: read (required by issues)

To fix this, you can either:

Option 1: Add missing permissions to your workflow frontmatter:
permissions:
  issues: read

See: https://github.com/github/gh-aw/blob/main/docs/src/content/docs/reference/permissions.md

Option 2: Reduce the required toolsets in your workflow:
Remove or adjust toolsets that require these permissions:
  - issues

✓ /tmp/gh-aw-test-runs/20260704-173215-1254793/push-pr-branch-ci-trigger-test2800576476/test-push-pr-branch-token.md (106.0 KB)
=== RUN   TestPushToPullRequestBranchCITriggerToken/app_config_uses_app_token_step_output
⚠ 'labels' is deprecated in safe-outputs.push-to-pull-request-branch. Use 'required-labels' instead.
/tmp/gh-aw-test-runs/20260704-173215-1254793/push-pr-branch-ci-trigger-test1411658361/test-push-pr-branch-token.md: warning: Missing required permissions for GitHub toolsets:
  - issues: read (required by issues)

To fix this, you can either:

Option 1: Add missing permissions to your workflow frontmatter:
permissions:
  issues: read

See: https://github.com/github/gh-aw/blob/main/docs/src/content/docs/reference/permissions.md

Option 2: Reduce the required toolsets in your workflow:
Remove or adjust toolsets that require these permissions:
  - issues

✓ /tmp/gh-aw-test-runs/20260704-173215-1254793/push-pr-branch-ci-trigger-test1411658361/test-push-pr-branch-token.md (106.0 KB)
=== RUN   TestPushToPullRequestBranchCITriggerToken/explicit_token_uses_provided_value
⚠ 'labels' is deprecated in safe-outputs.push-to-pull-request-branch. Use 'required-labels' instead.
/tmp/gh-aw-test-runs/20260704-173215-1254793/push-pr-branch-ci-trigger-test3932204849/test-push-pr-branch-token.md: warning: Missing required permissions for GitHub toolsets:
  - issues: read (required by issues)

To fix this, you can either:

Option 1: Add missing permissions to your workflow frontmatter:
permissions:
  issues: read

See: https://github.com/github/gh-aw/blob/main/docs/src/content/docs/reference/permissions.md

Option 2: Reduce the required toolsets in your workflow:
Remove or adjust toolsets that require these permissions:
  - issues

✓ /tmp/gh-aw-test-runs/20260704-173215-1254793/push-pr-branch-ci-trigger-test3932204849/test-push-pr-branch-token.md (106.0 KB)
--- PASS: TestPushToPullRequestBranchCITriggerToken (0.04s)
    --- PASS: TestPushToPullRequestBranchCITriggerToken/unset_config_uses_secrets.GH_AW_CI_TRIGGER_TOKEN (0.01s)
    --- PASS: TestPushToPullRequestBranchCITriggerToken/app_config_uses_app_token_step_output (0.01s)
    --- PASS: TestPushToPullRequestBranchCITriggerToken/explicit_token_uses_provided_value (0.01s)
=== RUN   TestCrushEngine
=== RUN   TestCrushEngine/engine_identity
=== RUN   TestCrushEngine/capabilities
=== RUN   TestCrushEngine/model_env_var_name
=== RUN   TestCrushEngine/required_secrets_basic
=== RUN   TestCrushEngine/required_secrets_with_anthropic_model
=== RUN   TestCrushEngine/required_secrets_with_openai_model
=== RUN   TestCrushEngine/required_secrets_with_copilot-requests_permission
=== RUN   TestCrushEngine/required_secrets_with_MCP_servers
=== RUN   TestCrushEngine/required_secrets_with_env_override
=== RUN   TestCrushEngine/declared_output_files
=== RUN   TestCrushEngine/agent_manifest_files
=== RUN   TestCrushEngine/agent_manifest_path_prefixes
=== RUN   TestCrushEngine/secret_validation_step_without_copilot-requests
=== RUN   TestCrushEngine/secret_validation_step_with_copilot-requests_permission
--- PASS: TestCrushEngine (0.00s)
    --- PASS: TestCrushEngine/engine_identity (0.00s)
    --- PASS: TestCrushEngine/capabilities (0.00s)
    --- PASS: TestCrushEngine/model_env_var_name (0.00s)
    --- PASS: TestCrushEngine/required_secrets_basic (0.00s)
    --- PASS: TestCrushEngine/required_secrets_with_anthropic_model (0.00s)
    --- PASS: TestCrushEngine/required_secrets_with_openai_model (0.00s)
    --- PASS: TestCrushEngine/required_secrets_with_copilot-requests_permission (0.00s)
    --- PASS: TestCrushEngine/required_secrets_with_MCP_servers (0.00s)
    --- PASS: TestCrushEngine/required_secrets_with_env_override (0.00s)
    --- PASS: TestCrushEngine/declared_output_files (0.00s)
    --- PASS: TestCrushEngine/agent_manifest_files (0.00s)
    --- PASS: TestCrushEngine/agent_manifest_path_prefixes (0.00s)
    --- PASS: TestCrushEngine/secret_validation_step_without_copilot-requests (0.00s)
    --- PASS: TestCrushEngine/secret_validation_step_with_copilot-requests_permission (0.00s)
=== RUN   TestCrushEngineInstallation
=== RUN   TestCrushEngineInstallation/standard_installation
=== RUN   TestCrushEngineInstallation/custom_command_skips_installation
=== RUN   TestCrushEngineInstallation/with_firewall
--- PASS: TestCrushEngineInstallation (0.00s)
    --- PASS: TestCrushEngineInstallation/standard_installation (0.00s)
    --- PASS: TestCrushEngineInstallation/custom_command_skips_installation (0.00s)
    --- PASS: TestCrushEngineInstallation/with_firewall (0.00s)
=== RUN   TestCrushEngineExecution
=== RUN   TestCrushEngineExecution/basic_execution
=== RUN   TestCrushEngineExecution/basic_execution_with_copilot-requests_permission
=== RUN   TestCrushEngineExecution/with_model
=== RUN   TestCrushEngineExecution/without_model_no_model_env_var
=== RUN   TestCrushEngineExecution/with_MCP_servers
=== RUN   TestCrushEngineExecution/with_custom_command
=== RUN   TestCrushEngineExecution/engine_env_overrides_default_token_expression
=== RUN   TestCrushEngineExecution/engine_env_adds_custom_non-secret_env_vars
=== RUN   TestCrushEngineExecution/config_step_is_first
--- PASS: TestCrushEngineExecution (0.00s)
    --- PASS: TestCrushEngineExecution/basic_execution (0.00s)
    --- PASS: TestCrushEngineExecution/basic_execution_with_copilot-requests_permission (0.00s)
    --- PASS: TestCrushEngineExecution/with_model (0.00s)
    --- PASS: TestCrushEngineExecution/without_model_no_model_env_var (0.00s)
    --- PASS: TestCrushEngineExecution/with_MCP_servers (0.00s)
    --- PASS: TestCrushEngineExecution/with_custom_command (0.00s)
    --- PASS: TestCrushEngineExecution/engine_env_overrides_default_token_expression (0.00s)
    --- PASS: TestCrushEngineExecution/engine_env_adds_custom_non-secret_env_vars (0.00s)
    --- PASS: TestCrushEngineExecution/config_step_is_first (0.00s)
=== RUN   TestCrushEngineFirewallIntegration
=== RUN   TestCrushEngineFirewallIntegration/firewall_enabled
=== RUN   TestCrushEngineFirewallIntegration/firewall_enabled_adds_mounted_MCP_CLI_path_setup
=== RUN   TestCrushEngineFirewallIntegration/firewall_disabled
--- PASS: TestCrushEngineFirewallIntegration (0.00s)
    --- PASS: TestCrushEngineFirewallIntegration/firewall_enabled (0.00s)
    --- PASS: TestCrushEngineFirewallIntegration/firewall_enabled_adds_mounted_MCP_CLI_path_setup (0.00s)
    --- PASS: TestCrushEngineFirewallIntegration/firewall_disabled (0.00s)
=== RUN   TestExtractProviderFromModel
=== RUN   TestExtractProviderFromModel/standard_provider/model_format
=== RUN   TestExtractProviderFromModel/empty_model_returns_empty_provider
=== RUN   TestExtractProviderFromModel/no_slash_returns_empty_provider
=== RUN   TestExtractProviderFromModel/case_insensitive_provider
=== RUN   TestExtractProviderFromModel/leading_slash_returns_error
--- PASS: TestExtractProviderFromModel (0.00s)
    --- PASS: TestExtractProviderFromModel/standard_provider/model_format (0.00s)
    --- PASS: TestExtractProviderFromModel/empty_model_returns_empty_provider (0.00s)
    --- PASS: TestExtractProviderFromModel/no_slash_returns_empty_provider (0.00s)
    --- PASS: TestExtractProviderFromModel/case_insensitive_provider (0.00s)
    --- PASS: TestExtractProviderFromModel/leading_slash_returns_error (0.00s)
=== RUN   TestReferencesCustomJobOutputs
=== RUN   TestReferencesCustomJobOutputs/empty_condition
=== RUN   TestReferencesCustomJobOutputs/no_custom_jobs
=== RUN   TestReferencesCustomJobOutputs/references_custom_job_output
=== RUN   TestReferencesCustomJobOutputs/references_custom_job_result
=== RUN   TestReferencesCustomJobOutputs/does_not_reference_custom_job
=== RUN   TestReferencesCustomJobOutputs/references_standard_job_not_custom
=== RUN   TestReferencesCustomJobOutputs/complex_condition_with_custom_job
=== RUN   TestReferencesCustomJobOutputs/multiple_custom_jobs_but_only_one_referenced
--- PASS: TestReferencesCustomJobOutputs (0.00s)
    --- PASS: TestReferencesCustomJobOutputs/empty_condition (0.00s)
    --- PASS: TestReferencesCustomJobOutputs/no_custom_jobs (0.00s)
    --- PASS: TestReferencesCustomJobOutputs/references_custom_job_output (0.00s)
    --- PASS: TestReferencesCustomJobOutputs/references_custom_job_result (0.00s)
    --- PASS: TestReferencesCustomJobOutputs/does_not_reference_custom_job (0.00s)
    --- PASS: TestReferencesCustomJobOutputs/references_standard_job_not_custom (0.00s)
    --- PASS: TestReferencesCustomJobOutputs/complex_condition_with_custom_job (0.00s)
    --- PASS: TestReferencesCustomJobOutputs/multiple_custom_jobs_but_only_one_referenced (0.00s)
=== RUN   TestJobDependsOnPreActivation
=== RUN   TestJobDependsOnPreActivation/empty_config
=== RUN   TestJobDependsOnPreActivation/needs_pre_activation_as_string
=== RUN   TestJobDependsOnPreActivation/needs_pre_activation_in_array
=== RUN   TestJobDependsOnPreActivation/needs_pre_activation_in_array_with_others
=== RUN   TestJobDependsOnPreActivation/needs_activation_(not_pre_activation)
=== RUN   TestJobDependsOnPreActivation/needs_array_without_pre_activation
=== RUN   TestJobDependsOnPreActivation/no_needs_field
--- PASS: TestJobDependsOnPreActivation (0.00s)
    --- PASS: TestJobDependsOnPreActivation/empty_config (0.00s)
    --- PASS: TestJobDependsOnPreActivation/needs_pre_activation_as_string (0.00s)
    --- PASS: TestJobDependsOnPreActivation/needs_pre_activation_in_array (0.00s)
    --- PASS: TestJobDependsOnPreActivation/needs_pre_activation_in_array_with_others (0.00s)
    --- PASS: TestJobDependsOnPreActivation/needs_activation_(not_pre_activation) (0.00s)
    --- PASS: TestJobDependsOnPreActivation/needs_array_without_pre_activation (0.00s)
    --- PASS: TestJobDependsOnPreActivation/no_needs_field (0.00s)
=== RUN   TestGetCustomJobsDependingOnPreActivation
=== RUN   TestGetCustomJobsDependingOnPreActivation/nil_custom_jobs
=== RUN   TestGetCustomJobsDependingOnPreActivation/empty_custom_jobs
=== RUN   TestGetCustomJobsDependingOnPreActivation/job_with_needs_pre_activation_as_string
=== RUN   TestGetCustomJobsDependingOnPreActivation/job_with_needs_pre_activation_in_array
=== RUN   TestGetCustomJobsDependingOnPreActivation/job_without_needs_field
=== RUN   TestGetCustomJobsDependingOnPreActivation/job_with_different_needs
=== RUN   TestGetCustomJobsDependingOnPreActivation/multiple_jobs_mixed
--- PASS: TestGetCustomJobsDependingOnPreActivation (0.00s)
    --- PASS: TestGetCustomJobsDependingOnPreActivation/nil_custom_jobs (0.00s)
    --- PASS: TestGetCustomJobsDependingOnPreActivation/empty_custom_jobs (0.00s)
    --- PASS: TestGetCustomJobsDependingOnPreActivation/job_with_needs_pre_activation_as_string (0.00s)
    --- PASS: TestGetCustomJobsDependingOnPreActivation/job_with_needs_pre_activation_in_array (0.00s)
    --- PASS: TestGetCustomJobsDependingOnPreActivation/job_without_needs_field (0.00s)
    --- PASS: TestGetCustomJobsDependingOnPreActivation/job_with_different_needs (0.00s)
    --- PASS: TestGetCustomJobsDependingOnPreActivation/multiple_jobs_mixed (0.00s)
=== RUN   TestResolveMaxDailyAIC
=== RUN   TestResolveMaxDailyAIC/prefers_top-level_literal_value
=== PAUSE TestResolveMaxDailyAIC/prefers_top-level_literal_value
=== RUN   TestResolveMaxDailyAIC/falls_back_to_imported_expression
=== PAUSE TestResolveMaxDailyAIC/falls_back_to_imported_expression
=== RUN   TestResolveMaxDailyAIC/emits_runtime_expression_when_no_frontmatter
=== PAUSE TestResolveMaxDailyAIC/emits_runtime_expression_when_no_frontmatter
=== RUN   TestResolveMaxDailyAIC/frontmatter_value_takes_precedence_over_runtime_default_expression
=== RUN   TestResolveMaxDailyAIC/normalizes_suffix_strings
=== PAUSE TestResolveMaxDailyAIC/normalizes_suffix_strings
=== RUN   TestResolveMaxDailyAIC/explicit_disable_skips_guardrail
=== PAUSE TestResolveMaxDailyAIC/explicit_disable_skips_guardrail
=== RUN   TestResolveMaxDailyAIC/spec_§9.3(2)_/_T-AIC-DG-007:_imported_config_used_when_no_frontmatter_value
=== PAUSE TestResolveMaxDailyAIC/spec_§9.3(2)_/_T-AIC-DG-007:_imported_config_used_when_no_frontmatter_value
=== RUN   TestResolveMaxDailyAIC/spec_§9.3(2)_/_T-AIC-DG-007:_frontmatter_takes_precedence_over_imported_config
=== PAUSE TestResolveMaxDailyAIC/spec_§9.3(2)_/_T-AIC-DG-007:_frontmatter_takes_precedence_over_imported_config
=== CONT  TestResolveMaxDailyAIC/prefers_top-level_literal_value
=== CONT  TestResolveMaxDailyAIC/spec_§9.3(2)_/_T-AIC-DG-007:_imported_config_used_when_no_frontmatter_value
=== CONT  TestResolveMaxDailyAIC/normalizes_suffix_strings
=== CONT  TestResolveMaxDailyAIC/emits_runtime_expression_when_no_frontmatter
=== CONT  TestResolveMaxDailyAIC/falls_back_to_imported_expression
=== CONT  TestResolveMaxDailyAIC/explicit_disable_skips_guardrail
=== CONT  TestResolveMaxDailyAIC/spec_§9.3(2)_/_T-AIC-DG-007:_frontmatter_takes_precedence_over_imported_config
--- PASS: TestResolveMaxDailyAIC (0.00s)
    --- PASS: TestResolveMaxDailyAIC/frontmatter_value_takes_precedence_over_runtime_default_expression (0.00s)
    --- PASS: TestResolveMaxDailyAIC/prefers_top-level_literal_value (0.00s)
    --- PASS: TestResolveMaxDailyAIC/normalizes_suffix_strings (0.00s)
    --- PASS: TestResolveMaxDailyAIC/emits_runtime_expression_when_no_frontmatter (0.00s)
    --- PASS: TestResolveMaxDailyAIC/spec_§9.3(2)_/_T-AIC-DG-007:_imported_config_used_when_no_frontmatter_value (0.00s)
    --- PASS: TestResolveMaxDailyAIC/falls_back_to_imported_expression (0.00s)
    --- PASS: TestResolveMaxDailyAIC/explicit_disable_skips_guardrail (0.00s)
    --- PASS: TestResolveMaxDailyAIC/spec_§9.3(2)_/_T-AIC-DG-007:_frontmatter_takes_precedence_over_imported_config (0.00s)
=== RUN   TestDailyAICWorkflowGuardrailInCompiledWorkflow
/tmp/gh-aw-test-runs/20260704-173215-1254793/daily-effective-workflow-guardrail-4177398294/daily-guardrail.md: info: Tip: set permissions.copilot-requests: write to use GitHub Actions token-based inference with the Copilot engine instead of a personal access token (COPILOT_GITHUB_TOKEN). This option requires that your organization has centralized Copilot billing enabled and may not be available in all organizations — see https://github.github.com/gh-aw/reference/billing/ for details.

✓ /tmp/gh-aw-test-runs/20260704-173215-1254793/daily-effective-workflow-guardrail-4177398294/daily-guardrail.md (98.5 KB)
--- PASS: TestDailyAICWorkflowGuardrailInCompiledWorkflow (0.01s)
=== RUN   TestDailyETGuardrailDynamicGate
/tmp/gh-aw-test-runs/20260704-173215-1254793/daily-effective-workflow-no-guardrail-1130898959/no-daily-guardrail.md: info: Tip: set permissions.copilot-requests: write to use GitHub Actions token-based inference with the Copilot engine instead of a personal access token (COPILOT_GITHUB_TOKEN). This option requires that your organization has centralized Copilot billing enabled and may not be available in all organizations — see https://github.github.com/gh-aw/reference/billing/ for details.

✓ /tmp/gh-aw-test-runs/20260704-173215-1254793/daily-effective-workflow-no-guardrail-1130898959/no-daily-guardrail.md (98.7 KB)
--- PASS: TestDailyETGuardrailDynamicGate (0.02s)
=== RUN   TestDailyAICWorkflowGuardrailConfiguredViaEnvVar
/tmp/gh-aw-test-runs/20260704-173215-1254793/daily-effective-workflow-env-guardrail-1319630954/daily-guardrail-env.md: info: Tip: set permissions.copilot-requests: write to use GitHub Actions token-based inference with the Copilot engine instead of a personal access token (COPILOT_GITHUB_TOKEN). This option requires that your organization has centralized Copilot billing enabled and may not be available in all organizations — see https://github.github.com/gh-aw/reference/billing/ for details.

✓ /tmp/gh-aw-test-runs/20260704-173215-1254793/daily-effective-workflow-env-guardrail-1319630954/daily-guardrail-env.md (98.9 KB)
--- PASS: TestDailyAICWorkflowGuardrailConfiguredViaEnvVar (0.01s)
=== RUN   TestDailyETGuardrailNegativeValueRejected
--- PASS: TestDailyETGuardrailNegativeValueRejected (0.00s)
=== RUN   TestDailyModelInventoryWorkflowFetchesReflectInAgentPrompt
--- PASS: TestDailyModelInventoryWorkflowFetchesReflectInAgentPrompt (0.00s)
=== RUN   TestValidateDangerousPermissions
=== RUN   TestValidateDangerousPermissions/no_permissions_-_should_pass
=== RUN   TestValidateDangerousPermissions/read_permissions_only_-_should_pass
=== RUN   TestValidateDangerousPermissions/write_permission_-_should_error
=== RUN   TestValidateDangerousPermissions/multiple_write_permissions_-_should_error
=== RUN   TestValidateDangerousPermissions/write_permission_with_feature_flag_is_still_an_error
=== RUN   TestValidateDangerousPermissions/shorthand_read-all_-_should_pass
=== RUN   TestValidateDangerousPermissions/shorthand_write-all_-_should_error
=== RUN   TestValidateDangerousPermissions/mixed_read_and_write_-_should_error
=== RUN   TestValidateDangerousPermissions/id-token_write_-_should_pass_(id-token_is_safe)
=== RUN   TestValidateDangerousPermissions/id-token_write_with_other_read_permissions_-_should_pass
=== RUN   TestValidateDangerousPermissions/id-token_write_with_other_write_permissions_-_should_error_on_other_permissions
=== RUN   TestValidateDangerousPermissions/agent_job_with_write_permission_and_safe-outputs_configured_-_should_still_error
--- PASS: TestValidateDangerousPermissions (0.00s)
    --- PASS: TestValidateDangerousPermissions/no_permissions_-_should_pass (0.00s)
    --- PASS: TestValidateDangerousPermissions/read_permissions_only_-_should_pass (0.00s)
    --- PASS: TestValidateDangerousPermissions/write_permission_-_should_error (0.00s)
    --- PASS: TestValidateDangerousPermissions/multiple_write_permissions_-_should_error (0.00s)
    --- PASS: TestValidateDangerousPermissions/write_permission_with_feature_flag_is_still_an_error (0.00s)
    --- PASS: TestValidateDangerousPermissions/shorthand_read-all_-_should_pass (0.00s)
    --- PASS: TestValidateDangerousPermissions/shorthand_write-all_-_should_error (0.00s)
    --- PASS: TestValidateDangerousPermissions/mixed_read_and_write_-_should_error (0.00s)
    --- PASS: TestValidateDangerousPermissions/id-token_write_-_should_pass_(id-token_is_safe) (0.00s)
    --- PASS: TestValidateDangerousPermissions/id-token_write_with_other_read_permissions_-_should_pass (0.00s)
    --- PASS: TestValidateDangerousPermissions/id-token_write_with_other_write_permissions_-_should_error_on_other_permissions (0.00s)
    --- PASS: TestValidateDangerousPermissions/agent_job_with_write_permission_and_safe-outputs_configured_-_should_still_error (0.00s)
=== RUN   TestFindWritePermissions
=== RUN   TestFindWritePermissions/no_permissions
=== RUN   TestFindWritePermissions/only_read_permissions
=== RUN   TestFindWritePermissions/single_write_permission
=== RUN   TestFindWritePermissions/multiple_write_permissions
=== RUN   TestFindWritePermissions/write-all_shorthand
=== RUN   TestFindWritePermissions/mixed_read_and_write
=== RUN   TestFindWritePermissions/id-token_write_is_excluded_from_dangerous_permissions
=== RUN   TestFindWritePermissions/id-token_write_with_other_write_permissions_-_only_other_permissions_counted
--- PASS: TestFindWritePermissions (0.00s)
    --- PASS: TestFindWritePermissions/no_permissions (0.00s)
    --- PASS: TestFindWritePermissions/only_read_permissions (0.00s)
    --- PASS: TestFindWritePermissions/single_write_permission (0.00s)
    --- PASS: TestFindWritePermissions/multiple_write_permissions (0.00s)
    --- PASS: TestFindWritePermissions/write-all_shorthand (0.00s)
    --- PASS: TestFindWritePermissions/mixed_read_and_write (0.00s)
    --- PASS: TestFindWritePermissions/id-token_write_is_excluded_from_dangerous_permissions (0.00s)
    --- PASS: TestFindWritePermissions/id-token_write_with_other_write_permissions_-_only_other_permissions_counted (0.00s)
=== RUN   TestFormatDangerousPermissionsError
=== RUN   TestFormatDangerousPermissionsError/single_write_permission
=== RUN   TestFormatDangerousPermissionsError/multiple_write_permissions
--- PASS: TestFormatDangerousPermissionsError (0.00s)
    --- PASS: TestFormatDangerousPermissionsError/single_write_permission (0.00s)
    --- PASS: TestFormatDangerousPermissionsError/multiple_write_permissions (0.00s)
=== RUN   TestParseNpmPackage
=== RUN   TestParseNpmPackage/scoped_package_with_version
=== RUN   TestParseNpmPackage/scoped_package_with_specific_version
=== RUN   TestParseNpmPackage/scoped_package_without_version
=== RUN   TestParseNpmPackage/non-scoped_package_with_version
=== RUN   TestParseNpmPackage/non-scoped_package_without_version
=== RUN   TestParseNpmPackage/package_with_semver_range
--- PASS: TestParseNpmPackage (0.00s)
    --- PASS: TestParseNpmPackage/scoped_package_with_version (0.00s)
    --- PASS: TestParseNpmPackage/scoped_package_with_specific_version (0.00s)
    --- PASS: TestParseNpmPackage/scoped_package_without_version (0.00s)
    --- PASS: TestParseNpmPackage/non-scoped_package_with_version (0.00s)
    --- PASS: TestParseNpmPackage/non-scoped_package_without_version (0.00s)
    --- PASS: TestParseNpmPackage/package_with_semver_range (0.00s)
=== RUN   TestCollectNpmDependencies
=== RUN   TestCollectNpmDependencies/single_workflow_with_npm_dependencies
=== RUN   TestCollectNpmDependencies/multiple_workflows_with_different_dependencies
=== RUN   TestCollectNpmDependencies/duplicate_dependencies_use_last_version
=== RUN   TestCollectNpmDependencies/no_npm_dependencies
--- PASS: TestCollectNpmDependencies (0.00s)
    --- PASS: TestCollectNpmDependencies/single_workflow_with_npm_dependencies (0.00s)
    --- PASS: TestCollectNpmDependencies/multiple_workflows_with_different_dependencies (0.00s)
    --- PASS: TestCollectNpmDependencies/duplicate_dependencies_use_last_version (0.00s)
    --- PASS: TestCollectNpmDependencies/no_npm_dependencies (0.00s)
=== RUN   TestGeneratePackageJSON
--- PASS: TestGeneratePackageJSON (0.00s)
=== RUN   TestGeneratePackageJSON_MergeExisting
--- PASS: TestGeneratePackageJSON_MergeExisting (0.00s)
=== RUN   TestGenerateDependabotConfig
--- PASS: TestGenerateDependabotConfig (0.00s)
=== RUN   TestGenerateDependabotConfig_PreserveExisting
--- PASS: TestGenerateDependabotConfig_PreserveExisting (0.00s)
=== RUN   TestReconcileManagedDependabotIgnores_NoDependabotFile
--- PASS: TestReconcileManagedDependabotIgnores_NoDependabotFile (0.00s)
=== RUN   TestDependabotConfigPath
--- PASS: TestDependabotConfigPath (0.00s)
=== RUN   TestReconcileManagedDependabotIgnoresInRepo
--- PASS: TestReconcileManagedDependabotIgnoresInRepo (0.00s)
=== RUN   TestReconcileManagedDependabotIgnores_NoGitHubActionsUpdate
--- PASS: TestReconcileManagedDependabotIgnores_NoGitHubActionsUpdate (0.00s)
=== RUN   TestReconcileManagedDependabotIgnores_AddsManagedEntry
--- PASS: TestReconcileManagedDependabotIgnores_AddsManagedEntry (0.00s)
=== RUN   TestReconcileManagedDependabotIgnores_ReplacesNullIgnoreWithManagedEntry
--- PASS: TestReconcileManagedDependabotIgnores_ReplacesNullIgnoreWithManagedEntry (0.00s)
=== RUN   TestReconcileManagedDependabotIgnores_MigratesLegacyWildcardPattern
--- PASS: TestReconcileManagedDependabotIgnores_MigratesLegacyWildcardPattern (0.00s)
=== RUN   TestGenerateDependabotManifests_NoDependencies
--- PASS: TestGenerateDependabotManifests_NoDependencies (0.00s)
=== RUN   TestGenerateDependabotManifests_WithDependencies
--- PASS: TestGenerateDependabotManifests_WithDependencies (1.16s)
=== RUN   TestGenerateDependabotManifests_StrictMode
--- PASS: TestGenerateDependabotManifests_StrictMode (1.14s)
=== RUN   TestParsePipPackage
=== RUN   TestParsePipPackage/package_with_==_version
=== RUN   TestParsePipPackage/package_with_>=_version
=== RUN   TestParsePipPackage/package_with_~=_version
=== RUN   TestParsePipPackage/package_without_version
=== RUN   TestParsePipPackage/package_with_!=_version
--- PASS: TestParsePipPackage (0.00s)
    --- PASS: TestParsePipPackage/package_with_==_version (0.00s)
    --- PASS: TestParsePipPackage/package_with_>=_version (0.00s)
    --- PASS: TestParsePipPackage/package_with_~=_version (0.00s)
    --- PASS: TestParsePipPackage/package_without_version (0.00s)
    --- PASS: TestParsePipPackage/package_with_!=_version (0.00s)
=== RUN   TestCollectPipDependencies
=== RUN   TestCollectPipDependencies/single_workflow_with_pip_dependencies
=== RUN   TestCollectPipDependencies/multiple_workflows_with_different_dependencies
=== RUN   TestCollectPipDependencies/duplicate_dependencies_use_last_version
=== RUN   TestCollectPipDependencies/no_pip_dependencies
--- PASS: TestCollectPipDependencies (0.00s)
    --- PASS: TestCollectPipDependencies/single_workflow_with_pip_dependencies (0.00s)
    --- PASS: TestCollectPipDependencies/multiple_workflows_with_different_dependencies (0.00s)
    --- PASS: TestCollectPipDependencies/duplicate_dependencies_use_last_version (0.00s)
    --- PASS: TestCollectPipDependencies/no_pip_dependencies (0.00s)
=== RUN   TestGenerateRequirementsTxt
--- PASS: TestGenerateRequirementsTxt (0.00s)
=== RUN   TestParseGoPackage
=== RUN   TestParseGoPackage/package_with_version
=== RUN   TestParseGoPackage/package_without_version
=== RUN   TestParseGoPackage/package_with_pseudo-version
--- PASS: TestParseGoPackage (0.00s)
    --- PASS: TestParseGoPackage/package_with_version (0.00s)
    --- PASS: TestParseGoPackage/package_without_version (0.00s)
    --- PASS: TestParseGoPackage/package_with_pseudo-version (0.00s)
=== RUN   TestCollectGoDependencies
=== RUN   TestCollectGoDependencies/single_workflow_with_go_install
=== RUN   TestCollectGoDependencies/multiple_workflows_with_different_dependencies
=== RUN   TestCollectGoDependencies/duplicate_dependencies_use_last_version
=== RUN   TestCollectGoDependencies/no_go_dependencies
--- PASS: TestCollectGoDependencies (0.00s)
    --- PASS: TestCollectGoDependencies/single_workflow_with_go_install (0.00s)
    --- PASS: TestCollectGoDependencies/multiple_workflows_with_different_dependencies (0.00s)
    --- PASS: TestCollectGoDependencies/duplicate_dependencies_use_last_version (0.00s)
    --- PASS: TestCollectGoDependencies/no_go_dependencies (0.00s)
=== RUN   TestGenerateGoMod
--- PASS: TestGenerateGoMod (0.00s)
=== RUN   TestGenerateDependabotConfig_MultipleEcosystems
--- PASS: TestGenerateDependabotConfig_MultipleEcosystems (0.00s)
=== RUN   TestGenerateDependabotManifests_AllEcosystems
--- PASS: TestGenerateDependabotManifests_AllEcosystems (1.16s)
=== RUN   TestExtractGoFromCommands
=== RUN   TestExtractGoFromCommands/simple_go_install
=== RUN   TestExtractGoFromCommands/go_get
=== RUN   TestExtractGoFromCommands/mixed_go_install_and_go_get
=== RUN   TestExtractGoFromCommands/go_install_with_flags
=== RUN   TestExtractGoFromCommands/go_without_install_or_get
=== RUN   TestExtractGoFromCommands/go_mod_command_(not_extracted)
=== RUN   TestExtractGoFromCommands/empty_command
=== RUN   TestExtractGoFromCommands/go_get_with_flags
=== RUN   TestExtractGoFromCommands/multiple_go_install_commands
=== RUN   TestExtractGoFromCommands/go_install_with_trailing_semicolon
=== RUN   TestExtractGoFromCommands/go_get_with_trailing_ampersand
=== RUN   TestExtractGoFromCommands/go_install_and_go_get_on_same_line
--- PASS: TestExtractGoFromCommands (0.00s)
    --- PASS: TestExtractGoFromCommands/simple_go_install (0.00s)
    --- PASS: TestExtractGoFromCommands/go_get (0.00s)
    --- PASS: TestExtractGoFromCommands/mixed_go_install_and_go_get (0.00s)
    --- PASS: TestExtractGoFromCommands/go_install_with_flags (0.00s)
    --- PASS: TestExtractGoFromCommands/go_without_install_or_get (0.00s)
    --- PASS: TestExtractGoFromCommands/go_mod_command_(not_extracted) (0.00s)
    --- PASS: TestExtractGoFromCommands/empty_command (0.00s)
    --- PASS: TestExtractGoFromCommands/go_get_with_flags (0.00s)
    --- PASS: TestExtractGoFromCommands/multiple_go_install_commands (0.00s)
    --- PASS: TestExtractGoFromCommands/go_install_with_trailing_semicolon (0.00s)
    --- PASS: TestExtractGoFromCommands/go_get_with_trailing_ampersand (0.00s)
    --- PASS: TestExtractGoFromCommands/go_install_and_go_get_on_same_line (0.00s)
=== RUN   TestDetectionJobHasSuccessOutput
/tmp/gh-aw-test-runs/20260704-173215-1254793/test-3204861102/test-workflow.md: warning: safe update mode detected unapproved changes

New restricted secret(s):
  - ANTHROPIC_API_KEY

Remediation options:
  1. Use the --approve flag to allow the changes.
  2. Revert the unapproved changes.
  3. Use an interactive coding agent to review and approve the changes.

✓ /tmp/gh-aw-test-runs/20260704-173215-1254793/test-3204861102/test-workflow.md (103.7 KB)
--- PASS: TestDetectionJobHasSuccessOutput (0.01s)
=== RUN   TestSafeOutputJobsCheckDetectionSuccess
/tmp/gh-aw-test-runs/20260704-173215-1254793/test-2490421652/test-workflow.md: warning: safe update mode detected unapproved changes

New restricted secret(s):
  - ANTHROPIC_API_KEY

Remediation options:
  1. Use the --approve flag to allow the changes.
  2. Revert the unapproved changes.
  3. Use an interactive coding agent to review and approve the changes.

✓ /tmp/gh-aw-test-runs/20260704-173215-1254793/test-2490421652/test-workflow.md (104.7 KB)
--- PASS: TestSafeOutputJobsCheckDetectionSuccess (0.01s)
=== RUN   TestDetectionRunsStepInConclusionJob
/tmp/gh-aw-test-runs/20260704-173215-1254793/test-2720757363/test-workflow.md: warning: safe update mode detected unapproved changes

New restricted secret(s):
  - ANTHROPIC_API_KEY

Remediation options:
  1. Use the --approve flag to allow the changes.
  2. Revert the unapproved changes.
  3. Use an interactive coding agent to review and approve the changes.

✓ /tmp/gh-aw-test-runs/20260704-173215-1254793/test-2720757363/test-workflow.md (103.7 KB)
--- PASS: TestDetectionRunsStepInConclusionJob (0.01s)
=== RUN   TestNoopStepGetsThreatDetectionAICEnvVar
/tmp/gh-aw-test-runs/20260704-173215-1254793/test-1211781217/test-workflow.md: warning: safe update mode detected unapproved changes

New restricted secret(s):
  - ANTHROPIC_API_KEY

Remediation options:
  1. Use the --approve flag to allow the changes.
  2. Revert the unapproved changes.
  3. Use an interactive coding agent to review and approve the changes.

✓ /tmp/gh-aw-test-runs/20260704-173215-1254793/test-1211781217/test-workflow.md (104.1 KB)
--- PASS: TestNoopStepGetsThreatDetectionAICEnvVar (0.01s)
=== RUN   TestAgentFailureStepGetsThreatDetectionAICEnvVar
/tmp/gh-aw-test-runs/20260704-173215-1254793/test-929438285/test-workflow.md: warning: safe update mode detected unapproved changes

New restricted secret(s):
  - ANTHROPIC_API_KEY

Remediation options:
  1. Use the --approve flag to allow the changes.
  2. Revert the unapproved changes.
  3. Use an interactive coding agent to review and approve the changes.

✓ /tmp/gh-aw-test-runs/20260704-173215-1254793/test-929438285/test-workflow.md (103.7 KB)
--- PASS: TestAgentFailureStepGetsThreatDetectionAICEnvVar (0.01s)
=== RUN   TestAgentFailureStepOmitsThreatDetectionAICEnvVarWhenDetectionDisabled
/tmp/gh-aw-test-runs/20260704-173215-1254793/test-3636236271/test-workflow.md: warning: safe update mode detected unapproved changes

New restricted secret(s):
  - ANTHROPIC_API_KEY

Remediation options:
  1. Use the --approve flag to allow the changes.
  2. Revert the unapproved changes.
  3. Use an interactive coding agent to review and approve the changes.

✓ /tmp/gh-aw-test-runs/20260704-173215-1254793/test-3636236271/test-workflow.md (85.8 KB)
--- PASS: TestAgentFailureStepOmitsThreatDetectionAICEnvVarWhenDetectionDisabled (0.01s)
=== RUN   TestDetectionConclusionStepContinueOnError
=== RUN   TestDetectionConclusionStepContinueOnError/warn_mode_(default)_—_parse_step_has_continue-on-error:_true
/tmp/gh-aw-test-runs/20260704-173215-1254793/test-287173430/test-workflow.md: warning: safe update mode detected unapproved changes

New restricted secret(s):
  - ANTHROPIC_API_KEY

Remediation options:
  1. Use the --approve flag to allow the changes.
  2. Revert the unapproved changes.
  3. Use an interactive coding agent to review and approve the changes.

✓ /tmp/gh-aw-test-runs/20260704-173215-1254793/test-287173430/test-workflow.md (103.7 KB)
=== RUN   TestDetectionConclusionStepContinueOnError/warn_mode_explicit_—_parse_step_has_continue-on-error:_true
/tmp/gh-aw-test-runs/20260704-173215-1254793/test-3005492732/test-workflow.md: warning: safe update mode detected unapproved changes

New restricted secret(s):
  - ANTHROPIC_API_KEY

Remediation options:
  1. Use the --approve flag to allow the changes.
  2. Revert the unapproved changes.
  3. Use an interactive coding agent to review and approve the changes.

✓ /tmp/gh-aw-test-runs/20260704-173215-1254793/test-3005492732/test-workflow.md (103.7 KB)
=== RUN   TestDetectionConclusionStepContinueOnError/strict_mode_—_parse_step_does_NOT_have_continue-on-error
/tmp/gh-aw-test-runs/20260704-173215-1254793/test-3308501991/test-workflow.md: warning: safe update mode detected unapproved changes

New restricted secret(s):
  - ANTHROPIC_API_KEY

Remediation options:
  1. Use the --approve flag to allow the changes.
  2. Revert the unapproved changes.
  3. Use an interactive coding agent to review and approve the changes.

✓ /tmp/gh-aw-test-runs/20260704-173215-1254793/test-3308501991/test-workflow.md (103.6 KB)
--- PASS: TestDetectionConclusionStepContinueOnError (0.04s)
    --- PASS: TestDetectionConclusionStepContinueOnError/warn_mode_(default)_—_parse_step_has_continue-on-error:_true (0.01s)
    --- PASS: TestDetectionConclusionStepContinueOnError/warn_mode_explicit_—_parse_step_has_continue-on-error:_true (0.01s)
    --- PASS: TestDetectionConclusionStepContinueOnError/strict_mode_—_parse_step_does_NOT_have_continue-on-error (0.01s)
=== RUN   TestDetectionJobDownloadsExperimentArtifact
=== RUN   TestDetectionJobDownloadsExperimentArtifact/experiments_declared_—_detection_job_downloads_experiment_artifact
/tmp/gh-aw-test-runs/20260704-173215-1254793/test-2127715022/test-workflow.md: info: Tip: set permissions.copilot-requests: write to use GitHub Actions token-based inference with the Copilot engine instead of a personal access token (COPILOT_GITHUB_TOKEN). This option requires that your organization has centralized Copilot billing enabled and may not be available in all organizations — see https://github.github.com/gh-aw/reference/billing/ for details.

✓ /tmp/gh-aw-test-runs/20260704-173215-1254793/test-2127715022/test-workflow.md (104.7 KB)
=== RUN   TestDetectionJobDownloadsExperimentArtifact/no_experiments_—_detection_job_does_not_download_experiment_artifact
/tmp/gh-aw-test-runs/20260704-173215-1254793/test-182217714/test-workflow.md: info: Tip: set permissions.copilot-requests: write to use GitHub Actions token-based inference with the Copilot engine instead of a personal access token (COPILOT_GITHUB_TOKEN). This option requires that your organization has centralized Copilot billing enabled and may not be available in all organizations — see https://github.github.com/gh-aw/reference/billing/ for details.

✓ /tmp/gh-aw-test-runs/20260704-173215-1254793/test-182217714/test-workflow.md (99.3 KB)
--- PASS: TestDetectionJobDownloadsExperimentArtifact (0.03s)
    --- PASS: TestDetectionJobDownloadsExperimentArtifact/experiments_declared_—_detection_job_downloads_experiment_artifact (0.01s)
    --- PASS: TestDetectionJobDownloadsExperimentArtifact/no_experiments_—_detection_job_does_not_download_experiment_artifact (0.02s)
=== RUN   TestParseDispatchRepositoryConfig_SingleTool
--- PASS: TestParseDispatchRepositoryConfig_SingleTool (0.00s)
=== RUN   TestParseDispatchRepositoryConfig_MultipleTools
--- PASS: TestParseDispatchRepositoryConfig_MultipleTools (0.00s)
=== RUN   TestParseDispatchRepositoryConfig_DashAlias
--- PASS: TestParseDispatchRepositoryConfig_DashAlias (0.00s)
=== RUN   TestParseDispatchRepositoryConfig_Absent
--- PASS: TestParseDispatchRepositoryConfig_Absent (0.00s)
=== RUN   TestParseDispatchRepositoryConfig_MaxCap
--- PASS: TestParseDispatchRepositoryConfig_MaxCap (0.00s)
=== RUN   TestValidateDispatchRepository_Valid
--- PASS: TestValidateDispatchRepository_Valid (0.00s)
=== RUN   TestValidateDispatchRepository_MissingWorkflow
--- PASS: TestValidateDispatchRepository_MissingWorkflow (0.00s)
=== RUN   TestValidateDispatchRepository_MissingEventType
--- PASS: TestValidateDispatchRepository_MissingEventType (0.00s)
=== RUN   TestValidateDispatchRepository_MissingRepository
--- PASS: TestValidateDispatchRepository_MissingRepository (0.00s)
=== RUN   TestValidateDispatchRepository_AllowedRepositories
--- PASS: TestValidateDispatchRepository_AllowedRepositories (0.00s)
=== RUN   TestValidateDispatchRepository_InvalidRepoFormat
--- PASS: TestValidateDispatchRepository_InvalidRepoFormat (0.00s)
=== RUN   TestValidateDispatchRepository_GitHubExpression
--- PASS: TestValidateDispatchRepository_GitHubExpression (0.00s)
=== RUN   TestValidateDispatchRepository_PartialExpressionMarker
--- PASS: TestValidateDispatchRepository_PartialExpressionMarker (0.00s)
=== RUN   TestValidateDispatchRepository_EmptyTools
--- PASS: TestValidateDispatchRepository_EmptyTools (0.00s)
=== RUN   TestValidateDispatchRepository_NilConfig
--- PASS: TestValidateDispatchRepository_NilConfig (0.00s)
=== RUN   TestGenerateDispatchRepositoryTool
--- PASS: TestGenerateDispatchRepositoryTool (0.00s)
=== RUN   TestGenerateDispatchRepositoryTool_NameNormalization
--- PASS: TestGenerateDispatchRepositoryTool_NameNormalization (0.00s)
=== RUN   TestDispatchRepositoryConfigSerialization
--- PASS: TestDispatchRepositoryConfigSerialization (0.00s)
=== RUN   TestDispatchRepositoryInWorkflowCompilation
--- PASS: TestDispatchRepositoryInWorkflowCompilation (0.00s)
=== RUN   TestDispatchRepositoryValidation_InCompiler
--- PASS: TestDispatchRepositoryValidation_InCompiler (0.00s)
=== RUN   TestDispatchWorkflowMultiDirectoryDiscovery
--- PASS: TestDispatchWorkflowMultiDirectoryDiscovery (0.00s)
=== RUN   TestDispatchWorkflowOnlySearchesGithubWorkflows
--- PASS: TestDispatchWorkflowOnlySearchesGithubWorkflows (0.00s)
=== RUN   TestDispatchWorkflowNotFound
--- PASS: TestDispatchWorkflowNotFound (0.00s)
=== RUN   TestDispatchWorkflowWithoutWorkflowDispatchTrigger
--- PASS: TestDispatchWorkflowWithoutWorkflowDispatchTrigger (0.00s)
=== RUN   TestDispatchWorkflowFileExtensionResolution
--- PASS: TestDispatchWorkflowFileExtensionResolution (0.00s)
=== RUN   TestDispatchWorkflowValidationWithoutAgenticWorkflowsTool
.github/aw/dispatcher.md: info: Tip: set permissions.copilot-requests: write to use GitHub Actions token-based inference with the Copilot engine instead of a personal access token (COPILOT_GITHUB_TOKEN). This option requires that your organization has centralized Copilot billing enabled and may not be available in all organizations — see https://github.github.com/gh-aw/reference/billing/ for details.

--- PASS: TestDispatchWorkflowValidationWithoutAgenticWorkflowsTool (0.00s)
=== RUN   TestDispatchWorkflowMultipleErrors
--- PASS: TestDispatchWorkflowMultipleErrors (0.00s)
=== RUN   TestDispatchWorkflowMultipleErrorsFailFast
--- PASS: TestDispatchWorkflowMultipleErrorsFailFast (0.01s)
=== RUN   TestDispatchWorkflowErrorMessage_EmptyList
--- PASS: TestDispatchWorkflowErrorMessage_EmptyList (0.00s)
=== RUN   TestDispatchWorkflowErrorMessage_NotFound
--- PASS: TestDispatchWorkflowErrorMessage_NotFound (0.00s)
=== RUN   TestDispatchWorkflowValidation_SkipsLocalChecksForCrossRepoTarget
--- PASS: TestDispatchWorkflowValidation_SkipsLocalChecksForCrossRepoTarget (0.00s)
=== RUN   TestDispatchWorkflowValidation_DoesNotSkipForCurrentRepoExpression
--- PASS: TestDispatchWorkflowValidation_DoesNotSkipForCurrentRepoExpression (0.00s)
=== RUN   TestDispatchWorkflowValidation_UsesWorkflowDirEnvOverride
--- PASS: TestDispatchWorkflowValidation_UsesWorkflowDirEnvOverride (0.00s)
=== RUN   TestShouldSkipLocalDispatchWorkflowValidation
=== RUN   TestShouldSkipLocalDispatchWorkflowValidation/empty
=== RUN   TestShouldSkipLocalDispatchWorkflowValidation/github.repository_expression
=== RUN   TestShouldSkipLocalDispatchWorkflowValidation/other_expression
=== RUN   TestShouldSkipLocalDispatchWorkflowValidation/invalid_slug
=== RUN   TestShouldSkipLocalDispatchWorkflowValidation/same_repo_literal
=== RUN   TestShouldSkipLocalDispatchWorkflowValidation/same_repo_literal_case-insensitive
=== RUN   TestShouldSkipLocalDispatchWorkflowValidation/cross-repo_literal
=== RUN   TestShouldSkipLocalDispatchWorkflowValidation/cross-repo_literal_with_unknown_current_repo
--- PASS: TestShouldSkipLocalDispatchWorkflowValidation (0.00s)
    --- PASS: TestShouldSkipLocalDispatchWorkflowValidation/empty (0.00s)
    --- PASS: TestShouldSkipLocalDispatchWorkflowValidation/github.repository_expression (0.00s)
    --- PASS: TestShouldSkipLocalDispatchWorkflowValidation/other_expression (0.00s)
    --- PASS: TestShouldSkipLocalDispatchWorkflowValidation/invalid_slug (0.00s)
    --- PASS: TestShouldSkipLocalDispatchWorkflowValidation/same_repo_literal (0.00s)
    --- PASS: TestShouldSkipLocalDispatchWorkflowValidation/same_repo_literal_case-insensitive (0.00s)
    --- PASS: TestShouldSkipLocalDispatchWorkflowValidation/cross-repo_literal (0.00s)
    --- PASS: TestShouldSkipLocalDispatchWorkflowValidation/cross-repo_literal_with_unknown_current_repo (0.00s)
=== RUN   TestDispatchWorkflowErrorMessage_SelfReference
--- PASS: TestDispatchWorkflowErrorMessage_SelfReference (0.00s)
=== RUN   TestDispatchWorkflowBatchAware_MDWithDispatch
--- PASS: TestDispatchWorkflowBatchAware_MDWithDispatch (0.00s)
=== RUN   TestDispatchWorkflowBatchAware_MDWithoutDispatch
--- PASS: TestDispatchWorkflowBatchAware_MDWithoutDispatch (0.00s)
=== RUN   TestDispatchWorkflowErrorMessage_MultipleErrors
--- PASS: TestDispatchWorkflowErrorMessage_MultipleErrors (0.00s)
=== RUN   TestCollectDockerImages_APIProxyForEnginesWithLLMGateway
=== RUN   TestCollectDockerImages_APIProxyForEnginesWithLLMGateway/Claude_engine_includes_api-proxy_image_(supports_LLM_gateway)
=== RUN   TestCollectDockerImages_APIProxyForEnginesWithLLMGateway/Copilot_engine_includes_api-proxy_image_(supports_LLM_gateway)
=== RUN   TestCollectDockerImages_APIProxyForEnginesWithLLMGateway/Codex_engine_includes_api-proxy_image_(supports_LLM_gateway)
=== RUN   TestCollectDockerImages_APIProxyForEnginesWithLLMGateway/Pi_engine_includes_api-proxy_image_(supports_LLM_gateway_via_models.json_routing)
--- PASS: TestCollectDockerImages_APIProxyForEnginesWithLLMGateway (0.00s)
    --- PASS: TestCollectDockerImages_APIProxyForEnginesWithLLMGateway/Claude_engine_includes_api-proxy_image_(supports_LLM_gateway) (0.00s)
    --- PASS: TestCollectDockerImages_APIProxyForEnginesWithLLMGateway/Copilot_engine_includes_api-proxy_image_(supports_LLM_gateway) (0.00s)
    --- PASS: TestCollectDockerImages_APIProxyForEnginesWithLLMGateway/Codex_engine_includes_api-proxy_image_(supports_LLM_gateway) (0.00s)
    --- PASS: TestCollectDockerImages_APIProxyForEnginesWithLLMGateway/Pi_engine_includes_api-proxy_image_(supports_LLM_gateway_via_models.json_routing) (0.00s)
=== RUN   TestCollectDockerImages_CliProxy
=== RUN   TestCollectDockerImages_CliProxy/includes_cli-proxy_image_when_feature_flag_is_enabled
=== RUN   TestCollectDockerImages_CliProxy/excludes_cli-proxy_image_when_feature_flag_is_absent
=== RUN   TestCollectDockerImages_CliProxy/excludes_cli-proxy_image_when_AWF_version_is_too_old
=== RUN   TestCollectDockerImages_CliProxy/cli-proxy_image_uses_correct_AWF_image_tag
--- PASS: TestCollectDockerImages_CliProxy (0.00s)
    --- PASS: TestCollectDockerImages_CliProxy/includes_cli-proxy_image_when_feature_flag_is_enabled (0.00s)
    --- PASS: TestCollectDockerImages_CliProxy/excludes_cli-proxy_image_when_feature_flag_is_absent (0.00s)
    --- PASS: TestCollectDockerImages_CliProxy/excludes_cli-proxy_image_when_AWF_version_is_too_old (0.00s)
    --- PASS: TestCollectDockerImages_CliProxy/cli-proxy_image_uses_correct_AWF_image_tag (0.00s)
=== RUN   TestCompileWorkflow_FirewallImagesPinnedForAWF0270
/tmp/gh-aw-test-runs/20260704-173215-1254793/docker-firewall-pins-test1191647251/test-workflow.md: warning: safe update mode detected unapproved changes

New restricted secret(s):
  - ANTHROPIC_API_KEY

Remediation options:
  1. Use the --approve flag to allow the changes.
  2. Revert the unapproved changes.
  3. Use an interactive coding agent to review and approve the changes.

✓ /tmp/gh-aw-test-runs/20260704-173215-1254793/docker-firewall-pins-test1191647251/test-workflow.md (80.1 KB)
--- PASS: TestCompileWorkflow_FirewallImagesPinnedForAWF0270 (0.01s)
=== RUN   TestApplyContainerPins
=== RUN   TestApplyContainerPins/no_pins_-_images_returned_unchanged
=== RUN   TestApplyContainerPins/embedded_pin_used_when_cache_is_absent
=== RUN   TestApplyContainerPins/embedded_firewall_pin_used_when_cache_is_absent
=== RUN   TestApplyContainerPins/embedded_gh-aw-node_pin_used_when_cache_is_absent
=== RUN   TestApplyContainerPins/pinned_image_replaced_with_digest_reference
=== RUN   TestApplyContainerPins/only_matching_image_is_pinned
=== RUN   TestApplyContainerPins/empty_images_list
--- PASS: TestApplyContainerPins (0.00s)
    --- PASS: TestApplyContainerPins/no_pins_-_images_returned_unchanged (0.00s)
    --- PASS: TestApplyContainerPins/embedded_pin_used_when_cache_is_absent (0.00s)
    --- PASS: TestApplyContainerPins/embedded_firewall_pin_used_when_cache_is_absent (0.00s)
    --- PASS: TestApplyContainerPins/embedded_gh-aw-node_pin_used_when_cache_is_absent (0.00s)
    --- PASS: TestApplyContainerPins/pinned_image_replaced_with_digest_reference (0.00s)
    --- PASS: TestApplyContainerPins/only_matching_image_is_pinned (0.00s)
    --- PASS: TestApplyContainerPins/empty_images_list (0.00s)
=== RUN   TestCollectDockerImages_StoresInWorkflowData
--- PASS: TestCollectDockerImages_StoresInWorkflowData (0.00s)
=== RUN   TestCollectDockerImages_SafeOutputsAddsGhAwNodeImage
--- PASS: TestCollectDockerImages_SafeOutputsAddsGhAwNodeImage (0.00s)
=== RUN   TestMergeDockerImages
--- PASS: TestMergeDockerImages (0.00s)
=== RUN   TestMergeDockerImagePins
--- PASS: TestMergeDockerImagePins (0.00s)
=== RUN   TestValidateDockerImage_SkipsWhenDockerUnavailable
    docker_validation_graceful_test.go:40: Docker is available — graceful degradation path not exercised
--- SKIP: TestValidateDockerImage_SkipsWhenDockerUnavailable (0.00s)
=== RUN   TestValidateDockerImage_StillRejectsHyphenWithoutDocker
--- PASS: TestValidateDockerImage_StillRejectsHyphenWithoutDocker (0.00s)
=== RUN   TestValidateContainerImages_NoWarningWithoutDocker
    docker_validation_graceful_test.go:59: Docker is available — graceful degradation path not exercised
--- SKIP: TestValidateContainerImages_NoWarningWithoutDocker (0.00s)
=== RUN   TestValidateDockerImage_RequireDockerFailsWhenUnavailable
    docker_validation_graceful_test.go:99: Docker is available — requireDocker failure path not exercised
--- SKIP: TestValidateDockerImage_RequireDockerFailsWhenUnavailable (0.00s)
=== RUN   TestValidateContainerImages_RequireDockerFailsWhenUnavailable
    docker_validation_graceful_test.go:107: Docker is available — requireDocker failure path not exercised
--- SKIP: TestValidateContainerImages_RequireDockerFailsWhenUnavailable (0.00s)
=== RUN   TestMarkDockerDaemonUnavailable_UpdatesState
--- PASS: TestMarkDockerDaemonUnavailable_UpdatesState (0.00s)
=== RUN   TestMarkDockerDaemonUnavailable_SkipsSubsequentValidation
--- PASS: TestMarkDockerDaemonUnavailable_SkipsSubsequentValidation (0.00s)
=== RUN   TestGetBlockedDomains
=== RUN   TestGetBlockedDomains/nil_network_permissions
=== RUN   TestGetBlockedDomains/empty_blocked_list
=== RUN   TestGetBlockedDomains/single_domain
=== RUN   TestGetBlockedDomains/multiple_domains
=== RUN   TestGetBlockedDomains/ecosystem_identifier
=== RUN   TestGetBlockedDomains/mixed_domains_and_ecosystems
=== RUN   TestGetBlockedDomains/duplicate_domains_are_deduplicated
--- PASS: TestGetBlockedDomains (0.00s)
    --- PASS: TestGetBlockedDomains/nil_network_permissions (0.00s)
    --- PASS: TestGetBlockedDomains/empty_blocked_list (0.00s)
    --- PASS: TestGetBlockedDomains/single_domain (0.00s)
    --- PASS: TestGetBlockedDomains/multiple_domains (0.00s)
    --- PASS: TestGetBlockedDomains/ecosystem_identifier (0.00s)
    --- PASS: TestGetBlockedDomains/mixed_domains_and_ecosystems (0.00s)
    --- PASS: TestGetBlockedDomains/duplicate_domains_are_deduplicated (0.00s)
=== RUN   TestFormatBlockedDomains
=== RUN   TestFormatBlockedDomains/nil_network_permissions
=== RUN   TestFormatBlockedDomains/empty_blocked_list
=== RUN   TestFormatBlockedDomains/single_domain
=== RUN   TestFormatBlockedDomains/multiple_domains
=== RUN   TestFormatBlockedDomains/ecosystem_identifier
--- PASS: TestFormatBlockedDomains (0.00s)
    --- PASS: TestFormatBlockedDomains/nil_network_permissions (0.00s)
    --- PASS: TestFormatBlockedDomains/empty_blocked_list (0.00s)
    --- PASS: TestFormatBlockedDomains/single_domain (0.00s)
    --- PASS: TestFormatBlockedDomains/multiple_domains (0.00s)
    --- PASS: TestFormatBlockedDomains/ecosystem_identifier (0.00s)
=== RUN   TestBlockedDomainsWithEngines
=== RUN   TestBlockedDomainsWithEngines/blocked_domains_formatted_correctly
--- PASS: TestBlockedDomainsWithEngines (0.00s)
    --- PASS: TestBlockedDomainsWithEngines/blocked_domains_formatted_correctly (0.00s)
=== RUN   TestProtocolSpecificDomains
=== RUN   TestProtocolSpecificDomains/HTTPS-only_domain
=== RUN   TestProtocolSpecificDomains/HTTP-only_domain
=== RUN   TestProtocolSpecificDomains/Mixed_protocols
=== RUN   TestProtocolSpecificDomains/Protocol-specific_with_wildcard
=== RUN   TestProtocolSpecificDomains/Backward_compatibility_-_no_protocol
--- PASS: TestProtocolSpecificDomains (0.00s)
    --- PASS: TestProtocolSpecificDomains/HTTPS-only_domain (0.00s)
    --- PASS: TestProtocolSpecificDomains/HTTP-only_domain (0.00s)
    --- PASS: TestProtocolSpecificDomains/Mixed_protocols (0.00s)
    --- PASS: TestProtocolSpecificDomains/Protocol-specific_with_wildcard (0.00s)
    --- PASS: TestProtocolSpecificDomains/Backward_compatibility_-_no_protocol (0.00s)
=== RUN   TestGetCopilotAllowedDomainsWithProtocol
--- PASS: TestGetCopilotAllowedDomainsWithProtocol (0.00s)
=== RUN   TestGetClaudeAllowedDomainsWithProtocol
--- PASS: TestGetClaudeAllowedDomainsWithProtocol (0.00s)
=== RUN   TestProtocolSpecificDomainsDeduplication
--- PASS: TestProtocolSpecificDomainsDeduplication (0.00s)
=== RUN   TestProtocolSpecificDomainsSorting
--- PASS: TestProtocolSpecificDomainsSorting (0.00s)
=== RUN   TestGetAllowedDomainsSorted
=== RUN   TestGetAllowedDomainsSorted/single_ecosystem_returns_sorted_domains
=== RUN   TestGetAllowedDomainsSorted/multiple_ecosystems_return_sorted_domains
=== RUN   TestGetAllowedDomainsSorted/mixed_domains_and_ecosystems_return_sorted
--- PASS: TestGetAllowedDomainsSorted (0.00s)
    --- PASS: TestGetAllowedDomainsSorted/single_ecosystem_returns_sorted_domains (0.00s)
    --- PASS: TestGetAllowedDomainsSorted/multiple_ecosystems_return_sorted_domains (0.00s)
    --- PASS: TestGetAllowedDomainsSorted/mixed_domains_and_ecosystems_return_sorted (0.00s)
=== RUN   TestGetAllowedDomainsDeduplication
=== RUN   TestGetAllowedDomainsDeduplication/duplicate_individual_domains_are_removed
=== RUN   TestGetAllowedDomainsDeduplication/overlapping_ecosystem_domains_are_deduplicated
=== RUN   TestGetAllowedDomainsDeduplication/ecosystem_and_explicit_domain_overlap
=== RUN   TestGetAllowedDomainsDeduplication/multiple_ecosystems_with_potential_overlaps
--- PASS: TestGetAllowedDomainsDeduplication (0.00s)
    --- PASS: TestGetAllowedDomainsDeduplication/duplicate_individual_domains_are_removed (0.00s)
    --- PASS: TestGetAllowedDomainsDeduplication/overlapping_ecosystem_domains_are_deduplicated (0.00s)
    --- PASS: TestGetAllowedDomainsDeduplication/ecosystem_and_explicit_domain_overlap (0.00s)
    --- PASS: TestGetAllowedDomainsDeduplication/multiple_ecosystems_with_potential_overlaps (0.00s)
=== RUN   TestGetAllowedDomainsSortedAndUnique
=== RUN   TestGetAllowedDomainsSortedAndUnique/complex_mix:_sorted_and_deduplicated
=== RUN   TestGetAllowedDomainsSortedAndUnique/ecosystem_domains_are_sorted
--- PASS: TestGetAllowedDomainsSortedAndUnique (0.00s)
    --- PASS: TestGetAllowedDomainsSortedAndUnique/complex_mix:_sorted_and_deduplicated (0.00s)
    --- PASS: TestGetAllowedDomainsSortedAndUnique/ecosystem_domains_are_sorted (0.00s)
=== RUN   TestGetCopilotAllowedDomainsSorted
=== RUN   TestGetCopilotAllowedDomainsSorted/Copilot_with_network_permissions_returns_sorted_CSV
=== RUN   TestGetCopilotAllowedDomainsSorted/Copilot_with_duplicates_returns_unique_CSV
--- PASS: TestGetCopilotAllowedDomainsSorted (0.00s)
    --- PASS: TestGetCopilotAllowedDomainsSorted/Copilot_with_network_permissions_returns_sorted_CSV (0.00s)
    --- PASS: TestGetCopilotAllowedDomainsSorted/Copilot_with_duplicates_returns_unique_CSV (0.00s)
=== RUN   TestGetDomainEcosystem
=== RUN   TestGetDomainEcosystem/defaults_ecosystem_-_exact_match
=== RUN   TestGetDomainEcosystem/defaults_ecosystem_-_ubuntu_archive
=== RUN   TestGetDomainEcosystem/defaults_ecosystem_-_digicert
=== RUN   TestGetDomainEcosystem/containers_ecosystem_-_ghcr.io
=== RUN   TestGetDomainEcosystem/containers_ecosystem_-_quay.io
=== RUN   TestGetDomainEcosystem/fonts_ecosystem_-_fonts.googleapis.com
=== RUN   TestGetDomainEcosystem/fonts_ecosystem_-_fonts.gstatic.com
=== RUN   TestGetDomainEcosystem/chrome_ecosystem_-_accounts.google.com
=== RUN   TestGetDomainEcosystem/chrome_ecosystem_-_www.google.com
=== RUN   TestGetDomainEcosystem/chrome_ecosystem_-_safebrowsing.googleapis.com
=== RUN   TestGetDomainEcosystem/chrome_ecosystem_-_optimizationguide-pa.googleapis.com
=== RUN   TestGetDomainEcosystem/chrome_ecosystem_-_update.googleapis.com
=== RUN   TestGetDomainEcosystem/chrome_ecosystem_-_redirector.gvt1.com
=== RUN   TestGetDomainEcosystem/java_ecosystem_-_maven.google.com_(not_chrome)
=== RUN   TestGetDomainEcosystem/java_ecosystem_-_dl.google.com_(not_chrome)
=== RUN   TestGetDomainEcosystem/defaults_ecosystem_-_packages.cloud.google.com_(not_chrome)
=== RUN   TestGetDomainEcosystem/deno_ecosystem_-_fresh.deno.dev
=== RUN   TestGetDomainEcosystem/deno_ecosystem_-_googleapis.deno.dev
=== RUN   TestGetDomainEcosystem/deno_ecosystem_-_deno.land
=== RUN   TestGetDomainEcosystem/deno_ecosystem_-_jsr.io_exact
=== RUN   TestGetDomainEcosystem/node-cdns_ecosystem_-_cdn.jsdelivr.net
=== RUN   TestGetDomainEcosystem/containers_ecosystem_-_docker.io_subdomain
=== RUN   TestGetDomainEcosystem/containers_ecosystem_-_docker.com_subdomain
=== RUN   TestGetDomainEcosystem/containers_ecosystem_-_docker.io_base_domain
=== RUN   TestGetDomainEcosystem/python_ecosystem_-_pypi
=== RUN   TestGetDomainEcosystem/no_ecosystem_match_-_custom_domain
=== RUN   TestGetDomainEcosystem/no_ecosystem_match_-_empty_string
=== RUN   TestGetDomainEcosystem/no_ecosystem_match_-_partial_match_should_not_work
--- PASS: TestGetDomainEcosystem (0.00s)
    --- PASS: TestGetDomainEcosystem/defaults_ecosystem_-_exact_match (0.00s)
    --- PASS: TestGetDomainEcosystem/defaults_ecosystem_-_ubuntu_archive (0.00s)
    --- PASS: TestGetDomainEcosystem/defaults_ecosystem_-_digicert (0.00s)
    --- PASS: TestGetDomainEcosystem/containers_ecosystem_-_ghcr.io (0.00s)
    --- PASS: TestGetDomainEcosystem/containers_ecosystem_-_quay.io (0.00s)
    --- PASS: TestGetDomainEcosystem/fonts_ecosystem_-_fonts.googleapis.com (0.00s)
    --- PASS: TestGetDomainEcosystem/fonts_ecosystem_-_fonts.gstatic.com (0.00s)
    --- PASS: TestGetDomainEcosystem/chrome_ecosystem_-_accounts.google.com (0.00s)
    --- PASS: TestGetDomainEcosystem/chrome_ecosystem_-_www.google.com (0.00s)
    --- PASS: TestGetDomainEcosystem/chrome_ecosystem_-_safebrowsing.googleapis.com (0.00s)
    --- PASS: TestGetDomainEcosystem/chrome_ecosystem_-_optimizationguide-pa.googleapis.com (0.00s)
    --- PASS: TestGetDomainEcosystem/chrome_ecosystem_-_update.googleapis.com (0.00s)
    --- PASS: TestGetDomainEcosystem/chrome_ecosystem_-_redirector.gvt1.com (0.00s)
    --- PASS: TestGetDomainEcosystem/java_ecosystem_-_maven.google.com_(not_chrome) (0.00s)
    --- PASS: TestGetDomainEcosystem/java_ecosystem_-_dl.google.com_(not_chrome) (0.00s)
    --- PASS: TestGetDomainEcosystem/defaults_ecosystem_-_packages.cloud.google.com_(not_chrome) (0.00s)
    --- PASS: TestGetDomainEcosystem/deno_ecosystem_-_fresh.deno.dev (0.00s)
    --- PASS: TestGetDomainEcosystem/deno_ecosystem_-_googleapis.deno.dev (0.00s)
    --- PASS: TestGetDomainEcosystem/deno_ecosystem_-_deno.land (0.00s)
    --- PASS: TestGetDomainEcosystem/deno_ecosystem_-_jsr.io_exact (0.00s)
    --- PASS: TestGetDomainEcosystem/node-cdns_ecosystem_-_cdn.jsdelivr.net (0.00s)
    --- PASS: TestGetDomainEcosystem/containers_ecosystem_-_docker.io_subdomain (0.00s)
    --- PASS: TestGetDomainEcosystem/containers_ecosystem_-_docker.com_subdomain (0.00s)
    --- PASS: TestGetDomainEcosystem/containers_ecosystem_-_docker.io_base_domain (0.00s)
    --- PASS: TestGetDomainEcosystem/python_ecosystem_-_pypi (0.00s)
    --- PASS: TestGetDomainEcosystem/no_ecosystem_match_-_custom_domain (0.00s)
    --- PASS: TestGetDomainEcosystem/no_ecosystem_match_-_empty_string (0.00s)
    --- PASS: TestGetDomainEcosystem/no_ecosystem_match_-_partial_match_should_not_work (0.00s)
=== RUN   TestGetDomainEcosystem_Determinism
--- PASS: TestGetDomainEcosystem_Determinism (0.00s)
=== RUN   TestMatchesDomain
=== RUN   TestMatchesDomain/exact_match_-_same_string
=== RUN   TestMatchesDomain/exact_match_-_github.com
=== RUN   TestMatchesDomain/no_match_-_different_domains
=== RUN   TestMatchesDomain/wildcard_match_-_subdomain_of_docker.io
=== RUN   TestMatchesDomain/wildcard_match_-_multiple_levels_deep
=== RUN   TestMatchesDomain/wildcard_match_-_base_domain_without_wildcard
=== RUN   TestMatchesDomain/wildcard_match_-_docker.com_subdomain
=== RUN   TestMatchesDomain/wildcard_match_-_base_domain_docker.com
=== RUN   TestMatchesDomain/no_wildcard_match_-_wrong_domain
=== RUN   TestMatchesDomain/no_wildcard_match_-_partial_suffix
=== RUN   TestMatchesDomain/no_wildcard_match_-_prefix_instead_of_suffix
=== RUN   TestMatchesDomain/empty_domain_and_pattern
=== RUN   TestMatchesDomain/empty_domain_with_pattern
=== RUN   TestMatchesDomain/domain_with_empty_pattern
=== RUN   TestMatchesDomain/wildcard_with_empty_base
=== RUN   TestMatchesDomain/just_wildcard
=== RUN   TestMatchesDomain/pattern_with_only_*._matches_empty_domain
--- PASS: TestMatchesDomain (0.00s)
    --- PASS: TestMatchesDomain/exact_match_-_same_string (0.00s)
    --- PASS: TestMatchesDomain/exact_match_-_github.com (0.00s)
    --- PASS: TestMatchesDomain/no_match_-_different_domains (0.00s)
    --- PASS: TestMatchesDomain/wildcard_match_-_subdomain_of_docker.io (0.00s)
    --- PASS: TestMatchesDomain/wildcard_match_-_multiple_levels_deep (0.00s)
    --- PASS: TestMatchesDomain/wildcard_match_-_base_domain_without_wildcard (0.00s)
    --- PASS: TestMatchesDomain/wildcard_match_-_docker.com_subdomain (0.00s)
    --- PASS: TestMatchesDomain/wildcard_match_-_base_domain_docker.com (0.00s)
    --- PASS: TestMatchesDomain/no_wildcard_match_-_wrong_domain (0.00s)
    --- PASS: TestMatchesDomain/no_wildcard_match_-_partial_suffix (0.00s)
    --- PASS: TestMatchesDomain/no_wildcard_match_-_prefix_instead_of_suffix (0.00s)
    --- PASS: TestMatchesDomain/empty_domain_and_pattern (0.00s)
    --- PASS: TestMatchesDomain/empty_domain_with_pattern (0.00s)
    --- PASS: TestMatchesDomain/domain_with_empty_pattern (0.00s)
    --- PASS: TestMatchesDomain/wildcard_with_empty_base (0.00s)
    --- PASS: TestMatchesDomain/just_wildcard (0.00s)
    --- PASS: TestMatchesDomain/pattern_with_only_*._matches_empty_domain (0.00s)
=== RUN   TestCopilotDefaultDomains
--- PASS: TestCopilotDefaultDomains (0.00s)
=== RUN   TestThreatDetectionDomains
--- PASS: TestThreatDetectionDomains (0.00s)
=== RUN   TestGetThreatDetectionAllowedDomains
--- PASS: TestGetThreatDetectionAllowedDomains (0.00s)
=== RUN   TestCodexDefaultDomains
--- PASS: TestCodexDefaultDomains (0.00s)
=== RUN   TestClaudeDefaultDomains
--- PASS: TestClaudeDefaultDomains (0.00s)
=== RUN   TestGetAllowedDomains_ModeDefaultsWithAllowedList
    domains_test.go:523: Total domains: 47
--- PASS: TestGetAllowedDomains_ModeDefaultsWithAllowedList (0.00s)
=== RUN   TestGetAllowedDomains_VariousCombinations
=== RUN   TestGetAllowedDomains_VariousCombinations/nil_network_permissions_returns_defaults
    domains_test.go:658: Test 'nil network permissions returns defaults': Got 35 domains
=== RUN   TestGetAllowedDomains_VariousCombinations/single_defaults_ecosystem
    domains_test.go:658: Test 'single defaults ecosystem': Got 35 domains
=== RUN   TestGetAllowedDomains_VariousCombinations/defaults_+_github_ecosystems
    domains_test.go:658: Test 'defaults + github ecosystems': Got 47 domains
=== RUN   TestGetAllowedDomains_VariousCombinations/defaults_+_github_+_python_ecosystems
    domains_test.go:658: Test 'defaults + github + python ecosystems': Got 59 domains
=== RUN   TestGetAllowedDomains_VariousCombinations/defaults_+_node_+_containers
    domains_test.go:658: Test 'defaults + node + containers': Got 71 domains
=== RUN   TestGetAllowedDomains_VariousCombinations/fonts_ecosystem
    domains_test.go:658: Test 'fonts ecosystem': Got 2 domains
=== RUN   TestGetAllowedDomains_VariousCombinations/chrome_ecosystem
    domains_test.go:658: Test 'chrome ecosystem': Got 3 domains
=== RUN   TestGetAllowedDomains_VariousCombinations/deno_ecosystem
    domains_test.go:658: Test 'deno ecosystem': Got 4 domains
=== RUN   TestGetAllowedDomains_VariousCombinations/node-cdns_ecosystem
    domains_test.go:658: Test 'node-cdns ecosystem': Got 4 domains
=== RUN   TestGetAllowedDomains_VariousCombinations/node_+_node-cdns_ecosystems
    domains_test.go:658: Test 'node + node-cdns ecosystems': Got 28 domains
=== RUN   TestGetAllowedDomains_VariousCombinations/single_literal_domain
    domains_test.go:658: Test 'single literal domain': Got 1 domains
=== RUN   TestGetAllowedDomains_VariousCombinations/literal_domain_+_ecosystem
    domains_test.go:658: Test 'literal domain + ecosystem': Got 13 domains
=== RUN   TestGetAllowedDomains_VariousCombinations/multiple_literal_domains
    domains_test.go:658: Test 'multiple literal domains': Got 3 domains
=== RUN   TestGetAllowedDomains_VariousCombinations/empty_allowed_list_(deny_all)
=== RUN   TestGetAllowedDomains_VariousCombinations/go_+_rust_+_java_ecosystems
    domains_test.go:658: Test 'go + rust + java ecosystems': Got 46 domains
=== RUN   TestGetAllowedDomains_VariousCombinations/mixed_ecosystems_and_literals
    domains_test.go:658: Test 'mixed ecosystems and literals': Got 61 domains
=== RUN   TestGetAllowedDomains_VariousCombinations/overlapping_ecosystems_(defaults_already_contains_some_basics)
    domains_test.go:658: Test 'overlapping ecosystems (defaults already contains some basics)': Got 52 domains
--- PASS: TestGetAllowedDomains_VariousCombinations (0.00s)
    --- PASS: TestGetAllowedDomains_VariousCombinations/nil_network_permissions_returns_defaults (0.00s)
    --- PASS: TestGetAllowedDomains_VariousCombinations/single_defaults_ecosystem (0.00s)
    --- PASS: TestGetAllowedDomains_VariousCombinations/defaults_+_github_ecosystems (0.00s)
    --- PASS: TestGetAllowedDomains_VariousCombinations/defaults_+_github_+_python_ecosystems (0.00s)
    --- PASS: TestGetAllowedDomains_VariousCombinations/defaults_+_node_+_containers (0.00s)
    --- PASS: TestGetAllowedDomains_VariousCombinations/fonts_ecosystem (0.00s)
    --- PASS: TestGetAllowedDomains_VariousCombinations/chrome_ecosystem (0.00s)
    --- PASS: TestGetAllowedDomains_VariousCombinations/deno_ecosystem (0.00s)
    --- PASS: TestGetAllowedDomains_VariousCombinations/node-cdns_ecosystem (0.00s)
    --- PASS: TestGetAllowedDomains_VariousCombinations/node_+_node-cdns_ecosystems (0.00s)
    --- PASS: TestGetAllowedDomains_VariousCombinations/single_literal_domain (0.00s)
    --- PASS: TestGetAllowedDomains_VariousCombinations/literal_domain_+_ecosystem (0.00s)
    --- PASS: TestGetAllowedDomains_VariousCombinations/multiple_literal_domains (0.00s)
    --- PASS: TestGetAllowedDomains_VariousCombinations/empty_allowed_list_(deny_all) (0.00s)
    --- PASS: TestGetAllowedDomains_VariousCombinations/go_+_rust_+_java_ecosystems (0.00s)
    --- PASS: TestGetAllowedDomains_VariousCombinations/mixed_ecosystems_and_literals (0.00s)
    --- PASS: TestGetAllowedDomains_VariousCombinations/overlapping_ecosystems_(defaults_already_contains_some_basics) (0.00s)
=== RUN   TestGetAllowedDomains_DeduplicationAcrossEcosystems
    domains_test.go:693: Total unique domains from [defaults, github, python, node]: 84
--- PASS: TestGetAllowedDomains_DeduplicationAcrossEcosystems (0.00s)
=== RUN   TestGetAllowedDomains_SortingConsistency
=== RUN   TestGetAllowedDomains_SortingConsistency/single_ecosystem
    domains_test.go:731: Test 'single ecosystem': All 35 domains are sorted
=== RUN   TestGetAllowedDomains_SortingConsistency/multiple_ecosystems
    domains_test.go:731: Test 'multiple ecosystems': All 59 domains are sorted
=== RUN   TestGetAllowedDomains_SortingConsistency/mixed_literals_and_ecosystems
    domains_test.go:731: Test 'mixed literals and ecosystems': All 49 domains are sorted
--- PASS: TestGetAllowedDomains_SortingConsistency (0.00s)
    --- PASS: TestGetAllowedDomains_SortingConsistency/single_ecosystem (0.00s)
    --- PASS: TestGetAllowedDomains_SortingConsistency/multiple_ecosystems (0.00s)
    --- PASS: TestGetAllowedDomains_SortingConsistency/mixed_literals_and_ecosystems (0.00s)
=== RUN   TestNetworkPermissions_EdgeCases
=== RUN   TestNetworkPermissions_EdgeCases/wildcard_domain_with_ecosystem
    domains_test.go:790: Test 'wildcard domain with ecosystem': Got 36 domains
=== RUN   TestNetworkPermissions_EdgeCases/duplicate_ecosystems_in_allowed_list
    domains_test.go:790: Test 'duplicate ecosystems in allowed list': Got 47 domains
=== RUN   TestNetworkPermissions_EdgeCases/unknown_ecosystem_identifier_treated_as_literal
    domains_test.go:790: Test 'unknown ecosystem identifier treated as literal': Got 1 domains
=== RUN   TestNetworkPermissions_EdgeCases/mixed_case_sensitivity
    domains_test.go:790: Test 'mixed case sensitivity': Got 2 domains
--- PASS: TestNetworkPermissions_EdgeCases (0.00s)
    --- PASS: TestNetworkPermissions_EdgeCases/wildcard_domain_with_ecosystem (0.00s)
    --- PASS: TestNetworkPermissions_EdgeCases/duplicate_ecosystems_in_allowed_list (0.00s)
    --- PASS: TestNetworkPermissions_EdgeCases/unknown_ecosystem_identifier_treated_as_literal (0.00s)
    --- PASS: TestNetworkPermissions_EdgeCases/mixed_case_sensitivity (0.00s)
=== RUN   TestGetDomainsFromRuntimes
=== RUN   TestGetDomainsFromRuntimes/nil_runtimes_returns_empty
=== RUN   TestGetDomainsFromRuntimes/empty_runtimes_returns_empty
=== RUN   TestGetDomainsFromRuntimes/go_runtime_adds_go_ecosystem_domains
    domains_test.go:925: Test 'go runtime adds go ecosystem domains': Got 7 domains
=== RUN   TestGetDomainsFromRuntimes/node_runtime_adds_node_ecosystem_domains
    domains_test.go:925: Test 'node runtime adds node ecosystem domains': Got 25 domains
=== RUN   TestGetDomainsFromRuntimes/python_runtime_adds_python_ecosystem_domains
    domains_test.go:925: Test 'python runtime adds python ecosystem domains': Got 12 domains
=== RUN   TestGetDomainsFromRuntimes/multiple_runtimes_add_all_ecosystem_domains
    domains_test.go:925: Test 'multiple runtimes add all ecosystem domains': Got 31 domains
=== RUN   TestGetDomainsFromRuntimes/bun_maps_to_node_ecosystem
    domains_test.go:925: Test 'bun maps to node ecosystem': Got 25 domains
=== RUN   TestGetDomainsFromRuntimes/deno_maps_to_node_ecosystem
    domains_test.go:925: Test 'deno maps to node ecosystem': Got 25 domains
=== RUN   TestGetDomainsFromRuntimes/uv_maps_to_python_ecosystem
    domains_test.go:925: Test 'uv maps to python ecosystem': Got 12 domains
=== RUN   TestGetDomainsFromRuntimes/java_runtime_adds_java_ecosystem_domains
    domains_test.go:925: Test 'java runtime adds java ecosystem domains': Got 34 domains
=== RUN   TestGetDomainsFromRuntimes/ruby_runtime_adds_ruby_ecosystem_domains
    domains_test.go:925: Test 'ruby runtime adds ruby ecosystem domains': Got 9 domains
=== RUN   TestGetDomainsFromRuntimes/dotnet_runtime_adds_dotnet_ecosystem_domains
    domains_test.go:925: Test 'dotnet runtime adds dotnet ecosystem domains': Got 17 domains
=== RUN   TestGetDomainsFromRuntimes/haskell_runtime_adds_haskell_ecosystem_domains
    domains_test.go:925: Test 'haskell runtime adds haskell ecosystem domains': Got 4 domains
=== RUN   TestGetDomainsFromRuntimes/unknown_runtime_is_ignored
=== RUN   TestGetDomainsFromRuntimes/elixir_runtime_adds_elixir_ecosystem_domains
    domains_test.go:925: Test 'elixir runtime adds elixir ecosystem domains': Got 5 domains
--- PASS: TestGetDomainsFromRuntimes (0.00s)
    --- PASS: TestGetDomainsFromRuntimes/nil_runtimes_returns_empty (0.00s)
    --- PASS: TestGetDomainsFromRuntimes/empty_runtimes_returns_empty (0.00s)
    --- PASS: TestGetDomainsFromRuntimes/go_runtime_adds_go_ecosystem_domains (0.00s)
    --- PASS: TestGetDomainsFromRuntimes/node_runtime_adds_node_ecosystem_domains (0.00s)
    --- PASS: TestGetDomainsFromRuntimes/python_runtime_adds_python_ecosystem_domains (0.00s)
    --- PASS: TestGetDomainsFromRuntimes/multiple_runtimes_add_all_ecosystem_domains (0.00s)
    --- PASS: TestGetDomainsFromRuntimes/bun_maps_to_node_ecosystem (0.00s)
    --- PASS: TestGetDomainsFromRuntimes/deno_maps_to_node_ecosystem (0.00s)
    --- PASS: TestGetDomainsFromRuntimes/uv_maps_to_python_ecosystem (0.00s)
    --- PASS: TestGetDomainsFromRuntimes/java_runtime_adds_java_ecosystem_domains (0.00s)
    --- PASS: TestGetDomainsFromRuntimes/ruby_runtime_adds_ruby_ecosystem_domains (0.00s)
    --- PASS: TestGetDomainsFromRuntimes/dotnet_runtime_adds_dotnet_ecosystem_domains (0.00s)
    --- PASS: TestGetDomainsFromRuntimes/haskell_runtime_adds_haskell_ecosystem_domains (0.00s)
    --- PASS: TestGetDomainsFromRuntimes/unknown_runtime_is_ignored (0.00s)
    --- PASS: TestGetDomainsFromRuntimes/elixir_runtime_adds_elixir_ecosystem_domains (0.00s)
=== RUN   TestGetCopilotAllowedDomainsWithToolsAndRuntimes
=== RUN   TestGetCopilotAllowedDomainsWithToolsAndRuntimes/includes_runtime_ecosystem_domains
=== RUN   TestGetCopilotAllowedDomainsWithToolsAndRuntimes/combines_network_permissions,_tools,_and_runtimes
=== RUN   TestGetCopilotAllowedDomainsWithToolsAndRuntimes/nil_runtimes_works_correctly
--- PASS: TestGetCopilotAllowedDomainsWithToolsAndRuntimes (0.00s)
    --- PASS: TestGetCopilotAllowedDomainsWithToolsAndRuntimes/includes_runtime_ecosystem_domains (0.00s)
    --- PASS: TestGetCopilotAllowedDomainsWithToolsAndRuntimes/combines_network_permissions,_tools,_and_runtimes (0.00s)
    --- PASS: TestGetCopilotAllowedDomainsWithToolsAndRuntimes/nil_runtimes_works_correctly (0.00s)
=== RUN   TestGetClaudeAllowedDomainsWithToolsAndRuntimes
=== RUN   TestGetClaudeAllowedDomainsWithToolsAndRuntimes/includes_runtime_ecosystem_domains
--- PASS: TestGetClaudeAllowedDomainsWithToolsAndRuntimes (0.00s)
    --- PASS: TestGetClaudeAllowedDomainsWithToolsAndRuntimes/includes_runtime_ecosystem_domains (0.00s)
=== RUN   TestGetCodexAllowedDomainsWithToolsAndRuntimes
=== RUN   TestGetCodexAllowedDomainsWithToolsAndRuntimes/includes_runtime_ecosystem_domains
--- PASS: TestGetCodexAllowedDomainsWithToolsAndRuntimes (0.00s)
    --- PASS: TestGetCodexAllowedDomainsWithToolsAndRuntimes/includes_runtime_ecosystem_domains (0.00s)
=== RUN   TestExpandAllowedDomains
=== RUN   TestExpandAllowedDomains/plain_domains_are_returned_as-is
=== RUN   TestExpandAllowedDomains/ecosystem_identifiers_are_expanded
=== RUN   TestExpandAllowedDomains/dev-tools_ecosystem_is_expanded
=== RUN   TestExpandAllowedDomains/mixed_plain_domains_and_ecosystem_identifiers
=== RUN   TestExpandAllowedDomains/empty_input_returns_empty_result
--- PASS: TestExpandAllowedDomains (0.00s)
    --- PASS: TestExpandAllowedDomains/plain_domains_are_returned_as-is (0.00s)
    --- PASS: TestExpandAllowedDomains/ecosystem_identifiers_are_expanded (0.00s)
    --- PASS: TestExpandAllowedDomains/dev-tools_ecosystem_is_expanded (0.00s)
    --- PASS: TestExpandAllowedDomains/mixed_plain_domains_and_ecosystem_identifiers (0.00s)
    --- PASS: TestExpandAllowedDomains/empty_input_returns_empty_result (0.00s)
=== RUN   TestComputeExpandedAllowedDomainsForSanitization
=== RUN   TestComputeExpandedAllowedDomainsForSanitization/unions_with_engine_base_set
=== RUN   TestComputeExpandedAllowedDomainsForSanitization/always_includes_localhost
=== RUN   TestComputeExpandedAllowedDomainsForSanitization/always_includes_github.com
=== RUN   TestComputeExpandedAllowedDomainsForSanitization/supports_ecosystem_identifiers
--- PASS: TestComputeExpandedAllowedDomainsForSanitization (0.00s)
    --- PASS: TestComputeExpandedAllowedDomainsForSanitization/unions_with_engine_base_set (0.00s)
    --- PASS: TestComputeExpandedAllowedDomainsForSanitization/always_includes_localhost (0.00s)
    --- PASS: TestComputeExpandedAllowedDomainsForSanitization/always_includes_github.com (0.00s)
    --- PASS: TestComputeExpandedAllowedDomainsForSanitization/supports_ecosystem_identifiers (0.00s)
=== RUN   TestDefaultSafeOutputsEcosystem
--- PASS: TestDefaultSafeOutputsEcosystem (0.00s)
=== RUN   TestGetAPITargetDomains
=== RUN   TestGetAPITargetDomains/empty_api-target_returns_nil
=== RUN   TestGetAPITargetDomains/GHES_api-target_with_api._prefix_returns_both_api_and_base_domains
=== RUN   TestGetAPITargetDomains/GHES_api-target_custom_domain
=== RUN   TestGetAPITargetDomains/enterprise_githubcopilot.com_api-target
=== RUN   TestGetAPITargetDomains/non-api._prefix_hostname_returns_only_itself
=== RUN   TestGetAPITargetDomains/single_label_hostname_(no_dot)_returns_only_itself
=== RUN   TestGetAPITargetDomains/two-label_hostname_does_not_add_TLD_alone
--- PASS: TestGetAPITargetDomains (0.00s)
    --- PASS: TestGetAPITargetDomains/empty_api-target_returns_nil (0.00s)
    --- PASS: TestGetAPITargetDomains/GHES_api-target_with_api._prefix_returns_both_api_and_base_domains (0.00s)
    --- PASS: TestGetAPITargetDomains/GHES_api-target_custom_domain (0.00s)
    --- PASS: TestGetAPITargetDomains/enterprise_githubcopilot.com_api-target (0.00s)
    --- PASS: TestGetAPITargetDomains/non-api._prefix_hostname_returns_only_itself (0.00s)
    --- PASS: TestGetAPITargetDomains/single_label_hostname_(no_dot)_returns_only_itself (0.00s)
    --- PASS: TestGetAPITargetDomains/two-label_hostname_does_not_add_TLD_alone (0.00s)
=== RUN   TestMergeAPITargetDomains
=== RUN   TestMergeAPITargetDomains/empty_api-target_leaves_domains_unchanged
=== RUN   TestMergeAPITargetDomains/GHES_api-target_adds_both_api_and_base_domains
=== RUN   TestMergeAPITargetDomains/result_is_sorted_and_deduplicated
--- PASS: TestMergeAPITargetDomains (0.00s)
    --- PASS: TestMergeAPITargetDomains/empty_api-target_leaves_domains_unchanged (0.00s)
    --- PASS: TestMergeAPITargetDomains/GHES_api-target_adds_both_api_and_base_domains (0.00s)
    --- PASS: TestMergeAPITargetDomains/result_is_sorted_and_deduplicated (0.00s)
=== RUN   TestEcosystemDomainExpansion
=== RUN   TestEcosystemDomainExpansion/defaults_ecosystem_includes_basic_infrastructure
=== RUN   TestEcosystemDomainExpansion/containers_ecosystem_includes_container_registries
=== RUN   TestEcosystemDomainExpansion/dotnet_ecosystem_includes_.NET_and_NuGet_domains
=== RUN   TestEcosystemDomainExpansion/python_ecosystem_includes_Python_package_domains
=== RUN   TestEcosystemDomainExpansion/go_ecosystem_includes_Go_package_domains
=== RUN   TestEcosystemDomainExpansion/java_ecosystem_includes_Java_package_and_tooling_domains
=== RUN   TestEcosystemDomainExpansion/node_ecosystem_includes_Node.js_package_domains
=== RUN   TestEcosystemDomainExpansion/python-native_ecosystem_includes_Rust_FFI_domains_for_native_packages
=== RUN   TestEcosystemDomainExpansion/python_ecosystem_does_not_include_crates_domains
=== RUN   TestEcosystemDomainExpansion/github_ecosystem_includes_GitHub_domains
=== RUN   TestEcosystemDomainExpansion/bazel_ecosystem_includes_Bazel_registry_and_download_domains
=== RUN   TestEcosystemDomainExpansion/julia_ecosystem_includes_Julia_package_registry_domains
=== RUN   TestEcosystemDomainExpansion/lua_ecosystem_includes_LuaRocks_domains
=== RUN   TestEcosystemDomainExpansion/latex_ecosystem_includes_CTAN_and_TeX_Live_domains
=== RUN   TestEcosystemDomainExpansion/ocaml_ecosystem_includes_opam_domains
=== RUN   TestEcosystemDomainExpansion/r_ecosystem_includes_CRAN_domains
=== RUN   TestEcosystemDomainExpansion/kotlin_ecosystem_includes_JetBrains_and_Kotlin_domains
=== RUN   TestEcosystemDomainExpansion/multiple_ecosystems_can_be_combined
=== RUN   TestEcosystemDomainExpansion/unknown_ecosystem_identifier_is_treated_as_domain
--- PASS: TestEcosystemDomainExpansion (0.00s)
    --- PASS: TestEcosystemDomainExpansion/defaults_ecosystem_includes_basic_infrastructure (0.00s)
    --- PASS: TestEcosystemDomainExpansion/containers_ecosystem_includes_container_registries (0.00s)
    --- PASS: TestEcosystemDomainExpansion/dotnet_ecosystem_includes_.NET_and_NuGet_domains (0.00s)
    --- PASS: TestEcosystemDomainExpansion/python_ecosystem_includes_Python_package_domains (0.00s)
    --- PASS: TestEcosystemDomainExpansion/go_ecosystem_includes_Go_package_domains (0.00s)
    --- PASS: TestEcosystemDomainExpansion/java_ecosystem_includes_Java_package_and_tooling_domains (0.00s)
    --- PASS: TestEcosystemDomainExpansion/node_ecosystem_includes_Node.js_package_domains (0.00s)
    --- PASS: TestEcosystemDomainExpansion/python-native_ecosystem_includes_Rust_FFI_domains_for_native_packages (0.00s)
    --- PASS: TestEcosystemDomainExpansion/python_ecosystem_does_not_include_crates_domains (0.00s)
    --- PASS: TestEcosystemDomainExpansion/github_ecosystem_includes_GitHub_domains (0.00s)
    --- PASS: TestEcosystemDomainExpansion/bazel_ecosystem_includes_Bazel_registry_and_download_domains (0.00s)
    --- PASS: TestEcosystemDomainExpansion/julia_ecosystem_includes_Julia_package_registry_domains (0.00s)
    --- PASS: TestEcosystemDomainExpansion/lua_ecosystem_includes_LuaRocks_domains (0.00s)
    --- PASS: TestEcosystemDomainExpansion/latex_ecosystem_includes_CTAN_and_TeX_Live_domains (0.00s)
    --- PASS: TestEcosystemDomainExpansion/ocaml_ecosystem_includes_opam_domains (0.00s)
    --- PASS: TestEcosystemDomainExpansion/r_ecosystem_includes_CRAN_domains (0.00s)
    --- PASS: TestEcosystemDomainExpansion/kotlin_ecosystem_includes_JetBrains_and_Kotlin_domains (0.00s)
    --- PASS: TestEcosystemDomainExpansion/multiple_ecosystems_can_be_combined (0.00s)
    --- PASS: TestEcosystemDomainExpansion/unknown_ecosystem_identifier_is_treated_as_domain (0.00s)
=== RUN   TestAllEcosystemDomainFunctions
=== RUN   TestAllEcosystemDomainFunctions/getEcosystemDomains_defaults
=== RUN   TestAllEcosystemDomainFunctions/getEcosystemDomains_containers
=== RUN   TestAllEcosystemDomainFunctions/getEcosystemDomains_bazel
=== RUN   TestAllEcosystemDomainFunctions/getEcosystemDomains_dotnet
=== RUN   TestAllEcosystemDomainFunctions/getEcosystemDomains_dart
=== RUN   TestAllEcosystemDomainFunctions/getEcosystemDomains_github
=== RUN   TestAllEcosystemDomainFunctions/getEcosystemDomains_go
=== RUN   TestAllEcosystemDomainFunctions/getEcosystemDomains_terraform
=== RUN   TestAllEcosystemDomainFunctions/getEcosystemDomains_haskell
=== RUN   TestAllEcosystemDomainFunctions/getEcosystemDomains_java
=== RUN   TestAllEcosystemDomainFunctions/getEcosystemDomains_julia
=== RUN   TestAllEcosystemDomainFunctions/getEcosystemDomains_kotlin
=== RUN   TestAllEcosystemDomainFunctions/getEcosystemDomains_latex
=== RUN   TestAllEcosystemDomainFunctions/getEcosystemDomains_linux-distros
=== RUN   TestAllEcosystemDomainFunctions/getEcosystemDomains_lua
=== RUN   TestAllEcosystemDomainFunctions/getEcosystemDomains_node
=== RUN   TestAllEcosystemDomainFunctions/getEcosystemDomains_ocaml
=== RUN   TestAllEcosystemDomainFunctions/getEcosystemDomains_perl
=== RUN   TestAllEcosystemDomainFunctions/getEcosystemDomains_php
=== RUN   TestAllEcosystemDomainFunctions/getEcosystemDomains_playwright
=== RUN   TestAllEcosystemDomainFunctions/getEcosystemDomains_python
=== RUN   TestAllEcosystemDomainFunctions/getEcosystemDomains_python-native
=== RUN   TestAllEcosystemDomainFunctions/getEcosystemDomains_r
=== RUN   TestAllEcosystemDomainFunctions/getEcosystemDomains_ruby
=== RUN   TestAllEcosystemDomainFunctions/getEcosystemDomains_rust
=== RUN   TestAllEcosystemDomainFunctions/getEcosystemDomains_swift
--- PASS: TestAllEcosystemDomainFunctions (0.00s)
    --- PASS: TestAllEcosystemDomainFunctions/getEcosystemDomains_defaults (0.00s)
    --- PASS: TestAllEcosystemDomainFunctions/getEcosystemDomains_containers (0.00s)
    --- PASS: TestAllEcosystemDomainFunctions/getEcosystemDomains_bazel (0.00s)
    --- PASS: TestAllEcosystemDomainFunctions/getEcosystemDomains_dotnet (0.00s)
    --- PASS: TestAllEcosystemDomainFunctions/getEcosystemDomains_dart (0.00s)
    --- PASS: TestAllEcosystemDomainFunctions/getEcosystemDomains_github (0.00s)
    --- PASS: TestAllEcosystemDomainFunctions/getEcosystemDomains_go (0.00s)
    --- PASS: TestAllEcosystemDomainFunctions/getEcosystemDomains_terraform (0.00s)
    --- PASS: TestAllEcosystemDomainFunctions/getEcosystemDomains_haskell (0.00s)
    --- PASS: TestAllEcosystemDomainFunctions/getEcosystemDomains_java (0.00s)
    --- PASS: TestAllEcosystemDomainFunctions/getEcosystemDomains_julia (0.00s)
    --- PASS: TestAllEcosystemDomainFunctions/getEcosystemDomains_kotlin (0.00s)
    --- PASS: TestAllEcosystemDomainFunctions/getEcosystemDomains_latex (0.00s)
    --- PASS: TestAllEcosystemDomainFunctions/getEcosystemDomains_linux-distros (0.00s)
    --- PASS: TestAllEcosystemDomainFunctions/getEcosystemDomains_lua (0.00s)
    --- PASS: TestAllEcosystemDomainFunctions/getEcosystemDomains_node (0.00s)
    --- PASS: TestAllEcosystemDomainFunctions/getEcosystemDomains_ocaml (0.00s)
    --- PASS: TestAllEcosystemDomainFunctions/getEcosystemDomains_perl (0.00s)
    --- PASS: TestAllEcosystemDomainFunctions/getEcosystemDomains_php (0.00s)
    --- PASS: TestAllEcosystemDomainFunctions/getEcosystemDomains_playwright (0.00s)
    --- PASS: TestAllEcosystemDomainFunctions/getEcosystemDomains_python (0.00s)
    --- PASS: TestAllEcosystemDomainFunctions/getEcosystemDomains_python-native (0.00s)
    --- PASS: TestAllEcosystemDomainFunctions/getEcosystemDomains_r (0.00s)
    --- PASS: TestAllEcosystemDomainFunctions/getEcosystemDomains_ruby (0.00s)
    --- PASS: TestAllEcosystemDomainFunctions/getEcosystemDomains_rust (0.00s)
    --- PASS: TestAllEcosystemDomainFunctions/getEcosystemDomains_swift (0.00s)
=== RUN   TestEcosystemDomainsUniqueness
=== RUN   TestEcosystemDomainsUniqueness/getEcosystemDomains_defaults_uniqueness
=== RUN   TestEcosystemDomainsUniqueness/getEcosystemDomains_containers_uniqueness
=== RUN   TestEcosystemDomainsUniqueness/getEcosystemDomains_bazel_uniqueness
=== RUN   TestEcosystemDomainsUniqueness/getEcosystemDomains_dotnet_uniqueness
=== RUN   TestEcosystemDomainsUniqueness/getEcosystemDomains_dart_uniqueness
=== RUN   TestEcosystemDomainsUniqueness/getEcosystemDomains_github_uniqueness
=== RUN   TestEcosystemDomainsUniqueness/getEcosystemDomains_go_uniqueness
=== RUN   TestEcosystemDomainsUniqueness/getEcosystemDomains_terraform_uniqueness
=== RUN   TestEcosystemDomainsUniqueness/getEcosystemDomains_haskell_uniqueness
=== RUN   TestEcosystemDomainsUniqueness/getEcosystemDomains_java_uniqueness
=== RUN   TestEcosystemDomainsUniqueness/getEcosystemDomains_julia_uniqueness
=== RUN   TestEcosystemDomainsUniqueness/getEcosystemDomains_kotlin_uniqueness
=== RUN   TestEcosystemDomainsUniqueness/getEcosystemDomains_latex_uniqueness
=== RUN   TestEcosystemDomainsUniqueness/getEcosystemDomains_linux-distros_uniqueness
=== RUN   TestEcosystemDomainsUniqueness/getEcosystemDomains_lua_uniqueness
=== RUN   TestEcosystemDomainsUniqueness/getEcosystemDomains_node_uniqueness
=== RUN   TestEcosystemDomainsUniqueness/getEcosystemDomains_ocaml_uniqueness
=== RUN   TestEcosystemDomainsUniqueness/getEcosystemDomains_perl_uniqueness
=== RUN   TestEcosystemDomainsUniqueness/getEcosystemDomains_php_uniqueness
=== RUN   TestEcosystemDomainsUniqueness/getEcosystemDomains_playwright_uniqueness
=== RUN   TestEcosystemDomainsUniqueness/getEcosystemDomains_python_uniqueness
=== RUN   TestEcosystemDomainsUniqueness/getEcosystemDomains_python-native_uniqueness
=== RUN   TestEcosystemDomainsUniqueness/getEcosystemDomains_r_uniqueness
=== RUN   TestEcosystemDomainsUniqueness/getEcosystemDomains_ruby_uniqueness
=== RUN   TestEcosystemDomainsUniqueness/getEcosystemDomains_rust_uniqueness
=== RUN   TestEcosystemDomainsUniqueness/getEcosystemDomains_swift_uniqueness
--- PASS: TestEcosystemDomainsUniqueness (0.00s)
    --- PASS: TestEcosystemDomainsUniqueness/getEcosystemDomains_defaults_uniqueness (0.00s)
    --- PASS: TestEcosystemDomainsUniqueness/getEcosystemDomains_containers_uniqueness (0.00s)
    --- PASS: TestEcosystemDomainsUniqueness/getEcosystemDomains_bazel_uniqueness (0.00s)
    --- PASS: TestEcosystemDomainsUniqueness/getEcosystemDomains_dotnet_uniqueness (0.00s)
    --- PASS: TestEcosystemDomainsUniqueness/getEcosystemDomains_dart_uniqueness (0.00s)
    --- PASS: TestEcosystemDomainsUniqueness/getEcosystemDomains_github_uniqueness (0.00s)
    --- PASS: TestEcosystemDomainsUniqueness/getEcosystemDomains_go_uniqueness (0.00s)
    --- PASS: TestEcosystemDomainsUniqueness/getEcosystemDomains_terraform_uniqueness (0.00s)
    --- PASS: TestEcosystemDomainsUniqueness/getEcosystemDomains_haskell_uniqueness (0.00s)
    --- PASS: TestEcosystemDomainsUniqueness/getEcosystemDomains_java_uniqueness (0.00s)
    --- PASS: TestEcosystemDomainsUniqueness/getEcosystemDomains_julia_uniqueness (0.00s)
    --- PASS: TestEcosystemDomainsUniqueness/getEcosystemDomains_kotlin_uniqueness (0.00s)
    --- PASS: TestEcosystemDomainsUniqueness/getEcosystemDomains_latex_uniqueness (0.00s)
    --- PASS: TestEcosystemDomainsUniqueness/getEcosystemDomains_linux-distros_uniqueness (0.00s)
    --- PASS: TestEcosystemDomainsUniqueness/getEcosystemDomains_lua_uniqueness (0.00s)
    --- PASS: TestEcosystemDomainsUniqueness/getEcosystemDomains_node_uniqueness (0.00s)
    --- PASS: TestEcosystemDomainsUniqueness/getEcosystemDomains_ocaml_uniqueness (0.00s)
    --- PASS: TestEcosystemDomainsUniqueness/getEcosystemDomains_perl_uniqueness (0.00s)
    --- PASS: TestEcosystemDomainsUniqueness/getEcosystemDomains_php_uniqueness (0.00s)
    --- PASS: TestEcosystemDomainsUniqueness/getEcosystemDomains_playwright_uniqueness (0.00s)
    --- PASS: TestEcosystemDomainsUniqueness/getEcosystemDomains_python_uniqueness (0.00s)
    --- PASS: TestEcosystemDomainsUniqueness/getEcosystemDomains_python-native_uniqueness (0.00s)
    --- PASS: TestEcosystemDomainsUniqueness/getEcosystemDomains_r_uniqueness (0.00s)
    --- PASS: TestEcosystemDomainsUniqueness/getEcosystemDomains_ruby_uniqueness (0.00s)
    --- PASS: TestEcosystemDomainsUniqueness/getEcosystemDomains_rust_uniqueness (0.00s)
    --- PASS: TestEcosystemDomainsUniqueness/getEcosystemDomains_swift_uniqueness (0.00s)
=== RUN   TestEngineAWFEnableApiProxy
=== RUN   TestEngineAWFEnableApiProxy/Claude_AWF_command_includes_apiProxy_enabled_in_config_file
=== RUN   TestEngineAWFEnableApiProxy/Copilot_AWF_command_includes_apiProxy_enabled_in_config_file
=== RUN   TestEngineAWFEnableApiProxy/Codex_AWF_command_includes_apiProxy_enabled_in_config_file
=== RUN   TestEngineAWFEnableApiProxy/Gemini_AWF_command_includes_apiProxy_enabled_in_config_file
=== RUN   TestEngineAWFEnableApiProxy/Pi_AWF_command_includes_apiProxy_enabled_in_config_file
--- PASS: TestEngineAWFEnableApiProxy (0.00s)
    --- PASS: TestEngineAWFEnableApiProxy/Claude_AWF_command_includes_apiProxy_enabled_in_config_file (0.00s)
    --- PASS: TestEngineAWFEnableApiProxy/Copilot_AWF_command_includes_apiProxy_enabled_in_config_file (0.00s)
    --- PASS: TestEngineAWFEnableApiProxy/Codex_AWF_command_includes_apiProxy_enabled_in_config_file (0.00s)
    --- PASS: TestEngineAWFEnableApiProxy/Gemini_AWF_command_includes_apiProxy_enabled_in_config_file (0.00s)
    --- PASS: TestEngineAWFEnableApiProxy/Pi_AWF_command_includes_apiProxy_enabled_in_config_file (0.00s)
=== RUN   TestCopilotEngineWithAgentFromEngineConfig
--- PASS: TestCopilotEngineWithAgentFromEngineConfig (0.00s)
=== RUN   TestCopilotEngineWithAgentFromImports
--- PASS: TestCopilotEngineWithAgentFromImports (0.00s)
=== RUN   TestCopilotEngineAgentOnlyFromEngineConfig
--- PASS: TestCopilotEngineAgentOnlyFromEngineConfig (0.00s)
=== RUN   TestCopilotEngineWithoutAgentFlag
--- PASS: TestCopilotEngineWithoutAgentFlag (0.00s)
=== RUN   TestClaudeEngineWithAgentFromImports
--- PASS: TestClaudeEngineWithAgentFromImports (0.00s)
=== RUN   TestClaudeEngineWithoutAgentFile
--- PASS: TestClaudeEngineWithoutAgentFile (0.00s)
=== RUN   TestCodexEngineWithAgentFromImports
--- PASS: TestCodexEngineWithAgentFromImports (0.00s)
=== RUN   TestCodexEngineWithoutAgentFile
--- PASS: TestCodexEngineWithoutAgentFile (0.00s)
=== RUN   TestCodexEngineDoesNotSupportNativeAgentFile
--- PASS: TestCodexEngineDoesNotSupportNativeAgentFile (0.00s)
=== RUN   TestCodexEngineAWFWithAgentFileReadsPromptTxt
--- PASS: TestCodexEngineAWFWithAgentFileReadsPromptTxt (0.00s)
=== RUN   TestGeminiEngineDoesNotSupportNativeAgentFile
--- PASS: TestGeminiEngineDoesNotSupportNativeAgentFile (0.00s)
=== RUN   TestGeminiEngineWithAgentFromImports
--- PASS: TestGeminiEngineWithAgentFromImports (0.00s)
=== RUN   TestGeminiEngineAWFWithAgentFileReadsPromptTxt
--- PASS: TestGeminiEngineAWFWithAgentFileReadsPromptTxt (0.00s)
=== RUN   TestAgentFileValidation
=== RUN   TestAgentFileValidation/valid_agent_file
=== RUN   TestAgentFileValidation/nonexistent_agent_file
=== RUN   TestAgentFileValidation/no_agent_file
=== RUN   TestAgentFileValidation/nil_engine_config
--- PASS: TestAgentFileValidation (0.00s)
    --- PASS: TestAgentFileValidation/valid_agent_file (0.00s)
    --- PASS: TestAgentFileValidation/nonexistent_agent_file (0.00s)
    --- PASS: TestAgentFileValidation/no_agent_file (0.00s)
    --- PASS: TestAgentFileValidation/nil_engine_config (0.00s)
=== RUN   TestInvalidAgentFilePathGeneratesFailingStep
=== RUN   TestInvalidAgentFilePathGeneratesFailingStep/codex_ignores_agent_path_in_step_for_invalid_path
=== RUN   TestInvalidAgentFilePathGeneratesFailingStep/claude_ignores_agent_path_in_step_for_invalid_path
--- PASS: TestInvalidAgentFilePathGeneratesFailingStep (0.00s)
    --- PASS: TestInvalidAgentFilePathGeneratesFailingStep/codex_ignores_agent_path_in_step_for_invalid_path (0.00s)
    --- PASS: TestInvalidAgentFilePathGeneratesFailingStep/claude_ignores_agent_path_in_step_for_invalid_path (0.00s)
=== RUN   TestCheckoutWithAgentFromImports
=== RUN   TestCheckoutWithAgentFromImports/checkout_added_with_agent
=== RUN   TestCheckoutWithAgentFromImports/checkout_added_with_agent_no_contents_permission
=== RUN   TestCheckoutWithAgentFromImports/checkout_added_without_agent
=== RUN   TestCheckoutWithAgentFromImports/checkout_with_custom_steps_containing_checkout
--- PASS: TestCheckoutWithAgentFromImports (0.00s)
    --- PASS: TestCheckoutWithAgentFromImports/checkout_added_with_agent (0.00s)
    --- PASS: TestCheckoutWithAgentFromImports/checkout_added_with_agent_no_contents_permission (0.00s)
    --- PASS: TestCheckoutWithAgentFromImports/checkout_added_without_agent (0.00s)
    --- PASS: TestCheckoutWithAgentFromImports/checkout_with_custom_steps_containing_checkout (0.00s)
=== RUN   TestCompilerIncludesAgentFileViaImportPaths
--- PASS: TestCompilerIncludesAgentFileViaImportPaths (0.00s)
=== RUN   TestGeneratePromptFallsBackWhenPromptImportsIsEmpty
--- PASS: TestGeneratePromptFallsBackWhenPromptImportsIsEmpty (0.00s)
=== RUN   TestResolveMarkdownArtifactsPreservesNilPromptImports
--- PASS: TestResolveMarkdownArtifactsPreservesNilPromptImports (0.00s)
=== RUN   TestEngineArgsFieldExtraction
=== RUN   TestEngineArgsFieldExtraction/Engine_args_field_extraction_with_[]any
=== RUN   TestEngineArgsFieldExtraction/Engine_args_field_extraction_with_[]string
=== RUN   TestEngineArgsFieldExtraction/Engine_without_args_field
=== RUN   TestEngineArgsFieldExtraction/Engine_args_field_with_single_argument
=== RUN   TestEngineArgsFieldExtraction/Engine_args_with_complex_arguments
--- PASS: TestEngineArgsFieldExtraction (0.00s)
    --- PASS: TestEngineArgsFieldExtraction/Engine_args_field_extraction_with_[]any (0.00s)
    --- PASS: TestEngineArgsFieldExtraction/Engine_args_field_extraction_with_[]string (0.00s)
    --- PASS: TestEngineArgsFieldExtraction/Engine_without_args_field (0.00s)
    --- PASS: TestEngineArgsFieldExtraction/Engine_args_field_with_single_argument (0.00s)
    --- PASS: TestEngineArgsFieldExtraction/Engine_args_with_complex_arguments (0.00s)
=== RUN   TestEnginePermissionModeFieldExtraction
=== RUN   TestEnginePermissionModeFieldExtraction/extracts_engine_permission-mode
=== RUN   TestEnginePermissionModeFieldExtraction/permission-mode_omitted_keeps_empty_default
--- PASS: TestEnginePermissionModeFieldExtraction (0.00s)
    --- PASS: TestEnginePermissionModeFieldExtraction/extracts_engine_permission-mode (0.00s)
    --- PASS: TestEnginePermissionModeFieldExtraction/permission-mode_omitted_keeps_empty_default (0.00s)
=== RUN   TestEngineExtensionsFieldExtraction
=== RUN   TestEngineExtensionsFieldExtraction/Extensions_field_extraction_with_[]any
=== RUN   TestEngineExtensionsFieldExtraction/Extensions_field_extraction_with_[]string
=== RUN   TestEngineExtensionsFieldExtraction/Extensions_field_not_present
=== RUN   TestEngineExtensionsFieldExtraction/Extensions_field_with_unexpected_type_is_ignored
--- PASS: TestEngineExtensionsFieldExtraction (0.00s)
    --- PASS: TestEngineExtensionsFieldExtraction/Extensions_field_extraction_with_[]any (0.00s)
    --- PASS: TestEngineExtensionsFieldExtraction/Extensions_field_extraction_with_[]string (0.00s)
    --- PASS: TestEngineExtensionsFieldExtraction/Extensions_field_not_present (0.00s)
    --- PASS: TestEngineExtensionsFieldExtraction/Extensions_field_with_unexpected_type_is_ignored (0.00s)
=== RUN   TestCopilotEngineArgsInjection
=== RUN   TestCopilotEngineArgsInjection/Copilot_engine_injects_args_before_prompt
=== RUN   TestCopilotEngineArgsInjection/Copilot_engine_without_args
=== RUN   TestCopilotEngineArgsInjection/Copilot_engine_with_multiple_args
--- PASS: TestCopilotEngineArgsInjection (0.00s)
    --- PASS: TestCopilotEngineArgsInjection/Copilot_engine_injects_args_before_prompt (0.00s)
    --- PASS: TestCopilotEngineArgsInjection/Copilot_engine_without_args (0.00s)
    --- PASS: TestCopilotEngineArgsInjection/Copilot_engine_with_multiple_args (0.00s)
=== RUN   TestClaudeEngineArgsInjection
=== RUN   TestClaudeEngineArgsInjection/Claude_engine_injects_args_before_prompt
=== RUN   TestClaudeEngineArgsInjection/Claude_engine_without_args
--- PASS: TestClaudeEngineArgsInjection (0.00s)
    --- PASS: TestClaudeEngineArgsInjection/Claude_engine_injects_args_before_prompt (0.00s)
    --- PASS: TestClaudeEngineArgsInjection/Claude_engine_without_args (0.00s)
=== RUN   TestCodexEngineArgsInjection
=== RUN   TestCodexEngineArgsInjection/Codex_engine_injects_args_before_instruction
=== RUN   TestCodexEngineArgsInjection/Codex_engine_without_args
--- PASS: TestCodexEngineArgsInjection (0.00s)
    --- PASS: TestCodexEngineArgsInjection/Codex_engine_injects_args_before_instruction (0.00s)
    --- PASS: TestCodexEngineArgsInjection/Codex_engine_without_args (0.00s)
=== RUN   TestAuthDefinition_RequiredSecretNames
=== RUN   TestAuthDefinition_RequiredSecretNames/nil_auth_returns_empty
=== RUN   TestAuthDefinition_RequiredSecretNames/api-key_strategy_returns_Secret
=== RUN   TestAuthDefinition_RequiredSecretNames/bearer_strategy_returns_Secret
=== RUN   TestAuthDefinition_RequiredSecretNames/oauth-client-credentials_returns_ClientIDRef_and_ClientSecretRef
=== RUN   TestAuthDefinition_RequiredSecretNames/oauth_with_only_ClientIDRef_returns_just_that
=== RUN   TestAuthDefinition_RequiredSecretNames/empty_strategy_with_Secret_treated_like_api-key/bearer
--- PASS: TestAuthDefinition_RequiredSecretNames (0.00s)
    --- PASS: TestAuthDefinition_RequiredSecretNames/nil_auth_returns_empty (0.00s)
    --- PASS: TestAuthDefinition_RequiredSecretNames/api-key_strategy_returns_Secret (0.00s)
    --- PASS: TestAuthDefinition_RequiredSecretNames/bearer_strategy_returns_Secret (0.00s)
    --- PASS: TestAuthDefinition_RequiredSecretNames/oauth-client-credentials_returns_ClientIDRef_and_ClientSecretRef (0.00s)
    --- PASS: TestAuthDefinition_RequiredSecretNames/oauth_with_only_ClientIDRef_returns_just_that (0.00s)
    --- PASS: TestAuthDefinition_RequiredSecretNames/empty_strategy_with_Secret_treated_like_api-key/bearer (0.00s)
=== RUN   TestValidateEngineAuthDefinition_OAuthClientCredentials
--- PASS: TestValidateEngineAuthDefinition_OAuthClientCredentials (0.00s)
=== RUN   TestValidateEngineAuthDefinition_MissingTokenURL
--- PASS: TestValidateEngineAuthDefinition_MissingTokenURL (0.00s)
=== RUN   TestValidateEngineAuthDefinition_MissingClientID
--- PASS: TestValidateEngineAuthDefinition_MissingClientID (0.00s)
=== RUN   TestValidateEngineAuthDefinition_MissingClientSecret
--- PASS: TestValidateEngineAuthDefinition_MissingClientSecret (0.00s)
=== RUN   TestValidateEngineAuthDefinition_MissingHeaderNameForOAuth
--- PASS: TestValidateEngineAuthDefinition_MissingHeaderNameForOAuth (0.00s)
=== RUN   TestValidateEngineAuthDefinition_MissingHeaderNameForAPIKey
--- PASS: TestValidateEngineAuthDefinition_MissingHeaderNameForAPIKey (0.00s)
=== RUN   TestValidateEngineAuthDefinition_APIKeyRequiresSecret
--- PASS: TestValidateEngineAuthDefinition_APIKeyRequiresSecret (0.00s)
=== RUN   TestValidateEngineAuthDefinition_BearerRequiresSecret
--- PASS: TestValidateEngineAuthDefinition_BearerRequiresSecret (0.00s)
=== RUN   TestValidateEngineAuthDefinition_APIKeyValid
--- PASS: TestValidateEngineAuthDefinition_APIKeyValid (0.00s)
=== RUN   TestValidateEngineAuthDefinition_BearerNoHeaderRequired
--- PASS: TestValidateEngineAuthDefinition_BearerNoHeaderRequired (0.00s)
=== RUN   TestValidateEngineAuthDefinition_UnknownStrategy
--- PASS: TestValidateEngineAuthDefinition_UnknownStrategy (0.00s)
=== RUN   TestValidateEngineAuthDefinition_NilAuth
--- PASS: TestValidateEngineAuthDefinition_NilAuth (0.00s)
=== RUN   TestRegisterInlineEngineDefinition_WithAuthDefinition
--- PASS: TestRegisterInlineEngineDefinition_WithAuthDefinition (0.00s)
=== RUN   TestRegisterInlineEngineDefinition_BackwardsCompatSimpleSecret
--- PASS: TestRegisterInlineEngineDefinition_BackwardsCompatSimpleSecret (0.00s)
=== RUN   TestStrictModeGetEngineBaseEnvVarKeys_IncludesAuthSecrets
--- PASS: TestStrictModeGetEngineBaseEnvVarKeys_IncludesAuthSecrets (0.00s)
=== RUN   TestBuiltInEngineAuthUnchanged
=== RUN   TestBuiltInEngineAuthUnchanged/claude
=== RUN   TestBuiltInEngineAuthUnchanged/codex
=== RUN   TestBuiltInEngineAuthUnchanged/copilot
=== RUN   TestBuiltInEngineAuthUnchanged/gemini
=== RUN   TestBuiltInEngineAuthUnchanged/opencode
=== RUN   TestBuiltInEngineAuthUnchanged/crush
=== RUN   TestBuiltInEngineAuthUnchanged/pi
--- PASS: TestBuiltInEngineAuthUnchanged (0.00s)
    --- PASS: TestBuiltInEngineAuthUnchanged/claude (0.00s)
    --- PASS: TestBuiltInEngineAuthUnchanged/codex (0.00s)
    --- PASS: TestBuiltInEngineAuthUnchanged/copilot (0.00s)
    --- PASS: TestBuiltInEngineAuthUnchanged/gemini (0.00s)
    --- PASS: TestBuiltInEngineAuthUnchanged/opencode (0.00s)
    --- PASS: TestBuiltInEngineAuthUnchanged/crush (0.00s)
    --- PASS: TestBuiltInEngineAuthUnchanged/pi (0.00s)
=== RUN   TestParseAuthDefinition
=== RUN   TestParseAuthDefinition/empty_map_produces_zero-value_AuthDefinition
=== RUN   TestParseAuthDefinition/simple_secret_only_(backwards_compat)
=== RUN   TestParseAuthDefinition/full_oauth-client-credentials_config
=== RUN   TestParseAuthDefinition/api-key_strategy_with_header-name
--- PASS: TestParseAuthDefinition (0.00s)
    --- PASS: TestParseAuthDefinition/empty_map_produces_zero-value_AuthDefinition (0.00s)
    --- PASS: TestParseAuthDefinition/simple_secret_only_(backwards_compat) (0.00s)
    --- PASS: TestParseAuthDefinition/full_oauth-client-credentials_config (0.00s)
    --- PASS: TestParseAuthDefinition/api-key_strategy_with_header-name (0.00s)
=== RUN   TestParseRequestShape
=== RUN   TestParseRequestShape/empty_map_produces_zero-value_RequestShape
=== RUN   TestParseRequestShape/path-template_only
=== RUN   TestParseRequestShape/full_request_shape
--- PASS: TestParseRequestShape (0.00s)
    --- PASS: TestParseRequestShape/empty_map_produces_zero-value_RequestShape (0.00s)
    --- PASS: TestParseRequestShape/path-template_only (0.00s)
    --- PASS: TestParseRequestShape/full_request_shape (0.00s)
=== RUN   TestEngineCatalog_IDs
--- PASS: TestEngineCatalog_IDs (0.00s)
=== RUN   TestEngineCatalog_All
--- PASS: TestEngineCatalog_All (0.00s)
=== RUN   TestEngineCatalog_BuiltInsPresent
--- PASS: TestEngineCatalog_BuiltInsPresent (0.00s)
=== RUN   TestEngineCatalogMatchesSchema
--- PASS: TestEngineCatalogMatchesSchema (0.01s)
=== RUN   TestExtractEngineConcurrencyField
=== RUN   TestExtractEngineConcurrencyField/Simple_string_concurrency_(just_group_name)
=== RUN   TestExtractEngineConcurrencyField/Object_format_concurrency_with_group_only
=== RUN   TestExtractEngineConcurrencyField/Object_format_concurrency_with_group_and_cancel-in-progress
=== RUN   TestExtractEngineConcurrencyField/Object_format_concurrency_with_cancel-in-progress_false
=== RUN   TestExtractEngineConcurrencyField/Object_format_concurrency_with_queue_max
=== RUN   TestExtractEngineConcurrencyField/Object_format_concurrency_with_cancel-in-progress_and_queue
=== RUN   TestExtractEngineConcurrencyField/No_concurrency_field
--- PASS: TestExtractEngineConcurrencyField (0.00s)
    --- PASS: TestExtractEngineConcurrencyField/Simple_string_concurrency_(just_group_name) (0.00s)
    --- PASS: TestExtractEngineConcurrencyField/Object_format_concurrency_with_group_only (0.00s)
    --- PASS: TestExtractEngineConcurrencyField/Object_format_concurrency_with_group_and_cancel-in-progress (0.00s)
    --- PASS: TestExtractEngineConcurrencyField/Object_format_concurrency_with_cancel-in-progress_false (0.00s)
    --- PASS: TestExtractEngineConcurrencyField/Object_format_concurrency_with_queue_max (0.00s)
    --- PASS: TestExtractEngineConcurrencyField/Object_format_concurrency_with_cancel-in-progress_and_queue (0.00s)
    --- PASS: TestExtractEngineConcurrencyField/No_concurrency_field (0.00s)
=== RUN   TestGetEngineSkillDir
=== RUN   TestGetEngineSkillDir/claude_engine_uses_.claude/skills
=== RUN   TestGetEngineSkillDir/codex_engine_uses_.codex/skills
=== RUN   TestGetEngineSkillDir/gemini_engine_uses_.gemini/skills
=== RUN   TestGetEngineSkillDir/crush_engine_uses_.crush/skills
=== RUN   TestGetEngineSkillDir/opencode_engine_uses_.opencode/skills
=== RUN   TestGetEngineSkillDir/antigravity_engine_uses_.antigravity/skills
=== RUN   TestGetEngineSkillDir/pi_engine_uses_.pi/skills
=== RUN   TestGetEngineSkillDir/copilot_engine_uses_.github/skills
=== RUN   TestGetEngineSkillDir/unknown_engine_falls_back_to_.github/skills
=== RUN   TestGetEngineSkillDir/empty_engine_ID_falls_back_to_.github/skills
--- PASS: TestGetEngineSkillDir (0.00s)
    --- PASS: TestGetEngineSkillDir/claude_engine_uses_.claude/skills (0.00s)
    --- PASS: TestGetEngineSkillDir/codex_engine_uses_.codex/skills (0.00s)
    --- PASS: TestGetEngineSkillDir/gemini_engine_uses_.gemini/skills (0.00s)
    --- PASS: TestGetEngineSkillDir/crush_engine_uses_.crush/skills (0.00s)
    --- PASS: TestGetEngineSkillDir/opencode_engine_uses_.opencode/skills (0.00s)
    --- PASS: TestGetEngineSkillDir/antigravity_engine_uses_.antigravity/skills (0.00s)
    --- PASS: TestGetEngineSkillDir/pi_engine_uses_.pi/skills (0.00s)
    --- PASS: TestGetEngineSkillDir/copilot_engine_uses_.github/skills (0.00s)
    --- PASS: TestGetEngineSkillDir/unknown_engine_falls_back_to_.github/skills (0.00s)
    --- PASS: TestGetEngineSkillDir/empty_engine_ID_falls_back_to_.github/skills (0.00s)
=== RUN   TestGetEngineSubAgentDir
=== RUN   TestGetEngineSubAgentDir/claude_engine_uses_.claude/agents
=== RUN   TestGetEngineSubAgentDir/codex_engine_uses_.codex/agents
=== RUN   TestGetEngineSubAgentDir/gemini_engine_uses_.gemini/agents
=== RUN   TestGetEngineSubAgentDir/crush_engine_uses_.crush/agents
=== RUN   TestGetEngineSubAgentDir/opencode_engine_uses_.opencode/agents
=== RUN   TestGetEngineSubAgentDir/antigravity_engine_uses_.antigravity/agents
=== RUN   TestGetEngineSubAgentDir/pi_engine_uses_.pi/agents
=== RUN   TestGetEngineSubAgentDir/copilot_engine_uses_.github/agents
=== RUN   TestGetEngineSubAgentDir/unknown_engine_falls_back_to_.github/agents
=== RUN   TestGetEngineSubAgentDir/empty_engine_ID_falls_back_to_.github/agents
--- PASS: TestGetEngineSubAgentDir (0.00s)
    --- PASS: TestGetEngineSubAgentDir/claude_engine_uses_.claude/agents (0.00s)
    --- PASS: TestGetEngineSubAgentDir/codex_engine_uses_.codex/agents (0.00s)
    --- PASS: TestGetEngineSubAgentDir/gemini_engine_uses_.gemini/agents (0.00s)
    --- PASS: TestGetEngineSubAgentDir/crush_engine_uses_.crush/agents (0.00s)
    --- PASS: TestGetEngineSubAgentDir/opencode_engine_uses_.opencode/agents (0.00s)
    --- PASS: TestGetEngineSubAgentDir/antigravity_engine_uses_.antigravity/agents (0.00s)
    --- PASS: TestGetEngineSubAgentDir/pi_engine_uses_.pi/agents (0.00s)
    --- PASS: TestGetEngineSubAgentDir/copilot_engine_uses_.github/agents (0.00s)
    --- PASS: TestGetEngineSubAgentDir/unknown_engine_falls_back_to_.github/agents (0.00s)
    --- PASS: TestGetEngineSubAgentDir/empty_engine_ID_falls_back_to_.github/agents (0.00s)
=== RUN   TestRenderConfig_BuiltinEnginesReturnNil
=== RUN   TestRenderConfig_BuiltinEnginesReturnNil/claude
=== RUN   TestRenderConfig_BuiltinEnginesReturnNil/codex
=== RUN   TestRenderConfig_BuiltinEnginesReturnNil/copilot
=== RUN   TestRenderConfig_BuiltinEnginesReturnNil/gemini
--- PASS: TestRenderConfig_BuiltinEnginesReturnNil (0.00s)
    --- PASS: TestRenderConfig_BuiltinEnginesReturnNil/claude (0.00s)
    --- PASS: TestRenderConfig_BuiltinEnginesReturnNil/codex (0.00s)
    --- PASS: TestRenderConfig_BuiltinEnginesReturnNil/copilot (0.00s)
    --- PASS: TestRenderConfig_BuiltinEnginesReturnNil/gemini (0.00s)
=== RUN   TestGenerateMainJobSteps_ConfigStepsBeforeExecution
--- PASS: TestGenerateMainJobSteps_ConfigStepsBeforeExecution (0.00s)
=== RUN   TestGenerateMainJobSteps_NoConfigSteps
--- PASS: TestGenerateMainJobSteps_NoConfigSteps (0.00s)
=== RUN   TestOrchestratorCallsRenderConfig
--- PASS: TestOrchestratorCallsRenderConfig (0.00s)
=== RUN   TestExtractEngineConfig
=== RUN   TestExtractEngineConfig/no_engine_specified
=== RUN   TestExtractEngineConfig/top-level_max-runs_without_engine
=== RUN   TestExtractEngineConfig/top-level_max-turns_takes_precedence_over_deprecated_max-runs
=== RUN   TestExtractEngineConfig/top-level_max-turns_without_engine
=== RUN   TestExtractEngineConfig/top-level_max-turns_expression_without_engine
=== RUN   TestExtractEngineConfig/top-level_max-tool-denials_without_engine
=== RUN   TestExtractEngineConfig/top-level_max-tool-denials_expression_without_engine
=== RUN   TestExtractEngineConfig/top-level_max-turn-cache-misses_without_engine
=== RUN   TestExtractEngineConfig/top-level_max-turns_zero_is_ignored
=== RUN   TestExtractEngineConfig/top-level_max-turns_negative_is_ignored
=== RUN   TestExtractEngineConfig/string_format_-_claude
=== RUN   TestExtractEngineConfig/string_format_-_codex
=== RUN   TestExtractEngineConfig/object_format_-_minimal_(id_only)
=== RUN   TestExtractEngineConfig/object_format_-_with_version
=== RUN   TestExtractEngineConfig/object_format_-_with_expression_version
=== RUN   TestExtractEngineConfig/object_format_-_with_integer_version
=== RUN   TestExtractEngineConfig/object_format_-_with_float_version
=== RUN   TestExtractEngineConfig/object_format_-_with_model
=== RUN   TestExtractEngineConfig/object_format_-_with_model-provider_override
=== RUN   TestExtractEngineConfig/object_format_-_deprecated_llm-provider_ignored
=== RUN   TestExtractEngineConfig/object_format_-_complete
=== RUN   TestExtractEngineConfig/object_format_-_with_max-turns
=== RUN   TestExtractEngineConfig/object_format_-_with_top-level_max-runs
=== RUN   TestExtractEngineConfig/object_format_-_with_top-level_max-turns
=== RUN   TestExtractEngineConfig/object_format_-_with_top-level_max-tool-denials
=== RUN   TestExtractEngineConfig/object_format_-_top-level_max-turns_overrides_engine_max-turns
=== RUN   TestExtractEngineConfig/object_format_-_with_top-level_max-runs_as_string
=== RUN   TestExtractEngineConfig/object_format_-_complete_with_max-turns
=== RUN   TestExtractEngineConfig/object_format_-_with_max-turns_as_float64_(JSON_roundtrip_from_shared_import)
=== RUN   TestExtractEngineConfig/object_format_-_with_env_vars
=== RUN   TestExtractEngineConfig/object_format_-_with_non-string_scalar_env_vars
=== RUN   TestExtractEngineConfig/object_format_-_complete_with_env_vars
=== RUN   TestExtractEngineConfig/object_format_-_missing_id
=== RUN   TestExtractEngineConfig/object_format_-_with_user-agent_(hyphen)
=== RUN   TestExtractEngineConfig/object_format_-_with_copilot_harness_script
=== RUN   TestExtractEngineConfig/object_format_-_with_copilot_sdk_driver_script
=== RUN   TestExtractEngineConfig/object_format_-_copilot_sdk_driver_implies_copilot_sdk_even_when_false
=== RUN   TestExtractEngineConfig/object_format_-_complete_with_user-agent
--- PASS: TestExtractEngineConfig (0.00s)
    --- PASS: TestExtractEngineConfig/no_engine_specified (0.00s)
    --- PASS: TestExtractEngineConfig/top-level_max-runs_without_engine (0.00s)
    --- PASS: TestExtractEngineConfig/top-level_max-turns_takes_precedence_over_deprecated_max-runs (0.00s)
    --- PASS: TestExtractEngineConfig/top-level_max-turns_without_engine (0.00s)
    --- PASS: TestExtractEngineConfig/top-level_max-turns_expression_without_engine (0.00s)
    --- PASS: TestExtractEngineConfig/top-level_max-tool-denials_without_engine (0.00s)
    --- PASS: TestExtractEngineConfig/top-level_max-tool-denials_expression_without_engine (0.00s)
    --- PASS: TestExtractEngineConfig/top-level_max-turn-cache-misses_without_engine (0.00s)
    --- PASS: TestExtractEngineConfig/top-level_max-turns_zero_is_ignored (0.00s)
    --- PASS: TestExtractEngineConfig/top-level_max-turns_negative_is_ignored (0.00s)
    --- PASS: TestExtractEngineConfig/string_format_-_claude (0.00s)
    --- PASS: TestExtractEngineConfig/string_format_-_codex (0.00s)
    --- PASS: TestExtractEngineConfig/object_format_-_minimal_(id_only) (0.00s)
    --- PASS: TestExtractEngineConfig/object_format_-_with_version (0.00s)
    --- PASS: TestExtractEngineConfig/object_format_-_with_expression_version (0.00s)
    --- PASS: TestExtractEngineConfig/object_format_-_with_integer_version (0.00s)
    --- PASS: TestExtractEngineConfig/object_format_-_with_float_version (0.00s)
    --- PASS: TestExtractEngineConfig/object_format_-_with_model (0.00s)
    --- PASS: TestExtractEngineConfig/object_format_-_with_model-provider_override (0.00s)
    --- PASS: TestExtractEngineConfig/object_format_-_deprecated_llm-provider_ignored (0.00s)
    --- PASS: TestExtractEngineConfig/object_format_-_complete (0.00s)
    --- PASS: TestExtractEngineConfig/object_format_-_with_max-turns (0.00s)
    --- PASS: TestExtractEngineConfig/object_format_-_with_top-level_max-runs (0.00s)
    --- PASS: TestExtractEngineConfig/object_format_-_with_top-level_max-turns (0.00s)
    --- PASS: TestExtractEngineConfig/object_format_-_with_top-level_max-tool-denials (0.00s)
    --- PASS: TestExtractEngineConfig/object_format_-_top-level_max-turns_overrides_engine_max-turns (0.00s)
    --- PASS: TestExtractEngineConfig/object_format_-_with_top-level_max-runs_as_string (0.00s)
    --- PASS: TestExtractEngineConfig/object_format_-_complete_with_max-turns (0.00s)
    --- PASS: TestExtractEngineConfig/object_format_-_with_max-turns_as_float64_(JSON_roundtrip_from_shared_import) (0.00s)
    --- PASS: TestExtractEngineConfig/object_format_-_with_env_vars (0.00s)
    --- PASS: TestExtractEngineConfig/object_format_-_with_non-string_scalar_env_vars (0.00s)
    --- PASS: TestExtractEngineConfig/object_format_-_complete_with_env_vars (0.00s)
    --- PASS: TestExtractEngineConfig/object_format_-_missing_id (0.00s)
    --- PASS: TestExtractEngineConfig/object_format_-_with_user-agent_(hyphen) (0.00s)
    --- PASS: TestExtractEngineConfig/object_format_-_with_copilot_harness_script (0.00s)
    --- PASS: TestExtractEngineConfig/object_format_-_with_copilot_sdk_driver_script (0.00s)
    --- PASS: TestExtractEngineConfig/object_format_-_copilot_sdk_driver_implies_copilot_sdk_even_when_false (0.00s)
    --- PASS: TestExtractEngineConfig/object_format_-_complete_with_user-agent (0.00s)
=== RUN   TestExtractEngineConfig_EngineAuthMapsToAWFEnv
--- PASS: TestExtractEngineConfig_EngineAuthMapsToAWFEnv (0.00s)
=== RUN   TestExtractEngineConfig_EngineEnvTakesPrecedenceOverEngineAuth
--- PASS: TestExtractEngineConfig_EngineEnvTakesPrecedenceOverEngineAuth (0.00s)
=== RUN   TestExtractEngineConfig_AnthropicWIFMapsToAWFEnv
--- PASS: TestExtractEngineConfig_AnthropicWIFMapsToAWFEnv (0.00s)
=== RUN   TestCompileWorkflowWithExtendedEngine
=== RUN   TestCompileWorkflowWithExtendedEngine/string_engine_format
=== RUN   TestCompileWorkflowWithExtendedEngine/object_engine_format_-_complete
=== RUN   TestCompileWorkflowWithExtendedEngine/object_engine_format_-_codex_with_model
--- PASS: TestCompileWorkflowWithExtendedEngine (0.01s)
    --- PASS: TestCompileWorkflowWithExtendedEngine/string_engine_format (0.00s)
    --- PASS: TestCompileWorkflowWithExtendedEngine/object_engine_format_-_complete (0.00s)
    --- PASS: TestCompileWorkflowWithExtendedEngine/object_engine_format_-_codex_with_model (0.00s)
=== RUN   TestEngineConfigurationWithModel
=== RUN   TestEngineConfigurationWithModel/Claude_with_model
=== RUN   TestEngineConfigurationWithModel/Codex_with_model
--- PASS: TestEngineConfigurationWithModel (0.00s)
    --- PASS: TestEngineConfigurationWithModel/Claude_with_model (0.00s)
    --- PASS: TestEngineConfigurationWithModel/Codex_with_model (0.00s)
=== RUN   TestEngineConfigurationWithCustomEnvVars
=== RUN   TestEngineConfigurationWithCustomEnvVars/Claude_with_custom_env_vars
=== RUN   TestEngineConfigurationWithCustomEnvVars/Claude_with_custom_env_vars_and_output
=== RUN   TestEngineConfigurationWithCustomEnvVars/Codex_with_custom_env_vars
=== RUN   TestEngineConfigurationWithCustomEnvVars/Codex_with_custom_env_vars_and_output
--- PASS: TestEngineConfigurationWithCustomEnvVars (0.00s)
    --- PASS: TestEngineConfigurationWithCustomEnvVars/Claude_with_custom_env_vars (0.00s)
    --- PASS: TestEngineConfigurationWithCustomEnvVars/Claude_with_custom_env_vars_and_output (0.00s)
    --- PASS: TestEngineConfigurationWithCustomEnvVars/Codex_with_custom_env_vars (0.00s)
    --- PASS: TestEngineConfigurationWithCustomEnvVars/Codex_with_custom_env_vars_and_output (0.00s)
=== RUN   TestNilEngineConfig
=== RUN   TestNilEngineConfig/claude
=== RUN   TestNilEngineConfig/codex
--- PASS: TestNilEngineConfig (0.00s)
    --- PASS: TestNilEngineConfig/claude (0.00s)
    --- PASS: TestNilEngineConfig/codex (0.00s)
=== RUN   TestEngineBareFieldExtraction
=== RUN   TestEngineBareFieldExtraction/bare_true
=== RUN   TestEngineBareFieldExtraction/bare_false
=== RUN   TestEngineBareFieldExtraction/bare_not_set_(default_false)
=== RUN   TestEngineBareFieldExtraction/bare_true_for_claude
=== RUN   TestEngineBareFieldExtraction/bare_true_for_codex
=== RUN   TestEngineBareFieldExtraction/bare_true_for_gemini
--- PASS: TestEngineBareFieldExtraction (0.00s)
    --- PASS: TestEngineBareFieldExtraction/bare_true (0.00s)
    --- PASS: TestEngineBareFieldExtraction/bare_false (0.00s)
    --- PASS: TestEngineBareFieldExtraction/bare_not_set_(default_false) (0.00s)
    --- PASS: TestEngineBareFieldExtraction/bare_true_for_claude (0.00s)
    --- PASS: TestEngineBareFieldExtraction/bare_true_for_codex (0.00s)
    --- PASS: TestEngineBareFieldExtraction/bare_true_for_gemini (0.00s)
=== RUN   TestEngineBareModeCopilotArgs
--- PASS: TestEngineBareModeCopilotArgs (0.00s)
=== RUN   TestEngineBareModeCopilotArgsNotPresent
--- PASS: TestEngineBareModeCopilotArgsNotPresent (0.00s)
=== RUN   TestEngineBareModeClaude
--- PASS: TestEngineBareModeClaude (0.00s)
=== RUN   TestEngineBareModeClaude_NotPresent
--- PASS: TestEngineBareModeClaude_NotPresent (0.00s)
=== RUN   TestSupportsBareMode
=== RUN   TestSupportsBareMode/copilot_supports_bare_mode
=== RUN   TestSupportsBareMode/claude_supports_bare_mode
=== RUN   TestSupportsBareMode/codex_does_not_support_bare_mode
=== RUN   TestSupportsBareMode/gemini_does_not_support_bare_mode
--- PASS: TestSupportsBareMode (0.00s)
    --- PASS: TestSupportsBareMode/copilot_supports_bare_mode (0.00s)
    --- PASS: TestSupportsBareMode/claude_supports_bare_mode (0.00s)
    --- PASS: TestSupportsBareMode/codex_does_not_support_bare_mode (0.00s)
    --- PASS: TestSupportsBareMode/gemini_does_not_support_bare_mode (0.00s)
=== RUN   TestBareMode_UnsupportedEngineNoFlag
=== RUN   TestBareMode_UnsupportedEngineNoFlag/codex_does_not_inject_--no-system-prompt
=== RUN   TestBareMode_UnsupportedEngineNoFlag/gemini_does_not_inject_GEMINI_SYSTEM_MD=/dev/null
--- PASS: TestBareMode_UnsupportedEngineNoFlag (0.00s)
    --- PASS: TestBareMode_UnsupportedEngineNoFlag/codex_does_not_inject_--no-system-prompt (0.00s)
    --- PASS: TestBareMode_UnsupportedEngineNoFlag/gemini_does_not_inject_GEMINI_SYSTEM_MD=/dev/null (0.00s)
=== RUN   TestEngineMCPSessionTimeoutExtraction
=== RUN   TestEngineMCPSessionTimeoutExtraction/extracts_session-timeout_from_engine.mcp
=== RUN   TestEngineMCPSessionTimeoutExtraction/no_mcp_section_-_empty_session_timeout
=== RUN   TestEngineMCPSessionTimeoutExtraction/mcp_section_without_session-timeout_-_empty
--- PASS: TestEngineMCPSessionTimeoutExtraction (0.00s)
    --- PASS: TestEngineMCPSessionTimeoutExtraction/extracts_session-timeout_from_engine.mcp (0.00s)
    --- PASS: TestEngineMCPSessionTimeoutExtraction/no_mcp_section_-_empty_session_timeout (0.00s)
    --- PASS: TestEngineMCPSessionTimeoutExtraction/mcp_section_without_session-timeout_-_empty (0.00s)
=== RUN   TestEngineMCPToolTimeoutExtraction
=== RUN   TestEngineMCPToolTimeoutExtraction/extracts_tool-timeout_from_engine.mcp
=== RUN   TestEngineMCPToolTimeoutExtraction/no_mcp_section_-_empty_tool_timeout
=== RUN   TestEngineMCPToolTimeoutExtraction/mcp_section_without_tool-timeout_-_empty
=== RUN   TestEngineMCPToolTimeoutExtraction/mcp_section_with_both_session-timeout_and_tool-timeout
--- PASS: TestEngineMCPToolTimeoutExtraction (0.00s)
    --- PASS: TestEngineMCPToolTimeoutExtraction/extracts_tool-timeout_from_engine.mcp (0.00s)
    --- PASS: TestEngineMCPToolTimeoutExtraction/no_mcp_section_-_empty_tool_timeout (0.00s)
    --- PASS: TestEngineMCPToolTimeoutExtraction/mcp_section_without_tool-timeout_-_empty (0.00s)
    --- PASS: TestEngineMCPToolTimeoutExtraction/mcp_section_with_both_session-timeout_and_tool-timeout (0.00s)
=== RUN   TestBuiltinEngineMarkdownFiles
=== RUN   TestBuiltinEngineMarkdownFiles/claude
=== RUN   TestBuiltinEngineMarkdownFiles/codex
=== RUN   TestBuiltinEngineMarkdownFiles/copilot
=== RUN   TestBuiltinEngineMarkdownFiles/gemini
=== RUN   TestBuiltinEngineMarkdownFiles/opencode
=== RUN   TestBuiltinEngineMarkdownFiles/crush
--- PASS: TestBuiltinEngineMarkdownFiles (0.00s)
    --- PASS: TestBuiltinEngineMarkdownFiles/claude (0.00s)
    --- PASS: TestBuiltinEngineMarkdownFiles/codex (0.00s)
    --- PASS: TestBuiltinEngineMarkdownFiles/copilot (0.00s)
    --- PASS: TestBuiltinEngineMarkdownFiles/gemini (0.00s)
    --- PASS: TestBuiltinEngineMarkdownFiles/opencode (0.00s)
    --- PASS: TestBuiltinEngineMarkdownFiles/crush (0.00s)
=== RUN   TestBuiltinEngineStringFormInjection
=== RUN   TestBuiltinEngineStringFormInjection/copilot
/tmp/gh-aw-test-runs/20260704-173215-1254793/test-engine-injection-2704191796/.github/workflows/test-engine-injection.md: info: Tip: set permissions.copilot-requests: write to use GitHub Actions token-based inference with the Copilot engine instead of a personal access token (COPILOT_GITHUB_TOKEN). This option requires that your organization has centralized Copilot billing enabled and may not be available in all organizations — see https://github.github.com/gh-aw/reference/billing/ for details.

✓ /tmp/gh-aw-test-runs/20260704-173215-1254793/test-engine-injection-2704191796/.github/workflows/test-engine-injection.md (79.3 KB)
=== RUN   TestBuiltinEngineStringFormInjection/codex
/tmp/gh-aw-test-runs/20260704-173215-1254793/test-engine-injection-1495874683/.github/workflows/test-engine-injection.md: warning: safe update mode detected unapproved changes

New restricted secret(s):
  - CODEX_API_KEY
  - OPENAI_API_KEY

Remediation options:
  1. Use the --approve flag to allow the changes.
  2. Revert the unapproved changes.
  3. Use an interactive coding agent to review and approve the changes.

✓ /tmp/gh-aw-test-runs/20260704-173215-1254793/test-engine-injection-1495874683/.github/workflows/test-engine-injection.md (81.3 KB)
=== RUN   TestBuiltinEngineStringFormInjection/claude
/tmp/gh-aw-test-runs/20260704-173215-1254793/test-engine-injection-2481093532/.github/workflows/test-engine-injection.md: warning: safe update mode detected unapproved changes

New restricted secret(s):
  - ANTHROPIC_API_KEY

Remediation options:
  1. Use the --approve flag to allow the changes.
  2. Revert the unapproved changes.
  3. Use an interactive coding agent to review and approve the changes.

✓ /tmp/gh-aw-test-runs/20260704-173215-1254793/test-engine-injection-2481093532/.github/workflows/test-engine-injection.md (83.2 KB)
=== RUN   TestBuiltinEngineStringFormInjection/gemini
/tmp/gh-aw-test-runs/20260704-173215-1254793/test-engine-injection-1790054314/.github/workflows/test-engine-injection.md: warning: safe update mode detected unapproved changes

New restricted secret(s):
  - GEMINI_API_KEY

Remediation options:
  1. Use the --approve flag to allow the changes.
  2. Revert the unapproved changes.
  3. Use an interactive coding agent to review and approve the changes.

✓ /tmp/gh-aw-test-runs/20260704-173215-1254793/test-engine-injection-1790054314/.github/workflows/test-engine-injection.md (76.3 KB)
=== RUN   TestBuiltinEngineStringFormInjection/opencode
⚠ Using experimental OpenCode support (engine: opencode)
=== RUN   TestBuiltinEngineStringFormInjection/crush
⚠ Using experimental Crush support (engine: crush)
--- PASS: TestBuiltinEngineStringFormInjection (0.05s)
    --- PASS: TestBuiltinEngineStringFormInjection/copilot (0.01s)
    --- PASS: TestBuiltinEngineStringFormInjection/codex (0.01s)
    --- PASS: TestBuiltinEngineStringFormInjection/claude (0.01s)
    --- PASS: TestBuiltinEngineStringFormInjection/gemini (0.01s)
    --- PASS: TestBuiltinEngineStringFormInjection/opencode (0.00s)
    --- PASS: TestBuiltinEngineStringFormInjection/crush (0.00s)
=== RUN   TestBuiltinEngineStringFormInjection_CLIOverrideNotInjected
⚠ Command line --engine codex overrides markdown file engine: copilot
/tmp/gh-aw-test-runs/20260704-173215-1254793/test-engine-override-2632799029/.github/workflows/test-engine-override.md: warning: safe update mode detected unapproved changes

New restricted secret(s):
  - CODEX_API_KEY
  - OPENAI_API_KEY

Remediation options:
  1. Use the --approve flag to allow the changes.
  2. Revert the unapproved changes.
  3. Use an interactive coding agent to review and approve the changes.

✓ /tmp/gh-aw-test-runs/20260704-173215-1254793/test-engine-override-2632799029/.github/workflows/test-engine-override.md (81.2 KB)
--- PASS: TestBuiltinEngineStringFormInjection_CLIOverrideNotInjected (0.01s)
=== RUN   TestNewEngineCatalog_BuiltIns
=== RUN   TestNewEngineCatalog_BuiltIns/claude
=== RUN   TestNewEngineCatalog_BuiltIns/codex
=== RUN   TestNewEngineCatalog_BuiltIns/copilot
=== RUN   TestNewEngineCatalog_BuiltIns/gemini
=== RUN   TestNewEngineCatalog_BuiltIns/opencode
=== RUN   TestNewEngineCatalog_BuiltIns/crush
=== RUN   TestNewEngineCatalog_BuiltIns/pi
--- PASS: TestNewEngineCatalog_BuiltIns (0.00s)
    --- PASS: TestNewEngineCatalog_BuiltIns/claude (0.00s)
    --- PASS: TestNewEngineCatalog_BuiltIns/codex (0.00s)
    --- PASS: TestNewEngineCatalog_BuiltIns/copilot (0.00s)
    --- PASS: TestNewEngineCatalog_BuiltIns/gemini (0.00s)
    --- PASS: TestNewEngineCatalog_BuiltIns/opencode (0.00s)
    --- PASS: TestNewEngineCatalog_BuiltIns/crush (0.00s)
    --- PASS: TestNewEngineCatalog_BuiltIns/pi (0.00s)
=== RUN   TestEngineCatalog_Resolve_LegacyStringFormat
--- PASS: TestEngineCatalog_Resolve_LegacyStringFormat (0.00s)
=== RUN   TestEngineCatalog_Resolve_PrefixFallback
--- PASS: TestEngineCatalog_Resolve_PrefixFallback (0.00s)
=== RUN   TestEngineCatalog_Resolve_UnknownEngine
--- PASS: TestEngineCatalog_Resolve_UnknownEngine (0.00s)
=== RUN   TestEngineCatalog_Resolve_ConfigPassthrough
--- PASS: TestEngineCatalog_Resolve_ConfigPassthrough (0.00s)
=== RUN   TestEngineCatalog_Register_Custom
--- PASS: TestEngineCatalog_Register_Custom (0.00s)
=== RUN   TestHasNetworkRestrictions
=== RUN   TestHasNetworkRestrictions/nil_permissions_have_no_restrictions
=== RUN   TestHasNetworkRestrictions/defaults_mode_has_no_restrictions
=== RUN   TestHasNetworkRestrictions/allowed_domains_define_restrictions
=== RUN   TestHasNetworkRestrictions/empty_allowed_list_with_no_mode_is_a_restriction
--- PASS: TestHasNetworkRestrictions (0.00s)
    --- PASS: TestHasNetworkRestrictions/nil_permissions_have_no_restrictions (0.00s)
    --- PASS: TestHasNetworkRestrictions/defaults_mode_has_no_restrictions (0.00s)
    --- PASS: TestHasNetworkRestrictions/allowed_domains_define_restrictions (0.00s)
    --- PASS: TestHasNetworkRestrictions/empty_allowed_list_with_no_mode_is_a_restriction (0.00s)
=== RUN   TestCheckNetworkSupport_NoRestrictions
=== RUN   TestCheckNetworkSupport_NoRestrictions/no_restrictions_with_copilot_engine
=== RUN   TestCheckNetworkSupport_NoRestrictions/no_restrictions_with_claude_engine
=== RUN   TestCheckNetworkSupport_NoRestrictions/nil_permissions_with_any_engine
--- PASS: TestCheckNetworkSupport_NoRestrictions (0.00s)
    --- PASS: TestCheckNetworkSupport_NoRestrictions/no_restrictions_with_copilot_engine (0.00s)
    --- PASS: TestCheckNetworkSupport_NoRestrictions/no_restrictions_with_claude_engine (0.00s)
    --- PASS: TestCheckNetworkSupport_NoRestrictions/nil_permissions_with_any_engine (0.00s)
=== RUN   TestCheckNetworkSupport_WithRestrictions
=== RUN   TestCheckNetworkSupport_WithRestrictions/copilot_engine_with_restrictions_-_no_warning
=== RUN   TestCheckNetworkSupport_WithRestrictions/claude_engine_with_restrictions_-_no_warning_(supports_firewall)
=== RUN   TestCheckNetworkSupport_WithRestrictions/codex_engine_with_restrictions_-_no_warning
--- PASS: TestCheckNetworkSupport_WithRestrictions (0.00s)
    --- PASS: TestCheckNetworkSupport_WithRestrictions/copilot_engine_with_restrictions_-_no_warning (0.00s)
    --- PASS: TestCheckNetworkSupport_WithRestrictions/claude_engine_with_restrictions_-_no_warning_(supports_firewall) (0.00s)
    --- PASS: TestCheckNetworkSupport_WithRestrictions/codex_engine_with_restrictions_-_no_warning (0.00s)
=== RUN   TestCheckNetworkSupport_StrictMode
=== RUN   TestCheckNetworkSupport_StrictMode/strict_mode:_copilot_engine_with_restrictions_-_no_error
=== RUN   TestCheckNetworkSupport_StrictMode/strict_mode:_claude_engine_with_restrictions_-_no_error_(claude_supports_firewall)
=== RUN   TestCheckNetworkSupport_StrictMode/strict_mode:_codex_engine_with_restrictions_-_no_error
=== RUN   TestCheckNetworkSupport_StrictMode/strict_mode:_no_restrictions_-_no_error
--- PASS: TestCheckNetworkSupport_StrictMode (0.00s)
    --- PASS: TestCheckNetworkSupport_StrictMode/strict_mode:_copilot_engine_with_restrictions_-_no_error (0.00s)
    --- PASS: TestCheckNetworkSupport_StrictMode/strict_mode:_claude_engine_with_restrictions_-_no_error_(claude_supports_firewall) (0.00s)
    --- PASS: TestCheckNetworkSupport_StrictMode/strict_mode:_codex_engine_with_restrictions_-_no_error (0.00s)
    --- PASS: TestCheckNetworkSupport_StrictMode/strict_mode:_no_restrictions_-_no_error (0.00s)
=== RUN   TestCheckFirewallDisable
=== RUN   TestCheckFirewallDisable/firewall_enabled_-_no_validation
=== RUN   TestCheckFirewallDisable/firewall_disabled_with_no_restrictions_-_no_warning
=== RUN   TestCheckFirewallDisable/firewall_disabled_with_restrictions_-_warning_emitted
⚠ Firewall is disabled but network restrictions are specified (network.allowed). Network may not be properly sandboxed.
=== RUN   TestCheckFirewallDisable/strict_mode:_firewall_disabled_with_restrictions_-_error
=== RUN   TestCheckFirewallDisable/nil_firewall_config_-_no_validation
--- PASS: TestCheckFirewallDisable (0.01s)
    --- PASS: TestCheckFirewallDisable/firewall_enabled_-_no_validation (0.00s)
    --- PASS: TestCheckFirewallDisable/firewall_disabled_with_no_restrictions_-_no_warning (0.00s)
    --- PASS: TestCheckFirewallDisable/firewall_disabled_with_restrictions_-_warning_emitted (0.00s)
    --- PASS: TestCheckFirewallDisable/strict_mode:_firewall_disabled_with_restrictions_-_error (0.00s)
    --- PASS: TestCheckFirewallDisable/nil_firewall_config_-_no_validation (0.00s)
=== RUN   TestGenerateFirewallLogParsingStepFixesFirewallPermissions
--- PASS: TestGenerateFirewallLogParsingStepFixesFirewallPermissions (0.00s)
=== RUN   TestRenderGitHubMCPDockerConfig
=== RUN   TestRenderGitHubMCPDockerConfig/Claude_engine_configuration_(no_type_field,_with_effective_token)
=== RUN   TestRenderGitHubMCPDockerConfig/Copilot_engine_configuration_(with_type_field,_no_effective_token)
=== RUN   TestRenderGitHubMCPDockerConfig/Read-only_mode_enabled
=== RUN   TestRenderGitHubMCPDockerConfig/Custom_args_provided
=== RUN   TestRenderGitHubMCPDockerConfig/Copilot_with_wildcard_tools_(no_allowed_tools_specified)
=== RUN   TestRenderGitHubMCPDockerConfig/Custom_toolsets
--- PASS: TestRenderGitHubMCPDockerConfig (0.00s)
    --- PASS: TestRenderGitHubMCPDockerConfig/Claude_engine_configuration_(no_type_field,_with_effective_token) (0.00s)
    --- PASS: TestRenderGitHubMCPDockerConfig/Copilot_engine_configuration_(with_type_field,_no_effective_token) (0.00s)
    --- PASS: TestRenderGitHubMCPDockerConfig/Read-only_mode_enabled (0.00s)
    --- PASS: TestRenderGitHubMCPDockerConfig/Custom_args_provided (0.00s)
    --- PASS: TestRenderGitHubMCPDockerConfig/Copilot_with_wildcard_tools_(no_allowed_tools_specified) (0.00s)
    --- PASS: TestRenderGitHubMCPDockerConfig/Custom_toolsets (0.00s)
=== RUN   TestRenderGitHubMCPDockerConfig_OutputStructure
--- PASS: TestRenderGitHubMCPDockerConfig_OutputStructure (0.00s)
=== RUN   TestFilterEnvForSecrets
=== RUN   TestFilterEnvForSecrets/allows_whitelisted_secrets
=== RUN   TestFilterEnvForSecrets/allows_overriding_engine_env_var_with_a_differently-named_secret
=== RUN   TestFilterEnvForSecrets/does_not_allow_non-engine_secrets_even_when_key_matches_nothing
=== RUN   TestFilterEnvForSecrets/filters_unauthorized_secrets
=== RUN   TestFilterEnvForSecrets/allows_non-secret_env_vars
=== RUN   TestFilterEnvForSecrets/handles_secrets_with_fallback_expressions
=== RUN   TestFilterEnvForSecrets/empty_env_returns_empty
=== RUN   TestFilterEnvForSecrets/no_allowed_secrets_filters_all_secrets
--- PASS: TestFilterEnvForSecrets (0.00s)
    --- PASS: TestFilterEnvForSecrets/allows_whitelisted_secrets (0.00s)
    --- PASS: TestFilterEnvForSecrets/allows_overriding_engine_env_var_with_a_differently-named_secret (0.00s)
    --- PASS: TestFilterEnvForSecrets/does_not_allow_non-engine_secrets_even_when_key_matches_nothing (0.00s)
    --- PASS: TestFilterEnvForSecrets/filters_unauthorized_secrets (0.00s)
    --- PASS: TestFilterEnvForSecrets/allows_non-secret_env_vars (0.00s)
    --- PASS: TestFilterEnvForSecrets/handles_secrets_with_fallback_expressions (0.00s)
    --- PASS: TestFilterEnvForSecrets/empty_env_returns_empty (0.00s)
    --- PASS: TestFilterEnvForSecrets/no_allowed_secrets_filters_all_secrets (0.00s)
=== RUN   TestGetRequiredSecretNames_Copilot
=== RUN   TestGetRequiredSecretNames_Copilot/basic_secrets_without_MCP
=== RUN   TestGetRequiredSecretNames_Copilot/includes_MCP_gateway_API_key_when_MCP_servers_present
=== RUN   TestGetRequiredSecretNames_Copilot/includes_mcp-scripts_secrets
=== RUN   TestGetRequiredSecretNames_Copilot/model-provider=openai_switches_core_secret_requirements
--- PASS: TestGetRequiredSecretNames_Copilot (0.00s)
    --- PASS: TestGetRequiredSecretNames_Copilot/basic_secrets_without_MCP (0.00s)
    --- PASS: TestGetRequiredSecretNames_Copilot/includes_MCP_gateway_API_key_when_MCP_servers_present (0.00s)
    --- PASS: TestGetRequiredSecretNames_Copilot/includes_mcp-scripts_secrets (0.00s)
    --- PASS: TestGetRequiredSecretNames_Copilot/model-provider=openai_switches_core_secret_requirements (0.00s)
=== RUN   TestGetRequiredSecretNames_Claude
=== RUN   TestGetRequiredSecretNames_Claude/basic_secrets_without_MCP
=== RUN   TestGetRequiredSecretNames_Claude/includes_MCP_gateway_API_key_when_MCP_servers_present
=== RUN   TestGetRequiredSecretNames_Claude/WIF:_skips_ANTHROPIC_API_KEY_when_github-oidc+anthropic_configured
=== RUN   TestGetRequiredSecretNames_Claude/WIF:_still_includes_MCP_secrets_when_WIF_and_MCP_both_configured
=== RUN   TestGetRequiredSecretNames_Claude/model-provider=github_switches_required_secret_to_copilot_token
--- PASS: TestGetRequiredSecretNames_Claude (0.00s)
    --- PASS: TestGetRequiredSecretNames_Claude/basic_secrets_without_MCP (0.00s)
    --- PASS: TestGetRequiredSecretNames_Claude/includes_MCP_gateway_API_key_when_MCP_servers_present (0.00s)
    --- PASS: TestGetRequiredSecretNames_Claude/WIF:_skips_ANTHROPIC_API_KEY_when_github-oidc+anthropic_configured (0.00s)
    --- PASS: TestGetRequiredSecretNames_Claude/WIF:_still_includes_MCP_secrets_when_WIF_and_MCP_both_configured (0.00s)
    --- PASS: TestGetRequiredSecretNames_Claude/model-provider=github_switches_required_secret_to_copilot_token (0.00s)
=== RUN   TestGetRequiredSecretNames_Codex
=== RUN   TestGetRequiredSecretNames_Codex/basic_secrets_without_MCP
=== RUN   TestGetRequiredSecretNames_Codex/includes_MCP_gateway_API_key_when_MCP_servers_present
--- PASS: TestGetRequiredSecretNames_Codex (0.00s)
    --- PASS: TestGetRequiredSecretNames_Codex/basic_secrets_without_MCP (0.00s)
    --- PASS: TestGetRequiredSecretNames_Codex/includes_MCP_gateway_API_key_when_MCP_servers_present (0.00s)
=== RUN   TestHandleCustomMCPToolInSwitch
=== RUN   TestHandleCustomMCPToolInSwitch/Valid_custom_MCP_tool
=== RUN   TestHandleCustomMCPToolInSwitch/Valid_custom_MCP_tool_-_last_in_list
=== RUN   TestHandleCustomMCPToolInSwitch/Tool_config_is_not_a_map
=== RUN   TestHandleCustomMCPToolInSwitch/Tool_has_no_MCP_config
=== RUN   TestHandleCustomMCPToolInSwitch/Render_function_returns_error
Error generating custom MCP configuration for error-tool: simulated render error
--- PASS: TestHandleCustomMCPToolInSwitch (0.00s)
    --- PASS: TestHandleCustomMCPToolInSwitch/Valid_custom_MCP_tool (0.00s)
    --- PASS: TestHandleCustomMCPToolInSwitch/Valid_custom_MCP_tool_-_last_in_list (0.00s)
    --- PASS: TestHandleCustomMCPToolInSwitch/Tool_config_is_not_a_map (0.00s)
    --- PASS: TestHandleCustomMCPToolInSwitch/Tool_has_no_MCP_config (0.00s)
    --- PASS: TestHandleCustomMCPToolInSwitch/Render_function_returns_error (0.00s)
=== RUN   TestFormatStepWithCommandAndEnv
=== RUN   TestFormatStepWithCommandAndEnv/Simple_command_without_env
=== RUN   TestFormatStepWithCommandAndEnv/Multi-line_command_without_env
=== RUN   TestFormatStepWithCommandAndEnv/Command_with_single_env_var
=== RUN   TestFormatStepWithCommandAndEnv/Command_with_multiple_env_vars_(sorted)
=== RUN   TestFormatStepWithCommandAndEnv/Preserves_existing_step_lines
=== RUN   TestFormatStepWithCommandAndEnv/Multi-line_command_with_env_vars
--- PASS: TestFormatStepWithCommandAndEnv (0.00s)
    --- PASS: TestFormatStepWithCommandAndEnv/Simple_command_without_env (0.00s)
    --- PASS: TestFormatStepWithCommandAndEnv/Multi-line_command_without_env (0.00s)
    --- PASS: TestFormatStepWithCommandAndEnv/Command_with_single_env_var (0.00s)
    --- PASS: TestFormatStepWithCommandAndEnv/Command_with_multiple_env_vars_(sorted) (0.00s)
    --- PASS: TestFormatStepWithCommandAndEnv/Preserves_existing_step_lines (0.00s)
    --- PASS: TestFormatStepWithCommandAndEnv/Multi-line_command_with_env_vars (0.00s)
=== RUN   TestFormatStepWithCommandAndEnv_EnvSorting
--- PASS: TestFormatStepWithCommandAndEnv_EnvSorting (0.00s)
=== RUN   TestFormatStepWithCommandAndEnv_Indentation
--- PASS: TestFormatStepWithCommandAndEnv_Indentation (0.00s)
=== RUN   TestRenderJSONMCPConfig
=== RUN   TestRenderJSONMCPConfig/Basic_config_with_GitHub_and_playwright
=== RUN   TestRenderJSONMCPConfig/Config_with_tool_filtering
=== RUN   TestRenderJSONMCPConfig/Config_with_post-EOF_commands
--- PASS: TestRenderJSONMCPConfig (0.00s)
    --- PASS: TestRenderJSONMCPConfig/Basic_config_with_GitHub_and_playwright (0.00s)
    --- PASS: TestRenderJSONMCPConfig/Config_with_tool_filtering (0.00s)
    --- PASS: TestRenderJSONMCPConfig/Config_with_post-EOF_commands (0.00s)
=== RUN   TestRenderJSONMCPConfig_IsLastHandling
--- PASS: TestRenderJSONMCPConfig_IsLastHandling (0.00s)
=== RUN   TestResolveEngineID
=== RUN   TestResolveEngineID/nil_workflow_data
=== RUN   TestResolveEngineID/engine_config_id
=== RUN   TestResolveEngineID/fallback_to_ai
=== RUN   TestResolveEngineID/empty_when_unavailable
--- PASS: TestResolveEngineID (0.00s)
    --- PASS: TestResolveEngineID/nil_workflow_data (0.00s)
    --- PASS: TestResolveEngineID/engine_config_id (0.00s)
    --- PASS: TestResolveEngineID/fallback_to_ai (0.00s)
    --- PASS: TestResolveEngineID/empty_when_unavailable (0.00s)
=== RUN   TestBuildStandardNpmEngineInstallSteps
=== RUN   TestBuildStandardNpmEngineInstallSteps/with_default_version
=== RUN   TestBuildStandardNpmEngineInstallSteps/with_custom_version_from_engine_config
=== RUN   TestBuildStandardNpmEngineInstallSteps/with_empty_version_in_engine_config_(use_default)
--- PASS: TestBuildStandardNpmEngineInstallSteps (0.00s)
    --- PASS: TestBuildStandardNpmEngineInstallSteps/with_default_version (0.00s)
    --- PASS: TestBuildStandardNpmEngineInstallSteps/with_custom_version_from_engine_config (0.00s)
    --- PASS: TestBuildStandardNpmEngineInstallSteps/with_empty_version_in_engine_config_(use_default) (0.00s)
=== RUN   TestBuildStandardNpmEngineInstallSteps_RuntimeCooldownOverride
=== RUN   TestBuildStandardNpmEngineInstallSteps_RuntimeCooldownOverride/default_cooldown_enabled
=== RUN   TestBuildStandardNpmEngineInstallSteps_RuntimeCooldownOverride/runtimes.node.cooldown_false_disables_cooldown
--- PASS: TestBuildStandardNpmEngineInstallSteps_RuntimeCooldownOverride (0.00s)
    --- PASS: TestBuildStandardNpmEngineInstallSteps_RuntimeCooldownOverride/default_cooldown_enabled (0.00s)
    --- PASS: TestBuildStandardNpmEngineInstallSteps_RuntimeCooldownOverride/runtimes.node.cooldown_false_disables_cooldown (0.00s)
=== RUN   TestBuildStandardNpmEngineInstallStepsNoCooldown
--- PASS: TestBuildStandardNpmEngineInstallStepsNoCooldown (0.00s)
=== RUN   TestBuildStandardNpmEngineInstallSteps_AllEngines
=== RUN   TestBuildStandardNpmEngineInstallSteps_AllEngines/copilot_engine
=== RUN   TestBuildStandardNpmEngineInstallSteps_AllEngines/codex_engine
=== RUN   TestBuildStandardNpmEngineInstallSteps_AllEngines/claude_engine
--- PASS: TestBuildStandardNpmEngineInstallSteps_AllEngines (0.00s)
    --- PASS: TestBuildStandardNpmEngineInstallSteps_AllEngines/copilot_engine (0.00s)
    --- PASS: TestBuildStandardNpmEngineInstallSteps_AllEngines/codex_engine (0.00s)
    --- PASS: TestBuildStandardNpmEngineInstallSteps_AllEngines/claude_engine (0.00s)
=== RUN   TestShellEscapeArgWithFullyQuotedAgentPath
--- PASS: TestShellEscapeArgWithFullyQuotedAgentPath (0.00s)
=== RUN   TestGetNpmBinPathSetup
--- PASS: TestGetNpmBinPathSetup (0.00s)
=== RUN   TestGetNpmBinPathSetup_GorootOrdering
--- PASS: TestGetNpmBinPathSetup_GorootOrdering (0.01s)
=== RUN   TestGetNpmBinPathSetup_NoGorootDoesNotBreakChain
--- PASS: TestGetNpmBinPathSetup_NoGorootDoesNotBreakChain (0.01s)
=== RUN   TestYamlStringValue
=== RUN   TestYamlStringValue/plain_string_unchanged
=== RUN   TestYamlStringValue/empty_string_unchanged
=== RUN   TestYamlStringValue/github_actions_expression_unchanged
=== RUN   TestYamlStringValue/json_object_gets_single-quoted
=== RUN   TestYamlStringValue/json_array_gets_single-quoted
=== RUN   TestYamlStringValue/json_object_with_embedded_single_quote_gets_escaped
--- PASS: TestYamlStringValue (0.00s)
    --- PASS: TestYamlStringValue/plain_string_unchanged (0.00s)
    --- PASS: TestYamlStringValue/empty_string_unchanged (0.00s)
    --- PASS: TestYamlStringValue/github_actions_expression_unchanged (0.00s)
    --- PASS: TestYamlStringValue/json_object_gets_single-quoted (0.00s)
    --- PASS: TestYamlStringValue/json_array_gets_single-quoted (0.00s)
    --- PASS: TestYamlStringValue/json_object_with_embedded_single_quote_gets_escaped (0.00s)
=== RUN   TestFormatStepWithCommandAndEnvYAMLSafe
=== RUN   TestFormatStepWithCommandAndEnvYAMLSafe/json_env_var_is_single-quoted_for_valid_YAML
=== RUN   TestFormatStepWithCommandAndEnvYAMLSafe/github_expression_env_var_is_not_quoted
=== RUN   TestFormatStepWithCommandAndEnvYAMLSafe/multi-line_env_var_emitted_as_literal_block_scalar
=== RUN   TestFormatStepWithCommandAndEnvYAMLSafe/trailing_newline_in_env_var_is_trimmed
--- PASS: TestFormatStepWithCommandAndEnvYAMLSafe (0.00s)
    --- PASS: TestFormatStepWithCommandAndEnvYAMLSafe/json_env_var_is_single-quoted_for_valid_YAML (0.00s)
    --- PASS: TestFormatStepWithCommandAndEnvYAMLSafe/github_expression_env_var_is_not_quoted (0.00s)
    --- PASS: TestFormatStepWithCommandAndEnvYAMLSafe/multi-line_env_var_emitted_as_literal_block_scalar (0.00s)
    --- PASS: TestFormatStepWithCommandAndEnvYAMLSafe/trailing_newline_in_env_var_is_trimmed (0.00s)
=== RUN   TestAppendEnvVarLine
=== RUN   TestAppendEnvVarLine/single-line_value_emitted_inline
=== RUN   TestAppendEnvVarLine/github_expression_emitted_inline_without_extra_quoting
=== RUN   TestAppendEnvVarLine/json_value_gets_single-quoted_inline
=== RUN   TestAppendEnvVarLine/multi-line_value_emitted_as_literal_block_scalar
=== RUN   TestAppendEnvVarLine/trailing_newline_is_trimmed_before_deciding_inline_vs_block
=== RUN   TestAppendEnvVarLine/only_one_trailing_newline_is_trimmed_(not_multiple)
=== RUN   TestAppendEnvVarLine/multi-line_value_with_trailing_newline_trimmed
--- PASS: TestAppendEnvVarLine (0.00s)
    --- PASS: TestAppendEnvVarLine/single-line_value_emitted_inline (0.00s)
    --- PASS: TestAppendEnvVarLine/github_expression_emitted_inline_without_extra_quoting (0.00s)
    --- PASS: TestAppendEnvVarLine/json_value_gets_single-quoted_inline (0.00s)
    --- PASS: TestAppendEnvVarLine/multi-line_value_emitted_as_literal_block_scalar (0.00s)
    --- PASS: TestAppendEnvVarLine/trailing_newline_is_trimmed_before_deciding_inline_vs_block (0.00s)
    --- PASS: TestAppendEnvVarLine/only_one_trailing_newline_is_trimmed_(not_multiple) (0.00s)
    --- PASS: TestAppendEnvVarLine/multi-line_value_with_trailing_newline_trimmed (0.00s)
=== RUN   TestNormalizeBashCommand
=== RUN   TestNormalizeBashCommand/plain_command_unchanged
=== RUN   TestNormalizeBashCommand/command_with_space-star_suffix_is_stripped
=== RUN   TestNormalizeBashCommand/multi-word_command_with_space-star_suffix_is_stripped
=== RUN   TestNormalizeBashCommand/command_with_arguments_but_no_wildcard_unchanged
=== RUN   TestNormalizeBashCommand/lone_star_is_not_stripped_(handled_as_full-wildcard_sentinel)
=== RUN   TestNormalizeBashCommand/colon-star_is_not_stripped_(handled_as_full-wildcard_sentinel)
=== RUN   TestNormalizeBashCommand/sed_with_space-star_suffix_is_stripped
=== RUN   TestNormalizeBashCommand/awk_with_space-star_suffix_is_stripped
--- PASS: TestNormalizeBashCommand (0.00s)
    --- PASS: TestNormalizeBashCommand/plain_command_unchanged (0.00s)
    --- PASS: TestNormalizeBashCommand/command_with_space-star_suffix_is_stripped (0.00s)
    --- PASS: TestNormalizeBashCommand/multi-word_command_with_space-star_suffix_is_stripped (0.00s)
    --- PASS: TestNormalizeBashCommand/command_with_arguments_but_no_wildcard_unchanged (0.00s)
    --- PASS: TestNormalizeBashCommand/lone_star_is_not_stripped_(handled_as_full-wildcard_sentinel) (0.00s)
    --- PASS: TestNormalizeBashCommand/colon-star_is_not_stripped_(handled_as_full-wildcard_sentinel) (0.00s)
    --- PASS: TestNormalizeBashCommand/sed_with_space-star_suffix_is_stripped (0.00s)
    --- PASS: TestNormalizeBashCommand/awk_with_space-star_suffix_is_stripped (0.00s)
=== RUN   TestEngineInheritanceFromIncludes
⚠ Deprecated syntax: "@include include-with-engine.md". Use {{#runtime-import include-with-engine.md}} instead.
⚠ Deprecated syntax: "@include include-with-engine.md". Use {{#runtime-import include-with-engine.md}} instead.
/tmp/gh-aw-test-runs/20260704-173215-1254793/test-1951488374/.github/workflows/main-inherit-engine.md: warning: safe update mode detected unapproved changes

New restricted secret(s):
  - CODEX_API_KEY
  - OPENAI_API_KEY

Remediation options:
  1. Use the --approve flag to allow the changes.
  2. Revert the unapproved changes.
  3. Use an interactive coding agent to review and approve the changes.

✓ /tmp/gh-aw-test-runs/20260704-173215-1254793/test-1951488374/.github/workflows/main-inherit-engine.md (80.0 KB)
--- PASS: TestEngineInheritanceFromIncludes (0.01s)
=== RUN   TestEngineConflictDetection
--- PASS: TestEngineConflictDetection (0.00s)
=== RUN   TestEngineObjectFormatInIncludes
⚠ Deprecated syntax: "@include include-object-engine.md". Use {{#runtime-import include-object-engine.md}} instead.
⚠ Deprecated syntax: "@include include-object-engine.md". Use {{#runtime-import include-object-engine.md}} instead.
/tmp/gh-aw-test-runs/20260704-173215-1254793/test-2090992094/.github/workflows/main-object-engine.md: warning: safe update mode detected unapproved changes

New restricted secret(s):
  - ANTHROPIC_API_KEY

Remediation options:
  1. Use the --approve flag to allow the changes.
  2. Revert the unapproved changes.
  3. Use an interactive coding agent to review and approve the changes.

✓ /tmp/gh-aw-test-runs/20260704-173215-1254793/test-2090992094/.github/workflows/main-object-engine.md (78.0 KB)
--- PASS: TestEngineObjectFormatInIncludes (0.01s)
=== RUN   TestNoEngineSpecifiedAnywhere
⚠ Deprecated syntax: "@include include-no-engine.md". Use {{#runtime-import include-no-engine.md}} instead.
⚠ Deprecated syntax: "@include include-no-engine.md". Use {{#runtime-import include-no-engine.md}} instead.
/tmp/gh-aw-test-runs/20260704-173215-1254793/test-2491825178/.github/workflows/main-default.md: info: Tip: set permissions.copilot-requests: write to use GitHub Actions token-based inference with the Copilot engine instead of a personal access token (COPILOT_GITHUB_TOKEN). This option requires that your organization has centralized Copilot billing enabled and may not be available in all organizations — see https://github.github.com/gh-aw/reference/billing/ for details.

✓ /tmp/gh-aw-test-runs/20260704-173215-1254793/test-2491825178/.github/workflows/main-default.md (77.7 KB)
--- PASS: TestNoEngineSpecifiedAnywhere (0.01s)
=== RUN   TestMainEngineWithoutIncludes
/tmp/gh-aw-test-runs/20260704-173215-1254793/test-3625970120/.github/workflows/main-claude.md: warning: safe update mode detected unapproved changes

New restricted secret(s):
  - ANTHROPIC_API_KEY

Remediation options:
  1. Use the --approve flag to allow the changes.
  2. Revert the unapproved changes.
  3. Use an interactive coding agent to review and approve the changes.

✓ /tmp/gh-aw-test-runs/20260704-173215-1254793/test-3625970120/.github/workflows/main-claude.md (81.4 KB)
--- PASS: TestMainEngineWithoutIncludes (0.01s)
=== RUN   TestMultipleIncludesWithEnginesFailure
--- PASS: TestMultipleIncludesWithEnginesFailure (0.00s)
=== RUN   TestImportedEngineWithCustomSteps
/tmp/gh-aw-test-runs/20260704-173215-1254793/test-1614656360/.github/workflows/test-imported-engine.md: warning: safe update mode detected unapproved changes

New restricted secret(s):
  - CODEX_API_KEY
  - OPENAI_API_KEY

Remediation options:
  1. Use the --approve flag to allow the changes.
  2. Revert the unapproved changes.
  3. Use an interactive coding agent to review and approve the changes.

✓ /tmp/gh-aw-test-runs/20260704-173215-1254793/test-1614656360/.github/workflows/test-imported-engine.md (81.9 KB)
--- PASS: TestImportedEngineWithCustomSteps (0.02s)
=== RUN   TestImportedEngineWithEnvVars
/tmp/gh-aw-test-runs/20260704-173215-1254793/test-3621586075/.github/workflows/test-env.md: warning: safe update mode detected unapproved changes

New restricted secret(s):
  - CODEX_API_KEY
  - OPENAI_API_KEY

Remediation options:
  1. Use the --approve flag to allow the changes.
  2. Revert the unapproved changes.
  3. Use an interactive coding agent to review and approve the changes.

✓ /tmp/gh-aw-test-runs/20260704-173215-1254793/test-3621586075/.github/workflows/test-env.md (79.9 KB)
--- PASS: TestImportedEngineWithEnvVars (0.01s)
=== RUN   TestExtractEngineConfigFromJSON
=== RUN   TestExtractEngineConfigFromJSON/simple_string_engine
=== RUN   TestExtractEngineConfigFromJSON/object_with_id_only
=== RUN   TestExtractEngineConfigFromJSON/codex_engine_with_env_vars
=== RUN   TestExtractEngineConfigFromJSON/codex_engine_with_non-string_scalar_env_vars
=== RUN   TestExtractEngineConfigFromJSON/invalid_JSON
=== RUN   TestExtractEngineConfigFromJSON/empty_string
--- PASS: TestExtractEngineConfigFromJSON (0.00s)
    --- PASS: TestExtractEngineConfigFromJSON/simple_string_engine (0.00s)
    --- PASS: TestExtractEngineConfigFromJSON/object_with_id_only (0.00s)
    --- PASS: TestExtractEngineConfigFromJSON/codex_engine_with_env_vars (0.00s)
    --- PASS: TestExtractEngineConfigFromJSON/codex_engine_with_non-string_scalar_env_vars (0.00s)
    --- PASS: TestExtractEngineConfigFromJSON/invalid_JSON (0.00s)
    --- PASS: TestExtractEngineConfigFromJSON/empty_string (0.00s)
=== RUN   TestImportedInlineEngineDefinition
/tmp/gh-aw-test-runs/20260704-173215-1254793/test-inline-engine-import-2106547463/.github/workflows/test-imported-inline-engine.md: warning: safe update mode detected unapproved changes

New restricted secret(s):
  - CODEX_API_KEY
  - OPENAI_API_KEY

Remediation options:
  1. Use the --approve flag to allow the changes.
  2. Revert the unapproved changes.
  3. Use an interactive coding agent to review and approve the changes.

✓ /tmp/gh-aw-test-runs/20260704-173215-1254793/test-inline-engine-import-2106547463/.github/workflows/test-imported-inline-engine.md (81.6 KB)
--- PASS: TestImportedInlineEngineDefinition (0.01s)
=== RUN   TestExtractEngineConfig_InlineDefinition
=== RUN   TestExtractEngineConfig_InlineDefinition/runtime_only
=== RUN   TestExtractEngineConfig_InlineDefinition/runtime_with_version
=== RUN   TestExtractEngineConfig_InlineDefinition/runtime_with_permission_mode
=== RUN   TestExtractEngineConfig_InlineDefinition/runtime_and_provider_full
=== RUN   TestExtractEngineConfig_InlineDefinition/runtime_with_provider_model_only
--- PASS: TestExtractEngineConfig_InlineDefinition (0.01s)
    --- PASS: TestExtractEngineConfig_InlineDefinition/runtime_only (0.00s)
    --- PASS: TestExtractEngineConfig_InlineDefinition/runtime_with_version (0.00s)
    --- PASS: TestExtractEngineConfig_InlineDefinition/runtime_with_permission_mode (0.00s)
    --- PASS: TestExtractEngineConfig_InlineDefinition/runtime_and_provider_full (0.00s)
    --- PASS: TestExtractEngineConfig_InlineDefinition/runtime_with_provider_model_only (0.00s)
=== RUN   TestExtractEngineConfig_InlineDefinition_NotTriggeredByIDField
--- PASS: TestExtractEngineConfig_InlineDefinition_NotTriggeredByIDField (0.00s)
=== RUN   TestExtractEngineConfig_LegacyStringFormat_Regression
=== RUN   TestExtractEngineConfig_LegacyStringFormat_Regression/copilot
=== RUN   TestExtractEngineConfig_LegacyStringFormat_Regression/claude
=== RUN   TestExtractEngineConfig_LegacyStringFormat_Regression/codex
=== RUN   TestExtractEngineConfig_LegacyStringFormat_Regression/gemini
--- PASS: TestExtractEngineConfig_LegacyStringFormat_Regression (0.00s)
    --- PASS: TestExtractEngineConfig_LegacyStringFormat_Regression/copilot (0.00s)
    --- PASS: TestExtractEngineConfig_LegacyStringFormat_Regression/claude (0.00s)
    --- PASS: TestExtractEngineConfig_LegacyStringFormat_Regression/codex (0.00s)
    --- PASS: TestExtractEngineConfig_LegacyStringFormat_Regression/gemini (0.00s)
=== RUN   TestValidateEngineInlineDefinition_MissingRuntimeID
--- PASS: TestValidateEngineInlineDefinition_MissingRuntimeID (0.00s)
=== RUN   TestValidateEngineInlineDefinition_ValidRuntimeID
--- PASS: TestValidateEngineInlineDefinition_ValidRuntimeID (0.00s)
=== RUN   TestValidateEngineInlineDefinition_NonInlineIsNoop
--- PASS: TestValidateEngineInlineDefinition_NonInlineIsNoop (0.00s)
=== RUN   TestRegisterInlineEngineDefinition_PreservesBuiltInDisplayName
--- PASS: TestRegisterInlineEngineDefinition_PreservesBuiltInDisplayName (0.00s)
=== RUN   TestInlineEngineDefinition_ResolvesViaCatalog
--- PASS: TestInlineEngineDefinition_ResolvesViaCatalog (0.00s)
=== RUN   TestInlineEngineDefinition_UnknownRuntimeID
--- PASS: TestInlineEngineDefinition_UnknownRuntimeID (0.00s)
=== RUN   TestExtractEngineConfig_InlineDefinition_Bare
=== RUN   TestExtractEngineConfig_InlineDefinition_Bare/bare_true_with_inline_definition
=== RUN   TestExtractEngineConfig_InlineDefinition_Bare/bare_false_with_inline_definition
=== RUN   TestExtractEngineConfig_InlineDefinition_Bare/bare_not_set_defaults_to_false_with_inline_definition
--- PASS: TestExtractEngineConfig_InlineDefinition_Bare (0.00s)
    --- PASS: TestExtractEngineConfig_InlineDefinition_Bare/bare_true_with_inline_definition (0.00s)
    --- PASS: TestExtractEngineConfig_InlineDefinition_Bare/bare_false_with_inline_definition (0.00s)
    --- PASS: TestExtractEngineConfig_InlineDefinition_Bare/bare_not_set_defaults_to_false_with_inline_definition (0.00s)
=== RUN   TestGetEngineArtifactPaths_NoOutputFiles
--- PASS: TestGetEngineArtifactPaths_NoOutputFiles (0.00s)
=== RUN   TestGetEngineArtifactPaths_WithOutputFiles
--- PASS: TestGetEngineArtifactPaths_WithOutputFiles (0.00s)
=== RUN   TestGetEngineArtifactPaths_GeminiEngine
--- PASS: TestGetEngineArtifactPaths_GeminiEngine (0.00s)
=== RUN   TestGenerateEngineOutputCleanup_NoOutputFiles
--- PASS: TestGenerateEngineOutputCleanup_NoOutputFiles (0.00s)
=== RUN   TestGenerateEngineOutputCleanup_WithWorkspaceFiles
--- PASS: TestGenerateEngineOutputCleanup_WithWorkspaceFiles (0.00s)
=== RUN   TestClaudeEngine_ParseLogMetrics_Basic
=== RUN   TestClaudeEngine_ParseLogMetrics_Basic/empty_log_content
=== RUN   TestClaudeEngine_ParseLogMetrics_Basic/whitespace_only
=== RUN   TestClaudeEngine_ParseLogMetrics_Basic/simple_log_with_errors
=== RUN   TestClaudeEngine_ParseLogMetrics_Basic/verbose_mode
Failed to parse Claude log as JSON array, trying JSONL format: invalid character 'D' looking for beginning of value
No valid JSON entries found in Claude log
=== RUN   TestClaudeEngine_ParseLogMetrics_Basic/multiline_content
--- PASS: TestClaudeEngine_ParseLogMetrics_Basic (0.00s)
    --- PASS: TestClaudeEngine_ParseLogMetrics_Basic/empty_log_content (0.00s)
    --- PASS: TestClaudeEngine_ParseLogMetrics_Basic/whitespace_only (0.00s)
    --- PASS: TestClaudeEngine_ParseLogMetrics_Basic/simple_log_with_errors (0.00s)
    --- PASS: TestClaudeEngine_ParseLogMetrics_Basic/verbose_mode (0.00s)
    --- PASS: TestClaudeEngine_ParseLogMetrics_Basic/multiline_content (0.00s)
=== RUN   TestClaudeEngine_ParseLogMetrics_WithDuration
--- PASS: TestClaudeEngine_ParseLogMetrics_WithDuration (0.00s)
=== RUN   TestClaudeEngine_ParseLogMetrics_BashWithoutCommandUsesFallbackName
--- PASS: TestClaudeEngine_ParseLogMetrics_BashWithoutCommandUsesFallbackName (0.00s)
=== RUN   TestCodexEngine_ParseLogMetrics_Basic
=== RUN   TestCodexEngine_ParseLogMetrics_Basic/empty_log_content
=== RUN   TestCodexEngine_ParseLogMetrics_Basic/whitespace_only
=== RUN   TestCodexEngine_ParseLogMetrics_Basic/simple_log_with_errors
=== RUN   TestCodexEngine_ParseLogMetrics_Basic/verbose_mode
=== RUN   TestCodexEngine_ParseLogMetrics_Basic/multiline_content
--- PASS: TestCodexEngine_ParseLogMetrics_Basic (0.00s)
    --- PASS: TestCodexEngine_ParseLogMetrics_Basic/empty_log_content (0.00s)
    --- PASS: TestCodexEngine_ParseLogMetrics_Basic/whitespace_only (0.00s)
    --- PASS: TestCodexEngine_ParseLogMetrics_Basic/simple_log_with_errors (0.00s)
    --- PASS: TestCodexEngine_ParseLogMetrics_Basic/verbose_mode (0.00s)
    --- PASS: TestCodexEngine_ParseLogMetrics_Basic/multiline_content (0.00s)
=== RUN   TestCompiler_SetFileTracker_Simple
--- PASS: TestCompiler_SetFileTracker_Simple (0.00s)
=== RUN   TestGetAgenticEngine_UnknownEngineHasGuidance
--- PASS: TestGetAgenticEngine_UnknownEngineHasGuidance (0.00s)
=== RUN   TestEngineVersionTypeHandling
=== RUN   TestEngineVersionTypeHandling/string_version
=== RUN   TestEngineVersionTypeHandling/integer_version
=== RUN   TestEngineVersionTypeHandling/float_version
=== RUN   TestEngineVersionTypeHandling/int64_version
=== RUN   TestEngineVersionTypeHandling/uint64_version
=== RUN   TestEngineVersionTypeHandling/version_with_semantic_versioning
=== RUN   TestEngineVersionTypeHandling/version_with_build_metadata
--- PASS: TestEngineVersionTypeHandling (0.00s)
    --- PASS: TestEngineVersionTypeHandling/string_version (0.00s)
    --- PASS: TestEngineVersionTypeHandling/integer_version (0.00s)
    --- PASS: TestEngineVersionTypeHandling/float_version (0.00s)
    --- PASS: TestEngineVersionTypeHandling/int64_version (0.00s)
    --- PASS: TestEngineVersionTypeHandling/uint64_version (0.00s)
    --- PASS: TestEngineVersionTypeHandling/version_with_semantic_versioning (0.00s)
    --- PASS: TestEngineVersionTypeHandling/version_with_build_metadata (0.00s)
=== RUN   TestEngineVersionNotProvided
=== RUN   TestEngineVersionNotProvided/engine_without_version_field
=== RUN   TestEngineVersionNotProvided/engine_as_string_(backward_compatibility)
--- PASS: TestEngineVersionNotProvided (0.00s)
    --- PASS: TestEngineVersionNotProvided/engine_without_version_field (0.00s)
    --- PASS: TestEngineVersionNotProvided/engine_as_string_(backward_compatibility) (0.00s)
=== RUN   TestEngineVersionWithOtherFields
--- PASS: TestEngineVersionWithOtherFields (0.00s)
=== RUN   TestEngineCommandField
=== RUN   TestEngineCommandField/command_field_provided
=== RUN   TestEngineCommandField/command_field_not_provided
=== RUN   TestEngineCommandField/command_with_relative_path
=== RUN   TestEngineCommandField/command_with_environment_variable
--- PASS: TestEngineCommandField (0.00s)
    --- PASS: TestEngineCommandField/command_field_provided (0.00s)
    --- PASS: TestEngineCommandField/command_field_not_provided (0.00s)
    --- PASS: TestEngineCommandField/command_with_relative_path (0.00s)
    --- PASS: TestEngineCommandField/command_with_environment_variable (0.00s)
=== RUN   TestAPITargetExtraction
=== RUN   TestAPITargetExtraction/GHEC_api-target
=== RUN   TestAPITargetExtraction/GHES_api-target
=== RUN   TestAPITargetExtraction/custom_api-target
=== RUN   TestAPITargetExtraction/no_api-target
=== RUN   TestAPITargetExtraction/empty_api-target
--- PASS: TestAPITargetExtraction (0.00s)
    --- PASS: TestAPITargetExtraction/GHEC_api-target (0.00s)
    --- PASS: TestAPITargetExtraction/GHES_api-target (0.00s)
    --- PASS: TestAPITargetExtraction/custom_api-target (0.00s)
    --- PASS: TestAPITargetExtraction/no_api-target (0.00s)
    --- PASS: TestAPITargetExtraction/empty_api-target (0.00s)
=== RUN   TestParseEngineTokenWeights
=== RUN   TestParseEngineTokenWeights/nil_input_returns_nil
=== RUN   TestParseEngineTokenWeights/non-map_input_returns_nil
=== RUN   TestParseEngineTokenWeights/empty_map_returns_nil
=== RUN   TestParseEngineTokenWeights/multipliers_only
=== RUN   TestParseEngineTokenWeights/token-class-weights_only
=== RUN   TestParseEngineTokenWeights/both_multipliers_and_token-class-weights
=== RUN   TestParseEngineTokenWeights/integer_multiplier_values_are_accepted
--- PASS: TestParseEngineTokenWeights (0.00s)
    --- PASS: TestParseEngineTokenWeights/nil_input_returns_nil (0.00s)
    --- PASS: TestParseEngineTokenWeights/non-map_input_returns_nil (0.00s)
    --- PASS: TestParseEngineTokenWeights/empty_map_returns_nil (0.00s)
    --- PASS: TestParseEngineTokenWeights/multipliers_only (0.00s)
    --- PASS: TestParseEngineTokenWeights/token-class-weights_only (0.00s)
    --- PASS: TestParseEngineTokenWeights/both_multipliers_and_token-class-weights (0.00s)
    --- PASS: TestParseEngineTokenWeights/integer_multiplier_values_are_accepted (0.00s)
=== RUN   TestExtractEngineConfigTokenWeights
--- PASS: TestExtractEngineConfigTokenWeights (0.00s)
=== RUN   TestTokenWeightsSingleQuoteEscapingInYAML
--- PASS: TestTokenWeightsSingleQuoteEscapingInYAML (0.00s)
=== RUN   TestTokenWeightsEnvOmittedWhenOnlyTokenClassWeightsConfigured
--- PASS: TestTokenWeightsEnvOmittedWhenOnlyTokenClassWeightsConfigured (0.00s)
=== RUN   TestValidateSingleEngineSpecification
=== RUN   TestValidateSingleEngineSpecification/no_engine_specified_anywhere
=== RUN   TestValidateSingleEngineSpecification/engine_only_in_main_workflow
=== RUN   TestValidateSingleEngineSpecification/engine_only_in_included_file_(string_format)
=== RUN   TestValidateSingleEngineSpecification/engine_only_in_included_file_(object_format)
=== RUN   TestValidateSingleEngineSpecification/multiple_engines_in_main_and_included
=== RUN   TestValidateSingleEngineSpecification/multiple_engines_in_different_included_files
=== RUN   TestValidateSingleEngineSpecification/empty_string_in_main_engine_setting
=== RUN   TestValidateSingleEngineSpecification/empty_strings_in_included_engines_are_ignored
=== RUN   TestValidateSingleEngineSpecification/invalid_JSON_in_included_engine
=== RUN   TestValidateSingleEngineSpecification/included_engine_with_model-only_(no_id)_is_a_preference,_not_a_spec
=== RUN   TestValidateSingleEngineSpecification/included_engine_with_model_size_hint_'small'_is_allowed_without_id
=== RUN   TestValidateSingleEngineSpecification/model-only_included_engine_does_not_conflict_with_main_engine
=== RUN   TestValidateSingleEngineSpecification/model-only_included_engine_does_not_conflict_with_real_included_engine
=== RUN   TestValidateSingleEngineSpecification/empty_object_is_not_a_preference-only_engine_and_triggers_error
=== RUN   TestValidateSingleEngineSpecification/object_with_unknown_key_is_not_a_preference-only_engine_and_triggers_error
=== RUN   TestValidateSingleEngineSpecification/included_engine_with_non-string_id
=== RUN   TestValidateSingleEngineSpecification/main_engine_takes_precedence_when_only_non-empty
--- PASS: TestValidateSingleEngineSpecification (0.02s)
    --- PASS: TestValidateSingleEngineSpecification/no_engine_specified_anywhere (0.00s)
    --- PASS: TestValidateSingleEngineSpecification/engine_only_in_main_workflow (0.00s)
    --- PASS: TestValidateSingleEngineSpecification/engine_only_in_included_file_(string_format) (0.00s)
    --- PASS: TestValidateSingleEngineSpecification/engine_only_in_included_file_(object_format) (0.00s)
    --- PASS: TestValidateSingleEngineSpecification/multiple_engines_in_main_and_included (0.00s)
    --- PASS: TestValidateSingleEngineSpecification/multiple_engines_in_different_included_files (0.00s)
    --- PASS: TestValidateSingleEngineSpecification/empty_string_in_main_engine_setting (0.00s)
    --- PASS: TestValidateSingleEngineSpecification/empty_strings_in_included_engines_are_ignored (0.00s)
    --- PASS: TestValidateSingleEngineSpecification/invalid_JSON_in_included_engine (0.00s)
    --- PASS: TestValidateSingleEngineSpecification/included_engine_with_model-only_(no_id)_is_a_preference,_not_a_spec (0.00s)
    --- PASS: TestValidateSingleEngineSpecification/included_engine_with_model_size_hint_'small'_is_allowed_without_id (0.00s)
    --- PASS: TestValidateSingleEngineSpecification/model-only_included_engine_does_not_conflict_with_main_engine (0.00s)
    --- PASS: TestValidateSingleEngineSpecification/model-only_included_engine_does_not_conflict_with_real_included_engine (0.00s)
    --- PASS: TestValidateSingleEngineSpecification/empty_object_is_not_a_preference-only_engine_and_triggers_error (0.00s)
    --- PASS: TestValidateSingleEngineSpecification/object_with_unknown_key_is_not_a_preference-only_engine_and_triggers_error (0.00s)
    --- PASS: TestValidateSingleEngineSpecification/included_engine_with_non-string_id (0.00s)
    --- PASS: TestValidateSingleEngineSpecification/main_engine_takes_precedence_when_only_non-empty (0.00s)
=== RUN   TestValidateSingleEngineSpecificationErrorMessageQuality
=== RUN   TestValidateSingleEngineSpecificationErrorMessageQuality/multiple_engines_error_includes_example
=== RUN   TestValidateSingleEngineSpecificationErrorMessageQuality/parse_error_includes_format_examples
=== RUN   TestValidateSingleEngineSpecificationErrorMessageQuality/invalid_configuration_error_includes_format_examples
--- PASS: TestValidateSingleEngineSpecificationErrorMessageQuality (0.00s)
    --- PASS: TestValidateSingleEngineSpecificationErrorMessageQuality/multiple_engines_error_includes_example (0.00s)
    --- PASS: TestValidateSingleEngineSpecificationErrorMessageQuality/parse_error_includes_format_examples (0.00s)
    --- PASS: TestValidateSingleEngineSpecificationErrorMessageQuality/invalid_configuration_error_includes_format_examples (0.00s)
=== RUN   TestValidateEngineVersion
=== RUN   TestValidateEngineVersion/no_engine_config
=== RUN   TestValidateEngineVersion/empty_version
=== RUN   TestValidateEngineVersion/pinned_version
=== RUN   TestValidateEngineVersion/latest_version_non-strict
⚠ engine.version: latest is set – the engine CLI will be installed without a pinned version. This is a supply chain security risk: unpinned 'latest' versions can change unexpectedly and may introduce vulnerabilities or breaking changes. Pin the engine version to a specific version for reproducibility and security.
=== RUN   TestValidateEngineVersion/LATEST_uppercase_non-strict
⚠ engine.version: latest is set – the engine CLI will be installed without a pinned version. This is a supply chain security risk: unpinned 'latest' versions can change unexpectedly and may introduce vulnerabilities or breaking changes. Pin the engine version to a specific version for reproducibility and security.
=== RUN   TestValidateEngineVersion/latest_version_strict_mode
⚠ engine.version: latest is set – the engine CLI will be installed without a pinned version. This is a supply chain security risk: unpinned 'latest' versions can change unexpectedly and may introduce vulnerabilities or breaking changes. Pin the engine version to a specific version for reproducibility and security.
--- PASS: TestValidateEngineVersion (0.01s)
    --- PASS: TestValidateEngineVersion/no_engine_config (0.00s)
    --- PASS: TestValidateEngineVersion/empty_version (0.00s)
    --- PASS: TestValidateEngineVersion/pinned_version (0.00s)
    --- PASS: TestValidateEngineVersion/latest_version_non-strict (0.00s)
    --- PASS: TestValidateEngineVersion/LATEST_uppercase_non-strict (0.00s)
    --- PASS: TestValidateEngineVersion/latest_version_strict_mode (0.00s)
=== RUN   TestValidateEngineHarnessScript
=== RUN   TestValidateEngineHarnessScript/no_engine_config
=== RUN   TestValidateEngineHarnessScript/no_harness_configured
=== RUN   TestValidateEngineHarnessScript/valid_cjs_harness_on_copilot
=== RUN   TestValidateEngineHarnessScript/valid_mjs_harness_on_copilot
=== RUN   TestValidateEngineHarnessScript/invalid_extension
=== RUN   TestValidateEngineHarnessScript/harness_configured_for_any_engine
=== RUN   TestValidateEngineHarnessScript/invalid_path_traversal
=== RUN   TestValidateEngineHarnessScript/invalid_path_separator
=== RUN   TestValidateEngineHarnessScript/invalid_shell_metacharacter
=== RUN   TestValidateEngineHarnessScript/invalid_leading_whitespace
=== RUN   TestValidateEngineHarnessScript/invalid_leading_hyphen
--- PASS: TestValidateEngineHarnessScript (0.01s)
    --- PASS: TestValidateEngineHarnessScript/no_engine_config (0.00s)
    --- PASS: TestValidateEngineHarnessScript/no_harness_configured (0.00s)
    --- PASS: TestValidateEngineHarnessScript/valid_cjs_harness_on_copilot (0.00s)
    --- PASS: TestValidateEngineHarnessScript/valid_mjs_harness_on_copilot (0.00s)
    --- PASS: TestValidateEngineHarnessScript/invalid_extension (0.00s)
    --- PASS: TestValidateEngineHarnessScript/harness_configured_for_any_engine (0.00s)
    --- PASS: TestValidateEngineHarnessScript/invalid_path_traversal (0.00s)
    --- PASS: TestValidateEngineHarnessScript/invalid_path_separator (0.00s)
    --- PASS: TestValidateEngineHarnessScript/invalid_shell_metacharacter (0.00s)
    --- PASS: TestValidateEngineHarnessScript/invalid_leading_whitespace (0.00s)
    --- PASS: TestValidateEngineHarnessScript/invalid_leading_hyphen (0.00s)
=== RUN   TestValidateEngineCopilotSDKDriver_Copilot
=== RUN   TestValidateEngineCopilotSDKDriver_Copilot/no_engine_config
=== RUN   TestValidateEngineCopilotSDKDriver_Copilot/no_copilot_sdk_driver_configured
=== RUN   TestValidateEngineCopilotSDKDriver_Copilot/valid_cjs_copilot_sdk_driver
=== RUN   TestValidateEngineCopilotSDKDriver_Copilot/valid_mjs_copilot_sdk_driver
=== RUN   TestValidateEngineCopilotSDKDriver_Copilot/invalid_extension
=== RUN   TestValidateEngineCopilotSDKDriver_Copilot/invalid_path_traversal
=== RUN   TestValidateEngineCopilotSDKDriver_Copilot/invalid_path_separator_leading_slash
=== RUN   TestValidateEngineCopilotSDKDriver_Copilot/valid_relative_path_driver
=== RUN   TestValidateEngineCopilotSDKDriver_Copilot/valid_github_drivers_path_driver
=== RUN   TestValidateEngineCopilotSDKDriver_Copilot/invalid_shell_metacharacter
=== RUN   TestValidateEngineCopilotSDKDriver_Copilot/invalid_leading_whitespace
=== RUN   TestValidateEngineCopilotSDKDriver_Copilot/invalid_leading_hyphen
=== RUN   TestValidateEngineCopilotSDKDriver_Copilot/valid_python_driver
=== RUN   TestValidateEngineCopilotSDKDriver_Copilot/valid_typescript_driver
=== RUN   TestValidateEngineCopilotSDKDriver_Copilot/valid_mts_typescript_driver
=== RUN   TestValidateEngineCopilotSDKDriver_Copilot/valid_ruby_driver
=== RUN   TestValidateEngineCopilotSDKDriver_Copilot/valid_arbitrary_command_no_extension
=== RUN   TestValidateEngineCopilotSDKDriver_Copilot/valid_arbitrary_command_underscore_no_extension
=== RUN   TestValidateEngineCopilotSDKDriver_Copilot/invalid_java_extension
=== RUN   TestValidateEngineCopilotSDKDriver_Copilot/invalid_consecutive_slashes
=== RUN   TestValidateEngineCopilotSDKDriver_Copilot/invalid_trailing_slash
--- PASS: TestValidateEngineCopilotSDKDriver_Copilot (0.02s)
    --- PASS: TestValidateEngineCopilotSDKDriver_Copilot/no_engine_config (0.00s)
    --- PASS: TestValidateEngineCopilotSDKDriver_Copilot/no_copilot_sdk_driver_configured (0.00s)
    --- PASS: TestValidateEngineCopilotSDKDriver_Copilot/valid_cjs_copilot_sdk_driver (0.00s)
    --- PASS: TestValidateEngineCopilotSDKDriver_Copilot/valid_mjs_copilot_sdk_driver (0.00s)
    --- PASS: TestValidateEngineCopilotSDKDriver_Copilot/invalid_extension (0.00s)
    --- PASS: TestValidateEngineCopilotSDKDriver_Copilot/invalid_path_traversal (0.00s)
    --- PASS: TestValidateEngineCopilotSDKDriver_Copilot/invalid_path_separator_leading_slash (0.00s)
    --- PASS: TestValidateEngineCopilotSDKDriver_Copilot/valid_relative_path_driver (0.00s)
    --- PASS: TestValidateEngineCopilotSDKDriver_Copilot/valid_github_drivers_path_driver (0.00s)
    --- PASS: TestValidateEngineCopilotSDKDriver_Copilot/invalid_shell_metacharacter (0.00s)
    --- PASS: TestValidateEngineCopilotSDKDriver_Copilot/invalid_leading_whitespace (0.00s)
    --- PASS: TestValidateEngineCopilotSDKDriver_Copilot/invalid_leading_hyphen (0.00s)
    --- PASS: TestValidateEngineCopilotSDKDriver_Copilot/valid_python_driver (0.00s)
    --- PASS: TestValidateEngineCopilotSDKDriver_Copilot/valid_typescript_driver (0.00s)
    --- PASS: TestValidateEngineCopilotSDKDriver_Copilot/valid_mts_typescript_driver (0.00s)
    --- PASS: TestValidateEngineCopilotSDKDriver_Copilot/valid_ruby_driver (0.00s)
    --- PASS: TestValidateEngineCopilotSDKDriver_Copilot/valid_arbitrary_command_no_extension (0.00s)
    --- PASS: TestValidateEngineCopilotSDKDriver_Copilot/valid_arbitrary_command_underscore_no_extension (0.00s)
    --- PASS: TestValidateEngineCopilotSDKDriver_Copilot/invalid_java_extension (0.00s)
    --- PASS: TestValidateEngineCopilotSDKDriver_Copilot/invalid_consecutive_slashes (0.00s)
    --- PASS: TestValidateEngineCopilotSDKDriver_Copilot/invalid_trailing_slash (0.00s)
=== RUN   TestValidateEngineMCPSessionTimeout
=== RUN   TestValidateEngineMCPSessionTimeout/nil_workflow_data
=== RUN   TestValidateEngineMCPSessionTimeout/nil_engine_config
=== RUN   TestValidateEngineMCPSessionTimeout/empty_session_timeout_-_no_error
=== RUN   TestValidateEngineMCPSessionTimeout/valid_duration_4h
=== RUN   TestValidateEngineMCPSessionTimeout/valid_duration_30m
=== RUN   TestValidateEngineMCPSessionTimeout/valid_duration_12h
=== RUN   TestValidateEngineMCPSessionTimeout/valid_duration_5m_(minimum)
=== RUN   TestValidateEngineMCPSessionTimeout/invalid_duration_string
=== RUN   TestValidateEngineMCPSessionTimeout/too_short_-_4m
=== RUN   TestValidateEngineMCPSessionTimeout/valid_duration_24h_(no_upper_bound)
=== RUN   TestValidateEngineMCPSessionTimeout/plain_integer_-_not_valid_Go_duration
--- PASS: TestValidateEngineMCPSessionTimeout (0.01s)
    --- PASS: TestValidateEngineMCPSessionTimeout/nil_workflow_data (0.00s)
    --- PASS: TestValidateEngineMCPSessionTimeout/nil_engine_config (0.00s)
    --- PASS: TestValidateEngineMCPSessionTimeout/empty_session_timeout_-_no_error (0.00s)
    --- PASS: TestValidateEngineMCPSessionTimeout/valid_duration_4h (0.00s)
    --- PASS: TestValidateEngineMCPSessionTimeout/valid_duration_30m (0.00s)
    --- PASS: TestValidateEngineMCPSessionTimeout/valid_duration_12h (0.00s)
    --- PASS: TestValidateEngineMCPSessionTimeout/valid_duration_5m_(minimum) (0.00s)
    --- PASS: TestValidateEngineMCPSessionTimeout/invalid_duration_string (0.00s)
    --- PASS: TestValidateEngineMCPSessionTimeout/too_short_-_4m (0.00s)
    --- PASS: TestValidateEngineMCPSessionTimeout/valid_duration_24h_(no_upper_bound) (0.00s)
    --- PASS: TestValidateEngineMCPSessionTimeout/plain_integer_-_not_valid_Go_duration (0.00s)
=== RUN   TestValidateEngineMCPToolTimeout
=== RUN   TestValidateEngineMCPToolTimeout/nil_workflow_data
=== RUN   TestValidateEngineMCPToolTimeout/nil_engine_config
=== RUN   TestValidateEngineMCPToolTimeout/empty_tool_timeout_-_no_error
=== RUN   TestValidateEngineMCPToolTimeout/valid_duration_2m
=== RUN   TestValidateEngineMCPToolTimeout/valid_duration_30s
=== RUN   TestValidateEngineMCPToolTimeout/valid_duration_10s_(minimum)
=== RUN   TestValidateEngineMCPToolTimeout/valid_duration_600s_(maximum)
=== RUN   TestValidateEngineMCPToolTimeout/valid_duration_10m_(maximum)
=== RUN   TestValidateEngineMCPToolTimeout/invalid_duration_string
=== RUN   TestValidateEngineMCPToolTimeout/too_short_-_5s
=== RUN   TestValidateEngineMCPToolTimeout/too_long_-_601s
=== RUN   TestValidateEngineMCPToolTimeout/too_long_-_11m
=== RUN   TestValidateEngineMCPToolTimeout/plain_integer_-_not_valid_Go_duration
--- PASS: TestValidateEngineMCPToolTimeout (0.02s)
    --- PASS: TestValidateEngineMCPToolTimeout/nil_workflow_data (0.00s)
    --- PASS: TestValidateEngineMCPToolTimeout/nil_engine_config (0.00s)
    --- PASS: TestValidateEngineMCPToolTimeout/empty_tool_timeout_-_no_error (0.00s)
    --- PASS: TestValidateEngineMCPToolTimeout/valid_duration_2m (0.00s)
    --- PASS: TestValidateEngineMCPToolTimeout/valid_duration_30s (0.00s)
    --- PASS: TestValidateEngineMCPToolTimeout/valid_duration_10s_(minimum) (0.00s)
    --- PASS: TestValidateEngineMCPToolTimeout/valid_duration_600s_(maximum) (0.00s)
    --- PASS: TestValidateEngineMCPToolTimeout/valid_duration_10m_(maximum) (0.00s)
    --- PASS: TestValidateEngineMCPToolTimeout/invalid_duration_string (0.00s)
    --- PASS: TestValidateEngineMCPToolTimeout/too_short_-_5s (0.00s)
    --- PASS: TestValidateEngineMCPToolTimeout/too_long_-_601s (0.00s)
    --- PASS: TestValidateEngineMCPToolTimeout/too_long_-_11m (0.00s)
    --- PASS: TestValidateEngineMCPToolTimeout/plain_integer_-_not_valid_Go_duration (0.00s)
=== RUN   TestValidateEnvSecrets
=== RUN   TestValidateEnvSecrets/no_env_section_is_allowed
=== RUN   TestValidateEnvSecrets/env_with_no_secrets_is_allowed
=== RUN   TestValidateEnvSecrets/env_with_plain_values_in_non-strict_mode_is_allowed
=== RUN   TestValidateEnvSecrets/env_with_single_secret_in_strict_mode_fails
=== RUN   TestValidateEnvSecrets/env_with_multiple_secrets_in_strict_mode_fails
=== RUN   TestValidateEnvSecrets/env_with_secret_with_fallback_in_strict_mode_fails
=== RUN   TestValidateEnvSecrets/env_with_secret_embedded_in_string_in_strict_mode_fails
=== RUN   TestValidateEnvSecrets/env_with_mixed_secrets_and_plain_values_in_strict_mode_fails
=== RUN   TestValidateEnvSecrets/env_with_env_variables_(not_secrets)_is_allowed
=== RUN   TestValidateEnvSecrets/empty_env_section_is_allowed
=== RUN   TestValidateEnvSecrets/env_section_with_non-string_values_is_allowed_(edge_case)
=== RUN   TestValidateEnvSecrets/env_with_sub-expression:_github.workflow_&&_secrets.TOKEN_fails_in_strict_mode
=== RUN   TestValidateEnvSecrets/env_with_sub-expression:_secrets_in_OR_with_env_fails_in_strict_mode
=== RUN   TestValidateEnvSecrets/env_with_sub-expression:_secrets_in_parentheses_fails_in_strict_mode
=== RUN   TestValidateEnvSecrets/env_with_sub-expression:_NOT_operator_with_secrets_fails_in_strict_mode
=== RUN   TestValidateEnvSecrets/env_with_multiple_sub-expressions_fails_in_strict_mode
--- PASS: TestValidateEnvSecrets (0.01s)
    --- PASS: TestValidateEnvSecrets/no_env_section_is_allowed (0.00s)
    --- PASS: TestValidateEnvSecrets/env_with_no_secrets_is_allowed (0.00s)
    --- PASS: TestValidateEnvSecrets/env_with_plain_values_in_non-strict_mode_is_allowed (0.00s)
    --- PASS: TestValidateEnvSecrets/env_with_single_secret_in_strict_mode_fails (0.00s)
    --- PASS: TestValidateEnvSecrets/env_with_multiple_secrets_in_strict_mode_fails (0.00s)
    --- PASS: TestValidateEnvSecrets/env_with_secret_with_fallback_in_strict_mode_fails (0.00s)
    --- PASS: TestValidateEnvSecrets/env_with_secret_embedded_in_string_in_strict_mode_fails (0.00s)
    --- PASS: TestValidateEnvSecrets/env_with_mixed_secrets_and_plain_values_in_strict_mode_fails (0.00s)
    --- PASS: TestValidateEnvSecrets/env_with_env_variables_(not_secrets)_is_allowed (0.00s)
    --- PASS: TestValidateEnvSecrets/empty_env_section_is_allowed (0.00s)
    --- PASS: TestValidateEnvSecrets/env_section_with_non-string_values_is_allowed_(edge_case) (0.00s)
    --- PASS: TestValidateEnvSecrets/env_with_sub-expression:_github.workflow_&&_secrets.TOKEN_fails_in_strict_mode (0.00s)
    --- PASS: TestValidateEnvSecrets/env_with_sub-expression:_secrets_in_OR_with_env_fails_in_strict_mode (0.00s)
    --- PASS: TestValidateEnvSecrets/env_with_sub-expression:_secrets_in_parentheses_fails_in_strict_mode (0.00s)
    --- PASS: TestValidateEnvSecrets/env_with_sub-expression:_NOT_operator_with_secrets_fails_in_strict_mode (0.00s)
    --- PASS: TestValidateEnvSecrets/env_with_multiple_sub-expressions_fails_in_strict_mode (0.00s)
=== RUN   TestValidateEnvSecretsNonStrictMode
=== RUN   TestValidateEnvSecretsNonStrictMode/env_with_single_secret_in_non-strict_mode_emits_warning
⚠ Warning: secrets detected in 'env' section will be leaked to the agent container. Found: ${{ secrets.API_KEY }}. Consider using engine-specific secret configuration instead.
=== RUN   TestValidateEnvSecretsNonStrictMode/env_with_multiple_secrets_in_non-strict_mode_emits_warning
⚠ Warning: secrets detected in 'env' section will be leaked to the agent container. Found: ${{ secrets.API_KEY }}, ${{ secrets.DATABASE_PASSWORD }}. Consider using engine-specific secret configuration instead.
--- PASS: TestValidateEnvSecretsNonStrictMode (0.00s)
    --- PASS: TestValidateEnvSecretsNonStrictMode/env_with_single_secret_in_non-strict_mode_emits_warning (0.00s)
    --- PASS: TestValidateEnvSecretsNonStrictMode/env_with_multiple_secrets_in_non-strict_mode_emits_warning (0.00s)
=== RUN   TestValidateEnvSecretsIntegration
=== RUN   TestValidateEnvSecretsIntegration/compilation_with_env_secrets_in_strict_mode_should_fail
=== RUN   TestValidateEnvSecretsIntegration/compilation_with_env_secrets_in_non-strict_mode_should_succeed_with_warning
⚠ Warning: secrets detected in 'env' section will be leaked to the agent container. Found: ${{ secrets.API_KEY }}. Consider using engine-specific secret configuration instead.
=== RUN   TestValidateEnvSecretsIntegration/compilation_without_env_secrets_in_strict_mode_should_succeed
--- PASS: TestValidateEnvSecretsIntegration (0.00s)
    --- PASS: TestValidateEnvSecretsIntegration/compilation_with_env_secrets_in_strict_mode_should_fail (0.00s)
    --- PASS: TestValidateEnvSecretsIntegration/compilation_with_env_secrets_in_non-strict_mode_should_succeed_with_warning (0.00s)
    --- PASS: TestValidateEnvSecretsIntegration/compilation_without_env_secrets_in_strict_mode_should_succeed (0.00s)
=== RUN   TestValidateEnvSecretsErrorMessage
--- PASS: TestValidateEnvSecretsErrorMessage (0.00s)
=== RUN   TestExtractSecretsFromEnv
=== RUN   TestExtractSecretsFromEnv/single_secret
=== RUN   TestExtractSecretsFromEnv/multiple_secrets
=== RUN   TestExtractSecretsFromEnv/secret_with_fallback
=== RUN   TestExtractSecretsFromEnv/embedded_secret
=== RUN   TestExtractSecretsFromEnv/no_secrets
--- PASS: TestExtractSecretsFromEnv (0.00s)
    --- PASS: TestExtractSecretsFromEnv/single_secret (0.00s)
    --- PASS: TestExtractSecretsFromEnv/multiple_secrets (0.00s)
    --- PASS: TestExtractSecretsFromEnv/secret_with_fallback (0.00s)
    --- PASS: TestExtractSecretsFromEnv/embedded_secret (0.00s)
    --- PASS: TestExtractSecretsFromEnv/no_secrets (0.00s)
=== RUN   TestValidateEnvSecretsMultipleSecretsErrorMessage
--- PASS: TestValidateEnvSecretsMultipleSecretsErrorMessage (0.00s)
=== RUN   TestValidateEngineEnvSecrets
=== RUN   TestValidateEngineEnvSecrets/engine_string_format_has_no_env_section_to_validate
=== RUN   TestValidateEngineEnvSecrets/engine_object_without_env_is_allowed
=== RUN   TestValidateEngineEnvSecrets/engine.env_with_no_secrets_is_allowed
=== RUN   TestValidateEngineEnvSecrets/engine.env_overriding_COPILOT_GITHUB_TOKEN_with_custom_secret_is_allowed_in_strict_mode
=== RUN   TestValidateEngineEnvSecrets/engine.env_with_non-engine_secret_alongside_engine_var_override_still_fails
=== RUN   TestValidateEngineEnvSecrets/engine.env_with_single_secret_in_strict_mode_fails
=== RUN   TestValidateEngineEnvSecrets/engine.env_with_multiple_secrets_in_strict_mode_fails
=== RUN   TestValidateEngineEnvSecrets/engine.env_with_secret_embedded_in_string_in_strict_mode_fails
=== RUN   TestValidateEngineEnvSecrets/engine.env_with_secret_in_non-strict_mode_emits_warning_(no_error)
⚠ Warning: secrets detected in 'engine.env' section will be leaked to the agent container. Found: ${{ secrets.API_KEY }}. Consider using engine-specific secret configuration instead.
=== RUN   TestValidateEngineEnvSecrets/both_env_and_engine.env_with_secrets_in_strict_mode_fails_on_env_first
=== RUN   TestValidateEngineEnvSecrets/engine.env_with_COPILOT_PROVIDER_BASE_URL_secret_is_allowed_in_strict_mode_(BYOK)
=== RUN   TestValidateEngineEnvSecrets/engine.env_with_COPILOT_PROVIDER_API_KEY_secret_is_allowed_in_strict_mode_(BYOK)
=== RUN   TestValidateEngineEnvSecrets/engine.env_with_COPILOT_PROVIDER_BEARER_TOKEN_secret_is_allowed_in_strict_mode_(BYOK)
=== RUN   TestValidateEngineEnvSecrets/engine.env_with_full_BYOK_config_(URL_+_API_key_+_model)_is_allowed_in_strict_mode
=== RUN   TestValidateEngineEnvSecrets/engine.env_with_BYOK_vars_and_an_unrelated_secret_still_fails_in_strict_mode
--- PASS: TestValidateEngineEnvSecrets (0.01s)
    --- PASS: TestValidateEngineEnvSecrets/engine_string_format_has_no_env_section_to_validate (0.00s)
    --- PASS: TestValidateEngineEnvSecrets/engine_object_without_env_is_allowed (0.00s)
    --- PASS: TestValidateEngineEnvSecrets/engine.env_with_no_secrets_is_allowed (0.00s)
    --- PASS: TestValidateEngineEnvSecrets/engine.env_overriding_COPILOT_GITHUB_TOKEN_with_custom_secret_is_allowed_in_strict_mode (0.00s)
    --- PASS: TestValidateEngineEnvSecrets/engine.env_with_non-engine_secret_alongside_engine_var_override_still_fails (0.00s)
    --- PASS: TestValidateEngineEnvSecrets/engine.env_with_single_secret_in_strict_mode_fails (0.00s)
    --- PASS: TestValidateEngineEnvSecrets/engine.env_with_multiple_secrets_in_strict_mode_fails (0.00s)
    --- PASS: TestValidateEngineEnvSecrets/engine.env_with_secret_embedded_in_string_in_strict_mode_fails (0.00s)
    --- PASS: TestValidateEngineEnvSecrets/engine.env_with_secret_in_non-strict_mode_emits_warning_(no_error) (0.00s)
    --- PASS: TestValidateEngineEnvSecrets/both_env_and_engine.env_with_secrets_in_strict_mode_fails_on_env_first (0.00s)
    --- PASS: TestValidateEngineEnvSecrets/engine.env_with_COPILOT_PROVIDER_BASE_URL_secret_is_allowed_in_strict_mode_(BYOK) (0.00s)
    --- PASS: TestValidateEngineEnvSecrets/engine.env_with_COPILOT_PROVIDER_API_KEY_secret_is_allowed_in_strict_mode_(BYOK) (0.00s)
    --- PASS: TestValidateEngineEnvSecrets/engine.env_with_COPILOT_PROVIDER_BEARER_TOKEN_secret_is_allowed_in_strict_mode_(BYOK) (0.00s)
    --- PASS: TestValidateEngineEnvSecrets/engine.env_with_full_BYOK_config_(URL_+_API_key_+_model)_is_allowed_in_strict_mode (0.00s)
    --- PASS: TestValidateEngineEnvSecrets/engine.env_with_BYOK_vars_and_an_unrelated_secret_still_fails_in_strict_mode (0.00s)
=== RUN   TestNewErrorCollector
=== RUN   TestNewErrorCollector/fail-fast_enabled
=== RUN   TestNewErrorCollector/fail-fast_disabled
--- PASS: TestNewErrorCollector (0.00s)
    --- PASS: TestNewErrorCollector/fail-fast_enabled (0.00s)
    --- PASS: TestNewErrorCollector/fail-fast_disabled (0.00s)
=== RUN   TestErrorCollectorAdd_FailFast
--- PASS: TestErrorCollectorAdd_FailFast (0.00s)
=== RUN   TestErrorCollectorAdd_Aggregate
--- PASS: TestErrorCollectorAdd_Aggregate (0.00s)
=== RUN   TestErrorCollectorAdd_NilError
--- PASS: TestErrorCollectorAdd_NilError (0.00s)
=== RUN   TestErrorCollectorError_NoErrors
--- PASS: TestErrorCollectorError_NoErrors (0.00s)
=== RUN   TestErrorCollectorError_SingleError
--- PASS: TestErrorCollectorError_SingleError (0.00s)
=== RUN   TestErrorCollectorError_MultipleErrors
--- PASS: TestErrorCollectorError_MultipleErrors (0.00s)
=== RUN   TestErrorCollectorIntegration
=== RUN   TestErrorCollectorIntegration/no_errors_collected
=== RUN   TestErrorCollectorIntegration/single_error_aggregated
=== RUN   TestErrorCollectorIntegration/multiple_errors_aggregated
=== RUN   TestErrorCollectorIntegration/fail-fast_stops_at_first_error
--- PASS: TestErrorCollectorIntegration (0.00s)
    --- PASS: TestErrorCollectorIntegration/no_errors_collected (0.00s)
    --- PASS: TestErrorCollectorIntegration/single_error_aggregated (0.00s)
    --- PASS: TestErrorCollectorIntegration/multiple_errors_aggregated (0.00s)
    --- PASS: TestErrorCollectorIntegration/fail-fast_stops_at_first_error (0.00s)
=== RUN   TestErrorCollectorFormattedError
=== RUN   TestErrorCollectorFormattedError/no_errors
=== RUN   TestErrorCollectorFormattedError/single_error_(no_formatting)
=== RUN   TestErrorCollectorFormattedError/multiple_errors_with_formatted_header
=== RUN   TestErrorCollectorFormattedError/errors_with_newlines_preserved
--- PASS: TestErrorCollectorFormattedError (0.00s)
    --- PASS: TestErrorCollectorFormattedError/no_errors (0.00s)
    --- PASS: TestErrorCollectorFormattedError/single_error_(no_formatting) (0.00s)
    --- PASS: TestErrorCollectorFormattedError/multiple_errors_with_formatted_header (0.00s)
    --- PASS: TestErrorCollectorFormattedError/errors_with_newlines_preserved (0.00s)
=== RUN   TestErrorCollectorFormattedError_PreservesErrorChain
--- PASS: TestErrorCollectorFormattedError_PreservesErrorChain (0.00s)
=== RUN   TestValidationError
=== RUN   TestValidationError/basic_validation_error
=== RUN   TestValidationError/validation_error_with_long_value
=== RUN   TestValidationError/validation_error_without_suggestion
--- PASS: TestValidationError (0.00s)
    --- PASS: TestValidationError/basic_validation_error (0.00s)
    --- PASS: TestValidationError/validation_error_with_long_value (0.00s)
    --- PASS: TestValidationError/validation_error_without_suggestion (0.00s)
=== RUN   TestFieldLocationAlias
--- PASS: TestFieldLocationAlias (0.00s)
=== RUN   TestOperationError
=== RUN   TestOperationError/basic_operation_error
=== RUN   TestOperationError/operation_error_without_entity_ID
=== RUN   TestOperationError/operation_error_unwrap
=== RUN   TestOperationError/operation_error_with_timestamp
--- PASS: TestOperationError (0.00s)
    --- PASS: TestOperationError/basic_operation_error (0.00s)
    --- PASS: TestOperationError/operation_error_without_entity_ID (0.00s)
    --- PASS: TestOperationError/operation_error_unwrap (0.00s)
    --- PASS: TestOperationError/operation_error_with_timestamp (0.00s)
=== RUN   TestConfigurationError
=== RUN   TestConfigurationError/basic_configuration_error
=== RUN   TestConfigurationError/configuration_error_with_default_suggestion
=== RUN   TestConfigurationError/configuration_error_with_long_value
--- PASS: TestConfigurationError (0.00s)
    --- PASS: TestConfigurationError/basic_configuration_error (0.00s)
    --- PASS: TestConfigurationError/configuration_error_with_default_suggestion (0.00s)
    --- PASS: TestConfigurationError/configuration_error_with_long_value (0.00s)
=== RUN   TestErrorMessageQuality
=== RUN   TestErrorMessageQuality/manual-approval_type_error_includes_example
=== RUN   TestErrorMessageQuality/invalid_on_section_format_includes_example
=== RUN   TestErrorMessageQuality/MCP_missing_required_property_includes_example
=== RUN   TestErrorMessageQuality/MCP_invalid_type_includes_valid_options_and_example
=== RUN   TestErrorMessageQuality/MCP_both_command_and_container_includes_guidance
=== RUN   TestErrorMessageQuality/docker_image_not_found_includes_example
=== RUN   TestErrorMessageQuality/tracker-id_type_error_shows_actual_type_and_example
=== RUN   TestErrorMessageQuality/stop-after_type_error_shows_actual_type_and_example
=== RUN   TestErrorMessageQuality/MCP_property_type_error_shows_actual_type_with_%T
--- PASS: TestErrorMessageQuality (0.00s)
    --- PASS: TestErrorMessageQuality/manual-approval_type_error_includes_example (0.00s)
    --- PASS: TestErrorMessageQuality/invalid_on_section_format_includes_example (0.00s)
    --- PASS: TestErrorMessageQuality/MCP_missing_required_property_includes_example (0.00s)
    --- PASS: TestErrorMessageQuality/MCP_invalid_type_includes_valid_options_and_example (0.00s)
    --- PASS: TestErrorMessageQuality/MCP_both_command_and_container_includes_guidance (0.00s)
    --- PASS: TestErrorMessageQuality/docker_image_not_found_includes_example (0.00s)
    --- PASS: TestErrorMessageQuality/tracker-id_type_error_shows_actual_type_and_example (0.00s)
    --- PASS: TestErrorMessageQuality/stop-after_type_error_shows_actual_type_and_example (0.00s)
    --- PASS: TestErrorMessageQuality/MCP_property_type_error_shows_actual_type_with_%T (0.00s)
=== RUN   TestMCPValidationErrorQuality
=== RUN   TestMCPValidationErrorQuality/missing_command_or_container
=== RUN   TestMCPValidationErrorQuality/http_type_cannot_use_container
=== RUN   TestMCPValidationErrorQuality/unknown_property_in_tool_config
=== RUN   TestMCPValidationErrorQuality/type_field_wrong_type
=== RUN   TestMCPValidationErrorQuality/both_command_and_container_specified
=== RUN   TestMCPValidationErrorQuality/invalid_type_value
--- PASS: TestMCPValidationErrorQuality (0.00s)
    --- PASS: TestMCPValidationErrorQuality/missing_command_or_container (0.00s)
    --- PASS: TestMCPValidationErrorQuality/http_type_cannot_use_container (0.00s)
    --- PASS: TestMCPValidationErrorQuality/unknown_property_in_tool_config (0.00s)
    --- PASS: TestMCPValidationErrorQuality/type_field_wrong_type (0.00s)
    --- PASS: TestMCPValidationErrorQuality/both_command_and_container_specified (0.00s)
    --- PASS: TestMCPValidationErrorQuality/invalid_type_value (0.00s)
=== RUN   TestExpandErrorMessages_UnwrapsJoinedErrors
--- PASS: TestExpandErrorMessages_UnwrapsJoinedErrors (0.00s)
=== RUN   TestBuildPrioritizedErrorReportFromMessages_DefaultLimit
--- PASS: TestBuildPrioritizedErrorReportFromMessages_DefaultLimit (0.00s)
=== RUN   TestExpandErrorMessages_SplitsBundledSchemaFailures
--- PASS: TestExpandErrorMessages_SplitsBundledSchemaFailures (0.00s)
=== RUN   TestBuildPrioritizedErrorReportFromMessages_ShowAll
--- PASS: TestBuildPrioritizedErrorReportFromMessages_ShowAll (0.00s)
=== RUN   TestBuildPrioritizedErrorReportFromMessages_SuppressesCascadingSyntaxErrors
--- PASS: TestBuildPrioritizedErrorReportFromMessages_SuppressesCascadingSyntaxErrors (0.00s)
=== RUN   TestNewValidationError_ClassifiesSeverity
--- PASS: TestNewValidationError_ClassifiesSeverity (0.00s)
=== RUN   TestBuildPrioritizedErrorReportFromMessages_DuplicateKeyErrorsGetSpecificSuggestion
--- PASS: TestBuildPrioritizedErrorReportFromMessages_DuplicateKeyErrorsGetSpecificSuggestion (0.00s)
=== RUN   TestBuildPrioritizedErrorReportFromMessages_DuplicateKeySuggestionPreservesOriginalKeyCasing
--- PASS: TestBuildPrioritizedErrorReportFromMessages_DuplicateKeySuggestionPreservesOriginalKeyCasing (0.00s)
=== RUN   TestBuildPrioritizedErrorReportFromMessages_UnknownPermissionScopesUsePermissionHint
--- PASS: TestBuildPrioritizedErrorReportFromMessages_UnknownPermissionScopesUsePermissionHint (0.00s)
=== RUN   TestBuildPrioritizedErrorReportFromMessages_UnknownPermissionScopeHintPreservesOriginalScopeCasing
--- PASS: TestBuildPrioritizedErrorReportFromMessages_UnknownPermissionScopeHintPreservesOriginalScopeCasing (0.00s)
=== RUN   TestUserFacingErrorsDontLeakInternals
=== RUN   TestUserFacingErrorsDontLeakInternals/workflow_compilation_YAML_parse_error
=== RUN   TestUserFacingErrorsDontLeakInternals/workflow_file_read_error
=== RUN   TestUserFacingErrorsDontLeakInternals/import_resolution_error
--- PASS: TestUserFacingErrorsDontLeakInternals (0.00s)
    --- PASS: TestUserFacingErrorsDontLeakInternals/workflow_compilation_YAML_parse_error (0.00s)
    --- PASS: TestUserFacingErrorsDontLeakInternals/workflow_file_read_error (0.00s)
    --- PASS: TestUserFacingErrorsDontLeakInternals/import_resolution_error (0.00s)
=== RUN   TestErrorMessagesPreserveContext
=== RUN   TestErrorMessagesPreserveContext/file_path_is_preserved_in_error_message
=== RUN   TestErrorMessagesPreserveContext/field_names_are_preserved_for_validation_errors
--- PASS: TestErrorMessagesPreserveContext (0.00s)
    --- PASS: TestErrorMessagesPreserveContext/file_path_is_preserved_in_error_message (0.00s)
    --- PASS: TestErrorMessagesPreserveContext/field_names_are_preserved_for_validation_errors (0.00s)
=== RUN   TestStandardLibraryErrorsNotExposed
=== RUN   TestStandardLibraryErrorsNotExposed/path_errors_from_file_operations
=== RUN   TestStandardLibraryErrorsNotExposed/YAML_type_errors_from_parsing
--- PASS: TestStandardLibraryErrorsNotExposed (0.00s)
    --- PASS: TestStandardLibraryErrorsNotExposed/path_errors_from_file_operations (0.00s)
    --- PASS: TestStandardLibraryErrorsNotExposed/YAML_type_errors_from_parsing (0.00s)
=== RUN   TestHTTPErrorsNotExposed
=== RUN   TestHTTPErrorsNotExposed/HTTP_errors_should_be_wrapped_with_user-friendly_messages
=== RUN   TestHTTPErrorsNotExposed/IO_errors_should_be_wrapped_with_context
--- PASS: TestHTTPErrorsNotExposed (0.00s)
    --- PASS: TestHTTPErrorsNotExposed/HTTP_errors_should_be_wrapped_with_user-friendly_messages (0.00s)
    --- PASS: TestHTTPErrorsNotExposed/IO_errors_should_be_wrapped_with_context (0.00s)
=== RUN   TestValidateEventTypes
=== RUN   TestValidateEventTypes/valid_event_string_form
=== RUN   TestValidateEventTypes/valid_events_in_list_form
=== RUN   TestValidateEventTypes/valid_events_in_map_form
=== RUN   TestValidateEventTypes/typo_pus_suggests_push
=== RUN   TestValidateEventTypes/typo_pull_rquest_suggests_pull_request
=== RUN   TestValidateEventTypes/unknown_event_with_no_close_match_is_silently_skipped
=== RUN   TestValidateEventTypes/no_on_section_is_valid
=== RUN   TestValidateEventTypes/error_message_contains_valid_event_types
=== RUN   TestValidateEventTypes/gh-aw_synthetic_key_needs_is_silently_skipped
=== RUN   TestValidateEventTypes/case-only_typo_Push_suggests_push
=== RUN   TestValidateEventTypes/case-only_typo_Pull_Request_suggests_pull_request
--- PASS: TestValidateEventTypes (0.00s)
    --- PASS: TestValidateEventTypes/valid_event_string_form (0.00s)
    --- PASS: TestValidateEventTypes/valid_events_in_list_form (0.00s)
    --- PASS: TestValidateEventTypes/valid_events_in_map_form (0.00s)
    --- PASS: TestValidateEventTypes/typo_pus_suggests_push (0.00s)
    --- PASS: TestValidateEventTypes/typo_pull_rquest_suggests_pull_request (0.00s)
    --- PASS: TestValidateEventTypes/unknown_event_with_no_close_match_is_silently_skipped (0.00s)
    --- PASS: TestValidateEventTypes/no_on_section_is_valid (0.00s)
    --- PASS: TestValidateEventTypes/error_message_contains_valid_event_types (0.00s)
    --- PASS: TestValidateEventTypes/gh-aw_synthetic_key_needs_is_silently_skipped (0.00s)
    --- PASS: TestValidateEventTypes/case-only_typo_Push_suggests_push (0.00s)
    --- PASS: TestValidateEventTypes/case-only_typo_Pull_Request_suggests_pull_request (0.00s)
=== RUN   TestBuildFromAllowedForksEmptyList
--- PASS: TestBuildFromAllowedForksEmptyList (0.00s)
=== RUN   TestBuildFromAllowedForksSingleCondition
--- PASS: TestBuildFromAllowedForksSingleCondition (0.00s)
=== RUN   TestBuildFromAllowedForksGlobPattern
--- PASS: TestBuildFromAllowedForksGlobPattern (0.00s)
=== RUN   TestBuildFromAllowedForksExactMatch
--- PASS: TestBuildFromAllowedForksExactMatch (0.00s)
=== RUN   TestBuildFromAllowedForksMixedPatterns
--- PASS: TestBuildFromAllowedForksMixedPatterns (0.00s)
=== RUN   TestVisitExpressionTreeWithDifferentNodeTypes
=== RUN   TestVisitExpressionTreeWithDifferentNodeTypes/nil_node
=== RUN   TestVisitExpressionTreeWithDifferentNodeTypes/ComparisonNode
=== RUN   TestVisitExpressionTreeWithDifferentNodeTypes/PropertyAccessNode
=== RUN   TestVisitExpressionTreeWithDifferentNodeTypes/StringLiteralNode
=== RUN   TestVisitExpressionTreeWithDifferentNodeTypes/FunctionCallNode
=== RUN   TestVisitExpressionTreeWithDifferentNodeTypes/DisjunctionNode_with_multiple_terms
--- PASS: TestVisitExpressionTreeWithDifferentNodeTypes (0.00s)
    --- PASS: TestVisitExpressionTreeWithDifferentNodeTypes/nil_node (0.00s)
    --- PASS: TestVisitExpressionTreeWithDifferentNodeTypes/ComparisonNode (0.00s)
    --- PASS: TestVisitExpressionTreeWithDifferentNodeTypes/PropertyAccessNode (0.00s)
    --- PASS: TestVisitExpressionTreeWithDifferentNodeTypes/StringLiteralNode (0.00s)
    --- PASS: TestVisitExpressionTreeWithDifferentNodeTypes/FunctionCallNode (0.00s)
    --- PASS: TestVisitExpressionTreeWithDifferentNodeTypes/DisjunctionNode_with_multiple_terms (0.00s)
=== RUN   TestExpressionParserCurrentWithEmptyTokens
--- PASS: TestExpressionParserCurrentWithEmptyTokens (0.00s)
=== RUN   TestExpressionParserCurrentBeyondLength
--- PASS: TestExpressionParserCurrentBeyondLength (0.00s)
=== RUN   TestParseExpressionEmptyString
=== RUN   TestParseExpressionEmptyString/empty_string
=== RUN   TestParseExpressionEmptyString/whitespace_only
--- PASS: TestParseExpressionEmptyString (0.00s)
    --- PASS: TestParseExpressionEmptyString/empty_string (0.00s)
    --- PASS: TestParseExpressionEmptyString/whitespace_only (0.00s)
=== RUN   TestExpressionExtractor_ExtractExpressions
=== RUN   TestExpressionExtractor_ExtractExpressions/no_expressions
=== RUN   TestExpressionExtractor_ExtractExpressions/single_simple_expression
=== RUN   TestExpressionExtractor_ExtractExpressions/multiple_expressions
=== RUN   TestExpressionExtractor_ExtractExpressions/duplicate_expressions
=== RUN   TestExpressionExtractor_ExtractExpressions/expression_with_operators
=== RUN   TestExpressionExtractor_ExtractExpressions/compound_||_with_steps.*_and_inputs.*_emits_sub-expression_env_vars
=== RUN   TestExpressionExtractor_ExtractExpressions/compound_||_with_only_github.*_sub-expressions_emits_no_extra_mappings
=== RUN   TestExpressionExtractor_ExtractExpressions/compound_||_with_needs.*_and_string_literal_emits_sub-expression_env_var
⚠ Deprecated expression ${{ needs.activation.outputs.text || 'fallback' }}: use ${{ steps.sanitized.outputs.text || 'fallback' }} instead.
=== RUN   TestExpressionExtractor_ExtractExpressions/standalone_sub-expression_present_in_markdown_takes_precedence_over_synthesized_mapping
=== RUN   TestExpressionExtractor_ExtractExpressions/expression_in_URL
=== RUN   TestExpressionExtractor_ExtractExpressions/needs.activation.outputs.text_gets_transformed
⚠ Deprecated expression ${{ needs.activation.outputs.text }}: use ${{ steps.sanitized.outputs.text }} instead.
=== RUN   TestExpressionExtractor_ExtractExpressions/experiments.name_gets_transformed_to_step_output
=== RUN   TestExpressionExtractor_ExtractExpressions/experiments.name_==_value_comparison_form_gets_transformed_to_step_output
=== RUN   TestExpressionExtractor_ExtractExpressions/experiments.name_===_value_strict-equality_form_gets_transformed_to_step_output
=== RUN   TestExpressionExtractor_ExtractExpressions/experiments.name_!=_value_inequality_form_gets_transformed_to_step_output
=== RUN   TestExpressionExtractor_ExtractExpressions/experiments.name_!==_value_strict-inequality_form_gets_transformed_to_step_output
=== RUN   TestExpressionExtractor_ExtractExpressions/experiments.name_==_value_with_single_quotes_gets_transformed_to_step_output
=== RUN   TestExpressionExtractor_ExtractExpressions/expression_with_whitespace
=== RUN   TestExpressionExtractor_ExtractExpressions/aw_context_syntax_sugar_gets_transformed
=== RUN   TestExpressionExtractor_ExtractExpressions/aw_context_syntax_sugar_with_hyphenated_field_does_not_transform
=== RUN   TestExpressionExtractor_ExtractExpressions/paren-wrapped_compound_||_emits_sub-expression_env_vars
=== RUN   TestExpressionExtractor_ExtractExpressions/AND_of_two_paren_groups_emits_all_sub-expression_env_vars
=== RUN   TestExpressionExtractor_ExtractExpressions/paren_group_on_right_of_OR_emits_nested_sub-expression_env_vars
--- PASS: TestExpressionExtractor_ExtractExpressions (0.00s)
    --- PASS: TestExpressionExtractor_ExtractExpressions/no_expressions (0.00s)
    --- PASS: TestExpressionExtractor_ExtractExpressions/single_simple_expression (0.00s)
    --- PASS: TestExpressionExtractor_ExtractExpressions/multiple_expressions (0.00s)
    --- PASS: TestExpressionExtractor_ExtractExpressions/duplicate_expressions (0.00s)
    --- PASS: TestExpressionExtractor_ExtractExpressions/expression_with_operators (0.00s)
    --- PASS: TestExpressionExtractor_ExtractExpressions/compound_||_with_steps.*_and_inputs.*_emits_sub-expression_env_vars (0.00s)
    --- PASS: TestExpressionExtractor_ExtractExpressions/compound_||_with_only_github.*_sub-expressions_emits_no_extra_mappings (0.00s)
    --- PASS: TestExpressionExtractor_ExtractExpressions/compound_||_with_needs.*_and_string_literal_emits_sub-expression_env_var (0.00s)
    --- PASS: TestExpressionExtractor_ExtractExpressions/standalone_sub-expression_present_in_markdown_takes_precedence_over_synthesized_mapping (0.00s)
    --- PASS: TestExpressionExtractor_ExtractExpressions/expression_in_URL (0.00s)
    --- PASS: TestExpressionExtractor_ExtractExpressions/needs.activation.outputs.text_gets_transformed (0.00s)
    --- PASS: TestExpressionExtractor_ExtractExpressions/experiments.name_gets_transformed_to_step_output (0.00s)
    --- PASS: TestExpressionExtractor_ExtractExpressions/experiments.name_==_value_comparison_form_gets_transformed_to_step_output (0.00s)
    --- PASS: TestExpressionExtractor_ExtractExpressions/experiments.name_===_value_strict-equality_form_gets_transformed_to_step_output (0.00s)
    --- PASS: TestExpressionExtractor_ExtractExpressions/experiments.name_!=_value_inequality_form_gets_transformed_to_step_output (0.00s)
    --- PASS: TestExpressionExtractor_ExtractExpressions/experiments.name_!==_value_strict-inequality_form_gets_transformed_to_step_output (0.00s)
    --- PASS: TestExpressionExtractor_ExtractExpressions/experiments.name_==_value_with_single_quotes_gets_transformed_to_step_output (0.00s)
    --- PASS: TestExpressionExtractor_ExtractExpressions/expression_with_whitespace (0.00s)
    --- PASS: TestExpressionExtractor_ExtractExpressions/aw_context_syntax_sugar_gets_transformed (0.00s)
    --- PASS: TestExpressionExtractor_ExtractExpressions/aw_context_syntax_sugar_with_hyphenated_field_does_not_transform (0.00s)
    --- PASS: TestExpressionExtractor_ExtractExpressions/paren-wrapped_compound_||_emits_sub-expression_env_vars (0.00s)
    --- PASS: TestExpressionExtractor_ExtractExpressions/AND_of_two_paren_groups_emits_all_sub-expression_env_vars (0.00s)
    --- PASS: TestExpressionExtractor_ExtractExpressions/paren_group_on_right_of_OR_emits_nested_sub-expression_env_vars (0.00s)
=== RUN   TestExpressionExtractor_GenerateEnvVarName
=== RUN   TestExpressionExtractor_GenerateEnvVarName/simple_expression
=== RUN   TestExpressionExtractor_GenerateEnvVarName/expression_with_underscore
=== RUN   TestExpressionExtractor_GenerateEnvVarName/nested_expression
=== RUN   TestExpressionExtractor_GenerateEnvVarName/needs_output
=== RUN   TestExpressionExtractor_GenerateEnvVarName/complex_expression_with_operators
--- PASS: TestExpressionExtractor_GenerateEnvVarName (0.00s)
    --- PASS: TestExpressionExtractor_GenerateEnvVarName/simple_expression (0.00s)
    --- PASS: TestExpressionExtractor_GenerateEnvVarName/expression_with_underscore (0.00s)
    --- PASS: TestExpressionExtractor_GenerateEnvVarName/nested_expression (0.00s)
    --- PASS: TestExpressionExtractor_GenerateEnvVarName/needs_output (0.00s)
    --- PASS: TestExpressionExtractor_GenerateEnvVarName/complex_expression_with_operators (0.00s)
=== RUN   TestExpressionExtractor_CompleteWorkflow
--- PASS: TestExpressionExtractor_CompleteWorkflow (0.00s)
=== RUN   TestExpressionExtractor_NoCollisions
--- PASS: TestExpressionExtractor_NoCollisions (0.00s)
=== RUN   TestTransformActivationOutputs
=== RUN   TestTransformActivationOutputs/transform_text_output
=== RUN   TestTransformActivationOutputs/transform_title_output
=== RUN   TestTransformActivationOutputs/transform_body_output
=== RUN   TestTransformActivationOutputs/no_transformation_for_other_outputs
=== RUN   TestTransformActivationOutputs/no_transformation_for_other_jobs
=== RUN   TestTransformActivationOutputs/expression_with_operators
=== RUN   TestTransformActivationOutputs/multiple_transformations_in_same_expression
=== RUN   TestTransformActivationOutputs/no_transformation_needed
=== RUN   TestTransformActivationOutputs/no_transformation_for_partial_match
=== RUN   TestTransformActivationOutputs/transform_with_trailing_operator
=== RUN   TestTransformActivationOutputs/transform_with_trailing_parenthesis
=== RUN   TestTransformActivationOutputs/partial_match_followed_by_valid_match
--- PASS: TestTransformActivationOutputs (0.00s)
    --- PASS: TestTransformActivationOutputs/transform_text_output (0.00s)
    --- PASS: TestTransformActivationOutputs/transform_title_output (0.00s)
    --- PASS: TestTransformActivationOutputs/transform_body_output (0.00s)
    --- PASS: TestTransformActivationOutputs/no_transformation_for_other_outputs (0.00s)
    --- PASS: TestTransformActivationOutputs/no_transformation_for_other_jobs (0.00s)
    --- PASS: TestTransformActivationOutputs/expression_with_operators (0.00s)
    --- PASS: TestTransformActivationOutputs/multiple_transformations_in_same_expression (0.00s)
    --- PASS: TestTransformActivationOutputs/no_transformation_needed (0.00s)
    --- PASS: TestTransformActivationOutputs/no_transformation_for_partial_match (0.00s)
    --- PASS: TestTransformActivationOutputs/transform_with_trailing_operator (0.00s)
    --- PASS: TestTransformActivationOutputs/transform_with_trailing_parenthesis (0.00s)
    --- PASS: TestTransformActivationOutputs/partial_match_followed_by_valid_match (0.00s)
=== RUN   TestExpressionExtractor_ActivationOutputTransformation
⚠ Deprecated expression ${{ needs.activation.outputs.text }}: use ${{ steps.sanitized.outputs.text }} instead.
⚠ Deprecated expression ${{ needs.activation.outputs.title }}: use ${{ steps.sanitized.outputs.title }} instead.
⚠ Deprecated expression ${{ needs.activation.outputs.body }}: use ${{ steps.sanitized.outputs.body }} instead.
=== RUN   TestExpressionExtractor_ActivationOutputTransformation/steps.sanitized.outputs.text
=== RUN   TestExpressionExtractor_ActivationOutputTransformation/steps.sanitized.outputs.title
=== RUN   TestExpressionExtractor_ActivationOutputTransformation/steps.sanitized.outputs.body
=== RUN   TestExpressionExtractor_ActivationOutputTransformation/needs.activation.outputs.comment_id
--- PASS: TestExpressionExtractor_ActivationOutputTransformation (0.00s)
    --- PASS: TestExpressionExtractor_ActivationOutputTransformation/steps.sanitized.outputs.text (0.00s)
    --- PASS: TestExpressionExtractor_ActivationOutputTransformation/steps.sanitized.outputs.title (0.00s)
    --- PASS: TestExpressionExtractor_ActivationOutputTransformation/steps.sanitized.outputs.body (0.00s)
    --- PASS: TestExpressionExtractor_ActivationOutputTransformation/needs.activation.outputs.comment_id (0.00s)
=== RUN   TestApplyWorkflowDispatchFallbacks
=== RUN   TestApplyWorkflowDispatchFallbacks/PR_number_expression_gets_fallback_when_hasItemNumber_is_true
=== RUN   TestApplyWorkflowDispatchFallbacks/issue_number_expression_gets_fallback
=== RUN   TestApplyWorkflowDispatchFallbacks/discussion_number_expression_gets_fallback
=== RUN   TestApplyWorkflowDispatchFallbacks/no_fallback_applied_when_hasItemNumber_is_false
=== RUN   TestApplyWorkflowDispatchFallbacks/unrelated_expressions_are_not_modified
=== RUN   TestApplyWorkflowDispatchFallbacks/EnvVar_name_is_preserved_after_fallback_is_applied
--- PASS: TestApplyWorkflowDispatchFallbacks (0.00s)
    --- PASS: TestApplyWorkflowDispatchFallbacks/PR_number_expression_gets_fallback_when_hasItemNumber_is_true (0.00s)
    --- PASS: TestApplyWorkflowDispatchFallbacks/issue_number_expression_gets_fallback (0.00s)
    --- PASS: TestApplyWorkflowDispatchFallbacks/discussion_number_expression_gets_fallback (0.00s)
    --- PASS: TestApplyWorkflowDispatchFallbacks/no_fallback_applied_when_hasItemNumber_is_false (0.00s)
    --- PASS: TestApplyWorkflowDispatchFallbacks/unrelated_expressions_are_not_modified (0.00s)
    --- PASS: TestApplyWorkflowDispatchFallbacks/EnvVar_name_is_preserved_after_fallback_is_applied (0.00s)
=== RUN   TestExtractTerminalSubExpressions
=== RUN   TestExtractTerminalSubExpressions/steps_and_inputs_sub-expressions_are_returned
=== RUN   TestExtractTerminalSubExpressions/needs_sub-expression_is_returned
=== RUN   TestExtractTerminalSubExpressions/github.*_sub-expressions_are_excluded_(resolved_via_context)
=== RUN   TestExtractTerminalSubExpressions/github.*_left_side_excluded,_inputs.*_right_side_included
=== RUN   TestExtractTerminalSubExpressions/string_literal_on_right_side_is_excluded
=== RUN   TestExtractTerminalSubExpressions/hyphenated_identifier_is_excluded_(not_a_simpleIdentifier)
=== RUN   TestExtractTerminalSubExpressions/three-way_OR_returns_all_matching_sub-expressions
=== RUN   TestExtractTerminalSubExpressions/deduplicates_repeated_sub-expressions
=== RUN   TestExtractTerminalSubExpressions/simple_expression_(no_operators)_—_single_qualifying_token_is_returned
=== RUN   TestExtractTerminalSubExpressions/function_call_expression_returns_empty
=== RUN   TestExtractTerminalSubExpressions/AND_operator_is_also_split
=== RUN   TestExtractTerminalSubExpressions/outer_parens_wrapping_the_whole_expression_are_stripped
=== RUN   TestExtractTerminalSubExpressions/AND_of_two_paren_groups
=== RUN   TestExtractTerminalSubExpressions/paren_group_on_the_right_of_OR
=== RUN   TestExtractTerminalSubExpressions/paren_group_on_the_left_of_AND
=== RUN   TestExtractTerminalSubExpressions/nested_parens_with_github.*_excluded
--- PASS: TestExtractTerminalSubExpressions (0.00s)
    --- PASS: TestExtractTerminalSubExpressions/steps_and_inputs_sub-expressions_are_returned (0.00s)
    --- PASS: TestExtractTerminalSubExpressions/needs_sub-expression_is_returned (0.00s)
    --- PASS: TestExtractTerminalSubExpressions/github.*_sub-expressions_are_excluded_(resolved_via_context) (0.00s)
    --- PASS: TestExtractTerminalSubExpressions/github.*_left_side_excluded,_inputs.*_right_side_included (0.00s)
    --- PASS: TestExtractTerminalSubExpressions/string_literal_on_right_side_is_excluded (0.00s)
    --- PASS: TestExtractTerminalSubExpressions/hyphenated_identifier_is_excluded_(not_a_simpleIdentifier) (0.00s)
    --- PASS: TestExtractTerminalSubExpressions/three-way_OR_returns_all_matching_sub-expressions (0.00s)
    --- PASS: TestExtractTerminalSubExpressions/deduplicates_repeated_sub-expressions (0.00s)
    --- PASS: TestExtractTerminalSubExpressions/simple_expression_(no_operators)_—_single_qualifying_token_is_returned (0.00s)
    --- PASS: TestExtractTerminalSubExpressions/function_call_expression_returns_empty (0.00s)
    --- PASS: TestExtractTerminalSubExpressions/AND_operator_is_also_split (0.00s)
    --- PASS: TestExtractTerminalSubExpressions/outer_parens_wrapping_the_whole_expression_are_stripped (0.00s)
    --- PASS: TestExtractTerminalSubExpressions/AND_of_two_paren_groups (0.00s)
    --- PASS: TestExtractTerminalSubExpressions/paren_group_on_the_right_of_OR (0.00s)
    --- PASS: TestExtractTerminalSubExpressions/paren_group_on_the_left_of_AND (0.00s)
    --- PASS: TestExtractTerminalSubExpressions/nested_parens_with_github.*_excluded (0.00s)
=== RUN   TestCompoundExpressionEnvVarNames
--- PASS: TestCompoundExpressionEnvVarNames (0.00s)
=== RUN   TestMarshalImportInputValue
=== RUN   TestMarshalImportInputValue/string_scalar
=== RUN   TestMarshalImportInputValue/int_scalar
=== RUN   TestMarshalImportInputValue/bool_scalar
=== RUN   TestMarshalImportInputValue/[]any_slice
=== RUN   TestMarshalImportInputValue/[]string_typed_slice_(goccy/go-yaml_output)
=== RUN   TestMarshalImportInputValue/[]int_typed_slice
=== RUN   TestMarshalImportInputValue/map[string]any
=== RUN   TestMarshalImportInputValue/empty_[]string
=== RUN   TestMarshalImportInputValue/nil_value
--- PASS: TestMarshalImportInputValue (0.00s)
    --- PASS: TestMarshalImportInputValue/string_scalar (0.00s)
    --- PASS: TestMarshalImportInputValue/int_scalar (0.00s)
    --- PASS: TestMarshalImportInputValue/bool_scalar (0.00s)
    --- PASS: TestMarshalImportInputValue/[]any_slice (0.00s)
    --- PASS: TestMarshalImportInputValue/[]string_typed_slice_(goccy/go-yaml_output) (0.00s)
    --- PASS: TestMarshalImportInputValue/[]int_typed_slice (0.00s)
    --- PASS: TestMarshalImportInputValue/map[string]any (0.00s)
    --- PASS: TestMarshalImportInputValue/empty_[]string (0.00s)
    --- PASS: TestMarshalImportInputValue/nil_value (0.00s)
=== RUN   TestOptimizeExpression_NilInput
--- PASS: TestOptimizeExpression_NilInput (0.00s)
=== RUN   TestOptimizeExpression_ExpressionNode
--- PASS: TestOptimizeExpression_ExpressionNode (0.00s)
=== RUN   TestOptimizeExpression_PropertyAccessNode
--- PASS: TestOptimizeExpression_PropertyAccessNode (0.00s)
=== RUN   TestOptimizeExpression_StringLiteralNode
--- PASS: TestOptimizeExpression_StringLiteralNode (0.00s)
=== RUN   TestOptimizeExpression_BooleanLiteralTrue
--- PASS: TestOptimizeExpression_BooleanLiteralTrue (0.00s)
=== RUN   TestOptimizeExpression_BooleanLiteralFalse
--- PASS: TestOptimizeExpression_BooleanLiteralFalse (0.00s)
=== RUN   TestOptimizeExpression_ComparisonNode
--- PASS: TestOptimizeExpression_ComparisonNode (0.00s)
=== RUN   TestOptimizeExpression_FunctionCallNode
--- PASS: TestOptimizeExpression_FunctionCallNode (0.00s)
=== RUN   TestOptimizeNot_TrueLiteral
--- PASS: TestOptimizeNot_TrueLiteral (0.00s)
=== RUN   TestOptimizeNot_FalseLiteral
--- PASS: TestOptimizeNot_FalseLiteral (0.00s)
=== RUN   TestOptimizeNot_DoubleNegation_Property
--- PASS: TestOptimizeNot_DoubleNegation_Property (0.00s)
=== RUN   TestOptimizeNot_DoubleNegation_Comparison
--- PASS: TestOptimizeNot_DoubleNegation_Comparison (0.00s)
=== RUN   TestOptimizeNot_DoubleNegation_Expression
--- PASS: TestOptimizeNot_DoubleNegation_Expression (0.00s)
=== RUN   TestOptimizeNot_TripleNegation
--- PASS: TestOptimizeNot_TripleNegation (0.00s)
=== RUN   TestOptimizeNot_QuadrupleNegation
--- PASS: TestOptimizeNot_QuadrupleNegation (0.00s)
=== RUN   TestOptimizeNot_DoubleNegation_FunctionCall
--- PASS: TestOptimizeNot_DoubleNegation_FunctionCall (0.00s)
=== RUN   TestOptimizeNot_SingleNegation_FunctionCallPreservation
--- PASS: TestOptimizeNot_SingleNegation_FunctionCallPreservation (0.00s)
=== RUN   TestOptimizeAnd_IdentityTrueRight
--- PASS: TestOptimizeAnd_IdentityTrueRight (0.00s)
=== RUN   TestOptimizeAnd_IdentityTrueLeft
--- PASS: TestOptimizeAnd_IdentityTrueLeft (0.00s)
=== RUN   TestOptimizeAnd_IdentityTrueBoth
--- PASS: TestOptimizeAnd_IdentityTrueBoth (0.00s)
=== RUN   TestOptimizeAnd_AnnihilationFalseRight
--- PASS: TestOptimizeAnd_AnnihilationFalseRight (0.00s)
=== RUN   TestOptimizeAnd_AnnihilationFalseLeft
--- PASS: TestOptimizeAnd_AnnihilationFalseLeft (0.00s)
=== RUN   TestOptimizeAnd_AnnihilationBothFalse
--- PASS: TestOptimizeAnd_AnnihilationBothFalse (0.00s)
=== RUN   TestOptimizeAnd_TrueAndFalse
--- PASS: TestOptimizeAnd_TrueAndFalse (0.00s)
=== RUN   TestOptimizeAnd_IdempotentComparison
--- PASS: TestOptimizeAnd_IdempotentComparison (0.00s)
=== RUN   TestOptimizeAnd_IdempotentExpression
--- PASS: TestOptimizeAnd_IdempotentExpression (0.00s)
=== RUN   TestOptimizeAnd_IdempotentProperty
--- PASS: TestOptimizeAnd_IdempotentProperty (0.00s)
=== RUN   TestOptimizeAnd_ComplementNotOnRight
--- PASS: TestOptimizeAnd_ComplementNotOnRight (0.00s)
=== RUN   TestOptimizeAnd_ComplementNotOnLeft
--- PASS: TestOptimizeAnd_ComplementNotOnLeft (0.00s)
=== RUN   TestOptimizeOr_IdentityFalseRight
--- PASS: TestOptimizeOr_IdentityFalseRight (0.00s)
=== RUN   TestOptimizeOr_IdentityFalseLeft
--- PASS: TestOptimizeOr_IdentityFalseLeft (0.00s)
=== RUN   TestOptimizeOr_IdentityFalseBoth
--- PASS: TestOptimizeOr_IdentityFalseBoth (0.00s)
=== RUN   TestOptimizeOr_AnnihilationTrueRight
--- PASS: TestOptimizeOr_AnnihilationTrueRight (0.00s)
=== RUN   TestOptimizeOr_AnnihilationTrueLeft
--- PASS: TestOptimizeOr_AnnihilationTrueLeft (0.00s)
=== RUN   TestOptimizeOr_AnnihilationBothTrue
--- PASS: TestOptimizeOr_AnnihilationBothTrue (0.00s)
=== RUN   TestOptimizeOr_FalseOrTrue
--- PASS: TestOptimizeOr_FalseOrTrue (0.00s)
=== RUN   TestOptimizeOr_IdempotentComparison
--- PASS: TestOptimizeOr_IdempotentComparison (0.00s)
=== RUN   TestOptimizeOr_IdempotentExpression
--- PASS: TestOptimizeOr_IdempotentExpression (0.00s)
=== RUN   TestOptimizeOr_ComplementNotOnRight
--- PASS: TestOptimizeOr_ComplementNotOnRight (0.00s)
=== RUN   TestOptimizeOr_ComplementNotOnLeft
--- PASS: TestOptimizeOr_ComplementNotOnLeft (0.00s)
=== RUN   TestOptimizeDisjunction_NoTerms
--- PASS: TestOptimizeDisjunction_NoTerms (0.00s)
=== RUN   TestOptimizeDisjunction_SingleTerm
--- PASS: TestOptimizeDisjunction_SingleTerm (0.00s)
=== RUN   TestOptimizeDisjunction_RemovesFalseTerms
--- PASS: TestOptimizeDisjunction_RemovesFalseTerms (0.00s)
=== RUN   TestOptimizeDisjunction_AllFalseTerms
--- PASS: TestOptimizeDisjunction_AllFalseTerms (0.00s)
=== RUN   TestOptimizeDisjunction_TrueTermShortCircuit
--- PASS: TestOptimizeDisjunction_TrueTermShortCircuit (0.00s)
=== RUN   TestOptimizeDisjunction_DeduplicatesTerms
--- PASS: TestOptimizeDisjunction_DeduplicatesTerms (0.00s)
=== RUN   TestOptimizeDisjunction_FalseOnlyOneTerm
--- PASS: TestOptimizeDisjunction_FalseOnlyOneTerm (0.00s)
=== RUN   TestOptimizeDisjunction_MultilinePreserved
--- PASS: TestOptimizeDisjunction_MultilinePreserved (0.00s)
=== RUN   TestOptimizeDisjunction_DeduplicatesAndReducesToSingle
--- PASS: TestOptimizeDisjunction_DeduplicatesAndReducesToSingle (0.00s)
=== RUN   TestOptimizeAnd_StatusFunc_AlwaysNotEliminated
--- PASS: TestOptimizeAnd_StatusFunc_AlwaysNotEliminated (0.00s)
=== RUN   TestOptimizeAnd_StatusFunc_SuccessNotEliminated
--- PASS: TestOptimizeAnd_StatusFunc_SuccessNotEliminated (0.00s)
=== RUN   TestOptimizeAnd_StatusFunc_FailureNotEliminated
--- PASS: TestOptimizeAnd_StatusFunc_FailureNotEliminated (0.00s)
=== RUN   TestOptimizeAnd_StatusFunc_CancelledNotEliminated
--- PASS: TestOptimizeAnd_StatusFunc_CancelledNotEliminated (0.00s)
=== RUN   TestOptimizeAnd_StatusFunc_AlwaysWithTrueRight
--- PASS: TestOptimizeAnd_StatusFunc_AlwaysWithTrueRight (0.00s)
=== RUN   TestOptimizeAnd_StatusFunc_TrueWithAlways
--- PASS: TestOptimizeAnd_StatusFunc_TrueWithAlways (0.00s)
=== RUN   TestOptimizeOr_StatusFunc_NotEliminated
--- PASS: TestOptimizeOr_StatusFunc_NotEliminated (0.00s)
=== RUN   TestOptimizeAnd_StatusFunc_Idempotent_Skipped
--- PASS: TestOptimizeAnd_StatusFunc_Idempotent_Skipped (0.00s)
=== RUN   TestOptimizeNested_AndInsideOr
--- PASS: TestOptimizeNested_AndInsideOr (0.00s)
=== RUN   TestOptimizeNested_OrInsideAnd
--- PASS: TestOptimizeNested_OrInsideAnd (0.00s)
=== RUN   TestOptimizeNested_DoubleNegationInsideAnd
--- PASS: TestOptimizeNested_DoubleNegationInsideAnd (0.00s)
=== RUN   TestOptimizeNested_ComplexConstantFolding
--- PASS: TestOptimizeNested_ComplexConstantFolding (0.00s)
=== RUN   TestOptimizeNested_DeepDoubleNegation
--- PASS: TestOptimizeNested_DeepDoubleNegation (0.00s)
=== RUN   TestOptimizeNested_AndWithFalseDeep
--- PASS: TestOptimizeNested_AndWithFalseDeep (0.00s)
=== RUN   TestOptimizeNested_OrWithTrueDeep
--- PASS: TestOptimizeNested_OrWithTrueDeep (0.00s)
=== RUN   TestRealWorld_SafeOutputCondition
--- PASS: TestRealWorld_SafeOutputCondition (0.00s)
=== RUN   TestRealWorld_ReactionConditionDedup
--- PASS: TestRealWorld_ReactionConditionDedup (0.00s)
=== RUN   TestRealWorld_ForkCheckNotOptimized
--- PASS: TestRealWorld_ForkCheckNotOptimized (0.00s)
=== RUN   TestRealWorld_AlwaysWithDetectionGuard
--- PASS: TestRealWorld_AlwaysWithDetectionGuard (0.00s)
=== RUN   TestRealWorld_ActivationCheck
--- PASS: TestRealWorld_ActivationCheck (0.00s)
=== RUN   TestRealWorld_ComplexSafeOutputCondition
--- PASS: TestRealWorld_ComplexSafeOutputCondition (0.00s)
=== RUN   TestRealWorld_DuplicateActivationOutputInAnd
--- PASS: TestRealWorld_DuplicateActivationOutputInAnd (0.00s)
=== RUN   TestOptimize_Idempotent_AndIdempotent
--- PASS: TestOptimize_Idempotent_AndIdempotent (0.00s)
=== RUN   TestOptimize_Idempotent_Complex
--- PASS: TestOptimize_Idempotent_Complex (0.00s)
=== RUN   TestOptimize_Idempotent_Disjunction
--- PASS: TestOptimize_Idempotent_Disjunction (0.00s)
=== RUN   TestRenderCondition_SimplifiesIdentity
--- PASS: TestRenderCondition_SimplifiesIdentity (0.00s)
=== RUN   TestRenderCondition_PreservesStatusFunc
--- PASS: TestRenderCondition_PreservesStatusFunc (0.00s)
=== RUN   TestAndNode_Render_FunctionCallNoParens
--- PASS: TestAndNode_Render_FunctionCallNoParens (0.00s)
=== RUN   TestAndNode_Render_ComparisonNoParens
--- PASS: TestAndNode_Render_ComparisonNoParens (0.00s)
=== RUN   TestAndNode_Render_OrNodeWrapped
--- PASS: TestAndNode_Render_OrNodeWrapped (0.00s)
=== RUN   TestOrNode_Render_NoWrapping
--- PASS: TestOrNode_Render_NoWrapping (0.00s)
=== RUN   TestOrNode_Render_AndChildNoParens
--- PASS: TestOrNode_Render_AndChildNoParens (0.00s)
=== RUN   TestOptimizeAndChain_Dedup
--- PASS: TestOptimizeAndChain_Dedup (0.00s)
=== RUN   TestOptimizeAndChain_ThreeDedup
--- PASS: TestOptimizeAndChain_ThreeDedup (0.00s)
=== RUN   TestOptimizeOrChain_Flatten
--- PASS: TestOptimizeOrChain_Flatten (0.00s)
=== RUN   TestOptimizeOrChain_FlattenAndDedup
--- PASS: TestOptimizeOrChain_FlattenAndDedup (0.00s)
=== RUN   TestRealWorld_AlwaysWithConditionRenderedCleanly
--- PASS: TestRealWorld_AlwaysWithConditionRenderedCleanly (0.00s)
=== RUN   TestRealWorld_CancelledWithConditionRenderedCleanly
--- PASS: TestRealWorld_CancelledWithConditionRenderedCleanly (0.00s)
=== RUN   TestRealWorld_NestedAndFlatRendering
--- PASS: TestRealWorld_NestedAndFlatRendering (0.00s)
=== RUN   TestIsBoolLiteral
--- PASS: TestIsBoolLiteral (0.00s)
=== RUN   TestIsStatusFunc
--- PASS: TestIsStatusFunc (0.00s)
=== RUN   TestNodesEqual
--- PASS: TestNodesEqual (0.00s)
=== RUN   TestContainsStatusFunc
--- PASS: TestContainsStatusFunc (0.00s)
=== RUN   TestIsNegationOf
--- PASS: TestIsNegationOf (0.00s)
=== RUN   TestOptimizeExpression_SingleTermAndNode_NoOp
--- PASS: TestOptimizeExpression_SingleTermAndNode_NoOp (0.00s)
=== RUN   TestOptimizeExpression_SingleTermOrNode_NoOp
--- PASS: TestOptimizeExpression_SingleTermOrNode_NoOp (0.00s)
=== RUN   TestOptimizeExpression_ChainedAnd_BoolLiterals
--- PASS: TestOptimizeExpression_ChainedAnd_BoolLiterals (0.00s)
=== RUN   TestOptimizeExpression_ChainedOr_BoolLiterals
--- PASS: TestOptimizeExpression_ChainedOr_BoolLiterals (0.00s)
=== RUN   TestOptimizeExpression_DisjunctionSingleFalseTerm
--- PASS: TestOptimizeExpression_DisjunctionSingleFalseTerm (0.00s)
=== RUN   TestOptimizeExpression_DisjunctionSingleTrueTerm
--- PASS: TestOptimizeExpression_DisjunctionSingleTrueTerm (0.00s)
=== RUN   TestOptimizeExpression_NotOfNot_FunctionCall_NonStatus
--- PASS: TestOptimizeExpression_NotOfNot_FunctionCall_NonStatus (0.00s)
=== RUN   TestOptimizeExpression_NotOfAndNode
--- PASS: TestOptimizeExpression_NotOfAndNode (0.00s)
=== RUN   TestOptimizeExpression_DisjunctionWithDuplicateStatusFunc
--- PASS: TestOptimizeExpression_DisjunctionWithDuplicateStatusFunc (0.00s)
=== RUN   TestOptimizeExpression_NilSafeForAllBranches
--- PASS: TestOptimizeExpression_NilSafeForAllBranches (0.00s)
=== RUN   TestDeMorgan_NotOfAnd_NoStatusFunc
--- PASS: TestDeMorgan_NotOfAnd_NoStatusFunc (0.00s)
=== RUN   TestDeMorgan_NotOfOr_NoStatusFunc
--- PASS: TestDeMorgan_NotOfOr_NoStatusFunc (0.00s)
=== RUN   TestDeMorgan_NotOfDisjunction_NoStatusFunc
--- PASS: TestDeMorgan_NotOfDisjunction_NoStatusFunc (0.00s)
=== RUN   TestDeMorgan_NotOfAnd_WithStatusFunc_Preserved
--- PASS: TestDeMorgan_NotOfAnd_WithStatusFunc_Preserved (0.00s)
=== RUN   TestDeMorgan_NotOfOr_WithStatusFunc_Preserved
--- PASS: TestDeMorgan_NotOfOr_WithStatusFunc_Preserved (0.00s)
=== RUN   TestDeMorgan_NotOfAnd_SelfComplement
--- PASS: TestDeMorgan_NotOfAnd_SelfComplement (0.00s)
=== RUN   TestDeMorgan_NotOfOr_SelfComplement
--- PASS: TestDeMorgan_NotOfOr_SelfComplement (0.00s)
=== RUN   TestDeMorgan_NotOfAnd_DoubleNeg_Simplification
--- PASS: TestDeMorgan_NotOfAnd_DoubleNeg_Simplification (0.00s)
=== RUN   TestOptimizeDisjunction_ComplementPair
--- PASS: TestOptimizeDisjunction_ComplementPair (0.00s)
=== RUN   TestOptimizeDisjunction_ComplementSymmetric
--- PASS: TestOptimizeDisjunction_ComplementSymmetric (0.00s)
=== RUN   TestOptimizeDisjunction_ComplementWithExtraTerms
--- PASS: TestOptimizeDisjunction_ComplementWithExtraTerms (0.00s)
=== RUN   TestOptimizeDisjunction_ComplementWithStatusFunc_Preserved
--- PASS: TestOptimizeDisjunction_ComplementWithStatusFunc_Preserved (0.00s)
=== RUN   TestCollectOrTerms_Flat
--- PASS: TestCollectOrTerms_Flat (0.00s)
=== RUN   TestCollectOrTerms_OrNode
--- PASS: TestCollectOrTerms_OrNode (0.00s)
=== RUN   TestCollectOrTerms_DisjunctionNode
--- PASS: TestCollectOrTerms_DisjunctionNode (0.00s)
=== RUN   TestCollectOrTerms_MixedOrAndDisj
--- PASS: TestCollectOrTerms_MixedOrAndDisj (0.00s)
=== RUN   TestCollectAndTerms_Flat
--- PASS: TestCollectAndTerms_Flat (0.00s)
=== RUN   TestCollectAndTerms_AndNode
--- PASS: TestCollectAndTerms_AndNode (0.00s)
=== RUN   TestRebuildAndChain_Single
--- PASS: TestRebuildAndChain_Single (0.00s)
=== RUN   TestRebuildAndChain_Two
--- PASS: TestRebuildAndChain_Two (0.00s)
=== RUN   TestRebuildAndChain_Three
--- PASS: TestRebuildAndChain_Three (0.00s)
=== RUN   TestAbsorption_And_LeftAbsorbsRight
--- PASS: TestAbsorption_And_LeftAbsorbsRight (0.00s)
=== RUN   TestAbsorption_And_LeftAbsorbsRight_Reversed
--- PASS: TestAbsorption_And_LeftAbsorbsRight_Reversed (0.00s)
=== RUN   TestAbsorption_And_RightAbsorbsLeft
--- PASS: TestAbsorption_And_RightAbsorbsLeft (0.00s)
=== RUN   TestAbsorption_Or_LeftAbsorbsRight
--- PASS: TestAbsorption_Or_LeftAbsorbsRight (0.00s)
=== RUN   TestAbsorption_Or_RightAbsorbsLeft
--- PASS: TestAbsorption_Or_RightAbsorbsLeft (0.00s)
=== RUN   TestAbsorption_Or_ConjunctSecond
--- PASS: TestAbsorption_Or_ConjunctSecond (0.00s)
=== RUN   TestAbsorption_StatusFunc_Preserved
--- PASS: TestAbsorption_StatusFunc_Preserved (0.00s)
=== RUN   TestSubsumption_Disj_BasicSubsumed
--- PASS: TestSubsumption_Disj_BasicSubsumed (0.00s)
=== RUN   TestSubsumption_Disj_SubsumingTermSecond
--- PASS: TestSubsumption_Disj_SubsumingTermSecond (0.00s)
=== RUN   TestSubsumption_Disj_WithExtraTerms
--- PASS: TestSubsumption_Disj_WithExtraTerms (0.00s)
=== RUN   TestSubsumption_Disj_StatusFunc_Preserved
--- PASS: TestSubsumption_Disj_StatusFunc_Preserved (0.00s)
=== RUN   TestParseExpressionComprehensive
=== RUN   TestParseExpressionComprehensive/single_literal
=== RUN   TestParseExpressionComprehensive/simple_AND_operation
=== RUN   TestParseExpressionComprehensive/simple_OR_operation
=== RUN   TestParseExpressionComprehensive/simple_NOT_operation
=== RUN   TestParseExpressionComprehensive/AND_has_higher_precedence_than_OR
=== RUN   TestParseExpressionComprehensive/multiple_AND_with_OR
=== RUN   TestParseExpressionComprehensive/NOT_has_highest_precedence
=== RUN   TestParseExpressionComprehensive/NOT_with_OR
=== RUN   TestParseExpressionComprehensive/multiple_NOT_operations
=== RUN   TestParseExpressionComprehensive/NOT_with_AND_and_OR
=== RUN   TestParseExpressionComprehensive/simple_parentheses
=== RUN   TestParseExpressionComprehensive/parentheses_override_precedence
=== RUN   TestParseExpressionComprehensive/nested_parentheses
=== RUN   TestParseExpressionComprehensive/deeply_nested_parentheses
=== RUN   TestParseExpressionComprehensive/complex_nested_expression
=== RUN   TestParseExpressionComprehensive/NOT_with_parentheses
=== RUN   TestParseExpressionComprehensive/NOT_in_parentheses
=== RUN   TestParseExpressionComprehensive/complex_NOT_expression
=== RUN   TestParseExpressionComprehensive/GitHub_Actions_condition_-_issue_events
=== RUN   TestParseExpressionComprehensive/GitHub_Actions_condition_-_run_check
=== RUN   TestParseExpressionComprehensive/GitHub_Actions_condition_-_multiple_checks
=== RUN   TestParseExpressionComprehensive/function_call_in_expression
=== RUN   TestParseExpressionComprehensive/nested_function_calls
=== RUN   TestParseExpressionComprehensive/string_with_operators_inside
=== RUN   TestParseExpressionComprehensive/string_with_parentheses_inside
=== RUN   TestParseExpressionComprehensive/string_with_NOT_operator_inside
=== RUN   TestParseExpressionComprehensive/OR_with_single-quoted_literal
=== RUN   TestParseExpressionComprehensive/OR_with_double-quoted_literal
=== RUN   TestParseExpressionComprehensive/OR_with_backtick_literal
=== RUN   TestParseExpressionComprehensive/OR_with_number_literal
=== RUN   TestParseExpressionComprehensive/OR_with_boolean_literal
=== RUN   TestParseExpressionComprehensive/complex_OR_with_literal_and_parentheses
=== RUN   TestParseExpressionComprehensive/multiple_OR_with_mixed_literals
=== RUN   TestParseExpressionComprehensive/expression_with_extra_whitespace
=== RUN   TestParseExpressionComprehensive/expression_with_tabs_and_newlines
=== RUN   TestParseExpressionComprehensive/whitespace_in_parentheses
=== RUN   TestParseExpressionComprehensive/empty_expression
=== RUN   TestParseExpressionComprehensive/only_whitespace
=== RUN   TestParseExpressionComprehensive/missing_closing_parenthesis
=== RUN   TestParseExpressionComprehensive/missing_opening_parenthesis
=== RUN   TestParseExpressionComprehensive/empty_parentheses
=== RUN   TestParseExpressionComprehensive/mismatched_parentheses
=== RUN   TestParseExpressionComprehensive/consecutive_AND_operators
=== RUN   TestParseExpressionComprehensive/consecutive_OR_operators
=== RUN   TestParseExpressionComprehensive/operator_at_end
=== RUN   TestParseExpressionComprehensive/operator_at_start
=== RUN   TestParseExpressionComprehensive/only_operators
=== RUN   TestParseExpressionComprehensive/only_OR_operator
=== RUN   TestParseExpressionComprehensive/NOT_at_end_without_operand
=== RUN   TestParseExpressionComprehensive/multiple_NOT_without_operand
=== RUN   TestParseExpressionComprehensive/escaped_quotes_in_string
=== RUN   TestParseExpressionComprehensive/double_quotes_with_operators
=== RUN   TestParseExpressionComprehensive/very_complex_expression
=== RUN   TestParseExpressionComprehensive/expression_with_mixed_function_calls
--- PASS: TestParseExpressionComprehensive (0.00s)
    --- PASS: TestParseExpressionComprehensive/single_literal (0.00s)
    --- PASS: TestParseExpressionComprehensive/simple_AND_operation (0.00s)
    --- PASS: TestParseExpressionComprehensive/simple_OR_operation (0.00s)
    --- PASS: TestParseExpressionComprehensive/simple_NOT_operation (0.00s)
    --- PASS: TestParseExpressionComprehensive/AND_has_higher_precedence_than_OR (0.00s)
    --- PASS: TestParseExpressionComprehensive/multiple_AND_with_OR (0.00s)
    --- PASS: TestParseExpressionComprehensive/NOT_has_highest_precedence (0.00s)
    --- PASS: TestParseExpressionComprehensive/NOT_with_OR (0.00s)
    --- PASS: TestParseExpressionComprehensive/multiple_NOT_operations (0.00s)
    --- PASS: TestParseExpressionComprehensive/NOT_with_AND_and_OR (0.00s)
    --- PASS: TestParseExpressionComprehensive/simple_parentheses (0.00s)
    --- PASS: TestParseExpressionComprehensive/parentheses_override_precedence (0.00s)
    --- PASS: TestParseExpressionComprehensive/nested_parentheses (0.00s)
    --- PASS: TestParseExpressionComprehensive/deeply_nested_parentheses (0.00s)
    --- PASS: TestParseExpressionComprehensive/complex_nested_expression (0.00s)
    --- PASS: TestParseExpressionComprehensive/NOT_with_parentheses (0.00s)
    --- PASS: TestParseExpressionComprehensive/NOT_in_parentheses (0.00s)
    --- PASS: TestParseExpressionComprehensive/complex_NOT_expression (0.00s)
    --- PASS: TestParseExpressionComprehensive/GitHub_Actions_condition_-_issue_events (0.00s)
    --- PASS: TestParseExpressionComprehensive/GitHub_Actions_condition_-_run_check (0.00s)
    --- PASS: TestParseExpressionComprehensive/GitHub_Actions_condition_-_multiple_checks (0.00s)
    --- PASS: TestParseExpressionComprehensive/function_call_in_expression (0.00s)
    --- PASS: TestParseExpressionComprehensive/nested_function_calls (0.00s)
    --- PASS: TestParseExpressionComprehensive/string_with_operators_inside (0.00s)
    --- PASS: TestParseExpressionComprehensive/string_with_parentheses_inside (0.00s)
    --- PASS: TestParseExpressionComprehensive/string_with_NOT_operator_inside (0.00s)
    --- PASS: TestParseExpressionComprehensive/OR_with_single-quoted_literal (0.00s)
    --- PASS: TestParseExpressionComprehensive/OR_with_double-quoted_literal (0.00s)
    --- PASS: TestParseExpressionComprehensive/OR_with_backtick_literal (0.00s)
    --- PASS: TestParseExpressionComprehensive/OR_with_number_literal (0.00s)
    --- PASS: TestParseExpressionComprehensive/OR_with_boolean_literal (0.00s)
    --- PASS: TestParseExpressionComprehensive/complex_OR_with_literal_and_parentheses (0.00s)
    --- PASS: TestParseExpressionComprehensive/multiple_OR_with_mixed_literals (0.00s)
    --- PASS: TestParseExpressionComprehensive/expression_with_extra_whitespace (0.00s)
    --- PASS: TestParseExpressionComprehensive/expression_with_tabs_and_newlines (0.00s)
    --- PASS: TestParseExpressionComprehensive/whitespace_in_parentheses (0.00s)
    --- PASS: TestParseExpressionComprehensive/empty_expression (0.00s)
    --- PASS: TestParseExpressionComprehensive/only_whitespace (0.00s)
    --- PASS: TestParseExpressionComprehensive/missing_closing_parenthesis (0.00s)
    --- PASS: TestParseExpressionComprehensive/missing_opening_parenthesis (0.00s)
    --- PASS: TestParseExpressionComprehensive/empty_parentheses (0.00s)
    --- PASS: TestParseExpressionComprehensive/mismatched_parentheses (0.00s)
    --- PASS: TestParseExpressionComprehensive/consecutive_AND_operators (0.00s)
    --- PASS: TestParseExpressionComprehensive/consecutive_OR_operators (0.00s)
    --- PASS: TestParseExpressionComprehensive/operator_at_end (0.00s)
    --- PASS: TestParseExpressionComprehensive/operator_at_start (0.00s)
    --- PASS: TestParseExpressionComprehensive/only_operators (0.00s)
    --- PASS: TestParseExpressionComprehensive/only_OR_operator (0.00s)
    --- PASS: TestParseExpressionComprehensive/NOT_at_end_without_operand (0.00s)
    --- PASS: TestParseExpressionComprehensive/multiple_NOT_without_operand (0.00s)
    --- PASS: TestParseExpressionComprehensive/escaped_quotes_in_string (0.00s)
    --- PASS: TestParseExpressionComprehensive/double_quotes_with_operators (0.00s)
    --- PASS: TestParseExpressionComprehensive/very_complex_expression (0.00s)
    --- PASS: TestParseExpressionComprehensive/expression_with_mixed_function_calls (0.00s)
=== RUN   TestExpressionParserEdgeCases
=== RUN   TestExpressionParserEdgeCases/very_long_expression
=== RUN   TestExpressionParserEdgeCases/deeply_nested_parentheses
=== RUN   TestExpressionParserEdgeCases/expression_with_many_operators
=== RUN   TestExpressionParserEdgeCases/complex_quoted_strings
=== RUN   TestExpressionParserEdgeCases/mixed_single_and_double_quotes
=== RUN   TestExpressionParserEdgeCases/single_quotes_inside_double_quotes
=== RUN   TestExpressionParserEdgeCases/double_quotes_inside_single_quotes
--- PASS: TestExpressionParserEdgeCases (0.00s)
    --- PASS: TestExpressionParserEdgeCases/very_long_expression (0.00s)
    --- PASS: TestExpressionParserEdgeCases/deeply_nested_parentheses (0.00s)
    --- PASS: TestExpressionParserEdgeCases/expression_with_many_operators (0.00s)
    --- PASS: TestExpressionParserEdgeCases/complex_quoted_strings (0.00s)
    --- PASS: TestExpressionParserEdgeCases/mixed_single_and_double_quotes (0.00s)
    --- PASS: TestExpressionParserEdgeCases/single_quotes_inside_double_quotes (0.00s)
    --- PASS: TestExpressionParserEdgeCases/double_quotes_inside_single_quotes (0.00s)
=== RUN   TestExpressionSafetyComprehensive
=== RUN   TestExpressionSafetyComprehensive/complex_allowed_logical_expression
=== RUN   TestExpressionSafetyComprehensive/nested_allowed_expression_with_NOT
=== RUN   TestExpressionSafetyComprehensive/mixed_allowed_expressions_in_markdown
=== RUN   TestExpressionSafetyComprehensive/unauthorized_in_complex_expression
=== RUN   TestExpressionSafetyComprehensive/unauthorized_with_NOT_operator
=== RUN   TestExpressionSafetyComprehensive/deeply_nested_unauthorized
=== RUN   TestExpressionSafetyComprehensive/multiple_unauthorized_in_same_expression
=== RUN   TestExpressionSafetyComprehensive/authorized_and_unauthorized_in_different_expressions
=== RUN   TestExpressionSafetyComprehensive/complex_function_calls_with_authorization
=== RUN   TestExpressionSafetyComprehensive/expression_with_simple_terms_only
=== RUN   TestExpressionSafetyComprehensive/complex_real-world_expression_with_only_allowed_terms
--- PASS: TestExpressionSafetyComprehensive (0.00s)
    --- PASS: TestExpressionSafetyComprehensive/complex_allowed_logical_expression (0.00s)
    --- PASS: TestExpressionSafetyComprehensive/nested_allowed_expression_with_NOT (0.00s)
    --- PASS: TestExpressionSafetyComprehensive/mixed_allowed_expressions_in_markdown (0.00s)
    --- PASS: TestExpressionSafetyComprehensive/unauthorized_in_complex_expression (0.00s)
    --- PASS: TestExpressionSafetyComprehensive/unauthorized_with_NOT_operator (0.00s)
    --- PASS: TestExpressionSafetyComprehensive/deeply_nested_unauthorized (0.00s)
    --- PASS: TestExpressionSafetyComprehensive/multiple_unauthorized_in_same_expression (0.00s)
    --- PASS: TestExpressionSafetyComprehensive/authorized_and_unauthorized_in_different_expressions (0.00s)
    --- PASS: TestExpressionSafetyComprehensive/complex_function_calls_with_authorization (0.00s)
    --- PASS: TestExpressionSafetyComprehensive/expression_with_simple_terms_only (0.00s)
    --- PASS: TestExpressionSafetyComprehensive/complex_real-world_expression_with_only_allowed_terms (0.00s)
=== RUN   TestExpressionPattern
=== RUN   TestExpressionPattern/simple_expression
=== RUN   TestExpressionPattern/expression_with_property
=== RUN   TestExpressionPattern/expression_with_comparison
=== RUN   TestExpressionPattern/no_expression
=== RUN   TestExpressionPattern/multiple_expressions_(matches_first)
--- PASS: TestExpressionPattern (0.00s)
    --- PASS: TestExpressionPattern/simple_expression (0.00s)
    --- PASS: TestExpressionPattern/expression_with_property (0.00s)
    --- PASS: TestExpressionPattern/expression_with_comparison (0.00s)
    --- PASS: TestExpressionPattern/no_expression (0.00s)
    --- PASS: TestExpressionPattern/multiple_expressions_(matches_first) (0.00s)
=== RUN   TestNeedsStepsPattern
=== RUN   TestNeedsStepsPattern/needs_with_output
=== RUN   TestNeedsStepsPattern/steps_with_output
=== RUN   TestNeedsStepsPattern/needs_with_result
=== RUN   TestNeedsStepsPattern/steps_with_conclusion
=== RUN   TestNeedsStepsPattern/invalid_-_github_prefix
--- PASS: TestNeedsStepsPattern (0.00s)
    --- PASS: TestNeedsStepsPattern/needs_with_output (0.00s)
    --- PASS: TestNeedsStepsPattern/steps_with_output (0.00s)
    --- PASS: TestNeedsStepsPattern/needs_with_result (0.00s)
    --- PASS: TestNeedsStepsPattern/steps_with_conclusion (0.00s)
    --- PASS: TestNeedsStepsPattern/invalid_-_github_prefix (0.00s)
=== RUN   TestInputsPattern
=== RUN   TestInputsPattern/valid_workflow_dispatch_input
=== RUN   TestInputsPattern/valid_input_with_hyphen
=== RUN   TestInputsPattern/valid_input_with_underscore
=== RUN   TestInputsPattern/invalid_-_no_input_name
=== RUN   TestInputsPattern/invalid_-_nested_property
=== RUN   TestInputsPattern/invalid_-_wrong_prefix
--- PASS: TestInputsPattern (0.00s)
    --- PASS: TestInputsPattern/valid_workflow_dispatch_input (0.00s)
    --- PASS: TestInputsPattern/valid_input_with_hyphen (0.00s)
    --- PASS: TestInputsPattern/valid_input_with_underscore (0.00s)
    --- PASS: TestInputsPattern/invalid_-_no_input_name (0.00s)
    --- PASS: TestInputsPattern/invalid_-_nested_property (0.00s)
    --- PASS: TestInputsPattern/invalid_-_wrong_prefix (0.00s)
=== RUN   TestWorkflowCallInputsPattern
=== RUN   TestWorkflowCallInputsPattern/valid_workflow_call_input
=== RUN   TestWorkflowCallInputsPattern/valid_input_with_hyphen
=== RUN   TestWorkflowCallInputsPattern/valid_input_with_underscore
=== RUN   TestWorkflowCallInputsPattern/invalid_-_no_input_name
=== RUN   TestWorkflowCallInputsPattern/invalid_-_nested_property
=== RUN   TestWorkflowCallInputsPattern/invalid_-_github_prefix
--- PASS: TestWorkflowCallInputsPattern (0.00s)
    --- PASS: TestWorkflowCallInputsPattern/valid_workflow_call_input (0.00s)
    --- PASS: TestWorkflowCallInputsPattern/valid_input_with_hyphen (0.00s)
    --- PASS: TestWorkflowCallInputsPattern/valid_input_with_underscore (0.00s)
    --- PASS: TestWorkflowCallInputsPattern/invalid_-_no_input_name (0.00s)
    --- PASS: TestWorkflowCallInputsPattern/invalid_-_nested_property (0.00s)
    --- PASS: TestWorkflowCallInputsPattern/invalid_-_github_prefix (0.00s)
=== RUN   TestSecretExpressionPattern
=== RUN   TestSecretExpressionPattern/simple_secret
=== RUN   TestSecretExpressionPattern/secret_with_fallback
=== RUN   TestSecretExpressionPattern/secret_with_underscore_prefix
=== RUN   TestSecretExpressionPattern/invalid_-_lowercase_secret
=== RUN   TestSecretExpressionPattern/invalid_-_starts_with_number
--- PASS: TestSecretExpressionPattern (0.00s)
    --- PASS: TestSecretExpressionPattern/simple_secret (0.00s)
    --- PASS: TestSecretExpressionPattern/secret_with_fallback (0.00s)
    --- PASS: TestSecretExpressionPattern/secret_with_underscore_prefix (0.00s)
    --- PASS: TestSecretExpressionPattern/invalid_-_lowercase_secret (0.00s)
    --- PASS: TestSecretExpressionPattern/invalid_-_starts_with_number (0.00s)
=== RUN   TestComparisonExtractionPattern
=== RUN   TestComparisonExtractionPattern/equality_comparison
=== RUN   TestComparisonExtractionPattern/inequality_comparison
=== RUN   TestComparisonExtractionPattern/less_than_comparison
=== RUN   TestComparisonExtractionPattern/greater_than_or_equal
=== RUN   TestComparisonExtractionPattern/no_comparison_operator
--- PASS: TestComparisonExtractionPattern (0.00s)
    --- PASS: TestComparisonExtractionPattern/equality_comparison (0.00s)
    --- PASS: TestComparisonExtractionPattern/inequality_comparison (0.00s)
    --- PASS: TestComparisonExtractionPattern/less_than_comparison (0.00s)
    --- PASS: TestComparisonExtractionPattern/greater_than_or_equal (0.00s)
    --- PASS: TestComparisonExtractionPattern/no_comparison_operator (0.00s)
=== RUN   TestStringLiteralPattern
=== RUN   TestStringLiteralPattern/single_quoted_string
=== RUN   TestStringLiteralPattern/double_quoted_string
=== RUN   TestStringLiteralPattern/backtick_quoted_string
=== RUN   TestStringLiteralPattern/empty_single_quotes
=== RUN   TestStringLiteralPattern/not_a_string_literal
=== RUN   TestStringLiteralPattern/mismatched_quotes
--- PASS: TestStringLiteralPattern (0.00s)
    --- PASS: TestStringLiteralPattern/single_quoted_string (0.00s)
    --- PASS: TestStringLiteralPattern/double_quoted_string (0.00s)
    --- PASS: TestStringLiteralPattern/backtick_quoted_string (0.00s)
    --- PASS: TestStringLiteralPattern/empty_single_quotes (0.00s)
    --- PASS: TestStringLiteralPattern/not_a_string_literal (0.00s)
    --- PASS: TestStringLiteralPattern/mismatched_quotes (0.00s)
=== RUN   TestNumberLiteralPattern
=== RUN   TestNumberLiteralPattern/positive_integer
=== RUN   TestNumberLiteralPattern/negative_integer
=== RUN   TestNumberLiteralPattern/positive_decimal
=== RUN   TestNumberLiteralPattern/negative_decimal
=== RUN   TestNumberLiteralPattern/zero
=== RUN   TestNumberLiteralPattern/decimal_with_leading_zero
=== RUN   TestNumberLiteralPattern/not_a_number
=== RUN   TestNumberLiteralPattern/number_with_text
--- PASS: TestNumberLiteralPattern (0.00s)
    --- PASS: TestNumberLiteralPattern/positive_integer (0.00s)
    --- PASS: TestNumberLiteralPattern/negative_integer (0.00s)
    --- PASS: TestNumberLiteralPattern/positive_decimal (0.00s)
    --- PASS: TestNumberLiteralPattern/negative_decimal (0.00s)
    --- PASS: TestNumberLiteralPattern/zero (0.00s)
    --- PASS: TestNumberLiteralPattern/decimal_with_leading_zero (0.00s)
    --- PASS: TestNumberLiteralPattern/not_a_number (0.00s)
    --- PASS: TestNumberLiteralPattern/number_with_text (0.00s)
=== RUN   TestRangePattern
=== RUN   TestRangePattern/valid_range
=== RUN   TestRangePattern/large_range
=== RUN   TestRangePattern/single_digit_range
=== RUN   TestRangePattern/invalid_-_no_hyphen
=== RUN   TestRangePattern/invalid_-_negative_numbers
=== RUN   TestRangePattern/invalid_-_text
--- PASS: TestRangePattern (0.00s)
    --- PASS: TestRangePattern/valid_range (0.00s)
    --- PASS: TestRangePattern/large_range (0.00s)
    --- PASS: TestRangePattern/single_digit_range (0.00s)
    --- PASS: TestRangePattern/invalid_-_no_hyphen (0.00s)
    --- PASS: TestRangePattern/invalid_-_negative_numbers (0.00s)
    --- PASS: TestRangePattern/invalid_-_text (0.00s)
=== RUN   TestExpressionHelpers
=== RUN   TestExpressionHelpers/full_expression
=== RUN   TestExpressionHelpers/embedded_expression
=== RUN   TestExpressionHelpers/partial_expression_marker_only
=== RUN   TestExpressionHelpers/empty_expression_body
=== RUN   TestExpressionHelpers/wrong_marker_order
=== RUN   TestExpressionHelpers/no_expression
--- PASS: TestExpressionHelpers (0.00s)
    --- PASS: TestExpressionHelpers/full_expression (0.00s)
    --- PASS: TestExpressionHelpers/embedded_expression (0.00s)
    --- PASS: TestExpressionHelpers/partial_expression_marker_only (0.00s)
    --- PASS: TestExpressionHelpers/empty_expression_body (0.00s)
    --- PASS: TestExpressionHelpers/wrong_marker_order (0.00s)
    --- PASS: TestExpressionHelpers/no_expression (0.00s)
=== RUN   TestValidateExpressionSafety
=== RUN   TestValidateExpressionSafety/no_expressions
=== RUN   TestValidateExpressionSafety/allowed_github_workflow
=== RUN   TestValidateExpressionSafety/allowed_github_repository
=== RUN   TestValidateExpressionSafety/allowed_github_run_id
=== RUN   TestValidateExpressionSafety/allowed_github_event_issue_number
=== RUN   TestValidateExpressionSafety/allowed_github_event_discussion_number
=== RUN   TestValidateExpressionSafety/allowed_needs_task_outputs_text
=== RUN   TestValidateExpressionSafety/allowed_github_event_inputs
=== RUN   TestValidateExpressionSafety/allowed_github_event_inputs_underscore
=== RUN   TestValidateExpressionSafety/allowed_github_event_inputs_hyphen
=== RUN   TestValidateExpressionSafety/allowed_github_event_workflow_run_conclusion
=== RUN   TestValidateExpressionSafety/allowed_github_event_workflow_run_html_url
=== RUN   TestValidateExpressionSafety/allowed_github_event_workflow_run_head_sha
=== RUN   TestValidateExpressionSafety/allowed_github_event_workflow_run_run_number
=== RUN   TestValidateExpressionSafety/allowed_github_event_workflow_run_event
=== RUN   TestValidateExpressionSafety/allowed_github_event_workflow_run_status
=== RUN   TestValidateExpressionSafety/allowed_github_event_repository_default_branch
=== RUN   TestValidateExpressionSafety/allowed_github_event_name
=== RUN   TestValidateExpressionSafety/multiple_allowed_expressions
=== RUN   TestValidateExpressionSafety/unauthorized_github_token
=== RUN   TestValidateExpressionSafety/authorized_github_actor
=== RUN   TestValidateExpressionSafety/authorized_env_variable
=== RUN   TestValidateExpressionSafety/unauthorized_steps_output
=== RUN   TestValidateExpressionSafety/mixed_authorized_and_unauthorized
=== RUN   TestValidateExpressionSafety/multiple_unauthorized_expressions
=== RUN   TestValidateExpressionSafety/expressions_with_whitespace
=== RUN   TestValidateExpressionSafety/expressions_with_unauthorized_whitespace
=== RUN   TestValidateExpressionSafety/expressions_in_code_blocks
=== RUN   TestValidateExpressionSafety/unauthorized_in_code_blocks
--- PASS: TestValidateExpressionSafety (0.00s)
    --- PASS: TestValidateExpressionSafety/no_expressions (0.00s)
    --- PASS: TestValidateExpressionSafety/allowed_github_workflow (0.00s)
    --- PASS: TestValidateExpressionSafety/allowed_github_repository (0.00s)
    --- PASS: TestValidateExpressionSafety/allowed_github_run_id (0.00s)
    --- PASS: TestValidateExpressionSafety/allowed_github_event_issue_number (0.00s)
    --- PASS: TestValidateExpressionSafety/allowed_github_event_discussion_number (0.00s)
    --- PASS: TestValidateExpressionSafety/allowed_needs_task_outputs_text (0.00s)
    --- PASS: TestValidateExpressionSafety/allowed_github_event_inputs (0.00s)
    --- PASS: TestValidateExpressionSafety/allowed_github_event_inputs_underscore (0.00s)
    --- PASS: TestValidateExpressionSafety/allowed_github_event_inputs_hyphen (0.00s)
    --- PASS: TestValidateExpressionSafety/allowed_github_event_workflow_run_conclusion (0.00s)
    --- PASS: TestValidateExpressionSafety/allowed_github_event_workflow_run_html_url (0.00s)
    --- PASS: TestValidateExpressionSafety/allowed_github_event_workflow_run_head_sha (0.00s)
    --- PASS: TestValidateExpressionSafety/allowed_github_event_workflow_run_run_number (0.00s)
    --- PASS: TestValidateExpressionSafety/allowed_github_event_workflow_run_event (0.00s)
    --- PASS: TestValidateExpressionSafety/allowed_github_event_workflow_run_status (0.00s)
    --- PASS: TestValidateExpressionSafety/allowed_github_event_repository_default_branch (0.00s)
    --- PASS: TestValidateExpressionSafety/allowed_github_event_name (0.00s)
    --- PASS: TestValidateExpressionSafety/multiple_allowed_expressions (0.00s)
    --- PASS: TestValidateExpressionSafety/unauthorized_github_token (0.00s)
    --- PASS: TestValidateExpressionSafety/authorized_github_actor (0.00s)
    --- PASS: TestValidateExpressionSafety/authorized_env_variable (0.00s)
    --- PASS: TestValidateExpressionSafety/unauthorized_steps_output (0.00s)
    --- PASS: TestValidateExpressionSafety/mixed_authorized_and_unauthorized (0.00s)
    --- PASS: TestValidateExpressionSafety/multiple_unauthorized_expressions (0.00s)
    --- PASS: TestValidateExpressionSafety/expressions_with_whitespace (0.00s)
    --- PASS: TestValidateExpressionSafety/expressions_with_unauthorized_whitespace (0.00s)
    --- PASS: TestValidateExpressionSafety/expressions_in_code_blocks (0.00s)
    --- PASS: TestValidateExpressionSafety/unauthorized_in_code_blocks (0.00s)
=== RUN   TestValidateExpressionSafetyEdgeCases
=== RUN   TestValidateExpressionSafetyEdgeCases/empty_expression
=== RUN   TestValidateExpressionSafetyEdgeCases/malformed_expression_single_brace
=== RUN   TestValidateExpressionSafetyEdgeCases/malformed_expression_no_closing
=== RUN   TestValidateExpressionSafetyEdgeCases/nested_expressions
=== RUN   TestValidateExpressionSafetyEdgeCases/expression_with_functions
=== RUN   TestValidateExpressionSafetyEdgeCases/malformed_comparison_with_trailing_unsafe_content
=== RUN   TestValidateExpressionSafetyEdgeCases/multiline_expression
--- PASS: TestValidateExpressionSafetyEdgeCases (0.00s)
    --- PASS: TestValidateExpressionSafetyEdgeCases/empty_expression (0.00s)
    --- PASS: TestValidateExpressionSafetyEdgeCases/malformed_expression_single_brace (0.00s)
    --- PASS: TestValidateExpressionSafetyEdgeCases/malformed_expression_no_closing (0.00s)
    --- PASS: TestValidateExpressionSafetyEdgeCases/nested_expressions (0.00s)
    --- PASS: TestValidateExpressionSafetyEdgeCases/expression_with_functions (0.00s)
    --- PASS: TestValidateExpressionSafetyEdgeCases/malformed_comparison_with_trailing_unsafe_content (0.00s)
    --- PASS: TestValidateExpressionSafetyEdgeCases/multiline_expression (0.00s)
=== RUN   TestValidateExpressionSafetyWithParser
=== RUN   TestValidateExpressionSafetyWithParser/allowed_AND_expression
=== RUN   TestValidateExpressionSafetyWithParser/allowed_OR_expression
=== RUN   TestValidateExpressionSafetyWithParser/allowed_NOT_expression
=== RUN   TestValidateExpressionSafetyWithParser/complex_allowed_expression_with_parentheses
=== RUN   TestValidateExpressionSafetyWithParser/mixed_allowed_and_unauthorized
=== RUN   TestValidateExpressionSafetyWithParser/unauthorized_in_complex_expression
=== RUN   TestValidateExpressionSafetyWithParser/nested_complex_allowed_expression
=== RUN   TestValidateExpressionSafetyWithParser/NOT_with_unauthorized_expression
=== RUN   TestValidateExpressionSafetyWithParser/unparseable_but_allowed_literal
=== RUN   TestValidateExpressionSafetyWithParser/unparseable_and_unauthorized_literal
=== RUN   TestValidateExpressionSafetyWithParser/inputs_with_string_default
=== RUN   TestValidateExpressionSafetyWithParser/inputs_with_simple_string_default
=== RUN   TestValidateExpressionSafetyWithParser/inputs_with_command_default
=== RUN   TestValidateExpressionSafetyWithParser/inputs_with_port_default
=== RUN   TestValidateExpressionSafetyWithParser/github.event.inputs_with_string_default
=== RUN   TestValidateExpressionSafetyWithParser/multiple_default_expressions_in_one_block
=== RUN   TestValidateExpressionSafetyWithParser/unauthorized_left_side_with_string_default
=== RUN   TestValidateExpressionSafetyWithParser/inputs_with_number_default
=== RUN   TestValidateExpressionSafetyWithParser/inputs_with_boolean_default
=== RUN   TestValidateExpressionSafetyWithParser/inputs_with_true_boolean_default
=== RUN   TestValidateExpressionSafetyWithParser/github.actor_with_string_fallback
=== RUN   TestValidateExpressionSafetyWithParser/steps_output_with_string_fallback
=== RUN   TestValidateExpressionSafetyWithParser/needs_output_with_string_fallback
=== RUN   TestValidateExpressionSafetyWithParser/double-quoted_string_default
=== RUN   TestValidateExpressionSafetyWithParser/serve_command_with_double-quoted_default
=== RUN   TestValidateExpressionSafetyWithParser/full_issue_example
=== RUN   TestValidateExpressionSafetyWithParser/env_variable_with_string_default
--- PASS: TestValidateExpressionSafetyWithParser (0.00s)
    --- PASS: TestValidateExpressionSafetyWithParser/allowed_AND_expression (0.00s)
    --- PASS: TestValidateExpressionSafetyWithParser/allowed_OR_expression (0.00s)
    --- PASS: TestValidateExpressionSafetyWithParser/allowed_NOT_expression (0.00s)
    --- PASS: TestValidateExpressionSafetyWithParser/complex_allowed_expression_with_parentheses (0.00s)
    --- PASS: TestValidateExpressionSafetyWithParser/mixed_allowed_and_unauthorized (0.00s)
    --- PASS: TestValidateExpressionSafetyWithParser/unauthorized_in_complex_expression (0.00s)
    --- PASS: TestValidateExpressionSafetyWithParser/nested_complex_allowed_expression (0.00s)
    --- PASS: TestValidateExpressionSafetyWithParser/NOT_with_unauthorized_expression (0.00s)
    --- PASS: TestValidateExpressionSafetyWithParser/unparseable_but_allowed_literal (0.00s)
    --- PASS: TestValidateExpressionSafetyWithParser/unparseable_and_unauthorized_literal (0.00s)
    --- PASS: TestValidateExpressionSafetyWithParser/inputs_with_string_default (0.00s)
    --- PASS: TestValidateExpressionSafetyWithParser/inputs_with_simple_string_default (0.00s)
    --- PASS: TestValidateExpressionSafetyWithParser/inputs_with_command_default (0.00s)
    --- PASS: TestValidateExpressionSafetyWithParser/inputs_with_port_default (0.00s)
    --- PASS: TestValidateExpressionSafetyWithParser/github.event.inputs_with_string_default (0.00s)
    --- PASS: TestValidateExpressionSafetyWithParser/multiple_default_expressions_in_one_block (0.00s)
    --- PASS: TestValidateExpressionSafetyWithParser/unauthorized_left_side_with_string_default (0.00s)
    --- PASS: TestValidateExpressionSafetyWithParser/inputs_with_number_default (0.00s)
    --- PASS: TestValidateExpressionSafetyWithParser/inputs_with_boolean_default (0.00s)
    --- PASS: TestValidateExpressionSafetyWithParser/inputs_with_true_boolean_default (0.00s)
    --- PASS: TestValidateExpressionSafetyWithParser/github.actor_with_string_fallback (0.00s)
    --- PASS: TestValidateExpressionSafetyWithParser/steps_output_with_string_fallback (0.00s)
    --- PASS: TestValidateExpressionSafetyWithParser/needs_output_with_string_fallback (0.00s)
    --- PASS: TestValidateExpressionSafetyWithParser/double-quoted_string_default (0.00s)
    --- PASS: TestValidateExpressionSafetyWithParser/serve_command_with_double-quoted_default (0.00s)
    --- PASS: TestValidateExpressionSafetyWithParser/full_issue_example (0.00s)
    --- PASS: TestValidateExpressionSafetyWithParser/env_variable_with_string_default (0.00s)
=== RUN   TestUnauthorizedExpressionFuzzyMatchSuggestions
=== RUN   TestUnauthorizedExpressionFuzzyMatchSuggestions/typo_in_github.actor
=== RUN   TestUnauthorizedExpressionFuzzyMatchSuggestions/typo_in_github.event.issue.number
=== RUN   TestUnauthorizedExpressionFuzzyMatchSuggestions/typo_in_github.repository
=== RUN   TestUnauthorizedExpressionFuzzyMatchSuggestions/typo_in_github.workflow
=== RUN   TestUnauthorizedExpressionFuzzyMatchSuggestions/typo_in_github.run_id
=== RUN   TestUnauthorizedExpressionFuzzyMatchSuggestions/no_close_match_for_secrets
--- PASS: TestUnauthorizedExpressionFuzzyMatchSuggestions (0.00s)
    --- PASS: TestUnauthorizedExpressionFuzzyMatchSuggestions/typo_in_github.actor (0.00s)
    --- PASS: TestUnauthorizedExpressionFuzzyMatchSuggestions/typo_in_github.event.issue.number (0.00s)
    --- PASS: TestUnauthorizedExpressionFuzzyMatchSuggestions/typo_in_github.repository (0.00s)
    --- PASS: TestUnauthorizedExpressionFuzzyMatchSuggestions/typo_in_github.workflow (0.00s)
    --- PASS: TestUnauthorizedExpressionFuzzyMatchSuggestions/typo_in_github.run_id (0.00s)
    --- PASS: TestUnauthorizedExpressionFuzzyMatchSuggestions/no_close_match_for_secrets (0.00s)
=== RUN   TestValidateExpressionForDangerousProps
=== RUN   TestValidateExpressionForDangerousProps/block_constructor_simple
=== RUN   TestValidateExpressionForDangerousProps/block_constructor_in_chain
=== RUN   TestValidateExpressionForDangerousProps/block_constructor_with_inputs
=== RUN   TestValidateExpressionForDangerousProps/block_constructor_with_needs
=== RUN   TestValidateExpressionForDangerousProps/block_proto_simple
=== RUN   TestValidateExpressionForDangerousProps/block_proto_in_chain
=== RUN   TestValidateExpressionForDangerousProps/block_proto_with_inputs
=== RUN   TestValidateExpressionForDangerousProps/block_prototype_simple
=== RUN   TestValidateExpressionForDangerousProps/block_prototype_in_chain
=== RUN   TestValidateExpressionForDangerousProps/block_prototype_with_inputs
=== RUN   TestValidateExpressionForDangerousProps/block_defineGetter
=== RUN   TestValidateExpressionForDangerousProps/block_defineSetter
=== RUN   TestValidateExpressionForDangerousProps/block_lookupGetter
=== RUN   TestValidateExpressionForDangerousProps/block_lookupSetter
=== RUN   TestValidateExpressionForDangerousProps/block_hasOwnProperty
=== RUN   TestValidateExpressionForDangerousProps/block_isPrototypeOf
=== RUN   TestValidateExpressionForDangerousProps/block_propertyIsEnumerable
=== RUN   TestValidateExpressionForDangerousProps/block_toString
=== RUN   TestValidateExpressionForDangerousProps/block_valueOf
=== RUN   TestValidateExpressionForDangerousProps/block_toLocaleString
=== RUN   TestValidateExpressionForDangerousProps/block_constructor_in_array_access
=== RUN   TestValidateExpressionForDangerousProps/block_proto_in_array_access
=== RUN   TestValidateExpressionForDangerousProps/allow_safe_github_actor
=== RUN   TestValidateExpressionForDangerousProps/allow_safe_github_repository
=== RUN   TestValidateExpressionForDangerousProps/allow_safe_github_event_issue_number
=== RUN   TestValidateExpressionForDangerousProps/allow_safe_needs_outputs
=== RUN   TestValidateExpressionForDangerousProps/allow_safe_steps_outputs
=== RUN   TestValidateExpressionForDangerousProps/allow_mcp_scripts
=== RUN   TestValidateExpressionForDangerousProps/allow_safe_env
=== RUN   TestValidateExpressionForDangerousProps/allow_safe_array_access
--- PASS: TestValidateExpressionForDangerousProps (0.00s)
    --- PASS: TestValidateExpressionForDangerousProps/block_constructor_simple (0.00s)
    --- PASS: TestValidateExpressionForDangerousProps/block_constructor_in_chain (0.00s)
    --- PASS: TestValidateExpressionForDangerousProps/block_constructor_with_inputs (0.00s)
    --- PASS: TestValidateExpressionForDangerousProps/block_constructor_with_needs (0.00s)
    --- PASS: TestValidateExpressionForDangerousProps/block_proto_simple (0.00s)
    --- PASS: TestValidateExpressionForDangerousProps/block_proto_in_chain (0.00s)
    --- PASS: TestValidateExpressionForDangerousProps/block_proto_with_inputs (0.00s)
    --- PASS: TestValidateExpressionForDangerousProps/block_prototype_simple (0.00s)
    --- PASS: TestValidateExpressionForDangerousProps/block_prototype_in_chain (0.00s)
    --- PASS: TestValidateExpressionForDangerousProps/block_prototype_with_inputs (0.00s)
    --- PASS: TestValidateExpressionForDangerousProps/block_defineGetter (0.00s)
    --- PASS: TestValidateExpressionForDangerousProps/block_defineSetter (0.00s)
    --- PASS: TestValidateExpressionForDangerousProps/block_lookupGetter (0.00s)
    --- PASS: TestValidateExpressionForDangerousProps/block_lookupSetter (0.00s)
    --- PASS: TestValidateExpressionForDangerousProps/block_hasOwnProperty (0.00s)
    --- PASS: TestValidateExpressionForDangerousProps/block_isPrototypeOf (0.00s)
    --- PASS: TestValidateExpressionForDangerousProps/block_propertyIsEnumerable (0.00s)
    --- PASS: TestValidateExpressionForDangerousProps/block_toString (0.00s)
    --- PASS: TestValidateExpressionForDangerousProps/block_valueOf (0.00s)
    --- PASS: TestValidateExpressionForDangerousProps/block_toLocaleString (0.00s)
    --- PASS: TestValidateExpressionForDangerousProps/block_constructor_in_array_access (0.00s)
    --- PASS: TestValidateExpressionForDangerousProps/block_proto_in_array_access (0.00s)
    --- PASS: TestValidateExpressionForDangerousProps/allow_safe_github_actor (0.00s)
    --- PASS: TestValidateExpressionForDangerousProps/allow_safe_github_repository (0.00s)
    --- PASS: TestValidateExpressionForDangerousProps/allow_safe_github_event_issue_number (0.00s)
    --- PASS: TestValidateExpressionForDangerousProps/allow_safe_needs_outputs (0.00s)
    --- PASS: TestValidateExpressionForDangerousProps/allow_safe_steps_outputs (0.00s)
    --- PASS: TestValidateExpressionForDangerousProps/allow_mcp_scripts (0.00s)
    --- PASS: TestValidateExpressionForDangerousProps/allow_safe_env (0.00s)
    --- PASS: TestValidateExpressionForDangerousProps/allow_safe_array_access (0.00s)
=== RUN   TestValidateExpressionSafetyWithDangerousProps
=== RUN   TestValidateExpressionSafetyWithDangerousProps/block_constructor_in_markdown
=== RUN   TestValidateExpressionSafetyWithDangerousProps/block_proto_in_markdown
=== RUN   TestValidateExpressionSafetyWithDangerousProps/block_prototype_in_markdown
=== RUN   TestValidateExpressionSafetyWithDangerousProps/block_toString_in_markdown
=== RUN   TestValidateExpressionSafetyWithDangerousProps/allow_safe_expressions_in_markdown
=== RUN   TestValidateExpressionSafetyWithDangerousProps/block_multiple_dangerous_props
--- PASS: TestValidateExpressionSafetyWithDangerousProps (0.00s)
    --- PASS: TestValidateExpressionSafetyWithDangerousProps/block_constructor_in_markdown (0.00s)
    --- PASS: TestValidateExpressionSafetyWithDangerousProps/block_proto_in_markdown (0.00s)
    --- PASS: TestValidateExpressionSafetyWithDangerousProps/block_prototype_in_markdown (0.00s)
    --- PASS: TestValidateExpressionSafetyWithDangerousProps/block_toString_in_markdown (0.00s)
    --- PASS: TestValidateExpressionSafetyWithDangerousProps/allow_safe_expressions_in_markdown (0.00s)
    --- PASS: TestValidateExpressionSafetyWithDangerousProps/block_multiple_dangerous_props (0.00s)
=== RUN   TestBuildSafeOutputTypeWithCancelled
=== RUN   TestBuildSafeOutputTypeWithCancelled/create_issue_should_use_!cancelled()_and_agent_not_skipped_with_contains_check
=== RUN   TestBuildSafeOutputTypeWithCancelled/push-to-pull-request-branch_should_use_!cancelled()_and_agent_not_skipped
--- PASS: TestBuildSafeOutputTypeWithCancelled (0.00s)
    --- PASS: TestBuildSafeOutputTypeWithCancelled/create_issue_should_use_!cancelled()_and_agent_not_skipped_with_contains_check (0.00s)
    --- PASS: TestBuildSafeOutputTypeWithCancelled/push-to-pull-request-branch_should_use_!cancelled()_and_agent_not_skipped (0.00s)
=== RUN   TestExpressionNode_Render
--- PASS: TestExpressionNode_Render (0.00s)
=== RUN   TestAndNode_Render
--- PASS: TestAndNode_Render (0.00s)
=== RUN   TestOrNode_Render
--- PASS: TestOrNode_Render (0.00s)
=== RUN   TestNotNode_Render
--- PASS: TestNotNode_Render (0.00s)
=== RUN   TestDisjunctionNode_Render
=== RUN   TestDisjunctionNode_Render/empty_terms
=== RUN   TestDisjunctionNode_Render/single_term
=== RUN   TestDisjunctionNode_Render/two_terms
=== RUN   TestDisjunctionNode_Render/multiple_terms
--- PASS: TestDisjunctionNode_Render (0.00s)
    --- PASS: TestDisjunctionNode_Render/empty_terms (0.00s)
    --- PASS: TestDisjunctionNode_Render/single_term (0.00s)
    --- PASS: TestDisjunctionNode_Render/two_terms (0.00s)
    --- PASS: TestDisjunctionNode_Render/multiple_terms (0.00s)
=== RUN   TestComplexExpressionTree
--- PASS: TestComplexExpressionTree (0.00s)
=== RUN   TestBuildConditionTree
=== RUN   TestBuildConditionTree/empty_existing_condition
=== RUN   TestBuildConditionTree/both_conditions_present
--- PASS: TestBuildConditionTree (0.00s)
    --- PASS: TestBuildConditionTree/empty_existing_condition (0.00s)
    --- PASS: TestBuildConditionTree/both_conditions_present (0.00s)
=== RUN   TestBuildReactionConditionForTargetsExcludesPullRequests
--- PASS: TestBuildReactionConditionForTargetsExcludesPullRequests (0.00s)
=== RUN   TestBuildReactionConditionExcludesPullRequestReview
--- PASS: TestBuildReactionConditionExcludesPullRequestReview (0.00s)
=== RUN   TestBuildStatusCommentConditionExcludesPullRequestReview
--- PASS: TestBuildStatusCommentConditionExcludesPullRequestReview (0.00s)
=== RUN   TestBuildStatusCommentConditionExcludesPullRequestReviewWhenPullRequestsDisabled
--- PASS: TestBuildStatusCommentConditionExcludesPullRequestReviewWhenPullRequestsDisabled (0.00s)
=== RUN   TestBuildReactionConditionForTargetsIncludesWorkflowDispatchForCentralized
--- PASS: TestBuildReactionConditionForTargetsIncludesWorkflowDispatchForCentralized (0.00s)
=== RUN   TestBuildStatusCommentConditionIncludesWorkflowDispatchForCentralized
--- PASS: TestBuildStatusCommentConditionIncludesWorkflowDispatchForCentralized (0.00s)
=== RUN   TestBuildReactionConditionForTargetsNoTargetsReturnsFalse
--- PASS: TestBuildReactionConditionForTargetsNoTargetsReturnsFalse (0.00s)
=== RUN   TestBuildStatusCommentConditionNoTargetsReturnsFalseWithDispatch
--- PASS: TestBuildStatusCommentConditionNoTargetsReturnsFalseWithDispatch (0.00s)
=== RUN   TestFunctionCallNode_Render
=== RUN   TestFunctionCallNode_Render/contains_function_with_two_arguments
=== RUN   TestFunctionCallNode_Render/startsWith_function
=== RUN   TestFunctionCallNode_Render/function_with_no_arguments
=== RUN   TestFunctionCallNode_Render/function_with_multiple_arguments
--- PASS: TestFunctionCallNode_Render (0.00s)
    --- PASS: TestFunctionCallNode_Render/contains_function_with_two_arguments (0.00s)
    --- PASS: TestFunctionCallNode_Render/startsWith_function (0.00s)
    --- PASS: TestFunctionCallNode_Render/function_with_no_arguments (0.00s)
    --- PASS: TestFunctionCallNode_Render/function_with_multiple_arguments (0.00s)
=== RUN   TestPropertyAccessNode_Render
=== RUN   TestPropertyAccessNode_Render/simple_property
=== RUN   TestPropertyAccessNode_Render/nested_property
=== RUN   TestPropertyAccessNode_Render/deep_nested_property
--- PASS: TestPropertyAccessNode_Render (0.00s)
    --- PASS: TestPropertyAccessNode_Render/simple_property (0.00s)
    --- PASS: TestPropertyAccessNode_Render/nested_property (0.00s)
    --- PASS: TestPropertyAccessNode_Render/deep_nested_property (0.00s)
=== RUN   TestStringLiteralNode_Render
=== RUN   TestStringLiteralNode_Render/simple_string
=== RUN   TestStringLiteralNode_Render/string_with_spaces
=== RUN   TestStringLiteralNode_Render/empty_string
=== RUN   TestStringLiteralNode_Render/string_with_special_characters
=== RUN   TestStringLiteralNode_Render/string_with_single_quote
=== RUN   TestStringLiteralNode_Render/string_with_multiple_single_quotes
--- PASS: TestStringLiteralNode_Render (0.00s)
    --- PASS: TestStringLiteralNode_Render/simple_string (0.00s)
    --- PASS: TestStringLiteralNode_Render/string_with_spaces (0.00s)
    --- PASS: TestStringLiteralNode_Render/empty_string (0.00s)
    --- PASS: TestStringLiteralNode_Render/string_with_special_characters (0.00s)
    --- PASS: TestStringLiteralNode_Render/string_with_single_quote (0.00s)
    --- PASS: TestStringLiteralNode_Render/string_with_multiple_single_quotes (0.00s)
=== RUN   TestBooleanLiteralNode_Render
=== RUN   TestBooleanLiteralNode_Render/true_value
=== RUN   TestBooleanLiteralNode_Render/false_value
--- PASS: TestBooleanLiteralNode_Render (0.00s)
    --- PASS: TestBooleanLiteralNode_Render/true_value (0.00s)
    --- PASS: TestBooleanLiteralNode_Render/false_value (0.00s)
=== RUN   TestComparisonNode_Render
=== RUN   TestComparisonNode_Render/equality_comparison
=== RUN   TestComparisonNode_Render/inequality_comparison
=== RUN   TestComparisonNode_Render/greater_than_comparison
=== RUN   TestComparisonNode_Render/less_than_or_equal_comparison
--- PASS: TestComparisonNode_Render (0.00s)
    --- PASS: TestComparisonNode_Render/equality_comparison (0.00s)
    --- PASS: TestComparisonNode_Render/inequality_comparison (0.00s)
    --- PASS: TestComparisonNode_Render/greater_than_comparison (0.00s)
    --- PASS: TestComparisonNode_Render/less_than_or_equal_comparison (0.00s)
=== RUN   TestHelperFunctions
=== RUN   TestHelperFunctions/BuildPropertyAccess
=== RUN   TestHelperFunctions/BuildStringLiteral
=== RUN   TestHelperFunctions/BuildBooleanLiteral
=== RUN   TestHelperFunctions/BuildEquals
=== RUN   TestHelperFunctions/BuildFunctionCall
--- PASS: TestHelperFunctions (0.00s)
    --- PASS: TestHelperFunctions/BuildPropertyAccess (0.00s)
    --- PASS: TestHelperFunctions/BuildStringLiteral (0.00s)
    --- PASS: TestHelperFunctions/BuildBooleanLiteral (0.00s)
    --- PASS: TestHelperFunctions/BuildEquals (0.00s)
    --- PASS: TestHelperFunctions/BuildFunctionCall (0.00s)
=== RUN   TestConvenienceHelpers
=== RUN   TestConvenienceHelpers/BuildEventTypeEquals
--- PASS: TestConvenienceHelpers (0.00s)
    --- PASS: TestConvenienceHelpers/BuildEventTypeEquals (0.00s)
=== RUN   TestRealWorldExpressionPatterns
=== RUN   TestRealWorldExpressionPatterns/run_on_main_branch_only
=== RUN   TestRealWorldExpressionPatterns/skip_draft_PRs
--- PASS: TestRealWorldExpressionPatterns (0.00s)
    --- PASS: TestRealWorldExpressionPatterns/run_on_main_branch_only (0.00s)
    --- PASS: TestRealWorldExpressionPatterns/skip_draft_PRs (0.00s)
=== RUN   TestExpressionNodeWithDescription
=== RUN   TestExpressionNodeWithDescription/expression_without_description
=== RUN   TestExpressionNodeWithDescription/expression_with_description
--- PASS: TestExpressionNodeWithDescription (0.00s)
    --- PASS: TestExpressionNodeWithDescription/expression_without_description (0.00s)
    --- PASS: TestExpressionNodeWithDescription/expression_with_description (0.00s)
=== RUN   TestDisjunctionNodeMultiline
=== RUN   TestDisjunctionNodeMultiline/single_line_rendering_(default)
=== RUN   TestDisjunctionNodeMultiline/multiline_rendering_with_comments
=== RUN   TestDisjunctionNodeMultiline/multiline_rendering_without_comments
=== RUN   TestDisjunctionNodeMultiline/multiline_rendering_with_mixed_comment_presence
--- PASS: TestDisjunctionNodeMultiline (0.00s)
    --- PASS: TestDisjunctionNodeMultiline/single_line_rendering_(default) (0.00s)
    --- PASS: TestDisjunctionNodeMultiline/multiline_rendering_with_comments (0.00s)
    --- PASS: TestDisjunctionNodeMultiline/multiline_rendering_without_comments (0.00s)
    --- PASS: TestDisjunctionNodeMultiline/multiline_rendering_with_mixed_comment_presence (0.00s)
=== RUN   TestRenderMultilineMethod
=== RUN   TestRenderMultilineMethod/empty_terms
=== RUN   TestRenderMultilineMethod/single_term
=== RUN   TestRenderMultilineMethod/multiple_terms_with_comments
--- PASS: TestRenderMultilineMethod (0.00s)
    --- PASS: TestRenderMultilineMethod/empty_terms (0.00s)
    --- PASS: TestRenderMultilineMethod/single_term (0.00s)
    --- PASS: TestRenderMultilineMethod/multiple_terms_with_comments (0.00s)
=== RUN   TestHelperFunctionsForMultiline
=== RUN   TestHelperFunctionsForMultiline/BuildDisjunction_with_multiline
=== RUN   TestHelperFunctionsForMultiline/BuildDisjunction_with_single_term
--- PASS: TestHelperFunctionsForMultiline (0.00s)
    --- PASS: TestHelperFunctionsForMultiline/BuildDisjunction_with_multiline (0.00s)
    --- PASS: TestHelperFunctionsForMultiline/BuildDisjunction_with_single_term (0.00s)
=== RUN   TestBuildNotFromFork
--- PASS: TestBuildNotFromFork (0.00s)
=== RUN   TestParseExpression
=== RUN   TestParseExpression/simple_literal
=== RUN   TestParseExpression/simple_AND
=== RUN   TestParseExpression/simple_OR
=== RUN   TestParseExpression/simple_NOT
=== RUN   TestParseExpression/parenthesized_expression
=== RUN   TestParseExpression/AND_has_higher_precedence_than_OR
=== RUN   TestParseExpression/parentheses_override_precedence
=== RUN   TestParseExpression/complex_expression_with_multiple_operators
=== RUN   TestParseExpression/multiple_NOTs
=== RUN   TestParseExpression/nested_parentheses
=== RUN   TestParseExpression/whitespace_handling
=== RUN   TestParseExpression/expression_with_quotes
=== RUN   TestParseExpression/missing_closing_parenthesis
=== RUN   TestParseExpression/missing_opening_parenthesis
=== RUN   TestParseExpression/empty_expression
=== RUN   TestParseExpression/only_operators
--- PASS: TestParseExpression (0.00s)
    --- PASS: TestParseExpression/simple_literal (0.00s)
    --- PASS: TestParseExpression/simple_AND (0.00s)
    --- PASS: TestParseExpression/simple_OR (0.00s)
    --- PASS: TestParseExpression/simple_NOT (0.00s)
    --- PASS: TestParseExpression/parenthesized_expression (0.00s)
    --- PASS: TestParseExpression/AND_has_higher_precedence_than_OR (0.00s)
    --- PASS: TestParseExpression/parentheses_override_precedence (0.00s)
    --- PASS: TestParseExpression/complex_expression_with_multiple_operators (0.00s)
    --- PASS: TestParseExpression/multiple_NOTs (0.00s)
    --- PASS: TestParseExpression/nested_parentheses (0.00s)
    --- PASS: TestParseExpression/whitespace_handling (0.00s)
    --- PASS: TestParseExpression/expression_with_quotes (0.00s)
    --- PASS: TestParseExpression/missing_closing_parenthesis (0.00s)
    --- PASS: TestParseExpression/missing_opening_parenthesis (0.00s)
    --- PASS: TestParseExpression/empty_expression (0.00s)
    --- PASS: TestParseExpression/only_operators (0.00s)
=== RUN   TestVisitExpressionTree
--- PASS: TestVisitExpressionTree (0.00s)
=== RUN   TestVisitExpressionTreeWithError
--- PASS: TestVisitExpressionTreeWithError (0.00s)
=== RUN   TestParseExpressionIntegration
--- PASS: TestParseExpressionIntegration (0.00s)
=== RUN   TestBreakLongExpression
=== RUN   TestBreakLongExpression/short_expression_stays_single_line
=== RUN   TestBreakLongExpression/long_expression_gets_broken
=== RUN   TestBreakLongExpression/very_long_expression_with_multiple_operators
=== RUN   TestBreakLongExpression/expression_with_quoted_strings
--- PASS: TestBreakLongExpression (0.00s)
    --- PASS: TestBreakLongExpression/short_expression_stays_single_line (0.00s)
    --- PASS: TestBreakLongExpression/long_expression_gets_broken (0.00s)
    --- PASS: TestBreakLongExpression/very_long_expression_with_multiple_operators (0.00s)
    --- PASS: TestBreakLongExpression/expression_with_quoted_strings (0.00s)
=== RUN   TestBreakAtParentheses
=== RUN   TestBreakAtParentheses/short_expression_with_parentheses
=== RUN   TestBreakAtParentheses/long_expression_with_function_calls
--- PASS: TestBreakAtParentheses (0.00s)
    --- PASS: TestBreakAtParentheses/short_expression_with_parentheses (0.00s)
    --- PASS: TestBreakAtParentheses/long_expression_with_function_calls (0.00s)
=== RUN   TestMultilineExpressionEquivalence
=== RUN   TestMultilineExpressionEquivalence/simple_equivalent_expressions
=== RUN   TestMultilineExpressionEquivalence/complex_equivalent_expressions_with_extra_whitespace
=== RUN   TestMultilineExpressionEquivalence/different_expressions_should_not_be_equal
=== RUN   TestMultilineExpressionEquivalence/reaction_condition_equivalence
--- PASS: TestMultilineExpressionEquivalence (0.00s)
    --- PASS: TestMultilineExpressionEquivalence/simple_equivalent_expressions (0.00s)
    --- PASS: TestMultilineExpressionEquivalence/complex_equivalent_expressions_with_extra_whitespace (0.00s)
    --- PASS: TestMultilineExpressionEquivalence/different_expressions_should_not_be_equal (0.00s)
    --- PASS: TestMultilineExpressionEquivalence/reaction_condition_equivalence (0.00s)
=== RUN   TestLongExpressionBreakingDetailed
=== RUN   TestLongExpressionBreakingDetailed/reaction_condition_expression
=== RUN   TestLongExpressionBreakingDetailed/complex_nested_expression
=== RUN   TestLongExpressionBreakingDetailed/multiple_function_calls
--- PASS: TestLongExpressionBreakingDetailed (0.00s)
    --- PASS: TestLongExpressionBreakingDetailed/reaction_condition_expression (0.00s)
    --- PASS: TestLongExpressionBreakingDetailed/complex_nested_expression (0.00s)
    --- PASS: TestLongExpressionBreakingDetailed/multiple_function_calls (0.00s)
=== RUN   TestExpressionBreakingWithQuotes
=== RUN   TestExpressionBreakingWithQuotes/single_quoted_strings
=== RUN   TestExpressionBreakingWithQuotes/double_quoted_strings
=== RUN   TestExpressionBreakingWithQuotes/mixed_quotes
=== RUN   TestExpressionBreakingWithQuotes/escaped_quotes
--- PASS: TestExpressionBreakingWithQuotes (0.00s)
    --- PASS: TestExpressionBreakingWithQuotes/single_quoted_strings (0.00s)
    --- PASS: TestExpressionBreakingWithQuotes/double_quoted_strings (0.00s)
    --- PASS: TestExpressionBreakingWithQuotes/mixed_quotes (0.00s)
    --- PASS: TestExpressionBreakingWithQuotes/escaped_quotes (0.00s)
=== RUN   TestExtractRoles_OnRoles
--- PASS: TestExtractRoles_OnRoles (0.00s)
=== RUN   TestExtractRoles_OnRolesString
--- PASS: TestExtractRoles_OnRolesString (0.00s)
=== RUN   TestExtractRoles_TopLevelRoles_NotSupported
--- PASS: TestExtractRoles_TopLevelRoles_NotSupported (0.00s)
=== RUN   TestExtractRoles_TopLevelRoles_StringArray_NotSupported
--- PASS: TestExtractRoles_TopLevelRoles_StringArray_NotSupported (0.00s)
=== RUN   TestExtractRoles_OnlyOnRolesSupported
--- PASS: TestExtractRoles_OnlyOnRolesSupported (0.00s)
=== RUN   TestExtractRoles_Default
--- PASS: TestExtractRoles_Default (0.00s)
=== RUN   TestExtractRoles_AllValue
--- PASS: TestExtractRoles_AllValue (0.00s)
=== RUN   TestIsFeatureEnabled
=== RUN   TestIsFeatureEnabled/feature_enabled_-_single_flag
=== RUN   TestIsFeatureEnabled/feature_enabled_-_case_insensitive
=== RUN   TestIsFeatureEnabled/feature_enabled_-_mixed_case
=== RUN   TestIsFeatureEnabled/feature_enabled_-_multiple_flags
=== RUN   TestIsFeatureEnabled/feature_enabled_-_with_spaces
=== RUN   TestIsFeatureEnabled/feature_disabled_-_empty_env
=== RUN   TestIsFeatureEnabled/feature_disabled_-_not_in_list
=== RUN   TestIsFeatureEnabled/feature_disabled_-_partial_match
--- PASS: TestIsFeatureEnabled (0.00s)
    --- PASS: TestIsFeatureEnabled/feature_enabled_-_single_flag (0.00s)
    --- PASS: TestIsFeatureEnabled/feature_enabled_-_case_insensitive (0.00s)
    --- PASS: TestIsFeatureEnabled/feature_enabled_-_mixed_case (0.00s)
    --- PASS: TestIsFeatureEnabled/feature_enabled_-_multiple_flags (0.00s)
    --- PASS: TestIsFeatureEnabled/feature_enabled_-_with_spaces (0.00s)
    --- PASS: TestIsFeatureEnabled/feature_disabled_-_empty_env (0.00s)
    --- PASS: TestIsFeatureEnabled/feature_disabled_-_not_in_list (0.00s)
    --- PASS: TestIsFeatureEnabled/feature_disabled_-_partial_match (0.00s)
=== RUN   TestIsFeatureEnabledNoEnv
--- PASS: TestIsFeatureEnabledNoEnv (0.00s)
=== RUN   TestIsFeatureEnabledWithData
=== RUN   TestIsFeatureEnabledWithData/frontmatter_takes_precedence_-_enabled_in_frontmatter,_disabled_in_env
=== RUN   TestIsFeatureEnabledWithData/frontmatter_takes_precedence_-_disabled_in_frontmatter,_enabled_in_env
=== RUN   TestIsFeatureEnabledWithData/fallback_to_env_when_not_in_frontmatter
=== RUN   TestIsFeatureEnabledWithData/disabled_when_not_in_frontmatter_or_env
=== RUN   TestIsFeatureEnabledWithData/case_insensitive_frontmatter_check
=== RUN   TestIsFeatureEnabledWithData/nil_frontmatter_falls_back_to_env
=== RUN   TestIsFeatureEnabledWithData/empty_frontmatter_falls_back_to_env
=== RUN   TestIsFeatureEnabledWithData/explicit_frontmatter_false_disables_cli-proxy_for_copilot
--- PASS: TestIsFeatureEnabledWithData (0.00s)
    --- PASS: TestIsFeatureEnabledWithData/frontmatter_takes_precedence_-_enabled_in_frontmatter,_disabled_in_env (0.00s)
    --- PASS: TestIsFeatureEnabledWithData/frontmatter_takes_precedence_-_disabled_in_frontmatter,_enabled_in_env (0.00s)
    --- PASS: TestIsFeatureEnabledWithData/fallback_to_env_when_not_in_frontmatter (0.00s)
    --- PASS: TestIsFeatureEnabledWithData/disabled_when_not_in_frontmatter_or_env (0.00s)
    --- PASS: TestIsFeatureEnabledWithData/case_insensitive_frontmatter_check (0.00s)
    --- PASS: TestIsFeatureEnabledWithData/nil_frontmatter_falls_back_to_env (0.00s)
    --- PASS: TestIsFeatureEnabledWithData/empty_frontmatter_falls_back_to_env (0.00s)
    --- PASS: TestIsFeatureEnabledWithData/explicit_frontmatter_false_disables_cli-proxy_for_copilot (0.00s)
=== RUN   TestIsFeatureEnabledWithDataNilWorkflow
--- PASS: TestIsFeatureEnabledWithDataNilWorkflow (0.00s)
=== RUN   TestMergedFeaturesAreUsedByIsFeatureEnabled
=== RUN   TestMergedFeaturesAreUsedByIsFeatureEnabled/imported_feature_enabled
=== RUN   TestMergedFeaturesAreUsedByIsFeatureEnabled/imported_feature_disabled
=== RUN   TestMergedFeaturesAreUsedByIsFeatureEnabled/string_feature_treated_as_enabled
=== RUN   TestMergedFeaturesAreUsedByIsFeatureEnabled/top-level_feature_enabled
=== RUN   TestMergedFeaturesAreUsedByIsFeatureEnabled/non-existent_feature
--- PASS: TestMergedFeaturesAreUsedByIsFeatureEnabled (0.00s)
    --- PASS: TestMergedFeaturesAreUsedByIsFeatureEnabled/imported_feature_enabled (0.00s)
    --- PASS: TestMergedFeaturesAreUsedByIsFeatureEnabled/imported_feature_disabled (0.00s)
    --- PASS: TestMergedFeaturesAreUsedByIsFeatureEnabled/string_feature_treated_as_enabled (0.00s)
    --- PASS: TestMergedFeaturesAreUsedByIsFeatureEnabled/top-level_feature_enabled (0.00s)
    --- PASS: TestMergedFeaturesAreUsedByIsFeatureEnabled/non-existent_feature (0.00s)
=== RUN   TestMergedFeaturesTopLevelPrecedence
--- PASS: TestMergedFeaturesTopLevelPrecedence (0.00s)
=== RUN   TestInlineAgentsFeatureAlwaysEnabled
=== RUN   TestInlineAgentsFeatureAlwaysEnabled/enabled_when_feature_absent
=== RUN   TestInlineAgentsFeatureAlwaysEnabled/enabled_when_explicitly_true
=== RUN   TestInlineAgentsFeatureAlwaysEnabled/enabled_when_explicitly_false
--- PASS: TestInlineAgentsFeatureAlwaysEnabled (0.00s)
    --- PASS: TestInlineAgentsFeatureAlwaysEnabled/enabled_when_feature_absent (0.00s)
    --- PASS: TestInlineAgentsFeatureAlwaysEnabled/enabled_when_explicitly_true (0.00s)
    --- PASS: TestInlineAgentsFeatureAlwaysEnabled/enabled_when_explicitly_false (0.00s)
=== RUN   TestIsValidFullSHA
=== RUN   TestIsValidFullSHA/valid_full_SHA
=== RUN   TestIsValidFullSHA/valid_full_SHA_-_all_lowercase_hex
=== RUN   TestIsValidFullSHA/invalid_-_short_SHA_(7_chars)
=== RUN   TestIsValidFullSHA/invalid_-_short_SHA_(8_chars)
=== RUN   TestIsValidFullSHA/invalid_-_uppercase_letters
=== RUN   TestIsValidFullSHA/invalid_-_contains_non-hex_characters
=== RUN   TestIsValidFullSHA/invalid_-_too_long
=== RUN   TestIsValidFullSHA/invalid_-_empty_string
=== RUN   TestIsValidFullSHA/invalid_-_spaces
--- PASS: TestIsValidFullSHA (0.00s)
    --- PASS: TestIsValidFullSHA/valid_full_SHA (0.00s)
    --- PASS: TestIsValidFullSHA/valid_full_SHA_-_all_lowercase_hex (0.00s)
    --- PASS: TestIsValidFullSHA/invalid_-_short_SHA_(7_chars) (0.00s)
    --- PASS: TestIsValidFullSHA/invalid_-_short_SHA_(8_chars) (0.00s)
    --- PASS: TestIsValidFullSHA/invalid_-_uppercase_letters (0.00s)
    --- PASS: TestIsValidFullSHA/invalid_-_contains_non-hex_characters (0.00s)
    --- PASS: TestIsValidFullSHA/invalid_-_too_long (0.00s)
    --- PASS: TestIsValidFullSHA/invalid_-_empty_string (0.00s)
    --- PASS: TestIsValidFullSHA/invalid_-_spaces (0.00s)
=== RUN   TestValidateActionTag
=== RUN   TestValidateActionTag/valid_full_SHA
=== RUN   TestValidateActionTag/valid_-_empty_string_(falls_back_to_version)
=== RUN   TestValidateActionTag/valid_-_nil_value
=== RUN   TestValidateActionTag/valid_-_version_tag_v0
=== RUN   TestValidateActionTag/valid_-_version_tag_v1.0.0
=== RUN   TestValidateActionTag/invalid_-_short_SHA_(7_chars)
=== RUN   TestValidateActionTag/invalid_-_short_SHA_(8_chars)
=== RUN   TestValidateActionTag/invalid_-_not_a_string
=== RUN   TestValidateActionTag/invalid_-_boolean
=== RUN   TestValidateActionTag/invalid_-_uppercase_SHA
--- PASS: TestValidateActionTag (0.00s)
    --- PASS: TestValidateActionTag/valid_full_SHA (0.00s)
    --- PASS: TestValidateActionTag/valid_-_empty_string_(falls_back_to_version) (0.00s)
    --- PASS: TestValidateActionTag/valid_-_nil_value (0.00s)
    --- PASS: TestValidateActionTag/valid_-_version_tag_v0 (0.00s)
    --- PASS: TestValidateActionTag/valid_-_version_tag_v1.0.0 (0.00s)
    --- PASS: TestValidateActionTag/invalid_-_short_SHA_(7_chars) (0.00s)
    --- PASS: TestValidateActionTag/invalid_-_short_SHA_(8_chars) (0.00s)
    --- PASS: TestValidateActionTag/invalid_-_not_a_string (0.00s)
    --- PASS: TestValidateActionTag/invalid_-_boolean (0.00s)
    --- PASS: TestValidateActionTag/invalid_-_uppercase_SHA (0.00s)
=== RUN   TestValidateFeatures
=== RUN   TestValidateFeatures/nil_data
=== RUN   TestValidateFeatures/nil_features
=== RUN   TestValidateFeatures/valid_action-tag
=== RUN   TestValidateFeatures/invalid_action-tag_-_short_SHA
=== RUN   TestValidateFeatures/valid_action-tag_-_version_tag
=== RUN   TestValidateFeatures/empty_action-tag_is_allowed
=== RUN   TestValidateFeatures/other_features_should_not_cause_errors
=== RUN   TestValidateFeatures/valid_action-tag_with_other_features
=== RUN   TestValidateFeatures/disable-xpia-prompt_with_bash_tool_-_allowed_in_non-strict_mode
--- PASS: TestValidateFeatures (0.00s)
    --- PASS: TestValidateFeatures/nil_data (0.00s)
    --- PASS: TestValidateFeatures/nil_features (0.00s)
    --- PASS: TestValidateFeatures/valid_action-tag (0.00s)
    --- PASS: TestValidateFeatures/invalid_action-tag_-_short_SHA (0.00s)
    --- PASS: TestValidateFeatures/valid_action-tag_-_version_tag (0.00s)
    --- PASS: TestValidateFeatures/empty_action-tag_is_allowed (0.00s)
    --- PASS: TestValidateFeatures/other_features_should_not_cause_errors (0.00s)
    --- PASS: TestValidateFeatures/valid_action-tag_with_other_features (0.00s)
    --- PASS: TestValidateFeatures/disable-xpia-prompt_with_bash_tool_-_allowed_in_non-strict_mode (0.00s)
=== RUN   TestFirewallArgsInCopilotEngine
=== RUN   TestFirewallArgsInCopilotEngine/no_custom_args_uses_only_default_flags
=== RUN   TestFirewallArgsInCopilotEngine/custom_args_are_included_in_AWF_command
=== RUN   TestFirewallArgsInCopilotEngine/custom_args_with_spaces_are_properly_escaped
=== RUN   TestFirewallArgsInCopilotEngine/AWF_uses_chroot_mode_instead_of_individual_binary_mounts
=== RUN   TestFirewallArgsInCopilotEngine/AWF_command_includes_image-tag_with_default_version
=== RUN   TestFirewallArgsInCopilotEngine/AWF_command_includes_image-tag_with_custom_version
=== RUN   TestFirewallArgsInCopilotEngine/skips_docker-host-path-prefix_probe_and_arg_ref_when_AWF_version_is_too_old
=== RUN   TestFirewallArgsInCopilotEngine/AWF_command_includes_ssl-bump_flag_when_enabled
=== RUN   TestFirewallArgsInCopilotEngine/AWF_command_includes_allow-urls_with_ssl-bump_enabled
=== RUN   TestFirewallArgsInCopilotEngine/AWF_command_does_not_include_allow-urls_without_ssl-bump
--- PASS: TestFirewallArgsInCopilotEngine (0.00s)
    --- PASS: TestFirewallArgsInCopilotEngine/no_custom_args_uses_only_default_flags (0.00s)
    --- PASS: TestFirewallArgsInCopilotEngine/custom_args_are_included_in_AWF_command (0.00s)
    --- PASS: TestFirewallArgsInCopilotEngine/custom_args_with_spaces_are_properly_escaped (0.00s)
    --- PASS: TestFirewallArgsInCopilotEngine/AWF_uses_chroot_mode_instead_of_individual_binary_mounts (0.00s)
    --- PASS: TestFirewallArgsInCopilotEngine/AWF_command_includes_image-tag_with_default_version (0.00s)
    --- PASS: TestFirewallArgsInCopilotEngine/AWF_command_includes_image-tag_with_custom_version (0.00s)
    --- PASS: TestFirewallArgsInCopilotEngine/skips_docker-host-path-prefix_probe_and_arg_ref_when_AWF_version_is_too_old (0.00s)
    --- PASS: TestFirewallArgsInCopilotEngine/AWF_command_includes_ssl-bump_flag_when_enabled (0.00s)
    --- PASS: TestFirewallArgsInCopilotEngine/AWF_command_includes_allow-urls_with_ssl-bump_enabled (0.00s)
    --- PASS: TestFirewallArgsInCopilotEngine/AWF_command_does_not_include_allow-urls_without_ssl-bump (0.00s)
=== RUN   TestFirewallBlockedDomainsInCopilotEngine
=== RUN   TestFirewallBlockedDomainsInCopilotEngine/blocked_domains_are_added_to_AWF_command
=== RUN   TestFirewallBlockedDomainsInCopilotEngine/no_blocked_domains_means_no_blockDomains_field_in_config_JSON
=== RUN   TestFirewallBlockedDomainsInCopilotEngine/ecosystem_identifiers_are_expanded_in_blocked_domains
--- PASS: TestFirewallBlockedDomainsInCopilotEngine (0.00s)
    --- PASS: TestFirewallBlockedDomainsInCopilotEngine/blocked_domains_are_added_to_AWF_command (0.00s)
    --- PASS: TestFirewallBlockedDomainsInCopilotEngine/no_blocked_domains_means_no_blockDomains_field_in_config_JSON (0.00s)
    --- PASS: TestFirewallBlockedDomainsInCopilotEngine/ecosystem_identifiers_are_expanded_in_blocked_domains (0.00s)
=== RUN   TestFirewallBlockedDomainsInClaudeEngine
=== RUN   TestFirewallBlockedDomainsInClaudeEngine/blocked_domains_are_added_to_Claude_AWF_command
--- PASS: TestFirewallBlockedDomainsInClaudeEngine (0.00s)
    --- PASS: TestFirewallBlockedDomainsInClaudeEngine/blocked_domains_are_added_to_Claude_AWF_command (0.00s)
=== RUN   TestFirewallBlockedDomainsInCodexEngine
=== RUN   TestFirewallBlockedDomainsInCodexEngine/blocked_domains_are_added_to_Codex_AWF_command
--- PASS: TestFirewallBlockedDomainsInCodexEngine (0.00s)
    --- PASS: TestFirewallBlockedDomainsInCodexEngine/blocked_domains_are_added_to_Codex_AWF_command (0.00s)
=== RUN   TestEnableFirewallByDefaultForCopilot
=== RUN   TestEnableFirewallByDefaultForCopilot/copilot_engine_with_network_restrictions_enables_firewall_by_default
=== RUN   TestEnableFirewallByDefaultForCopilot/copilot_engine_with_network:defaults_enables_firewall_by_default
=== RUN   TestEnableFirewallByDefaultForCopilot/copilot_engine_with_empty_network_object_enables_firewall_by_default
=== RUN   TestEnableFirewallByDefaultForCopilot/copilot_engine_with_wildcard_allowed_does_NOT_enable_firewall
=== RUN   TestEnableFirewallByDefaultForCopilot/copilot_engine_with_explicit_firewall_config_is_not_overridden
=== RUN   TestEnableFirewallByDefaultForCopilot/non-copilot_engine_does_not_enable_firewall
=== RUN   TestEnableFirewallByDefaultForCopilot/codex_engine_with_network_restrictions_enables_firewall_by_default
=== RUN   TestEnableFirewallByDefaultForCopilot/nil_network_permissions_does_not_cause_error
--- PASS: TestEnableFirewallByDefaultForCopilot (0.00s)
    --- PASS: TestEnableFirewallByDefaultForCopilot/copilot_engine_with_network_restrictions_enables_firewall_by_default (0.00s)
    --- PASS: TestEnableFirewallByDefaultForCopilot/copilot_engine_with_network:defaults_enables_firewall_by_default (0.00s)
    --- PASS: TestEnableFirewallByDefaultForCopilot/copilot_engine_with_empty_network_object_enables_firewall_by_default (0.00s)
    --- PASS: TestEnableFirewallByDefaultForCopilot/copilot_engine_with_wildcard_allowed_does_NOT_enable_firewall (0.00s)
    --- PASS: TestEnableFirewallByDefaultForCopilot/copilot_engine_with_explicit_firewall_config_is_not_overridden (0.00s)
    --- PASS: TestEnableFirewallByDefaultForCopilot/non-copilot_engine_does_not_enable_firewall (0.00s)
    --- PASS: TestEnableFirewallByDefaultForCopilot/codex_engine_with_network_restrictions_enables_firewall_by_default (0.00s)
    --- PASS: TestEnableFirewallByDefaultForCopilot/nil_network_permissions_does_not_cause_error (0.00s)
=== RUN   TestCopilotFirewallDefaultIntegration
=== RUN   TestCopilotFirewallDefaultIntegration/copilot_workflow_with_network_restrictions_includes_AWF_installation
=== RUN   TestCopilotFirewallDefaultIntegration/copilot_workflow_with_sandbox.agent:false_does_not_include_AWF
=== RUN   TestCopilotFirewallDefaultIntegration/claude_engine_with_network_restrictions_does_not_enable_firewall
--- PASS: TestCopilotFirewallDefaultIntegration (0.00s)
    --- PASS: TestCopilotFirewallDefaultIntegration/copilot_workflow_with_network_restrictions_includes_AWF_installation (0.00s)
    --- PASS: TestCopilotFirewallDefaultIntegration/copilot_workflow_with_sandbox.agent:false_does_not_include_AWF (0.00s)
    --- PASS: TestCopilotFirewallDefaultIntegration/claude_engine_with_network_restrictions_does_not_enable_firewall (0.00s)
=== RUN   TestDailyTeamStatusFirewallEnabled
=== RUN   TestDailyTeamStatusFirewallEnabled/daily-team-status_workflow_with_network:defaults_enables_AWF_firewall
--- PASS: TestDailyTeamStatusFirewallEnabled (0.00s)
    --- PASS: TestDailyTeamStatusFirewallEnabled/daily-team-status_workflow_with_network:defaults_enables_AWF_firewall (0.00s)
=== RUN   TestStrictModeFirewallValidation
=== RUN   TestStrictModeFirewallValidation/strict_mode_requires_firewall_for_copilot_with_network_restrictions
=== RUN   TestStrictModeFirewallValidation/strict_mode_allows_firewall_disabled_when_allowed_is_wildcard
=== RUN   TestStrictModeFirewallValidation/strict_mode_passes_when_firewall_is_enabled
=== RUN   TestStrictModeFirewallValidation/strict_mode_skips_validation_for_non-copilot_engines
=== RUN   TestStrictModeFirewallValidation/strict_mode_refuses_sandbox.agent:_false_for_copilot
=== RUN   TestStrictModeFirewallValidation/strict_mode_refuses_sandbox.agent:_false_for_all_engines
=== RUN   TestStrictModeFirewallValidation/strict_mode_skips_validation_when_SRT_is_enabled
=== RUN   TestStrictModeFirewallValidation/non-strict_mode_does_not_validate_firewall
=== RUN   TestStrictModeFirewallValidation/sandbox.agent:_false_is_rejected_even_in_non-strict_mode
--- PASS: TestStrictModeFirewallValidation (0.01s)
    --- PASS: TestStrictModeFirewallValidation/strict_mode_requires_firewall_for_copilot_with_network_restrictions (0.00s)
    --- PASS: TestStrictModeFirewallValidation/strict_mode_allows_firewall_disabled_when_allowed_is_wildcard (0.00s)
    --- PASS: TestStrictModeFirewallValidation/strict_mode_passes_when_firewall_is_enabled (0.00s)
    --- PASS: TestStrictModeFirewallValidation/strict_mode_skips_validation_for_non-copilot_engines (0.00s)
    --- PASS: TestStrictModeFirewallValidation/strict_mode_refuses_sandbox.agent:_false_for_copilot (0.00s)
    --- PASS: TestStrictModeFirewallValidation/strict_mode_refuses_sandbox.agent:_false_for_all_engines (0.00s)
    --- PASS: TestStrictModeFirewallValidation/strict_mode_skips_validation_when_SRT_is_enabled (0.00s)
    --- PASS: TestStrictModeFirewallValidation/non-strict_mode_does_not_validate_firewall (0.00s)
    --- PASS: TestStrictModeFirewallValidation/sandbox.agent:_false_is_rejected_even_in_non-strict_mode (0.00s)
=== RUN   TestIsAWFNetworkIsolationEnabled
=== RUN   TestIsAWFNetworkIsolationEnabled/returns_false_when_workflow_data_is_nil
=== RUN   TestIsAWFNetworkIsolationEnabled/returns_false_when_agent_config_is_missing
=== RUN   TestIsAWFNetworkIsolationEnabled/returns_false_when_agent_is_disabled
=== RUN   TestIsAWFNetworkIsolationEnabled/returns_true_when_network_isolation_is_enabled
--- PASS: TestIsAWFNetworkIsolationEnabled (0.00s)
    --- PASS: TestIsAWFNetworkIsolationEnabled/returns_false_when_workflow_data_is_nil (0.00s)
    --- PASS: TestIsAWFNetworkIsolationEnabled/returns_false_when_agent_config_is_missing (0.00s)
    --- PASS: TestIsAWFNetworkIsolationEnabled/returns_false_when_agent_is_disabled (0.00s)
    --- PASS: TestIsAWFNetworkIsolationEnabled/returns_true_when_network_isolation_is_enabled (0.00s)
=== RUN   TestGetAWFImageTag
=== RUN   TestGetAWFImageTag/returns_default_version_without_v_prefix_when_firewall_config_is_nil
=== RUN   TestGetAWFImageTag/returns_default_version_without_v_prefix_when_version_is_empty
=== RUN   TestGetAWFImageTag/returns_custom_version_without_v_prefix_when_specified
=== RUN   TestGetAWFImageTag/returns_version_unchanged_when_no_v_prefix_present
--- PASS: TestGetAWFImageTag (0.00s)
    --- PASS: TestGetAWFImageTag/returns_default_version_without_v_prefix_when_firewall_config_is_nil (0.00s)
    --- PASS: TestGetAWFImageTag/returns_default_version_without_v_prefix_when_version_is_empty (0.00s)
    --- PASS: TestGetAWFImageTag/returns_custom_version_without_v_prefix_when_specified (0.00s)
    --- PASS: TestGetAWFImageTag/returns_version_unchanged_when_no_v_prefix_present (0.00s)
=== RUN   TestClaudeEngineAWFImageTag
=== RUN   TestClaudeEngineAWFImageTag/AWF_config_JSON_includes_imageTag_with_default_version
--- PASS: TestClaudeEngineAWFImageTag (0.00s)
    --- PASS: TestClaudeEngineAWFImageTag/AWF_config_JSON_includes_imageTag_with_default_version (0.00s)
=== RUN   TestCodexEngineAWFImageTag
=== RUN   TestCodexEngineAWFImageTag/AWF_config_JSON_includes_imageTag_with_default_version
--- PASS: TestCodexEngineAWFImageTag (0.00s)
    --- PASS: TestCodexEngineAWFImageTag/AWF_config_JSON_includes_imageTag_with_default_version (0.00s)
=== RUN   TestFirewallLogLevelParsing
=== RUN   TestFirewallLogLevelParsing/network.firewall_object_is_ignored_during_extraction
--- PASS: TestFirewallLogLevelParsing (0.00s)
    --- PASS: TestFirewallLogLevelParsing/network.firewall_object_is_ignored_during_extraction (0.00s)
=== RUN   TestFirewallLogLevelInCopilotEngine
=== RUN   TestFirewallLogLevelInCopilotEngine/default_log-level_is_'info'_when_not_specified
=== RUN   TestFirewallLogLevelInCopilotEngine/custom_log-level_is_used_when_specified
=== RUN   TestFirewallLogLevelInCopilotEngine/log-level_can_be_set_to_different_values
--- PASS: TestFirewallLogLevelInCopilotEngine (0.00s)
    --- PASS: TestFirewallLogLevelInCopilotEngine/default_log-level_is_'info'_when_not_specified (0.00s)
    --- PASS: TestFirewallLogLevelInCopilotEngine/custom_log-level_is_used_when_specified (0.00s)
    --- PASS: TestFirewallLogLevelInCopilotEngine/log-level_can_be_set_to_different_values (0.00s)
=== RUN   TestValidateLogLevel
=== RUN   TestValidateLogLevel/valid_log-level:_debug
=== RUN   TestValidateLogLevel/valid_log-level:_info
=== RUN   TestValidateLogLevel/valid_log-level:_warn
=== RUN   TestValidateLogLevel/valid_log-level:_error
=== RUN   TestValidateLogLevel/empty_log-level_(allowed,_defaults_to_info)
=== RUN   TestValidateLogLevel/invalid_log-level:_verbose
=== RUN   TestValidateLogLevel/invalid_log-level:_trace
=== RUN   TestValidateLogLevel/invalid_log-level:_warning
=== RUN   TestValidateLogLevel/invalid_log-level:_fatal
=== RUN   TestValidateLogLevel/invalid_log-level:_DEBUG_(uppercase)
=== RUN   TestValidateLogLevel/invalid_log-level:_Info_(mixed_case)
=== RUN   TestValidateLogLevel/invalid_log-level:_random_string
--- PASS: TestValidateLogLevel (0.00s)
    --- PASS: TestValidateLogLevel/valid_log-level:_debug (0.00s)
    --- PASS: TestValidateLogLevel/valid_log-level:_info (0.00s)
    --- PASS: TestValidateLogLevel/valid_log-level:_warn (0.00s)
    --- PASS: TestValidateLogLevel/valid_log-level:_error (0.00s)
    --- PASS: TestValidateLogLevel/empty_log-level_(allowed,_defaults_to_info) (0.00s)
    --- PASS: TestValidateLogLevel/invalid_log-level:_verbose (0.00s)
    --- PASS: TestValidateLogLevel/invalid_log-level:_trace (0.00s)
    --- PASS: TestValidateLogLevel/invalid_log-level:_warning (0.00s)
    --- PASS: TestValidateLogLevel/invalid_log-level:_fatal (0.00s)
    --- PASS: TestValidateLogLevel/invalid_log-level:_DEBUG_(uppercase) (0.00s)
    --- PASS: TestValidateLogLevel/invalid_log-level:_Info_(mixed_case) (0.00s)
    --- PASS: TestValidateLogLevel/invalid_log-level:_random_string (0.00s)
=== RUN   TestValidateFirewallConfig
=== RUN   TestValidateFirewallConfig/valid_log-level:_debug
=== RUN   TestValidateFirewallConfig/valid_log-level:_info
=== RUN   TestValidateFirewallConfig/valid_log-level:_warn
=== RUN   TestValidateFirewallConfig/valid_log-level:_error
=== RUN   TestValidateFirewallConfig/empty_log-level_(allowed)
=== RUN   TestValidateFirewallConfig/no_firewall_config_(allowed)
=== RUN   TestValidateFirewallConfig/no_network_permissions_(allowed)
=== RUN   TestValidateFirewallConfig/invalid_log-level:_verbose
=== RUN   TestValidateFirewallConfig/invalid_log-level:_trace
=== RUN   TestValidateFirewallConfig/invalid_log-level:_DEBUG_(uppercase)
--- PASS: TestValidateFirewallConfig (0.01s)
    --- PASS: TestValidateFirewallConfig/valid_log-level:_debug (0.00s)
    --- PASS: TestValidateFirewallConfig/valid_log-level:_info (0.00s)
    --- PASS: TestValidateFirewallConfig/valid_log-level:_warn (0.00s)
    --- PASS: TestValidateFirewallConfig/valid_log-level:_error (0.00s)
    --- PASS: TestValidateFirewallConfig/empty_log-level_(allowed) (0.00s)
    --- PASS: TestValidateFirewallConfig/no_firewall_config_(allowed) (0.00s)
    --- PASS: TestValidateFirewallConfig/no_network_permissions_(allowed) (0.00s)
    --- PASS: TestValidateFirewallConfig/invalid_log-level:_verbose (0.00s)
    --- PASS: TestValidateFirewallConfig/invalid_log-level:_trace (0.00s)
    --- PASS: TestValidateFirewallConfig/invalid_log-level:_DEBUG_(uppercase) (0.00s)
=== RUN   TestValidateLogLevelErrorMessageQuality
--- PASS: TestValidateLogLevelErrorMessageQuality (0.00s)
=== RUN   TestValidateFirewallConfigIntegration
--- PASS: TestValidateFirewallConfigIntegration (0.00s)
=== RUN   TestGetSSLBumpArgs
=== RUN   TestGetSSLBumpArgs/nil_config_returns_empty_slice
=== RUN   TestGetSSLBumpArgs/SSLBump_disabled_returns_empty_slice
=== RUN   TestGetSSLBumpArgs/SSLBump_enabled_without_AllowURLs_returns_only_ssl-bump_flag
=== RUN   TestGetSSLBumpArgs/SSLBump_enabled_with_single_AllowURL_returns_both_flags
=== RUN   TestGetSSLBumpArgs/SSLBump_enabled_with_multiple_AllowURLs_returns_comma-separated
=== RUN   TestGetSSLBumpArgs/Empty_AllowURLs_slice_does_not_add_allow-urls_flag
--- PASS: TestGetSSLBumpArgs (0.00s)
    --- PASS: TestGetSSLBumpArgs/nil_config_returns_empty_slice (0.00s)
    --- PASS: TestGetSSLBumpArgs/SSLBump_disabled_returns_empty_slice (0.00s)
    --- PASS: TestGetSSLBumpArgs/SSLBump_enabled_without_AllowURLs_returns_only_ssl-bump_flag (0.00s)
    --- PASS: TestGetSSLBumpArgs/SSLBump_enabled_with_single_AllowURL_returns_both_flags (0.00s)
    --- PASS: TestGetSSLBumpArgs/SSLBump_enabled_with_multiple_AllowURLs_returns_comma-separated (0.00s)
    --- PASS: TestGetSSLBumpArgs/Empty_AllowURLs_slice_does_not_add_allow-urls_flag (0.00s)
=== RUN   TestAWFInstallationStepDefaultVersion
=== RUN   TestAWFInstallationStepDefaultVersion/uses_default_version_when_no_version_specified
=== RUN   TestAWFInstallationStepDefaultVersion/uses_specified_version_when_provided
--- PASS: TestAWFInstallationStepDefaultVersion (0.00s)
    --- PASS: TestAWFInstallationStepDefaultVersion/uses_default_version_when_no_version_specified (0.00s)
    --- PASS: TestAWFInstallationStepDefaultVersion/uses_specified_version_when_provided (0.00s)
=== RUN   TestCopilotEngineFirewallInstallation
=== RUN   TestCopilotEngineFirewallInstallation/includes_AWF_installation_step_when_firewall_enabled
=== RUN   TestCopilotEngineFirewallInstallation/uses_custom_version_when_specified_in_firewall_config
=== RUN   TestCopilotEngineFirewallInstallation/uses_sandbox.agent.version_when_firewall_version_is_not_specified
=== RUN   TestCopilotEngineFirewallInstallation/does_not_include_AWF_installation_when_firewall_disabled
--- PASS: TestCopilotEngineFirewallInstallation (0.00s)
    --- PASS: TestCopilotEngineFirewallInstallation/includes_AWF_installation_step_when_firewall_enabled (0.00s)
    --- PASS: TestCopilotEngineFirewallInstallation/uses_custom_version_when_specified_in_firewall_config (0.00s)
    --- PASS: TestCopilotEngineFirewallInstallation/uses_sandbox.agent.version_when_firewall_version_is_not_specified (0.00s)
    --- PASS: TestCopilotEngineFirewallInstallation/does_not_include_AWF_installation_when_firewall_disabled (0.00s)
=== RUN   TestFirewallWorkflowNetworkConfiguration
=== RUN   TestFirewallWorkflowNetworkConfiguration/example.com_is_not_in_default_allowed_domains
=== RUN   TestFirewallWorkflowNetworkConfiguration/AWF_is_installed_with_firewall_enabled
=== RUN   TestFirewallWorkflowNetworkConfiguration/execution_step_includes_AWF_wrapper
--- PASS: TestFirewallWorkflowNetworkConfiguration (0.00s)
    --- PASS: TestFirewallWorkflowNetworkConfiguration/example.com_is_not_in_default_allowed_domains (0.00s)
    --- PASS: TestFirewallWorkflowNetworkConfiguration/AWF_is_installed_with_firewall_enabled (0.00s)
    --- PASS: TestFirewallWorkflowNetworkConfiguration/execution_step_includes_AWF_wrapper (0.00s)
=== RUN   TestFirewallWorkflowCompilation
--- PASS: TestFirewallWorkflowCompilation (0.00s)
=== RUN   TestFirewallWorkflowBlocksExampleCom
--- PASS: TestFirewallWorkflowBlocksExampleCom (0.00s)
=== RUN   TestParsedFrontmatterCaching
=== RUN   TestParsedFrontmatterCaching/simple_push_trigger
=== RUN   TestParsedFrontmatterCaching/complex_on_section_with_pull_request
=== RUN   TestParsedFrontmatterCaching/on_section_with_draft_filter
--- PASS: TestParsedFrontmatterCaching (0.01s)
    --- PASS: TestParsedFrontmatterCaching/simple_push_trigger (0.00s)
    --- PASS: TestParsedFrontmatterCaching/complex_on_section_with_pull_request (0.00s)
    --- PASS: TestParsedFrontmatterCaching/on_section_with_draft_filter (0.00s)
=== RUN   TestParsedFrontmatterUsedInFilters
--- PASS: TestParsedFrontmatterUsedInFilters (0.00s)
=== RUN   TestFindFrontmatterFieldLine
=== RUN   TestFindFrontmatterFieldLine/field_found_at_first_line
=== RUN   TestFindFrontmatterFieldLine/field_found_after_other_keys
=== RUN   TestFindFrontmatterFieldLine/field_not_present_returns_zero
=== RUN   TestFindFrontmatterFieldLine/field_with_leading_whitespace_is_not_matched
=== RUN   TestFindFrontmatterFieldLine/frontmatter_starts_later_in_the_document
=== RUN   TestFindFrontmatterFieldLine/empty_frontmatter_lines_returns_zero
=== RUN   TestFindFrontmatterFieldLine/field_name_that_is_a_prefix_of_another_key_is_not_confused
--- PASS: TestFindFrontmatterFieldLine (0.00s)
    --- PASS: TestFindFrontmatterFieldLine/field_found_at_first_line (0.00s)
    --- PASS: TestFindFrontmatterFieldLine/field_found_after_other_keys (0.00s)
    --- PASS: TestFindFrontmatterFieldLine/field_not_present_returns_zero (0.00s)
    --- PASS: TestFindFrontmatterFieldLine/field_with_leading_whitespace_is_not_matched (0.00s)
    --- PASS: TestFindFrontmatterFieldLine/frontmatter_starts_later_in_the_document (0.00s)
    --- PASS: TestFindFrontmatterFieldLine/empty_frontmatter_lines_returns_zero (0.00s)
    --- PASS: TestFindFrontmatterFieldLine/field_name_that_is_a_prefix_of_another_key_is_not_confused (0.00s)
=== RUN   TestReadSourceContextLines
=== RUN   TestReadSourceContextLines/context_around_engine_line
=== RUN   TestReadSourceContextLines/context_near_start_of_file
--- PASS: TestReadSourceContextLines (0.00s)
    --- PASS: TestReadSourceContextLines/context_around_engine_line (0.00s)
    --- PASS: TestReadSourceContextLines/context_near_start_of_file (0.00s)
=== RUN   TestExtractFeatures
=== RUN   TestExtractFeatures/valid_features_map_with_boolean_values
=== RUN   TestExtractFeatures/features_key_not_present
=== RUN   TestExtractFeatures/empty_frontmatter
=== RUN   TestExtractFeatures/features_is_not_a_map
=== RUN   TestExtractFeatures/features_map_with_mixed_value_types
=== RUN   TestExtractFeatures/empty_features_map
--- PASS: TestExtractFeatures (0.00s)
    --- PASS: TestExtractFeatures/valid_features_map_with_boolean_values (0.00s)
    --- PASS: TestExtractFeatures/features_key_not_present (0.00s)
    --- PASS: TestExtractFeatures/empty_frontmatter (0.00s)
    --- PASS: TestExtractFeatures/features_is_not_a_map (0.00s)
    --- PASS: TestExtractFeatures/features_map_with_mixed_value_types (0.00s)
    --- PASS: TestExtractFeatures/empty_features_map (0.00s)
=== RUN   TestExtractToolsStartupTimeout
=== RUN   TestExtractToolsStartupTimeout/int_timeout
=== RUN   TestExtractToolsStartupTimeout/int64_timeout
=== RUN   TestExtractToolsStartupTimeout/uint_timeout
=== RUN   TestExtractToolsStartupTimeout/uint64_timeout
=== RUN   TestExtractToolsStartupTimeout/float64_timeout
=== RUN   TestExtractToolsStartupTimeout/nil_tools
=== RUN   TestExtractToolsStartupTimeout/empty_tools_map
=== RUN   TestExtractToolsStartupTimeout/startup-timeout_not_present
=== RUN   TestExtractToolsStartupTimeout/invalid_type_(string)_-_should_error
=== RUN   TestExtractToolsStartupTimeout/invalid_type_(array)_-_should_error
=== RUN   TestExtractToolsStartupTimeout/zero_timeout_-_should_fail_validation
=== RUN   TestExtractToolsStartupTimeout/negative_timeout_-_should_fail_validation
=== RUN   TestExtractToolsStartupTimeout/minimum_valid_timeout_(1)
=== RUN   TestExtractToolsStartupTimeout/expression_-_should_be_accepted
=== RUN   TestExtractToolsStartupTimeout/expression_with_vars_-_should_be_accepted
--- PASS: TestExtractToolsStartupTimeout (0.00s)
    --- PASS: TestExtractToolsStartupTimeout/int_timeout (0.00s)
    --- PASS: TestExtractToolsStartupTimeout/int64_timeout (0.00s)
    --- PASS: TestExtractToolsStartupTimeout/uint_timeout (0.00s)
    --- PASS: TestExtractToolsStartupTimeout/uint64_timeout (0.00s)
    --- PASS: TestExtractToolsStartupTimeout/float64_timeout (0.00s)
    --- PASS: TestExtractToolsStartupTimeout/nil_tools (0.00s)
    --- PASS: TestExtractToolsStartupTimeout/empty_tools_map (0.00s)
    --- PASS: TestExtractToolsStartupTimeout/startup-timeout_not_present (0.00s)
    --- PASS: TestExtractToolsStartupTimeout/invalid_type_(string)_-_should_error (0.00s)
    --- PASS: TestExtractToolsStartupTimeout/invalid_type_(array)_-_should_error (0.00s)
    --- PASS: TestExtractToolsStartupTimeout/zero_timeout_-_should_fail_validation (0.00s)
    --- PASS: TestExtractToolsStartupTimeout/negative_timeout_-_should_fail_validation (0.00s)
    --- PASS: TestExtractToolsStartupTimeout/minimum_valid_timeout_(1) (0.00s)
    --- PASS: TestExtractToolsStartupTimeout/expression_-_should_be_accepted (0.00s)
    --- PASS: TestExtractToolsStartupTimeout/expression_with_vars_-_should_be_accepted (0.00s)
=== RUN   TestBuildLocalWorkflowSourceURL
=== RUN   TestBuildLocalWorkflowSourceURL/empty_path_returns_empty_string
=== RUN   TestBuildLocalWorkflowSourceURL/absolute_path_with_.github_workflows_directory
=== RUN   TestBuildLocalWorkflowSourceURL/relative_path_starting_with_.github
=== RUN   TestBuildLocalWorkflowSourceURL/path_where_repo_is_named_.github_(uses_last_.github_dir)
=== RUN   TestBuildLocalWorkflowSourceURL/temp_path_returns_empty_string
=== RUN   TestBuildLocalWorkflowSourceURL/path_not_containing_.github_returns_empty_string
--- PASS: TestBuildLocalWorkflowSourceURL (0.00s)
    --- PASS: TestBuildLocalWorkflowSourceURL/empty_path_returns_empty_string (0.00s)
    --- PASS: TestBuildLocalWorkflowSourceURL/absolute_path_with_.github_workflows_directory (0.00s)
    --- PASS: TestBuildLocalWorkflowSourceURL/relative_path_starting_with_.github (0.00s)
    --- PASS: TestBuildLocalWorkflowSourceURL/path_where_repo_is_named_.github_(uses_last_.github_dir) (0.00s)
    --- PASS: TestBuildLocalWorkflowSourceURL/temp_path_returns_empty_string (0.00s)
    --- PASS: TestBuildLocalWorkflowSourceURL/path_not_containing_.github_returns_empty_string (0.00s)
=== RUN   TestExtractAgentSandboxConfigVersion
=== RUN   TestExtractAgentSandboxConfigVersion/extracts_sandbox.agent.version_from_object_format
--- PASS: TestExtractAgentSandboxConfigVersion (0.00s)
    --- PASS: TestExtractAgentSandboxConfigVersion/extracts_sandbox.agent.version_from_object_format (0.00s)
=== RUN   TestExtractAgentSandboxConfigPlatform
=== RUN   TestExtractAgentSandboxConfigPlatform/extracts_sandbox.agent.platform_from_object_format
--- PASS: TestExtractAgentSandboxConfigPlatform (0.00s)
    --- PASS: TestExtractAgentSandboxConfigPlatform/extracts_sandbox.agent.platform_from_object_format (0.00s)
=== RUN   TestExtractAgentSandboxConfigNetworkIsolation
=== RUN   TestExtractAgentSandboxConfigNetworkIsolation/extracts_sandbox.agent.network-isolation_from_object_format
--- PASS: TestExtractAgentSandboxConfigNetworkIsolation (0.00s)
    --- PASS: TestExtractAgentSandboxConfigNetworkIsolation/extracts_sandbox.agent.network-isolation_from_object_format (0.00s)
=== RUN   TestExtractAgentSandboxConfigModelFallback
=== RUN   TestExtractAgentSandboxConfigModelFallback/extracts_sandbox.agent.model-fallback_false
=== RUN   TestExtractAgentSandboxConfigModelFallback/extracts_sandbox.agent.model-fallback_true
=== RUN   TestExtractAgentSandboxConfigModelFallback/extracts_sandbox.agent.model-fallback_expression
=== RUN   TestExtractAgentSandboxConfigModelFallback/model-fallback_is_nil_when_absent
=== RUN   TestExtractAgentSandboxConfigModelFallback/model-fallback_is_nil_when_value_is_not_a_boolean_or_expression
=== RUN   TestExtractAgentSandboxConfigModelFallback/model-fallback_is_nil_when_value_is_an_object
--- PASS: TestExtractAgentSandboxConfigModelFallback (0.00s)
    --- PASS: TestExtractAgentSandboxConfigModelFallback/extracts_sandbox.agent.model-fallback_false (0.00s)
    --- PASS: TestExtractAgentSandboxConfigModelFallback/extracts_sandbox.agent.model-fallback_true (0.00s)
    --- PASS: TestExtractAgentSandboxConfigModelFallback/extracts_sandbox.agent.model-fallback_expression (0.00s)
    --- PASS: TestExtractAgentSandboxConfigModelFallback/model-fallback_is_nil_when_absent (0.00s)
    --- PASS: TestExtractAgentSandboxConfigModelFallback/model-fallback_is_nil_when_value_is_not_a_boolean_or_expression (0.00s)
    --- PASS: TestExtractAgentSandboxConfigModelFallback/model-fallback_is_nil_when_value_is_an_object (0.00s)
=== RUN   TestExtractMCPGatewayConfigPayloadFields
=== RUN   TestExtractMCPGatewayConfigPayloadFields/extracts_payloadDir_using_camelCase_key
=== RUN   TestExtractMCPGatewayConfigPayloadFields/extracts_payloadDir_using_kebab-case_key
=== RUN   TestExtractMCPGatewayConfigPayloadFields/extracts_payloadPathPrefix_using_camelCase_key
=== RUN   TestExtractMCPGatewayConfigPayloadFields/extracts_payloadPathPrefix_using_kebab-case_key
=== RUN   TestExtractMCPGatewayConfigPayloadFields/extracts_payloadSizeThreshold_using_camelCase_key
=== RUN   TestExtractMCPGatewayConfigPayloadFields/extracts_payloadSizeThreshold_using_kebab-case_key
=== RUN   TestExtractMCPGatewayConfigPayloadFields/extracts_payloadSizeThreshold_as_float64_(YAML_default_numeric_type)
=== RUN   TestExtractMCPGatewayConfigPayloadFields/extracts_all_payload_fields_together
=== RUN   TestExtractMCPGatewayConfigPayloadFields/leaves_payload_fields_zero/empty_when_not_specified
--- PASS: TestExtractMCPGatewayConfigPayloadFields (0.00s)
    --- PASS: TestExtractMCPGatewayConfigPayloadFields/extracts_payloadDir_using_camelCase_key (0.00s)
    --- PASS: TestExtractMCPGatewayConfigPayloadFields/extracts_payloadDir_using_kebab-case_key (0.00s)
    --- PASS: TestExtractMCPGatewayConfigPayloadFields/extracts_payloadPathPrefix_using_camelCase_key (0.00s)
    --- PASS: TestExtractMCPGatewayConfigPayloadFields/extracts_payloadPathPrefix_using_kebab-case_key (0.00s)
    --- PASS: TestExtractMCPGatewayConfigPayloadFields/extracts_payloadSizeThreshold_using_camelCase_key (0.00s)
    --- PASS: TestExtractMCPGatewayConfigPayloadFields/extracts_payloadSizeThreshold_using_kebab-case_key (0.00s)
    --- PASS: TestExtractMCPGatewayConfigPayloadFields/extracts_payloadSizeThreshold_as_float64_(YAML_default_numeric_type) (0.00s)
    --- PASS: TestExtractMCPGatewayConfigPayloadFields/extracts_all_payload_fields_together (0.00s)
    --- PASS: TestExtractMCPGatewayConfigPayloadFields/leaves_payload_fields_zero/empty_when_not_specified (0.00s)
=== RUN   TestExtractMCPGatewayConfigTrustedBots
=== RUN   TestExtractMCPGatewayConfigTrustedBots/extracts_trustedBots_using_camelCase_key
=== RUN   TestExtractMCPGatewayConfigTrustedBots/extracts_trustedBots_using_kebab-case_key
=== RUN   TestExtractMCPGatewayConfigTrustedBots/leaves_trustedBots_nil_when_not_specified
--- PASS: TestExtractMCPGatewayConfigTrustedBots (0.00s)
    --- PASS: TestExtractMCPGatewayConfigTrustedBots/extracts_trustedBots_using_camelCase_key (0.00s)
    --- PASS: TestExtractMCPGatewayConfigTrustedBots/extracts_trustedBots_using_kebab-case_key (0.00s)
    --- PASS: TestExtractMCPGatewayConfigTrustedBots/leaves_trustedBots_nil_when_not_specified (0.00s)
=== RUN   TestExtractMCPGatewayConfigKeepaliveInterval
=== RUN   TestExtractMCPGatewayConfigKeepaliveInterval/extracts_keepaliveInterval_using_camelCase_key
=== RUN   TestExtractMCPGatewayConfigKeepaliveInterval/extracts_keepalive-interval_using_kebab-case_key
=== RUN   TestExtractMCPGatewayConfigKeepaliveInterval/extracts_-1_to_disable_keepalive
=== RUN   TestExtractMCPGatewayConfigKeepaliveInterval/leaves_keepaliveInterval_as_0_when_not_specified
--- PASS: TestExtractMCPGatewayConfigKeepaliveInterval (0.00s)
    --- PASS: TestExtractMCPGatewayConfigKeepaliveInterval/extracts_keepaliveInterval_using_camelCase_key (0.00s)
    --- PASS: TestExtractMCPGatewayConfigKeepaliveInterval/extracts_keepalive-interval_using_kebab-case_key (0.00s)
    --- PASS: TestExtractMCPGatewayConfigKeepaliveInterval/extracts_-1_to_disable_keepalive (0.00s)
    --- PASS: TestExtractMCPGatewayConfigKeepaliveInterval/leaves_keepaliveInterval_as_0_when_not_specified (0.00s)
=== RUN   TestIsGitHubAppNestedField
=== RUN   TestIsGitHubAppNestedField/app_id_field
=== RUN   TestIsGitHubAppNestedField/client_id_field
=== RUN   TestIsGitHubAppNestedField/private_key_field
=== RUN   TestIsGitHubAppNestedField/ignore-if-missing_field
=== RUN   TestIsGitHubAppNestedField/owner_field
=== RUN   TestIsGitHubAppNestedField/repositories_field
=== RUN   TestIsGitHubAppNestedField/array_item
=== RUN   TestIsGitHubAppNestedField/non-matching_field
=== RUN   TestIsGitHubAppNestedField/partial_field_name
--- PASS: TestIsGitHubAppNestedField (0.00s)
    --- PASS: TestIsGitHubAppNestedField/app_id_field (0.00s)
    --- PASS: TestIsGitHubAppNestedField/client_id_field (0.00s)
    --- PASS: TestIsGitHubAppNestedField/private_key_field (0.00s)
    --- PASS: TestIsGitHubAppNestedField/ignore-if-missing_field (0.00s)
    --- PASS: TestIsGitHubAppNestedField/owner_field (0.00s)
    --- PASS: TestIsGitHubAppNestedField/repositories_field (0.00s)
    --- PASS: TestIsGitHubAppNestedField/array_item (0.00s)
    --- PASS: TestIsGitHubAppNestedField/non-matching_field (0.00s)
    --- PASS: TestIsGitHubAppNestedField/partial_field_name (0.00s)
=== RUN   TestIsValidWorkflowRunConclusion
=== RUN   TestIsValidWorkflowRunConclusion/success
=== RUN   TestIsValidWorkflowRunConclusion/failure
=== RUN   TestIsValidWorkflowRunConclusion/neutral
=== RUN   TestIsValidWorkflowRunConclusion/cancelled
=== RUN   TestIsValidWorkflowRunConclusion/skipped
=== RUN   TestIsValidWorkflowRunConclusion/timed_out
=== RUN   TestIsValidWorkflowRunConclusion/action_required
=== RUN   TestIsValidWorkflowRunConclusion/stale
=== RUN   TestIsValidWorkflowRunConclusion/unknown_value
=== RUN   TestIsValidWorkflowRunConclusion/expression_injection_attempt
--- PASS: TestIsValidWorkflowRunConclusion (0.00s)
    --- PASS: TestIsValidWorkflowRunConclusion/success (0.00s)
    --- PASS: TestIsValidWorkflowRunConclusion/failure (0.00s)
    --- PASS: TestIsValidWorkflowRunConclusion/neutral (0.00s)
    --- PASS: TestIsValidWorkflowRunConclusion/cancelled (0.00s)
    --- PASS: TestIsValidWorkflowRunConclusion/skipped (0.00s)
    --- PASS: TestIsValidWorkflowRunConclusion/timed_out (0.00s)
    --- PASS: TestIsValidWorkflowRunConclusion/action_required (0.00s)
    --- PASS: TestIsValidWorkflowRunConclusion/stale (0.00s)
    --- PASS: TestIsValidWorkflowRunConclusion/unknown_value (0.00s)
    --- PASS: TestIsValidWorkflowRunConclusion/expression_injection_attempt (0.00s)
=== RUN   TestIndentYAMLLines
=== RUN   TestIndentYAMLLines/empty_input
=== RUN   TestIndentYAMLLines/single_line
=== RUN   TestIndentYAMLLines/multi_line
=== RUN   TestIndentYAMLLines/blank_lines_are_preserved_without_extra_indentation
--- PASS: TestIndentYAMLLines (0.00s)
    --- PASS: TestIndentYAMLLines/empty_input (0.00s)
    --- PASS: TestIndentYAMLLines/single_line (0.00s)
    --- PASS: TestIndentYAMLLines/multi_line (0.00s)
    --- PASS: TestIndentYAMLLines/blank_lines_are_preserved_without_extra_indentation (0.00s)
=== RUN   TestExtractDeploymentStatusStateCondition
=== RUN   TestExtractDeploymentStatusStateCondition/missing_on_section
=== RUN   TestExtractDeploymentStatusStateCondition/single_state
=== RUN   TestExtractDeploymentStatusStateCondition/multiple_states
=== RUN   TestExtractDeploymentStatusStateCondition/mixed_array_keeps_only_strings
--- PASS: TestExtractDeploymentStatusStateCondition (0.00s)
    --- PASS: TestExtractDeploymentStatusStateCondition/missing_on_section (0.00s)
    --- PASS: TestExtractDeploymentStatusStateCondition/single_state (0.00s)
    --- PASS: TestExtractDeploymentStatusStateCondition/multiple_states (0.00s)
    --- PASS: TestExtractDeploymentStatusStateCondition/mixed_array_keeps_only_strings (0.00s)
=== RUN   TestExtractWorkflowRunConclusionConditionHelper
=== RUN   TestExtractWorkflowRunConclusionConditionHelper/missing_on_section
=== RUN   TestExtractWorkflowRunConclusionConditionHelper/single_valid_conclusion
=== RUN   TestExtractWorkflowRunConclusionConditionHelper/multiple_valid_conclusions
=== RUN   TestExtractWorkflowRunConclusionConditionHelper/invalid_conclusion_rejects_injection_attempt
--- PASS: TestExtractWorkflowRunConclusionConditionHelper (0.00s)
    --- PASS: TestExtractWorkflowRunConclusionConditionHelper/missing_on_section (0.00s)
    --- PASS: TestExtractWorkflowRunConclusionConditionHelper/single_valid_conclusion (0.00s)
    --- PASS: TestExtractWorkflowRunConclusionConditionHelper/multiple_valid_conclusions (0.00s)
    --- PASS: TestExtractWorkflowRunConclusionConditionHelper/invalid_conclusion_rejects_injection_attempt (0.00s)
=== RUN   TestExtractOnTriggerMap
=== RUN   TestExtractOnTriggerMap/missing_on_section
=== RUN   TestExtractOnTriggerMap/non_map_on_section
=== RUN   TestExtractOnTriggerMap/non_map_trigger_value
=== RUN   TestExtractOnTriggerMap/trigger_map_found
--- PASS: TestExtractOnTriggerMap (0.00s)
    --- PASS: TestExtractOnTriggerMap/missing_on_section (0.00s)
    --- PASS: TestExtractOnTriggerMap/non_map_on_section (0.00s)
    --- PASS: TestExtractOnTriggerMap/non_map_trigger_value (0.00s)
    --- PASS: TestExtractOnTriggerMap/trigger_map_found (0.00s)
=== RUN   TestNormalizeStringOrStringSlice
=== RUN   TestNormalizeStringOrStringSlice/single_string
=== RUN   TestNormalizeStringOrStringSlice/string_array
=== RUN   TestNormalizeStringOrStringSlice/mixed_array_keeps_only_strings
=== RUN   TestNormalizeStringOrStringSlice/unexpected_type_returns_nil
--- PASS: TestNormalizeStringOrStringSlice (0.00s)
    --- PASS: TestNormalizeStringOrStringSlice/single_string (0.00s)
    --- PASS: TestNormalizeStringOrStringSlice/string_array (0.00s)
    --- PASS: TestNormalizeStringOrStringSlice/mixed_array_keeps_only_strings (0.00s)
    --- PASS: TestNormalizeStringOrStringSlice/unexpected_type_returns_nil (0.00s)
=== RUN   TestExtractLabelCommandConfig
--- PASS: TestExtractLabelCommandConfig (0.00s)
=== RUN   TestParseFrontmatterConfig
=== RUN   TestParseFrontmatterConfig/parses_minimal_workflow_config
=== RUN   TestParseFrontmatterConfig/parses_labels_array
=== RUN   TestParseFrontmatterConfig/parses_complete_workflow_config
=== RUN   TestParseFrontmatterConfig/parses_on.needs_config
=== RUN   TestParseFrontmatterConfig/handles_timeout-minutes_as_int
=== RUN   TestParseFrontmatterConfig/handles_timeout-minutes_as_expression_string
=== RUN   TestParseFrontmatterConfig/rejects_timeout-minutes_as_float
=== RUN   TestParseFrontmatterConfig/rejects_timeout-minutes_as_free-form_string
=== RUN   TestParseFrontmatterConfig/handles_empty_frontmatter
=== RUN   TestParseFrontmatterConfig/handles_network_configuration
=== RUN   TestParseFrontmatterConfig/handles_sandbox_configuration
=== RUN   TestParseFrontmatterConfig/handles_observability_configuration
=== RUN   TestParseFrontmatterConfig/handles_jobs_configuration
=== RUN   TestParseFrontmatterConfig/handles_top-level_runs-on_forms
=== RUN   TestParseFrontmatterConfig/handles_top-level_runs-on_forms/string_form
=== RUN   TestParseFrontmatterConfig/handles_top-level_runs-on_forms/handles_safe-outputs_runs-on_forms
=== RUN   TestParseFrontmatterConfig/handles_top-level_runs-on_forms/handles_safe-outputs_runs-on_forms/safe-outputs.runs-on_string_form
=== RUN   TestParseFrontmatterConfig/handles_top-level_runs-on_forms/handles_safe-outputs_runs-on_forms/safe-outputs.runs-on_array_form
=== RUN   TestParseFrontmatterConfig/handles_top-level_runs-on_forms/array_form
=== RUN   TestParseFrontmatterConfig/handles_top-level_runs-on_forms/handles_safe-outputs_runs-on_forms#01
=== RUN   TestParseFrontmatterConfig/handles_top-level_runs-on_forms/handles_safe-outputs_runs-on_forms#01/safe-outputs.runs-on_string_form
=== RUN   TestParseFrontmatterConfig/handles_top-level_runs-on_forms/handles_safe-outputs_runs-on_forms#01/safe-outputs.runs-on_array_form
=== RUN   TestParseFrontmatterConfig/handles_top-level_runs-on_forms/object_form
=== RUN   TestParseFrontmatterConfig/handles_top-level_runs-on_forms/handles_safe-outputs_runs-on_forms#02
=== RUN   TestParseFrontmatterConfig/handles_top-level_runs-on_forms/handles_safe-outputs_runs-on_forms#02/safe-outputs.runs-on_string_form
=== RUN   TestParseFrontmatterConfig/handles_top-level_runs-on_forms/handles_safe-outputs_runs-on_forms#02/safe-outputs.runs-on_array_form
=== RUN   TestParseFrontmatterConfig/rejects_invalid_top-level_runs-on_forms
=== RUN   TestParseFrontmatterConfig/rejects_invalid_top-level_runs-on_forms/number_form
=== RUN   TestParseFrontmatterConfig/rejects_invalid_top-level_runs-on_forms/array_contains_non-string
=== RUN   TestParseFrontmatterConfig/rejects_invalid_top-level_runs-on_forms/object_contains_unknown_key
=== RUN   TestParseFrontmatterConfig/omits_typed-nil_top-level_runs-on_during_serialization
=== RUN   TestParseFrontmatterConfig/preserves_complex_nested_structures
--- PASS: TestParseFrontmatterConfig (0.00s)
    --- PASS: TestParseFrontmatterConfig/parses_minimal_workflow_config (0.00s)
    --- PASS: TestParseFrontmatterConfig/parses_labels_array (0.00s)
    --- PASS: TestParseFrontmatterConfig/parses_complete_workflow_config (0.00s)
    --- PASS: TestParseFrontmatterConfig/parses_on.needs_config (0.00s)
    --- PASS: TestParseFrontmatterConfig/handles_timeout-minutes_as_int (0.00s)
    --- PASS: TestParseFrontmatterConfig/handles_timeout-minutes_as_expression_string (0.00s)
    --- PASS: TestParseFrontmatterConfig/rejects_timeout-minutes_as_float (0.00s)
    --- PASS: TestParseFrontmatterConfig/rejects_timeout-minutes_as_free-form_string (0.00s)
    --- PASS: TestParseFrontmatterConfig/handles_empty_frontmatter (0.00s)
    --- PASS: TestParseFrontmatterConfig/handles_network_configuration (0.00s)
    --- PASS: TestParseFrontmatterConfig/handles_sandbox_configuration (0.00s)
    --- PASS: TestParseFrontmatterConfig/handles_observability_configuration (0.00s)
    --- PASS: TestParseFrontmatterConfig/handles_jobs_configuration (0.00s)
    --- PASS: TestParseFrontmatterConfig/handles_top-level_runs-on_forms (0.00s)
        --- PASS: TestParseFrontmatterConfig/handles_top-level_runs-on_forms/string_form (0.00s)
        --- PASS: TestParseFrontmatterConfig/handles_top-level_runs-on_forms/handles_safe-outputs_runs-on_forms (0.00s)
            --- PASS: TestParseFrontmatterConfig/handles_top-level_runs-on_forms/handles_safe-outputs_runs-on_forms/safe-outputs.runs-on_string_form (0.00s)
            --- PASS: TestParseFrontmatterConfig/handles_top-level_runs-on_forms/handles_safe-outputs_runs-on_forms/safe-outputs.runs-on_array_form (0.00s)
        --- PASS: TestParseFrontmatterConfig/handles_top-level_runs-on_forms/array_form (0.00s)
        --- PASS: TestParseFrontmatterConfig/handles_top-level_runs-on_forms/handles_safe-outputs_runs-on_forms#01 (0.00s)
            --- PASS: TestParseFrontmatterConfig/handles_top-level_runs-on_forms/handles_safe-outputs_runs-on_forms#01/safe-outputs.runs-on_string_form (0.00s)
            --- PASS: TestParseFrontmatterConfig/handles_top-level_runs-on_forms/handles_safe-outputs_runs-on_forms#01/safe-outputs.runs-on_array_form (0.00s)
        --- PASS: TestParseFrontmatterConfig/handles_top-level_runs-on_forms/object_form (0.00s)
        --- PASS: TestParseFrontmatterConfig/handles_top-level_runs-on_forms/handles_safe-outputs_runs-on_forms#02 (0.00s)
            --- PASS: TestParseFrontmatterConfig/handles_top-level_runs-on_forms/handles_safe-outputs_runs-on_forms#02/safe-outputs.runs-on_string_form (0.00s)
            --- PASS: TestParseFrontmatterConfig/handles_top-level_runs-on_forms/handles_safe-outputs_runs-on_forms#02/safe-outputs.runs-on_array_form (0.00s)
    --- PASS: TestParseFrontmatterConfig/rejects_invalid_top-level_runs-on_forms (0.00s)
        --- PASS: TestParseFrontmatterConfig/rejects_invalid_top-level_runs-on_forms/number_form (0.00s)
        --- PASS: TestParseFrontmatterConfig/rejects_invalid_top-level_runs-on_forms/array_contains_non-string (0.00s)
        --- PASS: TestParseFrontmatterConfig/rejects_invalid_top-level_runs-on_forms/object_contains_unknown_key (0.00s)
    --- PASS: TestParseFrontmatterConfig/omits_typed-nil_top-level_runs-on_during_serialization (0.00s)
    --- PASS: TestParseFrontmatterConfig/preserves_complex_nested_structures (0.00s)
=== RUN   TestFrontmatterConfigFieldExtraction
=== RUN   TestFrontmatterConfigFieldExtraction/extracts_tools_using_struct
=== RUN   TestFrontmatterConfigFieldExtraction/extracts_mcp-servers_using_struct
=== RUN   TestFrontmatterConfigFieldExtraction/extracts_runtimes_using_struct
=== RUN   TestFrontmatterConfigFieldExtraction/parses_object-form_experiments_without_unmarshal_error
--- PASS: TestFrontmatterConfigFieldExtraction (0.00s)
    --- PASS: TestFrontmatterConfigFieldExtraction/extracts_tools_using_struct (0.00s)
    --- PASS: TestFrontmatterConfigFieldExtraction/extracts_mcp-servers_using_struct (0.00s)
    --- PASS: TestFrontmatterConfigFieldExtraction/extracts_runtimes_using_struct (0.00s)
    --- PASS: TestFrontmatterConfigFieldExtraction/parses_object-form_experiments_without_unmarshal_error (0.00s)
=== RUN   TestFrontmatterConfigBackwardCompatibility
=== RUN   TestFrontmatterConfigBackwardCompatibility/compatible_with_ExtractMapField_pattern
=== RUN   TestFrontmatterConfigBackwardCompatibility/supports_round-trip_conversion
=== RUN   TestFrontmatterConfigBackwardCompatibility/round-trip_preserves_timeout-minutes_expression
=== RUN   TestFrontmatterConfigBackwardCompatibility/round-trip_preserves_labels
=== RUN   TestFrontmatterConfigBackwardCompatibility/preserves_strongly-typed_fields
--- PASS: TestFrontmatterConfigBackwardCompatibility (0.00s)
    --- PASS: TestFrontmatterConfigBackwardCompatibility/compatible_with_ExtractMapField_pattern (0.00s)
    --- PASS: TestFrontmatterConfigBackwardCompatibility/supports_round-trip_conversion (0.00s)
    --- PASS: TestFrontmatterConfigBackwardCompatibility/round-trip_preserves_timeout-minutes_expression (0.00s)
    --- PASS: TestFrontmatterConfigBackwardCompatibility/round-trip_preserves_labels (0.00s)
    --- PASS: TestFrontmatterConfigBackwardCompatibility/preserves_strongly-typed_fields (0.00s)
=== RUN   TestFrontmatterConfigTypeSafety
=== RUN   TestFrontmatterConfigTypeSafety/strongly-typed_Tools_field_provides_compile-time_safety
=== RUN   TestFrontmatterConfigTypeSafety/strongly-typed_Network_field_eliminates_type_assertions
=== RUN   TestFrontmatterConfigTypeSafety/strongly-typed_SafeOutputs_eliminates_nested_type_assertions
=== RUN   TestFrontmatterConfigTypeSafety/Env_field_is_type-safe_map[string]string
--- PASS: TestFrontmatterConfigTypeSafety (0.00s)
    --- PASS: TestFrontmatterConfigTypeSafety/strongly-typed_Tools_field_provides_compile-time_safety (0.00s)
    --- PASS: TestFrontmatterConfigTypeSafety/strongly-typed_Network_field_eliminates_type_assertions (0.00s)
    --- PASS: TestFrontmatterConfigTypeSafety/strongly-typed_SafeOutputs_eliminates_nested_type_assertions (0.00s)
    --- PASS: TestFrontmatterConfigTypeSafety/Env_field_is_type-safe_map[string]string (0.00s)
=== RUN   TestFrontmatterConfigEdgeCases
=== RUN   TestFrontmatterConfigEdgeCases/handles_nil_values_gracefully
=== RUN   TestFrontmatterConfigEdgeCases/handles_missing_optional_fields
=== RUN   TestFrontmatterConfigEdgeCases/handles_Strict_pointer_correctly
--- PASS: TestFrontmatterConfigEdgeCases (0.00s)
    --- PASS: TestFrontmatterConfigEdgeCases/handles_nil_values_gracefully (0.00s)
    --- PASS: TestFrontmatterConfigEdgeCases/handles_missing_optional_fields (0.00s)
    --- PASS: TestFrontmatterConfigEdgeCases/handles_Strict_pointer_correctly (0.00s)
=== RUN   TestFrontmatterConfigIntegration
=== RUN   TestFrontmatterConfigIntegration/integrates_with_ExtractMapField_helper
=== RUN   TestFrontmatterConfigIntegration/ToMap_produces_compatible_output_for_legacy_code
=== RUN   TestFrontmatterConfigIntegration/ToMap_preserves_network_allowed-input_with_defaults_shorthand
=== RUN   TestFrontmatterConfigIntegration/ToMap_omits_empty_runs-on-slim
--- PASS: TestFrontmatterConfigIntegration (0.00s)
    --- PASS: TestFrontmatterConfigIntegration/integrates_with_ExtractMapField_helper (0.00s)
    --- PASS: TestFrontmatterConfigIntegration/ToMap_produces_compatible_output_for_legacy_code (0.00s)
    --- PASS: TestFrontmatterConfigIntegration/ToMap_preserves_network_allowed-input_with_defaults_shorthand (0.00s)
    --- PASS: TestFrontmatterConfigIntegration/ToMap_omits_empty_runs-on-slim (0.00s)
=== RUN   TestRuntimesConfigTyping
=== RUN   TestRuntimesConfigTyping/parses_node_runtime_with_string_version
=== RUN   TestRuntimesConfigTyping/parses_python_runtime_with_numeric_version
=== RUN   TestRuntimesConfigTyping/parses_multiple_runtimes
=== RUN   TestRuntimesConfigTyping/converts_RuntimesTyped_back_to_map
=== RUN   TestRuntimesConfigTyping/handles_all_runtime_types
--- PASS: TestRuntimesConfigTyping (0.00s)
    --- PASS: TestRuntimesConfigTyping/parses_node_runtime_with_string_version (0.00s)
    --- PASS: TestRuntimesConfigTyping/parses_python_runtime_with_numeric_version (0.00s)
    --- PASS: TestRuntimesConfigTyping/parses_multiple_runtimes (0.00s)
    --- PASS: TestRuntimesConfigTyping/converts_RuntimesTyped_back_to_map (0.00s)
    --- PASS: TestRuntimesConfigTyping/handles_all_runtime_types (0.00s)
=== RUN   TestPermissionsConfigTyping
=== RUN   TestPermissionsConfigTyping/parses_shorthand_read-all_permission
=== RUN   TestPermissionsConfigTyping/parses_detailed_permissions
=== RUN   TestPermissionsConfigTyping/parses_all_permission_scopes
=== RUN   TestPermissionsConfigTyping/converts_PermissionsTyped_back_to_map
=== RUN   TestPermissionsConfigTyping/converts_shorthand_permissions_back_to_map
--- PASS: TestPermissionsConfigTyping (0.00s)
    --- PASS: TestPermissionsConfigTyping/parses_shorthand_read-all_permission (0.00s)
    --- PASS: TestPermissionsConfigTyping/parses_detailed_permissions (0.00s)
    --- PASS: TestPermissionsConfigTyping/parses_all_permission_scopes (0.00s)
    --- PASS: TestPermissionsConfigTyping/converts_PermissionsTyped_back_to_map (0.00s)
    --- PASS: TestPermissionsConfigTyping/converts_shorthand_permissions_back_to_map (0.00s)
=== RUN   TestTypedConfigsBackwardCompatibility
=== RUN   TestTypedConfigsBackwardCompatibility/legacy_Runtimes_field_still_accessible
=== RUN   TestTypedConfigsBackwardCompatibility/legacy_Permissions_field_still_accessible
=== RUN   TestTypedConfigsBackwardCompatibility/ToMap_prefers_typed_fields_over_legacy
--- PASS: TestTypedConfigsBackwardCompatibility (0.00s)
    --- PASS: TestTypedConfigsBackwardCompatibility/legacy_Runtimes_field_still_accessible (0.00s)
    --- PASS: TestTypedConfigsBackwardCompatibility/legacy_Permissions_field_still_accessible (0.00s)
    --- PASS: TestTypedConfigsBackwardCompatibility/ToMap_prefers_typed_fields_over_legacy (0.00s)
=== RUN   TestParseRuntimesConfigWithIfCondition
=== RUN   TestParseRuntimesConfigWithIfCondition/runtime_with_if_condition
=== RUN   TestParseRuntimesConfigWithIfCondition/runtime_with_only_if_condition
=== RUN   TestParseRuntimesConfigWithIfCondition/multiple_runtimes_with_if_conditions
=== RUN   TestParseRuntimesConfigWithIfCondition/runtime_without_if_condition
--- PASS: TestParseRuntimesConfigWithIfCondition (0.00s)
    --- PASS: TestParseRuntimesConfigWithIfCondition/runtime_with_if_condition (0.00s)
    --- PASS: TestParseRuntimesConfigWithIfCondition/runtime_with_only_if_condition (0.00s)
    --- PASS: TestParseRuntimesConfigWithIfCondition/multiple_runtimes_with_if_conditions (0.00s)
    --- PASS: TestParseRuntimesConfigWithIfCondition/runtime_without_if_condition (0.00s)
=== RUN   TestRuntimesConfigToMapWithIfCondition
--- PASS: TestRuntimesConfigToMapWithIfCondition (0.00s)
=== RUN   TestParseRuntimesConfig_Cooldown
--- PASS: TestParseRuntimesConfig_Cooldown (0.00s)
=== RUN   TestRuntimesConfigToMap_Cooldown
--- PASS: TestRuntimesConfigToMap_Cooldown (0.00s)
=== RUN   TestParseFrontmatterConfigCheckoutDisabled
=== RUN   TestParseFrontmatterConfigCheckoutDisabled/checkout:_false_sets_CheckoutDisabled
=== RUN   TestParseFrontmatterConfigCheckoutDisabled/checkout:_true_is_not_a_valid_value_(treated_as_object)
=== RUN   TestParseFrontmatterConfigCheckoutDisabled/checkout_object_leaves_CheckoutDisabled_false
--- PASS: TestParseFrontmatterConfigCheckoutDisabled (0.00s)
    --- PASS: TestParseFrontmatterConfigCheckoutDisabled/checkout:_false_sets_CheckoutDisabled (0.00s)
    --- PASS: TestParseFrontmatterConfigCheckoutDisabled/checkout:_true_is_not_a_valid_value_(treated_as_object) (0.00s)
    --- PASS: TestParseFrontmatterConfigCheckoutDisabled/checkout_object_leaves_CheckoutDisabled_false (0.00s)
=== RUN   TestGeminiEngine
=== RUN   TestGeminiEngine/engine_identity
=== RUN   TestGeminiEngine/capabilities
=== RUN   TestGeminiEngine/required_secrets
=== RUN   TestGeminiEngine/required_secrets_with_MCP_servers
=== RUN   TestGeminiEngine/declared_output_files
=== RUN   TestGeminiEngine/pre-bundle_steps_move_files_to_/tmp/gh-aw/
--- PASS: TestGeminiEngine (0.00s)
    --- PASS: TestGeminiEngine/engine_identity (0.00s)
    --- PASS: TestGeminiEngine/capabilities (0.00s)
    --- PASS: TestGeminiEngine/required_secrets (0.00s)
    --- PASS: TestGeminiEngine/required_secrets_with_MCP_servers (0.00s)
    --- PASS: TestGeminiEngine/declared_output_files (0.00s)
    --- PASS: TestGeminiEngine/pre-bundle_steps_move_files_to_/tmp/gh-aw/ (0.00s)
=== RUN   TestGeminiEngineInstallation
=== RUN   TestGeminiEngineInstallation/standard_installation
=== RUN   TestGeminiEngineInstallation/custom_command_skips_installation
=== RUN   TestGeminiEngineInstallation/with_firewall
--- PASS: TestGeminiEngineInstallation (0.00s)
    --- PASS: TestGeminiEngineInstallation/standard_installation (0.00s)
    --- PASS: TestGeminiEngineInstallation/custom_command_skips_installation (0.00s)
    --- PASS: TestGeminiEngineInstallation/with_firewall (0.00s)
=== RUN   TestGeminiEngineExecution
=== RUN   TestGeminiEngineExecution/basic_execution
=== RUN   TestGeminiEngineExecution/with_model
=== RUN   TestGeminiEngineExecution/with_MCP_servers
=== RUN   TestGeminiEngineExecution/with_custom_command
=== RUN   TestGeminiEngineExecution/environment_variables
=== RUN   TestGeminiEngineExecution/model_environment_variables
=== RUN   TestGeminiEngineExecution/engine_env_overrides_default_token_expression
=== RUN   TestGeminiEngineExecution/engine_env_adds_custom_non-secret_env_vars
=== RUN   TestGeminiEngineExecution/settings_step_is_first
--- PASS: TestGeminiEngineExecution (0.00s)
    --- PASS: TestGeminiEngineExecution/basic_execution (0.00s)
    --- PASS: TestGeminiEngineExecution/with_model (0.00s)
    --- PASS: TestGeminiEngineExecution/with_MCP_servers (0.00s)
    --- PASS: TestGeminiEngineExecution/with_custom_command (0.00s)
    --- PASS: TestGeminiEngineExecution/environment_variables (0.00s)
    --- PASS: TestGeminiEngineExecution/model_environment_variables (0.00s)
    --- PASS: TestGeminiEngineExecution/engine_env_overrides_default_token_expression (0.00s)
    --- PASS: TestGeminiEngineExecution/engine_env_adds_custom_non-secret_env_vars (0.00s)
    --- PASS: TestGeminiEngineExecution/settings_step_is_first (0.00s)
=== RUN   TestGeminiEngineFirewallIntegration
=== RUN   TestGeminiEngineFirewallIntegration/firewall_enabled
=== RUN   TestGeminiEngineFirewallIntegration/firewall_disabled
--- PASS: TestGeminiEngineFirewallIntegration (0.00s)
    --- PASS: TestGeminiEngineFirewallIntegration/firewall_enabled (0.00s)
    --- PASS: TestGeminiEngineFirewallIntegration/firewall_disabled (0.00s)
=== RUN   TestComputeGeminiToolsCore
=== RUN   TestComputeGeminiToolsCore/nil_tools_includes_default_read-only_tools
=== RUN   TestComputeGeminiToolsCore/empty_tools_includes_default_read-only_tools
=== RUN   TestComputeGeminiToolsCore/bash_with_specific_commands_maps_to_run_shell_command_entries
=== RUN   TestComputeGeminiToolsCore/bash_with_wildcard_*_maps_to_unrestricted_run_shell_command
=== RUN   TestComputeGeminiToolsCore/bash_with_:*_wildcard_maps_to_unrestricted_run_shell_command
=== RUN   TestComputeGeminiToolsCore/bash_with_no_specific_commands_(nil)_maps_to_unrestricted_run_shell_command
=== RUN   TestComputeGeminiToolsCore/edit_tool_maps_to_write_file_and_replace
=== RUN   TestComputeGeminiToolsCore/combined_bash_and_edit_tools
=== RUN   TestComputeGeminiToolsCore/result_is_sorted
=== RUN   TestComputeGeminiToolsCore/bash_tool_with_trailing_space-star_is_normalized_to_canonical_run_shell_command(cmd)
=== RUN   TestComputeGeminiToolsCore/community-attribution-style_wildcard_entries_normalize_to_canonical_forms
--- PASS: TestComputeGeminiToolsCore (0.00s)
    --- PASS: TestComputeGeminiToolsCore/nil_tools_includes_default_read-only_tools (0.00s)
    --- PASS: TestComputeGeminiToolsCore/empty_tools_includes_default_read-only_tools (0.00s)
    --- PASS: TestComputeGeminiToolsCore/bash_with_specific_commands_maps_to_run_shell_command_entries (0.00s)
    --- PASS: TestComputeGeminiToolsCore/bash_with_wildcard_*_maps_to_unrestricted_run_shell_command (0.00s)
    --- PASS: TestComputeGeminiToolsCore/bash_with_:*_wildcard_maps_to_unrestricted_run_shell_command (0.00s)
    --- PASS: TestComputeGeminiToolsCore/bash_with_no_specific_commands_(nil)_maps_to_unrestricted_run_shell_command (0.00s)
    --- PASS: TestComputeGeminiToolsCore/edit_tool_maps_to_write_file_and_replace (0.00s)
    --- PASS: TestComputeGeminiToolsCore/combined_bash_and_edit_tools (0.00s)
    --- PASS: TestComputeGeminiToolsCore/result_is_sorted (0.00s)
    --- PASS: TestComputeGeminiToolsCore/bash_tool_with_trailing_space-star_is_normalized_to_canonical_run_shell_command(cmd) (0.00s)
    --- PASS: TestComputeGeminiToolsCore/community-attribution-style_wildcard_entries_normalize_to_canonical_forms (0.00s)
=== RUN   TestGenerateGeminiSettingsStep
=== RUN   TestGenerateGeminiSettingsStep/step_sets_context.includeDirectories_to_/tmp/
=== RUN   TestGenerateGeminiSettingsStep/step_includes_merge_logic_for_existing_settings.json
=== RUN   TestGenerateGeminiSettingsStep/step_includes_tools.core_with_bash_mapping
=== RUN   TestGenerateGeminiSettingsStep/step_includes_tools.core_with_edit_mapping
=== RUN   TestGenerateGeminiSettingsStep/GH_AW_GEMINI_BASE_CONFIG_env_var_is_single-quoted_for_valid_YAML
=== RUN   TestGenerateGeminiSettingsStep/step_includes_web_fetch_in_tools.core_when_web-fetch_tool_is_specified
=== RUN   TestGenerateGeminiSettingsStep/step_does_not_include_web_fetch_in_tools.core_when_web-fetch_tool_is_not_specified
=== RUN   TestGenerateGeminiSettingsStep/step_includes_mounted_mcp_cli_commands_in_restricted_bash_allowlist
--- PASS: TestGenerateGeminiSettingsStep (0.00s)
    --- PASS: TestGenerateGeminiSettingsStep/step_sets_context.includeDirectories_to_/tmp/ (0.00s)
    --- PASS: TestGenerateGeminiSettingsStep/step_includes_merge_logic_for_existing_settings.json (0.00s)
    --- PASS: TestGenerateGeminiSettingsStep/step_includes_tools.core_with_bash_mapping (0.00s)
    --- PASS: TestGenerateGeminiSettingsStep/step_includes_tools.core_with_edit_mapping (0.00s)
    --- PASS: TestGenerateGeminiSettingsStep/GH_AW_GEMINI_BASE_CONFIG_env_var_is_single-quoted_for_valid_YAML (0.00s)
    --- PASS: TestGenerateGeminiSettingsStep/step_includes_web_fetch_in_tools.core_when_web-fetch_tool_is_specified (0.00s)
    --- PASS: TestGenerateGeminiSettingsStep/step_does_not_include_web_fetch_in_tools.core_when_web-fetch_tool_is_not_specified (0.00s)
    --- PASS: TestGenerateGeminiSettingsStep/step_includes_mounted_mcp_cli_commands_in_restricted_bash_allowlist (0.00s)
=== RUN   TestGeminiEngineWithExpressionVersion
--- PASS: TestGeminiEngineWithExpressionVersion (0.00s)
=== RUN   TestChrootModeInAWFContainer
=== RUN   TestChrootModeInAWFContainer/chroot_mode_is_enabled_by_default_when_firewall_is_enabled
=== RUN   TestChrootModeInAWFContainer/AWF_command_is_NOT_used_when_firewall_is_disabled
=== RUN   TestChrootModeInAWFContainer/chroot_mode_replaces_individual_binary_mounts
=== RUN   TestChrootModeInAWFContainer/chroot_mode_works_with_custom_firewall_args
=== RUN   TestChrootModeInAWFContainer/chroot_mode_works_with_AWF_sandbox_type
--- PASS: TestChrootModeInAWFContainer (0.00s)
    --- PASS: TestChrootModeInAWFContainer/chroot_mode_is_enabled_by_default_when_firewall_is_enabled (0.00s)
    --- PASS: TestChrootModeInAWFContainer/AWF_command_is_NOT_used_when_firewall_is_disabled (0.00s)
    --- PASS: TestChrootModeInAWFContainer/chroot_mode_replaces_individual_binary_mounts (0.00s)
    --- PASS: TestChrootModeInAWFContainer/chroot_mode_works_with_custom_firewall_args (0.00s)
    --- PASS: TestChrootModeInAWFContainer/chroot_mode_works_with_AWF_sandbox_type (0.00s)
=== RUN   TestChrootModeEnvFlags
=== RUN   TestChrootModeEnvFlags/env-all_is_required_for_AWF_to_receive_host_env_vars
=== RUN   TestChrootModeEnvFlags/github_tool_adds_GITHUB_MCP_SERVER_TOKEN_to_exclude_list
--- PASS: TestChrootModeEnvFlags (0.00s)
    --- PASS: TestChrootModeEnvFlags/env-all_is_required_for_AWF_to_receive_host_env_vars (0.00s)
    --- PASS: TestChrootModeEnvFlags/github_tool_adds_GITHUB_MCP_SERVER_TOKEN_to_exclude_list (0.00s)
=== RUN   TestInferPermissionsFromShellScripts_GhPrDiff
--- PASS: TestInferPermissionsFromShellScripts_GhPrDiff (0.00s)
=== RUN   TestInferPermissionsFromShellScripts_GhPrView
--- PASS: TestInferPermissionsFromShellScripts_GhPrView (0.00s)
=== RUN   TestInferPermissionsFromShellScripts_GhIssueList
--- PASS: TestInferPermissionsFromShellScripts_GhIssueList (0.00s)
=== RUN   TestInferPermissionsFromShellScripts_GhWorkflowList
--- PASS: TestInferPermissionsFromShellScripts_GhWorkflowList (0.00s)
=== RUN   TestInferPermissionsFromShellScripts_GhRunView
--- PASS: TestInferPermissionsFromShellScripts_GhRunView (0.00s)
=== RUN   TestInferPermissionsFromShellScripts_GhAPI
--- PASS: TestInferPermissionsFromShellScripts_GhAPI (0.00s)
=== RUN   TestInferPermissionsFromShellScripts_GhAPIWithHeaderFlag
--- PASS: TestInferPermissionsFromShellScripts_GhAPIWithHeaderFlag (0.00s)
=== RUN   TestInferPermissionsFromShellScripts_GhAPIWithMethodFlag
--- PASS: TestInferPermissionsFromShellScripts_GhAPIWithMethodFlag (0.00s)
=== RUN   TestInferPermissionsFromShellScripts_GhAPIQuotedEndpoint
--- PASS: TestInferPermissionsFromShellScripts_GhAPIQuotedEndpoint (0.00s)
=== RUN   TestInferPermissionsFromShellScripts_GhAPIIssues
--- PASS: TestInferPermissionsFromShellScripts_GhAPIIssues (0.00s)
=== RUN   TestInferPermissionsFromShellScripts_NoGhCommand
--- PASS: TestInferPermissionsFromShellScripts_NoGhCommand (0.00s)
=== RUN   TestInferPermissionsFromShellScripts_MultiLine
--- PASS: TestInferPermissionsFromShellScripts_MultiLine (0.00s)
=== RUN   TestInferPermissionsFromShellScripts_MultipleCommands
--- PASS: TestInferPermissionsFromShellScripts_MultipleCommands (0.00s)
=== RUN   TestActivationJobPermissionsWithGhPrDiffPreStep
/tmp/gh-aw-test-runs/20260704-173215-1254793/activation-perms-gh-pr-diff3276126814/docs-review.md: info: Tip: set permissions.copilot-requests: write to use GitHub Actions token-based inference with the Copilot engine instead of a personal access token (COPILOT_GITHUB_TOKEN). This option requires that your organization has centralized Copilot billing enabled and may not be available in all organizations — see https://github.github.com/gh-aw/reference/billing/ for details.

✓ /tmp/gh-aw-test-runs/20260704-173215-1254793/activation-perms-gh-pr-diff3276126814/docs-review.md (79.5 KB)
--- PASS: TestActivationJobPermissionsWithGhPrDiffPreStep (0.01s)
=== RUN   TestActivationJobPermissionsWithGhIssuePreStep
/tmp/gh-aw-test-runs/20260704-173215-1254793/activation-perms-gh-issue362944313/issue-workflow.md: info: Tip: set permissions.copilot-requests: write to use GitHub Actions token-based inference with the Copilot engine instead of a personal access token (COPILOT_GITHUB_TOKEN). This option requires that your organization has centralized Copilot billing enabled and may not be available in all organizations — see https://github.github.com/gh-aw/reference/billing/ for details.

✓ /tmp/gh-aw-test-runs/20260704-173215-1254793/activation-perms-gh-issue362944313/issue-workflow.md (79.1 KB)
--- PASS: TestActivationJobPermissionsWithGhIssuePreStep (0.01s)
=== RUN   TestActivationJobPermissionsNoPreStepChanges
/tmp/gh-aw-test-runs/20260704-173215-1254793/activation-perms-no-gh2347156583/basic-workflow.md: info: Tip: set permissions.copilot-requests: write to use GitHub Actions token-based inference with the Copilot engine instead of a personal access token (COPILOT_GITHUB_TOKEN). This option requires that your organization has centralized Copilot billing enabled and may not be available in all organizations — see https://github.github.com/gh-aw/reference/billing/ for details.

✓ /tmp/gh-aw-test-runs/20260704-173215-1254793/activation-perms-no-gh2347156583/basic-workflow.md (79.3 KB)
--- PASS: TestActivationJobPermissionsNoPreStepChanges (0.01s)
=== RUN   TestDetectWriteCommandsInShellScripts_GhPrCreate
--- PASS: TestDetectWriteCommandsInShellScripts_GhPrCreate (0.00s)
=== RUN   TestDetectWriteCommandsInShellScripts_GhIssueClose
--- PASS: TestDetectWriteCommandsInShellScripts_GhIssueClose (0.00s)
=== RUN   TestDetectWriteCommandsInShellScripts_ReadCommandNotDetected
--- PASS: TestDetectWriteCommandsInShellScripts_ReadCommandNotDetected (0.00s)
=== RUN   TestDetectWriteCommandsInShellScripts_Deduplicated
--- PASS: TestDetectWriteCommandsInShellScripts_Deduplicated (0.00s)
=== RUN   TestDetectWriteCommandsInShellScripts_MultipleWriteCommands
--- PASS: TestDetectWriteCommandsInShellScripts_MultipleWriteCommands (0.00s)
=== RUN   TestInferPermissionsFromShellScripts_GhCacheList
--- PASS: TestInferPermissionsFromShellScripts_GhCacheList (0.00s)
=== RUN   TestInferPermissionsFromShellScripts_GhRepoView
--- PASS: TestInferPermissionsFromShellScripts_GhRepoView (0.00s)
=== RUN   TestInferPermissionsFromShellScripts_GhLabelList
--- PASS: TestInferPermissionsFromShellScripts_GhLabelList (0.00s)
=== RUN   TestInferPermissionsFromShellScripts_GhIssueComment
--- PASS: TestInferPermissionsFromShellScripts_GhIssueComment (0.00s)
=== RUN   TestInferPermissionsFromShellScripts_GhAPIReleases
--- PASS: TestInferPermissionsFromShellScripts_GhAPIReleases (0.00s)
=== RUN   TestInferPermissionsFromShellScripts_GhAPILabels
--- PASS: TestInferPermissionsFromShellScripts_GhAPILabels (0.00s)
=== RUN   TestActivationJobWriteCommandInPreStepReturnsError
/tmp/gh-aw-test-runs/20260704-173215-1254793/activation-write-cmd-error182491278/bad-workflow.md: info: Tip: set permissions.copilot-requests: write to use GitHub Actions token-based inference with the Copilot engine instead of a personal access token (COPILOT_GITHUB_TOKEN). This option requires that your organization has centralized Copilot billing enabled and may not be available in all organizations — see https://github.github.com/gh-aw/reference/billing/ for details.

--- PASS: TestActivationJobWriteCommandInPreStepReturnsError (0.00s)
=== RUN   TestActivationJobPermissionsWithGhCachePreStep
/tmp/gh-aw-test-runs/20260704-173215-1254793/activation-perms-gh-cache3373106623/cache-workflow.md: info: Tip: set permissions.copilot-requests: write to use GitHub Actions token-based inference with the Copilot engine instead of a personal access token (COPILOT_GITHUB_TOKEN). This option requires that your organization has centralized Copilot billing enabled and may not be available in all organizations — see https://github.github.com/gh-aw/reference/billing/ for details.

✓ /tmp/gh-aw-test-runs/20260704-173215-1254793/activation-perms-gh-cache3373106623/cache-workflow.md (79.5 KB)
--- PASS: TestActivationJobPermissionsWithGhCachePreStep (0.01s)
=== RUN   TestInferPermissionsFromShellScripts_GhCodespaceList
--- PASS: TestInferPermissionsFromShellScripts_GhCodespaceList (0.00s)
=== RUN   TestInferPermissionsFromShellScripts_GhAPIOrgsMembers
--- PASS: TestInferPermissionsFromShellScripts_GhAPIOrgsMembers (0.00s)
=== RUN   TestInferPermissionsFromShellScripts_AppAndActionsPermissions
--- PASS: TestInferPermissionsFromShellScripts_AppAndActionsPermissions (0.00s)
=== RUN   TestInferPermissionsFromShellScripts_GhRepoWriteHasAppAdminPerm
--- PASS: TestInferPermissionsFromShellScripts_GhRepoWriteHasAppAdminPerm (0.00s)
=== RUN   TestInferPermissionsFromShellScripts_GhAPIRepoEnvironments
--- PASS: TestInferPermissionsFromShellScripts_GhAPIRepoEnvironments (0.00s)
=== RUN   TestMergeInferredIntoPermissionsYAML_AddsNewScope
--- PASS: TestMergeInferredIntoPermissionsYAML_AddsNewScope (0.00s)
=== RUN   TestMergeInferredIntoPermissionsYAML_DoesNotOverride
--- PASS: TestMergeInferredIntoPermissionsYAML_DoesNotOverride (0.00s)
=== RUN   TestMergeInferredIntoPermissionsYAML_EmptyInputUnchanged
--- PASS: TestMergeInferredIntoPermissionsYAML_EmptyInputUnchanged (0.00s)
=== RUN   TestMergeInferredIntoPermissionsYAML_SkipsAppOnlyScopes
--- PASS: TestMergeInferredIntoPermissionsYAML_SkipsAppOnlyScopes (0.00s)
=== RUN   TestAgentJobPreStepsWriteCommandErrors
--- PASS: TestAgentJobPreStepsWriteCommandErrors (0.00s)
=== RUN   TestAgentJobPreStepsInferReadPermission
✓ /tmp/gh-aw-test-runs/20260704-173215-1254793/agent-prestep-read-perm1732014985/workflow.md (80.9 KB)
--- PASS: TestAgentJobPreStepsInferReadPermission (0.01s)
=== RUN   TestAgentJobPreStepsInferWithDefaultPermissions
✓ /tmp/gh-aw-test-runs/20260704-173215-1254793/agent-prestep-default-perms375897127/workflow.md (80.9 KB)
--- PASS: TestAgentJobPreStepsInferWithDefaultPermissions (0.01s)
=== RUN   TestAgentJobPreStepsNoInferForEmptyPermissions
✓ /tmp/gh-aw-test-runs/20260704-173215-1254793/agent-prestep-empty-perms1236665812/workflow.md (79.4 KB)
--- PASS: TestAgentJobPreStepsNoInferForEmptyPermissions (0.01s)
=== RUN   TestExtractRunScriptsFromSectionYAML_Steps
--- PASS: TestExtractRunScriptsFromSectionYAML_Steps (0.00s)
=== RUN   TestExtractRunScriptsFromSectionYAML_PostSteps
--- PASS: TestExtractRunScriptsFromSectionYAML_PostSteps (0.00s)
=== RUN   TestExtractRunScriptsFromSectionYAML_PreAgentSteps
--- PASS: TestExtractRunScriptsFromSectionYAML_PreAgentSteps (0.00s)
=== RUN   TestExtractRunScriptsFromSectionYAML_WrongKey
--- PASS: TestExtractRunScriptsFromSectionYAML_WrongKey (0.00s)
=== RUN   TestExtractRunScriptsFromJobSection_Steps
--- PASS: TestExtractRunScriptsFromJobSection_Steps (0.00s)
=== RUN   TestExtractRunScriptsFromJobSection_PostSteps
--- PASS: TestExtractRunScriptsFromJobSection_PostSteps (0.00s)
=== RUN   TestExtractRunScriptsFromJobSection_MissingSectionReturnsNil
--- PASS: TestExtractRunScriptsFromJobSection_MissingSectionReturnsNil (0.00s)
=== RUN   TestAgentJobStepsInferReadPermission
✓ /tmp/gh-aw-test-runs/20260704-173215-1254793/agent-steps-read-perm2252067792/workflow.md (80.8 KB)
--- PASS: TestAgentJobStepsInferReadPermission (0.01s)
=== RUN   TestAgentJobPostStepsInferReadPermission
✓ /tmp/gh-aw-test-runs/20260704-173215-1254793/agent-poststeps-read-perm752572352/workflow.md (80.8 KB)
--- PASS: TestAgentJobPostStepsInferReadPermission (0.01s)
=== RUN   TestAgentJobPreAgentStepsInferReadPermission
✓ /tmp/gh-aw-test-runs/20260704-173215-1254793/agent-preagent-read-perm105009825/workflow.md (80.9 KB)
--- PASS: TestAgentJobPreAgentStepsInferReadPermission (0.01s)
=== RUN   TestAgentJobWriteCommandInStepsErrors
--- PASS: TestAgentJobWriteCommandInStepsErrors (0.00s)
=== RUN   TestAgentJobWriteCommandInPostStepsErrors
--- PASS: TestAgentJobWriteCommandInPostStepsErrors (0.00s)
=== RUN   TestActivationJobStepsNotScanned
/tmp/gh-aw-test-runs/20260704-173215-1254793/activation-steps-not-scanned2695548243/workflow.md: info: Tip: set permissions.copilot-requests: write to use GitHub Actions token-based inference with the Copilot engine instead of a personal access token (COPILOT_GITHUB_TOKEN). This option requires that your organization has centralized Copilot billing enabled and may not be available in all organizations — see https://github.github.com/gh-aw/reference/billing/ for details.

✓ /tmp/gh-aw-test-runs/20260704-173215-1254793/activation-steps-not-scanned2695548243/workflow.md (79.6 KB)
--- PASS: TestActivationJobStepsNotScanned (0.01s)
=== RUN   TestGenerateGHESHostConfigurationStep
--- PASS: TestGenerateGHESHostConfigurationStep (0.00s)
=== RUN   TestGHESHostStepInCustomJobs
--- PASS: TestGHESHostStepInCustomJobs (0.00s)
=== RUN   TestGHESHostStepNotInReusableWorkflowJobs
--- PASS: TestGHESHostStepNotInReusableWorkflowJobs (0.00s)
=== RUN   TestApplyDefaultGitCommandsForSafeOutputs
=== RUN   TestApplyDefaultGitCommandsForSafeOutputs/no_safe_outputs_-_no_git_commands
=== RUN   TestApplyDefaultGitCommandsForSafeOutputs/create-pull-request_enabled_-_should_add_git_commands
=== RUN   TestApplyDefaultGitCommandsForSafeOutputs/push-to-pull-request-branch_enabled_-_should_add_git_commands
=== RUN   TestApplyDefaultGitCommandsForSafeOutputs/only_create-issue_enabled_-_no_git_commands
=== RUN   TestApplyDefaultGitCommandsForSafeOutputs/existing_bash_commands_should_be_preserved
=== RUN   TestApplyDefaultGitCommandsForSafeOutputs/bash_with_wildcard_should_remain_wildcard
=== RUN   TestApplyDefaultGitCommandsForSafeOutputs/bash_with_nil_value_should_remain_nil
--- PASS: TestApplyDefaultGitCommandsForSafeOutputs (0.00s)
    --- PASS: TestApplyDefaultGitCommandsForSafeOutputs/no_safe_outputs_-_no_git_commands (0.00s)
    --- PASS: TestApplyDefaultGitCommandsForSafeOutputs/create-pull-request_enabled_-_should_add_git_commands (0.00s)
    --- PASS: TestApplyDefaultGitCommandsForSafeOutputs/push-to-pull-request-branch_enabled_-_should_add_git_commands (0.00s)
    --- PASS: TestApplyDefaultGitCommandsForSafeOutputs/only_create-issue_enabled_-_no_git_commands (0.00s)
    --- PASS: TestApplyDefaultGitCommandsForSafeOutputs/existing_bash_commands_should_be_preserved (0.00s)
    --- PASS: TestApplyDefaultGitCommandsForSafeOutputs/bash_with_wildcard_should_remain_wildcard (0.00s)
    --- PASS: TestApplyDefaultGitCommandsForSafeOutputs/bash_with_nil_value_should_remain_nil (0.00s)
=== RUN   TestAdditionalClaudeToolsForSafeOutputs
=== RUN   TestAdditionalClaudeToolsForSafeOutputs/no_safe_outputs_-_no_editing_tools
=== RUN   TestAdditionalClaudeToolsForSafeOutputs/create-pull-request_enabled_-_should_add_editing_tools
=== RUN   TestAdditionalClaudeToolsForSafeOutputs/push-to-pull-request-branch_enabled_-_should_add_editing_tools
=== RUN   TestAdditionalClaudeToolsForSafeOutputs/only_create-issue_enabled_-_no_editing_tools
=== RUN   TestAdditionalClaudeToolsForSafeOutputs/existing_editing_tools_should_be_preserved
--- PASS: TestAdditionalClaudeToolsForSafeOutputs (0.00s)
    --- PASS: TestAdditionalClaudeToolsForSafeOutputs/no_safe_outputs_-_no_editing_tools (0.00s)
    --- PASS: TestAdditionalClaudeToolsForSafeOutputs/create-pull-request_enabled_-_should_add_editing_tools (0.00s)
    --- PASS: TestAdditionalClaudeToolsForSafeOutputs/push-to-pull-request-branch_enabled_-_should_add_editing_tools (0.00s)
    --- PASS: TestAdditionalClaudeToolsForSafeOutputs/only_create-issue_enabled_-_no_editing_tools (0.00s)
    --- PASS: TestAdditionalClaudeToolsForSafeOutputs/existing_editing_tools_should_be_preserved (0.00s)
=== RUN   TestNeedsGitCommands
=== RUN   TestNeedsGitCommands/nil_safe_outputs
=== RUN   TestNeedsGitCommands/empty_safe_outputs
=== RUN   TestNeedsGitCommands/create-pull-request_enabled
=== RUN   TestNeedsGitCommands/push-to-pull-request-branch_enabled
=== RUN   TestNeedsGitCommands/both_enabled
=== RUN   TestNeedsGitCommands/only_other_outputs_enabled
--- PASS: TestNeedsGitCommands (0.00s)
    --- PASS: TestNeedsGitCommands/nil_safe_outputs (0.00s)
    --- PASS: TestNeedsGitCommands/empty_safe_outputs (0.00s)
    --- PASS: TestNeedsGitCommands/create-pull-request_enabled (0.00s)
    --- PASS: TestNeedsGitCommands/push-to-pull-request-branch_enabled (0.00s)
    --- PASS: TestNeedsGitCommands/both_enabled (0.00s)
    --- PASS: TestNeedsGitCommands/only_other_outputs_enabled (0.00s)
=== RUN   TestGitConfigurationInMainJob
--- PASS: TestGitConfigurationInMainJob (0.00s)
=== RUN   TestGitConfigurationStepsHelper
--- PASS: TestGitConfigurationStepsHelper (0.00s)
=== RUN   TestGitCredentialsCleanerStep
--- PASS: TestGitCredentialsCleanerStep (0.00s)
=== RUN   TestCredentialsCleanerStepsHelper
=== RUN   TestCredentialsCleanerStepsHelper/no_known_actions_-_only_git_credentials_script
=== RUN   TestCredentialsCleanerStepsHelper/with_known_actions_-_both_scripts_in_run_block
--- PASS: TestCredentialsCleanerStepsHelper (0.00s)
    --- PASS: TestCredentialsCleanerStepsHelper/no_known_actions_-_only_git_credentials_script (0.00s)
    --- PASS: TestCredentialsCleanerStepsHelper/with_known_actions_-_both_scripts_in_run_block (0.00s)
=== RUN   TestGitConfigurationSkippedWhenCheckoutDisabled
--- PASS: TestGitConfigurationSkippedWhenCheckoutDisabled (0.01s)
=== RUN   TestGetGitIdentityEnvVars
--- PASS: TestGetGitIdentityEnvVars (0.00s)
=== RUN   TestCopilotEngineGitIdentityEnvSandbox
=== RUN   TestCopilotEngineGitIdentityEnvSandbox/sandbox_mode_includes_git_identity_env_vars
=== RUN   TestCopilotEngineGitIdentityEnvSandbox/non-sandbox_mode_does_not_include_git_identity_env_vars
--- PASS: TestCopilotEngineGitIdentityEnvSandbox (0.00s)
    --- PASS: TestCopilotEngineGitIdentityEnvSandbox/sandbox_mode_includes_git_identity_env_vars (0.00s)
    --- PASS: TestCopilotEngineGitIdentityEnvSandbox/non-sandbox_mode_does_not_include_git_identity_env_vars (0.00s)
=== RUN   TestClaudeEngineGitIdentityEnvSandbox
=== RUN   TestClaudeEngineGitIdentityEnvSandbox/sandbox_mode_includes_git_identity_env_vars
=== RUN   TestClaudeEngineGitIdentityEnvSandbox/non-sandbox_mode_does_not_include_git_identity_env_vars
--- PASS: TestClaudeEngineGitIdentityEnvSandbox (0.00s)
    --- PASS: TestClaudeEngineGitIdentityEnvSandbox/sandbox_mode_includes_git_identity_env_vars (0.00s)
    --- PASS: TestClaudeEngineGitIdentityEnvSandbox/non-sandbox_mode_does_not_include_git_identity_env_vars (0.00s)
=== RUN   TestCodexEngineGitIdentityEnvSandbox
=== RUN   TestCodexEngineGitIdentityEnvSandbox/sandbox_mode_includes_git_identity_env_vars
=== RUN   TestCodexEngineGitIdentityEnvSandbox/non-sandbox_mode_does_not_include_git_identity_env_vars
--- PASS: TestCodexEngineGitIdentityEnvSandbox (0.00s)
    --- PASS: TestCodexEngineGitIdentityEnvSandbox/sandbox_mode_includes_git_identity_env_vars (0.00s)
    --- PASS: TestCodexEngineGitIdentityEnvSandbox/non-sandbox_mode_does_not_include_git_identity_env_vars (0.00s)
=== RUN   TestGeminiEngineGitIdentityEnvSandbox
=== RUN   TestGeminiEngineGitIdentityEnvSandbox/sandbox_mode_includes_git_identity_env_vars
=== RUN   TestGeminiEngineGitIdentityEnvSandbox/non-sandbox_mode_does_not_include_git_identity_env_vars
--- PASS: TestGeminiEngineGitIdentityEnvSandbox (0.00s)
    --- PASS: TestGeminiEngineGitIdentityEnvSandbox/sandbox_mode_includes_git_identity_env_vars (0.00s)
    --- PASS: TestGeminiEngineGitIdentityEnvSandbox/non-sandbox_mode_does_not_include_git_identity_env_vars (0.00s)
=== RUN   TestGitPatchFromHEADCommits
    git_patch_head_test.go:148: Script output:
        === Diagnostic: Environment Information ===
        GITHUB_SHA: '021414931617e5f1129d388d367bd3d1cd571871'
        DEFAULT_BRANCH: 'main'
        Current HEAD: 3c6528153c0da8370df9ac26007bae08597f30b7
        Current branch: master

        === Diagnostic: Recent commits (last 10) ===
        3c65281 Update initial file
        04dfd35 Add new feature
        0214149 Initial commit

        === Diagnostic: Current git status ===
        On branch master
        Untracked files:
          (use "git add <file>..." to include in what will be committed)
		generate_patch.sh
		safe-outputs.jsonl

        nothing added to commit but untracked files present (use "git add" to track)

        Checking for branch names in JSONL output...
        JSONL file path: /tmp/gh-aw-test-runs/20260704-173215-1254793/test-patch-head-2088226886/safe-outputs.jsonl

        No branch names found in JSONL output
        Will check for commits made to current HEAD instead

        === Strategy 2: Checking for commits on current HEAD ===
        Current HEAD: '3c6528153c0da8370df9ac26007bae08597f30b7'
        Checkout SHA (GITHUB_SHA): '021414931617e5f1129d388d367bd3d1cd571871'
        HEAD has moved since checkout - checking if commits were added
        GITHUB_SHA is an ancestor of HEAD - commits were added

        === Diagnostic: Commits added since checkout ===
        Number of commits: 2
        Commit SHAs:
        3c65281 Update initial file
        04dfd35 Add new feature

        === Diagnostic: Diff stats for patch generation ===
        Command: git diff --stat '021414931617e5f1129d388d367bd3d1cd571871'..HEAD
         initial.txt     | 1 +
         new-feature.txt | 1 +
         2 files changed, 2 insertions(+)

        === Diagnostic: Generating patch ===
        Command: git format-patch '021414931617e5f1129d388d367bd3d1cd571871'..HEAD --stdout > '/tmp/gh-aw/aw-master.patch'
        Patch file created from commits on HEAD (base: '021414931617e5f1129d388d367bd3d1cd571871')

        === Patch generation completed successfully ===

        === Diagnostic: Patch file information: /tmp/gh-aw/aw-master.patch ===
        -rw-rw-r-- 1 jules jules 857 Jul  4 17:32 /tmp/gh-aw/aw-master.patch
        Patch file size: 4 KB
        Patch file lines: 40
        Commits included in patch: 2
        Commit SHAs in patch:
          04dfd35640ea82347c514973a5d8392f765a2450
          3c6528153c0da8370df9ac26007bae08597f30b7
    git_patch_head_test.go:167: Found patch file: /tmp/gh-aw/aw-master.patch
    git_patch_head_test.go:219: Successfully generated patch from HEAD commits without named branch
--- PASS: TestGitPatchFromHEADCommits (0.14s)
=== RUN   TestGitPatchPrefersBranchOverHEAD
    git_patch_head_test.go:340: Script output:
        === Diagnostic: Environment Information ===
        GITHUB_SHA: 'e63e68ee2bd2cb11b35eebe4e7cf6485422c19a7'
        DEFAULT_BRANCH: 'main'
        Current HEAD: 01b775d2ef6210296340d2cd398fbce0188a9e60
        Current branch: feature-branch

        === Diagnostic: Recent commits (last 10) ===
        01b775d Branch commit
        e63e68e Initial

        === Diagnostic: Current git status ===
        On branch feature-branch
        Untracked files:
          (use "git add <file>..." to include in what will be committed)
		generate_patch.sh
		safe-outputs.jsonl

        nothing added to commit but untracked files present (use "git add" to track)

        Checking for branch names in JSONL output...
        JSONL file path: /tmp/gh-aw-test-runs/20260704-173215-1254793/test-patch-priority-3744152733/safe-outputs.jsonl
        Found branch name: 'feature-branch'

        === Strategy 1: Using named branches from JSONL ===
        Found 1 branch name(s): feature-branch

        Looking for branch: 'feature-branch'
        Patch path: '/tmp/gh-aw/aw-feature-branch.patch'
        Branch 'feature-branch' exists, generating patch from branch changes
        origin/'feature-branch' does not exist, using merge-base with default branch
        Default branch: 'main'
        fatal: 'origin' does not appear to be a git repository
        fatal: Could not read from remote repository.

        Please make sure you have the correct access rights
        and the repository exists.
        fatal: Not a valid object name origin/main
        Using merge-base as base: ''

        === Diagnostic: Diff stats for patch generation ===
        Command: git diff --stat ''..'feature-branch'

        === Diagnostic: Commits to be included in patch ===
        Number of commits: 0

        === Diagnostic: Generating patch ===
        Command: git format-patch ''..'feature-branch' --stdout > '/tmp/gh-aw/aw-feature-branch.patch'
        Patch file created from branch: 'feature-branch' (base: '')

        === Patch generation completed successfully ===

        === Diagnostic: Patch file information: /tmp/gh-aw/aw-feature-branch.patch ===
        -rw-rw-r-- 1 jules jules 0 Jul  4 17:32 /tmp/gh-aw/aw-feature-branch.patch
        Patch file size: 0 KB
        Patch file lines: 0
        Commits included in patch: 0
        0
        /tmp/gh-aw-test-runs/20260704-173215-1254793/test-patch-priority-3744152733/generate_patch.sh: line 232: [: 0
        0: integer expression expected
--- PASS: TestGitPatchPrefersBranchOverHEAD (0.13s)
=== RUN   TestGitPatchNoCommits
    git_patch_head_test.go:425: Script output:
        === Diagnostic: Environment Information ===
        GITHUB_SHA: 'e63e68ee2bd2cb11b35eebe4e7cf6485422c19a7'
        DEFAULT_BRANCH: 'main'
        Current HEAD: e63e68ee2bd2cb11b35eebe4e7cf6485422c19a7
        Current branch: master

        === Diagnostic: Recent commits (last 10) ===
        e63e68e Initial

        === Diagnostic: Current git status ===
        On branch master
        Untracked files:
          (use "git add <file>..." to include in what will be committed)
		generate_patch.sh
		safe-outputs.jsonl

        nothing added to commit but untracked files present (use "git add" to track)

        Checking for branch names in JSONL output...
        JSONL file path: /tmp/gh-aw-test-runs/20260704-173215-1254793/test-patch-no-commits-1604544336/safe-outputs.jsonl

        No branch names found in JSONL output
        Will check for commits made to current HEAD instead

        === Strategy 2: Checking for commits on current HEAD ===
        Current HEAD: 'e63e68ee2bd2cb11b35eebe4e7cf6485422c19a7'
        Checkout SHA (GITHUB_SHA): 'e63e68ee2bd2cb11b35eebe4e7cf6485422c19a7'
        No commits have been made since checkout (HEAD == GITHUB_SHA)
        No patch will be generated

        === No patch generated ===
        Reason: No commits found via branch name or HEAD analysis
--- PASS: TestGitPatchNoCommits (0.05s)
=== RUN   TestGitPatchGeneration
/tmp/gh-aw-test-runs/20260704-173215-1254793/test-4045475492/test-git-patch.md: info: Tip: set permissions.copilot-requests: write to use GitHub Actions token-based inference with the Copilot engine instead of a personal access token (COPILOT_GITHUB_TOKEN). This option requires that your organization has centralized Copilot billing enabled and may not be available in all organizations — see https://github.github.com/gh-aw/reference/billing/ for details.

✓ /tmp/gh-aw-test-runs/20260704-173215-1254793/test-4045475492/test-git-patch.md (101.0 KB)
    git_patch_test.go:124: Successfully verified git patch workflow (patch now generated in MCP server and uploaded in unified artifact upload)
--- PASS: TestGitPatchGeneration (0.01s)
=== RUN   TestBuildGitHubAppTokenMintStepOwnerDerivation
=== RUN   TestBuildGitHubAppTokenMintStepOwnerDerivation/no_owner_source_falls_back_to_github.repository_owner
=== RUN   TestBuildGitHubAppTokenMintStepOwnerDerivation/explicit_owner_wins
=== RUN   TestBuildGitHubAppTokenMintStepOwnerDerivation/literal_repository_derives_owner_without_helper_step
=== RUN   TestBuildGitHubAppTokenMintStepOwnerDerivation/repository_expression_derives_owner_with_helper_step
=== RUN   TestBuildGitHubAppTokenMintStepOwnerDerivation/bare_repository_name_emits_helper_step
=== RUN   TestBuildGitHubAppTokenMintStepOwnerDerivation/repository_expression_includes_wiki_stripping
=== RUN   TestBuildGitHubAppTokenMintStepOwnerDerivation/repository_expression_is_whitespace-normalized_before_yaml_emission
--- PASS: TestBuildGitHubAppTokenMintStepOwnerDerivation (0.00s)
    --- PASS: TestBuildGitHubAppTokenMintStepOwnerDerivation/no_owner_source_falls_back_to_github.repository_owner (0.00s)
    --- PASS: TestBuildGitHubAppTokenMintStepOwnerDerivation/explicit_owner_wins (0.00s)
    --- PASS: TestBuildGitHubAppTokenMintStepOwnerDerivation/literal_repository_derives_owner_without_helper_step (0.00s)
    --- PASS: TestBuildGitHubAppTokenMintStepOwnerDerivation/repository_expression_derives_owner_with_helper_step (0.00s)
    --- PASS: TestBuildGitHubAppTokenMintStepOwnerDerivation/bare_repository_name_emits_helper_step (0.00s)
    --- PASS: TestBuildGitHubAppTokenMintStepOwnerDerivation/repository_expression_includes_wiki_stripping (0.00s)
    --- PASS: TestBuildGitHubAppTokenMintStepOwnerDerivation/repository_expression_is_whitespace-normalized_before_yaml_emission (0.00s)
=== RUN   TestWorkflowBuildersDeriveGitHubAppOwnerFromCheckoutRepository
--- PASS: TestWorkflowBuildersDeriveGitHubAppOwnerFromCheckoutRepository (0.00s)
=== RUN   TestInferSingleCheckoutRepositoryForGitHubAppOwner
=== RUN   TestInferSingleCheckoutRepositoryForGitHubAppOwner/returns_empty_for_multiple_distinct_repositories
=== RUN   TestInferSingleCheckoutRepositoryForGitHubAppOwner/returns_repository_when_repeated_repositories_are_the_same
=== RUN   TestInferSingleCheckoutRepositoryForGitHubAppOwner/returns_empty_when_no_explicit_repositories_are_configured
=== RUN   TestInferSingleCheckoutRepositoryForGitHubAppOwner/workflow_call_defaults_to_activation_target_repository
--- PASS: TestInferSingleCheckoutRepositoryForGitHubAppOwner (0.00s)
    --- PASS: TestInferSingleCheckoutRepositoryForGitHubAppOwner/returns_empty_for_multiple_distinct_repositories (0.00s)
    --- PASS: TestInferSingleCheckoutRepositoryForGitHubAppOwner/returns_repository_when_repeated_repositories_are_the_same (0.00s)
    --- PASS: TestInferSingleCheckoutRepositoryForGitHubAppOwner/returns_empty_when_no_explicit_repositories_are_configured (0.00s)
    --- PASS: TestInferSingleCheckoutRepositoryForGitHubAppOwner/workflow_call_defaults_to_activation_target_repository (0.00s)
=== RUN   TestWorkflowCallSafeOutputsAppTokenUsesRepositoryOwnerSource
--- PASS: TestWorkflowCallSafeOutputsAppTokenUsesRepositoryOwnerSource (0.00s)
=== RUN   TestValidateGitHubAppOnlyPermissions
=== RUN   TestValidateGitHubAppOnlyPermissions/no_permissions_-_should_pass
=== RUN   TestValidateGitHubAppOnlyPermissions/GitHub_Actions-only_permissions_-_should_pass_without_github-app
=== RUN   TestValidateGitHubAppOnlyPermissions/organization-projects_(App-only)_without_github-app_-_should_error
=== RUN   TestValidateGitHubAppOnlyPermissions/members_permission_without_github-app_-_should_error
=== RUN   TestValidateGitHubAppOnlyPermissions/administration_permission_without_github-app_-_should_error
=== RUN   TestValidateGitHubAppOnlyPermissions/members_permission_with_tools.github.github-app_-_should_pass
=== RUN   TestValidateGitHubAppOnlyPermissions/members_permission_with_safe-outputs.github-app_-_should_pass
=== RUN   TestValidateGitHubAppOnlyPermissions/members_permission_with_activation_github-app_-_should_pass
=== RUN   TestValidateGitHubAppOnlyPermissions/workflows_permission_without_github-app_-_should_error
=== RUN   TestValidateGitHubAppOnlyPermissions/vulnerability-alerts_permission_without_github-app_-_should_pass_(GITHUB_TOKEN_scope)
=== RUN   TestValidateGitHubAppOnlyPermissions/mixed_Actions_and_App-only_permissions_with_github-app_-_should_pass
=== RUN   TestValidateGitHubAppOnlyPermissions/mixed_Actions_and_App-only_permissions_without_github-app_-_should_error
=== RUN   TestValidateGitHubAppOnlyPermissions/read-all_shorthand_should_NOT_require_a_GitHub_App
=== RUN   TestValidateGitHubAppOnlyPermissions/write-all_shorthand_should_NOT_require_a_GitHub_App
=== RUN   TestValidateGitHubAppOnlyPermissions/all:read_should_NOT_require_a_GitHub_App
=== RUN   TestValidateGitHubAppOnlyPermissions/organization-events_with_write_-_should_error_(no_write_on_App-only_scopes)
=== RUN   TestValidateGitHubAppOnlyPermissions/organization-plan_with_write_-_should_error_(no_write_on_App-only_scopes)
=== RUN   TestValidateGitHubAppOnlyPermissions/email-addresses_with_write_-_should_error_(no_write_on_App-only_scopes)
=== RUN   TestValidateGitHubAppOnlyPermissions/codespaces-metadata_with_write_-_should_error_(no_write_on_App-only_scopes)
=== RUN   TestValidateGitHubAppOnlyPermissions/organization-events_with_read_and_github-app_-_should_pass
=== RUN   TestValidateGitHubAppOnlyPermissions/administration_with_write_-_should_error_(no_write_on_App-only_scopes)
=== RUN   TestValidateGitHubAppOnlyPermissions/members_with_write_-_should_error_even_with_github-app_(no_write_on_App-only_scopes)
--- PASS: TestValidateGitHubAppOnlyPermissions (0.00s)
    --- PASS: TestValidateGitHubAppOnlyPermissions/no_permissions_-_should_pass (0.00s)
    --- PASS: TestValidateGitHubAppOnlyPermissions/GitHub_Actions-only_permissions_-_should_pass_without_github-app (0.00s)
    --- PASS: TestValidateGitHubAppOnlyPermissions/organization-projects_(App-only)_without_github-app_-_should_error (0.00s)
    --- PASS: TestValidateGitHubAppOnlyPermissions/members_permission_without_github-app_-_should_error (0.00s)
    --- PASS: TestValidateGitHubAppOnlyPermissions/administration_permission_without_github-app_-_should_error (0.00s)
    --- PASS: TestValidateGitHubAppOnlyPermissions/members_permission_with_tools.github.github-app_-_should_pass (0.00s)
    --- PASS: TestValidateGitHubAppOnlyPermissions/members_permission_with_safe-outputs.github-app_-_should_pass (0.00s)
    --- PASS: TestValidateGitHubAppOnlyPermissions/members_permission_with_activation_github-app_-_should_pass (0.00s)
    --- PASS: TestValidateGitHubAppOnlyPermissions/workflows_permission_without_github-app_-_should_error (0.00s)
    --- PASS: TestValidateGitHubAppOnlyPermissions/vulnerability-alerts_permission_without_github-app_-_should_pass_(GITHUB_TOKEN_scope) (0.00s)
    --- PASS: TestValidateGitHubAppOnlyPermissions/mixed_Actions_and_App-only_permissions_with_github-app_-_should_pass (0.00s)
    --- PASS: TestValidateGitHubAppOnlyPermissions/mixed_Actions_and_App-only_permissions_without_github-app_-_should_error (0.00s)
    --- PASS: TestValidateGitHubAppOnlyPermissions/read-all_shorthand_should_NOT_require_a_GitHub_App (0.00s)
    --- PASS: TestValidateGitHubAppOnlyPermissions/write-all_shorthand_should_NOT_require_a_GitHub_App (0.00s)
    --- PASS: TestValidateGitHubAppOnlyPermissions/all:read_should_NOT_require_a_GitHub_App (0.00s)
    --- PASS: TestValidateGitHubAppOnlyPermissions/organization-events_with_write_-_should_error_(no_write_on_App-only_scopes) (0.00s)
    --- PASS: TestValidateGitHubAppOnlyPermissions/organization-plan_with_write_-_should_error_(no_write_on_App-only_scopes) (0.00s)
    --- PASS: TestValidateGitHubAppOnlyPermissions/email-addresses_with_write_-_should_error_(no_write_on_App-only_scopes) (0.00s)
    --- PASS: TestValidateGitHubAppOnlyPermissions/codespaces-metadata_with_write_-_should_error_(no_write_on_App-only_scopes) (0.00s)
    --- PASS: TestValidateGitHubAppOnlyPermissions/organization-events_with_read_and_github-app_-_should_pass (0.00s)
    --- PASS: TestValidateGitHubAppOnlyPermissions/administration_with_write_-_should_error_(no_write_on_App-only_scopes) (0.00s)
    --- PASS: TestValidateGitHubAppOnlyPermissions/members_with_write_-_should_error_even_with_github-app_(no_write_on_App-only_scopes) (0.00s)
=== RUN   TestIsGitHubAppOnlyScope
=== RUN   TestIsGitHubAppOnlyScope/actions
=== RUN   TestIsGitHubAppOnlyScope/checks
=== RUN   TestIsGitHubAppOnlyScope/contents
=== RUN   TestIsGitHubAppOnlyScope/deployments
=== RUN   TestIsGitHubAppOnlyScope/issues
=== RUN   TestIsGitHubAppOnlyScope/packages
=== RUN   TestIsGitHubAppOnlyScope/pages
=== RUN   TestIsGitHubAppOnlyScope/pull-requests
=== RUN   TestIsGitHubAppOnlyScope/security-events
=== RUN   TestIsGitHubAppOnlyScope/statuses
=== RUN   TestIsGitHubAppOnlyScope/discussions
=== RUN   TestIsGitHubAppOnlyScope/vulnerability-alerts
=== RUN   TestIsGitHubAppOnlyScope/organization-projects
=== RUN   TestIsGitHubAppOnlyScope/administration
=== RUN   TestIsGitHubAppOnlyScope/members
=== RUN   TestIsGitHubAppOnlyScope/organization-administration
=== RUN   TestIsGitHubAppOnlyScope/environments
=== RUN   TestIsGitHubAppOnlyScope/git-signing
=== RUN   TestIsGitHubAppOnlyScope/team-discussions
=== RUN   TestIsGitHubAppOnlyScope/workflows
=== RUN   TestIsGitHubAppOnlyScope/repository-hooks
=== RUN   TestIsGitHubAppOnlyScope/organization-hooks
=== RUN   TestIsGitHubAppOnlyScope/organization-members
=== RUN   TestIsGitHubAppOnlyScope/organization-packages
=== RUN   TestIsGitHubAppOnlyScope/organization-self-hosted-runners
=== RUN   TestIsGitHubAppOnlyScope/single-file
=== RUN   TestIsGitHubAppOnlyScope/codespaces
=== RUN   TestIsGitHubAppOnlyScope/email-addresses
--- PASS: TestIsGitHubAppOnlyScope (0.00s)
    --- PASS: TestIsGitHubAppOnlyScope/actions (0.00s)
    --- PASS: TestIsGitHubAppOnlyScope/checks (0.00s)
    --- PASS: TestIsGitHubAppOnlyScope/contents (0.00s)
    --- PASS: TestIsGitHubAppOnlyScope/deployments (0.00s)
    --- PASS: TestIsGitHubAppOnlyScope/issues (0.00s)
    --- PASS: TestIsGitHubAppOnlyScope/packages (0.00s)
    --- PASS: TestIsGitHubAppOnlyScope/pages (0.00s)
    --- PASS: TestIsGitHubAppOnlyScope/pull-requests (0.00s)
    --- PASS: TestIsGitHubAppOnlyScope/security-events (0.00s)
    --- PASS: TestIsGitHubAppOnlyScope/statuses (0.00s)
    --- PASS: TestIsGitHubAppOnlyScope/discussions (0.00s)
    --- PASS: TestIsGitHubAppOnlyScope/vulnerability-alerts (0.00s)
    --- PASS: TestIsGitHubAppOnlyScope/organization-projects (0.00s)
    --- PASS: TestIsGitHubAppOnlyScope/administration (0.00s)
    --- PASS: TestIsGitHubAppOnlyScope/members (0.00s)
    --- PASS: TestIsGitHubAppOnlyScope/organization-administration (0.00s)
    --- PASS: TestIsGitHubAppOnlyScope/environments (0.00s)
    --- PASS: TestIsGitHubAppOnlyScope/git-signing (0.00s)
    --- PASS: TestIsGitHubAppOnlyScope/team-discussions (0.00s)
    --- PASS: TestIsGitHubAppOnlyScope/workflows (0.00s)
    --- PASS: TestIsGitHubAppOnlyScope/repository-hooks (0.00s)
    --- PASS: TestIsGitHubAppOnlyScope/organization-hooks (0.00s)
    --- PASS: TestIsGitHubAppOnlyScope/organization-members (0.00s)
    --- PASS: TestIsGitHubAppOnlyScope/organization-packages (0.00s)
    --- PASS: TestIsGitHubAppOnlyScope/organization-self-hosted-runners (0.00s)
    --- PASS: TestIsGitHubAppOnlyScope/single-file (0.00s)
    --- PASS: TestIsGitHubAppOnlyScope/codespaces (0.00s)
    --- PASS: TestIsGitHubAppOnlyScope/email-addresses (0.00s)
=== RUN   TestGetAllGitHubAppOnlyScopes
--- PASS: TestGetAllGitHubAppOnlyScopes (0.00s)
=== RUN   TestConvertStringToPermissionScope_RoundTrip
--- PASS: TestConvertStringToPermissionScope_RoundTrip (0.00s)
=== RUN   TestGitHubAppOnlyPermissionsRenderToYAML
=== RUN   TestGitHubAppOnlyPermissionsRenderToYAML/members_permission_is_skipped_in_GitHub_Actions_YAML
=== RUN   TestGitHubAppOnlyPermissionsRenderToYAML/administration_permission_is_skipped_in_GitHub_Actions_YAML
=== RUN   TestGitHubAppOnlyPermissionsRenderToYAML/only_App-only_scopes_returns_empty_string_(not_bare_'permissions:')
=== RUN   TestGitHubAppOnlyPermissionsRenderToYAML/contents_permission_IS_included_in_GitHub_Actions_YAML
=== RUN   TestGitHubAppOnlyPermissionsRenderToYAML/mixed_permissions_-_only_Actions_scopes_rendered
--- PASS: TestGitHubAppOnlyPermissionsRenderToYAML (0.00s)
    --- PASS: TestGitHubAppOnlyPermissionsRenderToYAML/members_permission_is_skipped_in_GitHub_Actions_YAML (0.00s)
    --- PASS: TestGitHubAppOnlyPermissionsRenderToYAML/administration_permission_is_skipped_in_GitHub_Actions_YAML (0.00s)
    --- PASS: TestGitHubAppOnlyPermissionsRenderToYAML/only_App-only_scopes_returns_empty_string_(not_bare_'permissions:') (0.00s)
    --- PASS: TestGitHubAppOnlyPermissionsRenderToYAML/contents_permission_IS_included_in_GitHub_Actions_YAML (0.00s)
    --- PASS: TestGitHubAppOnlyPermissionsRenderToYAML/mixed_permissions_-_only_Actions_scopes_rendered (0.00s)
=== RUN   TestConvertPermissionsToAppTokenFields_GitHubAppOnly
=== RUN   TestConvertPermissionsToAppTokenFields_GitHubAppOnly/members_permission_maps_to_permission-members
=== RUN   TestConvertPermissionsToAppTokenFields_GitHubAppOnly/administration_permission_maps_to_permission-administration
=== RUN   TestConvertPermissionsToAppTokenFields_GitHubAppOnly/workflows_permission_maps_to_permission-workflows
=== RUN   TestConvertPermissionsToAppTokenFields_GitHubAppOnly/vulnerability-alerts_maps_correctly
=== RUN   TestConvertPermissionsToAppTokenFields_GitHubAppOnly/discussions_permission_IS_mapped_(actions/create-github-app-token_reads_all_INPUT_PERMISSION-*_env_vars)
=== RUN   TestConvertPermissionsToAppTokenFields_GitHubAppOnly/models_permission_is_NOT_mapped_(no_GitHub_App_equivalent)
=== RUN   TestConvertPermissionsToAppTokenFields_GitHubAppOnly/id-token_permission_is_NOT_mapped_(not_applicable_to_GitHub_Apps)
=== RUN   TestConvertPermissionsToAppTokenFields_GitHubAppOnly/organization-packages_permission_maps_correctly
=== RUN   TestConvertPermissionsToAppTokenFields_GitHubAppOnly/read-all_shorthand_does_NOT_produce_App-only_permission_fields
=== RUN   TestConvertPermissionsToAppTokenFields_GitHubAppOnly/write-all_shorthand_does_NOT_produce_App-only_permission_fields
--- PASS: TestConvertPermissionsToAppTokenFields_GitHubAppOnly (0.00s)
    --- PASS: TestConvertPermissionsToAppTokenFields_GitHubAppOnly/members_permission_maps_to_permission-members (0.00s)
    --- PASS: TestConvertPermissionsToAppTokenFields_GitHubAppOnly/administration_permission_maps_to_permission-administration (0.00s)
    --- PASS: TestConvertPermissionsToAppTokenFields_GitHubAppOnly/workflows_permission_maps_to_permission-workflows (0.00s)
    --- PASS: TestConvertPermissionsToAppTokenFields_GitHubAppOnly/vulnerability-alerts_maps_correctly (0.00s)
    --- PASS: TestConvertPermissionsToAppTokenFields_GitHubAppOnly/discussions_permission_IS_mapped_(actions/create-github-app-token_reads_all_INPUT_PERMISSION-*_env_vars) (0.00s)
    --- PASS: TestConvertPermissionsToAppTokenFields_GitHubAppOnly/models_permission_is_NOT_mapped_(no_GitHub_App_equivalent) (0.00s)
    --- PASS: TestConvertPermissionsToAppTokenFields_GitHubAppOnly/id-token_permission_is_NOT_mapped_(not_applicable_to_GitHub_Apps) (0.00s)
    --- PASS: TestConvertPermissionsToAppTokenFields_GitHubAppOnly/organization-packages_permission_maps_correctly (0.00s)
    --- PASS: TestConvertPermissionsToAppTokenFields_GitHubAppOnly/read-all_shorthand_does_NOT_produce_App-only_permission_fields (0.00s)
    --- PASS: TestConvertPermissionsToAppTokenFields_GitHubAppOnly/write-all_shorthand_does_NOT_produce_App-only_permission_fields (0.00s)
=== RUN   TestExecGH
=== RUN   TestExecGH/GH_TOKEN_is_set
=== RUN   TestExecGH/GITHUB_TOKEN_is_set,_GH_TOKEN_is_not
=== RUN   TestExecGH/Both_GH_TOKEN_and_GITHUB_TOKEN_are_set
=== RUN   TestExecGH/Neither_GH_TOKEN_nor_GITHUB_TOKEN_is_set
--- PASS: TestExecGH (0.00s)
    --- PASS: TestExecGH/GH_TOKEN_is_set (0.00s)
    --- PASS: TestExecGH/GITHUB_TOKEN_is_set,_GH_TOKEN_is_not (0.00s)
    --- PASS: TestExecGH/Both_GH_TOKEN_and_GITHUB_TOKEN_are_set (0.00s)
    --- PASS: TestExecGH/Neither_GH_TOKEN_nor_GITHUB_TOKEN_is_set (0.00s)
=== RUN   TestExecGHWithMultipleArgs
--- PASS: TestExecGHWithMultipleArgs (0.00s)
=== RUN   TestExecGHContext
=== RUN   TestExecGHContext/GH_TOKEN_is_set_with_context
=== RUN   TestExecGHContext/GITHUB_TOKEN_is_set_with_context
=== RUN   TestExecGHContext/No_tokens_with_context
--- PASS: TestExecGHContext (0.00s)
    --- PASS: TestExecGHContext/GH_TOKEN_is_set_with_context (0.00s)
    --- PASS: TestExecGHContext/GITHUB_TOKEN_is_set_with_context (0.00s)
    --- PASS: TestExecGHContext/No_tokens_with_context (0.00s)
=== RUN   TestSetupGHCommand
=== RUN   TestSetupGHCommand/Without_context,_no_tokens
=== RUN   TestSetupGHCommand/With_context,_no_tokens
=== RUN   TestSetupGHCommand/Without_context,_GITHUB_TOKEN_only
=== RUN   TestSetupGHCommand/With_context,_GITHUB_TOKEN_only
--- PASS: TestSetupGHCommand (0.00s)
    --- PASS: TestSetupGHCommand/Without_context,_no_tokens (0.00s)
    --- PASS: TestSetupGHCommand/With_context,_no_tokens (0.00s)
    --- PASS: TestSetupGHCommand/Without_context,_GITHUB_TOKEN_only (0.00s)
    --- PASS: TestSetupGHCommand/With_context,_GITHUB_TOKEN_only (0.00s)
=== RUN   TestRunGHFunctions
=== RUN   TestRunGHFunctions/RunGH_matches_RunGHContext
=== RUN   TestRunGHFunctions/RunGHCombined_matches_RunGHCombinedContext
--- PASS: TestRunGHFunctions (0.00s)
    --- PASS: TestRunGHFunctions/RunGH_matches_RunGHContext (0.00s)
    --- PASS: TestRunGHFunctions/RunGHCombined_matches_RunGHCombinedContext (0.00s)
=== RUN   TestEnrichGHError
=== RUN   TestEnrichGHError/nil_error_unchanged
=== RUN   TestEnrichGHError/non-ExitError_unchanged
=== RUN   TestEnrichGHError/ExitError_with_no_stderr_unchanged
=== RUN   TestEnrichGHError/ExitError_with_stderr_gets_stderr_appended
--- PASS: TestEnrichGHError (0.00s)
    --- PASS: TestEnrichGHError/nil_error_unchanged (0.00s)
    --- PASS: TestEnrichGHError/non-ExitError_unchanged (0.00s)
    --- PASS: TestEnrichGHError/ExitError_with_no_stderr_unchanged (0.00s)
    --- PASS: TestEnrichGHError/ExitError_with_stderr_gets_stderr_appended (0.00s)
=== RUN   TestSetGHHostEnv
=== RUN   TestSetGHHostEnv/github.com_is_a_no-op
=== RUN   TestSetGHHostEnv/empty_host_is_a_no-op
=== RUN   TestSetGHHostEnv/GHES_host_sets_GH_HOST
=== RUN   TestSetGHHostEnv/Proxima_host_sets_GH_HOST
=== RUN   TestSetGHHostEnv/appends_to_existing_env
--- PASS: TestSetGHHostEnv (0.00s)
    --- PASS: TestSetGHHostEnv/github.com_is_a_no-op (0.00s)
    --- PASS: TestSetGHHostEnv/empty_host_is_a_no-op (0.00s)
    --- PASS: TestSetGHHostEnv/GHES_host_sets_GH_HOST (0.00s)
    --- PASS: TestSetGHHostEnv/Proxima_host_sets_GH_HOST (0.00s)
    --- PASS: TestSetGHHostEnv/appends_to_existing_env (0.00s)
=== RUN   TestSetupGHCommandUsesDefaultGHHost
=== RUN   TestSetupGHCommandUsesDefaultGHHost/applies_default_host_when_GH_HOST_is_not_set
=== RUN   TestSetupGHCommandUsesDefaultGHHost/does_not_apply_default_host_when_GH_HOST_is_already_set
--- PASS: TestSetupGHCommandUsesDefaultGHHost (0.00s)
    --- PASS: TestSetupGHCommandUsesDefaultGHHost/applies_default_host_when_GH_HOST_is_not_set (0.00s)
    --- PASS: TestSetupGHCommandUsesDefaultGHHost/does_not_apply_default_host_when_GH_HOST_is_already_set (0.00s)
=== RUN   TestGitHubContextPrompt_UsesAwContextFallbacks
--- PASS: TestGitHubContextPrompt_UsesAwContextFallbacks (0.00s)
=== RUN   TestGitHubToolDisabled
=== RUN   TestGitHubToolDisabled/github:_false_removes_github_tool
=== RUN   TestGitHubToolDisabled/github:_nil_keeps_github_tool
=== RUN   TestGitHubToolDisabled/github:_true_keeps_github_tool
=== RUN   TestGitHubToolDisabled/github:_map_keeps_github_tool
=== RUN   TestGitHubToolDisabled/no_github_key_adds_default_github_tool
--- PASS: TestGitHubToolDisabled (0.00s)
    --- PASS: TestGitHubToolDisabled/github:_false_removes_github_tool (0.00s)
    --- PASS: TestGitHubToolDisabled/github:_nil_keeps_github_tool (0.00s)
    --- PASS: TestGitHubToolDisabled/github:_true_keeps_github_tool (0.00s)
    --- PASS: TestGitHubToolDisabled/github:_map_keeps_github_tool (0.00s)
    --- PASS: TestGitHubToolDisabled/no_github_key_adds_default_github_tool (0.00s)
=== RUN   TestHasMCPServersWithGitHubDisabled
=== RUN   TestHasMCPServersWithGitHubDisabled/github:_false_does_not_count_as_MCP_server
=== RUN   TestHasMCPServersWithGitHubDisabled/github:_nil_counts_as_MCP_server
=== RUN   TestHasMCPServersWithGitHubDisabled/github:_map_counts_as_MCP_server
=== RUN   TestHasMCPServersWithGitHubDisabled/github:_false_with_other_MCP_tool_still_returns_true
=== RUN   TestHasMCPServersWithGitHubDisabled/github:_false_with_non-MCP_tool_returns_false
--- PASS: TestHasMCPServersWithGitHubDisabled (0.00s)
    --- PASS: TestHasMCPServersWithGitHubDisabled/github:_false_does_not_count_as_MCP_server (0.00s)
    --- PASS: TestHasMCPServersWithGitHubDisabled/github:_nil_counts_as_MCP_server (0.00s)
    --- PASS: TestHasMCPServersWithGitHubDisabled/github:_map_counts_as_MCP_server (0.00s)
    --- PASS: TestHasMCPServersWithGitHubDisabled/github:_false_with_other_MCP_tool_still_returns_true (0.00s)
    --- PASS: TestHasMCPServersWithGitHubDisabled/github:_false_with_non-MCP_tool_returns_false (0.00s)
=== RUN   TestGitHubFolderCheckoutOptimization
=== RUN   TestGitHubFolderCheckoutOptimization/full_checkout_no_github_sparse
/tmp/github-folder-checkout-test-385854369/.github/workflows/test-workflow.md: info: Tip: set permissions.copilot-requests: write to use GitHub Actions token-based inference with the Copilot engine instead of a personal access token (COPILOT_GITHUB_TOKEN). This option requires that your organization has centralized Copilot billing enabled and may not be available in all organizations — see https://github.github.com/gh-aw/reference/billing/ for details.

✓ /tmp/github-folder-checkout-test-385854369/.github/workflows/test-workflow.md (77.7 KB)
    github_folder_checkout_optimization_test.go:176: ✓ Test case passed: When full repo checkout is added, .github sparse checkout should be skipped
=== RUN   TestGitHubFolderCheckoutOptimization/custom_checkout_skips_github_sparse
⚠ Unable to resolve actions/checkout@v5 dynamically, using hardcoded pin for actions/checkout@v7.0.0
/tmp/github-folder-checkout-test-255529485/.github/workflows/test-workflow.md: info: Tip: set permissions.copilot-requests: write to use GitHub Actions token-based inference with the Copilot engine instead of a personal access token (COPILOT_GITHUB_TOKEN). This option requires that your organization has centralized Copilot billing enabled and may not be available in all organizations — see https://github.github.com/gh-aw/reference/billing/ for details.

✓ /tmp/github-folder-checkout-test-255529485/.github/workflows/test-workflow.md (77.8 KB)
    github_folder_checkout_optimization_test.go:176: ✓ Test case passed: When custom checkout exists, .github sparse checkout is skipped (redundant with full checkout)
=== RUN   TestGitHubFolderCheckoutOptimization/no_permissions_no_checkouts
/tmp/github-folder-checkout-test-888701235/.github/workflows/test-workflow.md: info: Tip: set permissions.copilot-requests: write to use GitHub Actions token-based inference with the Copilot engine instead of a personal access token (COPILOT_GITHUB_TOKEN). This option requires that your organization has centralized Copilot billing enabled and may not be available in all organizations — see https://github.github.com/gh-aw/reference/billing/ for details.

✓ /tmp/github-folder-checkout-test-888701235/.github/workflows/test-workflow.md (76.2 KB)
    github_folder_checkout_optimization_test.go:176: ✓ Test case passed: Without explicit contents permission, full checkout is added in dev mode for runtime-import (contents:read added automatically for local actions)
=== RUN   TestGitHubFolderCheckoutOptimization/runtime_imports_trigger_full_checkout
/tmp/github-folder-checkout-test-2190001674/.github/workflows/test-workflow.md: info: Tip: set permissions.copilot-requests: write to use GitHub Actions token-based inference with the Copilot engine instead of a personal access token (COPILOT_GITHUB_TOKEN). This option requires that your organization has centralized Copilot billing enabled and may not be available in all organizations — see https://github.github.com/gh-aw/reference/billing/ for details.

✓ /tmp/github-folder-checkout-test-2190001674/.github/workflows/test-workflow.md (77.7 KB)
    github_folder_checkout_optimization_test.go:176: ✓ Test case passed: Runtime imports trigger full checkout, making .github sparse checkout redundant
--- PASS: TestGitHubFolderCheckoutOptimization (0.04s)
    --- PASS: TestGitHubFolderCheckoutOptimization/full_checkout_no_github_sparse (0.01s)
    --- PASS: TestGitHubFolderCheckoutOptimization/custom_checkout_skips_github_sparse (0.01s)
    --- PASS: TestGitHubFolderCheckoutOptimization/no_permissions_no_checkouts (0.01s)
    --- PASS: TestGitHubFolderCheckoutOptimization/runtime_imports_trigger_full_checkout (0.01s)
=== RUN   TestGitHubLockdownField
=== RUN   TestGitHubLockdownField/lockdown_explicitly_enabled
=== RUN   TestGitHubLockdownField/lockdown_explicitly_disabled
=== RUN   TestGitHubLockdownField/lockdown_not_specified_(default_false)
=== RUN   TestGitHubLockdownField/empty_github_config_(default_false)
=== RUN   TestGitHubLockdownField/nil_github_config_(default_false)
--- PASS: TestGitHubLockdownField (0.00s)
    --- PASS: TestGitHubLockdownField/lockdown_explicitly_enabled (0.00s)
    --- PASS: TestGitHubLockdownField/lockdown_explicitly_disabled (0.00s)
    --- PASS: TestGitHubLockdownField/lockdown_not_specified_(default_false) (0.00s)
    --- PASS: TestGitHubLockdownField/empty_github_config_(default_false) (0.00s)
    --- PASS: TestGitHubLockdownField/nil_github_config_(default_false) (0.00s)
=== RUN   TestGitHubToolConfigLockdownParsing
=== RUN   TestGitHubToolConfigLockdownParsing/lockdown_true_in_config
=== RUN   TestGitHubToolConfigLockdownParsing/lockdown_false_in_config
=== RUN   TestGitHubToolConfigLockdownParsing/lockdown_not_present
--- PASS: TestGitHubToolConfigLockdownParsing (0.00s)
    --- PASS: TestGitHubToolConfigLockdownParsing/lockdown_true_in_config (0.00s)
    --- PASS: TestGitHubToolConfigLockdownParsing/lockdown_false_in_config (0.00s)
    --- PASS: TestGitHubToolConfigLockdownParsing/lockdown_not_present (0.00s)
=== RUN   TestRenderGitHubMCPDockerConfigWithLockdown
=== RUN   TestRenderGitHubMCPDockerConfigWithLockdown/Docker_mode_with_lockdown_enabled
=== RUN   TestRenderGitHubMCPDockerConfigWithLockdown/Docker_mode_with_lockdown_disabled
=== RUN   TestRenderGitHubMCPDockerConfigWithLockdown/Docker_mode_with_lockdown_and_read-only_both_enabled
--- PASS: TestRenderGitHubMCPDockerConfigWithLockdown (0.00s)
    --- PASS: TestRenderGitHubMCPDockerConfigWithLockdown/Docker_mode_with_lockdown_enabled (0.00s)
    --- PASS: TestRenderGitHubMCPDockerConfigWithLockdown/Docker_mode_with_lockdown_disabled (0.00s)
    --- PASS: TestRenderGitHubMCPDockerConfigWithLockdown/Docker_mode_with_lockdown_and_read-only_both_enabled (0.00s)
=== RUN   TestRenderGitHubMCPRemoteConfigWithLockdown
=== RUN   TestRenderGitHubMCPRemoteConfigWithLockdown/Remote_mode_with_lockdown_enabled
=== RUN   TestRenderGitHubMCPRemoteConfigWithLockdown/Remote_mode_with_lockdown_disabled
=== RUN   TestRenderGitHubMCPRemoteConfigWithLockdown/Remote_mode_with_lockdown_and_read-only_both_enabled
--- PASS: TestRenderGitHubMCPRemoteConfigWithLockdown (0.00s)
    --- PASS: TestRenderGitHubMCPRemoteConfigWithLockdown/Remote_mode_with_lockdown_enabled (0.00s)
    --- PASS: TestRenderGitHubMCPRemoteConfigWithLockdown/Remote_mode_with_lockdown_disabled (0.00s)
    --- PASS: TestRenderGitHubMCPRemoteConfigWithLockdown/Remote_mode_with_lockdown_and_read-only_both_enabled (0.00s)
=== RUN   TestGitHubMCPAppTokenConfiguration
--- PASS: TestGitHubMCPAppTokenConfiguration (0.00s)
=== RUN   TestGitHubMCPAppTokenMintingStep
/tmp/TestGitHubMCPAppTokenMintingStep3227109822/001/test.md: warning: Missing required permissions for GitHub toolsets:
  - pull-requests: read (required by pull_requests)

To fix this, you can either:

Option 1: Add missing permissions to your workflow frontmatter:
permissions:
  pull-requests: read

See: https://github.com/github/gh-aw/blob/main/docs/src/content/docs/reference/permissions.md

Option 2: Reduce the required toolsets in your workflow:
Remove or adjust toolsets that require these permissions:
  - pull_requests

/tmp/TestGitHubMCPAppTokenMintingStep3227109822/001/test.md: info: Tip: set permissions.copilot-requests: write to use GitHub Actions token-based inference with the Copilot engine instead of a personal access token (COPILOT_GITHUB_TOKEN). This option requires that your organization has centralized Copilot billing enabled and may not be available in all organizations — see https://github.github.com/gh-aw/reference/billing/ for details.

✓ /tmp/TestGitHubMCPAppTokenMintingStep3227109822/001/test.md (77.3 KB)
--- PASS: TestGitHubMCPAppTokenMintingStep (0.01s)
=== RUN   TestGitHubMCPAppTokenAndGitHubTokenMutuallyExclusive
--- PASS: TestGitHubMCPAppTokenAndGitHubTokenMutuallyExclusive (0.00s)
=== RUN   TestGitHubMCPAppTokenWithRemoteMode
/tmp/TestGitHubMCPAppTokenWithRemoteMode4267785453/001/test.md: warning: Missing required permissions for GitHub toolsets:
  - issues: read (required by issues)
  - pull-requests: read (required by pull_requests)

To fix this, you can either:

Option 1: Add missing permissions to your workflow frontmatter:
permissions:
  issues: read
  pull-requests: read

See: https://github.com/github/gh-aw/blob/main/docs/src/content/docs/reference/permissions.md

Option 2: Reduce the required toolsets in your workflow:
Remove or adjust toolsets that require these permissions:
  - issues
  - pull_requests

/tmp/TestGitHubMCPAppTokenWithRemoteMode4267785453/001/test.md: warning: safe update mode detected unapproved changes

New restricted secret(s):
  - ANTHROPIC_API_KEY
  - APP_PRIVATE_KEY

Remediation options:
  1. Use the --approve flag to allow the changes.
  2. Revert the unapproved changes.
  3. Use an interactive coding agent to review and approve the changes.

✓ /tmp/TestGitHubMCPAppTokenWithRemoteMode4267785453/001/test.md (80.6 KB)
--- PASS: TestGitHubMCPAppTokenWithRemoteMode (0.01s)
=== RUN   TestGitHubMCPAppTokenOrgWide
/tmp/TestGitHubMCPAppTokenOrgWide3310900203/001/test.md: warning: Missing required permissions for GitHub toolsets:
  - pull-requests: read (required by pull_requests)

To fix this, you can either:

Option 1: Add missing permissions to your workflow frontmatter:
permissions:
  pull-requests: read

See: https://github.com/github/gh-aw/blob/main/docs/src/content/docs/reference/permissions.md

Option 2: Reduce the required toolsets in your workflow:
Remove or adjust toolsets that require these permissions:
  - pull_requests

/tmp/TestGitHubMCPAppTokenOrgWide3310900203/001/test.md: info: Tip: set permissions.copilot-requests: write to use GitHub Actions token-based inference with the Copilot engine instead of a personal access token (COPILOT_GITHUB_TOKEN). This option requires that your organization has centralized Copilot billing enabled and may not be available in all organizations — see https://github.github.com/gh-aw/reference/billing/ for details.

✓ /tmp/TestGitHubMCPAppTokenOrgWide3310900203/001/test.md (77.2 KB)
--- PASS: TestGitHubMCPAppTokenOrgWide (0.01s)
=== RUN   TestGitHubMCPAppTokenWithLockdownDetectionStep
/tmp/TestGitHubMCPAppTokenWithLockdownDetectionStep2175221116/001/test.md: warning: Missing required permissions for GitHub toolsets:
  - pull-requests: read (required by pull_requests)

To fix this, you can either:

Option 1: Add missing permissions to your workflow frontmatter:
permissions:
  pull-requests: read

See: https://github.com/github/gh-aw/blob/main/docs/src/content/docs/reference/permissions.md

Option 2: Reduce the required toolsets in your workflow:
Remove or adjust toolsets that require these permissions:
  - pull_requests

/tmp/TestGitHubMCPAppTokenWithLockdownDetectionStep2175221116/001/test.md: info: Tip: set permissions.copilot-requests: write to use GitHub Actions token-based inference with the Copilot engine instead of a personal access token (COPILOT_GITHUB_TOKEN). This option requires that your organization has centralized Copilot billing enabled and may not be available in all organizations — see https://github.github.com/gh-aw/reference/billing/ for details.

✓ /tmp/TestGitHubMCPAppTokenWithLockdownDetectionStep2175221116/001/test.md (77.3 KB)
--- PASS: TestGitHubMCPAppTokenWithLockdownDetectionStep (0.01s)
=== RUN   TestGitHubMCPAppTokenWithDependabotToolset
/tmp/TestGitHubMCPAppTokenWithDependabotToolset2649887987/001/test.md: info: Tip: set permissions.copilot-requests: write to use GitHub Actions token-based inference with the Copilot engine instead of a personal access token (COPILOT_GITHUB_TOKEN). This option requires that your organization has centralized Copilot billing enabled and may not be available in all organizations — see https://github.github.com/gh-aw/reference/billing/ for details.

✓ /tmp/TestGitHubMCPAppTokenWithDependabotToolset2649887987/001/test.md (77.3 KB)
--- PASS: TestGitHubMCPAppTokenWithDependabotToolset (0.02s)
=== RUN   TestGitHubMCPAppTokenWithExtraPermissions
/tmp/TestGitHubMCPAppTokenWithExtraPermissions3775291713/001/test.md: info: Tip: set permissions.copilot-requests: write to use GitHub Actions token-based inference with the Copilot engine instead of a personal access token (COPILOT_GITHUB_TOKEN). This option requires that your organization has centralized Copilot billing enabled and may not be available in all organizations — see https://github.github.com/gh-aw/reference/billing/ for details.

✓ /tmp/TestGitHubMCPAppTokenWithExtraPermissions3775291713/001/test.md (77.3 KB)
--- PASS: TestGitHubMCPAppTokenWithExtraPermissions (0.01s)
=== RUN   TestGitHubMCPAppTokenExtraPermissionsOverrideJobLevel
/tmp/TestGitHubMCPAppTokenExtraPermissionsOverrideJobLevel180300269/001/test.md: warning: Missing required permissions for GitHub toolsets:
  - pull-requests: read (required by pull_requests)

To fix this, you can either:

Option 1: Add missing permissions to your workflow frontmatter:
permissions:
  pull-requests: read

See: https://github.com/github/gh-aw/blob/main/docs/src/content/docs/reference/permissions.md

Option 2: Reduce the required toolsets in your workflow:
Remove or adjust toolsets that require these permissions:
  - pull_requests

/tmp/TestGitHubMCPAppTokenExtraPermissionsOverrideJobLevel180300269/001/test.md: info: Tip: set permissions.copilot-requests: write to use GitHub Actions token-based inference with the Copilot engine instead of a personal access token (COPILOT_GITHUB_TOKEN). This option requires that your organization has centralized Copilot billing enabled and may not be available in all organizations — see https://github.github.com/gh-aw/reference/billing/ for details.

✓ /tmp/TestGitHubMCPAppTokenExtraPermissionsOverrideJobLevel180300269/001/test.md (77.3 KB)
--- PASS: TestGitHubMCPAppTokenExtraPermissionsOverrideJobLevel (0.01s)
=== RUN   TestGitHubMCPAppTokenExtraPermissionsWriteRejected
--- PASS: TestGitHubMCPAppTokenExtraPermissionsWriteRejected (0.00s)
=== RUN   TestCheckoutAppTokensMintedInAgentJob
=== RUN   TestCheckoutAppTokensMintedInAgentJob/checkout.github-app_token_minted_in_agent_job
/tmp/TestCheckoutAppTokensMintedInAgentJobcheckout.github-app_token_1530781113/001/test.md: info: Tip: set permissions.copilot-requests: write to use GitHub Actions token-based inference with the Copilot engine instead of a personal access token (COPILOT_GITHUB_TOKEN). This option requires that your organization has centralized Copilot billing enabled and may not be available in all organizations — see https://github.github.com/gh-aw/reference/billing/ for details.

✓ /tmp/TestCheckoutAppTokensMintedInAgentJobcheckout.github-app_token_1530781113/001/test.md (80.2 KB)
=== RUN   TestCheckoutAppTokensMintedInAgentJob/top-level_github-app_fallback_for_checkout_minted_in_agent_job
/tmp/TestCheckoutAppTokensMintedInAgentJobtop-level_github-app_fallb1745758001/001/test.md: info: Tip: set permissions.copilot-requests: write to use GitHub Actions token-based inference with the Copilot engine instead of a personal access token (COPILOT_GITHUB_TOKEN). This option requires that your organization has centralized Copilot billing enabled and may not be available in all organizations — see https://github.github.com/gh-aw/reference/billing/ for details.

✓ /tmp/TestCheckoutAppTokensMintedInAgentJobtop-level_github-app_fallb1745758001/001/test.md (82.3 KB)
--- PASS: TestCheckoutAppTokensMintedInAgentJob (0.02s)
    --- PASS: TestCheckoutAppTokensMintedInAgentJob/checkout.github-app_token_minted_in_agent_job (0.01s)
    --- PASS: TestCheckoutAppTokensMintedInAgentJob/top-level_github-app_fallback_for_checkout_minted_in_agent_job (0.01s)
=== RUN   TestGitHubMCPAppTokenMintedInAgentJob
/tmp/TestGitHubMCPAppTokenMintedInAgentJob2233314998/001/test.md: warning: Missing required permissions for GitHub toolsets:
  - pull-requests: read (required by pull_requests)

To fix this, you can either:

Option 1: Add missing permissions to your workflow frontmatter:
permissions:
  pull-requests: read

See: https://github.com/github/gh-aw/blob/main/docs/src/content/docs/reference/permissions.md

Option 2: Reduce the required toolsets in your workflow:
Remove or adjust toolsets that require these permissions:
  - pull_requests

/tmp/TestGitHubMCPAppTokenMintedInAgentJob2233314998/001/test.md: info: Tip: set permissions.copilot-requests: write to use GitHub Actions token-based inference with the Copilot engine instead of a personal access token (COPILOT_GITHUB_TOKEN). This option requires that your organization has centralized Copilot billing enabled and may not be available in all organizations — see https://github.github.com/gh-aw/reference/billing/ for details.

✓ /tmp/TestGitHubMCPAppTokenMintedInAgentJob2233314998/001/test.md (77.2 KB)
--- PASS: TestGitHubMCPAppTokenMintedInAgentJob (0.01s)
=== RUN   TestGetGitHubReadOnly
--- PASS: TestGetGitHubReadOnly (0.00s)
=== RUN   TestRenderGitHubMCPRemoteConfig
=== RUN   TestRenderGitHubMCPRemoteConfig/Claude-style_config_without_tools_or_env
=== RUN   TestRenderGitHubMCPRemoteConfig/Claude-style_config_with_read-only
=== RUN   TestRenderGitHubMCPRemoteConfig/Copilot-style_config_with_tools_and_env
=== RUN   TestRenderGitHubMCPRemoteConfig/Copilot-style_config_with_wildcard_tools
=== RUN   TestRenderGitHubMCPRemoteConfig/Copilot-style_config_with_read-only_and_specific_tools
=== RUN   TestRenderGitHubMCPRemoteConfig/No_toolsets_configured
--- PASS: TestRenderGitHubMCPRemoteConfig (0.00s)
    --- PASS: TestRenderGitHubMCPRemoteConfig/Claude-style_config_without_tools_or_env (0.00s)
    --- PASS: TestRenderGitHubMCPRemoteConfig/Claude-style_config_with_read-only (0.00s)
    --- PASS: TestRenderGitHubMCPRemoteConfig/Copilot-style_config_with_tools_and_env (0.00s)
    --- PASS: TestRenderGitHubMCPRemoteConfig/Copilot-style_config_with_wildcard_tools (0.00s)
    --- PASS: TestRenderGitHubMCPRemoteConfig/Copilot-style_config_with_read-only_and_specific_tools (0.00s)
    --- PASS: TestRenderGitHubMCPRemoteConfig/No_toolsets_configured (0.00s)
=== RUN   TestRenderGitHubMCPRemoteConfigHeaderOrder
--- PASS: TestRenderGitHubMCPRemoteConfigHeaderOrder (0.00s)
=== RUN   TestRenderGitHubMCPRemoteConfigToolsCommas
--- PASS: TestRenderGitHubMCPRemoteConfigToolsCommas (0.00s)
=== RUN   TestGitHubRemoteModeConfiguration
=== RUN   TestGitHubRemoteModeConfiguration/Remote_mode_with_default_token
✓ /tmp/gh-aw-test-runs/20260704-173215-1254793/github-remote-test776404856/Remote mode with default token-workflow.md (79.7 KB)
=== RUN   TestGitHubRemoteModeConfiguration/Remote_mode_with_custom_token
✓ /tmp/gh-aw-test-runs/20260704-173215-1254793/github-remote-test776404856/Remote mode with custom token-workflow.md (79.7 KB)
=== RUN   TestGitHubRemoteModeConfiguration/Remote_mode_with_read-only
✓ /tmp/gh-aw-test-runs/20260704-173215-1254793/github-remote-test776404856/Remote mode with read-only-workflow.md (79.6 KB)
=== RUN   TestGitHubRemoteModeConfiguration/Local_mode_(default)
✓ /tmp/gh-aw-test-runs/20260704-173215-1254793/github-remote-test776404856/Local mode (default)-workflow.md (79.9 KB)
=== RUN   TestGitHubRemoteModeConfiguration/Copilot_remote_mode_with_default_token
/tmp/gh-aw-test-runs/20260704-173215-1254793/github-remote-test776404856/Copilot remote mode with default token-workflow.md: info: Tip: set permissions.copilot-requests: write to use GitHub Actions token-based inference with the Copilot engine instead of a personal access token (COPILOT_GITHUB_TOKEN). This option requires that your organization has centralized Copilot billing enabled and may not be available in all organizations — see https://github.github.com/gh-aw/reference/billing/ for details.

✓ /tmp/gh-aw-test-runs/20260704-173215-1254793/github-remote-test776404856/Copilot remote mode with default token-workflow.md (76.3 KB)
=== RUN   TestGitHubRemoteModeConfiguration/Copilot_remote_mode_with_read-only
/tmp/gh-aw-test-runs/20260704-173215-1254793/github-remote-test776404856/Copilot remote mode with read-only-workflow.md: info: Tip: set permissions.copilot-requests: write to use GitHub Actions token-based inference with the Copilot engine instead of a personal access token (COPILOT_GITHUB_TOKEN). This option requires that your organization has centralized Copilot billing enabled and may not be available in all organizations — see https://github.github.com/gh-aw/reference/billing/ for details.

✓ /tmp/gh-aw-test-runs/20260704-173215-1254793/github-remote-test776404856/Copilot remote mode with read-only-workflow.md (76.2 KB)
=== RUN   TestGitHubRemoteModeConfiguration/Codex_remote_mode_with_default_token
✓ /tmp/gh-aw-test-runs/20260704-173215-1254793/github-remote-test776404856/Codex remote mode with default token-workflow.md (77.9 KB)
=== RUN   TestGitHubRemoteModeConfiguration/Codex_remote_mode_with_custom_token
✓ /tmp/gh-aw-test-runs/20260704-173215-1254793/github-remote-test776404856/Codex remote mode with custom token-workflow.md (77.9 KB)
=== RUN   TestGitHubRemoteModeConfiguration/Codex_remote_mode_with_read-only
✓ /tmp/gh-aw-test-runs/20260704-173215-1254793/github-remote-test776404856/Codex remote mode with read-only-workflow.md (77.8 KB)
--- PASS: TestGitHubRemoteModeConfiguration (0.09s)
    --- PASS: TestGitHubRemoteModeConfiguration/Remote_mode_with_default_token (0.01s)
    --- PASS: TestGitHubRemoteModeConfiguration/Remote_mode_with_custom_token (0.01s)
    --- PASS: TestGitHubRemoteModeConfiguration/Remote_mode_with_read-only (0.01s)
    --- PASS: TestGitHubRemoteModeConfiguration/Local_mode_(default) (0.01s)
    --- PASS: TestGitHubRemoteModeConfiguration/Copilot_remote_mode_with_default_token (0.01s)
    --- PASS: TestGitHubRemoteModeConfiguration/Copilot_remote_mode_with_read-only (0.01s)
    --- PASS: TestGitHubRemoteModeConfiguration/Codex_remote_mode_with_default_token (0.01s)
    --- PASS: TestGitHubRemoteModeConfiguration/Codex_remote_mode_with_custom_token (0.01s)
    --- PASS: TestGitHubRemoteModeConfiguration/Codex_remote_mode_with_read-only (0.01s)
=== RUN   TestGitHubRemoteModeHelperFunctions
=== RUN   TestGitHubRemoteModeHelperFunctions/getGitHubType_extracts_mode_correctly
=== RUN   TestGitHubRemoteModeHelperFunctions/getGitHubType_returns_default_local_when_no_mode
=== RUN   TestGitHubRemoteModeHelperFunctions/getGitHubType_normalizes_explicit_type
=== RUN   TestGitHubRemoteModeHelperFunctions/getGitHubType_normalizes_explicit_local_type
=== RUN   TestGitHubRemoteModeHelperFunctions/getGitHubType_falls_back_to_local_for_invalid_type_and_mode
=== RUN   TestGitHubRemoteModeHelperFunctions/getGitHubToken_extracts_custom_token_correctly
=== RUN   TestGitHubRemoteModeHelperFunctions/getGitHubToken_returns_empty_string_when_no_token
--- PASS: TestGitHubRemoteModeHelperFunctions (0.00s)
    --- PASS: TestGitHubRemoteModeHelperFunctions/getGitHubType_extracts_mode_correctly (0.00s)
    --- PASS: TestGitHubRemoteModeHelperFunctions/getGitHubType_returns_default_local_when_no_mode (0.00s)
    --- PASS: TestGitHubRemoteModeHelperFunctions/getGitHubType_normalizes_explicit_type (0.00s)
    --- PASS: TestGitHubRemoteModeHelperFunctions/getGitHubType_normalizes_explicit_local_type (0.00s)
    --- PASS: TestGitHubRemoteModeHelperFunctions/getGitHubType_falls_back_to_local_for_invalid_type_and_mode (0.00s)
    --- PASS: TestGitHubRemoteModeHelperFunctions/getGitHubToken_extracts_custom_token_correctly (0.00s)
    --- PASS: TestGitHubRemoteModeHelperFunctions/getGitHubToken_returns_empty_string_when_no_token (0.00s)
=== RUN   TestCopilotGitHubRemotePersonalAccessTokenExport
/tmp/gh-aw-test-runs/20260704-173215-1254793/copilot-github-remote-pat-test92505550/copilot-github-remote-pat-workflow.md: info: Tip: set permissions.copilot-requests: write to use GitHub Actions token-based inference with the Copilot engine instead of a personal access token (COPILOT_GITHUB_TOKEN). This option requires that your organization has centralized Copilot billing enabled and may not be available in all organizations — see https://github.github.com/gh-aw/reference/billing/ for details.

✓ /tmp/gh-aw-test-runs/20260704-173215-1254793/copilot-github-remote-pat-test92505550/copilot-github-remote-pat-workflow.md (76.1 KB)
--- PASS: TestCopilotGitHubRemotePersonalAccessTokenExport (0.01s)
=== RUN   TestClaudeGitHubRemoteNoPersonalAccessToken
✓ /tmp/gh-aw-test-runs/20260704-173215-1254793/claude-github-remote-no-pat-test2003944655/claude-github-remote-no-pat-workflow.md (79.8 KB)
--- PASS: TestClaudeGitHubRemoteNoPersonalAccessToken (0.01s)
=== RUN   TestGetEffectiveGitHubToken
=== RUN   TestGetEffectiveGitHubToken/custom_token_has_highest_precedence
=== RUN   TestGetEffectiveGitHubToken/default_fallback_includes_GH_AW_GITHUB_MCP_SERVER_TOKEN_(for_MCP_and_tools)
--- PASS: TestGetEffectiveGitHubToken (0.00s)
    --- PASS: TestGetEffectiveGitHubToken/custom_token_has_highest_precedence (0.00s)
    --- PASS: TestGetEffectiveGitHubToken/default_fallback_includes_GH_AW_GITHUB_MCP_SERVER_TOKEN_(for_MCP_and_tools) (0.00s)
=== RUN   TestGetEffectiveSafeOutputGitHubToken
=== RUN   TestGetEffectiveSafeOutputGitHubToken/custom_token_has_highest_precedence
=== RUN   TestGetEffectiveSafeOutputGitHubToken/default_fallback_includes_GH_AW_GITHUB_TOKEN_(safe_outputs_chain)
--- PASS: TestGetEffectiveSafeOutputGitHubToken (0.00s)
    --- PASS: TestGetEffectiveSafeOutputGitHubToken/custom_token_has_highest_precedence (0.00s)
    --- PASS: TestGetEffectiveSafeOutputGitHubToken/default_fallback_includes_GH_AW_GITHUB_TOKEN_(safe_outputs_chain) (0.00s)
=== RUN   TestGetEffectiveCopilotGitHubToken
=== RUN   TestGetEffectiveCopilotGitHubToken/custom_token_has_highest_precedence
=== RUN   TestGetEffectiveCopilotGitHubToken/default_fallback_for_Copilot
--- PASS: TestGetEffectiveCopilotGitHubToken (0.00s)
    --- PASS: TestGetEffectiveCopilotGitHubToken/custom_token_has_highest_precedence (0.00s)
    --- PASS: TestGetEffectiveCopilotGitHubToken/default_fallback_for_Copilot (0.00s)
=== RUN   TestGetEffectiveAgentGitHubToken
=== RUN   TestGetEffectiveAgentGitHubToken/custom_token_has_highest_precedence
=== RUN   TestGetEffectiveAgentGitHubToken/default_fallback_chain_for_agent_operations
--- PASS: TestGetEffectiveAgentGitHubToken (0.00s)
    --- PASS: TestGetEffectiveAgentGitHubToken/custom_token_has_highest_precedence (0.00s)
    --- PASS: TestGetEffectiveAgentGitHubToken/default_fallback_chain_for_agent_operations (0.00s)
=== RUN   TestGetEffectiveCITriggerGitHubToken
=== RUN   TestGetEffectiveCITriggerGitHubToken/custom_token_has_highest_precedence
=== RUN   TestGetEffectiveCITriggerGitHubToken/default_fallback_for_CI_trigger_operations
--- PASS: TestGetEffectiveCITriggerGitHubToken (0.00s)
    --- PASS: TestGetEffectiveCITriggerGitHubToken/custom_token_has_highest_precedence (0.00s)
    --- PASS: TestGetEffectiveCITriggerGitHubToken/default_fallback_for_CI_trigger_operations (0.00s)
=== RUN   TestCombineTokenExpressions
=== RUN   TestCombineTokenExpressions/combines_wrapped_expressions
=== RUN   TestCombineTokenExpressions/trims_whitespace_and_unwrapped_expressions
--- PASS: TestCombineTokenExpressions (0.00s)
    --- PASS: TestCombineTokenExpressions/combines_wrapped_expressions (0.00s)
    --- PASS: TestCombineTokenExpressions/trims_whitespace_and_unwrapped_expressions (0.00s)
=== RUN   TestValidateGitHubToolsAgainstToolsets
=== RUN   TestValidateGitHubToolsAgainstToolsets/No_allowed_tools_-_validation_passes
=== RUN   TestValidateGitHubToolsAgainstToolsets/Nil_allowed_tools_-_validation_passes
=== RUN   TestValidateGitHubToolsAgainstToolsets/All_tools_have_corresponding_toolsets_enabled
=== RUN   TestValidateGitHubToolsAgainstToolsets/Mix_of_toolsets_all_enabled
=== RUN   TestValidateGitHubToolsAgainstToolsets/Default_toolset_includes_required_toolset
=== RUN   TestValidateGitHubToolsAgainstToolsets/All_toolset_enables_everything
=== RUN   TestValidateGitHubToolsAgainstToolsets/Missing_single_toolset
=== RUN   TestValidateGitHubToolsAgainstToolsets/Missing_multiple_toolsets
=== RUN   TestValidateGitHubToolsAgainstToolsets/Missing_toolset_for_pull_request_tools
=== RUN   TestValidateGitHubToolsAgainstToolsets/Unknown_tool_is_ignored
=== RUN   TestValidateGitHubToolsAgainstToolsets/Mix_of_known_and_unknown_tools
=== RUN   TestValidateGitHubToolsAgainstToolsets/Actions_toolset_tools
=== RUN   TestValidateGitHubToolsAgainstToolsets/actions_run_trigger_belongs_to_actions_toolset
=== RUN   TestValidateGitHubToolsAgainstToolsets/Actions_toolset_missing
=== RUN   TestValidateGitHubToolsAgainstToolsets/actions_run_trigger_fails_without_actions_toolset
=== RUN   TestValidateGitHubToolsAgainstToolsets/Discussions_and_gists_toolsets
=== RUN   TestValidateGitHubToolsAgainstToolsets/Security-related_toolsets
=== RUN   TestValidateGitHubToolsAgainstToolsets/Users_and_context_toolsets
=== RUN   TestValidateGitHubToolsAgainstToolsets/get_me_belongs_to_context_toolset
=== RUN   TestValidateGitHubToolsAgainstToolsets/get_me_fails_without_context_toolset
=== RUN   TestValidateGitHubToolsAgainstToolsets/list_label_belongs_to_labels_toolset
=== RUN   TestValidateGitHubToolsAgainstToolsets/list_label_fails_without_labels_toolset
=== RUN   TestValidateGitHubToolsAgainstToolsets/Search_toolset
--- PASS: TestValidateGitHubToolsAgainstToolsets (0.00s)
    --- PASS: TestValidateGitHubToolsAgainstToolsets/No_allowed_tools_-_validation_passes (0.00s)
    --- PASS: TestValidateGitHubToolsAgainstToolsets/Nil_allowed_tools_-_validation_passes (0.00s)
    --- PASS: TestValidateGitHubToolsAgainstToolsets/All_tools_have_corresponding_toolsets_enabled (0.00s)
    --- PASS: TestValidateGitHubToolsAgainstToolsets/Mix_of_toolsets_all_enabled (0.00s)
    --- PASS: TestValidateGitHubToolsAgainstToolsets/Default_toolset_includes_required_toolset (0.00s)
    --- PASS: TestValidateGitHubToolsAgainstToolsets/All_toolset_enables_everything (0.00s)
    --- PASS: TestValidateGitHubToolsAgainstToolsets/Missing_single_toolset (0.00s)
    --- PASS: TestValidateGitHubToolsAgainstToolsets/Missing_multiple_toolsets (0.00s)
    --- PASS: TestValidateGitHubToolsAgainstToolsets/Missing_toolset_for_pull_request_tools (0.00s)
    --- PASS: TestValidateGitHubToolsAgainstToolsets/Unknown_tool_is_ignored (0.00s)
    --- PASS: TestValidateGitHubToolsAgainstToolsets/Mix_of_known_and_unknown_tools (0.00s)
    --- PASS: TestValidateGitHubToolsAgainstToolsets/Actions_toolset_tools (0.00s)
    --- PASS: TestValidateGitHubToolsAgainstToolsets/actions_run_trigger_belongs_to_actions_toolset (0.00s)
    --- PASS: TestValidateGitHubToolsAgainstToolsets/Actions_toolset_missing (0.00s)
    --- PASS: TestValidateGitHubToolsAgainstToolsets/actions_run_trigger_fails_without_actions_toolset (0.00s)
    --- PASS: TestValidateGitHubToolsAgainstToolsets/Discussions_and_gists_toolsets (0.00s)
    --- PASS: TestValidateGitHubToolsAgainstToolsets/Security-related_toolsets (0.00s)
    --- PASS: TestValidateGitHubToolsAgainstToolsets/Users_and_context_toolsets (0.00s)
    --- PASS: TestValidateGitHubToolsAgainstToolsets/get_me_belongs_to_context_toolset (0.00s)
    --- PASS: TestValidateGitHubToolsAgainstToolsets/get_me_fails_without_context_toolset (0.00s)
    --- PASS: TestValidateGitHubToolsAgainstToolsets/list_label_belongs_to_labels_toolset (0.00s)
    --- PASS: TestValidateGitHubToolsAgainstToolsets/list_label_fails_without_labels_toolset (0.00s)
    --- PASS: TestValidateGitHubToolsAgainstToolsets/Search_toolset (0.00s)
=== RUN   TestGitHubToolsetValidationError_Error
=== RUN   TestGitHubToolsetValidationError_Error/Single_missing_toolset_with_single_tool
=== RUN   TestGitHubToolsetValidationError_Error/Single_missing_toolset_with_multiple_tools
=== RUN   TestGitHubToolsetValidationError_Error/Multiple_missing_toolsets
--- PASS: TestGitHubToolsetValidationError_Error (0.00s)
    --- PASS: TestGitHubToolsetValidationError_Error/Single_missing_toolset_with_single_tool (0.00s)
    --- PASS: TestGitHubToolsetValidationError_Error/Single_missing_toolset_with_multiple_tools (0.00s)
    --- PASS: TestGitHubToolsetValidationError_Error/Multiple_missing_toolsets (0.00s)
=== RUN   TestGitHubToolToToolsetMap_Completeness
--- PASS: TestGitHubToolToToolsetMap_Completeness (0.00s)
=== RUN   TestGitHubToolToToolsetMap_IncludesDefaultGitHubTools
--- PASS: TestGitHubToolToToolsetMap_IncludesDefaultGitHubTools (0.00s)
=== RUN   TestGitHubToolToToolsetMap_ConsistencyWithDocumentation
--- PASS: TestGitHubToolToToolsetMap_ConsistencyWithDocumentation (0.00s)
=== RUN   TestValidateGitHubToolsDidYouMean
=== RUN   TestValidateGitHubToolsDidYouMean/typo_issue_raed_suggests_issue_read
=== RUN   TestValidateGitHubToolsDidYouMean/typo_crate_issue_suggests_create_issue
=== RUN   TestValidateGitHubToolsDidYouMean/typo_get_repositry_suggests_get_repository
=== RUN   TestValidateGitHubToolsDidYouMean/typo_actions_lst_suggests_actions_list
=== RUN   TestValidateGitHubToolsDidYouMean/typo_serch_code_suggests_search_code
=== RUN   TestValidateGitHubToolsDidYouMean/completely_wrong_tool_gets_no_suggestion
--- PASS: TestValidateGitHubToolsDidYouMean (0.00s)
    --- PASS: TestValidateGitHubToolsDidYouMean/typo_issue_raed_suggests_issue_read (0.00s)
    --- PASS: TestValidateGitHubToolsDidYouMean/typo_crate_issue_suggests_create_issue (0.00s)
    --- PASS: TestValidateGitHubToolsDidYouMean/typo_get_repositry_suggests_get_repository (0.00s)
    --- PASS: TestValidateGitHubToolsDidYouMean/typo_actions_lst_suggests_actions_list (0.00s)
    --- PASS: TestValidateGitHubToolsDidYouMean/typo_serch_code_suggests_search_code (0.00s)
    --- PASS: TestValidateGitHubToolsDidYouMean/completely_wrong_tool_gets_no_suggestion (0.00s)
=== RUN   TestValidateGitHubToolsMultipleUnknown
--- PASS: TestValidateGitHubToolsMultipleUnknown (0.00s)
=== RUN   TestGitHubToolsModeSeparation
--- PASS: TestGitHubToolsModeSeparation (0.00s)
=== RUN   TestApplyDefaultToolsNoLongerAddsDefaults
=== RUN   TestApplyDefaultToolsNoLongerAddsDefaults/Local_mode_(default)_-_no_allowed_field_added
=== RUN   TestApplyDefaultToolsNoLongerAddsDefaults/Explicit_local_mode_-_no_allowed_field_added
=== RUN   TestApplyDefaultToolsNoLongerAddsDefaults/Remote_mode_-_no_allowed_field_added
=== RUN   TestApplyDefaultToolsNoLongerAddsDefaults/Explicit_allowed_tools_are_preserved
--- PASS: TestApplyDefaultToolsNoLongerAddsDefaults (0.00s)
    --- PASS: TestApplyDefaultToolsNoLongerAddsDefaults/Local_mode_(default)_-_no_allowed_field_added (0.00s)
    --- PASS: TestApplyDefaultToolsNoLongerAddsDefaults/Explicit_local_mode_-_no_allowed_field_added (0.00s)
    --- PASS: TestApplyDefaultToolsNoLongerAddsDefaults/Remote_mode_-_no_allowed_field_added (0.00s)
    --- PASS: TestApplyDefaultToolsNoLongerAddsDefaults/Explicit_allowed_tools_are_preserved (0.00s)
=== RUN   TestExpandDefaultToolset
=== RUN   TestExpandDefaultToolset/Empty_string_returns_action-friendly
=== RUN   TestExpandDefaultToolset/Default_expands_to_action-friendly_toolsets
=== RUN   TestExpandDefaultToolset/Specific_toolsets_unchanged
=== RUN   TestExpandDefaultToolset/Default_plus_additional
=== RUN   TestExpandDefaultToolset/Default_with_users_explicitly_added
=== RUN   TestExpandDefaultToolset/Action-friendly_expands_to_action-friendly_toolsets
=== RUN   TestExpandDefaultToolset/All_keyword_preserved
=== RUN   TestExpandDefaultToolset/Multiple_defaults_deduplicated
=== RUN   TestExpandDefaultToolset/Default_in_middle
=== RUN   TestExpandDefaultToolset/Whitespace_handling
--- PASS: TestExpandDefaultToolset (0.00s)
    --- PASS: TestExpandDefaultToolset/Empty_string_returns_action-friendly (0.00s)
    --- PASS: TestExpandDefaultToolset/Default_expands_to_action-friendly_toolsets (0.00s)
    --- PASS: TestExpandDefaultToolset/Specific_toolsets_unchanged (0.00s)
    --- PASS: TestExpandDefaultToolset/Default_plus_additional (0.00s)
    --- PASS: TestExpandDefaultToolset/Default_with_users_explicitly_added (0.00s)
    --- PASS: TestExpandDefaultToolset/Action-friendly_expands_to_action-friendly_toolsets (0.00s)
    --- PASS: TestExpandDefaultToolset/All_keyword_preserved (0.00s)
    --- PASS: TestExpandDefaultToolset/Multiple_defaults_deduplicated (0.00s)
    --- PASS: TestExpandDefaultToolset/Default_in_middle (0.00s)
    --- PASS: TestExpandDefaultToolset/Whitespace_handling (0.00s)
=== RUN   TestGetGitHubToolsetsExpandsDefault
=== RUN   TestGetGitHubToolsetsExpandsDefault/No_toolsets_configured_defaults_to_action-friendly
=== RUN   TestGetGitHubToolsetsExpandsDefault/Default_as_array_expands_to_action-friendly
=== RUN   TestGetGitHubToolsetsExpandsDefault/Default_with_additional_toolsets
=== RUN   TestGetGitHubToolsetsExpandsDefault/Specific_toolsets_unchanged
=== RUN   TestGetGitHubToolsetsExpandsDefault/Action-friendly_expands_to_action-friendly_toolsets
=== RUN   TestGetGitHubToolsetsExpandsDefault/All_keyword_preserved
--- PASS: TestGetGitHubToolsetsExpandsDefault (0.00s)
    --- PASS: TestGetGitHubToolsetsExpandsDefault/No_toolsets_configured_defaults_to_action-friendly (0.00s)
    --- PASS: TestGetGitHubToolsetsExpandsDefault/Default_as_array_expands_to_action-friendly (0.00s)
    --- PASS: TestGetGitHubToolsetsExpandsDefault/Default_with_additional_toolsets (0.00s)
    --- PASS: TestGetGitHubToolsetsExpandsDefault/Specific_toolsets_unchanged (0.00s)
    --- PASS: TestGetGitHubToolsetsExpandsDefault/Action-friendly_expands_to_action-friendly_toolsets (0.00s)
    --- PASS: TestGetGitHubToolsetsExpandsDefault/All_keyword_preserved (0.00s)
=== RUN   TestGetGitHubToolsets
=== RUN   TestGetGitHubToolsets/No_toolsets_configured
=== RUN   TestGetGitHubToolsets/Toolsets_as_array_of_strings
=== RUN   TestGetGitHubToolsets/Toolsets_as_array_of_any
=== RUN   TestGetGitHubToolsets/Special_'all'_toolset_as_array
=== RUN   TestGetGitHubToolsets/Special_'default'_toolset_as_array_-_expands_to_action-friendly
=== RUN   TestGetGitHubToolsets/Default_with_additional_toolsets_-_expands_default_to_action-friendly
=== RUN   TestGetGitHubToolsets/Nil_map_input_returns_action-friendly
--- PASS: TestGetGitHubToolsets (0.00s)
    --- PASS: TestGetGitHubToolsets/No_toolsets_configured (0.00s)
    --- PASS: TestGetGitHubToolsets/Toolsets_as_array_of_strings (0.00s)
    --- PASS: TestGetGitHubToolsets/Toolsets_as_array_of_any (0.00s)
    --- PASS: TestGetGitHubToolsets/Special_'all'_toolset_as_array (0.00s)
    --- PASS: TestGetGitHubToolsets/Special_'default'_toolset_as_array_-_expands_to_action-friendly (0.00s)
    --- PASS: TestGetGitHubToolsets/Default_with_additional_toolsets_-_expands_default_to_action-friendly (0.00s)
    --- PASS: TestGetGitHubToolsets/Nil_map_input_returns_action-friendly (0.00s)
=== RUN   TestClaudeEngineGitHubToolsetsRendering
=== RUN   TestClaudeEngineGitHubToolsetsRendering/Toolsets_configured_with_array
=== RUN   TestClaudeEngineGitHubToolsetsRendering/No_toolsets_configured
=== RUN   TestClaudeEngineGitHubToolsetsRendering/All_toolset_as_array
=== RUN   TestClaudeEngineGitHubToolsetsRendering/Default_toolset_as_array_-_expands_to_action-friendly
=== RUN   TestClaudeEngineGitHubToolsetsRendering/Default_with_additional_toolsets_-_expands_default
--- PASS: TestClaudeEngineGitHubToolsetsRendering (0.00s)
    --- PASS: TestClaudeEngineGitHubToolsetsRendering/Toolsets_configured_with_array (0.00s)
    --- PASS: TestClaudeEngineGitHubToolsetsRendering/No_toolsets_configured (0.00s)
    --- PASS: TestClaudeEngineGitHubToolsetsRendering/All_toolset_as_array (0.00s)
    --- PASS: TestClaudeEngineGitHubToolsetsRendering/Default_toolset_as_array_-_expands_to_action-friendly (0.00s)
    --- PASS: TestClaudeEngineGitHubToolsetsRendering/Default_with_additional_toolsets_-_expands_default (0.00s)
=== RUN   TestCopilotEngineGitHubToolsetsRendering
=== RUN   TestCopilotEngineGitHubToolsetsRendering/Toolsets_configured_with_array
=== RUN   TestCopilotEngineGitHubToolsetsRendering/No_toolsets_configured
=== RUN   TestCopilotEngineGitHubToolsetsRendering/Default_toolset_as_array_-_expands_to_action-friendly
=== RUN   TestCopilotEngineGitHubToolsetsRendering/Default_with_additional_toolsets_-_expands_default
--- PASS: TestCopilotEngineGitHubToolsetsRendering (0.00s)
    --- PASS: TestCopilotEngineGitHubToolsetsRendering/Toolsets_configured_with_array (0.00s)
    --- PASS: TestCopilotEngineGitHubToolsetsRendering/No_toolsets_configured (0.00s)
    --- PASS: TestCopilotEngineGitHubToolsetsRendering/Default_toolset_as_array_-_expands_to_action-friendly (0.00s)
    --- PASS: TestCopilotEngineGitHubToolsetsRendering/Default_with_additional_toolsets_-_expands_default (0.00s)
=== RUN   TestCodexEngineGitHubToolsetsRendering
=== RUN   TestCodexEngineGitHubToolsetsRendering/Toolsets_configured_with_array
=== RUN   TestCodexEngineGitHubToolsetsRendering/No_toolsets_configured
=== RUN   TestCodexEngineGitHubToolsetsRendering/Default_toolset_as_array_-_expands_to_action-friendly
=== RUN   TestCodexEngineGitHubToolsetsRendering/Default_with_additional_toolsets_-_expands_default
--- PASS: TestCodexEngineGitHubToolsetsRendering (0.00s)
    --- PASS: TestCodexEngineGitHubToolsetsRendering/Toolsets_configured_with_array (0.00s)
    --- PASS: TestCodexEngineGitHubToolsetsRendering/No_toolsets_configured (0.00s)
    --- PASS: TestCodexEngineGitHubToolsetsRendering/Default_toolset_as_array_-_expands_to_action-friendly (0.00s)
    --- PASS: TestCodexEngineGitHubToolsetsRendering/Default_with_additional_toolsets_-_expands_default (0.00s)
=== RUN   TestGitHubToolsetsWithOtherConfiguration
=== RUN   TestGitHubToolsetsWithOtherConfiguration/Toolsets_with_read-only_mode
=== RUN   TestGitHubToolsetsWithOtherConfiguration/Toolsets_with_custom_token
=== RUN   TestGitHubToolsetsWithOtherConfiguration/Toolsets_with_custom_Docker_version
--- PASS: TestGitHubToolsetsWithOtherConfiguration (0.00s)
    --- PASS: TestGitHubToolsetsWithOtherConfiguration/Toolsets_with_read-only_mode (0.00s)
    --- PASS: TestGitHubToolsetsWithOtherConfiguration/Toolsets_with_custom_token (0.00s)
    --- PASS: TestGitHubToolsetsWithOtherConfiguration/Toolsets_with_custom_Docker_version (0.00s)
=== RUN   TestDefaultGitHubToolsets
--- PASS: TestDefaultGitHubToolsets (0.00s)
=== RUN   TestActionFriendlyGitHubToolsets
--- PASS: TestActionFriendlyGitHubToolsets (0.00s)
=== RUN   TestParseGitHubToolsets
=== RUN   TestParseGitHubToolsets/Empty_string_returns_default
=== RUN   TestParseGitHubToolsets/Default_expands_to_default_toolsets
=== RUN   TestParseGitHubToolsets/Specific_toolsets
=== RUN   TestParseGitHubToolsets/Default_plus_additional
=== RUN   TestParseGitHubToolsets/All_expands_to_all_toolsets_except_excluded_ones
=== RUN   TestParseGitHubToolsets/Deduplication
=== RUN   TestParseGitHubToolsets/Whitespace_handling
=== RUN   TestParseGitHubToolsets/Single_toolset
=== RUN   TestParseGitHubToolsets/Multiple_with_default_in_middle
=== RUN   TestParseGitHubToolsets/Action-friendly_expands_to_action-friendly_toolsets
=== RUN   TestParseGitHubToolsets/Action-friendly_plus_additional
--- PASS: TestParseGitHubToolsets (0.00s)
    --- PASS: TestParseGitHubToolsets/Empty_string_returns_default (0.00s)
    --- PASS: TestParseGitHubToolsets/Default_expands_to_default_toolsets (0.00s)
    --- PASS: TestParseGitHubToolsets/Specific_toolsets (0.00s)
    --- PASS: TestParseGitHubToolsets/Default_plus_additional (0.00s)
    --- PASS: TestParseGitHubToolsets/All_expands_to_all_toolsets_except_excluded_ones (0.00s)
    --- PASS: TestParseGitHubToolsets/Deduplication (0.00s)
    --- PASS: TestParseGitHubToolsets/Whitespace_handling (0.00s)
    --- PASS: TestParseGitHubToolsets/Single_toolset (0.00s)
    --- PASS: TestParseGitHubToolsets/Multiple_with_default_in_middle (0.00s)
    --- PASS: TestParseGitHubToolsets/Action-friendly_expands_to_action-friendly_toolsets (0.00s)
    --- PASS: TestParseGitHubToolsets/Action-friendly_plus_additional (0.00s)
=== RUN   TestParseGitHubToolsetsPreservesOrder
--- PASS: TestParseGitHubToolsetsPreservesOrder (0.00s)
=== RUN   TestParseGitHubToolsetsDeduplication
=== RUN   TestParseGitHubToolsetsDeduplication/Duplicate_in_simple_list
=== RUN   TestParseGitHubToolsetsDeduplication/Default_includes_duplicates
=== RUN   TestParseGitHubToolsetsDeduplication/All_with_duplicates
--- PASS: TestParseGitHubToolsetsDeduplication (0.00s)
    --- PASS: TestParseGitHubToolsetsDeduplication/Duplicate_in_simple_list (0.00s)
    --- PASS: TestParseGitHubToolsetsDeduplication/Default_includes_duplicates (0.00s)
    --- PASS: TestParseGitHubToolsetsDeduplication/All_with_duplicates (0.00s)
=== RUN   TestHasExplicitGitHubTool
=== RUN   TestHasExplicitGitHubTool/nil_tools_-_no_explicit_github
=== RUN   TestHasExplicitGitHubTool/empty_tools_-_no_explicit_github
=== RUN   TestHasExplicitGitHubTool/tools_with_github_key_-_explicit
=== RUN   TestHasExplicitGitHubTool/tools_with_github_nil_value_-_explicit
=== RUN   TestHasExplicitGitHubTool/tools_with_github_false_-_explicit
=== RUN   TestHasExplicitGitHubTool/tools_with_other_tools_but_no_github_-_not_explicit
=== RUN   TestHasExplicitGitHubTool/tools_with_github_and_other_tools_-_explicit
--- PASS: TestHasExplicitGitHubTool (0.00s)
    --- PASS: TestHasExplicitGitHubTool/nil_tools_-_no_explicit_github (0.00s)
    --- PASS: TestHasExplicitGitHubTool/empty_tools_-_no_explicit_github (0.00s)
    --- PASS: TestHasExplicitGitHubTool/tools_with_github_key_-_explicit (0.00s)
    --- PASS: TestHasExplicitGitHubTool/tools_with_github_nil_value_-_explicit (0.00s)
    --- PASS: TestHasExplicitGitHubTool/tools_with_github_false_-_explicit (0.00s)
    --- PASS: TestHasExplicitGitHubTool/tools_with_other_tools_but_no_github_-_not_explicit (0.00s)
    --- PASS: TestHasExplicitGitHubTool/tools_with_github_and_other_tools_-_explicit (0.00s)
=== RUN   TestHasExplicitGitHubToolInWorkflowData
=== RUN   TestHasExplicitGitHubToolInWorkflowData/no_tools_section
=== RUN   TestHasExplicitGitHubToolInWorkflowData/tools_with_github
=== RUN   TestHasExplicitGitHubToolInWorkflowData/tools_without_github
=== RUN   TestHasExplicitGitHubToolInWorkflowData/github_disabled_explicitly
--- PASS: TestHasExplicitGitHubToolInWorkflowData (0.01s)
    --- PASS: TestHasExplicitGitHubToolInWorkflowData/no_tools_section (0.00s)
    --- PASS: TestHasExplicitGitHubToolInWorkflowData/tools_with_github (0.00s)
    --- PASS: TestHasExplicitGitHubToolInWorkflowData/tools_without_github (0.00s)
    --- PASS: TestHasExplicitGitHubToolInWorkflowData/github_disabled_explicitly (0.00s)
=== RUN   TestPermissionValidationSkippedWhenGitHubAutoAdded
=== RUN   TestPermissionValidationSkippedWhenGitHubAutoAdded/no_permissions,_no_explicit_github_-_validate
=== RUN   TestPermissionValidationSkippedWhenGitHubAutoAdded/has_permissions,_no_explicit_github_-_skip_validation
=== RUN   TestPermissionValidationSkippedWhenGitHubAutoAdded/has_permissions,_explicit_github_-_validate
=== RUN   TestPermissionValidationSkippedWhenGitHubAutoAdded/no_permissions,_explicit_github_-_validate
--- PASS: TestPermissionValidationSkippedWhenGitHubAutoAdded (0.00s)
    --- PASS: TestPermissionValidationSkippedWhenGitHubAutoAdded/no_permissions,_no_explicit_github_-_validate (0.00s)
    --- PASS: TestPermissionValidationSkippedWhenGitHubAutoAdded/has_permissions,_no_explicit_github_-_skip_validation (0.00s)
    --- PASS: TestPermissionValidationSkippedWhenGitHubAutoAdded/has_permissions,_explicit_github_-_validate (0.00s)
    --- PASS: TestPermissionValidationSkippedWhenGitHubAutoAdded/no_permissions,_explicit_github_-_validate (0.00s)
=== RUN   TestGenerateWorkflowHeader_VersionInDevBuild
--- PASS: TestGenerateWorkflowHeader_VersionInDevBuild (0.00s)
=== RUN   TestGenerateWorkflowHeader_VersionInReleaseBuild
--- PASS: TestGenerateWorkflowHeader_VersionInReleaseBuild (0.00s)
=== RUN   TestGenerateWorkflowHeader_DirtyVersion
--- PASS: TestGenerateWorkflowHeader_DirtyVersion (0.00s)
=== RUN   TestGenerateWorkflowHeader_GitHashVersion
--- PASS: TestGenerateWorkflowHeader_GitHashVersion (0.00s)
=== RUN   TestGenerateWorkflowHeader_EmptyVersion
--- PASS: TestGenerateWorkflowHeader_EmptyVersion (0.00s)
=== RUN   TestGenerateWorkflowHeader_NoGeneratedBy
--- PASS: TestGenerateWorkflowHeader_NoGeneratedBy (0.00s)
=== RUN   TestGenerateWorkflowHeader_WithReleaseFlag
=== RUN   TestGenerateWorkflowHeader_WithReleaseFlag/Release_build_with_valid_version
=== RUN   TestGenerateWorkflowHeader_WithReleaseFlag/Dev_build_with_valid_version
=== RUN   TestGenerateWorkflowHeader_WithReleaseFlag/Dev_build_with_dev_version
=== RUN   TestGenerateWorkflowHeader_WithReleaseFlag/Release_build_with_dev_version
--- PASS: TestGenerateWorkflowHeader_WithReleaseFlag (0.00s)
    --- PASS: TestGenerateWorkflowHeader_WithReleaseFlag/Release_build_with_valid_version (0.00s)
    --- PASS: TestGenerateWorkflowHeader_WithReleaseFlag/Dev_build_with_valid_version (0.00s)
    --- PASS: TestGenerateWorkflowHeader_WithReleaseFlag/Dev_build_with_dev_version (0.00s)
    --- PASS: TestGenerateWorkflowHeader_WithReleaseFlag/Release_build_with_dev_version (0.00s)
=== RUN   TestHeredocInterpolation
/tmp/gh-aw-test-runs/20260704-173215-1254793/heredoc-interpolation-test2212678597/test.md: info: Tip: set permissions.copilot-requests: write to use GitHub Actions token-based inference with the Copilot engine instead of a personal access token (COPILOT_GITHUB_TOKEN). This option requires that your organization has centralized Copilot billing enabled and may not be available in all organizations — see https://github.github.com/gh-aw/reference/billing/ for details.

✓ /tmp/gh-aw-test-runs/20260704-173215-1254793/heredoc-interpolation-test2212678597/test.md (77.3 KB)
--- PASS: TestHeredocInterpolation (0.01s)
=== RUN   TestHeredocInterpolationMainPrompt
/tmp/gh-aw-test-runs/20260704-173215-1254793/heredoc-main-test2556973294/test.md: info: Tip: set permissions.copilot-requests: write to use GitHub Actions token-based inference with the Copilot engine instead of a personal access token (COPILOT_GITHUB_TOKEN). This option requires that your organization has centralized Copilot billing enabled and may not be available in all organizations — see https://github.github.com/gh-aw/reference/billing/ for details.

✓ /tmp/gh-aw-test-runs/20260704-173215-1254793/heredoc-main-test2556973294/test.md (77.1 KB)
--- PASS: TestHeredocInterpolationMainPrompt (0.01s)
=== RUN   TestExtractHTTPMCPDomains
=== RUN   TestExtractHTTPMCPDomains/single_HTTP_MCP_server_with_type
=== RUN   TestExtractHTTPMCPDomains/single_HTTP_MCP_server_without_type_(inferred_from_URL)
=== RUN   TestExtractHTTPMCPDomains/multiple_HTTP_MCP_servers
=== RUN   TestExtractHTTPMCPDomains/mixed_tools_with_stdio_and_HTTP_MCP
=== RUN   TestExtractHTTPMCPDomains/github_MCP_in_remote_mode
=== RUN   TestExtractHTTPMCPDomains/github_MCP_in_local_mode_(no_domain_extraction)
=== RUN   TestExtractHTTPMCPDomains/no_tools
=== RUN   TestExtractHTTPMCPDomains/nil_tools
=== RUN   TestExtractHTTPMCPDomains/stdio_MCP_server_(should_not_extract)
--- PASS: TestExtractHTTPMCPDomains (0.00s)
    --- PASS: TestExtractHTTPMCPDomains/single_HTTP_MCP_server_with_type (0.00s)
    --- PASS: TestExtractHTTPMCPDomains/single_HTTP_MCP_server_without_type_(inferred_from_URL) (0.00s)
    --- PASS: TestExtractHTTPMCPDomains/multiple_HTTP_MCP_servers (0.00s)
    --- PASS: TestExtractHTTPMCPDomains/mixed_tools_with_stdio_and_HTTP_MCP (0.00s)
    --- PASS: TestExtractHTTPMCPDomains/github_MCP_in_remote_mode (0.00s)
    --- PASS: TestExtractHTTPMCPDomains/github_MCP_in_local_mode_(no_domain_extraction) (0.00s)
    --- PASS: TestExtractHTTPMCPDomains/no_tools (0.00s)
    --- PASS: TestExtractHTTPMCPDomains/nil_tools (0.00s)
    --- PASS: TestExtractHTTPMCPDomains/stdio_MCP_server_(should_not_extract) (0.00s)
=== RUN   TestExtractDomainFromURL
=== RUN   TestExtractDomainFromURL/HTTPS_URL_with_path
=== RUN   TestExtractDomainFromURL/HTTP_URL_with_port_and_path
=== RUN   TestExtractDomainFromURL/domain_only
=== RUN   TestExtractDomainFromURL/URL_with_port
=== RUN   TestExtractDomainFromURL/URL_with_subdomain
=== RUN   TestExtractDomainFromURL/localhost_URL
=== RUN   TestExtractDomainFromURL/empty_string
--- PASS: TestExtractDomainFromURL (0.00s)
    --- PASS: TestExtractDomainFromURL/HTTPS_URL_with_path (0.00s)
    --- PASS: TestExtractDomainFromURL/HTTP_URL_with_port_and_path (0.00s)
    --- PASS: TestExtractDomainFromURL/domain_only (0.00s)
    --- PASS: TestExtractDomainFromURL/URL_with_port (0.00s)
    --- PASS: TestExtractDomainFromURL/URL_with_subdomain (0.00s)
    --- PASS: TestExtractDomainFromURL/localhost_URL (0.00s)
    --- PASS: TestExtractDomainFromURL/empty_string (0.00s)
=== RUN   TestGetCodexAllowedDomainsWithTools
--- PASS: TestGetCodexAllowedDomainsWithTools (0.00s)
=== RUN   TestGetCopilotAllowedDomainsWithTools
--- PASS: TestGetCopilotAllowedDomainsWithTools (0.00s)
=== RUN   TestGetClaudeAllowedDomainsWithTools
--- PASS: TestGetClaudeAllowedDomainsWithTools (0.00s)
=== RUN   TestExtractPlaywrightDomains
=== RUN   TestExtractPlaywrightDomains/playwright_tool_configured
=== RUN   TestExtractPlaywrightDomains/playwright_tool_with_empty_config
=== RUN   TestExtractPlaywrightDomains/playwright_tool_with_null_config
=== RUN   TestExtractPlaywrightDomains/no_playwright_tool
=== RUN   TestExtractPlaywrightDomains/empty_tools
=== RUN   TestExtractPlaywrightDomains/nil_tools
--- PASS: TestExtractPlaywrightDomains (0.00s)
    --- PASS: TestExtractPlaywrightDomains/playwright_tool_configured (0.00s)
    --- PASS: TestExtractPlaywrightDomains/playwright_tool_with_empty_config (0.00s)
    --- PASS: TestExtractPlaywrightDomains/playwright_tool_with_null_config (0.00s)
    --- PASS: TestExtractPlaywrightDomains/no_playwright_tool (0.00s)
    --- PASS: TestExtractPlaywrightDomains/empty_tools (0.00s)
    --- PASS: TestExtractPlaywrightDomains/nil_tools (0.00s)
=== RUN   TestGetCopilotAllowedDomainsWithPlaywright
--- PASS: TestGetCopilotAllowedDomainsWithPlaywright (0.00s)
=== RUN   TestGetCodexAllowedDomainsWithPlaywright
--- PASS: TestGetCodexAllowedDomainsWithPlaywright (0.00s)
=== RUN   TestCollectMCPEnvironmentVariables_HTTPMCPWithSecrets
--- PASS: TestCollectMCPEnvironmentVariables_HTTPMCPWithSecrets (0.00s)
=== RUN   TestCollectMCPEnvironmentVariables_MultipleHTTPMCPServers
--- PASS: TestCollectMCPEnvironmentVariables_MultipleHTTPMCPServers (0.00s)
=== RUN   TestCollectMCPEnvironmentVariables_HTTPMCPWithoutSecrets
--- PASS: TestCollectMCPEnvironmentVariables_HTTPMCPWithoutSecrets (0.00s)
=== RUN   TestIfExpressionCleanHandling
=== RUN   TestIfExpressionCleanHandling/simple_single_line_expression
=== RUN   TestIfExpressionCleanHandling/multiline_expression_with_YAML_folded_style
=== RUN   TestIfExpressionCleanHandling/empty_expression
--- PASS: TestIfExpressionCleanHandling (0.00s)
    --- PASS: TestIfExpressionCleanHandling/simple_single_line_expression (0.00s)
    --- PASS: TestIfExpressionCleanHandling/multiline_expression_with_YAML_folded_style (0.00s)
    --- PASS: TestIfExpressionCleanHandling/empty_expression (0.00s)
=== RUN   TestMultilineExpressionYAMLFolding
--- PASS: TestMultilineExpressionYAMLFolding (0.00s)
=== RUN   TestJobStructStoreSeparatesExpression
--- PASS: TestJobStructStoreSeparatesExpression (0.00s)
=== RUN   TestCustomJobIfConditionHandling
=== RUN   TestCustomJobIfConditionHandling/if_condition_with_prefix
=== RUN   TestCustomJobIfConditionHandling/if_condition_without_prefix
=== RUN   TestCustomJobIfConditionHandling/complex_if_condition_with_prefix
=== RUN   TestCustomJobIfConditionHandling/complex_if_condition_without_prefix
--- PASS: TestCustomJobIfConditionHandling (0.00s)
    --- PASS: TestCustomJobIfConditionHandling/if_condition_with_prefix (0.00s)
    --- PASS: TestCustomJobIfConditionHandling/if_condition_without_prefix (0.00s)
    --- PASS: TestCustomJobIfConditionHandling/complex_if_condition_with_prefix (0.00s)
    --- PASS: TestCustomJobIfConditionHandling/complex_if_condition_without_prefix (0.00s)
=== RUN   TestLongExpressionBreaking
=== RUN   TestLongExpressionBreaking/short_expression_stays_single_line
    if_expression_clean_test.go:325: Generated YAML:
          test-job:
            if: github.event_name == 'push'
            runs-on: ubuntu-latest
            steps:
              - name: Test Step
                run: echo test

=== RUN   TestLongExpressionBreaking/long_expression_gets_broken_into_multiline
    if_expression_clean_test.go:325: Generated YAML:
          test-job:
            if: >
              github.event_name == 'issues' || github.event_name == 'pull_request' || github.event_name == 'issue_comment' ||
              github.event_name == 'discussion'
            runs-on: ubuntu-latest
            steps:
              - name: Test Step
                run: echo test

=== RUN   TestLongExpressionBreaking/very_long_expression_with_function_calls
    if_expression_clean_test.go:325: Generated YAML:
          test-job:
            if: >
              contains(github.event.issue.labels.*.name, 'bug') && contains(github.event.issue.labels.*.name, 'priority-high') &&
              github.event.action == 'opened'
            runs-on: ubuntu-latest
            steps:
              - name: Test Step
                run: echo test

--- PASS: TestLongExpressionBreaking (0.00s)
    --- PASS: TestLongExpressionBreaking/short_expression_stays_single_line (0.00s)
    --- PASS: TestLongExpressionBreaking/long_expression_gets_broken_into_multiline (0.00s)
    --- PASS: TestLongExpressionBreaking/very_long_expression_with_function_calls (0.00s)
=== RUN   TestCheckoutMissingPersistCredentialsFalse
=== RUN   TestCheckoutMissingPersistCredentialsFalse/non-checkout_step_is_safe
=== RUN   TestCheckoutMissingPersistCredentialsFalse/checkout_without_with_block_is_insecure
=== RUN   TestCheckoutMissingPersistCredentialsFalse/checkout_with_persist-credentials_false_is_safe
=== RUN   TestCheckoutMissingPersistCredentialsFalse/checkout_with_persist-credentials_true_is_insecure
=== RUN   TestCheckoutMissingPersistCredentialsFalse/checkout_with_persist-credentials_string_false_is_safe
=== RUN   TestCheckoutMissingPersistCredentialsFalse/checkout_with_persist-credentials_string_true_is_insecure
=== RUN   TestCheckoutMissingPersistCredentialsFalse/checkout_without_persist-credentials_key_in_with_block_is_insecure
=== RUN   TestCheckoutMissingPersistCredentialsFalse/checkout_without_version_tag_is_insecure
=== RUN   TestCheckoutMissingPersistCredentialsFalse/checkout_without_version_tag_with_persist-credentials_false_is_safe
=== RUN   TestCheckoutMissingPersistCredentialsFalse/step_with_no_uses_key_is_safe
=== RUN   TestCheckoutMissingPersistCredentialsFalse/checkout_with_SHA_pin_and_persist-credentials_false_is_safe
=== RUN   TestCheckoutMissingPersistCredentialsFalse/checkout_with_SHA_pin_without_persist-credentials_is_insecure
=== RUN   TestCheckoutMissingPersistCredentialsFalse/different_action_starting_with_actions/checkout_prefix_but_not_checkout_itself
--- PASS: TestCheckoutMissingPersistCredentialsFalse (0.00s)
    --- PASS: TestCheckoutMissingPersistCredentialsFalse/non-checkout_step_is_safe (0.00s)
    --- PASS: TestCheckoutMissingPersistCredentialsFalse/checkout_without_with_block_is_insecure (0.00s)
    --- PASS: TestCheckoutMissingPersistCredentialsFalse/checkout_with_persist-credentials_false_is_safe (0.00s)
    --- PASS: TestCheckoutMissingPersistCredentialsFalse/checkout_with_persist-credentials_true_is_insecure (0.00s)
    --- PASS: TestCheckoutMissingPersistCredentialsFalse/checkout_with_persist-credentials_string_false_is_safe (0.00s)
    --- PASS: TestCheckoutMissingPersistCredentialsFalse/checkout_with_persist-credentials_string_true_is_insecure (0.00s)
    --- PASS: TestCheckoutMissingPersistCredentialsFalse/checkout_without_persist-credentials_key_in_with_block_is_insecure (0.00s)
    --- PASS: TestCheckoutMissingPersistCredentialsFalse/checkout_without_version_tag_is_insecure (0.00s)
    --- PASS: TestCheckoutMissingPersistCredentialsFalse/checkout_without_version_tag_with_persist-credentials_false_is_safe (0.00s)
    --- PASS: TestCheckoutMissingPersistCredentialsFalse/step_with_no_uses_key_is_safe (0.00s)
    --- PASS: TestCheckoutMissingPersistCredentialsFalse/checkout_with_SHA_pin_and_persist-credentials_false_is_safe (0.00s)
    --- PASS: TestCheckoutMissingPersistCredentialsFalse/checkout_with_SHA_pin_without_persist-credentials_is_insecure (0.00s)
    --- PASS: TestCheckoutMissingPersistCredentialsFalse/different_action_starting_with_actions/checkout_prefix_but_not_checkout_itself (0.00s)
=== RUN   TestValidateCheckoutPersistCredentials_FrontmatterSteps
=== RUN   TestValidateCheckoutPersistCredentials_FrontmatterSteps/no_steps_section_-_no_error
=== RUN   TestValidateCheckoutPersistCredentials_FrontmatterSteps/empty_steps_-_no_error
=== RUN   TestValidateCheckoutPersistCredentials_FrontmatterSteps/checkout_with_persist-credentials_false_-_no_error
=== RUN   TestValidateCheckoutPersistCredentials_FrontmatterSteps/checkout_without_persist-credentials_false_in_strict_mode_-_error
=== RUN   TestValidateCheckoutPersistCredentials_FrontmatterSteps/checkout_without_persist-credentials_false_in_non-strict_mode_-_warning_only
⚠ actions/checkout step(s) without 'persist-credentials: false' detected in the agent job: 'Checkout'. Without this setting the git token is stored in .git/config and leaked to the agent. Add 'persist-credentials: false' to the 'with:' block of each checkout step. See: https://github.github.com/gh-aw/reference/steps/
=== RUN   TestValidateCheckoutPersistCredentials_FrontmatterSteps/non-checkout_step_-_no_error
=== RUN   TestValidateCheckoutPersistCredentials_FrontmatterSteps/error_includes_step_name
--- PASS: TestValidateCheckoutPersistCredentials_FrontmatterSteps (0.01s)
    --- PASS: TestValidateCheckoutPersistCredentials_FrontmatterSteps/no_steps_section_-_no_error (0.00s)
    --- PASS: TestValidateCheckoutPersistCredentials_FrontmatterSteps/empty_steps_-_no_error (0.00s)
    --- PASS: TestValidateCheckoutPersistCredentials_FrontmatterSteps/checkout_with_persist-credentials_false_-_no_error (0.00s)
    --- PASS: TestValidateCheckoutPersistCredentials_FrontmatterSteps/checkout_without_persist-credentials_false_in_strict_mode_-_error (0.00s)
    --- PASS: TestValidateCheckoutPersistCredentials_FrontmatterSteps/checkout_without_persist-credentials_false_in_non-strict_mode_-_warning_only (0.00s)
    --- PASS: TestValidateCheckoutPersistCredentials_FrontmatterSteps/non-checkout_step_-_no_error (0.00s)
    --- PASS: TestValidateCheckoutPersistCredentials_FrontmatterSteps/error_includes_step_name (0.00s)
=== RUN   TestValidateCheckoutPersistCredentials_MergedSteps
=== RUN   TestValidateCheckoutPersistCredentials_MergedSteps/empty_merged_steps_-_no_error
=== RUN   TestValidateCheckoutPersistCredentials_MergedSteps/imported_checkout_with_persist-credentials_false_-_no_error
=== RUN   TestValidateCheckoutPersistCredentials_MergedSteps/imported_checkout_without_persist-credentials_in_strict_mode_-_error
=== RUN   TestValidateCheckoutPersistCredentials_MergedSteps/imported_checkout_without_persist-credentials_in_non-strict_mode_-_warning_only
⚠ actions/checkout step(s) without 'persist-credentials: false' detected in the agent job: 'Imported Checkout'. Without this setting the git token is stored in .git/config and leaked to the agent. Add 'persist-credentials: false' to the 'with:' block of each checkout step. See: https://github.github.com/gh-aw/reference/steps/
=== RUN   TestValidateCheckoutPersistCredentials_MergedSteps/imported_non-checkout_step_-_no_error
=== RUN   TestValidateCheckoutPersistCredentials_MergedSteps/error_message_includes_imported_step_name
--- PASS: TestValidateCheckoutPersistCredentials_MergedSteps (0.00s)
    --- PASS: TestValidateCheckoutPersistCredentials_MergedSteps/empty_merged_steps_-_no_error (0.00s)
    --- PASS: TestValidateCheckoutPersistCredentials_MergedSteps/imported_checkout_with_persist-credentials_false_-_no_error (0.00s)
    --- PASS: TestValidateCheckoutPersistCredentials_MergedSteps/imported_checkout_without_persist-credentials_in_strict_mode_-_error (0.00s)
    --- PASS: TestValidateCheckoutPersistCredentials_MergedSteps/imported_checkout_without_persist-credentials_in_non-strict_mode_-_warning_only (0.00s)
    --- PASS: TestValidateCheckoutPersistCredentials_MergedSteps/imported_non-checkout_step_-_no_error (0.00s)
    --- PASS: TestValidateCheckoutPersistCredentials_MergedSteps/error_message_includes_imported_step_name (0.00s)
=== RUN   TestValidateCheckoutPersistCredentials_WarningEmitted
⚠ actions/checkout step(s) without 'persist-credentials: false' detected in the agent job: 'Checkout'. Without this setting the git token is stored in .git/config and leaked to the agent. Add 'persist-credentials: false' to the 'with:' block of each checkout step. See: https://github.github.com/gh-aw/reference/steps/
--- PASS: TestValidateCheckoutPersistCredentials_WarningEmitted (0.00s)
=== RUN   TestValidateCheckoutPersistCredentials_BothSourcesChecked
--- PASS: TestValidateCheckoutPersistCredentials_BothSourcesChecked (0.00s)
=== RUN   TestValidateCheckoutPersistCredentials_MultipleOffenders
--- PASS: TestValidateCheckoutPersistCredentials_MultipleOffenders (0.00s)
=== RUN   TestStepDisplayName
=== RUN   TestStepDisplayName/step_with_name
=== RUN   TestStepDisplayName/step_without_name_but_with_uses
=== RUN   TestStepDisplayName/step_without_name_or_uses
=== RUN   TestStepDisplayName/step_with_empty_name_falls_back_to_uses
--- PASS: TestStepDisplayName (0.00s)
    --- PASS: TestStepDisplayName/step_with_name (0.00s)
    --- PASS: TestStepDisplayName/step_without_name_but_with_uses (0.00s)
    --- PASS: TestStepDisplayName/step_without_name_or_uses (0.00s)
    --- PASS: TestStepDisplayName/step_with_empty_name_falls_back_to_uses (0.00s)
=== RUN   TestCheckoutMissingPersistCredentialsFalse_ActionPin
--- PASS: TestCheckoutMissingPersistCredentialsFalse_ActionPin (0.00s)
=== RUN   TestValidateCheckoutPersistCredentials_GitLeakErrorMessage
--- PASS: TestValidateCheckoutPersistCredentials_GitLeakErrorMessage (0.00s)
=== RUN   TestMergeEnvWithNoImports
--- PASS: TestMergeEnvWithNoImports (0.00s)
=== RUN   TestMergeEnvWithImportedEnvVars
--- PASS: TestMergeEnvWithImportedEnvVars (0.00s)
=== RUN   TestMergeEnvTopLevelTakesPrecedence
--- PASS: TestMergeEnvTopLevelTakesPrecedence (0.00s)
=== RUN   TestMergeEnvWithMultipleImports
--- PASS: TestMergeEnvWithMultipleImports (0.00s)
=== RUN   TestMergeEnvWithNilTopLevel
--- PASS: TestMergeEnvWithNilTopLevel (0.00s)
=== RUN   TestMergeEnvWithInvalidJSON
--- PASS: TestMergeEnvWithInvalidJSON (0.00s)
=== RUN   TestMergeFeaturesWithNoImports
--- PASS: TestMergeFeaturesWithNoImports (0.00s)
=== RUN   TestMergeFeaturesWithEmptyImports
--- PASS: TestMergeFeaturesWithEmptyImports (0.00s)
=== RUN   TestMergeFeaturesWithNilTopLevelAndImports
--- PASS: TestMergeFeaturesWithNilTopLevelAndImports (0.00s)
=== RUN   TestMergeFeaturesWithSingleImport
--- PASS: TestMergeFeaturesWithSingleImport (0.00s)
=== RUN   TestMergeFeaturesWithMultipleImports
--- PASS: TestMergeFeaturesWithMultipleImports (0.00s)
=== RUN   TestMergeFeaturesTopLevelPrecedence
--- PASS: TestMergeFeaturesTopLevelPrecedence (0.00s)
=== RUN   TestMergeFeaturesMultipleImportsWithConflicts
--- PASS: TestMergeFeaturesMultipleImportsWithConflicts (0.00s)
=== RUN   TestMergeFeaturesWithVariousValueTypes
--- PASS: TestMergeFeaturesWithVariousValueTypes (0.00s)
=== RUN   TestMergeFeaturesEmptyTopLevelWithMultipleImports
--- PASS: TestMergeFeaturesEmptyTopLevelWithMultipleImports (0.00s)
=== RUN   TestMergeFeaturesPreservesTopLevelWhenImportsHaveSameFeature
--- PASS: TestMergeFeaturesPreservesTopLevelWhenImportsHaveSameFeature (0.00s)
=== RUN   TestImportsMarkdownPrepending
=== RUN   TestImportsMarkdownPrepending/single_import_with_markdown
⚠ Ignoring unexpected frontmatter fields in /tmp/gh-aw-test-runs/20260704-173215-1254793/imports-markdown-test1920442720/shared/common.md: on
/tmp/gh-aw-test-runs/20260704-173215-1254793/imports-markdown-test1920442720/single_import_with_markdown-workflow.md: warning: safe update mode detected unapproved changes

New restricted secret(s):
  - ANTHROPIC_API_KEY

Remediation options:
  1. Use the --approve flag to allow the changes.
  2. Revert the unapproved changes.
  3. Use an interactive coding agent to review and approve the changes.

✓ /tmp/gh-aw-test-runs/20260704-173215-1254793/imports-markdown-test1920442720/single_import_with_markdown-workflow.md (78.4 KB)
=== RUN   TestImportsMarkdownPrepending/multiple_imports_with_markdown
⚠ Ignoring unexpected frontmatter fields in /tmp/gh-aw-test-runs/20260704-173215-1254793/imports-markdown-test1920442720/shared/common.md: on
/tmp/gh-aw-test-runs/20260704-173215-1254793/imports-markdown-test1920442720/multiple_imports_with_markdown-workflow.md: warning: safe update mode detected unapproved changes

New restricted secret(s):
  - ANTHROPIC_API_KEY

Remediation options:
  1. Use the --approve flag to allow the changes.
  2. Revert the unapproved changes.
  3. Use an interactive coding agent to review and approve the changes.

✓ /tmp/gh-aw-test-runs/20260704-173215-1254793/imports-markdown-test1920442720/multiple_imports_with_markdown-workflow.md (78.5 KB)
--- PASS: TestImportsMarkdownPrepending (0.02s)
    --- PASS: TestImportsMarkdownPrepending/single_import_with_markdown (0.01s)
    --- PASS: TestImportsMarkdownPrepending/multiple_imports_with_markdown (0.01s)
=== RUN   TestImportsWithIncludesCombination
⚠ Deprecated syntax: "@include shared/include.md". Use {{#runtime-import shared/include.md}} instead.
⚠ Deprecated syntax: "@include shared/include.md". Use {{#runtime-import shared/include.md}} instead.
/tmp/gh-aw-test-runs/20260704-173215-1254793/imports-includes-combo-test210849100/combo-workflow.md: warning: safe update mode detected unapproved changes

New restricted secret(s):
  - ANTHROPIC_API_KEY

Remediation options:
  1. Use the --approve flag to allow the changes.
  2. Revert the unapproved changes.
  3. Use an interactive coding agent to review and approve the changes.

✓ /tmp/gh-aw-test-runs/20260704-173215-1254793/imports-includes-combo-test210849100/combo-workflow.md (81.2 KB)
--- PASS: TestImportsWithIncludesCombination (0.01s)
=== RUN   TestImportsXMLCommentsRemoval
/tmp/gh-aw-test-runs/20260704-173215-1254793/imports-xml-comments-test2536984411/test-xml-workflow.md: info: Tip: set permissions.copilot-requests: write to use GitHub Actions token-based inference with the Copilot engine instead of a personal access token (COPILOT_GITHUB_TOKEN). This option requires that your organization has centralized Copilot billing enabled and may not be available in all organizations — see https://github.github.com/gh-aw/reference/billing/ for details.

✓ /tmp/gh-aw-test-runs/20260704-173215-1254793/imports-xml-comments-test2536984411/test-xml-workflow.md (77.4 KB)
--- PASS: TestImportsXMLCommentsRemoval (0.01s)
=== RUN   TestInferenceAccessErrorDetectionStep
/tmp/gh-aw-test-runs/20260704-173215-1254793/test-inference-access-error-3639524134/test-workflow.md: info: Tip: set permissions.copilot-requests: write to use GitHub Actions token-based inference with the Copilot engine instead of a personal access token (COPILOT_GITHUB_TOKEN). This option requires that your organization has centralized Copilot billing enabled and may not be available in all organizations — see https://github.github.com/gh-aw/reference/billing/ for details.

✓ /tmp/gh-aw-test-runs/20260704-173215-1254793/test-inference-access-error-3639524134/test-workflow.md (77.1 KB)
--- PASS: TestInferenceAccessErrorDetectionStep (0.01s)
=== RUN   TestInferenceAccessErrorInConclusionJob
/tmp/gh-aw-test-runs/20260704-173215-1254793/test-inference-access-error-conclusion-1732411391/test-workflow.md: info: Tip: set permissions.copilot-requests: write to use GitHub Actions token-based inference with the Copilot engine instead of a personal access token (COPILOT_GITHUB_TOKEN). This option requires that your organization has centralized Copilot billing enabled and may not be available in all organizations — see https://github.github.com/gh-aw/reference/billing/ for details.

✓ /tmp/gh-aw-test-runs/20260704-173215-1254793/test-inference-access-error-conclusion-1732411391/test-workflow.md (99.0 KB)
--- PASS: TestInferenceAccessErrorInConclusionJob (0.01s)
=== RUN   TestInferenceAccessErrorNotInEngineWithoutDetectionScript
/tmp/gh-aw-test-runs/20260704-173215-1254793/test-inference-access-error-gemini-2242982426/test-workflow.md: warning: safe update mode detected unapproved changes

New restricted secret(s):
  - GEMINI_API_KEY

Remediation options:
  1. Use the --approve flag to allow the changes.
  2. Revert the unapproved changes.
  3. Use an interactive coding agent to review and approve the changes.

✓ /tmp/gh-aw-test-runs/20260704-173215-1254793/test-inference-access-error-gemini-2242982426/test-workflow.md (74.3 KB)
--- PASS: TestInferenceAccessErrorNotInEngineWithoutDetectionScript (0.01s)
=== RUN   TestInlinedImports_FrontmatterHashInline_SameBodySameHash
--- PASS: TestInlinedImports_FrontmatterHashInline_SameBodySameHash (0.00s)
=== RUN   TestInlinedImports_AgentFileError
--- PASS: TestInlinedImports_AgentFileError (0.00s)
=== RUN   TestInlinedImports_AgentFileCleared
--- PASS: TestInlinedImports_AgentFileCleared (0.00s)
=== RUN   TestParseInputDefinition
=== RUN   TestParseInputDefinition/full_input_definition
=== RUN   TestParseInputDefinition/minimal_input_definition
=== RUN   TestParseInputDefinition/boolean_type_with_default
=== RUN   TestParseInputDefinition/number_type_with_default
=== RUN   TestParseInputDefinition/empty_config
=== RUN   TestParseInputDefinition/string_options_format
--- PASS: TestParseInputDefinition (0.00s)
    --- PASS: TestParseInputDefinition/full_input_definition (0.00s)
    --- PASS: TestParseInputDefinition/minimal_input_definition (0.00s)
    --- PASS: TestParseInputDefinition/boolean_type_with_default (0.00s)
    --- PASS: TestParseInputDefinition/number_type_with_default (0.00s)
    --- PASS: TestParseInputDefinition/empty_config (0.00s)
    --- PASS: TestParseInputDefinition/string_options_format (0.00s)
=== RUN   TestParseInputDefinitions
--- PASS: TestParseInputDefinitions (0.00s)
=== RUN   TestParseInputDefinitionsNil
--- PASS: TestParseInputDefinitionsNil (0.00s)
=== RUN   TestInputDefinitionGetDefaultAsString
=== RUN   TestInputDefinitionGetDefaultAsString/nil_default
=== RUN   TestInputDefinitionGetDefaultAsString/string_default
=== RUN   TestInputDefinitionGetDefaultAsString/bool_true_default
=== RUN   TestInputDefinitionGetDefaultAsString/bool_false_default
=== RUN   TestInputDefinitionGetDefaultAsString/int_default
=== RUN   TestInputDefinitionGetDefaultAsString/int64_default
=== RUN   TestInputDefinitionGetDefaultAsString/float64_integer_default
=== RUN   TestInputDefinitionGetDefaultAsString/float64_decimal_default
--- PASS: TestInputDefinitionGetDefaultAsString (0.00s)
    --- PASS: TestInputDefinitionGetDefaultAsString/nil_default (0.00s)
    --- PASS: TestInputDefinitionGetDefaultAsString/string_default (0.00s)
    --- PASS: TestInputDefinitionGetDefaultAsString/bool_true_default (0.00s)
    --- PASS: TestInputDefinitionGetDefaultAsString/bool_false_default (0.00s)
    --- PASS: TestInputDefinitionGetDefaultAsString/int_default (0.00s)
    --- PASS: TestInputDefinitionGetDefaultAsString/int64_default (0.00s)
    --- PASS: TestInputDefinitionGetDefaultAsString/float64_integer_default (0.00s)
    --- PASS: TestInputDefinitionGetDefaultAsString/float64_decimal_default (0.00s)
=== RUN   TestInputDefinitionAliasesSharedType
--- PASS: TestInputDefinitionAliasesSharedType (0.00s)
=== RUN   TestIsActivationJobNeeded
=== RUN   TestIsActivationJobNeeded/no_conditions
=== RUN   TestIsActivationJobNeeded/if_condition_present
=== RUN   TestIsActivationJobNeeded/default_permission_check
=== RUN   TestIsActivationJobNeeded/permission_check_not_needed
--- PASS: TestIsActivationJobNeeded (0.00s)
    --- PASS: TestIsActivationJobNeeded/no_conditions (0.00s)
    --- PASS: TestIsActivationJobNeeded/if_condition_present (0.00s)
    --- PASS: TestIsActivationJobNeeded/default_permission_check (0.00s)
    --- PASS: TestIsActivationJobNeeded/permission_check_not_needed (0.00s)
=== RUN   TestJobManager_ValidateDuplicateSteps_NoDuplicates
--- PASS: TestJobManager_ValidateDuplicateSteps_NoDuplicates (0.00s)
=== RUN   TestJobManager_ValidateDuplicateSteps_WithDuplicates
--- PASS: TestJobManager_ValidateDuplicateSteps_WithDuplicates (0.00s)
=== RUN   TestJobManager_ValidateDuplicateSteps_MultipleJobs
--- PASS: TestJobManager_ValidateDuplicateSteps_MultipleJobs (0.00s)
=== RUN   TestJobManager_ValidateDuplicateSteps_EmptyJobs
--- PASS: TestJobManager_ValidateDuplicateSteps_EmptyJobs (0.00s)
=== RUN   TestJobManager_ValidateDuplicateSteps_StepsWithoutNames
--- PASS: TestJobManager_ValidateDuplicateSteps_StepsWithoutNames (0.00s)
=== RUN   TestJobManager_ValidateDuplicateSteps_MultipleIdenticalSteps
--- PASS: TestJobManager_ValidateDuplicateSteps_MultipleIdenticalSteps (0.00s)
=== RUN   TestExtractStepName
=== RUN   TestExtractStepName/simple_step_with_name
=== RUN   TestExtractStepName/step_with_quoted_name
=== RUN   TestExtractStepName/step_with_single_quoted_name
=== RUN   TestExtractStepName/step_without_name
=== RUN   TestExtractStepName/empty_step
=== RUN   TestExtractStepName/name_with_special_characters
=== RUN   TestExtractStepName/multiline_step_with_name_on_second_line
=== RUN   TestExtractStepName/name_with_GitHub_expression
--- PASS: TestExtractStepName (0.00s)
    --- PASS: TestExtractStepName/simple_step_with_name (0.00s)
    --- PASS: TestExtractStepName/step_with_quoted_name (0.00s)
    --- PASS: TestExtractStepName/step_with_single_quoted_name (0.00s)
    --- PASS: TestExtractStepName/step_without_name (0.00s)
    --- PASS: TestExtractStepName/empty_step (0.00s)
    --- PASS: TestExtractStepName/name_with_special_characters (0.00s)
    --- PASS: TestExtractStepName/multiline_step_with_name_on_second_line (0.00s)
    --- PASS: TestExtractStepName/name_with_GitHub_expression (0.00s)
=== RUN   TestJobManager_ValidateDuplicateSteps_CaseSensitive
--- PASS: TestJobManager_ValidateDuplicateSteps_CaseSensitive (0.00s)
=== RUN   TestJobManager_ValidateDuplicateSteps_ReportsCorrectPosition
--- PASS: TestJobManager_ValidateDuplicateSteps_ReportsCorrectPosition (0.00s)
=== RUN   TestJobManager_AddJob
=== RUN   TestJobManager_AddJob/valid_job
=== RUN   TestJobManager_AddJob/empty_job_name
=== RUN   TestJobManager_AddJob/duplicate_job_name
=== RUN   TestJobManager_AddJob/reusable_workflow_caller_cannot_set_timeout-minutes
=== RUN   TestJobManager_AddJob/reusable_workflow_caller_cannot_set_templated_timeout-minutes
=== RUN   TestJobManager_AddJob/cannot_set_timeout-minutes_as_both_integer_and_expression
--- PASS: TestJobManager_AddJob (0.00s)
    --- PASS: TestJobManager_AddJob/valid_job (0.00s)
    --- PASS: TestJobManager_AddJob/empty_job_name (0.00s)
    --- PASS: TestJobManager_AddJob/duplicate_job_name (0.00s)
    --- PASS: TestJobManager_AddJob/reusable_workflow_caller_cannot_set_timeout-minutes (0.00s)
    --- PASS: TestJobManager_AddJob/reusable_workflow_caller_cannot_set_templated_timeout-minutes (0.00s)
    --- PASS: TestJobManager_AddJob/cannot_set_timeout-minutes_as_both_integer_and_expression (0.00s)
=== RUN   TestJobManager_ValidateDependencies
=== RUN   TestJobManager_ValidateDependencies/no_dependencies
=== RUN   TestJobManager_ValidateDependencies/valid_dependencies
=== RUN   TestJobManager_ValidateDependencies/missing_dependency
=== RUN   TestJobManager_ValidateDependencies/simple_cycle
=== RUN   TestJobManager_ValidateDependencies/complex_cycle
=== RUN   TestJobManager_ValidateDependencies/self-dependency_cycle
--- PASS: TestJobManager_ValidateDependencies (0.00s)
    --- PASS: TestJobManager_ValidateDependencies/no_dependencies (0.00s)
    --- PASS: TestJobManager_ValidateDependencies/valid_dependencies (0.00s)
    --- PASS: TestJobManager_ValidateDependencies/missing_dependency (0.00s)
    --- PASS: TestJobManager_ValidateDependencies/simple_cycle (0.00s)
    --- PASS: TestJobManager_ValidateDependencies/complex_cycle (0.00s)
    --- PASS: TestJobManager_ValidateDependencies/self-dependency_cycle (0.00s)
=== RUN   TestJobManager_WriteJobsYAML
=== RUN   TestJobManager_WriteJobsYAML/appends_to_non-empty_builder
=== RUN   TestJobManager_WriteJobsYAML/jobs_follow_existing_header_content
=== RUN   TestJobManager_WriteJobsYAML/multiple_jobs_appended_to_header_-_order_and_separators_correct
--- PASS: TestJobManager_WriteJobsYAML (0.00s)
    --- PASS: TestJobManager_WriteJobsYAML/appends_to_non-empty_builder (0.00s)
    --- PASS: TestJobManager_WriteJobsYAML/jobs_follow_existing_header_content (0.00s)
    --- PASS: TestJobManager_WriteJobsYAML/multiple_jobs_appended_to_header_-_order_and_separators_correct (0.00s)
=== RUN   TestJobManager_GetJob
--- PASS: TestJobManager_GetJob (0.00s)
=== RUN   TestJobManager_GetAllJobs
--- PASS: TestJobManager_GetAllJobs (0.00s)
=== RUN   TestBuildCustomJobsActivationDependency
=== RUN   TestBuildCustomJobsActivationDependency/custom_job_without_explicit_needs_should_depend_on_activation
=== RUN   TestBuildCustomJobsActivationDependency/custom_job_with_explicit_needs_should_not_get_activation_dependency
=== RUN   TestBuildCustomJobsActivationDependency/custom_job_without_activation_should_have_no_automatic_dependency
=== RUN   TestBuildCustomJobsActivationDependency/multiple_custom_jobs_without_explicit_needs
--- PASS: TestBuildCustomJobsActivationDependency (0.00s)
    --- PASS: TestBuildCustomJobsActivationDependency/custom_job_without_explicit_needs_should_depend_on_activation (0.00s)
    --- PASS: TestBuildCustomJobsActivationDependency/custom_job_with_explicit_needs_should_not_get_activation_dependency (0.00s)
    --- PASS: TestBuildCustomJobsActivationDependency/custom_job_without_activation_should_have_no_automatic_dependency (0.00s)
    --- PASS: TestBuildCustomJobsActivationDependency/multiple_custom_jobs_without_explicit_needs (0.00s)
=== RUN   TestRemoveJavaScriptComments
=== RUN   TestRemoveJavaScriptComments/empty_string
=== RUN   TestRemoveJavaScriptComments/no_comments
=== RUN   TestRemoveJavaScriptComments/single_line_comment_only
=== RUN   TestRemoveJavaScriptComments/multiple_single_line_comments
=== RUN   TestRemoveJavaScriptComments/code_with_trailing_comment
=== RUN   TestRemoveJavaScriptComments/code_with_leading_comment
=== RUN   TestRemoveJavaScriptComments/simple_block_comment
=== RUN   TestRemoveJavaScriptComments/multiline_block_comment
=== RUN   TestRemoveJavaScriptComments/code_before_and_after_block_comment
=== RUN   TestRemoveJavaScriptComments/nested_block_comment_markers
=== RUN   TestRemoveJavaScriptComments/block_comment_spanning_multiple_lines_with_code_after
=== RUN   TestRemoveJavaScriptComments/multiple_block_comments
=== RUN   TestRemoveJavaScriptComments/JSDoc_single_line
=== RUN   TestRemoveJavaScriptComments/JSDoc_multiline
=== RUN   TestRemoveJavaScriptComments/JSDoc_with_description
=== RUN   TestRemoveJavaScriptComments/ts-check_directive
=== RUN   TestRemoveJavaScriptComments/ts-ignore_directive
=== RUN   TestRemoveJavaScriptComments/triple_slash_reference
=== RUN   TestRemoveJavaScriptComments/multiple_TypeScript_directives
=== RUN   TestRemoveJavaScriptComments/single_line_comment_in_double_quotes
=== RUN   TestRemoveJavaScriptComments/single_line_comment_in_single_quotes
=== RUN   TestRemoveJavaScriptComments/block_comment_in_double_quotes
=== RUN   TestRemoveJavaScriptComments/block_comment_in_single_quotes
=== RUN   TestRemoveJavaScriptComments/comment_markers_in_template_literal
=== RUN   TestRemoveJavaScriptComments/escaped_quotes_with_comments
=== RUN   TestRemoveJavaScriptComments/string_with_real_comment_after
=== RUN   TestRemoveJavaScriptComments/regex_with_slashes
=== RUN   TestRemoveJavaScriptComments/regex_with_comment_after
=== RUN   TestRemoveJavaScriptComments/complex_regex_pattern
=== RUN   TestRemoveJavaScriptComments/regex_with_escaped_slashes_and_comment
=== RUN   TestRemoveJavaScriptComments/division_operator_not_regex
=== RUN   TestRemoveJavaScriptComments/regex_after_return
=== RUN   TestRemoveJavaScriptComments/regex_in_assignment
=== RUN   TestRemoveJavaScriptComments/regex_with_character_class
=== RUN   TestRemoveJavaScriptComments/escaped_backslash_in_string
=== RUN   TestRemoveJavaScriptComments/escaped_quote_in_string
=== RUN   TestRemoveJavaScriptComments/escaped_newline_in_string
=== RUN   TestRemoveJavaScriptComments/code_with_multiple_comment_types
=== RUN   TestRemoveJavaScriptComments/real_world_example_with_imports
=== RUN   TestRemoveJavaScriptComments/function_with_inline_comments
=== RUN   TestRemoveJavaScriptComments/object_literal_with_comments
=== RUN   TestRemoveJavaScriptComments/array_with_comments
=== RUN   TestRemoveJavaScriptComments/preserve_indentation
=== RUN   TestRemoveJavaScriptComments/preserve_spacing_in_code
=== RUN   TestRemoveJavaScriptComments/unicode_in_strings
=== RUN   TestRemoveJavaScriptComments/unicode_in_comment
=== RUN   TestRemoveJavaScriptComments/empty_lines_preserved
=== RUN   TestRemoveJavaScriptComments/comment_on_empty_line_removed
=== RUN   TestRemoveJavaScriptComments/whitespace_only_lines
=== RUN   TestRemoveJavaScriptComments/comment_at_start
=== RUN   TestRemoveJavaScriptComments/comment_at_end
=== RUN   TestRemoveJavaScriptComments/comment_at_both_ends
=== RUN   TestRemoveJavaScriptComments/consecutive_line_comments
=== RUN   TestRemoveJavaScriptComments/consecutive_block_comments
=== RUN   TestRemoveJavaScriptComments/alternating_comments_and_code
=== RUN   TestRemoveJavaScriptComments/division_after_number
=== RUN   TestRemoveJavaScriptComments/comment-like_in_URL
=== RUN   TestRemoveJavaScriptComments/comment-like_in_file_path
=== RUN   TestRemoveJavaScriptComments/asterisk_in_string_not_comment
=== RUN   TestRemoveJavaScriptComments/slash_and_asterisk_separate
=== RUN   TestRemoveJavaScriptComments/unclosed_block_comment
=== RUN   TestRemoveJavaScriptComments/block_comment_with_asterisks_inside
=== RUN   TestRemoveJavaScriptComments/block_comment_end_marker_in_string
=== RUN   TestRemoveJavaScriptComments/slash_star_in_separate_strings
=== RUN   TestRemoveJavaScriptComments/GitHub_Actions_script_pattern
=== RUN   TestRemoveJavaScriptComments/JSDoc_with_function
=== RUN   TestRemoveJavaScriptComments/module_pattern_with_comments
--- PASS: TestRemoveJavaScriptComments (0.00s)
    --- PASS: TestRemoveJavaScriptComments/empty_string (0.00s)
    --- PASS: TestRemoveJavaScriptComments/no_comments (0.00s)
    --- PASS: TestRemoveJavaScriptComments/single_line_comment_only (0.00s)
    --- PASS: TestRemoveJavaScriptComments/multiple_single_line_comments (0.00s)
    --- PASS: TestRemoveJavaScriptComments/code_with_trailing_comment (0.00s)
    --- PASS: TestRemoveJavaScriptComments/code_with_leading_comment (0.00s)
    --- PASS: TestRemoveJavaScriptComments/simple_block_comment (0.00s)
    --- PASS: TestRemoveJavaScriptComments/multiline_block_comment (0.00s)
    --- PASS: TestRemoveJavaScriptComments/code_before_and_after_block_comment (0.00s)
    --- PASS: TestRemoveJavaScriptComments/nested_block_comment_markers (0.00s)
    --- PASS: TestRemoveJavaScriptComments/block_comment_spanning_multiple_lines_with_code_after (0.00s)
    --- PASS: TestRemoveJavaScriptComments/multiple_block_comments (0.00s)
    --- PASS: TestRemoveJavaScriptComments/JSDoc_single_line (0.00s)
    --- PASS: TestRemoveJavaScriptComments/JSDoc_multiline (0.00s)
    --- PASS: TestRemoveJavaScriptComments/JSDoc_with_description (0.00s)
    --- PASS: TestRemoveJavaScriptComments/ts-check_directive (0.00s)
    --- PASS: TestRemoveJavaScriptComments/ts-ignore_directive (0.00s)
    --- PASS: TestRemoveJavaScriptComments/triple_slash_reference (0.00s)
    --- PASS: TestRemoveJavaScriptComments/multiple_TypeScript_directives (0.00s)
    --- PASS: TestRemoveJavaScriptComments/single_line_comment_in_double_quotes (0.00s)
    --- PASS: TestRemoveJavaScriptComments/single_line_comment_in_single_quotes (0.00s)
    --- PASS: TestRemoveJavaScriptComments/block_comment_in_double_quotes (0.00s)
    --- PASS: TestRemoveJavaScriptComments/block_comment_in_single_quotes (0.00s)
    --- PASS: TestRemoveJavaScriptComments/comment_markers_in_template_literal (0.00s)
    --- PASS: TestRemoveJavaScriptComments/escaped_quotes_with_comments (0.00s)
    --- PASS: TestRemoveJavaScriptComments/string_with_real_comment_after (0.00s)
    --- PASS: TestRemoveJavaScriptComments/regex_with_slashes (0.00s)
    --- PASS: TestRemoveJavaScriptComments/regex_with_comment_after (0.00s)
    --- PASS: TestRemoveJavaScriptComments/complex_regex_pattern (0.00s)
    --- PASS: TestRemoveJavaScriptComments/regex_with_escaped_slashes_and_comment (0.00s)
    --- PASS: TestRemoveJavaScriptComments/division_operator_not_regex (0.00s)
    --- PASS: TestRemoveJavaScriptComments/regex_after_return (0.00s)
    --- PASS: TestRemoveJavaScriptComments/regex_in_assignment (0.00s)
    --- PASS: TestRemoveJavaScriptComments/regex_with_character_class (0.00s)
    --- PASS: TestRemoveJavaScriptComments/escaped_backslash_in_string (0.00s)
    --- PASS: TestRemoveJavaScriptComments/escaped_quote_in_string (0.00s)
    --- PASS: TestRemoveJavaScriptComments/escaped_newline_in_string (0.00s)
    --- PASS: TestRemoveJavaScriptComments/code_with_multiple_comment_types (0.00s)
    --- PASS: TestRemoveJavaScriptComments/real_world_example_with_imports (0.00s)
    --- PASS: TestRemoveJavaScriptComments/function_with_inline_comments (0.00s)
    --- PASS: TestRemoveJavaScriptComments/object_literal_with_comments (0.00s)
    --- PASS: TestRemoveJavaScriptComments/array_with_comments (0.00s)
    --- PASS: TestRemoveJavaScriptComments/preserve_indentation (0.00s)
    --- PASS: TestRemoveJavaScriptComments/preserve_spacing_in_code (0.00s)
    --- PASS: TestRemoveJavaScriptComments/unicode_in_strings (0.00s)
    --- PASS: TestRemoveJavaScriptComments/unicode_in_comment (0.00s)
    --- PASS: TestRemoveJavaScriptComments/empty_lines_preserved (0.00s)
    --- PASS: TestRemoveJavaScriptComments/comment_on_empty_line_removed (0.00s)
    --- PASS: TestRemoveJavaScriptComments/whitespace_only_lines (0.00s)
    --- PASS: TestRemoveJavaScriptComments/comment_at_start (0.00s)
    --- PASS: TestRemoveJavaScriptComments/comment_at_end (0.00s)
    --- PASS: TestRemoveJavaScriptComments/comment_at_both_ends (0.00s)
    --- PASS: TestRemoveJavaScriptComments/consecutive_line_comments (0.00s)
    --- PASS: TestRemoveJavaScriptComments/consecutive_block_comments (0.00s)
    --- PASS: TestRemoveJavaScriptComments/alternating_comments_and_code (0.00s)
    --- PASS: TestRemoveJavaScriptComments/division_after_number (0.00s)
    --- PASS: TestRemoveJavaScriptComments/comment-like_in_URL (0.00s)
    --- PASS: TestRemoveJavaScriptComments/comment-like_in_file_path (0.00s)
    --- PASS: TestRemoveJavaScriptComments/asterisk_in_string_not_comment (0.00s)
    --- PASS: TestRemoveJavaScriptComments/slash_and_asterisk_separate (0.00s)
    --- PASS: TestRemoveJavaScriptComments/unclosed_block_comment (0.00s)
    --- PASS: TestRemoveJavaScriptComments/block_comment_with_asterisks_inside (0.00s)
    --- PASS: TestRemoveJavaScriptComments/block_comment_end_marker_in_string (0.00s)
    --- PASS: TestRemoveJavaScriptComments/slash_star_in_separate_strings (0.00s)
    --- PASS: TestRemoveJavaScriptComments/GitHub_Actions_script_pattern (0.00s)
    --- PASS: TestRemoveJavaScriptComments/JSDoc_with_function (0.00s)
    --- PASS: TestRemoveJavaScriptComments/module_pattern_with_comments (0.00s)
=== RUN   TestRemoveJavaScriptCommentsFromLine
=== RUN   TestRemoveJavaScriptCommentsFromLine/simple_line_no_comment
=== RUN   TestRemoveJavaScriptCommentsFromLine/line_with_trailing_comment
=== RUN   TestRemoveJavaScriptCommentsFromLine/line_starting_in_block_comment
=== RUN   TestRemoveJavaScriptCommentsFromLine/line_starting_block_comment
=== RUN   TestRemoveJavaScriptCommentsFromLine/line_with_complete_block_comment
=== RUN   TestRemoveJavaScriptCommentsFromLine/entire_line_is_comment
=== RUN   TestRemoveJavaScriptCommentsFromLine/line_in_middle_of_block_comment
=== RUN   TestRemoveJavaScriptCommentsFromLine/comment_in_string_preserved
=== RUN   TestRemoveJavaScriptCommentsFromLine/regex_with_slashes
--- PASS: TestRemoveJavaScriptCommentsFromLine (0.00s)
    --- PASS: TestRemoveJavaScriptCommentsFromLine/simple_line_no_comment (0.00s)
    --- PASS: TestRemoveJavaScriptCommentsFromLine/line_with_trailing_comment (0.00s)
    --- PASS: TestRemoveJavaScriptCommentsFromLine/line_starting_in_block_comment (0.00s)
    --- PASS: TestRemoveJavaScriptCommentsFromLine/line_starting_block_comment (0.00s)
    --- PASS: TestRemoveJavaScriptCommentsFromLine/line_with_complete_block_comment (0.00s)
    --- PASS: TestRemoveJavaScriptCommentsFromLine/entire_line_is_comment (0.00s)
    --- PASS: TestRemoveJavaScriptCommentsFromLine/line_in_middle_of_block_comment (0.00s)
    --- PASS: TestRemoveJavaScriptCommentsFromLine/comment_in_string_preserved (0.00s)
    --- PASS: TestRemoveJavaScriptCommentsFromLine/regex_with_slashes (0.00s)
=== RUN   TestIsInsideStringLiteral
=== RUN   TestIsInsideStringLiteral/not_in_string
=== RUN   TestIsInsideStringLiteral/inside_double_quotes
=== RUN   TestIsInsideStringLiteral/inside_single_quotes
=== RUN   TestIsInsideStringLiteral/inside_backticks
=== RUN   TestIsInsideStringLiteral/closed_double_quotes
=== RUN   TestIsInsideStringLiteral/escaped_quote_in_string
=== RUN   TestIsInsideStringLiteral/escaped_backslash_before_quote
=== RUN   TestIsInsideStringLiteral/nested_different_quotes
=== RUN   TestIsInsideStringLiteral/empty_string
--- PASS: TestIsInsideStringLiteral (0.00s)
    --- PASS: TestIsInsideStringLiteral/not_in_string (0.00s)
    --- PASS: TestIsInsideStringLiteral/inside_double_quotes (0.00s)
    --- PASS: TestIsInsideStringLiteral/inside_single_quotes (0.00s)
    --- PASS: TestIsInsideStringLiteral/inside_backticks (0.00s)
    --- PASS: TestIsInsideStringLiteral/closed_double_quotes (0.00s)
    --- PASS: TestIsInsideStringLiteral/escaped_quote_in_string (0.00s)
    --- PASS: TestIsInsideStringLiteral/escaped_backslash_before_quote (0.00s)
    --- PASS: TestIsInsideStringLiteral/nested_different_quotes (0.00s)
    --- PASS: TestIsInsideStringLiteral/empty_string (0.00s)
=== RUN   TestCanStartRegexLiteral
=== RUN   TestCanStartRegexLiteral/after_equals
=== RUN   TestCanStartRegexLiteral/after_return
=== RUN   TestCanStartRegexLiteral/after_opening_paren
=== RUN   TestCanStartRegexLiteral/after_comma
=== RUN   TestCanStartRegexLiteral/after_opening_bracket
=== RUN   TestCanStartRegexLiteral/after_colon
=== RUN   TestCanStartRegexLiteral/after_identifier_(division)
=== RUN   TestCanStartRegexLiteral/after_number_(division)
=== RUN   TestCanStartRegexLiteral/at_start_of_line
=== RUN   TestCanStartRegexLiteral/after_if_keyword
=== RUN   TestCanStartRegexLiteral/after_while_keyword
--- PASS: TestCanStartRegexLiteral (0.00s)
    --- PASS: TestCanStartRegexLiteral/after_equals (0.00s)
    --- PASS: TestCanStartRegexLiteral/after_return (0.00s)
    --- PASS: TestCanStartRegexLiteral/after_opening_paren (0.00s)
    --- PASS: TestCanStartRegexLiteral/after_comma (0.00s)
    --- PASS: TestCanStartRegexLiteral/after_opening_bracket (0.00s)
    --- PASS: TestCanStartRegexLiteral/after_colon (0.00s)
    --- PASS: TestCanStartRegexLiteral/after_identifier_(division) (0.00s)
    --- PASS: TestCanStartRegexLiteral/after_number_(division) (0.00s)
    --- PASS: TestCanStartRegexLiteral/at_start_of_line (0.00s)
    --- PASS: TestCanStartRegexLiteral/after_if_keyword (0.00s)
    --- PASS: TestCanStartRegexLiteral/after_while_keyword (0.00s)
=== RUN   TestRemoveJavaScriptCommentsEdgeCases
=== RUN   TestRemoveJavaScriptCommentsEdgeCases/very_long_line_with_comment
=== RUN   TestRemoveJavaScriptCommentsEdgeCases/many_consecutive_comments
=== RUN   TestRemoveJavaScriptCommentsEdgeCases/deeply_nested_strings_and_comments
=== RUN   TestRemoveJavaScriptCommentsEdgeCases/multiple_block_comments_on_same_line
=== RUN   TestRemoveJavaScriptCommentsEdgeCases/block_comment_across_many_lines
--- PASS: TestRemoveJavaScriptCommentsEdgeCases (0.00s)
    --- PASS: TestRemoveJavaScriptCommentsEdgeCases/very_long_line_with_comment (0.00s)
    --- PASS: TestRemoveJavaScriptCommentsEdgeCases/many_consecutive_comments (0.00s)
    --- PASS: TestRemoveJavaScriptCommentsEdgeCases/deeply_nested_strings_and_comments (0.00s)
    --- PASS: TestRemoveJavaScriptCommentsEdgeCases/multiple_block_comments_on_same_line (0.00s)
    --- PASS: TestRemoveJavaScriptCommentsEdgeCases/block_comment_across_many_lines (0.00s)
=== RUN   TestFormatJavaScriptForYAML
=== RUN   TestFormatJavaScriptForYAML/empty_string
=== RUN   TestFormatJavaScriptForYAML/single_line_without_empty_lines
=== RUN   TestFormatJavaScriptForYAML/multiple_lines_without_empty_lines
=== RUN   TestFormatJavaScriptForYAML/script_with_empty_lines_should_skip_them
=== RUN   TestFormatJavaScriptForYAML/script_with_only_whitespace_lines_should_skip_them
=== RUN   TestFormatJavaScriptForYAML/script_with_leading_and_trailing_empty_lines
=== RUN   TestFormatJavaScriptForYAML/script_with_indented_code
=== RUN   TestFormatJavaScriptForYAML/complex_script_with_mixed_content
=== RUN   TestFormatJavaScriptForYAML/script_with_only_single-line_comments_should_produce_empty_result
=== RUN   TestFormatJavaScriptForYAML/script_with_block_comments
=== RUN   TestFormatJavaScriptForYAML/script_with_comments_inside_strings_should_preserve_them
=== RUN   TestFormatJavaScriptForYAML/script_with_mixed_comments_and_strings
=== RUN   TestFormatJavaScriptForYAML/script_with_regular_expressions_should_preserve_them
=== RUN   TestFormatJavaScriptForYAML/script_with_complex_regular_expressions_and_comments
--- PASS: TestFormatJavaScriptForYAML (0.00s)
    --- PASS: TestFormatJavaScriptForYAML/empty_string (0.00s)
    --- PASS: TestFormatJavaScriptForYAML/single_line_without_empty_lines (0.00s)
    --- PASS: TestFormatJavaScriptForYAML/multiple_lines_without_empty_lines (0.00s)
    --- PASS: TestFormatJavaScriptForYAML/script_with_empty_lines_should_skip_them (0.00s)
    --- PASS: TestFormatJavaScriptForYAML/script_with_only_whitespace_lines_should_skip_them (0.00s)
    --- PASS: TestFormatJavaScriptForYAML/script_with_leading_and_trailing_empty_lines (0.00s)
    --- PASS: TestFormatJavaScriptForYAML/script_with_indented_code (0.00s)
    --- PASS: TestFormatJavaScriptForYAML/complex_script_with_mixed_content (0.00s)
    --- PASS: TestFormatJavaScriptForYAML/script_with_only_single-line_comments_should_produce_empty_result (0.00s)
    --- PASS: TestFormatJavaScriptForYAML/script_with_block_comments (0.00s)
    --- PASS: TestFormatJavaScriptForYAML/script_with_comments_inside_strings_should_preserve_them (0.00s)
    --- PASS: TestFormatJavaScriptForYAML/script_with_mixed_comments_and_strings (0.00s)
    --- PASS: TestFormatJavaScriptForYAML/script_with_regular_expressions_should_preserve_them (0.00s)
    --- PASS: TestFormatJavaScriptForYAML/script_with_complex_regular_expressions_and_comments (0.00s)
=== RUN   TestWriteJavaScriptToYAML
=== RUN   TestWriteJavaScriptToYAML/empty_string
=== RUN   TestWriteJavaScriptToYAML/single_line_without_empty_lines
=== RUN   TestWriteJavaScriptToYAML/multiple_lines_without_empty_lines
=== RUN   TestWriteJavaScriptToYAML/script_with_empty_lines_should_skip_them
=== RUN   TestWriteJavaScriptToYAML/script_with_only_whitespace_lines_should_skip_them
=== RUN   TestWriteJavaScriptToYAML/script_with_leading_and_trailing_empty_lines
=== RUN   TestWriteJavaScriptToYAML/script_with_indented_code
=== RUN   TestWriteJavaScriptToYAML/complex_script_with_mixed_content
=== RUN   TestWriteJavaScriptToYAML/script_with_only_single-line_comments_should_produce_empty_result
=== RUN   TestWriteJavaScriptToYAML/script_with_block_comments
=== RUN   TestWriteJavaScriptToYAML/script_with_comments_inside_strings_should_preserve_them
=== RUN   TestWriteJavaScriptToYAML/script_with_mixed_comments_and_strings
--- PASS: TestWriteJavaScriptToYAML (0.00s)
    --- PASS: TestWriteJavaScriptToYAML/empty_string (0.00s)
    --- PASS: TestWriteJavaScriptToYAML/single_line_without_empty_lines (0.00s)
    --- PASS: TestWriteJavaScriptToYAML/multiple_lines_without_empty_lines (0.00s)
    --- PASS: TestWriteJavaScriptToYAML/script_with_empty_lines_should_skip_them (0.00s)
    --- PASS: TestWriteJavaScriptToYAML/script_with_only_whitespace_lines_should_skip_them (0.00s)
    --- PASS: TestWriteJavaScriptToYAML/script_with_leading_and_trailing_empty_lines (0.00s)
    --- PASS: TestWriteJavaScriptToYAML/script_with_indented_code (0.00s)
    --- PASS: TestWriteJavaScriptToYAML/complex_script_with_mixed_content (0.00s)
    --- PASS: TestWriteJavaScriptToYAML/script_with_only_single-line_comments_should_produce_empty_result (0.00s)
    --- PASS: TestWriteJavaScriptToYAML/script_with_block_comments (0.00s)
    --- PASS: TestWriteJavaScriptToYAML/script_with_comments_inside_strings_should_preserve_them (0.00s)
    --- PASS: TestWriteJavaScriptToYAML/script_with_mixed_comments_and_strings (0.00s)
=== RUN   TestFormatJavaScriptForYAMLProducesValidIndentation
--- PASS: TestFormatJavaScriptForYAMLProducesValidIndentation (0.00s)
=== RUN   TestWriteJavaScriptToYAMLProducesValidIndentation
--- PASS: TestWriteJavaScriptToYAMLProducesValidIndentation (0.00s)
=== RUN   TestJavaScriptFormattingConsistency
--- PASS: TestJavaScriptFormattingConsistency (0.00s)
=== RUN   TestJSweepWorkflowConfiguration
=== RUN   TestJSweepWorkflowConfiguration/ProcessesSingleFile
=== RUN   TestJSweepWorkflowConfiguration/TypeScriptValidation
=== RUN   TestJSweepWorkflowConfiguration/PrettierFormatting
=== RUN   TestJSweepWorkflowConfiguration/PRTitleFormat
=== RUN   TestJSweepWorkflowConfiguration/RunsTests
=== RUN   TestJSweepWorkflowConfiguration/TestingRequirements
=== RUN   TestJSweepWorkflowConfiguration/WorkflowDescription
=== RUN   TestJSweepWorkflowConfiguration/PrioritizesTsNocheck
=== RUN   TestJSweepWorkflowConfiguration/UsesRandomizedRecentFallbackSelection
=== RUN   TestJSweepWorkflowConfiguration/RemovesTsNocheck
=== RUN   TestJSweepWorkflowConfiguration/HasValidLockFile
=== RUN   TestJSweepWorkflowConfiguration/HasDoneConditions
=== RUN   TestJSweepWorkflowConfiguration/OneFilePerRunStopsAfterPR
=== RUN   TestJSweepWorkflowConfiguration/UsesReposToolsetWithoutSerenaImport
=== RUN   TestJSweepWorkflowConfiguration/LeastPrivilegePermissions
=== RUN   TestJSweepWorkflowConfiguration/BatchedValidationCommand
=== RUN   TestJSweepWorkflowConfiguration/BranchPrefixSignedSlash
--- PASS: TestJSweepWorkflowConfiguration (0.00s)
    --- PASS: TestJSweepWorkflowConfiguration/ProcessesSingleFile (0.00s)
    --- PASS: TestJSweepWorkflowConfiguration/TypeScriptValidation (0.00s)
    --- PASS: TestJSweepWorkflowConfiguration/PrettierFormatting (0.00s)
    --- PASS: TestJSweepWorkflowConfiguration/PRTitleFormat (0.00s)
    --- PASS: TestJSweepWorkflowConfiguration/RunsTests (0.00s)
    --- PASS: TestJSweepWorkflowConfiguration/TestingRequirements (0.00s)
    --- PASS: TestJSweepWorkflowConfiguration/WorkflowDescription (0.00s)
    --- PASS: TestJSweepWorkflowConfiguration/PrioritizesTsNocheck (0.00s)
    --- PASS: TestJSweepWorkflowConfiguration/UsesRandomizedRecentFallbackSelection (0.00s)
    --- PASS: TestJSweepWorkflowConfiguration/RemovesTsNocheck (0.00s)
    --- PASS: TestJSweepWorkflowConfiguration/HasValidLockFile (0.00s)
    --- PASS: TestJSweepWorkflowConfiguration/HasDoneConditions (0.00s)
    --- PASS: TestJSweepWorkflowConfiguration/OneFilePerRunStopsAfterPR (0.00s)
    --- PASS: TestJSweepWorkflowConfiguration/UsesReposToolsetWithoutSerenaImport (0.00s)
    --- PASS: TestJSweepWorkflowConfiguration/LeastPrivilegePermissions (0.00s)
    --- PASS: TestJSweepWorkflowConfiguration/BatchedValidationCommand (0.00s)
    --- PASS: TestJSweepWorkflowConfiguration/BranchPrefixSignedSlash (0.00s)
=== RUN   TestJSweepWorkflowLockFile
=== RUN   TestJSweepWorkflowLockFile/CompiledProcessesSingleFile
=== RUN   TestJSweepWorkflowLockFile/CompiledTypeScriptValidation
=== RUN   TestJSweepWorkflowLockFile/CompiledPrettierFormatting
=== RUN   TestJSweepWorkflowLockFile/CompiledTsNocheckPrioritization
--- PASS: TestJSweepWorkflowLockFile (0.00s)
    --- PASS: TestJSweepWorkflowLockFile/CompiledProcessesSingleFile (0.00s)
    --- PASS: TestJSweepWorkflowLockFile/CompiledTypeScriptValidation (0.00s)
    --- PASS: TestJSweepWorkflowLockFile/CompiledPrettierFormatting (0.00s)
    --- PASS: TestJSweepWorkflowLockFile/CompiledTsNocheckPrioritization (0.00s)
=== RUN   TestDetectKnownCredentialLeakingActions
=== RUN   TestDetectKnownCredentialLeakingActions/no_steps
=== RUN   TestDetectKnownCredentialLeakingActions/no_known_actions
=== RUN   TestDetectKnownCredentialLeakingActions/google-github-actions/auth_detected
=== RUN   TestDetectKnownCredentialLeakingActions/aws-actions/configure-aws-credentials_detected
=== RUN   TestDetectKnownCredentialLeakingActions/azure/login_detected
=== RUN   TestDetectKnownCredentialLeakingActions/docker/login-action_detected
=== RUN   TestDetectKnownCredentialLeakingActions/actions/checkout_without_ssh-key_not_detected
=== RUN   TestDetectKnownCredentialLeakingActions/actions/checkout_with_ssh-key_detected
=== RUN   TestDetectKnownCredentialLeakingActions/actions/checkout_with_empty_ssh-key_not_detected
=== RUN   TestDetectKnownCredentialLeakingActions/actions/checkout_with_whitespace-only_ssh-key_not_detected
=== RUN   TestDetectKnownCredentialLeakingActions/multiple_known_actions_detected
=== RUN   TestDetectKnownCredentialLeakingActions/all_known_actions_detected
=== RUN   TestDetectKnownCredentialLeakingActions/action_without_version_suffix_matches
=== RUN   TestDetectKnownCredentialLeakingActions/action_with_commit_SHA_matches
=== RUN   TestDetectKnownCredentialLeakingActions/action_with_inline_comment_stripped
=== RUN   TestDetectKnownCredentialLeakingActions/run_step_(no_uses)_ignored
=== RUN   TestDetectKnownCredentialLeakingActions/partial_prefix_does_not_match
--- PASS: TestDetectKnownCredentialLeakingActions (0.00s)
    --- PASS: TestDetectKnownCredentialLeakingActions/no_steps (0.00s)
    --- PASS: TestDetectKnownCredentialLeakingActions/no_known_actions (0.00s)
    --- PASS: TestDetectKnownCredentialLeakingActions/google-github-actions/auth_detected (0.00s)
    --- PASS: TestDetectKnownCredentialLeakingActions/aws-actions/configure-aws-credentials_detected (0.00s)
    --- PASS: TestDetectKnownCredentialLeakingActions/azure/login_detected (0.00s)
    --- PASS: TestDetectKnownCredentialLeakingActions/docker/login-action_detected (0.00s)
    --- PASS: TestDetectKnownCredentialLeakingActions/actions/checkout_without_ssh-key_not_detected (0.00s)
    --- PASS: TestDetectKnownCredentialLeakingActions/actions/checkout_with_ssh-key_detected (0.00s)
    --- PASS: TestDetectKnownCredentialLeakingActions/actions/checkout_with_empty_ssh-key_not_detected (0.00s)
    --- PASS: TestDetectKnownCredentialLeakingActions/actions/checkout_with_whitespace-only_ssh-key_not_detected (0.00s)
    --- PASS: TestDetectKnownCredentialLeakingActions/multiple_known_actions_detected (0.00s)
    --- PASS: TestDetectKnownCredentialLeakingActions/all_known_actions_detected (0.00s)
    --- PASS: TestDetectKnownCredentialLeakingActions/action_without_version_suffix_matches (0.00s)
    --- PASS: TestDetectKnownCredentialLeakingActions/action_with_commit_SHA_matches (0.00s)
    --- PASS: TestDetectKnownCredentialLeakingActions/action_with_inline_comment_stripped (0.00s)
    --- PASS: TestDetectKnownCredentialLeakingActions/run_step_(no_uses)_ignored (0.00s)
    --- PASS: TestDetectKnownCredentialLeakingActions/partial_prefix_does_not_match (0.00s)
=== RUN   TestDetectKnownCredentialLeakingActionsFromYAML
=== RUN   TestDetectKnownCredentialLeakingActionsFromYAML/empty_string
=== RUN   TestDetectKnownCredentialLeakingActionsFromYAML/wrapped_steps_YAML_with_known_action
=== RUN   TestDetectKnownCredentialLeakingActionsFromYAML/bare_sequence_YAML_with_known_action
=== RUN   TestDetectKnownCredentialLeakingActionsFromYAML/wrapped_steps_YAML_with_no_known_actions
--- PASS: TestDetectKnownCredentialLeakingActionsFromYAML (0.00s)
    --- PASS: TestDetectKnownCredentialLeakingActionsFromYAML/empty_string (0.00s)
    --- PASS: TestDetectKnownCredentialLeakingActionsFromYAML/wrapped_steps_YAML_with_known_action (0.00s)
    --- PASS: TestDetectKnownCredentialLeakingActionsFromYAML/bare_sequence_YAML_with_known_action (0.00s)
    --- PASS: TestDetectKnownCredentialLeakingActionsFromYAML/wrapped_steps_YAML_with_no_known_actions (0.00s)
=== RUN   TestGenerateCredentialsCleanerStep
=== RUN   TestGenerateCredentialsCleanerStep/no_known_actions_-_only_git_credentials_script,_no_env_block
=== RUN   TestGenerateCredentialsCleanerStep/empty_map_-_same_as_nil
=== RUN   TestGenerateCredentialsCleanerStep/generates_merged_step_for_single_known_action
=== RUN   TestGenerateCredentialsCleanerStep/generates_merged_step_for_multiple_known_actions
=== RUN   TestGenerateCredentialsCleanerStep/env_vars_are_in_deterministic_order
=== RUN   TestGenerateCredentialsCleanerStep/proper_YAML_indentation_for_job_step_level
--- PASS: TestGenerateCredentialsCleanerStep (0.00s)
    --- PASS: TestGenerateCredentialsCleanerStep/no_known_actions_-_only_git_credentials_script,_no_env_block (0.00s)
    --- PASS: TestGenerateCredentialsCleanerStep/empty_map_-_same_as_nil (0.00s)
    --- PASS: TestGenerateCredentialsCleanerStep/generates_merged_step_for_single_known_action (0.00s)
    --- PASS: TestGenerateCredentialsCleanerStep/generates_merged_step_for_multiple_known_actions (0.00s)
    --- PASS: TestGenerateCredentialsCleanerStep/env_vars_are_in_deterministic_order (0.00s)
    --- PASS: TestGenerateCredentialsCleanerStep/proper_YAML_indentation_for_job_step_level (0.00s)
=== RUN   TestKnownActionCredentialCleanerInCompiledWorkflow
=== RUN   TestKnownActionCredentialCleanerInCompiledWorkflow/no_known_actions_-_no_cleanup_step
⚠ Unable to resolve actions/setup-node@v4 dynamically, using hardcoded pin for actions/setup-node@v6.4.0
=== RUN   TestKnownActionCredentialCleanerInCompiledWorkflow/aws_credentials_action_triggers_cleanup
=== RUN   TestKnownActionCredentialCleanerInCompiledWorkflow/gcp_auth_action_triggers_cleanup
=== RUN   TestKnownActionCredentialCleanerInCompiledWorkflow/multiple_known_actions_triggers_targeted_cleanup
⚠ Unable to resolve docker/login-action@v3 dynamically, using hardcoded pin for docker/login-action@v4.2.0
=== RUN   TestKnownActionCredentialCleanerInCompiledWorkflow/checkout_without_ssh-key_does_not_trigger_ssh_cleanup
⚠ Unable to resolve actions/checkout@v4 dynamically, using hardcoded pin for actions/checkout@v7.0.0
=== RUN   TestKnownActionCredentialCleanerInCompiledWorkflow/checkout_with_ssh-key_triggers_ssh_cleanup
⚠ Unable to resolve actions/checkout@v4 dynamically, using hardcoded pin for actions/checkout@v7.0.0
--- PASS: TestKnownActionCredentialCleanerInCompiledWorkflow (0.03s)
    --- PASS: TestKnownActionCredentialCleanerInCompiledWorkflow/no_known_actions_-_no_cleanup_step (0.00s)
    --- PASS: TestKnownActionCredentialCleanerInCompiledWorkflow/aws_credentials_action_triggers_cleanup (0.00s)
    --- PASS: TestKnownActionCredentialCleanerInCompiledWorkflow/gcp_auth_action_triggers_cleanup (0.00s)
    --- PASS: TestKnownActionCredentialCleanerInCompiledWorkflow/multiple_known_actions_triggers_targeted_cleanup (0.00s)
    --- PASS: TestKnownActionCredentialCleanerInCompiledWorkflow/checkout_without_ssh-key_does_not_trigger_ssh_cleanup (0.00s)
    --- PASS: TestKnownActionCredentialCleanerInCompiledWorkflow/checkout_with_ssh-key_triggers_ssh_cleanup (0.01s)
=== RUN   TestKnownActionCleanerPrecedesAgentExecution
--- PASS: TestKnownActionCleanerPrecedesAgentExecution (0.00s)
=== RUN   TestMergeKnownActionEnvVars
=== RUN   TestMergeKnownActionEnvVars/both_nil
=== RUN   TestMergeKnownActionEnvVars/one_nil
=== RUN   TestMergeKnownActionEnvVars/both_populated,_no_overlap
=== RUN   TestMergeKnownActionEnvVars/both_populated,_with_overlap
--- PASS: TestMergeKnownActionEnvVars (0.00s)
    --- PASS: TestMergeKnownActionEnvVars/both_nil (0.00s)
    --- PASS: TestMergeKnownActionEnvVars/one_nil (0.00s)
    --- PASS: TestMergeKnownActionEnvVars/both_populated,_no_overlap (0.00s)
    --- PASS: TestMergeKnownActionEnvVars/both_populated,_with_overlap (0.00s)
=== RUN   TestGenerateKnownNeedsExpressions
=== RUN   TestGenerateKnownNeedsExpressions/basic_pre_activation_job_only_-_no_command
=== RUN   TestGenerateKnownNeedsExpressions/pre_activation_with_command_-_includes_matched_command
=== RUN   TestGenerateKnownNeedsExpressions/no_pre_activation_job_-_no_pre_activation_outputs
=== RUN   TestGenerateKnownNeedsExpressions/with_custom_job_before_activation
=== RUN   TestGenerateKnownNeedsExpressions/with_custom_job_without_explicit_needs
=== RUN   TestGenerateKnownNeedsExpressions/with_custom_job_after_activation
=== RUN   TestGenerateKnownNeedsExpressions/safe_outputs_should_not_be_included
--- PASS: TestGenerateKnownNeedsExpressions (0.00s)
    --- PASS: TestGenerateKnownNeedsExpressions/basic_pre_activation_job_only_-_no_command (0.00s)
    --- PASS: TestGenerateKnownNeedsExpressions/pre_activation_with_command_-_includes_matched_command (0.00s)
    --- PASS: TestGenerateKnownNeedsExpressions/no_pre_activation_job_-_no_pre_activation_outputs (0.00s)
    --- PASS: TestGenerateKnownNeedsExpressions/with_custom_job_before_activation (0.00s)
    --- PASS: TestGenerateKnownNeedsExpressions/with_custom_job_without_explicit_needs (0.00s)
    --- PASS: TestGenerateKnownNeedsExpressions/with_custom_job_after_activation (0.00s)
    --- PASS: TestGenerateKnownNeedsExpressions/safe_outputs_should_not_be_included (0.00s)
=== RUN   TestNormalizeJobNameForEnvVar
=== RUN   TestNormalizeJobNameForEnvVar/activation
=== RUN   TestNormalizeJobNameForEnvVar/pre_activation
=== RUN   TestNormalizeJobNameForEnvVar/agent
=== RUN   TestNormalizeJobNameForEnvVar/my-custom-job
=== RUN   TestNormalizeJobNameForEnvVar/job_with_numbers_123
--- PASS: TestNormalizeJobNameForEnvVar (0.00s)
    --- PASS: TestNormalizeJobNameForEnvVar/activation (0.00s)
    --- PASS: TestNormalizeJobNameForEnvVar/pre_activation (0.00s)
    --- PASS: TestNormalizeJobNameForEnvVar/agent (0.00s)
    --- PASS: TestNormalizeJobNameForEnvVar/my-custom-job (0.00s)
    --- PASS: TestNormalizeJobNameForEnvVar/job_with_numbers_123 (0.00s)
=== RUN   TestGetCustomJobsBeforeActivation
=== RUN   TestGetCustomJobsBeforeActivation/no_custom_jobs
=== RUN   TestGetCustomJobsBeforeActivation/job_with_no_dependencies_runs_AFTER_activation_(auto-added_needs)
=== RUN   TestGetCustomJobsBeforeActivation/job_depending_on_pre_activation_runs_before_activation
=== RUN   TestGetCustomJobsBeforeActivation/job_depending_on_activation_runs_after
=== RUN   TestGetCustomJobsBeforeActivation/job_depending_on_agent_runs_after
=== RUN   TestGetCustomJobsBeforeActivation/job_depending_on_both_pre_activation_and_activation_runs_after
=== RUN   TestGetCustomJobsBeforeActivation/mixed_jobs_-_only_pre_activation_dependencies_included
--- PASS: TestGetCustomJobsBeforeActivation (0.00s)
    --- PASS: TestGetCustomJobsBeforeActivation/no_custom_jobs (0.00s)
    --- PASS: TestGetCustomJobsBeforeActivation/job_with_no_dependencies_runs_AFTER_activation_(auto-added_needs) (0.00s)
    --- PASS: TestGetCustomJobsBeforeActivation/job_depending_on_pre_activation_runs_before_activation (0.00s)
    --- PASS: TestGetCustomJobsBeforeActivation/job_depending_on_activation_runs_after (0.00s)
    --- PASS: TestGetCustomJobsBeforeActivation/job_depending_on_agent_runs_after (0.00s)
    --- PASS: TestGetCustomJobsBeforeActivation/job_depending_on_both_pre_activation_and_activation_runs_after (0.00s)
    --- PASS: TestGetCustomJobsBeforeActivation/mixed_jobs_-_only_pre_activation_dependencies_included (0.00s)
=== RUN   TestGenerateKnownNeedsExpressions_EnvVarFormat
--- PASS: TestGenerateKnownNeedsExpressions_EnvVarFormat (0.00s)
=== RUN   TestParseNeedsField
=== RUN   TestParseNeedsField/string_single_dependency
=== RUN   TestParseNeedsField/string_array
=== RUN   TestParseNeedsField/any_array
=== RUN   TestParseNeedsField/empty_array
=== RUN   TestParseNeedsField/nil_input
=== RUN   TestParseNeedsField/invalid_type
=== RUN   TestParseNeedsField/mixed_any_array_with_non-strings
--- PASS: TestParseNeedsField (0.00s)
    --- PASS: TestParseNeedsField/string_single_dependency (0.00s)
    --- PASS: TestParseNeedsField/string_array (0.00s)
    --- PASS: TestParseNeedsField/any_array (0.00s)
    --- PASS: TestParseNeedsField/empty_array (0.00s)
    --- PASS: TestParseNeedsField/nil_input (0.00s)
    --- PASS: TestParseNeedsField/invalid_type (0.00s)
    --- PASS: TestParseNeedsField/mixed_any_array_with_non-strings (0.00s)
=== RUN   TestKnownNeedsExpressionsIntegration
/tmp/TestKnownNeedsExpressionsIntegration677823302/001/test-workflow.md: info: Tip: set permissions.copilot-requests: write to use GitHub Actions token-based inference with the Copilot engine instead of a personal access token (COPILOT_GITHUB_TOKEN). This option requires that your organization has centralized Copilot billing enabled and may not be available in all organizations — see https://github.github.com/gh-aw/reference/billing/ for details.

--- PASS: TestKnownNeedsExpressionsIntegration (0.01s)
=== RUN   TestParseNeedsFieldArrayTypes
=== RUN   TestParseNeedsFieldArrayTypes/array_with_single_item
=== RUN   TestParseNeedsFieldArrayTypes/array_with_multiple_items
--- PASS: TestParseNeedsFieldArrayTypes (0.00s)
    --- PASS: TestParseNeedsFieldArrayTypes/array_with_single_item (0.00s)
    --- PASS: TestParseNeedsFieldArrayTypes/array_with_multiple_items (0.00s)
=== RUN   TestFilterExpressionsForActivation
=== RUN   TestFilterExpressionsForActivation/nil_customJobs_returns_all_mappings_unchanged
=== RUN   TestFilterExpressionsForActivation/empty_mappings_returns_empty_slice
=== RUN   TestFilterExpressionsForActivation/job_in_beforeActivationJobs_is_kept
=== RUN   TestFilterExpressionsForActivation/job_NOT_in_beforeActivationJobs_is_filtered_out
=== RUN   TestFilterExpressionsForActivation/nil_beforeActivationJobs_filters_all_custom_job_expressions
=== RUN   TestFilterExpressionsForActivation/non-custom-job_needs.*_expression_is_always_kept
=== RUN   TestFilterExpressionsForActivation/non-needs_expression_is_always_kept_regardless_of_beforeActivationJobs
=== RUN   TestFilterExpressionsForActivation/malformed_needs_expression_without_second_dot_is_kept
--- PASS: TestFilterExpressionsForActivation (0.00s)
    --- PASS: TestFilterExpressionsForActivation/nil_customJobs_returns_all_mappings_unchanged (0.00s)
    --- PASS: TestFilterExpressionsForActivation/empty_mappings_returns_empty_slice (0.00s)
    --- PASS: TestFilterExpressionsForActivation/job_in_beforeActivationJobs_is_kept (0.00s)
    --- PASS: TestFilterExpressionsForActivation/job_NOT_in_beforeActivationJobs_is_filtered_out (0.00s)
    --- PASS: TestFilterExpressionsForActivation/nil_beforeActivationJobs_filters_all_custom_job_expressions (0.00s)
    --- PASS: TestFilterExpressionsForActivation/non-custom-job_needs.*_expression_is_always_kept (0.00s)
    --- PASS: TestFilterExpressionsForActivation/non-needs_expression_is_always_kept_regardless_of_beforeActivationJobs (0.00s)
    --- PASS: TestFilterExpressionsForActivation/malformed_needs_expression_without_second_dot_is_kept (0.00s)
=== RUN   TestFilterExpressionsForActivationEndToEnd
/tmp/TestFilterExpressionsForActivationEndToEnd3660264701/001/test-filter-workflow.md: info: Tip: set permissions.copilot-requests: write to use GitHub Actions token-based inference with the Copilot engine instead of a personal access token (COPILOT_GITHUB_TOKEN). This option requires that your organization has centralized Copilot billing enabled and may not be available in all organizations — see https://github.github.com/gh-aw/reference/billing/ for details.

--- PASS: TestFilterExpressionsForActivationEndToEnd (0.01s)
=== RUN   TestLabelCommandShorthandPreprocessing
=== RUN   TestLabelCommandShorthandPreprocessing/simple_label-command_shorthand
=== RUN   TestLabelCommandShorthandPreprocessing/label-command_with_hyphenated_label
=== RUN   TestLabelCommandShorthandPreprocessing/label-command_without_label_name
--- PASS: TestLabelCommandShorthandPreprocessing (0.00s)
    --- PASS: TestLabelCommandShorthandPreprocessing/simple_label-command_shorthand (0.00s)
    --- PASS: TestLabelCommandShorthandPreprocessing/label-command_with_hyphenated_label (0.00s)
    --- PASS: TestLabelCommandShorthandPreprocessing/label-command_without_label_name (0.00s)
=== RUN   TestExpandLabelCommandShorthand
--- PASS: TestExpandLabelCommandShorthand (0.00s)
=== RUN   TestFilterLabelCommandEvents
=== RUN   TestFilterLabelCommandEvents/nil_identifiers_returns_all_events
=== RUN   TestFilterLabelCommandEvents/empty_identifiers_returns_all_events
=== RUN   TestFilterLabelCommandEvents/single_issues_event
=== RUN   TestFilterLabelCommandEvents/issues_and_pull_request_only
=== RUN   TestFilterLabelCommandEvents/unsupported_event_is_filtered_out
--- PASS: TestFilterLabelCommandEvents (0.00s)
    --- PASS: TestFilterLabelCommandEvents/nil_identifiers_returns_all_events (0.00s)
    --- PASS: TestFilterLabelCommandEvents/empty_identifiers_returns_all_events (0.00s)
    --- PASS: TestFilterLabelCommandEvents/single_issues_event (0.00s)
    --- PASS: TestFilterLabelCommandEvents/issues_and_pull_request_only (0.00s)
    --- PASS: TestFilterLabelCommandEvents/unsupported_event_is_filtered_out (0.00s)
=== RUN   TestBuildLabelCommandCondition
=== RUN   TestBuildLabelCommandCondition/single_label_all_events_no_other_events
=== RUN   TestBuildLabelCommandCondition/multiple_labels_all_events
=== RUN   TestBuildLabelCommandCondition/single_label_issues_only
=== RUN   TestBuildLabelCommandCondition/no_label_names_returns_error
--- PASS: TestBuildLabelCommandCondition (0.00s)
    --- PASS: TestBuildLabelCommandCondition/single_label_all_events_no_other_events (0.00s)
    --- PASS: TestBuildLabelCommandCondition/multiple_labels_all_events (0.00s)
    --- PASS: TestBuildLabelCommandCondition/single_label_issues_only (0.00s)
    --- PASS: TestBuildLabelCommandCondition/no_label_names_returns_error (0.00s)
=== RUN   TestBuildDispatchLabelCommandCondition
--- PASS: TestBuildDispatchLabelCommandCondition (0.00s)
=== RUN   TestLabelCommandWorkflowCompile
/tmp/TestLabelCommandWorkflowCompile2470050915/001/label-command-test.md: info: Tip: set permissions.copilot-requests: write to use GitHub Actions token-based inference with the Copilot engine instead of a personal access token (COPILOT_GITHUB_TOKEN). This option requires that your organization has centralized Copilot billing enabled and may not be available in all organizations — see https://github.github.com/gh-aw/reference/billing/ for details.

✓ /tmp/TestLabelCommandWorkflowCompile2470050915/001/label-command-test.md (82.0 KB)
--- PASS: TestLabelCommandWorkflowCompile (0.02s)
=== RUN   TestLabelCommandWorkflowCompileShorthand
/tmp/TestLabelCommandWorkflowCompileShorthand474285686/001/label-command-shorthand.md: info: Tip: set permissions.copilot-requests: write to use GitHub Actions token-based inference with the Copilot engine instead of a personal access token (COPILOT_GITHUB_TOKEN). This option requires that your organization has centralized Copilot billing enabled and may not be available in all organizations — see https://github.github.com/gh-aw/reference/billing/ for details.

✓ /tmp/TestLabelCommandWorkflowCompileShorthand474285686/001/label-command-shorthand.md (82.4 KB)
--- PASS: TestLabelCommandWorkflowCompileShorthand (0.01s)
=== RUN   TestLabelCommandWorkflowWithEvents
/tmp/TestLabelCommandWorkflowWithEvents534233696/001/label-command-issues-only.md: info: Tip: set permissions.copilot-requests: write to use GitHub Actions token-based inference with the Copilot engine instead of a personal access token (COPILOT_GITHUB_TOKEN). This option requires that your organization has centralized Copilot billing enabled and may not be available in all organizations — see https://github.github.com/gh-aw/reference/billing/ for details.

✓ /tmp/TestLabelCommandWorkflowWithEvents534233696/001/label-command-issues-only.md (81.8 KB)
--- PASS: TestLabelCommandWorkflowWithEvents (0.02s)
=== RUN   TestLabelCommandNoClashWithExistingLabelTrigger
/tmp/TestLabelCommandNoClashWithExistingLabelTrigger4203521156/001/no-clash-test.md: info: Tip: set permissions.copilot-requests: write to use GitHub Actions token-based inference with the Copilot engine instead of a personal access token (COPILOT_GITHUB_TOKEN). This option requires that your organization has centralized Copilot billing enabled and may not be available in all organizations — see https://github.github.com/gh-aw/reference/billing/ for details.

✓ /tmp/TestLabelCommandNoClashWithExistingLabelTrigger4203521156/001/no-clash-test.md (83.5 KB)
--- PASS: TestLabelCommandNoClashWithExistingLabelTrigger (0.01s)
=== RUN   TestLabelCommandConflictWithNonLabelTrigger
--- PASS: TestLabelCommandConflictWithNonLabelTrigger (0.00s)
=== RUN   TestLabelCommandRemoveLabelDisabled
/tmp/TestLabelCommandRemoveLabelDisabled1088625086/001/label-command-no-remove.md: info: Tip: set permissions.copilot-requests: write to use GitHub Actions token-based inference with the Copilot engine instead of a personal access token (COPILOT_GITHUB_TOKEN). This option requires that your organization has centralized Copilot billing enabled and may not be available in all organizations — see https://github.github.com/gh-aw/reference/billing/ for details.

✓ /tmp/TestLabelCommandRemoveLabelDisabled1088625086/001/label-command-no-remove.md (79.1 KB)
--- PASS: TestLabelCommandRemoveLabelDisabled (0.02s)
=== RUN   TestLabelCommandRemoveLabelDefaultTrue
/tmp/TestLabelCommandRemoveLabelDefaultTrue872330080/001/label-command-default-remove.md: info: Tip: set permissions.copilot-requests: write to use GitHub Actions token-based inference with the Copilot engine instead of a personal access token (COPILOT_GITHUB_TOKEN). This option requires that your organization has centralized Copilot billing enabled and may not be available in all organizations — see https://github.github.com/gh-aw/reference/billing/ for details.

✓ /tmp/TestLabelCommandRemoveLabelDefaultTrue872330080/001/label-command-default-remove.md (82.4 KB)
--- PASS: TestLabelCommandRemoveLabelDefaultTrue (0.01s)
=== RUN   TestLabelCommandWorkflowCompileDecentralizedStrategy
/tmp/TestLabelCommandWorkflowCompileDecentralizedStrategy2720484930/001/label-command-decentralized.md: info: Tip: set permissions.copilot-requests: write to use GitHub Actions token-based inference with the Copilot engine instead of a personal access token (COPILOT_GITHUB_TOKEN). This option requires that your organization has centralized Copilot billing enabled and may not be available in all organizations — see https://github.github.com/gh-aw/reference/billing/ for details.

✓ /tmp/TestLabelCommandWorkflowCompileDecentralizedStrategy2720484930/001/label-command-decentralized.md (84.0 KB)
--- PASS: TestLabelCommandWorkflowCompileDecentralizedStrategy (0.01s)
=== RUN   TestLabelFilter
=== RUN   TestLabelFilter/issues_with_labeled_and_single_label_name
/tmp/gh-aw-test-runs/20260704-173215-1254793/label-filter-test3601905208/test-label-filter.md: info: Tip: set permissions.copilot-requests: write to use GitHub Actions token-based inference with the Copilot engine instead of a personal access token (COPILOT_GITHUB_TOKEN). This option requires that your organization has centralized Copilot billing enabled and may not be available in all organizations — see https://github.github.com/gh-aw/reference/billing/ for details.

✓ /tmp/gh-aw-test-runs/20260704-173215-1254793/label-filter-test3601905208/test-label-filter.md (79.1 KB)
=== RUN   TestLabelFilter/issues_with_labeled_and_multiple_label_names
/tmp/gh-aw-test-runs/20260704-173215-1254793/label-filter-test3601905208/test-label-filter.md: info: Tip: set permissions.copilot-requests: write to use GitHub Actions token-based inference with the Copilot engine instead of a personal access token (COPILOT_GITHUB_TOKEN). This option requires that your organization has centralized Copilot billing enabled and may not be available in all organizations — see https://github.github.com/gh-aw/reference/billing/ for details.

✓ /tmp/gh-aw-test-runs/20260704-173215-1254793/label-filter-test3601905208/test-label-filter.md (79.5 KB)
=== RUN   TestLabelFilter/issues_with_unlabeled_and_label_names
/tmp/gh-aw-test-runs/20260704-173215-1254793/label-filter-test3601905208/test-label-filter.md: info: Tip: set permissions.copilot-requests: write to use GitHub Actions token-based inference with the Copilot engine instead of a personal access token (COPILOT_GITHUB_TOKEN). This option requires that your organization has centralized Copilot billing enabled and may not be available in all organizations — see https://github.github.com/gh-aw/reference/billing/ for details.

✓ /tmp/gh-aw-test-runs/20260704-173215-1254793/label-filter-test3601905208/test-label-filter.md (79.3 KB)
=== RUN   TestLabelFilter/issues_with_both_labeled_and_unlabeled
/tmp/gh-aw-test-runs/20260704-173215-1254793/label-filter-test3601905208/test-label-filter.md: info: Tip: set permissions.copilot-requests: write to use GitHub Actions token-based inference with the Copilot engine instead of a personal access token (COPILOT_GITHUB_TOKEN). This option requires that your organization has centralized Copilot billing enabled and may not be available in all organizations — see https://github.github.com/gh-aw/reference/billing/ for details.

✓ /tmp/gh-aw-test-runs/20260704-173215-1254793/label-filter-test3601905208/test-label-filter.md (79.4 KB)
=== RUN   TestLabelFilter/pull_request_with_labeled_and_label_names
/tmp/gh-aw-test-runs/20260704-173215-1254793/label-filter-test3601905208/test-label-filter.md: info: Tip: set permissions.copilot-requests: write to use GitHub Actions token-based inference with the Copilot engine instead of a personal access token (COPILOT_GITHUB_TOKEN). This option requires that your organization has centralized Copilot billing enabled and may not be available in all organizations — see https://github.github.com/gh-aw/reference/billing/ for details.

✓ /tmp/gh-aw-test-runs/20260704-173215-1254793/label-filter-test3601905208/test-label-filter.md (79.5 KB)
=== RUN   TestLabelFilter/issues_without_labeled/unlabeled_types
/tmp/gh-aw-test-runs/20260704-173215-1254793/label-filter-test3601905208/test-label-filter.md: info: Tip: set permissions.copilot-requests: write to use GitHub Actions token-based inference with the Copilot engine instead of a personal access token (COPILOT_GITHUB_TOKEN). This option requires that your organization has centralized Copilot billing enabled and may not be available in all organizations — see https://github.github.com/gh-aw/reference/billing/ for details.

✓ /tmp/gh-aw-test-runs/20260704-173215-1254793/label-filter-test3601905208/test-label-filter.md (78.9 KB)
=== RUN   TestLabelFilter/issues_with_labeled_but_no_names_field
/tmp/gh-aw-test-runs/20260704-173215-1254793/label-filter-test3601905208/test-label-filter.md: info: Tip: set permissions.copilot-requests: write to use GitHub Actions token-based inference with the Copilot engine instead of a personal access token (COPILOT_GITHUB_TOKEN). This option requires that your organization has centralized Copilot billing enabled and may not be available in all organizations — see https://github.github.com/gh-aw/reference/billing/ for details.

✓ /tmp/gh-aw-test-runs/20260704-173215-1254793/label-filter-test3601905208/test-label-filter.md (78.8 KB)
--- PASS: TestLabelFilter (0.07s)
    --- PASS: TestLabelFilter/issues_with_labeled_and_single_label_name (0.01s)
    --- PASS: TestLabelFilter/issues_with_labeled_and_multiple_label_names (0.01s)
    --- PASS: TestLabelFilter/issues_with_unlabeled_and_label_names (0.01s)
    --- PASS: TestLabelFilter/issues_with_both_labeled_and_unlabeled (0.01s)
    --- PASS: TestLabelFilter/pull_request_with_labeled_and_label_names (0.01s)
    --- PASS: TestLabelFilter/issues_without_labeled/unlabeled_types (0.01s)
    --- PASS: TestLabelFilter/issues_with_labeled_but_no_names_field (0.01s)
=== RUN   TestLabelFilterCommentedOut
/tmp/gh-aw-test-runs/20260704-173215-1254793/label-filter-comment-test582331767/test-comment.md: info: Tip: set permissions.copilot-requests: write to use GitHub Actions token-based inference with the Copilot engine instead of a personal access token (COPILOT_GITHUB_TOKEN). This option requires that your organization has centralized Copilot billing enabled and may not be available in all organizations — see https://github.github.com/gh-aw/reference/billing/ for details.

✓ /tmp/gh-aw-test-runs/20260704-173215-1254793/label-filter-comment-test582331767/test-comment.md (79.3 KB)
--- PASS: TestLabelFilterCommentedOut (0.01s)
=== RUN   TestExtractLabelNames
=== RUN   TestExtractLabelNames/single_label_name_as_string
=== RUN   TestExtractLabelNames/multiple_label_names_as_array
=== RUN   TestExtractLabelNames/no_labels_field_returns_nil
=== RUN   TestExtractLabelNames/no_on_section_returns_nil
--- PASS: TestExtractLabelNames (0.00s)
    --- PASS: TestExtractLabelNames/single_label_name_as_string (0.00s)
    --- PASS: TestExtractLabelNames/multiple_label_names_as_array (0.00s)
    --- PASS: TestExtractLabelNames/no_labels_field_returns_nil (0.00s)
    --- PASS: TestExtractLabelNames/no_on_section_returns_nil (0.00s)
=== RUN   TestBuildLabelNamesCondition
=== RUN   TestBuildLabelNamesCondition/single_label_name
=== RUN   TestBuildLabelNamesCondition/multiple_label_names
=== RUN   TestBuildLabelNamesCondition/label_name_with_single_quote
--- PASS: TestBuildLabelNamesCondition (0.00s)
    --- PASS: TestBuildLabelNamesCondition/single_label_name (0.00s)
    --- PASS: TestBuildLabelNamesCondition/multiple_label_names (0.00s)
    --- PASS: TestBuildLabelNamesCondition/label_name_with_single_quote (0.00s)
=== RUN   TestLabelNamesPreActivationFilter
=== RUN   TestLabelNamesPreActivationFilter/pull_request_target_with_single_labels
/tmp/gh-aw-test-runs/20260704-173215-1254793/labels-filter-test2810306304/test-pull_request_target-with-single-labels.md: warning: pull_request_target trigger with checkout enabled is extremely insecure.

This event runs with full write permissions and access to repository secrets,
but the workflow will check out code from a potentially untrusted PR contributor.
This is a well-known attack vector: a fork PR can inject malicious code that
executes with access to your repository's secrets ("pwn request" attack).

Suggested fix: Use one of these safe patterns:
1) Disable checkout entirely:
checkout: false

2) Check out only the trusted base repo/ref:
checkout:
  repository: ${{ github.repository }}
  ref: ${{ github.event.pull_request.base.sha }}

3) Check out only the trusted base repository and omit ref:
checkout:
  repository: ${{ github.repository }}

You can also use 'ref: ${{ github.event.pull_request.base.ref }}'.
See: https://securitylab.github.com/resources/github-actions-preventing-pwn-requests/

/tmp/gh-aw-test-runs/20260704-173215-1254793/labels-filter-test2810306304/test-pull_request_target-with-single-labels.md: info: Tip: set permissions.copilot-requests: write to use GitHub Actions token-based inference with the Copilot engine instead of a personal access token (COPILOT_GITHUB_TOKEN). This option requires that your organization has centralized Copilot billing enabled and may not be available in all organizations — see https://github.github.com/gh-aw/reference/billing/ for details.

✓ /tmp/gh-aw-test-runs/20260704-173215-1254793/labels-filter-test2810306304/test-pull_request_target-with-single-labels.md (79.6 KB)
=== RUN   TestLabelNamesPreActivationFilter/pull_request_target_with_multiple_labels
/tmp/gh-aw-test-runs/20260704-173215-1254793/labels-filter-test2810306304/test-pull_request_target-with-multiple-labels.md: warning: pull_request_target trigger with checkout enabled is extremely insecure.

This event runs with full write permissions and access to repository secrets,
but the workflow will check out code from a potentially untrusted PR contributor.
This is a well-known attack vector: a fork PR can inject malicious code that
executes with access to your repository's secrets ("pwn request" attack).

Suggested fix: Use one of these safe patterns:
1) Disable checkout entirely:
checkout: false

2) Check out only the trusted base repo/ref:
checkout:
  repository: ${{ github.repository }}
  ref: ${{ github.event.pull_request.base.sha }}

3) Check out only the trusted base repository and omit ref:
checkout:
  repository: ${{ github.repository }}

You can also use 'ref: ${{ github.event.pull_request.base.ref }}'.
See: https://securitylab.github.com/resources/github-actions-preventing-pwn-requests/

/tmp/gh-aw-test-runs/20260704-173215-1254793/labels-filter-test2810306304/test-pull_request_target-with-multiple-labels.md: info: Tip: set permissions.copilot-requests: write to use GitHub Actions token-based inference with the Copilot engine instead of a personal access token (COPILOT_GITHUB_TOKEN). This option requires that your organization has centralized Copilot billing enabled and may not be available in all organizations — see https://github.github.com/gh-aw/reference/billing/ for details.

✓ /tmp/gh-aw-test-runs/20260704-173215-1254793/labels-filter-test2810306304/test-pull_request_target-with-multiple-labels.md (79.8 KB)
=== RUN   TestLabelNamesPreActivationFilter/pull_request_target_without_labels_has_no_label-filter_if_condition
/tmp/gh-aw-test-runs/20260704-173215-1254793/labels-filter-test2810306304/test-pull_request_target-without-labels-has-no-label-filter-if-condition.md: warning: pull_request_target trigger with checkout enabled is extremely insecure.

This event runs with full write permissions and access to repository secrets,
but the workflow will check out code from a potentially untrusted PR contributor.
This is a well-known attack vector: a fork PR can inject malicious code that
executes with access to your repository's secrets ("pwn request" attack).

Suggested fix: Use one of these safe patterns:
1) Disable checkout entirely:
checkout: false

2) Check out only the trusted base repo/ref:
checkout:
  repository: ${{ github.repository }}
  ref: ${{ github.event.pull_request.base.sha }}

3) Check out only the trusted base repository and omit ref:
checkout:
  repository: ${{ github.repository }}

You can also use 'ref: ${{ github.event.pull_request.base.ref }}'.
See: https://securitylab.github.com/resources/github-actions-preventing-pwn-requests/

/tmp/gh-aw-test-runs/20260704-173215-1254793/labels-filter-test2810306304/test-pull_request_target-without-labels-has-no-label-filter-if-condition.md: info: Tip: set permissions.copilot-requests: write to use GitHub Actions token-based inference with the Copilot engine instead of a personal access token (COPILOT_GITHUB_TOKEN). This option requires that your organization has centralized Copilot billing enabled and may not be available in all organizations — see https://github.github.com/gh-aw/reference/billing/ for details.

✓ /tmp/gh-aw-test-runs/20260704-173215-1254793/labels-filter-test2810306304/test-pull_request_target-without-labels-has-no-label-filter-if-condition.md (80.1 KB)
=== RUN   TestLabelNamesPreActivationFilter/issues_with_labels_generates_pre-activation_if_condition
/tmp/gh-aw-test-runs/20260704-173215-1254793/labels-filter-test2810306304/test-issues-with-labels-generates-pre-activation-if-condition.md: info: Tip: set permissions.copilot-requests: write to use GitHub Actions token-based inference with the Copilot engine instead of a personal access token (COPILOT_GITHUB_TOKEN). This option requires that your organization has centralized Copilot billing enabled and may not be available in all organizations — see https://github.github.com/gh-aw/reference/billing/ for details.

✓ /tmp/gh-aw-test-runs/20260704-173215-1254793/labels-filter-test2810306304/test-issues-with-labels-generates-pre-activation-if-condition.md (80.1 KB)
--- PASS: TestLabelNamesPreActivationFilter (0.04s)
    --- PASS: TestLabelNamesPreActivationFilter/pull_request_target_with_single_labels (0.01s)
    --- PASS: TestLabelNamesPreActivationFilter/pull_request_target_with_multiple_labels (0.01s)
    --- PASS: TestLabelNamesPreActivationFilter/pull_request_target_without_labels_has_no_label-filter_if_condition (0.01s)
    --- PASS: TestLabelNamesPreActivationFilter/issues_with_labels_generates_pre-activation_if_condition (0.01s)
=== RUN   TestLabelNamesDoesNotAffectNestedOnStepsLabels
⚠ Unable to resolve actions/github-script@v8 dynamically, using hardcoded pin for actions/github-script@v9.0.0
/tmp/gh-aw-test-runs/20260704-173215-1254793/labels-nested-steps-test3765527415/test-nested-labels.md: info: Tip: set permissions.copilot-requests: write to use GitHub Actions token-based inference with the Copilot engine instead of a personal access token (COPILOT_GITHUB_TOKEN). This option requires that your organization has centralized Copilot billing enabled and may not be available in all organizations — see https://github.github.com/gh-aw/reference/billing/ for details.

✓ /tmp/gh-aw-test-runs/20260704-173215-1254793/labels-nested-steps-test3765527415/test-nested-labels.md (79.6 KB)
--- PASS: TestLabelNamesDoesNotAffectNestedOnStepsLabels (0.01s)
=== RUN   TestParseLabelTriggerShorthand
=== RUN   TestParseLabelTriggerShorthand/not_a_label_trigger_-_implicit_labeled_(removed)
=== RUN   TestParseLabelTriggerShorthand/not_a_label_trigger_-_implicit_labeled_with_multiple_labels_(removed)
=== RUN   TestParseLabelTriggerShorthand/issue_labeled_with_single_label
=== RUN   TestParseLabelTriggerShorthand/issue_labeled_with_multiple_labels
=== RUN   TestParseLabelTriggerShorthand/pull_request_labeled_with_single_label
=== RUN   TestParseLabelTriggerShorthand/pull_request_labeled_with_multiple_labels
=== RUN   TestParseLabelTriggerShorthand/pull-request_(with_hyphen)_labeled_with_single_label
=== RUN   TestParseLabelTriggerShorthand/pull-request_(with_hyphen)_labeled_with_multiple_labels
=== RUN   TestParseLabelTriggerShorthand/discussion_labeled_with_single_label
=== RUN   TestParseLabelTriggerShorthand/discussion_labeled_with_multiple_labels
=== RUN   TestParseLabelTriggerShorthand/not_a_label_trigger_-_labeled_without_label_names
=== RUN   TestParseLabelTriggerShorthand/not_a_label_trigger_-_issue_labeled_without_label_names
=== RUN   TestParseLabelTriggerShorthand/not_a_label_trigger_-_just_'issue'
=== RUN   TestParseLabelTriggerShorthand/not_a_label_trigger_-_random_text
=== RUN   TestParseLabelTriggerShorthand/not_a_label_trigger_-_schedule
=== RUN   TestParseLabelTriggerShorthand/not_a_label_trigger_-_slash_command
=== RUN   TestParseLabelTriggerShorthand/not_a_label_trigger_-_implicit_labeled_with_hyphens_and_underscores_(removed)
=== RUN   TestParseLabelTriggerShorthand/issue_labeled_with_hyphens_and_underscores
=== RUN   TestParseLabelTriggerShorthand/issue_labeled_with_comma-separated_labels
=== RUN   TestParseLabelTriggerShorthand/issue_labeled_with_comma-separated_single_label
=== RUN   TestParseLabelTriggerShorthand/pull_request_labeled_with_comma-separated_labels
=== RUN   TestParseLabelTriggerShorthand/pull-request_(hyphen)_labeled_with_comma-separated_labels
=== RUN   TestParseLabelTriggerShorthand/discussion_labeled_with_comma-separated_labels
=== RUN   TestParseLabelTriggerShorthand/issue_labeled_with_mixed_comma_and_space_separation
=== RUN   TestParseLabelTriggerShorthand/issue_labeled_with_commas_but_no_spaces
--- PASS: TestParseLabelTriggerShorthand (0.00s)
    --- PASS: TestParseLabelTriggerShorthand/not_a_label_trigger_-_implicit_labeled_(removed) (0.00s)
    --- PASS: TestParseLabelTriggerShorthand/not_a_label_trigger_-_implicit_labeled_with_multiple_labels_(removed) (0.00s)
    --- PASS: TestParseLabelTriggerShorthand/issue_labeled_with_single_label (0.00s)
    --- PASS: TestParseLabelTriggerShorthand/issue_labeled_with_multiple_labels (0.00s)
    --- PASS: TestParseLabelTriggerShorthand/pull_request_labeled_with_single_label (0.00s)
    --- PASS: TestParseLabelTriggerShorthand/pull_request_labeled_with_multiple_labels (0.00s)
    --- PASS: TestParseLabelTriggerShorthand/pull-request_(with_hyphen)_labeled_with_single_label (0.00s)
    --- PASS: TestParseLabelTriggerShorthand/pull-request_(with_hyphen)_labeled_with_multiple_labels (0.00s)
    --- PASS: TestParseLabelTriggerShorthand/discussion_labeled_with_single_label (0.00s)
    --- PASS: TestParseLabelTriggerShorthand/discussion_labeled_with_multiple_labels (0.00s)
    --- PASS: TestParseLabelTriggerShorthand/not_a_label_trigger_-_labeled_without_label_names (0.00s)
    --- PASS: TestParseLabelTriggerShorthand/not_a_label_trigger_-_issue_labeled_without_label_names (0.00s)
    --- PASS: TestParseLabelTriggerShorthand/not_a_label_trigger_-_just_'issue' (0.00s)
    --- PASS: TestParseLabelTriggerShorthand/not_a_label_trigger_-_random_text (0.00s)
    --- PASS: TestParseLabelTriggerShorthand/not_a_label_trigger_-_schedule (0.00s)
    --- PASS: TestParseLabelTriggerShorthand/not_a_label_trigger_-_slash_command (0.00s)
    --- PASS: TestParseLabelTriggerShorthand/not_a_label_trigger_-_implicit_labeled_with_hyphens_and_underscores_(removed) (0.00s)
    --- PASS: TestParseLabelTriggerShorthand/issue_labeled_with_hyphens_and_underscores (0.00s)
    --- PASS: TestParseLabelTriggerShorthand/issue_labeled_with_comma-separated_labels (0.00s)
    --- PASS: TestParseLabelTriggerShorthand/issue_labeled_with_comma-separated_single_label (0.00s)
    --- PASS: TestParseLabelTriggerShorthand/pull_request_labeled_with_comma-separated_labels (0.00s)
    --- PASS: TestParseLabelTriggerShorthand/pull-request_(hyphen)_labeled_with_comma-separated_labels (0.00s)
    --- PASS: TestParseLabelTriggerShorthand/discussion_labeled_with_comma-separated_labels (0.00s)
    --- PASS: TestParseLabelTriggerShorthand/issue_labeled_with_mixed_comma_and_space_separation (0.00s)
    --- PASS: TestParseLabelTriggerShorthand/issue_labeled_with_commas_but_no_spaces (0.00s)
=== RUN   TestParseLabelTriggerShorthandEntityTypeOnError
=== RUN   TestParseLabelTriggerShorthandEntityTypeOnError/pull_request_labeled_with_only_commas_returns_entityType
=== RUN   TestParseLabelTriggerShorthandEntityTypeOnError/issue_labeled_with_only_commas_returns_entityType
=== RUN   TestParseLabelTriggerShorthandEntityTypeOnError/discussion_labeled_with_only_commas_returns_entityType
--- PASS: TestParseLabelTriggerShorthandEntityTypeOnError (0.00s)
    --- PASS: TestParseLabelTriggerShorthandEntityTypeOnError/pull_request_labeled_with_only_commas_returns_entityType (0.00s)
    --- PASS: TestParseLabelTriggerShorthandEntityTypeOnError/issue_labeled_with_only_commas_returns_entityType (0.00s)
    --- PASS: TestParseLabelTriggerShorthandEntityTypeOnError/discussion_labeled_with_only_commas_returns_entityType (0.00s)
=== RUN   TestExpandLabelTriggerShorthand
=== RUN   TestExpandLabelTriggerShorthand/issues_with_single_label
=== RUN   TestExpandLabelTriggerShorthand/issues_with_multiple_labels
=== RUN   TestExpandLabelTriggerShorthand/pull_request_with_single_label
=== RUN   TestExpandLabelTriggerShorthand/pull_request_with_multiple_labels
=== RUN   TestExpandLabelTriggerShorthand/discussion_with_single_label
=== RUN   TestExpandLabelTriggerShorthand/discussion_with_multiple_labels
--- PASS: TestExpandLabelTriggerShorthand (0.00s)
    --- PASS: TestExpandLabelTriggerShorthand/issues_with_single_label (0.00s)
    --- PASS: TestExpandLabelTriggerShorthand/issues_with_multiple_labels (0.00s)
    --- PASS: TestExpandLabelTriggerShorthand/pull_request_with_single_label (0.00s)
    --- PASS: TestExpandLabelTriggerShorthand/pull_request_with_multiple_labels (0.00s)
    --- PASS: TestExpandLabelTriggerShorthand/discussion_with_single_label (0.00s)
    --- PASS: TestExpandLabelTriggerShorthand/discussion_with_multiple_labels (0.00s)
=== RUN   TestGetItemTypeName
=== RUN   TestGetItemTypeName/issues
=== RUN   TestGetItemTypeName/pull_request
=== RUN   TestGetItemTypeName/discussion
=== RUN   TestGetItemTypeName/unknown
--- PASS: TestGetItemTypeName (0.00s)
    --- PASS: TestGetItemTypeName/issues (0.00s)
    --- PASS: TestGetItemTypeName/pull_request (0.00s)
    --- PASS: TestGetItemTypeName/discussion (0.00s)
    --- PASS: TestGetItemTypeName/unknown (0.00s)
=== RUN   TestValidateLabels
=== RUN   TestValidateLabels/valid_labels
=== RUN   TestValidateLabels/no_labels
=== RUN   TestValidateLabels/single_valid_label
=== RUN   TestValidateLabels/empty_label
=== RUN   TestValidateLabels/label_with_leading_whitespace
=== RUN   TestValidateLabels/label_with_trailing_whitespace
=== RUN   TestValidateLabels/label_with_both_leading_and_trailing_whitespace
=== RUN   TestValidateLabels/whitespace-only_label
--- PASS: TestValidateLabels (0.00s)
    --- PASS: TestValidateLabels/valid_labels (0.00s)
    --- PASS: TestValidateLabels/no_labels (0.00s)
    --- PASS: TestValidateLabels/single_valid_label (0.00s)
    --- PASS: TestValidateLabels/empty_label (0.00s)
    --- PASS: TestValidateLabels/label_with_leading_whitespace (0.00s)
    --- PASS: TestValidateLabels/label_with_trailing_whitespace (0.00s)
    --- PASS: TestValidateLabels/label_with_both_leading_and_trailing_whitespace (0.00s)
    --- PASS: TestValidateLabels/whitespace-only_label (0.00s)
=== RUN   TestValidateLabels_NilFrontmatter
--- PASS: TestValidateLabels_NilFrontmatter (0.00s)
=== RUN   TestValidateLabels_NilWorkflowData
--- PASS: TestValidateLabels_NilWorkflowData (0.00s)
=== RUN   TestLockFilesHaveNoBundledRequires
    lock_file_bundling_test.go:39: Found 253 lock.yml files to check
    lock_file_bundling_test.go:49: Checking .github/workflows/ab-testing-advisor.lock.yml
    lock_file_bundling_test.go:49: Checking .github/workflows/ace-editor.lock.yml
    lock_file_bundling_test.go:49: Checking .github/workflows/agent-performance-analyzer.lock.yml
    lock_file_bundling_test.go:49: Checking .github/workflows/agent-persona-explorer.lock.yml
    lock_file_bundling_test.go:49: Checking .github/workflows/agentic-token-audit.lock.yml
    lock_file_bundling_test.go:49: Checking .github/workflows/agentic-token-optimizer.lock.yml
    lock_file_bundling_test.go:49: Checking .github/workflows/agentic-token-trend-audit.lock.yml
    lock_file_bundling_test.go:49: Checking .github/workflows/ai-moderator.lock.yml
    lock_file_bundling_test.go:49: Checking .github/workflows/api-consumption-report.lock.yml
    lock_file_bundling_test.go:49: Checking .github/workflows/approach-validator.lock.yml
    lock_file_bundling_test.go:49: Checking .github/workflows/archie.lock.yml
    lock_file_bundling_test.go:49: Checking .github/workflows/architecture-guardian.lock.yml
    lock_file_bundling_test.go:49: Checking .github/workflows/artifacts-summary.lock.yml
    lock_file_bundling_test.go:49: Checking .github/workflows/audit-workflows.lock.yml
    lock_file_bundling_test.go:49: Checking .github/workflows/auto-triage-issues.lock.yml
    lock_file_bundling_test.go:49: Checking .github/workflows/avenger.lock.yml
    lock_file_bundling_test.go:49: Checking .github/workflows/aw-failure-investigator.lock.yml
    lock_file_bundling_test.go:49: Checking .github/workflows/blog-auditor.lock.yml
    lock_file_bundling_test.go:49: Checking .github/workflows/bot-detection.lock.yml
    lock_file_bundling_test.go:49: Checking .github/workflows/brave.lock.yml
    lock_file_bundling_test.go:49: Checking .github/workflows/breaking-change-checker.lock.yml
    lock_file_bundling_test.go:49: Checking .github/workflows/changeset.lock.yml
    lock_file_bundling_test.go:49: Checking .github/workflows/chaos-pr-bundle-fuzzer.lock.yml
    lock_file_bundling_test.go:49: Checking .github/workflows/ci-coach.lock.yml
    lock_file_bundling_test.go:49: Checking .github/workflows/ci-doctor.lock.yml
    lock_file_bundling_test.go:49: Checking .github/workflows/claude-code-user-docs-review.lock.yml
    lock_file_bundling_test.go:49: Checking .github/workflows/cli-consistency-checker.lock.yml
    lock_file_bundling_test.go:49: Checking .github/workflows/cli-version-checker.lock.yml
    lock_file_bundling_test.go:49: Checking .github/workflows/cloclo.lock.yml
    lock_file_bundling_test.go:49: Checking .github/workflows/code-scanning-fixer.lock.yml
    lock_file_bundling_test.go:49: Checking .github/workflows/code-simplifier.lock.yml
    lock_file_bundling_test.go:49: Checking .github/workflows/codex-github-remote-mcp-test.lock.yml
    lock_file_bundling_test.go:49: Checking .github/workflows/commit-changes-analyzer.lock.yml
    lock_file_bundling_test.go:49: Checking .github/workflows/constraint-solving-potd.lock.yml
    lock_file_bundling_test.go:49: Checking .github/workflows/contribution-check.lock.yml
    lock_file_bundling_test.go:49: Checking .github/workflows/copilot-agent-analysis.lock.yml
    lock_file_bundling_test.go:49: Checking .github/workflows/copilot-centralization-drilldown.lock.yml
    lock_file_bundling_test.go:49: Checking .github/workflows/copilot-centralization-optimizer.lock.yml
    lock_file_bundling_test.go:49: Checking .github/workflows/copilot-cli-deep-research.lock.yml
    lock_file_bundling_test.go:49: Checking .github/workflows/copilot-opt.lock.yml
    lock_file_bundling_test.go:49: Checking .github/workflows/copilot-pr-merged-report.lock.yml
    lock_file_bundling_test.go:49: Checking .github/workflows/copilot-pr-nlp-analysis.lock.yml
    lock_file_bundling_test.go:49: Checking .github/workflows/copilot-pr-prompt-analysis.lock.yml
    lock_file_bundling_test.go:49: Checking .github/workflows/copilot-session-insights.lock.yml
    lock_file_bundling_test.go:49: Checking .github/workflows/craft.lock.yml
    lock_file_bundling_test.go:49: Checking .github/workflows/daily-agent-of-the-day-blog-writer.lock.yml
    lock_file_bundling_test.go:49: Checking .github/workflows/daily-agentrx-trace-optimizer.lock.yml
    lock_file_bundling_test.go:49: Checking .github/workflows/daily-ambient-context-optimizer.lock.yml
    lock_file_bundling_test.go:49: Checking .github/workflows/daily-architecture-diagram.lock.yml
    lock_file_bundling_test.go:49: Checking .github/workflows/daily-assign-issue-to-user.lock.yml
    lock_file_bundling_test.go:49: Checking .github/workflows/daily-astrostylelite-markdown-spellcheck.lock.yml
    lock_file_bundling_test.go:49: Checking .github/workflows/daily-aw-cross-repo-compile-check.lock.yml
    lock_file_bundling_test.go:49: Checking .github/workflows/daily-awf-spec-compiler-surfacing.lock.yml
    lock_file_bundling_test.go:49: Checking .github/workflows/daily-byok-ollama-test.lock.yml
    lock_file_bundling_test.go:49: Checking .github/workflows/daily-cache-strategy-analyzer.lock.yml
    lock_file_bundling_test.go:49: Checking .github/workflows/daily-caveman-optimizer.lock.yml
    lock_file_bundling_test.go:49: Checking .github/workflows/daily-choice-test.lock.yml
    lock_file_bundling_test.go:49: Checking .github/workflows/daily-cli-performance.lock.yml
    lock_file_bundling_test.go:49: Checking .github/workflows/daily-cli-tools-tester.lock.yml
    lock_file_bundling_test.go:49: Checking .github/workflows/daily-code-metrics.lock.yml
    lock_file_bundling_test.go:49: Checking .github/workflows/daily-community-attribution.lock.yml
    lock_file_bundling_test.go:49: Checking .github/workflows/daily-compiler-quality.lock.yml
    lock_file_bundling_test.go:49: Checking .github/workflows/daily-compiler-threat-spec-optimizer.lock.yml
    lock_file_bundling_test.go:49: Checking .github/workflows/daily-credit-limit-test.lock.yml
    lock_file_bundling_test.go:49: Checking .github/workflows/daily-doc-healer.lock.yml
    lock_file_bundling_test.go:49: Checking .github/workflows/daily-doc-updater.lock.yml
    lock_file_bundling_test.go:49: Checking .github/workflows/daily-experiment-report.lock.yml
    lock_file_bundling_test.go:49: Checking .github/workflows/daily-fact.lock.yml
    lock_file_bundling_test.go:49: Checking .github/workflows/daily-file-diet.lock.yml
    lock_file_bundling_test.go:49: Checking .github/workflows/daily-firewall-report.lock.yml
    lock_file_bundling_test.go:49: Checking .github/workflows/daily-formal-spec-verifier.lock.yml
    lock_file_bundling_test.go:49: Checking .github/workflows/daily-function-namer.lock.yml
    lock_file_bundling_test.go:49: Checking .github/workflows/daily-geo-optimizer.lock.yml
    lock_file_bundling_test.go:49: Checking .github/workflows/daily-hippo-learn.lock.yml
    lock_file_bundling_test.go:49: Checking .github/workflows/daily-issues-report.lock.yml
    lock_file_bundling_test.go:49: Checking .github/workflows/daily-malicious-code-scan.lock.yml
    lock_file_bundling_test.go:49: Checking .github/workflows/daily-max-ai-credits-test.lock.yml
    lock_file_bundling_test.go:49: Checking .github/workflows/daily-mcp-concurrency-analysis.lock.yml
    lock_file_bundling_test.go:49: Checking .github/workflows/daily-model-inventory.lock.yml
    lock_file_bundling_test.go:49: Checking .github/workflows/daily-model-resolution.lock.yml
    lock_file_bundling_test.go:49: Checking .github/workflows/daily-multi-device-docs-tester.lock.yml
    lock_file_bundling_test.go:49: Checking .github/workflows/daily-news.lock.yml
    lock_file_bundling_test.go:49: Checking .github/workflows/daily-observability-report.lock.yml
    lock_file_bundling_test.go:49: Checking .github/workflows/daily-performance-summary.lock.yml
    lock_file_bundling_test.go:49: Checking .github/workflows/daily-regulatory.lock.yml
    lock_file_bundling_test.go:49: Checking .github/workflows/daily-reliability-review.lock.yml
    lock_file_bundling_test.go:49: Checking .github/workflows/daily-rendering-scripts-verifier.lock.yml
    lock_file_bundling_test.go:49: Checking .github/workflows/daily-repo-chronicle.lock.yml
    lock_file_bundling_test.go:49: Checking .github/workflows/daily-safe-output-integrator.lock.yml
    lock_file_bundling_test.go:49: Checking .github/workflows/daily-safe-output-optimizer.lock.yml
    lock_file_bundling_test.go:49: Checking .github/workflows/daily-safe-outputs-conformance.lock.yml
    lock_file_bundling_test.go:49: Checking .github/workflows/daily-safeoutputs-git-simulator.lock.yml
    lock_file_bundling_test.go:49: Checking .github/workflows/daily-secrets-analysis.lock.yml
    lock_file_bundling_test.go:49: Checking .github/workflows/daily-security-observability.lock.yml
    lock_file_bundling_test.go:49: Checking .github/workflows/daily-security-red-team.lock.yml
    lock_file_bundling_test.go:49: Checking .github/workflows/daily-semgrep-scan.lock.yml
    lock_file_bundling_test.go:49: Checking .github/workflows/daily-sentrux-report.lock.yml
    lock_file_bundling_test.go:49: Checking .github/workflows/daily-skill-optimizer.lock.yml
    lock_file_bundling_test.go:49: Checking .github/workflows/daily-spdd-spec-planner.lock.yml
    lock_file_bundling_test.go:49: Checking .github/workflows/daily-syntax-error-quality.lock.yml
    lock_file_bundling_test.go:49: Checking .github/workflows/daily-team-evolution-insights.lock.yml
    lock_file_bundling_test.go:49: Checking .github/workflows/daily-team-status.lock.yml
    lock_file_bundling_test.go:49: Checking .github/workflows/daily-testify-uber-super-expert.lock.yml
    lock_file_bundling_test.go:49: Checking .github/workflows/daily-token-consumption-report.lock.yml
    lock_file_bundling_test.go:49: Checking .github/workflows/daily-windows-terminal-integration-builder.lock.yml
    lock_file_bundling_test.go:49: Checking .github/workflows/daily-workflow-updater.lock.yml
    lock_file_bundling_test.go:49: Checking .github/workflows/dataflow-pr-discussion-dataset.lock.yml
    lock_file_bundling_test.go:49: Checking .github/workflows/dead-code-remover.lock.yml
    lock_file_bundling_test.go:49: Checking .github/workflows/deep-report.lock.yml
    lock_file_bundling_test.go:49: Checking .github/workflows/delight.lock.yml
    lock_file_bundling_test.go:49: Checking .github/workflows/dependabot-burner.lock.yml
    lock_file_bundling_test.go:49: Checking .github/workflows/dependabot-go-checker.lock.yml
    lock_file_bundling_test.go:49: Checking .github/workflows/dependabot-repair.lock.yml
    lock_file_bundling_test.go:49: Checking .github/workflows/deployment-incident-monitor.lock.yml
    lock_file_bundling_test.go:49: Checking .github/workflows/design-decision-gate.lock.yml
    lock_file_bundling_test.go:49: Checking .github/workflows/designer-drift-audit.lock.yml
    lock_file_bundling_test.go:49: Checking .github/workflows/dev-hawk.lock.yml
    lock_file_bundling_test.go:49: Checking .github/workflows/dev.lock.yml
    lock_file_bundling_test.go:49: Checking .github/workflows/developer-docs-consolidator.lock.yml
    lock_file_bundling_test.go:49: Checking .github/workflows/dictation-prompt.lock.yml
    lock_file_bundling_test.go:49: Checking .github/workflows/discussion-task-miner.lock.yml
    lock_file_bundling_test.go:49: Checking .github/workflows/doc-sync-daily.lock.yml
    lock_file_bundling_test.go:49: Checking .github/workflows/docs-noob-tester.lock.yml
    lock_file_bundling_test.go:49: Checking .github/workflows/documentation-sync-agent.lock.yml
    lock_file_bundling_test.go:49: Checking .github/workflows/draft-pr-cleanup.lock.yml
    lock_file_bundling_test.go:49: Checking .github/workflows/duplicate-code-detector.lock.yml
    lock_file_bundling_test.go:49: Checking .github/workflows/example-failure-category-filter.lock.yml
    lock_file_bundling_test.go:49: Checking .github/workflows/example-permissions-warning.lock.yml
    lock_file_bundling_test.go:49: Checking .github/workflows/example-workflow-analyzer.lock.yml
    lock_file_bundling_test.go:49: Checking .github/workflows/firewall-escape.lock.yml
    lock_file_bundling_test.go:49: Checking .github/workflows/firewall.lock.yml
    lock_file_bundling_test.go:49: Checking .github/workflows/functional-pragmatist.lock.yml
    lock_file_bundling_test.go:49: Checking .github/workflows/github-mcp-structural-analysis.lock.yml
    lock_file_bundling_test.go:49: Checking .github/workflows/github-mcp-tools-report.lock.yml
    lock_file_bundling_test.go:49: Checking .github/workflows/github-remote-mcp-auth-test.lock.yml
    lock_file_bundling_test.go:49: Checking .github/workflows/glossary-maintainer.lock.yml
    lock_file_bundling_test.go:49: Checking .github/workflows/go-fan.lock.yml
    lock_file_bundling_test.go:49: Checking .github/workflows/go-logger.lock.yml
    lock_file_bundling_test.go:49: Checking .github/workflows/go-pattern-detector.lock.yml
    lock_file_bundling_test.go:49: Checking .github/workflows/gpclean.lock.yml
    lock_file_bundling_test.go:49: Checking .github/workflows/grumpy-reviewer.lock.yml
    lock_file_bundling_test.go:49: Checking .github/workflows/hippo-embed.lock.yml
    lock_file_bundling_test.go:49: Checking .github/workflows/hourly-ci-cleaner.lock.yml
    lock_file_bundling_test.go:49: Checking .github/workflows/instructions-janitor.lock.yml
    lock_file_bundling_test.go:49: Checking .github/workflows/issue-arborist.lock.yml
    lock_file_bundling_test.go:49: Checking .github/workflows/issue-monster.lock.yml
    lock_file_bundling_test.go:49: Checking .github/workflows/issue-triage-agent.lock.yml
    lock_file_bundling_test.go:49: Checking .github/workflows/jsweep.lock.yml
    lock_file_bundling_test.go:49: Checking .github/workflows/layout-spec-maintainer.lock.yml
    lock_file_bundling_test.go:49: Checking .github/workflows/lint-monster.lock.yml
    lock_file_bundling_test.go:49: Checking .github/workflows/linter-miner.lock.yml
    lock_file_bundling_test.go:49: Checking .github/workflows/lockfile-stats.lock.yml
    lock_file_bundling_test.go:49: Checking .github/workflows/mattpocock-skills-reviewer.lock.yml
    lock_file_bundling_test.go:49: Checking .github/workflows/mcp-inspector.lock.yml
    lock_file_bundling_test.go:49: Checking .github/workflows/mergefest.lock.yml
    lock_file_bundling_test.go:49: Checking .github/workflows/metrics-collector.lock.yml
    lock_file_bundling_test.go:49: Checking .github/workflows/necromancer.lock.yml
    lock_file_bundling_test.go:49: Checking .github/workflows/notion-issue-summary.lock.yml
    lock_file_bundling_test.go:49: Checking .github/workflows/objective-impact-report.lock.yml
    lock_file_bundling_test.go:49: Checking .github/workflows/org-health-report.lock.yml
    lock_file_bundling_test.go:49: Checking .github/workflows/outcome-collector.lock.yml
    lock_file_bundling_test.go:49: Checking .github/workflows/pdf-summary.lock.yml
    lock_file_bundling_test.go:49: Checking .github/workflows/plan.lock.yml
    lock_file_bundling_test.go:49: Checking .github/workflows/poem-bot.lock.yml
    lock_file_bundling_test.go:49: Checking .github/workflows/portfolio-analyst.lock.yml
    lock_file_bundling_test.go:49: Checking .github/workflows/pr-code-quality-reviewer.lock.yml
    lock_file_bundling_test.go:49: Checking .github/workflows/pr-description-caveman.lock.yml
    lock_file_bundling_test.go:49: Checking .github/workflows/pr-nitpick-reviewer.lock.yml
    lock_file_bundling_test.go:49: Checking .github/workflows/pr-sous-chef.lock.yml
    lock_file_bundling_test.go:49: Checking .github/workflows/pr-triage-agent.lock.yml
    lock_file_bundling_test.go:49: Checking .github/workflows/prompt-clustering-analysis.lock.yml
    lock_file_bundling_test.go:49: Checking .github/workflows/python-data-charts.lock.yml
    lock_file_bundling_test.go:49: Checking .github/workflows/q.lock.yml
    lock_file_bundling_test.go:49: Checking .github/workflows/refactoring-cadence.lock.yml
    lock_file_bundling_test.go:49: Checking .github/workflows/refiner.lock.yml
    lock_file_bundling_test.go:49: Checking .github/workflows/release.lock.yml
    lock_file_bundling_test.go:49: Checking .github/workflows/repo-audit-analyzer.lock.yml
    lock_file_bundling_test.go:49: Checking .github/workflows/repo-tree-map.lock.yml
    lock_file_bundling_test.go:49: Checking .github/workflows/repository-quality-improver.lock.yml
    lock_file_bundling_test.go:49: Checking .github/workflows/research.lock.yml
    lock_file_bundling_test.go:49: Checking .github/workflows/ruflo-backed-task.lock.yml
    lock_file_bundling_test.go:49: Checking .github/workflows/safe-output-health.lock.yml
    lock_file_bundling_test.go:49: Checking .github/workflows/schema-consistency-checker.lock.yml
    lock_file_bundling_test.go:49: Checking .github/workflows/schema-feature-coverage.lock.yml
    lock_file_bundling_test.go:49: Checking .github/workflows/scout.lock.yml
    lock_file_bundling_test.go:49: Checking .github/workflows/security-compliance.lock.yml
    lock_file_bundling_test.go:49: Checking .github/workflows/security-review.lock.yml
    lock_file_bundling_test.go:49: Checking .github/workflows/semantic-function-refactor.lock.yml
    lock_file_bundling_test.go:49: Checking .github/workflows/sergo.lock.yml
    lock_file_bundling_test.go:49: Checking .github/workflows/skillet.lock.yml
    lock_file_bundling_test.go:49: Checking .github/workflows/slide-deck-maintainer.lock.yml
    lock_file_bundling_test.go:49: Checking .github/workflows/smoke-agent-all-merged.lock.yml
    lock_file_bundling_test.go:49: Checking .github/workflows/smoke-agent-all-none.lock.yml
    lock_file_bundling_test.go:49: Checking .github/workflows/smoke-agent-public-approved.lock.yml
    lock_file_bundling_test.go:49: Checking .github/workflows/smoke-agent-public-none.lock.yml
    lock_file_bundling_test.go:49: Checking .github/workflows/smoke-agent-scoped-approved.lock.yml
    lock_file_bundling_test.go:49: Checking .github/workflows/smoke-antigravity.lock.yml
    lock_file_bundling_test.go:49: Checking .github/workflows/smoke-call-workflow.lock.yml
    lock_file_bundling_test.go:49: Checking .github/workflows/smoke-ci.lock.yml
    lock_file_bundling_test.go:49: Checking .github/workflows/smoke-claude-on-copilot.lock.yml
    lock_file_bundling_test.go:49: Checking .github/workflows/smoke-claude.lock.yml
    lock_file_bundling_test.go:49: Checking .github/workflows/smoke-codex.lock.yml
    lock_file_bundling_test.go:49: Checking .github/workflows/smoke-copilot-aoai-apikey.lock.yml
    lock_file_bundling_test.go:49: Checking .github/workflows/smoke-copilot-aoai-entra.lock.yml
    lock_file_bundling_test.go:49: Checking .github/workflows/smoke-copilot-arm.lock.yml
    lock_file_bundling_test.go:49: Checking .github/workflows/smoke-copilot-sdk.lock.yml
    lock_file_bundling_test.go:49: Checking .github/workflows/smoke-copilot.lock.yml
    lock_file_bundling_test.go:49: Checking .github/workflows/smoke-create-cross-repo-pr.lock.yml
    lock_file_bundling_test.go:49: Checking .github/workflows/smoke-crush.lock.yml
    lock_file_bundling_test.go:49: Checking .github/workflows/smoke-gemini.lock.yml
    lock_file_bundling_test.go:49: Checking .github/workflows/smoke-multi-pr.lock.yml
    lock_file_bundling_test.go:49: Checking .github/workflows/smoke-opencode.lock.yml
    lock_file_bundling_test.go:49: Checking .github/workflows/smoke-otel-backends.lock.yml
    lock_file_bundling_test.go:49: Checking .github/workflows/smoke-pi.lock.yml
    lock_file_bundling_test.go:49: Checking .github/workflows/smoke-project.lock.yml
    lock_file_bundling_test.go:49: Checking .github/workflows/smoke-service-ports.lock.yml
    lock_file_bundling_test.go:49: Checking .github/workflows/smoke-temporary-id.lock.yml
    lock_file_bundling_test.go:49: Checking .github/workflows/smoke-test-tools.lock.yml
    lock_file_bundling_test.go:49: Checking .github/workflows/smoke-update-cross-repo-pr.lock.yml
    lock_file_bundling_test.go:49: Checking .github/workflows/smoke-workflow-call-with-inputs.lock.yml
    lock_file_bundling_test.go:49: Checking .github/workflows/smoke-workflow-call.lock.yml
    lock_file_bundling_test.go:49: Checking .github/workflows/spec-enforcer.lock.yml
    lock_file_bundling_test.go:49: Checking .github/workflows/spec-extractor.lock.yml
    lock_file_bundling_test.go:49: Checking .github/workflows/spec-librarian.lock.yml
    lock_file_bundling_test.go:49: Checking .github/workflows/stale-pr-cleanup.lock.yml
    lock_file_bundling_test.go:49: Checking .github/workflows/stale-repo-identifier.lock.yml
    lock_file_bundling_test.go:49: Checking .github/workflows/static-analysis-report.lock.yml
    lock_file_bundling_test.go:49: Checking .github/workflows/step-name-alignment.lock.yml
    lock_file_bundling_test.go:49: Checking .github/workflows/sub-issue-closer.lock.yml
    lock_file_bundling_test.go:49: Checking .github/workflows/super-linter.lock.yml
    lock_file_bundling_test.go:49: Checking .github/workflows/technical-doc-writer.lock.yml
    lock_file_bundling_test.go:49: Checking .github/workflows/terminal-stylist.lock.yml
    lock_file_bundling_test.go:49: Checking .github/workflows/test-create-pr-error-handling.lock.yml
    lock_file_bundling_test.go:49: Checking .github/workflows/test-dispatcher.lock.yml
    lock_file_bundling_test.go:49: Checking .github/workflows/test-project-url-default.lock.yml
    lock_file_bundling_test.go:49: Checking .github/workflows/test-quality-sentinel.lock.yml
    lock_file_bundling_test.go:49: Checking .github/workflows/test-workflow.lock.yml
    lock_file_bundling_test.go:49: Checking .github/workflows/tidy.lock.yml
    lock_file_bundling_test.go:49: Checking .github/workflows/typist.lock.yml
    lock_file_bundling_test.go:49: Checking .github/workflows/ubuntu-image-analyzer.lock.yml
    lock_file_bundling_test.go:49: Checking .github/workflows/uk-ai-operational-resilience.lock.yml
    lock_file_bundling_test.go:49: Checking .github/workflows/unbloat-docs.lock.yml
    lock_file_bundling_test.go:49: Checking .github/workflows/update-astro.lock.yml
    lock_file_bundling_test.go:49: Checking .github/workflows/video-analyzer.lock.yml
    lock_file_bundling_test.go:49: Checking .github/workflows/visual-regression-checker.lock.yml
    lock_file_bundling_test.go:49: Checking .github/workflows/weekly-blog-post-writer.lock.yml
    lock_file_bundling_test.go:49: Checking .github/workflows/weekly-editors-health-check.lock.yml
    lock_file_bundling_test.go:49: Checking .github/workflows/weekly-issue-summary.lock.yml
    lock_file_bundling_test.go:49: Checking .github/workflows/weekly-safe-outputs-spec-review.lock.yml
    lock_file_bundling_test.go:49: Checking .github/workflows/workflow-generator.lock.yml
    lock_file_bundling_test.go:49: Checking .github/workflows/workflow-health-manager.lock.yml
    lock_file_bundling_test.go:49: Checking .github/workflows/workflow-normalizer.lock.yml
    lock_file_bundling_test.go:49: Checking .github/workflows/workflow-skill-extractor.lock.yml
    lock_file_bundling_test.go:134: Checked 253 lock.yml files with 7203 github-script steps
--- PASS: TestLockFilesHaveNoBundledRequires (3.99s)
=== RUN   TestLockForAgentWorkflow
--- PASS: TestLockForAgentWorkflow (0.01s)
=== RUN   TestLockForAgentWithoutReaction
--- PASS: TestLockForAgentWithoutReaction (0.00s)
=== RUN   TestLockForAgentDisabled
--- PASS: TestLockForAgentDisabled (0.01s)
=== RUN   TestLockForAgentDisabledWithoutReaction
--- PASS: TestLockForAgentDisabledWithoutReaction (0.00s)
=== RUN   TestLockForAgentOnPullRequest
--- PASS: TestLockForAgentOnPullRequest (0.00s)
=== RUN   TestLockForAgentWithIssueComment
--- PASS: TestLockForAgentWithIssueComment (0.00s)
=== RUN   TestLockForAgentCommentedInYAML
--- PASS: TestLockForAgentCommentedInYAML (0.01s)
=== RUN   TestLockForAgentUnlocksInSafeOutputsJob
--- PASS: TestLockForAgentUnlocksInSafeOutputsJob (0.01s)
=== RUN   TestExtractMetadataFromLockFile
=== RUN   TestExtractMetadataFromLockFile/valid_v1_metadata
=== RUN   TestExtractMetadataFromLockFile/valid_v1_metadata_with_spaces
=== RUN   TestExtractMetadataFromLockFile/legacy_format_with_frontmatter-hash_only
=== RUN   TestExtractMetadataFromLockFile/no_metadata
=== RUN   TestExtractMetadataFromLockFile/malformed_JSON_metadata
=== RUN   TestExtractMetadataFromLockFile/v2_with_strict_field
=== RUN   TestExtractMetadataFromLockFile/v4_with_body_hash
=== RUN   TestExtractMetadataFromLockFile/metadata_with_compiler_version
--- PASS: TestExtractMetadataFromLockFile (0.00s)
    --- PASS: TestExtractMetadataFromLockFile/valid_v1_metadata (0.00s)
    --- PASS: TestExtractMetadataFromLockFile/valid_v1_metadata_with_spaces (0.00s)
    --- PASS: TestExtractMetadataFromLockFile/legacy_format_with_frontmatter-hash_only (0.00s)
    --- PASS: TestExtractMetadataFromLockFile/no_metadata (0.00s)
    --- PASS: TestExtractMetadataFromLockFile/malformed_JSON_metadata (0.00s)
    --- PASS: TestExtractMetadataFromLockFile/v2_with_strict_field (0.00s)
    --- PASS: TestExtractMetadataFromLockFile/v4_with_body_hash (0.00s)
    --- PASS: TestExtractMetadataFromLockFile/metadata_with_compiler_version (0.00s)
=== RUN   TestValidateLockSchemaCompatibility
=== RUN   TestValidateLockSchemaCompatibility/valid_v1_schema
=== RUN   TestValidateLockSchemaCompatibility/valid_v2_schema
=== RUN   TestValidateLockSchemaCompatibility/legacy_format_is_accepted
=== RUN   TestValidateLockSchemaCompatibility/valid_v3_schema
=== RUN   TestValidateLockSchemaCompatibility/valid_v4_schema
=== RUN   TestValidateLockSchemaCompatibility/unsupported_future_version_fails
=== RUN   TestValidateLockSchemaCompatibility/missing_metadata_fails
=== RUN   TestValidateLockSchemaCompatibility/malformed_metadata_fails
--- PASS: TestValidateLockSchemaCompatibility (0.00s)
    --- PASS: TestValidateLockSchemaCompatibility/valid_v1_schema (0.00s)
    --- PASS: TestValidateLockSchemaCompatibility/valid_v2_schema (0.00s)
    --- PASS: TestValidateLockSchemaCompatibility/legacy_format_is_accepted (0.00s)
    --- PASS: TestValidateLockSchemaCompatibility/valid_v3_schema (0.00s)
    --- PASS: TestValidateLockSchemaCompatibility/valid_v4_schema (0.00s)
    --- PASS: TestValidateLockSchemaCompatibility/unsupported_future_version_fails (0.00s)
    --- PASS: TestValidateLockSchemaCompatibility/missing_metadata_fails (0.00s)
    --- PASS: TestValidateLockSchemaCompatibility/malformed_metadata_fails (0.00s)
=== RUN   TestIsSchemaVersionSupported
=== RUN   TestIsSchemaVersionSupported/v1_is_supported
=== RUN   TestIsSchemaVersionSupported/v2_is_supported
=== RUN   TestIsSchemaVersionSupported/v3_is_supported
=== RUN   TestIsSchemaVersionSupported/v4_is_supported
=== RUN   TestIsSchemaVersionSupported/v5_is_not_supported
=== RUN   TestIsSchemaVersionSupported/v0_is_not_supported
=== RUN   TestIsSchemaVersionSupported/empty_version_is_not_supported
--- PASS: TestIsSchemaVersionSupported (0.00s)
    --- PASS: TestIsSchemaVersionSupported/v1_is_supported (0.00s)
    --- PASS: TestIsSchemaVersionSupported/v2_is_supported (0.00s)
    --- PASS: TestIsSchemaVersionSupported/v3_is_supported (0.00s)
    --- PASS: TestIsSchemaVersionSupported/v4_is_supported (0.00s)
    --- PASS: TestIsSchemaVersionSupported/v5_is_not_supported (0.00s)
    --- PASS: TestIsSchemaVersionSupported/v0_is_not_supported (0.00s)
    --- PASS: TestIsSchemaVersionSupported/empty_version_is_not_supported (0.00s)
=== RUN   TestGenerateLockMetadata
--- PASS: TestGenerateLockMetadata (0.00s)
=== RUN   TestGenerateLockMetadataStrict
--- PASS: TestGenerateLockMetadataStrict (0.00s)
=== RUN   TestGenerateLockMetadataReleaseBuild
--- PASS: TestGenerateLockMetadataReleaseBuild (0.00s)
=== RUN   TestGenerateLockMetadataWithoutStopTime
--- PASS: TestGenerateLockMetadataWithoutStopTime (0.00s)
=== RUN   TestLockMetadataToJSON
=== RUN   TestLockMetadataToJSON/basic_metadata
=== RUN   TestLockMetadataToJSON/metadata_with_empty_hash
=== RUN   TestLockMetadataToJSON/metadata_with_compiler_version
=== RUN   TestLockMetadataToJSON/v2_metadata_with_strict=true
=== RUN   TestLockMetadataToJSON/v2_metadata_with_strict=false_omits_strict_field
--- PASS: TestLockMetadataToJSON (0.00s)
    --- PASS: TestLockMetadataToJSON/basic_metadata (0.00s)
    --- PASS: TestLockMetadataToJSON/metadata_with_empty_hash (0.00s)
    --- PASS: TestLockMetadataToJSON/metadata_with_compiler_version (0.00s)
    --- PASS: TestLockMetadataToJSON/v2_metadata_with_strict=true (0.00s)
    --- PASS: TestLockMetadataToJSON/v2_metadata_with_strict=false_omits_strict_field (0.00s)
=== RUN   TestValidationErrorMessages
=== RUN   TestValidationErrorMessages/future_version_error_has_remediation
=== RUN   TestValidationErrorMessages/missing_metadata_error_has_remediation
--- PASS: TestValidationErrorMessages (0.00s)
    --- PASS: TestValidationErrorMessages/future_version_error_has_remediation (0.00s)
    --- PASS: TestValidationErrorMessages/missing_metadata_error_has_remediation (0.00s)
=== RUN   TestExtractMetadataRealisticLockFile
--- PASS: TestExtractMetadataRealisticLockFile (0.00s)
=== RUN   TestExtractMetadataLegacyLockFile
--- PASS: TestExtractMetadataLegacyLockFile (0.00s)
=== RUN   TestMetadataPreservesHash
--- PASS: TestMetadataPreservesHash (0.00s)
=== RUN   TestFormatSupportedVersions
--- PASS: TestFormatSupportedVersions (0.00s)
=== RUN   TestLockMetadataJSONCompact
--- PASS: TestLockMetadataJSONCompact (0.00s)
=== RUN   TestSchemaVersionAsString
--- PASS: TestSchemaVersionAsString (0.00s)
=== RUN   TestExtractMetadataWithStopTime
--- PASS: TestExtractMetadataWithStopTime (0.00s)
=== RUN   TestLockMetadataToJSONWithStopTime
--- PASS: TestLockMetadataToJSONWithStopTime (0.00s)
=== RUN   TestLockMetadataToJSONWithoutStopTime
--- PASS: TestLockMetadataToJSONWithoutStopTime (0.00s)
=== RUN   TestGenerateLockMetadataWithAgentInfo
--- PASS: TestGenerateLockMetadataWithAgentInfo (0.00s)
=== RUN   TestGenerateLockMetadataAgentFieldsOmittedWhenEmpty
--- PASS: TestGenerateLockMetadataAgentFieldsOmittedWhenEmpty (0.00s)
=== RUN   TestLockMetadataToJSONWithAgentFields
--- PASS: TestLockMetadataToJSONWithAgentFields (0.00s)
=== RUN   TestExtractMetadataWithAgentFields
--- PASS: TestExtractMetadataWithAgentFields (0.00s)
=== RUN   TestClaudeExecutionLogCapture
/tmp/gh-aw-test-runs/20260704-173215-1254793/log-capture-test3310893549/test-workflow.md: warning: Missing required permissions for GitHub toolsets:
  - issues: read (required by issues)
  - pull-requests: read (required by pull_requests)

To fix this, you can either:

Option 1: Add missing permissions to your workflow frontmatter:
permissions:
  issues: read
  pull-requests: read

See: https://github.com/github/gh-aw/blob/main/docs/src/content/docs/reference/permissions.md

Option 2: Reduce the required toolsets in your workflow:
Remove or adjust toolsets that require these permissions:
  - issues
  - pull_requests

/tmp/gh-aw-test-runs/20260704-173215-1254793/log-capture-test3310893549/test-workflow.md: warning: safe update mode detected unapproved changes

New restricted secret(s):
  - ANTHROPIC_API_KEY

Remediation options:
  1. Use the --approve flag to allow the changes.
  2. Revert the unapproved changes.
  3. Use an interactive coding agent to review and approve the changes.

✓ /tmp/gh-aw-test-runs/20260704-173215-1254793/log-capture-test3310893549/test-workflow.md (77.7 KB)
--- PASS: TestClaudeExecutionLogCapture (0.01s)
=== RUN   TestMainJobEnvironmentVariables
=== RUN   TestMainJobEnvironmentVariables/No_safe_outputs_-_no_env_section
=== RUN   TestMainJobEnvironmentVariables/Safe_outputs_with_create-issue
    main_job_env_test.go:107: Generated YAML:
        jobs:
          agent:
            ubuntu-latest
            permissions:
              contents: read
            env:
              DEFAULT_BRANCH: ${{ github.event.repository.default_branch }}
              GH_AW_ASSETS_ALLOWED_EXTS: ""
              GH_AW_ASSETS_BRANCH: ""
              GH_AW_ASSETS_MAX_SIZE_KB: 0
              GH_AW_MCP_LOG_DIR: /tmp/gh-aw/mcp-logs/safeoutputs
              GH_AW_RUNTIME_FEATURES: ${{ vars.GH_AW_RUNTIME_FEATURES }}
            outputs:
              agentic_engine_timeout: ${{ steps.detect-agent-errors.outputs.agentic_engine_timeout || 'false' }}
              ai_credits_rate_limit_error: ${{ steps.parse-mcp-gateway.outputs.ai_credits_rate_limit_error || 'false' }}
              aic: ${{ steps.parse-mcp-gateway.outputs.aic }}
              ambient_context: ${{ steps.parse-mcp-gateway.outputs.ambient_context }}
              checkout_pr_success: ${{ steps.checkout-pr.outputs.checkout_pr_success || 'true' }}
              effective_tokens: ${{ steps.parse-mcp-gateway.outputs.effective_tokens }}
              has_patch: ${{ steps.collect_output.outputs.has_patch }}
              inference_access_error: ${{ steps.detect-agent-errors.outputs.inference_access_error || 'false' }}
              mcp_policy_error: ${{ steps.detect-agent-errors.outputs.mcp_policy_error || 'false' }}
              model: ${{ needs.activation.outputs.model }}
              model_not_supported_error: ${{ steps.detect-agent-errors.outputs.model_not_supported_error || 'false' }}
              output: ${{ steps.collect_output.outputs.output }}
              output_types: ${{ steps.collect_output.outputs.output_types }}
              setup-parent-span-id: ${{ steps.setup.outputs.parent-span-id || steps.setup.outputs.span-id }}
              setup-span-id: ${{ steps.setup.outputs.span-id }}
              setup-trace-id: ${{ steps.setup.outputs.trace-id }}
              unknown_model_ai_credits: ${{ steps.parse-mcp-gateway.outputs.unknown_model_ai_credits || 'false' }}
            steps:
              - name: Checkout actions folder
                uses: actions/checkout@9c091bb21b7c1c1d1991bb908d89e4e9dddfe3e0 # v7.0.0
                with:
                  repository: github/gh-aw
                  sparse-checkout: |
                    actions
                  persist-credentials: false
              - name: Setup Scripts
                id: setup
                uses: ./actions/setup
                with:
                  destination: ${{ runner.temp }}/gh-aw/actions
                  job-name: ${{ github.job }}
                  trace-id: ${{ needs.activation.outputs.setup-trace-id }}
                  parent-span-id: ${{ needs.activation.outputs.setup-parent-span-id || needs.activation.outputs.setup-span-id }}
                env:
                  GH_AW_SETUP_WORKFLOW_NAME: ""
                  GH_AW_CURRENT_WORKFLOW_REF: ${{ github.repository }}/.github/workflows/unknown.lock.yml@${{ github.ref }}
                  GH_AW_INFO_VERSION: "2.1.185"
                  GH_AW_INFO_ENGINE_ID: "claude"
              - name: Set runtime paths
                id: set-runtime-paths
                run: |
                  {
                    echo "GH_AW_SAFE_OUTPUTS=${RUNNER_TEMP}/gh-aw/safeoutputs/outputs.jsonl"
                    echo "GH_AW_SAFE_OUTPUTS_CONFIG_PATH=${RUNNER_TEMP}/gh-aw/safeoutputs/config.json"
                    echo "GH_AW_SAFE_OUTPUTS_TOOLS_PATH=${RUNNER_TEMP}/gh-aw/safeoutputs/tools.json"
                  } >> "$GITHUB_OUTPUT"
              - name: Checkout repository
                uses: actions/checkout@9c091bb21b7c1c1d1991bb908d89e4e9dddfe3e0 # v7.0.0
                with:
                  persist-credentials: false
              - name: Setup Node.js
                uses: actions/setup-node@48b55a011bda9f5d6aeb4c2d9c7362e8dae4041e # v6.4.0
                with:
                  node-version: '24'
                  package-manager-cache: false
              - name: Create gh-aw temp directory
                run: bash "${RUNNER_TEMP}/gh-aw/actions/create_gh_aw_tmp_dir.sh"
              - name: Configure gh CLI for GitHub Enterprise
                run: bash "${RUNNER_TEMP}/gh-aw/actions/configure_gh_for_ghe.sh"
                env:
                  GH_TOKEN: ${{ github.token }}
              - name: Configure Git credentials
                env:
                  GITHUB_REPOSITORY: ${{ github.repository }}
                  GITHUB_SERVER_URL: ${{ github.server_url }}
                  GITHUB_TOKEN: ${{ github.token }}
                run: bash "${RUNNER_TEMP}/gh-aw/actions/configure_git_credentials.sh"
              - name: Checkout PR branch
                id: checkout-pr
                if: |
                  github.event.pull_request || github.event.issue.pull_request || github.event_name == 'workflow_dispatch' && fromJSON(github.event.inputs.aw_context || '{}').item_type == 'pull_request'
                uses: actions/github-script@3a2844b7e9c422d3c10d287c895573f7108da1b3 # v9.0.0
                env:
                  GH_TOKEN: ${{ secrets.GH_AW_GITHUB_MCP_SERVER_TOKEN || secrets.GH_AW_GITHUB_TOKEN || secrets.GITHUB_TOKEN }}
                with:
                  github-token: ${{ secrets.GH_AW_GITHUB_MCP_SERVER_TOKEN || secrets.GH_AW_GITHUB_TOKEN || secrets.GITHUB_TOKEN }}
                  script: |
                    const { setupGlobals } = require('${{ runner.temp }}/gh-aw/actions/setup_globals.cjs');
                    setupGlobals(core, github, context, exec, io, getOctokit);
                    const { main } = require('${{ runner.temp }}/gh-aw/actions/checkout_pr_branch.cjs');
                    await main();
              - name: Setup Node.js
                uses: actions/setup-node@48b55a011bda9f5d6aeb4c2d9c7362e8dae4041e # v6.4.0
                with:
                  node-version: '24'
                  package-manager-cache: false
              - name: Install Claude Code CLI
                run: npm install -g @anthropic-ai/claude-code@2.1.185
              - name: Download activation artifact
                uses: actions/download-artifact@3e5f45b2cfb9172054b4087a40e8e0b5a5461e7c # v8.0.1
                with:
                  name: activation
                  path: /tmp/gh-aw
              - name: Restore agent config folders from base branch
                if: steps.checkout-pr.outcome == 'success'
                env:
                  GH_AW_AGENT_FOLDERS: ".agents .antigravity .claude .codex .crush .gemini .github .opencode .pi"
                  GH_AW_AGENT_FILES: ".crush.json AGENTS.md ANTIGRAVITY.md CLAUDE.md GEMINI.md PI.md opencode.jsonc"
                run: bash "${RUNNER_TEMP}/gh-aw/actions/restore_base_github_folders.sh"
              - name: Restore inline sub-agents from activation artifact
                env:
                  GH_AW_SUB_AGENT_DIR: ".github/agents"
                  GH_AW_SUB_AGENT_EXT: ".agent.md"
                run: bash "${RUNNER_TEMP}/gh-aw/actions/restore_inline_sub_agents.sh"
              - name: Restore inline skills from activation artifact
                env:
                  GH_AW_SKILL_DIR: ".github/skills"
                run: bash "${RUNNER_TEMP}/gh-aw/actions/restore_inline_skills.sh"
              - name: Download container images
                run: bash "${RUNNER_TEMP}/gh-aw/actions/download_docker_images.sh" ghcr.io/github/gh-aw-mcpg:v0.3.27@sha256:fe984bddde4ec05d756d9043edb0a32912e6b7b72f6a121b1082f29221421cc7 ghcr.io/github/gh-aw-node@sha256:529d02eb970b1161aa25c593a9c3df57fdfad5a8add328cb3b6eccef66f3183b
              - name: Generate Safe Outputs Config
                run: |
                  mkdir -p "${RUNNER_TEMP}/gh-aw/safeoutputs"
                  mkdir -p /tmp/gh-aw/safeoutputs
                  mkdir -p /tmp/gh-aw/mcp-logs/safeoutputs
                  cat > "${RUNNER_TEMP}/gh-aw/safeoutputs/config.json" << 'GH_AW_SAFE_OUTPUTS_CONFIG_fa129741e84aa60e_EOF'
                  {"create_issue":{"max":1},"create_report_incomplete_issue":{},"missing_data":{},"missing_tool":{},"noop":{"max":1,"report-as-issue":"true"},"report_incomplete":{}}
                  GH_AW_SAFE_OUTPUTS_CONFIG_fa129741e84aa60e_EOF
              - name: Generate Safe Outputs Tools
                env:
                  GH_AW_TOOLS_META_JSON: |
                    {
                      "description_suffixes": {
                        "create_issue": " CONSTRAINTS: Maximum 1 issue(s) can be created."
                      },
                      "repo_params": {},
                      "dynamic_tools": []
                    }
                  GH_AW_VALIDATION_JSON: |
                    {
                      "create_issue": {
                        "defaultMax": 1,
                        "fields": {
                          "body": {
                            "required": true,
                            "type": "string",
                            "sanitize": true,
                            "maxLength": 65000,
                            "minLength": 20
                          },
                          "fields": {
                            "type": "array"
                          },
                          "labels": {
                            "type": "array",
                            "itemType": "string",
                            "itemSanitize": true,
                            "itemMaxLength": 128
                          },
                          "parent": {
                            "issueOrPRNumber": true
                          },
                          "repo": {
                            "type": "string",
                            "maxLength": 256
                          },
                          "temporary_id": {
                            "type": "string"
                          },
                          "title": {
                            "required": true,
                            "type": "string",
                            "sanitize": true,
                            "maxLength": 128
                          }
                        }
                      },
                      "missing_data": {
                        "defaultMax": 20,
                        "fields": {
                          "alternatives": {
                            "type": "string",
                            "sanitize": true,
                            "maxLength": 256
                          },
                          "context": {
                            "type": "string",
                            "sanitize": true,
                            "maxLength": 256
                          },
                          "data_type": {
                            "type": "string",
                            "sanitize": true,
                            "maxLength": 128
                          },
                          "reason": {
                            "type": "string",
                            "sanitize": true,
                            "maxLength": 256
                          }
                        }
                      },
                      "missing_tool": {
                        "defaultMax": 20,
                        "fields": {
                          "alternatives": {
                            "type": "string",
                            "sanitize": true,
                            "maxLength": 512
                          },
                          "reason": {
                            "required": true,
                            "type": "string",
                            "sanitize": true,
                            "maxLength": 256
                          },
                          "tool": {
                            "type": "string",
                            "sanitize": true,
                            "maxLength": 128
                          }
                        }
                      },
                      "noop": {
                        "defaultMax": 1,
                        "fields": {
                          "message": {
                            "required": true,
                            "type": "string",
                            "sanitize": true,
                            "maxLength": 65000
                          }
                        }
                      },
                      "report_incomplete": {
                        "defaultMax": 5,
                        "fields": {
                          "details": {
                            "type": "string",
                            "sanitize": true,
                            "maxLength": 65000
                          },
                          "reason": {
                            "required": true,
                            "type": "string",
                            "sanitize": true,
                            "maxLength": 1024
                          }
                        }
                      }
                    }
                uses: actions/github-script@3a2844b7e9c422d3c10d287c895573f7108da1b3 # v9.0.0
                with:
                  script: |
                    const { setupGlobals } = require('${{ runner.temp }}/gh-aw/actions/setup_globals.cjs');
                    setupGlobals(core, github, context, exec, io, getOctokit);
                    const { main } = require('${{ runner.temp }}/gh-aw/actions/generate_safe_outputs_tools.cjs');
                    await main();
              - name: Start MCP Gateway
                id: start-mcp-gateway
                env:
                  GH_AW_SAFE_OUTPUTS: ${{ steps.set-runtime-paths.outputs.GH_AW_SAFE_OUTPUTS }}
                  GH_AW_SAFE_OUTPUTS_CONFIG_PATH: ${{ steps.set-runtime-paths.outputs.GH_AW_SAFE_OUTPUTS_CONFIG_PATH }}
                  GH_AW_SAFE_OUTPUTS_TOOLS_PATH: ${{ steps.set-runtime-paths.outputs.GH_AW_SAFE_OUTPUTS_TOOLS_PATH }}
                  GITHUB_TOKEN: ${{ secrets.GITHUB_TOKEN }}
                run: |
                  set -eo pipefail
                  mkdir -p "${RUNNER_TEMP}/gh-aw/mcp-config"

                  # Export gateway environment variables for MCP config and gateway script
                  export MCP_GATEWAY_PORT="8080"
                  export MCP_GATEWAY_DOMAIN="host.docker.internal"
                  export MCP_GATEWAY_HOST_DOMAIN="localhost"
                  MCP_GATEWAY_API_KEY=$(openssl rand -base64 45 | tr -d '/+=')
                  echo "::add-mask::${MCP_GATEWAY_API_KEY}"
                  export MCP_GATEWAY_API_KEY
                  export MCP_GATEWAY_PAYLOAD_DIR="/tmp/gh-aw/mcp-payloads"
                  mkdir -p "${MCP_GATEWAY_PAYLOAD_DIR}"
                  export MCP_GATEWAY_PAYLOAD_SIZE_THRESHOLD="524288"
                  export DEBUG="*"

                  export GH_AW_ENGINE="claude"
                  MCP_GATEWAY_UID=$(id -u 2>/dev/null || echo '0')
                  MCP_GATEWAY_GID=$(id -g 2>/dev/null || echo '0')
                  case "${DOCKER_HOST:-}" in
                    unix://* ) DOCKER_SOCK_PATH="${DOCKER_HOST#unix://}" ;;
                    /* ) DOCKER_SOCK_PATH="$DOCKER_HOST" ;;
                    * ) DOCKER_SOCK_PATH=/var/run/docker.sock ;;
                  esac
                  DOCKER_SOCK_GID=$(stat -c '%g' "$DOCKER_SOCK_PATH" 2>/dev/null || echo '0')
                  export MCP_GATEWAY_DOCKER_COMMAND='docker run -i --rm --network host --name awmg-mcpg --add-host host.docker.internal:127.0.0.1 --user '"${MCP_GATEWAY_UID}"':'"${MCP_GATEWAY_GID}"' --group-add '"${DOCKER_SOCK_GID}"' -v '"${DOCKER_SOCK_PATH}"':/var/run/docker.sock -e MCP_GATEWAY_PORT -e MCP_GATEWAY_DOMAIN -e MCP_GATEWAY_API_KEY -e MCP_GATEWAY_PAYLOAD_DIR -e MCP_GATEWAY_PAYLOAD_SIZE_THRESHOLD -e DOCKER_HOST=unix:///var/run/docker.sock -e DEBUG -e MCP_GATEWAY_LOG_DIR -e GH_AW_MCP_LOG_DIR -e GH_AW_SAFE_OUTPUTS -e GH_AW_SAFE_OUTPUTS_CONFIG_PATH -e GH_AW_SAFE_OUTPUTS_TOOLS_PATH -e GH_AW_ASSETS_BRANCH -e GH_AW_ASSETS_MAX_SIZE_KB -e GH_AW_ASSETS_ALLOWED_EXTS -e DEFAULT_BRANCH -e GITHUB_MCP_SERVER_TOKEN -e GITHUB_MCP_GUARD_MIN_INTEGRITY -e GITHUB_MCP_GUARD_REPOS -e GITHUB_REPOSITORY -e GITHUB_SERVER_URL -e GITHUB_SHA -e GITHUB_WORKSPACE -e GITHUB_TOKEN -e GITHUB_RUN_ID -e GITHUB_RUN_NUMBER -e GITHUB_RUN_ATTEMPT -e GITHUB_JOB -e GITHUB_ACTION -e GITHUB_EVENT_NAME -e GITHUB_EVENT_PATH -e GITHUB_ACTOR -e GITHUB_ACTOR_ID -e GITHUB_TRIGGERING_ACTOR -e GITHUB_WORKFLOW -e GITHUB_WORKFLOW_REF -e GITHUB_WORKFLOW_SHA -e GITHUB_REF -e GITHUB_REF_NAME -e GITHUB_REF_TYPE -e GITHUB_HEAD_REF -e GITHUB_BASE_REF -e RUNNER_TEMP -v /tmp/gh-aw/mcp-payloads:/tmp/gh-aw/mcp-payloads:rw -v /opt:/opt:ro -v /tmp:/tmp:rw -v '"${GITHUB_WORKSPACE}"':'"${GITHUB_WORKSPACE}"':rw -v '"${RUNNER_TEMP}"'/gh-aw/safeoutputs:'"${RUNNER_TEMP}"'/gh-aw/safeoutputs:rw ghcr.io/github/gh-aw-mcpg:v0.3.27'

                  GH_AW_NODE=$(which node 2>/dev/null || command -v node 2>/dev/null || echo node)
                  cat << GH_AW_MCP_CONFIG_9094cad331f98544_EOF | "$GH_AW_NODE" "${RUNNER_TEMP}/gh-aw/actions/start_mcp_gateway.cjs"
                  {
                    "mcpServers": {
                      "safeoutputs": {
                        "container": "ghcr.io/github/gh-aw-node",
                        "mounts": ["\${GITHUB_WORKSPACE}:\${GITHUB_WORKSPACE}:rw", "${RUNNER_TEMP}/gh-aw/safeoutputs:${RUNNER_TEMP}/gh-aw/safeoutputs:rw", "/tmp/gh-aw:/tmp/gh-aw:rw"],
                        "args": ["-w", "\${GITHUB_WORKSPACE}"],
                        "entrypoint": "sh",
                        "entrypointArgs": ["-c", "sh ${RUNNER_TEMP}/gh-aw/safeoutputs/start_safe_outputs_mcp.sh"],
                        "env": {
                          "DEBUG": "*",
                          "DEFAULT_BRANCH": "\${DEFAULT_BRANCH}",
                          "GH_AW_ASSETS_ALLOWED_EXTS": "\${GH_AW_ASSETS_ALLOWED_EXTS}",
                          "GH_AW_ASSETS_BRANCH": "\${GH_AW_ASSETS_BRANCH}",
                          "GH_AW_ASSETS_MAX_SIZE_KB": "\${GH_AW_ASSETS_MAX_SIZE_KB}",
                          "GH_AW_MCP_LOG_DIR": "\${GH_AW_MCP_LOG_DIR}",
                          "GH_AW_SAFE_OUTPUTS": "\${GH_AW_SAFE_OUTPUTS}",
                          "GH_AW_SAFE_OUTPUTS_CONFIG_PATH": "\${GH_AW_SAFE_OUTPUTS_CONFIG_PATH}",
                          "GH_AW_SAFE_OUTPUTS_TOOLS_PATH": "\${GH_AW_SAFE_OUTPUTS_TOOLS_PATH}",
                          "GITHUB_REPOSITORY": "\${GITHUB_REPOSITORY}",
                          "GITHUB_TOKEN": "\${GITHUB_TOKEN}",
                          "GITHUB_WORKSPACE": "\${GITHUB_WORKSPACE}",
                          "RUNNER_TEMP": "\${RUNNER_TEMP}"
                        }
                      }
                    },
                    "gateway": {
                      "port": $MCP_GATEWAY_PORT,
                      "domain": "${MCP_GATEWAY_DOMAIN}",
                      "apiKey": "${MCP_GATEWAY_API_KEY}",
                      "payloadDir": "${MCP_GATEWAY_PAYLOAD_DIR}"
                    }
                  }
                  GH_AW_MCP_CONFIG_9094cad331f98544_EOF
              - name: Mount MCP servers as CLIs
                id: mount-mcp-clis
                continue-on-error: true
                env:
                  MCP_GATEWAY_API_KEY: ${{ steps.start-mcp-gateway.outputs.gateway-api-key }}
                  MCP_GATEWAY_DOMAIN: ${{ steps.start-mcp-gateway.outputs.gateway-domain }}
                  MCP_GATEWAY_PORT: ${{ steps.start-mcp-gateway.outputs.gateway-port }}
                uses: actions/github-script@3a2844b7e9c422d3c10d287c895573f7108da1b3 # v9.0.0
                with:
                  script: |
                    const { setupGlobals } = require('${{ runner.temp }}/gh-aw/actions/setup_globals.cjs');
                    setupGlobals(core, github, context, exec, io);
                    const { main } = require('${{ runner.temp }}/gh-aw/actions/mount_mcp_as_cli.cjs');
                    await main();
              - name: Clean credentials
                continue-on-error: true
                run: bash "${RUNNER_TEMP}/gh-aw/actions/clean_git_credentials.sh"
              - name: Audit pre-agent workspace
                id: pre_agent_audit
                continue-on-error: true
                run: bash "${RUNNER_TEMP}/gh-aw/actions/audit_pre_agent_workspace.sh"
              - name: Execute Claude Code CLI
                id: agentic_execution
                # Allowed tools (sorted):
                # - Edit(/tmp/*)
                # - ExitPlanMode
                # - Glob
                # - Grep
                # - LS
                # - MultiEdit(/tmp/*)
                # - NotebookRead
                # - Read
                # - Read(/tmp/*)
                # - Task
                # - TodoWrite
                # - Write
                # - Write(/tmp/*)
                # - mcp__safeoutputs
                timeout-minutes: 20
                run: |
                  set -o pipefail
                            printf '%s' "$(date +%s%3N)" > /tmp/gh-aw/agent_cli_start_ms.txt
                            touch /tmp/gh-aw/agent-step-summary.md
                            (umask 177 && touch /tmp/gh-aw/agent-stdio.log)
                            # Execute Claude Code CLI with prompt from file
                            GH_AW_NODE_EXEC="${GH_AW_NODE_BIN:-}"; if [ -z "$GH_AW_NODE_EXEC" ] || [ ! -x "$GH_AW_NODE_EXEC" ]; then GH_AW_NODE_EXEC="$(command -v node 2>/dev/null || true)"; fi; if [ -z "$GH_AW_NODE_EXEC" ]; then echo "node runtime missing on this runner — check runtimes.node in workflow YAML" >&2; exit 127; fi; GH_AW_NPM_GLOBAL_ROOT="$(npm root -g 2>/dev/null || true)"; if [ -n "$GH_AW_NPM_GLOBAL_ROOT" ]; then export NODE_PATH="${GH_AW_NPM_GLOBAL_ROOT}${NODE_PATH:+:${NODE_PATH}}"; fi; "$GH_AW_NODE_EXEC" ${RUNNER_TEMP}/gh-aw/actions/claude_harness.cjs claude --print --no-chrome --allowed-tools 'Edit(/tmp/*),ExitPlanMode,Glob,Grep,LS,MultiEdit(/tmp/*),NotebookRead,Read,Read(/tmp/*),Task,TodoWrite,Write,Write(/tmp/*),mcp__safeoutputs' --debug-file /tmp/gh-aw/agent-stdio.log --verbose --permission-mode acceptEdits --output-format stream-json --mcp-config "${RUNNER_TEMP}/gh-aw/mcp-config/mcp-servers.json" --prompt-file /tmp/gh-aw/aw-prompts/prompt.txt${GH_AW_MODEL_AGENT_CLAUDE:+ --model "$GH_AW_MODEL_AGENT_CLAUDE"} 2>&1 | tee -a /tmp/gh-aw/agent-stdio.log
                env:
                  ANTHROPIC_API_KEY: ${{ secrets.ANTHROPIC_API_KEY }}
                  BASH_DEFAULT_TIMEOUT_MS: 60000
                  BASH_MAX_TIMEOUT_MS: 60000
                  CLAUDE_CODE_DISABLE_FAST_MODE: 1
                  DISABLE_BUG_COMMAND: 1
                  DISABLE_ERROR_REPORTING: 1
                  DISABLE_TELEMETRY: 1
                  GH_AW_LLM_PROVIDER: anthropic
                  GH_AW_MAX_TURNS: ${{ vars.GH_AW_DEFAULT_MAX_TURNS || '' }}
                  GH_AW_MCP_CONFIG: ${{ runner.temp }}/gh-aw/mcp-config/mcp-servers.json
                  GH_AW_MODEL_AGENT_CLAUDE: ${{ vars.GH_AW_MODEL_AGENT_CLAUDE || vars.GH_AW_DEFAULT_MODEL_CLAUDE || '' }}
                  GH_AW_PHASE: agent
                  GH_AW_PROMPT: /tmp/gh-aw/aw-prompts/prompt.txt
                  GH_AW_SAFE_OUTPUTS: ${{ steps.set-runtime-paths.outputs.GH_AW_SAFE_OUTPUTS }}
                  GH_AW_VERSION: dev
                  GITHUB_AW: true
                  GITHUB_STEP_SUMMARY: /tmp/gh-aw/agent-step-summary.md
                  GITHUB_WORKSPACE: ${{ github.workspace }}
                  MCP_TIMEOUT: 120000
                  MCP_TOOL_TIMEOUT: 60000
                  RUNNER_TEMP: ${{ runner.temp }}
                  TRACEPARENT: ${{ env.GITHUB_AW_OTEL_TRACE_ID != '' && env.GITHUB_AW_OTEL_PARENT_SPAN_ID != '' && format('00-{0}-{1}-01', env.GITHUB_AW_OTEL_TRACE_ID, env.GITHUB_AW_OTEL_PARENT_SPAN_ID) || '' }}
              - name: Detect agent errors
                if: always()
                id: detect-agent-errors
                continue-on-error: true
                run: node "${RUNNER_TEMP}/gh-aw/actions/detect_agent_errors.cjs"
              - name: Configure Git credentials
                env:
                  GITHUB_REPOSITORY: ${{ github.repository }}
                  GITHUB_SERVER_URL: ${{ github.server_url }}
                  GITHUB_TOKEN: ${{ github.token }}
                run: bash "${RUNNER_TEMP}/gh-aw/actions/configure_git_credentials.sh"
              - name: Stop MCP Gateway
                if: always()
                continue-on-error: true
                env:
                  MCP_GATEWAY_PORT: ${{ steps.start-mcp-gateway.outputs.gateway-port }}
                  MCP_GATEWAY_API_KEY: ${{ steps.start-mcp-gateway.outputs.gateway-api-key }}
                  GATEWAY_PID: ${{ steps.start-mcp-gateway.outputs.gateway-pid }}
                run: |
                  bash "${RUNNER_TEMP}/gh-aw/actions/stop_mcp_gateway.sh" "$GATEWAY_PID"
              - name: Redact secrets in logs
                if: always()
                uses: actions/github-script@3a2844b7e9c422d3c10d287c895573f7108da1b3 # v9.0.0
                with:
                  script: |
                    const { setupGlobals } = require('${{ runner.temp }}/gh-aw/actions/setup_globals.cjs');
                    setupGlobals(core, github, context, exec, io, getOctokit);
                    const { main } = require('${{ runner.temp }}/gh-aw/actions/redact_secrets.cjs');
                    await main();
                env:
                  GH_AW_SECRET_NAMES: 'ANTHROPIC_API_KEY,GH_AW_GITHUB_MCP_SERVER_TOKEN,GH_AW_GITHUB_TOKEN,GITHUB_TOKEN'
                  SECRET_ANTHROPIC_API_KEY: ${{ secrets.ANTHROPIC_API_KEY }}
                  SECRET_GH_AW_GITHUB_MCP_SERVER_TOKEN: ${{ secrets.GH_AW_GITHUB_MCP_SERVER_TOKEN }}
                  SECRET_GH_AW_GITHUB_TOKEN: ${{ secrets.GH_AW_GITHUB_TOKEN }}
                  SECRET_GITHUB_TOKEN: ${{ secrets.GITHUB_TOKEN }}
              - name: Append agent step summary
                if: always()
                run: bash "${RUNNER_TEMP}/gh-aw/actions/append_agent_step_summary.sh"
              - name: Copy Safe Outputs
                if: always()
                env:
                  GH_AW_SAFE_OUTPUTS: ${{ steps.set-runtime-paths.outputs.GH_AW_SAFE_OUTPUTS }}
                run: |
                  mkdir -p /tmp/gh-aw
                  cp "$GH_AW_SAFE_OUTPUTS" /tmp/gh-aw/safeoutputs.jsonl 2>/dev/null || true
              - name: Ingest agent output
                id: collect_output
                if: always()
                uses: actions/github-script@3a2844b7e9c422d3c10d287c895573f7108da1b3 # v9.0.0
                env:
                  GH_AW_SAFE_OUTPUTS: ${{ steps.set-runtime-paths.outputs.GH_AW_SAFE_OUTPUTS }}
                  GH_AW_ALLOWED_DOMAINS: "*.githubusercontent.com,anthropic.com,api.anthropic.com,api.github.com,api.snapcraft.io,archive.ubuntu.com,azure.archive.ubuntu.com,cdn.playwright.dev,codeload.github.com,crl.geotrust.com,crl.globalsign.com,crl.identrust.com,crl.sectigo.com,crl.thawte.com,crl.usertrust.com,crl.verisign.com,crl3.digicert.com,crl4.digicert.com,crls.ssl.com,files.pythonhosted.org,ghcr.io,github-cloud.githubusercontent.com,github-cloud.s3.amazonaws.com,github.com,host.docker.internal,json-schema.org,json.schemastore.org,keyserver.ubuntu.com,lfs.github.com,objects.githubusercontent.com,ocsp.digicert.com,ocsp.geotrust.com,ocsp.globalsign.com,ocsp.identrust.com,ocsp.sectigo.com,ocsp.ssl.com,ocsp.thawte.com,ocsp.usertrust.com,ocsp.verisign.com,packagecloud.io,packages.cloud.google.com,packages.microsoft.com,playwright.download.prss.microsoft.com,ppa.launchpad.net,pypi.org,raw.githubusercontent.com,registry.npmjs.org,s.symcb.com,s.symcd.com,security.ubuntu.com,sentry.io,statsig.anthropic.com,ts-crl.ws.symantec.com,ts-ocsp.ws.symantec.com"
                  GITHUB_SERVER_URL: ${{ github.server_url }}
                  GITHUB_API_URL: ${{ github.api_url }}
                with:
                  script: |
                    const { setupGlobals } = require('${{ runner.temp }}/gh-aw/actions/setup_globals.cjs');
                    setupGlobals(core, github, context, exec, io, getOctokit);
                    const { main } = require('${{ runner.temp }}/gh-aw/actions/collect_ndjson_output.cjs');
                    await main();
              - name: Parse agent logs for step summary
                if: always()
                uses: actions/github-script@3a2844b7e9c422d3c10d287c895573f7108da1b3 # v9.0.0
                env:
                  GH_AW_AGENT_OUTPUT: /tmp/gh-aw/agent-stdio.log
                with:
                  script: |
                    const { setupGlobals } = require('${{ runner.temp }}/gh-aw/actions/setup_globals.cjs');
                    setupGlobals(core, github, context, exec, io, getOctokit);
                    const { main } = require('${{ runner.temp }}/gh-aw/actions/parse_claude_log.cjs');
                    await main();
              - name: Parse MCP Gateway logs for step summary
                if: always()
                id: parse-mcp-gateway
                uses: actions/github-script@3a2844b7e9c422d3c10d287c895573f7108da1b3 # v9.0.0
                with:
                  script: |
                    const { setupGlobals } = require('${{ runner.temp }}/gh-aw/actions/setup_globals.cjs');
                    setupGlobals(core, github, context, exec, io, getOctokit);
                    const { main } = require('${{ runner.temp }}/gh-aw/actions/parse_mcp_gateway_log.cjs');
                    await main();
              - name: Write agent output placeholder if missing
                if: always()
                run: |
                  if [ ! -f /tmp/gh-aw/agent_output.json ]; then
                    echo '{"items":[]}' > /tmp/gh-aw/agent_output.json
                  fi
              - name: Upload agent artifacts
                if: always()
                continue-on-error: true
                uses: actions/upload-artifact@043fb46d1a93c77aae656e7c1c64a875d1fc6a0a # v7.0.1
                with:
                  name: agent
                  path: |
                    /tmp/gh-aw/aw-prompts/prompt.txt
                    /tmp/gh-aw/mcp-logs/
                    /tmp/gh-aw/agent-stdio.log
                    /tmp/gh-aw/pre-agent-audit.txt
                    /tmp/gh-aw/agent/
                    /tmp/gh-aw/github_rate_limits.jsonl
                    /tmp/gh-aw/safeoutputs.jsonl
                    /tmp/gh-aw/agent_output.json
                    /tmp/gh-aw/aw-*.patch
                    /tmp/gh-aw/aw-*.bundle
                  if-no-files-found: ignore

=== RUN   TestMainJobEnvironmentVariables/Safe_outputs_with_custom_env_vars
    main_job_env_test.go:107: Generated YAML:
        jobs:
          agent:
            ubuntu-latest
            permissions:
              contents: read
            env:
              DEFAULT_BRANCH: ${{ github.event.repository.default_branch }}
              GH_AW_ASSETS_ALLOWED_EXTS: ""
              GH_AW_ASSETS_BRANCH: ""
              GH_AW_ASSETS_MAX_SIZE_KB: 0
              GH_AW_MCP_LOG_DIR: /tmp/gh-aw/mcp-logs/safeoutputs
              GH_AW_RUNTIME_FEATURES: ${{ vars.GH_AW_RUNTIME_FEATURES }}
            outputs:
              agentic_engine_timeout: ${{ steps.detect-agent-errors.outputs.agentic_engine_timeout || 'false' }}
              ai_credits_rate_limit_error: ${{ steps.parse-mcp-gateway.outputs.ai_credits_rate_limit_error || 'false' }}
              aic: ${{ steps.parse-mcp-gateway.outputs.aic }}
              ambient_context: ${{ steps.parse-mcp-gateway.outputs.ambient_context }}
              checkout_pr_success: ${{ steps.checkout-pr.outputs.checkout_pr_success || 'true' }}
              effective_tokens: ${{ steps.parse-mcp-gateway.outputs.effective_tokens }}
              has_patch: ${{ steps.collect_output.outputs.has_patch }}
              inference_access_error: ${{ steps.detect-agent-errors.outputs.inference_access_error || 'false' }}
              mcp_policy_error: ${{ steps.detect-agent-errors.outputs.mcp_policy_error || 'false' }}
              model: ${{ needs.activation.outputs.model }}
              model_not_supported_error: ${{ steps.detect-agent-errors.outputs.model_not_supported_error || 'false' }}
              output: ${{ steps.collect_output.outputs.output }}
              output_types: ${{ steps.collect_output.outputs.output_types }}
              setup-parent-span-id: ${{ steps.setup.outputs.parent-span-id || steps.setup.outputs.span-id }}
              setup-span-id: ${{ steps.setup.outputs.span-id }}
              setup-trace-id: ${{ steps.setup.outputs.trace-id }}
              unknown_model_ai_credits: ${{ steps.parse-mcp-gateway.outputs.unknown_model_ai_credits || 'false' }}
            steps:
              - name: Checkout actions folder
                uses: actions/checkout@9c091bb21b7c1c1d1991bb908d89e4e9dddfe3e0 # v7.0.0
                with:
                  repository: github/gh-aw
                  sparse-checkout: |
                    actions
                  persist-credentials: false
              - name: Setup Scripts
                id: setup
                uses: ./actions/setup
                with:
                  destination: ${{ runner.temp }}/gh-aw/actions
                  job-name: ${{ github.job }}
                  trace-id: ${{ needs.activation.outputs.setup-trace-id }}
                  parent-span-id: ${{ needs.activation.outputs.setup-parent-span-id || needs.activation.outputs.setup-span-id }}
                env:
                  GH_AW_SETUP_WORKFLOW_NAME: ""
                  GH_AW_CURRENT_WORKFLOW_REF: ${{ github.repository }}/.github/workflows/unknown.lock.yml@${{ github.ref }}
                  GH_AW_INFO_VERSION: "2.1.185"
                  GH_AW_INFO_ENGINE_ID: "claude"
              - name: Set runtime paths
                id: set-runtime-paths
                run: |
                  {
                    echo "GH_AW_SAFE_OUTPUTS=${RUNNER_TEMP}/gh-aw/safeoutputs/outputs.jsonl"
                    echo "GH_AW_SAFE_OUTPUTS_CONFIG_PATH=${RUNNER_TEMP}/gh-aw/safeoutputs/config.json"
                    echo "GH_AW_SAFE_OUTPUTS_TOOLS_PATH=${RUNNER_TEMP}/gh-aw/safeoutputs/tools.json"
                  } >> "$GITHUB_OUTPUT"
              - name: Checkout repository
                uses: actions/checkout@9c091bb21b7c1c1d1991bb908d89e4e9dddfe3e0 # v7.0.0
                with:
                  persist-credentials: false
              - name: Setup Node.js
                uses: actions/setup-node@48b55a011bda9f5d6aeb4c2d9c7362e8dae4041e # v6.4.0
                with:
                  node-version: '24'
                  package-manager-cache: false
              - name: Create gh-aw temp directory
                run: bash "${RUNNER_TEMP}/gh-aw/actions/create_gh_aw_tmp_dir.sh"
              - name: Configure gh CLI for GitHub Enterprise
                run: bash "${RUNNER_TEMP}/gh-aw/actions/configure_gh_for_ghe.sh"
                env:
                  GH_TOKEN: ${{ github.token }}
              - name: Configure Git credentials
                env:
                  GITHUB_REPOSITORY: ${{ github.repository }}
                  GITHUB_SERVER_URL: ${{ github.server_url }}
                  GITHUB_TOKEN: ${{ github.token }}
                run: bash "${RUNNER_TEMP}/gh-aw/actions/configure_git_credentials.sh"
              - name: Checkout PR branch
                id: checkout-pr
                if: |
                  github.event.pull_request || github.event.issue.pull_request || github.event_name == 'workflow_dispatch' && fromJSON(github.event.inputs.aw_context || '{}').item_type == 'pull_request'
                uses: actions/github-script@3a2844b7e9c422d3c10d287c895573f7108da1b3 # v9.0.0
                env:
                  GH_TOKEN: ${{ secrets.GH_AW_GITHUB_MCP_SERVER_TOKEN || secrets.GH_AW_GITHUB_TOKEN || secrets.GITHUB_TOKEN }}
                with:
                  github-token: ${{ secrets.GH_AW_GITHUB_MCP_SERVER_TOKEN || secrets.GH_AW_GITHUB_TOKEN || secrets.GITHUB_TOKEN }}
                  script: |
                    const { setupGlobals } = require('${{ runner.temp }}/gh-aw/actions/setup_globals.cjs');
                    setupGlobals(core, github, context, exec, io, getOctokit);
                    const { main } = require('${{ runner.temp }}/gh-aw/actions/checkout_pr_branch.cjs');
                    await main();
              - name: Setup Node.js
                uses: actions/setup-node@48b55a011bda9f5d6aeb4c2d9c7362e8dae4041e # v6.4.0
                with:
                  node-version: '24'
                  package-manager-cache: false
              - name: Install Claude Code CLI
                run: npm install -g @anthropic-ai/claude-code@2.1.185
              - name: Download activation artifact
                uses: actions/download-artifact@3e5f45b2cfb9172054b4087a40e8e0b5a5461e7c # v8.0.1
                with:
                  name: activation
                  path: /tmp/gh-aw
              - name: Restore agent config folders from base branch
                if: steps.checkout-pr.outcome == 'success'
                env:
                  GH_AW_AGENT_FOLDERS: ".agents .antigravity .claude .codex .crush .gemini .github .opencode .pi"
                  GH_AW_AGENT_FILES: ".crush.json AGENTS.md ANTIGRAVITY.md CLAUDE.md GEMINI.md PI.md opencode.jsonc"
                run: bash "${RUNNER_TEMP}/gh-aw/actions/restore_base_github_folders.sh"
              - name: Restore inline sub-agents from activation artifact
                env:
                  GH_AW_SUB_AGENT_DIR: ".github/agents"
                  GH_AW_SUB_AGENT_EXT: ".agent.md"
                run: bash "${RUNNER_TEMP}/gh-aw/actions/restore_inline_sub_agents.sh"
              - name: Restore inline skills from activation artifact
                env:
                  GH_AW_SKILL_DIR: ".github/skills"
                run: bash "${RUNNER_TEMP}/gh-aw/actions/restore_inline_skills.sh"
              - name: Download container images
                run: bash "${RUNNER_TEMP}/gh-aw/actions/download_docker_images.sh" ghcr.io/github/gh-aw-mcpg:v0.3.27@sha256:fe984bddde4ec05d756d9043edb0a32912e6b7b72f6a121b1082f29221421cc7 ghcr.io/github/gh-aw-node@sha256:529d02eb970b1161aa25c593a9c3df57fdfad5a8add328cb3b6eccef66f3183b
              - name: Generate Safe Outputs Config
                run: |
                  mkdir -p "${RUNNER_TEMP}/gh-aw/safeoutputs"
                  mkdir -p /tmp/gh-aw/safeoutputs
                  mkdir -p /tmp/gh-aw/mcp-logs/safeoutputs
                  cat > "${RUNNER_TEMP}/gh-aw/safeoutputs/config.json" << 'GH_AW_SAFE_OUTPUTS_CONFIG_fa129741e84aa60e_EOF'
                  {"create_issue":{"max":1},"create_report_incomplete_issue":{},"missing_data":{},"missing_tool":{},"noop":{"max":1,"report-as-issue":"true"},"report_incomplete":{}}
                  GH_AW_SAFE_OUTPUTS_CONFIG_fa129741e84aa60e_EOF
              - name: Generate Safe Outputs Tools
                env:
                  GH_AW_TOOLS_META_JSON: |
                    {
                      "description_suffixes": {
                        "create_issue": " CONSTRAINTS: Maximum 1 issue(s) can be created."
                      },
                      "repo_params": {},
                      "dynamic_tools": []
                    }
                  GH_AW_VALIDATION_JSON: |
                    {
                      "create_issue": {
                        "defaultMax": 1,
                        "fields": {
                          "body": {
                            "required": true,
                            "type": "string",
                            "sanitize": true,
                            "maxLength": 65000,
                            "minLength": 20
                          },
                          "fields": {
                            "type": "array"
                          },
                          "labels": {
                            "type": "array",
                            "itemType": "string",
                            "itemSanitize": true,
                            "itemMaxLength": 128
                          },
                          "parent": {
                            "issueOrPRNumber": true
                          },
                          "repo": {
                            "type": "string",
                            "maxLength": 256
                          },
                          "temporary_id": {
                            "type": "string"
                          },
                          "title": {
                            "required": true,
                            "type": "string",
                            "sanitize": true,
                            "maxLength": 128
                          }
                        }
                      },
                      "missing_data": {
                        "defaultMax": 20,
                        "fields": {
                          "alternatives": {
                            "type": "string",
                            "sanitize": true,
                            "maxLength": 256
                          },
                          "context": {
                            "type": "string",
                            "sanitize": true,
                            "maxLength": 256
                          },
                          "data_type": {
                            "type": "string",
                            "sanitize": true,
                            "maxLength": 128
                          },
                          "reason": {
                            "type": "string",
                            "sanitize": true,
                            "maxLength": 256
                          }
                        }
                      },
                      "missing_tool": {
                        "defaultMax": 20,
                        "fields": {
                          "alternatives": {
                            "type": "string",
                            "sanitize": true,
                            "maxLength": 512
                          },
                          "reason": {
                            "required": true,
                            "type": "string",
                            "sanitize": true,
                            "maxLength": 256
                          },
                          "tool": {
                            "type": "string",
                            "sanitize": true,
                            "maxLength": 128
                          }
                        }
                      },
                      "noop": {
                        "defaultMax": 1,
                        "fields": {
                          "message": {
                            "required": true,
                            "type": "string",
                            "sanitize": true,
                            "maxLength": 65000
                          }
                        }
                      },
                      "report_incomplete": {
                        "defaultMax": 5,
                        "fields": {
                          "details": {
                            "type": "string",
                            "sanitize": true,
                            "maxLength": 65000
                          },
                          "reason": {
                            "required": true,
                            "type": "string",
                            "sanitize": true,
                            "maxLength": 1024
                          }
                        }
                      }
                    }
                uses: actions/github-script@3a2844b7e9c422d3c10d287c895573f7108da1b3 # v9.0.0
                with:
                  script: |
                    const { setupGlobals } = require('${{ runner.temp }}/gh-aw/actions/setup_globals.cjs');
                    setupGlobals(core, github, context, exec, io, getOctokit);
                    const { main } = require('${{ runner.temp }}/gh-aw/actions/generate_safe_outputs_tools.cjs');
                    await main();
              - name: Start MCP Gateway
                id: start-mcp-gateway
                env:
                  GH_AW_SAFE_OUTPUTS: ${{ steps.set-runtime-paths.outputs.GH_AW_SAFE_OUTPUTS }}
                  GH_AW_SAFE_OUTPUTS_CONFIG_PATH: ${{ steps.set-runtime-paths.outputs.GH_AW_SAFE_OUTPUTS_CONFIG_PATH }}
                  GH_AW_SAFE_OUTPUTS_TOOLS_PATH: ${{ steps.set-runtime-paths.outputs.GH_AW_SAFE_OUTPUTS_TOOLS_PATH }}
                  GITHUB_TOKEN: ${{ secrets.GITHUB_TOKEN }}
                run: |
                  set -eo pipefail
                  mkdir -p "${RUNNER_TEMP}/gh-aw/mcp-config"

                  # Export gateway environment variables for MCP config and gateway script
                  export MCP_GATEWAY_PORT="8080"
                  export MCP_GATEWAY_DOMAIN="host.docker.internal"
                  export MCP_GATEWAY_HOST_DOMAIN="localhost"
                  MCP_GATEWAY_API_KEY=$(openssl rand -base64 45 | tr -d '/+=')
                  echo "::add-mask::${MCP_GATEWAY_API_KEY}"
                  export MCP_GATEWAY_API_KEY
                  export MCP_GATEWAY_PAYLOAD_DIR="/tmp/gh-aw/mcp-payloads"
                  mkdir -p "${MCP_GATEWAY_PAYLOAD_DIR}"
                  export MCP_GATEWAY_PAYLOAD_SIZE_THRESHOLD="524288"
                  export DEBUG="*"

                  export GH_AW_ENGINE="claude"
                  MCP_GATEWAY_UID=$(id -u 2>/dev/null || echo '0')
                  MCP_GATEWAY_GID=$(id -g 2>/dev/null || echo '0')
                  case "${DOCKER_HOST:-}" in
                    unix://* ) DOCKER_SOCK_PATH="${DOCKER_HOST#unix://}" ;;
                    /* ) DOCKER_SOCK_PATH="$DOCKER_HOST" ;;
                    * ) DOCKER_SOCK_PATH=/var/run/docker.sock ;;
                  esac
                  DOCKER_SOCK_GID=$(stat -c '%g' "$DOCKER_SOCK_PATH" 2>/dev/null || echo '0')
                  export MCP_GATEWAY_DOCKER_COMMAND='docker run -i --rm --network host --name awmg-mcpg --add-host host.docker.internal:127.0.0.1 --user '"${MCP_GATEWAY_UID}"':'"${MCP_GATEWAY_GID}"' --group-add '"${DOCKER_SOCK_GID}"' -v '"${DOCKER_SOCK_PATH}"':/var/run/docker.sock -e MCP_GATEWAY_PORT -e MCP_GATEWAY_DOMAIN -e MCP_GATEWAY_API_KEY -e MCP_GATEWAY_PAYLOAD_DIR -e MCP_GATEWAY_PAYLOAD_SIZE_THRESHOLD -e DOCKER_HOST=unix:///var/run/docker.sock -e DEBUG -e MCP_GATEWAY_LOG_DIR -e GH_AW_MCP_LOG_DIR -e GH_AW_SAFE_OUTPUTS -e GH_AW_SAFE_OUTPUTS_CONFIG_PATH -e GH_AW_SAFE_OUTPUTS_TOOLS_PATH -e GH_AW_ASSETS_BRANCH -e GH_AW_ASSETS_MAX_SIZE_KB -e GH_AW_ASSETS_ALLOWED_EXTS -e DEFAULT_BRANCH -e GITHUB_MCP_SERVER_TOKEN -e GITHUB_MCP_GUARD_MIN_INTEGRITY -e GITHUB_MCP_GUARD_REPOS -e GITHUB_REPOSITORY -e GITHUB_SERVER_URL -e GITHUB_SHA -e GITHUB_WORKSPACE -e GITHUB_TOKEN -e GITHUB_RUN_ID -e GITHUB_RUN_NUMBER -e GITHUB_RUN_ATTEMPT -e GITHUB_JOB -e GITHUB_ACTION -e GITHUB_EVENT_NAME -e GITHUB_EVENT_PATH -e GITHUB_ACTOR -e GITHUB_ACTOR_ID -e GITHUB_TRIGGERING_ACTOR -e GITHUB_WORKFLOW -e GITHUB_WORKFLOW_REF -e GITHUB_WORKFLOW_SHA -e GITHUB_REF -e GITHUB_REF_NAME -e GITHUB_REF_TYPE -e GITHUB_HEAD_REF -e GITHUB_BASE_REF -e RUNNER_TEMP -v /tmp/gh-aw/mcp-payloads:/tmp/gh-aw/mcp-payloads:rw -v /opt:/opt:ro -v /tmp:/tmp:rw -v '"${GITHUB_WORKSPACE}"':'"${GITHUB_WORKSPACE}"':rw -v '"${RUNNER_TEMP}"'/gh-aw/safeoutputs:'"${RUNNER_TEMP}"'/gh-aw/safeoutputs:rw ghcr.io/github/gh-aw-mcpg:v0.3.27'

                  GH_AW_NODE=$(which node 2>/dev/null || command -v node 2>/dev/null || echo node)
                  cat << GH_AW_MCP_CONFIG_9094cad331f98544_EOF | "$GH_AW_NODE" "${RUNNER_TEMP}/gh-aw/actions/start_mcp_gateway.cjs"
                  {
                    "mcpServers": {
                      "safeoutputs": {
                        "container": "ghcr.io/github/gh-aw-node",
                        "mounts": ["\${GITHUB_WORKSPACE}:\${GITHUB_WORKSPACE}:rw", "${RUNNER_TEMP}/gh-aw/safeoutputs:${RUNNER_TEMP}/gh-aw/safeoutputs:rw", "/tmp/gh-aw:/tmp/gh-aw:rw"],
                        "args": ["-w", "\${GITHUB_WORKSPACE}"],
                        "entrypoint": "sh",
                        "entrypointArgs": ["-c", "sh ${RUNNER_TEMP}/gh-aw/safeoutputs/start_safe_outputs_mcp.sh"],
                        "env": {
                          "DEBUG": "*",
                          "DEFAULT_BRANCH": "\${DEFAULT_BRANCH}",
                          "GH_AW_ASSETS_ALLOWED_EXTS": "\${GH_AW_ASSETS_ALLOWED_EXTS}",
                          "GH_AW_ASSETS_BRANCH": "\${GH_AW_ASSETS_BRANCH}",
                          "GH_AW_ASSETS_MAX_SIZE_KB": "\${GH_AW_ASSETS_MAX_SIZE_KB}",
                          "GH_AW_MCP_LOG_DIR": "\${GH_AW_MCP_LOG_DIR}",
                          "GH_AW_SAFE_OUTPUTS": "\${GH_AW_SAFE_OUTPUTS}",
                          "GH_AW_SAFE_OUTPUTS_CONFIG_PATH": "\${GH_AW_SAFE_OUTPUTS_CONFIG_PATH}",
                          "GH_AW_SAFE_OUTPUTS_TOOLS_PATH": "\${GH_AW_SAFE_OUTPUTS_TOOLS_PATH}",
                          "GITHUB_REPOSITORY": "\${GITHUB_REPOSITORY}",
                          "GITHUB_TOKEN": "\${GITHUB_TOKEN}",
                          "GITHUB_WORKSPACE": "\${GITHUB_WORKSPACE}",
                          "RUNNER_TEMP": "\${RUNNER_TEMP}"
                        }
                      }
                    },
                    "gateway": {
                      "port": $MCP_GATEWAY_PORT,
                      "domain": "${MCP_GATEWAY_DOMAIN}",
                      "apiKey": "${MCP_GATEWAY_API_KEY}",
                      "payloadDir": "${MCP_GATEWAY_PAYLOAD_DIR}"
                    }
                  }
                  GH_AW_MCP_CONFIG_9094cad331f98544_EOF
              - name: Mount MCP servers as CLIs
                id: mount-mcp-clis
                continue-on-error: true
                env:
                  MCP_GATEWAY_API_KEY: ${{ steps.start-mcp-gateway.outputs.gateway-api-key }}
                  MCP_GATEWAY_DOMAIN: ${{ steps.start-mcp-gateway.outputs.gateway-domain }}
                  MCP_GATEWAY_PORT: ${{ steps.start-mcp-gateway.outputs.gateway-port }}
                uses: actions/github-script@3a2844b7e9c422d3c10d287c895573f7108da1b3 # v9.0.0
                with:
                  script: |
                    const { setupGlobals } = require('${{ runner.temp }}/gh-aw/actions/setup_globals.cjs');
                    setupGlobals(core, github, context, exec, io);
                    const { main } = require('${{ runner.temp }}/gh-aw/actions/mount_mcp_as_cli.cjs');
                    await main();
              - name: Clean credentials
                continue-on-error: true
                run: bash "${RUNNER_TEMP}/gh-aw/actions/clean_git_credentials.sh"
              - name: Audit pre-agent workspace
                id: pre_agent_audit
                continue-on-error: true
                run: bash "${RUNNER_TEMP}/gh-aw/actions/audit_pre_agent_workspace.sh"
              - name: Execute Claude Code CLI
                id: agentic_execution
                # Allowed tools (sorted):
                # - Edit(/tmp/*)
                # - ExitPlanMode
                # - Glob
                # - Grep
                # - LS
                # - MultiEdit(/tmp/*)
                # - NotebookRead
                # - Read
                # - Read(/tmp/*)
                # - Task
                # - TodoWrite
                # - Write
                # - Write(/tmp/*)
                # - mcp__safeoutputs
                timeout-minutes: 20
                run: |
                  set -o pipefail
                            printf '%s' "$(date +%s%3N)" > /tmp/gh-aw/agent_cli_start_ms.txt
                            touch /tmp/gh-aw/agent-step-summary.md
                            (umask 177 && touch /tmp/gh-aw/agent-stdio.log)
                            # Execute Claude Code CLI with prompt from file
                            GH_AW_NODE_EXEC="${GH_AW_NODE_BIN:-}"; if [ -z "$GH_AW_NODE_EXEC" ] || [ ! -x "$GH_AW_NODE_EXEC" ]; then GH_AW_NODE_EXEC="$(command -v node 2>/dev/null || true)"; fi; if [ -z "$GH_AW_NODE_EXEC" ]; then echo "node runtime missing on this runner — check runtimes.node in workflow YAML" >&2; exit 127; fi; GH_AW_NPM_GLOBAL_ROOT="$(npm root -g 2>/dev/null || true)"; if [ -n "$GH_AW_NPM_GLOBAL_ROOT" ]; then export NODE_PATH="${GH_AW_NPM_GLOBAL_ROOT}${NODE_PATH:+:${NODE_PATH}}"; fi; "$GH_AW_NODE_EXEC" ${RUNNER_TEMP}/gh-aw/actions/claude_harness.cjs claude --print --no-chrome --allowed-tools 'Edit(/tmp/*),ExitPlanMode,Glob,Grep,LS,MultiEdit(/tmp/*),NotebookRead,Read,Read(/tmp/*),Task,TodoWrite,Write,Write(/tmp/*),mcp__safeoutputs' --debug-file /tmp/gh-aw/agent-stdio.log --verbose --permission-mode acceptEdits --output-format stream-json --mcp-config "${RUNNER_TEMP}/gh-aw/mcp-config/mcp-servers.json" --prompt-file /tmp/gh-aw/aw-prompts/prompt.txt${GH_AW_MODEL_AGENT_CLAUDE:+ --model "$GH_AW_MODEL_AGENT_CLAUDE"} 2>&1 | tee -a /tmp/gh-aw/agent-stdio.log
                env:
                  ANTHROPIC_API_KEY: ${{ secrets.ANTHROPIC_API_KEY }}
                  BASH_DEFAULT_TIMEOUT_MS: 60000
                  BASH_MAX_TIMEOUT_MS: 60000
                  CLAUDE_CODE_DISABLE_FAST_MODE: 1
                  DISABLE_BUG_COMMAND: 1
                  DISABLE_ERROR_REPORTING: 1
                  DISABLE_TELEMETRY: 1
                  GH_AW_LLM_PROVIDER: anthropic
                  GH_AW_MAX_TURNS: ${{ vars.GH_AW_DEFAULT_MAX_TURNS || '' }}
                  GH_AW_MCP_CONFIG: ${{ runner.temp }}/gh-aw/mcp-config/mcp-servers.json
                  GH_AW_MODEL_AGENT_CLAUDE: ${{ vars.GH_AW_MODEL_AGENT_CLAUDE || vars.GH_AW_DEFAULT_MODEL_CLAUDE || '' }}
                  GH_AW_PHASE: agent
                  GH_AW_PROMPT: /tmp/gh-aw/aw-prompts/prompt.txt
                  GH_AW_SAFE_OUTPUTS: ${{ steps.set-runtime-paths.outputs.GH_AW_SAFE_OUTPUTS }}
                  GH_AW_VERSION: dev
                  GITHUB_AW: true
                  GITHUB_STEP_SUMMARY: /tmp/gh-aw/agent-step-summary.md
                  GITHUB_WORKSPACE: ${{ github.workspace }}
                  MCP_TIMEOUT: 120000
                  MCP_TOOL_TIMEOUT: 60000
                  RUNNER_TEMP: ${{ runner.temp }}
                  TRACEPARENT: ${{ env.GITHUB_AW_OTEL_TRACE_ID != '' && env.GITHUB_AW_OTEL_PARENT_SPAN_ID != '' && format('00-{0}-{1}-01', env.GITHUB_AW_OTEL_TRACE_ID, env.GITHUB_AW_OTEL_PARENT_SPAN_ID) || '' }}
              - name: Detect agent errors
                if: always()
                id: detect-agent-errors
                continue-on-error: true
                run: node "${RUNNER_TEMP}/gh-aw/actions/detect_agent_errors.cjs"
              - name: Configure Git credentials
                env:
                  GITHUB_REPOSITORY: ${{ github.repository }}
                  GITHUB_SERVER_URL: ${{ github.server_url }}
                  GITHUB_TOKEN: ${{ github.token }}
                run: bash "${RUNNER_TEMP}/gh-aw/actions/configure_git_credentials.sh"
              - name: Stop MCP Gateway
                if: always()
                continue-on-error: true
                env:
                  MCP_GATEWAY_PORT: ${{ steps.start-mcp-gateway.outputs.gateway-port }}
                  MCP_GATEWAY_API_KEY: ${{ steps.start-mcp-gateway.outputs.gateway-api-key }}
                  GATEWAY_PID: ${{ steps.start-mcp-gateway.outputs.gateway-pid }}
                run: |
                  bash "${RUNNER_TEMP}/gh-aw/actions/stop_mcp_gateway.sh" "$GATEWAY_PID"
              - name: Redact secrets in logs
                if: always()
                uses: actions/github-script@3a2844b7e9c422d3c10d287c895573f7108da1b3 # v9.0.0
                with:
                  script: |
                    const { setupGlobals } = require('${{ runner.temp }}/gh-aw/actions/setup_globals.cjs');
                    setupGlobals(core, github, context, exec, io, getOctokit);
                    const { main } = require('${{ runner.temp }}/gh-aw/actions/redact_secrets.cjs');
                    await main();
                env:
                  GH_AW_SECRET_NAMES: 'ANTHROPIC_API_KEY,GH_AW_GITHUB_MCP_SERVER_TOKEN,GH_AW_GITHUB_TOKEN,GITHUB_TOKEN'
                  SECRET_ANTHROPIC_API_KEY: ${{ secrets.ANTHROPIC_API_KEY }}
                  SECRET_GH_AW_GITHUB_MCP_SERVER_TOKEN: ${{ secrets.GH_AW_GITHUB_MCP_SERVER_TOKEN }}
                  SECRET_GH_AW_GITHUB_TOKEN: ${{ secrets.GH_AW_GITHUB_TOKEN }}
                  SECRET_GITHUB_TOKEN: ${{ secrets.GITHUB_TOKEN }}
              - name: Append agent step summary
                if: always()
                run: bash "${RUNNER_TEMP}/gh-aw/actions/append_agent_step_summary.sh"
              - name: Copy Safe Outputs
                if: always()
                env:
                  GH_AW_SAFE_OUTPUTS: ${{ steps.set-runtime-paths.outputs.GH_AW_SAFE_OUTPUTS }}
                run: |
                  mkdir -p /tmp/gh-aw
                  cp "$GH_AW_SAFE_OUTPUTS" /tmp/gh-aw/safeoutputs.jsonl 2>/dev/null || true
              - name: Ingest agent output
                id: collect_output
                if: always()
                uses: actions/github-script@3a2844b7e9c422d3c10d287c895573f7108da1b3 # v9.0.0
                env:
                  GH_AW_SAFE_OUTPUTS: ${{ steps.set-runtime-paths.outputs.GH_AW_SAFE_OUTPUTS }}
                  GH_AW_ALLOWED_DOMAINS: "*.githubusercontent.com,anthropic.com,api.anthropic.com,api.github.com,api.snapcraft.io,archive.ubuntu.com,azure.archive.ubuntu.com,cdn.playwright.dev,codeload.github.com,crl.geotrust.com,crl.globalsign.com,crl.identrust.com,crl.sectigo.com,crl.thawte.com,crl.usertrust.com,crl.verisign.com,crl3.digicert.com,crl4.digicert.com,crls.ssl.com,files.pythonhosted.org,ghcr.io,github-cloud.githubusercontent.com,github-cloud.s3.amazonaws.com,github.com,host.docker.internal,json-schema.org,json.schemastore.org,keyserver.ubuntu.com,lfs.github.com,objects.githubusercontent.com,ocsp.digicert.com,ocsp.geotrust.com,ocsp.globalsign.com,ocsp.identrust.com,ocsp.sectigo.com,ocsp.ssl.com,ocsp.thawte.com,ocsp.usertrust.com,ocsp.verisign.com,packagecloud.io,packages.cloud.google.com,packages.microsoft.com,playwright.download.prss.microsoft.com,ppa.launchpad.net,pypi.org,raw.githubusercontent.com,registry.npmjs.org,s.symcb.com,s.symcd.com,security.ubuntu.com,sentry.io,statsig.anthropic.com,ts-crl.ws.symantec.com,ts-ocsp.ws.symantec.com"
                  GITHUB_SERVER_URL: ${{ github.server_url }}
                  GITHUB_API_URL: ${{ github.api_url }}
                with:
                  script: |
                    const { setupGlobals } = require('${{ runner.temp }}/gh-aw/actions/setup_globals.cjs');
                    setupGlobals(core, github, context, exec, io, getOctokit);
                    const { main } = require('${{ runner.temp }}/gh-aw/actions/collect_ndjson_output.cjs');
                    await main();
              - name: Parse agent logs for step summary
                if: always()
                uses: actions/github-script@3a2844b7e9c422d3c10d287c895573f7108da1b3 # v9.0.0
                env:
                  GH_AW_AGENT_OUTPUT: /tmp/gh-aw/agent-stdio.log
                with:
                  script: |
                    const { setupGlobals } = require('${{ runner.temp }}/gh-aw/actions/setup_globals.cjs');
                    setupGlobals(core, github, context, exec, io, getOctokit);
                    const { main } = require('${{ runner.temp }}/gh-aw/actions/parse_claude_log.cjs');
                    await main();
              - name: Parse MCP Gateway logs for step summary
                if: always()
                id: parse-mcp-gateway
                uses: actions/github-script@3a2844b7e9c422d3c10d287c895573f7108da1b3 # v9.0.0
                with:
                  script: |
                    const { setupGlobals } = require('${{ runner.temp }}/gh-aw/actions/setup_globals.cjs');
                    setupGlobals(core, github, context, exec, io, getOctokit);
                    const { main } = require('${{ runner.temp }}/gh-aw/actions/parse_mcp_gateway_log.cjs');
                    await main();
              - name: Write agent output placeholder if missing
                if: always()
                run: |
                  if [ ! -f /tmp/gh-aw/agent_output.json ]; then
                    echo '{"items":[]}' > /tmp/gh-aw/agent_output.json
                  fi
              - name: Upload agent artifacts
                if: always()
                continue-on-error: true
                uses: actions/upload-artifact@043fb46d1a93c77aae656e7c1c64a875d1fc6a0a # v7.0.1
                with:
                  name: agent
                  path: |
                    /tmp/gh-aw/aw-prompts/prompt.txt
                    /tmp/gh-aw/mcp-logs/
                    /tmp/gh-aw/agent-stdio.log
                    /tmp/gh-aw/pre-agent-audit.txt
                    /tmp/gh-aw/agent/
                    /tmp/gh-aw/github_rate_limits.jsonl
                    /tmp/gh-aw/safeoutputs.jsonl
                    /tmp/gh-aw/agent_output.json
                    /tmp/gh-aw/aw-*.patch
                    /tmp/gh-aw/aw-*.bundle
                  if-no-files-found: ignore

--- PASS: TestMainJobEnvironmentVariables (0.01s)
    --- PASS: TestMainJobEnvironmentVariables/No_safe_outputs_-_no_env_section (0.00s)
    --- PASS: TestMainJobEnvironmentVariables/Safe_outputs_with_create-issue (0.00s)
    --- PASS: TestMainJobEnvironmentVariables/Safe_outputs_with_custom_env_vars (0.00s)
=== RUN   TestMainJobIncludesCompiledProjectUTCEnv
--- PASS: TestMainJobIncludesCompiledProjectUTCEnv (0.00s)
=== RUN   TestMainJobEnvironmentVariablesIntegration
/tmp/gh-aw-test-runs/20260704-173215-1254793/test-140181935/test-job-env.md: info: Tip: set permissions.copilot-requests: write to use GitHub Actions token-based inference with the Copilot engine instead of a personal access token (COPILOT_GITHUB_TOKEN). This option requires that your organization has centralized Copilot billing enabled and may not be available in all organizations — see https://github.github.com/gh-aw/reference/billing/ for details.

/tmp/gh-aw-test-runs/20260704-173215-1254793/test-140181935/test-job-env.md: warning: safe update mode detected unapproved changes

New restricted secret(s):
  - CUSTOM_PAT

Remediation options:
  1. Use the --approve flag to allow the changes.
  2. Revert the unapproved changes.
  3. Use an interactive coding agent to review and approve the changes.

✓ /tmp/gh-aw-test-runs/20260704-173215-1254793/test-140181935/test-job-env.md (100.6 KB)
    main_job_env_test.go:191: Generated lock file content:
        # gh-aw-metadata: {"schema_version":"v4","frontmatter_hash":"3f8b86e7c34a400108b979a0ef48f3b5229fce30588f2a183be9e705e1e505e2","body_hash":"5f8253cffdf0016eeb2c8f7b735f1d391294eef166eb845419d3bfe4c3b92da7","strict":true,"agent_id":"copilot","engine_versions":{"copilot":"1.0.63"}}
        # gh-aw-manifest: {"version":1,"secrets":["COPILOT_GITHUB_TOKEN","CUSTOM_PAT","GH_AW_GITHUB_MCP_SERVER_TOKEN","GH_AW_GITHUB_TOKEN","GITHUB_TOKEN"],"actions":[{"repo":"actions/cache/restore","sha":"27d5ce7f107fe9357f9df03efb73ab90386fccae","version":"v5.0.5"},{"repo":"actions/cache/save","sha":"27d5ce7f107fe9357f9df03efb73ab90386fccae","version":"v5.0.5"},{"repo":"actions/checkout","sha":"9c091bb21b7c1c1d1991bb908d89e4e9dddfe3e0","version":"v7.0.0"},{"repo":"actions/download-artifact","sha":"3e5f45b2cfb9172054b4087a40e8e0b5a5461e7c","version":"v8.0.1"},{"repo":"actions/github-script","sha":"3a2844b7e9c422d3c10d287c895573f7108da1b3","version":"v9.0.0"},{"repo":"actions/setup-node","sha":"48b55a011bda9f5d6aeb4c2d9c7362e8dae4041e","version":"v6.4.0"},{"repo":"actions/upload-artifact","sha":"043fb46d1a93c77aae656e7c1c64a875d1fc6a0a","version":"v7.0.1"}],"containers":[{"image":"ghcr.io/github/gh-aw-firewall/agent:0.27.7","digest":"sha256:aae231e4635c8999d039c132f1602d3df850fe9b84a00aa2b5ac981179b5661c","pinned_image":"ghcr.io/github/gh-aw-firewall/agent:0.27.7@sha256:aae231e4635c8999d039c132f1602d3df850fe9b84a00aa2b5ac981179b5661c"},{"image":"ghcr.io/github/gh-aw-firewall/api-proxy:0.27.7","digest":"sha256:009caf2e3d88fa77b64e9a03a95a228fc58db0f1701c6d324b29ba5a3c7c79b6","pinned_image":"ghcr.io/github/gh-aw-firewall/api-proxy:0.27.7@sha256:009caf2e3d88fa77b64e9a03a95a228fc58db0f1701c6d324b29ba5a3c7c79b6"},{"image":"ghcr.io/github/gh-aw-firewall/squid:0.27.7","digest":"sha256:deb1d4e19de62d51cee0508057a596a19315c3423ada4d675cad136dc8037c96","pinned_image":"ghcr.io/github/gh-aw-firewall/squid:0.27.7@sha256:deb1d4e19de62d51cee0508057a596a19315c3423ada4d675cad136dc8037c96"},{"image":"ghcr.io/github/gh-aw-mcpg:v0.3.27","digest":"sha256:fe984bddde4ec05d756d9043edb0a32912e6b7b72f6a121b1082f29221421cc7","pinned_image":"ghcr.io/github/gh-aw-mcpg:v0.3.27@sha256:fe984bddde4ec05d756d9043edb0a32912e6b7b72f6a121b1082f29221421cc7"},{"image":"ghcr.io/github/gh-aw-node","digest":"sha256:529d02eb970b1161aa25c593a9c3df57fdfad5a8add328cb3b6eccef66f3183b","pinned_image":"ghcr.io/github/gh-aw-node@sha256:529d02eb970b1161aa25c593a9c3df57fdfad5a8add328cb3b6eccef66f3183b"},{"image":"ghcr.io/github/github-mcp-server:v1.4.0","digest":"sha256:2afb26356481d1a350e14544a6e160f7f7ec1561a1ea309b823665abf0309036","pinned_image":"ghcr.io/github/github-mcp-server:v1.4.0@sha256:2afb26356481d1a350e14544a6e160f7f7ec1561a1ea309b823665abf0309036"}]}
        # This file was automatically generated by gh-aw. DO NOT EDIT. To debug this workflow, load the skill at https://github.com/github/gh-aw/blob/main/debug.md
        #
        #    ___                   _   _
        #   / _ \                 | | (_)
        #  | |_| | __ _  ___ _ __ | |_ _  ___
        #  |  _  |/ _` |/ _ \ '_ \| __| |/ __|
        #  | | | | (_| |  __/ | | | |_| | (__
        #  \_| |_/\__, |\___|_| |_|\__|_|\___|
        #          __/ |
        #  _    _ |___/
        # | |  | |                / _| |
        # | |  | | ___ _ __ _  __| |_| | _____      ____
        # | |/\| |/ _ \ '__| |/ /|  _| |/ _ \ \ /\ / / ___|
        # \  /\  / (_) | | | | ( | | | | (_) \ V  V /\__ \
        #  \/  \/ \___/|_| |_|\_\|_| |_|\___/ \_/\_/ |___/
        #
        #
        # To update this file, edit the corresponding .md file and run:
        #   gh aw compile
        # Not all edits will cause changes to this file.
        #
        # For more information: https://github.github.com/gh-aw/introduction/overview/
        #
        #
        # Secrets used:
        #   - COPILOT_GITHUB_TOKEN
        #   - CUSTOM_PAT
        #   - GH_AW_GITHUB_MCP_SERVER_TOKEN
        #   - GH_AW_GITHUB_TOKEN
        #   - GITHUB_TOKEN
        #
        # Custom actions used:
        #   - actions/cache/restore@27d5ce7f107fe9357f9df03efb73ab90386fccae # v5.0.5
        #   - actions/cache/save@27d5ce7f107fe9357f9df03efb73ab90386fccae # v5.0.5
        #   - actions/checkout@9c091bb21b7c1c1d1991bb908d89e4e9dddfe3e0 # v7.0.0
        #   - actions/download-artifact@3e5f45b2cfb9172054b4087a40e8e0b5a5461e7c # v8.0.1
        #   - actions/github-script@3a2844b7e9c422d3c10d287c895573f7108da1b3 # v9.0.0
        #   - actions/github-script@3a2844b7e9c422d3c10d287c895573f7108da1b3 # v9.0.0 (source v9)
        #   - actions/setup-node@48b55a011bda9f5d6aeb4c2d9c7362e8dae4041e # v6.4.0
        #   - actions/upload-artifact@043fb46d1a93c77aae656e7c1c64a875d1fc6a0a # v7.0.1
        #
        # Container images used:
        #   - ghcr.io/github/gh-aw-firewall/agent:0.27.7@sha256:aae231e4635c8999d039c132f1602d3df850fe9b84a00aa2b5ac981179b5661c
        #   - ghcr.io/github/gh-aw-firewall/api-proxy:0.27.7@sha256:009caf2e3d88fa77b64e9a03a95a228fc58db0f1701c6d324b29ba5a3c7c79b6
        #   - ghcr.io/github/gh-aw-firewall/squid:0.27.7@sha256:deb1d4e19de62d51cee0508057a596a19315c3423ada4d675cad136dc8037c96
        #   - ghcr.io/github/gh-aw-mcpg:v0.3.27@sha256:fe984bddde4ec05d756d9043edb0a32912e6b7b72f6a121b1082f29221421cc7
        #   - ghcr.io/github/gh-aw-node@sha256:529d02eb970b1161aa25c593a9c3df57fdfad5a8add328cb3b6eccef66f3183b
        #   - ghcr.io/github/github-mcp-server:v1.4.0@sha256:2afb26356481d1a350e14544a6e160f7f7ec1561a1ea309b823665abf0309036

        name: "Test Job Environment Variables"
        on: push

        permissions: {}

        concurrency:
          group: "gh-aw-${{ github.workflow }}-${{ github.ref || github.run_id }}"

        run-name: "Test Job Environment Variables"

        jobs:
          activation:
            needs: pre_activation
            if: needs.pre_activation.outputs.activated == 'true'
            runs-on: ubuntu-slim
            permissions:
              actions: read
              contents: read
            env:
              GH_AW_MAX_DAILY_AI_CREDITS: ${{ vars.GH_AW_DEFAULT_MAX_DAILY_AI_CREDITS || '5000' }}
              GH_AW_RUNTIME_FEATURES: ${{ vars.GH_AW_RUNTIME_FEATURES }}
            outputs:
              comment_id: ""
              comment_repo: ""
              daily_ai_credits_exceeded: ${{ steps.daily-effective-workflow-guardrail.outputs.daily_ai_credits_exceeded == 'true' }}
              daily_ai_credits_threshold: ${{ steps.daily-effective-workflow-guardrail.outputs.daily_ai_credits_threshold || '' }}
              daily_ai_credits_total_effective_tokens: ${{ steps.daily-effective-workflow-guardrail.outputs.daily_ai_credits_total_effective_tokens || '' }}
              engine_id: ${{ steps.generate_aw_info.outputs.engine_id }}
              lockdown_check_failed: ${{ steps.generate_aw_info.outputs.lockdown_check_failed == 'true' }}
              model: ${{ steps.generate_aw_info.outputs.model }}
              secret_verification_result: ${{ steps.validate-secret.outputs.verification_result }}
              setup-parent-span-id: ${{ steps.setup.outputs.parent-span-id || steps.setup.outputs.span-id }}
              setup-span-id: ${{ steps.setup.outputs.span-id }}
              setup-trace-id: ${{ steps.setup.outputs.trace-id }}
              stale_lock_file_failed: ${{ steps.check-lock-file.outputs.stale_lock_file_failed == 'true' }}
            steps:
              - name: Checkout actions folder
                uses: actions/checkout@9c091bb21b7c1c1d1991bb908d89e4e9dddfe3e0 # v7.0.0
                with:
                  repository: github/gh-aw
                  sparse-checkout: |
                    actions
                  persist-credentials: false
              - name: Setup Scripts
                id: setup
                uses: ./actions/setup
                with:
                  destination: ${{ runner.temp }}/gh-aw/actions
                  job-name: ${{ github.job }}
                  trace-id: ${{ needs.pre_activation.outputs.setup-trace-id }}
                  parent-span-id: ${{ needs.pre_activation.outputs.setup-parent-span-id || needs.pre_activation.outputs.setup-span-id }}
                  safe-output-artifact-client: ${{ env.GH_AW_MAX_DAILY_AI_CREDITS != '' }}
                env:
                  GH_AW_SETUP_WORKFLOW_NAME: "Test Job Environment Variables"
                  GH_AW_CURRENT_WORKFLOW_REF: ${{ github.repository }}/.github/workflows/test-job-env.lock.yml@${{ github.ref }}
                  GH_AW_INFO_VERSION: "1.0.63"
                  GH_AW_INFO_AWF_VERSION: "v0.27.7"
                  GH_AW_INFO_ENGINE_ID: "copilot"
              - name: Generate agentic run info
                id: generate_aw_info
                env:
                  GH_AW_INFO_ENGINE_ID: "copilot"
                  GH_AW_INFO_ENGINE_NAME: "GitHub Copilot CLI"
                  GH_AW_INFO_MODEL: ${{ vars.GH_AW_MODEL_AGENT_COPILOT || vars.GH_AW_DEFAULT_MODEL_COPILOT || 'claude-sonnet-4.6' }}
                  GH_AW_INFO_VERSION: "1.0.63"
                  GH_AW_INFO_AGENT_VERSION: "1.0.63"
                  GH_AW_INFO_WORKFLOW_NAME: "Test Job Environment Variables"
                  GH_AW_INFO_EXPERIMENTAL: "false"
                  GH_AW_INFO_SUPPORTS_TOOLS_ALLOWLIST: "true"
                  GH_AW_INFO_STAGED: "false"
                  GH_AW_INFO_ALLOWED_DOMAINS: '["defaults"]'
                  GH_AW_INFO_FIREWALL_ENABLED: "true"
                  GH_AW_INFO_AWF_VERSION: "v0.27.7"
                  GH_AW_INFO_AWMG_VERSION: ""
                  GH_AW_INFO_FIREWALL_TYPE: "squid"
                  GH_AW_COMPILED_STRICT: "true"
                uses: actions/github-script@3a2844b7e9c422d3c10d287c895573f7108da1b3 # v9.0.0
                with:
                  script: |
                    const { setupGlobals } = require('${{ runner.temp }}/gh-aw/actions/setup_globals.cjs');
                    setupGlobals(core, github, context, exec, io, getOctokit);
                    const { main } = require('${{ runner.temp }}/gh-aw/actions/generate_aw_info.cjs');
                    await main(core, context);
              - name: Restore daily AIC usage cache
                id: restore-daily-aic-cache
                if: ${{ env.GH_AW_MAX_DAILY_AI_CREDITS != '' }}
                continue-on-error: true
                uses: actions/cache/restore@27d5ce7f107fe9357f9df03efb73ab90386fccae # v5.0.5
                with:
                  key: agentic-workflow-usage-testjobenv-${{ github.run_id }}
                  restore-keys: agentic-workflow-usage-testjobenv-
                  path: /tmp/gh-aw/agentic-workflow-usage-cache.jsonl
              - name: Restore daily AIC usage cache (artifact fallback)
                id: restore-daily-aic-cache-fallback
                if: ${{ env.GH_AW_MAX_DAILY_AI_CREDITS != '' }}
                continue-on-error: true
                uses: actions/github-script@3a2844b7e9c422d3c10d287c895573f7108da1b3 # v9.0.0
                env:
                  GH_AW_RESTORE_DAILY_AIC_CACHE_HIT: ${{ steps.restore-daily-aic-cache.outputs.cache-hit }}
                  GH_AW_RESTORE_DAILY_AIC_CACHE_MATCHED_KEY: ${{ steps.restore-daily-aic-cache.outputs.cache-matched-key }}
                with:
                  github-token: ${{ secrets.GITHUB_TOKEN }}
                  script: |
                    const { setupGlobals } = require('${{ runner.temp }}/gh-aw/actions/setup_globals.cjs');
                    setupGlobals(core, github, context, exec, io, getOctokit);
                    const { main } = require('${{ runner.temp }}/gh-aw/actions/restore_aic_usage_cache_fallback.cjs');
                    await main();
              - name: Check daily workflow token guardrail
                id: daily-effective-workflow-guardrail
                if: ${{ env.GH_AW_MAX_DAILY_AI_CREDITS != '' }}
                uses: actions/github-script@3a2844b7e9c422d3c10d287c895573f7108da1b3 # v9.0.0
                env:
                  GH_AW_WORKFLOW_NAME: "Test Job Environment Variables"
                  GH_AW_WORKFLOW_ID: "test-job-env"
                  GH_AW_RUN_URL: ${{ github.server_url }}/${{ github.repository }}/actions/runs/${{ github.run_id }}
                  GH_AW_WORKFLOW_DISPATCH_AW_CONTEXT: ${{ github.event.inputs.aw_context || '' }}
                  GH_AW_HAS_SLASH_COMMAND: "false"
                  GH_AW_HAS_LABEL_COMMAND: "false"
                  GH_AW_GITHUB_TOKEN: ${{ secrets.GITHUB_TOKEN }}
                  GH_AW_MAX_DAILY_AI_CREDITS: ${{ vars.GH_AW_DEFAULT_MAX_DAILY_AI_CREDITS || '5000' }}
                with:
                  github-token: ${{ secrets.GITHUB_TOKEN }}
                  script: |
                    const { setupGlobals } = require('${{ runner.temp }}/gh-aw/actions/setup_globals.cjs');
                    setupGlobals(core, github, context, exec, io, getOctokit);
                    const { main } = require('${{ runner.temp }}/gh-aw/actions/check_daily_aic_workflow_guardrail.cjs');
                    await main();
              - name: Validate COPILOT_GITHUB_TOKEN secret
                id: validate-secret
                run: bash "${RUNNER_TEMP}/gh-aw/actions/validate_multi_secret.sh" COPILOT_GITHUB_TOKEN 'GitHub Copilot CLI' https://github.github.com/gh-aw/reference/engines/#github-copilot-default
                env:
                  COPILOT_GITHUB_TOKEN: ${{ secrets.COPILOT_GITHUB_TOKEN }}
              - name: Checkout .github and .agents folders
                uses: actions/checkout@9c091bb21b7c1c1d1991bb908d89e4e9dddfe3e0 # v7.0.0
                with:
                  persist-credentials: false
                  sparse-checkout: |
                    .github
                    .agents
                    actions/setup
                    .antigravity
                    .claude
                    .codex
                    .crush
                    .gemini
                    .opencode
                    .pi
                  sparse-checkout-cone-mode: true
                  fetch-depth: 1
              - name: Save agent config folders for base branch restoration
                env:
                  GH_AW_AGENT_FOLDERS: ".agents .antigravity .claude .codex .crush .gemini .github .opencode .pi"
                  GH_AW_AGENT_FILES: ".crush.json AGENTS.md ANTIGRAVITY.md CLAUDE.md GEMINI.md PI.md opencode.jsonc"
                # poutine:ignore untrusted_checkout_exec
                run: bash "${RUNNER_TEMP}/gh-aw/actions/save_base_github_folders.sh"
              - name: Check workflow lock file
                id: check-lock-file
                uses: actions/github-script@3a2844b7e9c422d3c10d287c895573f7108da1b3 # v9.0.0
                env:
                  GH_AW_WORKFLOW_FILE: "test-job-env.lock.yml"
                  GH_AW_CONTEXT_WORKFLOW_REF: "${{ github.workflow_ref }}"
                with:
                  script: |
                    const { setupGlobals } = require('${{ runner.temp }}/gh-aw/actions/setup_globals.cjs');
                    setupGlobals(core, github, context, exec, io, getOctokit);
                    const { main } = require('${{ runner.temp }}/gh-aw/actions/check_workflow_timestamp_api.cjs');
                    await main();
              - name: Log runtime features
                env:
                  GH_AW_RUNTIME_FEATURES_IS_SET: ${{ contains(toJSON(vars), '"GH_AW_RUNTIME_FEATURES":') }}
                run: |
                  {
                    echo "## Runtime features"
                    echo
                    if [[ "$GH_AW_RUNTIME_FEATURES_IS_SET" != "true" ]]; then
                      echo "_Not set_"
                    elif [[ -n "$GH_AW_RUNTIME_FEATURES" ]]; then
                      echo '```text'
                      printf '%s\n' "$GH_AW_RUNTIME_FEATURES"
                      echo '```'
                    else
                      echo "_Empty string_"
                    fi
                  } >> "$GITHUB_STEP_SUMMARY"
              - name: Create prompt with built-in context
                env:
                  GH_AW_PROMPT: /tmp/gh-aw/aw-prompts/prompt.txt
                  GH_AW_SAFE_OUTPUTS: ${{ runner.temp }}/gh-aw/safeoutputs/outputs.jsonl
                  GH_AW_EXPR_1A3A194A: ${{ github.event.discussion.number || (fromJSON(github.event.inputs.aw_context || github.event.client_payload.aw_context || '{}').item_type == 'discussion' && fromJSON(github.event.inputs.aw_context || github.event.client_payload.aw_context || '{}').item_number) }}
                  GH_AW_EXPR_463A214A: ${{ github.event.pull_request.number || (fromJSON(github.event.inputs.aw_context || github.event.client_payload.aw_context || '{}').item_type == 'pull_request' && fromJSON(github.event.inputs.aw_context || github.event.client_payload.aw_context || '{}').item_number) }}
                  GH_AW_EXPR_802A9F6A: ${{ github.event.issue.number || (fromJSON(github.event.inputs.aw_context || github.event.client_payload.aw_context || '{}').item_type == 'issue' && fromJSON(github.event.inputs.aw_context || github.event.client_payload.aw_context || '{}').item_number) }}
                  GH_AW_EXPR_FF1D34CE: ${{ github.event.comment.id || fromJSON(github.event.inputs.aw_context || github.event.client_payload.aw_context || '{}').comment_id }}
                  GH_AW_GITHUB_ACTOR: ${{ github.actor }}
                  GH_AW_GITHUB_REPOSITORY: ${{ github.repository }}
                  GH_AW_GITHUB_RUN_ID: ${{ github.run_id }}
                  GH_AW_GITHUB_WORKSPACE: ${{ github.workspace }}
                # poutine:ignore untrusted_checkout_exec
                run: |
                  bash "${RUNNER_TEMP}/gh-aw/actions/create_prompt_first.sh"
                  {
                  cat << 'GH_AW_PROMPT_e192a303cf18127c_EOF'
                  <system>
                  GH_AW_PROMPT_e192a303cf18127c_EOF
                  cat "${RUNNER_TEMP}/gh-aw/prompts/xpia.md"
                  cat "${RUNNER_TEMP}/gh-aw/prompts/temp_folder_prompt.md"
                  cat "${RUNNER_TEMP}/gh-aw/prompts/markdown.md"
                  cat "${RUNNER_TEMP}/gh-aw/prompts/safe_outputs_prompt.md"
                  cat << 'GH_AW_PROMPT_e192a303cf18127c_EOF'
                  <safe-output-tools>
                  Tools: create_issue, missing_tool, missing_data, noop
                  </safe-output-tools>
                  GH_AW_PROMPT_e192a303cf18127c_EOF
                  cat "${RUNNER_TEMP}/gh-aw/prompts/mcp_cli_tools_prompt.md"
                  cat << 'GH_AW_PROMPT_e192a303cf18127c_EOF'
                  <github-context>
                  The following GitHub context information is available for this workflow:
                  {{#if github.actor}}
                  - **actor**: __GH_AW_GITHUB_ACTOR__
                  {{/if}}
                  {{#if github.repository}}
                  - **repository**: __GH_AW_GITHUB_REPOSITORY__
                  {{/if}}
                  {{#if github.workspace}}
                  - **workspace**: __GH_AW_GITHUB_WORKSPACE__
                  {{/if}}
                  {{#if github.event.issue.number || (github.aw.context.item_type == 'issue' && github.aw.context.item_number)}}
                  - **issue-number**: #__GH_AW_EXPR_802A9F6A__
                  {{/if}}
                  {{#if github.event.discussion.number || (github.aw.context.item_type == 'discussion' && github.aw.context.item_number)}}
                  - **discussion-number**: #__GH_AW_EXPR_1A3A194A__
                  {{/if}}
                  {{#if github.event.pull_request.number || (github.aw.context.item_type == 'pull_request' && github.aw.context.item_number)}}
                  - **pull-request-number**: #__GH_AW_EXPR_463A214A__
                  {{/if}}
                  {{#if github.event.comment.id || github.aw.context.comment_id}}
                  - **comment-id**: __GH_AW_EXPR_FF1D34CE__
                  {{/if}}
                  {{#if github.run_id}}
                  - **workflow-run-id**: __GH_AW_GITHUB_RUN_ID__
                  {{/if}}
                  </github-context>

                  GH_AW_PROMPT_e192a303cf18127c_EOF
                  cat "${RUNNER_TEMP}/gh-aw/prompts/github_mcp_tools_with_safeoutputs_prompt.md"
                  cat << 'GH_AW_PROMPT_e192a303cf18127c_EOF'
                  </system>
                  {{#runtime-import test-job-env.md}}
                  GH_AW_PROMPT_e192a303cf18127c_EOF
                  } > "$GH_AW_PROMPT"
              - name: Interpolate variables and render templates
                uses: actions/github-script@3a2844b7e9c422d3c10d287c895573f7108da1b3 # v9.0.0
                env:
                  GH_AW_PROMPT: /tmp/gh-aw/aw-prompts/prompt.txt
                  GH_AW_ENGINE_ID: "copilot"
                with:
                  script: |
                    const { setupGlobals } = require('${{ runner.temp }}/gh-aw/actions/setup_globals.cjs');
                    setupGlobals(core, github, context, exec, io, getOctokit);
                    const { main } = require('${{ runner.temp }}/gh-aw/actions/interpolate_prompt.cjs');
                    await main();
              - name: Substitute placeholders
                uses: actions/github-script@3a2844b7e9c422d3c10d287c895573f7108da1b3 # v9.0.0
                env:
                  GH_AW_PROMPT: /tmp/gh-aw/aw-prompts/prompt.txt
                  GH_AW_EXPR_1A3A194A: ${{ github.event.discussion.number || (fromJSON(github.event.inputs.aw_context || github.event.client_payload.aw_context || '{}').item_type == 'discussion' && fromJSON(github.event.inputs.aw_context || github.event.client_payload.aw_context || '{}').item_number) }}
                  GH_AW_EXPR_463A214A: ${{ github.event.pull_request.number || (fromJSON(github.event.inputs.aw_context || github.event.client_payload.aw_context || '{}').item_type == 'pull_request' && fromJSON(github.event.inputs.aw_context || github.event.client_payload.aw_context || '{}').item_number) }}
                  GH_AW_EXPR_802A9F6A: ${{ github.event.issue.number || (fromJSON(github.event.inputs.aw_context || github.event.client_payload.aw_context || '{}').item_type == 'issue' && fromJSON(github.event.inputs.aw_context || github.event.client_payload.aw_context || '{}').item_number) }}
                  GH_AW_EXPR_FF1D34CE: ${{ github.event.comment.id || fromJSON(github.event.inputs.aw_context || github.event.client_payload.aw_context || '{}').comment_id }}
                  GH_AW_GITHUB_ACTOR: ${{ github.actor }}
                  GH_AW_GITHUB_REPOSITORY: ${{ github.repository }}
                  GH_AW_GITHUB_RUN_ID: ${{ github.run_id }}
                  GH_AW_GITHUB_WORKSPACE: ${{ github.workspace }}
                  GH_AW_MCP_CLI_SERVERS_LIST: '- `safeoutputs` — run `safeoutputs --help` to see available tools'
                  GH_AW_NEEDS_PRE_ACTIVATION_OUTPUTS_ACTIVATED: ${{ needs.pre_activation.outputs.activated }}
                with:
                  script: |
                    const { setupGlobals } = require('${{ runner.temp }}/gh-aw/actions/setup_globals.cjs');
                    setupGlobals(core, github, context, exec, io, getOctokit);

                    const substitutePlaceholders = require('${{ runner.temp }}/gh-aw/actions/substitute_placeholders.cjs');

                    // Call the substitution function
                    return await substitutePlaceholders({
                      file: process.env.GH_AW_PROMPT,
                      substitutions: {
                        GH_AW_EXPR_1A3A194A: process.env.GH_AW_EXPR_1A3A194A,
                        GH_AW_EXPR_463A214A: process.env.GH_AW_EXPR_463A214A,
                        GH_AW_EXPR_802A9F6A: process.env.GH_AW_EXPR_802A9F6A,
                        GH_AW_EXPR_FF1D34CE: process.env.GH_AW_EXPR_FF1D34CE,
                        GH_AW_GITHUB_ACTOR: process.env.GH_AW_GITHUB_ACTOR,
                        GH_AW_GITHUB_REPOSITORY: process.env.GH_AW_GITHUB_REPOSITORY,
                        GH_AW_GITHUB_RUN_ID: process.env.GH_AW_GITHUB_RUN_ID,
                        GH_AW_GITHUB_WORKSPACE: process.env.GH_AW_GITHUB_WORKSPACE,
                        GH_AW_MCP_CLI_SERVERS_LIST: process.env.GH_AW_MCP_CLI_SERVERS_LIST,
                        GH_AW_NEEDS_PRE_ACTIVATION_OUTPUTS_ACTIVATED: process.env.GH_AW_NEEDS_PRE_ACTIVATION_OUTPUTS_ACTIVATED
                      }
                    });
              - name: Validate prompt placeholders
                env:
                  GH_AW_PROMPT: /tmp/gh-aw/aw-prompts/prompt.txt
                # poutine:ignore untrusted_checkout_exec
                run: bash "${RUNNER_TEMP}/gh-aw/actions/validate_prompt_placeholders.sh"
              - name: Print prompt
                env:
                  GH_AW_PROMPT: /tmp/gh-aw/aw-prompts/prompt.txt
                # poutine:ignore untrusted_checkout_exec
                run: bash "${RUNNER_TEMP}/gh-aw/actions/print_prompt_summary.sh"
              - name: Upload activation artifact
                if: success()
                uses: actions/upload-artifact@043fb46d1a93c77aae656e7c1c64a875d1fc6a0a # v7.0.1
                with:
                  name: activation
                  include-hidden-files: true
                  path: |
                    /tmp/gh-aw/aw_info.json
                    /tmp/gh-aw/models.json
                    /tmp/gh-aw/aw-prompts/prompt.txt
                    /tmp/gh-aw/aw-prompts/prompt-template.txt
                    /tmp/gh-aw/aw-prompts/prompt-import-tree.json
                    /tmp/gh-aw/github_rate_limits.jsonl
                    /tmp/gh-aw/base
                    /tmp/gh-aw/.github/agents
                    /tmp/gh-aw/.github/skills
                  if-no-files-found: ignore
                  retention-days: 1

          agent:
            needs: activation
            if: needs.activation.outputs.daily_ai_credits_exceeded != 'true'
            runs-on: ubuntu-latest
            permissions:
              contents: read
            env:
              DEFAULT_BRANCH: ${{ github.event.repository.default_branch }}
              GH_AW_ASSETS_ALLOWED_EXTS: ""
              GH_AW_ASSETS_BRANCH: ""
              GH_AW_ASSETS_MAX_SIZE_KB: 0
              GH_AW_MCP_LOG_DIR: /tmp/gh-aw/mcp-logs/safeoutputs
              GH_AW_PROJECT_UTC: "-08:00"
              GH_AW_RUNTIME_FEATURES: ${{ vars.GH_AW_RUNTIME_FEATURES }}
              GH_AW_WORKFLOW_ID_SANITIZED: testjobenv
            outputs:
              agentic_engine_timeout: ${{ steps.detect-agent-errors.outputs.agentic_engine_timeout || 'false' }}
              ai_credits_rate_limit_error: ${{ steps.parse-mcp-gateway.outputs.ai_credits_rate_limit_error || 'false' }}
              aic: ${{ steps.parse-mcp-gateway.outputs.aic }}
              ambient_context: ${{ steps.parse-mcp-gateway.outputs.ambient_context }}
              checkout_pr_success: ${{ steps.checkout-pr.outputs.checkout_pr_success || 'true' }}
              effective_tokens: ${{ steps.parse-mcp-gateway.outputs.effective_tokens }}
              has_patch: ${{ steps.collect_output.outputs.has_patch }}
              inference_access_error: ${{ steps.detect-agent-errors.outputs.inference_access_error || 'false' }}
              mcp_policy_error: ${{ steps.detect-agent-errors.outputs.mcp_policy_error || 'false' }}
              model: ${{ needs.activation.outputs.model }}
              model_not_supported_error: ${{ steps.detect-agent-errors.outputs.model_not_supported_error || 'false' }}
              output: ${{ steps.collect_output.outputs.output }}
              output_types: ${{ steps.collect_output.outputs.output_types }}
              setup-parent-span-id: ${{ steps.setup.outputs.parent-span-id || steps.setup.outputs.span-id }}
              setup-span-id: ${{ steps.setup.outputs.span-id }}
              setup-trace-id: ${{ steps.setup.outputs.trace-id }}
              unknown_model_ai_credits: ${{ steps.parse-mcp-gateway.outputs.unknown_model_ai_credits || 'false' }}
            steps:
              - name: Checkout actions folder
                uses: actions/checkout@9c091bb21b7c1c1d1991bb908d89e4e9dddfe3e0 # v7.0.0
                with:
                  repository: github/gh-aw
                  sparse-checkout: |
                    actions
                  persist-credentials: false
              - name: Setup Scripts
                id: setup
                uses: ./actions/setup
                with:
                  destination: ${{ runner.temp }}/gh-aw/actions
                  job-name: ${{ github.job }}
                  trace-id: ${{ needs.activation.outputs.setup-trace-id }}
                  parent-span-id: ${{ needs.activation.outputs.setup-parent-span-id || needs.activation.outputs.setup-span-id }}
                env:
                  GH_AW_SETUP_WORKFLOW_NAME: "Test Job Environment Variables"
                  GH_AW_CURRENT_WORKFLOW_REF: ${{ github.repository }}/.github/workflows/test-job-env.lock.yml@${{ github.ref }}
                  GH_AW_INFO_VERSION: "1.0.63"
                  GH_AW_INFO_AWF_VERSION: "v0.27.7"
                  GH_AW_INFO_ENGINE_ID: "copilot"
              - name: Set runtime paths
                id: set-runtime-paths
                run: |
                  {
                    echo "GH_AW_SAFE_OUTPUTS=${RUNNER_TEMP}/gh-aw/safeoutputs/outputs.jsonl"
                    echo "GH_AW_SAFE_OUTPUTS_CONFIG_PATH=${RUNNER_TEMP}/gh-aw/safeoutputs/config.json"
                    echo "GH_AW_SAFE_OUTPUTS_TOOLS_PATH=${RUNNER_TEMP}/gh-aw/safeoutputs/tools.json"
                  } >> "$GITHUB_OUTPUT"
              - name: Checkout repository
                uses: actions/checkout@9c091bb21b7c1c1d1991bb908d89e4e9dddfe3e0 # v7.0.0
                with:
                  persist-credentials: false
              - name: Create gh-aw temp directory
                run: bash "${RUNNER_TEMP}/gh-aw/actions/create_gh_aw_tmp_dir.sh"
              - name: Configure gh CLI for GitHub Enterprise
                run: bash "${RUNNER_TEMP}/gh-aw/actions/configure_gh_for_ghe.sh"
                env:
                  GH_TOKEN: ${{ github.token }}
              - name: Configure Git credentials
                env:
                  GITHUB_REPOSITORY: ${{ github.repository }}
                  GITHUB_SERVER_URL: ${{ github.server_url }}
                  GITHUB_TOKEN: ${{ github.token }}
                run: bash "${RUNNER_TEMP}/gh-aw/actions/configure_git_credentials.sh"
              - name: Checkout PR branch
                id: checkout-pr
                if: |
                  github.event.pull_request || github.event.issue.pull_request || github.event_name == 'workflow_dispatch' && fromJSON(github.event.inputs.aw_context || '{}').item_type == 'pull_request'
                uses: actions/github-script@3a2844b7e9c422d3c10d287c895573f7108da1b3 # v9.0.0
                env:
                  GH_TOKEN: ${{ secrets.GH_AW_GITHUB_MCP_SERVER_TOKEN || secrets.GH_AW_GITHUB_TOKEN || secrets.GITHUB_TOKEN }}
                with:
                  github-token: ${{ secrets.GH_AW_GITHUB_MCP_SERVER_TOKEN || secrets.GH_AW_GITHUB_TOKEN || secrets.GITHUB_TOKEN }}
                  script: |
                    const { setupGlobals } = require('${{ runner.temp }}/gh-aw/actions/setup_globals.cjs');
                    setupGlobals(core, github, context, exec, io, getOctokit);
                    const { main } = require('${{ runner.temp }}/gh-aw/actions/checkout_pr_branch.cjs');
                    await main();
              - name: Install GitHub Copilot CLI
                run: bash "${RUNNER_TEMP}/gh-aw/actions/install_copilot_cli.sh" 1.0.63
                env:
                  GH_HOST: github.com
              - name: Install AWF binary
                run: bash "${RUNNER_TEMP}/gh-aw/actions/install_awf_binary.sh" v0.27.7
              - name: Determine automatic lockdown mode for GitHub MCP Server
                id: determine-automatic-lockdown
                uses: actions/github-script@3a2844b7e9c422d3c10d287c895573f7108da1b3 # v9.0.0 (source v9)
                env:
                  GH_AW_GITHUB_TOKEN: ${{ secrets.GH_AW_GITHUB_TOKEN }}
                  GH_AW_GITHUB_MCP_SERVER_TOKEN: ${{ secrets.GH_AW_GITHUB_MCP_SERVER_TOKEN }}
                with:
                  script: |
                    const determineAutomaticLockdown = require('${{ runner.temp }}/gh-aw/actions/determine_automatic_lockdown.cjs');
                    await determineAutomaticLockdown(github, context, core);
              - name: Download activation artifact
                uses: actions/download-artifact@3e5f45b2cfb9172054b4087a40e8e0b5a5461e7c # v8.0.1
                with:
                  name: activation
                  path: /tmp/gh-aw
              - name: Restore agent config folders from base branch
                if: steps.checkout-pr.outcome == 'success'
                env:
                  GH_AW_AGENT_FOLDERS: ".agents .antigravity .claude .codex .crush .gemini .github .opencode .pi"
                  GH_AW_AGENT_FILES: ".crush.json AGENTS.md ANTIGRAVITY.md CLAUDE.md GEMINI.md PI.md opencode.jsonc"
                run: bash "${RUNNER_TEMP}/gh-aw/actions/restore_base_github_folders.sh"
              - name: Restore inline sub-agents from activation artifact
                env:
                  GH_AW_SUB_AGENT_DIR: ".github/agents"
                  GH_AW_SUB_AGENT_EXT: ".agent.md"
                run: bash "${RUNNER_TEMP}/gh-aw/actions/restore_inline_sub_agents.sh"
              - name: Restore inline skills from activation artifact
                env:
                  GH_AW_SKILL_DIR: ".github/skills"
                run: bash "${RUNNER_TEMP}/gh-aw/actions/restore_inline_skills.sh"
              - name: Download container images
                run: bash "${RUNNER_TEMP}/gh-aw/actions/download_docker_images.sh" ghcr.io/github/gh-aw-firewall/agent:0.27.7@sha256:aae231e4635c8999d039c132f1602d3df850fe9b84a00aa2b5ac981179b5661c ghcr.io/github/gh-aw-firewall/api-proxy:0.27.7@sha256:009caf2e3d88fa77b64e9a03a95a228fc58db0f1701c6d324b29ba5a3c7c79b6 ghcr.io/github/gh-aw-firewall/squid:0.27.7@sha256:deb1d4e19de62d51cee0508057a596a19315c3423ada4d675cad136dc8037c96 ghcr.io/github/gh-aw-mcpg:v0.3.27@sha256:fe984bddde4ec05d756d9043edb0a32912e6b7b72f6a121b1082f29221421cc7 ghcr.io/github/gh-aw-node@sha256:529d02eb970b1161aa25c593a9c3df57fdfad5a8add328cb3b6eccef66f3183b ghcr.io/github/github-mcp-server:v1.4.0@sha256:2afb26356481d1a350e14544a6e160f7f7ec1561a1ea309b823665abf0309036
              - name: Generate Safe Outputs Config
                run: |
                  mkdir -p "${RUNNER_TEMP}/gh-aw/safeoutputs"
                  mkdir -p /tmp/gh-aw/safeoutputs
                  mkdir -p /tmp/gh-aw/mcp-logs/safeoutputs
                  cat > "${RUNNER_TEMP}/gh-aw/safeoutputs/config.json" << 'GH_AW_SAFE_OUTPUTS_CONFIG_bb7e52d9035346de_EOF'
                  {"create_issue":{"labels":["automated"],"max":1,"title_prefix":"[test] "},"create_report_incomplete_issue":{},"missing_data":{},"missing_tool":{},"noop":{"max":1,"report-as-issue":"true"},"report_incomplete":{}}
                  GH_AW_SAFE_OUTPUTS_CONFIG_bb7e52d9035346de_EOF
              - name: Generate Safe Outputs Tools
                env:
                  GH_AW_TOOLS_META_JSON: |
                    {
                      "description_suffixes": {
                        "create_issue": " CONSTRAINTS: Maximum 1 issue(s) can be created. Title will be prefixed with \"[test] \". Labels [\"automated\"] will be automatically added."
                      },
                      "repo_params": {},
                      "dynamic_tools": []
                    }
                  GH_AW_VALIDATION_JSON: |
                    {
                      "create_issue": {
                        "defaultMax": 1,
                        "fields": {
                          "body": {
                            "required": true,
                            "type": "string",
                            "sanitize": true,
                            "maxLength": 65000,
                            "minLength": 20
                          },
                          "fields": {
                            "type": "array"
                          },
                          "labels": {
                            "type": "array",
                            "itemType": "string",
                            "itemSanitize": true,
                            "itemMaxLength": 128
                          },
                          "parent": {
                            "issueOrPRNumber": true
                          },
                          "repo": {
                            "type": "string",
                            "maxLength": 256
                          },
                          "temporary_id": {
                            "type": "string"
                          },
                          "title": {
                            "required": true,
                            "type": "string",
                            "sanitize": true,
                            "maxLength": 128
                          }
                        }
                      },
                      "missing_data": {
                        "defaultMax": 20,
                        "fields": {
                          "alternatives": {
                            "type": "string",
                            "sanitize": true,
                            "maxLength": 256
                          },
                          "context": {
                            "type": "string",
                            "sanitize": true,
                            "maxLength": 256
                          },
                          "data_type": {
                            "type": "string",
                            "sanitize": true,
                            "maxLength": 128
                          },
                          "reason": {
                            "type": "string",
                            "sanitize": true,
                            "maxLength": 256
                          }
                        }
                      },
                      "missing_tool": {
                        "defaultMax": 20,
                        "fields": {
                          "alternatives": {
                            "type": "string",
                            "sanitize": true,
                            "maxLength": 512
                          },
                          "reason": {
                            "required": true,
                            "type": "string",
                            "sanitize": true,
                            "maxLength": 256
                          },
                          "tool": {
                            "type": "string",
                            "sanitize": true,
                            "maxLength": 128
                          }
                        }
                      },
                      "noop": {
                        "defaultMax": 1,
                        "fields": {
                          "message": {
                            "required": true,
                            "type": "string",
                            "sanitize": true,
                            "maxLength": 65000
                          }
                        }
                      },
                      "report_incomplete": {
                        "defaultMax": 5,
                        "fields": {
                          "details": {
                            "type": "string",
                            "sanitize": true,
                            "maxLength": 65000
                          },
                          "reason": {
                            "required": true,
                            "type": "string",
                            "sanitize": true,
                            "maxLength": 1024
                          }
                        }
                      }
                    }
                uses: actions/github-script@3a2844b7e9c422d3c10d287c895573f7108da1b3 # v9.0.0
                with:
                  script: |
                    const { setupGlobals } = require('${{ runner.temp }}/gh-aw/actions/setup_globals.cjs');
                    setupGlobals(core, github, context, exec, io, getOctokit);
                    const { main } = require('${{ runner.temp }}/gh-aw/actions/generate_safe_outputs_tools.cjs');
                    await main();
              - name: Start MCP Gateway
                id: start-mcp-gateway
                env:
                  GH_AW_SAFE_OUTPUTS: ${{ steps.set-runtime-paths.outputs.GH_AW_SAFE_OUTPUTS }}
                  GH_AW_SAFE_OUTPUTS_CONFIG_PATH: ${{ steps.set-runtime-paths.outputs.GH_AW_SAFE_OUTPUTS_CONFIG_PATH }}
                  GH_AW_SAFE_OUTPUTS_TOOLS_PATH: ${{ steps.set-runtime-paths.outputs.GH_AW_SAFE_OUTPUTS_TOOLS_PATH }}
                  GITHUB_MCP_GUARD_MIN_INTEGRITY: ${{ steps.determine-automatic-lockdown.outputs.min_integrity }}
                  GITHUB_MCP_GUARD_REPOS: ${{ steps.determine-automatic-lockdown.outputs.repos }}
                  GITHUB_MCP_SERVER_TOKEN: ${{ secrets.GH_AW_GITHUB_MCP_SERVER_TOKEN || secrets.GH_AW_GITHUB_TOKEN || secrets.GITHUB_TOKEN }}
                  GITHUB_TOKEN: ${{ secrets.GITHUB_TOKEN }}
                run: |
                  set -eo pipefail
                  mkdir -p "${RUNNER_TEMP}/gh-aw/mcp-config"

                  # Export gateway environment variables for MCP config and gateway script
                  export MCP_GATEWAY_PORT="8080"
                  export MCP_GATEWAY_DOMAIN="host.docker.internal"
                  export MCP_GATEWAY_HOST_DOMAIN="localhost"
                  MCP_GATEWAY_API_KEY=$(openssl rand -base64 45 | tr -d '/+=')
                  echo "::add-mask::${MCP_GATEWAY_API_KEY}"
                  export MCP_GATEWAY_API_KEY
                  export MCP_GATEWAY_PAYLOAD_DIR="/tmp/gh-aw/mcp-payloads"
                  mkdir -p "${MCP_GATEWAY_PAYLOAD_DIR}"
                  export MCP_GATEWAY_PAYLOAD_SIZE_THRESHOLD="524288"
                  export DEBUG="*"

                  export GH_AW_ENGINE="copilot"
                  MCP_GATEWAY_UID=$(id -u 2>/dev/null || echo '0')
                  MCP_GATEWAY_GID=$(id -g 2>/dev/null || echo '0')
                  case "${DOCKER_HOST:-}" in
                    unix://* ) DOCKER_SOCK_PATH="${DOCKER_HOST#unix://}" ;;
                    /* ) DOCKER_SOCK_PATH="$DOCKER_HOST" ;;
                    * ) DOCKER_SOCK_PATH=/var/run/docker.sock ;;
                  esac
                  DOCKER_SOCK_GID=$(stat -c '%g' "$DOCKER_SOCK_PATH" 2>/dev/null || echo '0')
                  export MCP_GATEWAY_DOCKER_COMMAND='docker run -i --rm --network host --name awmg-mcpg --add-host host.docker.internal:127.0.0.1 --user '"${MCP_GATEWAY_UID}"':'"${MCP_GATEWAY_GID}"' --group-add '"${DOCKER_SOCK_GID}"' -v '"${DOCKER_SOCK_PATH}"':/var/run/docker.sock -e MCP_GATEWAY_PORT -e MCP_GATEWAY_DOMAIN -e MCP_GATEWAY_API_KEY -e MCP_GATEWAY_PAYLOAD_DIR -e MCP_GATEWAY_PAYLOAD_SIZE_THRESHOLD -e DOCKER_HOST=unix:///var/run/docker.sock -e DEBUG -e MCP_GATEWAY_LOG_DIR -e GH_AW_MCP_LOG_DIR -e GH_AW_SAFE_OUTPUTS -e GH_AW_SAFE_OUTPUTS_CONFIG_PATH -e GH_AW_SAFE_OUTPUTS_TOOLS_PATH -e GH_AW_ASSETS_BRANCH -e GH_AW_ASSETS_MAX_SIZE_KB -e GH_AW_ASSETS_ALLOWED_EXTS -e DEFAULT_BRANCH -e GITHUB_MCP_SERVER_TOKEN -e GITHUB_MCP_GUARD_MIN_INTEGRITY -e GITHUB_MCP_GUARD_REPOS -e GITHUB_REPOSITORY -e GITHUB_SERVER_URL -e GITHUB_SHA -e GITHUB_WORKSPACE -e GITHUB_TOKEN -e GITHUB_RUN_ID -e GITHUB_RUN_NUMBER -e GITHUB_RUN_ATTEMPT -e GITHUB_JOB -e GITHUB_ACTION -e GITHUB_EVENT_NAME -e GITHUB_EVENT_PATH -e GITHUB_ACTOR -e GITHUB_ACTOR_ID -e GITHUB_TRIGGERING_ACTOR -e GITHUB_WORKFLOW -e GITHUB_WORKFLOW_REF -e GITHUB_WORKFLOW_SHA -e GITHUB_REF -e GITHUB_REF_NAME -e GITHUB_REF_TYPE -e GITHUB_HEAD_REF -e GITHUB_BASE_REF -e RUNNER_TEMP -v /tmp/gh-aw/mcp-payloads:/tmp/gh-aw/mcp-payloads:rw -v /opt:/opt:ro -v /tmp:/tmp:rw -v '"${GITHUB_WORKSPACE}"':'"${GITHUB_WORKSPACE}"':rw -v '"${RUNNER_TEMP}"'/gh-aw/safeoutputs:'"${RUNNER_TEMP}"'/gh-aw/safeoutputs:rw ghcr.io/github/gh-aw-mcpg:v0.3.27'

                  mkdir -p "$HOME/.copilot"
                  GH_AW_NODE=$(which node 2>/dev/null || command -v node 2>/dev/null || echo node)
                  cat << GH_AW_MCP_CONFIG_554c58b8270e83a3_EOF | "$GH_AW_NODE" "${RUNNER_TEMP}/gh-aw/actions/start_mcp_gateway.cjs"
                  {
                    "mcpServers": {
                      "github": {
                        "type": "stdio",
                        "container": "ghcr.io/github/github-mcp-server:v1.4.0",
                        "env": {
                          "GITHUB_HOST": "\\${GITHUB_SERVER_URL}",
                          "GITHUB_PERSONAL_ACCESS_TOKEN": "\\${GITHUB_MCP_SERVER_TOKEN}",
                          "GITHUB_READ_ONLY": "1",
                          "GITHUB_TOOLSETS": "context,repos,issues,pull_requests"
                        },
                        "guard-policies": {
                          "allow-only": {
                            "min-integrity": "$GITHUB_MCP_GUARD_MIN_INTEGRITY",
                            "repos": "$GITHUB_MCP_GUARD_REPOS"
                          }
                        }
                      },
                      "safeoutputs": {
                        "type": "stdio",
                        "container": "ghcr.io/github/gh-aw-node",
                        "mounts": ["\${GITHUB_WORKSPACE}:\${GITHUB_WORKSPACE}:rw", "${RUNNER_TEMP}/gh-aw/safeoutputs:${RUNNER_TEMP}/gh-aw/safeoutputs:rw", "/tmp/gh-aw:/tmp/gh-aw:rw"],
                        "args": ["-w", "\${GITHUB_WORKSPACE}"],
                        "entrypoint": "sh",
                        "entrypointArgs": ["-c", "sh ${RUNNER_TEMP}/gh-aw/safeoutputs/start_safe_outputs_mcp.sh"],
                        "env": {
                          "DEBUG": "*",
                          "DEFAULT_BRANCH": "\${DEFAULT_BRANCH}",
                          "GH_AW_ASSETS_ALLOWED_EXTS": "\${GH_AW_ASSETS_ALLOWED_EXTS}",
                          "GH_AW_ASSETS_BRANCH": "\${GH_AW_ASSETS_BRANCH}",
                          "GH_AW_ASSETS_MAX_SIZE_KB": "\${GH_AW_ASSETS_MAX_SIZE_KB}",
                          "GH_AW_MCP_LOG_DIR": "\${GH_AW_MCP_LOG_DIR}",
                          "GH_AW_SAFE_OUTPUTS": "\${GH_AW_SAFE_OUTPUTS}",
                          "GH_AW_SAFE_OUTPUTS_CONFIG_PATH": "\${GH_AW_SAFE_OUTPUTS_CONFIG_PATH}",
                          "GH_AW_SAFE_OUTPUTS_TOOLS_PATH": "\${GH_AW_SAFE_OUTPUTS_TOOLS_PATH}",
                          "GITHUB_REPOSITORY": "\${GITHUB_REPOSITORY}",
                          "GITHUB_TOKEN": "\${GITHUB_TOKEN}",
                          "GITHUB_WORKSPACE": "\${GITHUB_WORKSPACE}",
                          "RUNNER_TEMP": "\${RUNNER_TEMP}"
                        },
                        "guard-policies": {
                          "write-sink": {
                            "accept": [
                              "*"
                            ]
                          }
                        }
                      }
                    },
                    "gateway": {
                      "port": $MCP_GATEWAY_PORT,
                      "domain": "${MCP_GATEWAY_DOMAIN}",
                      "apiKey": "${MCP_GATEWAY_API_KEY}",
                      "payloadDir": "${MCP_GATEWAY_PAYLOAD_DIR}"
                    }
                  }
                  GH_AW_MCP_CONFIG_554c58b8270e83a3_EOF
              - name: Mount MCP servers as CLIs
                id: mount-mcp-clis
                continue-on-error: true
                env:
                  MCP_GATEWAY_API_KEY: ${{ steps.start-mcp-gateway.outputs.gateway-api-key }}
                  MCP_GATEWAY_DOMAIN: ${{ steps.start-mcp-gateway.outputs.gateway-domain }}
                  MCP_GATEWAY_PORT: ${{ steps.start-mcp-gateway.outputs.gateway-port }}
                uses: actions/github-script@3a2844b7e9c422d3c10d287c895573f7108da1b3 # v9.0.0
                with:
                  script: |
                    const { setupGlobals } = require('${{ runner.temp }}/gh-aw/actions/setup_globals.cjs');
                    setupGlobals(core, github, context, exec, io);
                    const { main } = require('${{ runner.temp }}/gh-aw/actions/mount_mcp_as_cli.cjs');
                    await main();
              - name: Clean credentials
                continue-on-error: true
                run: bash "${RUNNER_TEMP}/gh-aw/actions/clean_git_credentials.sh"
              - name: Audit pre-agent workspace
                id: pre_agent_audit
                continue-on-error: true
                run: bash "${RUNNER_TEMP}/gh-aw/actions/audit_pre_agent_workspace.sh"
              - name: Execute GitHub Copilot CLI
                id: agentic_execution
                # Copilot CLI tool arguments (sorted):
                timeout-minutes: 20
                run: |
                  set -o pipefail
                  printf '%s' "$(date +%s%3N)" > /tmp/gh-aw/agent_cli_start_ms.txt
                  trap 'rm -f "$HOME/.copilot/settings.json"' EXIT
                  mkdir -p "$HOME/.copilot"
                  printf '%s' '{"builtInAgents":{"rubberDuck":false}}' > "$HOME/.copilot/settings.json"
                  export XDG_CONFIG_HOME="$HOME"
                  export GH_AW_MCP_CONFIG="$HOME/.copilot/mcp-config.json"
                  touch /tmp/gh-aw/agent-step-summary.md
                  GH_AW_NODE_BIN=$(command -v node 2>/dev/null || true)
                  export GH_AW_NODE_BIN
                  export COPILOT_API_KEY="$COPILOT_DUMMY_BYOK"
                  (umask 177 && touch /tmp/gh-aw/agent-stdio.log)
                  GH_AW_MAX_AI_CREDITS="${GH_AW_MAX_AI_CREDITS:-1000}"
                  printf '%s\n' "{\"\$schema\":\"https://github.com/github/gh-aw-firewall/releases/download/v0.27.7/awf-config.schema.json\",\"network\":{\"allowDomains\":[\"api.business.githubcopilot.com\",\"api.enterprise.githubcopilot.com\",\"api.github.com\",\"api.githubcopilot.com\",\"api.individual.githubcopilot.com\",\"api.snapcraft.io\",\"archive.ubuntu.com\",\"azure.archive.ubuntu.com\",\"crl.geotrust.com\",\"crl.globalsign.com\",\"crl.identrust.com\",\"crl.sectigo.com\",\"crl.thawte.com\",\"crl.usertrust.com\",\"crl.verisign.com\",\"crl3.digicert.com\",\"crl4.digicert.com\",\"crls.ssl.com\",\"github.com\",\"host.docker.internal\",\"json-schema.org\",\"json.schemastore.org\",\"keyserver.ubuntu.com\",\"ocsp.digicert.com\",\"ocsp.geotrust.com\",\"ocsp.globalsign.com\",\"ocsp.identrust.com\",\"ocsp.sectigo.com\",\"ocsp.ssl.com\",\"ocsp.thawte.com\",\"ocsp.usertrust.com\",\"ocsp.verisign.com\",\"packagecloud.io\",\"packages.cloud.google.com\",\"packages.microsoft.com\",\"ppa.launchpad.net\",\"raw.githubusercontent.com\",\"registry.npmjs.org\",\"s.symcb.com\",\"s.symcd.com\",\"security.ubuntu.com\",\"telemetry.enterprise.githubcopilot.com\",\"ts-crl.ws.symantec.com\",\"ts-ocsp.ws.symantec.com\",\"www.googleapis.com\"]},\"apiProxy\":{\"enabled\":true,\"enableTokenSteering\":true,\"maxRuns\":500,\"maxAiCredits\":${GH_AW_MAX_AI_CREDITS},\"maxCacheMisses\":5,\"models\":{\"agent\":[\"sonnet-6x\",\"gpt-5.5\",\"gpt-5.4\",\"gpt-5.3\",\"gemini-pro\",\"any\"],\"antigravity\":[\"copilot/antigravity*\",\"google/antigravity*\",\"gemini/antigravity*\"],\"any\":[\"copilot/*\",\"anthropic/*\",\"openai/*\",\"google/*\",\"gemini/*\"],\"claude\":[\"agent\"],\"codex\":[\"agent\"],\"coding\":[\"copilot/gpt-5*codex*\",\"openai/gpt-5*codex*\",\"gpt-5-codex\"],\"computer-use\":[\"copilot/*computer-use*\",\"google/*computer-use*\",\"gemini/*computer-use*\",\"openai/*computer-use*\"],\"copilot\":[\"agent\"],\"deep-research\":[\"copilot/deep-research*\",\"copilot/o3-deep-research*\",\"copilot/o4-mini-deep-research*\",\"google/deep-research*\",\"gemini/deep-research*\",\"openai/o3-deep-research*\",\"openai/o4-mini-deep-research*\"],\"gemini\":[\"agent\"],\"gemini-3-flash\":[\"copilot/gemini-3*flash*\",\"google/gemini-3*flash*\",\"gemini/gemini-3*flash*\"],\"gemini-3-pro\":[\"copilot/gemini-3*pro*\",\"google/gemini-3*pro*\",\"google/nano-banana*\",\"gemini/gemini-3*pro*\"],\"gemini-3.1-flash\":[\"copilot/gemini-3.1*flash*\",\"google/gemini-3.1*flash*\",\"gemini/gemini-3.1*flash*\"],\"gemini-3.1-pro\":[\"copilot/gemini-3.1*pro*\",\"google/gemini-3.1*pro*\",\"gemini/gemini-3.1*pro*\"],\"gemini-3.5-flash\":[\"copilot/gemini-3.5*flash*\",\"google/gemini-3.5*flash*\",\"gemini/gemini-3.5*flash*\"],\"gemini-flash\":[\"copilot/gemini-*flash*\",\"google/gemini-*flash*\",\"gemini/gemini-*flash*\"],\"gemini-flash-lite\":[\"copilot/gemini-*flash*lite*\",\"google/gemini-*flash*lite*\",\"gemini/gemini-*flash*lite*\"],\"gemini-pro\":[\"copilot/gemini-*pro*\",\"google/gemini-*pro*\",\"gemini/gemini-*pro*\"],\"gemma\":[\"copilot/gemma*\",\"google/gemma*\",\"gemini/gemma*\"],\"gpt-5\":[\"copilot/gpt-5*\",\"openai/gpt-5*\"],\"gpt-5-codex\":[\"copilot/gpt-5*codex*\",\"openai/gpt-5*codex*\"],\"gpt-5-mini\":[\"copilot/gpt-5*mini*\",\"openai/gpt-5*mini*\"],\"gpt-5-nano\":[\"copilot/gpt-5*nano*\",\"openai/gpt-5*nano*\"],\"gpt-5-pro\":[\"copilot/gpt-5*pro*\",\"openai/gpt-5*pro*\"],\"gpt-5.1\":[\"copilot/gpt-5.1*\",\"openai/gpt-5.1*\"],\"gpt-5.2\":[\"copilot/gpt-5.2*\",\"openai/gpt-5.2*\"],\"gpt-5.3\":[\"copilot/gpt-5.3*\",\"openai/gpt-5.3*\"],\"gpt-5.4\":[\"copilot/gpt-5.4*\",\"openai/gpt-5.4*\"],\"gpt-5.5\":[\"copilot/gpt-5.5*\",\"openai/gpt-5.5*\"],\"haiku\":[\"copilot/*haiku*\",\"anthropic/*haiku*\"],\"image-generation\":[\"copilot/gpt-image*\",\"openai/gpt-image*\",\"openai/chatgpt-image*\",\"copilot/gemini-*image*\",\"google/gemini-*image*\",\"gemini/gemini-*image*\",\"google/imagen*\"],\"large\":[\"sonnet\",\"gpt-5-pro\",\"gpt-5\",\"gemini-pro\"],\"mai-code\":[\"copilot/MAI-Code*\",\"copilot/mai-code*\",\"openai/MAI-Code*\"],\"mini\":[\"haiku\",\"gpt-5-mini\",\"gpt-5-nano\",\"gemini-flash-lite\"],\"nano-banana\":[\"copilot/nano-banana*\",\"google/nano-banana*\",\"gemini/nano-banana*\"],\"opus\":[\"copilot/*opus*\",\"anthropic/*opus*\"],\"opusplan\":[\"opus?effort=high\"],\"reasoning\":[\"copilot/o1*\",\"copilot/o3*\",\"copilot/o4*\",\"openai/o1*\",\"openai/o3*\",\"openai/o4*\"],\"robotics\":[\"copilot/*robotics*\",\"google/*robotics*\",\"gemini/*robotics*\"],\"small\":[\"mini\"],\"small-agent\":[\"haiku\",\"gpt-5-mini\",\"gemini-flash\"],\"sonnet\":[\"copilot/*sonnet*\",\"anthropic/*sonnet*\"],\"sonnet-6x\":[\"copilot/*sonnet-4.5*\",\"copilot/*sonnet-4.6*\",\"copilot/*sonnet-4-5-*\",\"anthropic/*sonnet-4-5-*\",\"copilot/*sonnet-4-6*\",\"anthropic/*sonnet-4-6*\"],\"summarization\":[\"haiku\",\"gpt-5-mini\",\"gemini-flash-lite\",\"mini\"],\"vision\":[\"copilot/gemini-*image*\",\"google/gemini-*image*\",\"gemini/gemini-*image*\",\"copilot/gemini-*flash*\",\"google/gemini-*flash*\",\"gemini/gemini-*flash*\"]}},\"container\":{\"imageTag\":\"0.27.7,squid=sha256:deb1d4e19de62d51cee0508057a596a19315c3423ada4d675cad136dc8037c96,agent=sha256:aae231e4635c8999d039c132f1602d3df850fe9b84a00aa2b5ac981179b5661c,api-proxy=sha256:009caf2e3d88fa77b64e9a03a95a228fc58db0f1701c6d324b29ba5a3c7c79b6,cli-proxy=sha256:4757f198a3fa20f88bdbe70be7ae1a05f127d9c0a9e96a5d6460ef40c08fc83d\"}}" > "${RUNNER_TEMP}/gh-aw/awf-config.json"
                  cp "${RUNNER_TEMP}/gh-aw/awf-config.json" /tmp/gh-aw/awf-config.json
                  export GH_AW_MODELS_JSON_PATH="/tmp/gh-aw/models.json"
                  GH_AW_DOCKER_HOST=""
                  if [[ "${DOCKER_HOST:-}" =~ ^tcp:// ]]; then
                    GH_AW_DOCKER_HOST="${DOCKER_HOST}"
                  fi
                  GH_AW_DOCKER_HOST_PATH_PREFIX_ARGS=""
                  if [[ "${DOCKER_HOST:-}" =~ ^tcp:// ]]; then
                    GH_AW_DOCKER_HOST_PATH_PREFIX_ARGS="--docker-host-path-prefix /tmp/gh-aw"
                    python3 - <<'PY'
                  import json,os,subprocess as sp
                  from pathlib import Path
                  try:
                   p=Path(os.environ["RUNNER_TEMP"])/"gh-aw"/"awf-config.json"
                   c=json.loads(p.read_text())
                   c["chroot"]={"binariesSourcePath":"/tmp/gh-aw","identity":{"user":sp.check_output(["id","-un"],text=True).strip(),"uid":int(sp.check_output(["id","-u"],text=True)),"gid":int(sp.check_output(["id","-g"],text=True)),"home":"/tmp/gh-aw/home"}}
                   out=json.dumps(c,separators=(",",":"),ensure_ascii=False)+"\n"
                   p.write_text(out)
                   Path("/tmp/gh-aw/awf-config.json").write_text(out)
                  except Exception as e:
                   raise SystemExit(f"chroot config patch failed: {e}") from e
                  PY
                  fi
                  GH_AW_TOOL_CACHE_MOUNT=""
                  GH_AW_TOOL_CACHE="${RUNNER_TOOL_CACHE:?RUNNER_TOOL_CACHE must be set}"
                  if [ -d "$GH_AW_TOOL_CACHE" ]; then
                    if [[ "$GH_AW_TOOL_CACHE" != /opt/* ]]; then
                      GH_AW_TOOL_CACHE_MOUNT="$GH_AW_TOOL_CACHE:$GH_AW_TOOL_CACHE:ro"
                    fi
                  fi
                  # shellcheck disable=SC1003,SC2086
                  sudo -E awf --config "${RUNNER_TEMP}/gh-aw/awf-config.json" --container-workdir "${GITHUB_WORKSPACE}" --mount "${RUNNER_TEMP}/gh-aw:${RUNNER_TEMP}/gh-aw:ro" --mount "${RUNNER_TEMP}/gh-aw:/host${RUNNER_TEMP}/gh-aw:ro" ${GH_AW_TOOL_CACHE_MOUNT:+--mount "$GH_AW_TOOL_CACHE_MOUNT"} ${GH_AW_DOCKER_HOST:+--docker-host "$GH_AW_DOCKER_HOST"} ${GH_AW_DOCKER_HOST_PATH_PREFIX_ARGS} --env-all --exclude-env COPILOT_GITHUB_TOKEN --exclude-env GITHUB_MCP_SERVER_TOKEN --exclude-env MCP_GATEWAY_API_KEY --log-level info --proxy-logs-dir /tmp/gh-aw/sandbox/firewall/logs --audit-dir /tmp/gh-aw/sandbox/firewall/audit --enable-host-access --allow-host-ports 80,443,8080 --skip-pull \
                    -- /bin/bash -c 'set +o histexpand; export PATH="${RUNNER_TEMP}/gh-aw/mcp-cli/bin:$PATH" && : "${RUNNER_TOOL_CACHE:?RUNNER_TOOL_CACHE must be set}"; GH_AW_TOOL_CACHE="$RUNNER_TOOL_CACHE"; export PATH="$(find "$GH_AW_TOOL_CACHE" -maxdepth 5 -type d -name bin 2>/dev/null | tr '\''\n'\'' '\'':'\'')$PATH"; [ -n "$GOROOT" ] && export PATH="$GOROOT/bin:$PATH" || true && GH_AW_NODE_EXEC="${GH_AW_NODE_BIN:-}"; if [ -z "$GH_AW_NODE_EXEC" ] || [ ! -x "$GH_AW_NODE_EXEC" ]; then GH_AW_NODE_EXEC="$(command -v node 2>/dev/null || true)"; fi; if [ -z "$GH_AW_NODE_EXEC" ]; then echo "node runtime missing on this runner — check runtimes.node in workflow YAML" >&2; exit 127; fi; GH_AW_NPM_GLOBAL_ROOT="$(npm root -g 2>/dev/null || true)"; if [ -n "$GH_AW_NPM_GLOBAL_ROOT" ]; then export NODE_PATH="${GH_AW_NPM_GLOBAL_ROOT}${NODE_PATH:+:${NODE_PATH}}"; fi; "$GH_AW_NODE_EXEC" ${RUNNER_TEMP}/gh-aw/actions/copilot_harness.cjs /usr/local/bin/copilot --add-dir /tmp/gh-aw/ --log-level all --log-dir /tmp/gh-aw/sandbox/agent/logs/ --disable-builtin-mcps --no-ask-user --allow-all-tools --allow-all-paths --add-dir "${GITHUB_WORKSPACE}" --prompt-file /tmp/gh-aw/aw-prompts/prompt.txt' 2>&1 | tee -a /tmp/gh-aw/agent-stdio.log
                env:
                  AWF_REFLECT_ENABLED: 1
                  COPILOT_AGENT_RUNNER_TYPE: STANDALONE
                  COPILOT_DUMMY_BYOK: dummy-byok-key-for-offline-mode
                  COPILOT_GITHUB_TOKEN: ${{ secrets.COPILOT_GITHUB_TOKEN }}
                  COPILOT_MODEL: ${{ vars.GH_AW_MODEL_AGENT_COPILOT || vars.GH_AW_DEFAULT_MODEL_COPILOT || 'claude-sonnet-4.6' }}
                  GH_AW_LLM_PROVIDER: github
                  GH_AW_MAX_AI_CREDITS: ${{ vars.GH_AW_DEFAULT_MAX_AI_CREDITS || '1000' }}
                  GH_AW_MAX_TURNS: ${{ vars.GH_AW_DEFAULT_MAX_TURNS || '' }}
                  GH_AW_PHASE: agent
                  GH_AW_PROMPT: /tmp/gh-aw/aw-prompts/prompt.txt
                  GH_AW_SAFE_OUTPUTS: ${{ steps.set-runtime-paths.outputs.GH_AW_SAFE_OUTPUTS }}
                  GH_AW_TIMEOUT_MINUTES: 20
                  GH_AW_VERSION: dev
                  GITHUB_API_URL: ${{ github.api_url }}
                  GITHUB_AW: true
                  GITHUB_COPILOT_INTEGRATION_ID: agentic-workflows
                  GITHUB_HEAD_REF: ${{ github.head_ref }}
                  GITHUB_MCP_SERVER_TOKEN: ${{ secrets.GH_AW_GITHUB_MCP_SERVER_TOKEN || secrets.GH_AW_GITHUB_TOKEN || secrets.GITHUB_TOKEN }}
                  GITHUB_REF_NAME: ${{ github.ref_name }}
                  GITHUB_SERVER_URL: ${{ github.server_url }}
                  GITHUB_STEP_SUMMARY: /tmp/gh-aw/agent-step-summary.md
                  GITHUB_WORKSPACE: ${{ github.workspace }}
                  GIT_AUTHOR_EMAIL: github-actions[bot]@users.noreply.github.com
                  GIT_AUTHOR_NAME: github-actions[bot]
                  GIT_COMMITTER_EMAIL: github-actions[bot]@users.noreply.github.com
                  GIT_COMMITTER_NAME: github-actions[bot]
                  RUNNER_TEMP: ${{ runner.temp }}
                  TRACEPARENT: ${{ env.GITHUB_AW_OTEL_TRACE_ID != '' && env.GITHUB_AW_OTEL_PARENT_SPAN_ID != '' && format('00-{0}-{1}-01', env.GITHUB_AW_OTEL_TRACE_ID, env.GITHUB_AW_OTEL_PARENT_SPAN_ID) || '' }}
              - name: Detect agent errors
                if: always()
                id: detect-agent-errors
                continue-on-error: true
                run: node "${RUNNER_TEMP}/gh-aw/actions/detect_agent_errors.cjs"
              - name: Configure Git credentials
                env:
                  GITHUB_REPOSITORY: ${{ github.repository }}
                  GITHUB_SERVER_URL: ${{ github.server_url }}
                  GITHUB_TOKEN: ${{ github.token }}
                run: bash "${RUNNER_TEMP}/gh-aw/actions/configure_git_credentials.sh"
              - name: Copy Copilot session state files to logs
                if: always()
                continue-on-error: true
                run: bash "${RUNNER_TEMP}/gh-aw/actions/copy_copilot_session_state.sh"
              - name: Stop MCP Gateway
                if: always()
                continue-on-error: true
                env:
                  MCP_GATEWAY_PORT: ${{ steps.start-mcp-gateway.outputs.gateway-port }}
                  MCP_GATEWAY_API_KEY: ${{ steps.start-mcp-gateway.outputs.gateway-api-key }}
                  GATEWAY_PID: ${{ steps.start-mcp-gateway.outputs.gateway-pid }}
                run: |
                  bash "${RUNNER_TEMP}/gh-aw/actions/stop_mcp_gateway.sh" "$GATEWAY_PID"
              - name: Redact secrets in logs
                if: always()
                uses: actions/github-script@3a2844b7e9c422d3c10d287c895573f7108da1b3 # v9.0.0
                with:
                  script: |
                    const { setupGlobals } = require('${{ runner.temp }}/gh-aw/actions/setup_globals.cjs');
                    setupGlobals(core, github, context, exec, io, getOctokit);
                    const { main } = require('${{ runner.temp }}/gh-aw/actions/redact_secrets.cjs');
                    await main();
                env:
                  GH_AW_SECRET_NAMES: 'COPILOT_GITHUB_TOKEN,GH_AW_GITHUB_MCP_SERVER_TOKEN,GH_AW_GITHUB_TOKEN,GITHUB_TOKEN'
                  SECRET_COPILOT_GITHUB_TOKEN: ${{ secrets.COPILOT_GITHUB_TOKEN }}
                  SECRET_GH_AW_GITHUB_MCP_SERVER_TOKEN: ${{ secrets.GH_AW_GITHUB_MCP_SERVER_TOKEN }}
                  SECRET_GH_AW_GITHUB_TOKEN: ${{ secrets.GH_AW_GITHUB_TOKEN }}
                  SECRET_GITHUB_TOKEN: ${{ secrets.GITHUB_TOKEN }}
              - name: Append agent step summary
                if: always()
                run: bash "${RUNNER_TEMP}/gh-aw/actions/append_agent_step_summary.sh"
              - name: Copy Safe Outputs
                if: always()
                env:
                  GH_AW_SAFE_OUTPUTS: ${{ steps.set-runtime-paths.outputs.GH_AW_SAFE_OUTPUTS }}
                run: |
                  mkdir -p /tmp/gh-aw
                  cp "$GH_AW_SAFE_OUTPUTS" /tmp/gh-aw/safeoutputs.jsonl 2>/dev/null || true
              - name: Ingest agent output
                id: collect_output
                if: always()
                uses: actions/github-script@3a2844b7e9c422d3c10d287c895573f7108da1b3 # v9.0.0
                env:
                  GH_AW_SAFE_OUTPUTS: ${{ steps.set-runtime-paths.outputs.GH_AW_SAFE_OUTPUTS }}
                  GH_AW_ALLOWED_DOMAINS: "api.business.githubcopilot.com,api.enterprise.githubcopilot.com,api.github.com,api.githubcopilot.com,api.individual.githubcopilot.com,api.snapcraft.io,archive.ubuntu.com,azure.archive.ubuntu.com,crl.geotrust.com,crl.globalsign.com,crl.identrust.com,crl.sectigo.com,crl.thawte.com,crl.usertrust.com,crl.verisign.com,crl3.digicert.com,crl4.digicert.com,crls.ssl.com,github.com,host.docker.internal,json-schema.org,json.schemastore.org,keyserver.ubuntu.com,ocsp.digicert.com,ocsp.geotrust.com,ocsp.globalsign.com,ocsp.identrust.com,ocsp.sectigo.com,ocsp.ssl.com,ocsp.thawte.com,ocsp.usertrust.com,ocsp.verisign.com,packagecloud.io,packages.cloud.google.com,packages.microsoft.com,ppa.launchpad.net,raw.githubusercontent.com,registry.npmjs.org,s.symcb.com,s.symcd.com,security.ubuntu.com,telemetry.enterprise.githubcopilot.com,ts-crl.ws.symantec.com,ts-ocsp.ws.symantec.com,www.googleapis.com"
                  GITHUB_SERVER_URL: ${{ github.server_url }}
                  GITHUB_API_URL: ${{ github.api_url }}
                with:
                  script: |
                    const { setupGlobals } = require('${{ runner.temp }}/gh-aw/actions/setup_globals.cjs');
                    setupGlobals(core, github, context, exec, io, getOctokit);
                    const { main } = require('${{ runner.temp }}/gh-aw/actions/collect_ndjson_output.cjs');
                    await main();
              - name: Parse agent logs for step summary
                if: always()
                uses: actions/github-script@3a2844b7e9c422d3c10d287c895573f7108da1b3 # v9.0.0
                env:
                  GH_AW_AGENT_OUTPUT: /tmp/gh-aw/sandbox/agent/logs/
                with:
                  script: |
                    const { setupGlobals } = require('${{ runner.temp }}/gh-aw/actions/setup_globals.cjs');
                    setupGlobals(core, github, context, exec, io, getOctokit);
                    const { main } = require('${{ runner.temp }}/gh-aw/actions/parse_copilot_log.cjs');
                    await main();
              - name: Parse MCP Gateway logs for step summary
                if: always()
                id: parse-mcp-gateway
                uses: actions/github-script@3a2844b7e9c422d3c10d287c895573f7108da1b3 # v9.0.0
                with:
                  script: |
                    const { setupGlobals } = require('${{ runner.temp }}/gh-aw/actions/setup_globals.cjs');
                    setupGlobals(core, github, context, exec, io, getOctokit);
                    const { main } = require('${{ runner.temp }}/gh-aw/actions/parse_mcp_gateway_log.cjs');
                    await main();
              - name: Print firewall logs
                if: always()
                continue-on-error: true
                env:
                  AWF_LOGS_DIR: /tmp/gh-aw/sandbox/firewall/logs
                run: |
                  # Fix permissions on firewall logs/audit dirs so they can be uploaded as artifacts
                  # AWF runs with sudo, creating files owned by root
                  sudo chmod -R a+rX /tmp/gh-aw/sandbox/firewall 2>/dev/null || true
                  # Only run awf logs summary if awf command exists (it may not be installed if workflow failed before install step)
                  if command -v awf &> /dev/null; then
                    awf logs summary | tee -a "$GITHUB_STEP_SUMMARY"
                  else
                    echo 'AWF binary not installed, skipping firewall log summary'
                  fi
              - name: Parse token usage for step summary
                if: always()
                continue-on-error: true
                uses: actions/github-script@3a2844b7e9c422d3c10d287c895573f7108da1b3 # v9.0.0
                with:
                  script: |
                    const { setupGlobals } = require('${{ runner.temp }}/gh-aw/actions/setup_globals.cjs');
                    setupGlobals(core, github, context, exec, io, getOctokit);
                    const { main } = require('${{ runner.temp }}/gh-aw/actions/parse_token_usage.cjs');
                    await main();
              - name: Print AWF reflect summary
                if: always()
                continue-on-error: true
                uses: actions/github-script@3a2844b7e9c422d3c10d287c895573f7108da1b3 # v9.0.0
                with:
                  script: |
                    const { setupGlobals } = require('${{ runner.temp }}/gh-aw/actions/setup_globals.cjs');
                    setupGlobals(core, github, context, exec, io, getOctokit);
                    const { main } = require('${{ runner.temp }}/gh-aw/actions/awf_reflect_summary.cjs');
                    await main();
              - name: Write agent output placeholder if missing
                if: always()
                run: |
                  if [ ! -f /tmp/gh-aw/agent_output.json ]; then
                    echo '{"items":[]}' > /tmp/gh-aw/agent_output.json
                  fi
              - name: Upload agent artifacts
                if: always()
                continue-on-error: true
                uses: actions/upload-artifact@043fb46d1a93c77aae656e7c1c64a875d1fc6a0a # v7.0.1
                with:
                  name: agent
                  path: |
                    /tmp/gh-aw/aw-prompts/prompt.txt
                    /tmp/gh-aw/sandbox/agent/logs/
                    /tmp/gh-aw/redacted-urls.log
                    /tmp/gh-aw/mcp-logs/
                    /tmp/gh-aw/agent_usage.json
                    /tmp/gh-aw/agent-stdio.log
                    /tmp/gh-aw/pre-agent-audit.txt
                    /tmp/gh-aw/agent/
                    /tmp/gh-aw/github_rate_limits.jsonl
                    /tmp/gh-aw/safeoutputs.jsonl
                    /tmp/gh-aw/agent_output.json
                    /tmp/gh-aw/aw-*.patch
                    /tmp/gh-aw/aw-*.bundle
                    /tmp/gh-aw/awf-config.json
                    /tmp/gh-aw/sandbox/firewall/logs/
                    /tmp/gh-aw/sandbox/firewall/audit/
                    /tmp/gh-aw/sandbox/firewall/awf-reflect.json
                  if-no-files-found: ignore

          conclusion:
            needs:
              - activation
              - agent
              - detection
              - safe_outputs
            if: >
              always() && (needs.agent.result != 'skipped' || needs.activation.outputs.lockdown_check_failed == 'true' ||
              needs.activation.outputs.stale_lock_file_failed == 'true' || needs.activation.outputs.daily_ai_credits_exceeded == 'true')
            runs-on: ubuntu-slim
            permissions:
              contents: read
              issues: write
            concurrency:
              group: "gh-aw-conclusion-test-job-env"
              cancel-in-progress: false
              queue: max
            env:
              GH_AW_RUNTIME_FEATURES: ${{ vars.GH_AW_RUNTIME_FEATURES }}
            outputs:
              incomplete_count: ${{ steps.report_incomplete.outputs.incomplete_count }}
              noop_message: ${{ steps.noop.outputs.noop_message }}
              tools_reported: ${{ steps.missing_tool.outputs.tools_reported }}
              total_count: ${{ steps.missing_tool.outputs.total_count }}
            steps:
              - name: Checkout actions folder
                uses: actions/checkout@9c091bb21b7c1c1d1991bb908d89e4e9dddfe3e0 # v7.0.0
                with:
                  repository: github/gh-aw
                  sparse-checkout: |
                    actions
                  persist-credentials: false
              - name: Setup Scripts
                id: setup
                uses: ./actions/setup
                with:
                  destination: ${{ runner.temp }}/gh-aw/actions
                  job-name: ${{ github.job }}
                  trace-id: ${{ needs.activation.outputs.setup-trace-id }}
                  parent-span-id: ${{ needs.activation.outputs.setup-parent-span-id || needs.activation.outputs.setup-span-id }}
                env:
                  GH_AW_SETUP_WORKFLOW_NAME: "Test Job Environment Variables"
                  GH_AW_CURRENT_WORKFLOW_REF: ${{ github.repository }}/.github/workflows/test-job-env.lock.yml@${{ github.ref }}
                  GH_AW_INFO_VERSION: "1.0.63"
                  GH_AW_INFO_AWF_VERSION: "v0.27.7"
                  GH_AW_INFO_ENGINE_ID: "copilot"
              - name: Download agent output artifact
                id: download-agent-output
                continue-on-error: true
                uses: actions/download-artifact@3e5f45b2cfb9172054b4087a40e8e0b5a5461e7c # v8.0.1
                with:
                  name: agent
                  path: /tmp/gh-aw/
              - name: Setup agent output environment variable
                id: setup-agent-output-env
                if: steps.download-agent-output.outcome == 'success'
                run: |
                  mkdir -p /tmp/gh-aw/
                  find "/tmp/gh-aw/" -type f -print
                  echo "GH_AW_AGENT_OUTPUT=/tmp/gh-aw/agent_output.json" >> "$GITHUB_OUTPUT"
              - name: Collect usage artifact files
                if: always()
                continue-on-error: true
                run: |
                  mkdir -p /tmp/gh-aw/usage/agent /tmp/gh-aw/usage/detection
                  echo "Usage artifact source file status:"
                  for file in /tmp/gh-aw/aw_info.json /tmp/gh-aw/aw-info.jsonl /tmp/gh-aw/agent_usage.json /tmp/gh-aw/agent_usage.jsonl /tmp/gh-aw/detection_usage.jsonl /tmp/gh-aw/github_rate_limits.jsonl /tmp/gh-aw/sandbox/firewall-audit-logs/api-proxy-logs/token-usage.jsonl /tmp/gh-aw/sandbox/firewall/logs/api-proxy-logs/token-usage.jsonl /tmp/gh-aw/sandbox/firewall/audit/api-proxy-logs/token-usage.jsonl /tmp/gh-aw/threat-detection/sandbox/firewall-audit-logs/api-proxy-logs/token-usage.jsonl /tmp/gh-aw/threat-detection/sandbox/firewall/logs/api-proxy-logs/token-usage.jsonl /tmp/gh-aw/threat-detection/sandbox/firewall/audit/api-proxy-logs/token-usage.jsonl; do
                    [ -f "$file" ] && echo "FOUND: $file" || echo "MISSING: $file"
                  done
                  [ -f /tmp/gh-aw/aw_info.json ] && cp /tmp/gh-aw/aw_info.json /tmp/gh-aw/usage/aw_info.json || true
                  [ -f /tmp/gh-aw/aw-info.jsonl ] && cp /tmp/gh-aw/aw-info.jsonl /tmp/gh-aw/usage/aw-info.jsonl || true
                  [ -f /tmp/gh-aw/agent_usage.json ] && cp /tmp/gh-aw/agent_usage.json /tmp/gh-aw/usage/agent_usage.json || true
                  [ -f /tmp/gh-aw/agent_usage.jsonl ] && cp /tmp/gh-aw/agent_usage.jsonl /tmp/gh-aw/usage/agent_usage.jsonl || true
                  [ -f /tmp/gh-aw/detection_usage.jsonl ] && cp /tmp/gh-aw/detection_usage.jsonl /tmp/gh-aw/usage/detection_usage.jsonl || true
                  [ -f /tmp/gh-aw/github_rate_limits.jsonl ] && cp /tmp/gh-aw/github_rate_limits.jsonl /tmp/gh-aw/usage/github_rate_limits.jsonl || true
                  [ -f /tmp/gh-aw/sandbox/firewall-audit-logs/api-proxy-logs/token-usage.jsonl ] && cp /tmp/gh-aw/sandbox/firewall-audit-logs/api-proxy-logs/token-usage.jsonl /tmp/gh-aw/usage/agent/token_usage.jsonl || true
                  [ -f /tmp/gh-aw/sandbox/firewall/logs/api-proxy-logs/token-usage.jsonl ] && cp /tmp/gh-aw/sandbox/firewall/logs/api-proxy-logs/token-usage.jsonl /tmp/gh-aw/usage/agent/token_usage.jsonl || true
                  [ -f /tmp/gh-aw/sandbox/firewall/audit/api-proxy-logs/token-usage.jsonl ] && cp /tmp/gh-aw/sandbox/firewall/audit/api-proxy-logs/token-usage.jsonl /tmp/gh-aw/usage/agent/token_usage.jsonl || true
                  [ -f /tmp/gh-aw/threat-detection/sandbox/firewall-audit-logs/api-proxy-logs/token-usage.jsonl ] && cp /tmp/gh-aw/threat-detection/sandbox/firewall-audit-logs/api-proxy-logs/token-usage.jsonl /tmp/gh-aw/usage/detection/token_usage.jsonl || true
                  [ -f /tmp/gh-aw/threat-detection/sandbox/firewall/logs/api-proxy-logs/token-usage.jsonl ] && cp /tmp/gh-aw/threat-detection/sandbox/firewall/logs/api-proxy-logs/token-usage.jsonl /tmp/gh-aw/usage/detection/token_usage.jsonl || true
                  [ -f /tmp/gh-aw/threat-detection/sandbox/firewall/audit/api-proxy-logs/token-usage.jsonl ] && cp /tmp/gh-aw/threat-detection/sandbox/firewall/audit/api-proxy-logs/token-usage.jsonl /tmp/gh-aw/usage/detection/token_usage.jsonl || true
                  [ -f /tmp/gh-aw/usage/agent/token_usage.jsonl ] || : > /tmp/gh-aw/usage/agent/token_usage.jsonl
                  [ -f /tmp/gh-aw/usage/detection/token_usage.jsonl ] || : > /tmp/gh-aw/usage/detection/token_usage.jsonl
                  mkdir -p /tmp/gh-aw/usage/activity
                  node ${{ runner.temp }}/gh-aw/actions/generate_usage_activity_summary.cjs
                  find /tmp/gh-aw/usage -type f -print | sort
              - name: Upload usage artifact
                if: always()
                continue-on-error: true
                uses: actions/upload-artifact@043fb46d1a93c77aae656e7c1c64a875d1fc6a0a # v7.0.1
                with:
                  name: usage
                  path: |
                    /tmp/gh-aw/usage/aw_info.json
                    /tmp/gh-aw/usage/aw-info.jsonl
                    /tmp/gh-aw/usage/agent_usage.json
                    /tmp/gh-aw/usage/agent_usage.jsonl
                    /tmp/gh-aw/usage/detection_usage.jsonl
                    /tmp/gh-aw/usage/github_rate_limits.jsonl
                    /tmp/gh-aw/usage/agent/token_usage.jsonl
                    /tmp/gh-aw/usage/detection/token_usage.jsonl
                    /tmp/gh-aw/usage/activity/summary.json
                  if-no-files-found: ignore
              - name: Restore daily AIC usage cache
                id: restore-daily-aic-cache-conclusion
                if: always()
                continue-on-error: true
                uses: actions/cache/restore@27d5ce7f107fe9357f9df03efb73ab90386fccae # v5.0.5
                with:
                  key: agentic-workflow-usage-testjobenv-${{ github.run_id }}
                  restore-keys: agentic-workflow-usage-testjobenv-
                  path: /tmp/gh-aw/agentic-workflow-usage-cache.jsonl
              - name: Write daily AIC usage cache entry
                id: write-daily-aic-cache
                if: always()
                continue-on-error: true
                uses: actions/github-script@3a2844b7e9c422d3c10d287c895573f7108da1b3 # v9.0.0
                with:
                  github-token: ${{ github.token }}
                  script: |
                    const { setupGlobals } = require('${{ runner.temp }}/gh-aw/actions/setup_globals.cjs');
                    setupGlobals(core, github, context);
                    const { main } = require('${{ runner.temp }}/gh-aw/actions/write_daily_aic_usage_cache.cjs');
                    await main();
              - name: Save daily AIC usage cache
                id: save-daily-aic-cache
                if: always()
                continue-on-error: true
                uses: actions/cache/save@27d5ce7f107fe9357f9df03efb73ab90386fccae # v5.0.5
                with:
                  key: agentic-workflow-usage-testjobenv-${{ github.run_id }}
                  path: /tmp/gh-aw/agentic-workflow-usage-cache.jsonl
              - name: Upload daily AIC usage cache artifact
                id: upload-daily-aic-cache
                if: always()
                continue-on-error: true
                uses: actions/upload-artifact@043fb46d1a93c77aae656e7c1c64a875d1fc6a0a # v7.0.1
                with:
                  name: aic-usage-cache
                  path: /tmp/gh-aw/agentic-workflow-usage-cache.jsonl
                  if-no-files-found: ignore
                  retention-days: 7
              - name: Process no-op messages
                id: noop
                uses: actions/github-script@3a2844b7e9c422d3c10d287c895573f7108da1b3 # v9.0.0
                env:
                  GH_AW_AGENT_OUTPUT: ${{ steps.setup-agent-output-env.outputs.GH_AW_AGENT_OUTPUT }}
                  GH_AW_NOOP_MAX: "1"
                  GH_AW_WORKFLOW_NAME: "Test Job Environment Variables"
                  GH_AW_RUN_URL: ${{ github.server_url }}/${{ github.repository }}/actions/runs/${{ github.run_id }}
                  GH_AW_AGENT_CONCLUSION: ${{ needs.agent.result }}
                  GH_AW_NOOP_REPORT_AS_ISSUE: "true"
                  GH_AW_AIC: ${{ needs.agent.outputs.aic }}
                  GH_AW_THREAT_DETECTION_AIC: ${{ needs.detection.outputs.aic }}
                  GH_AW_AMBIENT_CONTEXT: ${{ needs.agent.outputs.ambient_context }}
                  GH_AW_WORKFLOW_ID: "test-job-env"
                  GITHUB_TOKEN: ${{ secrets.CUSTOM_PAT }}
                  DEBUG_MODE: true
                  API_ENDPOINT: https://api.example.com
                with:
                  github-token: ${{ secrets.GH_AW_GITHUB_TOKEN || secrets.GITHUB_TOKEN }}
                  script: |
                    const { setupGlobals } = require('${{ runner.temp }}/gh-aw/actions/setup_globals.cjs');
                    setupGlobals(core, github, context, exec, io, getOctokit);
                    const { main } = require('${{ runner.temp }}/gh-aw/actions/handle_noop_message.cjs');
                    await main();
              - name: Log detection run
                id: detection_runs
                uses: actions/github-script@3a2844b7e9c422d3c10d287c895573f7108da1b3 # v9.0.0
                env:
                  GH_AW_AGENT_OUTPUT: ${{ steps.setup-agent-output-env.outputs.GH_AW_AGENT_OUTPUT }}
                  GH_AW_WORKFLOW_NAME: "Test Job Environment Variables"
                  GH_AW_RUN_URL: ${{ github.server_url }}/${{ github.repository }}/actions/runs/${{ github.run_id }}
                  GH_AW_DETECTION_CONCLUSION: ${{ needs.detection.outputs.detection_conclusion }}
                  GH_AW_DETECTION_REASON: ${{ needs.detection.outputs.detection_reason }}
                  DEBUG_MODE: true
                  API_ENDPOINT: https://api.example.com
                  GITHUB_TOKEN: ${{ secrets.CUSTOM_PAT }}
                with:
                  github-token: ${{ secrets.GH_AW_GITHUB_TOKEN || secrets.GITHUB_TOKEN }}
                  script: |
                    const { setupGlobals } = require('${{ runner.temp }}/gh-aw/actions/setup_globals.cjs');
                    setupGlobals(core, github, context, exec, io, getOctokit);
                    const { main } = require('${{ runner.temp }}/gh-aw/actions/handle_detection_runs.cjs');
                    await main();
              - name: Record missing tool
                id: missing_tool
                uses: actions/github-script@3a2844b7e9c422d3c10d287c895573f7108da1b3 # v9.0.0
                env:
                  GH_AW_AGENT_OUTPUT: ${{ steps.setup-agent-output-env.outputs.GH_AW_AGENT_OUTPUT }}
                  GH_AW_MISSING_TOOL_CREATE_ISSUE: "true"
                  GH_AW_WORKFLOW_NAME: "Test Job Environment Variables"
                  GITHUB_TOKEN: ${{ secrets.CUSTOM_PAT }}
                  DEBUG_MODE: true
                  API_ENDPOINT: https://api.example.com
                with:
                  github-token: ${{ secrets.GH_AW_GITHUB_TOKEN || secrets.GITHUB_TOKEN }}
                  script: |
                    const { setupGlobals } = require('${{ runner.temp }}/gh-aw/actions/setup_globals.cjs');
                    setupGlobals(core, github, context, exec, io, getOctokit);
                    const { main } = require('${{ runner.temp }}/gh-aw/actions/missing_tool.cjs');
                    await main();
              - name: Record incomplete
                id: report_incomplete
                uses: actions/github-script@3a2844b7e9c422d3c10d287c895573f7108da1b3 # v9.0.0
                env:
                  GH_AW_AGENT_OUTPUT: ${{ steps.setup-agent-output-env.outputs.GH_AW_AGENT_OUTPUT }}
                  GH_AW_REPORT_INCOMPLETE_CREATE_ISSUE: "true"
                  GH_AW_WORKFLOW_NAME: "Test Job Environment Variables"
                  GITHUB_TOKEN: ${{ secrets.CUSTOM_PAT }}
                  DEBUG_MODE: true
                  API_ENDPOINT: https://api.example.com
                with:
                  github-token: ${{ secrets.GH_AW_GITHUB_TOKEN || secrets.GITHUB_TOKEN }}
                  script: |
                    const { setupGlobals } = require('${{ runner.temp }}/gh-aw/actions/setup_globals.cjs');
                    setupGlobals(core, github, context, exec, io, getOctokit);
                    const { main } = require('${{ runner.temp }}/gh-aw/actions/report_incomplete_handler.cjs');
                    await main();
              - name: Handle agent failure
                id: handle_agent_failure
                if: always()
                uses: actions/github-script@3a2844b7e9c422d3c10d287c895573f7108da1b3 # v9.0.0
                env:
                  GH_AW_AGENT_OUTPUT: ${{ steps.setup-agent-output-env.outputs.GH_AW_AGENT_OUTPUT }}
                  GH_AW_WORKFLOW_NAME: "Test Job Environment Variables"
                  GH_AW_RUN_URL: ${{ github.server_url }}/${{ github.repository }}/actions/runs/${{ github.run_id }}
                  GH_AW_AGENT_CONCLUSION: ${{ needs.agent.result }}
                  GH_AW_WORKFLOW_ID: "test-job-env"
                  GH_AW_ACTION_FAILURE_ISSUE_EXPIRES_HOURS: "12"
                  GH_AW_ENGINE_ID: "copilot"
                  GH_AW_SECRET_VERIFICATION_RESULT: ${{ needs.activation.outputs.secret_verification_result }}
                  GH_AW_CHECKOUT_PR_SUCCESS: ${{ needs.agent.outputs.checkout_pr_success }}
                  GH_AW_EFFECTIVE_TOKENS: ${{ needs.agent.outputs.effective_tokens || '' }}
                  GH_AW_AI_CREDITS_RATE_LIMIT_ERROR: ${{ needs.agent.outputs.ai_credits_rate_limit_error || 'false' }}
                  GH_AW_UNKNOWN_MODEL_AI_CREDITS: ${{ needs.agent.outputs.unknown_model_ai_credits || 'false' }}
                  GH_AW_AIC: ${{ needs.agent.outputs.aic }}
                  GH_AW_THREAT_DETECTION_AIC: ${{ needs.detection.outputs.aic }}
                  GH_AW_MAX_AI_CREDITS: ${{ vars.GH_AW_DEFAULT_MAX_AI_CREDITS || '1000' }}
                  GH_AW_INFERENCE_ACCESS_ERROR: ${{ needs.agent.outputs.inference_access_error }}
                  GH_AW_MCP_POLICY_ERROR: ${{ needs.agent.outputs.mcp_policy_error }}
                  GH_AW_AGENTIC_ENGINE_TIMEOUT: ${{ needs.agent.outputs.agentic_engine_timeout }}
                  GH_AW_MODEL_NOT_SUPPORTED_ERROR: ${{ needs.agent.outputs.model_not_supported_error }}
                  GH_AW_ENGINE_API_HOSTS: "api.enterprise.githubcopilot.com,api.githubcopilot.com,api.business.githubcopilot.com,api.individual.githubcopilot.com"
                  GH_AW_LOCKDOWN_CHECK_FAILED: ${{ needs.activation.outputs.lockdown_check_failed }}
                  GH_AW_STALE_LOCK_FILE_FAILED: ${{ needs.activation.outputs.stale_lock_file_failed }}
                  GH_AW_DAILY_AI_CREDITS_EXCEEDED: ${{ needs.activation.outputs.daily_ai_credits_exceeded }}
                  GH_AW_DAILY_AI_CREDITS_TOTAL_EFFECTIVE_TOKENS: ${{ needs.activation.outputs.daily_ai_credits_total_effective_tokens }}
                  GH_AW_DAILY_AI_CREDITS_THRESHOLD: ${{ needs.activation.outputs.daily_ai_credits_threshold }}
                  GH_AW_GROUP_REPORTS: "false"
                  GH_AW_FAILURE_REPORT_AS_ISSUE: "true"
                  GH_AW_MISSING_TOOL_REPORT_AS_FAILURE: "true"
                  GH_AW_MISSING_DATA_REPORT_AS_FAILURE: "true"
                  GH_AW_TIMEOUT_MINUTES: "20"
                  GITHUB_TOKEN: ${{ secrets.CUSTOM_PAT }}
                  DEBUG_MODE: true
                  API_ENDPOINT: https://api.example.com
                with:
                  github-token: ${{ secrets.GH_AW_GITHUB_TOKEN || secrets.GITHUB_TOKEN }}
                  script: |
                    const { setupGlobals } = require('${{ runner.temp }}/gh-aw/actions/setup_globals.cjs');
                    setupGlobals(core, github, context, exec, io, getOctokit);
                    const { main } = require('${{ runner.temp }}/gh-aw/actions/handle_agent_failure.cjs');
                    await main();

          detection:
            needs:
              - activation
              - agent
            if: always() && needs.agent.result != 'skipped'
            runs-on: ubuntu-latest
            permissions:
              contents: read
            env:
              GH_AW_RUNTIME_FEATURES: ${{ vars.GH_AW_RUNTIME_FEATURES }}
            outputs:
              aic: ${{ steps.parse_detection_token_usage.outputs.aic }}
              detection_conclusion: ${{ steps.detection_conclusion.outputs.conclusion }}
              detection_reason: ${{ steps.detection_conclusion.outputs.reason }}
              detection_success: ${{ steps.detection_conclusion.outputs.success }}
            steps:
              - name: Checkout actions folder
                uses: actions/checkout@9c091bb21b7c1c1d1991bb908d89e4e9dddfe3e0 # v7.0.0
                with:
                  repository: github/gh-aw
                  sparse-checkout: |
                    actions
                  persist-credentials: false
              - name: Setup Scripts
                id: setup
                uses: ./actions/setup
                with:
                  destination: ${{ runner.temp }}/gh-aw/actions
                  job-name: ${{ github.job }}
                  trace-id: ${{ needs.activation.outputs.setup-trace-id }}
                  parent-span-id: ${{ needs.activation.outputs.setup-parent-span-id || needs.activation.outputs.setup-span-id }}
                env:
                  GH_AW_SETUP_WORKFLOW_NAME: "Test Job Environment Variables"
                  GH_AW_CURRENT_WORKFLOW_REF: ${{ github.repository }}/.github/workflows/test-job-env.lock.yml@${{ github.ref }}
                  GH_AW_INFO_VERSION: "1.0.63"
                  GH_AW_INFO_AWF_VERSION: "v0.27.7"
                  GH_AW_INFO_ENGINE_ID: "copilot"
              - name: Download agent output artifact
                id: download-agent-output
                continue-on-error: true
                uses: actions/download-artifact@3e5f45b2cfb9172054b4087a40e8e0b5a5461e7c # v8.0.1
                with:
                  name: agent
                  path: /tmp/gh-aw/
              - name: Setup agent output environment variable
                id: setup-agent-output-env
                if: steps.download-agent-output.outcome == 'success'
                run: |
                  mkdir -p /tmp/gh-aw/
                  find "/tmp/gh-aw/" -type f -print
                  echo "GH_AW_AGENT_OUTPUT=/tmp/gh-aw/agent_output.json" >> "$GITHUB_OUTPUT"
              - name: Checkout repository for patch context
                if: needs.agent.outputs.has_patch == 'true'
                uses: actions/checkout@9c091bb21b7c1c1d1991bb908d89e4e9dddfe3e0 # v7.0.0
                with:
                  persist-credentials: false
              # --- Threat Detection ---
              - name: Clean stale firewall files from agent artifact
                run: |
                  rm -rf /tmp/gh-aw/sandbox/firewall/logs
                  rm -rf /tmp/gh-aw/sandbox/firewall/audit
              - name: Download container images
                run: bash "${RUNNER_TEMP}/gh-aw/actions/download_docker_images.sh" ghcr.io/github/gh-aw-firewall/agent:0.27.7@sha256:aae231e4635c8999d039c132f1602d3df850fe9b84a00aa2b5ac981179b5661c ghcr.io/github/gh-aw-firewall/api-proxy:0.27.7@sha256:009caf2e3d88fa77b64e9a03a95a228fc58db0f1701c6d324b29ba5a3c7c79b6 ghcr.io/github/gh-aw-firewall/squid:0.27.7@sha256:deb1d4e19de62d51cee0508057a596a19315c3423ada4d675cad136dc8037c96
              - name: Check if detection needed
                id: detection_guard
                if: always()
                env:
                  OUTPUT_TYPES: ${{ needs.agent.outputs.output_types }}
                  HAS_PATCH: ${{ needs.agent.outputs.has_patch }}
                run: |
                  if [[ -n "$OUTPUT_TYPES" || "$HAS_PATCH" == "true" ]]; then
                    echo "run_detection=true" >> "$GITHUB_OUTPUT"
                    echo "Detection will run: output_types=$OUTPUT_TYPES, has_patch=$HAS_PATCH"
                  else
                    echo "run_detection=false" >> "$GITHUB_OUTPUT"
                    echo "Detection skipped: no agent outputs or patches to analyze"
                  fi
              - name: Clear MCP Config for detection
                if: always() && steps.detection_guard.outputs.run_detection == 'true'
                run: |
                  rm -f "${RUNNER_TEMP}/gh-aw/mcp-config/mcp-servers.json"
                  rm -f "$HOME/.copilot/mcp-config.json"
                  rm -f "$GITHUB_WORKSPACE/.gemini/settings.json"
              - name: Prepare threat detection files
                if: always() && steps.detection_guard.outputs.run_detection == 'true'
                run: |
                  mkdir -p /tmp/gh-aw/threat-detection/aw-prompts
                  rm -f /tmp/gh-aw/agent_usage.json
                  cp /tmp/gh-aw/aw-prompts/prompt.txt /tmp/gh-aw/threat-detection/aw-prompts/prompt.txt 2>/dev/null || true
                  if [ ! -s /tmp/gh-aw/threat-detection/aw-prompts/prompt.txt ]; then
                    echo "::warning::ERR_VALIDATION: Missing or empty detection context prompt at /tmp/gh-aw/threat-detection/aw-prompts/prompt.txt. Ensure the agent artifact includes /tmp/gh-aw/aw-prompts/prompt.txt. Detection will continue with fallback workflow context."
                  fi
                  cp /tmp/gh-aw/agent_output.json /tmp/gh-aw/threat-detection/agent_output.json 2>/dev/null || true
                  for f in /tmp/gh-aw/aw-*.patch; do
                    [ -f "$f" ] && cp "$f" /tmp/gh-aw/threat-detection/ 2>/dev/null || true
                  done
                  for f in /tmp/gh-aw/aw-*.bundle; do
                    [ -f "$f" ] && cp "$f" /tmp/gh-aw/threat-detection/ 2>/dev/null || true
                  done
                  echo "Prepared threat detection files:"
                  ls -la /tmp/gh-aw/threat-detection/ 2>/dev/null || true
              - name: Setup threat detection
                if: always() && steps.detection_guard.outputs.run_detection == 'true'
                uses: actions/github-script@3a2844b7e9c422d3c10d287c895573f7108da1b3 # v9.0.0
                env:
                  WORKFLOW_NAME: "Test Job Environment Variables"
                  WORKFLOW_DESCRIPTION: "No description provided"
                  HAS_PATCH: ${{ needs.agent.outputs.has_patch }}
                with:
                  script: |
                    const { setupGlobals } = require('${{ runner.temp }}/gh-aw/actions/setup_globals.cjs');
                    setupGlobals(core, github, context, exec, io, getOctokit);
                    const { main } = require('${{ runner.temp }}/gh-aw/actions/setup_threat_detection.cjs');
                    await main();
              - name: Ensure threat-detection directory and log
                if: always() && steps.detection_guard.outputs.run_detection == 'true'
                run: |
                  mkdir -p /tmp/gh-aw/threat-detection
                  touch /tmp/gh-aw/threat-detection/detection.log
              - name: Setup Node.js
                uses: actions/setup-node@48b55a011bda9f5d6aeb4c2d9c7362e8dae4041e # v6.4.0
                with:
                  node-version: '24'
                  package-manager-cache: false
              - name: Install GitHub Copilot CLI
                run: bash "${RUNNER_TEMP}/gh-aw/actions/install_copilot_cli.sh" 1.0.63
                env:
                  GH_HOST: github.com
              - name: Install AWF binary
                run: bash "${RUNNER_TEMP}/gh-aw/actions/install_awf_binary.sh" v0.27.7
              - name: Execute GitHub Copilot CLI
                if: always() && steps.detection_guard.outputs.run_detection == 'true'
                continue-on-error: true
                id: detection_agentic_execution
                # Copilot CLI tool arguments (sorted):
                timeout-minutes: 20
                run: |
                  set -o pipefail
                  printf '%s' "$(date +%s%3N)" > /tmp/gh-aw/agent_cli_start_ms.txt
                  trap 'rm -f "$HOME/.copilot/settings.json"' EXIT
                  mkdir -p "$HOME/.copilot"
                  printf '%s' '{"builtInAgents":{"rubberDuck":false}}' > "$HOME/.copilot/settings.json"
                  export XDG_CONFIG_HOME="$HOME"
                  touch /tmp/gh-aw/agent-step-summary.md
                  GH_AW_NODE_BIN=$(command -v node 2>/dev/null || true)
                  export GH_AW_NODE_BIN
                  export COPILOT_API_KEY="$COPILOT_DUMMY_BYOK"
                  (umask 177 && touch /tmp/gh-aw/threat-detection/detection.log)
                  GH_AW_MAX_AI_CREDITS="${GH_AW_MAX_AI_CREDITS:-400}"
                  printf '%s\n' "{\"\$schema\":\"https://github.com/github/gh-aw-firewall/releases/download/v0.27.7/awf-config.schema.json\",\"network\":{\"allowDomains\":[\"api.business.githubcopilot.com\",\"api.enterprise.githubcopilot.com\",\"api.github.com\",\"api.githubcopilot.com\",\"api.individual.githubcopilot.com\",\"github.com\",\"host.docker.internal\",\"registry.npmjs.org\",\"telemetry.enterprise.githubcopilot.com\"]},\"apiProxy\":{\"enabled\":true,\"enableTokenSteering\":true,\"maxRuns\":500,\"maxAiCredits\":${GH_AW_MAX_AI_CREDITS},\"maxCacheMisses\":5},\"container\":{\"imageTag\":\"0.27.7,squid=sha256:deb1d4e19de62d51cee0508057a596a19315c3423ada4d675cad136dc8037c96,agent=sha256:aae231e4635c8999d039c132f1602d3df850fe9b84a00aa2b5ac981179b5661c,api-proxy=sha256:009caf2e3d88fa77b64e9a03a95a228fc58db0f1701c6d324b29ba5a3c7c79b6,cli-proxy=sha256:4757f198a3fa20f88bdbe70be7ae1a05f127d9c0a9e96a5d6460ef40c08fc83d\"}}" > "${RUNNER_TEMP}/gh-aw/awf-config.json"
                  cp "${RUNNER_TEMP}/gh-aw/awf-config.json" /tmp/gh-aw/awf-config.json
                  export GH_AW_MODELS_JSON_PATH="/tmp/gh-aw/models.json"
                  GH_AW_DOCKER_HOST=""
                  if [[ "${DOCKER_HOST:-}" =~ ^tcp:// ]]; then
                    GH_AW_DOCKER_HOST="${DOCKER_HOST}"
                  fi
                  GH_AW_DOCKER_HOST_PATH_PREFIX_ARGS=""
                  if [[ "${DOCKER_HOST:-}" =~ ^tcp:// ]]; then
                    GH_AW_DOCKER_HOST_PATH_PREFIX_ARGS="--docker-host-path-prefix /tmp/gh-aw"
                    _GH_AW_CHROOT_JSON=$(jq -c --arg src /tmp/gh-aw --arg user "$(id -un)" --argjson uid "$(id -u)" --argjson gid "$(id -g)" --arg home /tmp/gh-aw/home '.chroot={"binariesSourcePath":$src,"identity":{"user":$user,"uid":$uid,"gid":$gid,"home":$home}}' "${RUNNER_TEMP}/gh-aw/awf-config.json") || { echo "chroot config patch failed" >&2; exit 1; }
                    printf '%s\n' "$_GH_AW_CHROOT_JSON" > "${RUNNER_TEMP}/gh-aw/awf-config.json"
                    printf '%s\n' "$_GH_AW_CHROOT_JSON" > "/tmp/gh-aw/awf-config.json"
                  fi
                  GH_AW_TOOL_CACHE_MOUNT=""
                  GH_AW_TOOL_CACHE="${RUNNER_TOOL_CACHE:?RUNNER_TOOL_CACHE must be set}"
                  if [ -d "$GH_AW_TOOL_CACHE" ]; then
                    if [[ "$GH_AW_TOOL_CACHE" != /opt/* ]]; then
                      GH_AW_TOOL_CACHE_MOUNT="$GH_AW_TOOL_CACHE:$GH_AW_TOOL_CACHE:ro"
                    fi
                  fi
                  # shellcheck disable=SC1003,SC2086
                  sudo -E awf --config "${RUNNER_TEMP}/gh-aw/awf-config.json" --container-workdir "${GITHUB_WORKSPACE}" --mount "${RUNNER_TEMP}/gh-aw:${RUNNER_TEMP}/gh-aw:ro" --mount "${RUNNER_TEMP}/gh-aw:/host${RUNNER_TEMP}/gh-aw:ro" ${GH_AW_TOOL_CACHE_MOUNT:+--mount "$GH_AW_TOOL_CACHE_MOUNT"} ${GH_AW_DOCKER_HOST:+--docker-host "$GH_AW_DOCKER_HOST"} ${GH_AW_DOCKER_HOST_PATH_PREFIX_ARGS} --env-all --exclude-env COPILOT_GITHUB_TOKEN --log-level info --proxy-logs-dir /tmp/gh-aw/sandbox/firewall/logs --audit-dir /tmp/gh-aw/sandbox/firewall/audit --enable-host-access --allow-host-ports 80,443,8080 --skip-pull \
                    -- /bin/bash -c 'set +o histexpand; : "${RUNNER_TOOL_CACHE:?RUNNER_TOOL_CACHE must be set}"; GH_AW_TOOL_CACHE="$RUNNER_TOOL_CACHE"; export PATH="$(find "$GH_AW_TOOL_CACHE" -maxdepth 5 -type d -name bin 2>/dev/null | tr '\''\n'\'' '\'':'\'')$PATH"; [ -n "$GOROOT" ] && export PATH="$GOROOT/bin:$PATH" || true && GH_AW_NODE_EXEC="${GH_AW_NODE_BIN:-}"; if [ -z "$GH_AW_NODE_EXEC" ] || [ ! -x "$GH_AW_NODE_EXEC" ]; then GH_AW_NODE_EXEC="$(command -v node 2>/dev/null || true)"; fi; if [ -z "$GH_AW_NODE_EXEC" ]; then echo "node runtime missing on this runner — check runtimes.node in workflow YAML" >&2; exit 127; fi; GH_AW_NPM_GLOBAL_ROOT="$(npm root -g 2>/dev/null || true)"; if [ -n "$GH_AW_NPM_GLOBAL_ROOT" ]; then export NODE_PATH="${GH_AW_NPM_GLOBAL_ROOT}${NODE_PATH:+:${NODE_PATH}}"; fi; "$GH_AW_NODE_EXEC" ${RUNNER_TEMP}/gh-aw/actions/copilot_harness.cjs /usr/local/bin/copilot --add-dir /tmp/gh-aw/ --log-level all --log-dir /tmp/gh-aw/sandbox/agent/logs/ --disable-builtin-mcps --no-ask-user --allow-all-tools --add-dir "${GITHUB_WORKSPACE}" --prompt-file /tmp/gh-aw/aw-prompts/prompt.txt' 2>&1 | tee -a /tmp/gh-aw/threat-detection/detection.log
                env:
                  AWF_REFLECT_ENABLED: 1
                  COPILOT_AGENT_RUNNER_TYPE: STANDALONE
                  COPILOT_DUMMY_BYOK: dummy-byok-key-for-offline-mode
                  COPILOT_GITHUB_TOKEN: ${{ secrets.COPILOT_GITHUB_TOKEN }}
                  COPILOT_MODEL: ${{ vars.GH_AW_MODEL_DETECTION_COPILOT || vars.GH_AW_DEFAULT_MODEL_COPILOT || 'claude-sonnet-4.6' }}
                  GH_AW_LLM_PROVIDER: github
                  GH_AW_MAX_AI_CREDITS: ${{ vars.GH_AW_DEFAULT_DETECTION_MAX_AI_CREDITS || '400' }}
                  GH_AW_MAX_TURNS: ${{ vars.GH_AW_DEFAULT_MAX_TURNS || '' }}
                  GH_AW_PHASE: detection
                  GH_AW_PROMPT: /tmp/gh-aw/aw-prompts/prompt.txt
                  GH_AW_TIMEOUT_MINUTES: 20
                  GH_AW_VERSION: dev
                  GITHUB_API_URL: ${{ github.api_url }}
                  GITHUB_AW: true
                  GITHUB_COPILOT_INTEGRATION_ID: agentic-workflows
                  GITHUB_HEAD_REF: ${{ github.head_ref }}
                  GITHUB_REF_NAME: ${{ github.ref_name }}
                  GITHUB_SERVER_URL: ${{ github.server_url }}
                  GITHUB_STEP_SUMMARY: /tmp/gh-aw/agent-step-summary.md
                  GITHUB_WORKSPACE: ${{ github.workspace }}
                  GIT_AUTHOR_EMAIL: github-actions[bot]@users.noreply.github.com
                  GIT_AUTHOR_NAME: github-actions[bot]
                  GIT_COMMITTER_EMAIL: github-actions[bot]@users.noreply.github.com
                  GIT_COMMITTER_NAME: github-actions[bot]
                  RUNNER_TEMP: ${{ runner.temp }}
                  TRACEPARENT: ${{ env.GITHUB_AW_OTEL_TRACE_ID != '' && env.GITHUB_AW_OTEL_PARENT_SPAN_ID != '' && format('00-{0}-{1}-01', env.GITHUB_AW_OTEL_TRACE_ID, env.GITHUB_AW_OTEL_PARENT_SPAN_ID) || '' }}
              - name: Parse threat detection token usage for step summary
                id: parse_detection_token_usage
                if: always()
                continue-on-error: true
                uses: actions/github-script@3a2844b7e9c422d3c10d287c895573f7108da1b3 # v9.0.0
                env:
                  GH_AW_TOKEN_USAGE_SUMMARY_TITLE: Threat Detection Token Usage
                with:
                  script: |
                    const { setupGlobals } = require('${{ runner.temp }}/gh-aw/actions/setup_globals.cjs');
                    setupGlobals(core, github, context, exec, io, getOctokit);
                    const { main } = require('${{ runner.temp }}/gh-aw/actions/parse_token_usage.cjs');
                    await main();
              - name: Upload threat detection log
                if: always() && steps.detection_guard.outputs.run_detection == 'true'
                uses: actions/upload-artifact@043fb46d1a93c77aae656e7c1c64a875d1fc6a0a # v7.0.1
                with:
                  name: detection
                  path: /tmp/gh-aw/threat-detection/detection.log
                  if-no-files-found: ignore
              - name: Parse and conclude threat detection
                id: detection_conclusion
                if: always()
                continue-on-error: true
                uses: actions/github-script@3a2844b7e9c422d3c10d287c895573f7108da1b3 # v9.0.0
                env:
                  RUN_DETECTION: ${{ steps.detection_guard.outputs.run_detection }}
                  DETECTION_AGENTIC_EXECUTION_OUTCOME: ${{ steps.detection_agentic_execution.outcome }}
                  GH_AW_DETECTION_CONTINUE_ON_ERROR: "true"
                with:
                  script: |
                    try {
                      const { setupGlobals } = require('${{ runner.temp }}/gh-aw/actions/setup_globals.cjs');
                      setupGlobals(core, github, context, exec, io, getOctokit);
                      const { main } = require('${{ runner.temp }}/gh-aw/actions/parse_threat_detection_results.cjs');
                      await main();
                    } catch (loadErr) {
                      const continueOnError = process.env.GH_AW_DETECTION_CONTINUE_ON_ERROR !== 'false';
                      const detectionExecutionFailed = process.env.DETECTION_AGENTIC_EXECUTION_OUTCOME === 'failure';
                      const msg = 'ERR_SYSTEM: \u274C Unexpected error loading threat detection module: ' + (loadErr && loadErr.message ? loadErr.message : String(loadErr));
                      core.error(msg);
                      core.setOutput('reason', 'parse_error');
                      if (continueOnError && !detectionExecutionFailed) {
                        core.warning('\u26A0\uFE0F ' + msg);
                        core.setOutput('conclusion', 'warning');
                        core.setOutput('success', 'false');
                      } else {
                        core.setOutput('conclusion', 'failure');
                        core.setOutput('success', 'false');
                        core.setFailed(msg);
                      }
                    }

          pre_activation:
            runs-on: ubuntu-slim
            permissions:
              contents: read
            env:
              GH_AW_RUNTIME_FEATURES: ${{ vars.GH_AW_RUNTIME_FEATURES }}
            outputs:
              activated: ${{ steps.check_membership.outputs.is_team_member == 'true' }}
              matched_command: ''
              setup-parent-span-id: ${{ steps.setup.outputs.parent-span-id || steps.setup.outputs.span-id }}
              setup-span-id: ${{ steps.setup.outputs.span-id }}
              setup-trace-id: ${{ steps.setup.outputs.trace-id }}
            steps:
              - name: Checkout actions folder
                uses: actions/checkout@9c091bb21b7c1c1d1991bb908d89e4e9dddfe3e0 # v7.0.0
                with:
                  repository: github/gh-aw
                  sparse-checkout: |
                    actions
                  persist-credentials: false
              - name: Setup Scripts
                id: setup
                uses: ./actions/setup
                with:
                  destination: ${{ runner.temp }}/gh-aw/actions
                  job-name: ${{ github.job }}
                env:
                  GH_AW_SETUP_WORKFLOW_NAME: "Test Job Environment Variables"
                  GH_AW_CURRENT_WORKFLOW_REF: ${{ github.repository }}/.github/workflows/test-job-env.lock.yml@${{ github.ref }}
                  GH_AW_INFO_VERSION: "1.0.63"
                  GH_AW_INFO_AWF_VERSION: "v0.27.7"
                  GH_AW_INFO_ENGINE_ID: "copilot"
              - name: Check team membership for workflow
                id: check_membership
                uses: actions/github-script@3a2844b7e9c422d3c10d287c895573f7108da1b3 # v9.0.0
                env:
                  GH_AW_REQUIRED_ROLES: "admin,maintainer,write"
                with:
                  github-token: ${{ secrets.GITHUB_TOKEN }}
                  script: |
                    const { setupGlobals } = require('${{ runner.temp }}/gh-aw/actions/setup_globals.cjs');
                    setupGlobals(core, github, context, exec, io, getOctokit);
                    const { main } = require('${{ runner.temp }}/gh-aw/actions/check_membership.cjs');
                    await main();

          safe_outputs:
            needs:
              - activation
              - agent
              - detection
            if: (!cancelled()) && needs.agent.result != 'skipped' && needs.detection.result == 'success'
            runs-on: ubuntu-slim
            permissions:
              contents: read
              issues: write
            timeout-minutes: 45
            env:
              GH_AW_AGENT_AIC: ${{ needs.agent.outputs.aic }}
              GH_AW_AIC: ${{ needs.agent.outputs.aic }}
              GH_AW_AMBIENT_CONTEXT: ${{ needs.agent.outputs.ambient_context }}
              GH_AW_CALLER_WORKFLOW_ID: "${{ github.repository }}/test-job-env"
              GH_AW_DETECTION_CONCLUSION: ${{ needs.detection.outputs.detection_conclusion }}
              GH_AW_DETECTION_REASON: ${{ needs.detection.outputs.detection_reason }}
              GH_AW_EFFECTIVE_TOKENS: ${{ needs.agent.outputs.effective_tokens }}
              GH_AW_ENGINE_ID: "copilot"
              GH_AW_ENGINE_MODEL: ${{ needs.agent.outputs.model }}
              GH_AW_ENGINE_VERSION: "1.0.63"
              GH_AW_PROJECT_UTC: "-08:00"
              GH_AW_RUNTIME_FEATURES: ${{ vars.GH_AW_RUNTIME_FEATURES }}
              GH_AW_THREAT_DETECTION_AIC: ${{ needs.detection.outputs.aic }}
              GH_AW_WORKFLOW_ID: "test-job-env"
              GH_AW_WORKFLOW_NAME: "Test Job Environment Variables"
            outputs:
              code_push_failure_count: ${{ steps.process_safe_outputs.outputs.code_push_failure_count }}
              code_push_failure_errors: ${{ steps.process_safe_outputs.outputs.code_push_failure_errors }}
              create_discussion_error_count: ${{ steps.process_safe_outputs.outputs.create_discussion_error_count }}
              create_discussion_errors: ${{ steps.process_safe_outputs.outputs.create_discussion_errors }}
              created_issue_number: ${{ steps.process_safe_outputs.outputs.created_issue_number }}
              created_issue_url: ${{ steps.process_safe_outputs.outputs.created_issue_url }}
              process_safe_outputs_processed_count: ${{ steps.process_safe_outputs.outputs.processed_count }}
              process_safe_outputs_temporary_id_map: ${{ steps.process_safe_outputs.outputs.temporary_id_map }}
            steps:
              - name: Checkout actions folder
                uses: actions/checkout@9c091bb21b7c1c1d1991bb908d89e4e9dddfe3e0 # v7.0.0
                with:
                  repository: github/gh-aw
                  sparse-checkout: |
                    actions
                  persist-credentials: false
              - name: Setup Scripts
                id: setup
                uses: ./actions/setup
                with:
                  destination: ${{ runner.temp }}/gh-aw/actions
                  job-name: ${{ github.job }}
                  trace-id: ${{ needs.activation.outputs.setup-trace-id }}
                  parent-span-id: ${{ needs.activation.outputs.setup-parent-span-id || needs.activation.outputs.setup-span-id }}
                env:
                  GH_AW_SETUP_WORKFLOW_NAME: "Test Job Environment Variables"
                  GH_AW_CURRENT_WORKFLOW_REF: ${{ github.repository }}/.github/workflows/test-job-env.lock.yml@${{ github.ref }}
                  GH_AW_INFO_VERSION: "1.0.63"
                  GH_AW_INFO_AWF_VERSION: "v0.27.7"
                  GH_AW_INFO_ENGINE_ID: "copilot"
              - name: Download agent output artifact
                id: download-agent-output
                continue-on-error: true
                uses: actions/download-artifact@3e5f45b2cfb9172054b4087a40e8e0b5a5461e7c # v8.0.1
                with:
                  name: agent
                  path: /tmp/gh-aw/
              - name: Setup agent output environment variable
                id: setup-agent-output-env
                if: steps.download-agent-output.outcome == 'success'
                run: |
                  mkdir -p /tmp/gh-aw/
                  find "/tmp/gh-aw/" -type f -print
                  echo "GH_AW_AGENT_OUTPUT=/tmp/gh-aw/agent_output.json" >> "$GITHUB_OUTPUT"
              - name: Configure GH_HOST for enterprise compatibility
                id: ghes-host-config
                shell: bash
                run: | # zizmor: ignore[github-env] - GITHUB_SERVER_URL is set by GitHub Actions, not user input.
                  # Derive GH_HOST from GITHUB_SERVER_URL so the gh CLI targets the correct
                  # GitHub instance (GHES/GHEC). On github.com this is a harmless no-op.
                  GH_HOST="${GITHUB_SERVER_URL#https://}"
                  GH_HOST="${GH_HOST#http://}"
                  echo "GH_HOST=${GH_HOST}" >> "$GITHUB_ENV"
              - name: Process Safe Outputs
                id: process_safe_outputs
                uses: actions/github-script@3a2844b7e9c422d3c10d287c895573f7108da1b3 # v9.0.0
                env:
                  GH_AW_AGENT_OUTPUT: ${{ steps.setup-agent-output-env.outputs.GH_AW_AGENT_OUTPUT }}
                  GH_AW_COMMENT_ID: ${{ needs.activation.outputs.comment_id }}
                  GH_AW_ALLOWED_DOMAINS: "api.business.githubcopilot.com,api.enterprise.githubcopilot.com,api.github.com,api.githubcopilot.com,api.individual.githubcopilot.com,api.snapcraft.io,archive.ubuntu.com,azure.archive.ubuntu.com,crl.geotrust.com,crl.globalsign.com,crl.identrust.com,crl.sectigo.com,crl.thawte.com,crl.usertrust.com,crl.verisign.com,crl3.digicert.com,crl4.digicert.com,crls.ssl.com,github.com,host.docker.internal,json-schema.org,json.schemastore.org,keyserver.ubuntu.com,ocsp.digicert.com,ocsp.geotrust.com,ocsp.globalsign.com,ocsp.identrust.com,ocsp.sectigo.com,ocsp.ssl.com,ocsp.thawte.com,ocsp.usertrust.com,ocsp.verisign.com,packagecloud.io,packages.cloud.google.com,packages.microsoft.com,ppa.launchpad.net,raw.githubusercontent.com,registry.npmjs.org,s.symcb.com,s.symcd.com,security.ubuntu.com,telemetry.enterprise.githubcopilot.com,ts-crl.ws.symantec.com,ts-ocsp.ws.symantec.com,www.googleapis.com"
                  GITHUB_SERVER_URL: ${{ github.server_url }}
                  GITHUB_API_URL: ${{ github.api_url }}
                  GITHUB_TOKEN: ${{ secrets.CUSTOM_PAT }}
                  DEBUG_MODE: true
                  API_ENDPOINT: https://api.example.com
                  GH_AW_SAFE_OUTPUTS_HANDLER_CONFIG: "{\"create_issue\":{\"labels\":[\"automated\"],\"max\":1,\"title_prefix\":\"[test] \"},\"create_report_incomplete_issue\":{},\"missing_data\":{},\"missing_tool\":{},\"noop\":{\"max\":1,\"report-as-issue\":\"true\"},\"report_incomplete\":{}}"
                with:
                  github-token: ${{ secrets.GH_AW_GITHUB_TOKEN || secrets.GITHUB_TOKEN }}
                  script: |
                    const { setupGlobals } = require('${{ runner.temp }}/gh-aw/actions/setup_globals.cjs');
                    setupGlobals(core, github, context, exec, io, getOctokit);
                    const { main } = require('${{ runner.temp }}/gh-aw/actions/safe_output_handler_manager.cjs');
                    await main();
              - name: Upload Safe Outputs Items
                if: always()
                uses: actions/upload-artifact@043fb46d1a93c77aae656e7c1c64a875d1fc6a0a # v7.0.1
                with:
                  name: safe-outputs-items
                  path: |
                    /tmp/gh-aw/safe-output-items.jsonl
                    /tmp/gh-aw/temporary-id-map.json
                  if-no-files-found: ignore

    main_job_env_test.go:215: Agent job section:
          agent:
            needs: activation
            if: needs.activation.outputs.daily_ai_credits_exceeded != 'true'
            runs-on: ubuntu-latest
            permissions:
              contents: read
            env:
              DEFAULT_BRANCH: ${{ github.event.repository.default_branch }}
              GH_AW_ASSETS_ALLOWED_EXTS: ""
              GH_AW_ASSETS_BRANCH: ""
              GH_AW_ASSETS_MAX_SIZE_KB: 0
              GH_AW_MCP_LOG_DIR: /tmp/gh-aw/mcp-logs/safeoutputs
              GH_AW_PROJECT_UTC: "-08:00"
              GH_AW_RUNTIME_FEATURES: ${{ vars.GH_AW_RUNTIME_FEATURES }}
              GH_AW_WORKFLOW_ID_SANITIZED: testjobenv
            outputs:
              agentic_engine_timeout: ${{ steps.detect-agent-errors.outputs.agentic_engine_timeout || 'false' }}
              ai_credits_rate_limit_error: ${{ steps.parse-mcp-gateway.outputs.ai_credits_rate_limit_error || 'false' }}
              aic: ${{ steps.parse-mcp-gateway.outputs.aic }}
              ambient_context: ${{ steps.parse-mcp-gateway.outputs.ambient_context }}
              checkout_pr_success: ${{ steps.checkout-pr.outputs.checkout_pr_success || 'true' }}
              effective_tokens: ${{ steps.parse-mcp-gateway.outputs.effective_tokens }}
              has_patch: ${{ steps.collect_output.outputs.has_patch }}
              inference_access_error: ${{ steps.detect-agent-errors.outputs.inference_access_error || 'false' }}
              mcp_policy_error: ${{ steps.detect-agent-errors.outputs.mcp_policy_error || 'false' }}
              model: ${{ needs.activation.outputs.model }}
              model_not_supported_error: ${{ steps.detect-agent-errors.outputs.model_not_supported_error || 'false' }}
              output: ${{ steps.collect_output.outputs.output }}
              output_types: ${{ steps.collect_output.outputs.output_types }}
              setup-parent-span-id: ${{ steps.setup.outputs.parent-span-id || steps.setup.outputs.span-id }}
              setup-span-id: ${{ steps.setup.outputs.span-id }}
              setup-trace-id: ${{ steps.setup.outputs.trace-id }}
              unknown_model_ai_credits: ${{ steps.parse-mcp-gateway.outputs.unknown_model_ai_credits || 'false' }}
            steps:
              - name: Checkout actions folder
                uses: actions/checkout@9c091bb21b7c1c1d1991bb908d89e4e9dddfe3e0 # v7.0.0
                with:
                  repository: github/gh-aw
                  sparse-checkout: |
                    actions
                  persist-credentials: false
              - name: Setup Scripts
                id: setup
                uses: ./actions/setup
                with:
                  destination: ${{ runner.temp }}/gh-aw/actions
                  job-name: ${{ github.job }}
                  trace-id: ${{ needs.activation.outputs.setup-trace-id }}
                  parent-span-id: ${{ needs.activation.outputs.setup-parent-span-id || needs.activation.outputs.setup-span-id }}
                env:
                  GH_AW_SETUP_WORKFLOW_NAME: "Test Job Environment Variables"
                  GH_AW_CURRENT_WORKFLOW_REF: ${{ github.repository }}/.github/workflows/test-job-env.lock.yml@${{ github.ref }}
                  GH_AW_INFO_VERSION: "1.0.63"
                  GH_AW_INFO_AWF_VERSION: "v0.27.7"
                  GH_AW_INFO_ENGINE_ID: "copilot"
              - name: Set runtime paths
                id: set-runtime-paths
                run: |
                  {
                    echo "GH_AW_SAFE_OUTPUTS=${RUNNER_TEMP}/gh-aw/safeoutputs/outputs.jsonl"
                    echo "GH_AW_SAFE_OUTPUTS_CONFIG_PATH=${RUNNER_TEMP}/gh-aw/safeoutputs/config.json"
                    echo "GH_AW_SAFE_OUTPUTS_TOOLS_PATH=${RUNNER_TEMP}/gh-aw/safeoutputs/tools.json"
                  } >> "$GITHUB_OUTPUT"
              - name: Checkout repository
                uses: actions/checkout@9c091bb21b7c1c1d1991bb908d89e4e9dddfe3e0 # v7.0.0
                with:
                  persist-credentials: false
              - name: Create gh-aw temp directory
                run: bash "${RUNNER_TEMP}/gh-aw/actions/create_gh_aw_tmp_dir.sh"
              - name: Configure gh CLI for GitHub Enterprise
                run: bash "${RUNNER_TEMP}/gh-aw/actions/configure_gh_for_ghe.sh"
                env:
                  GH_TOKEN: ${{ github.token }}
              - name: Configure Git credentials
                env:
                  GITHUB_REPOSITORY: ${{ github.repository }}
                  GITHUB_SERVER_URL: ${{ github.server_url }}
                  GITHUB_TOKEN: ${{ github.token }}
                run: bash "${RUNNER_TEMP}/gh-aw/actions/configure_git_credentials.sh"
              - name: Checkout PR branch
                id: checkout-pr
                if: |
                  github.event.pull_request || github.event.issue.pull_request || github.event_name == 'workflow_dispatch' && fromJSON(github.event.inputs.aw_context || '{}').item_type == 'pull_request'
                uses: actions/github-script@3a2844b7e9c422d3c10d287c895573f7108da1b3 # v9.0.0
                env:
                  GH_TOKEN: ${{ secrets.GH_AW_GITHUB_MCP_SERVER_TOKEN || secrets.GH_AW_GITHUB_TOKEN || secrets.GITHUB_TOKEN }}
                with:
                  github-token: ${{ secrets.GH_AW_GITHUB_MCP_SERVER_TOKEN || secrets.GH_AW_GITHUB_TOKEN || secrets.GITHUB_TOKEN }}
                  script: |
                    const { setupGlobals } = require('${{ runner.temp }}/gh-aw/actions/setup_globals.cjs');
                    setupGlobals(core, github, context, exec, io, getOctokit);
                    const { main } = require('${{ runner.temp }}/gh-aw/actions/checkout_pr_branch.cjs');
                    await main();
              - name: Install GitHub Copilot CLI
                run: bash "${RUNNER_TEMP}/gh-aw/actions/install_copilot_cli.sh" 1.0.63
                env:
                  GH_HOST: github.com
              - name: Install AWF binary
                run: bash "${RUNNER_TEMP}/gh-aw/actions/install_awf_binary.sh" v0.27.7
              - name: Determine automatic lockdown mode for GitHub MCP Server
                id: determine-automatic-lockdown
                uses: actions/github-script@3a2844b7e9c422d3c10d287c895573f7108da1b3 # v9.0.0 (source v9)
                env:
                  GH_AW_GITHUB_TOKEN: ${{ secrets.GH_AW_GITHUB_TOKEN }}
                  GH_AW_GITHUB_MCP_SERVER_TOKEN: ${{ secrets.GH_AW_GITHUB_MCP_SERVER_TOKEN }}
                with:
                  script: |
                    const determineAutomaticLockdown = require('${{ runner.temp }}/gh-aw/actions/determine_automatic_lockdown.cjs');
                    await determineAutomaticLockdown(github, context, core);
              - name: Download activation artifact
                uses: actions/download-artifact@3e5f45b2cfb9172054b4087a40e8e0b5a5461e7c # v8.0.1
                with:
                  name: activation
                  path: /tmp/gh-aw
              - name: Restore agent config folders from base branch
                if: steps.checkout-pr.outcome == 'success'
                env:
                  GH_AW_AGENT_FOLDERS: ".agents .antigravity .claude .codex .crush .gemini .github .opencode .pi"
                  GH_AW_AGENT_FILES: ".crush.json AGENTS.md ANTIGRAVITY.md CLAUDE.md GEMINI.md PI.md opencode.jsonc"
                run: bash "${RUNNER_TEMP}/gh-aw/actions/restore_base_github_folders.sh"
              - name: Restore inline sub-agents from activation artifact
                env:
                  GH_AW_SUB_AGENT_DIR: ".github/agents"
                  GH_AW_SUB_AGENT_EXT: ".agent.md"
                run: bash "${RUNNER_TEMP}/gh-aw/actions/restore_inline_sub_agents.sh"
              - name: Restore inline skills from activation artifact
                env:
                  GH_AW_SKILL_DIR: ".github/skills"
                run: bash "${RUNNER_TEMP}/gh-aw/actions/restore_inline_skills.sh"
              - name: Download container images
                run: bash "${RUNNER_TEMP}/gh-aw/actions/download_docker_images.sh" ghcr.io/github/gh-aw-firewall/agent:0.27.7@sha256:aae231e4635c8999d039c132f1602d3df850fe9b84a00aa2b5ac981179b5661c ghcr.io/github/gh-aw-firewall/api-proxy:0.27.7@sha256:009caf2e3d88fa77b64e9a03a95a228fc58db0f1701c6d324b29ba5a3c7c79b6 ghcr.io/github/gh-aw-firewall/squid:0.27.7@sha256:deb1d4e19de62d51cee0508057a596a19315c3423ada4d675cad136dc8037c96 ghcr.io/github/gh-aw-mcpg:v0.3.27@sha256:fe984bddde4ec05d756d9043edb0a32912e6b7b72f6a121b1082f29221421cc7 ghcr.io/github/gh-aw-node@sha256:529d02eb970b1161aa25c593a9c3df57fdfad5a8add328cb3b6eccef66f3183b ghcr.io/github/github-mcp-server:v1.4.0@sha256:2afb26356481d1a350e14544a6e160f7f7ec1561a1ea309b823665abf0309036
              - name: Generate Safe Outputs Config
                run: |
                  mkdir -p "${RUNNER_TEMP}/gh-aw/safeoutputs"
                  mkdir -p /tmp/gh-aw/safeoutputs
                  mkdir -p /tmp/gh-aw/mcp-logs/safeoutputs
                  cat > "${RUNNER_TEMP}/gh-aw/safeoutputs/config.json" << 'GH_AW_SAFE_OUTPUTS_CONFIG_bb7e52d9035346de_EOF'
                  {"create_issue":{"labels":["automated"],"max":1,"title_prefix":"[test] "},"create_report_incomplete_issue":{},"missing_data":{},"missing_tool":{},"noop":{"max":1,"report-as-issue":"true"},"report_incomplete":{}}
                  GH_AW_SAFE_OUTPUTS_CONFIG_bb7e52d9035346de_EOF
              - name: Generate Safe Outputs Tools
                env:
                  GH_AW_TOOLS_META_JSON: |
                    {
                      "description_suffixes": {
                        "create_issue": " CONSTRAINTS: Maximum 1 issue(s) can be created. Title will be prefixed with \"[test] \". Labels [\"automated\"] will be automatically added."
                      },
                      "repo_params": {},
                      "dynamic_tools": []
                    }
                  GH_AW_VALIDATION_JSON: |
                    {
                      "create_issue": {
                        "defaultMax": 1,
                        "fields": {
                          "body": {
                            "required": true,
                            "type": "string",
                            "sanitize": true,
                            "maxLength": 65000,
                            "minLength": 20
                          },
                          "fields": {
                            "type": "array"
                          },
                          "labels": {
                            "type": "array",
                            "itemType": "string",
                            "itemSanitize": true,
                            "itemMaxLength": 128
                          },
                          "parent": {
                            "issueOrPRNumber": true
                          },
                          "repo": {
                            "type": "string",
                            "maxLength": 256
                          },
                          "temporary_id": {
                            "type": "string"
                          },
                          "title": {
                            "required": true,
                            "type": "string",
                            "sanitize": true,
                            "maxLength": 128
                          }
                        }
                      },
                      "missing_data": {
                        "defaultMax": 20,
                        "fields": {
                          "alternatives": {
                            "type": "string",
                            "sanitize": true,
                            "maxLength": 256
                          },
                          "context": {
                            "type": "string",
                            "sanitize": true,
                            "maxLength": 256
                          },
                          "data_type": {
                            "type": "string",
                            "sanitize": true,
                            "maxLength": 128
                          },
                          "reason": {
                            "type": "string",
                            "sanitize": true,
                            "maxLength": 256
                          }
                        }
                      },
                      "missing_tool": {
                        "defaultMax": 20,
                        "fields": {
                          "alternatives": {
                            "type": "string",
                            "sanitize": true,
                            "maxLength": 512
                          },
                          "reason": {
                            "required": true,
                            "type": "string",
                            "sanitize": true,
                            "maxLength": 256
                          },
                          "tool": {
                            "type": "string",
                            "sanitize": true,
                            "maxLength": 128
                          }
                        }
                      },
                      "noop": {
                        "defaultMax": 1,
                        "fields": {
                          "message": {
                            "required": true,
                            "type": "string",
                            "sanitize": true,
                            "maxLength": 65000
                          }
                        }
                      },
                      "report_incomplete": {
                        "defaultMax": 5,
                        "fields": {
                          "details": {
                            "type": "string",
                            "sanitize": true,
                            "maxLength": 65000
                          },
                          "reason": {
                            "required": true,
                            "type": "string",
                            "sanitize": true,
                            "maxLength": 1024
                          }
                        }
                      }
                    }
                uses: actions/github-script@3a2844b7e9c422d3c10d287c895573f7108da1b3 # v9.0.0
                with:
                  script: |
                    const { setupGlobals } = require('${{ runner.temp }}/gh-aw/actions/setup_globals.cjs');
                    setupGlobals(core, github, context, exec, io, getOctokit);
                    const { main } = require('${{ runner.temp }}/gh-aw/actions/generate_safe_outputs_tools.cjs');
                    await main();
              - name: Start MCP Gateway
                id: start-mcp-gateway
                env:
                  GH_AW_SAFE_OUTPUTS: ${{ steps.set-runtime-paths.outputs.GH_AW_SAFE_OUTPUTS }}
                  GH_AW_SAFE_OUTPUTS_CONFIG_PATH: ${{ steps.set-runtime-paths.outputs.GH_AW_SAFE_OUTPUTS_CONFIG_PATH }}
                  GH_AW_SAFE_OUTPUTS_TOOLS_PATH: ${{ steps.set-runtime-paths.outputs.GH_AW_SAFE_OUTPUTS_TOOLS_PATH }}
                  GITHUB_MCP_GUARD_MIN_INTEGRITY: ${{ steps.determine-automatic-lockdown.outputs.min_integrity }}
                  GITHUB_MCP_GUARD_REPOS: ${{ steps.determine-automatic-lockdown.outputs.repos }}
                  GITHUB_MCP_SERVER_TOKEN: ${{ secrets.GH_AW_GITHUB_MCP_SERVER_TOKEN || secrets.GH_AW_GITHUB_TOKEN || secrets.GITHUB_TOKEN }}
                  GITHUB_TOKEN: ${{ secrets.GITHUB_TOKEN }}
                run: |
                  set -eo pipefail
                  mkdir -p "${RUNNER_TEMP}/gh-aw/mcp-config"

                  # Export gateway environment variables for MCP config and gateway script
                  export MCP_GATEWAY_PORT="8080"
                  export MCP_GATEWAY_DOMAIN="host.docker.internal"
                  export MCP_GATEWAY_HOST_DOMAIN="localhost"
                  MCP_GATEWAY_API_KEY=$(openssl rand -base64 45 | tr -d '/+=')
                  echo "::add-mask::${MCP_GATEWAY_API_KEY}"
                  export MCP_GATEWAY_API_KEY
                  export MCP_GATEWAY_PAYLOAD_DIR="/tmp/gh-aw/mcp-payloads"
                  mkdir -p "${MCP_GATEWAY_PAYLOAD_DIR}"
                  export MCP_GATEWAY_PAYLOAD_SIZE_THRESHOLD="524288"
                  export DEBUG="*"

                  export GH_AW_ENGINE="copilot"
                  MCP_GATEWAY_UID=$(id -u 2>/dev/null || echo '0')
                  MCP_GATEWAY_GID=$(id -g 2>/dev/null || echo '0')
                  case "${DOCKER_HOST:-}" in
                    unix://* ) DOCKER_SOCK_PATH="${DOCKER_HOST#unix://}" ;;
                    /* ) DOCKER_SOCK_PATH="$DOCKER_HOST" ;;
                    * ) DOCKER_SOCK_PATH=/var/run/docker.sock ;;
                  esac
                  DOCKER_SOCK_GID=$(stat -c '%g' "$DOCKER_SOCK_PATH" 2>/dev/null || echo '0')
                  export MCP_GATEWAY_DOCKER_COMMAND='docker run -i --rm --network host --name awmg-mcpg --add-host host.docker.internal:127.0.0.1 --user '"${MCP_GATEWAY_UID}"':'"${MCP_GATEWAY_GID}"' --group-add '"${DOCKER_SOCK_GID}"' -v '"${DOCKER_SOCK_PATH}"':/var/run/docker.sock -e MCP_GATEWAY_PORT -e MCP_GATEWAY_DOMAIN -e MCP_GATEWAY_API_KEY -e MCP_GATEWAY_PAYLOAD_DIR -e MCP_GATEWAY_PAYLOAD_SIZE_THRESHOLD -e DOCKER_HOST=unix:///var/run/docker.sock -e DEBUG -e MCP_GATEWAY_LOG_DIR -e GH_AW_MCP_LOG_DIR -e GH_AW_SAFE_OUTPUTS -e GH_AW_SAFE_OUTPUTS_CONFIG_PATH -e GH_AW_SAFE_OUTPUTS_TOOLS_PATH -e GH_AW_ASSETS_BRANCH -e GH_AW_ASSETS_MAX_SIZE_KB -e GH_AW_ASSETS_ALLOWED_EXTS -e DEFAULT_BRANCH -e GITHUB_MCP_SERVER_TOKEN -e GITHUB_MCP_GUARD_MIN_INTEGRITY -e GITHUB_MCP_GUARD_REPOS -e GITHUB_REPOSITORY -e GITHUB_SERVER_URL -e GITHUB_SHA -e GITHUB_WORKSPACE -e GITHUB_TOKEN -e GITHUB_RUN_ID -e GITHUB_RUN_NUMBER -e GITHUB_RUN_ATTEMPT -e GITHUB_JOB -e GITHUB_ACTION -e GITHUB_EVENT_NAME -e GITHUB_EVENT_PATH -e GITHUB_ACTOR -e GITHUB_ACTOR_ID -e GITHUB_TRIGGERING_ACTOR -e GITHUB_WORKFLOW -e GITHUB_WORKFLOW_REF -e GITHUB_WORKFLOW_SHA -e GITHUB_REF -e GITHUB_REF_NAME -e GITHUB_REF_TYPE -e GITHUB_HEAD_REF -e GITHUB_BASE_REF -e RUNNER_TEMP -v /tmp/gh-aw/mcp-payloads:/tmp/gh-aw/mcp-payloads:rw -v /opt:/opt:ro -v /tmp:/tmp:rw -v '"${GITHUB_WORKSPACE}"':'"${GITHUB_WORKSPACE}"':rw -v '"${RUNNER_TEMP}"'/gh-aw/safeoutputs:'"${RUNNER_TEMP}"'/gh-aw/safeoutputs:rw ghcr.io/github/gh-aw-mcpg:v0.3.27'

                  mkdir -p "$HOME/.copilot"
                  GH_AW_NODE=$(which node 2>/dev/null || command -v node 2>/dev/null || echo node)
                  cat << GH_AW_MCP_CONFIG_554c58b8270e83a3_EOF | "$GH_AW_NODE" "${RUNNER_TEMP}/gh-aw/actions/start_mcp_gateway.cjs"
                  {
                    "mcpServers": {
                      "github": {
                        "type": "stdio",
                        "container": "ghcr.io/github/github-mcp-server:v1.4.0",
                        "env": {
                          "GITHUB_HOST": "\\${GITHUB_SERVER_URL}",
                          "GITHUB_PERSONAL_ACCESS_TOKEN": "\\${GITHUB_MCP_SERVER_TOKEN}",
                          "GITHUB_READ_ONLY": "1",
                          "GITHUB_TOOLSETS": "context,repos,issues,pull_requests"
                        },
                        "guard-policies": {
                          "allow-only": {
                            "min-integrity": "$GITHUB_MCP_GUARD_MIN_INTEGRITY",
                            "repos": "$GITHUB_MCP_GUARD_REPOS"
                          }
                        }
                      },
                      "safeoutputs": {
                        "type": "stdio",
                        "container": "ghcr.io/github/gh-aw-node",
                        "mounts": ["\${GITHUB_WORKSPACE}:\${GITHUB_WORKSPACE}:rw", "${RUNNER_TEMP}/gh-aw/safeoutputs:${RUNNER_TEMP}/gh-aw/safeoutputs:rw", "/tmp/gh-aw:/tmp/gh-aw:rw"],
                        "args": ["-w", "\${GITHUB_WORKSPACE}"],
                        "entrypoint": "sh",
                        "entrypointArgs": ["-c", "sh ${RUNNER_TEMP}/gh-aw/safeoutputs/start_safe_outputs_mcp.sh"],
                        "env": {
                          "DEBUG": "*",
                          "DEFAULT_BRANCH": "\${DEFAULT_BRANCH}",
                          "GH_AW_ASSETS_ALLOWED_EXTS": "\${GH_AW_ASSETS_ALLOWED_EXTS}",
                          "GH_AW_ASSETS_BRANCH": "\${GH_AW_ASSETS_BRANCH}",
                          "GH_AW_ASSETS_MAX_SIZE_KB": "\${GH_AW_ASSETS_MAX_SIZE_KB}",
                          "GH_AW_MCP_LOG_DIR": "\${GH_AW_MCP_LOG_DIR}",
                          "GH_AW_SAFE_OUTPUTS": "\${GH_AW_SAFE_OUTPUTS}",
                          "GH_AW_SAFE_OUTPUTS_CONFIG_PATH": "\${GH_AW_SAFE_OUTPUTS_CONFIG_PATH}",
                          "GH_AW_SAFE_OUTPUTS_TOOLS_PATH": "\${GH_AW_SAFE_OUTPUTS_TOOLS_PATH}",
                          "GITHUB_REPOSITORY": "\${GITHUB_REPOSITORY}",
                          "GITHUB_TOKEN": "\${GITHUB_TOKEN}",
                          "GITHUB_WORKSPACE": "\${GITHUB_WORKSPACE}",
                          "RUNNER_TEMP": "\${RUNNER_TEMP}"
                        },
                        "guard-policies": {
                          "write-sink": {
                            "accept": [
                              "*"
                            ]
                          }
                        }
                      }
                    },
                    "gateway": {
                      "port": $MCP_GATEWAY_PORT,
                      "domain": "${MCP_GATEWAY_DOMAIN}",
                      "apiKey": "${MCP_GATEWAY_API_KEY}",
                      "payloadDir": "${MCP_GATEWAY_PAYLOAD_DIR}"
                    }
                  }
                  GH_AW_MCP_CONFIG_554c58b8270e83a3_EOF
              - name: Mount MCP servers as CLIs
                id: mount-mcp-clis
                continue-on-error: true
                env:
                  MCP_GATEWAY_API_KEY: ${{ steps.start-mcp-gateway.outputs.gateway-api-key }}
                  MCP_GATEWAY_DOMAIN: ${{ steps.start-mcp-gateway.outputs.gateway-domain }}
                  MCP_GATEWAY_PORT: ${{ steps.start-mcp-gateway.outputs.gateway-port }}
                uses: actions/github-script@3a2844b7e9c422d3c10d287c895573f7108da1b3 # v9.0.0
                with:
                  script: |
                    const { setupGlobals } = require('${{ runner.temp }}/gh-aw/actions/setup_globals.cjs');
                    setupGlobals(core, github, context, exec, io);
                    const { main } = require('${{ runner.temp }}/gh-aw/actions/mount_mcp_as_cli.cjs');
                    await main();
              - name: Clean credentials
                continue-on-error: true
                run: bash "${RUNNER_TEMP}/gh-aw/actions/clean_git_credentials.sh"
              - name: Audit pre-agent workspace
                id: pre_agent_audit
                continue-on-error: true
                run: bash "${RUNNER_TEMP}/gh-aw/actions/audit_pre_agent_workspace.sh"
              - name: Execute GitHub Copilot CLI
                id: agentic_execution
                # Copilot CLI tool arguments (sorted):
                timeout-minutes: 20
                run: |
                  set -o pipefail
                  printf '%s' "$(date +%s%3N)" > /tmp/gh-aw/agent_cli_start_ms.txt
                  trap 'rm -f "$HOME/.copilot/settings.json"' EXIT
                  mkdir -p "$HOME/.copilot"
                  printf '%s' '{"builtInAgents":{"rubberDuck":false}}' > "$HOME/.copilot/settings.json"
                  export XDG_CONFIG_HOME="$HOME"
                  export GH_AW_MCP_CONFIG="$HOME/.copilot/mcp-config.json"
                  touch /tmp/gh-aw/agent-step-summary.md
                  GH_AW_NODE_BIN=$(command -v node 2>/dev/null || true)
                  export GH_AW_NODE_BIN
                  export COPILOT_API_KEY="$COPILOT_DUMMY_BYOK"
                  (umask 177 && touch /tmp/gh-aw/agent-stdio.log)
                  GH_AW_MAX_AI_CREDITS="${GH_AW_MAX_AI_CREDITS:-1000}"
                  printf '%s\n' "{\"\$schema\":\"https://github.com/github/gh-aw-firewall/releases/download/v0.27.7/awf-config.schema.json\",\"network\":{\"allowDomains\":[\"api.business.githubcopilot.com\",\"api.enterprise.githubcopilot.com\",\"api.github.com\",\"api.githubcopilot.com\",\"api.individual.githubcopilot.com\",\"api.snapcraft.io\",\"archive.ubuntu.com\",\"azure.archive.ubuntu.com\",\"crl.geotrust.com\",\"crl.globalsign.com\",\"crl.identrust.com\",\"crl.sectigo.com\",\"crl.thawte.com\",\"crl.usertrust.com\",\"crl.verisign.com\",\"crl3.digicert.com\",\"crl4.digicert.com\",\"crls.ssl.com\",\"github.com\",\"host.docker.internal\",\"json-schema.org\",\"json.schemastore.org\",\"keyserver.ubuntu.com\",\"ocsp.digicert.com\",\"ocsp.geotrust.com\",\"ocsp.globalsign.com\",\"ocsp.identrust.com\",\"ocsp.sectigo.com\",\"ocsp.ssl.com\",\"ocsp.thawte.com\",\"ocsp.usertrust.com\",\"ocsp.verisign.com\",\"packagecloud.io\",\"packages.cloud.google.com\",\"packages.microsoft.com\",\"ppa.launchpad.net\",\"raw.githubusercontent.com\",\"registry.npmjs.org\",\"s.symcb.com\",\"s.symcd.com\",\"security.ubuntu.com\",\"telemetry.enterprise.githubcopilot.com\",\"ts-crl.ws.symantec.com\",\"ts-ocsp.ws.symantec.com\",\"www.googleapis.com\"]},\"apiProxy\":{\"enabled\":true,\"enableTokenSteering\":true,\"maxRuns\":500,\"maxAiCredits\":${GH_AW_MAX_AI_CREDITS},\"maxCacheMisses\":5,\"models\":{\"agent\":[\"sonnet-6x\",\"gpt-5.5\",\"gpt-5.4\",\"gpt-5.3\",\"gemini-pro\",\"any\"],\"antigravity\":[\"copilot/antigravity*\",\"google/antigravity*\",\"gemini/antigravity*\"],\"any\":[\"copilot/*\",\"anthropic/*\",\"openai/*\",\"google/*\",\"gemini/*\"],\"claude\":[\"agent\"],\"codex\":[\"agent\"],\"coding\":[\"copilot/gpt-5*codex*\",\"openai/gpt-5*codex*\",\"gpt-5-codex\"],\"computer-use\":[\"copilot/*computer-use*\",\"google/*computer-use*\",\"gemini/*computer-use*\",\"openai/*computer-use*\"],\"copilot\":[\"agent\"],\"deep-research\":[\"copilot/deep-research*\",\"copilot/o3-deep-research*\",\"copilot/o4-mini-deep-research*\",\"google/deep-research*\",\"gemini/deep-research*\",\"openai/o3-deep-research*\",\"openai/o4-mini-deep-research*\"],\"gemini\":[\"agent\"],\"gemini-3-flash\":[\"copilot/gemini-3*flash*\",\"google/gemini-3*flash*\",\"gemini/gemini-3*flash*\"],\"gemini-3-pro\":[\"copilot/gemini-3*pro*\",\"google/gemini-3*pro*\",\"google/nano-banana*\",\"gemini/gemini-3*pro*\"],\"gemini-3.1-flash\":[\"copilot/gemini-3.1*flash*\",\"google/gemini-3.1*flash*\",\"gemini/gemini-3.1*flash*\"],\"gemini-3.1-pro\":[\"copilot/gemini-3.1*pro*\",\"google/gemini-3.1*pro*\",\"gemini/gemini-3.1*pro*\"],\"gemini-3.5-flash\":[\"copilot/gemini-3.5*flash*\",\"google/gemini-3.5*flash*\",\"gemini/gemini-3.5*flash*\"],\"gemini-flash\":[\"copilot/gemini-*flash*\",\"google/gemini-*flash*\",\"gemini/gemini-*flash*\"],\"gemini-flash-lite\":[\"copilot/gemini-*flash*lite*\",\"google/gemini-*flash*lite*\",\"gemini/gemini-*flash*lite*\"],\"gemini-pro\":[\"copilot/gemini-*pro*\",\"google/gemini-*pro*\",\"gemini/gemini-*pro*\"],\"gemma\":[\"copilot/gemma*\",\"google/gemma*\",\"gemini/gemma*\"],\"gpt-5\":[\"copilot/gpt-5*\",\"openai/gpt-5*\"],\"gpt-5-codex\":[\"copilot/gpt-5*codex*\",\"openai/gpt-5*codex*\"],\"gpt-5-mini\":[\"copilot/gpt-5*mini*\",\"openai/gpt-5*mini*\"],\"gpt-5-nano\":[\"copilot/gpt-5*nano*\",\"openai/gpt-5*nano*\"],\"gpt-5-pro\":[\"copilot/gpt-5*pro*\",\"openai/gpt-5*pro*\"],\"gpt-5.1\":[\"copilot/gpt-5.1*\",\"openai/gpt-5.1*\"],\"gpt-5.2\":[\"copilot/gpt-5.2*\",\"openai/gpt-5.2*\"],\"gpt-5.3\":[\"copilot/gpt-5.3*\",\"openai/gpt-5.3*\"],\"gpt-5.4\":[\"copilot/gpt-5.4*\",\"openai/gpt-5.4*\"],\"gpt-5.5\":[\"copilot/gpt-5.5*\",\"openai/gpt-5.5*\"],\"haiku\":[\"copilot/*haiku*\",\"anthropic/*haiku*\"],\"image-generation\":[\"copilot/gpt-image*\",\"openai/gpt-image*\",\"openai/chatgpt-image*\",\"copilot/gemini-*image*\",\"google/gemini-*image*\",\"gemini/gemini-*image*\",\"google/imagen*\"],\"large\":[\"sonnet\",\"gpt-5-pro\",\"gpt-5\",\"gemini-pro\"],\"mai-code\":[\"copilot/MAI-Code*\",\"copilot/mai-code*\",\"openai/MAI-Code*\"],\"mini\":[\"haiku\",\"gpt-5-mini\",\"gpt-5-nano\",\"gemini-flash-lite\"],\"nano-banana\":[\"copilot/nano-banana*\",\"google/nano-banana*\",\"gemini/nano-banana*\"],\"opus\":[\"copilot/*opus*\",\"anthropic/*opus*\"],\"opusplan\":[\"opus?effort=high\"],\"reasoning\":[\"copilot/o1*\",\"copilot/o3*\",\"copilot/o4*\",\"openai/o1*\",\"openai/o3*\",\"openai/o4*\"],\"robotics\":[\"copilot/*robotics*\",\"google/*robotics*\",\"gemini/*robotics*\"],\"small\":[\"mini\"],\"small-agent\":[\"haiku\",\"gpt-5-mini\",\"gemini-flash\"],\"sonnet\":[\"copilot/*sonnet*\",\"anthropic/*sonnet*\"],\"sonnet-6x\":[\"copilot/*sonnet-4.5*\",\"copilot/*sonnet-4.6*\",\"copilot/*sonnet-4-5-*\",\"anthropic/*sonnet-4-5-*\",\"copilot/*sonnet-4-6*\",\"anthropic/*sonnet-4-6*\"],\"summarization\":[\"haiku\",\"gpt-5-mini\",\"gemini-flash-lite\",\"mini\"],\"vision\":[\"copilot/gemini-*image*\",\"google/gemini-*image*\",\"gemini/gemini-*image*\",\"copilot/gemini-*flash*\",\"google/gemini-*flash*\",\"gemini/gemini-*flash*\"]}},\"container\":{\"imageTag\":\"0.27.7,squid=sha256:deb1d4e19de62d51cee0508057a596a19315c3423ada4d675cad136dc8037c96,agent=sha256:aae231e4635c8999d039c132f1602d3df850fe9b84a00aa2b5ac981179b5661c,api-proxy=sha256:009caf2e3d88fa77b64e9a03a95a228fc58db0f1701c6d324b29ba5a3c7c79b6,cli-proxy=sha256:4757f198a3fa20f88bdbe70be7ae1a05f127d9c0a9e96a5d6460ef40c08fc83d\"}}" > "${RUNNER_TEMP}/gh-aw/awf-config.json"
                  cp "${RUNNER_TEMP}/gh-aw/awf-config.json" /tmp/gh-aw/awf-config.json
                  export GH_AW_MODELS_JSON_PATH="/tmp/gh-aw/models.json"
                  GH_AW_DOCKER_HOST=""
                  if [[ "${DOCKER_HOST:-}" =~ ^tcp:// ]]; then
                    GH_AW_DOCKER_HOST="${DOCKER_HOST}"
                  fi
                  GH_AW_DOCKER_HOST_PATH_PREFIX_ARGS=""
                  if [[ "${DOCKER_HOST:-}" =~ ^tcp:// ]]; then
                    GH_AW_DOCKER_HOST_PATH_PREFIX_ARGS="--docker-host-path-prefix /tmp/gh-aw"
                    python3 - <<'PY'
                  import json,os,subprocess as sp
                  from pathlib import Path
                  try:
                   p=Path(os.environ["RUNNER_TEMP"])/"gh-aw"/"awf-config.json"
                   c=json.loads(p.read_text())
                   c["chroot"]={"binariesSourcePath":"/tmp/gh-aw","identity":{"user":sp.check_output(["id","-un"],text=True).strip(),"uid":int(sp.check_output(["id","-u"],text=True)),"gid":int(sp.check_output(["id","-g"],text=True)),"home":"/tmp/gh-aw/home"}}
                   out=json.dumps(c,separators=(",",":"),ensure_ascii=False)+"\n"
                   p.write_text(out)
                   Path("/tmp/gh-aw/awf-config.json").write_text(out)
                  except Exception as e:
                   raise SystemExit(f"chroot config patch failed: {e}") from e
                  PY
                  fi
                  GH_AW_TOOL_CACHE_MOUNT=""
                  GH_AW_TOOL_CACHE="${RUNNER_TOOL_CACHE:?RUNNER_TOOL_CACHE must be set}"
                  if [ -d "$GH_AW_TOOL_CACHE" ]; then
                    if [[ "$GH_AW_TOOL_CACHE" != /opt/* ]]; then
                      GH_AW_TOOL_CACHE_MOUNT="$GH_AW_TOOL_CACHE:$GH_AW_TOOL_CACHE:ro"
                    fi
                  fi
                  # shellcheck disable=SC1003,SC2086
                  sudo -E awf --config "${RUNNER_TEMP}/gh-aw/awf-config.json" --container-workdir "${GITHUB_WORKSPACE}" --mount "${RUNNER_TEMP}/gh-aw:${RUNNER_TEMP}/gh-aw:ro" --mount "${RUNNER_TEMP}/gh-aw:/host${RUNNER_TEMP}/gh-aw:ro" ${GH_AW_TOOL_CACHE_MOUNT:+--mount "$GH_AW_TOOL_CACHE_MOUNT"} ${GH_AW_DOCKER_HOST:+--docker-host "$GH_AW_DOCKER_HOST"} ${GH_AW_DOCKER_HOST_PATH_PREFIX_ARGS} --env-all --exclude-env COPILOT_GITHUB_TOKEN --exclude-env GITHUB_MCP_SERVER_TOKEN --exclude-env MCP_GATEWAY_API_KEY --log-level info --proxy-logs-dir /tmp/gh-aw/sandbox/firewall/logs --audit-dir /tmp/gh-aw/sandbox/firewall/audit --enable-host-access --allow-host-ports 80,443,8080 --skip-pull \
                    -- /bin/bash -c 'set +o histexpand; export PATH="${RUNNER_TEMP}/gh-aw/mcp-cli/bin:$PATH" && : "${RUNNER_TOOL_CACHE:?RUNNER_TOOL_CACHE must be set}"; GH_AW_TOOL_CACHE="$RUNNER_TOOL_CACHE"; export PATH="$(find "$GH_AW_TOOL_CACHE" -maxdepth 5 -type d -name bin 2>/dev/null | tr '\''\n'\'' '\'':'\'')$PATH"; [ -n "$GOROOT" ] && export PATH="$GOROOT/bin:$PATH" || true && GH_AW_NODE_EXEC="${GH_AW_NODE_BIN:-}"; if [ -z "$GH_AW_NODE_EXEC" ] || [ ! -x "$GH_AW_NODE_EXEC" ]; then GH_AW_NODE_EXEC="$(command -v node 2>/dev/null || true)"; fi; if [ -z "$GH_AW_NODE_EXEC" ]; then echo "node runtime missing on this runner — check runtimes.node in workflow YAML" >&2; exit 127; fi; GH_AW_NPM_GLOBAL_ROOT="$(npm root -g 2>/dev/null || true)"; if [ -n "$GH_AW_NPM_GLOBAL_ROOT" ]; then export NODE_PATH="${GH_AW_NPM_GLOBAL_ROOT}${NODE_PATH:+:${NODE_PATH}}"; fi; "$GH_AW_NODE_EXEC" ${RUNNER_TEMP}/gh-aw/actions/copilot_harness.cjs /usr/local/bin/copilot --add-dir /tmp/gh-aw/ --log-level all --log-dir /tmp/gh-aw/sandbox/agent/logs/ --disable-builtin-mcps --no-ask-user --allow-all-tools --allow-all-paths --add-dir "${GITHUB_WORKSPACE}" --prompt-file /tmp/gh-aw/aw-prompts/prompt.txt' 2>&1 | tee -a /tmp/gh-aw/agent-stdio.log
                env:
                  AWF_REFLECT_ENABLED: 1
                  COPILOT_AGENT_RUNNER_TYPE: STANDALONE
                  COPILOT_DUMMY_BYOK: dummy-byok-key-for-offline-mode
                  COPILOT_GITHUB_TOKEN: ${{ secrets.COPILOT_GITHUB_TOKEN }}
                  COPILOT_MODEL: ${{ vars.GH_AW_MODEL_AGENT_COPILOT || vars.GH_AW_DEFAULT_MODEL_COPILOT || 'claude-sonnet-4.6' }}
                  GH_AW_LLM_PROVIDER: github
                  GH_AW_MAX_AI_CREDITS: ${{ vars.GH_AW_DEFAULT_MAX_AI_CREDITS || '1000' }}
                  GH_AW_MAX_TURNS: ${{ vars.GH_AW_DEFAULT_MAX_TURNS || '' }}
                  GH_AW_PHASE: agent
                  GH_AW_PROMPT: /tmp/gh-aw/aw-prompts/prompt.txt
                  GH_AW_SAFE_OUTPUTS: ${{ steps.set-runtime-paths.outputs.GH_AW_SAFE_OUTPUTS }}
                  GH_AW_TIMEOUT_MINUTES: 20
                  GH_AW_VERSION: dev
                  GITHUB_API_URL: ${{ github.api_url }}
                  GITHUB_AW: true
                  GITHUB_COPILOT_INTEGRATION_ID: agentic-workflows
                  GITHUB_HEAD_REF: ${{ github.head_ref }}
                  GITHUB_MCP_SERVER_TOKEN: ${{ secrets.GH_AW_GITHUB_MCP_SERVER_TOKEN || secrets.GH_AW_GITHUB_TOKEN || secrets.GITHUB_TOKEN }}
                  GITHUB_REF_NAME: ${{ github.ref_name }}
                  GITHUB_SERVER_URL: ${{ github.server_url }}
                  GITHUB_STEP_SUMMARY: /tmp/gh-aw/agent-step-summary.md
                  GITHUB_WORKSPACE: ${{ github.workspace }}
                  GIT_AUTHOR_EMAIL: github-actions[bot]@users.noreply.github.com
                  GIT_AUTHOR_NAME: github-actions[bot]
                  GIT_COMMITTER_EMAIL: github-actions[bot]@users.noreply.github.com
                  GIT_COMMITTER_NAME: github-actions[bot]
                  RUNNER_TEMP: ${{ runner.temp }}
                  TRACEPARENT: ${{ env.GITHUB_AW_OTEL_TRACE_ID != '' && env.GITHUB_AW_OTEL_PARENT_SPAN_ID != '' && format('00-{0}-{1}-01', env.GITHUB_AW_OTEL_TRACE_ID, env.GITHUB_AW_OTEL_PARENT_SPAN_ID) || '' }}
              - name: Detect agent errors
                if: always()
                id: detect-agent-errors
                continue-on-error: true
                run: node "${RUNNER_TEMP}/gh-aw/actions/detect_agent_errors.cjs"
              - name: Configure Git credentials
                env:
                  GITHUB_REPOSITORY: ${{ github.repository }}
                  GITHUB_SERVER_URL: ${{ github.server_url }}
                  GITHUB_TOKEN: ${{ github.token }}
                run: bash "${RUNNER_TEMP}/gh-aw/actions/configure_git_credentials.sh"
              - name: Copy Copilot session state files to logs
                if: always()
                continue-on-error: true
                run: bash "${RUNNER_TEMP}/gh-aw/actions/copy_copilot_session_state.sh"
              - name: Stop MCP Gateway
                if: always()
                continue-on-error: true
                env:
                  MCP_GATEWAY_PORT: ${{ steps.start-mcp-gateway.outputs.gateway-port }}
                  MCP_GATEWAY_API_KEY: ${{ steps.start-mcp-gateway.outputs.gateway-api-key }}
                  GATEWAY_PID: ${{ steps.start-mcp-gateway.outputs.gateway-pid }}
                run: |
                  bash "${RUNNER_TEMP}/gh-aw/actions/stop_mcp_gateway.sh" "$GATEWAY_PID"
              - name: Redact secrets in logs
                if: always()
                uses: actions/github-script@3a2844b7e9c422d3c10d287c895573f7108da1b3 # v9.0.0
                with:
                  script: |
                    const { setupGlobals } = require('${{ runner.temp }}/gh-aw/actions/setup_globals.cjs');
                    setupGlobals(core, github, context, exec, io, getOctokit);
                    const { main } = require('${{ runner.temp }}/gh-aw/actions/redact_secrets.cjs');
                    await main();
                env:
                  GH_AW_SECRET_NAMES: 'COPILOT_GITHUB_TOKEN,GH_AW_GITHUB_MCP_SERVER_TOKEN,GH_AW_GITHUB_TOKEN,GITHUB_TOKEN'
                  SECRET_COPILOT_GITHUB_TOKEN: ${{ secrets.COPILOT_GITHUB_TOKEN }}
                  SECRET_GH_AW_GITHUB_MCP_SERVER_TOKEN: ${{ secrets.GH_AW_GITHUB_MCP_SERVER_TOKEN }}
                  SECRET_GH_AW_GITHUB_TOKEN: ${{ secrets.GH_AW_GITHUB_TOKEN }}
                  SECRET_GITHUB_TOKEN: ${{ secrets.GITHUB_TOKEN }}
              - name: Append agent step summary
                if: always()
                run: bash "${RUNNER_TEMP}/gh-aw/actions/append_agent_step_summary.sh"
              - name: Copy Safe Outputs
                if: always()
                env:
                  GH_AW_SAFE_OUTPUTS: ${{ steps.set-runtime-paths.outputs.GH_AW_SAFE_OUTPUTS }}
                run: |
                  mkdir -p /tmp/gh-aw
                  cp "$GH_AW_SAFE_OUTPUTS" /tmp/gh-aw/safeoutputs.jsonl 2>/dev/null || true
              - name: Ingest agent output
                id: collect_output
                if: always()
                uses: actions/github-script@3a2844b7e9c422d3c10d287c895573f7108da1b3 # v9.0.0
                env:
                  GH_AW_SAFE_OUTPUTS: ${{ steps.set-runtime-paths.outputs.GH_AW_SAFE_OUTPUTS }}
                  GH_AW_ALLOWED_DOMAINS: "api.business.githubcopilot.com,api.enterprise.githubcopilot.com,api.github.com,api.githubcopilot.com,api.individual.githubcopilot.com,api.snapcraft.io,archive.ubuntu.com,azure.archive.ubuntu.com,crl.geotrust.com,crl.globalsign.com,crl.identrust.com,crl.sectigo.com,crl.thawte.com,crl.usertrust.com,crl.verisign.com,crl3.digicert.com,crl4.digicert.com,crls.ssl.com,github.com,host.docker.internal,json-schema.org,json.schemastore.org,keyserver.ubuntu.com,ocsp.digicert.com,ocsp.geotrust.com,ocsp.globalsign.com,ocsp.identrust.com,ocsp.sectigo.com,ocsp.ssl.com,ocsp.thawte.com,ocsp.usertrust.com,ocsp.verisign.com,packagecloud.io,packages.cloud.google.com,packages.microsoft.com,ppa.launchpad.net,raw.githubusercontent.com,registry.npmjs.org,s.symcb.com,s.symcd.com,security.ubuntu.com,telemetry.enterprise.githubcopilot.com,ts-crl.ws.symantec.com,ts-ocsp.ws.symantec.com,www.googleapis.com"
                  GITHUB_SERVER_URL: ${{ github.server_url }}
                  GITHUB_API_URL: ${{ github.api_url }}
                with:
                  script: |
                    const { setupGlobals } = require('${{ runner.temp }}/gh-aw/actions/setup_globals.cjs');
                    setupGlobals(core, github, context, exec, io, getOctokit);
                    const { main } = require('${{ runner.temp }}/gh-aw/actions/collect_ndjson_output.cjs');
                    await main();
              - name: Parse agent logs for step summary
                if: always()
                uses: actions/github-script@3a2844b7e9c422d3c10d287c895573f7108da1b3 # v9.0.0
                env:
                  GH_AW_AGENT_OUTPUT: /tmp/gh-aw/sandbox/agent/logs/
                with:
                  script: |
                    const { setupGlobals } = require('${{ runner.temp }}/gh-aw/actions/setup_globals.cjs');
                    setupGlobals(core, github, context, exec, io, getOctokit);
                    const { main } = require('${{ runner.temp }}/gh-aw/actions/parse_copilot_log.cjs');
                    await main();
              - name: Parse MCP Gateway logs for step summary
                if: always()
                id: parse-mcp-gateway
                uses: actions/github-script@3a2844b7e9c422d3c10d287c895573f7108da1b3 # v9.0.0
                with:
                  script: |
                    const { setupGlobals } = require('${{ runner.temp }}/gh-aw/actions/setup_globals.cjs');
                    setupGlobals(core, github, context, exec, io, getOctokit);
                    const { main } = require('${{ runner.temp }}/gh-aw/actions/parse_mcp_gateway_log.cjs');
                    await main();
              - name: Print firewall logs
                if: always()
                continue-on-error: true
                env:
                  AWF_LOGS_DIR: /tmp/gh-aw/sandbox/firewall/logs
                run: |
                  # Fix permissions on firewall logs/audit dirs so they can be uploaded as artifacts
                  # AWF runs with sudo, creating files owned by root
                  sudo chmod -R a+rX /tmp/gh-aw/sandbox/firewall 2>/dev/null || true
                  # Only run awf logs summary if awf command exists (it may not be installed if workflow failed before install step)
                  if command -v awf &> /dev/null; then
                    awf logs summary | tee -a "$GITHUB_STEP_SUMMARY"
                  else
                    echo 'AWF binary not installed, skipping firewall log summary'
                  fi
              - name: Parse token usage for step summary
                if: always()
                continue-on-error: true
                uses: actions/github-script@3a2844b7e9c422d3c10d287c895573f7108da1b3 # v9.0.0
                with:
                  script: |
                    const { setupGlobals } = require('${{ runner.temp }}/gh-aw/actions/setup_globals.cjs');
                    setupGlobals(core, github, context, exec, io, getOctokit);
                    const { main } = require('${{ runner.temp }}/gh-aw/actions/parse_token_usage.cjs');
                    await main();
              - name: Print AWF reflect summary
                if: always()
                continue-on-error: true
                uses: actions/github-script@3a2844b7e9c422d3c10d287c895573f7108da1b3 # v9.0.0
                with:
                  script: |
                    const { setupGlobals } = require('${{ runner.temp }}/gh-aw/actions/setup_globals.cjs');
                    setupGlobals(core, github, context, exec, io, getOctokit);
                    const { main } = require('${{ runner.temp }}/gh-aw/actions/awf_reflect_summary.cjs');
                    await main();
              - name: Write agent output placeholder if missing
                if: always()
                run: |
                  if [ ! -f /tmp/gh-aw/agent_output.json ]; then
                    echo '{"items":[]}' > /tmp/gh-aw/agent_output.json
                  fi
              - name: Upload agent artifacts
                if: always()
                continue-on-error: true
                uses: actions/upload-artifact@043fb46d1a93c77aae656e7c1c64a875d1fc6a0a # v7.0.1
                with:
                  name: agent
                  path: |
                    /tmp/gh-aw/aw-prompts/prompt.txt
                    /tmp/gh-aw/sandbox/agent/logs/
                    /tmp/gh-aw/redacted-urls.log
                    /tmp/gh-aw/mcp-logs/
                    /tmp/gh-aw/agent_usage.json
                    /tmp/gh-aw/agent-stdio.log
                    /tmp/gh-aw/pre-agent-audit.txt
                    /tmp/gh-aw/agent/
                    /tmp/gh-aw/github_rate_limits.jsonl
                    /tmp/gh-aw/safeoutputs.jsonl
                    /tmp/gh-aw/agent_output.json
                    /tmp/gh-aw/aw-*.patch
                    /tmp/gh-aw/aw-*.bundle
                    /tmp/gh-aw/awf-config.json
                    /tmp/gh-aw/sandbox/firewall/logs/
                    /tmp/gh-aw/sandbox/firewall/audit/
                    /tmp/gh-aw/sandbox/firewall/awf-reflect.json
                  if-no-files-found: ignore

--- PASS: TestMainJobEnvironmentVariablesIntegration (0.02s)
=== RUN   TestGenerateMaintenanceCron
=== RUN   TestGenerateMaintenanceCron/1_day_or_less_-_every_2_hours
=== RUN   TestGenerateMaintenanceCron/2_days_-_every_6_hours
=== RUN   TestGenerateMaintenanceCron/3_days_-_every_12_hours
=== RUN   TestGenerateMaintenanceCron/4_days_-_every_12_hours
=== RUN   TestGenerateMaintenanceCron/5_days_-_daily
=== RUN   TestGenerateMaintenanceCron/7_days_-_daily
=== RUN   TestGenerateMaintenanceCron/30_days_-_daily
--- PASS: TestGenerateMaintenanceCron (0.00s)
    --- PASS: TestGenerateMaintenanceCron/1_day_or_less_-_every_2_hours (0.00s)
    --- PASS: TestGenerateMaintenanceCron/2_days_-_every_6_hours (0.00s)
    --- PASS: TestGenerateMaintenanceCron/3_days_-_every_12_hours (0.00s)
    --- PASS: TestGenerateMaintenanceCron/4_days_-_every_12_hours (0.00s)
    --- PASS: TestGenerateMaintenanceCron/5_days_-_daily (0.00s)
    --- PASS: TestGenerateMaintenanceCron/7_days_-_daily (0.00s)
    --- PASS: TestGenerateMaintenanceCron/30_days_-_daily (0.00s)
=== RUN   TestGenerateMaintenanceWorkflow_WithExpires
=== RUN   TestGenerateMaintenanceWorkflow_WithExpires/with_expires_in_discussions_-_should_generate_workflow
=== RUN   TestGenerateMaintenanceWorkflow_WithExpires/with_expires_in_issues_-_should_generate_workflow
=== RUN   TestGenerateMaintenanceWorkflow_WithExpires/without_expires_field_-_should_NOT_generate_workflow
=== RUN   TestGenerateMaintenanceWorkflow_WithExpires/with_both_discussions_and_issues_expires_-_should_generate_workflow
=== RUN   TestGenerateMaintenanceWorkflow_WithExpires/with_noop_report-as-issue_default_-_should_generate_workflow
=== RUN   TestGenerateMaintenanceWorkflow_WithExpires/with_noop_report-as-issue_false_-_should_NOT_generate_workflow
=== RUN   TestGenerateMaintenanceWorkflow_WithExpires/with_noop_report-as-issue_true_-_should_generate_workflow
--- PASS: TestGenerateMaintenanceWorkflow_WithExpires (0.00s)
    --- PASS: TestGenerateMaintenanceWorkflow_WithExpires/with_expires_in_discussions_-_should_generate_workflow (0.00s)
    --- PASS: TestGenerateMaintenanceWorkflow_WithExpires/with_expires_in_issues_-_should_generate_workflow (0.00s)
    --- PASS: TestGenerateMaintenanceWorkflow_WithExpires/without_expires_field_-_should_NOT_generate_workflow (0.00s)
    --- PASS: TestGenerateMaintenanceWorkflow_WithExpires/with_both_discussions_and_issues_expires_-_should_generate_workflow (0.00s)
    --- PASS: TestGenerateMaintenanceWorkflow_WithExpires/with_noop_report-as-issue_default_-_should_generate_workflow (0.00s)
    --- PASS: TestGenerateMaintenanceWorkflow_WithExpires/with_noop_report-as-issue_false_-_should_NOT_generate_workflow (0.00s)
    --- PASS: TestGenerateMaintenanceWorkflow_WithExpires/with_noop_report-as-issue_true_-_should_generate_workflow (0.00s)
=== RUN   TestScanWorkflowsForExpires_TriggerReason
=== RUN   TestScanWorkflowsForExpires_TriggerReason/no_triggers
=== RUN   TestScanWorkflowsForExpires_TriggerReason/captures_first_trigger_reason
--- PASS: TestScanWorkflowsForExpires_TriggerReason (0.00s)
    --- PASS: TestScanWorkflowsForExpires_TriggerReason/no_triggers (0.00s)
    --- PASS: TestScanWorkflowsForExpires_TriggerReason/captures_first_trigger_reason (0.00s)
=== RUN   TestGenerateMaintenanceWorkflow_CreatesWorkflowDirRecursively
--- PASS: TestGenerateMaintenanceWorkflow_CreatesWorkflowDirRecursively (0.00s)
=== RUN   TestGenerateMaintenanceWorkflow_DeletesExistingFile
=== RUN   TestGenerateMaintenanceWorkflow_DeletesExistingFile/no_expires_field_-_should_delete_existing_file
=== RUN   TestGenerateMaintenanceWorkflow_DeletesExistingFile/with_expires_-_should_create_file
=== RUN   TestGenerateMaintenanceWorkflow_DeletesExistingFile/no_expires_without_existing_file_-_should_not_error
--- PASS: TestGenerateMaintenanceWorkflow_DeletesExistingFile (0.00s)
    --- PASS: TestGenerateMaintenanceWorkflow_DeletesExistingFile/no_expires_field_-_should_delete_existing_file (0.00s)
    --- PASS: TestGenerateMaintenanceWorkflow_DeletesExistingFile/with_expires_-_should_create_file (0.00s)
    --- PASS: TestGenerateMaintenanceWorkflow_DeletesExistingFile/no_expires_without_existing_file_-_should_not_error (0.00s)
=== RUN   TestGenerateMaintenanceWorkflow_OperationJobConditions
--- PASS: TestGenerateMaintenanceWorkflow_OperationJobConditions (0.00s)
=== RUN   TestGenerateMaintenanceWorkflow_DisableAgenticWorkflowJob
--- PASS: TestGenerateMaintenanceWorkflow_DisableAgenticWorkflowJob (0.00s)
=== RUN   TestBuildLabeledDisableCondition
--- PASS: TestBuildLabeledDisableCondition (0.00s)
=== RUN   TestBuildLabeledApplySafeOutputsCondition
--- PASS: TestBuildLabeledApplySafeOutputsCondition (0.00s)
=== RUN   TestGenerateMaintenanceWorkflow_LabelTriggers_Disabled
--- PASS: TestGenerateMaintenanceWorkflow_LabelTriggers_Disabled (0.00s)
=== RUN   TestGenerateMaintenanceWorkflow_LabelTriggers_Default
--- PASS: TestGenerateMaintenanceWorkflow_LabelTriggers_Default (0.00s)
=== RUN   TestGenerateMaintenanceWorkflow_LabelTriggers_ExplicitTrue
--- PASS: TestGenerateMaintenanceWorkflow_LabelTriggers_ExplicitTrue (0.00s)
=== RUN   TestGenerateMaintenanceWorkflow_PushTrigger
=== RUN   TestGenerateMaintenanceWorkflow_PushTrigger/dev_mode_includes_push_trigger_on_main_for_workflow_md_files
=== RUN   TestGenerateMaintenanceWorkflow_PushTrigger/dev_mode_uses_custom_default_branch_from_buildMaintenanceWorkflowYAML
=== RUN   TestGenerateMaintenanceWorkflow_PushTrigger/release_mode_does_not_include_push_trigger
=== RUN   TestGenerateMaintenanceWorkflow_PushTrigger/close-expired-entities_and_secret-validation_exclude_push_events
=== RUN   TestGenerateMaintenanceWorkflow_PushTrigger/compile-workflows_runs_on_push_events_(no_push_exclusion)
=== RUN   TestGenerateMaintenanceWorkflow_PushTrigger/compile-workflows_can_create_pull_requests_with_custom_token_secret
--- PASS: TestGenerateMaintenanceWorkflow_PushTrigger (0.01s)
    --- PASS: TestGenerateMaintenanceWorkflow_PushTrigger/dev_mode_includes_push_trigger_on_main_for_workflow_md_files (0.00s)
    --- PASS: TestGenerateMaintenanceWorkflow_PushTrigger/dev_mode_uses_custom_default_branch_from_buildMaintenanceWorkflowYAML (0.00s)
    --- PASS: TestGenerateMaintenanceWorkflow_PushTrigger/release_mode_does_not_include_push_trigger (0.00s)
    --- PASS: TestGenerateMaintenanceWorkflow_PushTrigger/close-expired-entities_and_secret-validation_exclude_push_events (0.00s)
    --- PASS: TestGenerateMaintenanceWorkflow_PushTrigger/compile-workflows_runs_on_push_events_(no_push_exclusion) (0.00s)
    --- PASS: TestGenerateMaintenanceWorkflow_PushTrigger/compile-workflows_can_create_pull_requests_with_custom_token_secret (0.00s)
=== RUN   TestGenerateMaintenanceWorkflow_ActionTag
=== RUN   TestGenerateMaintenanceWorkflow_ActionTag/release_mode_with_action-tag_uses_remote_ref
=== RUN   TestGenerateMaintenanceWorkflow_ActionTag/release_mode_with_action-tag_and_resolver_uses_SHA-pinned_ref
=== RUN   TestGenerateMaintenanceWorkflow_ActionTag/dev_mode_ignores_action-tag_and_uses_local_path
--- PASS: TestGenerateMaintenanceWorkflow_ActionTag (0.00s)
    --- PASS: TestGenerateMaintenanceWorkflow_ActionTag/release_mode_with_action-tag_uses_remote_ref (0.00s)
    --- PASS: TestGenerateMaintenanceWorkflow_ActionTag/release_mode_with_action-tag_and_resolver_uses_SHA-pinned_ref (0.00s)
    --- PASS: TestGenerateMaintenanceWorkflow_ActionTag/dev_mode_ignores_action-tag_and_uses_local_path (0.00s)
=== RUN   TestGenerateInstallCLISteps
=== RUN   TestGenerateInstallCLISteps/dev_mode_generates_Setup_Go_and_Build_gh-aw_steps
=== RUN   TestGenerateInstallCLISteps/release_mode_generates_setup-cli_action_step
=== RUN   TestGenerateInstallCLISteps/release_mode_uses_actionTag_over_version
=== RUN   TestGenerateInstallCLISteps/release_mode_with_resolver_uses_SHA-pinned_setup-cli_reference
=== RUN   TestGenerateInstallCLISteps/action_mode_with_resolver_uses_SHA-pinned_setup-cli_reference
=== RUN   TestGenerateInstallCLISteps/release_mode_without_resolver_falls_back_to_tag_reference
--- PASS: TestGenerateInstallCLISteps (0.00s)
    --- PASS: TestGenerateInstallCLISteps/dev_mode_generates_Setup_Go_and_Build_gh-aw_steps (0.00s)
    --- PASS: TestGenerateInstallCLISteps/release_mode_generates_setup-cli_action_step (0.00s)
    --- PASS: TestGenerateInstallCLISteps/release_mode_uses_actionTag_over_version (0.00s)
    --- PASS: TestGenerateInstallCLISteps/release_mode_with_resolver_uses_SHA-pinned_setup-cli_reference (0.00s)
    --- PASS: TestGenerateInstallCLISteps/action_mode_with_resolver_uses_SHA-pinned_setup-cli_reference (0.00s)
    --- PASS: TestGenerateInstallCLISteps/release_mode_without_resolver_falls_back_to_tag_reference (0.00s)
=== RUN   TestGetCLICmdPrefix
--- PASS: TestGetCLICmdPrefix (0.00s)
=== RUN   TestGenerateMaintenanceWorkflow_RunOperationCLICodegen
=== RUN   TestGenerateMaintenanceWorkflow_RunOperationCLICodegen/dev_mode_run_operation_uses_build_from_source
=== RUN   TestGenerateMaintenanceWorkflow_RunOperationCLICodegen/release_mode_run_operation_uses_setup-cli_action_not_gh_extension_install
=== RUN   TestGenerateMaintenanceWorkflow_RunOperationCLICodegen/dev_mode_compile_workflows_uses_same_codegen_as_run_operation
--- PASS: TestGenerateMaintenanceWorkflow_RunOperationCLICodegen (0.00s)
    --- PASS: TestGenerateMaintenanceWorkflow_RunOperationCLICodegen/dev_mode_run_operation_uses_build_from_source (0.00s)
    --- PASS: TestGenerateMaintenanceWorkflow_RunOperationCLICodegen/release_mode_run_operation_uses_setup-cli_action_not_gh_extension_install (0.00s)
    --- PASS: TestGenerateMaintenanceWorkflow_RunOperationCLICodegen/dev_mode_compile_workflows_uses_same_codegen_as_run_operation (0.00s)
=== RUN   TestGenerateMaintenanceWorkflow_SetupCLISHAPinning
=== RUN   TestGenerateMaintenanceWorkflow_SetupCLISHAPinning/release_mode_with_resolver_SHA-pins_setup-cli_in_run_operation
--- PASS: TestGenerateMaintenanceWorkflow_SetupCLISHAPinning (0.00s)
    --- PASS: TestGenerateMaintenanceWorkflow_SetupCLISHAPinning/release_mode_with_resolver_SHA-pins_setup-cli_in_run_operation (0.00s)
=== RUN   TestGenerateMaintenanceWorkflow_RepoConfig
=== RUN   TestGenerateMaintenanceWorkflow_RepoConfig/custom_string_runs_on_is_used_in_all_jobs
=== RUN   TestGenerateMaintenanceWorkflow_RepoConfig/array_runs_on_is_used_in_all_jobs
=== RUN   TestGenerateMaintenanceWorkflow_RepoConfig/maintenance_disabled_deletes_existing_file
⚠ Workflow 'test-workflow' uses the 'expires' field but maintenance is disabled in aw.json. Expiration will not run until maintenance is re-enabled.
=== RUN   TestGenerateMaintenanceWorkflow_RepoConfig/maintenance_disabled_skips_generation_even_with_expires
⚠ Workflow 'test-workflow' uses the 'expires' field but maintenance is disabled in aw.json. Expiration will not run until maintenance is re-enabled.
=== RUN   TestGenerateMaintenanceWorkflow_RepoConfig/maintenance_disabled_with_expires_emits_warning_(no_error)
⚠ Workflow 'my-workflow' uses the 'expires' field but maintenance is disabled in aw.json. Expiration will not run until maintenance is re-enabled.
--- PASS: TestGenerateMaintenanceWorkflow_RepoConfig (0.00s)
    --- PASS: TestGenerateMaintenanceWorkflow_RepoConfig/custom_string_runs_on_is_used_in_all_jobs (0.00s)
    --- PASS: TestGenerateMaintenanceWorkflow_RepoConfig/array_runs_on_is_used_in_all_jobs (0.00s)
    --- PASS: TestGenerateMaintenanceWorkflow_RepoConfig/maintenance_disabled_deletes_existing_file (0.00s)
    --- PASS: TestGenerateMaintenanceWorkflow_RepoConfig/maintenance_disabled_skips_generation_even_with_expires (0.00s)
    --- PASS: TestGenerateMaintenanceWorkflow_RepoConfig/maintenance_disabled_with_expires_emits_warning_(no_error) (0.00s)
=== RUN   TestCollectSideRepoTargets
=== RUN   TestCollectSideRepoTargets/no_workflows_returns_empty
=== RUN   TestCollectSideRepoTargets/workflow_without_checkout_returns_empty
=== RUN   TestCollectSideRepoTargets/nil_workflow_entry_is_ignored
=== RUN   TestCollectSideRepoTargets/checkout_without_current:true_is_ignored
=== RUN   TestCollectSideRepoTargets/checkout_with_current:true_and_static_repo_is_detected
=== RUN   TestCollectSideRepoTargets/expression-based_repository_is_skipped
=== RUN   TestCollectSideRepoTargets/empty_repository_is_skipped
=== RUN   TestCollectSideRepoTargets/duplicate_repos_across_workflows_are_deduplicated
=== RUN   TestCollectSideRepoTargets/multiple_distinct_repos_are_all_detected
=== RUN   TestCollectSideRepoTargets/non-empty_token_is_preferred_when_same_repo_appears_multiple_times
=== RUN   TestCollectSideRepoTargets/multiple_repos_preserve_first-seen_discovery_order
--- PASS: TestCollectSideRepoTargets (0.00s)
    --- PASS: TestCollectSideRepoTargets/no_workflows_returns_empty (0.00s)
    --- PASS: TestCollectSideRepoTargets/workflow_without_checkout_returns_empty (0.00s)
    --- PASS: TestCollectSideRepoTargets/nil_workflow_entry_is_ignored (0.00s)
    --- PASS: TestCollectSideRepoTargets/checkout_without_current:true_is_ignored (0.00s)
    --- PASS: TestCollectSideRepoTargets/checkout_with_current:true_and_static_repo_is_detected (0.00s)
    --- PASS: TestCollectSideRepoTargets/expression-based_repository_is_skipped (0.00s)
    --- PASS: TestCollectSideRepoTargets/empty_repository_is_skipped (0.00s)
    --- PASS: TestCollectSideRepoTargets/duplicate_repos_across_workflows_are_deduplicated (0.00s)
    --- PASS: TestCollectSideRepoTargets/multiple_distinct_repos_are_all_detected (0.00s)
    --- PASS: TestCollectSideRepoTargets/non-empty_token_is_preferred_when_same_repo_appears_multiple_times (0.00s)
    --- PASS: TestCollectSideRepoTargets/multiple_repos_preserve_first-seen_discovery_order (0.00s)
=== RUN   TestSanitizeRepoForFilename
=== RUN   TestSanitizeRepoForFilename/my-org/main-repo
=== RUN   TestSanitizeRepoForFilename/org/repo
=== RUN   TestSanitizeRepoForFilename/my.org/my_repo
=== RUN   TestSanitizeRepoForFilename/owner/repo-name.git
--- PASS: TestSanitizeRepoForFilename (0.00s)
    --- PASS: TestSanitizeRepoForFilename/my-org/main-repo (0.00s)
    --- PASS: TestSanitizeRepoForFilename/org/repo (0.00s)
    --- PASS: TestSanitizeRepoForFilename/my.org/my_repo (0.00s)
    --- PASS: TestSanitizeRepoForFilename/owner/repo-name.git (0.00s)
=== RUN   TestGenerateSideRepoMaintenanceCron
=== RUN   TestGenerateSideRepoMaintenanceCron/is_deterministic_for_the_same_slug
=== RUN   TestGenerateSideRepoMaintenanceCron/different_repos_produce_different_cron_expressions
=== RUN   TestGenerateSideRepoMaintenanceCron/minute_is_in_valid_range_0-59
=== RUN   TestGenerateSideRepoMaintenanceCron/frequency_tier_matches_minExpiresDays
--- PASS: TestGenerateSideRepoMaintenanceCron (0.00s)
    --- PASS: TestGenerateSideRepoMaintenanceCron/is_deterministic_for_the_same_slug (0.00s)
    --- PASS: TestGenerateSideRepoMaintenanceCron/different_repos_produce_different_cron_expressions (0.00s)
    --- PASS: TestGenerateSideRepoMaintenanceCron/minute_is_in_valid_range_0-59 (0.00s)
    --- PASS: TestGenerateSideRepoMaintenanceCron/frequency_tier_matches_minExpiresDays (0.00s)
=== RUN   TestGenerateSideRepoMaintenanceWorkflow
=== RUN   TestGenerateSideRepoMaintenanceWorkflow/generates_file_for_static_side-repo_target
  Generated side-repo maintenance workflow: agentics-maintenance-my-org-target-repo.yml
=== RUN   TestGenerateSideRepoMaintenanceWorkflow/no_side-repo_file_generated_when_no_current_checkout
=== RUN   TestGenerateSideRepoMaintenanceWorkflow/side-repo_generated_without_expires_uses_safe_outputs,_create_labels,_and_activity_report
  Generated side-repo maintenance workflow: agentics-maintenance-org-no-expires-repo.yml
=== RUN   TestGenerateSideRepoMaintenanceWorkflow/expression-based_repository_does_not_generate_side-repo_maintenance
=== RUN   TestGenerateSideRepoMaintenanceWorkflow/side-repo_with_expires_includes_schedule_trigger
  Generated side-repo maintenance workflow: agentics-maintenance-org-expires-repo.yml
=== RUN   TestGenerateSideRepoMaintenanceWorkflow/stale_side-repo_maintenance_workflow_is_removed_on_recompile
  Generated side-repo maintenance workflow: agentics-maintenance-new-org-new-repo.yml
  Removed stale side-repo maintenance workflow: agentics-maintenance-old-org-old-repo.yml
--- PASS: TestGenerateSideRepoMaintenanceWorkflow (0.00s)
    --- PASS: TestGenerateSideRepoMaintenanceWorkflow/generates_file_for_static_side-repo_target (0.00s)
    --- PASS: TestGenerateSideRepoMaintenanceWorkflow/no_side-repo_file_generated_when_no_current_checkout (0.00s)
    --- PASS: TestGenerateSideRepoMaintenanceWorkflow/side-repo_generated_without_expires_uses_safe_outputs,_create_labels,_and_activity_report (0.00s)
    --- PASS: TestGenerateSideRepoMaintenanceWorkflow/expression-based_repository_does_not_generate_side-repo_maintenance (0.00s)
    --- PASS: TestGenerateSideRepoMaintenanceWorkflow/side-repo_with_expires_includes_schedule_trigger (0.00s)
    --- PASS: TestGenerateSideRepoMaintenanceWorkflow/stale_side-repo_maintenance_workflow_is_removed_on_recompile (0.00s)
=== RUN   TestAllCopilotWorkflowsUseOrgBilling
=== RUN   TestAllCopilotWorkflowsUseOrgBilling/empty_list_returns_false
=== RUN   TestAllCopilotWorkflowsUseOrgBilling/nil_entries_are_skipped
=== RUN   TestAllCopilotWorkflowsUseOrgBilling/single_copilot_workflow_with_org_billing_returns_true
=== RUN   TestAllCopilotWorkflowsUseOrgBilling/single_copilot_workflow_without_org_billing_returns_false
=== RUN   TestAllCopilotWorkflowsUseOrgBilling/all_copilot_workflows_with_org_billing_returns_true
=== RUN   TestAllCopilotWorkflowsUseOrgBilling/mixed_copilot_workflows_returns_false
=== RUN   TestAllCopilotWorkflowsUseOrgBilling/non-copilot_engines_are_ignored
=== RUN   TestAllCopilotWorkflowsUseOrgBilling/only_non-copilot_engines_returns_false
--- PASS: TestAllCopilotWorkflowsUseOrgBilling (0.00s)
    --- PASS: TestAllCopilotWorkflowsUseOrgBilling/empty_list_returns_false (0.00s)
    --- PASS: TestAllCopilotWorkflowsUseOrgBilling/nil_entries_are_skipped (0.00s)
    --- PASS: TestAllCopilotWorkflowsUseOrgBilling/single_copilot_workflow_with_org_billing_returns_true (0.00s)
    --- PASS: TestAllCopilotWorkflowsUseOrgBilling/single_copilot_workflow_without_org_billing_returns_false (0.00s)
    --- PASS: TestAllCopilotWorkflowsUseOrgBilling/all_copilot_workflows_with_org_billing_returns_true (0.00s)
    --- PASS: TestAllCopilotWorkflowsUseOrgBilling/mixed_copilot_workflows_returns_false (0.00s)
    --- PASS: TestAllCopilotWorkflowsUseOrgBilling/non-copilot_engines_are_ignored (0.00s)
    --- PASS: TestAllCopilotWorkflowsUseOrgBilling/only_non-copilot_engines_returns_false (0.00s)
=== RUN   TestGenerateMaintenanceWorkflow_CopilotOrgBilling
=== RUN   TestGenerateMaintenanceWorkflow_CopilotOrgBilling/org_billing_mode_sets_GH_AW_COPILOT_ORG_BILLING_in_secret-validation_step
=== RUN   TestGenerateMaintenanceWorkflow_CopilotOrgBilling/non-org_billing_mode_does_not_set_GH_AW_COPILOT_ORG_BILLING
=== RUN   TestGenerateMaintenanceWorkflow_CopilotOrgBilling/mixed_billing_mode_does_not_set_GH_AW_COPILOT_ORG_BILLING
--- PASS: TestGenerateMaintenanceWorkflow_CopilotOrgBilling (0.00s)
    --- PASS: TestGenerateMaintenanceWorkflow_CopilotOrgBilling/org_billing_mode_sets_GH_AW_COPILOT_ORG_BILLING_in_secret-validation_step (0.00s)
    --- PASS: TestGenerateMaintenanceWorkflow_CopilotOrgBilling/non-org_billing_mode_does_not_set_GH_AW_COPILOT_ORG_BILLING (0.00s)
    --- PASS: TestGenerateMaintenanceWorkflow_CopilotOrgBilling/mixed_billing_mode_does_not_set_GH_AW_COPILOT_ORG_BILLING (0.00s)
=== RUN   TestManifestRendering
=== RUN   TestManifestRendering/workflow_with_imports_and_includes
⚠ Ignoring unexpected frontmatter fields in /tmp/gh-aw-test-runs/20260704-173215-1254793/manifest-test3419772120/shared/tools.md: on
⚠ Deprecated syntax: "@include shared/instructions.md". Use {{#runtime-import shared/instructions.md}} instead.
⚠ Deprecated syntax: "@include shared/instructions.md". Use {{#runtime-import shared/instructions.md}} instead.
/tmp/gh-aw-test-runs/20260704-173215-1254793/manifest-test3419772120/workflow_with_imports_and_includes-workflow.md: warning: safe update mode detected unapproved changes

New restricted secret(s):
  - ANTHROPIC_API_KEY

Remediation options:
  1. Use the --approve flag to allow the changes.
  2. Revert the unapproved changes.
  3. Use an interactive coding agent to review and approve the changes.

✓ /tmp/gh-aw-test-runs/20260704-173215-1254793/manifest-test3419772120/workflow_with_imports_and_includes-workflow.md (78.6 KB)
=== RUN   TestManifestRendering/workflow_with_only_imports
⚠ Ignoring unexpected frontmatter fields in /tmp/gh-aw-test-runs/20260704-173215-1254793/manifest-test3419772120/shared/tools.md: on
/tmp/gh-aw-test-runs/20260704-173215-1254793/manifest-test3419772120/workflow_with_only_imports-workflow.md: warning: safe update mode detected unapproved changes

New restricted secret(s):
  - ANTHROPIC_API_KEY

Remediation options:
  1. Use the --approve flag to allow the changes.
  2. Revert the unapproved changes.
  3. Use an interactive coding agent to review and approve the changes.

✓ /tmp/gh-aw-test-runs/20260704-173215-1254793/manifest-test3419772120/workflow_with_only_imports-workflow.md (78.3 KB)
=== RUN   TestManifestRendering/workflow_with_only_includes
⚠ Deprecated syntax: "@include shared/instructions.md". Use {{#runtime-import shared/instructions.md}} instead.
⚠ Deprecated syntax: "@include shared/instructions.md". Use {{#runtime-import shared/instructions.md}} instead.
/tmp/gh-aw-test-runs/20260704-173215-1254793/manifest-test3419772120/workflow_with_only_includes-workflow.md: warning: safe update mode detected unapproved changes

New restricted secret(s):
  - ANTHROPIC_API_KEY

Remediation options:
  1. Use the --approve flag to allow the changes.
  2. Revert the unapproved changes.
  3. Use an interactive coding agent to review and approve the changes.

✓ /tmp/gh-aw-test-runs/20260704-173215-1254793/manifest-test3419772120/workflow_with_only_includes-workflow.md (81.6 KB)
=== RUN   TestManifestRendering/workflow_without_imports_or_includes
/tmp/gh-aw-test-runs/20260704-173215-1254793/manifest-test3419772120/workflow_without_imports_or_includes-workflow.md: warning: safe update mode detected unapproved changes

New restricted secret(s):
  - ANTHROPIC_API_KEY

Remediation options:
  1. Use the --approve flag to allow the changes.
  2. Revert the unapproved changes.
  3. Use an interactive coding agent to review and approve the changes.

✓ /tmp/gh-aw-test-runs/20260704-173215-1254793/manifest-test3419772120/workflow_without_imports_or_includes-workflow.md (81.7 KB)
--- PASS: TestManifestRendering (0.04s)
    --- PASS: TestManifestRendering/workflow_with_imports_and_includes (0.01s)
    --- PASS: TestManifestRendering/workflow_with_only_imports (0.01s)
    --- PASS: TestManifestRendering/workflow_with_only_includes (0.01s)
    --- PASS: TestManifestRendering/workflow_without_imports_or_includes (0.01s)
=== RUN   TestManifestIncludeOrdering
⚠ Deprecated syntax: "@include shared/zebra.md". Use {{#runtime-import shared/zebra.md}} instead.
⚠ Deprecated syntax: "@include shared/apple.md". Use {{#runtime-import shared/apple.md}} instead.
⚠ Deprecated syntax: "@include shared/middle.md". Use {{#runtime-import shared/middle.md}} instead.
⚠ Deprecated syntax: "@include shared/banana.md". Use {{#runtime-import shared/banana.md}} instead.
⚠ Deprecated syntax: "@include shared/zebra.md". Use {{#runtime-import shared/zebra.md}} instead.
⚠ Deprecated syntax: "@include shared/apple.md". Use {{#runtime-import shared/apple.md}} instead.
⚠ Deprecated syntax: "@include shared/middle.md". Use {{#runtime-import shared/middle.md}} instead.
⚠ Deprecated syntax: "@include shared/banana.md". Use {{#runtime-import shared/banana.md}} instead.
/tmp/gh-aw-test-runs/20260704-173215-1254793/manifest-order-test3309093399/test-workflow.md: warning: safe update mode detected unapproved changes

New restricted secret(s):
  - ANTHROPIC_API_KEY

Remediation options:
  1. Use the --approve flag to allow the changes.
  2. Revert the unapproved changes.
  3. Use an interactive coding agent to review and approve the changes.

✓ /tmp/gh-aw-test-runs/20260704-173215-1254793/manifest-order-test3309093399/test-workflow.md (81.1 KB)
--- PASS: TestManifestIncludeOrdering (0.01s)
=== RUN   TestManifestIncludePathRelativeToRepoRoot
⚠ Deprecated syntax: "{{#import: .github/shared/editorial.md}}". Use {{#runtime-import .github/shared/editorial.md}} for content injection or the 'imports:' frontmatter field for configuration merging.
⚠ Deprecated syntax: "{{#import: .github/shared/editorial.md}}". Use {{#runtime-import .github/shared/editorial.md}} for content injection or the 'imports:' frontmatter field for configuration merging.
/tmp/gh-aw-test-runs/20260704-173215-1254793/manifest-sibling-test1963372975/.github/workflows/test-workflow.md: info: Tip: set permissions.copilot-requests: write to use GitHub Actions token-based inference with the Copilot engine instead of a personal access token (COPILOT_GITHUB_TOKEN). This option requires that your organization has centralized Copilot billing enabled and may not be available in all organizations — see https://github.github.com/gh-aw/reference/billing/ for details.

✓ /tmp/gh-aw-test-runs/20260704-173215-1254793/manifest-sibling-test1963372975/.github/workflows/test-workflow.md (77.6 KB)
--- PASS: TestManifestIncludePathRelativeToRepoRoot (0.01s)
=== RUN   TestBodyLevelRuntimeImportPromotedToMacro
/tmp/gh-aw-test-runs/20260704-173215-1254793/body-import-test2110668957/.github/workflows/daily-report.md: info: Tip: set permissions.copilot-requests: write to use GitHub Actions token-based inference with the Copilot engine instead of a personal access token (COPILOT_GITHUB_TOKEN). This option requires that your organization has centralized Copilot billing enabled and may not be available in all organizations — see https://github.github.com/gh-aw/reference/billing/ for details.

✓ /tmp/gh-aw-test-runs/20260704-173215-1254793/body-import-test2110668957/.github/workflows/daily-report.md (98.3 KB)
--- PASS: TestBodyLevelRuntimeImportPromotedToMacro (0.01s)
=== RUN   TestExtractManualApprovalFromOn
=== RUN   TestExtractManualApprovalFromOn/simple_string_on_-_no_manual_approval
=== RUN   TestExtractManualApprovalFromOn/no_on_section
=== RUN   TestExtractManualApprovalFromOn/manual-approval_in_on_section
=== RUN   TestExtractManualApprovalFromOn/manual-approval_with_different_environment
=== RUN   TestExtractManualApprovalFromOn/invalid_manual-approval_type
=== RUN   TestExtractManualApprovalFromOn/invalid_on_section_type
--- PASS: TestExtractManualApprovalFromOn (0.00s)
    --- PASS: TestExtractManualApprovalFromOn/simple_string_on_-_no_manual_approval (0.00s)
    --- PASS: TestExtractManualApprovalFromOn/no_on_section (0.00s)
    --- PASS: TestExtractManualApprovalFromOn/manual-approval_in_on_section (0.00s)
    --- PASS: TestExtractManualApprovalFromOn/manual-approval_with_different_environment (0.00s)
    --- PASS: TestExtractManualApprovalFromOn/invalid_manual-approval_type (0.00s)
    --- PASS: TestExtractManualApprovalFromOn/invalid_on_section_type (0.00s)
=== RUN   TestProcessManualApprovalConfiguration
=== RUN   TestProcessManualApprovalConfiguration/valid_manual-approval
=== RUN   TestProcessManualApprovalConfiguration/no_manual-approval
=== RUN   TestProcessManualApprovalConfiguration/invalid_manual-approval
--- PASS: TestProcessManualApprovalConfiguration (0.00s)
    --- PASS: TestProcessManualApprovalConfiguration/valid_manual-approval (0.00s)
    --- PASS: TestProcessManualApprovalConfiguration/no_manual-approval (0.00s)
    --- PASS: TestProcessManualApprovalConfiguration/invalid_manual-approval (0.00s)
=== RUN   TestParseIntValue
=== RUN   TestParseIntValue/int_value
=== RUN   TestParseIntValue/int64_value
=== RUN   TestParseIntValue/uint64_value
=== RUN   TestParseIntValue/float64_value
=== RUN   TestParseIntValue/string_value_(not_supported)
=== RUN   TestParseIntValue/nil_value
=== RUN   TestParseIntValue/bool_value_(not_supported)
--- PASS: TestParseIntValue (0.00s)
    --- PASS: TestParseIntValue/int_value (0.00s)
    --- PASS: TestParseIntValue/int64_value (0.00s)
    --- PASS: TestParseIntValue/uint64_value (0.00s)
    --- PASS: TestParseIntValue/float64_value (0.00s)
    --- PASS: TestParseIntValue/string_value_(not_supported) (0.00s)
    --- PASS: TestParseIntValue/nil_value (0.00s)
    --- PASS: TestParseIntValue/bool_value_(not_supported) (0.00s)
=== RUN   TestParseIntValueTruncation
=== RUN   TestParseIntValueTruncation/clean_conversion_-_no_truncation
=== RUN   TestParseIntValueTruncation/truncation_required_-_60.5
=== RUN   TestParseIntValueTruncation/truncation_required_-_60.7
=== RUN   TestParseIntValueTruncation/clean_conversion_-_100.0
=== RUN   TestParseIntValueTruncation/truncation_required_-_123.99
=== RUN   TestParseIntValueTruncation/truncation_required_-_negative_with_fraction
=== RUN   TestParseIntValueTruncation/clean_conversion_-_negative_integer
=== RUN   TestParseIntValueTruncation/truncation_required_-_small_fraction
--- PASS: TestParseIntValueTruncation (0.00s)
    --- PASS: TestParseIntValueTruncation/clean_conversion_-_no_truncation (0.00s)
    --- PASS: TestParseIntValueTruncation/truncation_required_-_60.5 (0.00s)
    --- PASS: TestParseIntValueTruncation/truncation_required_-_60.7 (0.00s)
    --- PASS: TestParseIntValueTruncation/clean_conversion_-_100.0 (0.00s)
    --- PASS: TestParseIntValueTruncation/truncation_required_-_123.99 (0.00s)
    --- PASS: TestParseIntValueTruncation/truncation_required_-_negative_with_fraction (0.00s)
    --- PASS: TestParseIntValueTruncation/clean_conversion_-_negative_integer (0.00s)
    --- PASS: TestParseIntValueTruncation/truncation_required_-_small_fraction (0.00s)
=== RUN   TestExcludeMapKeys
=== RUN   TestExcludeMapKeys/filter_single_key
=== RUN   TestExcludeMapKeys/filter_multiple_keys
=== RUN   TestExcludeMapKeys/filter_no_keys
=== RUN   TestExcludeMapKeys/filter_non-existent_key
=== RUN   TestExcludeMapKeys/empty_original_map
=== RUN   TestExcludeMapKeys/filter_all_keys
--- PASS: TestExcludeMapKeys (0.00s)
    --- PASS: TestExcludeMapKeys/filter_single_key (0.00s)
    --- PASS: TestExcludeMapKeys/filter_multiple_keys (0.00s)
    --- PASS: TestExcludeMapKeys/filter_no_keys (0.00s)
    --- PASS: TestExcludeMapKeys/filter_non-existent_key (0.00s)
    --- PASS: TestExcludeMapKeys/empty_original_map (0.00s)
    --- PASS: TestExcludeMapKeys/filter_all_keys (0.00s)
=== RUN   TestSafeUint64ToInt
=== RUN   TestSafeUint64ToInt/zero
=== RUN   TestSafeUint64ToInt/small_value
=== RUN   TestSafeUint64ToInt/large_value_within_int_range
=== RUN   TestSafeUint64ToInt/max_int_value
=== RUN   TestSafeUint64ToInt/overflow:_max_uint64_returns_0
=== RUN   TestSafeUint64ToInt/overflow:_max_int_+_1_returns_0
--- PASS: TestSafeUint64ToInt (0.00s)
    --- PASS: TestSafeUint64ToInt/zero (0.00s)
    --- PASS: TestSafeUint64ToInt/small_value (0.00s)
    --- PASS: TestSafeUint64ToInt/large_value_within_int_range (0.00s)
    --- PASS: TestSafeUint64ToInt/max_int_value (0.00s)
    --- PASS: TestSafeUint64ToInt/overflow:_max_uint64_returns_0 (0.00s)
    --- PASS: TestSafeUint64ToInt/overflow:_max_int_+_1_returns_0 (0.00s)
=== RUN   TestScanMarkdownSecurity_UnicodeAbuse_ZeroWidthChars
=== RUN   TestScanMarkdownSecurity_UnicodeAbuse_ZeroWidthChars/zero-width_space
=== RUN   TestScanMarkdownSecurity_UnicodeAbuse_ZeroWidthChars/zero-width_non-joiner
=== RUN   TestScanMarkdownSecurity_UnicodeAbuse_ZeroWidthChars/zero-width_joiner
=== RUN   TestScanMarkdownSecurity_UnicodeAbuse_ZeroWidthChars/zero-width_no-break_space_/_BOM
=== RUN   TestScanMarkdownSecurity_UnicodeAbuse_ZeroWidthChars/soft_hyphen
=== RUN   TestScanMarkdownSecurity_UnicodeAbuse_ZeroWidthChars/word_joiner
--- PASS: TestScanMarkdownSecurity_UnicodeAbuse_ZeroWidthChars (0.00s)
    --- PASS: TestScanMarkdownSecurity_UnicodeAbuse_ZeroWidthChars/zero-width_space (0.00s)
    --- PASS: TestScanMarkdownSecurity_UnicodeAbuse_ZeroWidthChars/zero-width_non-joiner (0.00s)
    --- PASS: TestScanMarkdownSecurity_UnicodeAbuse_ZeroWidthChars/zero-width_joiner (0.00s)
    --- PASS: TestScanMarkdownSecurity_UnicodeAbuse_ZeroWidthChars/zero-width_no-break_space_/_BOM (0.00s)
    --- PASS: TestScanMarkdownSecurity_UnicodeAbuse_ZeroWidthChars/soft_hyphen (0.00s)
    --- PASS: TestScanMarkdownSecurity_UnicodeAbuse_ZeroWidthChars/word_joiner (0.00s)
=== RUN   TestScanMarkdownSecurity_UnicodeAbuse_BidiOverrides
=== RUN   TestScanMarkdownSecurity_UnicodeAbuse_BidiOverrides/right-to-left_override_(Trojan_Source)
=== RUN   TestScanMarkdownSecurity_UnicodeAbuse_BidiOverrides/left-to-right_override
=== RUN   TestScanMarkdownSecurity_UnicodeAbuse_BidiOverrides/right-to-left_isolate
--- PASS: TestScanMarkdownSecurity_UnicodeAbuse_BidiOverrides (0.00s)
    --- PASS: TestScanMarkdownSecurity_UnicodeAbuse_BidiOverrides/right-to-left_override_(Trojan_Source) (0.00s)
    --- PASS: TestScanMarkdownSecurity_UnicodeAbuse_BidiOverrides/left-to-right_override (0.00s)
    --- PASS: TestScanMarkdownSecurity_UnicodeAbuse_BidiOverrides/right-to-left_isolate (0.00s)
=== RUN   TestScanMarkdownSecurity_UnicodeAbuse_ControlChars
--- PASS: TestScanMarkdownSecurity_UnicodeAbuse_ControlChars (0.00s)
=== RUN   TestScanMarkdownSecurity_UnicodeAbuse_AllowsNormalWhitespace
--- PASS: TestScanMarkdownSecurity_UnicodeAbuse_AllowsNormalWhitespace (0.00s)
=== RUN   TestScanMarkdownSecurity_UnicodeAbuse_AllowsEmojiZWJ
=== RUN   TestScanMarkdownSecurity_UnicodeAbuse_AllowsEmojiZWJ/people_holding_hands_(issue_report_example)
=== RUN   TestScanMarkdownSecurity_UnicodeAbuse_AllowsEmojiZWJ/family_emoji
=== RUN   TestScanMarkdownSecurity_UnicodeAbuse_AllowsEmojiZWJ/woman_technologist
=== RUN   TestScanMarkdownSecurity_UnicodeAbuse_AllowsEmojiZWJ/rainbow_flag_(variation_selector_before_ZWJ)
=== RUN   TestScanMarkdownSecurity_UnicodeAbuse_AllowsEmojiZWJ/couple_with_heart_(symbol-range_emoji_before_ZWJ)
--- PASS: TestScanMarkdownSecurity_UnicodeAbuse_AllowsEmojiZWJ (0.00s)
    --- PASS: TestScanMarkdownSecurity_UnicodeAbuse_AllowsEmojiZWJ/people_holding_hands_(issue_report_example) (0.00s)
    --- PASS: TestScanMarkdownSecurity_UnicodeAbuse_AllowsEmojiZWJ/family_emoji (0.00s)
    --- PASS: TestScanMarkdownSecurity_UnicodeAbuse_AllowsEmojiZWJ/woman_technologist (0.00s)
    --- PASS: TestScanMarkdownSecurity_UnicodeAbuse_AllowsEmojiZWJ/rainbow_flag_(variation_selector_before_ZWJ) (0.00s)
    --- PASS: TestScanMarkdownSecurity_UnicodeAbuse_AllowsEmojiZWJ/couple_with_heart_(symbol-range_emoji_before_ZWJ) (0.00s)
=== RUN   TestScanMarkdownSecurity_UnicodeAbuse_FlagsNonEmojiZWJ
=== RUN   TestScanMarkdownSecurity_UnicodeAbuse_FlagsNonEmojiZWJ/ZWJ_between_ASCII_letters
=== RUN   TestScanMarkdownSecurity_UnicodeAbuse_FlagsNonEmojiZWJ/ZWJ_at_start_of_text
=== RUN   TestScanMarkdownSecurity_UnicodeAbuse_FlagsNonEmojiZWJ/ZWJ_at_end_of_line
--- PASS: TestScanMarkdownSecurity_UnicodeAbuse_FlagsNonEmojiZWJ (0.00s)
    --- PASS: TestScanMarkdownSecurity_UnicodeAbuse_FlagsNonEmojiZWJ/ZWJ_between_ASCII_letters (0.00s)
    --- PASS: TestScanMarkdownSecurity_UnicodeAbuse_FlagsNonEmojiZWJ/ZWJ_at_start_of_text (0.00s)
    --- PASS: TestScanMarkdownSecurity_UnicodeAbuse_FlagsNonEmojiZWJ/ZWJ_at_end_of_line (0.00s)
=== RUN   TestScanMarkdownSecurity_HiddenContent_SuspiciousHTMLComments
=== RUN   TestScanMarkdownSecurity_HiddenContent_SuspiciousHTMLComments/comment_with_curl
=== RUN   TestScanMarkdownSecurity_HiddenContent_SuspiciousHTMLComments/comment_with_base64
=== RUN   TestScanMarkdownSecurity_HiddenContent_SuspiciousHTMLComments/comment_with_script_tag
=== RUN   TestScanMarkdownSecurity_HiddenContent_SuspiciousHTMLComments/comment_with_prompt_injection
=== RUN   TestScanMarkdownSecurity_HiddenContent_SuspiciousHTMLComments/comment_with_eval
--- PASS: TestScanMarkdownSecurity_HiddenContent_SuspiciousHTMLComments (0.00s)
    --- PASS: TestScanMarkdownSecurity_HiddenContent_SuspiciousHTMLComments/comment_with_curl (0.00s)
    --- PASS: TestScanMarkdownSecurity_HiddenContent_SuspiciousHTMLComments/comment_with_base64 (0.00s)
    --- PASS: TestScanMarkdownSecurity_HiddenContent_SuspiciousHTMLComments/comment_with_script_tag (0.00s)
    --- PASS: TestScanMarkdownSecurity_HiddenContent_SuspiciousHTMLComments/comment_with_prompt_injection (0.00s)
    --- PASS: TestScanMarkdownSecurity_HiddenContent_SuspiciousHTMLComments/comment_with_eval (0.00s)
=== RUN   TestScanMarkdownSecurity_HiddenContent_CSSHiding
=== RUN   TestScanMarkdownSecurity_HiddenContent_CSSHiding/display_none
=== RUN   TestScanMarkdownSecurity_HiddenContent_CSSHiding/visibility_hidden
=== RUN   TestScanMarkdownSecurity_HiddenContent_CSSHiding/opacity_zero
=== RUN   TestScanMarkdownSecurity_HiddenContent_CSSHiding/font-size_zero
--- PASS: TestScanMarkdownSecurity_HiddenContent_CSSHiding (0.00s)
    --- PASS: TestScanMarkdownSecurity_HiddenContent_CSSHiding/display_none (0.00s)
    --- PASS: TestScanMarkdownSecurity_HiddenContent_CSSHiding/visibility_hidden (0.00s)
    --- PASS: TestScanMarkdownSecurity_HiddenContent_CSSHiding/opacity_zero (0.00s)
    --- PASS: TestScanMarkdownSecurity_HiddenContent_CSSHiding/font-size_zero (0.00s)
=== RUN   TestScanMarkdownSecurity_HiddenContent_HTMLEntityObfuscation
--- PASS: TestScanMarkdownSecurity_HiddenContent_HTMLEntityObfuscation (0.00s)
=== RUN   TestScanMarkdownSecurity_HiddenContent_AllowsSimpleComments
--- PASS: TestScanMarkdownSecurity_HiddenContent_AllowsSimpleComments (0.00s)
=== RUN   TestScanMarkdownSecurity_HiddenContent_AllowsDocumentationComments
=== RUN   TestScanMarkdownSecurity_HiddenContent_AllowsDocumentationComments/import_in_documentation_comment
=== RUN   TestScanMarkdownSecurity_HiddenContent_AllowsDocumentationComments/metadata_reference_in_comment
=== RUN   TestScanMarkdownSecurity_HiddenContent_AllowsDocumentationComments/data_reference_in_comment
--- PASS: TestScanMarkdownSecurity_HiddenContent_AllowsDocumentationComments (0.00s)
    --- PASS: TestScanMarkdownSecurity_HiddenContent_AllowsDocumentationComments/import_in_documentation_comment (0.00s)
    --- PASS: TestScanMarkdownSecurity_HiddenContent_AllowsDocumentationComments/metadata_reference_in_comment (0.00s)
    --- PASS: TestScanMarkdownSecurity_HiddenContent_AllowsDocumentationComments/data_reference_in_comment (0.00s)
=== RUN   TestScanMarkdownSecurity_ObfuscatedLinks_DataURIs
=== RUN   TestScanMarkdownSecurity_ObfuscatedLinks_DataURIs/data_URI_in_link
=== RUN   TestScanMarkdownSecurity_ObfuscatedLinks_DataURIs/data_URI_in_image
--- PASS: TestScanMarkdownSecurity_ObfuscatedLinks_DataURIs (0.00s)
    --- PASS: TestScanMarkdownSecurity_ObfuscatedLinks_DataURIs/data_URI_in_link (0.00s)
    --- PASS: TestScanMarkdownSecurity_ObfuscatedLinks_DataURIs/data_URI_in_image (0.00s)
=== RUN   TestScanMarkdownSecurity_ObfuscatedLinks_IPAddress
--- PASS: TestScanMarkdownSecurity_ObfuscatedLinks_IPAddress (0.00s)
=== RUN   TestScanMarkdownSecurity_ObfuscatedLinks_URLShorteners
=== RUN   TestScanMarkdownSecurity_ObfuscatedLinks_URLShorteners/bit.ly
=== RUN   TestScanMarkdownSecurity_ObfuscatedLinks_URLShorteners/tinyurl
=== RUN   TestScanMarkdownSecurity_ObfuscatedLinks_URLShorteners/t.co
--- PASS: TestScanMarkdownSecurity_ObfuscatedLinks_URLShorteners (0.00s)
    --- PASS: TestScanMarkdownSecurity_ObfuscatedLinks_URLShorteners/bit.ly (0.00s)
    --- PASS: TestScanMarkdownSecurity_ObfuscatedLinks_URLShorteners/tinyurl (0.00s)
    --- PASS: TestScanMarkdownSecurity_ObfuscatedLinks_URLShorteners/t.co (0.00s)
=== RUN   TestScanMarkdownSecurity_ObfuscatedLinks_JavascriptProtocol
--- PASS: TestScanMarkdownSecurity_ObfuscatedLinks_JavascriptProtocol (0.00s)
=== RUN   TestScanMarkdownSecurity_ObfuscatedLinks_SuspiciousQueryParams
--- PASS: TestScanMarkdownSecurity_ObfuscatedLinks_SuspiciousQueryParams (0.00s)
=== RUN   TestScanMarkdownSecurity_ObfuscatedLinks_MultipleEncoding
--- PASS: TestScanMarkdownSecurity_ObfuscatedLinks_MultipleEncoding (0.00s)
=== RUN   TestScanMarkdownSecurity_ObfuscatedLinks_AllowsNormalLinks
--- PASS: TestScanMarkdownSecurity_ObfuscatedLinks_AllowsNormalLinks (0.00s)
=== RUN   TestScanMarkdownSecurity_HTMLAbuse_DangerousTags
=== RUN   TestScanMarkdownSecurity_HTMLAbuse_DangerousTags/script_tag
=== RUN   TestScanMarkdownSecurity_HTMLAbuse_DangerousTags/iframe_tag
=== RUN   TestScanMarkdownSecurity_HTMLAbuse_DangerousTags/object_tag
=== RUN   TestScanMarkdownSecurity_HTMLAbuse_DangerousTags/embed_tag
=== RUN   TestScanMarkdownSecurity_HTMLAbuse_DangerousTags/form_tag
=== RUN   TestScanMarkdownSecurity_HTMLAbuse_DangerousTags/link_stylesheet
=== RUN   TestScanMarkdownSecurity_HTMLAbuse_DangerousTags/meta_refresh
=== RUN   TestScanMarkdownSecurity_HTMLAbuse_DangerousTags/style_tag
--- PASS: TestScanMarkdownSecurity_HTMLAbuse_DangerousTags (0.00s)
    --- PASS: TestScanMarkdownSecurity_HTMLAbuse_DangerousTags/script_tag (0.00s)
    --- PASS: TestScanMarkdownSecurity_HTMLAbuse_DangerousTags/iframe_tag (0.00s)
    --- PASS: TestScanMarkdownSecurity_HTMLAbuse_DangerousTags/object_tag (0.00s)
    --- PASS: TestScanMarkdownSecurity_HTMLAbuse_DangerousTags/embed_tag (0.00s)
    --- PASS: TestScanMarkdownSecurity_HTMLAbuse_DangerousTags/form_tag (0.00s)
    --- PASS: TestScanMarkdownSecurity_HTMLAbuse_DangerousTags/link_stylesheet (0.00s)
    --- PASS: TestScanMarkdownSecurity_HTMLAbuse_DangerousTags/meta_refresh (0.00s)
    --- PASS: TestScanMarkdownSecurity_HTMLAbuse_DangerousTags/style_tag (0.00s)
=== RUN   TestScanMarkdownSecurity_HTMLAbuse_EventHandlers
=== RUN   TestScanMarkdownSecurity_HTMLAbuse_EventHandlers/onclick
=== RUN   TestScanMarkdownSecurity_HTMLAbuse_EventHandlers/onload
=== RUN   TestScanMarkdownSecurity_HTMLAbuse_EventHandlers/onerror
=== RUN   TestScanMarkdownSecurity_HTMLAbuse_EventHandlers/onmouseover
--- PASS: TestScanMarkdownSecurity_HTMLAbuse_EventHandlers (0.00s)
    --- PASS: TestScanMarkdownSecurity_HTMLAbuse_EventHandlers/onclick (0.00s)
    --- PASS: TestScanMarkdownSecurity_HTMLAbuse_EventHandlers/onload (0.00s)
    --- PASS: TestScanMarkdownSecurity_HTMLAbuse_EventHandlers/onerror (0.00s)
    --- PASS: TestScanMarkdownSecurity_HTMLAbuse_EventHandlers/onmouseover (0.00s)
=== RUN   TestScanMarkdownSecurity_HTMLAbuse_SkipsCodeBlocks
--- PASS: TestScanMarkdownSecurity_HTMLAbuse_SkipsCodeBlocks (0.00s)
=== RUN   TestScanMarkdownSecurity_HTMLAbuse_SkipsNestedCodeFences
--- PASS: TestScanMarkdownSecurity_HTMLAbuse_SkipsNestedCodeFences (0.00s)
=== RUN   TestScanMarkdownSecurity_SocialEngineering_SkipsCodeBlocksWithInfoStrings
--- PASS: TestScanMarkdownSecurity_SocialEngineering_SkipsCodeBlocksWithInfoStrings (0.00s)
=== RUN   TestScanMarkdownSecurity_HTMLAbuse_AllowsSafeHTML
--- PASS: TestScanMarkdownSecurity_HTMLAbuse_AllowsSafeHTML (0.00s)
=== RUN   TestScanMarkdownSecurity_EmbeddedFiles_SVGScripts
--- PASS: TestScanMarkdownSecurity_EmbeddedFiles_SVGScripts (0.00s)
=== RUN   TestScanMarkdownSecurity_EmbeddedFiles_ForeignObject
--- PASS: TestScanMarkdownSecurity_EmbeddedFiles_ForeignObject (0.00s)
=== RUN   TestScanMarkdownSecurity_EmbeddedFiles_ExecutableDataURI
=== RUN   TestScanMarkdownSecurity_EmbeddedFiles_ExecutableDataURI/text/html_data_URI
=== RUN   TestScanMarkdownSecurity_EmbeddedFiles_ExecutableDataURI/application/javascript_data_URI
=== RUN   TestScanMarkdownSecurity_EmbeddedFiles_ExecutableDataURI/image/svg+xml_data_URI
--- PASS: TestScanMarkdownSecurity_EmbeddedFiles_ExecutableDataURI (0.00s)
    --- PASS: TestScanMarkdownSecurity_EmbeddedFiles_ExecutableDataURI/text/html_data_URI (0.00s)
    --- PASS: TestScanMarkdownSecurity_EmbeddedFiles_ExecutableDataURI/application/javascript_data_URI (0.00s)
    --- PASS: TestScanMarkdownSecurity_EmbeddedFiles_ExecutableDataURI/image/svg+xml_data_URI (0.00s)
=== RUN   TestScanMarkdownSecurity_SocialEngineering_PromptInjection
=== RUN   TestScanMarkdownSecurity_SocialEngineering_PromptInjection/ignore_previous_instructions
=== RUN   TestScanMarkdownSecurity_SocialEngineering_PromptInjection/override_instructions
=== RUN   TestScanMarkdownSecurity_SocialEngineering_PromptInjection/forget_previous
=== RUN   TestScanMarkdownSecurity_SocialEngineering_PromptInjection/you_are_now
=== RUN   TestScanMarkdownSecurity_SocialEngineering_PromptInjection/disregard_all
--- PASS: TestScanMarkdownSecurity_SocialEngineering_PromptInjection (0.00s)
    --- PASS: TestScanMarkdownSecurity_SocialEngineering_PromptInjection/ignore_previous_instructions (0.00s)
    --- PASS: TestScanMarkdownSecurity_SocialEngineering_PromptInjection/override_instructions (0.00s)
    --- PASS: TestScanMarkdownSecurity_SocialEngineering_PromptInjection/forget_previous (0.00s)
    --- PASS: TestScanMarkdownSecurity_SocialEngineering_PromptInjection/you_are_now (0.00s)
    --- PASS: TestScanMarkdownSecurity_SocialEngineering_PromptInjection/disregard_all (0.00s)
=== RUN   TestScanMarkdownSecurity_SocialEngineering_PipeToShell
--- PASS: TestScanMarkdownSecurity_SocialEngineering_PipeToShell (0.00s)
=== RUN   TestScanMarkdownSecurity_SocialEngineering_Base64Decode
--- PASS: TestScanMarkdownSecurity_SocialEngineering_Base64Decode (0.00s)
=== RUN   TestScanMarkdownSecurity_SocialEngineering_LargeBase64
--- PASS: TestScanMarkdownSecurity_SocialEngineering_LargeBase64 (0.00s)
=== RUN   TestScanMarkdownSecurity_SocialEngineering_LongHexString
--- PASS: TestScanMarkdownSecurity_SocialEngineering_LongHexString (0.00s)
=== RUN   TestScanMarkdownSecurity_SocialEngineering_AllowsNormalContent
--- PASS: TestScanMarkdownSecurity_SocialEngineering_AllowsNormalContent (0.00s)
=== RUN   TestScanMarkdownSecurity_CleanWorkflow
--- PASS: TestScanMarkdownSecurity_CleanWorkflow (0.00s)
=== RUN   TestScanMarkdownSecurity_MultipleFindings
--- PASS: TestScanMarkdownSecurity_MultipleFindings (0.00s)
=== RUN   TestScanMarkdownSecurity_LineNumbers
--- PASS: TestScanMarkdownSecurity_LineNumbers (0.00s)
=== RUN   TestScanMarkdownSecurity_SkipsFrontmatter
--- PASS: TestScanMarkdownSecurity_SkipsFrontmatter (0.00s)
=== RUN   TestScanMarkdownSecurity_FrontmatterLineNumberAdjustment
--- PASS: TestScanMarkdownSecurity_FrontmatterLineNumberAdjustment (0.00s)
=== RUN   TestScanMarkdownSecurity_NoFrontmatter
--- PASS: TestScanMarkdownSecurity_NoFrontmatter (0.00s)
=== RUN   TestScanMarkdownSecurity_FrontmatterOnlyNoMarkdown
--- PASS: TestScanMarkdownSecurity_FrontmatterOnlyNoMarkdown (0.00s)
=== RUN   TestStripFrontmatter
=== RUN   TestStripFrontmatter/with_frontmatter
=== RUN   TestStripFrontmatter/without_frontmatter
=== RUN   TestStripFrontmatter/unclosed_frontmatter
=== RUN   TestStripFrontmatter/empty_content
--- PASS: TestStripFrontmatter (0.00s)
    --- PASS: TestStripFrontmatter/with_frontmatter (0.00s)
    --- PASS: TestStripFrontmatter/without_frontmatter (0.00s)
    --- PASS: TestStripFrontmatter/unclosed_frontmatter (0.00s)
    --- PASS: TestStripFrontmatter/empty_content (0.00s)
=== RUN   TestFormatSecurityFindings_Empty
--- PASS: TestFormatSecurityFindings_Empty (0.00s)
=== RUN   TestFormatSecurityFindings_Multiple
--- PASS: TestFormatSecurityFindings_Multiple (0.00s)
=== RUN   TestTruncateWithTrimSpace
=== RUN   TestTruncateWithTrimSpace/short_string
=== RUN   TestTruncateWithTrimSpace/exact_length
=== RUN   TestTruncateWithTrimSpace/long_string
=== RUN   TestTruncateWithTrimSpace/string_with_leading/trailing_whitespace
--- PASS: TestTruncateWithTrimSpace (0.00s)
    --- PASS: TestTruncateWithTrimSpace/short_string (0.00s)
    --- PASS: TestTruncateWithTrimSpace/exact_length (0.00s)
    --- PASS: TestTruncateWithTrimSpace/long_string (0.00s)
    --- PASS: TestTruncateWithTrimSpace/string_with_leading/trailing_whitespace (0.00s)
=== RUN   TestLineNumberAt
=== RUN   TestLineNumberAt/start_of_content
=== RUN   TestLineNumberAt/middle_of_first_line
=== RUN   TestLineNumberAt/start_of_second_line
=== RUN   TestLineNumberAt/start_of_fourth_line
=== RUN   TestLineNumberAt/negative_position
--- PASS: TestLineNumberAt (0.00s)
    --- PASS: TestLineNumberAt/start_of_content (0.00s)
    --- PASS: TestLineNumberAt/middle_of_first_line (0.00s)
    --- PASS: TestLineNumberAt/start_of_second_line (0.00s)
    --- PASS: TestLineNumberAt/start_of_fourth_line (0.00s)
    --- PASS: TestLineNumberAt/negative_position (0.00s)
=== RUN   TestScanMarkdownSecurity_HTMLAbuse_TildeCodeBlocks
--- PASS: TestScanMarkdownSecurity_HTMLAbuse_TildeCodeBlocks (0.00s)
=== RUN   TestScanMarkdownSecurity_HTMLAbuse_NestedCodeBlocks
--- PASS: TestScanMarkdownSecurity_HTMLAbuse_NestedCodeBlocks (0.00s)
=== RUN   TestScanMarkdownSecurity_RealisticAttack_TrojanSource
--- PASS: TestScanMarkdownSecurity_RealisticAttack_TrojanSource (0.00s)
=== RUN   TestScanMarkdownSecurity_RealisticAttack_HiddenPromptInjection
--- PASS: TestScanMarkdownSecurity_RealisticAttack_HiddenPromptInjection (0.00s)
=== RUN   TestScanMarkdownSecurity_RealisticAttack_ClickjackingForm
--- PASS: TestScanMarkdownSecurity_RealisticAttack_ClickjackingForm (0.00s)
=== RUN   TestValidateMaxToolDenialsSupport
=== PAUSE TestValidateMaxToolDenialsSupport
=== RUN   TestSafeOutputsAPIKeyImmediateMasking
--- PASS: TestSafeOutputsAPIKeyImmediateMasking (0.00s)
=== RUN   TestMCPScriptsAPIKeyImmediateMasking
--- PASS: TestMCPScriptsAPIKeyImmediateMasking (0.00s)
=== RUN   TestMCPGatewayAPIKeyImmediateMasking
--- PASS: TestMCPGatewayAPIKeyImmediateMasking (0.00s)
=== RUN   TestAPIKeyMaskingNoEmptyDeclaration
--- PASS: TestAPIKeyMaskingNoEmptyDeclaration (0.00s)
=== RUN   TestHasBashRestrictedAllowlist
=== RUN   TestHasBashRestrictedAllowlist/nil_tools
=== RUN   TestHasBashRestrictedAllowlist/no_bash_key
=== RUN   TestHasBashRestrictedAllowlist/bash_nil_(unrestricted)
=== RUN   TestHasBashRestrictedAllowlist/bash_empty_array
=== RUN   TestHasBashRestrictedAllowlist/bash_wildcard_star
=== RUN   TestHasBashRestrictedAllowlist/bash_wildcard_colon-star
=== RUN   TestHasBashRestrictedAllowlist/bash_with_specific_commands
=== RUN   TestHasBashRestrictedAllowlist/bash_with_single_command
--- PASS: TestHasBashRestrictedAllowlist (0.00s)
    --- PASS: TestHasBashRestrictedAllowlist/nil_tools (0.00s)
    --- PASS: TestHasBashRestrictedAllowlist/no_bash_key (0.00s)
    --- PASS: TestHasBashRestrictedAllowlist/bash_nil_(unrestricted) (0.00s)
    --- PASS: TestHasBashRestrictedAllowlist/bash_empty_array (0.00s)
    --- PASS: TestHasBashRestrictedAllowlist/bash_wildcard_star (0.00s)
    --- PASS: TestHasBashRestrictedAllowlist/bash_wildcard_colon-star (0.00s)
    --- PASS: TestHasBashRestrictedAllowlist/bash_with_specific_commands (0.00s)
    --- PASS: TestHasBashRestrictedAllowlist/bash_with_single_command (0.00s)
=== RUN   TestWithMountedCLIShellCommandsInRestrictedBash_PlaywrightCLIMode
=== RUN   TestWithMountedCLIShellCommandsInRestrictedBash_PlaywrightCLIMode/playwright_cli_mode_adds_playwright-cli:*_to_restricted_bash
=== RUN   TestWithMountedCLIShellCommandsInRestrictedBash_PlaywrightCLIMode/playwright_cli_mode_with_unrestricted_bash_(nil)_does_not_add_playwright-cli:*
=== RUN   TestWithMountedCLIShellCommandsInRestrictedBash_PlaywrightCLIMode/playwright_cli_mode_with_wildcard_bash_does_not_add_playwright-cli:*
=== RUN   TestWithMountedCLIShellCommandsInRestrictedBash_PlaywrightCLIMode/playwright_mcp_mode_(not_cli)_does_not_add_playwright-cli:*
=== RUN   TestWithMountedCLIShellCommandsInRestrictedBash_PlaywrightCLIMode/playwright-cli:*_not_duplicated_when_already_present
=== RUN   TestWithMountedCLIShellCommandsInRestrictedBash_PlaywrightCLIMode/github_gh-proxy_mode_adds_gh:*_to_restricted_bash
=== RUN   TestWithMountedCLIShellCommandsInRestrictedBash_PlaywrightCLIMode/github_local_mode_does_not_add_gh:*_to_restricted_bash
=== RUN   TestWithMountedCLIShellCommandsInRestrictedBash_PlaywrightCLIMode/nil_workflowData_returns_nil
=== RUN   TestWithMountedCLIShellCommandsInRestrictedBash_PlaywrightCLIMode/workflowData_with_nil_tools_returns_nil_tools
--- PASS: TestWithMountedCLIShellCommandsInRestrictedBash_PlaywrightCLIMode (0.00s)
    --- PASS: TestWithMountedCLIShellCommandsInRestrictedBash_PlaywrightCLIMode/playwright_cli_mode_adds_playwright-cli:*_to_restricted_bash (0.00s)
    --- PASS: TestWithMountedCLIShellCommandsInRestrictedBash_PlaywrightCLIMode/playwright_cli_mode_with_unrestricted_bash_(nil)_does_not_add_playwright-cli:* (0.00s)
    --- PASS: TestWithMountedCLIShellCommandsInRestrictedBash_PlaywrightCLIMode/playwright_cli_mode_with_wildcard_bash_does_not_add_playwright-cli:* (0.00s)
    --- PASS: TestWithMountedCLIShellCommandsInRestrictedBash_PlaywrightCLIMode/playwright_mcp_mode_(not_cli)_does_not_add_playwright-cli:* (0.00s)
    --- PASS: TestWithMountedCLIShellCommandsInRestrictedBash_PlaywrightCLIMode/playwright-cli:*_not_duplicated_when_already_present (0.00s)
    --- PASS: TestWithMountedCLIShellCommandsInRestrictedBash_PlaywrightCLIMode/github_gh-proxy_mode_adds_gh:*_to_restricted_bash (0.00s)
    --- PASS: TestWithMountedCLIShellCommandsInRestrictedBash_PlaywrightCLIMode/github_local_mode_does_not_add_gh:*_to_restricted_bash (0.00s)
    --- PASS: TestWithMountedCLIShellCommandsInRestrictedBash_PlaywrightCLIMode/nil_workflowData_returns_nil (0.00s)
    --- PASS: TestWithMountedCLIShellCommandsInRestrictedBash_PlaywrightCLIMode/workflowData_with_nil_tools_returns_nil_tools (0.00s)
=== RUN   TestBuildMCPCLIPromptSection_PromptFileUsesNonHeadingLabels
--- PASS: TestBuildMCPCLIPromptSection_PromptFileUsesNonHeadingLabels (0.00s)
=== RUN   TestMCPEnvVarsAlphabeticallySorted
--- PASS: TestMCPEnvVarsAlphabeticallySorted (0.00s)
=== RUN   TestHasMCPConfigDetection
=== RUN   TestHasMCPConfigDetection/explicit_stdio_type
=== RUN   TestHasMCPConfigDetection/explicit_http_type
=== RUN   TestHasMCPConfigDetection/inferred_stdio_from_command
=== RUN   TestHasMCPConfigDetection/inferred_http_from_url
=== RUN   TestHasMCPConfigDetection/inferred_stdio_from_container
=== RUN   TestHasMCPConfigDetection/not_MCP_config
=== RUN   TestHasMCPConfigDetection/markitdown-like_config
--- PASS: TestHasMCPConfigDetection (0.00s)
    --- PASS: TestHasMCPConfigDetection/explicit_stdio_type (0.00s)
    --- PASS: TestHasMCPConfigDetection/explicit_http_type (0.00s)
    --- PASS: TestHasMCPConfigDetection/inferred_stdio_from_command (0.00s)
    --- PASS: TestHasMCPConfigDetection/inferred_http_from_url (0.00s)
    --- PASS: TestHasMCPConfigDetection/inferred_stdio_from_container (0.00s)
    --- PASS: TestHasMCPConfigDetection/not_MCP_config (0.00s)
    --- PASS: TestHasMCPConfigDetection/markitdown-like_config (0.00s)
=== RUN   TestMCPServersAllowedToolFilterCompilation
=== RUN   TestMCPServersAllowedToolFilterCompilation/copilot_-_http_mcp_server_with_specific_allowed_tools
=== RUN   TestMCPServersAllowedToolFilterCompilation/copilot_-_stdio_mcp_server_with_specific_allowed_tools
=== RUN   TestMCPServersAllowedToolFilterCompilation/copilot_-_mcp_server_with_no_allowed_field_defaults_to_wildcard
=== RUN   TestMCPServersAllowedToolFilterCompilation/claude_-_http_mcp_server_with_specific_allowed_tools_passes_through
=== RUN   TestMCPServersAllowedToolFilterCompilation/claude_-_http_mcp_server_with_no_allowed_field_has_no_tools_filter
--- PASS: TestMCPServersAllowedToolFilterCompilation (0.02s)
    --- PASS: TestMCPServersAllowedToolFilterCompilation/copilot_-_http_mcp_server_with_specific_allowed_tools (0.00s)
    --- PASS: TestMCPServersAllowedToolFilterCompilation/copilot_-_stdio_mcp_server_with_specific_allowed_tools (0.01s)
    --- PASS: TestMCPServersAllowedToolFilterCompilation/copilot_-_mcp_server_with_no_allowed_field_defaults_to_wildcard (0.00s)
    --- PASS: TestMCPServersAllowedToolFilterCompilation/claude_-_http_mcp_server_with_specific_allowed_tools_passes_through (0.00s)
    --- PASS: TestMCPServersAllowedToolFilterCompilation/claude_-_http_mcp_server_with_no_allowed_field_has_no_tools_filter (0.00s)
=== RUN   TestDevModeAgenticWorkflowsContainer
=== RUN   TestDevModeAgenticWorkflowsContainer/dev_mode_uses_local_image
/tmp/test-dev-mode-3562458244.md: info: Tip: set permissions.copilot-requests: write to use GitHub Actions token-based inference with the Copilot engine instead of a personal access token (COPILOT_GITHUB_TOKEN). This option requires that your organization has centralized Copilot billing enabled and may not be available in all organizations — see https://github.github.com/gh-aw/reference/billing/ for details.

✓ /tmp/test-dev-mode-3562458244.md (79.2 KB)
=== RUN   TestDevModeAgenticWorkflowsContainer/release_mode_uses_alpine
/tmp/test-dev-mode-3926950791.md: info: Tip: set permissions.copilot-requests: write to use GitHub Actions token-based inference with the Copilot engine instead of a personal access token (COPILOT_GITHUB_TOKEN). This option requires that your organization has centralized Copilot billing enabled and may not be available in all organizations — see https://github.github.com/gh-aw/reference/billing/ for details.

✓ /tmp/test-dev-mode-3926950791.md (77.3 KB)
=== RUN   TestDevModeAgenticWorkflowsContainer/script_mode_uses_alpine
/tmp/test-dev-mode-3438239754.md: info: Tip: set permissions.copilot-requests: write to use GitHub Actions token-based inference with the Copilot engine instead of a personal access token (COPILOT_GITHUB_TOKEN). This option requires that your organization has centralized Copilot billing enabled and may not be available in all organizations — see https://github.github.com/gh-aw/reference/billing/ for details.

✓ /tmp/test-dev-mode-3438239754.md (79.8 KB)
--- PASS: TestDevModeAgenticWorkflowsContainer (0.03s)
    --- PASS: TestDevModeAgenticWorkflowsContainer/dev_mode_uses_local_image (0.01s)
    --- PASS: TestDevModeAgenticWorkflowsContainer/release_mode_uses_alpine (0.01s)
    --- PASS: TestDevModeAgenticWorkflowsContainer/script_mode_uses_alpine (0.01s)
=== RUN   TestNpxCommandAutoContainerization
=== RUN   TestNpxCommandAutoContainerization/npx_command_with_package_arg
=== RUN   TestNpxCommandAutoContainerization/npx_command_with_-y_flag_and_package
--- PASS: TestNpxCommandAutoContainerization (0.01s)
    --- PASS: TestNpxCommandAutoContainerization/npx_command_with_package_arg (0.00s)
    --- PASS: TestNpxCommandAutoContainerization/npx_command_with_-y_flag_and_package (0.00s)
=== RUN   TestMapToolConfigGetString
=== RUN   TestMapToolConfigGetString/existing_string_key
=== RUN   TestMapToolConfigGetString/non-existent_key
=== RUN   TestMapToolConfigGetString/key_exists_but_wrong_type_(int)
=== RUN   TestMapToolConfigGetString/key_exists_but_wrong_type_(bool)
=== RUN   TestMapToolConfigGetString/key_exists_but_wrong_type_(array)
=== RUN   TestMapToolConfigGetString/key_exists_but_wrong_type_(map)
=== RUN   TestMapToolConfigGetString/empty_config
=== RUN   TestMapToolConfigGetString/empty_string_value
=== RUN   TestMapToolConfigGetString/string_with_special_characters
--- PASS: TestMapToolConfigGetString (0.00s)
    --- PASS: TestMapToolConfigGetString/existing_string_key (0.00s)
    --- PASS: TestMapToolConfigGetString/non-existent_key (0.00s)
    --- PASS: TestMapToolConfigGetString/key_exists_but_wrong_type_(int) (0.00s)
    --- PASS: TestMapToolConfigGetString/key_exists_but_wrong_type_(bool) (0.00s)
    --- PASS: TestMapToolConfigGetString/key_exists_but_wrong_type_(array) (0.00s)
    --- PASS: TestMapToolConfigGetString/key_exists_but_wrong_type_(map) (0.00s)
    --- PASS: TestMapToolConfigGetString/empty_config (0.00s)
    --- PASS: TestMapToolConfigGetString/empty_string_value (0.00s)
    --- PASS: TestMapToolConfigGetString/string_with_special_characters (0.00s)
=== RUN   TestMapToolConfigGetStringArray
=== RUN   TestMapToolConfigGetStringArray/existing_[]any_array_with_strings
=== RUN   TestMapToolConfigGetStringArray/existing_[]string_array
=== RUN   TestMapToolConfigGetStringArray/non-existent_key
=== RUN   TestMapToolConfigGetStringArray/key_exists_but_wrong_type_(string)
=== RUN   TestMapToolConfigGetStringArray/key_exists_but_wrong_type_(int)
=== RUN   TestMapToolConfigGetStringArray/key_exists_but_wrong_type_(map)
=== RUN   TestMapToolConfigGetStringArray/empty_config
=== RUN   TestMapToolConfigGetStringArray/empty_array
=== RUN   TestMapToolConfigGetStringArray/[]any_with_mixed_types_(filters_non-strings)
=== RUN   TestMapToolConfigGetStringArray/[]any_with_only_non-strings
--- PASS: TestMapToolConfigGetStringArray (0.00s)
    --- PASS: TestMapToolConfigGetStringArray/existing_[]any_array_with_strings (0.00s)
    --- PASS: TestMapToolConfigGetStringArray/existing_[]string_array (0.00s)
    --- PASS: TestMapToolConfigGetStringArray/non-existent_key (0.00s)
    --- PASS: TestMapToolConfigGetStringArray/key_exists_but_wrong_type_(string) (0.00s)
    --- PASS: TestMapToolConfigGetStringArray/key_exists_but_wrong_type_(int) (0.00s)
    --- PASS: TestMapToolConfigGetStringArray/key_exists_but_wrong_type_(map) (0.00s)
    --- PASS: TestMapToolConfigGetStringArray/empty_config (0.00s)
    --- PASS: TestMapToolConfigGetStringArray/empty_array (0.00s)
    --- PASS: TestMapToolConfigGetStringArray/[]any_with_mixed_types_(filters_non-strings) (0.00s)
    --- PASS: TestMapToolConfigGetStringArray/[]any_with_only_non-strings (0.00s)
=== RUN   TestMapToolConfigGetStringMap
=== RUN   TestMapToolConfigGetStringMap/existing_map[string]any_with_string_values
=== RUN   TestMapToolConfigGetStringMap/existing_map[string]string
=== RUN   TestMapToolConfigGetStringMap/non-existent_key
=== RUN   TestMapToolConfigGetStringMap/key_exists_but_wrong_type_(string)
=== RUN   TestMapToolConfigGetStringMap/key_exists_but_wrong_type_(array)
=== RUN   TestMapToolConfigGetStringMap/empty_config
=== RUN   TestMapToolConfigGetStringMap/empty_map
=== RUN   TestMapToolConfigGetStringMap/map[string]any_with_mixed_value_types_(filters_non-strings)
=== RUN   TestMapToolConfigGetStringMap/map[string]any_with_only_non-string_values
--- PASS: TestMapToolConfigGetStringMap (0.00s)
    --- PASS: TestMapToolConfigGetStringMap/existing_map[string]any_with_string_values (0.00s)
    --- PASS: TestMapToolConfigGetStringMap/existing_map[string]string (0.00s)
    --- PASS: TestMapToolConfigGetStringMap/non-existent_key (0.00s)
    --- PASS: TestMapToolConfigGetStringMap/key_exists_but_wrong_type_(string) (0.00s)
    --- PASS: TestMapToolConfigGetStringMap/key_exists_but_wrong_type_(array) (0.00s)
    --- PASS: TestMapToolConfigGetStringMap/empty_config (0.00s)
    --- PASS: TestMapToolConfigGetStringMap/empty_map (0.00s)
    --- PASS: TestMapToolConfigGetStringMap/map[string]any_with_mixed_value_types_(filters_non-strings) (0.00s)
    --- PASS: TestMapToolConfigGetStringMap/map[string]any_with_only_non-string_values (0.00s)
=== RUN   TestIsMCPType
=== RUN   TestIsMCPType/stdio_type
=== RUN   TestIsMCPType/http_type
=== RUN   TestIsMCPType/local_type
=== RUN   TestIsMCPType/empty_string
=== RUN   TestIsMCPType/unknown_type
=== RUN   TestIsMCPType/docker_type_(not_valid)
=== RUN   TestIsMCPType/websocket_type_(not_valid)
=== RUN   TestIsMCPType/grpc_type_(not_valid)
=== RUN   TestIsMCPType/mixed_case_STDIO
=== RUN   TestIsMCPType/mixed_case_Http
=== RUN   TestIsMCPType/whitespace_padded
--- PASS: TestIsMCPType (0.00s)
    --- PASS: TestIsMCPType/stdio_type (0.00s)
    --- PASS: TestIsMCPType/http_type (0.00s)
    --- PASS: TestIsMCPType/local_type (0.00s)
    --- PASS: TestIsMCPType/empty_string (0.00s)
    --- PASS: TestIsMCPType/unknown_type (0.00s)
    --- PASS: TestIsMCPType/docker_type_(not_valid) (0.00s)
    --- PASS: TestIsMCPType/websocket_type_(not_valid) (0.00s)
    --- PASS: TestIsMCPType/grpc_type_(not_valid) (0.00s)
    --- PASS: TestIsMCPType/mixed_case_STDIO (0.00s)
    --- PASS: TestIsMCPType/mixed_case_Http (0.00s)
    --- PASS: TestIsMCPType/whitespace_padded (0.00s)
=== RUN   TestCollectHTTPMCPHeaderSecretsComprehensive
=== RUN   TestCollectHTTPMCPHeaderSecretsComprehensive/empty_tools_map
=== RUN   TestCollectHTTPMCPHeaderSecretsComprehensive/no_HTTP_MCP_tools
=== RUN   TestCollectHTTPMCPHeaderSecretsComprehensive/HTTP_MCP_tool_without_headers
=== RUN   TestCollectHTTPMCPHeaderSecretsComprehensive/HTTP_MCP_tool_with_plain_headers_(no_secrets)
=== RUN   TestCollectHTTPMCPHeaderSecretsComprehensive/stdio_type_tool_(should_be_ignored)
=== RUN   TestCollectHTTPMCPHeaderSecretsComprehensive/non-map_tool_value_(should_be_ignored)
=== RUN   TestCollectHTTPMCPHeaderSecretsComprehensive/mixed_tools_-_only_HTTP_with_secrets_collected
--- PASS: TestCollectHTTPMCPHeaderSecretsComprehensive (0.00s)
    --- PASS: TestCollectHTTPMCPHeaderSecretsComprehensive/empty_tools_map (0.00s)
    --- PASS: TestCollectHTTPMCPHeaderSecretsComprehensive/no_HTTP_MCP_tools (0.00s)
    --- PASS: TestCollectHTTPMCPHeaderSecretsComprehensive/HTTP_MCP_tool_without_headers (0.00s)
    --- PASS: TestCollectHTTPMCPHeaderSecretsComprehensive/HTTP_MCP_tool_with_plain_headers_(no_secrets) (0.00s)
    --- PASS: TestCollectHTTPMCPHeaderSecretsComprehensive/stdio_type_tool_(should_be_ignored) (0.00s)
    --- PASS: TestCollectHTTPMCPHeaderSecretsComprehensive/non-map_tool_value_(should_be_ignored) (0.00s)
    --- PASS: TestCollectHTTPMCPHeaderSecretsComprehensive/mixed_tools_-_only_HTTP_with_secrets_collected (0.00s)
=== RUN   TestGetMCPConfigStdioTypeInference
=== RUN   TestGetMCPConfigStdioTypeInference/infer_stdio_from_command_field
=== RUN   TestGetMCPConfigStdioTypeInference/infer_stdio_from_container_field
=== RUN   TestGetMCPConfigStdioTypeInference/infer_http_from_url_field
=== RUN   TestGetMCPConfigStdioTypeInference/explicit_stdio_type
=== RUN   TestGetMCPConfigStdioTypeInference/explicit_http_type
=== RUN   TestGetMCPConfigStdioTypeInference/local_type_normalized_to_stdio
--- PASS: TestGetMCPConfigStdioTypeInference (0.00s)
    --- PASS: TestGetMCPConfigStdioTypeInference/infer_stdio_from_command_field (0.00s)
    --- PASS: TestGetMCPConfigStdioTypeInference/infer_stdio_from_container_field (0.00s)
    --- PASS: TestGetMCPConfigStdioTypeInference/infer_http_from_url_field (0.00s)
    --- PASS: TestGetMCPConfigStdioTypeInference/explicit_stdio_type (0.00s)
    --- PASS: TestGetMCPConfigStdioTypeInference/explicit_http_type (0.00s)
    --- PASS: TestGetMCPConfigStdioTypeInference/local_type_normalized_to_stdio (0.00s)
=== RUN   TestGetMCPConfigHTTPType
=== RUN   TestGetMCPConfigHTTPType/basic_HTTP_config
=== RUN   TestGetMCPConfigHTTPType/HTTP_config_with_headers
=== RUN   TestGetMCPConfigHTTPType/HTTP_config_missing_url
--- PASS: TestGetMCPConfigHTTPType (0.00s)
    --- PASS: TestGetMCPConfigHTTPType/basic_HTTP_config (0.00s)
    --- PASS: TestGetMCPConfigHTTPType/HTTP_config_with_headers (0.00s)
    --- PASS: TestGetMCPConfigHTTPType/HTTP_config_missing_url (0.00s)
=== RUN   TestGetMCPConfigWithRegistry
=== RUN   TestGetMCPConfigWithRegistry/stdio_config_with_registry
=== RUN   TestGetMCPConfigWithRegistry/http_config_with_registry
=== RUN   TestGetMCPConfigWithRegistry/config_without_registry
--- PASS: TestGetMCPConfigWithRegistry (0.00s)
    --- PASS: TestGetMCPConfigWithRegistry/stdio_config_with_registry (0.00s)
    --- PASS: TestGetMCPConfigWithRegistry/http_config_with_registry (0.00s)
    --- PASS: TestGetMCPConfigWithRegistry/config_without_registry (0.00s)
=== RUN   TestGetMCPConfigWithProxyArgs
=== RUN   TestGetMCPConfigWithProxyArgs/stdio_config_with_proxy-args
=== RUN   TestGetMCPConfigWithProxyArgs/config_without_proxy-args
--- PASS: TestGetMCPConfigWithProxyArgs (0.00s)
    --- PASS: TestGetMCPConfigWithProxyArgs/stdio_config_with_proxy-args (0.00s)
    --- PASS: TestGetMCPConfigWithProxyArgs/config_without_proxy-args (0.00s)
=== RUN   TestGetMCPConfigWithAllowedTools
=== RUN   TestGetMCPConfigWithAllowedTools/config_with_allowed_tools
=== RUN   TestGetMCPConfigWithAllowedTools/config_without_allowed_tools
=== RUN   TestGetMCPConfigWithAllowedTools/config_with_empty_allowed_array
--- PASS: TestGetMCPConfigWithAllowedTools (0.00s)
    --- PASS: TestGetMCPConfigWithAllowedTools/config_with_allowed_tools (0.00s)
    --- PASS: TestGetMCPConfigWithAllowedTools/config_without_allowed_tools (0.00s)
    --- PASS: TestGetMCPConfigWithAllowedTools/config_with_empty_allowed_array (0.00s)
=== RUN   TestHasMCPConfigComprehensive
=== RUN   TestHasMCPConfigComprehensive/explicit_stdio_type
=== RUN   TestHasMCPConfigComprehensive/explicit_http_type
=== RUN   TestHasMCPConfigComprehensive/explicit_local_type_(normalized_to_stdio)
=== RUN   TestHasMCPConfigComprehensive/inferred_http_from_url_field
=== RUN   TestHasMCPConfigComprehensive/inferred_stdio_from_command_field
=== RUN   TestHasMCPConfigComprehensive/inferred_stdio_from_container_field
=== RUN   TestHasMCPConfigComprehensive/not_MCP_-_only_allowed_field
=== RUN   TestHasMCPConfigComprehensive/not_MCP_-_unknown_type
=== RUN   TestHasMCPConfigComprehensive/not_MCP_-_type_is_not_string
=== RUN   TestHasMCPConfigComprehensive/empty_config
--- PASS: TestHasMCPConfigComprehensive (0.00s)
    --- PASS: TestHasMCPConfigComprehensive/explicit_stdio_type (0.00s)
    --- PASS: TestHasMCPConfigComprehensive/explicit_http_type (0.00s)
    --- PASS: TestHasMCPConfigComprehensive/explicit_local_type_(normalized_to_stdio) (0.00s)
    --- PASS: TestHasMCPConfigComprehensive/inferred_http_from_url_field (0.00s)
    --- PASS: TestHasMCPConfigComprehensive/inferred_stdio_from_command_field (0.00s)
    --- PASS: TestHasMCPConfigComprehensive/inferred_stdio_from_container_field (0.00s)
    --- PASS: TestHasMCPConfigComprehensive/not_MCP_-_only_allowed_field (0.00s)
    --- PASS: TestHasMCPConfigComprehensive/not_MCP_-_unknown_type (0.00s)
    --- PASS: TestHasMCPConfigComprehensive/not_MCP_-_type_is_not_string (0.00s)
    --- PASS: TestHasMCPConfigComprehensive/empty_config (0.00s)
=== RUN   TestRenderSharedMCPConfig_CopilotFields
=== RUN   TestRenderSharedMCPConfig_CopilotFields/Copilot_engine_with_stdio_MCP_server
=== RUN   TestRenderSharedMCPConfig_CopilotFields/Copilot_engine_with_HTTP_MCP_server
=== RUN   TestRenderSharedMCPConfig_CopilotFields/Claude_engine_with_stdio_MCP_server_(no_copilot_fields)
=== RUN   TestRenderSharedMCPConfig_CopilotFields/Claude_engine_with_HTTP_MCP_server_(no_copilot_fields)
--- PASS: TestRenderSharedMCPConfig_CopilotFields (0.00s)
    --- PASS: TestRenderSharedMCPConfig_CopilotFields/Copilot_engine_with_stdio_MCP_server (0.00s)
    --- PASS: TestRenderSharedMCPConfig_CopilotFields/Copilot_engine_with_HTTP_MCP_server (0.00s)
    --- PASS: TestRenderSharedMCPConfig_CopilotFields/Claude_engine_with_stdio_MCP_server_(no_copilot_fields) (0.00s)
    --- PASS: TestRenderSharedMCPConfig_CopilotFields/Claude_engine_with_HTTP_MCP_server_(no_copilot_fields) (0.00s)
=== RUN   TestRenderSharedMCPConfig_ToolsFieldGeneration
=== RUN   TestRenderSharedMCPConfig_ToolsFieldGeneration/Specific_allowed_tools
=== RUN   TestRenderSharedMCPConfig_ToolsFieldGeneration/No_allowed_tools_-_defaults_to_all
=== RUN   TestRenderSharedMCPConfig_ToolsFieldGeneration/Empty_allowed_array_-_defaults_to_all
--- PASS: TestRenderSharedMCPConfig_ToolsFieldGeneration (0.00s)
    --- PASS: TestRenderSharedMCPConfig_ToolsFieldGeneration/Specific_allowed_tools (0.00s)
    --- PASS: TestRenderSharedMCPConfig_ToolsFieldGeneration/No_allowed_tools_-_defaults_to_all (0.00s)
    --- PASS: TestRenderSharedMCPConfig_ToolsFieldGeneration/Empty_allowed_array_-_defaults_to_all (0.00s)
=== RUN   TestRenderSharedMCPConfig_TypeConversion
=== RUN   TestRenderSharedMCPConfig_TypeConversion/stdio_to_local_conversion_for_copilot
=== RUN   TestRenderSharedMCPConfig_TypeConversion/http_stays_http_for_copilot
=== RUN   TestRenderSharedMCPConfig_TypeConversion/stdio_included_for_claude
=== RUN   TestRenderSharedMCPConfig_TypeConversion/http_included_for_claude
--- PASS: TestRenderSharedMCPConfig_TypeConversion (0.00s)
    --- PASS: TestRenderSharedMCPConfig_TypeConversion/stdio_to_local_conversion_for_copilot (0.00s)
    --- PASS: TestRenderSharedMCPConfig_TypeConversion/http_stays_http_for_copilot (0.00s)
    --- PASS: TestRenderSharedMCPConfig_TypeConversion/stdio_included_for_claude (0.00s)
    --- PASS: TestRenderSharedMCPConfig_TypeConversion/http_included_for_claude (0.00s)
=== RUN   TestRenderSafeOutputsMCPConfigWithOptions
=== RUN   TestRenderSafeOutputsMCPConfigWithOptions/Copilot_with_stdio_container_and_escaped_env_vars
=== RUN   TestRenderSafeOutputsMCPConfigWithOptions/Claude/Custom_with_stdio_container_and_shell_variables
--- PASS: TestRenderSafeOutputsMCPConfigWithOptions (0.00s)
    --- PASS: TestRenderSafeOutputsMCPConfigWithOptions/Copilot_with_stdio_container_and_escaped_env_vars (0.00s)
    --- PASS: TestRenderSafeOutputsMCPConfigWithOptions/Claude/Custom_with_stdio_container_and_shell_variables (0.00s)
=== RUN   TestRenderAgenticWorkflowsMCPConfigWithOptions
=== RUN   TestRenderAgenticWorkflowsMCPConfigWithOptions/Copilot_dev_mode_without_entrypoint/args
=== RUN   TestRenderAgenticWorkflowsMCPConfigWithOptions/Copilot_release_mode_with_entrypoint/args
=== RUN   TestRenderAgenticWorkflowsMCPConfigWithOptions/Claude/Custom_dev_mode_without_entrypoint/args
--- PASS: TestRenderAgenticWorkflowsMCPConfigWithOptions (0.00s)
    --- PASS: TestRenderAgenticWorkflowsMCPConfigWithOptions/Copilot_dev_mode_without_entrypoint/args (0.00s)
    --- PASS: TestRenderAgenticWorkflowsMCPConfigWithOptions/Copilot_release_mode_with_entrypoint/args (0.00s)
    --- PASS: TestRenderAgenticWorkflowsMCPConfigWithOptions/Claude/Custom_dev_mode_without_entrypoint/args (0.00s)
=== RUN   TestRenderSafeOutputsMCPConfigTOML
--- PASS: TestRenderSafeOutputsMCPConfigTOML (0.00s)
=== RUN   TestRenderSafeOutputsMCPConfigTOMLStableAcrossSandboxModes
=== RUN   TestRenderSafeOutputsMCPConfigTOMLStableAcrossSandboxModes/nil_workflowData
=== RUN   TestRenderSafeOutputsMCPConfigTOMLStableAcrossSandboxModes/agent_enabled
=== RUN   TestRenderSafeOutputsMCPConfigTOMLStableAcrossSandboxModes/agent_disabled
--- PASS: TestRenderSafeOutputsMCPConfigTOMLStableAcrossSandboxModes (0.00s)
    --- PASS: TestRenderSafeOutputsMCPConfigTOMLStableAcrossSandboxModes/nil_workflowData (0.00s)
    --- PASS: TestRenderSafeOutputsMCPConfigTOMLStableAcrossSandboxModes/agent_enabled (0.00s)
    --- PASS: TestRenderSafeOutputsMCPConfigTOMLStableAcrossSandboxModes/agent_disabled (0.00s)
=== RUN   TestRenderAgenticWorkflowsMCPConfigTOML
=== RUN   TestRenderAgenticWorkflowsMCPConfigTOML/dev_mode_without_entrypoint/args
=== RUN   TestRenderAgenticWorkflowsMCPConfigTOML/release_mode_with_entrypoint_and_mounts
--- PASS: TestRenderAgenticWorkflowsMCPConfigTOML (0.00s)
    --- PASS: TestRenderAgenticWorkflowsMCPConfigTOML/dev_mode_without_entrypoint/args (0.00s)
    --- PASS: TestRenderAgenticWorkflowsMCPConfigTOML/release_mode_with_entrypoint_and_mounts (0.00s)
=== RUN   TestEngineMethodsDelegateToShared
=== RUN   TestEngineMethodsDelegateToShared/Claude_engine_Playwright_delegation_via_unified_renderer
=== RUN   TestEngineMethodsDelegateToShared/Custom_engine_Playwright_delegation
=== RUN   TestEngineMethodsDelegateToShared/Claude_and_Custom_engines_produce_identical_output
--- PASS: TestEngineMethodsDelegateToShared (0.00s)
    --- PASS: TestEngineMethodsDelegateToShared/Claude_engine_Playwright_delegation_via_unified_renderer (0.00s)
    --- PASS: TestEngineMethodsDelegateToShared/Custom_engine_Playwright_delegation (0.00s)
    --- PASS: TestEngineMethodsDelegateToShared/Claude_and_Custom_engines_produce_identical_output (0.00s)
=== RUN   TestRewriteLocalhostToDockerHost
=== RUN   TestRewriteLocalhostToDockerHost/http://localhost_with_port
=== RUN   TestRewriteLocalhostToDockerHost/http://localhost_without_port
=== RUN   TestRewriteLocalhostToDockerHost/http://localhost_with_path
=== RUN   TestRewriteLocalhostToDockerHost/https://localhost_with_port
=== RUN   TestRewriteLocalhostToDockerHost/127.0.0.1_with_port
=== RUN   TestRewriteLocalhostToDockerHost/external_URL_should_not_be_rewritten
=== RUN   TestRewriteLocalhostToDockerHost/URL_with_localhost_in_path_should_not_be_fully_rewritten
--- PASS: TestRewriteLocalhostToDockerHost (0.00s)
    --- PASS: TestRewriteLocalhostToDockerHost/http://localhost_with_port (0.00s)
    --- PASS: TestRewriteLocalhostToDockerHost/http://localhost_without_port (0.00s)
    --- PASS: TestRewriteLocalhostToDockerHost/http://localhost_with_path (0.00s)
    --- PASS: TestRewriteLocalhostToDockerHost/https://localhost_with_port (0.00s)
    --- PASS: TestRewriteLocalhostToDockerHost/127.0.0.1_with_port (0.00s)
    --- PASS: TestRewriteLocalhostToDockerHost/external_URL_should_not_be_rewritten (0.00s)
    --- PASS: TestRewriteLocalhostToDockerHost/URL_with_localhost_in_path_should_not_be_fully_rewritten (0.00s)
=== RUN   TestHTTPMCPServerLocalhostRewritingWithFirewall
=== RUN   TestHTTPMCPServerLocalhostRewritingWithFirewall/localhost_URL_rewritten_when_firewall_enabled_(default)
=== RUN   TestHTTPMCPServerLocalhostRewritingWithFirewall/localhost_URL_preserved_when_firewall_disabled
=== RUN   TestHTTPMCPServerLocalhostRewritingWithFirewall/external_URL_not_rewritten_regardless_of_firewall
--- PASS: TestHTTPMCPServerLocalhostRewritingWithFirewall (0.00s)
    --- PASS: TestHTTPMCPServerLocalhostRewritingWithFirewall/localhost_URL_rewritten_when_firewall_enabled_(default) (0.00s)
    --- PASS: TestHTTPMCPServerLocalhostRewritingWithFirewall/localhost_URL_preserved_when_firewall_disabled (0.00s)
    --- PASS: TestHTTPMCPServerLocalhostRewritingWithFirewall/external_URL_not_rewritten_regardless_of_firewall (0.00s)
=== RUN   TestGitHubMCPConfiguration
=== RUN   TestGitHubMCPConfiguration/default_Docker_server
/tmp/gh-aw-test-runs/20260704-173215-1254793/mcp-config-test905393490/default Docker server-workflow.md: warning: Missing required permissions for GitHub toolsets:
  - issues: read (required by issues)
  - pull-requests: read (required by pull_requests)

To fix this, you can either:

Option 1: Add missing permissions to your workflow frontmatter:
permissions:
  issues: read
  pull-requests: read

See: https://github.com/github/gh-aw/blob/main/docs/src/content/docs/reference/permissions.md

Option 2: Reduce the required toolsets in your workflow:
Remove or adjust toolsets that require these permissions:
  - issues
  - pull_requests

/tmp/gh-aw-test-runs/20260704-173215-1254793/mcp-config-test905393490/default Docker server-workflow.md: warning: safe update mode detected unapproved changes

New restricted secret(s):
  - ANTHROPIC_API_KEY

Remediation options:
  1. Use the --approve flag to allow the changes.
  2. Revert the unapproved changes.
  3. Use an interactive coding agent to review and approve the changes.

✓ /tmp/gh-aw-test-runs/20260704-173215-1254793/mcp-config-test905393490/default Docker server-workflow.md (78.2 KB)
--- PASS: TestGitHubMCPConfiguration (0.01s)
    --- PASS: TestGitHubMCPConfiguration/default_Docker_server (0.01s)
=== RUN   TestGenerateGitHubMCPConfig
=== RUN   TestGenerateGitHubMCPConfig/nil_github_tool
=== RUN   TestGenerateGitHubMCPConfig/empty_github_tool_config
=== RUN   TestGenerateGitHubMCPConfig/explicit_docker_config_(redundant)
=== RUN   TestGenerateGitHubMCPConfig/nil_github_tool_defaults_to_docker
--- PASS: TestGenerateGitHubMCPConfig (0.00s)
    --- PASS: TestGenerateGitHubMCPConfig/nil_github_tool (0.00s)
    --- PASS: TestGenerateGitHubMCPConfig/empty_github_tool_config (0.00s)
    --- PASS: TestGenerateGitHubMCPConfig/explicit_docker_config_(redundant) (0.00s)
    --- PASS: TestGenerateGitHubMCPConfig/nil_github_tool_defaults_to_docker (0.00s)
=== RUN   TestMCPConfigurationEdgeCases
=== RUN   TestMCPConfigurationEdgeCases/last_server_with_docker_config
=== RUN   TestMCPConfigurationEdgeCases/not_last_server_with_docker_config
--- PASS: TestMCPConfigurationEdgeCases (0.00s)
    --- PASS: TestMCPConfigurationEdgeCases/last_server_with_docker_config (0.00s)
    --- PASS: TestMCPConfigurationEdgeCases/not_last_server_with_docker_config (0.00s)
=== RUN   TestValidateMCPMountsSyntax
=== RUN   TestValidateMCPMountsSyntax/valid_[]string_-_ro_mount
=== RUN   TestValidateMCPMountsSyntax/valid_[]string_-_rw_mount
=== RUN   TestValidateMCPMountsSyntax/valid_[]any_with_string_items
=== RUN   TestValidateMCPMountsSyntax/empty_[]string
=== RUN   TestValidateMCPMountsSyntax/invalid_type_—_neither_[]any_nor_[]string
=== RUN   TestValidateMCPMountsSyntax/invalid_format_—_too_few_parts
=== RUN   TestValidateMCPMountsSyntax/invalid_format_—_too_many_parts
=== RUN   TestValidateMCPMountsSyntax/invalid_mode_value
=== RUN   TestValidateMCPMountsSyntax/invalid_mode_uppercase_—_case_sensitive
=== RUN   TestValidateMCPMountsSyntax/empty_source_path
=== RUN   TestValidateMCPMountsSyntax/empty_destination_path
=== RUN   TestValidateMCPMountsSyntax/error_message_includes_tool_name
=== RUN   TestValidateMCPMountsSyntax/error_message_includes_mount_index
=== RUN   TestValidateMCPMountsSyntax/[]any_with_non-string_items_are_silently_skipped
--- PASS: TestValidateMCPMountsSyntax (0.00s)
    --- PASS: TestValidateMCPMountsSyntax/valid_[]string_-_ro_mount (0.00s)
    --- PASS: TestValidateMCPMountsSyntax/valid_[]string_-_rw_mount (0.00s)
    --- PASS: TestValidateMCPMountsSyntax/valid_[]any_with_string_items (0.00s)
    --- PASS: TestValidateMCPMountsSyntax/empty_[]string (0.00s)
    --- PASS: TestValidateMCPMountsSyntax/invalid_type_—_neither_[]any_nor_[]string (0.00s)
    --- PASS: TestValidateMCPMountsSyntax/invalid_format_—_too_few_parts (0.00s)
    --- PASS: TestValidateMCPMountsSyntax/invalid_format_—_too_many_parts (0.00s)
    --- PASS: TestValidateMCPMountsSyntax/invalid_mode_value (0.00s)
    --- PASS: TestValidateMCPMountsSyntax/invalid_mode_uppercase_—_case_sensitive (0.00s)
    --- PASS: TestValidateMCPMountsSyntax/empty_source_path (0.00s)
    --- PASS: TestValidateMCPMountsSyntax/empty_destination_path (0.00s)
    --- PASS: TestValidateMCPMountsSyntax/error_message_includes_tool_name (0.00s)
    --- PASS: TestValidateMCPMountsSyntax/error_message_includes_mount_index (0.00s)
    --- PASS: TestValidateMCPMountsSyntax/[]any_with_non-string_items_are_silently_skipped (0.00s)
=== RUN   TestContainerWithCustomArgs
--- PASS: TestContainerWithCustomArgs (0.00s)
=== RUN   TestContainerWithoutCustomArgs
--- PASS: TestContainerWithoutCustomArgs (0.00s)
=== RUN   TestContainerWithVersionField
--- PASS: TestContainerWithVersionField (0.00s)
=== RUN   TestContainerWithEntrypointArgs
--- PASS: TestContainerWithEntrypointArgs (0.00s)
=== RUN   TestContainerWithArgsAndEntrypointArgs
--- PASS: TestContainerWithArgsAndEntrypointArgs (0.00s)
=== RUN   TestHasMCPServers
=== RUN   TestHasMCPServers/nil_workflow_data
=== RUN   TestHasMCPServers/workflow_with_github_tool
=== RUN   TestHasMCPServers/workflow_with_playwright_tool
=== RUN   TestHasMCPServers/workflow_with_cache-memory_tool
=== RUN   TestHasMCPServers/workflow_with_agentic-workflows_tool
=== RUN   TestHasMCPServers/workflow_with_disabled_github_tool
=== RUN   TestHasMCPServers/workflow_with_custom_MCP_tool
=== RUN   TestHasMCPServers/workflow_with_safe-outputs_enabled
=== RUN   TestHasMCPServers/workflow_with_mcp-scripts_enabled
=== RUN   TestHasMCPServers/workflow_with_no_MCP_servers
=== RUN   TestHasMCPServers/workflow_with_multiple_MCP_tools
=== RUN   TestHasMCPServers/workflow_with_mixed_enabled_and_disabled_tools
=== RUN   TestHasMCPServers/workflow_with_playwright_in_CLI_mode_is_not_an_MCP_server
=== RUN   TestHasMCPServers/workflow_with_playwright_in_MCP_mode_(explicit)_is_an_MCP_server
=== RUN   TestHasMCPServers/workflow_with_playwright_CLI_mode_plus_other_MCP_tool_still_has_MCP_servers
--- PASS: TestHasMCPServers (0.00s)
    --- PASS: TestHasMCPServers/nil_workflow_data (0.00s)
    --- PASS: TestHasMCPServers/workflow_with_github_tool (0.00s)
    --- PASS: TestHasMCPServers/workflow_with_playwright_tool (0.00s)
    --- PASS: TestHasMCPServers/workflow_with_cache-memory_tool (0.00s)
    --- PASS: TestHasMCPServers/workflow_with_agentic-workflows_tool (0.00s)
    --- PASS: TestHasMCPServers/workflow_with_disabled_github_tool (0.00s)
    --- PASS: TestHasMCPServers/workflow_with_custom_MCP_tool (0.00s)
    --- PASS: TestHasMCPServers/workflow_with_safe-outputs_enabled (0.00s)
    --- PASS: TestHasMCPServers/workflow_with_mcp-scripts_enabled (0.00s)
    --- PASS: TestHasMCPServers/workflow_with_no_MCP_servers (0.00s)
    --- PASS: TestHasMCPServers/workflow_with_multiple_MCP_tools (0.00s)
    --- PASS: TestHasMCPServers/workflow_with_mixed_enabled_and_disabled_tools (0.00s)
    --- PASS: TestHasMCPServers/workflow_with_playwright_in_CLI_mode_is_not_an_MCP_server (0.00s)
    --- PASS: TestHasMCPServers/workflow_with_playwright_in_MCP_mode_(explicit)_is_an_MCP_server (0.00s)
    --- PASS: TestHasMCPServers/workflow_with_playwright_CLI_mode_plus_other_MCP_tool_still_has_MCP_servers (0.00s)
=== RUN   TestHasMCPServers_EdgeCases
=== RUN   TestHasMCPServers_EdgeCases/empty_tools_map
=== RUN   TestHasMCPServers_EdgeCases/tools_map_with_non-MCP_tools
=== RUN   TestHasMCPServers_EdgeCases/safe-outputs_with_no_fields
=== RUN   TestHasMCPServers_EdgeCases/mcp-scripts_without_feature_flag
--- PASS: TestHasMCPServers_EdgeCases (0.00s)
    --- PASS: TestHasMCPServers_EdgeCases/empty_tools_map (0.00s)
    --- PASS: TestHasMCPServers_EdgeCases/tools_map_with_non-MCP_tools (0.00s)
    --- PASS: TestHasMCPServers_EdgeCases/safe-outputs_with_no_fields (0.00s)
    --- PASS: TestHasMCPServers_EdgeCases/mcp-scripts_without_feature_flag (0.00s)
=== RUN   TestHasGitHubOIDCAuthInTools
=== RUN   TestHasGitHubOIDCAuthInTools/empty_tools
=== RUN   TestHasGitHubOIDCAuthInTools/only_standard_tools_(github,_playwright)
=== RUN   TestHasGitHubOIDCAuthInTools/http_server_with_headers_but_no_auth
=== RUN   TestHasGitHubOIDCAuthInTools/http_server_with_github-oidc_auth
=== RUN   TestHasGitHubOIDCAuthInTools/http_server_with_github-oidc_auth_no_audience
=== RUN   TestHasGitHubOIDCAuthInTools/mixed_servers_with_one_oidc
=== RUN   TestHasGitHubOIDCAuthInTools/stdio_server_is_not_treated_as_oidc
--- PASS: TestHasGitHubOIDCAuthInTools (0.00s)
    --- PASS: TestHasGitHubOIDCAuthInTools/empty_tools (0.00s)
    --- PASS: TestHasGitHubOIDCAuthInTools/only_standard_tools_(github,_playwright) (0.00s)
    --- PASS: TestHasGitHubOIDCAuthInTools/http_server_with_headers_but_no_auth (0.00s)
    --- PASS: TestHasGitHubOIDCAuthInTools/http_server_with_github-oidc_auth (0.00s)
    --- PASS: TestHasGitHubOIDCAuthInTools/http_server_with_github-oidc_auth_no_audience (0.00s)
    --- PASS: TestHasGitHubOIDCAuthInTools/mixed_servers_with_one_oidc (0.00s)
    --- PASS: TestHasGitHubOIDCAuthInTools/stdio_server_is_not_treated_as_oidc (0.00s)
=== RUN   TestOIDCEnvVarsInDockerCommand
--- PASS: TestOIDCEnvVarsInDockerCommand (0.00s)
=== RUN   TestOIDCEnvVarsNotInDockerCommandWithoutOIDCAuth
--- PASS: TestOIDCEnvVarsNotInDockerCommandWithoutOIDCAuth (0.00s)
=== RUN   TestCollectMCPEnvironmentVariables_CodexEngineIncludesCODEXHOME
--- PASS: TestCollectMCPEnvironmentVariables_CodexEngineIncludesCODEXHOME (0.00s)
=== RUN   TestCollectMCPEnvironmentVariables_NonCodexEngineExcludesCODEXHOME
=== RUN   TestCollectMCPEnvironmentVariables_NonCodexEngineExcludesCODEXHOME/engine=copilot
=== RUN   TestCollectMCPEnvironmentVariables_NonCodexEngineExcludesCODEXHOME/engine=claude
=== RUN   TestCollectMCPEnvironmentVariables_NonCodexEngineExcludesCODEXHOME/engine=
--- PASS: TestCollectMCPEnvironmentVariables_NonCodexEngineExcludesCODEXHOME (0.00s)
    --- PASS: TestCollectMCPEnvironmentVariables_NonCodexEngineExcludesCODEXHOME/engine=copilot (0.00s)
    --- PASS: TestCollectMCPEnvironmentVariables_NonCodexEngineExcludesCODEXHOME/engine=claude (0.00s)
    --- PASS: TestCollectMCPEnvironmentVariables_NonCodexEngineExcludesCODEXHOME/engine= (0.00s)
=== RUN   TestMCPErrorMessageQuality
=== RUN   TestMCPErrorMessageQuality/unknown_property_in_MCP_config
=== RUN   TestMCPErrorMessageQuality/missing_type/url/command/container
=== RUN   TestMCPErrorMessageQuality/http_MCP_missing_url
=== RUN   TestMCPErrorMessageQuality/unsupported_MCP_type
--- PASS: TestMCPErrorMessageQuality (0.00s)
    --- PASS: TestMCPErrorMessageQuality/unknown_property_in_MCP_config (0.00s)
    --- PASS: TestMCPErrorMessageQuality/missing_type/url/command/container (0.00s)
    --- PASS: TestMCPErrorMessageQuality/http_MCP_missing_url (0.00s)
    --- PASS: TestMCPErrorMessageQuality/unsupported_MCP_type (0.00s)
=== RUN   TestParserMCPErrorMessageQuality
=== RUN   TestParserMCPErrorMessageQuality/invalid_mcp_configuration_format_-_wrong_type
=== RUN   TestParserMCPErrorMessageQuality/type_field_must_be_string
=== RUN   TestParserMCPErrorMessageQuality/stdio_missing_command_or_container
=== RUN   TestParserMCPErrorMessageQuality/http_missing_url_field
=== RUN   TestParserMCPErrorMessageQuality/url_must_be_string
=== RUN   TestParserMCPErrorMessageQuality/command_must_be_string
=== RUN   TestParserMCPErrorMessageQuality/registry_must_be_string
=== RUN   TestParserMCPErrorMessageQuality/unsupported_type_in_parser
--- PASS: TestParserMCPErrorMessageQuality (0.00s)
    --- PASS: TestParserMCPErrorMessageQuality/invalid_mcp_configuration_format_-_wrong_type (0.00s)
    --- PASS: TestParserMCPErrorMessageQuality/type_field_must_be_string (0.00s)
    --- PASS: TestParserMCPErrorMessageQuality/stdio_missing_command_or_container (0.00s)
    --- PASS: TestParserMCPErrorMessageQuality/http_missing_url_field (0.00s)
    --- PASS: TestParserMCPErrorMessageQuality/url_must_be_string (0.00s)
    --- PASS: TestParserMCPErrorMessageQuality/command_must_be_string (0.00s)
    --- PASS: TestParserMCPErrorMessageQuality/registry_must_be_string (0.00s)
    --- PASS: TestParserMCPErrorMessageQuality/unsupported_type_in_parser (0.00s)
=== RUN   TestMCPErrorMessageStructure
=== RUN   TestMCPErrorMessageStructure/unknown_property
=== RUN   TestMCPErrorMessageStructure/missing_required_fields
=== RUN   TestMCPErrorMessageStructure/http_without_url
=== RUN   TestMCPErrorMessageStructure/unsupported_type
--- PASS: TestMCPErrorMessageStructure (0.00s)
    --- PASS: TestMCPErrorMessageStructure/unknown_property (0.00s)
    --- PASS: TestMCPErrorMessageStructure/missing_required_fields (0.00s)
    --- PASS: TestMCPErrorMessageStructure/http_without_url (0.00s)
    --- PASS: TestMCPErrorMessageStructure/unsupported_type (0.00s)
=== RUN   TestEnsureDefaultMCPGatewayConfig
=== RUN   TestEnsureDefaultMCPGatewayConfig/nil_workflow_data
=== RUN   TestEnsureDefaultMCPGatewayConfig/creates_default_config_when_none_exists
=== RUN   TestEnsureDefaultMCPGatewayConfig/fills_in_missing_container_field
=== RUN   TestEnsureDefaultMCPGatewayConfig/fills_in_missing_version_field
=== RUN   TestEnsureDefaultMCPGatewayConfig/fills_in_missing_port_field
=== RUN   TestEnsureDefaultMCPGatewayConfig/preserves_user-specified_latest_version
=== RUN   TestEnsureDefaultMCPGatewayConfig/adds_default_mounts_when_none_exist
=== RUN   TestEnsureDefaultMCPGatewayConfig/preserves_custom_mounts
=== RUN   TestEnsureDefaultMCPGatewayConfig/adds_safeoutputs_mount_to_custom_mounts_when_upload_assets_enabled
=== RUN   TestEnsureDefaultMCPGatewayConfig/fills_in_missing_payloadDir_field
=== RUN   TestEnsureDefaultMCPGatewayConfig/preserves_custom_payloadDir
=== RUN   TestEnsureDefaultMCPGatewayConfig/preserves_payloadPathPrefix_when_specified
=== RUN   TestEnsureDefaultMCPGatewayConfig/preserves_payloadSizeThreshold_when_specified
--- PASS: TestEnsureDefaultMCPGatewayConfig (0.00s)
    --- PASS: TestEnsureDefaultMCPGatewayConfig/nil_workflow_data (0.00s)
    --- PASS: TestEnsureDefaultMCPGatewayConfig/creates_default_config_when_none_exists (0.00s)
    --- PASS: TestEnsureDefaultMCPGatewayConfig/fills_in_missing_container_field (0.00s)
    --- PASS: TestEnsureDefaultMCPGatewayConfig/fills_in_missing_version_field (0.00s)
    --- PASS: TestEnsureDefaultMCPGatewayConfig/fills_in_missing_port_field (0.00s)
    --- PASS: TestEnsureDefaultMCPGatewayConfig/preserves_user-specified_latest_version (0.00s)
    --- PASS: TestEnsureDefaultMCPGatewayConfig/adds_default_mounts_when_none_exist (0.00s)
    --- PASS: TestEnsureDefaultMCPGatewayConfig/preserves_custom_mounts (0.00s)
    --- PASS: TestEnsureDefaultMCPGatewayConfig/adds_safeoutputs_mount_to_custom_mounts_when_upload_assets_enabled (0.00s)
    --- PASS: TestEnsureDefaultMCPGatewayConfig/fills_in_missing_payloadDir_field (0.00s)
    --- PASS: TestEnsureDefaultMCPGatewayConfig/preserves_custom_payloadDir (0.00s)
    --- PASS: TestEnsureDefaultMCPGatewayConfig/preserves_payloadPathPrefix_when_specified (0.00s)
    --- PASS: TestEnsureDefaultMCPGatewayConfig/preserves_payloadSizeThreshold_when_specified (0.00s)
=== RUN   TestBuildMCPGatewayConfig
=== RUN   TestBuildMCPGatewayConfig/nil_workflow_data
=== RUN   TestBuildMCPGatewayConfig/agent_sandbox_disabled_-_MCP_gateway_still_enabled
=== RUN   TestBuildMCPGatewayConfig/creates_default_gateway_config
=== RUN   TestBuildMCPGatewayConfig/with_sandbox_enabled
=== RUN   TestBuildMCPGatewayConfig/with_custom_payloadPathPrefix
=== RUN   TestBuildMCPGatewayConfig/with_custom_payloadSizeThreshold
=== RUN   TestBuildMCPGatewayConfig/uses_default_payloadSizeThreshold_when_not_specified
=== RUN   TestBuildMCPGatewayConfig/propagates_trustedBots_from_frontmatter_config
=== RUN   TestBuildMCPGatewayConfig/propagates_custom_keepaliveInterval_from_frontmatter_config
=== RUN   TestBuildMCPGatewayConfig/propagates_disabled_keepaliveInterval_(-1)_from_frontmatter_config
=== RUN   TestBuildMCPGatewayConfig/propagates_session-timeout_from_engine_config
=== RUN   TestBuildMCPGatewayConfig/empty_session-timeout_when_engine_config_is_nil
=== RUN   TestBuildMCPGatewayConfig/propagates_tool-timeout_from_engine_config
=== RUN   TestBuildMCPGatewayConfig/propagates_both_session-timeout_and_tool-timeout_from_engine_config
--- PASS: TestBuildMCPGatewayConfig (0.00s)
    --- PASS: TestBuildMCPGatewayConfig/nil_workflow_data (0.00s)
    --- PASS: TestBuildMCPGatewayConfig/agent_sandbox_disabled_-_MCP_gateway_still_enabled (0.00s)
    --- PASS: TestBuildMCPGatewayConfig/creates_default_gateway_config (0.00s)
    --- PASS: TestBuildMCPGatewayConfig/with_sandbox_enabled (0.00s)
    --- PASS: TestBuildMCPGatewayConfig/with_custom_payloadPathPrefix (0.00s)
    --- PASS: TestBuildMCPGatewayConfig/with_custom_payloadSizeThreshold (0.00s)
    --- PASS: TestBuildMCPGatewayConfig/uses_default_payloadSizeThreshold_when_not_specified (0.00s)
    --- PASS: TestBuildMCPGatewayConfig/propagates_trustedBots_from_frontmatter_config (0.00s)
    --- PASS: TestBuildMCPGatewayConfig/propagates_custom_keepaliveInterval_from_frontmatter_config (0.00s)
    --- PASS: TestBuildMCPGatewayConfig/propagates_disabled_keepaliveInterval_(-1)_from_frontmatter_config (0.00s)
    --- PASS: TestBuildMCPGatewayConfig/propagates_session-timeout_from_engine_config (0.00s)
    --- PASS: TestBuildMCPGatewayConfig/empty_session-timeout_when_engine_config_is_nil (0.00s)
    --- PASS: TestBuildMCPGatewayConfig/propagates_tool-timeout_from_engine_config (0.00s)
    --- PASS: TestBuildMCPGatewayConfig/propagates_both_session-timeout_and_tool-timeout_from_engine_config (0.00s)
=== RUN   TestIsSandboxDisabled
=== RUN   TestIsSandboxDisabled/nil_workflow_data
=== RUN   TestIsSandboxDisabled/nil_sandbox_config
=== RUN   TestIsSandboxDisabled/agent_sandbox_disabled_-_isSandboxDisabled_always_returns_false_(deprecated)
=== RUN   TestIsSandboxDisabled/sandbox_enabled
=== RUN   TestIsSandboxDisabled/nil_agent_config
--- PASS: TestIsSandboxDisabled (0.00s)
    --- PASS: TestIsSandboxDisabled/nil_workflow_data (0.00s)
    --- PASS: TestIsSandboxDisabled/nil_sandbox_config (0.00s)
    --- PASS: TestIsSandboxDisabled/agent_sandbox_disabled_-_isSandboxDisabled_always_returns_false_(deprecated) (0.00s)
    --- PASS: TestIsSandboxDisabled/sandbox_enabled (0.00s)
    --- PASS: TestIsSandboxDisabled/nil_agent_config (0.00s)
=== RUN   TestIsAgentSandboxDisabled
=== RUN   TestIsAgentSandboxDisabled/nil_workflow_data
=== RUN   TestIsAgentSandboxDisabled/nil_sandbox_config
=== RUN   TestIsAgentSandboxDisabled/agent_sandbox_disabled
=== RUN   TestIsAgentSandboxDisabled/agent_sandbox_enabled
=== RUN   TestIsAgentSandboxDisabled/nil_agent_config
--- PASS: TestIsAgentSandboxDisabled (0.00s)
    --- PASS: TestIsAgentSandboxDisabled/nil_workflow_data (0.00s)
    --- PASS: TestIsAgentSandboxDisabled/nil_sandbox_config (0.00s)
    --- PASS: TestIsAgentSandboxDisabled/agent_sandbox_disabled (0.00s)
    --- PASS: TestIsAgentSandboxDisabled/agent_sandbox_enabled (0.00s)
    --- PASS: TestIsAgentSandboxDisabled/nil_agent_config (0.00s)
=== RUN   TestMCPGatewayEntrypointE2E
/tmp/gh-aw-test-runs/20260704-173215-1254793/entrypoint-test1714516697/test-entrypoint.md: info: Tip: set permissions.copilot-requests: write to use GitHub Actions token-based inference with the Copilot engine instead of a personal access token (COPILOT_GITHUB_TOKEN). This option requires that your organization has centralized Copilot billing enabled and may not be available in all organizations — see https://github.github.com/gh-aw/reference/billing/ for details.

✓ /tmp/gh-aw-test-runs/20260704-173215-1254793/entrypoint-test1714516697/test-entrypoint.md (77.2 KB)
--- PASS: TestMCPGatewayEntrypointE2E (0.01s)
=== RUN   TestMCPGatewayMountsE2E
/tmp/gh-aw-test-runs/20260704-173215-1254793/mounts-test2840997288/test-mounts.md: info: Tip: set permissions.copilot-requests: write to use GitHub Actions token-based inference with the Copilot engine instead of a personal access token (COPILOT_GITHUB_TOKEN). This option requires that your organization has centralized Copilot billing enabled and may not be available in all organizations — see https://github.github.com/gh-aw/reference/billing/ for details.

✓ /tmp/gh-aw-test-runs/20260704-173215-1254793/mounts-test2840997288/test-mounts.md (77.0 KB)
--- PASS: TestMCPGatewayMountsE2E (0.01s)
=== RUN   TestMCPGatewayEntrypointAndMountsE2E
/tmp/gh-aw-test-runs/20260704-173215-1254793/combined-test2779425160/test-combined.md: info: Tip: set permissions.copilot-requests: write to use GitHub Actions token-based inference with the Copilot engine instead of a personal access token (COPILOT_GITHUB_TOKEN). This option requires that your organization has centralized Copilot billing enabled and may not be available in all organizations — see https://github.github.com/gh-aw/reference/billing/ for details.

✓ /tmp/gh-aw-test-runs/20260704-173215-1254793/combined-test2779425160/test-combined.md (77.1 KB)
--- PASS: TestMCPGatewayEntrypointAndMountsE2E (0.01s)
=== RUN   TestMCPGatewayWithoutEntrypointOrMountsE2E
/tmp/gh-aw-test-runs/20260704-173215-1254793/default-test1208593371/test-default.md: info: Tip: set permissions.copilot-requests: write to use GitHub Actions token-based inference with the Copilot engine instead of a personal access token (COPILOT_GITHUB_TOKEN). This option requires that your organization has centralized Copilot billing enabled and may not be available in all organizations — see https://github.github.com/gh-aw/reference/billing/ for details.

✓ /tmp/gh-aw-test-runs/20260704-173215-1254793/default-test1208593371/test-default.md (77.1 KB)
--- PASS: TestMCPGatewayWithoutEntrypointOrMountsE2E (0.01s)
=== RUN   TestMCPGatewayEntrypointWithSpecialCharacters
/tmp/gh-aw-test-runs/20260704-173215-1254793/special-chars-test3263103522/test-special-chars.md: info: Tip: set permissions.copilot-requests: write to use GitHub Actions token-based inference with the Copilot engine instead of a personal access token (COPILOT_GITHUB_TOKEN). This option requires that your organization has centralized Copilot billing enabled and may not be available in all organizations — see https://github.github.com/gh-aw/reference/billing/ for details.

✓ /tmp/gh-aw-test-runs/20260704-173215-1254793/special-chars-test3263103522/test-special-chars.md (77.3 KB)
--- PASS: TestMCPGatewayEntrypointWithSpecialCharacters (0.01s)
=== RUN   TestMCPGatewayMountsWithVariables
/tmp/gh-aw-test-runs/20260704-173215-1254793/var-mounts-test1204329121/test-var-mounts.md: info: Tip: set permissions.copilot-requests: write to use GitHub Actions token-based inference with the Copilot engine instead of a personal access token (COPILOT_GITHUB_TOKEN). This option requires that your organization has centralized Copilot billing enabled and may not be available in all organizations — see https://github.github.com/gh-aw/reference/billing/ for details.

✓ /tmp/gh-aw-test-runs/20260704-173215-1254793/var-mounts-test1204329121/test-var-mounts.md (77.1 KB)
--- PASS: TestMCPGatewayMountsWithVariables (0.01s)
=== RUN   TestMCPGatewayDefaultMounts
--- PASS: TestMCPGatewayDefaultMounts (0.00s)
=== RUN   TestMCPGatewayCustomMounts
--- PASS: TestMCPGatewayCustomMounts (0.00s)
=== RUN   TestMCPGatewayCustomMountsWithUploadAssets
--- PASS: TestMCPGatewayCustomMountsWithUploadAssets (0.00s)
=== RUN   TestMCPGatewayMountsInDockerCommand
=== RUN   TestMCPGatewayMountsInDockerCommand/default_mounts
=== RUN   TestMCPGatewayMountsInDockerCommand/custom_mounts_with_spaces
=== RUN   TestMCPGatewayMountsInDockerCommand/no_mounts
--- PASS: TestMCPGatewayMountsInDockerCommand (0.00s)
    --- PASS: TestMCPGatewayMountsInDockerCommand/default_mounts (0.00s)
    --- PASS: TestMCPGatewayMountsInDockerCommand/custom_mounts_with_spaces (0.00s)
    --- PASS: TestMCPGatewayMountsInDockerCommand/no_mounts (0.00s)
=== RUN   TestMCPServerEntrypointField
=== RUN   TestMCPServerEntrypointField/entrypoint_with_entrypointArgs
=== RUN   TestMCPServerEntrypointField/entrypoint_without_entrypointArgs
=== RUN   TestMCPServerEntrypointField/entrypointArgs_without_entrypoint_(existing_behavior)
=== RUN   TestMCPServerEntrypointField/no_entrypoint_or_entrypointArgs
--- PASS: TestMCPServerEntrypointField (0.00s)
    --- PASS: TestMCPServerEntrypointField/entrypoint_with_entrypointArgs (0.00s)
    --- PASS: TestMCPServerEntrypointField/entrypoint_without_entrypointArgs (0.00s)
    --- PASS: TestMCPServerEntrypointField/entrypointArgs_without_entrypoint_(existing_behavior) (0.00s)
    --- PASS: TestMCPServerEntrypointField/no_entrypoint_or_entrypointArgs (0.00s)
=== RUN   TestMCPServerMountsInServerConfig
=== RUN   TestMCPServerMountsInServerConfig/mcp_server_with_mounts
=== RUN   TestMCPServerMountsInServerConfig/mcp_server_without_mounts
=== RUN   TestMCPServerMountsInServerConfig/mcp_server_with_single_mount
--- PASS: TestMCPServerMountsInServerConfig (0.00s)
    --- PASS: TestMCPServerMountsInServerConfig/mcp_server_with_mounts (0.00s)
    --- PASS: TestMCPServerMountsInServerConfig/mcp_server_without_mounts (0.00s)
    --- PASS: TestMCPServerMountsInServerConfig/mcp_server_with_single_mount (0.00s)
=== RUN   TestMCPServerEntrypointAndMountsCombinedExtraction
--- PASS: TestMCPServerEntrypointAndMountsCombinedExtraction (0.00s)
=== RUN   TestExtractSecretsFromValue
=== RUN   TestExtractSecretsFromValue/Single_secret
=== RUN   TestExtractSecretsFromValue/Secret_with_default_value
=== RUN   TestExtractSecretsFromValue/Multiple_secrets_in_one_value
=== RUN   TestExtractSecretsFromValue/No_secrets
=== RUN   TestExtractSecretsFromValue/Empty_string
--- PASS: TestExtractSecretsFromValue (0.00s)
    --- PASS: TestExtractSecretsFromValue/Single_secret (0.00s)
    --- PASS: TestExtractSecretsFromValue/Secret_with_default_value (0.00s)
    --- PASS: TestExtractSecretsFromValue/Multiple_secrets_in_one_value (0.00s)
    --- PASS: TestExtractSecretsFromValue/No_secrets (0.00s)
    --- PASS: TestExtractSecretsFromValue/Empty_string (0.00s)
=== RUN   TestExtractSecretsFromHeaders
--- PASS: TestExtractSecretsFromHeaders (0.00s)
=== RUN   TestReplaceSecretsWithEnvVars
=== RUN   TestReplaceSecretsWithEnvVars/Replace_single_secret
=== RUN   TestReplaceSecretsWithEnvVars/Replace_secret_with_default
=== RUN   TestReplaceSecretsWithEnvVars/Replace_in_Bearer_token
=== RUN   TestReplaceSecretsWithEnvVars/No_replacement_needed
--- PASS: TestReplaceSecretsWithEnvVars (0.00s)
    --- PASS: TestReplaceSecretsWithEnvVars/Replace_single_secret (0.00s)
    --- PASS: TestReplaceSecretsWithEnvVars/Replace_secret_with_default (0.00s)
    --- PASS: TestReplaceSecretsWithEnvVars/Replace_in_Bearer_token (0.00s)
    --- PASS: TestReplaceSecretsWithEnvVars/No_replacement_needed (0.00s)
=== RUN   TestReplaceSecretsWithBashVars
=== RUN   TestReplaceSecretsWithBashVars/Replace_single_secret
=== RUN   TestReplaceSecretsWithBashVars/Replace_secret_with_default
=== RUN   TestReplaceSecretsWithBashVars/Replace_in_Bearer_token
=== RUN   TestReplaceSecretsWithBashVars/No_replacement_needed
--- PASS: TestReplaceSecretsWithBashVars (0.00s)
    --- PASS: TestReplaceSecretsWithBashVars/Replace_single_secret (0.00s)
    --- PASS: TestReplaceSecretsWithBashVars/Replace_secret_with_default (0.00s)
    --- PASS: TestReplaceSecretsWithBashVars/Replace_in_Bearer_token (0.00s)
    --- PASS: TestReplaceSecretsWithBashVars/No_replacement_needed (0.00s)
=== RUN   TestRenderSharedMCPConfig_HTTPWithHeaderSecrets
--- PASS: TestRenderSharedMCPConfig_HTTPWithHeaderSecrets (0.00s)
=== RUN   TestRenderSharedMCPConfig_HTTPWithoutSecrets
--- PASS: TestRenderSharedMCPConfig_HTTPWithoutSecrets (0.00s)
=== RUN   TestCollectHTTPMCPHeaderSecrets
--- PASS: TestCollectHTTPMCPHeaderSecrets (0.00s)
=== RUN   TestRenderSharedMCPConfig_PropertyOrder
--- PASS: TestRenderSharedMCPConfig_PropertyOrder (0.00s)
=== RUN   TestRenderSharedMCPConfig_WithAuth
=== RUN   TestRenderSharedMCPConfig_WithAuth/renders_auth_after_headers_with_type_and_audience
=== RUN   TestRenderSharedMCPConfig_WithAuth/renders_auth_without_audience_(type_only)
=== RUN   TestRenderSharedMCPConfig_WithAuth/no_auth_block_when_auth_is_absent
--- PASS: TestRenderSharedMCPConfig_WithAuth (0.00s)
    --- PASS: TestRenderSharedMCPConfig_WithAuth/renders_auth_after_headers_with_type_and_audience (0.00s)
    --- PASS: TestRenderSharedMCPConfig_WithAuth/renders_auth_without_audience_(type_only) (0.00s)
    --- PASS: TestRenderSharedMCPConfig_WithAuth/no_auth_block_when_auth_is_absent (0.00s)
=== RUN   TestGetMCPConfig
=== RUN   TestGetMCPConfig/direct_fields
=== RUN   TestGetMCPConfig/inferred_stdio_type_from_command
=== RUN   TestGetMCPConfig/inferred_http_type_from_url
=== RUN   TestGetMCPConfig/no_MCP_fields
--- PASS: TestGetMCPConfig (0.00s)
    --- PASS: TestGetMCPConfig/direct_fields (0.00s)
    --- PASS: TestGetMCPConfig/inferred_stdio_type_from_command (0.00s)
    --- PASS: TestGetMCPConfig/inferred_http_type_from_url (0.00s)
    --- PASS: TestGetMCPConfig/no_MCP_fields (0.00s)
=== RUN   TestGetMCPConfigWithAuth
=== RUN   TestGetMCPConfigWithAuth/http_server_with_auth_type_and_audience_round-trips
=== RUN   TestGetMCPConfigWithAuth/http_server_with_auth_type_only_(no_audience)
=== RUN   TestGetMCPConfigWithAuth/http_server_without_auth_has_nil_Auth
--- PASS: TestGetMCPConfigWithAuth (0.00s)
    --- PASS: TestGetMCPConfigWithAuth/http_server_with_auth_type_and_audience_round-trips (0.00s)
    --- PASS: TestGetMCPConfigWithAuth/http_server_with_auth_type_only_(no_audience) (0.00s)
    --- PASS: TestGetMCPConfigWithAuth/http_server_without_auth_has_nil_Auth (0.00s)
=== RUN   TestHasMCPConfig
=== RUN   TestHasMCPConfig/direct_type_field_with_valid_type
=== RUN   TestHasMCPConfig/direct_type_field_with_invalid_type
=== RUN   TestHasMCPConfig/no_type_field
--- PASS: TestHasMCPConfig (0.00s)
    --- PASS: TestHasMCPConfig/direct_type_field_with_valid_type (0.00s)
    --- PASS: TestHasMCPConfig/direct_type_field_with_invalid_type (0.00s)
    --- PASS: TestHasMCPConfig/no_type_field (0.00s)
=== RUN   TestValidateMCPConfigs
=== RUN   TestValidateMCPConfigs/new_format:_valid_stdio_with_direct_fields
=== RUN   TestValidateMCPConfigs/new_format:_valid_http_with_direct_fields
=== RUN   TestValidateMCPConfigs/new_format:_stdio_with_container
=== RUN   TestValidateMCPConfigs/new_format:_stdio_with_container_and_network_config_should_fail
=== RUN   TestValidateMCPConfigs/new_format:_missing_type_and_no_inferrable_fields
=== RUN   TestValidateMCPConfigs/new_format:_invalid_type_value
=== RUN   TestValidateMCPConfigs/new_format:_http_missing_url
=== RUN   TestValidateMCPConfigs/new_format:_stdio_missing_command_and_container
=== RUN   TestValidateMCPConfigs/new_format:_both_command_and_container_specified
=== RUN   TestValidateMCPConfigs/valid_MCP_configs
=== RUN   TestValidateMCPConfigs/invalid_type_value
=== RUN   TestValidateMCPConfigs/invalid_type_in_MCP_config
=== RUN   TestValidateMCPConfigs/non-string_type_in_MCP_config
=== RUN   TestValidateMCPConfigs/http_type_missing_URL
=== RUN   TestValidateMCPConfigs/stdio_type_missing_command
=== RUN   TestValidateMCPConfigs/http_type_with_non-string_URL
=== RUN   TestValidateMCPConfigs/stdio_type_with_non-string_command
=== RUN   TestValidateMCPConfigs/valid_tools_without_MCP
=== RUN   TestValidateMCPConfigs/mixed_valid_and_invalid_MCP_configs
=== RUN   TestValidateMCPConfigs/network_field_in_tool_config_should_fail_(no_longer_supported)
=== RUN   TestValidateMCPConfigs/http_server_with_valid_auth_config_is_accepted
=== RUN   TestValidateMCPConfigs/http_server_with_auth_type_only_(no_audience)_is_accepted
=== RUN   TestValidateMCPConfigs/stdio_server_with_auth_is_rejected
=== RUN   TestValidateMCPConfigs/auth_without_type_field_is_rejected
=== RUN   TestValidateMCPConfigs/auth_with_unsupported_type_is_rejected
=== RUN   TestValidateMCPConfigs/auth_with_empty_type_string_is_rejected
--- PASS: TestValidateMCPConfigs (0.00s)
    --- PASS: TestValidateMCPConfigs/new_format:_valid_stdio_with_direct_fields (0.00s)
    --- PASS: TestValidateMCPConfigs/new_format:_valid_http_with_direct_fields (0.00s)
    --- PASS: TestValidateMCPConfigs/new_format:_stdio_with_container (0.00s)
    --- PASS: TestValidateMCPConfigs/new_format:_stdio_with_container_and_network_config_should_fail (0.00s)
    --- PASS: TestValidateMCPConfigs/new_format:_missing_type_and_no_inferrable_fields (0.00s)
    --- PASS: TestValidateMCPConfigs/new_format:_invalid_type_value (0.00s)
    --- PASS: TestValidateMCPConfigs/new_format:_http_missing_url (0.00s)
    --- PASS: TestValidateMCPConfigs/new_format:_stdio_missing_command_and_container (0.00s)
    --- PASS: TestValidateMCPConfigs/new_format:_both_command_and_container_specified (0.00s)
    --- PASS: TestValidateMCPConfigs/valid_MCP_configs (0.00s)
    --- PASS: TestValidateMCPConfigs/invalid_type_value (0.00s)
    --- PASS: TestValidateMCPConfigs/invalid_type_in_MCP_config (0.00s)
    --- PASS: TestValidateMCPConfigs/non-string_type_in_MCP_config (0.00s)
    --- PASS: TestValidateMCPConfigs/http_type_missing_URL (0.00s)
    --- PASS: TestValidateMCPConfigs/stdio_type_missing_command (0.00s)
    --- PASS: TestValidateMCPConfigs/http_type_with_non-string_URL (0.00s)
    --- PASS: TestValidateMCPConfigs/stdio_type_with_non-string_command (0.00s)
    --- PASS: TestValidateMCPConfigs/valid_tools_without_MCP (0.00s)
    --- PASS: TestValidateMCPConfigs/mixed_valid_and_invalid_MCP_configs (0.00s)
    --- PASS: TestValidateMCPConfigs/network_field_in_tool_config_should_fail_(no_longer_supported) (0.00s)
    --- PASS: TestValidateMCPConfigs/http_server_with_valid_auth_config_is_accepted (0.00s)
    --- PASS: TestValidateMCPConfigs/http_server_with_auth_type_only_(no_audience)_is_accepted (0.00s)
    --- PASS: TestValidateMCPConfigs/stdio_server_with_auth_is_rejected (0.00s)
    --- PASS: TestValidateMCPConfigs/auth_without_type_field_is_rejected (0.00s)
    --- PASS: TestValidateMCPConfigs/auth_with_unsupported_type_is_rejected (0.00s)
    --- PASS: TestValidateMCPConfigs/auth_with_empty_type_string_is_rejected (0.00s)
=== RUN   TestValidateToolsSection
=== RUN   TestValidateToolsSection/nil_tools
=== RUN   TestValidateToolsSection/empty_tools
=== RUN   TestValidateToolsSection/built-in_tools_only_-_no_error
=== RUN   TestValidateToolsSection/unknown_tool_name_with_version-only_config
=== RUN   TestValidateToolsSection/typo_of_built-in_tool_name
=== RUN   TestValidateToolsSection/custom_MCP_server_in_tools_section_is_an_error
=== RUN   TestValidateToolsSection/unknown_tool_with_allowed-only_config
=== RUN   TestValidateToolsSection/unknown_tool_with_nil_value
=== RUN   TestValidateToolsSection/error_message_references_mcp-servers
--- PASS: TestValidateToolsSection (0.00s)
    --- PASS: TestValidateToolsSection/nil_tools (0.00s)
    --- PASS: TestValidateToolsSection/empty_tools (0.00s)
    --- PASS: TestValidateToolsSection/built-in_tools_only_-_no_error (0.00s)
    --- PASS: TestValidateToolsSection/unknown_tool_name_with_version-only_config (0.00s)
    --- PASS: TestValidateToolsSection/typo_of_built-in_tool_name (0.00s)
    --- PASS: TestValidateToolsSection/custom_MCP_server_in_tools_section_is_an_error (0.00s)
    --- PASS: TestValidateToolsSection/unknown_tool_with_allowed-only_config (0.00s)
    --- PASS: TestValidateToolsSection/unknown_tool_with_nil_value (0.00s)
    --- PASS: TestValidateToolsSection/error_message_references_mcp-servers (0.00s)
=== RUN   TestMCPLogsUpload
⚠ tools.playwright: MCP mode is deprecated. Migrate to CLI mode by adding `mode: cli` to your playwright configuration. CLI mode runs playwright-cli directly on the runner (no Docker container required), is more token-efficient, and lets you use `localhost` to reach local dev servers. Update your prompts to run `playwright-cli <command>` in bash instead of using MCP browser tools. See: https://github.com/github/gh-aw/blob/main/docs/src/content/docs/reference/playwright.md
/tmp/gh-aw-test-runs/20260704-173215-1254793/test-1503508064/test-mcp-logs.md: warning: safe update mode detected unapproved changes

New restricted secret(s):
  - ANTHROPIC_API_KEY

Remediation options:
  1. Use the --approve flag to allow the changes.
  2. Revert the unapproved changes.
  3. Use an interactive coding agent to review and approve the changes.

✓ /tmp/gh-aw-test-runs/20260704-173215-1254793/test-1503508064/test-mcp-logs.md (81.9 KB)
--- PASS: TestMCPLogsUpload (0.01s)
=== RUN   TestMCPLogsUploadWithoutPlaywright
/tmp/gh-aw-test-runs/20260704-173215-1254793/test-2985364524/test-no-playwright.md: warning: Missing required permissions for GitHub toolsets:
  - issues: read (required by issues)
  - pull-requests: read (required by pull_requests)

To fix this, you can either:

Option 1: Add missing permissions to your workflow frontmatter:
permissions:
  issues: read
  pull-requests: read

See: https://github.com/github/gh-aw/blob/main/docs/src/content/docs/reference/permissions.md

Option 2: Reduce the required toolsets in your workflow:
Remove or adjust toolsets that require these permissions:
  - issues
  - pull_requests

/tmp/gh-aw-test-runs/20260704-173215-1254793/test-2985364524/test-no-playwright.md: warning: safe update mode detected unapproved changes

New restricted secret(s):
  - ANTHROPIC_API_KEY

Remediation options:
  1. Use the --approve flag to allow the changes.
  2. Revert the unapproved changes.
  3. Use an interactive coding agent to review and approve the changes.

✓ /tmp/gh-aw-test-runs/20260704-173215-1254793/test-2985364524/test-no-playwright.md (75.7 KB)
--- PASS: TestMCPLogsUploadWithoutPlaywright (0.01s)
=== RUN   TestMCPPolicyErrorDetectionStep
/tmp/gh-aw-test-runs/20260704-173215-1254793/test-mcp-policy-error-172643797/test-workflow.md: info: Tip: set permissions.copilot-requests: write to use GitHub Actions token-based inference with the Copilot engine instead of a personal access token (COPILOT_GITHUB_TOKEN). This option requires that your organization has centralized Copilot billing enabled and may not be available in all organizations — see https://github.github.com/gh-aw/reference/billing/ for details.

✓ /tmp/gh-aw-test-runs/20260704-173215-1254793/test-mcp-policy-error-172643797/test-workflow.md (77.1 KB)
--- PASS: TestMCPPolicyErrorDetectionStep (0.01s)
=== RUN   TestMCPPolicyErrorInConclusionJob
/tmp/gh-aw-test-runs/20260704-173215-1254793/test-mcp-policy-error-conclusion-877592102/test-workflow.md: info: Tip: set permissions.copilot-requests: write to use GitHub Actions token-based inference with the Copilot engine instead of a personal access token (COPILOT_GITHUB_TOKEN). This option requires that your organization has centralized Copilot billing enabled and may not be available in all organizations — see https://github.github.com/gh-aw/reference/billing/ for details.

✓ /tmp/gh-aw-test-runs/20260704-173215-1254793/test-mcp-policy-error-conclusion-877592102/test-workflow.md (99.0 KB)
--- PASS: TestMCPPolicyErrorInConclusionJob (0.01s)
=== RUN   TestMCPPolicyErrorNotInEngineWithoutDetectionScript
/tmp/gh-aw-test-runs/20260704-173215-1254793/test-mcp-policy-error-gemini-1563401259/test-workflow.md: warning: safe update mode detected unapproved changes

New restricted secret(s):
  - GEMINI_API_KEY

Remediation options:
  1. Use the --approve flag to allow the changes.
  2. Revert the unapproved changes.
  3. Use an interactive coding agent to review and approve the changes.

✓ /tmp/gh-aw-test-runs/20260704-173215-1254793/test-mcp-policy-error-gemini-1563401259/test-workflow.md (74.3 KB)
--- PASS: TestMCPPolicyErrorNotInEngineWithoutDetectionScript (0.01s)
=== RUN   TestValidateStringProperty_ReturnsValidationErrorWithYAMLSuggestion
--- PASS: TestValidateStringProperty_ReturnsValidationErrorWithYAMLSuggestion (0.00s)
=== RUN   TestValidateMCPRequirements_ReturnsValidationErrorWithYAMLSuggestion
--- PASS: TestValidateMCPRequirements_ReturnsValidationErrorWithYAMLSuggestion (0.00s)
=== RUN   TestWriteJSONStringMapSection
--- PASS: TestWriteJSONStringMapSection (0.00s)
=== RUN   TestWriteJSONStringMapSectionEscapesKeysAndValues
--- PASS: TestWriteJSONStringMapSectionEscapesKeysAndValues (0.00s)
=== RUN   TestWriteTOMLInlineStringMapSection
--- PASS: TestWriteTOMLInlineStringMapSection (0.00s)
=== RUN   TestRenderGitHubMCPGuardPoliciesFromStep
--- PASS: TestRenderGitHubMCPGuardPoliciesFromStep (0.00s)
=== RUN   TestBuildGitHubMCPEnvVarsOmitsEmptyToolsets
--- PASS: TestBuildGitHubMCPEnvVarsOmitsEmptyToolsets (0.00s)
=== RUN   TestNewMCPConfigRenderer
=== RUN   TestNewMCPConfigRenderer/copilot_options
=== RUN   TestNewMCPConfigRenderer/claude_options
=== RUN   TestNewMCPConfigRenderer/codex_options
--- PASS: TestNewMCPConfigRenderer (0.00s)
    --- PASS: TestNewMCPConfigRenderer/copilot_options (0.00s)
    --- PASS: TestNewMCPConfigRenderer/claude_options (0.00s)
    --- PASS: TestNewMCPConfigRenderer/codex_options (0.00s)
=== RUN   TestRenderSafeOutputsMCP_JSON_Copilot
--- PASS: TestRenderSafeOutputsMCP_JSON_Copilot (0.00s)
=== RUN   TestRenderSafeOutputsMCP_JSON_Claude
--- PASS: TestRenderSafeOutputsMCP_JSON_Claude (0.00s)
=== RUN   TestRenderSafeOutputsMCP_TOML
--- PASS: TestRenderSafeOutputsMCP_TOML (0.00s)
=== RUN   TestRenderAgenticWorkflowsMCP_JSON_Copilot
--- PASS: TestRenderAgenticWorkflowsMCP_JSON_Copilot (0.00s)
=== RUN   TestRenderAgenticWorkflowsMCP_JSON_Claude
--- PASS: TestRenderAgenticWorkflowsMCP_JSON_Claude (0.00s)
=== RUN   TestRenderAgenticWorkflowsMCP_TOML
--- PASS: TestRenderAgenticWorkflowsMCP_TOML (0.00s)
=== RUN   TestRenderGitHubMCP_JSON_Copilot_Local
--- PASS: TestRenderGitHubMCP_JSON_Copilot_Local (0.00s)
=== RUN   TestRenderGitHubMCP_JSON_Claude_Local
--- PASS: TestRenderGitHubMCP_JSON_Claude_Local (0.00s)
=== RUN   TestRenderGitHubMCP_JSON_Copilot_Remote
--- PASS: TestRenderGitHubMCP_JSON_Copilot_Remote (0.00s)
=== RUN   TestRenderGitHubMCP_TOML
--- PASS: TestRenderGitHubMCP_TOML (0.00s)
=== RUN   TestOptionCombinations
=== RUN   TestOptionCombinations/all_true
=== RUN   TestOptionCombinations/all_false
=== RUN   TestOptionCombinations/mixed_copilot_inline
=== RUN   TestOptionCombinations/mixed_claude_inline
--- PASS: TestOptionCombinations (0.00s)
    --- PASS: TestOptionCombinations/all_true (0.00s)
    --- PASS: TestOptionCombinations/all_false (0.00s)
    --- PASS: TestOptionCombinations/mixed_copilot_inline (0.00s)
    --- PASS: TestOptionCombinations/mixed_claude_inline (0.00s)
=== RUN   TestRenderJSONMCPConfig_OTLPGateway
=== RUN   TestRenderJSONMCPConfig_OTLPGateway/OTLP_endpoint_only_(no_headers)
=== RUN   TestRenderJSONMCPConfig_OTLPGateway/OTLP_endpoint_and_headers
=== RUN   TestRenderJSONMCPConfig_OTLPGateway/no_OTLP_config
--- PASS: TestRenderJSONMCPConfig_OTLPGateway (0.00s)
    --- PASS: TestRenderJSONMCPConfig_OTLPGateway/OTLP_endpoint_only_(no_headers) (0.00s)
    --- PASS: TestRenderJSONMCPConfig_OTLPGateway/OTLP_endpoint_and_headers (0.00s)
    --- PASS: TestRenderJSONMCPConfig_OTLPGateway/no_OTLP_config (0.00s)
=== RUN   TestRenderJSONMCPConfig_SessionTimeout
=== RUN   TestRenderJSONMCPConfig_SessionTimeout/includes_sessionTimeout_when_set
=== RUN   TestRenderJSONMCPConfig_SessionTimeout/omits_sessionTimeout_when_empty
=== RUN   TestRenderJSONMCPConfig_SessionTimeout/includes_sessionTimeout_30m
--- PASS: TestRenderJSONMCPConfig_SessionTimeout (0.00s)
    --- PASS: TestRenderJSONMCPConfig_SessionTimeout/includes_sessionTimeout_when_set (0.00s)
    --- PASS: TestRenderJSONMCPConfig_SessionTimeout/omits_sessionTimeout_when_empty (0.00s)
    --- PASS: TestRenderJSONMCPConfig_SessionTimeout/includes_sessionTimeout_30m (0.00s)
=== RUN   TestRenderJSONMCPConfig_ToolTimeout
=== RUN   TestRenderJSONMCPConfig_ToolTimeout/includes_toolTimeout_when_set
=== RUN   TestRenderJSONMCPConfig_ToolTimeout/omits_toolTimeout_when_empty
=== RUN   TestRenderJSONMCPConfig_ToolTimeout/includes_toolTimeout_30s
=== RUN   TestRenderJSONMCPConfig_ToolTimeout/rounds_fractional_toolTimeout_to_nearest_second
--- PASS: TestRenderJSONMCPConfig_ToolTimeout (0.00s)
    --- PASS: TestRenderJSONMCPConfig_ToolTimeout/includes_toolTimeout_when_set (0.00s)
    --- PASS: TestRenderJSONMCPConfig_ToolTimeout/omits_toolTimeout_when_empty (0.00s)
    --- PASS: TestRenderJSONMCPConfig_ToolTimeout/includes_toolTimeout_30s (0.00s)
    --- PASS: TestRenderJSONMCPConfig_ToolTimeout/rounds_fractional_toolTimeout_to_nearest_second (0.00s)
=== RUN   TestValidateMCPScriptDependencies
=== RUN   TestValidateMCPScriptDependencies/valid_dependencies
=== RUN   TestValidateMCPScriptDependencies/invalid_dependency_name
=== RUN   TestValidateMCPScriptDependencies/floating_dependency_rejected
--- PASS: TestValidateMCPScriptDependencies (0.00s)
    --- PASS: TestValidateMCPScriptDependencies/valid_dependencies (0.00s)
    --- PASS: TestValidateMCPScriptDependencies/invalid_dependency_name (0.00s)
    --- PASS: TestValidateMCPScriptDependencies/floating_dependency_rejected (0.00s)
=== RUN   TestMCPScriptsWithFirewallIncludesHostDockerInternal
--- PASS: TestMCPScriptsWithFirewallIncludesHostDockerInternal (0.00s)
=== RUN   TestGetCopilotAllowedDomainsWithMCPScripts
=== RUN   TestGetCopilotAllowedDomainsWithMCPScripts/always_includes_host.docker.internal_in_default_domains
=== RUN   TestGetCopilotAllowedDomainsWithMCPScripts/includes_host.docker.internal_even_when_mcp-scripts_disabled
=== RUN   TestGetCopilotAllowedDomainsWithMCPScripts/backward_compatibility_with_GetCopilotAllowedDomains
--- PASS: TestGetCopilotAllowedDomainsWithMCPScripts (0.00s)
    --- PASS: TestGetCopilotAllowedDomainsWithMCPScripts/always_includes_host.docker.internal_in_default_domains (0.00s)
    --- PASS: TestGetCopilotAllowedDomainsWithMCPScripts/includes_host.docker.internal_even_when_mcp-scripts_disabled (0.00s)
    --- PASS: TestGetCopilotAllowedDomainsWithMCPScripts/backward_compatibility_with_GetCopilotAllowedDomains (0.00s)
=== RUN   TestMCPScripts_T_MCP_050_GoSandboxNetworkIsolation
--- PASS: TestMCPScripts_T_MCP_050_GoSandboxNetworkIsolation (0.00s)
=== RUN   TestGenerateMCPScriptsMCPServerScript
--- PASS: TestGenerateMCPScriptsMCPServerScript (0.00s)
=== RUN   TestGenerateMCPScriptsToolsConfigWithEnv
--- PASS: TestGenerateMCPScriptsToolsConfigWithEnv (0.00s)
=== RUN   TestGenerateMCPScriptJavaScriptToolScript
--- PASS: TestGenerateMCPScriptJavaScriptToolScript (0.00s)
=== RUN   TestGenerateMCPScriptShellToolScript
--- PASS: TestGenerateMCPScriptShellToolScript (0.00s)
=== RUN   TestGenerateMCPScriptShellToolScriptMultiLineDescription
=== RUN   TestGenerateMCPScriptShellToolScriptMultiLineDescription/with_trailing_newline_(YAML_block_scalar)
=== RUN   TestGenerateMCPScriptShellToolScriptMultiLineDescription/without_trailing_newline
--- PASS: TestGenerateMCPScriptShellToolScriptMultiLineDescription (0.00s)
    --- PASS: TestGenerateMCPScriptShellToolScriptMultiLineDescription/with_trailing_newline_(YAML_block_scalar) (0.00s)
    --- PASS: TestGenerateMCPScriptShellToolScriptMultiLineDescription/without_trailing_newline (0.00s)
=== RUN   TestGenerateMCPScriptPythonToolScript
--- PASS: TestGenerateMCPScriptPythonToolScript (0.00s)
=== RUN   TestGenerateMCPScriptPythonToolScriptMultiLineDescription
=== RUN   TestGenerateMCPScriptPythonToolScriptMultiLineDescription/with_trailing_newline_(YAML_block_scalar)
=== RUN   TestGenerateMCPScriptPythonToolScriptMultiLineDescription/without_trailing_newline
--- PASS: TestGenerateMCPScriptPythonToolScriptMultiLineDescription (0.00s)
    --- PASS: TestGenerateMCPScriptPythonToolScriptMultiLineDescription/with_trailing_newline_(YAML_block_scalar) (0.00s)
    --- PASS: TestGenerateMCPScriptPythonToolScriptMultiLineDescription/without_trailing_newline (0.00s)
=== RUN   TestMCPScriptsStableCodeGeneration
--- PASS: TestMCPScriptsStableCodeGeneration (0.00s)
=== RUN   TestGenerateMCPScriptGoToolScript
--- PASS: TestGenerateMCPScriptGoToolScript (0.00s)
=== RUN   TestGenerateMCPScriptGoToolScriptMultiLineDescription
=== RUN   TestGenerateMCPScriptGoToolScriptMultiLineDescription/with_trailing_newline_(YAML_block_scalar)
=== RUN   TestGenerateMCPScriptGoToolScriptMultiLineDescription/without_trailing_newline
--- PASS: TestGenerateMCPScriptGoToolScriptMultiLineDescription (0.00s)
    --- PASS: TestGenerateMCPScriptGoToolScriptMultiLineDescription/with_trailing_newline_(YAML_block_scalar) (0.00s)
    --- PASS: TestGenerateMCPScriptGoToolScriptMultiLineDescription/without_trailing_newline (0.00s)
=== RUN   TestCodexMCPScriptsHTTPTransport
/tmp/TestCodexMCPScriptsHTTPTransport2291302057/001/test-workflow.md: warning: safe update mode detected unapproved changes

New restricted secret(s):
  - CODEX_API_KEY
  - OPENAI_API_KEY

Remediation options:
  1. Use the --approve flag to allow the changes.
  2. Revert the unapproved changes.
  3. Use an interactive coding agent to review and approve the changes.

✓ /tmp/TestCodexMCPScriptsHTTPTransport2291302057/001/test-workflow.md (84.4 KB)
    mcp_scripts_http_codex_test.go:103: ✓ Codex engine correctly uses HTTP transport for mcp-scripts
--- PASS: TestCodexMCPScriptsHTTPTransport (0.01s)
=== RUN   TestCodexMCPScriptsWithSecretsHTTPTransport
/tmp/TestCodexMCPScriptsWithSecretsHTTPTransport654933667/001/test-workflow.md: warning: safe update mode detected unapproved changes

New restricted secret(s):
  - API_KEY
  - CODEX_API_KEY
  - OPENAI_API_KEY

Remediation options:
  1. Use the --approve flag to allow the changes.
  2. Revert the unapproved changes.
  3. Use an interactive coding agent to review and approve the changes.

✓ /tmp/TestCodexMCPScriptsWithSecretsHTTPTransport654933667/001/test-workflow.md (84.9 KB)
    mcp_scripts_http_codex_test.go:184: ✓ Codex engine correctly passes secrets through HTTP transport (via job env, not MCP config)
--- PASS: TestCodexMCPScriptsWithSecretsHTTPTransport (0.01s)
=== RUN   TestMCPScriptsHTTPMode
=== RUN   TestMCPScriptsHTTPMode/default_mode
/tmp/TestMCPScriptsHTTPModedefault_mode3351481595/001/test-workflow.md: info: Tip: set permissions.copilot-requests: write to use GitHub Actions token-based inference with the Copilot engine instead of a personal access token (COPILOT_GITHUB_TOKEN). This option requires that your organization has centralized Copilot billing enabled and may not be available in all organizations — see https://github.github.com/gh-aw/reference/billing/ for details.

✓ /tmp/TestMCPScriptsHTTPModedefault_mode3351481595/001/test-workflow.md (82.1 KB)
    mcp_scripts_mode_test.go:113: ✓ HTTP mode correctly configured with HTTP server steps
--- PASS: TestMCPScriptsHTTPMode (0.01s)
    --- PASS: TestMCPScriptsHTTPMode/default_mode (0.01s)
=== RUN   TestHasMCPScripts
=== RUN   TestHasMCPScripts/nil_config
=== RUN   TestHasMCPScripts/empty_tools
=== RUN   TestHasMCPScripts/with_tools
--- PASS: TestHasMCPScripts (0.00s)
    --- PASS: TestHasMCPScripts/nil_config (0.00s)
    --- PASS: TestHasMCPScripts/empty_tools (0.00s)
    --- PASS: TestHasMCPScripts/with_tools (0.00s)
=== RUN   TestIsMCPScriptsEnabled
=== RUN   TestIsMCPScriptsEnabled/nil_config_-_not_enabled
=== RUN   TestIsMCPScriptsEnabled/empty_tools_-_not_enabled
=== RUN   TestIsMCPScriptsEnabled/with_tools_-_enabled_by_default
=== RUN   TestIsMCPScriptsEnabled/with_tools_and_feature_flag_enabled_-_enabled_(backward_compat)
=== RUN   TestIsMCPScriptsEnabled/with_tools_and_feature_flag_disabled_-_still_enabled_(feature_flag_ignored)
=== RUN   TestIsMCPScriptsEnabled/with_tools_and_other_features_-_enabled
--- PASS: TestIsMCPScriptsEnabled (0.00s)
    --- PASS: TestIsMCPScriptsEnabled/nil_config_-_not_enabled (0.00s)
    --- PASS: TestIsMCPScriptsEnabled/empty_tools_-_not_enabled (0.00s)
    --- PASS: TestIsMCPScriptsEnabled/with_tools_-_enabled_by_default (0.00s)
    --- PASS: TestIsMCPScriptsEnabled/with_tools_and_feature_flag_enabled_-_enabled_(backward_compat) (0.00s)
    --- PASS: TestIsMCPScriptsEnabled/with_tools_and_feature_flag_disabled_-_still_enabled_(feature_flag_ignored) (0.00s)
    --- PASS: TestIsMCPScriptsEnabled/with_tools_and_other_features_-_enabled (0.00s)
=== RUN   TestIsMCPScriptsEnabledWithEnv
=== RUN   TestIsMCPScriptsEnabledWithEnv/with_tools_-_enabled_regardless_of_GH_AW_FEATURES
=== RUN   TestIsMCPScriptsEnabledWithEnv/with_tools_and_GH_AW_FEATURES=other_-_still_enabled
--- PASS: TestIsMCPScriptsEnabledWithEnv (0.00s)
    --- PASS: TestIsMCPScriptsEnabledWithEnv/with_tools_-_enabled_regardless_of_GH_AW_FEATURES (0.00s)
    --- PASS: TestIsMCPScriptsEnabledWithEnv/with_tools_and_GH_AW_FEATURES=other_-_still_enabled (0.00s)
=== RUN   TestParseMCPScriptToolConfigDependencies
=== RUN   TestParseMCPScriptToolConfigDependencies/single_dependency
=== RUN   TestParseMCPScriptToolConfigDependencies/multiple_dependencies
=== RUN   TestParseMCPScriptToolConfigDependencies/empty_dependencies
=== RUN   TestParseMCPScriptToolConfigDependencies/non-string_dependencies_are_skipped
--- PASS: TestParseMCPScriptToolConfigDependencies (0.00s)
    --- PASS: TestParseMCPScriptToolConfigDependencies/single_dependency (0.00s)
    --- PASS: TestParseMCPScriptToolConfigDependencies/multiple_dependencies (0.00s)
    --- PASS: TestParseMCPScriptToolConfigDependencies/empty_dependencies (0.00s)
    --- PASS: TestParseMCPScriptToolConfigDependencies/non-string_dependencies_are_skipped (0.00s)
=== RUN   TestMergeMCPScriptsPreservesDependencies
--- PASS: TestMergeMCPScriptsPreservesDependencies (0.00s)
=== RUN   TestCollectMCPScriptsSecrets
=== RUN   TestCollectMCPScriptsSecrets/nil_config
=== RUN   TestCollectMCPScriptsSecrets/tool_with_secrets
--- PASS: TestCollectMCPScriptsSecrets (0.00s)
    --- PASS: TestCollectMCPScriptsSecrets/nil_config (0.00s)
    --- PASS: TestCollectMCPScriptsSecrets/tool_with_secrets (0.00s)
=== RUN   TestCollectMCPScriptsSecretsStability
--- PASS: TestCollectMCPScriptsSecretsStability (0.00s)
=== RUN   TestMCPScriptsTimeoutParsing
=== RUN   TestMCPScriptsTimeoutParsing/default_timeout_when_not_specified
=== RUN   TestMCPScriptsTimeoutParsing/explicit_timeout_as_integer
=== RUN   TestMCPScriptsTimeoutParsing/explicit_timeout_as_float
=== RUN   TestMCPScriptsTimeoutParsing/timeout_for_shell_script
=== RUN   TestMCPScriptsTimeoutParsing/timeout_for_python_script
=== RUN   TestMCPScriptsTimeoutParsing/timeout_for_go_script
=== RUN   TestMCPScriptsTimeoutParsing/timeout_as_valid_numeric_string
=== RUN   TestMCPScriptsTimeoutParsing/invalid_string_timeout_falls_back_to_default
=== RUN   TestMCPScriptsTimeoutParsing/duration_minutes_string_timeout_is_parsed
=== RUN   TestMCPScriptsTimeoutParsing/duration_hours_string_timeout_is_parsed
=== RUN   TestMCPScriptsTimeoutParsing/duration_seconds_string_timeout_is_parsed
=== RUN   TestMCPScriptsTimeoutParsing/compound_duration_string_timeout_is_parsed
=== RUN   TestMCPScriptsTimeoutParsing/empty_string_timeout_falls_back_to_default
=== RUN   TestMCPScriptsTimeoutParsing/string_timeout_with_whitespace_is_parsed
--- PASS: TestMCPScriptsTimeoutParsing (0.00s)
    --- PASS: TestMCPScriptsTimeoutParsing/default_timeout_when_not_specified (0.00s)
    --- PASS: TestMCPScriptsTimeoutParsing/explicit_timeout_as_integer (0.00s)
    --- PASS: TestMCPScriptsTimeoutParsing/explicit_timeout_as_float (0.00s)
    --- PASS: TestMCPScriptsTimeoutParsing/timeout_for_shell_script (0.00s)
    --- PASS: TestMCPScriptsTimeoutParsing/timeout_for_python_script (0.00s)
    --- PASS: TestMCPScriptsTimeoutParsing/timeout_for_go_script (0.00s)
    --- PASS: TestMCPScriptsTimeoutParsing/timeout_as_valid_numeric_string (0.00s)
    --- PASS: TestMCPScriptsTimeoutParsing/invalid_string_timeout_falls_back_to_default (0.00s)
    --- PASS: TestMCPScriptsTimeoutParsing/duration_minutes_string_timeout_is_parsed (0.00s)
    --- PASS: TestMCPScriptsTimeoutParsing/duration_hours_string_timeout_is_parsed (0.00s)
    --- PASS: TestMCPScriptsTimeoutParsing/duration_seconds_string_timeout_is_parsed (0.00s)
    --- PASS: TestMCPScriptsTimeoutParsing/compound_duration_string_timeout_is_parsed (0.00s)
    --- PASS: TestMCPScriptsTimeoutParsing/empty_string_timeout_falls_back_to_default (0.00s)
    --- PASS: TestMCPScriptsTimeoutParsing/string_timeout_with_whitespace_is_parsed (0.00s)
=== RUN   TestMCPScriptsTimeoutInJSON
--- PASS: TestMCPScriptsTimeoutInJSON (0.00s)
=== RUN   TestMCPScriptsMergePreservesTimeout
--- PASS: TestMCPScriptsMergePreservesTimeout (0.00s)
=== RUN   TestMCPScriptsDefaultTimeoutWhenMerging
--- PASS: TestMCPScriptsDefaultTimeoutWhenMerging (0.00s)
=== RUN   TestMCPScriptsMergeStringTimeout
--- PASS: TestMCPScriptsMergeStringTimeout (0.00s)
=== RUN   TestParseTimeoutString
=== RUN   TestParseTimeoutString/120
=== RUN   TestParseTimeoutString/0
=== RUN   TestParseTimeoutString/_120_
=== RUN   TestParseTimeoutString/30s
=== RUN   TestParseTimeoutString/6m
=== RUN   TestParseTimeoutString/1h
=== RUN   TestParseTimeoutString/1h30m
=== RUN   TestParseTimeoutString/2h30m10s
=== RUN   TestParseTimeoutString/#00
=== RUN   TestParseTimeoutString/___
=== RUN   TestParseTimeoutString/not-a-number
=== RUN   TestParseTimeoutString/5_m
--- PASS: TestParseTimeoutString (0.00s)
    --- PASS: TestParseTimeoutString/120 (0.00s)
    --- PASS: TestParseTimeoutString/0 (0.00s)
    --- PASS: TestParseTimeoutString/_120_ (0.00s)
    --- PASS: TestParseTimeoutString/30s (0.00s)
    --- PASS: TestParseTimeoutString/6m (0.00s)
    --- PASS: TestParseTimeoutString/1h (0.00s)
    --- PASS: TestParseTimeoutString/1h30m (0.00s)
    --- PASS: TestParseTimeoutString/2h30m10s (0.00s)
    --- PASS: TestParseTimeoutString/#00 (0.00s)
    --- PASS: TestParseTimeoutString/___ (0.00s)
    --- PASS: TestParseTimeoutString/not-a-number (0.00s)
    --- PASS: TestParseTimeoutString/5_m (0.00s)
=== RUN   TestExtractJSONMetrics
=== RUN   TestExtractJSONMetrics/Claude_API_format_with_tokens
=== RUN   TestExtractJSONMetrics/Claude_API_format_with_cache_tokens
=== RUN   TestExtractJSONMetrics/Simple_token_count
=== RUN   TestExtractJSONMetrics/Cost_information
=== RUN   TestExtractJSONMetrics/Delta_streaming_format
=== RUN   TestExtractJSONMetrics/Billing_information
=== RUN   TestExtractJSONMetrics/Non-JSON_line
=== RUN   TestExtractJSONMetrics/Empty_JSON_object
=== RUN   TestExtractJSONMetrics/Malformed_JSON
=== RUN   TestExtractJSONMetrics/Empty_line
=== RUN   TestExtractJSONMetrics/Total_tokens_field
=== RUN   TestExtractJSONMetrics/Mixed_token_fields_-_should_use_first_found
=== RUN   TestExtractJSONMetrics/OpenAI_format_in_usage_object
--- PASS: TestExtractJSONMetrics (0.00s)
    --- PASS: TestExtractJSONMetrics/Claude_API_format_with_tokens (0.00s)
    --- PASS: TestExtractJSONMetrics/Claude_API_format_with_cache_tokens (0.00s)
    --- PASS: TestExtractJSONMetrics/Simple_token_count (0.00s)
    --- PASS: TestExtractJSONMetrics/Cost_information (0.00s)
    --- PASS: TestExtractJSONMetrics/Delta_streaming_format (0.00s)
    --- PASS: TestExtractJSONMetrics/Billing_information (0.00s)
    --- PASS: TestExtractJSONMetrics/Non-JSON_line (0.00s)
    --- PASS: TestExtractJSONMetrics/Empty_JSON_object (0.00s)
    --- PASS: TestExtractJSONMetrics/Malformed_JSON (0.00s)
    --- PASS: TestExtractJSONMetrics/Empty_line (0.00s)
    --- PASS: TestExtractJSONMetrics/Total_tokens_field (0.00s)
    --- PASS: TestExtractJSONMetrics/Mixed_token_fields_-_should_use_first_found (0.00s)
    --- PASS: TestExtractJSONMetrics/OpenAI_format_in_usage_object (0.00s)
=== RUN   TestExtractJSONTokenUsage
=== RUN   TestExtractJSONTokenUsage/Direct_tokens_field
=== RUN   TestExtractJSONTokenUsage/Token_count_field
=== RUN   TestExtractJSONTokenUsage/Usage_object_with_input/output_tokens
=== RUN   TestExtractJSONTokenUsage/Usage_object_with_cache_tokens
=== RUN   TestExtractJSONTokenUsage/Delta_format
=== RUN   TestExtractJSONTokenUsage/String_token_count
=== RUN   TestExtractJSONTokenUsage/Float_token_count
=== RUN   TestExtractJSONTokenUsage/No_token_information
=== RUN   TestExtractJSONTokenUsage/Invalid_usage_object
=== RUN   TestExtractJSONTokenUsage/Partial_usage_information
=== RUN   TestExtractJSONTokenUsage/OpenAI_format_with_prompt_tokens_and_completion_tokens
=== RUN   TestExtractJSONTokenUsage/OpenAI_format_with_only_prompt_tokens
=== RUN   TestExtractJSONTokenUsage/OpenAI_format_with_only_completion_tokens
=== RUN   TestExtractJSONTokenUsage/Claude_format_takes_precedence_over_OpenAI_format_when_both_present
--- PASS: TestExtractJSONTokenUsage (0.00s)
    --- PASS: TestExtractJSONTokenUsage/Direct_tokens_field (0.00s)
    --- PASS: TestExtractJSONTokenUsage/Token_count_field (0.00s)
    --- PASS: TestExtractJSONTokenUsage/Usage_object_with_input/output_tokens (0.00s)
    --- PASS: TestExtractJSONTokenUsage/Usage_object_with_cache_tokens (0.00s)
    --- PASS: TestExtractJSONTokenUsage/Delta_format (0.00s)
    --- PASS: TestExtractJSONTokenUsage/String_token_count (0.00s)
    --- PASS: TestExtractJSONTokenUsage/Float_token_count (0.00s)
    --- PASS: TestExtractJSONTokenUsage/No_token_information (0.00s)
    --- PASS: TestExtractJSONTokenUsage/Invalid_usage_object (0.00s)
    --- PASS: TestExtractJSONTokenUsage/Partial_usage_information (0.00s)
    --- PASS: TestExtractJSONTokenUsage/OpenAI_format_with_prompt_tokens_and_completion_tokens (0.00s)
    --- PASS: TestExtractJSONTokenUsage/OpenAI_format_with_only_prompt_tokens (0.00s)
    --- PASS: TestExtractJSONTokenUsage/OpenAI_format_with_only_completion_tokens (0.00s)
    --- PASS: TestExtractJSONTokenUsage/Claude_format_takes_precedence_over_OpenAI_format_when_both_present (0.00s)
=== RUN   TestExtractJSONCost
=== RUN   TestExtractJSONCost/Direct_cost_field
=== RUN   TestExtractJSONCost/Price_field
=== RUN   TestExtractJSONCost/Total_cost_USD
=== RUN   TestExtractJSONCost/Billing_object
=== RUN   TestExtractJSONCost/String_cost_value
=== RUN   TestExtractJSONCost/Integer_cost_value
=== RUN   TestExtractJSONCost/No_cost_information
=== RUN   TestExtractJSONCost/Invalid_billing_object
=== RUN   TestExtractJSONCost/Zero_cost
=== RUN   TestExtractJSONCost/Negative_cost_(should_be_ignored)
=== RUN   TestExtractJSONCost/Multiple_cost_fields_-_first_found_wins
--- PASS: TestExtractJSONCost (0.00s)
    --- PASS: TestExtractJSONCost/Direct_cost_field (0.00s)
    --- PASS: TestExtractJSONCost/Price_field (0.00s)
    --- PASS: TestExtractJSONCost/Total_cost_USD (0.00s)
    --- PASS: TestExtractJSONCost/Billing_object (0.00s)
    --- PASS: TestExtractJSONCost/String_cost_value (0.00s)
    --- PASS: TestExtractJSONCost/Integer_cost_value (0.00s)
    --- PASS: TestExtractJSONCost/No_cost_information (0.00s)
    --- PASS: TestExtractJSONCost/Invalid_billing_object (0.00s)
    --- PASS: TestExtractJSONCost/Zero_cost (0.00s)
    --- PASS: TestExtractJSONCost/Negative_cost_(should_be_ignored) (0.00s)
    --- PASS: TestExtractJSONCost/Multiple_cost_fields_-_first_found_wins (0.00s)
=== RUN   TestConvertToInt
=== RUN   TestConvertToInt/Integer_value
=== RUN   TestConvertToInt/Int64_value
=== RUN   TestConvertToInt/Float64_value
=== RUN   TestConvertToInt/Float64_with_decimals
=== RUN   TestConvertToInt/String_integer
=== RUN   TestConvertToInt/String_with_whitespace
=== RUN   TestConvertToInt/Invalid_string
=== RUN   TestConvertToInt/Boolean_value
=== RUN   TestConvertToInt/Nil_value
=== RUN   TestConvertToInt/Array_value
=== RUN   TestConvertToInt/Zero_values
=== RUN   TestConvertToInt/Negative_integer
--- PASS: TestConvertToInt (0.00s)
    --- PASS: TestConvertToInt/Integer_value (0.00s)
    --- PASS: TestConvertToInt/Int64_value (0.00s)
    --- PASS: TestConvertToInt/Float64_value (0.00s)
    --- PASS: TestConvertToInt/Float64_with_decimals (0.00s)
    --- PASS: TestConvertToInt/String_integer (0.00s)
    --- PASS: TestConvertToInt/String_with_whitespace (0.00s)
    --- PASS: TestConvertToInt/Invalid_string (0.00s)
    --- PASS: TestConvertToInt/Boolean_value (0.00s)
    --- PASS: TestConvertToInt/Nil_value (0.00s)
    --- PASS: TestConvertToInt/Array_value (0.00s)
    --- PASS: TestConvertToInt/Zero_values (0.00s)
    --- PASS: TestConvertToInt/Negative_integer (0.00s)
=== RUN   TestConvertToFloat
=== RUN   TestConvertToFloat/Float64_value
=== RUN   TestConvertToFloat/Integer_value
=== RUN   TestConvertToFloat/Int64_value
=== RUN   TestConvertToFloat/String_float
=== RUN   TestConvertToFloat/String_integer
=== RUN   TestConvertToFloat/Invalid_string
=== RUN   TestConvertToFloat/Boolean_value
=== RUN   TestConvertToFloat/Nil_value
=== RUN   TestConvertToFloat/Zero_float
=== RUN   TestConvertToFloat/Negative_float
=== RUN   TestConvertToFloat/Scientific_notation_string
=== RUN   TestConvertToFloat/Map_value
--- PASS: TestConvertToFloat (0.00s)
    --- PASS: TestConvertToFloat/Float64_value (0.00s)
    --- PASS: TestConvertToFloat/Integer_value (0.00s)
    --- PASS: TestConvertToFloat/Int64_value (0.00s)
    --- PASS: TestConvertToFloat/String_float (0.00s)
    --- PASS: TestConvertToFloat/String_integer (0.00s)
    --- PASS: TestConvertToFloat/Invalid_string (0.00s)
    --- PASS: TestConvertToFloat/Boolean_value (0.00s)
    --- PASS: TestConvertToFloat/Nil_value (0.00s)
    --- PASS: TestConvertToFloat/Zero_float (0.00s)
    --- PASS: TestConvertToFloat/Negative_float (0.00s)
    --- PASS: TestConvertToFloat/Scientific_notation_string (0.00s)
    --- PASS: TestConvertToFloat/Map_value (0.00s)
=== RUN   TestExtractJSONMetricsIntegration
--- PASS: TestExtractJSONMetricsIntegration (0.00s)
=== RUN   TestPrettifyToolName
=== RUN   TestPrettifyToolName/MCP_tool_with_github_provider
=== RUN   TestPrettifyToolName/MCP_tool_with_multiple_underscores_in_method
=== RUN   TestPrettifyToolName/Bash_tool
=== RUN   TestPrettifyToolName/bash_tool_lowercase
=== RUN   TestPrettifyToolName/Regular_tool_without_mcp_prefix
=== RUN   TestPrettifyToolName/MCP_tool_with_unexpected_format
=== RUN   TestPrettifyToolName/Empty_string
--- PASS: TestPrettifyToolName (0.00s)
    --- PASS: TestPrettifyToolName/MCP_tool_with_github_provider (0.00s)
    --- PASS: TestPrettifyToolName/MCP_tool_with_multiple_underscores_in_method (0.00s)
    --- PASS: TestPrettifyToolName/Bash_tool (0.00s)
    --- PASS: TestPrettifyToolName/bash_tool_lowercase (0.00s)
    --- PASS: TestPrettifyToolName/Regular_tool_without_mcp_prefix (0.00s)
    --- PASS: TestPrettifyToolName/MCP_tool_with_unexpected_format (0.00s)
    --- PASS: TestPrettifyToolName/Empty_string (0.00s)
=== RUN   TestFinalizeToolMetrics
=== RUN   TestFinalizeToolMetrics/Basic_finalization_with_sequence_and_tools
=== RUN   TestFinalizeToolMetrics/Empty_sequence_should_not_be_added
=== RUN   TestFinalizeToolMetrics/Tools_should_be_sorted_by_name
=== RUN   TestFinalizeToolMetrics/Existing_sequences_should_be_preserved
--- PASS: TestFinalizeToolMetrics (0.00s)
    --- PASS: TestFinalizeToolMetrics/Basic_finalization_with_sequence_and_tools (0.00s)
    --- PASS: TestFinalizeToolMetrics/Empty_sequence_should_not_be_added (0.00s)
    --- PASS: TestFinalizeToolMetrics/Tools_should_be_sorted_by_name (0.00s)
    --- PASS: TestFinalizeToolMetrics/Existing_sequences_should_be_preserved (0.00s)
=== RUN   TestFinalizeToolCallsAndSequence
=== RUN   TestFinalizeToolCallsAndSequence/Basic_finalization_with_tools_and_sequence
=== RUN   TestFinalizeToolCallsAndSequence/Empty_sequence_should_not_be_added
=== RUN   TestFinalizeToolCallsAndSequence/Tools_should_be_sorted_alphabetically
=== RUN   TestFinalizeToolCallsAndSequence/Preserves_existing_sequences
--- PASS: TestFinalizeToolCallsAndSequence (0.00s)
    --- PASS: TestFinalizeToolCallsAndSequence/Basic_finalization_with_tools_and_sequence (0.00s)
    --- PASS: TestFinalizeToolCallsAndSequence/Empty_sequence_should_not_be_added (0.00s)
    --- PASS: TestFinalizeToolCallsAndSequence/Tools_should_be_sorted_alphabetically (0.00s)
    --- PASS: TestFinalizeToolCallsAndSequence/Preserves_existing_sequences (0.00s)
=== RUN   TestConvertToIntTruncation
=== RUN   TestConvertToIntTruncation/clean_conversion_-_no_truncation
=== RUN   TestConvertToIntTruncation/truncation_required_-_60.5
=== RUN   TestConvertToIntTruncation/truncation_required_-_60.7
=== RUN   TestConvertToIntTruncation/clean_conversion_-_100.0
=== RUN   TestConvertToIntTruncation/truncation_required_-_123.99
=== RUN   TestConvertToIntTruncation/truncation_required_-_negative_with_fraction
=== RUN   TestConvertToIntTruncation/clean_conversion_-_negative_integer
=== RUN   TestConvertToIntTruncation/truncation_required_-_small_fraction
=== RUN   TestConvertToIntTruncation/clean_conversion_-_zero
=== RUN   TestConvertToIntTruncation/truncation_required_-_0.9
--- PASS: TestConvertToIntTruncation (0.00s)
    --- PASS: TestConvertToIntTruncation/clean_conversion_-_no_truncation (0.00s)
    --- PASS: TestConvertToIntTruncation/truncation_required_-_60.5 (0.00s)
    --- PASS: TestConvertToIntTruncation/truncation_required_-_60.7 (0.00s)
    --- PASS: TestConvertToIntTruncation/clean_conversion_-_100.0 (0.00s)
    --- PASS: TestConvertToIntTruncation/truncation_required_-_123.99 (0.00s)
    --- PASS: TestConvertToIntTruncation/truncation_required_-_negative_with_fraction (0.00s)
    --- PASS: TestConvertToIntTruncation/clean_conversion_-_negative_integer (0.00s)
    --- PASS: TestConvertToIntTruncation/truncation_required_-_small_fraction (0.00s)
    --- PASS: TestConvertToIntTruncation/clean_conversion_-_zero (0.00s)
    --- PASS: TestConvertToIntTruncation/truncation_required_-_0.9 (0.00s)
=== RUN   TestMissingDataSafeOutput
=== RUN   TestMissingDataSafeOutput/No_safe-outputs_config_should_NOT_enable_missing-data_by_default
=== RUN   TestMissingDataSafeOutput/Safe-outputs_with_other_config_should_enable_missing-data_by_default
=== RUN   TestMissingDataSafeOutput/Explicit_missing-data:_false_should_disable_it
=== RUN   TestMissingDataSafeOutput/Explicit_missing-data_config_with_max
=== RUN   TestMissingDataSafeOutput/Missing-data_with_other_safe_outputs
=== RUN   TestMissingDataSafeOutput/Empty_missing-data_config
--- PASS: TestMissingDataSafeOutput (0.00s)
    --- PASS: TestMissingDataSafeOutput/No_safe-outputs_config_should_NOT_enable_missing-data_by_default (0.00s)
    --- PASS: TestMissingDataSafeOutput/Safe-outputs_with_other_config_should_enable_missing-data_by_default (0.00s)
    --- PASS: TestMissingDataSafeOutput/Explicit_missing-data:_false_should_disable_it (0.00s)
    --- PASS: TestMissingDataSafeOutput/Explicit_missing-data_config_with_max (0.00s)
    --- PASS: TestMissingDataSafeOutput/Missing-data_with_other_safe_outputs (0.00s)
    --- PASS: TestMissingDataSafeOutput/Empty_missing-data_config (0.00s)
=== RUN   TestMissingDataConfigParsing
=== RUN   TestMissingDataConfigParsing/Default_config_with_nil_value
=== RUN   TestMissingDataConfigParsing/Config_with_create-issue_disabled
=== RUN   TestMissingDataConfigParsing/Config_with_create-issue_as_expression
=== RUN   TestMissingDataConfigParsing/Config_with_custom_title_and_labels
=== RUN   TestMissingDataConfigParsing/Config_explicitly_disabled
--- PASS: TestMissingDataConfigParsing (0.00s)
    --- PASS: TestMissingDataConfigParsing/Default_config_with_nil_value (0.00s)
    --- PASS: TestMissingDataConfigParsing/Config_with_create-issue_disabled (0.00s)
    --- PASS: TestMissingDataConfigParsing/Config_with_create-issue_as_expression (0.00s)
    --- PASS: TestMissingDataConfigParsing/Config_with_custom_title_and_labels (0.00s)
    --- PASS: TestMissingDataConfigParsing/Config_explicitly_disabled (0.00s)
=== RUN   TestMissingToolSafeOutput
=== RUN   TestMissingToolSafeOutput/No_safe-outputs_config_should_NOT_enable_missing-tool_by_default
=== RUN   TestMissingToolSafeOutput/Safe-outputs_with_other_config_should_enable_missing-tool_by_default
=== RUN   TestMissingToolSafeOutput/Explicit_missing-tool:_false_should_disable_it
=== RUN   TestMissingToolSafeOutput/Explicit_missing-tool_config_with_max
=== RUN   TestMissingToolSafeOutput/Missing-tool_with_other_safe_outputs
=== RUN   TestMissingToolSafeOutput/Empty_missing-tool_config
--- PASS: TestMissingToolSafeOutput (0.00s)
    --- PASS: TestMissingToolSafeOutput/No_safe-outputs_config_should_NOT_enable_missing-tool_by_default (0.00s)
    --- PASS: TestMissingToolSafeOutput/Safe-outputs_with_other_config_should_enable_missing-tool_by_default (0.00s)
    --- PASS: TestMissingToolSafeOutput/Explicit_missing-tool:_false_should_disable_it (0.00s)
    --- PASS: TestMissingToolSafeOutput/Explicit_missing-tool_config_with_max (0.00s)
    --- PASS: TestMissingToolSafeOutput/Missing-tool_with_other_safe_outputs (0.00s)
    --- PASS: TestMissingToolSafeOutput/Empty_missing-tool_config (0.00s)
=== RUN   TestGeneratePromptIncludesGitHubAWPrompt
--- PASS: TestGeneratePromptIncludesGitHubAWPrompt (0.00s)
=== RUN   TestMissingToolPromptGeneration
--- PASS: TestMissingToolPromptGeneration (0.00s)
=== RUN   TestMissingToolNotEnabledByDefault
--- PASS: TestMissingToolNotEnabledByDefault (0.00s)
=== RUN   TestMissingToolConfigParsing
=== RUN   TestMissingToolConfigParsing/Empty_config_-_defaults
=== RUN   TestMissingToolConfigParsing/Config_with_max_as_int
=== RUN   TestMissingToolConfigParsing/Config_with_max_as_float64_(from_YAML)
=== RUN   TestMissingToolConfigParsing/Config_with_max_as_int64
=== RUN   TestMissingToolConfigParsing/No_missing-tool_key
=== RUN   TestMissingToolConfigParsing/Explicit_false_disables_missing-tool
=== RUN   TestMissingToolConfigParsing/create-issue_explicitly_disabled
=== RUN   TestMissingToolConfigParsing/create-issue_as_expression
=== RUN   TestMissingToolConfigParsing/Custom_title-prefix
=== RUN   TestMissingToolConfigParsing/Custom_labels
=== RUN   TestMissingToolConfigParsing/Custom_labels_as_[]string
=== RUN   TestMissingToolConfigParsing/Full_configuration
--- PASS: TestMissingToolConfigParsing (0.00s)
    --- PASS: TestMissingToolConfigParsing/Empty_config_-_defaults (0.00s)
    --- PASS: TestMissingToolConfigParsing/Config_with_max_as_int (0.00s)
    --- PASS: TestMissingToolConfigParsing/Config_with_max_as_float64_(from_YAML) (0.00s)
    --- PASS: TestMissingToolConfigParsing/Config_with_max_as_int64 (0.00s)
    --- PASS: TestMissingToolConfigParsing/No_missing-tool_key (0.00s)
    --- PASS: TestMissingToolConfigParsing/Explicit_false_disables_missing-tool (0.00s)
    --- PASS: TestMissingToolConfigParsing/create-issue_explicitly_disabled (0.00s)
    --- PASS: TestMissingToolConfigParsing/create-issue_as_expression (0.00s)
    --- PASS: TestMissingToolConfigParsing/Custom_title-prefix (0.00s)
    --- PASS: TestMissingToolConfigParsing/Custom_labels (0.00s)
    --- PASS: TestMissingToolConfigParsing/Custom_labels_as_[]string (0.00s)
    --- PASS: TestMissingToolConfigParsing/Full_configuration (0.00s)
=== RUN   TestMissingToolReportAsFailureConfig
=== RUN   TestMissingToolReportAsFailureConfig/Default_(nil_value)_-_report-as-failure_defaults_to_true
=== RUN   TestMissingToolReportAsFailureConfig/Map_config_without_report-as-failure_key_-_defaults_to_true
=== RUN   TestMissingToolReportAsFailureConfig/report-as-failure_explicitly_false
=== RUN   TestMissingToolReportAsFailureConfig/report-as-failure_explicitly_true
=== RUN   TestMissingToolReportAsFailureConfig/report-as-failure_as_expression
--- PASS: TestMissingToolReportAsFailureConfig (0.00s)
    --- PASS: TestMissingToolReportAsFailureConfig/Default_(nil_value)_-_report-as-failure_defaults_to_true (0.00s)
    --- PASS: TestMissingToolReportAsFailureConfig/Map_config_without_report-as-failure_key_-_defaults_to_true (0.00s)
    --- PASS: TestMissingToolReportAsFailureConfig/report-as-failure_explicitly_false (0.00s)
    --- PASS: TestMissingToolReportAsFailureConfig/report-as-failure_explicitly_true (0.00s)
    --- PASS: TestMissingToolReportAsFailureConfig/report-as-failure_as_expression (0.00s)
=== RUN   TestReportIncompleteDoesNotHaveReportAsFailure
--- PASS: TestReportIncompleteDoesNotHaveReportAsFailure (0.00s)
=== RUN   TestParseModelIdentifier_T_MAF_001
--- PASS: TestParseModelIdentifier_T_MAF_001 (0.00s)
=== RUN   TestParseModelIdentifier_T_MAF_002
--- PASS: TestParseModelIdentifier_T_MAF_002 (0.00s)
=== RUN   TestParseModelIdentifier_T_MAF_003
--- PASS: TestParseModelIdentifier_T_MAF_003 (0.00s)
=== RUN   TestParseModelIdentifier_T_MAF_004
--- PASS: TestParseModelIdentifier_T_MAF_004 (0.00s)
=== RUN   TestParseModelIdentifier_T_MAF_005
--- PASS: TestParseModelIdentifier_T_MAF_005 (0.00s)
=== RUN   TestParseModelIdentifier_T_MAF_006
--- PASS: TestParseModelIdentifier_T_MAF_006 (0.00s)
=== RUN   TestParseModelIdentifier_T_MAF_007
--- PASS: TestParseModelIdentifier_T_MAF_007 (0.00s)
=== RUN   TestParseModelIdentifier_T_MAF_008
--- PASS: TestParseModelIdentifier_T_MAF_008 (0.00s)
=== RUN   TestParseModelIdentifier_T_MAF_009
--- PASS: TestParseModelIdentifier_T_MAF_009 (0.00s)
=== RUN   TestParseModelIdentifier_ProviderScopedWithVersion
--- PASS: TestParseModelIdentifier_ProviderScopedWithVersion (0.00s)
=== RUN   TestParseModelIdentifier_GlobPattern
--- PASS: TestParseModelIdentifier_GlobPattern (0.00s)
=== RUN   TestParseModelIdentifier_BareNameStartDot
--- PASS: TestParseModelIdentifier_BareNameStartDot (0.00s)
=== RUN   TestParseModelIdentifier_BareNameStartDash
--- PASS: TestParseModelIdentifier_BareNameStartDash (0.00s)
=== RUN   TestParseModelIdentifier_ProviderEndsDash
--- PASS: TestParseModelIdentifier_ProviderEndsDash (0.00s)
=== RUN   TestParseModelIdentifier_EmptyModelToken
--- PASS: TestParseModelIdentifier_EmptyModelToken (0.00s)
=== RUN   TestParseModelIdentifier_EmptyString
--- PASS: TestParseModelIdentifier_EmptyString (0.00s)
=== RUN   TestParseModelIdentifier_ParamMissingValue
--- PASS: TestParseModelIdentifier_ParamMissingValue (0.00s)
=== RUN   TestParseModelIdentifier_ParamMissingSeparator
--- PASS: TestParseModelIdentifier_ParamMissingSeparator (0.00s)
=== RUN   TestParseModelIdentifier_ParamKeyStartsDigit
--- PASS: TestParseModelIdentifier_ParamKeyStartsDigit (0.00s)
=== RUN   TestParseModelIdentifier_AtSign
--- PASS: TestParseModelIdentifier_AtSign (0.00s)
=== RUN   TestParseModelIdentifier_ExclamationMark
--- PASS: TestParseModelIdentifier_ExclamationMark (0.00s)
=== RUN   TestValidateEffortParam
=== RUN   TestValidateEffortParam/low
=== RUN   TestValidateEffortParam/medium
=== RUN   TestValidateEffortParam/high
=== RUN   TestValidateEffortParam/extreme
=== RUN   TestValidateEffortParam/HIGH
=== RUN   TestValidateEffortParam/#00
--- PASS: TestValidateEffortParam (0.00s)
    --- PASS: TestValidateEffortParam/low (0.00s)
    --- PASS: TestValidateEffortParam/medium (0.00s)
    --- PASS: TestValidateEffortParam/high (0.00s)
    --- PASS: TestValidateEffortParam/extreme (0.00s)
    --- PASS: TestValidateEffortParam/HIGH (0.00s)
    --- PASS: TestValidateEffortParam/#00 (0.00s)
=== RUN   TestValidateTemperatureParam
=== RUN   TestValidateTemperatureParam/0.0
=== RUN   TestValidateTemperatureParam/0.7
=== RUN   TestValidateTemperatureParam/1.0
=== RUN   TestValidateTemperatureParam/2.0
=== RUN   TestValidateTemperatureParam/0
=== RUN   TestValidateTemperatureParam/2
=== RUN   TestValidateTemperatureParam/-0.1
=== RUN   TestValidateTemperatureParam/2.1
=== RUN   TestValidateTemperatureParam/3.0
=== RUN   TestValidateTemperatureParam/abc
=== RUN   TestValidateTemperatureParam/#00
=== RUN   TestValidateTemperatureParam/NaN
=== RUN   TestValidateTemperatureParam/nan
=== RUN   TestValidateTemperatureParam/+Inf
=== RUN   TestValidateTemperatureParam/-Inf
=== RUN   TestValidateTemperatureParam/Inf
--- PASS: TestValidateTemperatureParam (0.00s)
    --- PASS: TestValidateTemperatureParam/0.0 (0.00s)
    --- PASS: TestValidateTemperatureParam/0.7 (0.00s)
    --- PASS: TestValidateTemperatureParam/1.0 (0.00s)
    --- PASS: TestValidateTemperatureParam/2.0 (0.00s)
    --- PASS: TestValidateTemperatureParam/0 (0.00s)
    --- PASS: TestValidateTemperatureParam/2 (0.00s)
    --- PASS: TestValidateTemperatureParam/-0.1 (0.00s)
    --- PASS: TestValidateTemperatureParam/2.1 (0.00s)
    --- PASS: TestValidateTemperatureParam/3.0 (0.00s)
    --- PASS: TestValidateTemperatureParam/abc (0.00s)
    --- PASS: TestValidateTemperatureParam/#00 (0.00s)
    --- PASS: TestValidateTemperatureParam/NaN (0.00s)
    --- PASS: TestValidateTemperatureParam/nan (0.00s)
    --- PASS: TestValidateTemperatureParam/+Inf (0.00s)
    --- PASS: TestValidateTemperatureParam/-Inf (0.00s)
    --- PASS: TestValidateTemperatureParam/Inf (0.00s)
=== RUN   TestUnrecognizedParams
=== RUN   TestUnrecognizedParams/known_params_produce_no_warnings
=== RUN   TestUnrecognizedParams/unknown_param_is_detected
=== RUN   TestUnrecognizedParams/mixed_known_and_unknown
--- PASS: TestUnrecognizedParams (0.00s)
    --- PASS: TestUnrecognizedParams/known_params_produce_no_warnings (0.00s)
    --- PASS: TestUnrecognizedParams/unknown_param_is_detected (0.00s)
    --- PASS: TestUnrecognizedParams/mixed_known_and_unknown (0.00s)
=== RUN   TestValidateAliasKey
=== RUN   TestValidateAliasKey/sonnet
=== RUN   TestValidateAliasKey/my-alias
=== RUN   TestValidateAliasKey/#00
=== RUN   TestValidateAliasKey/a/b
=== RUN   TestValidateAliasKey/a?b
=== RUN   TestValidateAliasKey/a&b
--- PASS: TestValidateAliasKey (0.00s)
    --- PASS: TestValidateAliasKey/sonnet (0.00s)
    --- PASS: TestValidateAliasKey/my-alias (0.00s)
    --- PASS: TestValidateAliasKey/#00 (0.00s)
    --- PASS: TestValidateAliasKey/a/b (0.00s)
    --- PASS: TestValidateAliasKey/a?b (0.00s)
    --- PASS: TestValidateAliasKey/a&b (0.00s)
=== RUN   TestDetectCircularModelAliases_T_MAF_040
--- PASS: TestDetectCircularModelAliases_T_MAF_040 (0.00s)
=== RUN   TestDetectCircularModelAliases_T_MAF_041
--- PASS: TestDetectCircularModelAliases_T_MAF_041 (0.00s)
=== RUN   TestDetectCircularModelAliases_Acyclic
--- PASS: TestDetectCircularModelAliases_Acyclic (0.00s)
=== RUN   TestDetectCircularModelAliases_ProviderScopedNotFollowed
--- PASS: TestDetectCircularModelAliases_ProviderScopedNotFollowed (0.00s)
=== RUN   TestValidateModelAliasMap_ValidWorkflow
--- PASS: TestValidateModelAliasMap_ValidWorkflow (0.00s)
=== RUN   TestValidateModelAliasMap_InvalidEffortInFrontmatter
--- PASS: TestValidateModelAliasMap_InvalidEffortInFrontmatter (0.00s)
=== RUN   TestValidateModelAliasMap_InvalidTemperatureInFrontmatter
--- PASS: TestValidateModelAliasMap_InvalidTemperatureInFrontmatter (0.00s)
=== RUN   TestValidateModelAliasMap_CircularFrontmatter
--- PASS: TestValidateModelAliasMap_CircularFrontmatter (0.00s)
=== RUN   TestValidateModelAliasMap_GlobInEngineModel
--- PASS: TestValidateModelAliasMap_GlobInEngineModel (0.00s)
=== RUN   TestValidateModelAliasMap_InvalidAliasKey
--- PASS: TestValidateModelAliasMap_InvalidAliasKey (0.00s)
=== RUN   TestValidateModelAliasMap_ExpressionModelSkipped
--- PASS: TestValidateModelAliasMap_ExpressionModelSkipped (0.00s)
=== RUN   TestValidateModelAliasMap_PartialExpressionEngineModelSkipped
--- PASS: TestValidateModelAliasMap_PartialExpressionEngineModelSkipped (0.00s)
=== RUN   TestValidateModelAliasMap_ExpressionInAliasEntriesSkipped
--- PASS: TestValidateModelAliasMap_ExpressionInAliasEntriesSkipped (0.00s)
=== RUN   TestValidateModelAliasMap_PartialExpressionInAliasEntriesSkipped
--- PASS: TestValidateModelAliasMap_PartialExpressionInAliasEntriesSkipped (0.00s)
=== RUN   TestValidateModelAliasMap_NoEngineModel
--- PASS: TestValidateModelAliasMap_NoEngineModel (0.00s)
=== RUN   TestValidateModelAliasMap_BuiltinCyclePreventedBySpec
--- PASS: TestValidateModelAliasMap_BuiltinCyclePreventedBySpec (0.00s)
=== RUN   TestValidateModelAliasMap_EngineModelUnknownParamEmitsWarning
⚠ /fake/path/workflow.md: warning: models: unrecognised parameter key "unknownparam" in "opus?unknownparam=value" — known parameters are: effort, temperature (V-MAF-011)

--- PASS: TestValidateModelAliasMap_EngineModelUnknownParamEmitsWarning (0.00s)
=== RUN   TestIsAliasReference
--- PASS: TestIsAliasReference (0.00s)
=== RUN   TestValidateModelIdentifierStrings_ExpressionForms
=== RUN   TestValidateModelIdentifierStrings_ExpressionForms/whole-string_expression
=== RUN   TestValidateModelIdentifierStrings_ExpressionForms/expression_with_effort_param
=== RUN   TestValidateModelIdentifierStrings_ExpressionForms/expression_with_temperature_param
=== RUN   TestValidateModelIdentifierStrings_ExpressionForms/expression_with_multiple_params
=== RUN   TestValidateModelIdentifierStrings_ExpressionForms/expression_as_model_token_in_provider-scoped_identifier
=== RUN   TestValidateModelIdentifierStrings_ExpressionForms/multiple_expression_entries
=== RUN   TestValidateModelIdentifierStrings_ExpressionForms/mix_of_expression_and_valid_literal
=== RUN   TestValidateModelIdentifierStrings_ExpressionForms/mix_of_expression_and_invalid_literal
=== RUN   TestValidateModelIdentifierStrings_ExpressionForms/compact_expression_syntax
--- PASS: TestValidateModelIdentifierStrings_ExpressionForms (0.00s)
    --- PASS: TestValidateModelIdentifierStrings_ExpressionForms/whole-string_expression (0.00s)
    --- PASS: TestValidateModelIdentifierStrings_ExpressionForms/expression_with_effort_param (0.00s)
    --- PASS: TestValidateModelIdentifierStrings_ExpressionForms/expression_with_temperature_param (0.00s)
    --- PASS: TestValidateModelIdentifierStrings_ExpressionForms/expression_with_multiple_params (0.00s)
    --- PASS: TestValidateModelIdentifierStrings_ExpressionForms/expression_as_model_token_in_provider-scoped_identifier (0.00s)
    --- PASS: TestValidateModelIdentifierStrings_ExpressionForms/multiple_expression_entries (0.00s)
    --- PASS: TestValidateModelIdentifierStrings_ExpressionForms/mix_of_expression_and_valid_literal (0.00s)
    --- PASS: TestValidateModelIdentifierStrings_ExpressionForms/mix_of_expression_and_invalid_literal (0.00s)
    --- PASS: TestValidateModelIdentifierStrings_ExpressionForms/compact_expression_syntax (0.00s)
=== RUN   TestWarnUnrecognizedModelParams_ExpressionSkipped
=== RUN   TestWarnUnrecognizedModelParams_ExpressionSkipped/whole-string_expression_emits_no_warning
=== RUN   TestWarnUnrecognizedModelParams_ExpressionSkipped/partial_expression_emits_no_warning
=== RUN   TestWarnUnrecognizedModelParams_ExpressionSkipped/provider-scoped_expression_emits_no_warning
=== RUN   TestWarnUnrecognizedModelParams_ExpressionSkipped/non-expression_with_unknown_param_emits_warning
⚠ /fake/path.md: warning: models: unrecognised parameter key "unknownparam" in "opus?unknownparam=value" — known parameters are: effort, temperature (V-MAF-011)

--- PASS: TestWarnUnrecognizedModelParams_ExpressionSkipped (0.00s)
    --- PASS: TestWarnUnrecognizedModelParams_ExpressionSkipped/whole-string_expression_emits_no_warning (0.00s)
    --- PASS: TestWarnUnrecognizedModelParams_ExpressionSkipped/partial_expression_emits_no_warning (0.00s)
    --- PASS: TestWarnUnrecognizedModelParams_ExpressionSkipped/provider-scoped_expression_emits_no_warning (0.00s)
    --- PASS: TestWarnUnrecognizedModelParams_ExpressionSkipped/non-expression_with_unknown_param_emits_warning (0.00s)
=== RUN   TestValidateModelAliasMap_EngineModelExpressionForms
=== RUN   TestValidateModelAliasMap_EngineModelExpressionForms/whole-string_expression
=== RUN   TestValidateModelAliasMap_EngineModelExpressionForms/expression_with_effort_param
=== RUN   TestValidateModelAliasMap_EngineModelExpressionForms/expression_with_temperature_param
=== RUN   TestValidateModelAliasMap_EngineModelExpressionForms/expression_with_multiple_params
=== RUN   TestValidateModelAliasMap_EngineModelExpressionForms/expression_with_unknown_param_—_no_error_(no_static_parse)
=== RUN   TestValidateModelAliasMap_EngineModelExpressionForms/compact_expression_syntax
=== RUN   TestValidateModelAliasMap_EngineModelExpressionForms/provider-scoped_expression
=== RUN   TestValidateModelAliasMap_EngineModelExpressionForms/valid_literal_is_accepted
=== RUN   TestValidateModelAliasMap_EngineModelExpressionForms/glob_in_engine.model_is_still_rejected_(V-MAF-004)
=== RUN   TestValidateModelAliasMap_EngineModelExpressionForms/expression_+_trailing_glob_rejected_(V-MAF-004)
=== RUN   TestValidateModelAliasMap_EngineModelExpressionForms/literal_glob_before_expression_rejected_(V-MAF-004)
=== RUN   TestValidateModelAliasMap_EngineModelExpressionForms/expression_between_globs_rejected_(V-MAF-004)
--- PASS: TestValidateModelAliasMap_EngineModelExpressionForms (0.01s)
    --- PASS: TestValidateModelAliasMap_EngineModelExpressionForms/whole-string_expression (0.00s)
    --- PASS: TestValidateModelAliasMap_EngineModelExpressionForms/expression_with_effort_param (0.00s)
    --- PASS: TestValidateModelAliasMap_EngineModelExpressionForms/expression_with_temperature_param (0.00s)
    --- PASS: TestValidateModelAliasMap_EngineModelExpressionForms/expression_with_multiple_params (0.00s)
    --- PASS: TestValidateModelAliasMap_EngineModelExpressionForms/expression_with_unknown_param_—_no_error_(no_static_parse) (0.00s)
    --- PASS: TestValidateModelAliasMap_EngineModelExpressionForms/compact_expression_syntax (0.00s)
    --- PASS: TestValidateModelAliasMap_EngineModelExpressionForms/provider-scoped_expression (0.00s)
    --- PASS: TestValidateModelAliasMap_EngineModelExpressionForms/valid_literal_is_accepted (0.00s)
    --- PASS: TestValidateModelAliasMap_EngineModelExpressionForms/glob_in_engine.model_is_still_rejected_(V-MAF-004) (0.00s)
    --- PASS: TestValidateModelAliasMap_EngineModelExpressionForms/expression_+_trailing_glob_rejected_(V-MAF-004) (0.00s)
    --- PASS: TestValidateModelAliasMap_EngineModelExpressionForms/literal_glob_before_expression_rejected_(V-MAF-004) (0.00s)
    --- PASS: TestValidateModelAliasMap_EngineModelExpressionForms/expression_between_globs_rejected_(V-MAF-004) (0.00s)
=== RUN   TestBuiltinModelAliases
--- PASS: TestBuiltinModelAliases (0.00s)
=== RUN   TestBuildAWFConfigJSON_ModelsSection
=== RUN   TestBuildAWFConfigJSON_ModelsSection/builtin_model_aliases_are_included_when_WorkflowData_has_ModelMappings
=== RUN   TestBuildAWFConfigJSON_ModelsSection/frontmatter_override_is_reflected_in_WorkflowData_and_in_AWF_config_JSON
=== RUN   TestBuildAWFConfigJSON_ModelsSection/no_models_section_when_ModelMappings_is_nil
--- PASS: TestBuildAWFConfigJSON_ModelsSection (0.00s)
    --- PASS: TestBuildAWFConfigJSON_ModelsSection/builtin_model_aliases_are_included_when_WorkflowData_has_ModelMappings (0.00s)
    --- PASS: TestBuildAWFConfigJSON_ModelsSection/frontmatter_override_is_reflected_in_WorkflowData_and_in_AWF_config_JSON (0.00s)
    --- PASS: TestBuildAWFConfigJSON_ModelsSection/no_models_section_when_ModelMappings_is_nil (0.00s)
=== RUN   TestMergeImportedModelAliases
=== RUN   TestMergeImportedModelAliases/no_imports_and_no_frontmatter_returns_builtins
=== RUN   TestMergeImportedModelAliases/imported_alias_is_added_when_not_in_builtins
=== RUN   TestMergeImportedModelAliases/import_cannot_override_a_builtin_alias
=== RUN   TestMergeImportedModelAliases/first_import_wins_among_multiple_imports_for_the_same_key
=== RUN   TestMergeImportedModelAliases/main_workflow_frontmatter_overrides_imported_alias
=== RUN   TestMergeImportedModelAliases/main_workflow_frontmatter_overrides_builtin_alias
=== RUN   TestMergeImportedModelAliases/all_three_layers_are_combined_correctly
--- PASS: TestMergeImportedModelAliases (0.00s)
    --- PASS: TestMergeImportedModelAliases/no_imports_and_no_frontmatter_returns_builtins (0.00s)
    --- PASS: TestMergeImportedModelAliases/imported_alias_is_added_when_not_in_builtins (0.00s)
    --- PASS: TestMergeImportedModelAliases/import_cannot_override_a_builtin_alias (0.00s)
    --- PASS: TestMergeImportedModelAliases/first_import_wins_among_multiple_imports_for_the_same_key (0.00s)
    --- PASS: TestMergeImportedModelAliases/main_workflow_frontmatter_overrides_imported_alias (0.00s)
    --- PASS: TestMergeImportedModelAliases/main_workflow_frontmatter_overrides_builtin_alias (0.00s)
    --- PASS: TestMergeImportedModelAliases/all_three_layers_are_combined_correctly (0.00s)
=== RUN   TestFrontmatterModelsField
=== RUN   TestFrontmatterModelsField/models_field_is_optional
=== RUN   TestFrontmatterModelsField/models_field_with_providers_structure_populates_ModelCosts
--- PASS: TestFrontmatterModelsField (0.00s)
    --- PASS: TestFrontmatterModelsField/models_field_is_optional (0.00s)
    --- PASS: TestFrontmatterModelsField/models_field_with_providers_structure_populates_ModelCosts (0.00s)
=== RUN   TestImportedModelsPricingMergesAcrossSharedWorkflows
--- PASS: TestImportedModelsPricingMergesAcrossSharedWorkflows (0.00s)
=== RUN   TestMainWorkflowModelsPricingOverridesImportedSharedWorkflow
--- PASS: TestMainWorkflowModelsPricingOverridesImportedSharedWorkflow (0.00s)
=== RUN   TestModelEnvVarInjectionForAgentJob
=== RUN   TestModelEnvVarInjectionForAgentJob/Claude_agent_uses_GH_AW_MODEL_AGENT_CLAUDE
=== RUN   TestModelEnvVarInjectionForAgentJob/Codex_agent_uses_GH_AW_MODEL_AGENT_CODEX
--- PASS: TestModelEnvVarInjectionForAgentJob (0.00s)
    --- PASS: TestModelEnvVarInjectionForAgentJob/Claude_agent_uses_GH_AW_MODEL_AGENT_CLAUDE (0.00s)
    --- PASS: TestModelEnvVarInjectionForAgentJob/Codex_agent_uses_GH_AW_MODEL_AGENT_CODEX (0.00s)
=== RUN   TestModelEnvVarInjectionForDetectionJob
=== RUN   TestModelEnvVarInjectionForDetectionJob/Claude_detection_uses_GH_AW_MODEL_DETECTION_CLAUDE
=== RUN   TestModelEnvVarInjectionForDetectionJob/Codex_detection_uses_GH_AW_MODEL_DETECTION_CODEX
--- PASS: TestModelEnvVarInjectionForDetectionJob (0.00s)
    --- PASS: TestModelEnvVarInjectionForDetectionJob/Claude_detection_uses_GH_AW_MODEL_DETECTION_CLAUDE (0.00s)
    --- PASS: TestModelEnvVarInjectionForDetectionJob/Codex_detection_uses_GH_AW_MODEL_DETECTION_CODEX (0.00s)
=== RUN   TestExplicitModelConfigOverridesEnvVar
--- PASS: TestExplicitModelConfigOverridesEnvVar (0.00s)
=== RUN   TestCopilotFallbackModelMapsToNativeEnvVar
=== RUN   TestCopilotFallbackModelMapsToNativeEnvVar/Agent_job_maps_GH_AW_MODEL_AGENT_COPILOT_to_COPILOT_MODEL
=== RUN   TestCopilotFallbackModelMapsToNativeEnvVar/Detection_job_maps_GH_AW_MODEL_DETECTION_COPILOT_to_COPILOT_MODEL
--- PASS: TestCopilotFallbackModelMapsToNativeEnvVar (0.00s)
    --- PASS: TestCopilotFallbackModelMapsToNativeEnvVar/Agent_job_maps_GH_AW_MODEL_AGENT_COPILOT_to_COPILOT_MODEL (0.00s)
    --- PASS: TestCopilotFallbackModelMapsToNativeEnvVar/Detection_job_maps_GH_AW_MODEL_DETECTION_COPILOT_to_COPILOT_MODEL (0.00s)
=== RUN   TestExpressionModelUsesEnvVar
=== RUN   TestExpressionModelUsesEnvVar/Copilot_agent_with_inputs.model_expression_uses_native_COPILOT_MODEL
=== RUN   TestExpressionModelUsesEnvVar/Copilot_agent_with_vars.model_expression_uses_native_COPILOT_MODEL
=== RUN   TestExpressionModelUsesEnvVar/Claude_agent_with_inputs.model_expression_uses_native_ANTHROPIC_MODEL
=== RUN   TestExpressionModelUsesEnvVar/Codex_agent_with_inputs.model_expression
--- PASS: TestExpressionModelUsesEnvVar (0.00s)
    --- PASS: TestExpressionModelUsesEnvVar/Copilot_agent_with_inputs.model_expression_uses_native_COPILOT_MODEL (0.00s)
    --- PASS: TestExpressionModelUsesEnvVar/Copilot_agent_with_vars.model_expression_uses_native_COPILOT_MODEL (0.00s)
    --- PASS: TestExpressionModelUsesEnvVar/Claude_agent_with_inputs.model_expression_uses_native_ANTHROPIC_MODEL (0.00s)
    --- PASS: TestExpressionModelUsesEnvVar/Codex_agent_with_inputs.model_expression (0.00s)
=== RUN   TestExpressionModelDetectionJobUsesEnvVar
--- PASS: TestExpressionModelDetectionJobUsesEnvVar (0.00s)
=== RUN   TestGetModelEnvVarName
=== RUN   TestGetModelEnvVarName/copilot
=== RUN   TestGetModelEnvVarName/claude
=== RUN   TestGetModelEnvVarName/codex
=== RUN   TestGetModelEnvVarName/gemini
=== RUN   TestGetModelEnvVarName/opencode
=== RUN   TestGetModelEnvVarName/crush
--- PASS: TestGetModelEnvVarName (0.00s)
    --- PASS: TestGetModelEnvVarName/copilot (0.00s)
    --- PASS: TestGetModelEnvVarName/claude (0.00s)
    --- PASS: TestGetModelEnvVarName/codex (0.00s)
    --- PASS: TestGetModelEnvVarName/gemini (0.00s)
    --- PASS: TestGetModelEnvVarName/opencode (0.00s)
    --- PASS: TestGetModelEnvVarName/crush (0.00s)
=== RUN   TestCodexModelFlagPositionAfterExec
--- PASS: TestCodexModelFlagPositionAfterExec (0.00s)
=== RUN   TestModelNotSupportedErrorDetectionStep
=== PAUSE TestModelNotSupportedErrorDetectionStep
=== RUN   TestModelNotSupportedErrorInConclusionJob
=== PAUSE TestModelNotSupportedErrorInConclusionJob
=== RUN   TestModelNotSupportedErrorNotInEngineWithoutDetectionScript
/tmp/gh-aw-test-runs/20260704-173215-1254793/test-model-not-supported-3401478747/test-workflow.md: warning: safe update mode detected unapproved changes

New restricted secret(s):
  - GEMINI_API_KEY

Remediation options:
  1. Use the --approve flag to allow the changes.
  2. Revert the unapproved changes.
  3. Use an interactive coding agent to review and approve the changes.

✓ /tmp/gh-aw-test-runs/20260704-173215-1254793/test-model-not-supported-3401478747/test-workflow.md (74.3 KB)
--- PASS: TestModelNotSupportedErrorNotInEngineWithoutDetectionScript (0.01s)
=== RUN   TestMultilineStringHandling
=== RUN   TestMultilineStringHandling/multiline_script_in_with_parameters
    multiline_test.go:98: Generated YAML:
              - name: Test Script
                uses: actions/github-script@v7
                with:
                  script: |-
                    const fs = require('fs');
                    const data = {
                      key: "value",
                      number: 42
                    };
                    console.log(data);
                  timeout: "30000"
=== RUN   TestMultilineStringHandling/simple_single-line_with_parameters
    multiline_test.go:98: Generated YAML:
              - name: Simple Test
                uses: actions/setup-node@v4
                with:
                  cache: npm
                  node-version: "18"
=== RUN   TestMultilineStringHandling/multiline_run_command
    multiline_test.go:98: Generated YAML:
              - name: Multi-line run
                run: |-
                  echo "Starting build"
                  npm install
                  npm run build
                  echo "Build complete"
--- PASS: TestMultilineStringHandling (0.00s)
    --- PASS: TestMultilineStringHandling/multiline_script_in_with_parameters (0.00s)
    --- PASS: TestMultilineStringHandling/simple_single-line_with_parameters (0.00s)
    --- PASS: TestMultilineStringHandling/multiline_run_command (0.00s)
=== RUN   TestValidateNetworkFirewallConfig_AllowURLsRequiresSSLBump
=== RUN   TestValidateNetworkFirewallConfig_AllowURLsRequiresSSLBump/allow-urls_without_ssl-bump_fails_validation
=== RUN   TestValidateNetworkFirewallConfig_AllowURLsRequiresSSLBump/allow-urls_with_ssl-bump_passes_validation
=== RUN   TestValidateNetworkFirewallConfig_AllowURLsRequiresSSLBump/multiple_allow-urls_without_ssl-bump_fails_validation
=== RUN   TestValidateNetworkFirewallConfig_AllowURLsRequiresSSLBump/multiple_allow-urls_with_ssl-bump_passes_validation
=== RUN   TestValidateNetworkFirewallConfig_AllowURLsRequiresSSLBump/ssl-bump_without_allow-urls_passes_validation
=== RUN   TestValidateNetworkFirewallConfig_AllowURLsRequiresSSLBump/empty_allow-urls_with_ssl-bump_passes_validation
=== RUN   TestValidateNetworkFirewallConfig_AllowURLsRequiresSSLBump/empty_allow-urls_without_ssl-bump_passes_validation
=== RUN   TestValidateNetworkFirewallConfig_AllowURLsRequiresSSLBump/no_firewall_config_passes_validation
=== RUN   TestValidateNetworkFirewallConfig_AllowURLsRequiresSSLBump/nil_network_permissions_passes_validation
=== RUN   TestValidateNetworkFirewallConfig_AllowURLsRequiresSSLBump/firewall_enabled_false_with_allow-urls_and_no_ssl-bump_fails_validation
--- PASS: TestValidateNetworkFirewallConfig_AllowURLsRequiresSSLBump (0.00s)
    --- PASS: TestValidateNetworkFirewallConfig_AllowURLsRequiresSSLBump/allow-urls_without_ssl-bump_fails_validation (0.00s)
    --- PASS: TestValidateNetworkFirewallConfig_AllowURLsRequiresSSLBump/allow-urls_with_ssl-bump_passes_validation (0.00s)
    --- PASS: TestValidateNetworkFirewallConfig_AllowURLsRequiresSSLBump/multiple_allow-urls_without_ssl-bump_fails_validation (0.00s)
    --- PASS: TestValidateNetworkFirewallConfig_AllowURLsRequiresSSLBump/multiple_allow-urls_with_ssl-bump_passes_validation (0.00s)
    --- PASS: TestValidateNetworkFirewallConfig_AllowURLsRequiresSSLBump/ssl-bump_without_allow-urls_passes_validation (0.00s)
    --- PASS: TestValidateNetworkFirewallConfig_AllowURLsRequiresSSLBump/empty_allow-urls_with_ssl-bump_passes_validation (0.00s)
    --- PASS: TestValidateNetworkFirewallConfig_AllowURLsRequiresSSLBump/empty_allow-urls_without_ssl-bump_passes_validation (0.00s)
    --- PASS: TestValidateNetworkFirewallConfig_AllowURLsRequiresSSLBump/no_firewall_config_passes_validation (0.00s)
    --- PASS: TestValidateNetworkFirewallConfig_AllowURLsRequiresSSLBump/nil_network_permissions_passes_validation (0.00s)
    --- PASS: TestValidateNetworkFirewallConfig_AllowURLsRequiresSSLBump/firewall_enabled_false_with_allow-urls_and_no_ssl-bump_fails_validation (0.00s)
=== RUN   TestValidateNetworkAllowedDomains_EcosystemIdentifiers
=== RUN   TestValidateNetworkAllowedDomains_EcosystemIdentifiers/known_ecosystem_identifiers_pass_validation
=== RUN   TestValidateNetworkAllowedDomains_EcosystemIdentifiers/known_ecosystem_identifiers_pass_validation/bazel
=== RUN   TestValidateNetworkAllowedDomains_EcosystemIdentifiers/known_ecosystem_identifiers_pass_validation/chrome
=== RUN   TestValidateNetworkAllowedDomains_EcosystemIdentifiers/known_ecosystem_identifiers_pass_validation/clojure
=== RUN   TestValidateNetworkAllowedDomains_EcosystemIdentifiers/known_ecosystem_identifiers_pass_validation/containers
=== RUN   TestValidateNetworkAllowedDomains_EcosystemIdentifiers/known_ecosystem_identifiers_pass_validation/dart
=== RUN   TestValidateNetworkAllowedDomains_EcosystemIdentifiers/known_ecosystem_identifiers_pass_validation/default-safe-outputs
=== RUN   TestValidateNetworkAllowedDomains_EcosystemIdentifiers/known_ecosystem_identifiers_pass_validation/defaults
=== RUN   TestValidateNetworkAllowedDomains_EcosystemIdentifiers/known_ecosystem_identifiers_pass_validation/deno
=== RUN   TestValidateNetworkAllowedDomains_EcosystemIdentifiers/known_ecosystem_identifiers_pass_validation/dev-tools
=== RUN   TestValidateNetworkAllowedDomains_EcosystemIdentifiers/known_ecosystem_identifiers_pass_validation/dotnet
=== RUN   TestValidateNetworkAllowedDomains_EcosystemIdentifiers/known_ecosystem_identifiers_pass_validation/elixir
=== RUN   TestValidateNetworkAllowedDomains_EcosystemIdentifiers/known_ecosystem_identifiers_pass_validation/fonts
=== RUN   TestValidateNetworkAllowedDomains_EcosystemIdentifiers/known_ecosystem_identifiers_pass_validation/gh-aw
=== RUN   TestValidateNetworkAllowedDomains_EcosystemIdentifiers/known_ecosystem_identifiers_pass_validation/github
=== RUN   TestValidateNetworkAllowedDomains_EcosystemIdentifiers/known_ecosystem_identifiers_pass_validation/github-actions
=== RUN   TestValidateNetworkAllowedDomains_EcosystemIdentifiers/known_ecosystem_identifiers_pass_validation/go
=== RUN   TestValidateNetworkAllowedDomains_EcosystemIdentifiers/known_ecosystem_identifiers_pass_validation/haskell
=== RUN   TestValidateNetworkAllowedDomains_EcosystemIdentifiers/known_ecosystem_identifiers_pass_validation/java
=== RUN   TestValidateNetworkAllowedDomains_EcosystemIdentifiers/known_ecosystem_identifiers_pass_validation/julia
=== RUN   TestValidateNetworkAllowedDomains_EcosystemIdentifiers/known_ecosystem_identifiers_pass_validation/kotlin
=== RUN   TestValidateNetworkAllowedDomains_EcosystemIdentifiers/known_ecosystem_identifiers_pass_validation/latex
=== RUN   TestValidateNetworkAllowedDomains_EcosystemIdentifiers/known_ecosystem_identifiers_pass_validation/lean
=== RUN   TestValidateNetworkAllowedDomains_EcosystemIdentifiers/known_ecosystem_identifiers_pass_validation/linux-distros
=== RUN   TestValidateNetworkAllowedDomains_EcosystemIdentifiers/known_ecosystem_identifiers_pass_validation/local
=== RUN   TestValidateNetworkAllowedDomains_EcosystemIdentifiers/known_ecosystem_identifiers_pass_validation/lua
=== RUN   TestValidateNetworkAllowedDomains_EcosystemIdentifiers/known_ecosystem_identifiers_pass_validation/node
=== RUN   TestValidateNetworkAllowedDomains_EcosystemIdentifiers/known_ecosystem_identifiers_pass_validation/node-cdns
=== RUN   TestValidateNetworkAllowedDomains_EcosystemIdentifiers/known_ecosystem_identifiers_pass_validation/ocaml
=== RUN   TestValidateNetworkAllowedDomains_EcosystemIdentifiers/known_ecosystem_identifiers_pass_validation/perl
=== RUN   TestValidateNetworkAllowedDomains_EcosystemIdentifiers/known_ecosystem_identifiers_pass_validation/php
=== RUN   TestValidateNetworkAllowedDomains_EcosystemIdentifiers/known_ecosystem_identifiers_pass_validation/playwright
=== RUN   TestValidateNetworkAllowedDomains_EcosystemIdentifiers/known_ecosystem_identifiers_pass_validation/powershell
=== RUN   TestValidateNetworkAllowedDomains_EcosystemIdentifiers/known_ecosystem_identifiers_pass_validation/python
=== RUN   TestValidateNetworkAllowedDomains_EcosystemIdentifiers/known_ecosystem_identifiers_pass_validation/python-native
=== RUN   TestValidateNetworkAllowedDomains_EcosystemIdentifiers/known_ecosystem_identifiers_pass_validation/r
=== RUN   TestValidateNetworkAllowedDomains_EcosystemIdentifiers/known_ecosystem_identifiers_pass_validation/ruby
=== RUN   TestValidateNetworkAllowedDomains_EcosystemIdentifiers/known_ecosystem_identifiers_pass_validation/rust
=== RUN   TestValidateNetworkAllowedDomains_EcosystemIdentifiers/known_ecosystem_identifiers_pass_validation/scala
=== RUN   TestValidateNetworkAllowedDomains_EcosystemIdentifiers/known_ecosystem_identifiers_pass_validation/swift
=== RUN   TestValidateNetworkAllowedDomains_EcosystemIdentifiers/known_ecosystem_identifiers_pass_validation/terraform
=== RUN   TestValidateNetworkAllowedDomains_EcosystemIdentifiers/known_ecosystem_identifiers_pass_validation/threat-detection
=== RUN   TestValidateNetworkAllowedDomains_EcosystemIdentifiers/known_ecosystem_identifiers_pass_validation/zig
=== RUN   TestValidateNetworkAllowedDomains_EcosystemIdentifiers/unknown_single-word_identifiers_fail_validation
=== RUN   TestValidateNetworkAllowedDomains_EcosystemIdentifiers/unknown_single-word_identifiers_fail_validation/rustxxxx
=== RUN   TestValidateNetworkAllowedDomains_EcosystemIdentifiers/unknown_single-word_identifiers_fail_validation/defaults2
=== RUN   TestValidateNetworkAllowedDomains_EcosystemIdentifiers/unknown_single-word_identifiers_fail_validation/githubx
=== RUN   TestValidateNetworkAllowedDomains_EcosystemIdentifiers/unknown_single-word_identifiers_fail_validation/nodexyz
=== RUN   TestValidateNetworkAllowedDomains_EcosystemIdentifiers/unknown_single-word_identifiers_fail_validation/unknown
=== RUN   TestValidateNetworkAllowedDomains_EcosystemIdentifiers/unknown_single-word_identifiers_fail_validation/fakeecosystem
=== RUN   TestValidateNetworkAllowedDomains_EcosystemIdentifiers/unknown_single-word_identifiers_fail_validation/notarealecosystem
=== RUN   TestValidateNetworkAllowedDomains_EcosystemIdentifiers/unknown_single-word_identifiers_fail_validation/invalidname123
=== RUN   TestValidateNetworkAllowedDomains_EcosystemIdentifiers/domain_names_with_dots_still_pass_validation
=== RUN   TestValidateNetworkAllowedDomains_EcosystemIdentifiers/domain_names_with_dots_still_pass_validation/github.com
=== RUN   TestValidateNetworkAllowedDomains_EcosystemIdentifiers/domain_names_with_dots_still_pass_validation/api.example.com
=== RUN   TestValidateNetworkAllowedDomains_EcosystemIdentifiers/domain_names_with_dots_still_pass_validation/*.example.org
=== RUN   TestValidateNetworkAllowedDomains_EcosystemIdentifiers/mixed_valid_and_invalid_entries_collects_all_errors
--- PASS: TestValidateNetworkAllowedDomains_EcosystemIdentifiers (0.00s)
    --- PASS: TestValidateNetworkAllowedDomains_EcosystemIdentifiers/known_ecosystem_identifiers_pass_validation (0.00s)
        --- PASS: TestValidateNetworkAllowedDomains_EcosystemIdentifiers/known_ecosystem_identifiers_pass_validation/bazel (0.00s)
        --- PASS: TestValidateNetworkAllowedDomains_EcosystemIdentifiers/known_ecosystem_identifiers_pass_validation/chrome (0.00s)
        --- PASS: TestValidateNetworkAllowedDomains_EcosystemIdentifiers/known_ecosystem_identifiers_pass_validation/clojure (0.00s)
        --- PASS: TestValidateNetworkAllowedDomains_EcosystemIdentifiers/known_ecosystem_identifiers_pass_validation/containers (0.00s)
        --- PASS: TestValidateNetworkAllowedDomains_EcosystemIdentifiers/known_ecosystem_identifiers_pass_validation/dart (0.00s)
        --- PASS: TestValidateNetworkAllowedDomains_EcosystemIdentifiers/known_ecosystem_identifiers_pass_validation/default-safe-outputs (0.00s)
        --- PASS: TestValidateNetworkAllowedDomains_EcosystemIdentifiers/known_ecosystem_identifiers_pass_validation/defaults (0.00s)
        --- PASS: TestValidateNetworkAllowedDomains_EcosystemIdentifiers/known_ecosystem_identifiers_pass_validation/deno (0.00s)
        --- PASS: TestValidateNetworkAllowedDomains_EcosystemIdentifiers/known_ecosystem_identifiers_pass_validation/dev-tools (0.00s)
        --- PASS: TestValidateNetworkAllowedDomains_EcosystemIdentifiers/known_ecosystem_identifiers_pass_validation/dotnet (0.00s)
        --- PASS: TestValidateNetworkAllowedDomains_EcosystemIdentifiers/known_ecosystem_identifiers_pass_validation/elixir (0.00s)
        --- PASS: TestValidateNetworkAllowedDomains_EcosystemIdentifiers/known_ecosystem_identifiers_pass_validation/fonts (0.00s)
        --- PASS: TestValidateNetworkAllowedDomains_EcosystemIdentifiers/known_ecosystem_identifiers_pass_validation/gh-aw (0.00s)
        --- PASS: TestValidateNetworkAllowedDomains_EcosystemIdentifiers/known_ecosystem_identifiers_pass_validation/github (0.00s)
        --- PASS: TestValidateNetworkAllowedDomains_EcosystemIdentifiers/known_ecosystem_identifiers_pass_validation/github-actions (0.00s)
        --- PASS: TestValidateNetworkAllowedDomains_EcosystemIdentifiers/known_ecosystem_identifiers_pass_validation/go (0.00s)
        --- PASS: TestValidateNetworkAllowedDomains_EcosystemIdentifiers/known_ecosystem_identifiers_pass_validation/haskell (0.00s)
        --- PASS: TestValidateNetworkAllowedDomains_EcosystemIdentifiers/known_ecosystem_identifiers_pass_validation/java (0.00s)
        --- PASS: TestValidateNetworkAllowedDomains_EcosystemIdentifiers/known_ecosystem_identifiers_pass_validation/julia (0.00s)
        --- PASS: TestValidateNetworkAllowedDomains_EcosystemIdentifiers/known_ecosystem_identifiers_pass_validation/kotlin (0.00s)
        --- PASS: TestValidateNetworkAllowedDomains_EcosystemIdentifiers/known_ecosystem_identifiers_pass_validation/latex (0.00s)
        --- PASS: TestValidateNetworkAllowedDomains_EcosystemIdentifiers/known_ecosystem_identifiers_pass_validation/lean (0.00s)
        --- PASS: TestValidateNetworkAllowedDomains_EcosystemIdentifiers/known_ecosystem_identifiers_pass_validation/linux-distros (0.00s)
        --- PASS: TestValidateNetworkAllowedDomains_EcosystemIdentifiers/known_ecosystem_identifiers_pass_validation/local (0.00s)
        --- PASS: TestValidateNetworkAllowedDomains_EcosystemIdentifiers/known_ecosystem_identifiers_pass_validation/lua (0.00s)
        --- PASS: TestValidateNetworkAllowedDomains_EcosystemIdentifiers/known_ecosystem_identifiers_pass_validation/node (0.00s)
        --- PASS: TestValidateNetworkAllowedDomains_EcosystemIdentifiers/known_ecosystem_identifiers_pass_validation/node-cdns (0.00s)
        --- PASS: TestValidateNetworkAllowedDomains_EcosystemIdentifiers/known_ecosystem_identifiers_pass_validation/ocaml (0.00s)
        --- PASS: TestValidateNetworkAllowedDomains_EcosystemIdentifiers/known_ecosystem_identifiers_pass_validation/perl (0.00s)
        --- PASS: TestValidateNetworkAllowedDomains_EcosystemIdentifiers/known_ecosystem_identifiers_pass_validation/php (0.00s)
        --- PASS: TestValidateNetworkAllowedDomains_EcosystemIdentifiers/known_ecosystem_identifiers_pass_validation/playwright (0.00s)
        --- PASS: TestValidateNetworkAllowedDomains_EcosystemIdentifiers/known_ecosystem_identifiers_pass_validation/powershell (0.00s)
        --- PASS: TestValidateNetworkAllowedDomains_EcosystemIdentifiers/known_ecosystem_identifiers_pass_validation/python (0.00s)
        --- PASS: TestValidateNetworkAllowedDomains_EcosystemIdentifiers/known_ecosystem_identifiers_pass_validation/python-native (0.00s)
        --- PASS: TestValidateNetworkAllowedDomains_EcosystemIdentifiers/known_ecosystem_identifiers_pass_validation/r (0.00s)
        --- PASS: TestValidateNetworkAllowedDomains_EcosystemIdentifiers/known_ecosystem_identifiers_pass_validation/ruby (0.00s)
        --- PASS: TestValidateNetworkAllowedDomains_EcosystemIdentifiers/known_ecosystem_identifiers_pass_validation/rust (0.00s)
        --- PASS: TestValidateNetworkAllowedDomains_EcosystemIdentifiers/known_ecosystem_identifiers_pass_validation/scala (0.00s)
        --- PASS: TestValidateNetworkAllowedDomains_EcosystemIdentifiers/known_ecosystem_identifiers_pass_validation/swift (0.00s)
        --- PASS: TestValidateNetworkAllowedDomains_EcosystemIdentifiers/known_ecosystem_identifiers_pass_validation/terraform (0.00s)
        --- PASS: TestValidateNetworkAllowedDomains_EcosystemIdentifiers/known_ecosystem_identifiers_pass_validation/threat-detection (0.00s)
        --- PASS: TestValidateNetworkAllowedDomains_EcosystemIdentifiers/known_ecosystem_identifiers_pass_validation/zig (0.00s)
    --- PASS: TestValidateNetworkAllowedDomains_EcosystemIdentifiers/unknown_single-word_identifiers_fail_validation (0.00s)
        --- PASS: TestValidateNetworkAllowedDomains_EcosystemIdentifiers/unknown_single-word_identifiers_fail_validation/rustxxxx (0.00s)
        --- PASS: TestValidateNetworkAllowedDomains_EcosystemIdentifiers/unknown_single-word_identifiers_fail_validation/defaults2 (0.00s)
        --- PASS: TestValidateNetworkAllowedDomains_EcosystemIdentifiers/unknown_single-word_identifiers_fail_validation/githubx (0.00s)
        --- PASS: TestValidateNetworkAllowedDomains_EcosystemIdentifiers/unknown_single-word_identifiers_fail_validation/nodexyz (0.00s)
        --- PASS: TestValidateNetworkAllowedDomains_EcosystemIdentifiers/unknown_single-word_identifiers_fail_validation/unknown (0.00s)
        --- PASS: TestValidateNetworkAllowedDomains_EcosystemIdentifiers/unknown_single-word_identifiers_fail_validation/fakeecosystem (0.00s)
        --- PASS: TestValidateNetworkAllowedDomains_EcosystemIdentifiers/unknown_single-word_identifiers_fail_validation/notarealecosystem (0.00s)
        --- PASS: TestValidateNetworkAllowedDomains_EcosystemIdentifiers/unknown_single-word_identifiers_fail_validation/invalidname123 (0.00s)
    --- PASS: TestValidateNetworkAllowedDomains_EcosystemIdentifiers/domain_names_with_dots_still_pass_validation (0.00s)
        --- PASS: TestValidateNetworkAllowedDomains_EcosystemIdentifiers/domain_names_with_dots_still_pass_validation/github.com (0.00s)
        --- PASS: TestValidateNetworkAllowedDomains_EcosystemIdentifiers/domain_names_with_dots_still_pass_validation/api.example.com (0.00s)
        --- PASS: TestValidateNetworkAllowedDomains_EcosystemIdentifiers/domain_names_with_dots_still_pass_validation/*.example.org (0.00s)
    --- PASS: TestValidateNetworkAllowedDomains_EcosystemIdentifiers/mixed_valid_and_invalid_entries_collects_all_errors (0.00s)
=== RUN   TestValidateNetworkFirewallConfig_Integration
=== RUN   TestValidateNetworkFirewallConfig_Integration/compiler_rejects_workflow_with_allow-urls_but_no_ssl-bump
=== RUN   TestValidateNetworkFirewallConfig_Integration/compiler_accepts_workflow_with_allow-urls_and_ssl-bump
--- PASS: TestValidateNetworkFirewallConfig_Integration (0.00s)
    --- PASS: TestValidateNetworkFirewallConfig_Integration/compiler_rejects_workflow_with_allow-urls_but_no_ssl-bump (0.00s)
    --- PASS: TestValidateNetworkFirewallConfig_Integration/compiler_accepts_workflow_with_allow-urls_and_ssl-bump (0.00s)
=== RUN   TestCompilerNetworkPermissionsExtraction
=== RUN   TestCompilerNetworkPermissionsExtraction/Extract_top-level_network_permissions
=== RUN   TestCompilerNetworkPermissionsExtraction/No_network_permissions_specified
=== RUN   TestCompilerNetworkPermissionsExtraction/Empty_network_permissions
=== RUN   TestCompilerNetworkPermissionsExtraction/Network_permissions_with_single_domain
=== RUN   TestCompilerNetworkPermissionsExtraction/Network_permissions_passed_to_compilation
=== RUN   TestCompilerNetworkPermissionsExtraction/Multiple_workflows_with_different_network_permissions
--- PASS: TestCompilerNetworkPermissionsExtraction (0.01s)
    --- PASS: TestCompilerNetworkPermissionsExtraction/Extract_top-level_network_permissions (0.00s)
    --- PASS: TestCompilerNetworkPermissionsExtraction/No_network_permissions_specified (0.00s)
    --- PASS: TestCompilerNetworkPermissionsExtraction/Empty_network_permissions (0.00s)
    --- PASS: TestCompilerNetworkPermissionsExtraction/Network_permissions_with_single_domain (0.00s)
    --- PASS: TestCompilerNetworkPermissionsExtraction/Network_permissions_passed_to_compilation (0.00s)
    --- PASS: TestCompilerNetworkPermissionsExtraction/Multiple_workflows_with_different_network_permissions (0.00s)
=== RUN   TestNetworkPermissionsUtilities
=== RUN   TestNetworkPermissionsUtilities/GetAllowedDomains_with_various_inputs
=== RUN   TestNetworkPermissionsUtilities/GetAllowedDomains_with_'defaults'_expansion
--- PASS: TestNetworkPermissionsUtilities (0.00s)
    --- PASS: TestNetworkPermissionsUtilities/GetAllowedDomains_with_various_inputs (0.00s)
    --- PASS: TestNetworkPermissionsUtilities/GetAllowedDomains_with_'defaults'_expansion (0.00s)
=== RUN   TestNetworkPermissionHelpers
=== RUN   TestNetworkPermissionHelpers/hasNetworkPermissionsInConfig_utility
=== RUN   TestNetworkPermissionHelpers/domain_matching_logic
--- PASS: TestNetworkPermissionHelpers (0.00s)
    --- PASS: TestNetworkPermissionHelpers/hasNetworkPermissionsInConfig_utility (0.00s)
    --- PASS: TestNetworkPermissionHelpers/domain_matching_logic (0.00s)
=== RUN   TestNeutralToolsExpandsToClaudeTools
--- PASS: TestNeutralToolsExpandsToClaudeTools (0.00s)
=== RUN   TestNeutralToolsWithoutSafeOutputs
--- PASS: TestNeutralToolsWithoutSafeOutputs (0.00s)
=== RUN   TestExpandNeutralToolsToClaudeTools
=== RUN   TestExpandNeutralToolsToClaudeTools/empty_tools
=== RUN   TestExpandNeutralToolsToClaudeTools/bash_tool_with_commands
=== RUN   TestExpandNeutralToolsToClaudeTools/bash_tool_with_nil_(all_commands)
=== RUN   TestExpandNeutralToolsToClaudeTools/web-fetch_tool
=== RUN   TestExpandNeutralToolsToClaudeTools/web-search_tool
=== RUN   TestExpandNeutralToolsToClaudeTools/edit_tool
=== RUN   TestExpandNeutralToolsToClaudeTools/playwright_tool
=== RUN   TestExpandNeutralToolsToClaudeTools/all_neutral_tools
=== RUN   TestExpandNeutralToolsToClaudeTools/neutral_tools_mixed_with_MCP_tools
=== RUN   TestExpandNeutralToolsToClaudeTools/existing_claude_tools_with_neutral_tools
--- PASS: TestExpandNeutralToolsToClaudeTools (0.00s)
    --- PASS: TestExpandNeutralToolsToClaudeTools/empty_tools (0.00s)
    --- PASS: TestExpandNeutralToolsToClaudeTools/bash_tool_with_commands (0.00s)
    --- PASS: TestExpandNeutralToolsToClaudeTools/bash_tool_with_nil_(all_commands) (0.00s)
    --- PASS: TestExpandNeutralToolsToClaudeTools/web-fetch_tool (0.00s)
    --- PASS: TestExpandNeutralToolsToClaudeTools/web-search_tool (0.00s)
    --- PASS: TestExpandNeutralToolsToClaudeTools/edit_tool (0.00s)
    --- PASS: TestExpandNeutralToolsToClaudeTools/playwright_tool (0.00s)
    --- PASS: TestExpandNeutralToolsToClaudeTools/all_neutral_tools (0.00s)
    --- PASS: TestExpandNeutralToolsToClaudeTools/neutral_tools_mixed_with_MCP_tools (0.00s)
    --- PASS: TestExpandNeutralToolsToClaudeTools/existing_claude_tools_with_neutral_tools (0.00s)
=== RUN   TestDeriveWriteSinkGuardPolicyFromWorkflow
=== RUN   TestDeriveWriteSinkGuardPolicyFromWorkflow/nil_workflow_data
=== RUN   TestDeriveWriteSinkGuardPolicyFromWorkflow/nil_tools
=== RUN   TestDeriveWriteSinkGuardPolicyFromWorkflow/no_github_tool
=== RUN   TestDeriveWriteSinkGuardPolicyFromWorkflow/github_tool_without_guard_policy_(auto-lockdown)
=== RUN   TestDeriveWriteSinkGuardPolicyFromWorkflow/github_tool_with_nil_value_(auto-lockdown)
=== RUN   TestDeriveWriteSinkGuardPolicyFromWorkflow/github_tool_with_repos=all
=== RUN   TestDeriveWriteSinkGuardPolicyFromWorkflow/github_tool_with_specific_repo
--- PASS: TestDeriveWriteSinkGuardPolicyFromWorkflow (0.00s)
    --- PASS: TestDeriveWriteSinkGuardPolicyFromWorkflow/nil_workflow_data (0.00s)
    --- PASS: TestDeriveWriteSinkGuardPolicyFromWorkflow/nil_tools (0.00s)
    --- PASS: TestDeriveWriteSinkGuardPolicyFromWorkflow/no_github_tool (0.00s)
    --- PASS: TestDeriveWriteSinkGuardPolicyFromWorkflow/github_tool_without_guard_policy_(auto-lockdown) (0.00s)
    --- PASS: TestDeriveWriteSinkGuardPolicyFromWorkflow/github_tool_with_nil_value_(auto-lockdown) (0.00s)
    --- PASS: TestDeriveWriteSinkGuardPolicyFromWorkflow/github_tool_with_repos=all (0.00s)
    --- PASS: TestDeriveWriteSinkGuardPolicyFromWorkflow/github_tool_with_specific_repo (0.00s)
=== RUN   TestRenderCustomToolWithGuardPoliciesJSON
--- PASS: TestRenderCustomToolWithGuardPoliciesJSON (0.00s)
=== RUN   TestRenderCustomToolWithGuardPoliciesTOML
--- PASS: TestRenderCustomToolWithGuardPoliciesTOML (0.00s)
=== RUN   TestRenderCustomToolWithoutGuardPoliciesJSON
--- PASS: TestRenderCustomToolWithoutGuardPoliciesJSON (0.00s)
=== RUN   TestPlaywrightMCPWithGuardPoliciesJSON
--- PASS: TestPlaywrightMCPWithGuardPoliciesJSON (0.00s)
=== RUN   TestPlaywrightMCPWithoutGuardPoliciesJSON
--- PASS: TestPlaywrightMCPWithoutGuardPoliciesJSON (0.00s)
=== RUN   TestMCPScriptsMCPWithGuardPoliciesJSON
--- PASS: TestMCPScriptsMCPWithGuardPoliciesJSON (0.00s)
=== RUN   TestAgenticWorkflowsMCPWithGuardPoliciesJSON
--- PASS: TestAgenticWorkflowsMCPWithGuardPoliciesJSON (0.00s)
=== RUN   TestAllNonGitHubMCPServersGetGuardPoliciesViaRenderer
=== RUN   TestAllNonGitHubMCPServersGetGuardPoliciesViaRenderer/playwright_JSON
=== RUN   TestAllNonGitHubMCPServersGetGuardPoliciesViaRenderer/playwright_TOML
=== RUN   TestAllNonGitHubMCPServersGetGuardPoliciesViaRenderer/agentic-workflows_JSON
=== RUN   TestAllNonGitHubMCPServersGetGuardPoliciesViaRenderer/agentic-workflows_TOML
--- PASS: TestAllNonGitHubMCPServersGetGuardPoliciesViaRenderer (0.00s)
    --- PASS: TestAllNonGitHubMCPServersGetGuardPoliciesViaRenderer/playwright_JSON (0.00s)
    --- PASS: TestAllNonGitHubMCPServersGetGuardPoliciesViaRenderer/playwright_TOML (0.00s)
    --- PASS: TestAllNonGitHubMCPServersGetGuardPoliciesViaRenderer/agentic-workflows_JSON (0.00s)
    --- PASS: TestAllNonGitHubMCPServersGetGuardPoliciesViaRenderer/agentic-workflows_TOML (0.00s)
=== RUN   TestNonGitHubMCPServersGetGuardPoliciesFromAutoLockdown
--- PASS: TestNonGitHubMCPServersGetGuardPoliciesFromAutoLockdown (0.00s)
=== RUN   TestNonGitHubMCPServersNoGuardPoliciesWithGitHubApp
--- PASS: TestNonGitHubMCPServersNoGuardPoliciesWithGitHubApp (0.00s)
=== RUN   TestAllNonGitHubMCPServersGetWriteSinkWhenGitHubHasAllowOnly
=== RUN   TestAllNonGitHubMCPServersGetWriteSinkWhenGitHubHasAllowOnly/repos=all_min-integrity=none
=== RUN   TestAllNonGitHubMCPServersGetWriteSinkWhenGitHubHasAllowOnly/repos=all_min-integrity=none/playwright_JSON
=== RUN   TestAllNonGitHubMCPServersGetWriteSinkWhenGitHubHasAllowOnly/repos=all_min-integrity=none/agentic-workflows_JSON
=== RUN   TestAllNonGitHubMCPServersGetWriteSinkWhenGitHubHasAllowOnly/repos=all_min-integrity=none/mcp-scripts_JSON
=== RUN   TestAllNonGitHubMCPServersGetWriteSinkWhenGitHubHasAllowOnly/repos=all_min-integrity=none/safe-outputs_JSON
=== RUN   TestAllNonGitHubMCPServersGetWriteSinkWhenGitHubHasAllowOnly/repos=public_min-integrity=approved
=== RUN   TestAllNonGitHubMCPServersGetWriteSinkWhenGitHubHasAllowOnly/repos=public_min-integrity=approved/playwright_JSON
=== RUN   TestAllNonGitHubMCPServersGetWriteSinkWhenGitHubHasAllowOnly/repos=public_min-integrity=approved/agentic-workflows_JSON
=== RUN   TestAllNonGitHubMCPServersGetWriteSinkWhenGitHubHasAllowOnly/repos=public_min-integrity=approved/mcp-scripts_JSON
=== RUN   TestAllNonGitHubMCPServersGetWriteSinkWhenGitHubHasAllowOnly/repos=public_min-integrity=approved/safe-outputs_JSON
=== RUN   TestAllNonGitHubMCPServersGetWriteSinkWhenGitHubHasAllowOnly/repos=specific-repo_min-integrity=approved
=== RUN   TestAllNonGitHubMCPServersGetWriteSinkWhenGitHubHasAllowOnly/repos=specific-repo_min-integrity=approved/playwright_JSON
=== RUN   TestAllNonGitHubMCPServersGetWriteSinkWhenGitHubHasAllowOnly/repos=specific-repo_min-integrity=approved/agentic-workflows_JSON
=== RUN   TestAllNonGitHubMCPServersGetWriteSinkWhenGitHubHasAllowOnly/repos=specific-repo_min-integrity=approved/mcp-scripts_JSON
=== RUN   TestAllNonGitHubMCPServersGetWriteSinkWhenGitHubHasAllowOnly/repos=specific-repo_min-integrity=approved/safe-outputs_JSON
=== RUN   TestAllNonGitHubMCPServersGetWriteSinkWhenGitHubHasAllowOnly/repos=owner-wildcard_min-integrity=merged
=== RUN   TestAllNonGitHubMCPServersGetWriteSinkWhenGitHubHasAllowOnly/repos=owner-wildcard_min-integrity=merged/playwright_JSON
=== RUN   TestAllNonGitHubMCPServersGetWriteSinkWhenGitHubHasAllowOnly/repos=owner-wildcard_min-integrity=merged/agentic-workflows_JSON
=== RUN   TestAllNonGitHubMCPServersGetWriteSinkWhenGitHubHasAllowOnly/repos=owner-wildcard_min-integrity=merged/mcp-scripts_JSON
=== RUN   TestAllNonGitHubMCPServersGetWriteSinkWhenGitHubHasAllowOnly/repos=owner-wildcard_min-integrity=merged/safe-outputs_JSON
--- PASS: TestAllNonGitHubMCPServersGetWriteSinkWhenGitHubHasAllowOnly (0.00s)
    --- PASS: TestAllNonGitHubMCPServersGetWriteSinkWhenGitHubHasAllowOnly/repos=all_min-integrity=none (0.00s)
        --- PASS: TestAllNonGitHubMCPServersGetWriteSinkWhenGitHubHasAllowOnly/repos=all_min-integrity=none/playwright_JSON (0.00s)
        --- PASS: TestAllNonGitHubMCPServersGetWriteSinkWhenGitHubHasAllowOnly/repos=all_min-integrity=none/agentic-workflows_JSON (0.00s)
        --- PASS: TestAllNonGitHubMCPServersGetWriteSinkWhenGitHubHasAllowOnly/repos=all_min-integrity=none/mcp-scripts_JSON (0.00s)
        --- PASS: TestAllNonGitHubMCPServersGetWriteSinkWhenGitHubHasAllowOnly/repos=all_min-integrity=none/safe-outputs_JSON (0.00s)
    --- PASS: TestAllNonGitHubMCPServersGetWriteSinkWhenGitHubHasAllowOnly/repos=public_min-integrity=approved (0.00s)
        --- PASS: TestAllNonGitHubMCPServersGetWriteSinkWhenGitHubHasAllowOnly/repos=public_min-integrity=approved/playwright_JSON (0.00s)
        --- PASS: TestAllNonGitHubMCPServersGetWriteSinkWhenGitHubHasAllowOnly/repos=public_min-integrity=approved/agentic-workflows_JSON (0.00s)
        --- PASS: TestAllNonGitHubMCPServersGetWriteSinkWhenGitHubHasAllowOnly/repos=public_min-integrity=approved/mcp-scripts_JSON (0.00s)
        --- PASS: TestAllNonGitHubMCPServersGetWriteSinkWhenGitHubHasAllowOnly/repos=public_min-integrity=approved/safe-outputs_JSON (0.00s)
    --- PASS: TestAllNonGitHubMCPServersGetWriteSinkWhenGitHubHasAllowOnly/repos=specific-repo_min-integrity=approved (0.00s)
        --- PASS: TestAllNonGitHubMCPServersGetWriteSinkWhenGitHubHasAllowOnly/repos=specific-repo_min-integrity=approved/playwright_JSON (0.00s)
        --- PASS: TestAllNonGitHubMCPServersGetWriteSinkWhenGitHubHasAllowOnly/repos=specific-repo_min-integrity=approved/agentic-workflows_JSON (0.00s)
        --- PASS: TestAllNonGitHubMCPServersGetWriteSinkWhenGitHubHasAllowOnly/repos=specific-repo_min-integrity=approved/mcp-scripts_JSON (0.00s)
        --- PASS: TestAllNonGitHubMCPServersGetWriteSinkWhenGitHubHasAllowOnly/repos=specific-repo_min-integrity=approved/safe-outputs_JSON (0.00s)
    --- PASS: TestAllNonGitHubMCPServersGetWriteSinkWhenGitHubHasAllowOnly/repos=owner-wildcard_min-integrity=merged (0.00s)
        --- PASS: TestAllNonGitHubMCPServersGetWriteSinkWhenGitHubHasAllowOnly/repos=owner-wildcard_min-integrity=merged/playwright_JSON (0.00s)
        --- PASS: TestAllNonGitHubMCPServersGetWriteSinkWhenGitHubHasAllowOnly/repos=owner-wildcard_min-integrity=merged/agentic-workflows_JSON (0.00s)
        --- PASS: TestAllNonGitHubMCPServersGetWriteSinkWhenGitHubHasAllowOnly/repos=owner-wildcard_min-integrity=merged/mcp-scripts_JSON (0.00s)
        --- PASS: TestAllNonGitHubMCPServersGetWriteSinkWhenGitHubHasAllowOnly/repos=owner-wildcard_min-integrity=merged/safe-outputs_JSON (0.00s)
=== RUN   TestNonGitHubMCPServersGetGuardPoliciesWhenGitHubConfigured
--- PASS: TestNonGitHubMCPServersGetGuardPoliciesWhenGitHubConfigured (0.00s)
=== RUN   TestNoopStepInConclusionJob
/tmp/gh-aw-test-runs/20260704-173215-1254793/noop-in-conclusion-test3323334718/test-noop.md: info: Tip: set permissions.copilot-requests: write to use GitHub Actions token-based inference with the Copilot engine instead of a personal access token (COPILOT_GITHUB_TOKEN). This option requires that your organization has centralized Copilot billing enabled and may not be available in all organizations — see https://github.github.com/gh-aw/reference/billing/ for details.

✓ /tmp/gh-aw-test-runs/20260704-173215-1254793/noop-in-conclusion-test3323334718/test-noop.md (101.5 KB)
--- PASS: TestNoopStepInConclusionJob (0.01s)
=== RUN   TestMissingToolStepInConclusionJob
/tmp/gh-aw-test-runs/20260704-173215-1254793/missing-tool-in-conclusion-test420075753/test-missing-tool.md: info: Tip: set permissions.copilot-requests: write to use GitHub Actions token-based inference with the Copilot engine instead of a personal access token (COPILOT_GITHUB_TOKEN). This option requires that your organization has centralized Copilot billing enabled and may not be available in all organizations — see https://github.github.com/gh-aw/reference/billing/ for details.

✓ /tmp/gh-aw-test-runs/20260704-173215-1254793/missing-tool-in-conclusion-test420075753/test-missing-tool.md (102.0 KB)
--- PASS: TestMissingToolStepInConclusionJob (0.01s)
=== RUN   TestBothNoopAndMissingToolInConclusionJob
/tmp/gh-aw-test-runs/20260704-173215-1254793/both-in-conclusion-test339785990/test-both.md: info: Tip: set permissions.copilot-requests: write to use GitHub Actions token-based inference with the Copilot engine instead of a personal access token (COPILOT_GITHUB_TOKEN). This option requires that your organization has centralized Copilot billing enabled and may not be available in all organizations — see https://github.github.com/gh-aw/reference/billing/ for details.

✓ /tmp/gh-aw-test-runs/20260704-173215-1254793/both-in-conclusion-test339785990/test-both.md (102.1 KB)
--- PASS: TestBothNoopAndMissingToolInConclusionJob (0.02s)
=== RUN   TestReportIncompleteStepInConclusionJob
/tmp/gh-aw-test-runs/20260704-173215-1254793/report-incomplete-in-conclusion-test3096247539/test-report-incomplete.md: info: Tip: set permissions.copilot-requests: write to use GitHub Actions token-based inference with the Copilot engine instead of a personal access token (COPILOT_GITHUB_TOKEN). This option requires that your organization has centralized Copilot billing enabled and may not be available in all organizations — see https://github.github.com/gh-aw/reference/billing/ for details.

✓ /tmp/gh-aw-test-runs/20260704-173215-1254793/report-incomplete-in-conclusion-test3096247539/test-report-incomplete.md (102.2 KB)
--- PASS: TestReportIncompleteStepInConclusionJob (0.01s)
=== RUN   TestParseNoOpConfig
=== RUN   TestParseNoOpConfig/noop_not_present
=== RUN   TestParseNoOpConfig/noop_explicitly_disabled_with_false
=== RUN   TestParseNoOpConfig/noop_enabled_with_nil_value
=== RUN   TestParseNoOpConfig/noop_with_empty_config_object
=== RUN   TestParseNoOpConfig/noop_with_max_specified
=== RUN   TestParseNoOpConfig/noop_with_report-as-issue_set_to_true
=== RUN   TestParseNoOpConfig/noop_with_report-as-issue_set_to_false
=== RUN   TestParseNoOpConfig/noop_with_max_and_report-as-issue
=== RUN   TestParseNoOpConfig/noop_with_report-as-issue_not_specified_defaults_to_true
--- PASS: TestParseNoOpConfig (0.00s)
    --- PASS: TestParseNoOpConfig/noop_not_present (0.00s)
    --- PASS: TestParseNoOpConfig/noop_explicitly_disabled_with_false (0.00s)
    --- PASS: TestParseNoOpConfig/noop_enabled_with_nil_value (0.00s)
    --- PASS: TestParseNoOpConfig/noop_with_empty_config_object (0.00s)
    --- PASS: TestParseNoOpConfig/noop_with_max_specified (0.00s)
    --- PASS: TestParseNoOpConfig/noop_with_report-as-issue_set_to_true (0.00s)
    --- PASS: TestParseNoOpConfig/noop_with_report-as-issue_set_to_false (0.00s)
    --- PASS: TestParseNoOpConfig/noop_with_max_and_report-as-issue (0.00s)
    --- PASS: TestParseNoOpConfig/noop_with_report-as-issue_not_specified_defaults_to_true (0.00s)
=== RUN   TestConclusionJob
=== RUN   TestConclusionJob/conclusion_job_created_when_add-comment_and_ai-reaction_are_configured
=== RUN   TestConclusionJob/conclusion_job_depends_on_all_safe_output_jobs
=== RUN   TestConclusionJob/conclusion_job_not_created_when_add-comment_is_not_configured
=== RUN   TestConclusionJob/conclusion_job_created_when_add-comment_is_configured_but_ai-reaction_is_not
=== RUN   TestConclusionJob/conclusion_job_created_when_reaction_is_explicitly_set_to_none
=== RUN   TestConclusionJob/conclusion_job_created_when_command_and_reaction_are_configured_(no_add-comment)
=== RUN   TestConclusionJob/conclusion_job_created_when_command_is_configured_with_push-to-pull-request-branch
=== RUN   TestConclusionJob/conclusion_job_created_when_command_is_configured_but_reaction_is_none
=== RUN   TestConclusionJob/conclusion_job_depends_on_custom_safe-jobs
--- PASS: TestConclusionJob (0.01s)
    --- PASS: TestConclusionJob/conclusion_job_created_when_add-comment_and_ai-reaction_are_configured (0.00s)
    --- PASS: TestConclusionJob/conclusion_job_depends_on_all_safe_output_jobs (0.00s)
    --- PASS: TestConclusionJob/conclusion_job_not_created_when_add-comment_is_not_configured (0.00s)
    --- PASS: TestConclusionJob/conclusion_job_created_when_add-comment_is_configured_but_ai-reaction_is_not (0.00s)
    --- PASS: TestConclusionJob/conclusion_job_created_when_reaction_is_explicitly_set_to_none (0.00s)
    --- PASS: TestConclusionJob/conclusion_job_created_when_command_and_reaction_are_configured_(no_add-comment) (0.00s)
    --- PASS: TestConclusionJob/conclusion_job_created_when_command_is_configured_with_push-to-pull-request-branch (0.00s)
    --- PASS: TestConclusionJob/conclusion_job_created_when_command_is_configured_but_reaction_is_none (0.00s)
    --- PASS: TestConclusionJob/conclusion_job_depends_on_custom_safe-jobs (0.00s)
=== RUN   TestConclusionJobIntegration
--- PASS: TestConclusionJobIntegration (0.00s)
=== RUN   TestConclusionJobSafeOutputsResult
=== RUN   TestConclusionJobSafeOutputsResult/GH_AW_SAFE_OUTPUTS_RESULT_present_when_safe_outputs_is_in_job_list
=== RUN   TestConclusionJobSafeOutputsResult/GH_AW_SAFE_OUTPUTS_RESULT_absent_when_safe_outputs_is_not_in_job_list
--- PASS: TestConclusionJobSafeOutputsResult (0.00s)
    --- PASS: TestConclusionJobSafeOutputsResult/GH_AW_SAFE_OUTPUTS_RESULT_present_when_safe_outputs_is_in_job_list (0.00s)
    --- PASS: TestConclusionJobSafeOutputsResult/GH_AW_SAFE_OUTPUTS_RESULT_absent_when_safe_outputs_is_not_in_job_list (0.00s)
=== RUN   TestConclusionJobWithMessages
--- PASS: TestConclusionJobWithMessages (0.00s)
=== RUN   TestConclusionJobWithoutMessages
--- PASS: TestConclusionJobWithoutMessages (0.00s)
=== RUN   TestActivationJobWithMessages
--- PASS: TestActivationJobWithMessages (0.00s)
=== RUN   TestActivationJobWithoutMessages
--- PASS: TestActivationJobWithoutMessages (0.00s)
=== RUN   TestConclusionJobWithGeneratedAssets
--- PASS: TestConclusionJobWithGeneratedAssets (0.00s)
=== RUN   TestConclusionJobActionFailureIssueExpiration_DefaultFromRepoConfig
--- PASS: TestConclusionJobActionFailureIssueExpiration_DefaultFromRepoConfig (0.00s)
=== RUN   TestConclusionJobActionFailureIssueExpiration_UsesAWJSONConfig
--- PASS: TestConclusionJobActionFailureIssueExpiration_UsesAWJSONConfig (0.00s)
=== RUN   TestBuildSafeOutputJobsEnvVars
=== RUN   TestBuildSafeOutputJobsEnvVars/creates_env_vars_for_safe_outputs_job
=== RUN   TestBuildSafeOutputJobsEnvVars/creates_env_vars_for_multiple_jobs
=== RUN   TestBuildSafeOutputJobsEnvVars/creates_env_vars_for_push_to_pull_request_branch_job
=== RUN   TestBuildSafeOutputJobsEnvVars/includes_custom_jobs_and_skips_system_jobs
=== RUN   TestBuildSafeOutputJobsEnvVars/custom-only_jobs_produce_JSON_without_URL_env_vars
=== RUN   TestBuildSafeOutputJobsEnvVars/system_jobs_are_excluded_from_JSON
=== RUN   TestBuildSafeOutputJobsEnvVars/handles_empty_job_list
--- PASS: TestBuildSafeOutputJobsEnvVars (0.00s)
    --- PASS: TestBuildSafeOutputJobsEnvVars/creates_env_vars_for_safe_outputs_job (0.00s)
    --- PASS: TestBuildSafeOutputJobsEnvVars/creates_env_vars_for_multiple_jobs (0.00s)
    --- PASS: TestBuildSafeOutputJobsEnvVars/creates_env_vars_for_push_to_pull_request_branch_job (0.00s)
    --- PASS: TestBuildSafeOutputJobsEnvVars/includes_custom_jobs_and_skips_system_jobs (0.00s)
    --- PASS: TestBuildSafeOutputJobsEnvVars/custom-only_jobs_produce_JSON_without_URL_env_vars (0.00s)
    --- PASS: TestBuildSafeOutputJobsEnvVars/system_jobs_are_excluded_from_JSON (0.00s)
    --- PASS: TestBuildSafeOutputJobsEnvVars/handles_empty_job_list (0.00s)
=== RUN   TestStatusCommentDecoupling
=== RUN   TestStatusCommentDecoupling/ai-reaction_without_status-comment
=== RUN   TestStatusCommentDecoupling/both_ai-reaction_and_status-comment_enabled
=== RUN   TestStatusCommentDecoupling/ai-reaction_with_explicit_status-comment:_false
=== RUN   TestStatusCommentDecoupling/neither_ai-reaction_nor_status-comment
=== RUN   TestStatusCommentDecoupling/status-comment_without_ai-reaction
=== RUN   TestStatusCommentDecoupling/status-comment_with_ai-reaction:_none
--- PASS: TestStatusCommentDecoupling (0.01s)
    --- PASS: TestStatusCommentDecoupling/ai-reaction_without_status-comment (0.00s)
    --- PASS: TestStatusCommentDecoupling/both_ai-reaction_and_status-comment_enabled (0.00s)
    --- PASS: TestStatusCommentDecoupling/ai-reaction_with_explicit_status-comment:_false (0.00s)
    --- PASS: TestStatusCommentDecoupling/neither_ai-reaction_nor_status-comment (0.00s)
    --- PASS: TestStatusCommentDecoupling/status-comment_without_ai-reaction (0.00s)
    --- PASS: TestStatusCommentDecoupling/status-comment_with_ai-reaction:_none (0.00s)
=== RUN   TestConclusionJobConcurrencyGroup
=== RUN   TestConclusionJobConcurrencyGroup/concurrency_group_set_when_workflow_ID_is_present
=== RUN   TestConclusionJobConcurrencyGroup/no_concurrency_group_when_workflow_ID_is_empty
=== RUN   TestConclusionJobConcurrencyGroup/job-discriminator_appended_to_conclusion_concurrency_group
=== RUN   TestConclusionJobConcurrencyGroup/job-discriminator_with_run_id_for_universal_uniqueness
=== RUN   TestConclusionJobConcurrencyGroup/queue_can_be_disabled_with_feature_flag
=== RUN   TestConclusionJobConcurrencyGroup/queue_can_be_disabled_with_string_false_feature_flag
=== RUN   TestConclusionJobConcurrencyGroup/empty_string_feature_value_keeps_queue_enabled
--- PASS: TestConclusionJobConcurrencyGroup (0.02s)
    --- PASS: TestConclusionJobConcurrencyGroup/concurrency_group_set_when_workflow_ID_is_present (0.00s)
    --- PASS: TestConclusionJobConcurrencyGroup/no_concurrency_group_when_workflow_ID_is_empty (0.00s)
    --- PASS: TestConclusionJobConcurrencyGroup/job-discriminator_appended_to_conclusion_concurrency_group (0.00s)
    --- PASS: TestConclusionJobConcurrencyGroup/job-discriminator_with_run_id_for_universal_uniqueness (0.00s)
    --- PASS: TestConclusionJobConcurrencyGroup/queue_can_be_disabled_with_feature_flag (0.00s)
    --- PASS: TestConclusionJobConcurrencyGroup/queue_can_be_disabled_with_string_false_feature_flag (0.00s)
    --- PASS: TestConclusionJobConcurrencyGroup/empty_string_feature_value_keeps_queue_enabled (0.00s)
=== RUN   TestConclusionJobPushRepoMemoryResult
--- PASS: TestConclusionJobPushRepoMemoryResult (0.00s)
=== RUN   TestConclusionJobNoPushRepoMemoryResult
--- PASS: TestConclusionJobNoPushRepoMemoryResult (0.00s)
=== RUN   TestConclusionJobWorkflowCallArtifactPrefix
--- PASS: TestConclusionJobWorkflowCallArtifactPrefix (0.00s)
=== RUN   TestConclusionJobNonWorkflowCallNoArtifactPrefix
--- PASS: TestConclusionJobNonWorkflowCallNoArtifactPrefix (0.00s)
=== RUN   TestConclusionJobCategoriesFilterQuoting
=== RUN   TestConclusionJobCategoriesFilterQuoting/included_categories_with_single_quote
=== RUN   TestConclusionJobCategoriesFilterQuoting/excluded_categories_with_single_quote
--- PASS: TestConclusionJobCategoriesFilterQuoting (0.00s)
    --- PASS: TestConclusionJobCategoriesFilterQuoting/included_categories_with_single_quote (0.00s)
    --- PASS: TestConclusionJobCategoriesFilterQuoting/excluded_categories_with_single_quote (0.00s)
=== RUN   TestConclusionJobIncludesUsageArtifactSteps
--- PASS: TestConclusionJobIncludesUsageArtifactSteps (0.00s)
=== RUN   TestCompileWorkflow_IncludesObservabilitySummaryStepWhenOTLPEnabled
/tmp/TestCompileWorkflow_IncludesObservabilitySummaryStepWhenOTLPEnab474342490/001/observability-summary.md: info: Tip: set permissions.copilot-requests: write to use GitHub Actions token-based inference with the Copilot engine instead of a personal access token (COPILOT_GITHUB_TOKEN). This option requires that your organization has centralized Copilot billing enabled and may not be available in all organizations — see https://github.github.com/gh-aw/reference/billing/ for details.

✓ /tmp/TestCompileWorkflow_IncludesObservabilitySummaryStepWhenOTLPEnab474342490/001/observability-summary.md (79.0 KB)
--- PASS: TestCompileWorkflow_IncludesObservabilitySummaryStepWhenOTLPEnabled (0.01s)
=== RUN   TestCompileWorkflow_DoesNotIncludeObservabilitySummaryStepWithoutOTLP
/tmp/TestCompileWorkflow_DoesNotIncludeObservabilitySummaryStepWithou3910457818/001/no-observability-summary.md: info: Tip: set permissions.copilot-requests: write to use GitHub Actions token-based inference with the Copilot engine instead of a personal access token (COPILOT_GITHUB_TOKEN). This option requires that your organization has centralized Copilot billing enabled and may not be available in all organizations — see https://github.github.com/gh-aw/reference/billing/ for details.

✓ /tmp/TestCompileWorkflow_DoesNotIncludeObservabilitySummaryStepWithou3910457818/001/no-observability-summary.md (77.6 KB)
--- PASS: TestCompileWorkflow_DoesNotIncludeObservabilitySummaryStepWithoutOTLP (0.01s)
=== RUN   TestCompileWorkflow_IncludesObservabilitySummaryStepWhenOTLPEnabledViaImport
/tmp/TestCompileWorkflow_IncludesObservabilitySummaryStepWhenOTLPEnab694706716/001/main-import-otlp.md: info: Tip: set permissions.copilot-requests: write to use GitHub Actions token-based inference with the Copilot engine instead of a personal access token (COPILOT_GITHUB_TOKEN). This option requires that your organization has centralized Copilot billing enabled and may not be available in all organizations — see https://github.github.com/gh-aw/reference/billing/ for details.

✓ /tmp/TestCompileWorkflow_IncludesObservabilitySummaryStepWhenOTLPEnab694706716/001/main-import-otlp.md (79.0 KB)
--- PASS: TestCompileWorkflow_IncludesObservabilitySummaryStepWhenOTLPEnabledViaImport (0.01s)
=== RUN   TestCompileWorkflow_MasksOTLPHeadersWhenConfigured
/tmp/TestCompileWorkflow_MasksOTLPHeadersWhenConfigured1328975763/001/otlp-with-headers.md: info: Tip: set permissions.copilot-requests: write to use GitHub Actions token-based inference with the Copilot engine instead of a personal access token (COPILOT_GITHUB_TOKEN). This option requires that your organization has centralized Copilot billing enabled and may not be available in all organizations — see https://github.github.com/gh-aw/reference/billing/ for details.

✓ /tmp/TestCompileWorkflow_MasksOTLPHeadersWhenConfigured1328975763/001/otlp-with-headers.md (79.2 KB)
--- PASS: TestCompileWorkflow_MasksOTLPHeadersWhenConfigured (0.01s)
=== RUN   TestCompileWorkflow_DoesNotMaskOTLPHeadersWhenNotConfigured
/tmp/TestCompileWorkflow_DoesNotMaskOTLPHeadersWhenNotConfigured1348656000/001/otlp-no-headers.md: info: Tip: set permissions.copilot-requests: write to use GitHub Actions token-based inference with the Copilot engine instead of a personal access token (COPILOT_GITHUB_TOKEN). This option requires that your organization has centralized Copilot billing enabled and may not be available in all organizations — see https://github.github.com/gh-aw/reference/billing/ for details.

✓ /tmp/TestCompileWorkflow_DoesNotMaskOTLPHeadersWhenNotConfigured1348656000/001/otlp-no-headers.md (78.7 KB)
--- PASS: TestCompileWorkflow_DoesNotMaskOTLPHeadersWhenNotConfigured (0.01s)
=== RUN   TestCompileWorkflow_MasksOTLPHeadersBeforeCheckout
/tmp/TestCompileWorkflow_MasksOTLPHeadersBeforeCheckout3232121939/001/otlp-mask-order.md: info: Tip: set permissions.copilot-requests: write to use GitHub Actions token-based inference with the Copilot engine instead of a personal access token (COPILOT_GITHUB_TOKEN). This option requires that your organization has centralized Copilot billing enabled and may not be available in all organizations — see https://github.github.com/gh-aw/reference/billing/ for details.

✓ /tmp/TestCompileWorkflow_MasksOTLPHeadersBeforeCheckout3232121939/001/otlp-mask-order.md (79.2 KB)
--- PASS: TestCompileWorkflow_MasksOTLPHeadersBeforeCheckout (0.01s)
=== RUN   TestCompileWorkflow_MultipleImportsOTLPEndpointsMerged
/tmp/TestCompileWorkflow_MultipleImportsOTLPEndpointsMerged2424726774/001/main.md: info: Tip: set permissions.copilot-requests: write to use GitHub Actions token-based inference with the Copilot engine instead of a personal access token (COPILOT_GITHUB_TOKEN). This option requires that your organization has centralized Copilot billing enabled and may not be available in all organizations — see https://github.github.com/gh-aw/reference/billing/ for details.

/tmp/TestCompileWorkflow_MultipleImportsOTLPEndpointsMerged2424726774/001/main.md: warning: safe update mode detected unapproved changes

New restricted secret(s):
  - INTERNAL_TOKEN

Remediation options:
  1. Use the --approve flag to allow the changes.
  2. Revert the unapproved changes.
  3. Use an interactive coding agent to review and approve the changes.

✓ /tmp/TestCompileWorkflow_MultipleImportsOTLPEndpointsMerged2424726774/001/main.md (79.5 KB)
--- PASS: TestCompileWorkflow_MultipleImportsOTLPEndpointsMerged (0.01s)
=== RUN   TestCompileWorkflow_TwoImportsWithOTLPNoMainEndpoint
/tmp/TestCompileWorkflow_TwoImportsWithOTLPNoMainEndpoint3046405867/001/no-main-obs.md: info: Tip: set permissions.copilot-requests: write to use GitHub Actions token-based inference with the Copilot engine instead of a personal access token (COPILOT_GITHUB_TOKEN). This option requires that your organization has centralized Copilot billing enabled and may not be available in all organizations — see https://github.github.com/gh-aw/reference/billing/ for details.

✓ /tmp/TestCompileWorkflow_TwoImportsWithOTLPNoMainEndpoint3046405867/001/no-main-obs.md (79.0 KB)
--- PASS: TestCompileWorkflow_TwoImportsWithOTLPNoMainEndpoint (0.01s)
=== RUN   TestCompileWorkflow_DuplicateOTLPEndpointAcrossImportsDeduped
/tmp/TestCompileWorkflow_DuplicateOTLPEndpointAcrossImportsDeduped225508042/001/dedup-test.md: info: Tip: set permissions.copilot-requests: write to use GitHub Actions token-based inference with the Copilot engine instead of a personal access token (COPILOT_GITHUB_TOKEN). This option requires that your organization has centralized Copilot billing enabled and may not be available in all organizations — see https://github.github.com/gh-aw/reference/billing/ for details.

✓ /tmp/TestCompileWorkflow_DuplicateOTLPEndpointAcrossImportsDeduped225508042/001/dedup-test.md (78.7 KB)
--- PASS: TestCompileWorkflow_DuplicateOTLPEndpointAcrossImportsDeduped (0.01s)
=== RUN   TestMaskOTLPHeadersScript
=== RUN   TestMaskOTLPHeadersScript/multi_endpoint_headers_complete_successfully
=== RUN   TestMaskOTLPHeadersScript/bearer_token_masks_raw_token
=== RUN   TestMaskOTLPHeadersScript/short_values_are_not_emitted_as_masks
--- PASS: TestMaskOTLPHeadersScript (0.03s)
    --- PASS: TestMaskOTLPHeadersScript/multi_endpoint_headers_complete_successfully (0.01s)
    --- PASS: TestMaskOTLPHeadersScript/bearer_token_masks_raw_token (0.01s)
    --- PASS: TestMaskOTLPHeadersScript/short_values_are_not_emitted_as_masks (0.01s)
=== RUN   TestMaskOTLPAttributesScript
=== RUN   TestMaskOTLPAttributesScript/masks_each_attribute_value_individually
=== RUN   TestMaskOTLPAttributesScript/empty_variable_is_a_no-op
=== RUN   TestMaskOTLPAttributesScript/invalid_JSON_is_a_no-op
=== RUN   TestMaskOTLPAttributesScript/empty_attribute_values_are_skipped
--- PASS: TestMaskOTLPAttributesScript (0.16s)
    --- PASS: TestMaskOTLPAttributesScript/masks_each_attribute_value_individually (0.05s)
    --- PASS: TestMaskOTLPAttributesScript/empty_variable_is_a_no-op (0.00s)
    --- PASS: TestMaskOTLPAttributesScript/invalid_JSON_is_a_no-op (0.05s)
    --- PASS: TestMaskOTLPAttributesScript/empty_attribute_values_are_skipped (0.05s)
=== RUN   TestExtractOTLPEndpointDomain
=== RUN   TestExtractOTLPEndpointDomain/empty_endpoint_returns_empty_string
=== RUN   TestExtractOTLPEndpointDomain/GitHub_Actions_expression_returns_empty_string
=== RUN   TestExtractOTLPEndpointDomain/inline_expression_returns_empty_string
=== RUN   TestExtractOTLPEndpointDomain/HTTPS_URL_without_port
=== RUN   TestExtractOTLPEndpointDomain/HTTPS_URL_with_port
=== RUN   TestExtractOTLPEndpointDomain/HTTP_URL_with_path
=== RUN   TestExtractOTLPEndpointDomain/gRPC_URL
=== RUN   TestExtractOTLPEndpointDomain/subdomain
=== RUN   TestExtractOTLPEndpointDomain/invalid_URL_(no_scheme)_returns_empty_string
--- PASS: TestExtractOTLPEndpointDomain (0.00s)
    --- PASS: TestExtractOTLPEndpointDomain/empty_endpoint_returns_empty_string (0.00s)
    --- PASS: TestExtractOTLPEndpointDomain/GitHub_Actions_expression_returns_empty_string (0.00s)
    --- PASS: TestExtractOTLPEndpointDomain/inline_expression_returns_empty_string (0.00s)
    --- PASS: TestExtractOTLPEndpointDomain/HTTPS_URL_without_port (0.00s)
    --- PASS: TestExtractOTLPEndpointDomain/HTTPS_URL_with_port (0.00s)
    --- PASS: TestExtractOTLPEndpointDomain/HTTP_URL_with_path (0.00s)
    --- PASS: TestExtractOTLPEndpointDomain/gRPC_URL (0.00s)
    --- PASS: TestExtractOTLPEndpointDomain/subdomain (0.00s)
    --- PASS: TestExtractOTLPEndpointDomain/invalid_URL_(no_scheme)_returns_empty_string (0.00s)
=== RUN   TestGetOTLPEndpointEnvValue
=== RUN   TestGetOTLPEndpointEnvValue/nil_config_returns_empty_string
=== RUN   TestGetOTLPEndpointEnvValue/nil_observability_returns_empty_string
=== RUN   TestGetOTLPEndpointEnvValue/nil_OTLP_returns_empty_string
=== RUN   TestGetOTLPEndpointEnvValue/empty_string_endpoint_returns_empty_string
=== RUN   TestGetOTLPEndpointEnvValue/static_URL_endpoint_(string_form)
=== RUN   TestGetOTLPEndpointEnvValue/secret_expression_endpoint_(string_form)
=== RUN   TestGetOTLPEndpointEnvValue/object_form_returns_empty_string_(only_string_form_handled_by_this_function)
=== RUN   TestGetOTLPEndpointEnvValue/nil_endpoint_returns_empty_string
--- PASS: TestGetOTLPEndpointEnvValue (0.00s)
    --- PASS: TestGetOTLPEndpointEnvValue/nil_config_returns_empty_string (0.00s)
    --- PASS: TestGetOTLPEndpointEnvValue/nil_observability_returns_empty_string (0.00s)
    --- PASS: TestGetOTLPEndpointEnvValue/nil_OTLP_returns_empty_string (0.00s)
    --- PASS: TestGetOTLPEndpointEnvValue/empty_string_endpoint_returns_empty_string (0.00s)
    --- PASS: TestGetOTLPEndpointEnvValue/static_URL_endpoint_(string_form) (0.00s)
    --- PASS: TestGetOTLPEndpointEnvValue/secret_expression_endpoint_(string_form) (0.00s)
    --- PASS: TestGetOTLPEndpointEnvValue/object_form_returns_empty_string_(only_string_form_handled_by_this_function) (0.00s)
    --- PASS: TestGetOTLPEndpointEnvValue/nil_endpoint_returns_empty_string (0.00s)
=== RUN   TestGetOTLPIfMissingMode
=== RUN   TestGetOTLPIfMissingMode/uses_parsed_frontmatter_value
=== RUN   TestGetOTLPIfMissingMode/returns_warn_for_parsed_if-missing_warn
=== RUN   TestGetOTLPIfMissingMode/returns_error_for_parsed_if-missing_error
=== RUN   TestGetOTLPIfMissingMode/falls_back_to_raw_frontmatter_if-missing_value
=== RUN   TestGetOTLPIfMissingMode/falls_back_to_raw_frontmatter_warn_value
=== RUN   TestGetOTLPIfMissingMode/returns_empty_for_invalid_raw_frontmatter_value
=== RUN   TestGetOTLPIfMissingMode/returns_empty_when_unset
--- PASS: TestGetOTLPIfMissingMode (0.00s)
    --- PASS: TestGetOTLPIfMissingMode/uses_parsed_frontmatter_value (0.00s)
    --- PASS: TestGetOTLPIfMissingMode/returns_warn_for_parsed_if-missing_warn (0.00s)
    --- PASS: TestGetOTLPIfMissingMode/returns_error_for_parsed_if-missing_error (0.00s)
    --- PASS: TestGetOTLPIfMissingMode/falls_back_to_raw_frontmatter_if-missing_value (0.00s)
    --- PASS: TestGetOTLPIfMissingMode/falls_back_to_raw_frontmatter_warn_value (0.00s)
    --- PASS: TestGetOTLPIfMissingMode/returns_empty_for_invalid_raw_frontmatter_value (0.00s)
    --- PASS: TestGetOTLPIfMissingMode/returns_empty_when_unset (0.00s)
=== RUN   TestGetOTLPGitHubApp
=== RUN   TestGetOTLPGitHubApp/returns_parsed_github-app_config
=== RUN   TestGetOTLPGitHubApp/returns_raw_github-app_config
=== RUN   TestGetOTLPGitHubApp/returns_nil_when_github-app_is_missing
=== RUN   TestGetOTLPGitHubApp/returns_nil_for_invalid_raw_structure
--- PASS: TestGetOTLPGitHubApp (0.00s)
    --- PASS: TestGetOTLPGitHubApp/returns_parsed_github-app_config (0.00s)
    --- PASS: TestGetOTLPGitHubApp/returns_raw_github-app_config (0.00s)
    --- PASS: TestGetOTLPGitHubApp/returns_nil_when_github-app_is_missing (0.00s)
    --- PASS: TestGetOTLPGitHubApp/returns_nil_for_invalid_raw_structure (0.00s)
=== RUN   TestHasOTLPGitHubOIDCAuth
--- PASS: TestHasOTLPGitHubOIDCAuth (0.00s)
=== RUN   TestGetOTLPGitHubAppTokenConfig
--- PASS: TestGetOTLPGitHubAppTokenConfig (0.00s)
=== RUN   TestInjectOTLPConfig
=== RUN   TestInjectOTLPConfig/no-op_when_OTLP_is_not_configured
=== RUN   TestInjectOTLPConfig/no-op_when_ParsedFrontmatter_is_nil
=== RUN   TestInjectOTLPConfig/injects_env_vars_when_endpoint_is_a_secret_expression
=== RUN   TestInjectOTLPConfig/injects_if-missing_env_var_when_if-missing_is_set_to_ignore
=== RUN   TestInjectOTLPConfig/injects_if-missing_env_var_when_if-missing_is_set_to_warn
=== RUN   TestInjectOTLPConfig/adds_domain_to_new_NetworkPermissions_and_injects_env_vars_for_static_URL
=== RUN   TestInjectOTLPConfig/injects_OTEL_RESOURCE_ATTRIBUTES_with_gh-aw_context_and_engine_id
=== RUN   TestInjectOTLPConfig/injects_OTEL_RESOURCE_ATTRIBUTES_without_engine_id_when_unavailable
=== RUN   TestInjectOTLPConfig/percent-encodes_OTEL_RESOURCE_ATTRIBUTES_engine_id_value
=== RUN   TestInjectOTLPConfig/percent-encodes_OTEL_RESOURCE_ATTRIBUTES_workflow_name_value
=== RUN   TestInjectOTLPConfig/percent-encodes_apostrophes_in_OTEL_RESOURCE_ATTRIBUTES_values
=== RUN   TestInjectOTLPConfig/appends_custom_OTLP_resource_attributes
=== RUN   TestInjectOTLPConfig/appends_domain_to_existing_NetworkPermissions.Allowed
=== RUN   TestInjectOTLPConfig/appends_OTEL_vars_to_existing_Env_block
=== RUN   TestInjectOTLPConfig/OTEL_SERVICE_NAME_includes_sanitized_workflow_ID_when_available
=== RUN   TestInjectOTLPConfig/injects_OTEL_EXPORTER_OTLP_HEADERS_when_headers_are_configured
=== RUN   TestInjectOTLPConfig/injects_OTEL_EXPORTER_OTLP_HEADERS_for_secret_expression
=== RUN   TestInjectOTLPConfig/does_not_inject_OTEL_EXPORTER_OTLP_HEADERS_when_headers_not_configured
--- PASS: TestInjectOTLPConfig (0.00s)
    --- PASS: TestInjectOTLPConfig/no-op_when_OTLP_is_not_configured (0.00s)
    --- PASS: TestInjectOTLPConfig/no-op_when_ParsedFrontmatter_is_nil (0.00s)
    --- PASS: TestInjectOTLPConfig/injects_env_vars_when_endpoint_is_a_secret_expression (0.00s)
    --- PASS: TestInjectOTLPConfig/injects_if-missing_env_var_when_if-missing_is_set_to_ignore (0.00s)
    --- PASS: TestInjectOTLPConfig/injects_if-missing_env_var_when_if-missing_is_set_to_warn (0.00s)
    --- PASS: TestInjectOTLPConfig/adds_domain_to_new_NetworkPermissions_and_injects_env_vars_for_static_URL (0.00s)
    --- PASS: TestInjectOTLPConfig/injects_OTEL_RESOURCE_ATTRIBUTES_with_gh-aw_context_and_engine_id (0.00s)
    --- PASS: TestInjectOTLPConfig/injects_OTEL_RESOURCE_ATTRIBUTES_without_engine_id_when_unavailable (0.00s)
    --- PASS: TestInjectOTLPConfig/percent-encodes_OTEL_RESOURCE_ATTRIBUTES_engine_id_value (0.00s)
    --- PASS: TestInjectOTLPConfig/percent-encodes_OTEL_RESOURCE_ATTRIBUTES_workflow_name_value (0.00s)
    --- PASS: TestInjectOTLPConfig/percent-encodes_apostrophes_in_OTEL_RESOURCE_ATTRIBUTES_values (0.00s)
    --- PASS: TestInjectOTLPConfig/appends_custom_OTLP_resource_attributes (0.00s)
    --- PASS: TestInjectOTLPConfig/appends_domain_to_existing_NetworkPermissions.Allowed (0.00s)
    --- PASS: TestInjectOTLPConfig/appends_OTEL_vars_to_existing_Env_block (0.00s)
    --- PASS: TestInjectOTLPConfig/OTEL_SERVICE_NAME_includes_sanitized_workflow_ID_when_available (0.00s)
    --- PASS: TestInjectOTLPConfig/injects_OTEL_EXPORTER_OTLP_HEADERS_when_headers_are_configured (0.00s)
    --- PASS: TestInjectOTLPConfig/injects_OTEL_EXPORTER_OTLP_HEADERS_for_secret_expression (0.00s)
    --- PASS: TestInjectOTLPConfig/does_not_inject_OTEL_EXPORTER_OTLP_HEADERS_when_headers_not_configured (0.00s)
=== RUN   TestObservabilityConfigParsing
=== RUN   TestObservabilityConfigParsing/no_observability_section
=== RUN   TestObservabilityConfigParsing/observability_without_otlp
=== RUN   TestObservabilityConfigParsing/observability_with_otlp_endpoint
=== RUN   TestObservabilityConfigParsing/observability_with_otlp_secret_expression
=== RUN   TestObservabilityConfigParsing/observability_with_both_otlp_endpoint_and_config
=== RUN   TestObservabilityConfigParsing/observability_with_otlp_endpoint_and_headers
=== RUN   TestObservabilityConfigParsing/observability_with_otlp_headers_as_secret_expression
--- PASS: TestObservabilityConfigParsing (0.00s)
    --- PASS: TestObservabilityConfigParsing/no_observability_section (0.00s)
    --- PASS: TestObservabilityConfigParsing/observability_without_otlp (0.00s)
    --- PASS: TestObservabilityConfigParsing/observability_with_otlp_endpoint (0.00s)
    --- PASS: TestObservabilityConfigParsing/observability_with_otlp_secret_expression (0.00s)
    --- PASS: TestObservabilityConfigParsing/observability_with_both_otlp_endpoint_and_config (0.00s)
    --- PASS: TestObservabilityConfigParsing/observability_with_otlp_endpoint_and_headers (0.00s)
    --- PASS: TestObservabilityConfigParsing/observability_with_otlp_headers_as_secret_expression (0.00s)
=== RUN   TestObservabilityConfigParsing_OTLPResourceAttributes
--- PASS: TestObservabilityConfigParsing_OTLPResourceAttributes (0.00s)
=== RUN   TestInjectOTLPConfig_RawFrontmatterFallback
=== RUN   TestInjectOTLPConfig_RawFrontmatterFallback/injects_OTLP_from_raw_frontmatter_when_ParsedFrontmatter_is_nil
=== RUN   TestInjectOTLPConfig_RawFrontmatterFallback/no-op_when_neither_raw_nor_parsed_frontmatter_has_OTLP
--- PASS: TestInjectOTLPConfig_RawFrontmatterFallback (0.00s)
    --- PASS: TestInjectOTLPConfig_RawFrontmatterFallback/injects_OTLP_from_raw_frontmatter_when_ParsedFrontmatter_is_nil (0.00s)
    --- PASS: TestInjectOTLPConfig_RawFrontmatterFallback/no-op_when_neither_raw_nor_parsed_frontmatter_has_OTLP (0.00s)
=== RUN   TestIsOTLPHeadersPresent
=== RUN   TestIsOTLPHeadersPresent/nil_WorkflowData_returns_false
=== RUN   TestIsOTLPHeadersPresent/empty_Env_returns_false
=== RUN   TestIsOTLPHeadersPresent/Env_without_OTEL_EXPORTER_OTLP_HEADERS_returns_false
=== RUN   TestIsOTLPHeadersPresent/Env_with_OTEL_EXPORTER_OTLP_HEADERS_returns_true
=== RUN   TestIsOTLPHeadersPresent/Env_with_secret_expression_headers_returns_true
--- PASS: TestIsOTLPHeadersPresent (0.00s)
    --- PASS: TestIsOTLPHeadersPresent/nil_WorkflowData_returns_false (0.00s)
    --- PASS: TestIsOTLPHeadersPresent/empty_Env_returns_false (0.00s)
    --- PASS: TestIsOTLPHeadersPresent/Env_without_OTEL_EXPORTER_OTLP_HEADERS_returns_false (0.00s)
    --- PASS: TestIsOTLPHeadersPresent/Env_with_OTEL_EXPORTER_OTLP_HEADERS_returns_true (0.00s)
    --- PASS: TestIsOTLPHeadersPresent/Env_with_secret_expression_headers_returns_true (0.00s)
=== RUN   TestGenerateOTLPHeadersMaskStep
--- PASS: TestGenerateOTLPHeadersMaskStep (0.00s)
=== RUN   TestInjectOTLPConfig_HeadersPresenceAfterInjection
=== RUN   TestInjectOTLPConfig_HeadersPresenceAfterInjection/isOTLPHeadersPresent_returns_true_after_headers_are_injected
=== RUN   TestInjectOTLPConfig_HeadersPresenceAfterInjection/isOTLPHeadersPresent_returns_false_when_no_headers_are_configured
--- PASS: TestInjectOTLPConfig_HeadersPresenceAfterInjection (0.00s)
    --- PASS: TestInjectOTLPConfig_HeadersPresenceAfterInjection/isOTLPHeadersPresent_returns_true_after_headers_are_injected (0.00s)
    --- PASS: TestInjectOTLPConfig_HeadersPresenceAfterInjection/isOTLPHeadersPresent_returns_false_when_no_headers_are_configured (0.00s)
=== RUN   TestIsOTLPAttributesPresent
=== RUN   TestIsOTLPAttributesPresent/nil_WorkflowData_returns_false
=== RUN   TestIsOTLPAttributesPresent/empty_Env_returns_false
=== RUN   TestIsOTLPAttributesPresent/Env_without_GH_AW_OTLP_ATTRIBUTES_returns_false
=== RUN   TestIsOTLPAttributesPresent/Env_with_GH_AW_OTLP_ATTRIBUTES_returns_true
--- PASS: TestIsOTLPAttributesPresent (0.00s)
    --- PASS: TestIsOTLPAttributesPresent/nil_WorkflowData_returns_false (0.00s)
    --- PASS: TestIsOTLPAttributesPresent/empty_Env_returns_false (0.00s)
    --- PASS: TestIsOTLPAttributesPresent/Env_without_GH_AW_OTLP_ATTRIBUTES_returns_false (0.00s)
    --- PASS: TestIsOTLPAttributesPresent/Env_with_GH_AW_OTLP_ATTRIBUTES_returns_true (0.00s)
=== RUN   TestGenerateOTLPAttributesMaskStep
--- PASS: TestGenerateOTLPAttributesMaskStep (0.00s)
=== RUN   TestInjectOTLPConfig_AttributesPresenceAfterInjection
=== RUN   TestInjectOTLPConfig_AttributesPresenceAfterInjection/isOTLPAttributesPresent_returns_true_after_attributes_are_injected
=== RUN   TestInjectOTLPConfig_AttributesPresenceAfterInjection/isOTLPAttributesPresent_returns_false_when_no_attributes_are_configured
--- PASS: TestInjectOTLPConfig_AttributesPresenceAfterInjection (0.00s)
    --- PASS: TestInjectOTLPConfig_AttributesPresenceAfterInjection/isOTLPAttributesPresent_returns_true_after_attributes_are_injected (0.00s)
    --- PASS: TestInjectOTLPConfig_AttributesPresenceAfterInjection/isOTLPAttributesPresent_returns_false_when_no_attributes_are_configured (0.00s)
=== RUN   TestOTELServiceName
=== RUN   TestOTELServiceName/uses_workflow-specific_service_name_when_workflow_ID_is_present
=== RUN   TestOTELServiceName/falls_back_to_workflow_name_when_workflow_ID_is_empty
=== RUN   TestOTELServiceName/workflow_ID_takes_precedence_over_workflow_name
=== RUN   TestOTELServiceName/falls_back_when_workflow_ID_and_name_are_empty
=== RUN   TestOTELServiceName/falls_back_when_workflow_data_is_nil
--- PASS: TestOTELServiceName (0.00s)
    --- PASS: TestOTELServiceName/uses_workflow-specific_service_name_when_workflow_ID_is_present (0.00s)
    --- PASS: TestOTELServiceName/falls_back_to_workflow_name_when_workflow_ID_is_empty (0.00s)
    --- PASS: TestOTELServiceName/workflow_ID_takes_precedence_over_workflow_name (0.00s)
    --- PASS: TestOTELServiceName/falls_back_when_workflow_ID_and_name_are_empty (0.00s)
    --- PASS: TestOTELServiceName/falls_back_when_workflow_data_is_nil (0.00s)
=== RUN   TestInjectOTLPConfig_OTLPEndpointField
=== RUN   TestInjectOTLPConfig_OTLPEndpointField/sets_OTLPEndpoint_when_endpoint_is_configured
=== RUN   TestInjectOTLPConfig_OTLPEndpointField/does_not_set_OTLPEndpoint_when_OTLP_is_not_configured
=== RUN   TestInjectOTLPConfig_OTLPEndpointField/sets_OTLPEndpoint_from_imported_observability_merged_into_RawFrontmatter
--- PASS: TestInjectOTLPConfig_OTLPEndpointField (0.00s)
    --- PASS: TestInjectOTLPConfig_OTLPEndpointField/sets_OTLPEndpoint_when_endpoint_is_configured (0.00s)
    --- PASS: TestInjectOTLPConfig_OTLPEndpointField/does_not_set_OTLPEndpoint_when_OTLP_is_not_configured (0.00s)
    --- PASS: TestInjectOTLPConfig_OTLPEndpointField/sets_OTLPEndpoint_from_imported_observability_merged_into_RawFrontmatter (0.00s)
=== RUN   TestInjectOTLPConfig_OTLPHeadersField
=== RUN   TestInjectOTLPConfig_OTLPHeadersField/sets_OTLPHeaders_when_headers_are_configured_(map_form)
=== RUN   TestInjectOTLPConfig_OTLPHeadersField/sets_OTLPHeaders_when_headers_are_configured_(string_form)
=== RUN   TestInjectOTLPConfig_OTLPHeadersField/OTLPHeaders_is_empty_when_no_headers_are_configured
--- PASS: TestInjectOTLPConfig_OTLPHeadersField (0.00s)
    --- PASS: TestInjectOTLPConfig_OTLPHeadersField/sets_OTLPHeaders_when_headers_are_configured_(map_form) (0.00s)
    --- PASS: TestInjectOTLPConfig_OTLPHeadersField/sets_OTLPHeaders_when_headers_are_configured_(string_form) (0.00s)
    --- PASS: TestInjectOTLPConfig_OTLPHeadersField/OTLPHeaders_is_empty_when_no_headers_are_configured (0.00s)
=== RUN   TestNormalizeOTLPHeadersForEndpoint
=== RUN   TestNormalizeOTLPHeadersForEndpoint/rewrites_Authorization_header_for_sentry_URL
=== RUN   TestNormalizeOTLPHeadersForEndpoint/rewrites_Authorization_header_for_known_sentry_endpoint_expression
=== RUN   TestNormalizeOTLPHeadersForEndpoint/rewrites_Authorization_header_for_sentry_URL_with_additional_headers
=== RUN   TestNormalizeOTLPHeadersForEndpoint/preserves_Authorization_header_for_non-standard_sentry_endpoint_expressions
=== RUN   TestNormalizeOTLPHeadersForEndpoint/preserves_Authorization_header_for_grafana_endpoint
=== RUN   TestNormalizeOTLPHeadersForEndpoint/preserves_Authorization_header_when_sentry_appears_outside_URL_host
--- PASS: TestNormalizeOTLPHeadersForEndpoint (0.00s)
    --- PASS: TestNormalizeOTLPHeadersForEndpoint/rewrites_Authorization_header_for_sentry_URL (0.00s)
    --- PASS: TestNormalizeOTLPHeadersForEndpoint/rewrites_Authorization_header_for_known_sentry_endpoint_expression (0.00s)
    --- PASS: TestNormalizeOTLPHeadersForEndpoint/rewrites_Authorization_header_for_sentry_URL_with_additional_headers (0.00s)
    --- PASS: TestNormalizeOTLPHeadersForEndpoint/preserves_Authorization_header_for_non-standard_sentry_endpoint_expressions (0.00s)
    --- PASS: TestNormalizeOTLPHeadersForEndpoint/preserves_Authorization_header_for_grafana_endpoint (0.00s)
    --- PASS: TestNormalizeOTLPHeadersForEndpoint/preserves_Authorization_header_when_sentry_appears_outside_URL_host (0.00s)
=== RUN   TestIsGitHubActionsExpression
=== RUN   TestIsGitHubActionsExpression/valid_expression
=== RUN   TestIsGitHubActionsExpression/valid_expression_with_surrounding_whitespace
=== RUN   TestIsGitHubActionsExpression/missing_suffix
=== RUN   TestIsGitHubActionsExpression/missing_prefix
=== RUN   TestIsGitHubActionsExpression/plain_string
--- PASS: TestIsGitHubActionsExpression (0.00s)
    --- PASS: TestIsGitHubActionsExpression/valid_expression (0.00s)
    --- PASS: TestIsGitHubActionsExpression/valid_expression_with_surrounding_whitespace (0.00s)
    --- PASS: TestIsGitHubActionsExpression/missing_suffix (0.00s)
    --- PASS: TestIsGitHubActionsExpression/missing_prefix (0.00s)
    --- PASS: TestIsGitHubActionsExpression/plain_string (0.00s)
=== RUN   TestInjectOTLPConfig_MapHeaders
=== RUN   TestInjectOTLPConfig_MapHeaders/injects_OTEL_EXPORTER_OTLP_HEADERS_from_map_form
=== RUN   TestInjectOTLPConfig_MapHeaders/map_form_with_single_header
=== RUN   TestInjectOTLPConfig_MapHeaders/map_form_via_ParsedFrontmatter_fallback
--- PASS: TestInjectOTLPConfig_MapHeaders (0.00s)
    --- PASS: TestInjectOTLPConfig_MapHeaders/injects_OTEL_EXPORTER_OTLP_HEADERS_from_map_form (0.00s)
    --- PASS: TestInjectOTLPConfig_MapHeaders/map_form_with_single_header (0.00s)
    --- PASS: TestInjectOTLPConfig_MapHeaders/map_form_via_ParsedFrontmatter_fallback (0.00s)
=== RUN   TestObservabilityConfigParsing_MapHeaders
=== RUN   TestObservabilityConfigParsing_MapHeaders/map_headers_parsed_as_any_type
=== RUN   TestObservabilityConfigParsing_MapHeaders/string_headers_parsed_as_any_string
--- PASS: TestObservabilityConfigParsing_MapHeaders (0.00s)
    --- PASS: TestObservabilityConfigParsing_MapHeaders/map_headers_parsed_as_any_type (0.00s)
    --- PASS: TestObservabilityConfigParsing_MapHeaders/string_headers_parsed_as_any_string (0.00s)
=== RUN   TestCollectAllOTLPEndpoints
=== RUN   TestCollectAllOTLPEndpoints/empty_frontmatter_returns_empty_slice
=== RUN   TestCollectAllOTLPEndpoints/string_form:_single_URL
=== RUN   TestCollectAllOTLPEndpoints/string_form:_single_URL_with_top-level_headers
=== RUN   TestCollectAllOTLPEndpoints/string_form:_single_URL_with_top-level_headers_(map_form)
=== RUN   TestCollectAllOTLPEndpoints/object_form:_single_endpoint_with_per-endpoint_headers
=== RUN   TestCollectAllOTLPEndpoints/object_form:_single_endpoint_without_headers
=== RUN   TestCollectAllOTLPEndpoints/array_form:_multiple_endpoints
=== RUN   TestCollectAllOTLPEndpoints/array_form:_sentry_endpoint_rewrites_Authorization_while_grafana_keeps_it
=== RUN   TestCollectAllOTLPEndpoints/array_form:_entries_with_empty_URL_are_skipped
--- PASS: TestCollectAllOTLPEndpoints (0.00s)
    --- PASS: TestCollectAllOTLPEndpoints/empty_frontmatter_returns_empty_slice (0.00s)
    --- PASS: TestCollectAllOTLPEndpoints/string_form:_single_URL (0.00s)
    --- PASS: TestCollectAllOTLPEndpoints/string_form:_single_URL_with_top-level_headers (0.00s)
    --- PASS: TestCollectAllOTLPEndpoints/string_form:_single_URL_with_top-level_headers_(map_form) (0.00s)
    --- PASS: TestCollectAllOTLPEndpoints/object_form:_single_endpoint_with_per-endpoint_headers (0.00s)
    --- PASS: TestCollectAllOTLPEndpoints/object_form:_single_endpoint_without_headers (0.00s)
    --- PASS: TestCollectAllOTLPEndpoints/array_form:_multiple_endpoints (0.00s)
    --- PASS: TestCollectAllOTLPEndpoints/array_form:_sentry_endpoint_rewrites_Authorization_while_grafana_keeps_it (0.00s)
    --- PASS: TestCollectAllOTLPEndpoints/array_form:_entries_with_empty_URL_are_skipped (0.00s)
=== RUN   TestEncodeOTLPEndpoints
=== RUN   TestEncodeOTLPEndpoints/empty_slice_returns_empty_string
=== RUN   TestEncodeOTLPEndpoints/single_entry_without_headers
=== RUN   TestEncodeOTLPEndpoints/single_entry_with_headers
=== RUN   TestEncodeOTLPEndpoints/multiple_entries
--- PASS: TestEncodeOTLPEndpoints (0.00s)
    --- PASS: TestEncodeOTLPEndpoints/empty_slice_returns_empty_string (0.00s)
    --- PASS: TestEncodeOTLPEndpoints/single_entry_without_headers (0.00s)
    --- PASS: TestEncodeOTLPEndpoints/single_entry_with_headers (0.00s)
    --- PASS: TestEncodeOTLPEndpoints/multiple_entries (0.00s)
=== RUN   TestAllOTLPHeaders
=== RUN   TestAllOTLPHeaders/empty_entries_returns_empty_string
=== RUN   TestAllOTLPHeaders/entries_without_headers_returns_empty_string
=== RUN   TestAllOTLPHeaders/single_entry_with_headers
=== RUN   TestAllOTLPHeaders/multiple_entries_with_headers_are_comma-joined
=== RUN   TestAllOTLPHeaders/entries_without_headers_are_skipped
--- PASS: TestAllOTLPHeaders (0.00s)
    --- PASS: TestAllOTLPHeaders/empty_entries_returns_empty_string (0.00s)
    --- PASS: TestAllOTLPHeaders/entries_without_headers_returns_empty_string (0.00s)
    --- PASS: TestAllOTLPHeaders/single_entry_with_headers (0.00s)
    --- PASS: TestAllOTLPHeaders/multiple_entries_with_headers_are_comma-joined (0.00s)
    --- PASS: TestAllOTLPHeaders/entries_without_headers_are_skipped (0.00s)
=== RUN   TestInjectOTLPConfig_MultipleEndpoints
=== RUN   TestInjectOTLPConfig_MultipleEndpoints/injects_GH_AW_OTLP_ENDPOINTS_for_array_endpoint
=== RUN   TestInjectOTLPConfig_MultipleEndpoints/escapes_single_quotes_in_GH_AW_OTLP_ENDPOINTS
=== RUN   TestInjectOTLPConfig_MultipleEndpoints/adds_all_static_endpoint_domains_to_firewall_allowlist
=== RUN   TestInjectOTLPConfig_MultipleEndpoints/sets_GH_AW_OTLP_ALL_HEADERS_when_multiple_endpoints_have_headers
=== RUN   TestInjectOTLPConfig_MultipleEndpoints/rewrites_sentry_auth_header_without_changing_grafana_auth_header
=== RUN   TestInjectOTLPConfig_MultipleEndpoints/does_not_set_GH_AW_OTLP_ALL_HEADERS_for_single_endpoint_(string_form)
=== RUN   TestInjectOTLPConfig_MultipleEndpoints/does_not_set_GH_AW_OTLP_ALL_HEADERS_for_single_endpoint_(object_form)
=== RUN   TestInjectOTLPConfig_MultipleEndpoints/OTLPEndpoints_field_is_set_to_JSON-encoded_array
=== RUN   TestInjectOTLPConfig_MultipleEndpoints/expression-only_endpoints_do_not_add_to_firewall_allowlist
=== RUN   TestInjectOTLPConfig_MultipleEndpoints/object_form:_injects_single_endpoint_with_per-endpoint_headers
--- PASS: TestInjectOTLPConfig_MultipleEndpoints (0.00s)
    --- PASS: TestInjectOTLPConfig_MultipleEndpoints/injects_GH_AW_OTLP_ENDPOINTS_for_array_endpoint (0.00s)
    --- PASS: TestInjectOTLPConfig_MultipleEndpoints/escapes_single_quotes_in_GH_AW_OTLP_ENDPOINTS (0.00s)
    --- PASS: TestInjectOTLPConfig_MultipleEndpoints/adds_all_static_endpoint_domains_to_firewall_allowlist (0.00s)
    --- PASS: TestInjectOTLPConfig_MultipleEndpoints/sets_GH_AW_OTLP_ALL_HEADERS_when_multiple_endpoints_have_headers (0.00s)
    --- PASS: TestInjectOTLPConfig_MultipleEndpoints/rewrites_sentry_auth_header_without_changing_grafana_auth_header (0.00s)
    --- PASS: TestInjectOTLPConfig_MultipleEndpoints/does_not_set_GH_AW_OTLP_ALL_HEADERS_for_single_endpoint_(string_form) (0.00s)
    --- PASS: TestInjectOTLPConfig_MultipleEndpoints/does_not_set_GH_AW_OTLP_ALL_HEADERS_for_single_endpoint_(object_form) (0.00s)
    --- PASS: TestInjectOTLPConfig_MultipleEndpoints/OTLPEndpoints_field_is_set_to_JSON-encoded_array (0.00s)
    --- PASS: TestInjectOTLPConfig_MultipleEndpoints/expression-only_endpoints_do_not_add_to_firewall_allowlist (0.00s)
    --- PASS: TestInjectOTLPConfig_MultipleEndpoints/object_form:_injects_single_endpoint_with_per-endpoint_headers (0.00s)
=== RUN   TestIsOTLPHeadersPresent_AllHeaders
=== RUN   TestIsOTLPHeadersPresent_AllHeaders/detects_GH_AW_OTLP_ALL_HEADERS
--- PASS: TestIsOTLPHeadersPresent_AllHeaders (0.00s)
    --- PASS: TestIsOTLPHeadersPresent_AllHeaders/detects_GH_AW_OTLP_ALL_HEADERS (0.00s)
=== RUN   TestExtractRawOTLPEndpointMaps
=== RUN   TestExtractRawOTLPEndpointMaps/nil_map_returns_nil
=== RUN   TestExtractRawOTLPEndpointMaps/empty_map_returns_nil
=== RUN   TestExtractRawOTLPEndpointMaps/missing_otlp_key_returns_nil
=== RUN   TestExtractRawOTLPEndpointMaps/string_form_without_headers
=== RUN   TestExtractRawOTLPEndpointMaps/string_form_with_top-level_headers_preserved_as_map
=== RUN   TestExtractRawOTLPEndpointMaps/object_form_with_headers
=== RUN   TestExtractRawOTLPEndpointMaps/array_form_with_multiple_endpoints
=== RUN   TestExtractRawOTLPEndpointMaps/array_form_skips_entries_with_empty_URL
--- PASS: TestExtractRawOTLPEndpointMaps (0.00s)
    --- PASS: TestExtractRawOTLPEndpointMaps/nil_map_returns_nil (0.00s)
    --- PASS: TestExtractRawOTLPEndpointMaps/empty_map_returns_nil (0.00s)
    --- PASS: TestExtractRawOTLPEndpointMaps/missing_otlp_key_returns_nil (0.00s)
    --- PASS: TestExtractRawOTLPEndpointMaps/string_form_without_headers (0.00s)
    --- PASS: TestExtractRawOTLPEndpointMaps/string_form_with_top-level_headers_preserved_as_map (0.00s)
    --- PASS: TestExtractRawOTLPEndpointMaps/object_form_with_headers (0.00s)
    --- PASS: TestExtractRawOTLPEndpointMaps/array_form_with_multiple_endpoints (0.00s)
    --- PASS: TestExtractRawOTLPEndpointMaps/array_form_skips_entries_with_empty_URL (0.00s)
=== RUN   TestExtractRawOTLPGitHubAppMap
=== RUN   TestExtractRawOTLPGitHubAppMap/returns_shallow_copy_when_github-app_exists
=== RUN   TestExtractRawOTLPGitHubAppMap/returns_nil_for_invalid_values
--- PASS: TestExtractRawOTLPGitHubAppMap (0.00s)
    --- PASS: TestExtractRawOTLPGitHubAppMap/returns_shallow_copy_when_github-app_exists (0.00s)
    --- PASS: TestExtractRawOTLPGitHubAppMap/returns_nil_for_invalid_values (0.00s)
=== RUN   TestCollectOTLPCustomAttributes
=== RUN   TestCollectOTLPCustomAttributes/nil_frontmatter_returns_nil
=== RUN   TestCollectOTLPCustomAttributes/no_observability_key_returns_nil
=== RUN   TestCollectOTLPCustomAttributes/no_otlp_key_in_observability_returns_nil
=== RUN   TestCollectOTLPCustomAttributes/no_attributes_key_in_otlp_returns_nil
=== RUN   TestCollectOTLPCustomAttributes/empty_attributes_map_returns_nil
=== RUN   TestCollectOTLPCustomAttributes/string_attributes_are_collected
=== RUN   TestCollectOTLPCustomAttributes/non-string_values_are_silently_ignored
--- PASS: TestCollectOTLPCustomAttributes (0.00s)
    --- PASS: TestCollectOTLPCustomAttributes/nil_frontmatter_returns_nil (0.00s)
    --- PASS: TestCollectOTLPCustomAttributes/no_observability_key_returns_nil (0.00s)
    --- PASS: TestCollectOTLPCustomAttributes/no_otlp_key_in_observability_returns_nil (0.00s)
    --- PASS: TestCollectOTLPCustomAttributes/no_attributes_key_in_otlp_returns_nil (0.00s)
    --- PASS: TestCollectOTLPCustomAttributes/empty_attributes_map_returns_nil (0.00s)
    --- PASS: TestCollectOTLPCustomAttributes/string_attributes_are_collected (0.00s)
    --- PASS: TestCollectOTLPCustomAttributes/non-string_values_are_silently_ignored (0.00s)
=== RUN   TestCollectOTLPResourceAttributes
--- PASS: TestCollectOTLPResourceAttributes (0.00s)
=== RUN   TestValidateOTLPResourceAttributes
=== RUN   TestValidateOTLPResourceAttributes/allows_safe_expressions
=== RUN   TestValidateOTLPResourceAttributes/rejects_secrets_expressions
=== RUN   TestValidateOTLPResourceAttributes/rejects_vars_expressions
--- PASS: TestValidateOTLPResourceAttributes (0.00s)
    --- PASS: TestValidateOTLPResourceAttributes/allows_safe_expressions (0.00s)
    --- PASS: TestValidateOTLPResourceAttributes/rejects_secrets_expressions (0.00s)
    --- PASS: TestValidateOTLPResourceAttributes/rejects_vars_expressions (0.00s)
=== RUN   TestInjectOTLPConfig_CustomAttributes
=== RUN   TestInjectOTLPConfig_CustomAttributes/injects_GH_AW_OTLP_ATTRIBUTES_when_attributes_are_configured_via_ParsedFrontmatter
=== RUN   TestInjectOTLPConfig_CustomAttributes/injects_GH_AW_OTLP_ATTRIBUTES_when_attributes_are_configured_via_RawFrontmatter
=== RUN   TestInjectOTLPConfig_CustomAttributes/does_not_inject_GH_AW_OTLP_ATTRIBUTES_when_no_attributes_are_configured
--- PASS: TestInjectOTLPConfig_CustomAttributes (0.00s)
    --- PASS: TestInjectOTLPConfig_CustomAttributes/injects_GH_AW_OTLP_ATTRIBUTES_when_attributes_are_configured_via_ParsedFrontmatter (0.00s)
    --- PASS: TestInjectOTLPConfig_CustomAttributes/injects_GH_AW_OTLP_ATTRIBUTES_when_attributes_are_configured_via_RawFrontmatter (0.00s)
    --- PASS: TestInjectOTLPConfig_CustomAttributes/does_not_inject_GH_AW_OTLP_ATTRIBUTES_when_no_attributes_are_configured (0.00s)
=== RUN   TestMergeOTLPStringMaps
=== RUN   TestMergeOTLPStringMaps/nil_inputs_return_nil
=== RUN   TestMergeOTLPStringMaps/base_only_is_returned_as-is
=== RUN   TestMergeOTLPStringMaps/override_only_is_returned_as-is
=== RUN   TestMergeOTLPStringMaps/base_keys_override_the_same_key_from_override
--- PASS: TestMergeOTLPStringMaps (0.00s)
    --- PASS: TestMergeOTLPStringMaps/nil_inputs_return_nil (0.00s)
    --- PASS: TestMergeOTLPStringMaps/base_only_is_returned_as-is (0.00s)
    --- PASS: TestMergeOTLPStringMaps/override_only_is_returned_as-is (0.00s)
    --- PASS: TestMergeOTLPStringMaps/base_keys_override_the_same_key_from_override (0.00s)
=== RUN   TestEncodeOTLPCustomAttributes
=== RUN   TestEncodeOTLPCustomAttributes/nil_returns_empty_string
=== RUN   TestEncodeOTLPCustomAttributes/empty_map_returns_empty_string
=== RUN   TestEncodeOTLPCustomAttributes/non-empty_map_is_valid_JSON
--- PASS: TestEncodeOTLPCustomAttributes (0.00s)
    --- PASS: TestEncodeOTLPCustomAttributes/nil_returns_empty_string (0.00s)
    --- PASS: TestEncodeOTLPCustomAttributes/empty_map_returns_empty_string (0.00s)
    --- PASS: TestEncodeOTLPCustomAttributes/non-empty_map_is_valid_JSON (0.00s)
=== RUN   TestValidateOnNeedsTargets
=== RUN   TestValidateOnNeedsTargets/valid_on.needs_target
=== RUN   TestValidateOnNeedsTargets/built-in_target_rejected
=== RUN   TestValidateOnNeedsTargets/target_depending_on_activation_rejected
--- PASS: TestValidateOnNeedsTargets (0.00s)
    --- PASS: TestValidateOnNeedsTargets/valid_on.needs_target (0.00s)
    --- PASS: TestValidateOnNeedsTargets/built-in_target_rejected (0.00s)
    --- PASS: TestValidateOnNeedsTargets/target_depending_on_activation_rejected (0.00s)
=== RUN   TestValidateOnNeedsDependencyChains
=== RUN   TestValidateOnNeedsDependencyChains/rejects_chain_where_transitive_dependency_may_get_implicit_activation_need
=== RUN   TestValidateOnNeedsDependencyChains/allows_chain_when_transitive_dependency_is_explicitly_in_on.needs
--- PASS: TestValidateOnNeedsDependencyChains (0.00s)
    --- PASS: TestValidateOnNeedsDependencyChains/rejects_chain_where_transitive_dependency_may_get_implicit_activation_need (0.00s)
    --- PASS: TestValidateOnNeedsDependencyChains/allows_chain_when_transitive_dependency_is_explicitly_in_on.needs (0.00s)
=== RUN   TestValidateOnGitHubAppNeedsExpressions
=== RUN   TestValidateOnGitHubAppNeedsExpressions/allows_on.needs_expression_in_on.github-app
=== RUN   TestValidateOnGitHubAppNeedsExpressions/rejects_unknown_needs_expression_in_on.github-app
=== RUN   TestValidateOnGitHubAppNeedsExpressions/error_field_label_uses_client-id
--- PASS: TestValidateOnGitHubAppNeedsExpressions (0.00s)
    --- PASS: TestValidateOnGitHubAppNeedsExpressions/allows_on.needs_expression_in_on.github-app (0.00s)
    --- PASS: TestValidateOnGitHubAppNeedsExpressions/rejects_unknown_needs_expression_in_on.github-app (0.00s)
    --- PASS: TestValidateOnGitHubAppNeedsExpressions/error_field_label_uses_client-id (0.00s)
=== RUN   TestOnSteps
=== RUN   TestOnSteps/on_steps_creates_pre_activation_job
/tmp/gh-aw-test-runs/20260704-173215-1254793/on-steps-test2984218526/test-on-steps-only.md: info: Tip: set permissions.copilot-requests: write to use GitHub Actions token-based inference with the Copilot engine instead of a personal access token (COPILOT_GITHUB_TOKEN). This option requires that your organization has centralized Copilot billing enabled and may not be available in all organizations — see https://github.github.com/gh-aw/reference/billing/ for details.

✓ /tmp/gh-aw-test-runs/20260704-173215-1254793/on-steps-test2984218526/test-on-steps-only.md (77.1 KB)
=== RUN   TestOnSteps/on_steps_with_other_checks
/tmp/gh-aw-test-runs/20260704-173215-1254793/on-steps-test2984218526/test-on-steps-with-roles.md: info: Tip: set permissions.copilot-requests: write to use GitHub Actions token-based inference with the Copilot engine instead of a personal access token (COPILOT_GITHUB_TOKEN). This option requires that your organization has centralized Copilot billing enabled and may not be available in all organizations — see https://github.github.com/gh-aw/reference/billing/ for details.

✓ /tmp/gh-aw-test-runs/20260704-173215-1254793/on-steps-test2984218526/test-on-steps-with-roles.md (79.5 KB)
=== RUN   TestOnSteps/on_steps_multiple_steps_with_ids
/tmp/gh-aw-test-runs/20260704-173215-1254793/on-steps-test2984218526/test-on-steps-multi.md: info: Tip: set permissions.copilot-requests: write to use GitHub Actions token-based inference with the Copilot engine instead of a personal access token (COPILOT_GITHUB_TOKEN). This option requires that your organization has centralized Copilot billing enabled and may not be available in all organizations — see https://github.github.com/gh-aw/reference/billing/ for details.

✓ /tmp/gh-aw-test-runs/20260704-173215-1254793/on-steps-test2984218526/test-on-steps-multi.md (77.4 KB)
=== RUN   TestOnSteps/on_steps_step_appended_after_builtin_checks
/tmp/gh-aw-test-runs/20260704-173215-1254793/on-steps-test2984218526/test-on-steps-order.md: info: Tip: set permissions.copilot-requests: write to use GitHub Actions token-based inference with the Copilot engine instead of a personal access token (COPILOT_GITHUB_TOKEN). This option requires that your organization has centralized Copilot billing enabled and may not be available in all organizations — see https://github.github.com/gh-aw/reference/billing/ for details.

✓ /tmp/gh-aw-test-runs/20260704-173215-1254793/on-steps-test2984218526/test-on-steps-order.md (79.3 KB)
--- PASS: TestOnSteps (0.04s)
    --- PASS: TestOnSteps/on_steps_creates_pre_activation_job (0.01s)
    --- PASS: TestOnSteps/on_steps_with_other_checks (0.01s)
    --- PASS: TestOnSteps/on_steps_multiple_steps_with_ids (0.01s)
    --- PASS: TestOnSteps/on_steps_step_appended_after_builtin_checks (0.01s)
=== RUN   TestExtractOnSteps
=== RUN   TestExtractOnSteps/no_on_section
=== RUN   TestExtractOnSteps/on_section_string
=== RUN   TestExtractOnSteps/on_section_without_steps
=== RUN   TestExtractOnSteps/on_steps_with_steps
=== RUN   TestExtractOnSteps/on_steps_invalid_type
=== RUN   TestExtractOnSteps/on_steps_invalid_step_type
--- PASS: TestExtractOnSteps (0.00s)
    --- PASS: TestExtractOnSteps/no_on_section (0.00s)
    --- PASS: TestExtractOnSteps/on_section_string (0.00s)
    --- PASS: TestExtractOnSteps/on_section_without_steps (0.00s)
    --- PASS: TestExtractOnSteps/on_steps_with_steps (0.00s)
    --- PASS: TestExtractOnSteps/on_steps_invalid_type (0.00s)
    --- PASS: TestExtractOnSteps/on_steps_invalid_step_type (0.00s)
=== RUN   TestExtractOnPermissions
=== RUN   TestExtractOnPermissions/no_on_section
=== RUN   TestExtractOnPermissions/on_section_string
=== RUN   TestExtractOnPermissions/on_section_without_permissions
=== RUN   TestExtractOnPermissions/on_permissions_issues_read
=== RUN   TestExtractOnPermissions/on_permissions_multiple_scopes
=== RUN   TestExtractOnPermissions/on_permissions_vulnerability_alerts
--- PASS: TestExtractOnPermissions (0.00s)
    --- PASS: TestExtractOnPermissions/no_on_section (0.00s)
    --- PASS: TestExtractOnPermissions/on_section_string (0.00s)
    --- PASS: TestExtractOnPermissions/on_section_without_permissions (0.00s)
    --- PASS: TestExtractOnPermissions/on_permissions_issues_read (0.00s)
    --- PASS: TestExtractOnPermissions/on_permissions_multiple_scopes (0.00s)
    --- PASS: TestExtractOnPermissions/on_permissions_vulnerability_alerts (0.00s)
=== RUN   TestExtractOnNeeds
=== RUN   TestExtractOnNeeds/no_on_section
=== RUN   TestExtractOnNeeds/on_section_string
=== RUN   TestExtractOnNeeds/on_section_without_needs
=== RUN   TestExtractOnNeeds/on_needs_valid
=== RUN   TestExtractOnNeeds/on_needs_wrong_type
--- PASS: TestExtractOnNeeds (0.00s)
    --- PASS: TestExtractOnNeeds/no_on_section (0.00s)
    --- PASS: TestExtractOnNeeds/on_section_string (0.00s)
    --- PASS: TestExtractOnNeeds/on_section_without_needs (0.00s)
    --- PASS: TestExtractOnNeeds/on_needs_valid (0.00s)
    --- PASS: TestExtractOnNeeds/on_needs_wrong_type (0.00s)
=== RUN   TestOnPermissionsAppliedToPreActivation
⚠ Unable to resolve actions/github-script@v8 dynamically, using hardcoded pin for actions/github-script@v9.0.0
/tmp/gh-aw-test-runs/20260704-173215-1254793/on-permissions-test1304542502/test-on-permissions.md: info: Tip: set permissions.copilot-requests: write to use GitHub Actions token-based inference with the Copilot engine instead of a personal access token (COPILOT_GITHUB_TOKEN). This option requires that your organization has centralized Copilot billing enabled and may not be available in all organizations — see https://github.github.com/gh-aw/reference/billing/ for details.

✓ /tmp/gh-aw-test-runs/20260704-173215-1254793/on-permissions-test1304542502/test-on-permissions.md (78.6 KB)
--- PASS: TestOnPermissionsAppliedToPreActivation (0.01s)
=== RUN   TestReferencesPreActivationOutputs
=== RUN   TestReferencesPreActivationOutputs/empty_condition
=== RUN   TestReferencesPreActivationOutputs/references_pre_activation_outputs
=== RUN   TestReferencesPreActivationOutputs/references_custom_job_outputs
=== RUN   TestReferencesPreActivationOutputs/references_pre_activation_activated
=== RUN   TestReferencesPreActivationOutputs/references_pre_activation_result_not_outputs
=== RUN   TestReferencesPreActivationOutputs/references_pre_activation_arbitrary_output
--- PASS: TestReferencesPreActivationOutputs (0.00s)
    --- PASS: TestReferencesPreActivationOutputs/empty_condition (0.00s)
    --- PASS: TestReferencesPreActivationOutputs/references_pre_activation_outputs (0.00s)
    --- PASS: TestReferencesPreActivationOutputs/references_custom_job_outputs (0.00s)
    --- PASS: TestReferencesPreActivationOutputs/references_pre_activation_activated (0.00s)
    --- PASS: TestReferencesPreActivationOutputs/references_pre_activation_result_not_outputs (0.00s)
    --- PASS: TestReferencesPreActivationOutputs/references_pre_activation_arbitrary_output (0.00s)
=== RUN   TestOpenCodeEngine
=== RUN   TestOpenCodeEngine/engine_identity_and_capabilities
=== RUN   TestOpenCodeEngine/model_env_var_name
--- PASS: TestOpenCodeEngine (0.00s)
    --- PASS: TestOpenCodeEngine/engine_identity_and_capabilities (0.00s)
    --- PASS: TestOpenCodeEngine/model_env_var_name (0.00s)
=== RUN   TestOpenCodeEngineInstallationAndExecution
=== RUN   TestOpenCodeEngineInstallationAndExecution/standard_installation
=== RUN   TestOpenCodeEngineInstallationAndExecution/execution_uses_opencode_command_and_config
=== RUN   TestOpenCodeEngineInstallationAndExecution/firewall_sets_OpenCode_gateway_base_URL
--- PASS: TestOpenCodeEngineInstallationAndExecution (0.00s)
    --- PASS: TestOpenCodeEngineInstallationAndExecution/standard_installation (0.00s)
    --- PASS: TestOpenCodeEngineInstallationAndExecution/execution_uses_opencode_command_and_config (0.00s)
    --- PASS: TestOpenCodeEngineInstallationAndExecution/firewall_sets_OpenCode_gateway_base_URL (0.00s)
=== RUN   TestOpenCodeEngineProviderProfiles
=== RUN   TestOpenCodeEngineProviderProfiles/anthropic_model_uses_anthropic_secret
=== RUN   TestOpenCodeEngineProviderProfiles/openai_model_uses_codex/openai_secrets
--- PASS: TestOpenCodeEngineProviderProfiles (0.00s)
    --- PASS: TestOpenCodeEngineProviderProfiles/anthropic_model_uses_anthropic_secret (0.00s)
    --- PASS: TestOpenCodeEngineProviderProfiles/openai_model_uses_codex/openai_secrets (0.00s)
=== RUN   TestPackageExtractor_ExtractPackages_NpxPattern
=== RUN   TestPackageExtractor_ExtractPackages_NpxPattern/simple_npx_command
=== RUN   TestPackageExtractor_ExtractPackages_NpxPattern/npx_with_version
=== RUN   TestPackageExtractor_ExtractPackages_NpxPattern/npx_with_flags
=== RUN   TestPackageExtractor_ExtractPackages_NpxPattern/npx_with_semicolon
=== RUN   TestPackageExtractor_ExtractPackages_NpxPattern/npx_with_ampersand
=== RUN   TestPackageExtractor_ExtractPackages_NpxPattern/npx_with_pipe
=== RUN   TestPackageExtractor_ExtractPackages_NpxPattern/multiple_npx_commands
=== RUN   TestPackageExtractor_ExtractPackages_NpxPattern/no_npx_command
=== RUN   TestPackageExtractor_ExtractPackages_NpxPattern/empty_command
--- PASS: TestPackageExtractor_ExtractPackages_NpxPattern (0.00s)
    --- PASS: TestPackageExtractor_ExtractPackages_NpxPattern/simple_npx_command (0.00s)
    --- PASS: TestPackageExtractor_ExtractPackages_NpxPattern/npx_with_version (0.00s)
    --- PASS: TestPackageExtractor_ExtractPackages_NpxPattern/npx_with_flags (0.00s)
    --- PASS: TestPackageExtractor_ExtractPackages_NpxPattern/npx_with_semicolon (0.00s)
    --- PASS: TestPackageExtractor_ExtractPackages_NpxPattern/npx_with_ampersand (0.00s)
    --- PASS: TestPackageExtractor_ExtractPackages_NpxPattern/npx_with_pipe (0.00s)
    --- PASS: TestPackageExtractor_ExtractPackages_NpxPattern/multiple_npx_commands (0.00s)
    --- PASS: TestPackageExtractor_ExtractPackages_NpxPattern/no_npx_command (0.00s)
    --- PASS: TestPackageExtractor_ExtractPackages_NpxPattern/empty_command (0.00s)
=== RUN   TestPackageExtractor_ExtractPackages_PipPattern
=== RUN   TestPackageExtractor_ExtractPackages_PipPattern/simple_pip_install
=== RUN   TestPackageExtractor_ExtractPackages_PipPattern/pip3_install
=== RUN   TestPackageExtractor_ExtractPackages_PipPattern/pip_install_with_version
=== RUN   TestPackageExtractor_ExtractPackages_PipPattern/pip_install_with_flags
=== RUN   TestPackageExtractor_ExtractPackages_PipPattern/pip_install_with_multiple_flags
=== RUN   TestPackageExtractor_ExtractPackages_PipPattern/multiple_pip_commands
=== RUN   TestPackageExtractor_ExtractPackages_PipPattern/pip_without_install
=== RUN   TestPackageExtractor_ExtractPackages_PipPattern/pip_install_only_flags
=== RUN   TestPackageExtractor_ExtractPackages_PipPattern/pip_command_with_semicolon
--- PASS: TestPackageExtractor_ExtractPackages_PipPattern (0.00s)
    --- PASS: TestPackageExtractor_ExtractPackages_PipPattern/simple_pip_install (0.00s)
    --- PASS: TestPackageExtractor_ExtractPackages_PipPattern/pip3_install (0.00s)
    --- PASS: TestPackageExtractor_ExtractPackages_PipPattern/pip_install_with_version (0.00s)
    --- PASS: TestPackageExtractor_ExtractPackages_PipPattern/pip_install_with_flags (0.00s)
    --- PASS: TestPackageExtractor_ExtractPackages_PipPattern/pip_install_with_multiple_flags (0.00s)
    --- PASS: TestPackageExtractor_ExtractPackages_PipPattern/multiple_pip_commands (0.00s)
    --- PASS: TestPackageExtractor_ExtractPackages_PipPattern/pip_without_install (0.00s)
    --- PASS: TestPackageExtractor_ExtractPackages_PipPattern/pip_install_only_flags (0.00s)
    --- PASS: TestPackageExtractor_ExtractPackages_PipPattern/pip_command_with_semicolon (0.00s)
=== RUN   TestPackageExtractor_ExtractPackages_GoPattern
=== RUN   TestPackageExtractor_ExtractPackages_GoPattern/go_install
=== RUN   TestPackageExtractor_ExtractPackages_GoPattern/go_get
=== RUN   TestPackageExtractor_ExtractPackages_GoPattern/go_install_with_flags
=== RUN   TestPackageExtractor_ExtractPackages_GoPattern/go_without_install
--- PASS: TestPackageExtractor_ExtractPackages_GoPattern (0.00s)
    --- PASS: TestPackageExtractor_ExtractPackages_GoPattern/go_install (0.00s)
    --- PASS: TestPackageExtractor_ExtractPackages_GoPattern/go_get (0.00s)
    --- PASS: TestPackageExtractor_ExtractPackages_GoPattern/go_install_with_flags (0.00s)
    --- PASS: TestPackageExtractor_ExtractPackages_GoPattern/go_without_install (0.00s)
=== RUN   TestPackageExtractor_ExtractPackages_MultipleSubcommands
=== RUN   TestPackageExtractor_ExtractPackages_MultipleSubcommands/go_install_with_multiple_subcommands
=== RUN   TestPackageExtractor_ExtractPackages_MultipleSubcommands/go_get_with_multiple_subcommands
=== RUN   TestPackageExtractor_ExtractPackages_MultipleSubcommands/mixed_go_install_and_go_get
=== RUN   TestPackageExtractor_ExtractPackages_MultipleSubcommands/go_install_with_flags
=== RUN   TestPackageExtractor_ExtractPackages_MultipleSubcommands/go_without_install_or_get
=== RUN   TestPackageExtractor_ExtractPackages_MultipleSubcommands/go_mod_command_(not_extracted)
=== RUN   TestPackageExtractor_ExtractPackages_MultipleSubcommands/empty_command
=== RUN   TestPackageExtractor_ExtractPackages_MultipleSubcommands/go_get_with_flags
--- PASS: TestPackageExtractor_ExtractPackages_MultipleSubcommands (0.00s)
    --- PASS: TestPackageExtractor_ExtractPackages_MultipleSubcommands/go_install_with_multiple_subcommands (0.00s)
    --- PASS: TestPackageExtractor_ExtractPackages_MultipleSubcommands/go_get_with_multiple_subcommands (0.00s)
    --- PASS: TestPackageExtractor_ExtractPackages_MultipleSubcommands/mixed_go_install_and_go_get (0.00s)
    --- PASS: TestPackageExtractor_ExtractPackages_MultipleSubcommands/go_install_with_flags (0.00s)
    --- PASS: TestPackageExtractor_ExtractPackages_MultipleSubcommands/go_without_install_or_get (0.00s)
    --- PASS: TestPackageExtractor_ExtractPackages_MultipleSubcommands/go_mod_command_(not_extracted) (0.00s)
    --- PASS: TestPackageExtractor_ExtractPackages_MultipleSubcommands/empty_command (0.00s)
    --- PASS: TestPackageExtractor_ExtractPackages_MultipleSubcommands/go_get_with_flags (0.00s)
=== RUN   TestPackageExtractor_getRequiredSubcommands
=== RUN   TestPackageExtractor_getRequiredSubcommands/only_RequiredSubcommand_set
=== RUN   TestPackageExtractor_getRequiredSubcommands/only_RequiredSubcommands_set
=== RUN   TestPackageExtractor_getRequiredSubcommands/both_fields_set_-_RequiredSubcommands_takes_precedence
=== RUN   TestPackageExtractor_getRequiredSubcommands/neither_field_set
=== RUN   TestPackageExtractor_getRequiredSubcommands/empty_RequiredSubcommand
=== RUN   TestPackageExtractor_getRequiredSubcommands/empty_RequiredSubcommands_slice
--- PASS: TestPackageExtractor_getRequiredSubcommands (0.00s)
    --- PASS: TestPackageExtractor_getRequiredSubcommands/only_RequiredSubcommand_set (0.00s)
    --- PASS: TestPackageExtractor_getRequiredSubcommands/only_RequiredSubcommands_set (0.00s)
    --- PASS: TestPackageExtractor_getRequiredSubcommands/both_fields_set_-_RequiredSubcommands_takes_precedence (0.00s)
    --- PASS: TestPackageExtractor_getRequiredSubcommands/neither_field_set (0.00s)
    --- PASS: TestPackageExtractor_getRequiredSubcommands/empty_RequiredSubcommand (0.00s)
    --- PASS: TestPackageExtractor_getRequiredSubcommands/empty_RequiredSubcommands_slice (0.00s)
=== RUN   TestPackageExtractor_isCommandName
=== RUN   TestPackageExtractor_isCommandName/matches_pip
=== RUN   TestPackageExtractor_isCommandName/matches_pip3
=== RUN   TestPackageExtractor_isCommandName/does_not_match_npm
=== RUN   TestPackageExtractor_isCommandName/does_not_match_empty
--- PASS: TestPackageExtractor_isCommandName (0.00s)
    --- PASS: TestPackageExtractor_isCommandName/matches_pip (0.00s)
    --- PASS: TestPackageExtractor_isCommandName/matches_pip3 (0.00s)
    --- PASS: TestPackageExtractor_isCommandName/does_not_match_npm (0.00s)
    --- PASS: TestPackageExtractor_isCommandName/does_not_match_empty (0.00s)
=== RUN   TestPackageExtractor_findPackageName
=== RUN   TestPackageExtractor_findPackageName/finds_package_name
=== RUN   TestPackageExtractor_findPackageName/skips_flags
=== RUN   TestPackageExtractor_findPackageName/trims_semicolon
=== RUN   TestPackageExtractor_findPackageName/trims_ampersand
=== RUN   TestPackageExtractor_findPackageName/trims_pipe
=== RUN   TestPackageExtractor_findPackageName/no_package_found
=== RUN   TestPackageExtractor_findPackageName/start_index_out_of_bounds
--- PASS: TestPackageExtractor_findPackageName (0.00s)
    --- PASS: TestPackageExtractor_findPackageName/finds_package_name (0.00s)
    --- PASS: TestPackageExtractor_findPackageName/skips_flags (0.00s)
    --- PASS: TestPackageExtractor_findPackageName/trims_semicolon (0.00s)
    --- PASS: TestPackageExtractor_findPackageName/trims_ampersand (0.00s)
    --- PASS: TestPackageExtractor_findPackageName/trims_pipe (0.00s)
    --- PASS: TestPackageExtractor_findPackageName/no_package_found (0.00s)
    --- PASS: TestPackageExtractor_findPackageName/start_index_out_of_bounds (0.00s)
=== RUN   TestPackageExtractor_ComplexScenarios
=== RUN   TestPackageExtractor_ComplexScenarios/mixed_commands_with_pip
=== RUN   TestPackageExtractor_ComplexScenarios/script_block_with_pip
=== RUN   TestPackageExtractor_ComplexScenarios/multiple_npx_on_same_line
=== RUN   TestPackageExtractor_ComplexScenarios/package_with_special_characters
=== RUN   TestPackageExtractor_ComplexScenarios/package_in_quotes
--- PASS: TestPackageExtractor_ComplexScenarios (0.00s)
    --- PASS: TestPackageExtractor_ComplexScenarios/mixed_commands_with_pip (0.00s)
    --- PASS: TestPackageExtractor_ComplexScenarios/script_block_with_pip (0.00s)
    --- PASS: TestPackageExtractor_ComplexScenarios/multiple_npx_on_same_line (0.00s)
    --- PASS: TestPackageExtractor_ComplexScenarios/package_with_special_characters (0.00s)
    --- PASS: TestPackageExtractor_ComplexScenarios/package_in_quotes (0.00s)
=== RUN   TestPatchArtifactDownloadInConsolidatedSafeOutputs
/tmp/gh-aw-test-runs/20260704-173215-1254793/test-800668278/test-patch-download.md: info: Tip: set permissions.copilot-requests: write to use GitHub Actions token-based inference with the Copilot engine instead of a personal access token (COPILOT_GITHUB_TOKEN). This option requires that your organization has centralized Copilot billing enabled and may not be available in all organizations — see https://github.github.com/gh-aw/reference/billing/ for details.

✓ /tmp/gh-aw-test-runs/20260704-173215-1254793/test-800668278/test-patch-download.md (105.7 KB)
--- PASS: TestPatchArtifactDownloadInConsolidatedSafeOutputs (0.01s)
=== RUN   TestPatchArtifactDownloadWithPushToPullRequestBranch
/tmp/gh-aw-test-runs/20260704-173215-1254793/test-2145461661/test-push-patch-download.md: info: Tip: set permissions.copilot-requests: write to use GitHub Actions token-based inference with the Copilot engine instead of a personal access token (COPILOT_GITHUB_TOKEN). This option requires that your organization has centralized Copilot billing enabled and may not be available in all organizations — see https://github.github.com/gh-aw/reference/billing/ for details.

✓ /tmp/gh-aw-test-runs/20260704-173215-1254793/test-2145461661/test-push-patch-download.md (104.9 KB)
--- PASS: TestPatchArtifactDownloadWithPushToPullRequestBranch (0.01s)
=== RUN   TestPatchArtifactDownloadNotGeneratedWithoutPullRequestOperations
/tmp/gh-aw-test-runs/20260704-173215-1254793/test-2039308363/test-no-patch.md: info: Tip: set permissions.copilot-requests: write to use GitHub Actions token-based inference with the Copilot engine instead of a personal access token (COPILOT_GITHUB_TOKEN). This option requires that your organization has centralized Copilot billing enabled and may not be available in all organizations — see https://github.github.com/gh-aw/reference/billing/ for details.

✓ /tmp/gh-aw-test-runs/20260704-173215-1254793/test-2039308363/test-no-patch.md (102.1 KB)
--- PASS: TestPatchArtifactDownloadNotGeneratedWithoutPullRequestOperations (0.01s)
=== RUN   TestDefaultPermissionRestriction
=== RUN   TestDefaultPermissionRestriction/workflow_with_push_trigger_should_include_permission_check_(default)
/tmp/gh-aw-test-runs/20260704-173215-1254793/workflow-permission-restriction-test1772521162/push-workflow.md: warning: Missing required permissions for GitHub toolsets:
  - issues: read (required by issues)
  - pull-requests: read (required by pull_requests)

To fix this, you can either:

Option 1: Add missing permissions to your workflow frontmatter:
permissions:
  issues: read
  pull-requests: read

See: https://github.com/github/gh-aw/blob/main/docs/src/content/docs/reference/permissions.md

Option 2: Reduce the required toolsets in your workflow:
Remove or adjust toolsets that require these permissions:
  - issues
  - pull_requests

/tmp/gh-aw-test-runs/20260704-173215-1254793/workflow-permission-restriction-test1772521162/push-workflow.md: info: Tip: set permissions.copilot-requests: write to use GitHub Actions token-based inference with the Copilot engine instead of a personal access token (COPILOT_GITHUB_TOKEN). This option requires that your organization has centralized Copilot billing enabled and may not be available in all organizations — see https://github.github.com/gh-aw/reference/billing/ for details.

✓ /tmp/gh-aw-test-runs/20260704-173215-1254793/workflow-permission-restriction-test1772521162/push-workflow.md (77.2 KB)
=== RUN   TestDefaultPermissionRestriction/workflow_with_issues_trigger_should_include_permission_check_(default)
/tmp/gh-aw-test-runs/20260704-173215-1254793/workflow-permission-restriction-test1772521162/issues-workflow.md: warning: Missing required permissions for GitHub toolsets:
  - issues: read (required by issues)
  - pull-requests: read (required by pull_requests)

To fix this, you can either:

Option 1: Add missing permissions to your workflow frontmatter:
permissions:
  issues: read
  pull-requests: read

See: https://github.com/github/gh-aw/blob/main/docs/src/content/docs/reference/permissions.md

Option 2: Reduce the required toolsets in your workflow:
Remove or adjust toolsets that require these permissions:
  - issues
  - pull_requests

/tmp/gh-aw-test-runs/20260704-173215-1254793/workflow-permission-restriction-test1772521162/issues-workflow.md: info: Tip: set permissions.copilot-requests: write to use GitHub Actions token-based inference with the Copilot engine instead of a personal access token (COPILOT_GITHUB_TOKEN). This option requires that your organization has centralized Copilot billing enabled and may not be available in all organizations — see https://github.github.com/gh-aw/reference/billing/ for details.

✓ /tmp/gh-aw-test-runs/20260704-173215-1254793/workflow-permission-restriction-test1772521162/issues-workflow.md (78.8 KB)
=== RUN   TestDefaultPermissionRestriction/workflow_with_roles:_all_should_not_include_permission_check
/tmp/gh-aw-test-runs/20260704-173215-1254793/workflow-permission-restriction-test1772521162/unrestricted-workflow.md: warning: Missing required permissions for GitHub toolsets:
  - issues: read (required by issues)
  - pull-requests: read (required by pull_requests)

To fix this, you can either:

Option 1: Add missing permissions to your workflow frontmatter:
permissions:
  issues: read
  pull-requests: read

See: https://github.com/github/gh-aw/blob/main/docs/src/content/docs/reference/permissions.md

Option 2: Reduce the required toolsets in your workflow:
Remove or adjust toolsets that require these permissions:
  - issues
  - pull_requests

/tmp/gh-aw-test-runs/20260704-173215-1254793/workflow-permission-restriction-test1772521162/unrestricted-workflow.md: info: Tip: set permissions.copilot-requests: write to use GitHub Actions token-based inference with the Copilot engine instead of a personal access token (COPILOT_GITHUB_TOKEN). This option requires that your organization has centralized Copilot billing enabled and may not be available in all organizations — see https://github.github.com/gh-aw/reference/billing/ for details.

✓ /tmp/gh-aw-test-runs/20260704-173215-1254793/workflow-permission-restriction-test1772521162/unrestricted-workflow.md (75.2 KB)
=== RUN   TestDefaultPermissionRestriction/workflow_with_custom_permissions_should_include_permission_check
/tmp/gh-aw-test-runs/20260704-173215-1254793/workflow-permission-restriction-test1772521162/custom-permission-workflow.md: warning: Missing required permissions for GitHub toolsets:
  - issues: read (required by issues)
  - pull-requests: read (required by pull_requests)

To fix this, you can either:

Option 1: Add missing permissions to your workflow frontmatter:
permissions:
  issues: read
  pull-requests: read

See: https://github.com/github/gh-aw/blob/main/docs/src/content/docs/reference/permissions.md

Option 2: Reduce the required toolsets in your workflow:
Remove or adjust toolsets that require these permissions:
  - issues
  - pull_requests

/tmp/gh-aw-test-runs/20260704-173215-1254793/workflow-permission-restriction-test1772521162/custom-permission-workflow.md: info: Tip: set permissions.copilot-requests: write to use GitHub Actions token-based inference with the Copilot engine instead of a personal access token (COPILOT_GITHUB_TOKEN). This option requires that your organization has centralized Copilot billing enabled and may not be available in all organizations — see https://github.github.com/gh-aw/reference/billing/ for details.

✓ /tmp/gh-aw-test-runs/20260704-173215-1254793/workflow-permission-restriction-test1772521162/custom-permission-workflow.md (79.7 KB)
=== RUN   TestDefaultPermissionRestriction/workflow_with_workflow_dispatch_only_should_NOT_include_permission_check_(safe_event)
/tmp/gh-aw-test-runs/20260704-173215-1254793/workflow-permission-restriction-test1772521162/manual-workflow.md: warning: Missing required permissions for GitHub toolsets:
  - issues: read (required by issues)
  - pull-requests: read (required by pull_requests)

To fix this, you can either:

Option 1: Add missing permissions to your workflow frontmatter:
permissions:
  issues: read
  pull-requests: read

See: https://github.com/github/gh-aw/blob/main/docs/src/content/docs/reference/permissions.md

Option 2: Reduce the required toolsets in your workflow:
Remove or adjust toolsets that require these permissions:
  - issues
  - pull_requests

/tmp/gh-aw-test-runs/20260704-173215-1254793/workflow-permission-restriction-test1772521162/manual-workflow.md: info: Tip: set permissions.copilot-requests: write to use GitHub Actions token-based inference with the Copilot engine instead of a personal access token (COPILOT_GITHUB_TOKEN). This option requires that your organization has centralized Copilot billing enabled and may not be available in all organizations — see https://github.github.com/gh-aw/reference/billing/ for details.

✓ /tmp/gh-aw-test-runs/20260704-173215-1254793/workflow-permission-restriction-test1772521162/manual-workflow.md (75.3 KB)
=== RUN   TestDefaultPermissionRestriction/workflow_with_workflow_dispatch_without_write_role_should_include_permission_check
/tmp/gh-aw-test-runs/20260704-173215-1254793/workflow-permission-restriction-test1772521162/manual-workflow-restricted.md: warning: Missing required permissions for GitHub toolsets:
  - issues: read (required by issues)
  - pull-requests: read (required by pull_requests)

To fix this, you can either:

Option 1: Add missing permissions to your workflow frontmatter:
permissions:
  issues: read
  pull-requests: read

See: https://github.com/github/gh-aw/blob/main/docs/src/content/docs/reference/permissions.md

Option 2: Reduce the required toolsets in your workflow:
Remove or adjust toolsets that require these permissions:
  - issues
  - pull_requests

/tmp/gh-aw-test-runs/20260704-173215-1254793/workflow-permission-restriction-test1772521162/manual-workflow-restricted.md: info: Tip: set permissions.copilot-requests: write to use GitHub Actions token-based inference with the Copilot engine instead of a personal access token (COPILOT_GITHUB_TOKEN). This option requires that your organization has centralized Copilot billing enabled and may not be available in all organizations — see https://github.github.com/gh-aw/reference/billing/ for details.

✓ /tmp/gh-aw-test-runs/20260704-173215-1254793/workflow-permission-restriction-test1772521162/manual-workflow-restricted.md (77.9 KB)
=== RUN   TestDefaultPermissionRestriction/workflow_with_schedule_only_should_NOT_include_permission_check_(safe_event)
/tmp/gh-aw-test-runs/20260704-173215-1254793/workflow-permission-restriction-test1772521162/schedule-workflow.md: warning: Missing required permissions for GitHub toolsets:
  - issues: read (required by issues)
  - pull-requests: read (required by pull_requests)

To fix this, you can either:

Option 1: Add missing permissions to your workflow frontmatter:
permissions:
  issues: read
  pull-requests: read

See: https://github.com/github/gh-aw/blob/main/docs/src/content/docs/reference/permissions.md

Option 2: Reduce the required toolsets in your workflow:
Remove or adjust toolsets that require these permissions:
  - issues
  - pull_requests

/tmp/gh-aw-test-runs/20260704-173215-1254793/workflow-permission-restriction-test1772521162/schedule-workflow.md: info: Tip: set permissions.copilot-requests: write to use GitHub Actions token-based inference with the Copilot engine instead of a personal access token (COPILOT_GITHUB_TOKEN). This option requires that your organization has centralized Copilot billing enabled and may not be available in all organizations — see https://github.github.com/gh-aw/reference/billing/ for details.

✓ /tmp/gh-aw-test-runs/20260704-173215-1254793/workflow-permission-restriction-test1772521162/schedule-workflow.md (75.3 KB)
=== RUN   TestDefaultPermissionRestriction/workflow_with_workflow_run_should_INCLUDE_permission_check_(unsafe_event)
/tmp/gh-aw-test-runs/20260704-173215-1254793/workflow-permission-restriction-test1772521162/workflow-run-workflow.md: warning: workflow_run trigger should include branch restrictions for security and performance.

Without branch restrictions, the workflow will run for workflow runs on ALL branches,
which can cause unexpected behavior and security issues.

Suggested fix: Add branch restrictions to your workflow_run trigger:
on:
  workflow_run:
    workflows: ["your-workflow"]
    types: [completed]
    branches:
      - main
      - develop

/tmp/gh-aw-test-runs/20260704-173215-1254793/workflow-permission-restriction-test1772521162/workflow-run-workflow.md: warning: Missing required permissions for GitHub toolsets:
  - issues: read (required by issues)
  - pull-requests: read (required by pull_requests)

To fix this, you can either:

Option 1: Add missing permissions to your workflow frontmatter:
permissions:
  issues: read
  pull-requests: read

See: https://github.com/github/gh-aw/blob/main/docs/src/content/docs/reference/permissions.md

Option 2: Reduce the required toolsets in your workflow:
Remove or adjust toolsets that require these permissions:
  - issues
  - pull_requests

/tmp/gh-aw-test-runs/20260704-173215-1254793/workflow-permission-restriction-test1772521162/workflow-run-workflow.md: info: Tip: set permissions.copilot-requests: write to use GitHub Actions token-based inference with the Copilot engine instead of a personal access token (COPILOT_GITHUB_TOKEN). This option requires that your organization has centralized Copilot billing enabled and may not be available in all organizations — see https://github.github.com/gh-aw/reference/billing/ for details.

✓ /tmp/gh-aw-test-runs/20260704-173215-1254793/workflow-permission-restriction-test1772521162/workflow-run-workflow.md (77.9 KB)
=== RUN   TestDefaultPermissionRestriction/workflow_with_mixed_safe_and_unsafe_events_should_include_permission_check
/tmp/gh-aw-test-runs/20260704-173215-1254793/workflow-permission-restriction-test1772521162/mixed-workflow.md: warning: Missing required permissions for GitHub toolsets:
  - issues: read (required by issues)
  - pull-requests: read (required by pull_requests)

To fix this, you can either:

Option 1: Add missing permissions to your workflow frontmatter:
permissions:
  issues: read
  pull-requests: read

See: https://github.com/github/gh-aw/blob/main/docs/src/content/docs/reference/permissions.md

Option 2: Reduce the required toolsets in your workflow:
Remove or adjust toolsets that require these permissions:
  - issues
  - pull_requests

/tmp/gh-aw-test-runs/20260704-173215-1254793/workflow-permission-restriction-test1772521162/mixed-workflow.md: info: Tip: set permissions.copilot-requests: write to use GitHub Actions token-based inference with the Copilot engine instead of a personal access token (COPILOT_GITHUB_TOKEN). This option requires that your organization has centralized Copilot billing enabled and may not be available in all organizations — see https://github.github.com/gh-aw/reference/billing/ for details.

✓ /tmp/gh-aw-test-runs/20260704-173215-1254793/workflow-permission-restriction-test1772521162/mixed-workflow.md (77.5 KB)
=== RUN   TestDefaultPermissionRestriction/workflow_with_command_and_workflow_dispatch_with_write_role_should_include_permission_check_for_command
⚠ The 'command:' trigger field is deprecated. Please use 'slash_command:' instead.
/tmp/gh-aw-test-runs/20260704-173215-1254793/workflow-permission-restriction-test1772521162/scout-like-workflow.md: warning: Missing required permissions for GitHub toolsets:
  - issues: read (required by issues)
  - pull-requests: read (required by pull_requests)

To fix this, you can either:

Option 1: Add missing permissions to your workflow frontmatter:
permissions:
  issues: read
  pull-requests: read

See: https://github.com/github/gh-aw/blob/main/docs/src/content/docs/reference/permissions.md

Option 2: Reduce the required toolsets in your workflow:
Remove or adjust toolsets that require these permissions:
  - issues
  - pull_requests

/tmp/gh-aw-test-runs/20260704-173215-1254793/workflow-permission-restriction-test1772521162/scout-like-workflow.md: info: Tip: set permissions.copilot-requests: write to use GitHub Actions token-based inference with the Copilot engine instead of a personal access token (COPILOT_GITHUB_TOKEN). This option requires that your organization has centralized Copilot billing enabled and may not be available in all organizations — see https://github.github.com/gh-aw/reference/billing/ for details.

✓ /tmp/gh-aw-test-runs/20260704-173215-1254793/workflow-permission-restriction-test1772521162/scout-like-workflow.md (86.9 KB)
--- PASS: TestDefaultPermissionRestriction (0.09s)
    --- PASS: TestDefaultPermissionRestriction/workflow_with_push_trigger_should_include_permission_check_(default) (0.01s)
    --- PASS: TestDefaultPermissionRestriction/workflow_with_issues_trigger_should_include_permission_check_(default) (0.01s)
    --- PASS: TestDefaultPermissionRestriction/workflow_with_roles:_all_should_not_include_permission_check (0.01s)
    --- PASS: TestDefaultPermissionRestriction/workflow_with_custom_permissions_should_include_permission_check (0.01s)
    --- PASS: TestDefaultPermissionRestriction/workflow_with_workflow_dispatch_only_should_NOT_include_permission_check_(safe_event) (0.01s)
    --- PASS: TestDefaultPermissionRestriction/workflow_with_workflow_dispatch_without_write_role_should_include_permission_check (0.01s)
    --- PASS: TestDefaultPermissionRestriction/workflow_with_schedule_only_should_NOT_include_permission_check_(safe_event) (0.01s)
    --- PASS: TestDefaultPermissionRestriction/workflow_with_workflow_run_should_INCLUDE_permission_check_(unsafe_event) (0.01s)
    --- PASS: TestDefaultPermissionRestriction/workflow_with_mixed_safe_and_unsafe_events_should_include_permission_check (0.01s)
    --- PASS: TestDefaultPermissionRestriction/workflow_with_command_and_workflow_dispatch_with_write_role_should_include_permission_check_for_command (0.01s)
=== RUN   TestCommandWorkflowStillWorks
⚠ The 'command:' trigger field is deprecated. Please use 'slash_command:' instead.
/tmp/gh-aw-test-runs/20260704-173215-1254793/workflow-command-compatibility-test2483700627/command-workflow.md: warning: Missing required permissions for GitHub toolsets:
  - issues: read (required by issues)
  - pull-requests: read (required by pull_requests)

To fix this, you can either:

Option 1: Add missing permissions to your workflow frontmatter:
permissions:
  issues: read
  pull-requests: read

See: https://github.com/github/gh-aw/blob/main/docs/src/content/docs/reference/permissions.md

Option 2: Reduce the required toolsets in your workflow:
Remove or adjust toolsets that require these permissions:
  - issues
  - pull_requests

/tmp/gh-aw-test-runs/20260704-173215-1254793/workflow-command-compatibility-test2483700627/command-workflow.md: info: Tip: set permissions.copilot-requests: write to use GitHub Actions token-based inference with the Copilot engine instead of a personal access token (COPILOT_GITHUB_TOKEN). This option requires that your organization has centralized Copilot billing enabled and may not be available in all organizations — see https://github.github.com/gh-aw/reference/billing/ for details.

✓ /tmp/gh-aw-test-runs/20260704-173215-1254793/workflow-command-compatibility-test2483700627/command-workflow.md (85.3 KB)
--- PASS: TestCommandWorkflowStillWorks (0.01s)
=== RUN   TestPermissionsEnumValidation
=== RUN   TestPermissionsEnumValidation/valid:_read-all
=== RUN   TestPermissionsEnumValidation/valid:_write-all
=== RUN   TestPermissionsEnumValidation/invalid:_read_(without_-all)
=== RUN   TestPermissionsEnumValidation/invalid:_write_(without_-all)
=== RUN   TestPermissionsEnumValidation/valid:_none
=== RUN   TestPermissionsEnumValidation/invalid:_READ-ALL_(uppercase)
=== RUN   TestPermissionsEnumValidation/invalid:_Write-All_(mixed_case)
=== RUN   TestPermissionsEnumValidation/invalid:_Read_(capitalized)
=== RUN   TestPermissionsEnumValidation/invalid:_WRITE_(uppercase)
=== RUN   TestPermissionsEnumValidation/invalid:_None_(capitalized)
=== RUN   TestPermissionsEnumValidation/invalid:_readall_(no_hyphen)
=== RUN   TestPermissionsEnumValidation/invalid:_writeall_(no_hyphen)
=== RUN   TestPermissionsEnumValidation/invalid:_readonly
=== RUN   TestPermissionsEnumValidation/invalid:_all
=== RUN   TestPermissionsEnumValidation/invalid:_full
--- PASS: TestPermissionsEnumValidation (0.00s)
    --- PASS: TestPermissionsEnumValidation/valid:_read-all (0.00s)
    --- PASS: TestPermissionsEnumValidation/valid:_write-all (0.00s)
    --- PASS: TestPermissionsEnumValidation/invalid:_read_(without_-all) (0.00s)
    --- PASS: TestPermissionsEnumValidation/invalid:_write_(without_-all) (0.00s)
    --- PASS: TestPermissionsEnumValidation/valid:_none (0.00s)
    --- PASS: TestPermissionsEnumValidation/invalid:_READ-ALL_(uppercase) (0.00s)
    --- PASS: TestPermissionsEnumValidation/invalid:_Write-All_(mixed_case) (0.00s)
    --- PASS: TestPermissionsEnumValidation/invalid:_Read_(capitalized) (0.00s)
    --- PASS: TestPermissionsEnumValidation/invalid:_WRITE_(uppercase) (0.00s)
    --- PASS: TestPermissionsEnumValidation/invalid:_None_(capitalized) (0.00s)
    --- PASS: TestPermissionsEnumValidation/invalid:_readall_(no_hyphen) (0.00s)
    --- PASS: TestPermissionsEnumValidation/invalid:_writeall_(no_hyphen) (0.00s)
    --- PASS: TestPermissionsEnumValidation/invalid:_readonly (0.00s)
    --- PASS: TestPermissionsEnumValidation/invalid:_all (0.00s)
    --- PASS: TestPermissionsEnumValidation/invalid:_full (0.00s)
=== RUN   TestPermissionsLevelEnumValidation
=== RUN   TestPermissionsLevelEnumValidation/contents:_read
=== RUN   TestPermissionsLevelEnumValidation/contents:_write
=== RUN   TestPermissionsLevelEnumValidation/contents:_none
=== RUN   TestPermissionsLevelEnumValidation/issues:_read
=== RUN   TestPermissionsLevelEnumValidation/issues:_write
=== RUN   TestPermissionsLevelEnumValidation/contents:_READ_(uppercase)
    permissions_enum_test.go:234: Invalid permission level "READ" was parsed by YAML (GitHub Actions will reject it at runtime)
=== RUN   TestPermissionsLevelEnumValidation/contents:_Write_(mixed_case)
    permissions_enum_test.go:234: Invalid permission level "Write" was parsed by YAML (GitHub Actions will reject it at runtime)
=== RUN   TestPermissionsLevelEnumValidation/contents:_readonly
    permissions_enum_test.go:234: Invalid permission level "readonly" was parsed by YAML (GitHub Actions will reject it at runtime)
=== RUN   TestPermissionsLevelEnumValidation/contents:_full
    permissions_enum_test.go:234: Invalid permission level "full" was parsed by YAML (GitHub Actions will reject it at runtime)
--- PASS: TestPermissionsLevelEnumValidation (0.00s)
    --- PASS: TestPermissionsLevelEnumValidation/contents:_read (0.00s)
    --- PASS: TestPermissionsLevelEnumValidation/contents:_write (0.00s)
    --- PASS: TestPermissionsLevelEnumValidation/contents:_none (0.00s)
    --- PASS: TestPermissionsLevelEnumValidation/issues:_read (0.00s)
    --- PASS: TestPermissionsLevelEnumValidation/issues:_write (0.00s)
    --- PASS: TestPermissionsLevelEnumValidation/contents:_READ_(uppercase) (0.00s)
    --- PASS: TestPermissionsLevelEnumValidation/contents:_Write_(mixed_case) (0.00s)
    --- PASS: TestPermissionsLevelEnumValidation/contents:_readonly (0.00s)
    --- PASS: TestPermissionsLevelEnumValidation/contents:_full (0.00s)
=== RUN   TestPermissionsEdgeCases
=== RUN   TestPermissionsEdgeCases/empty_permissions
=== RUN   TestPermissionsEdgeCases/permissions_with_only_label
=== RUN   TestPermissionsEdgeCases/permissions_with_whitespace
=== RUN   TestPermissionsEdgeCases/permissions_with_extra_spacing
=== RUN   TestPermissionsEdgeCases/multiline_permissions_with_valid_shorthand
--- PASS: TestPermissionsEdgeCases (0.00s)
    --- PASS: TestPermissionsEdgeCases/empty_permissions (0.00s)
    --- PASS: TestPermissionsEdgeCases/permissions_with_only_label (0.00s)
    --- PASS: TestPermissionsEdgeCases/permissions_with_whitespace (0.00s)
    --- PASS: TestPermissionsEdgeCases/permissions_with_extra_spacing (0.00s)
    --- PASS: TestPermissionsEdgeCases/multiline_permissions_with_valid_shorthand (0.00s)
=== RUN   TestPermissionsAllKeyValidation
=== RUN   TestPermissionsAllKeyValidation/all:_read_is_valid
=== RUN   TestPermissionsAllKeyValidation/all:_write_is_invalid
=== RUN   TestPermissionsAllKeyValidation/all:_read_with_other_read_permissions
=== RUN   TestPermissionsAllKeyValidation/all:_read_with_none_permission_is_invalid
--- PASS: TestPermissionsAllKeyValidation (0.00s)
    --- PASS: TestPermissionsAllKeyValidation/all:_read_is_valid (0.00s)
    --- PASS: TestPermissionsAllKeyValidation/all:_write_is_invalid (0.00s)
    --- PASS: TestPermissionsAllKeyValidation/all:_read_with_other_read_permissions (0.00s)
    --- PASS: TestPermissionsAllKeyValidation/all:_read_with_none_permission_is_invalid (0.00s)
=== RUN   TestPermissionsScopeEnumValidation
=== RUN   TestPermissionsScopeEnumValidation/valid_scope:_actions
=== RUN   TestPermissionsScopeEnumValidation/valid_scope:_checks
=== RUN   TestPermissionsScopeEnumValidation/valid_scope:_contents
=== RUN   TestPermissionsScopeEnumValidation/valid_scope:_deployments
=== RUN   TestPermissionsScopeEnumValidation/valid_scope:_discussions
=== RUN   TestPermissionsScopeEnumValidation/valid_scope:_id-token
=== RUN   TestPermissionsScopeEnumValidation/valid_scope:_issues
=== RUN   TestPermissionsScopeEnumValidation/valid_scope:_packages
=== RUN   TestPermissionsScopeEnumValidation/valid_scope:_pages
=== RUN   TestPermissionsScopeEnumValidation/valid_scope:_pull-requests
=== RUN   TestPermissionsScopeEnumValidation/valid_scope:_repository-projects
=== RUN   TestPermissionsScopeEnumValidation/valid_scope:_security-events
=== RUN   TestPermissionsScopeEnumValidation/valid_scope:_statuses
--- PASS: TestPermissionsScopeEnumValidation (0.00s)
    --- PASS: TestPermissionsScopeEnumValidation/valid_scope:_actions (0.00s)
    --- PASS: TestPermissionsScopeEnumValidation/valid_scope:_checks (0.00s)
    --- PASS: TestPermissionsScopeEnumValidation/valid_scope:_contents (0.00s)
    --- PASS: TestPermissionsScopeEnumValidation/valid_scope:_deployments (0.00s)
    --- PASS: TestPermissionsScopeEnumValidation/valid_scope:_discussions (0.00s)
    --- PASS: TestPermissionsScopeEnumValidation/valid_scope:_id-token (0.00s)
    --- PASS: TestPermissionsScopeEnumValidation/valid_scope:_issues (0.00s)
    --- PASS: TestPermissionsScopeEnumValidation/valid_scope:_packages (0.00s)
    --- PASS: TestPermissionsScopeEnumValidation/valid_scope:_pages (0.00s)
    --- PASS: TestPermissionsScopeEnumValidation/valid_scope:_pull-requests (0.00s)
    --- PASS: TestPermissionsScopeEnumValidation/valid_scope:_repository-projects (0.00s)
    --- PASS: TestPermissionsScopeEnumValidation/valid_scope:_security-events (0.00s)
    --- PASS: TestPermissionsScopeEnumValidation/valid_scope:_statuses (0.00s)
=== RUN   TestPermissionsInvalidScopeHandling
=== RUN   TestPermissionsInvalidScopeHandling/invalid_scope:_CONTENTS
    permissions_enum_test.go:412: Invalid scope "CONTENTS" was parsed with level "read" (YAML allows it, but GitHub Actions may reject it)
=== RUN   TestPermissionsInvalidScopeHandling/invalid_scope:_Contents
    permissions_enum_test.go:412: Invalid scope "Contents" was parsed with level "read" (YAML allows it, but GitHub Actions may reject it)
=== RUN   TestPermissionsInvalidScopeHandling/invalid_scope:_issue
    permissions_enum_test.go:412: Invalid scope "issue" was parsed with level "read" (YAML allows it, but GitHub Actions may reject it)
=== RUN   TestPermissionsInvalidScopeHandling/invalid_scope:_pullrequests
    permissions_enum_test.go:412: Invalid scope "pullrequests" was parsed with level "read" (YAML allows it, but GitHub Actions may reject it)
=== RUN   TestPermissionsInvalidScopeHandling/invalid_scope:_random-scope
    permissions_enum_test.go:412: Invalid scope "random-scope" was parsed with level "read" (YAML allows it, but GitHub Actions may reject it)
--- PASS: TestPermissionsInvalidScopeHandling (0.00s)
    --- PASS: TestPermissionsInvalidScopeHandling/invalid_scope:_CONTENTS (0.00s)
    --- PASS: TestPermissionsInvalidScopeHandling/invalid_scope:_Contents (0.00s)
    --- PASS: TestPermissionsInvalidScopeHandling/invalid_scope:_issue (0.00s)
    --- PASS: TestPermissionsInvalidScopeHandling/invalid_scope:_pullrequests (0.00s)
    --- PASS: TestPermissionsInvalidScopeHandling/invalid_scope:_random-scope (0.00s)
=== RUN   TestPermissionCombinations
=== RUN   TestPermissionCombinations/multiple_read_permissions
=== RUN   TestPermissionCombinations/mixed_read_and_write_permissions
=== RUN   TestPermissionCombinations/all_scopes_with_none
--- PASS: TestPermissionCombinations (0.00s)
    --- PASS: TestPermissionCombinations/multiple_read_permissions (0.00s)
    --- PASS: TestPermissionCombinations/mixed_read_and_write_permissions (0.00s)
    --- PASS: TestPermissionCombinations/all_scopes_with_none (0.00s)
=== RUN   TestPermissionsWhitespaceHandling
=== RUN   TestPermissionsWhitespaceHandling/shorthand_with_leading_spaces
=== RUN   TestPermissionsWhitespaceHandling/shorthand_with_trailing_spaces
=== RUN   TestPermissionsWhitespaceHandling/shorthand_with_tabs
=== RUN   TestPermissionsWhitespaceHandling/map_with_inconsistent_indentation
--- PASS: TestPermissionsWhitespaceHandling (0.00s)
    --- PASS: TestPermissionsWhitespaceHandling/shorthand_with_leading_spaces (0.00s)
    --- PASS: TestPermissionsWhitespaceHandling/shorthand_with_trailing_spaces (0.00s)
    --- PASS: TestPermissionsWhitespaceHandling/shorthand_with_tabs (0.00s)
    --- PASS: TestPermissionsWhitespaceHandling/map_with_inconsistent_indentation (0.00s)
=== RUN   TestNewPermissions
--- PASS: TestNewPermissions (0.00s)
=== RUN   TestNewPermissionsShorthand
=== RUN   TestNewPermissionsShorthand/read-all
=== RUN   TestNewPermissionsShorthand/write-all
=== RUN   TestNewPermissionsShorthand/none
--- PASS: TestNewPermissionsShorthand (0.00s)
    --- PASS: TestNewPermissionsShorthand/read-all (0.00s)
    --- PASS: TestNewPermissionsShorthand/write-all (0.00s)
    --- PASS: TestNewPermissionsShorthand/none (0.00s)
=== RUN   TestNewPermissionsFromMap
--- PASS: TestNewPermissionsFromMap (0.00s)
=== RUN   TestPermissionsSet
--- PASS: TestPermissionsSet (0.00s)
=== RUN   TestPermissionsSetPreservesShorthandPermissions
=== RUN   TestPermissionsSetPreservesShorthandPermissions/read-all:_adding_write_scope_preserves_contents:_read
=== RUN   TestPermissionsSetPreservesShorthandPermissions/read-all:_adding_write_scope_preserves_issues:_read
=== RUN   TestPermissionsSetPreservesShorthandPermissions/read-all:_adding_write_scope_preserves_pull-requests:_read
=== RUN   TestPermissionsSetPreservesShorthandPermissions/write-all:_adding_extra_write_scope_preserves_contents:_write
--- PASS: TestPermissionsSetPreservesShorthandPermissions (0.00s)
    --- PASS: TestPermissionsSetPreservesShorthandPermissions/read-all:_adding_write_scope_preserves_contents:_read (0.00s)
    --- PASS: TestPermissionsSetPreservesShorthandPermissions/read-all:_adding_write_scope_preserves_issues:_read (0.00s)
    --- PASS: TestPermissionsSetPreservesShorthandPermissions/read-all:_adding_write_scope_preserves_pull-requests:_read (0.00s)
    --- PASS: TestPermissionsSetPreservesShorthandPermissions/write-all:_adding_extra_write_scope_preserves_contents:_write (0.00s)
=== RUN   TestPermissionsGet
=== RUN   TestPermissionsGet/read-all_shorthand
=== RUN   TestPermissionsGet/write-all_shorthand
=== RUN   TestPermissionsGet/none_shorthand
=== RUN   TestPermissionsGet/specific_permission
=== RUN   TestPermissionsGet/non-existent_permission
--- PASS: TestPermissionsGet (0.00s)
    --- PASS: TestPermissionsGet/read-all_shorthand (0.00s)
    --- PASS: TestPermissionsGet/write-all_shorthand (0.00s)
    --- PASS: TestPermissionsGet/none_shorthand (0.00s)
    --- PASS: TestPermissionsGet/specific_permission (0.00s)
    --- PASS: TestPermissionsGet/non-existent_permission (0.00s)
=== RUN   TestPermissionsMerge
=== RUN   TestPermissionsMerge/merge_two_maps_-_write_overrides_read
=== RUN   TestPermissionsMerge/merge_two_maps_-_read_doesn't_override_write
=== RUN   TestPermissionsMerge/merge_two_maps_-_different_scopes
=== RUN   TestPermissionsMerge/merge_two_maps_-_multiple_scopes_with_conflicts
=== RUN   TestPermissionsMerge/merge_two_maps_-_none_overrides_read
=== RUN   TestPermissionsMerge/merge_two_maps_-_none_overrides_none
=== RUN   TestPermissionsMerge/merge_two_maps_-_write_overrides_none
=== RUN   TestPermissionsMerge/merge_two_maps_-_all_permission_scopes
=== RUN   TestPermissionsMerge/merge_shorthand_-_write-all_wins_over_read-all
=== RUN   TestPermissionsMerge/merge_shorthand_-_write-all_wins_over_read
=== RUN   TestPermissionsMerge/merge_shorthand_-_write-all_wins_over_write
=== RUN   TestPermissionsMerge/merge_shorthand_-_write-all_wins_over_none
=== RUN   TestPermissionsMerge/merge_shorthand_-_write-all_wins_over_read-all#01
=== RUN   TestPermissionsMerge/merge_shorthand_-_write-all_wins_over_read-all_(duplicate_for_coverage)
=== RUN   TestPermissionsMerge/merge_shorthand_-_write-all_wins_over_none#01
=== RUN   TestPermissionsMerge/merge_shorthand_-_read-all_wins_over_read-all
=== RUN   TestPermissionsMerge/merge_shorthand_-_read-all_wins_over_none
=== RUN   TestPermissionsMerge/merge_shorthand_-_read-all_wins_over_none_(duplicate_for_coverage)
=== RUN   TestPermissionsMerge/merge_shorthand_-_read-all_preserved_when_merging_read
=== RUN   TestPermissionsMerge/merge_shorthand_-_write-all_preserved_when_merging_write
=== RUN   TestPermissionsMerge/merge_shorthand_-_same_shorthand_preserved_(read-all)
=== RUN   TestPermissionsMerge/merge_shorthand_-_same_shorthand_preserved_(write-all)
=== RUN   TestPermissionsMerge/merge_shorthand_-_same_shorthand_preserved_(none)
=== RUN   TestPermissionsMerge/merge_read-all_shorthand_into_map_-_adds_all_missing_scopes_as_read
=== RUN   TestPermissionsMerge/merge_write-all_shorthand_into_map_-_adds_all_missing_scopes_as_write
=== RUN   TestPermissionsMerge/merge_read_shorthand_into_map_-_adds_all_missing_scopes_as_read
=== RUN   TestPermissionsMerge/merge_write_shorthand_into_map_-_adds_all_missing_scopes_as_write
=== RUN   TestPermissionsMerge/merge_none_shorthand_into_map_-_no_change
=== RUN   TestPermissionsMerge/merge_map_into_read-all_shorthand_-_shorthand_cleared,_map_created
=== RUN   TestPermissionsMerge/merge_map_into_write-all_shorthand_-_shorthand_cleared,_map_created
=== RUN   TestPermissionsMerge/merge_map_into_none_shorthand_-_shorthand_cleared,_map_created
=== RUN   TestPermissionsMerge/merge_complex_map_into_read_shorthand
=== RUN   TestPermissionsMerge/merge_nil_into_map_-_no_change
=== RUN   TestPermissionsMerge/merge_nil_into_shorthand_-_no_change
=== RUN   TestPermissionsMerge/merge_empty_map_into_map_-_no_change
=== RUN   TestPermissionsMerge/merge_map_into_empty_map_-_scopes_added
--- PASS: TestPermissionsMerge (0.00s)
    --- PASS: TestPermissionsMerge/merge_two_maps_-_write_overrides_read (0.00s)
    --- PASS: TestPermissionsMerge/merge_two_maps_-_read_doesn't_override_write (0.00s)
    --- PASS: TestPermissionsMerge/merge_two_maps_-_different_scopes (0.00s)
    --- PASS: TestPermissionsMerge/merge_two_maps_-_multiple_scopes_with_conflicts (0.00s)
    --- PASS: TestPermissionsMerge/merge_two_maps_-_none_overrides_read (0.00s)
    --- PASS: TestPermissionsMerge/merge_two_maps_-_none_overrides_none (0.00s)
    --- PASS: TestPermissionsMerge/merge_two_maps_-_write_overrides_none (0.00s)
    --- PASS: TestPermissionsMerge/merge_two_maps_-_all_permission_scopes (0.00s)
    --- PASS: TestPermissionsMerge/merge_shorthand_-_write-all_wins_over_read-all (0.00s)
    --- PASS: TestPermissionsMerge/merge_shorthand_-_write-all_wins_over_read (0.00s)
    --- PASS: TestPermissionsMerge/merge_shorthand_-_write-all_wins_over_write (0.00s)
    --- PASS: TestPermissionsMerge/merge_shorthand_-_write-all_wins_over_none (0.00s)
    --- PASS: TestPermissionsMerge/merge_shorthand_-_write-all_wins_over_read-all#01 (0.00s)
    --- PASS: TestPermissionsMerge/merge_shorthand_-_write-all_wins_over_read-all_(duplicate_for_coverage) (0.00s)
    --- PASS: TestPermissionsMerge/merge_shorthand_-_write-all_wins_over_none#01 (0.00s)
    --- PASS: TestPermissionsMerge/merge_shorthand_-_read-all_wins_over_read-all (0.00s)
    --- PASS: TestPermissionsMerge/merge_shorthand_-_read-all_wins_over_none (0.00s)
    --- PASS: TestPermissionsMerge/merge_shorthand_-_read-all_wins_over_none_(duplicate_for_coverage) (0.00s)
    --- PASS: TestPermissionsMerge/merge_shorthand_-_read-all_preserved_when_merging_read (0.00s)
    --- PASS: TestPermissionsMerge/merge_shorthand_-_write-all_preserved_when_merging_write (0.00s)
    --- PASS: TestPermissionsMerge/merge_shorthand_-_same_shorthand_preserved_(read-all) (0.00s)
    --- PASS: TestPermissionsMerge/merge_shorthand_-_same_shorthand_preserved_(write-all) (0.00s)
    --- PASS: TestPermissionsMerge/merge_shorthand_-_same_shorthand_preserved_(none) (0.00s)
    --- PASS: TestPermissionsMerge/merge_read-all_shorthand_into_map_-_adds_all_missing_scopes_as_read (0.00s)
    --- PASS: TestPermissionsMerge/merge_write-all_shorthand_into_map_-_adds_all_missing_scopes_as_write (0.00s)
    --- PASS: TestPermissionsMerge/merge_read_shorthand_into_map_-_adds_all_missing_scopes_as_read (0.00s)
    --- PASS: TestPermissionsMerge/merge_write_shorthand_into_map_-_adds_all_missing_scopes_as_write (0.00s)
    --- PASS: TestPermissionsMerge/merge_none_shorthand_into_map_-_no_change (0.00s)
    --- PASS: TestPermissionsMerge/merge_map_into_read-all_shorthand_-_shorthand_cleared,_map_created (0.00s)
    --- PASS: TestPermissionsMerge/merge_map_into_write-all_shorthand_-_shorthand_cleared,_map_created (0.00s)
    --- PASS: TestPermissionsMerge/merge_map_into_none_shorthand_-_shorthand_cleared,_map_created (0.00s)
    --- PASS: TestPermissionsMerge/merge_complex_map_into_read_shorthand (0.00s)
    --- PASS: TestPermissionsMerge/merge_nil_into_map_-_no_change (0.00s)
    --- PASS: TestPermissionsMerge/merge_nil_into_shorthand_-_no_change (0.00s)
    --- PASS: TestPermissionsMerge/merge_empty_map_into_map_-_no_change (0.00s)
    --- PASS: TestPermissionsMerge/merge_map_into_empty_map_-_scopes_added (0.00s)
=== RUN   TestPermissions_AllRead
=== RUN   TestPermissions_AllRead/all:_read_returns_read_for_contents
=== RUN   TestPermissions_AllRead/all:_read_returns_read_for_issues
=== RUN   TestPermissions_AllRead/all:_read_with_explicit_override
=== RUN   TestPermissions_AllRead/all:_read_does_not_include_id-token_(not_supported_at_read_level)
=== RUN   TestPermissions_AllRead/all:_read_with_explicit_id-token:_write_override
--- PASS: TestPermissions_AllRead (0.00s)
    --- PASS: TestPermissions_AllRead/all:_read_returns_read_for_contents (0.00s)
    --- PASS: TestPermissions_AllRead/all:_read_returns_read_for_issues (0.00s)
    --- PASS: TestPermissions_AllRead/all:_read_with_explicit_override (0.00s)
    --- PASS: TestPermissions_AllRead/all:_read_does_not_include_id-token_(not_supported_at_read_level) (0.00s)
    --- PASS: TestPermissions_AllRead/all:_read_with_explicit_id-token:_write_override (0.00s)
=== RUN   TestFilterJobLevelPermissions
=== RUN   TestFilterJobLevelPermissions/empty_input_returns_empty
=== RUN   TestFilterJobLevelPermissions/standard_permissions_are_preserved
=== RUN   TestFilterJobLevelPermissions/vulnerability-alerts_is_preserved_(GITHUB_TOKEN_scope)
=== RUN   TestFilterJobLevelPermissions/multiple_GitHub_App-only_scopes_are_filtered_out_but_vulnerability-alerts_is_preserved
=== RUN   TestFilterJobLevelPermissions/only_GitHub_App-only_scopes_returns_empty_string
=== RUN   TestFilterJobLevelPermissions/shorthand_read-all_is_preserved_unchanged
=== RUN   TestFilterJobLevelPermissions/shorthand_write-all_is_preserved_unchanged
=== RUN   TestFilterJobLevelPermissions/shorthand_none_is_preserved_unchanged
--- PASS: TestFilterJobLevelPermissions (0.00s)
    --- PASS: TestFilterJobLevelPermissions/empty_input_returns_empty (0.00s)
    --- PASS: TestFilterJobLevelPermissions/standard_permissions_are_preserved (0.00s)
    --- PASS: TestFilterJobLevelPermissions/vulnerability-alerts_is_preserved_(GITHUB_TOKEN_scope) (0.00s)
    --- PASS: TestFilterJobLevelPermissions/multiple_GitHub_App-only_scopes_are_filtered_out_but_vulnerability-alerts_is_preserved (0.00s)
    --- PASS: TestFilterJobLevelPermissions/only_GitHub_App-only_scopes_returns_empty_string (0.00s)
    --- PASS: TestFilterJobLevelPermissions/shorthand_read-all_is_preserved_unchanged (0.00s)
    --- PASS: TestFilterJobLevelPermissions/shorthand_write-all_is_preserved_unchanged (0.00s)
    --- PASS: TestFilterJobLevelPermissions/shorthand_none_is_preserved_unchanged (0.00s)
=== RUN   TestPermissions_HasContentsReadAccess
=== RUN   TestPermissions_HasContentsReadAccess/nil_permissions_returns_false
=== RUN   TestPermissions_HasContentsReadAccess/read-all_shorthand_grants_contents_read
=== RUN   TestPermissions_HasContentsReadAccess/write-all_shorthand_grants_contents_read
=== RUN   TestPermissions_HasContentsReadAccess/none_shorthand_denies_contents_read
=== RUN   TestPermissions_HasContentsReadAccess/empty_permissions_denies_contents_read
=== RUN   TestPermissions_HasContentsReadAccess/contents:_read_grants_access
=== RUN   TestPermissions_HasContentsReadAccess/contents:_write_grants_access_(write_implies_read)
=== RUN   TestPermissions_HasContentsReadAccess/no_contents_permission_denies_access
=== RUN   TestPermissions_HasContentsReadAccess/contents:_none_denies_access
=== RUN   TestPermissions_HasContentsReadAccess/all:_read_grants_contents_read
=== RUN   TestPermissions_HasContentsReadAccess/all:_write_grants_contents_read_(write_implies_read)
=== RUN   TestPermissions_HasContentsReadAccess/all:_read_with_explicit_contents:_none_denies_access
--- PASS: TestPermissions_HasContentsReadAccess (0.00s)
    --- PASS: TestPermissions_HasContentsReadAccess/nil_permissions_returns_false (0.00s)
    --- PASS: TestPermissions_HasContentsReadAccess/read-all_shorthand_grants_contents_read (0.00s)
    --- PASS: TestPermissions_HasContentsReadAccess/write-all_shorthand_grants_contents_read (0.00s)
    --- PASS: TestPermissions_HasContentsReadAccess/none_shorthand_denies_contents_read (0.00s)
    --- PASS: TestPermissions_HasContentsReadAccess/empty_permissions_denies_contents_read (0.00s)
    --- PASS: TestPermissions_HasContentsReadAccess/contents:_read_grants_access (0.00s)
    --- PASS: TestPermissions_HasContentsReadAccess/contents:_write_grants_access_(write_implies_read) (0.00s)
    --- PASS: TestPermissions_HasContentsReadAccess/no_contents_permission_denies_access (0.00s)
    --- PASS: TestPermissions_HasContentsReadAccess/contents:_none_denies_access (0.00s)
    --- PASS: TestPermissions_HasContentsReadAccess/all:_read_grants_contents_read (0.00s)
    --- PASS: TestPermissions_HasContentsReadAccess/all:_write_grants_contents_read_(write_implies_read) (0.00s)
    --- PASS: TestPermissions_HasContentsReadAccess/all:_read_with_explicit_contents:_none_denies_access (0.00s)
=== RUN   TestFilterJobLevelPermissionsWithCache
=== RUN   TestFilterJobLevelPermissionsWithCache/standard_permissions_with_cache
=== RUN   TestFilterJobLevelPermissionsWithCache/shorthand_read-all_with_cache
=== RUN   TestFilterJobLevelPermissionsWithCache/shorthand_none_with_cache
=== RUN   TestFilterJobLevelPermissionsWithCache/App-only_scopes_filtered_with_cache
--- PASS: TestFilterJobLevelPermissionsWithCache (0.00s)
    --- PASS: TestFilterJobLevelPermissionsWithCache/standard_permissions_with_cache (0.00s)
    --- PASS: TestFilterJobLevelPermissionsWithCache/shorthand_read-all_with_cache (0.00s)
    --- PASS: TestFilterJobLevelPermissionsWithCache/shorthand_none_with_cache (0.00s)
    --- PASS: TestFilterJobLevelPermissionsWithCache/App-only_scopes_filtered_with_cache (0.00s)
=== RUN   TestPermissions_Clone
=== RUN   TestPermissions_Clone/clone_is_independent_-_mutations_do_not_affect_original
=== RUN   TestPermissions_Clone/clone_of_shorthand_is_independent
=== RUN   TestPermissions_Clone/clone_of_nil_returns_empty_permissions
=== RUN   TestPermissions_Clone/clone_of_all:read_preserves_hasAll_flag
--- PASS: TestPermissions_Clone (0.00s)
    --- PASS: TestPermissions_Clone/clone_is_independent_-_mutations_do_not_affect_original (0.00s)
    --- PASS: TestPermissions_Clone/clone_of_shorthand_is_independent (0.00s)
    --- PASS: TestPermissions_Clone/clone_of_nil_returns_empty_permissions (0.00s)
    --- PASS: TestPermissions_Clone/clone_of_all:read_preserves_hasAll_flag (0.00s)
=== RUN   TestPermissionsParser_HasContentsReadAccess
=== RUN   TestPermissionsParser_HasContentsReadAccess/shorthand_read-all_grants_contents_access
=== RUN   TestPermissionsParser_HasContentsReadAccess/shorthand_write-all_grants_contents_access
=== RUN   TestPermissionsParser_HasContentsReadAccess/invalid_shorthand_read_does_not_grant_contents_access
=== RUN   TestPermissionsParser_HasContentsReadAccess/invalid_shorthand_write_does_not_grant_contents_access
=== RUN   TestPermissionsParser_HasContentsReadAccess/shorthand_none_denies_contents_access
=== RUN   TestPermissionsParser_HasContentsReadAccess/explicit_contents_read_grants_access
=== RUN   TestPermissionsParser_HasContentsReadAccess/explicit_contents_write_grants_access
=== RUN   TestPermissionsParser_HasContentsReadAccess/no_contents_permission_denies_access
=== RUN   TestPermissionsParser_HasContentsReadAccess/explicit_contents_none_denies_access
=== RUN   TestPermissionsParser_HasContentsReadAccess/empty_permissions_denies_access
=== RUN   TestPermissionsParser_HasContentsReadAccess/just_permissions_label_denies_access
=== RUN   TestPermissionsParser_HasContentsReadAccess/whitespace_only_permissions_denies_access
=== RUN   TestPermissionsParser_HasContentsReadAccess/permissions_with_extra_whitespace
=== RUN   TestPermissionsParser_HasContentsReadAccess/invalid_shorthand_permission_denies_access
=== RUN   TestPermissionsParser_HasContentsReadAccess/mixed_case_contents_permission
=== RUN   TestPermissionsParser_HasContentsReadAccess/contents_with_mixed_case_value
=== RUN   TestPermissionsParser_HasContentsReadAccess/permissions_with_numeric_contents_value
=== RUN   TestPermissionsParser_HasContentsReadAccess/permissions_with_boolean_contents_value
=== RUN   TestPermissionsParser_HasContentsReadAccess/deeply_nested_permissions_structure
=== RUN   TestPermissionsParser_HasContentsReadAccess/permissions_with_comments
=== RUN   TestPermissionsParser_HasContentsReadAccess/permissions_with_array_syntax
=== RUN   TestPermissionsParser_HasContentsReadAccess/permissions_with_quoted_values
=== RUN   TestPermissionsParser_HasContentsReadAccess/permissions_with_single_quotes
=== RUN   TestPermissionsParser_HasContentsReadAccess/malformed_YAML_permissions
=== RUN   TestPermissionsParser_HasContentsReadAccess/permissions_without_colon_separator
=== RUN   TestPermissionsParser_HasContentsReadAccess/extremely_long_permission_value
=== RUN   TestPermissionsParser_HasContentsReadAccess/special_characters_in_permission_values
=== RUN   TestPermissionsParser_HasContentsReadAccess/unicode_characters_in_permissions
=== RUN   TestPermissionsParser_HasContentsReadAccess/null_value_for_contents
=== RUN   TestPermissionsParser_HasContentsReadAccess/empty_string_for_contents
--- PASS: TestPermissionsParser_HasContentsReadAccess (0.00s)
    --- PASS: TestPermissionsParser_HasContentsReadAccess/shorthand_read-all_grants_contents_access (0.00s)
    --- PASS: TestPermissionsParser_HasContentsReadAccess/shorthand_write-all_grants_contents_access (0.00s)
    --- PASS: TestPermissionsParser_HasContentsReadAccess/invalid_shorthand_read_does_not_grant_contents_access (0.00s)
    --- PASS: TestPermissionsParser_HasContentsReadAccess/invalid_shorthand_write_does_not_grant_contents_access (0.00s)
    --- PASS: TestPermissionsParser_HasContentsReadAccess/shorthand_none_denies_contents_access (0.00s)
    --- PASS: TestPermissionsParser_HasContentsReadAccess/explicit_contents_read_grants_access (0.00s)
    --- PASS: TestPermissionsParser_HasContentsReadAccess/explicit_contents_write_grants_access (0.00s)
    --- PASS: TestPermissionsParser_HasContentsReadAccess/no_contents_permission_denies_access (0.00s)
    --- PASS: TestPermissionsParser_HasContentsReadAccess/explicit_contents_none_denies_access (0.00s)
    --- PASS: TestPermissionsParser_HasContentsReadAccess/empty_permissions_denies_access (0.00s)
    --- PASS: TestPermissionsParser_HasContentsReadAccess/just_permissions_label_denies_access (0.00s)
    --- PASS: TestPermissionsParser_HasContentsReadAccess/whitespace_only_permissions_denies_access (0.00s)
    --- PASS: TestPermissionsParser_HasContentsReadAccess/permissions_with_extra_whitespace (0.00s)
    --- PASS: TestPermissionsParser_HasContentsReadAccess/invalid_shorthand_permission_denies_access (0.00s)
    --- PASS: TestPermissionsParser_HasContentsReadAccess/mixed_case_contents_permission (0.00s)
    --- PASS: TestPermissionsParser_HasContentsReadAccess/contents_with_mixed_case_value (0.00s)
    --- PASS: TestPermissionsParser_HasContentsReadAccess/permissions_with_numeric_contents_value (0.00s)
    --- PASS: TestPermissionsParser_HasContentsReadAccess/permissions_with_boolean_contents_value (0.00s)
    --- PASS: TestPermissionsParser_HasContentsReadAccess/deeply_nested_permissions_structure (0.00s)
    --- PASS: TestPermissionsParser_HasContentsReadAccess/permissions_with_comments (0.00s)
    --- PASS: TestPermissionsParser_HasContentsReadAccess/permissions_with_array_syntax (0.00s)
    --- PASS: TestPermissionsParser_HasContentsReadAccess/permissions_with_quoted_values (0.00s)
    --- PASS: TestPermissionsParser_HasContentsReadAccess/permissions_with_single_quotes (0.00s)
    --- PASS: TestPermissionsParser_HasContentsReadAccess/malformed_YAML_permissions (0.00s)
    --- PASS: TestPermissionsParser_HasContentsReadAccess/permissions_without_colon_separator (0.00s)
    --- PASS: TestPermissionsParser_HasContentsReadAccess/extremely_long_permission_value (0.00s)
    --- PASS: TestPermissionsParser_HasContentsReadAccess/special_characters_in_permission_values (0.00s)
    --- PASS: TestPermissionsParser_HasContentsReadAccess/unicode_characters_in_permissions (0.00s)
    --- PASS: TestPermissionsParser_HasContentsReadAccess/null_value_for_contents (0.00s)
    --- PASS: TestPermissionsParser_HasContentsReadAccess/empty_string_for_contents (0.00s)
=== RUN   TestContainsCheckout
=== RUN   TestContainsCheckout/empty_steps
=== RUN   TestContainsCheckout/contains_actions/checkout@93cb6efe18208431cddfb8368fd83d5badbf9bfd
=== RUN   TestContainsCheckout/contains_actions/checkout@93cb6efe18208431cddfb8368fd83d5badbf9bfd#01
=== RUN   TestContainsCheckout/contains_different_action
=== RUN   TestContainsCheckout/mixed_steps_with_checkout
=== RUN   TestContainsCheckout/case_insensitive_detection
=== RUN   TestContainsCheckout/checkout_in_middle_of_other_text
=== RUN   TestContainsCheckout/checkout_with_no_version
=== RUN   TestContainsCheckout/checkout_with_specific_commit
=== RUN   TestContainsCheckout/checkout_with_branch_reference
=== RUN   TestContainsCheckout/checkout_action_in_quotes
=== RUN   TestContainsCheckout/checkout_action_in_single_quotes
=== RUN   TestContainsCheckout/checkout_with_extra_whitespace
=== RUN   TestContainsCheckout/checkout_in_multiline_YAML
=== RUN   TestContainsCheckout/checkout_in_run_command_(should_not_match)
=== RUN   TestContainsCheckout/checkout_in_comment_(should_not_match)
=== RUN   TestContainsCheckout/similar_but_not_checkout_action
=== RUN   TestContainsCheckout/checkout_in_different_format
=== RUN   TestContainsCheckout/malformed_YAML_with_checkout
=== RUN   TestContainsCheckout/checkout_with_complex_parameters
=== RUN   TestContainsCheckout/multiple_checkouts
=== RUN   TestContainsCheckout/checkout_with_unusual_casing
=== RUN   TestContainsCheckout/checkout_in_conditional_step
=== RUN   TestContainsCheckout/very_long_steps_with_checkout_buried_inside
--- PASS: TestContainsCheckout (0.00s)
    --- PASS: TestContainsCheckout/empty_steps (0.00s)
    --- PASS: TestContainsCheckout/contains_actions/checkout@93cb6efe18208431cddfb8368fd83d5badbf9bfd (0.00s)
    --- PASS: TestContainsCheckout/contains_actions/checkout@93cb6efe18208431cddfb8368fd83d5badbf9bfd#01 (0.00s)
    --- PASS: TestContainsCheckout/contains_different_action (0.00s)
    --- PASS: TestContainsCheckout/mixed_steps_with_checkout (0.00s)
    --- PASS: TestContainsCheckout/case_insensitive_detection (0.00s)
    --- PASS: TestContainsCheckout/checkout_in_middle_of_other_text (0.00s)
    --- PASS: TestContainsCheckout/checkout_with_no_version (0.00s)
    --- PASS: TestContainsCheckout/checkout_with_specific_commit (0.00s)
    --- PASS: TestContainsCheckout/checkout_with_branch_reference (0.00s)
    --- PASS: TestContainsCheckout/checkout_action_in_quotes (0.00s)
    --- PASS: TestContainsCheckout/checkout_action_in_single_quotes (0.00s)
    --- PASS: TestContainsCheckout/checkout_with_extra_whitespace (0.00s)
    --- PASS: TestContainsCheckout/checkout_in_multiline_YAML (0.00s)
    --- PASS: TestContainsCheckout/checkout_in_run_command_(should_not_match) (0.00s)
    --- PASS: TestContainsCheckout/checkout_in_comment_(should_not_match) (0.00s)
    --- PASS: TestContainsCheckout/similar_but_not_checkout_action (0.00s)
    --- PASS: TestContainsCheckout/checkout_in_different_format (0.00s)
    --- PASS: TestContainsCheckout/malformed_YAML_with_checkout (0.00s)
    --- PASS: TestContainsCheckout/checkout_with_complex_parameters (0.00s)
    --- PASS: TestContainsCheckout/multiple_checkouts (0.00s)
    --- PASS: TestContainsCheckout/checkout_with_unusual_casing (0.00s)
    --- PASS: TestContainsCheckout/checkout_in_conditional_step (0.00s)
    --- PASS: TestContainsCheckout/very_long_steps_with_checkout_buried_inside (0.00s)
=== RUN   TestPermissionsParser_Parse
=== RUN   TestPermissionsParser_Parse/shorthand_read-all
=== RUN   TestPermissionsParser_Parse/explicit_map_permissions
=== RUN   TestPermissionsParser_Parse/multiline_without_permissions_prefix
--- PASS: TestPermissionsParser_Parse (0.00s)
    --- PASS: TestPermissionsParser_Parse/shorthand_read-all (0.00s)
    --- PASS: TestPermissionsParser_Parse/explicit_map_permissions (0.00s)
    --- PASS: TestPermissionsParser_Parse/multiline_without_permissions_prefix (0.00s)
=== RUN   TestPermissionsParser_AllRead
=== RUN   TestPermissionsParser_AllRead/all:_read_grants_contents_read_access
=== RUN   TestPermissionsParser_AllRead/all:_read_grants_contents_write_access_when_overridden
=== RUN   TestPermissionsParser_AllRead/all:_read_grants_issues_read_access
=== RUN   TestPermissionsParser_AllRead/all:_read_denies_issues_write_access_by_default
=== RUN   TestPermissionsParser_AllRead/all:_read_with_explicit_write_override
=== RUN   TestPermissionsParser_AllRead/all:_write_is_not_allowed_-_should_fail_parsing
=== RUN   TestPermissionsParser_AllRead/all:_read_with_none_is_not_allowed_-_should_fail_parsing
=== RUN   TestPermissionsParser_AllRead/all:_read_grants_id-token_write_access_when_overridden
=== RUN   TestPermissionsParser_AllRead/all:_read_does_not_grant_id-token_read_access_(not_supported)
=== RUN   TestPermissionsParser_AllRead/all:_read_denies_id-token_write_access_by_default_(not_included_in_expansion)
--- PASS: TestPermissionsParser_AllRead (0.00s)
    --- PASS: TestPermissionsParser_AllRead/all:_read_grants_contents_read_access (0.00s)
    --- PASS: TestPermissionsParser_AllRead/all:_read_grants_contents_write_access_when_overridden (0.00s)
    --- PASS: TestPermissionsParser_AllRead/all:_read_grants_issues_read_access (0.00s)
    --- PASS: TestPermissionsParser_AllRead/all:_read_denies_issues_write_access_by_default (0.00s)
    --- PASS: TestPermissionsParser_AllRead/all:_read_with_explicit_write_override (0.00s)
    --- PASS: TestPermissionsParser_AllRead/all:_write_is_not_allowed_-_should_fail_parsing (0.00s)
    --- PASS: TestPermissionsParser_AllRead/all:_read_with_none_is_not_allowed_-_should_fail_parsing (0.00s)
    --- PASS: TestPermissionsParser_AllRead/all:_read_grants_id-token_write_access_when_overridden (0.00s)
    --- PASS: TestPermissionsParser_AllRead/all:_read_does_not_grant_id-token_read_access_(not_supported) (0.00s)
    --- PASS: TestPermissionsParser_AllRead/all:_read_denies_id-token_write_access_by_default_(not_included_in_expansion) (0.00s)
=== RUN   TestPermissionsParser_ToPermissions
=== RUN   TestPermissionsParser_ToPermissions/shorthand_read-all
=== RUN   TestPermissionsParser_ToPermissions/shorthand_write-all
=== RUN   TestPermissionsParser_ToPermissions/all:_read_without_overrides
=== RUN   TestPermissionsParser_ToPermissions/all:_read_with_contents:_write_override
=== RUN   TestPermissionsParser_ToPermissions/all:_read_with_id-token:_write_override
=== RUN   TestPermissionsParser_ToPermissions/explicit_permissions_without_all
=== RUN   TestPermissionsParser_ToPermissions/all:_write_is_not_allowed
=== RUN   TestPermissionsParser_ToPermissions/all:_read_with_none_is_not_allowed
--- PASS: TestPermissionsParser_ToPermissions (0.00s)
    --- PASS: TestPermissionsParser_ToPermissions/shorthand_read-all (0.00s)
    --- PASS: TestPermissionsParser_ToPermissions/shorthand_write-all (0.00s)
    --- PASS: TestPermissionsParser_ToPermissions/all:_read_without_overrides (0.00s)
    --- PASS: TestPermissionsParser_ToPermissions/all:_read_with_contents:_write_override (0.00s)
    --- PASS: TestPermissionsParser_ToPermissions/all:_read_with_id-token:_write_override (0.00s)
    --- PASS: TestPermissionsParser_ToPermissions/explicit_permissions_without_all (0.00s)
    --- PASS: TestPermissionsParser_ToPermissions/all:_write_is_not_allowed (0.00s)
    --- PASS: TestPermissionsParser_ToPermissions/all:_read_with_none_is_not_allowed (0.00s)
=== RUN   TestPermissionsRenderToYAML
=== RUN   TestPermissionsRenderToYAML/nil_permissions
=== RUN   TestPermissionsRenderToYAML/read-all_shorthand
=== RUN   TestPermissionsRenderToYAML/write-all_shorthand
=== RUN   TestPermissionsRenderToYAML/empty_permissions
=== RUN   TestPermissionsRenderToYAML/single_permission
=== RUN   TestPermissionsRenderToYAML/multiple_permissions_-_sorted
--- PASS: TestPermissionsRenderToYAML (0.00s)
    --- PASS: TestPermissionsRenderToYAML/nil_permissions (0.00s)
    --- PASS: TestPermissionsRenderToYAML/read-all_shorthand (0.00s)
    --- PASS: TestPermissionsRenderToYAML/write-all_shorthand (0.00s)
    --- PASS: TestPermissionsRenderToYAML/empty_permissions (0.00s)
    --- PASS: TestPermissionsRenderToYAML/single_permission (0.00s)
    --- PASS: TestPermissionsRenderToYAML/multiple_permissions_-_sorted (0.00s)
=== RUN   TestPermissions_AllReadWithIdTokenWrite
--- PASS: TestPermissions_AllReadWithIdTokenWrite (0.00s)
=== RUN   TestPermissions_AllReadRenderToYAML
=== RUN   TestPermissions_AllReadRenderToYAML/all:_read_expands_to_individual_permissions
=== RUN   TestPermissions_AllReadRenderToYAML/all:_read_with_explicit_override_-_write_overrides_read
=== RUN   TestPermissions_AllReadRenderToYAML/all:_read_with_multiple_explicit_overrides
=== RUN   TestPermissions_AllReadRenderToYAML/all:_read_with_id-token:_write_-_id-token_should_be_excluded_from_all:_read_expansion_but_included_when_explicitly_set_to_write
=== RUN   TestPermissions_AllReadRenderToYAML/all:_read_excludes_id-token_since_it_doesn't_support_read_level
--- PASS: TestPermissions_AllReadRenderToYAML (0.00s)
    --- PASS: TestPermissions_AllReadRenderToYAML/all:_read_expands_to_individual_permissions (0.00s)
    --- PASS: TestPermissions_AllReadRenderToYAML/all:_read_with_explicit_override_-_write_overrides_read (0.00s)
    --- PASS: TestPermissions_AllReadRenderToYAML/all:_read_with_multiple_explicit_overrides (0.00s)
    --- PASS: TestPermissions_AllReadRenderToYAML/all:_read_with_id-token:_write_-_id-token_should_be_excluded_from_all:_read_expansion_but_included_when_explicitly_set_to_write (0.00s)
    --- PASS: TestPermissions_AllReadRenderToYAML/all:_read_excludes_id-token_since_it_doesn't_support_read_level (0.00s)
=== RUN   TestPermissions_MetadataExcluded
=== RUN   TestPermissions_MetadataExcluded/metadata_permission_should_be_excluded_from_YAML_output
=== RUN   TestPermissions_MetadataExcluded/all:_read_should_expand_without_metadata
=== RUN   TestPermissions_MetadataExcluded/metadata:_write_should_also_be_excluded
=== RUN   TestPermissions_MetadataExcluded/only_metadata_permission_should_render_empty_permissions
--- PASS: TestPermissions_MetadataExcluded (0.00s)
    --- PASS: TestPermissions_MetadataExcluded/metadata_permission_should_be_excluded_from_YAML_output (0.00s)
    --- PASS: TestPermissions_MetadataExcluded/all:_read_should_expand_without_metadata (0.00s)
    --- PASS: TestPermissions_MetadataExcluded/metadata:_write_should_also_be_excluded (0.00s)
    --- PASS: TestPermissions_MetadataExcluded/only_metadata_permission_should_render_empty_permissions (0.00s)
=== RUN   TestValidatePermissionScopeNames
=== RUN   TestValidatePermissionScopeNames/empty_yaml_is_valid
=== RUN   TestValidatePermissionScopeNames/valid_scope_names
=== RUN   TestValidatePermissionScopeNames/read-all_shorthand_is_valid
=== RUN   TestValidatePermissionScopeNames/permissions_prefix_with_valid_scopes
=== RUN   TestValidatePermissionScopeNames/typo_in_scope_name_suggests_correction
=== RUN   TestValidatePermissionScopeNames/typo_pull-rquests_suggests_pull-requests
=== RUN   TestValidatePermissionScopeNames/completely_unknown_scope_with_no_close_match_is_silently_skipped
=== RUN   TestValidatePermissionScopeNames/all_meta-key_is_valid
=== RUN   TestValidatePermissionScopeNames/case-only_typo_Contents_suggests_contents
=== RUN   TestValidatePermissionScopeNames/case-only_typo_Issues_suggests_issues
--- PASS: TestValidatePermissionScopeNames (0.00s)
    --- PASS: TestValidatePermissionScopeNames/empty_yaml_is_valid (0.00s)
    --- PASS: TestValidatePermissionScopeNames/valid_scope_names (0.00s)
    --- PASS: TestValidatePermissionScopeNames/read-all_shorthand_is_valid (0.00s)
    --- PASS: TestValidatePermissionScopeNames/permissions_prefix_with_valid_scopes (0.00s)
    --- PASS: TestValidatePermissionScopeNames/typo_in_scope_name_suggests_correction (0.00s)
    --- PASS: TestValidatePermissionScopeNames/typo_pull-rquests_suggests_pull-requests (0.00s)
    --- PASS: TestValidatePermissionScopeNames/completely_unknown_scope_with_no_close_match_is_silently_skipped (0.00s)
    --- PASS: TestValidatePermissionScopeNames/all_meta-key_is_valid (0.00s)
    --- PASS: TestValidatePermissionScopeNames/case-only_typo_Contents_suggests_contents (0.00s)
    --- PASS: TestValidatePermissionScopeNames/case-only_typo_Issues_suggests_issues (0.00s)
=== RUN   TestToolsetPermissionsLoadedFromJSON
--- PASS: TestToolsetPermissionsLoadedFromJSON (0.00s)
=== RUN   TestCollectRequiredPermissions
=== RUN   TestCollectRequiredPermissions/Context_toolset_requires_no_permissions
=== RUN   TestCollectRequiredPermissions/Repos_toolset_in_read-write_mode
=== RUN   TestCollectRequiredPermissions/Repos_toolset_in_read-only_mode
=== RUN   TestCollectRequiredPermissions/Issues_toolset_in_read-write_mode
=== RUN   TestCollectRequiredPermissions/Multiple_toolsets
=== RUN   TestCollectRequiredPermissions/Default_toolsets_in_read-write_mode
=== RUN   TestCollectRequiredPermissions/Actions_toolset
=== RUN   TestCollectRequiredPermissions/Code_security_toolset
=== RUN   TestCollectRequiredPermissions/Discussions_toolset
=== RUN   TestCollectRequiredPermissions/Dependabot_toolset_requires_security-events_and_vulnerability-alerts
=== RUN   TestCollectRequiredPermissions/Projects_toolset_(requires_PAT_-_no_permissions)
--- PASS: TestCollectRequiredPermissions (0.00s)
    --- PASS: TestCollectRequiredPermissions/Context_toolset_requires_no_permissions (0.00s)
    --- PASS: TestCollectRequiredPermissions/Repos_toolset_in_read-write_mode (0.00s)
    --- PASS: TestCollectRequiredPermissions/Repos_toolset_in_read-only_mode (0.00s)
    --- PASS: TestCollectRequiredPermissions/Issues_toolset_in_read-write_mode (0.00s)
    --- PASS: TestCollectRequiredPermissions/Multiple_toolsets (0.00s)
    --- PASS: TestCollectRequiredPermissions/Default_toolsets_in_read-write_mode (0.00s)
    --- PASS: TestCollectRequiredPermissions/Actions_toolset (0.00s)
    --- PASS: TestCollectRequiredPermissions/Code_security_toolset (0.00s)
    --- PASS: TestCollectRequiredPermissions/Discussions_toolset (0.00s)
    --- PASS: TestCollectRequiredPermissions/Dependabot_toolset_requires_security-events_and_vulnerability-alerts (0.00s)
    --- PASS: TestCollectRequiredPermissions/Projects_toolset_(requires_PAT_-_no_permissions) (0.00s)
=== RUN   TestValidatePermissions_MissingPermissions
=== RUN   TestValidatePermissions_MissingPermissions/No_GitHub_tool_configured
=== RUN   TestValidatePermissions_MissingPermissions/Default_toolsets_with_no_permissions
=== RUN   TestValidatePermissions_MissingPermissions/Default_toolsets_with_all_required_permissions
=== RUN   TestValidatePermissions_MissingPermissions/Default_toolsets_with_no_permissions_(missing_read)
=== RUN   TestValidatePermissions_MissingPermissions/Read-only_mode_with_read_permissions
=== RUN   TestValidatePermissions_MissingPermissions/Specific_toolsets_with_partial_permissions
=== RUN   TestValidatePermissions_MissingPermissions/Actions_toolset_with_read_permission
--- PASS: TestValidatePermissions_MissingPermissions (0.00s)
    --- PASS: TestValidatePermissions_MissingPermissions/No_GitHub_tool_configured (0.00s)
    --- PASS: TestValidatePermissions_MissingPermissions/Default_toolsets_with_no_permissions (0.00s)
    --- PASS: TestValidatePermissions_MissingPermissions/Default_toolsets_with_all_required_permissions (0.00s)
    --- PASS: TestValidatePermissions_MissingPermissions/Default_toolsets_with_no_permissions_(missing_read) (0.00s)
    --- PASS: TestValidatePermissions_MissingPermissions/Read-only_mode_with_read_permissions (0.00s)
    --- PASS: TestValidatePermissions_MissingPermissions/Specific_toolsets_with_partial_permissions (0.00s)
    --- PASS: TestValidatePermissions_MissingPermissions/Actions_toolset_with_read_permission (0.00s)
=== RUN   TestFormatValidationMessage
=== RUN   TestFormatValidationMessage/No_validation_issues
=== RUN   TestFormatValidationMessage/Missing_permissions_message
--- PASS: TestFormatValidationMessage (0.00s)
    --- PASS: TestFormatValidationMessage/No_validation_issues (0.00s)
    --- PASS: TestFormatValidationMessage/Missing_permissions_message (0.00s)
=== RUN   TestToolsetPermissionsMapping
--- PASS: TestToolsetPermissionsMapping (0.00s)
=== RUN   TestValidatePermissions_ComplexScenarios
=== RUN   TestValidatePermissions_ComplexScenarios/Shorthand_read-all_with_default_toolsets_(sufficient_in_read-only_mode)
=== RUN   TestValidatePermissions_ComplexScenarios/All:_read_with_discussions_toolset_(sufficient_in_read-only_mode)
--- PASS: TestValidatePermissions_ComplexScenarios (0.00s)
    --- PASS: TestValidatePermissions_ComplexScenarios/Shorthand_read-all_with_default_toolsets_(sufficient_in_read-only_mode) (0.00s)
    --- PASS: TestValidatePermissions_ComplexScenarios/All:_read_with_discussions_toolset_(sufficient_in_read-only_mode) (0.00s)
=== RUN   TestNewPiEngine
--- PASS: TestNewPiEngine (0.00s)
=== RUN   TestPiEngine_GetModelEnvVarName
--- PASS: TestPiEngine_GetModelEnvVarName (0.00s)
=== RUN   TestPiEngine_ResolveLLMProvider_DefaultGitHub
--- PASS: TestPiEngine_ResolveLLMProvider_DefaultGitHub (0.00s)
=== RUN   TestPiEngine_GetRequiredSecretNames
--- PASS: TestPiEngine_GetRequiredSecretNames (0.00s)
=== RUN   TestPiEngine_GetRequiredSecretNames_CopilotProvider
--- PASS: TestPiEngine_GetRequiredSecretNames_CopilotProvider (0.00s)
=== RUN   TestPiEngine_GetRequiredSecretNames_AnthropicProvider
--- PASS: TestPiEngine_GetRequiredSecretNames_AnthropicProvider (0.00s)
=== RUN   TestPiEngine_GetRequiredSecretNames_CodexProvider
--- PASS: TestPiEngine_GetRequiredSecretNames_CodexProvider (0.00s)
=== RUN   TestPiEngine_GetRequiredSecretNames_NoPrefix
--- PASS: TestPiEngine_GetRequiredSecretNames_NoPrefix (0.00s)
=== RUN   TestPiEngine_GetLogParserScriptId
--- PASS: TestPiEngine_GetLogParserScriptId (0.00s)
=== RUN   TestPiEngine_GetLogFileForParsing
--- PASS: TestPiEngine_GetLogFileForParsing (0.00s)
=== RUN   TestPiEngine_GetAgentManifestFiles
--- PASS: TestPiEngine_GetAgentManifestFiles (0.00s)
=== RUN   TestPiEngine_GetAgentManifestPathPrefixes
--- PASS: TestPiEngine_GetAgentManifestPathPrefixes (0.00s)
=== RUN   TestPiEngine_GetDeclaredOutputFiles
--- PASS: TestPiEngine_GetDeclaredOutputFiles (0.00s)
=== RUN   TestPiEngine_GetInstallationSteps_NoCustomCommand
--- PASS: TestPiEngine_GetInstallationSteps_NoCustomCommand (0.00s)
=== RUN   TestPiEngine_GetInstallationSteps_WithCustomCommand
--- PASS: TestPiEngine_GetInstallationSteps_WithCustomCommand (0.00s)
=== RUN   TestPiEngine_GetInstallationSteps_WithExtensions
--- PASS: TestPiEngine_GetInstallationSteps_WithExtensions (0.00s)
=== RUN   TestPiEngine_GetExecutionSteps_Basic
--- PASS: TestPiEngine_GetExecutionSteps_Basic (0.00s)
=== RUN   TestPiEngine_GetExecutionSteps_WithModel
--- PASS: TestPiEngine_GetExecutionSteps_WithModel (0.00s)
=== RUN   TestPiEngine_GetExecutionSteps_IgnoresRedundantYoloArg
--- PASS: TestPiEngine_GetExecutionSteps_IgnoresRedundantYoloArg (0.00s)
=== RUN   TestFilterPiArgs
=== RUN   TestFilterPiArgs/empty_args
=== RUN   TestFilterPiArgs/drops_yolo_variants_only
=== RUN   TestFilterPiArgs/drops_all_redundant_args
--- PASS: TestFilterPiArgs (0.00s)
    --- PASS: TestFilterPiArgs/empty_args (0.00s)
    --- PASS: TestFilterPiArgs/drops_yolo_variants_only (0.00s)
    --- PASS: TestFilterPiArgs/drops_all_redundant_args (0.00s)
=== RUN   TestResolvePiGatewaySecretEnvVar
=== RUN   TestResolvePiGatewaySecretEnvVar/uses_first_core_secret_when_present
=== RUN   TestResolvePiGatewaySecretEnvVar/falls_back_to_backend_defaults_when_core_secrets_are_empty
--- PASS: TestResolvePiGatewaySecretEnvVar (0.00s)
    --- PASS: TestResolvePiGatewaySecretEnvVar/uses_first_core_secret_when_present (0.00s)
    --- PASS: TestResolvePiGatewaySecretEnvVar/falls_back_to_backend_defaults_when_core_secrets_are_empty (0.00s)
=== RUN   TestPiEngine_GetExecutionSteps_ProviderPrefixCopilot
--- PASS: TestPiEngine_GetExecutionSteps_ProviderPrefixCopilot (0.00s)
=== RUN   TestPiEngine_GetExecutionSteps_ProviderPrefixAnthropic
--- PASS: TestPiEngine_GetExecutionSteps_ProviderPrefixAnthropic (0.00s)
=== RUN   TestPiEngine_ImplementsCodingAgentEngine
--- PASS: TestPiEngine_ImplementsCodingAgentEngine (0.00s)
=== RUN   TestPiEngine_GetExecutionSteps_FirewallCopilotProvider
--- PASS: TestPiEngine_GetExecutionSteps_FirewallCopilotProvider (0.00s)
=== RUN   TestPiEngine_GetExecutionSteps_FirewallAnthropicProvider
--- PASS: TestPiEngine_GetExecutionSteps_FirewallAnthropicProvider (0.00s)
=== RUN   TestPiEngine_GetExecutionSteps_FirewallCodexProvider
--- PASS: TestPiEngine_GetExecutionSteps_FirewallCodexProvider (0.00s)
=== RUN   TestPiEngine_GetExecutionSteps_FirewallCopilotProvider_CopilotRequestsWrite
--- PASS: TestPiEngine_GetExecutionSteps_FirewallCopilotProvider_CopilotRequestsWrite (0.00s)
=== RUN   TestPiEngine_ParseLogMetrics_Empty
--- PASS: TestPiEngine_ParseLogMetrics_Empty (0.00s)
=== RUN   TestPiEngine_ParseLogMetrics_NonJSON
--- PASS: TestPiEngine_ParseLogMetrics_NonJSON (0.00s)
=== RUN   TestPiEngine_ParseLogMetrics_AssistantTurns
--- PASS: TestPiEngine_ParseLogMetrics_AssistantTurns (0.00s)
=== RUN   TestPiEngine_ParseLogMetrics_DeltaNotCounted
--- PASS: TestPiEngine_ParseLogMetrics_DeltaNotCounted (0.00s)
=== RUN   TestPiEngine_ParseLogMetrics_ToolCalls
--- PASS: TestPiEngine_ParseLogMetrics_ToolCalls (0.00s)
=== RUN   TestPiEngine_ParseLogMetrics_TokenUsage
--- PASS: TestPiEngine_ParseLogMetrics_TokenUsage (0.00s)
=== RUN   TestPiEngine_ParseLogMetrics_FullConversation
--- PASS: TestPiEngine_ParseLogMetrics_FullConversation (0.00s)
=== RUN   TestExtractPipFromCommands
=== RUN   TestExtractPipFromCommands/simple_pip_install
=== RUN   TestExtractPipFromCommands/pip3_install
=== RUN   TestExtractPipFromCommands/pip_install_with_version
=== RUN   TestExtractPipFromCommands/pip_install_with_flags
=== RUN   TestExtractPipFromCommands/pip_install_with_multiple_flags
=== RUN   TestExtractPipFromCommands/pip_install_multiple_packages_on_one_line
=== RUN   TestExtractPipFromCommands/multiple_pip_install_commands
=== RUN   TestExtractPipFromCommands/pip_command_with_semicolon
=== RUN   TestExtractPipFromCommands/pip_command_with_ampersand
=== RUN   TestExtractPipFromCommands/pip_command_with_pipe
=== RUN   TestExtractPipFromCommands/no_pip_commands
=== RUN   TestExtractPipFromCommands/pip_without_install
=== RUN   TestExtractPipFromCommands/empty_command_string
=== RUN   TestExtractPipFromCommands/pip_install_with_complex_flags_and_options
=== RUN   TestExtractPipFromCommands/pip_install_with_package_containing_special_chars
=== RUN   TestExtractPipFromCommands/pip_install_with_package_in_quotes
=== RUN   TestExtractPipFromCommands/mixed_commands
=== RUN   TestExtractPipFromCommands/pip_command_in_script_block
=== RUN   TestExtractPipFromCommands/pip_install_with_environment_variable
=== RUN   TestExtractPipFromCommands/pip_install_only_flags
--- PASS: TestExtractPipFromCommands (0.00s)
    --- PASS: TestExtractPipFromCommands/simple_pip_install (0.00s)
    --- PASS: TestExtractPipFromCommands/pip3_install (0.00s)
    --- PASS: TestExtractPipFromCommands/pip_install_with_version (0.00s)
    --- PASS: TestExtractPipFromCommands/pip_install_with_flags (0.00s)
    --- PASS: TestExtractPipFromCommands/pip_install_with_multiple_flags (0.00s)
    --- PASS: TestExtractPipFromCommands/pip_install_multiple_packages_on_one_line (0.00s)
    --- PASS: TestExtractPipFromCommands/multiple_pip_install_commands (0.00s)
    --- PASS: TestExtractPipFromCommands/pip_command_with_semicolon (0.00s)
    --- PASS: TestExtractPipFromCommands/pip_command_with_ampersand (0.00s)
    --- PASS: TestExtractPipFromCommands/pip_command_with_pipe (0.00s)
    --- PASS: TestExtractPipFromCommands/no_pip_commands (0.00s)
    --- PASS: TestExtractPipFromCommands/pip_without_install (0.00s)
    --- PASS: TestExtractPipFromCommands/empty_command_string (0.00s)
    --- PASS: TestExtractPipFromCommands/pip_install_with_complex_flags_and_options (0.00s)
    --- PASS: TestExtractPipFromCommands/pip_install_with_package_containing_special_chars (0.00s)
    --- PASS: TestExtractPipFromCommands/pip_install_with_package_in_quotes (0.00s)
    --- PASS: TestExtractPipFromCommands/mixed_commands (0.00s)
    --- PASS: TestExtractPipFromCommands/pip_command_in_script_block (0.00s)
    --- PASS: TestExtractPipFromCommands/pip_install_with_environment_variable (0.00s)
    --- PASS: TestExtractPipFromCommands/pip_install_only_flags (0.00s)
=== RUN   TestExtractUvFromCommands
=== RUN   TestExtractUvFromCommands/simple_uvx_command
=== RUN   TestExtractUvFromCommands/uvx_with_version
=== RUN   TestExtractUvFromCommands/uvx_with_semicolon
=== RUN   TestExtractUvFromCommands/uvx_with_ampersand
=== RUN   TestExtractUvFromCommands/uvx_with_pipe
=== RUN   TestExtractUvFromCommands/uv_pip_install
=== RUN   TestExtractUvFromCommands/uv_pip_install_with_version
=== RUN   TestExtractUvFromCommands/uv_pip_install_with_flags
=== RUN   TestExtractUvFromCommands/uv_pip_install_with_multiple_flags
=== RUN   TestExtractUvFromCommands/multiple_uv_commands
=== RUN   TestExtractUvFromCommands/no_uv_commands
=== RUN   TestExtractUvFromCommands/uv_without_pip_or_uvx
=== RUN   TestExtractUvFromCommands/empty_command_string
=== RUN   TestExtractUvFromCommands/uv_pip_without_install
=== RUN   TestExtractUvFromCommands/uv_pip_install_only_flags
=== RUN   TestExtractUvFromCommands/uv_pip_install_with_-r_flag
=== RUN   TestExtractUvFromCommands/mixed_uv_and_pip_commands
=== RUN   TestExtractUvFromCommands/uv_pip_install_with_package_containing_special_chars
=== RUN   TestExtractUvFromCommands/uvx_with_package_in_quotes
=== RUN   TestExtractUvFromCommands/uv_command_in_script_block
=== RUN   TestExtractUvFromCommands/uvx_with_environment_variable
=== RUN   TestExtractUvFromCommands/multiple_uvx_on_same_line_(edge_case)
--- PASS: TestExtractUvFromCommands (0.00s)
    --- PASS: TestExtractUvFromCommands/simple_uvx_command (0.00s)
    --- PASS: TestExtractUvFromCommands/uvx_with_version (0.00s)
    --- PASS: TestExtractUvFromCommands/uvx_with_semicolon (0.00s)
    --- PASS: TestExtractUvFromCommands/uvx_with_ampersand (0.00s)
    --- PASS: TestExtractUvFromCommands/uvx_with_pipe (0.00s)
    --- PASS: TestExtractUvFromCommands/uv_pip_install (0.00s)
    --- PASS: TestExtractUvFromCommands/uv_pip_install_with_version (0.00s)
    --- PASS: TestExtractUvFromCommands/uv_pip_install_with_flags (0.00s)
    --- PASS: TestExtractUvFromCommands/uv_pip_install_with_multiple_flags (0.00s)
    --- PASS: TestExtractUvFromCommands/multiple_uv_commands (0.00s)
    --- PASS: TestExtractUvFromCommands/no_uv_commands (0.00s)
    --- PASS: TestExtractUvFromCommands/uv_without_pip_or_uvx (0.00s)
    --- PASS: TestExtractUvFromCommands/empty_command_string (0.00s)
    --- PASS: TestExtractUvFromCommands/uv_pip_without_install (0.00s)
    --- PASS: TestExtractUvFromCommands/uv_pip_install_only_flags (0.00s)
    --- PASS: TestExtractUvFromCommands/uv_pip_install_with_-r_flag (0.00s)
    --- PASS: TestExtractUvFromCommands/mixed_uv_and_pip_commands (0.00s)
    --- PASS: TestExtractUvFromCommands/uv_pip_install_with_package_containing_special_chars (0.00s)
    --- PASS: TestExtractUvFromCommands/uvx_with_package_in_quotes (0.00s)
    --- PASS: TestExtractUvFromCommands/uv_command_in_script_block (0.00s)
    --- PASS: TestExtractUvFromCommands/uvx_with_environment_variable (0.00s)
    --- PASS: TestExtractUvFromCommands/multiple_uvx_on_same_line_(edge_case) (0.00s)
=== RUN   TestExtractPipPackages
=== RUN   TestExtractPipPackages/no_custom_steps
=== RUN   TestExtractPipPackages/custom_step_with_pip_install
=== RUN   TestExtractPipPackages/custom_step_with_multiple_pip_installs
--- PASS: TestExtractPipPackages (0.00s)
    --- PASS: TestExtractPipPackages/no_custom_steps (0.00s)
    --- PASS: TestExtractPipPackages/custom_step_with_pip_install (0.00s)
    --- PASS: TestExtractPipPackages/custom_step_with_multiple_pip_installs (0.00s)
=== RUN   TestExtractUvPackages
=== RUN   TestExtractUvPackages/no_custom_steps
=== RUN   TestExtractUvPackages/custom_step_with_uvx
=== RUN   TestExtractUvPackages/custom_step_with_uv_pip_install
--- PASS: TestExtractUvPackages (0.00s)
    --- PASS: TestExtractUvPackages/no_custom_steps (0.00s)
    --- PASS: TestExtractUvPackages/custom_step_with_uvx (0.00s)
    --- PASS: TestExtractUvPackages/custom_step_with_uv_pip_install (0.00s)
=== RUN   TestValidatePlaywrightMode
=== RUN   TestValidatePlaywrightMode/playwright_not_configured
=== RUN   TestValidatePlaywrightMode/playwright_set_to_false
=== RUN   TestValidatePlaywrightMode/playwright_nil_(enabled_with_default_settings)
⚠ tools.playwright: MCP mode is deprecated. Migrate to CLI mode by adding `mode: cli` to your playwright configuration. CLI mode runs playwright-cli directly on the runner (no Docker container required), is more token-efficient, and lets you use `localhost` to reach local dev servers. Update your prompts to run `playwright-cli <command>` in bash instead of using MCP browser tools. See: https://github.com/github/gh-aw/blob/main/docs/src/content/docs/reference/playwright.md
=== RUN   TestValidatePlaywrightMode/playwright_enabled_with_empty_map_(MCP_mode_default)
⚠ tools.playwright: MCP mode is deprecated. Migrate to CLI mode by adding `mode: cli` to your playwright configuration. CLI mode runs playwright-cli directly on the runner (no Docker container required), is more token-efficient, and lets you use `localhost` to reach local dev servers. Update your prompts to run `playwright-cli <command>` in bash instead of using MCP browser tools. See: https://github.com/github/gh-aw/blob/main/docs/src/content/docs/reference/playwright.md
=== RUN   TestValidatePlaywrightMode/playwright_explicit_mcp_mode
⚠ tools.playwright: MCP mode is deprecated. Migrate to CLI mode by adding `mode: cli` to your playwright configuration. CLI mode runs playwright-cli directly on the runner (no Docker container required), is more token-efficient, and lets you use `localhost` to reach local dev servers. Update your prompts to run `playwright-cli <command>` in bash instead of using MCP browser tools. See: https://github.com/github/gh-aw/blob/main/docs/src/content/docs/reference/playwright.md
=== RUN   TestValidatePlaywrightMode/playwright_cli_mode_—_no_warning
=== RUN   TestValidatePlaywrightMode/playwright_cli_mode_uppercase_—_no_warning
=== RUN   TestValidatePlaywrightMode/playwright_mcp_mode_in_strict_mode_warns_only
⚠ tools.playwright: MCP mode is deprecated. Migrate to CLI mode by adding `mode: cli` to your playwright configuration. CLI mode runs playwright-cli directly on the runner (no Docker container required), is more token-efficient, and lets you use `localhost` to reach local dev servers. Update your prompts to run `playwright-cli <command>` in bash instead of using MCP browser tools. See: https://github.com/github/gh-aw/blob/main/docs/src/content/docs/reference/playwright.md
=== RUN   TestValidatePlaywrightMode/playwright_nil_(default_MCP)_in_strict_mode_warns_only
⚠ tools.playwright: MCP mode is deprecated. Migrate to CLI mode by adding `mode: cli` to your playwright configuration. CLI mode runs playwright-cli directly on the runner (no Docker container required), is more token-efficient, and lets you use `localhost` to reach local dev servers. Update your prompts to run `playwright-cli <command>` in bash instead of using MCP browser tools. See: https://github.com/github/gh-aw/blob/main/docs/src/content/docs/reference/playwright.md
--- PASS: TestValidatePlaywrightMode (0.01s)
    --- PASS: TestValidatePlaywrightMode/playwright_not_configured (0.00s)
    --- PASS: TestValidatePlaywrightMode/playwright_set_to_false (0.00s)
    --- PASS: TestValidatePlaywrightMode/playwright_nil_(enabled_with_default_settings) (0.00s)
    --- PASS: TestValidatePlaywrightMode/playwright_enabled_with_empty_map_(MCP_mode_default) (0.00s)
    --- PASS: TestValidatePlaywrightMode/playwright_explicit_mcp_mode (0.00s)
    --- PASS: TestValidatePlaywrightMode/playwright_cli_mode_—_no_warning (0.00s)
    --- PASS: TestValidatePlaywrightMode/playwright_cli_mode_uppercase_—_no_warning (0.00s)
    --- PASS: TestValidatePlaywrightMode/playwright_mcp_mode_in_strict_mode_warns_only (0.00s)
    --- PASS: TestValidatePlaywrightMode/playwright_nil_(default_MCP)_in_strict_mode_warns_only (0.00s)
=== RUN   TestValidatePlaywrightModeNilWorkflow
--- PASS: TestValidatePlaywrightModeNilWorkflow (0.00s)
=== RUN   TestShouldGeneratePRCheckoutStep
=== RUN   TestShouldGeneratePRCheckoutStep/with_contents_read_permission
=== RUN   TestShouldGeneratePRCheckoutStep/with_contents_write_permission
=== RUN   TestShouldGeneratePRCheckoutStep/without_contents_permission
=== RUN   TestShouldGeneratePRCheckoutStep/with_read-all_shorthand
=== RUN   TestShouldGeneratePRCheckoutStep/with_write-all_shorthand
=== RUN   TestShouldGeneratePRCheckoutStep/with_none_shorthand
=== RUN   TestShouldGeneratePRCheckoutStep/with_all:_read
=== RUN   TestShouldGeneratePRCheckoutStep/multiple_permissions_including_contents
=== RUN   TestShouldGeneratePRCheckoutStep/multiple_permissions_without_contents
--- PASS: TestShouldGeneratePRCheckoutStep (0.00s)
    --- PASS: TestShouldGeneratePRCheckoutStep/with_contents_read_permission (0.00s)
    --- PASS: TestShouldGeneratePRCheckoutStep/with_contents_write_permission (0.00s)
    --- PASS: TestShouldGeneratePRCheckoutStep/without_contents_permission (0.00s)
    --- PASS: TestShouldGeneratePRCheckoutStep/with_read-all_shorthand (0.00s)
    --- PASS: TestShouldGeneratePRCheckoutStep/with_write-all_shorthand (0.00s)
    --- PASS: TestShouldGeneratePRCheckoutStep/with_none_shorthand (0.00s)
    --- PASS: TestShouldGeneratePRCheckoutStep/with_all:_read (0.00s)
    --- PASS: TestShouldGeneratePRCheckoutStep/multiple_permissions_including_contents (0.00s)
    --- PASS: TestShouldGeneratePRCheckoutStep/multiple_permissions_without_contents (0.00s)
=== RUN   TestGeneratePRReadyForReviewCheckout_IncludesWorkflowDispatchIssueCommentContext
--- PASS: TestGeneratePRReadyForReviewCheckout_IncludesWorkflowDispatchIssueCommentContext (0.00s)
=== RUN   TestPreActivationCustomSteps
=== RUN   TestPreActivationCustomSteps/custom_steps_imported
/tmp/gh-aw-test-runs/20260704-173215-1254793/pre-activation-custom-steps-test2369822090/test-custom-steps.md: warning: safe update mode detected unapproved changes

New restricted secret(s):
  - ANTHROPIC_API_KEY

Remediation options:
  1. Use the --approve flag to allow the changes.
  2. Revert the unapproved changes.
  3. Use an interactive coding agent to review and approve the changes.

✓ /tmp/gh-aw-test-runs/20260704-173215-1254793/pre-activation-custom-steps-test2369822090/test-custom-steps.md (82.2 KB)
=== RUN   TestPreActivationCustomSteps/custom_outputs_imported
/tmp/gh-aw-test-runs/20260704-173215-1254793/pre-activation-custom-steps-test2369822090/test-custom-outputs.md: warning: safe update mode detected unapproved changes

New restricted secret(s):
  - ANTHROPIC_API_KEY

Remediation options:
  1. Use the --approve flag to allow the changes.
  2. Revert the unapproved changes.
  3. Use an interactive coding agent to review and approve the changes.

✓ /tmp/gh-aw-test-runs/20260704-173215-1254793/pre-activation-custom-steps-test2369822090/test-custom-outputs.md (82.2 KB)
=== RUN   TestPreActivationCustomSteps/steps_and_outputs_together
/tmp/gh-aw-test-runs/20260704-173215-1254793/pre-activation-custom-steps-test2369822090/test-steps-and-outputs.md: warning: safe update mode detected unapproved changes

New restricted secret(s):
  - ANTHROPIC_API_KEY

Remediation options:
  1. Use the --approve flag to allow the changes.
  2. Revert the unapproved changes.
  3. Use an interactive coding agent to review and approve the changes.

✓ /tmp/gh-aw-test-runs/20260704-173215-1254793/pre-activation-custom-steps-test2369822090/test-steps-and-outputs.md (82.4 KB)
=== RUN   TestPreActivationCustomSteps/unsupported_field_errors
=== RUN   TestPreActivationCustomSteps/pre_activation_not_added_as_custom_job
/tmp/gh-aw-test-runs/20260704-173215-1254793/pre-activation-custom-steps-test2369822090/test-not-custom-job.md: warning: safe update mode detected unapproved changes

New restricted secret(s):
  - ANTHROPIC_API_KEY

Remediation options:
  1. Use the --approve flag to allow the changes.
  2. Revert the unapproved changes.
  3. Use an interactive coding agent to review and approve the changes.

✓ /tmp/gh-aw-test-runs/20260704-173215-1254793/pre-activation-custom-steps-test2369822090/test-not-custom-job.md (82.9 KB)
=== RUN   TestPreActivationCustomSteps/import_from_both_variants
/tmp/gh-aw-test-runs/20260704-173215-1254793/pre-activation-custom-steps-test2369822090/test-both-variants.md: warning: safe update mode detected unapproved changes

New restricted secret(s):
  - ANTHROPIC_API_KEY

Remediation options:
  1. Use the --approve flag to allow the changes.
  2. Revert the unapproved changes.
  3. Use an interactive coding agent to review and approve the changes.

✓ /tmp/gh-aw-test-runs/20260704-173215-1254793/pre-activation-custom-steps-test2369822090/test-both-variants.md (82.5 KB)
--- PASS: TestPreActivationCustomSteps (0.05s)
    --- PASS: TestPreActivationCustomSteps/custom_steps_imported (0.01s)
    --- PASS: TestPreActivationCustomSteps/custom_outputs_imported (0.01s)
    --- PASS: TestPreActivationCustomSteps/steps_and_outputs_together (0.01s)
    --- PASS: TestPreActivationCustomSteps/unsupported_field_errors (0.00s)
    --- PASS: TestPreActivationCustomSteps/pre_activation_not_added_as_custom_job (0.01s)
    --- PASS: TestPreActivationCustomSteps/import_from_both_variants (0.01s)
=== RUN   TestExtractPreActivationCustomFields
=== RUN   TestExtractPreActivationCustomFields/no_pre_activation_job
=== RUN   TestExtractPreActivationCustomFields/valid_steps_and_outputs
=== RUN   TestExtractPreActivationCustomFields/unsupported_field
=== RUN   TestExtractPreActivationCustomFields/invalid_steps_type
=== RUN   TestExtractPreActivationCustomFields/invalid_outputs_type
=== RUN   TestExtractPreActivationCustomFields/invalid_output_value_type
=== RUN   TestExtractPreActivationCustomFields/import_from_both_variants
=== RUN   TestExtractPreActivationCustomFields/duplicate_output_key_in_both_variants
--- PASS: TestExtractPreActivationCustomFields (0.00s)
    --- PASS: TestExtractPreActivationCustomFields/no_pre_activation_job (0.00s)
    --- PASS: TestExtractPreActivationCustomFields/valid_steps_and_outputs (0.00s)
    --- PASS: TestExtractPreActivationCustomFields/unsupported_field (0.00s)
    --- PASS: TestExtractPreActivationCustomFields/invalid_steps_type (0.00s)
    --- PASS: TestExtractPreActivationCustomFields/invalid_outputs_type (0.00s)
    --- PASS: TestExtractPreActivationCustomFields/invalid_output_value_type (0.00s)
    --- PASS: TestExtractPreActivationCustomFields/import_from_both_variants (0.00s)
    --- PASS: TestExtractPreActivationCustomFields/duplicate_output_key_in_both_variants (0.00s)
=== RUN   TestParseProjectViews
=== RUN   TestParseProjectViews/no_views_key
=== RUN   TestParseProjectViews/empty_views_list
=== RUN   TestParseProjectViews/views_value_is_wrong_type_(string)
=== RUN   TestParseProjectViews/views_value_is_wrong_type_(map)
=== RUN   TestParseProjectViews/single_valid_view_with_required_fields_only
=== RUN   TestParseProjectViews/view_with_all_optional_fields
=== RUN   TestParseProjectViews/visible-fields_with_mixed_types:_non-int_elements_are_ignored
=== RUN   TestParseProjectViews/view_missing_name_is_skipped
=== RUN   TestParseProjectViews/view_missing_layout_is_skipped
=== RUN   TestParseProjectViews/mix_of_valid_and_invalid_views
=== RUN   TestParseProjectViews/non-map_view_item_is_skipped
--- PASS: TestParseProjectViews (0.00s)
    --- PASS: TestParseProjectViews/no_views_key (0.00s)
    --- PASS: TestParseProjectViews/empty_views_list (0.00s)
    --- PASS: TestParseProjectViews/views_value_is_wrong_type_(string) (0.00s)
    --- PASS: TestParseProjectViews/views_value_is_wrong_type_(map) (0.00s)
    --- PASS: TestParseProjectViews/single_valid_view_with_required_fields_only (0.00s)
    --- PASS: TestParseProjectViews/view_with_all_optional_fields (0.00s)
    --- PASS: TestParseProjectViews/visible-fields_with_mixed_types:_non-int_elements_are_ignored (0.00s)
    --- PASS: TestParseProjectViews/view_missing_name_is_skipped (0.00s)
    --- PASS: TestParseProjectViews/view_missing_layout_is_skipped (0.00s)
    --- PASS: TestParseProjectViews/mix_of_valid_and_invalid_views (0.00s)
    --- PASS: TestParseProjectViews/non-map_view_item_is_skipped (0.00s)
=== RUN   TestParseProjectFieldDefinitions
=== RUN   TestParseProjectFieldDefinitions/no_field-definitions_key
=== RUN   TestParseProjectFieldDefinitions/empty_field-definitions_list
=== RUN   TestParseProjectFieldDefinitions/field-definitions_value_is_wrong_type_(string)
=== RUN   TestParseProjectFieldDefinitions/field-definitions_value_is_wrong_type_(map)
=== RUN   TestParseProjectFieldDefinitions/single_TEXT_field_using_hyphen_key
=== RUN   TestParseProjectFieldDefinitions/single_TEXT_field_using_underscore_key_variant
=== RUN   TestParseProjectFieldDefinitions/SINGLE_SELECT_field_with_options
=== RUN   TestParseProjectFieldDefinitions/options_with_mixed_types:_non-string_elements_are_ignored
=== RUN   TestParseProjectFieldDefinitions/field_missing_name_is_skipped
=== RUN   TestParseProjectFieldDefinitions/field_missing_data-type_is_skipped
=== RUN   TestParseProjectFieldDefinitions/non-map_field_item_is_skipped
=== RUN   TestParseProjectFieldDefinitions/multiple_valid_fields
--- PASS: TestParseProjectFieldDefinitions (0.00s)
    --- PASS: TestParseProjectFieldDefinitions/no_field-definitions_key (0.00s)
    --- PASS: TestParseProjectFieldDefinitions/empty_field-definitions_list (0.00s)
    --- PASS: TestParseProjectFieldDefinitions/field-definitions_value_is_wrong_type_(string) (0.00s)
    --- PASS: TestParseProjectFieldDefinitions/field-definitions_value_is_wrong_type_(map) (0.00s)
    --- PASS: TestParseProjectFieldDefinitions/single_TEXT_field_using_hyphen_key (0.00s)
    --- PASS: TestParseProjectFieldDefinitions/single_TEXT_field_using_underscore_key_variant (0.00s)
    --- PASS: TestParseProjectFieldDefinitions/SINGLE_SELECT_field_with_options (0.00s)
    --- PASS: TestParseProjectFieldDefinitions/options_with_mixed_types:_non-string_elements_are_ignored (0.00s)
    --- PASS: TestParseProjectFieldDefinitions/field_missing_name_is_skipped (0.00s)
    --- PASS: TestParseProjectFieldDefinitions/field_missing_data-type_is_skipped (0.00s)
    --- PASS: TestParseProjectFieldDefinitions/non-map_field_item_is_skipped (0.00s)
    --- PASS: TestParseProjectFieldDefinitions/multiple_valid_fields (0.00s)
=== RUN   TestParseProjectViewsAndFieldDefinitionsParity
--- PASS: TestParseProjectViewsAndFieldDefinitionsParity (0.00s)
=== RUN   TestGeneratedWorkflowsValidatePromptStep
=== RUN   TestGeneratedWorkflowsValidatePromptStep/ab-testing-advisor.lock.yml
=== RUN   TestGeneratedWorkflowsValidatePromptStep/ace-editor.lock.yml
=== RUN   TestGeneratedWorkflowsValidatePromptStep/agent-performance-analyzer.lock.yml
=== RUN   TestGeneratedWorkflowsValidatePromptStep/agent-persona-explorer.lock.yml
=== RUN   TestGeneratedWorkflowsValidatePromptStep/agentic-token-audit.lock.yml
=== RUN   TestGeneratedWorkflowsValidatePromptStep/agentic-token-optimizer.lock.yml
=== RUN   TestGeneratedWorkflowsValidatePromptStep/agentic-token-trend-audit.lock.yml
=== RUN   TestGeneratedWorkflowsValidatePromptStep/ai-moderator.lock.yml
=== RUN   TestGeneratedWorkflowsValidatePromptStep/api-consumption-report.lock.yml
=== RUN   TestGeneratedWorkflowsValidatePromptStep/approach-validator.lock.yml
=== RUN   TestGeneratedWorkflowsValidatePromptStep/archie.lock.yml
=== RUN   TestGeneratedWorkflowsValidatePromptStep/architecture-guardian.lock.yml
=== RUN   TestGeneratedWorkflowsValidatePromptStep/artifacts-summary.lock.yml
=== RUN   TestGeneratedWorkflowsValidatePromptStep/audit-workflows.lock.yml
=== RUN   TestGeneratedWorkflowsValidatePromptStep/auto-triage-issues.lock.yml
=== RUN   TestGeneratedWorkflowsValidatePromptStep/avenger.lock.yml
=== RUN   TestGeneratedWorkflowsValidatePromptStep/aw-failure-investigator.lock.yml
=== RUN   TestGeneratedWorkflowsValidatePromptStep/blog-auditor.lock.yml
=== RUN   TestGeneratedWorkflowsValidatePromptStep/bot-detection.lock.yml
=== RUN   TestGeneratedWorkflowsValidatePromptStep/brave.lock.yml
=== RUN   TestGeneratedWorkflowsValidatePromptStep/breaking-change-checker.lock.yml
=== RUN   TestGeneratedWorkflowsValidatePromptStep/changeset.lock.yml
=== RUN   TestGeneratedWorkflowsValidatePromptStep/chaos-pr-bundle-fuzzer.lock.yml
=== RUN   TestGeneratedWorkflowsValidatePromptStep/ci-coach.lock.yml
=== RUN   TestGeneratedWorkflowsValidatePromptStep/ci-doctor.lock.yml
=== RUN   TestGeneratedWorkflowsValidatePromptStep/claude-code-user-docs-review.lock.yml
=== RUN   TestGeneratedWorkflowsValidatePromptStep/cli-consistency-checker.lock.yml
=== RUN   TestGeneratedWorkflowsValidatePromptStep/cli-version-checker.lock.yml
=== RUN   TestGeneratedWorkflowsValidatePromptStep/cloclo.lock.yml
=== RUN   TestGeneratedWorkflowsValidatePromptStep/code-scanning-fixer.lock.yml
=== RUN   TestGeneratedWorkflowsValidatePromptStep/code-simplifier.lock.yml
=== RUN   TestGeneratedWorkflowsValidatePromptStep/codex-github-remote-mcp-test.lock.yml
=== RUN   TestGeneratedWorkflowsValidatePromptStep/commit-changes-analyzer.lock.yml
=== RUN   TestGeneratedWorkflowsValidatePromptStep/constraint-solving-potd.lock.yml
=== RUN   TestGeneratedWorkflowsValidatePromptStep/contribution-check.lock.yml
=== RUN   TestGeneratedWorkflowsValidatePromptStep/copilot-agent-analysis.lock.yml
=== RUN   TestGeneratedWorkflowsValidatePromptStep/copilot-centralization-drilldown.lock.yml
=== RUN   TestGeneratedWorkflowsValidatePromptStep/copilot-centralization-optimizer.lock.yml
=== RUN   TestGeneratedWorkflowsValidatePromptStep/copilot-cli-deep-research.lock.yml
=== RUN   TestGeneratedWorkflowsValidatePromptStep/copilot-opt.lock.yml
=== RUN   TestGeneratedWorkflowsValidatePromptStep/copilot-pr-merged-report.lock.yml
=== RUN   TestGeneratedWorkflowsValidatePromptStep/copilot-pr-nlp-analysis.lock.yml
=== RUN   TestGeneratedWorkflowsValidatePromptStep/copilot-pr-prompt-analysis.lock.yml
=== RUN   TestGeneratedWorkflowsValidatePromptStep/copilot-session-insights.lock.yml
=== RUN   TestGeneratedWorkflowsValidatePromptStep/craft.lock.yml
=== RUN   TestGeneratedWorkflowsValidatePromptStep/daily-agent-of-the-day-blog-writer.lock.yml
=== RUN   TestGeneratedWorkflowsValidatePromptStep/daily-agentrx-trace-optimizer.lock.yml
=== RUN   TestGeneratedWorkflowsValidatePromptStep/daily-ambient-context-optimizer.lock.yml
=== RUN   TestGeneratedWorkflowsValidatePromptStep/daily-architecture-diagram.lock.yml
=== RUN   TestGeneratedWorkflowsValidatePromptStep/daily-assign-issue-to-user.lock.yml
=== RUN   TestGeneratedWorkflowsValidatePromptStep/daily-astrostylelite-markdown-spellcheck.lock.yml
=== RUN   TestGeneratedWorkflowsValidatePromptStep/daily-aw-cross-repo-compile-check.lock.yml
=== RUN   TestGeneratedWorkflowsValidatePromptStep/daily-awf-spec-compiler-surfacing.lock.yml
=== RUN   TestGeneratedWorkflowsValidatePromptStep/daily-byok-ollama-test.lock.yml
=== RUN   TestGeneratedWorkflowsValidatePromptStep/daily-cache-strategy-analyzer.lock.yml
=== RUN   TestGeneratedWorkflowsValidatePromptStep/daily-caveman-optimizer.lock.yml
=== RUN   TestGeneratedWorkflowsValidatePromptStep/daily-choice-test.lock.yml
=== RUN   TestGeneratedWorkflowsValidatePromptStep/daily-cli-performance.lock.yml
=== RUN   TestGeneratedWorkflowsValidatePromptStep/daily-cli-tools-tester.lock.yml
=== RUN   TestGeneratedWorkflowsValidatePromptStep/daily-code-metrics.lock.yml
=== RUN   TestGeneratedWorkflowsValidatePromptStep/daily-community-attribution.lock.yml
=== RUN   TestGeneratedWorkflowsValidatePromptStep/daily-compiler-quality.lock.yml
=== RUN   TestGeneratedWorkflowsValidatePromptStep/daily-compiler-threat-spec-optimizer.lock.yml
=== RUN   TestGeneratedWorkflowsValidatePromptStep/daily-credit-limit-test.lock.yml
=== RUN   TestGeneratedWorkflowsValidatePromptStep/daily-doc-healer.lock.yml
=== RUN   TestGeneratedWorkflowsValidatePromptStep/daily-doc-updater.lock.yml
=== RUN   TestGeneratedWorkflowsValidatePromptStep/daily-experiment-report.lock.yml
=== RUN   TestGeneratedWorkflowsValidatePromptStep/daily-fact.lock.yml
=== RUN   TestGeneratedWorkflowsValidatePromptStep/daily-file-diet.lock.yml
=== RUN   TestGeneratedWorkflowsValidatePromptStep/daily-firewall-report.lock.yml
=== RUN   TestGeneratedWorkflowsValidatePromptStep/daily-formal-spec-verifier.lock.yml
=== RUN   TestGeneratedWorkflowsValidatePromptStep/daily-function-namer.lock.yml
=== RUN   TestGeneratedWorkflowsValidatePromptStep/daily-geo-optimizer.lock.yml
=== RUN   TestGeneratedWorkflowsValidatePromptStep/daily-hippo-learn.lock.yml
=== RUN   TestGeneratedWorkflowsValidatePromptStep/daily-issues-report.lock.yml
=== RUN   TestGeneratedWorkflowsValidatePromptStep/daily-malicious-code-scan.lock.yml
=== RUN   TestGeneratedWorkflowsValidatePromptStep/daily-max-ai-credits-test.lock.yml
=== RUN   TestGeneratedWorkflowsValidatePromptStep/daily-mcp-concurrency-analysis.lock.yml
=== RUN   TestGeneratedWorkflowsValidatePromptStep/daily-model-inventory.lock.yml
=== RUN   TestGeneratedWorkflowsValidatePromptStep/daily-model-resolution.lock.yml
=== RUN   TestGeneratedWorkflowsValidatePromptStep/daily-multi-device-docs-tester.lock.yml
=== RUN   TestGeneratedWorkflowsValidatePromptStep/daily-news.lock.yml
=== RUN   TestGeneratedWorkflowsValidatePromptStep/daily-observability-report.lock.yml
=== RUN   TestGeneratedWorkflowsValidatePromptStep/daily-performance-summary.lock.yml
=== RUN   TestGeneratedWorkflowsValidatePromptStep/daily-regulatory.lock.yml
=== RUN   TestGeneratedWorkflowsValidatePromptStep/daily-reliability-review.lock.yml
=== RUN   TestGeneratedWorkflowsValidatePromptStep/daily-rendering-scripts-verifier.lock.yml
=== RUN   TestGeneratedWorkflowsValidatePromptStep/daily-repo-chronicle.lock.yml
=== RUN   TestGeneratedWorkflowsValidatePromptStep/daily-safe-output-integrator.lock.yml
=== RUN   TestGeneratedWorkflowsValidatePromptStep/daily-safe-output-optimizer.lock.yml
=== RUN   TestGeneratedWorkflowsValidatePromptStep/daily-safe-outputs-conformance.lock.yml
=== RUN   TestGeneratedWorkflowsValidatePromptStep/daily-safeoutputs-git-simulator.lock.yml
=== RUN   TestGeneratedWorkflowsValidatePromptStep/daily-secrets-analysis.lock.yml
=== RUN   TestGeneratedWorkflowsValidatePromptStep/daily-security-observability.lock.yml
=== RUN   TestGeneratedWorkflowsValidatePromptStep/daily-security-red-team.lock.yml
=== RUN   TestGeneratedWorkflowsValidatePromptStep/daily-semgrep-scan.lock.yml
=== RUN   TestGeneratedWorkflowsValidatePromptStep/daily-sentrux-report.lock.yml
=== RUN   TestGeneratedWorkflowsValidatePromptStep/daily-skill-optimizer.lock.yml
=== RUN   TestGeneratedWorkflowsValidatePromptStep/daily-spdd-spec-planner.lock.yml
=== RUN   TestGeneratedWorkflowsValidatePromptStep/daily-syntax-error-quality.lock.yml
=== RUN   TestGeneratedWorkflowsValidatePromptStep/daily-team-evolution-insights.lock.yml
=== RUN   TestGeneratedWorkflowsValidatePromptStep/daily-team-status.lock.yml
=== RUN   TestGeneratedWorkflowsValidatePromptStep/daily-testify-uber-super-expert.lock.yml
=== RUN   TestGeneratedWorkflowsValidatePromptStep/daily-token-consumption-report.lock.yml
=== RUN   TestGeneratedWorkflowsValidatePromptStep/daily-windows-terminal-integration-builder.lock.yml
=== RUN   TestGeneratedWorkflowsValidatePromptStep/daily-workflow-updater.lock.yml
=== RUN   TestGeneratedWorkflowsValidatePromptStep/dataflow-pr-discussion-dataset.lock.yml
=== RUN   TestGeneratedWorkflowsValidatePromptStep/dead-code-remover.lock.yml
=== RUN   TestGeneratedWorkflowsValidatePromptStep/deep-report.lock.yml
=== RUN   TestGeneratedWorkflowsValidatePromptStep/delight.lock.yml
=== RUN   TestGeneratedWorkflowsValidatePromptStep/dependabot-burner.lock.yml
=== RUN   TestGeneratedWorkflowsValidatePromptStep/dependabot-go-checker.lock.yml
=== RUN   TestGeneratedWorkflowsValidatePromptStep/dependabot-repair.lock.yml
=== RUN   TestGeneratedWorkflowsValidatePromptStep/deployment-incident-monitor.lock.yml
=== RUN   TestGeneratedWorkflowsValidatePromptStep/design-decision-gate.lock.yml
=== RUN   TestGeneratedWorkflowsValidatePromptStep/designer-drift-audit.lock.yml
=== RUN   TestGeneratedWorkflowsValidatePromptStep/dev-hawk.lock.yml
=== RUN   TestGeneratedWorkflowsValidatePromptStep/dev.lock.yml
=== RUN   TestGeneratedWorkflowsValidatePromptStep/developer-docs-consolidator.lock.yml
=== RUN   TestGeneratedWorkflowsValidatePromptStep/dictation-prompt.lock.yml
=== RUN   TestGeneratedWorkflowsValidatePromptStep/discussion-task-miner.lock.yml
=== RUN   TestGeneratedWorkflowsValidatePromptStep/doc-sync-daily.lock.yml
=== RUN   TestGeneratedWorkflowsValidatePromptStep/docs-noob-tester.lock.yml
=== RUN   TestGeneratedWorkflowsValidatePromptStep/documentation-sync-agent.lock.yml
=== RUN   TestGeneratedWorkflowsValidatePromptStep/draft-pr-cleanup.lock.yml
=== RUN   TestGeneratedWorkflowsValidatePromptStep/duplicate-code-detector.lock.yml
=== RUN   TestGeneratedWorkflowsValidatePromptStep/example-failure-category-filter.lock.yml
=== RUN   TestGeneratedWorkflowsValidatePromptStep/example-permissions-warning.lock.yml
=== RUN   TestGeneratedWorkflowsValidatePromptStep/example-workflow-analyzer.lock.yml
=== RUN   TestGeneratedWorkflowsValidatePromptStep/firewall-escape.lock.yml
=== RUN   TestGeneratedWorkflowsValidatePromptStep/firewall.lock.yml
=== RUN   TestGeneratedWorkflowsValidatePromptStep/functional-pragmatist.lock.yml
=== RUN   TestGeneratedWorkflowsValidatePromptStep/github-mcp-structural-analysis.lock.yml
=== RUN   TestGeneratedWorkflowsValidatePromptStep/github-mcp-tools-report.lock.yml
=== RUN   TestGeneratedWorkflowsValidatePromptStep/github-remote-mcp-auth-test.lock.yml
=== RUN   TestGeneratedWorkflowsValidatePromptStep/glossary-maintainer.lock.yml
=== RUN   TestGeneratedWorkflowsValidatePromptStep/go-fan.lock.yml
=== RUN   TestGeneratedWorkflowsValidatePromptStep/go-logger.lock.yml
=== RUN   TestGeneratedWorkflowsValidatePromptStep/go-pattern-detector.lock.yml
=== RUN   TestGeneratedWorkflowsValidatePromptStep/gpclean.lock.yml
=== RUN   TestGeneratedWorkflowsValidatePromptStep/grumpy-reviewer.lock.yml
=== RUN   TestGeneratedWorkflowsValidatePromptStep/hippo-embed.lock.yml
=== RUN   TestGeneratedWorkflowsValidatePromptStep/hourly-ci-cleaner.lock.yml
=== RUN   TestGeneratedWorkflowsValidatePromptStep/instructions-janitor.lock.yml
=== RUN   TestGeneratedWorkflowsValidatePromptStep/issue-arborist.lock.yml
=== RUN   TestGeneratedWorkflowsValidatePromptStep/issue-monster.lock.yml
=== RUN   TestGeneratedWorkflowsValidatePromptStep/issue-triage-agent.lock.yml
=== RUN   TestGeneratedWorkflowsValidatePromptStep/jsweep.lock.yml
=== RUN   TestGeneratedWorkflowsValidatePromptStep/layout-spec-maintainer.lock.yml
=== RUN   TestGeneratedWorkflowsValidatePromptStep/lint-monster.lock.yml
=== RUN   TestGeneratedWorkflowsValidatePromptStep/linter-miner.lock.yml
=== RUN   TestGeneratedWorkflowsValidatePromptStep/lockfile-stats.lock.yml
=== RUN   TestGeneratedWorkflowsValidatePromptStep/mattpocock-skills-reviewer.lock.yml
=== RUN   TestGeneratedWorkflowsValidatePromptStep/mcp-inspector.lock.yml
=== RUN   TestGeneratedWorkflowsValidatePromptStep/mergefest.lock.yml
=== RUN   TestGeneratedWorkflowsValidatePromptStep/metrics-collector.lock.yml
=== RUN   TestGeneratedWorkflowsValidatePromptStep/necromancer.lock.yml
=== RUN   TestGeneratedWorkflowsValidatePromptStep/notion-issue-summary.lock.yml
=== RUN   TestGeneratedWorkflowsValidatePromptStep/objective-impact-report.lock.yml
=== RUN   TestGeneratedWorkflowsValidatePromptStep/org-health-report.lock.yml
=== RUN   TestGeneratedWorkflowsValidatePromptStep/outcome-collector.lock.yml
=== RUN   TestGeneratedWorkflowsValidatePromptStep/pdf-summary.lock.yml
=== RUN   TestGeneratedWorkflowsValidatePromptStep/plan.lock.yml
=== RUN   TestGeneratedWorkflowsValidatePromptStep/poem-bot.lock.yml
=== RUN   TestGeneratedWorkflowsValidatePromptStep/portfolio-analyst.lock.yml
=== RUN   TestGeneratedWorkflowsValidatePromptStep/pr-code-quality-reviewer.lock.yml
=== RUN   TestGeneratedWorkflowsValidatePromptStep/pr-description-caveman.lock.yml
=== RUN   TestGeneratedWorkflowsValidatePromptStep/pr-nitpick-reviewer.lock.yml
=== RUN   TestGeneratedWorkflowsValidatePromptStep/pr-sous-chef.lock.yml
=== RUN   TestGeneratedWorkflowsValidatePromptStep/pr-triage-agent.lock.yml
=== RUN   TestGeneratedWorkflowsValidatePromptStep/prompt-clustering-analysis.lock.yml
=== RUN   TestGeneratedWorkflowsValidatePromptStep/python-data-charts.lock.yml
=== RUN   TestGeneratedWorkflowsValidatePromptStep/q.lock.yml
=== RUN   TestGeneratedWorkflowsValidatePromptStep/refactoring-cadence.lock.yml
=== RUN   TestGeneratedWorkflowsValidatePromptStep/refiner.lock.yml
=== RUN   TestGeneratedWorkflowsValidatePromptStep/release.lock.yml
=== RUN   TestGeneratedWorkflowsValidatePromptStep/repo-audit-analyzer.lock.yml
=== RUN   TestGeneratedWorkflowsValidatePromptStep/repo-tree-map.lock.yml
=== RUN   TestGeneratedWorkflowsValidatePromptStep/repository-quality-improver.lock.yml
=== RUN   TestGeneratedWorkflowsValidatePromptStep/research.lock.yml
=== RUN   TestGeneratedWorkflowsValidatePromptStep/ruflo-backed-task.lock.yml
=== RUN   TestGeneratedWorkflowsValidatePromptStep/safe-output-health.lock.yml
=== RUN   TestGeneratedWorkflowsValidatePromptStep/schema-consistency-checker.lock.yml
=== RUN   TestGeneratedWorkflowsValidatePromptStep/schema-feature-coverage.lock.yml
=== RUN   TestGeneratedWorkflowsValidatePromptStep/scout.lock.yml
=== RUN   TestGeneratedWorkflowsValidatePromptStep/security-compliance.lock.yml
=== RUN   TestGeneratedWorkflowsValidatePromptStep/security-review.lock.yml
=== RUN   TestGeneratedWorkflowsValidatePromptStep/semantic-function-refactor.lock.yml
=== RUN   TestGeneratedWorkflowsValidatePromptStep/sergo.lock.yml
=== RUN   TestGeneratedWorkflowsValidatePromptStep/skillet.lock.yml
=== RUN   TestGeneratedWorkflowsValidatePromptStep/slide-deck-maintainer.lock.yml
=== RUN   TestGeneratedWorkflowsValidatePromptStep/smoke-agent-all-merged.lock.yml
=== RUN   TestGeneratedWorkflowsValidatePromptStep/smoke-agent-all-none.lock.yml
=== RUN   TestGeneratedWorkflowsValidatePromptStep/smoke-agent-public-approved.lock.yml
=== RUN   TestGeneratedWorkflowsValidatePromptStep/smoke-agent-public-none.lock.yml
=== RUN   TestGeneratedWorkflowsValidatePromptStep/smoke-agent-scoped-approved.lock.yml
=== RUN   TestGeneratedWorkflowsValidatePromptStep/smoke-antigravity.lock.yml
=== RUN   TestGeneratedWorkflowsValidatePromptStep/smoke-call-workflow.lock.yml
=== RUN   TestGeneratedWorkflowsValidatePromptStep/smoke-ci.lock.yml
=== RUN   TestGeneratedWorkflowsValidatePromptStep/smoke-claude-on-copilot.lock.yml
=== RUN   TestGeneratedWorkflowsValidatePromptStep/smoke-claude.lock.yml
=== RUN   TestGeneratedWorkflowsValidatePromptStep/smoke-codex.lock.yml
=== RUN   TestGeneratedWorkflowsValidatePromptStep/smoke-copilot-aoai-apikey.lock.yml
=== RUN   TestGeneratedWorkflowsValidatePromptStep/smoke-copilot-aoai-entra.lock.yml
=== RUN   TestGeneratedWorkflowsValidatePromptStep/smoke-copilot-arm.lock.yml
=== RUN   TestGeneratedWorkflowsValidatePromptStep/smoke-copilot-sdk.lock.yml
=== RUN   TestGeneratedWorkflowsValidatePromptStep/smoke-copilot.lock.yml
=== RUN   TestGeneratedWorkflowsValidatePromptStep/smoke-create-cross-repo-pr.lock.yml
=== RUN   TestGeneratedWorkflowsValidatePromptStep/smoke-crush.lock.yml
=== RUN   TestGeneratedWorkflowsValidatePromptStep/smoke-gemini.lock.yml
=== RUN   TestGeneratedWorkflowsValidatePromptStep/smoke-multi-pr.lock.yml
=== RUN   TestGeneratedWorkflowsValidatePromptStep/smoke-opencode.lock.yml
=== RUN   TestGeneratedWorkflowsValidatePromptStep/smoke-otel-backends.lock.yml
=== RUN   TestGeneratedWorkflowsValidatePromptStep/smoke-pi.lock.yml
=== RUN   TestGeneratedWorkflowsValidatePromptStep/smoke-project.lock.yml
=== RUN   TestGeneratedWorkflowsValidatePromptStep/smoke-service-ports.lock.yml
=== RUN   TestGeneratedWorkflowsValidatePromptStep/smoke-temporary-id.lock.yml
=== RUN   TestGeneratedWorkflowsValidatePromptStep/smoke-test-tools.lock.yml
=== RUN   TestGeneratedWorkflowsValidatePromptStep/smoke-update-cross-repo-pr.lock.yml
=== RUN   TestGeneratedWorkflowsValidatePromptStep/smoke-workflow-call-with-inputs.lock.yml
    prompt_validation_test.go:44: Workflow doesn't have agent job
=== RUN   TestGeneratedWorkflowsValidatePromptStep/smoke-workflow-call.lock.yml
    prompt_validation_test.go:44: Workflow doesn't have agent job
=== RUN   TestGeneratedWorkflowsValidatePromptStep/spec-enforcer.lock.yml
=== RUN   TestGeneratedWorkflowsValidatePromptStep/spec-extractor.lock.yml
=== RUN   TestGeneratedWorkflowsValidatePromptStep/spec-librarian.lock.yml
=== RUN   TestGeneratedWorkflowsValidatePromptStep/stale-pr-cleanup.lock.yml
=== RUN   TestGeneratedWorkflowsValidatePromptStep/stale-repo-identifier.lock.yml
=== RUN   TestGeneratedWorkflowsValidatePromptStep/static-analysis-report.lock.yml
=== RUN   TestGeneratedWorkflowsValidatePromptStep/step-name-alignment.lock.yml
=== RUN   TestGeneratedWorkflowsValidatePromptStep/sub-issue-closer.lock.yml
=== RUN   TestGeneratedWorkflowsValidatePromptStep/super-linter.lock.yml
=== RUN   TestGeneratedWorkflowsValidatePromptStep/technical-doc-writer.lock.yml
=== RUN   TestGeneratedWorkflowsValidatePromptStep/terminal-stylist.lock.yml
=== RUN   TestGeneratedWorkflowsValidatePromptStep/test-create-pr-error-handling.lock.yml
=== RUN   TestGeneratedWorkflowsValidatePromptStep/test-dispatcher.lock.yml
=== RUN   TestGeneratedWorkflowsValidatePromptStep/test-project-url-default.lock.yml
=== RUN   TestGeneratedWorkflowsValidatePromptStep/test-quality-sentinel.lock.yml
=== RUN   TestGeneratedWorkflowsValidatePromptStep/test-workflow.lock.yml
=== RUN   TestGeneratedWorkflowsValidatePromptStep/tidy.lock.yml
=== RUN   TestGeneratedWorkflowsValidatePromptStep/typist.lock.yml
=== RUN   TestGeneratedWorkflowsValidatePromptStep/ubuntu-image-analyzer.lock.yml
=== RUN   TestGeneratedWorkflowsValidatePromptStep/uk-ai-operational-resilience.lock.yml
=== RUN   TestGeneratedWorkflowsValidatePromptStep/unbloat-docs.lock.yml
=== RUN   TestGeneratedWorkflowsValidatePromptStep/update-astro.lock.yml
=== RUN   TestGeneratedWorkflowsValidatePromptStep/video-analyzer.lock.yml
=== RUN   TestGeneratedWorkflowsValidatePromptStep/visual-regression-checker.lock.yml
=== RUN   TestGeneratedWorkflowsValidatePromptStep/weekly-blog-post-writer.lock.yml
=== RUN   TestGeneratedWorkflowsValidatePromptStep/weekly-editors-health-check.lock.yml
=== RUN   TestGeneratedWorkflowsValidatePromptStep/weekly-issue-summary.lock.yml
=== RUN   TestGeneratedWorkflowsValidatePromptStep/weekly-safe-outputs-spec-review.lock.yml
=== RUN   TestGeneratedWorkflowsValidatePromptStep/workflow-generator.lock.yml
=== RUN   TestGeneratedWorkflowsValidatePromptStep/workflow-health-manager.lock.yml
=== RUN   TestGeneratedWorkflowsValidatePromptStep/workflow-normalizer.lock.yml
=== RUN   TestGeneratedWorkflowsValidatePromptStep/workflow-skill-extractor.lock.yml
--- PASS: TestGeneratedWorkflowsValidatePromptStep (0.08s)
    --- PASS: TestGeneratedWorkflowsValidatePromptStep/ab-testing-advisor.lock.yml (0.00s)
    --- PASS: TestGeneratedWorkflowsValidatePromptStep/ace-editor.lock.yml (0.00s)
    --- PASS: TestGeneratedWorkflowsValidatePromptStep/agent-performance-analyzer.lock.yml (0.00s)
    --- PASS: TestGeneratedWorkflowsValidatePromptStep/agent-persona-explorer.lock.yml (0.00s)
    --- PASS: TestGeneratedWorkflowsValidatePromptStep/agentic-token-audit.lock.yml (0.00s)
    --- PASS: TestGeneratedWorkflowsValidatePromptStep/agentic-token-optimizer.lock.yml (0.00s)
    --- PASS: TestGeneratedWorkflowsValidatePromptStep/agentic-token-trend-audit.lock.yml (0.00s)
    --- PASS: TestGeneratedWorkflowsValidatePromptStep/ai-moderator.lock.yml (0.00s)
    --- PASS: TestGeneratedWorkflowsValidatePromptStep/api-consumption-report.lock.yml (0.00s)
    --- PASS: TestGeneratedWorkflowsValidatePromptStep/approach-validator.lock.yml (0.00s)
    --- PASS: TestGeneratedWorkflowsValidatePromptStep/archie.lock.yml (0.00s)
    --- PASS: TestGeneratedWorkflowsValidatePromptStep/architecture-guardian.lock.yml (0.00s)
    --- PASS: TestGeneratedWorkflowsValidatePromptStep/artifacts-summary.lock.yml (0.00s)
    --- PASS: TestGeneratedWorkflowsValidatePromptStep/audit-workflows.lock.yml (0.00s)
    --- PASS: TestGeneratedWorkflowsValidatePromptStep/auto-triage-issues.lock.yml (0.00s)
    --- PASS: TestGeneratedWorkflowsValidatePromptStep/avenger.lock.yml (0.00s)
    --- PASS: TestGeneratedWorkflowsValidatePromptStep/aw-failure-investigator.lock.yml (0.00s)
    --- PASS: TestGeneratedWorkflowsValidatePromptStep/blog-auditor.lock.yml (0.00s)
    --- PASS: TestGeneratedWorkflowsValidatePromptStep/bot-detection.lock.yml (0.00s)
    --- PASS: TestGeneratedWorkflowsValidatePromptStep/brave.lock.yml (0.00s)
    --- PASS: TestGeneratedWorkflowsValidatePromptStep/breaking-change-checker.lock.yml (0.00s)
    --- PASS: TestGeneratedWorkflowsValidatePromptStep/changeset.lock.yml (0.00s)
    --- PASS: TestGeneratedWorkflowsValidatePromptStep/chaos-pr-bundle-fuzzer.lock.yml (0.00s)
    --- PASS: TestGeneratedWorkflowsValidatePromptStep/ci-coach.lock.yml (0.00s)
    --- PASS: TestGeneratedWorkflowsValidatePromptStep/ci-doctor.lock.yml (0.00s)
    --- PASS: TestGeneratedWorkflowsValidatePromptStep/claude-code-user-docs-review.lock.yml (0.00s)
    --- PASS: TestGeneratedWorkflowsValidatePromptStep/cli-consistency-checker.lock.yml (0.00s)
    --- PASS: TestGeneratedWorkflowsValidatePromptStep/cli-version-checker.lock.yml (0.00s)
    --- PASS: TestGeneratedWorkflowsValidatePromptStep/cloclo.lock.yml (0.00s)
    --- PASS: TestGeneratedWorkflowsValidatePromptStep/code-scanning-fixer.lock.yml (0.00s)
    --- PASS: TestGeneratedWorkflowsValidatePromptStep/code-simplifier.lock.yml (0.00s)
    --- PASS: TestGeneratedWorkflowsValidatePromptStep/codex-github-remote-mcp-test.lock.yml (0.00s)
    --- PASS: TestGeneratedWorkflowsValidatePromptStep/commit-changes-analyzer.lock.yml (0.00s)
    --- PASS: TestGeneratedWorkflowsValidatePromptStep/constraint-solving-potd.lock.yml (0.00s)
    --- PASS: TestGeneratedWorkflowsValidatePromptStep/contribution-check.lock.yml (0.00s)
    --- PASS: TestGeneratedWorkflowsValidatePromptStep/copilot-agent-analysis.lock.yml (0.00s)
    --- PASS: TestGeneratedWorkflowsValidatePromptStep/copilot-centralization-drilldown.lock.yml (0.00s)
    --- PASS: TestGeneratedWorkflowsValidatePromptStep/copilot-centralization-optimizer.lock.yml (0.00s)
    --- PASS: TestGeneratedWorkflowsValidatePromptStep/copilot-cli-deep-research.lock.yml (0.00s)
    --- PASS: TestGeneratedWorkflowsValidatePromptStep/copilot-opt.lock.yml (0.00s)
    --- PASS: TestGeneratedWorkflowsValidatePromptStep/copilot-pr-merged-report.lock.yml (0.00s)
    --- PASS: TestGeneratedWorkflowsValidatePromptStep/copilot-pr-nlp-analysis.lock.yml (0.00s)
    --- PASS: TestGeneratedWorkflowsValidatePromptStep/copilot-pr-prompt-analysis.lock.yml (0.00s)
    --- PASS: TestGeneratedWorkflowsValidatePromptStep/copilot-session-insights.lock.yml (0.00s)
    --- PASS: TestGeneratedWorkflowsValidatePromptStep/craft.lock.yml (0.00s)
    --- PASS: TestGeneratedWorkflowsValidatePromptStep/daily-agent-of-the-day-blog-writer.lock.yml (0.00s)
    --- PASS: TestGeneratedWorkflowsValidatePromptStep/daily-agentrx-trace-optimizer.lock.yml (0.00s)
    --- PASS: TestGeneratedWorkflowsValidatePromptStep/daily-ambient-context-optimizer.lock.yml (0.00s)
    --- PASS: TestGeneratedWorkflowsValidatePromptStep/daily-architecture-diagram.lock.yml (0.00s)
    --- PASS: TestGeneratedWorkflowsValidatePromptStep/daily-assign-issue-to-user.lock.yml (0.00s)
    --- PASS: TestGeneratedWorkflowsValidatePromptStep/daily-astrostylelite-markdown-spellcheck.lock.yml (0.00s)
    --- PASS: TestGeneratedWorkflowsValidatePromptStep/daily-aw-cross-repo-compile-check.lock.yml (0.00s)
    --- PASS: TestGeneratedWorkflowsValidatePromptStep/daily-awf-spec-compiler-surfacing.lock.yml (0.00s)
    --- PASS: TestGeneratedWorkflowsValidatePromptStep/daily-byok-ollama-test.lock.yml (0.00s)
    --- PASS: TestGeneratedWorkflowsValidatePromptStep/daily-cache-strategy-analyzer.lock.yml (0.00s)
    --- PASS: TestGeneratedWorkflowsValidatePromptStep/daily-caveman-optimizer.lock.yml (0.00s)
    --- PASS: TestGeneratedWorkflowsValidatePromptStep/daily-choice-test.lock.yml (0.00s)
    --- PASS: TestGeneratedWorkflowsValidatePromptStep/daily-cli-performance.lock.yml (0.00s)
    --- PASS: TestGeneratedWorkflowsValidatePromptStep/daily-cli-tools-tester.lock.yml (0.00s)
    --- PASS: TestGeneratedWorkflowsValidatePromptStep/daily-code-metrics.lock.yml (0.00s)
    --- PASS: TestGeneratedWorkflowsValidatePromptStep/daily-community-attribution.lock.yml (0.00s)
    --- PASS: TestGeneratedWorkflowsValidatePromptStep/daily-compiler-quality.lock.yml (0.00s)
    --- PASS: TestGeneratedWorkflowsValidatePromptStep/daily-compiler-threat-spec-optimizer.lock.yml (0.00s)
    --- PASS: TestGeneratedWorkflowsValidatePromptStep/daily-credit-limit-test.lock.yml (0.00s)
    --- PASS: TestGeneratedWorkflowsValidatePromptStep/daily-doc-healer.lock.yml (0.00s)
    --- PASS: TestGeneratedWorkflowsValidatePromptStep/daily-doc-updater.lock.yml (0.00s)
    --- PASS: TestGeneratedWorkflowsValidatePromptStep/daily-experiment-report.lock.yml (0.00s)
    --- PASS: TestGeneratedWorkflowsValidatePromptStep/daily-fact.lock.yml (0.00s)
    --- PASS: TestGeneratedWorkflowsValidatePromptStep/daily-file-diet.lock.yml (0.00s)
    --- PASS: TestGeneratedWorkflowsValidatePromptStep/daily-firewall-report.lock.yml (0.00s)
    --- PASS: TestGeneratedWorkflowsValidatePromptStep/daily-formal-spec-verifier.lock.yml (0.00s)
    --- PASS: TestGeneratedWorkflowsValidatePromptStep/daily-function-namer.lock.yml (0.00s)
    --- PASS: TestGeneratedWorkflowsValidatePromptStep/daily-geo-optimizer.lock.yml (0.00s)
    --- PASS: TestGeneratedWorkflowsValidatePromptStep/daily-hippo-learn.lock.yml (0.00s)
    --- PASS: TestGeneratedWorkflowsValidatePromptStep/daily-issues-report.lock.yml (0.00s)
    --- PASS: TestGeneratedWorkflowsValidatePromptStep/daily-malicious-code-scan.lock.yml (0.00s)
    --- PASS: TestGeneratedWorkflowsValidatePromptStep/daily-max-ai-credits-test.lock.yml (0.00s)
    --- PASS: TestGeneratedWorkflowsValidatePromptStep/daily-mcp-concurrency-analysis.lock.yml (0.00s)
    --- PASS: TestGeneratedWorkflowsValidatePromptStep/daily-model-inventory.lock.yml (0.00s)
    --- PASS: TestGeneratedWorkflowsValidatePromptStep/daily-model-resolution.lock.yml (0.00s)
    --- PASS: TestGeneratedWorkflowsValidatePromptStep/daily-multi-device-docs-tester.lock.yml (0.00s)
    --- PASS: TestGeneratedWorkflowsValidatePromptStep/daily-news.lock.yml (0.00s)
    --- PASS: TestGeneratedWorkflowsValidatePromptStep/daily-observability-report.lock.yml (0.00s)
    --- PASS: TestGeneratedWorkflowsValidatePromptStep/daily-performance-summary.lock.yml (0.00s)
    --- PASS: TestGeneratedWorkflowsValidatePromptStep/daily-regulatory.lock.yml (0.00s)
    --- PASS: TestGeneratedWorkflowsValidatePromptStep/daily-reliability-review.lock.yml (0.00s)
    --- PASS: TestGeneratedWorkflowsValidatePromptStep/daily-rendering-scripts-verifier.lock.yml (0.00s)
    --- PASS: TestGeneratedWorkflowsValidatePromptStep/daily-repo-chronicle.lock.yml (0.00s)
    --- PASS: TestGeneratedWorkflowsValidatePromptStep/daily-safe-output-integrator.lock.yml (0.00s)
    --- PASS: TestGeneratedWorkflowsValidatePromptStep/daily-safe-output-optimizer.lock.yml (0.00s)
    --- PASS: TestGeneratedWorkflowsValidatePromptStep/daily-safe-outputs-conformance.lock.yml (0.00s)
    --- PASS: TestGeneratedWorkflowsValidatePromptStep/daily-safeoutputs-git-simulator.lock.yml (0.00s)
    --- PASS: TestGeneratedWorkflowsValidatePromptStep/daily-secrets-analysis.lock.yml (0.00s)
    --- PASS: TestGeneratedWorkflowsValidatePromptStep/daily-security-observability.lock.yml (0.00s)
    --- PASS: TestGeneratedWorkflowsValidatePromptStep/daily-security-red-team.lock.yml (0.00s)
    --- PASS: TestGeneratedWorkflowsValidatePromptStep/daily-semgrep-scan.lock.yml (0.00s)
    --- PASS: TestGeneratedWorkflowsValidatePromptStep/daily-sentrux-report.lock.yml (0.00s)
    --- PASS: TestGeneratedWorkflowsValidatePromptStep/daily-skill-optimizer.lock.yml (0.00s)
    --- PASS: TestGeneratedWorkflowsValidatePromptStep/daily-spdd-spec-planner.lock.yml (0.00s)
    --- PASS: TestGeneratedWorkflowsValidatePromptStep/daily-syntax-error-quality.lock.yml (0.00s)
    --- PASS: TestGeneratedWorkflowsValidatePromptStep/daily-team-evolution-insights.lock.yml (0.00s)
    --- PASS: TestGeneratedWorkflowsValidatePromptStep/daily-team-status.lock.yml (0.00s)
    --- PASS: TestGeneratedWorkflowsValidatePromptStep/daily-testify-uber-super-expert.lock.yml (0.00s)
    --- PASS: TestGeneratedWorkflowsValidatePromptStep/daily-token-consumption-report.lock.yml (0.00s)
    --- PASS: TestGeneratedWorkflowsValidatePromptStep/daily-windows-terminal-integration-builder.lock.yml (0.00s)
    --- PASS: TestGeneratedWorkflowsValidatePromptStep/daily-workflow-updater.lock.yml (0.00s)
    --- PASS: TestGeneratedWorkflowsValidatePromptStep/dataflow-pr-discussion-dataset.lock.yml (0.00s)
    --- PASS: TestGeneratedWorkflowsValidatePromptStep/dead-code-remover.lock.yml (0.00s)
    --- PASS: TestGeneratedWorkflowsValidatePromptStep/deep-report.lock.yml (0.00s)
    --- PASS: TestGeneratedWorkflowsValidatePromptStep/delight.lock.yml (0.00s)
    --- PASS: TestGeneratedWorkflowsValidatePromptStep/dependabot-burner.lock.yml (0.00s)
    --- PASS: TestGeneratedWorkflowsValidatePromptStep/dependabot-go-checker.lock.yml (0.00s)
    --- PASS: TestGeneratedWorkflowsValidatePromptStep/dependabot-repair.lock.yml (0.00s)
    --- PASS: TestGeneratedWorkflowsValidatePromptStep/deployment-incident-monitor.lock.yml (0.00s)
    --- PASS: TestGeneratedWorkflowsValidatePromptStep/design-decision-gate.lock.yml (0.00s)
    --- PASS: TestGeneratedWorkflowsValidatePromptStep/designer-drift-audit.lock.yml (0.00s)
    --- PASS: TestGeneratedWorkflowsValidatePromptStep/dev-hawk.lock.yml (0.00s)
    --- PASS: TestGeneratedWorkflowsValidatePromptStep/dev.lock.yml (0.00s)
    --- PASS: TestGeneratedWorkflowsValidatePromptStep/developer-docs-consolidator.lock.yml (0.00s)
    --- PASS: TestGeneratedWorkflowsValidatePromptStep/dictation-prompt.lock.yml (0.00s)
    --- PASS: TestGeneratedWorkflowsValidatePromptStep/discussion-task-miner.lock.yml (0.00s)
    --- PASS: TestGeneratedWorkflowsValidatePromptStep/doc-sync-daily.lock.yml (0.00s)
    --- PASS: TestGeneratedWorkflowsValidatePromptStep/docs-noob-tester.lock.yml (0.00s)
    --- PASS: TestGeneratedWorkflowsValidatePromptStep/documentation-sync-agent.lock.yml (0.00s)
    --- PASS: TestGeneratedWorkflowsValidatePromptStep/draft-pr-cleanup.lock.yml (0.00s)
    --- PASS: TestGeneratedWorkflowsValidatePromptStep/duplicate-code-detector.lock.yml (0.00s)
    --- PASS: TestGeneratedWorkflowsValidatePromptStep/example-failure-category-filter.lock.yml (0.00s)
    --- PASS: TestGeneratedWorkflowsValidatePromptStep/example-permissions-warning.lock.yml (0.00s)
    --- PASS: TestGeneratedWorkflowsValidatePromptStep/example-workflow-analyzer.lock.yml (0.00s)
    --- PASS: TestGeneratedWorkflowsValidatePromptStep/firewall-escape.lock.yml (0.00s)
    --- PASS: TestGeneratedWorkflowsValidatePromptStep/firewall.lock.yml (0.00s)
    --- PASS: TestGeneratedWorkflowsValidatePromptStep/functional-pragmatist.lock.yml (0.00s)
    --- PASS: TestGeneratedWorkflowsValidatePromptStep/github-mcp-structural-analysis.lock.yml (0.00s)
    --- PASS: TestGeneratedWorkflowsValidatePromptStep/github-mcp-tools-report.lock.yml (0.00s)
    --- PASS: TestGeneratedWorkflowsValidatePromptStep/github-remote-mcp-auth-test.lock.yml (0.00s)
    --- PASS: TestGeneratedWorkflowsValidatePromptStep/glossary-maintainer.lock.yml (0.00s)
    --- PASS: TestGeneratedWorkflowsValidatePromptStep/go-fan.lock.yml (0.00s)
    --- PASS: TestGeneratedWorkflowsValidatePromptStep/go-logger.lock.yml (0.00s)
    --- PASS: TestGeneratedWorkflowsValidatePromptStep/go-pattern-detector.lock.yml (0.00s)
    --- PASS: TestGeneratedWorkflowsValidatePromptStep/gpclean.lock.yml (0.00s)
    --- PASS: TestGeneratedWorkflowsValidatePromptStep/grumpy-reviewer.lock.yml (0.00s)
    --- PASS: TestGeneratedWorkflowsValidatePromptStep/hippo-embed.lock.yml (0.00s)
    --- PASS: TestGeneratedWorkflowsValidatePromptStep/hourly-ci-cleaner.lock.yml (0.00s)
    --- PASS: TestGeneratedWorkflowsValidatePromptStep/instructions-janitor.lock.yml (0.00s)
    --- PASS: TestGeneratedWorkflowsValidatePromptStep/issue-arborist.lock.yml (0.00s)
    --- PASS: TestGeneratedWorkflowsValidatePromptStep/issue-monster.lock.yml (0.00s)
    --- PASS: TestGeneratedWorkflowsValidatePromptStep/issue-triage-agent.lock.yml (0.00s)
    --- PASS: TestGeneratedWorkflowsValidatePromptStep/jsweep.lock.yml (0.00s)
    --- PASS: TestGeneratedWorkflowsValidatePromptStep/layout-spec-maintainer.lock.yml (0.00s)
    --- PASS: TestGeneratedWorkflowsValidatePromptStep/lint-monster.lock.yml (0.00s)
    --- PASS: TestGeneratedWorkflowsValidatePromptStep/linter-miner.lock.yml (0.00s)
    --- PASS: TestGeneratedWorkflowsValidatePromptStep/lockfile-stats.lock.yml (0.00s)
    --- PASS: TestGeneratedWorkflowsValidatePromptStep/mattpocock-skills-reviewer.lock.yml (0.00s)
    --- PASS: TestGeneratedWorkflowsValidatePromptStep/mcp-inspector.lock.yml (0.00s)
    --- PASS: TestGeneratedWorkflowsValidatePromptStep/mergefest.lock.yml (0.00s)
    --- PASS: TestGeneratedWorkflowsValidatePromptStep/metrics-collector.lock.yml (0.00s)
    --- PASS: TestGeneratedWorkflowsValidatePromptStep/necromancer.lock.yml (0.00s)
    --- PASS: TestGeneratedWorkflowsValidatePromptStep/notion-issue-summary.lock.yml (0.00s)
    --- PASS: TestGeneratedWorkflowsValidatePromptStep/objective-impact-report.lock.yml (0.00s)
    --- PASS: TestGeneratedWorkflowsValidatePromptStep/org-health-report.lock.yml (0.00s)
    --- PASS: TestGeneratedWorkflowsValidatePromptStep/outcome-collector.lock.yml (0.00s)
    --- PASS: TestGeneratedWorkflowsValidatePromptStep/pdf-summary.lock.yml (0.00s)
    --- PASS: TestGeneratedWorkflowsValidatePromptStep/plan.lock.yml (0.00s)
    --- PASS: TestGeneratedWorkflowsValidatePromptStep/poem-bot.lock.yml (0.00s)
    --- PASS: TestGeneratedWorkflowsValidatePromptStep/portfolio-analyst.lock.yml (0.00s)
    --- PASS: TestGeneratedWorkflowsValidatePromptStep/pr-code-quality-reviewer.lock.yml (0.00s)
    --- PASS: TestGeneratedWorkflowsValidatePromptStep/pr-description-caveman.lock.yml (0.00s)
    --- PASS: TestGeneratedWorkflowsValidatePromptStep/pr-nitpick-reviewer.lock.yml (0.00s)
    --- PASS: TestGeneratedWorkflowsValidatePromptStep/pr-sous-chef.lock.yml (0.00s)
    --- PASS: TestGeneratedWorkflowsValidatePromptStep/pr-triage-agent.lock.yml (0.00s)
    --- PASS: TestGeneratedWorkflowsValidatePromptStep/prompt-clustering-analysis.lock.yml (0.00s)
    --- PASS: TestGeneratedWorkflowsValidatePromptStep/python-data-charts.lock.yml (0.00s)
    --- PASS: TestGeneratedWorkflowsValidatePromptStep/q.lock.yml (0.00s)
    --- PASS: TestGeneratedWorkflowsValidatePromptStep/refactoring-cadence.lock.yml (0.00s)
    --- PASS: TestGeneratedWorkflowsValidatePromptStep/refiner.lock.yml (0.00s)
    --- PASS: TestGeneratedWorkflowsValidatePromptStep/release.lock.yml (0.00s)
    --- PASS: TestGeneratedWorkflowsValidatePromptStep/repo-audit-analyzer.lock.yml (0.00s)
    --- PASS: TestGeneratedWorkflowsValidatePromptStep/repo-tree-map.lock.yml (0.00s)
    --- PASS: TestGeneratedWorkflowsValidatePromptStep/repository-quality-improver.lock.yml (0.00s)
    --- PASS: TestGeneratedWorkflowsValidatePromptStep/research.lock.yml (0.00s)
    --- PASS: TestGeneratedWorkflowsValidatePromptStep/ruflo-backed-task.lock.yml (0.00s)
    --- PASS: TestGeneratedWorkflowsValidatePromptStep/safe-output-health.lock.yml (0.00s)
    --- PASS: TestGeneratedWorkflowsValidatePromptStep/schema-consistency-checker.lock.yml (0.00s)
    --- PASS: TestGeneratedWorkflowsValidatePromptStep/schema-feature-coverage.lock.yml (0.00s)
    --- PASS: TestGeneratedWorkflowsValidatePromptStep/scout.lock.yml (0.00s)
    --- PASS: TestGeneratedWorkflowsValidatePromptStep/security-compliance.lock.yml (0.00s)
    --- PASS: TestGeneratedWorkflowsValidatePromptStep/security-review.lock.yml (0.00s)
    --- PASS: TestGeneratedWorkflowsValidatePromptStep/semantic-function-refactor.lock.yml (0.00s)
    --- PASS: TestGeneratedWorkflowsValidatePromptStep/sergo.lock.yml (0.00s)
    --- PASS: TestGeneratedWorkflowsValidatePromptStep/skillet.lock.yml (0.00s)
    --- PASS: TestGeneratedWorkflowsValidatePromptStep/slide-deck-maintainer.lock.yml (0.00s)
    --- PASS: TestGeneratedWorkflowsValidatePromptStep/smoke-agent-all-merged.lock.yml (0.00s)
    --- PASS: TestGeneratedWorkflowsValidatePromptStep/smoke-agent-all-none.lock.yml (0.00s)
    --- PASS: TestGeneratedWorkflowsValidatePromptStep/smoke-agent-public-approved.lock.yml (0.00s)
    --- PASS: TestGeneratedWorkflowsValidatePromptStep/smoke-agent-public-none.lock.yml (0.00s)
    --- PASS: TestGeneratedWorkflowsValidatePromptStep/smoke-agent-scoped-approved.lock.yml (0.00s)
    --- PASS: TestGeneratedWorkflowsValidatePromptStep/smoke-antigravity.lock.yml (0.00s)
    --- PASS: TestGeneratedWorkflowsValidatePromptStep/smoke-call-workflow.lock.yml (0.00s)
    --- PASS: TestGeneratedWorkflowsValidatePromptStep/smoke-ci.lock.yml (0.00s)
    --- PASS: TestGeneratedWorkflowsValidatePromptStep/smoke-claude-on-copilot.lock.yml (0.00s)
    --- PASS: TestGeneratedWorkflowsValidatePromptStep/smoke-claude.lock.yml (0.00s)
    --- PASS: TestGeneratedWorkflowsValidatePromptStep/smoke-codex.lock.yml (0.00s)
    --- PASS: TestGeneratedWorkflowsValidatePromptStep/smoke-copilot-aoai-apikey.lock.yml (0.00s)
    --- PASS: TestGeneratedWorkflowsValidatePromptStep/smoke-copilot-aoai-entra.lock.yml (0.00s)
    --- PASS: TestGeneratedWorkflowsValidatePromptStep/smoke-copilot-arm.lock.yml (0.00s)
    --- PASS: TestGeneratedWorkflowsValidatePromptStep/smoke-copilot-sdk.lock.yml (0.00s)
    --- PASS: TestGeneratedWorkflowsValidatePromptStep/smoke-copilot.lock.yml (0.00s)
    --- PASS: TestGeneratedWorkflowsValidatePromptStep/smoke-create-cross-repo-pr.lock.yml (0.00s)
    --- PASS: TestGeneratedWorkflowsValidatePromptStep/smoke-crush.lock.yml (0.00s)
    --- PASS: TestGeneratedWorkflowsValidatePromptStep/smoke-gemini.lock.yml (0.00s)
    --- PASS: TestGeneratedWorkflowsValidatePromptStep/smoke-multi-pr.lock.yml (0.00s)
    --- PASS: TestGeneratedWorkflowsValidatePromptStep/smoke-opencode.lock.yml (0.00s)
    --- PASS: TestGeneratedWorkflowsValidatePromptStep/smoke-otel-backends.lock.yml (0.00s)
    --- PASS: TestGeneratedWorkflowsValidatePromptStep/smoke-pi.lock.yml (0.00s)
    --- PASS: TestGeneratedWorkflowsValidatePromptStep/smoke-project.lock.yml (0.00s)
    --- PASS: TestGeneratedWorkflowsValidatePromptStep/smoke-service-ports.lock.yml (0.00s)
    --- PASS: TestGeneratedWorkflowsValidatePromptStep/smoke-temporary-id.lock.yml (0.00s)
    --- PASS: TestGeneratedWorkflowsValidatePromptStep/smoke-test-tools.lock.yml (0.00s)
    --- PASS: TestGeneratedWorkflowsValidatePromptStep/smoke-update-cross-repo-pr.lock.yml (0.00s)
    --- SKIP: TestGeneratedWorkflowsValidatePromptStep/smoke-workflow-call-with-inputs.lock.yml (0.00s)
    --- SKIP: TestGeneratedWorkflowsValidatePromptStep/smoke-workflow-call.lock.yml (0.00s)
    --- PASS: TestGeneratedWorkflowsValidatePromptStep/spec-enforcer.lock.yml (0.00s)
    --- PASS: TestGeneratedWorkflowsValidatePromptStep/spec-extractor.lock.yml (0.00s)
    --- PASS: TestGeneratedWorkflowsValidatePromptStep/spec-librarian.lock.yml (0.00s)
    --- PASS: TestGeneratedWorkflowsValidatePromptStep/stale-pr-cleanup.lock.yml (0.00s)
    --- PASS: TestGeneratedWorkflowsValidatePromptStep/stale-repo-identifier.lock.yml (0.00s)
    --- PASS: TestGeneratedWorkflowsValidatePromptStep/static-analysis-report.lock.yml (0.00s)
    --- PASS: TestGeneratedWorkflowsValidatePromptStep/step-name-alignment.lock.yml (0.00s)
    --- PASS: TestGeneratedWorkflowsValidatePromptStep/sub-issue-closer.lock.yml (0.00s)
    --- PASS: TestGeneratedWorkflowsValidatePromptStep/super-linter.lock.yml (0.00s)
    --- PASS: TestGeneratedWorkflowsValidatePromptStep/technical-doc-writer.lock.yml (0.00s)
    --- PASS: TestGeneratedWorkflowsValidatePromptStep/terminal-stylist.lock.yml (0.00s)
    --- PASS: TestGeneratedWorkflowsValidatePromptStep/test-create-pr-error-handling.lock.yml (0.00s)
    --- PASS: TestGeneratedWorkflowsValidatePromptStep/test-dispatcher.lock.yml (0.00s)
    --- PASS: TestGeneratedWorkflowsValidatePromptStep/test-project-url-default.lock.yml (0.00s)
    --- PASS: TestGeneratedWorkflowsValidatePromptStep/test-quality-sentinel.lock.yml (0.00s)
    --- PASS: TestGeneratedWorkflowsValidatePromptStep/test-workflow.lock.yml (0.00s)
    --- PASS: TestGeneratedWorkflowsValidatePromptStep/tidy.lock.yml (0.00s)
    --- PASS: TestGeneratedWorkflowsValidatePromptStep/typist.lock.yml (0.00s)
    --- PASS: TestGeneratedWorkflowsValidatePromptStep/ubuntu-image-analyzer.lock.yml (0.00s)
    --- PASS: TestGeneratedWorkflowsValidatePromptStep/uk-ai-operational-resilience.lock.yml (0.00s)
    --- PASS: TestGeneratedWorkflowsValidatePromptStep/unbloat-docs.lock.yml (0.00s)
    --- PASS: TestGeneratedWorkflowsValidatePromptStep/update-astro.lock.yml (0.00s)
    --- PASS: TestGeneratedWorkflowsValidatePromptStep/video-analyzer.lock.yml (0.00s)
    --- PASS: TestGeneratedWorkflowsValidatePromptStep/visual-regression-checker.lock.yml (0.00s)
    --- PASS: TestGeneratedWorkflowsValidatePromptStep/weekly-blog-post-writer.lock.yml (0.00s)
    --- PASS: TestGeneratedWorkflowsValidatePromptStep/weekly-editors-health-check.lock.yml (0.00s)
    --- PASS: TestGeneratedWorkflowsValidatePromptStep/weekly-issue-summary.lock.yml (0.00s)
    --- PASS: TestGeneratedWorkflowsValidatePromptStep/weekly-safe-outputs-spec-review.lock.yml (0.00s)
    --- PASS: TestGeneratedWorkflowsValidatePromptStep/workflow-generator.lock.yml (0.00s)
    --- PASS: TestGeneratedWorkflowsValidatePromptStep/workflow-health-manager.lock.yml (0.00s)
    --- PASS: TestGeneratedWorkflowsValidatePromptStep/workflow-normalizer.lock.yml (0.00s)
    --- PASS: TestGeneratedWorkflowsValidatePromptStep/workflow-skill-extractor.lock.yml (0.00s)
=== RUN   TestGeneratedWorkflowsPromptStructure
=== RUN   TestGeneratedWorkflowsPromptStructure/ab-testing-advisor.lock.yml
=== RUN   TestGeneratedWorkflowsPromptStructure/ace-editor.lock.yml
=== RUN   TestGeneratedWorkflowsPromptStructure/agent-performance-analyzer.lock.yml
=== RUN   TestGeneratedWorkflowsPromptStructure/agent-persona-explorer.lock.yml
=== RUN   TestGeneratedWorkflowsPromptStructure/agentic-token-audit.lock.yml
--- PASS: TestGeneratedWorkflowsPromptStructure (0.00s)
    --- PASS: TestGeneratedWorkflowsPromptStructure/ab-testing-advisor.lock.yml (0.00s)
    --- PASS: TestGeneratedWorkflowsPromptStructure/ace-editor.lock.yml (0.00s)
    --- PASS: TestGeneratedWorkflowsPromptStructure/agent-performance-analyzer.lock.yml (0.00s)
    --- PASS: TestGeneratedWorkflowsPromptStructure/agent-persona-explorer.lock.yml (0.00s)
    --- PASS: TestGeneratedWorkflowsPromptStructure/agentic-token-audit.lock.yml (0.00s)
=== RUN   TestGeneratedWorkflowsPlaceholderFormat
    prompt_validation_test.go:167: Found 8 placeholder occurrences in ab-testing-advisor.lock.yml
--- PASS: TestGeneratedWorkflowsPlaceholderFormat (0.00s)
=== RUN   TestSafeOutputsPromptText_FollowsXMLFormat
    prompts_test.go:22: Safe outputs prompt is now generated dynamically based on enabled tools
--- SKIP: TestSafeOutputsPromptText_FollowsXMLFormat (0.00s)
=== RUN   TestCacheMemoryPromptIncludedWhenEnabled
/tmp/gh-aw-cache-memory-prompt-test-318505269/test-workflow.md: warning: safe update mode detected unapproved changes

New restricted secret(s):
  - ANTHROPIC_API_KEY

Remediation options:
  1. Use the --approve flag to allow the changes.
  2. Revert the unapproved changes.
  3. Use an interactive coding agent to review and approve the changes.

✓ /tmp/gh-aw-cache-memory-prompt-test-318505269/test-workflow.md (83.5 KB)
    prompts_test.go:96: Successfully verified cache memory instructions are included in generated workflow
--- PASS: TestCacheMemoryPromptIncludedWhenEnabled (0.01s)
=== RUN   TestCacheMemoryPromptNotIncludedWhenDisabled
/tmp/gh-aw-no-cache-memory-test-1184001218/test-workflow.md: warning: Missing required permissions for GitHub toolsets:
  - issues: read (required by issues)
  - pull-requests: read (required by pull_requests)

To fix this, you can either:

Option 1: Add missing permissions to your workflow frontmatter:
permissions:
  issues: read
  pull-requests: read

See: https://github.com/github/gh-aw/blob/main/docs/src/content/docs/reference/permissions.md

Option 2: Reduce the required toolsets in your workflow:
Remove or adjust toolsets that require these permissions:
  - issues
  - pull_requests

/tmp/gh-aw-no-cache-memory-test-1184001218/test-workflow.md: warning: safe update mode detected unapproved changes

New restricted secret(s):
  - ANTHROPIC_API_KEY

Remediation options:
  1. Use the --approve flag to allow the changes.
  2. Revert the unapproved changes.
  3. Use an interactive coding agent to review and approve the changes.

✓ /tmp/gh-aw-no-cache-memory-test-1184001218/test-workflow.md (81.1 KB)
    prompts_test.go:151: Successfully verified cache memory instructions are NOT included when cache-memory is disabled
--- PASS: TestCacheMemoryPromptNotIncludedWhenDisabled (0.01s)
=== RUN   TestCacheMemoryPromptMultipleCaches
/tmp/gh-aw-multi-cache-memory-test-234324973/test-workflow.md: warning: safe update mode detected unapproved changes

New restricted secret(s):
  - ANTHROPIC_API_KEY

Remediation options:
  1. Use the --approve flag to allow the changes.
  2. Revert the unapproved changes.
  3. Use an interactive coding agent to review and approve the changes.

✓ /tmp/gh-aw-multi-cache-memory-test-234324973/test-workflow.md (86.2 KB)
    prompts_test.go:218: Successfully verified cache memory instructions handle multiple caches
--- PASS: TestCacheMemoryPromptMultipleCaches (0.01s)
=== RUN   TestDailyFunctionNamerColdStartHandling
--- PASS: TestDailyFunctionNamerColdStartHandling (0.00s)
=== RUN   TestDailyFunctionNamerUsesConcreteClaudeModelsForExperiment
--- PASS: TestDailyFunctionNamerUsesConcreteClaudeModelsForExperiment (0.00s)
=== RUN   TestDailyCavemanOptimizerUsesConcreteClaudeModelsForExperiment
--- PASS: TestDailyCavemanOptimizerUsesConcreteClaudeModelsForExperiment (0.00s)
=== RUN   TestDailyFormalSpecVerifierDefinesDirectSafeOutputContract
--- PASS: TestDailyFormalSpecVerifierDefinesDirectSafeOutputContract (0.00s)
=== RUN   TestDailyFormalSpecVerifierAllowsReadOnlyFileInspection
--- PASS: TestDailyFormalSpecVerifierAllowsReadOnlyFileInspection (0.00s)
=== RUN   TestDailySPDDSpecPlannerAllowsReadOnlyFileInspection
--- PASS: TestDailySPDDSpecPlannerAllowsReadOnlyFileInspection (0.00s)
=== RUN   TestDailyCacheStrategyAnalyzerUsesCodexCompatibleModelsForExperiment
--- PASS: TestDailyCacheStrategyAnalyzerUsesCodexCompatibleModelsForExperiment (0.00s)
=== RUN   TestPlaywrightPromptIncludedWhenEnabled
⚠ tools.playwright: MCP mode is deprecated. Migrate to CLI mode by adding `mode: cli` to your playwright configuration. CLI mode runs playwright-cli directly on the runner (no Docker container required), is more token-efficient, and lets you use `localhost` to reach local dev servers. Update your prompts to run `playwright-cli <command>` in bash instead of using MCP browser tools. See: https://github.com/github/gh-aw/blob/main/docs/src/content/docs/reference/playwright.md
/tmp/gh-aw-playwright-prompt-test-1678129761/test-workflow.md: warning: safe update mode detected unapproved changes

New restricted secret(s):
  - ANTHROPIC_API_KEY

Remediation options:
  1. Use the --approve flag to allow the changes.
  2. Revert the unapproved changes.
  3. Use an interactive coding agent to review and approve the changes.

✓ /tmp/gh-aw-playwright-prompt-test-1678129761/test-workflow.md (84.2 KB)
    prompts_test.go:502: Successfully verified playwright output directory instructions are included in generated workflow
--- PASS: TestPlaywrightPromptIncludedWhenEnabled (0.01s)
=== RUN   TestPlaywrightPromptNotIncludedWhenDisabled
/tmp/gh-aw-no-playwright-test-2130916414/test-workflow.md: warning: Missing required permissions for GitHub toolsets:
  - issues: read (required by issues)
  - pull-requests: read (required by pull_requests)

To fix this, you can either:

Option 1: Add missing permissions to your workflow frontmatter:
permissions:
  issues: read
  pull-requests: read

See: https://github.com/github/gh-aw/blob/main/docs/src/content/docs/reference/permissions.md

Option 2: Reduce the required toolsets in your workflow:
Remove or adjust toolsets that require these permissions:
  - issues
  - pull_requests

/tmp/gh-aw-no-playwright-test-2130916414/test-workflow.md: warning: safe update mode detected unapproved changes

New restricted secret(s):
  - CODEX_API_KEY
  - OPENAI_API_KEY

Remediation options:
  1. Use the --approve flag to allow the changes.
  2. Revert the unapproved changes.
  3. Use an interactive coding agent to review and approve the changes.

✓ /tmp/gh-aw-no-playwright-test-2130916414/test-workflow.md (79.5 KB)
    prompts_test.go:557: Successfully verified playwright output directory instructions are NOT included when playwright is disabled
--- PASS: TestPlaywrightPromptNotIncludedWhenDisabled (0.01s)
=== RUN   TestPlaywrightPromptOrderAfterTempFolder
⚠ tools.playwright: MCP mode is deprecated. Migrate to CLI mode by adding `mode: cli` to your playwright configuration. CLI mode runs playwright-cli directly on the runner (no Docker container required), is more token-efficient, and lets you use `localhost` to reach local dev servers. Update your prompts to run `playwright-cli <command>` in bash instead of using MCP browser tools. See: https://github.com/github/gh-aw/blob/main/docs/src/content/docs/reference/playwright.md
/tmp/gh-aw-playwright-order-test-2220380173/test-workflow.md: warning: safe update mode detected unapproved changes

New restricted secret(s):
  - ANTHROPIC_API_KEY

Remediation options:
  1. Use the --approve flag to allow the changes.
  2. Revert the unapproved changes.
  3. Use an interactive coding agent to review and approve the changes.

✓ /tmp/gh-aw-playwright-order-test-2220380173/test-workflow.md (84.0 KB)
    prompts_test.go:619: Successfully verified playwright instructions come after temp folder instructions in generated workflow
--- PASS: TestPlaywrightPromptOrderAfterTempFolder (0.01s)
=== RUN   TestPRContextPromptIncludedForIssueComment
/tmp/gh-aw-pr-context-prompt-test-2343147943/test-workflow.md: warning: safe update mode detected unapproved changes

New restricted secret(s):
  - ANTHROPIC_API_KEY

Remediation options:
  1. Use the --approve flag to allow the changes.
  2. Revert the unapproved changes.
  3. Use an interactive coding agent to review and approve the changes.

✓ /tmp/gh-aw-pr-context-prompt-test-2343147943/test-workflow.md (83.6 KB)
    prompts_test.go:679: Successfully verified PR context instructions are included for issue_comment trigger
--- PASS: TestPRContextPromptIncludedForIssueComment (0.01s)
=== RUN   TestPRContextPromptIncludedForCommand
⚠ The 'command:' trigger field is deprecated. Please use 'slash_command:' instead.
/tmp/gh-aw-pr-context-command-test-1708571967/test-workflow.md: warning: safe update mode detected unapproved changes

New restricted secret(s):
  - ANTHROPIC_API_KEY

Remediation options:
  1. Use the --approve flag to allow the changes.
  2. Revert the unapproved changes.
  3. Use an interactive coding agent to review and approve the changes.

✓ /tmp/gh-aw-pr-context-command-test-1708571967/test-workflow.md (89.1 KB)
    prompts_test.go:730: Successfully verified PR context instructions are included for command trigger
--- PASS: TestPRContextPromptIncludedForCommand (0.01s)
=== RUN   TestPRContextPromptNotIncludedForPush
/tmp/gh-aw-no-pr-context-test-1260555605/test-workflow.md: warning: safe update mode detected unapproved changes

New restricted secret(s):
  - ANTHROPIC_API_KEY

Remediation options:
  1. Use the --approve flag to allow the changes.
  2. Revert the unapproved changes.
  3. Use an interactive coding agent to review and approve the changes.

✓ /tmp/gh-aw-no-pr-context-test-1260555605/test-workflow.md (81.2 KB)
    prompts_test.go:781: Successfully verified PR context instructions are NOT included for push trigger
--- PASS: TestPRContextPromptNotIncludedForPush (0.01s)
=== RUN   TestPRContextPromptNotIncludedWithoutCheckout
/tmp/gh-aw-pr-no-checkout-test-242526071/test-workflow.md: warning: safe update mode detected unapproved changes

New restricted secret(s):
  - ANTHROPIC_API_KEY

Remediation options:
  1. Use the --approve flag to allow the changes.
  2. Revert the unapproved changes.
  3. Use an interactive coding agent to review and approve the changes.

✓ /tmp/gh-aw-pr-no-checkout-test-242526071/test-workflow.md (81.7 KB)
    prompts_test.go:834: Successfully verified PR context instructions are NOT included without contents permission
--- PASS: TestPRContextPromptNotIncludedWithoutCheckout (0.01s)
=== RUN   TestParseUploadArtifactConfig
=== RUN   TestParseUploadArtifactConfig/no_upload-artifact_key
=== RUN   TestParseUploadArtifactConfig/upload-artifact_explicitly_false
=== RUN   TestParseUploadArtifactConfig/upload-artifact_true_uses_defaults
=== RUN   TestParseUploadArtifactConfig/upload-artifact_with_retention-days_and_skip-archive
=== RUN   TestParseUploadArtifactConfig/upload-artifact_with_templated_retention-days_and_skip-archive
=== RUN   TestParseUploadArtifactConfig/upload-artifact_with_allowed-paths
=== RUN   TestParseUploadArtifactConfig/upload-artifact_with_filters
=== RUN   TestParseUploadArtifactConfig/upload-artifact_with_defaults_if-no-files
=== RUN   TestParseUploadArtifactConfig/upload-artifact_with_max_field
--- PASS: TestParseUploadArtifactConfig (0.00s)
    --- PASS: TestParseUploadArtifactConfig/no_upload-artifact_key (0.00s)
    --- PASS: TestParseUploadArtifactConfig/upload-artifact_explicitly_false (0.00s)
    --- PASS: TestParseUploadArtifactConfig/upload-artifact_true_uses_defaults (0.00s)
    --- PASS: TestParseUploadArtifactConfig/upload-artifact_with_retention-days_and_skip-archive (0.00s)
    --- PASS: TestParseUploadArtifactConfig/upload-artifact_with_templated_retention-days_and_skip-archive (0.00s)
    --- PASS: TestParseUploadArtifactConfig/upload-artifact_with_allowed-paths (0.00s)
    --- PASS: TestParseUploadArtifactConfig/upload-artifact_with_filters (0.00s)
    --- PASS: TestParseUploadArtifactConfig/upload-artifact_with_defaults_if-no-files (0.00s)
    --- PASS: TestParseUploadArtifactConfig/upload-artifact_with_max_field (0.00s)
=== RUN   TestHasSafeOutputsEnabledWithUploadArtifact
=== RUN   TestHasSafeOutputsEnabledWithUploadArtifact/UploadArtifact_is_detected_as_enabled
=== RUN   TestHasSafeOutputsEnabledWithUploadArtifact/nil_SafeOutputsConfig_returns_false
=== RUN   TestHasSafeOutputsEnabledWithUploadArtifact/empty_SafeOutputsConfig_returns_false
--- PASS: TestHasSafeOutputsEnabledWithUploadArtifact (0.00s)
    --- PASS: TestHasSafeOutputsEnabledWithUploadArtifact/UploadArtifact_is_detected_as_enabled (0.00s)
    --- PASS: TestHasSafeOutputsEnabledWithUploadArtifact/nil_SafeOutputsConfig_returns_false (0.00s)
    --- PASS: TestHasSafeOutputsEnabledWithUploadArtifact/empty_SafeOutputsConfig_returns_false (0.00s)
=== RUN   TestComputeEnabledToolNamesIncludesUploadArtifact
--- PASS: TestComputeEnabledToolNamesIncludesUploadArtifact (0.00s)
=== RUN   TestGenerateSafeOutputsArtifactStagingUpload
=== RUN   TestGenerateSafeOutputsArtifactStagingUpload/generates_step_when_UploadArtifact_is_configured
=== RUN   TestGenerateSafeOutputsArtifactStagingUpload/generates_nothing_when_UploadArtifact_is_nil
=== RUN   TestGenerateSafeOutputsArtifactStagingUpload/generates_nothing_when_SafeOutputs_is_nil
--- PASS: TestGenerateSafeOutputsArtifactStagingUpload (0.00s)
    --- PASS: TestGenerateSafeOutputsArtifactStagingUpload/generates_step_when_UploadArtifact_is_configured (0.00s)
    --- PASS: TestGenerateSafeOutputsArtifactStagingUpload/generates_nothing_when_UploadArtifact_is_nil (0.00s)
    --- PASS: TestGenerateSafeOutputsArtifactStagingUpload/generates_nothing_when_SafeOutputs_is_nil (0.00s)
=== RUN   TestParseUploadAssetConfig
=== RUN   TestParseUploadAssetConfig/upload-asset_config_with_custom_values
=== RUN   TestParseUploadAssetConfig/upload-asset_config_with_max
=== RUN   TestParseUploadAssetConfig/upload-asset_config_normalizes_allowed-exts_without_dots
=== RUN   TestParseUploadAssetConfig/upload-asset_config_preserves_github_actions_expressions_in_allowed-exts
=== RUN   TestParseUploadAssetConfig/no_upload-asset_config
--- PASS: TestParseUploadAssetConfig (0.00s)
    --- PASS: TestParseUploadAssetConfig/upload-asset_config_with_custom_values (0.00s)
    --- PASS: TestParseUploadAssetConfig/upload-asset_config_with_max (0.00s)
    --- PASS: TestParseUploadAssetConfig/upload-asset_config_normalizes_allowed-exts_without_dots (0.00s)
    --- PASS: TestParseUploadAssetConfig/upload-asset_config_preserves_github_actions_expressions_in_allowed-exts (0.00s)
    --- PASS: TestParseUploadAssetConfig/no_upload-asset_config (0.00s)
=== RUN   TestHasSafeOutputsEnabledWithUploadAsset
--- PASS: TestHasSafeOutputsEnabledWithUploadAsset (0.00s)
=== RUN   TestUploadAssetsJobUsesFileInput
--- PASS: TestUploadAssetsJobUsesFileInput (0.00s)
=== RUN   TestPullRequestActivityTypeEnumValidation
=== RUN   TestPullRequestActivityTypeEnumValidation/valid:_pull_request_opened
=== RUN   TestPullRequestActivityTypeEnumValidation/valid:_pull_request_edited
=== RUN   TestPullRequestActivityTypeEnumValidation/valid:_pull_request_closed
=== RUN   TestPullRequestActivityTypeEnumValidation/valid:_pull_request_reopened
=== RUN   TestPullRequestActivityTypeEnumValidation/valid:_pull_request_synchronize
=== RUN   TestPullRequestActivityTypeEnumValidation/valid:_pull_request_assigned
=== RUN   TestPullRequestActivityTypeEnumValidation/valid:_pull_request_unassigned
=== RUN   TestPullRequestActivityTypeEnumValidation/valid:_pull_request_labeled
=== RUN   TestPullRequestActivityTypeEnumValidation/valid:_pull_request_unlabeled
=== RUN   TestPullRequestActivityTypeEnumValidation/valid:_pull_request_review_requested
=== RUN   TestPullRequestActivityTypeEnumValidation/valid:_pull_request_review_request_removed
    pull_request_activity_types_test.go:47: Activity type "review_request_removed" is valid in GitHub Actions but not yet in trigger parser validTypes map (error: invalid pull_request trigger format: 'pull_request review_request_removed'. Expected format: 'pull_request <type>' or 'pull_request affecting <path>'. Valid types: opened, edited, closed, reopened, synchronize, merged, labeled, unlabeled. Example: 'pull_request opened' or 'pull_request affecting src/**')
=== RUN   TestPullRequestActivityTypeEnumValidation/valid:_pull_request_ready_for_review
    pull_request_activity_types_test.go:47: Activity type "ready_for_review" is valid in GitHub Actions but not yet in trigger parser validTypes map (error: invalid pull_request trigger format: 'pull_request ready_for_review'. Expected format: 'pull_request <type>' or 'pull_request affecting <path>'. Valid types: opened, edited, closed, reopened, synchronize, merged, labeled, unlabeled. Example: 'pull_request opened' or 'pull_request affecting src/**')
=== RUN   TestPullRequestActivityTypeEnumValidation/valid:_pull_request_converted_to_draft
    pull_request_activity_types_test.go:47: Activity type "converted_to_draft" is valid in GitHub Actions but not yet in trigger parser validTypes map (error: invalid pull_request trigger format: 'pull_request converted_to_draft'. Expected format: 'pull_request <type>' or 'pull_request affecting <path>'. Valid types: opened, edited, closed, reopened, synchronize, merged, labeled, unlabeled. Example: 'pull_request opened' or 'pull_request affecting src/**')
=== RUN   TestPullRequestActivityTypeEnumValidation/valid:_pull_request_auto_merge_enabled
    pull_request_activity_types_test.go:47: Activity type "auto_merge_enabled" is valid in GitHub Actions but not yet in trigger parser validTypes map (error: invalid pull_request trigger format: 'pull_request auto_merge_enabled'. Expected format: 'pull_request <type>' or 'pull_request affecting <path>'. Valid types: opened, edited, closed, reopened, synchronize, merged, labeled, unlabeled. Example: 'pull_request opened' or 'pull_request affecting src/**')
=== RUN   TestPullRequestActivityTypeEnumValidation/valid:_pull_request_auto_merge_disabled
    pull_request_activity_types_test.go:47: Activity type "auto_merge_disabled" is valid in GitHub Actions but not yet in trigger parser validTypes map (error: invalid pull_request trigger format: 'pull_request auto_merge_disabled'. Expected format: 'pull_request <type>' or 'pull_request affecting <path>'. Valid types: opened, edited, closed, reopened, synchronize, merged, labeled, unlabeled. Example: 'pull_request opened' or 'pull_request affecting src/**')
=== RUN   TestPullRequestActivityTypeEnumValidation/valid:_pull_request_locked
    pull_request_activity_types_test.go:47: Activity type "locked" is valid in GitHub Actions but not yet in trigger parser validTypes map (error: invalid pull_request trigger format: 'pull_request locked'. Expected format: 'pull_request <type>' or 'pull_request affecting <path>'. Valid types: opened, edited, closed, reopened, synchronize, merged, labeled, unlabeled. Example: 'pull_request opened' or 'pull_request affecting src/**')
=== RUN   TestPullRequestActivityTypeEnumValidation/valid:_pull_request_unlocked
    pull_request_activity_types_test.go:47: Activity type "unlocked" is valid in GitHub Actions but not yet in trigger parser validTypes map (error: invalid pull_request trigger format: 'pull_request unlocked'. Expected format: 'pull_request <type>' or 'pull_request affecting <path>'. Valid types: opened, edited, closed, reopened, synchronize, merged, labeled, unlabeled. Example: 'pull_request opened' or 'pull_request affecting src/**')
=== RUN   TestPullRequestActivityTypeEnumValidation/valid:_pull_request_enqueued
    pull_request_activity_types_test.go:47: Activity type "enqueued" is valid in GitHub Actions but not yet in trigger parser validTypes map (error: invalid pull_request trigger format: 'pull_request enqueued'. Expected format: 'pull_request <type>' or 'pull_request affecting <path>'. Valid types: opened, edited, closed, reopened, synchronize, merged, labeled, unlabeled. Example: 'pull_request opened' or 'pull_request affecting src/**')
=== RUN   TestPullRequestActivityTypeEnumValidation/valid:_pull_request_dequeued
    pull_request_activity_types_test.go:47: Activity type "dequeued" is valid in GitHub Actions but not yet in trigger parser validTypes map (error: invalid pull_request trigger format: 'pull_request dequeued'. Expected format: 'pull_request <type>' or 'pull_request affecting <path>'. Valid types: opened, edited, closed, reopened, synchronize, merged, labeled, unlabeled. Example: 'pull_request opened' or 'pull_request affecting src/**')
=== RUN   TestPullRequestActivityTypeEnumValidation/valid:_pull_request_milestoned
    pull_request_activity_types_test.go:47: Activity type "milestoned" is valid in GitHub Actions but not yet in trigger parser validTypes map (error: invalid pull_request trigger format: 'pull_request milestoned'. Expected format: 'pull_request <type>' or 'pull_request affecting <path>'. Valid types: opened, edited, closed, reopened, synchronize, merged, labeled, unlabeled. Example: 'pull_request opened' or 'pull_request affecting src/**')
=== RUN   TestPullRequestActivityTypeEnumValidation/valid:_pull_request_demilestoned
    pull_request_activity_types_test.go:47: Activity type "demilestoned" is valid in GitHub Actions but not yet in trigger parser validTypes map (error: invalid pull_request trigger format: 'pull_request demilestoned'. Expected format: 'pull_request <type>' or 'pull_request affecting <path>'. Valid types: opened, edited, closed, reopened, synchronize, merged, labeled, unlabeled. Example: 'pull_request opened' or 'pull_request affecting src/**')
--- PASS: TestPullRequestActivityTypeEnumValidation (0.00s)
    --- PASS: TestPullRequestActivityTypeEnumValidation/valid:_pull_request_opened (0.00s)
    --- PASS: TestPullRequestActivityTypeEnumValidation/valid:_pull_request_edited (0.00s)
    --- PASS: TestPullRequestActivityTypeEnumValidation/valid:_pull_request_closed (0.00s)
    --- PASS: TestPullRequestActivityTypeEnumValidation/valid:_pull_request_reopened (0.00s)
    --- PASS: TestPullRequestActivityTypeEnumValidation/valid:_pull_request_synchronize (0.00s)
    --- PASS: TestPullRequestActivityTypeEnumValidation/valid:_pull_request_assigned (0.00s)
    --- PASS: TestPullRequestActivityTypeEnumValidation/valid:_pull_request_unassigned (0.00s)
    --- PASS: TestPullRequestActivityTypeEnumValidation/valid:_pull_request_labeled (0.00s)
    --- PASS: TestPullRequestActivityTypeEnumValidation/valid:_pull_request_unlabeled (0.00s)
    --- PASS: TestPullRequestActivityTypeEnumValidation/valid:_pull_request_review_requested (0.00s)
    --- PASS: TestPullRequestActivityTypeEnumValidation/valid:_pull_request_review_request_removed (0.00s)
    --- PASS: TestPullRequestActivityTypeEnumValidation/valid:_pull_request_ready_for_review (0.00s)
    --- PASS: TestPullRequestActivityTypeEnumValidation/valid:_pull_request_converted_to_draft (0.00s)
    --- PASS: TestPullRequestActivityTypeEnumValidation/valid:_pull_request_auto_merge_enabled (0.00s)
    --- PASS: TestPullRequestActivityTypeEnumValidation/valid:_pull_request_auto_merge_disabled (0.00s)
    --- PASS: TestPullRequestActivityTypeEnumValidation/valid:_pull_request_locked (0.00s)
    --- PASS: TestPullRequestActivityTypeEnumValidation/valid:_pull_request_unlocked (0.00s)
    --- PASS: TestPullRequestActivityTypeEnumValidation/valid:_pull_request_enqueued (0.00s)
    --- PASS: TestPullRequestActivityTypeEnumValidation/valid:_pull_request_dequeued (0.00s)
    --- PASS: TestPullRequestActivityTypeEnumValidation/valid:_pull_request_milestoned (0.00s)
    --- PASS: TestPullRequestActivityTypeEnumValidation/valid:_pull_request_demilestoned (0.00s)
=== RUN   TestPullRequestInvalidActivityTypes
=== RUN   TestPullRequestInvalidActivityTypes/uppercase_OPENED
=== RUN   TestPullRequestInvalidActivityTypes/mixed_case_Opened
=== RUN   TestPullRequestInvalidActivityTypes/invalid:_merged_(special_case)
=== RUN   TestPullRequestInvalidActivityTypes/invalid:_approved
=== RUN   TestPullRequestInvalidActivityTypes/invalid:_commented
=== RUN   TestPullRequestInvalidActivityTypes/invalid:_created
=== RUN   TestPullRequestInvalidActivityTypes/invalid:_deleted
=== RUN   TestPullRequestInvalidActivityTypes/invalid:_random
--- PASS: TestPullRequestInvalidActivityTypes (0.00s)
    --- PASS: TestPullRequestInvalidActivityTypes/uppercase_OPENED (0.00s)
    --- PASS: TestPullRequestInvalidActivityTypes/mixed_case_Opened (0.00s)
    --- PASS: TestPullRequestInvalidActivityTypes/invalid:_merged_(special_case) (0.00s)
    --- PASS: TestPullRequestInvalidActivityTypes/invalid:_approved (0.00s)
    --- PASS: TestPullRequestInvalidActivityTypes/invalid:_commented (0.00s)
    --- PASS: TestPullRequestInvalidActivityTypes/invalid:_created (0.00s)
    --- PASS: TestPullRequestInvalidActivityTypes/invalid:_deleted (0.00s)
    --- PASS: TestPullRequestInvalidActivityTypes/invalid:_random (0.00s)
=== RUN   TestPullRequestActivityTypeCaseSensitivity
=== RUN   TestPullRequestActivityTypeCaseSensitivity/case_sensitivity_for_opened
=== RUN   TestPullRequestActivityTypeCaseSensitivity/case_sensitivity_for_closed
=== RUN   TestPullRequestActivityTypeCaseSensitivity/case_sensitivity_for_synchronize
=== RUN   TestPullRequestActivityTypeCaseSensitivity/case_sensitivity_for_reopened
--- PASS: TestPullRequestActivityTypeCaseSensitivity (0.00s)
    --- PASS: TestPullRequestActivityTypeCaseSensitivity/case_sensitivity_for_opened (0.00s)
    --- PASS: TestPullRequestActivityTypeCaseSensitivity/case_sensitivity_for_closed (0.00s)
    --- PASS: TestPullRequestActivityTypeCaseSensitivity/case_sensitivity_for_synchronize (0.00s)
    --- PASS: TestPullRequestActivityTypeCaseSensitivity/case_sensitivity_for_reopened (0.00s)
=== RUN   TestPullRequestMultipleActivityTypes
=== RUN   TestPullRequestMultipleActivityTypes/single_activity_type
=== RUN   TestPullRequestMultipleActivityTypes/affecting_pattern_with_default_types
=== RUN   TestPullRequestMultipleActivityTypes/activity_type_with_affecting
--- PASS: TestPullRequestMultipleActivityTypes (0.00s)
    --- PASS: TestPullRequestMultipleActivityTypes/single_activity_type (0.00s)
    --- PASS: TestPullRequestMultipleActivityTypes/affecting_pattern_with_default_types (0.00s)
    --- PASS: TestPullRequestMultipleActivityTypes/activity_type_with_affecting (0.00s)
=== RUN   TestPullRequestEdgeCases
=== RUN   TestPullRequestEdgeCases/simple_pull_request
=== RUN   TestPullRequestEdgeCases/pull_alias
=== RUN   TestPullRequestEdgeCases/empty_activity_type
=== RUN   TestPullRequestEdgeCases/whitespace_between_words
--- PASS: TestPullRequestEdgeCases (0.00s)
    --- PASS: TestPullRequestEdgeCases/simple_pull_request (0.00s)
    --- PASS: TestPullRequestEdgeCases/pull_alias (0.00s)
    --- PASS: TestPullRequestEdgeCases/empty_activity_type (0.00s)
    --- PASS: TestPullRequestEdgeCases/whitespace_between_words (0.00s)
=== RUN   TestPullRequestActivityTypeInTriggerParser
=== RUN   TestPullRequestActivityTypeInTriggerParser/all_currently_supported_types_are_official
=== RUN   TestPullRequestActivityTypeInTriggerParser/document_unsupported_but_valid_types
    pull_request_activity_types_test.go:360: Official GitHub Actions type "review_request_removed" is not in trigger_parser.go validTypes map
    pull_request_activity_types_test.go:360: Official GitHub Actions type "ready_for_review" is not in trigger_parser.go validTypes map
    pull_request_activity_types_test.go:360: Official GitHub Actions type "locked" is not in trigger_parser.go validTypes map
    pull_request_activity_types_test.go:360: Official GitHub Actions type "demilestoned" is not in trigger_parser.go validTypes map
    pull_request_activity_types_test.go:360: Official GitHub Actions type "auto_merge_disabled" is not in trigger_parser.go validTypes map
    pull_request_activity_types_test.go:360: Official GitHub Actions type "enqueued" is not in trigger_parser.go validTypes map
    pull_request_activity_types_test.go:360: Official GitHub Actions type "auto_merge_enabled" is not in trigger_parser.go validTypes map
    pull_request_activity_types_test.go:360: Official GitHub Actions type "unlocked" is not in trigger_parser.go validTypes map
    pull_request_activity_types_test.go:360: Official GitHub Actions type "dequeued" is not in trigger_parser.go validTypes map
    pull_request_activity_types_test.go:360: Official GitHub Actions type "milestoned" is not in trigger_parser.go validTypes map
    pull_request_activity_types_test.go:360: Official GitHub Actions type "converted_to_draft" is not in trigger_parser.go validTypes map
--- PASS: TestPullRequestActivityTypeInTriggerParser (0.00s)
    --- PASS: TestPullRequestActivityTypeInTriggerParser/all_currently_supported_types_are_official (0.00s)
    --- PASS: TestPullRequestActivityTypeInTriggerParser/document_unsupported_but_valid_types (0.00s)
=== RUN   TestPullRequestMergedSpecialCase
=== RUN   TestPullRequestMergedSpecialCase/merged_creates_closed_type_with_condition
--- PASS: TestPullRequestMergedSpecialCase (0.00s)
    --- PASS: TestPullRequestMergedSpecialCase/merged_creates_closed_type_with_condition (0.00s)
=== RUN   TestIssueActivityTypeEnumValidation
=== RUN   TestIssueActivityTypeEnumValidation/valid:_issue_opened
=== RUN   TestIssueActivityTypeEnumValidation/valid:_issue_edited
=== RUN   TestIssueActivityTypeEnumValidation/valid:_issue_closed
=== RUN   TestIssueActivityTypeEnumValidation/valid:_issue_reopened
=== RUN   TestIssueActivityTypeEnumValidation/valid:_issue_assigned
=== RUN   TestIssueActivityTypeEnumValidation/valid:_issue_unassigned
=== RUN   TestIssueActivityTypeEnumValidation/valid:_issue_labeled
=== RUN   TestIssueActivityTypeEnumValidation/valid:_issue_unlabeled
=== RUN   TestIssueActivityTypeEnumValidation/valid:_issue_deleted
=== RUN   TestIssueActivityTypeEnumValidation/valid:_issue_transferred
=== RUN   TestIssueActivityTypeEnumValidation/valid:_issue_pinned
    pull_request_activity_types_test.go:428: Issue activity type "pinned" is valid in GitHub Actions but not yet in trigger parser (error: invalid issue activity type: 'pinned'. Valid types: opened, edited, closed, reopened, assigned, unassigned, labeled, unlabeled, deleted, transferred. Example: 'issue opened')
=== RUN   TestIssueActivityTypeEnumValidation/valid:_issue_unpinned
    pull_request_activity_types_test.go:428: Issue activity type "unpinned" is valid in GitHub Actions but not yet in trigger parser (error: invalid issue activity type: 'unpinned'. Valid types: opened, edited, closed, reopened, assigned, unassigned, labeled, unlabeled, deleted, transferred. Example: 'issue opened')
=== RUN   TestIssueActivityTypeEnumValidation/valid:_issue_milestoned
    pull_request_activity_types_test.go:428: Issue activity type "milestoned" is valid in GitHub Actions but not yet in trigger parser (error: invalid issue activity type: 'milestoned'. Valid types: opened, edited, closed, reopened, assigned, unassigned, labeled, unlabeled, deleted, transferred. Example: 'issue opened')
=== RUN   TestIssueActivityTypeEnumValidation/valid:_issue_demilestoned
    pull_request_activity_types_test.go:428: Issue activity type "demilestoned" is valid in GitHub Actions but not yet in trigger parser (error: invalid issue activity type: 'demilestoned'. Valid types: opened, edited, closed, reopened, assigned, unassigned, labeled, unlabeled, deleted, transferred. Example: 'issue opened')
=== RUN   TestIssueActivityTypeEnumValidation/valid:_issue_locked
    pull_request_activity_types_test.go:428: Issue activity type "locked" is valid in GitHub Actions but not yet in trigger parser (error: invalid issue activity type: 'locked'. Valid types: opened, edited, closed, reopened, assigned, unassigned, labeled, unlabeled, deleted, transferred. Example: 'issue opened')
=== RUN   TestIssueActivityTypeEnumValidation/valid:_issue_unlocked
    pull_request_activity_types_test.go:428: Issue activity type "unlocked" is valid in GitHub Actions but not yet in trigger parser (error: invalid issue activity type: 'unlocked'. Valid types: opened, edited, closed, reopened, assigned, unassigned, labeled, unlabeled, deleted, transferred. Example: 'issue opened')
--- PASS: TestIssueActivityTypeEnumValidation (0.00s)
    --- PASS: TestIssueActivityTypeEnumValidation/valid:_issue_opened (0.00s)
    --- PASS: TestIssueActivityTypeEnumValidation/valid:_issue_edited (0.00s)
    --- PASS: TestIssueActivityTypeEnumValidation/valid:_issue_closed (0.00s)
    --- PASS: TestIssueActivityTypeEnumValidation/valid:_issue_reopened (0.00s)
    --- PASS: TestIssueActivityTypeEnumValidation/valid:_issue_assigned (0.00s)
    --- PASS: TestIssueActivityTypeEnumValidation/valid:_issue_unassigned (0.00s)
    --- PASS: TestIssueActivityTypeEnumValidation/valid:_issue_labeled (0.00s)
    --- PASS: TestIssueActivityTypeEnumValidation/valid:_issue_unlabeled (0.00s)
    --- PASS: TestIssueActivityTypeEnumValidation/valid:_issue_deleted (0.00s)
    --- PASS: TestIssueActivityTypeEnumValidation/valid:_issue_transferred (0.00s)
    --- PASS: TestIssueActivityTypeEnumValidation/valid:_issue_pinned (0.00s)
    --- PASS: TestIssueActivityTypeEnumValidation/valid:_issue_unpinned (0.00s)
    --- PASS: TestIssueActivityTypeEnumValidation/valid:_issue_milestoned (0.00s)
    --- PASS: TestIssueActivityTypeEnumValidation/valid:_issue_demilestoned (0.00s)
    --- PASS: TestIssueActivityTypeEnumValidation/valid:_issue_locked (0.00s)
    --- PASS: TestIssueActivityTypeEnumValidation/valid:_issue_unlocked (0.00s)
=== RUN   TestDiscussionActivityTypeEnumValidation
=== RUN   TestDiscussionActivityTypeEnumValidation/valid:_discussion_created
=== RUN   TestDiscussionActivityTypeEnumValidation/valid:_discussion_edited
=== RUN   TestDiscussionActivityTypeEnumValidation/valid:_discussion_deleted
=== RUN   TestDiscussionActivityTypeEnumValidation/valid:_discussion_transferred
=== RUN   TestDiscussionActivityTypeEnumValidation/valid:_discussion_pinned
=== RUN   TestDiscussionActivityTypeEnumValidation/valid:_discussion_unpinned
=== RUN   TestDiscussionActivityTypeEnumValidation/valid:_discussion_labeled
=== RUN   TestDiscussionActivityTypeEnumValidation/valid:_discussion_unlabeled
=== RUN   TestDiscussionActivityTypeEnumValidation/valid:_discussion_locked
=== RUN   TestDiscussionActivityTypeEnumValidation/valid:_discussion_unlocked
=== RUN   TestDiscussionActivityTypeEnumValidation/valid:_discussion_category_changed
=== RUN   TestDiscussionActivityTypeEnumValidation/valid:_discussion_answered
=== RUN   TestDiscussionActivityTypeEnumValidation/valid:_discussion_unanswered
--- PASS: TestDiscussionActivityTypeEnumValidation (0.00s)
    --- PASS: TestDiscussionActivityTypeEnumValidation/valid:_discussion_created (0.00s)
    --- PASS: TestDiscussionActivityTypeEnumValidation/valid:_discussion_edited (0.00s)
    --- PASS: TestDiscussionActivityTypeEnumValidation/valid:_discussion_deleted (0.00s)
    --- PASS: TestDiscussionActivityTypeEnumValidation/valid:_discussion_transferred (0.00s)
    --- PASS: TestDiscussionActivityTypeEnumValidation/valid:_discussion_pinned (0.00s)
    --- PASS: TestDiscussionActivityTypeEnumValidation/valid:_discussion_unpinned (0.00s)
    --- PASS: TestDiscussionActivityTypeEnumValidation/valid:_discussion_labeled (0.00s)
    --- PASS: TestDiscussionActivityTypeEnumValidation/valid:_discussion_unlabeled (0.00s)
    --- PASS: TestDiscussionActivityTypeEnumValidation/valid:_discussion_locked (0.00s)
    --- PASS: TestDiscussionActivityTypeEnumValidation/valid:_discussion_unlocked (0.00s)
    --- PASS: TestDiscussionActivityTypeEnumValidation/valid:_discussion_category_changed (0.00s)
    --- PASS: TestDiscussionActivityTypeEnumValidation/valid:_discussion_answered (0.00s)
    --- PASS: TestDiscussionActivityTypeEnumValidation/valid:_discussion_unanswered (0.00s)
=== RUN   TestPullRequestTargetValidation
=== RUN   TestPullRequestTargetValidation/pull_request_target_with_checkout_disabled_-_non-strict_-_sandbox_warning_only
/tmp/gh-aw-test-runs/20260704-173215-1254793/prt-validation-test4015053585/prt-checkout-false-non-strict.md: info: Tip: set permissions.copilot-requests: write to use GitHub Actions token-based inference with the Copilot engine instead of a personal access token (COPILOT_GITHUB_TOKEN). This option requires that your organization has centralized Copilot billing enabled and may not be available in all organizations — see https://github.github.com/gh-aw/reference/billing/ for details.

/tmp/gh-aw-test-runs/20260704-173215-1254793/prt-validation-test4015053585/prt-checkout-false-non-strict.md: warning: Agent sandbox disabled (sandbox.agent: false). This removes firewall protection. The AI agent will have direct network access without firewall filtering. The MCP gateway remains enabled. Only use this for testing or in controlled environments where you trust the AI agent completely.

✓ /tmp/gh-aw-test-runs/20260704-173215-1254793/prt-validation-test4015053585/prt-checkout-false-non-strict.md
=== RUN   TestPullRequestTargetValidation/pull_request_target_with_checkout_enabled_-_non-strict_-_should_warn
/tmp/gh-aw-test-runs/20260704-173215-1254793/prt-validation-test4015053585/prt-checkout-enabled-non-strict.md: warning: pull_request_target trigger with checkout enabled is extremely insecure.

This event runs with full write permissions and access to repository secrets,
but the workflow will check out code from a potentially untrusted PR contributor.
This is a well-known attack vector: a fork PR can inject malicious code that
executes with access to your repository's secrets ("pwn request" attack).

Suggested fix: Use one of these safe patterns:
1) Disable checkout entirely:
checkout: false

2) Check out only the trusted base repo/ref:
checkout:
  repository: ${{ github.repository }}
  ref: ${{ github.event.pull_request.base.sha }}

3) Check out only the trusted base repository and omit ref:
checkout:
  repository: ${{ github.repository }}

You can also use 'ref: ${{ github.event.pull_request.base.ref }}'.
See: https://securitylab.github.com/resources/github-actions-preventing-pwn-requests/

/tmp/gh-aw-test-runs/20260704-173215-1254793/prt-validation-test4015053585/prt-checkout-enabled-non-strict.md: info: Tip: set permissions.copilot-requests: write to use GitHub Actions token-based inference with the Copilot engine instead of a personal access token (COPILOT_GITHUB_TOKEN). This option requires that your organization has centralized Copilot billing enabled and may not be available in all organizations — see https://github.github.com/gh-aw/reference/billing/ for details.

/tmp/gh-aw-test-runs/20260704-173215-1254793/prt-validation-test4015053585/prt-checkout-enabled-non-strict.md: warning: Agent sandbox disabled (sandbox.agent: false). This removes firewall protection. The AI agent will have direct network access without firewall filtering. The MCP gateway remains enabled. Only use this for testing or in controlled environments where you trust the AI agent completely.

✓ /tmp/gh-aw-test-runs/20260704-173215-1254793/prt-validation-test4015053585/prt-checkout-enabled-non-strict.md
=== RUN   TestPullRequestTargetValidation/pull_request_target_with_trusted_checkout_-_non-strict_-_no_warnings_no_error
/tmp/gh-aw-test-runs/20260704-173215-1254793/prt-validation-test4015053585/prt-checkout-trusted-non-strict.md: info: Tip: set permissions.copilot-requests: write to use GitHub Actions token-based inference with the Copilot engine instead of a personal access token (COPILOT_GITHUB_TOKEN). This option requires that your organization has centralized Copilot billing enabled and may not be available in all organizations — see https://github.github.com/gh-aw/reference/billing/ for details.

✓ /tmp/gh-aw-test-runs/20260704-173215-1254793/prt-validation-test4015053585/prt-checkout-trusted-non-strict.md
=== RUN   TestPullRequestTargetValidation/pull_request_trigger_(not_target)_-_non-strict_-_no_diagnostic
/tmp/gh-aw-test-runs/20260704-173215-1254793/prt-validation-test4015053585/pr-non-strict.md: info: Tip: set permissions.copilot-requests: write to use GitHub Actions token-based inference with the Copilot engine instead of a personal access token (COPILOT_GITHUB_TOKEN). This option requires that your organization has centralized Copilot billing enabled and may not be available in all organizations — see https://github.github.com/gh-aw/reference/billing/ for details.

/tmp/gh-aw-test-runs/20260704-173215-1254793/prt-validation-test4015053585/pr-non-strict.md: warning: Agent sandbox disabled (sandbox.agent: false). This removes firewall protection. The AI agent will have direct network access without firewall filtering. The MCP gateway remains enabled. Only use this for testing or in controlled environments where you trust the AI agent completely.

✓ /tmp/gh-aw-test-runs/20260704-173215-1254793/prt-validation-test4015053585/pr-non-strict.md
=== RUN   TestPullRequestTargetValidation/push_trigger_-_non-strict_-_no_diagnostic
/tmp/gh-aw-test-runs/20260704-173215-1254793/prt-validation-test4015053585/push-non-strict.md: info: Tip: set permissions.copilot-requests: write to use GitHub Actions token-based inference with the Copilot engine instead of a personal access token (COPILOT_GITHUB_TOKEN). This option requires that your organization has centralized Copilot billing enabled and may not be available in all organizations — see https://github.github.com/gh-aw/reference/billing/ for details.

/tmp/gh-aw-test-runs/20260704-173215-1254793/prt-validation-test4015053585/push-non-strict.md: warning: Agent sandbox disabled (sandbox.agent: false). This removes firewall protection. The AI agent will have direct network access without firewall filtering. The MCP gateway remains enabled. Only use this for testing or in controlled environments where you trust the AI agent completely.

✓ /tmp/gh-aw-test-runs/20260704-173215-1254793/prt-validation-test4015053585/push-non-strict.md
=== RUN   TestPullRequestTargetValidation/pull_request_target_with_checkout_disabled_-_strict_-_dangerous-trigger_warning
/tmp/gh-aw-test-runs/20260704-173215-1254793/prt-validation-test4015053585/prt-checkout-false-strict.md: warning: pull_request_target is a very dangerous trigger.
This event runs with full write permissions and access to all repository secrets.
Unlike pull_request, it runs in the context of the target (base) branch, giving
the workflow elevated access even for PRs from untrusted fork contributors.
Even with checkout: false, consider whether pull_request_target is truly necessary.
If you only need to react to PR events without write access, use pull_request instead.
See: https://securitylab.github.com/resources/github-actions-preventing-pwn-requests/

/tmp/gh-aw-test-runs/20260704-173215-1254793/prt-validation-test4015053585/prt-checkout-false-strict.md: info: Tip: set permissions.copilot-requests: write to use GitHub Actions token-based inference with the Copilot engine instead of a personal access token (COPILOT_GITHUB_TOKEN). This option requires that your organization has centralized Copilot billing enabled and may not be available in all organizations — see https://github.github.com/gh-aw/reference/billing/ for details.

✓ /tmp/gh-aw-test-runs/20260704-173215-1254793/prt-validation-test4015053585/prt-checkout-false-strict.md
=== RUN   TestPullRequestTargetValidation/pull_request_target_with_checkout_enabled_-_strict_-_error_(extremely_insecure)
/tmp/gh-aw-test-runs/20260704-173215-1254793/prt-validation-test4015053585/prt-checkout-enabled-strict.md: warning: pull_request_target is a very dangerous trigger.
This event runs with full write permissions and access to all repository secrets.
Unlike pull_request, it runs in the context of the target (base) branch, giving
the workflow elevated access even for PRs from untrusted fork contributors.
Even with checkout: false, consider whether pull_request_target is truly necessary.
If you only need to react to PR events without write access, use pull_request instead.
See: https://securitylab.github.com/resources/github-actions-preventing-pwn-requests/

=== RUN   TestPullRequestTargetValidation/pull_request_target_with_explicit_checkout_pinned_to_base_sha_-_strict_-_warning_only
/tmp/gh-aw-test-runs/20260704-173215-1254793/prt-validation-test4015053585/prt-checkout-base-sha-strict.md: warning: pull_request_target is a very dangerous trigger.
This event runs with full write permissions and access to all repository secrets.
Unlike pull_request, it runs in the context of the target (base) branch, giving
the workflow elevated access even for PRs from untrusted fork contributors.
Even with checkout: false, consider whether pull_request_target is truly necessary.
If you only need to react to PR events without write access, use pull_request instead.
See: https://securitylab.github.com/resources/github-actions-preventing-pwn-requests/

/tmp/gh-aw-test-runs/20260704-173215-1254793/prt-validation-test4015053585/prt-checkout-base-sha-strict.md: info: Tip: set permissions.copilot-requests: write to use GitHub Actions token-based inference with the Copilot engine instead of a personal access token (COPILOT_GITHUB_TOKEN). This option requires that your organization has centralized Copilot billing enabled and may not be available in all organizations — see https://github.github.com/gh-aw/reference/billing/ for details.

✓ /tmp/gh-aw-test-runs/20260704-173215-1254793/prt-validation-test4015053585/prt-checkout-base-sha-strict.md
=== RUN   TestPullRequestTargetValidation/pull_request_target_with_explicit_checkout_default_ref_in_base_repo_-_strict_-_warning_only
/tmp/gh-aw-test-runs/20260704-173215-1254793/prt-validation-test4015053585/prt-checkout-base-repo-default-ref-strict.md: warning: pull_request_target is a very dangerous trigger.
This event runs with full write permissions and access to all repository secrets.
Unlike pull_request, it runs in the context of the target (base) branch, giving
the workflow elevated access even for PRs from untrusted fork contributors.
Even with checkout: false, consider whether pull_request_target is truly necessary.
If you only need to react to PR events without write access, use pull_request instead.
See: https://securitylab.github.com/resources/github-actions-preventing-pwn-requests/

/tmp/gh-aw-test-runs/20260704-173215-1254793/prt-validation-test4015053585/prt-checkout-base-repo-default-ref-strict.md: info: Tip: set permissions.copilot-requests: write to use GitHub Actions token-based inference with the Copilot engine instead of a personal access token (COPILOT_GITHUB_TOKEN). This option requires that your organization has centralized Copilot billing enabled and may not be available in all organizations — see https://github.github.com/gh-aw/reference/billing/ for details.

✓ /tmp/gh-aw-test-runs/20260704-173215-1254793/prt-validation-test4015053585/prt-checkout-base-repo-default-ref-strict.md
=== RUN   TestPullRequestTargetValidation/pull_request_target_with_trusted_checkout_expressions_using_compact_syntax_-_strict_-_warning_only
/tmp/gh-aw-test-runs/20260704-173215-1254793/prt-validation-test4015053585/prt-checkout-trusted-compact-expr-strict.md: warning: pull_request_target is a very dangerous trigger.
This event runs with full write permissions and access to all repository secrets.
Unlike pull_request, it runs in the context of the target (base) branch, giving
the workflow elevated access even for PRs from untrusted fork contributors.
Even with checkout: false, consider whether pull_request_target is truly necessary.
If you only need to react to PR events without write access, use pull_request instead.
See: https://securitylab.github.com/resources/github-actions-preventing-pwn-requests/

/tmp/gh-aw-test-runs/20260704-173215-1254793/prt-validation-test4015053585/prt-checkout-trusted-compact-expr-strict.md: info: Tip: set permissions.copilot-requests: write to use GitHub Actions token-based inference with the Copilot engine instead of a personal access token (COPILOT_GITHUB_TOKEN). This option requires that your organization has centralized Copilot billing enabled and may not be available in all organizations — see https://github.github.com/gh-aw/reference/billing/ for details.

✓ /tmp/gh-aw-test-runs/20260704-173215-1254793/prt-validation-test4015053585/prt-checkout-trusted-compact-expr-strict.md
=== RUN   TestPullRequestTargetValidation/pull_request_target_with_explicit_checkout_pinned_to_base_ref_expression_-_strict_-_warning_only
/tmp/gh-aw-test-runs/20260704-173215-1254793/prt-validation-test4015053585/prt-checkout-base-ref-strict.md: warning: pull_request_target is a very dangerous trigger.
This event runs with full write permissions and access to all repository secrets.
Unlike pull_request, it runs in the context of the target (base) branch, giving
the workflow elevated access even for PRs from untrusted fork contributors.
Even with checkout: false, consider whether pull_request_target is truly necessary.
If you only need to react to PR events without write access, use pull_request instead.
See: https://securitylab.github.com/resources/github-actions-preventing-pwn-requests/

/tmp/gh-aw-test-runs/20260704-173215-1254793/prt-validation-test4015053585/prt-checkout-base-ref-strict.md: info: Tip: set permissions.copilot-requests: write to use GitHub Actions token-based inference with the Copilot engine instead of a personal access token (COPILOT_GITHUB_TOKEN). This option requires that your organization has centralized Copilot billing enabled and may not be available in all organizations — see https://github.github.com/gh-aw/reference/billing/ for details.

✓ /tmp/gh-aw-test-runs/20260704-173215-1254793/prt-validation-test4015053585/prt-checkout-base-ref-strict.md
=== RUN   TestPullRequestTargetValidation/pull_request_target_with_unwrapped_trusted-looking_ref_string_-_strict_-_still_errors
/tmp/gh-aw-test-runs/20260704-173215-1254793/prt-validation-test4015053585/prt-checkout-unwrapped-ref-string-strict.md: warning: pull_request_target is a very dangerous trigger.
This event runs with full write permissions and access to all repository secrets.
Unlike pull_request, it runs in the context of the target (base) branch, giving
the workflow elevated access even for PRs from untrusted fork contributors.
Even with checkout: false, consider whether pull_request_target is truly necessary.
If you only need to react to PR events without write access, use pull_request instead.
See: https://securitylab.github.com/resources/github-actions-preventing-pwn-requests/

=== RUN   TestPullRequestTargetValidation/pull_request_target_with_mixed_trusted_and_untrusted_checkouts_-_strict_-_errors
/tmp/gh-aw-test-runs/20260704-173215-1254793/prt-validation-test4015053585/prt-checkout-mixed-strict.md: warning: pull_request_target is a very dangerous trigger.
This event runs with full write permissions and access to all repository secrets.
Unlike pull_request, it runs in the context of the target (base) branch, giving
the workflow elevated access even for PRs from untrusted fork contributors.
Even with checkout: false, consider whether pull_request_target is truly necessary.
If you only need to react to PR events without write access, use pull_request instead.
See: https://securitylab.github.com/resources/github-actions-preventing-pwn-requests/

=== RUN   TestPullRequestTargetValidation/pull_request_target_with_checkout_enabled_-_strict_CLI_+_frontmatter_strict_false_-_warning_only
/tmp/gh-aw-test-runs/20260704-173215-1254793/prt-validation-test4015053585/prt-checkout-enabled-strict-frontmatter-opt-out.md: warning: pull_request_target trigger with checkout enabled is extremely insecure.

This event runs with full write permissions and access to repository secrets,
but the workflow will check out code from a potentially untrusted PR contributor.
This is a well-known attack vector: a fork PR can inject malicious code that
executes with access to your repository's secrets ("pwn request" attack).

Suggested fix: Use one of these safe patterns:
1) Disable checkout entirely:
checkout: false

2) Check out only the trusted base repo/ref:
checkout:
  repository: ${{ github.repository }}
  ref: ${{ github.event.pull_request.base.sha }}

3) Check out only the trusted base repository and omit ref:
checkout:
  repository: ${{ github.repository }}

You can also use 'ref: ${{ github.event.pull_request.base.ref }}'.
See: https://securitylab.github.com/resources/github-actions-preventing-pwn-requests/

/tmp/gh-aw-test-runs/20260704-173215-1254793/prt-validation-test4015053585/prt-checkout-enabled-strict-frontmatter-opt-out.md: info: Tip: set permissions.copilot-requests: write to use GitHub Actions token-based inference with the Copilot engine instead of a personal access token (COPILOT_GITHUB_TOKEN). This option requires that your organization has centralized Copilot billing enabled and may not be available in all organizations — see https://github.github.com/gh-aw/reference/billing/ for details.

✓ /tmp/gh-aw-test-runs/20260704-173215-1254793/prt-validation-test4015053585/prt-checkout-enabled-strict-frontmatter-opt-out.md
=== RUN   TestPullRequestTargetValidation/pull_request_trigger_(not_target)_-_strict_-_no_diagnostic
/tmp/gh-aw-test-runs/20260704-173215-1254793/prt-validation-test4015053585/pr-strict.md: info: Tip: set permissions.copilot-requests: write to use GitHub Actions token-based inference with the Copilot engine instead of a personal access token (COPILOT_GITHUB_TOKEN). This option requires that your organization has centralized Copilot billing enabled and may not be available in all organizations — see https://github.github.com/gh-aw/reference/billing/ for details.

✓ /tmp/gh-aw-test-runs/20260704-173215-1254793/prt-validation-test4015053585/pr-strict.md
--- PASS: TestPullRequestTargetValidation (0.12s)
    --- PASS: TestPullRequestTargetValidation/pull_request_target_with_checkout_disabled_-_non-strict_-_sandbox_warning_only (0.01s)
    --- PASS: TestPullRequestTargetValidation/pull_request_target_with_checkout_enabled_-_non-strict_-_should_warn (0.01s)
    --- PASS: TestPullRequestTargetValidation/pull_request_target_with_trusted_checkout_-_non-strict_-_no_warnings_no_error (0.01s)
    --- PASS: TestPullRequestTargetValidation/pull_request_trigger_(not_target)_-_non-strict_-_no_diagnostic (0.01s)
    --- PASS: TestPullRequestTargetValidation/push_trigger_-_non-strict_-_no_diagnostic (0.01s)
    --- PASS: TestPullRequestTargetValidation/pull_request_target_with_checkout_disabled_-_strict_-_dangerous-trigger_warning (0.01s)
    --- PASS: TestPullRequestTargetValidation/pull_request_target_with_checkout_enabled_-_strict_-_error_(extremely_insecure) (0.00s)
    --- PASS: TestPullRequestTargetValidation/pull_request_target_with_explicit_checkout_pinned_to_base_sha_-_strict_-_warning_only (0.01s)
    --- PASS: TestPullRequestTargetValidation/pull_request_target_with_explicit_checkout_default_ref_in_base_repo_-_strict_-_warning_only (0.01s)
    --- PASS: TestPullRequestTargetValidation/pull_request_target_with_trusted_checkout_expressions_using_compact_syntax_-_strict_-_warning_only (0.01s)
    --- PASS: TestPullRequestTargetValidation/pull_request_target_with_explicit_checkout_pinned_to_base_ref_expression_-_strict_-_warning_only (0.01s)
    --- PASS: TestPullRequestTargetValidation/pull_request_target_with_unwrapped_trusted-looking_ref_string_-_strict_-_still_errors (0.00s)
    --- PASS: TestPullRequestTargetValidation/pull_request_target_with_mixed_trusted_and_untrusted_checkouts_-_strict_-_errors (0.00s)
    --- PASS: TestPullRequestTargetValidation/pull_request_target_with_checkout_enabled_-_strict_CLI_+_frontmatter_strict_false_-_warning_only (0.01s)
    --- PASS: TestPullRequestTargetValidation/pull_request_trigger_(not_target)_-_strict_-_no_diagnostic (0.01s)
=== RUN   TestMatchesGitHubExpression
=== PAUSE TestMatchesGitHubExpression
=== RUN   TestPushToPullRequestBranchConfigParsing
/tmp/gh-aw-test-runs/20260704-173215-1254793/test-1734774637/test-push-to-pull-request-branch.md: info: Tip: set permissions.copilot-requests: write to use GitHub Actions token-based inference with the Copilot engine instead of a personal access token (COPILOT_GITHUB_TOKEN). This option requires that your organization has centralized Copilot billing enabled and may not be available in all organizations — see https://github.github.com/gh-aw/reference/billing/ for details.

✓ /tmp/gh-aw-test-runs/20260704-173215-1254793/test-1734774637/test-push-to-pull-request-branch.md (104.6 KB)
--- PASS: TestPushToPullRequestBranchConfigParsing (0.01s)
=== RUN   TestPushToPullRequestBranchIgnoreMissingBranchFailureConfig
/tmp/gh-aw-test-runs/20260704-173215-1254793/test-815770231/test-push-to-pull-request-branch-ignore-missing.md: info: Tip: set permissions.copilot-requests: write to use GitHub Actions token-based inference with the Copilot engine instead of a personal access token (COPILOT_GITHUB_TOKEN). This option requires that your organization has centralized Copilot billing enabled and may not be available in all organizations — see https://github.github.com/gh-aw/reference/billing/ for details.

✓ /tmp/gh-aw-test-runs/20260704-173215-1254793/test-815770231/test-push-to-pull-request-branch-ignore-missing.md (105.3 KB)
--- PASS: TestPushToPullRequestBranchIgnoreMissingBranchFailureConfig (0.01s)
=== RUN   TestPushToPullRequestBranchFallbackAsPullRequestDisabled
/tmp/gh-aw-test-runs/20260704-173215-1254793/test-494554368/test-push-to-pull-request-branch-fallback-disabled.md: info: Tip: set permissions.copilot-requests: write to use GitHub Actions token-based inference with the Copilot engine instead of a personal access token (COPILOT_GITHUB_TOKEN). This option requires that your organization has centralized Copilot billing enabled and may not be available in all organizations — see https://github.github.com/gh-aw/reference/billing/ for details.

✓ /tmp/gh-aw-test-runs/20260704-173215-1254793/test-494554368/test-push-to-pull-request-branch-fallback-disabled.md (105.2 KB)
--- PASS: TestPushToPullRequestBranchFallbackAsPullRequestDisabled (0.03s)
=== RUN   TestPushToPullRequestBranchSignedCommitsDisabled
/tmp/gh-aw-test-runs/20260704-173215-1254793/test-648800492/test-push-to-pull-request-branch-signed-commits-disabled.md: info: Tip: set permissions.copilot-requests: write to use GitHub Actions token-based inference with the Copilot engine instead of a personal access token (COPILOT_GITHUB_TOKEN). This option requires that your organization has centralized Copilot billing enabled and may not be available in all organizations — see https://github.github.com/gh-aw/reference/billing/ for details.

✓ /tmp/gh-aw-test-runs/20260704-173215-1254793/test-648800492/test-push-to-pull-request-branch-signed-commits-disabled.md (105.4 KB)
--- PASS: TestPushToPullRequestBranchSignedCommitsDisabled (0.03s)
=== RUN   TestPushToPullRequestBranchFallbackAsPullRequestEnabled
/tmp/gh-aw-test-runs/20260704-173215-1254793/test-1790229360/test-push-to-pull-request-branch-fallback-enabled.md: info: Tip: set permissions.copilot-requests: write to use GitHub Actions token-based inference with the Copilot engine instead of a personal access token (COPILOT_GITHUB_TOKEN). This option requires that your organization has centralized Copilot billing enabled and may not be available in all organizations — see https://github.github.com/gh-aw/reference/billing/ for details.

✓ /tmp/gh-aw-test-runs/20260704-173215-1254793/test-1790229360/test-push-to-pull-request-branch-fallback-enabled.md (105.2 KB)
--- PASS: TestPushToPullRequestBranchFallbackAsPullRequestEnabled (0.03s)
=== RUN   TestPushToPullRequestBranchWithTargetAsterisk
/tmp/gh-aw-test-runs/20260704-173215-1254793/test-2196101722/test-push-to-pull-request-branch-asterisk.md: info: Tip: set permissions.copilot-requests: write to use GitHub Actions token-based inference with the Copilot engine instead of a personal access token (COPILOT_GITHUB_TOKEN). This option requires that your organization has centralized Copilot billing enabled and may not be available in all organizations — see https://github.github.com/gh-aw/reference/billing/ for details.

⚠ push-to-pull-request-branch: target: "*" requires that all PR branches are fetched at checkout.
Your checkout configuration does not include a wildcard fetch pattern (e.g., fetch: ["*"]).
Without this the agent may fail to access PR branches when pushing.

Add a wildcard fetch to your checkout configuration:

  checkout:
    fetch: ["*"]      # fetch all remote branches
    fetch-depth: 0   # fetch full history
⚠ push-to-pull-request-branch: target: "*" allows pushing to any PR branch with no additional constraints.
Consider adding required-title-prefix: or required-labels: to restrict which PRs can receive pushes.

Example:

  push-to-pull-request-branch:
    target: "*"
    required-title-prefix: "[bot] "  # only PRs whose title starts with this prefix
    required-labels: [automated]      # only PRs that carry all of these labels
✓ /tmp/gh-aw-test-runs/20260704-173215-1254793/test-2196101722/test-push-to-pull-request-branch-asterisk.md (104.9 KB)
--- PASS: TestPushToPullRequestBranchWithTargetAsterisk (0.01s)
=== RUN   TestPushToPullRequestBranchDefaultBranch
/tmp/gh-aw-test-runs/20260704-173215-1254793/test-1645482008/test-push-to-pull-request-branch-default-branch.md: info: Tip: set permissions.copilot-requests: write to use GitHub Actions token-based inference with the Copilot engine instead of a personal access token (COPILOT_GITHUB_TOKEN). This option requires that your organization has centralized Copilot billing enabled and may not be available in all organizations — see https://github.github.com/gh-aw/reference/billing/ for details.

✓ /tmp/gh-aw-test-runs/20260704-173215-1254793/test-1645482008/test-push-to-pull-request-branch-default-branch.md (105.1 KB)
--- PASS: TestPushToPullRequestBranchDefaultBranch (0.01s)
=== RUN   TestPushToPullRequestBranchNullConfig
/tmp/gh-aw-test-runs/20260704-173215-1254793/test-1708164895/test-push-to-pull-request-branch-null-config.md: info: Tip: set permissions.copilot-requests: write to use GitHub Actions token-based inference with the Copilot engine instead of a personal access token (COPILOT_GITHUB_TOKEN). This option requires that your organization has centralized Copilot billing enabled and may not be available in all organizations — see https://github.github.com/gh-aw/reference/billing/ for details.

✓ /tmp/gh-aw-test-runs/20260704-173215-1254793/test-1708164895/test-push-to-pull-request-branch-null-config.md (104.9 KB)
--- PASS: TestPushToPullRequestBranchNullConfig (0.01s)
=== RUN   TestPushToPullRequestBranchMinimalConfig
/tmp/gh-aw-test-runs/20260704-173215-1254793/test-1273262402/test-push-to-pull-request-branch-minimal.md: info: Tip: set permissions.copilot-requests: write to use GitHub Actions token-based inference with the Copilot engine instead of a personal access token (COPILOT_GITHUB_TOKEN). This option requires that your organization has centralized Copilot billing enabled and may not be available in all organizations — see https://github.github.com/gh-aw/reference/billing/ for details.

✓ /tmp/gh-aw-test-runs/20260704-173215-1254793/test-1273262402/test-push-to-pull-request-branch-minimal.md (104.8 KB)
--- PASS: TestPushToPullRequestBranchMinimalConfig (0.01s)
=== RUN   TestPushToPullRequestBranchWithIfNoChangesError
/tmp/gh-aw-test-runs/20260704-173215-1254793/test-292831989/test-push-to-pull-request-branch-error.md: info: Tip: set permissions.copilot-requests: write to use GitHub Actions token-based inference with the Copilot engine instead of a personal access token (COPILOT_GITHUB_TOKEN). This option requires that your organization has centralized Copilot billing enabled and may not be available in all organizations — see https://github.github.com/gh-aw/reference/billing/ for details.

✓ /tmp/gh-aw-test-runs/20260704-173215-1254793/test-292831989/test-push-to-pull-request-branch-error.md (105.1 KB)
--- PASS: TestPushToPullRequestBranchWithIfNoChangesError (0.01s)
=== RUN   TestPushToPullRequestBranchWithIfNoChangesIgnore
/tmp/gh-aw-test-runs/20260704-173215-1254793/test-967677429/test-push-to-pull-request-branch-ignore.md: info: Tip: set permissions.copilot-requests: write to use GitHub Actions token-based inference with the Copilot engine instead of a personal access token (COPILOT_GITHUB_TOKEN). This option requires that your organization has centralized Copilot billing enabled and may not be available in all organizations — see https://github.github.com/gh-aw/reference/billing/ for details.

✓ /tmp/gh-aw-test-runs/20260704-173215-1254793/test-967677429/test-push-to-pull-request-branch-ignore.md (105.1 KB)
--- PASS: TestPushToPullRequestBranchWithIfNoChangesIgnore (0.01s)
=== RUN   TestPushToPullRequestBranchDefaultIfNoChanges
/tmp/gh-aw-test-runs/20260704-173215-1254793/test-2744481324/test-push-to-pull-request-branch-default-if-no-changes.md: info: Tip: set permissions.copilot-requests: write to use GitHub Actions token-based inference with the Copilot engine instead of a personal access token (COPILOT_GITHUB_TOKEN). This option requires that your organization has centralized Copilot billing enabled and may not be available in all organizations — see https://github.github.com/gh-aw/reference/billing/ for details.

✓ /tmp/gh-aw-test-runs/20260704-173215-1254793/test-2744481324/test-push-to-pull-request-branch-default-if-no-changes.md (105.3 KB)
--- PASS: TestPushToPullRequestBranchDefaultIfNoChanges (0.01s)
=== RUN   TestPushToPullRequestBranchExplicitTriggering
/tmp/gh-aw-test-runs/20260704-173215-1254793/test-302887204/test-push-to-pull-request-branch-explicit-triggering.md: info: Tip: set permissions.copilot-requests: write to use GitHub Actions token-based inference with the Copilot engine instead of a personal access token (COPILOT_GITHUB_TOKEN). This option requires that your organization has centralized Copilot billing enabled and may not be available in all organizations — see https://github.github.com/gh-aw/reference/billing/ for details.

✓ /tmp/gh-aw-test-runs/20260704-173215-1254793/test-302887204/test-push-to-pull-request-branch-explicit-triggering.md (105.3 KB)
--- PASS: TestPushToPullRequestBranchExplicitTriggering (0.01s)
=== RUN   TestPushToPullRequestBranchWithTitlePrefix
/tmp/gh-aw-test-runs/20260704-173215-1254793/test-3074393524/test-push-to-pull-request-branch-title-prefix.md: info: Tip: set permissions.copilot-requests: write to use GitHub Actions token-based inference with the Copilot engine instead of a personal access token (COPILOT_GITHUB_TOKEN). This option requires that your organization has centralized Copilot billing enabled and may not be available in all organizations — see https://github.github.com/gh-aw/reference/billing/ for details.

✓ /tmp/gh-aw-test-runs/20260704-173215-1254793/test-3074393524/test-push-to-pull-request-branch-title-prefix.md (105.3 KB)
--- PASS: TestPushToPullRequestBranchWithTitlePrefix (0.01s)
=== RUN   TestPushToPullRequestBranchWithRequiredLabels
/tmp/gh-aw-test-runs/20260704-173215-1254793/test-3626078936/test-push-to-pull-request-branch-labels.md: info: Tip: set permissions.copilot-requests: write to use GitHub Actions token-based inference with the Copilot engine instead of a personal access token (COPILOT_GITHUB_TOKEN). This option requires that your organization has centralized Copilot billing enabled and may not be available in all organizations — see https://github.github.com/gh-aw/reference/billing/ for details.

✓ /tmp/gh-aw-test-runs/20260704-173215-1254793/test-3626078936/test-push-to-pull-request-branch-labels.md (105.1 KB)
--- PASS: TestPushToPullRequestBranchWithRequiredLabels (0.01s)
=== RUN   TestPushToPullRequestBranchWithTitlePrefixAndRequiredLabels
/tmp/gh-aw-test-runs/20260704-173215-1254793/test-189777086/test-push-to-pull-request-branch-title-prefix-and-labels.md: info: Tip: set permissions.copilot-requests: write to use GitHub Actions token-based inference with the Copilot engine instead of a personal access token (COPILOT_GITHUB_TOKEN). This option requires that your organization has centralized Copilot billing enabled and may not be available in all organizations — see https://github.github.com/gh-aw/reference/billing/ for details.

✓ /tmp/gh-aw-test-runs/20260704-173215-1254793/test-189777086/test-push-to-pull-request-branch-title-prefix-and-labels.md (105.9 KB)
--- PASS: TestPushToPullRequestBranchWithTitlePrefixAndRequiredLabels (0.01s)
=== RUN   TestPushToPullRequestBranchWithCommitTitleSuffix
/tmp/gh-aw-test-runs/20260704-173215-1254793/test-371762095/test-push-to-pull-request-branch-commit-title-suffix.md: info: Tip: set permissions.copilot-requests: write to use GitHub Actions token-based inference with the Copilot engine instead of a personal access token (COPILOT_GITHUB_TOKEN). This option requires that your organization has centralized Copilot billing enabled and may not be available in all organizations — see https://github.github.com/gh-aw/reference/billing/ for details.

✓ /tmp/gh-aw-test-runs/20260704-173215-1254793/test-371762095/test-push-to-pull-request-branch-commit-title-suffix.md (105.4 KB)
--- PASS: TestPushToPullRequestBranchWithCommitTitleSuffix (0.01s)
=== RUN   TestPushToPullRequestBranchNoWorkingDirectory
/tmp/gh-aw-test-runs/20260704-173215-1254793/test-2783606510/test-push-no-working-dir.md: info: Tip: set permissions.copilot-requests: write to use GitHub Actions token-based inference with the Copilot engine instead of a personal access token (COPILOT_GITHUB_TOKEN). This option requires that your organization has centralized Copilot billing enabled and may not be available in all organizations — see https://github.github.com/gh-aw/reference/billing/ for details.

✓ /tmp/gh-aw-test-runs/20260704-173215-1254793/test-2783606510/test-push-no-working-dir.md (104.8 KB)
--- PASS: TestPushToPullRequestBranchNoWorkingDirectory (0.01s)
=== RUN   TestPushToPullRequestBranchActivationCommentEnvVars
/tmp/gh-aw-test-runs/20260704-173215-1254793/test-3246492924/test-push-activation-comment.md: info: Tip: set permissions.copilot-requests: write to use GitHub Actions token-based inference with the Copilot engine instead of a personal access token (COPILOT_GITHUB_TOKEN). This option requires that your organization has centralized Copilot billing enabled and may not be available in all organizations — see https://github.github.com/gh-aw/reference/billing/ for details.

✓ /tmp/gh-aw-test-runs/20260704-173215-1254793/test-3246492924/test-push-activation-comment.md (108.0 KB)
--- PASS: TestPushToPullRequestBranchActivationCommentEnvVars (0.01s)
=== RUN   TestPushToPullRequestBranchPatchArtifactDownload
/tmp/gh-aw-test-runs/20260704-173215-1254793/test-3132011230/test-push-patch-download.md: info: Tip: set permissions.copilot-requests: write to use GitHub Actions token-based inference with the Copilot engine instead of a personal access token (COPILOT_GITHUB_TOKEN). This option requires that your organization has centralized Copilot billing enabled and may not be available in all organizations — see https://github.github.com/gh-aw/reference/billing/ for details.

✓ /tmp/gh-aw-test-runs/20260704-173215-1254793/test-3132011230/test-push-patch-download.md (104.6 KB)
--- PASS: TestPushToPullRequestBranchPatchArtifactDownload (0.01s)
=== RUN   TestPushToPullRequestBranchCheckBranchProtectionFalse
/tmp/gh-aw-test-runs/20260704-173215-1254793/test-3600298219/test-push-to-pull-request-branch-no-protection-check.md: info: Tip: set permissions.copilot-requests: write to use GitHub Actions token-based inference with the Copilot engine instead of a personal access token (COPILOT_GITHUB_TOKEN). This option requires that your organization has centralized Copilot billing enabled and may not be available in all organizations — see https://github.github.com/gh-aw/reference/billing/ for details.

✓ /tmp/gh-aw-test-runs/20260704-173215-1254793/test-3600298219/test-push-to-pull-request-branch-no-protection-check.md (105.5 KB)
--- PASS: TestPushToPullRequestBranchCheckBranchProtectionFalse (0.03s)
=== RUN   TestPushToPullRequestBranchCheckBranchProtectionDefaultOmitted
/tmp/gh-aw-test-runs/20260704-173215-1254793/test-3384129015/test-push-to-pull-request-branch-default-protection.md: info: Tip: set permissions.copilot-requests: write to use GitHub Actions token-based inference with the Copilot engine instead of a personal access token (COPILOT_GITHUB_TOKEN). This option requires that your organization has centralized Copilot billing enabled and may not be available in all organizations — see https://github.github.com/gh-aw/reference/billing/ for details.

✓ /tmp/gh-aw-test-runs/20260704-173215-1254793/test-3384129015/test-push-to-pull-request-branch-default-protection.md (105.4 KB)
--- PASS: TestPushToPullRequestBranchCheckBranchProtectionDefaultOmitted (0.03s)
=== RUN   TestPushToPullRequestBranchWildcardFetchWarning
=== RUN   TestPushToPullRequestBranchWildcardFetchWarning/target=*_without_wildcard_fetch_emits_warning
=== RUN   TestPushToPullRequestBranchWildcardFetchWarning/target=*_with_fetch=[*]_does_not_emit_warning
=== RUN   TestPushToPullRequestBranchWildcardFetchWarning/target=*_with_wildcard_glob_fetch_does_not_emit_warning
=== RUN   TestPushToPullRequestBranchWildcardFetchWarning/target=triggering_does_not_emit_warning
=== RUN   TestPushToPullRequestBranchWildcardFetchWarning/no_push-to-pull-request-branch_does_not_emit_warning
=== RUN   TestPushToPullRequestBranchWildcardFetchWarning/target=*_with_non-wildcard_fetch_emits_warning
--- PASS: TestPushToPullRequestBranchWildcardFetchWarning (0.08s)
    --- PASS: TestPushToPullRequestBranchWildcardFetchWarning/target=*_without_wildcard_fetch_emits_warning (0.01s)
    --- PASS: TestPushToPullRequestBranchWildcardFetchWarning/target=*_with_fetch=[*]_does_not_emit_warning (0.01s)
    --- PASS: TestPushToPullRequestBranchWildcardFetchWarning/target=*_with_wildcard_glob_fetch_does_not_emit_warning (0.01s)
    --- PASS: TestPushToPullRequestBranchWildcardFetchWarning/target=triggering_does_not_emit_warning (0.02s)
    --- PASS: TestPushToPullRequestBranchWildcardFetchWarning/no_push-to-pull-request-branch_does_not_emit_warning (0.01s)
    --- PASS: TestPushToPullRequestBranchWildcardFetchWarning/target=*_with_non-wildcard_fetch_emits_warning (0.01s)
=== RUN   TestPushToPullRequestBranchNoConstraintsWarning
=== RUN   TestPushToPullRequestBranchNoConstraintsWarning/target=*_without_constraints_emits_warning
=== RUN   TestPushToPullRequestBranchNoConstraintsWarning/target=*_with_required-title-prefix_and_required-labels_does_not_emit_constraint_warning
=== RUN   TestPushToPullRequestBranchNoConstraintsWarning/target=*_with_required-labels_does_not_emit_constraint_warning
=== RUN   TestPushToPullRequestBranchNoConstraintsWarning/target=*_with_both_title-prefix_and_required-labels_does_not_emit_constraint_warning
=== RUN   TestPushToPullRequestBranchNoConstraintsWarning/target=triggering_without_constraints_does_not_emit_warning
--- PASS: TestPushToPullRequestBranchNoConstraintsWarning (0.06s)
    --- PASS: TestPushToPullRequestBranchNoConstraintsWarning/target=*_without_constraints_emits_warning (0.01s)
    --- PASS: TestPushToPullRequestBranchNoConstraintsWarning/target=*_with_required-title-prefix_and_required-labels_does_not_emit_constraint_warning (0.02s)
    --- PASS: TestPushToPullRequestBranchNoConstraintsWarning/target=*_with_required-labels_does_not_emit_constraint_warning (0.01s)
    --- PASS: TestPushToPullRequestBranchNoConstraintsWarning/target=*_with_both_title-prefix_and_required-labels_does_not_emit_constraint_warning (0.01s)
    --- PASS: TestPushToPullRequestBranchNoConstraintsWarning/target=triggering_without_constraints_does_not_emit_warning (0.01s)
=== RUN   TestHasWildcardFetch
=== RUN   TestHasWildcardFetch/nil_configs
=== RUN   TestHasWildcardFetch/empty_configs
=== RUN   TestHasWildcardFetch/no_fetch
=== RUN   TestHasWildcardFetch/exact_ref_no_wildcard
=== RUN   TestHasWildcardFetch/star_wildcard
=== RUN   TestHasWildcardFetch/glob_wildcard
=== RUN   TestHasWildcardFetch/multiple_refs_one_wildcard
=== RUN   TestHasWildcardFetch/multiple_configs_one_with_wildcard
=== RUN   TestHasWildcardFetch/multiple_configs_none_with_wildcard
--- PASS: TestHasWildcardFetch (0.00s)
    --- PASS: TestHasWildcardFetch/nil_configs (0.00s)
    --- PASS: TestHasWildcardFetch/empty_configs (0.00s)
    --- PASS: TestHasWildcardFetch/no_fetch (0.00s)
    --- PASS: TestHasWildcardFetch/exact_ref_no_wildcard (0.00s)
    --- PASS: TestHasWildcardFetch/star_wildcard (0.00s)
    --- PASS: TestHasWildcardFetch/glob_wildcard (0.00s)
    --- PASS: TestHasWildcardFetch/multiple_refs_one_wildcard (0.00s)
    --- PASS: TestHasWildcardFetch/multiple_configs_one_with_wildcard (0.00s)
    --- PASS: TestHasWildcardFetch/multiple_configs_none_with_wildcard (0.00s)
=== RUN   TestCommandWorkflowWithReactionNone
⚠ The 'command:' trigger field is deprecated. Please use 'slash_command:' instead.
⚠ The 'command:' trigger field is deprecated. Please use 'slash_command:' instead.
/tmp/gh-aw-test-runs/20260704-173215-1254793/reaction-none-test3684253569/test-command-bot.md: info: Tip: set permissions.copilot-requests: write to use GitHub Actions token-based inference with the Copilot engine instead of a personal access token (COPILOT_GITHUB_TOKEN). This option requires that your organization has centralized Copilot billing enabled and may not be available in all organizations — see https://github.github.com/gh-aw/reference/billing/ for details.

✓ /tmp/gh-aw-test-runs/20260704-173215-1254793/reaction-none-test3684253569/test-command-bot.md (104.5 KB)
--- PASS: TestCommandWorkflowWithReactionNone (0.02s)
=== RUN   TestCommandWorkflowDefaultReaction
⚠ The 'command:' trigger field is deprecated. Please use 'slash_command:' instead.
⚠ The 'command:' trigger field is deprecated. Please use 'slash_command:' instead.
/tmp/gh-aw-test-runs/20260704-173215-1254793/reaction-default-test951183064/test-command-bot-default.md: info: Tip: set permissions.copilot-requests: write to use GitHub Actions token-based inference with the Copilot engine instead of a personal access token (COPILOT_GITHUB_TOKEN). This option requires that your organization has centralized Copilot billing enabled and may not be available in all organizations — see https://github.github.com/gh-aw/reference/billing/ for details.

✓ /tmp/gh-aw-test-runs/20260704-173215-1254793/reaction-default-test951183064/test-command-bot-default.md (107.9 KB)
--- PASS: TestCommandWorkflowDefaultReaction (0.02s)
=== RUN   TestCommandWorkflowExplicitReaction
⚠ The 'command:' trigger field is deprecated. Please use 'slash_command:' instead.
⚠ The 'command:' trigger field is deprecated. Please use 'slash_command:' instead.
/tmp/gh-aw-test-runs/20260704-173215-1254793/reaction-explicit-test3004070945/test-command-bot-rocket.md: info: Tip: set permissions.copilot-requests: write to use GitHub Actions token-based inference with the Copilot engine instead of a personal access token (COPILOT_GITHUB_TOKEN). This option requires that your organization has centralized Copilot billing enabled and may not be available in all organizations — see https://github.github.com/gh-aw/reference/billing/ for details.

✓ /tmp/gh-aw-test-runs/20260704-173215-1254793/reaction-explicit-test3004070945/test-command-bot-rocket.md (107.9 KB)
--- PASS: TestCommandWorkflowExplicitReaction (0.02s)
=== RUN   TestIssueTemplateWorkflowWithReaction
/tmp/gh-aw-test-runs/20260704-173215-1254793/reaction-issue-template-test2352348267/test-issue-template.md: info: Tip: set permissions.copilot-requests: write to use GitHub Actions token-based inference with the Copilot engine instead of a personal access token (COPILOT_GITHUB_TOKEN). This option requires that your organization has centralized Copilot billing enabled and may not be available in all organizations — see https://github.github.com/gh-aw/reference/billing/ for details.

✓ /tmp/gh-aw-test-runs/20260704-173215-1254793/reaction-issue-template-test2352348267/test-issue-template.md (107.3 KB)
--- PASS: TestIssueTemplateWorkflowWithReaction (0.03s)
=== RUN   TestReactionJobOutputs
--- PASS: TestReactionJobOutputs (0.01s)
=== RUN   TestReactionJobWorkflowName
--- PASS: TestReactionJobWorkflowName (0.00s)
=== RUN   TestIsValidReaction
=== RUN   TestIsValidReaction/+1_is_valid
=== RUN   TestIsValidReaction/-1_is_valid
=== RUN   TestIsValidReaction/laugh_is_valid
=== RUN   TestIsValidReaction/confused_is_valid
=== RUN   TestIsValidReaction/heart_is_valid
=== RUN   TestIsValidReaction/hooray_is_valid
=== RUN   TestIsValidReaction/rocket_is_valid
=== RUN   TestIsValidReaction/eyes_is_valid
=== RUN   TestIsValidReaction/none_is_valid
=== RUN   TestIsValidReaction/invalid_reaction
=== RUN   TestIsValidReaction/empty_string_is_invalid
=== RUN   TestIsValidReaction/random_string_is_invalid
=== RUN   TestIsValidReaction/case_sensitive_-_uppercase_invalid
=== RUN   TestIsValidReaction/case_sensitive_-_mixed_case_invalid
--- PASS: TestIsValidReaction (0.00s)
    --- PASS: TestIsValidReaction/+1_is_valid (0.00s)
    --- PASS: TestIsValidReaction/-1_is_valid (0.00s)
    --- PASS: TestIsValidReaction/laugh_is_valid (0.00s)
    --- PASS: TestIsValidReaction/confused_is_valid (0.00s)
    --- PASS: TestIsValidReaction/heart_is_valid (0.00s)
    --- PASS: TestIsValidReaction/hooray_is_valid (0.00s)
    --- PASS: TestIsValidReaction/rocket_is_valid (0.00s)
    --- PASS: TestIsValidReaction/eyes_is_valid (0.00s)
    --- PASS: TestIsValidReaction/none_is_valid (0.00s)
    --- PASS: TestIsValidReaction/invalid_reaction (0.00s)
    --- PASS: TestIsValidReaction/empty_string_is_invalid (0.00s)
    --- PASS: TestIsValidReaction/random_string_is_invalid (0.00s)
    --- PASS: TestIsValidReaction/case_sensitive_-_uppercase_invalid (0.00s)
    --- PASS: TestIsValidReaction/case_sensitive_-_mixed_case_invalid (0.00s)
=== RUN   TestGetValidReactions
--- PASS: TestGetValidReactions (0.00s)
=== RUN   TestValidReactionsMap
--- PASS: TestValidReactionsMap (0.00s)
=== RUN   TestParseReactionValue
=== RUN   TestParseReactionValue/string_+1
=== RUN   TestParseReactionValue/string_-1
=== RUN   TestParseReactionValue/string_eyes
=== RUN   TestParseReactionValue/string_rocket
=== RUN   TestParseReactionValue/int_1_becomes_+1
=== RUN   TestParseReactionValue/int_-1_becomes_-1
=== RUN   TestParseReactionValue/int64_1_becomes_+1
=== RUN   TestParseReactionValue/int64_-1_becomes_-1
=== RUN   TestParseReactionValue/uint64_1_becomes_+1
=== RUN   TestParseReactionValue/int_2_is_invalid
=== RUN   TestParseReactionValue/int_0_is_invalid
=== RUN   TestParseReactionValue/int64_5_is_invalid
=== RUN   TestParseReactionValue/uint64_2_is_invalid
=== RUN   TestParseReactionValue/float_1.0_becomes_+1
=== RUN   TestParseReactionValue/float_-1.0_becomes_-1
=== RUN   TestParseReactionValue/float_2.0_is_invalid
=== RUN   TestParseReactionValue/bool_is_invalid
=== RUN   TestParseReactionValue/nil_is_invalid
--- PASS: TestParseReactionValue (0.00s)
    --- PASS: TestParseReactionValue/string_+1 (0.00s)
    --- PASS: TestParseReactionValue/string_-1 (0.00s)
    --- PASS: TestParseReactionValue/string_eyes (0.00s)
    --- PASS: TestParseReactionValue/string_rocket (0.00s)
    --- PASS: TestParseReactionValue/int_1_becomes_+1 (0.00s)
    --- PASS: TestParseReactionValue/int_-1_becomes_-1 (0.00s)
    --- PASS: TestParseReactionValue/int64_1_becomes_+1 (0.00s)
    --- PASS: TestParseReactionValue/int64_-1_becomes_-1 (0.00s)
    --- PASS: TestParseReactionValue/uint64_1_becomes_+1 (0.00s)
    --- PASS: TestParseReactionValue/int_2_is_invalid (0.00s)
    --- PASS: TestParseReactionValue/int_0_is_invalid (0.00s)
    --- PASS: TestParseReactionValue/int64_5_is_invalid (0.00s)
    --- PASS: TestParseReactionValue/uint64_2_is_invalid (0.00s)
    --- PASS: TestParseReactionValue/float_1.0_becomes_+1 (0.00s)
    --- PASS: TestParseReactionValue/float_-1.0_becomes_-1 (0.00s)
    --- PASS: TestParseReactionValue/float_2.0_is_invalid (0.00s)
    --- PASS: TestParseReactionValue/bool_is_invalid (0.00s)
    --- PASS: TestParseReactionValue/nil_is_invalid (0.00s)
=== RUN   TestIntToReactionString
=== RUN   TestIntToReactionString/1_becomes_+1
=== RUN   TestIntToReactionString/-1_becomes_-1
=== RUN   TestIntToReactionString/0_is_invalid
=== RUN   TestIntToReactionString/2_is_invalid
=== RUN   TestIntToReactionString/-2_is_invalid
=== RUN   TestIntToReactionString/100_is_invalid
--- PASS: TestIntToReactionString (0.00s)
    --- PASS: TestIntToReactionString/1_becomes_+1 (0.00s)
    --- PASS: TestIntToReactionString/-1_becomes_-1 (0.00s)
    --- PASS: TestIntToReactionString/0_is_invalid (0.00s)
    --- PASS: TestIntToReactionString/2_is_invalid (0.00s)
    --- PASS: TestIntToReactionString/-2_is_invalid (0.00s)
    --- PASS: TestIntToReactionString/100_is_invalid (0.00s)
=== RUN   TestParseReactionConfigMap
--- PASS: TestParseReactionConfigMap (0.00s)
=== RUN   TestParseReactionConfigMapAllTargetsDisabled
--- PASS: TestParseReactionConfigMapAllTargetsDisabled (0.00s)
=== RUN   TestCollectSecretReferences
=== RUN   TestCollectSecretReferences/Single_secret_reference
=== RUN   TestCollectSecretReferences/Multiple_secret_references
=== RUN   TestCollectSecretReferences/Secret_references_with_OR_fallback
=== RUN   TestCollectSecretReferences/Duplicate_secret_references
=== RUN   TestCollectSecretReferences/No_secret_references
=== RUN   TestCollectSecretReferences/Mixed_case_-_only_uppercase_secrets
--- PASS: TestCollectSecretReferences (0.00s)
    --- PASS: TestCollectSecretReferences/Single_secret_reference (0.00s)
    --- PASS: TestCollectSecretReferences/Multiple_secret_references (0.00s)
    --- PASS: TestCollectSecretReferences/Secret_references_with_OR_fallback (0.00s)
    --- PASS: TestCollectSecretReferences/Duplicate_secret_references (0.00s)
    --- PASS: TestCollectSecretReferences/No_secret_references (0.00s)
    --- PASS: TestCollectSecretReferences/Mixed_case_-_only_uppercase_secrets (0.00s)
=== RUN   TestEscapeSingleQuoteBackslash
--- PASS: TestEscapeSingleQuoteBackslash (0.00s)
=== RUN   TestCollectActionReferences
=== RUN   TestCollectActionReferences/Single_external_action
=== RUN   TestCollectActionReferences/Multiple_external_actions_deduplicated
=== RUN   TestCollectActionReferences/Local_actions_are_excluded
=== RUN   TestCollectActionReferences/Action_without_inline_tag
=== RUN   TestCollectActionReferences/No_external_actions
=== RUN   TestCollectActionReferences/Only_local_actions
=== RUN   TestCollectActionReferences/Mixed_local_and_external
--- PASS: TestCollectActionReferences (0.00s)
    --- PASS: TestCollectActionReferences/Single_external_action (0.00s)
    --- PASS: TestCollectActionReferences/Multiple_external_actions_deduplicated (0.00s)
    --- PASS: TestCollectActionReferences/Local_actions_are_excluded (0.00s)
    --- PASS: TestCollectActionReferences/Action_without_inline_tag (0.00s)
    --- PASS: TestCollectActionReferences/No_external_actions (0.00s)
    --- PASS: TestCollectActionReferences/Only_local_actions (0.00s)
    --- PASS: TestCollectActionReferences/Mixed_local_and_external (0.00s)
=== RUN   TestLockFileHeaderOrder
/tmp/gh-aw-test-runs/20260704-173215-1254793/lock-header-order-test4233597318/test-workflow.md: info: Tip: set permissions.copilot-requests: write to use GitHub Actions token-based inference with the Copilot engine instead of a personal access token (COPILOT_GITHUB_TOKEN). This option requires that your organization has centralized Copilot billing enabled and may not be available in all organizations — see https://github.github.com/gh-aw/reference/billing/ for details.

✓ /tmp/gh-aw-test-runs/20260704-173215-1254793/lock-header-order-test4233597318/test-workflow.md (77.2 KB)
--- PASS: TestLockFileHeaderOrder (0.01s)
=== RUN   TestSecretRedactionStepGeneration
/tmp/gh-aw-test-runs/20260704-173215-1254793/secret-redaction-test1867336579/test-workflow.md: info: Tip: set permissions.copilot-requests: write to use GitHub Actions token-based inference with the Copilot engine instead of a personal access token (COPILOT_GITHUB_TOKEN). This option requires that your organization has centralized Copilot billing enabled and may not be available in all organizations — see https://github.github.com/gh-aw/reference/billing/ for details.

✓ /tmp/gh-aw-test-runs/20260704-173215-1254793/secret-redaction-test1867336579/test-workflow.md (77.2 KB)
--- PASS: TestSecretRedactionStepGeneration (0.01s)
=== RUN   TestRedirectFieldExtraction
--- PASS: TestRedirectFieldExtraction (0.00s)
=== RUN   TestCompileWorkflow_PrintsRedirectInfoMessage
--- PASS: TestCompileWorkflow_PrintsRedirectInfoMessage (0.01s)
=== RUN   TestLoadRepoConfig_FileNotFound
--- PASS: TestLoadRepoConfig_FileNotFound (0.00s)
=== RUN   TestLoadRepoConfig_MaintenanceFalse
--- PASS: TestLoadRepoConfig_MaintenanceFalse (0.00s)
=== RUN   TestLoadRepoConfig_MaintenanceWithStringRunsOn
--- PASS: TestLoadRepoConfig_MaintenanceWithStringRunsOn (0.00s)
=== RUN   TestLoadRepoConfig_MaintenanceWithArrayRunsOn
--- PASS: TestLoadRepoConfig_MaintenanceWithArrayRunsOn (0.00s)
=== RUN   TestLoadRepoConfig_EmptyObject
--- PASS: TestLoadRepoConfig_EmptyObject (0.00s)
=== RUN   TestLoadRepoConfig_HelpCommandFalse
--- PASS: TestLoadRepoConfig_HelpCommandFalse (0.00s)
=== RUN   TestLoadRepoConfig_HelpCommandTrue
--- PASS: TestLoadRepoConfig_HelpCommandTrue (0.00s)
=== RUN   TestLoadRepoConfig_MaintenanceEmptyObject
--- PASS: TestLoadRepoConfig_MaintenanceEmptyObject (0.00s)
=== RUN   TestLoadRepoConfig_ActionFailureIssueExpires
--- PASS: TestLoadRepoConfig_ActionFailureIssueExpires (0.00s)
=== RUN   TestLoadRepoConfig_MaintenanceCompileConfig
--- PASS: TestLoadRepoConfig_MaintenanceCompileConfig (0.00s)
=== RUN   TestLoadRepoConfig_InvalidJSON
--- PASS: TestLoadRepoConfig_InvalidJSON (0.00s)
=== RUN   TestLoadRepoConfig_SchemaViolation
--- PASS: TestLoadRepoConfig_SchemaViolation (0.00s)
=== RUN   TestLoadRepoConfig_LabelTriggersDisable
--- PASS: TestLoadRepoConfig_LabelTriggersDisable (0.00s)
=== RUN   TestLoadRepoConfig_LabelTriggers_DefaultFalse
--- PASS: TestLoadRepoConfig_LabelTriggers_DefaultFalse (0.00s)
=== RUN   TestLoadRepoConfig_LabelTriggers_ExplicitTrue
--- PASS: TestLoadRepoConfig_LabelTriggers_ExplicitTrue (0.00s)
=== RUN   TestLoadRepoConfig_UnknownProperty
--- PASS: TestLoadRepoConfig_UnknownProperty (0.00s)
=== RUN   TestLoadRepoConfig_InvalidActionFailureIssueExpires
--- PASS: TestLoadRepoConfig_InvalidActionFailureIssueExpires (0.00s)
=== RUN   TestLoadRepoConfig_InvalidMaintenanceCompileGitHubTokenSecret
--- PASS: TestLoadRepoConfig_InvalidMaintenanceCompileGitHubTokenSecret (0.00s)
=== RUN   TestLoadRepoConfig_GHESTrue
--- PASS: TestLoadRepoConfig_GHESTrue (0.00s)
=== RUN   TestLoadRepoConfig_GHESFalse
--- PASS: TestLoadRepoConfig_GHESFalse (0.00s)
=== RUN   TestLoadRepoConfig_GHESDefault
--- PASS: TestLoadRepoConfig_GHESDefault (0.00s)
=== RUN   TestLoadRepoConfig_GHESWithMaintenance
--- PASS: TestLoadRepoConfig_GHESWithMaintenance (0.00s)
=== RUN   TestLoadRepoConfig_UTC
--- PASS: TestLoadRepoConfig_UTC (0.00s)
=== RUN   TestLoadRepoConfig_InvalidUTC
--- PASS: TestLoadRepoConfig_InvalidUTC (0.00s)
=== RUN   TestFormatRunsOn
=== RUN   TestFormatRunsOn/nil_uses_default
=== RUN   TestFormatRunsOn/empty_slice_uses_default
=== RUN   TestFormatRunsOn/empty_string_element_uses_default
=== RUN   TestFormatRunsOn/single_label
=== RUN   TestFormatRunsOn/single_self-hosted_label
=== RUN   TestFormatRunsOn/multi-label_array
--- PASS: TestFormatRunsOn (0.00s)
    --- PASS: TestFormatRunsOn/nil_uses_default (0.00s)
    --- PASS: TestFormatRunsOn/empty_slice_uses_default (0.00s)
    --- PASS: TestFormatRunsOn/empty_string_element_uses_default (0.00s)
    --- PASS: TestFormatRunsOn/single_label (0.00s)
    --- PASS: TestFormatRunsOn/single_self-hosted_label (0.00s)
    --- PASS: TestFormatRunsOn/multi-label_array (0.00s)
=== RUN   TestActionFailureIssueExpiresHours_Default
--- PASS: TestActionFailureIssueExpiresHours_Default (0.00s)
=== RUN   TestLoadRepoConfig_AutoUpgradeEnabled
--- PASS: TestLoadRepoConfig_AutoUpgradeEnabled (0.00s)
=== RUN   TestLoadRepoConfig_AutoUpgradeDisabled
--- PASS: TestLoadRepoConfig_AutoUpgradeDisabled (0.00s)
=== RUN   TestLoadRepoConfig_AutoUpgradeOmitted
--- PASS: TestLoadRepoConfig_AutoUpgradeOmitted (0.00s)
=== RUN   TestIsAutoUpgradeEnabled_NilConfig
--- PASS: TestIsAutoUpgradeEnabled_NilConfig (0.00s)
=== RUN   TestRepoMemoryPathConsistencyAcrossLayers
=== RUN   TestRepoMemoryPathConsistencyAcrossLayers/default_memory
=== RUN   TestRepoMemoryPathConsistencyAcrossLayers/custom_memory_ID
=== RUN   TestRepoMemoryPathConsistencyAcrossLayers/campaigns_memory
=== RUN   TestRepoMemoryPathConsistencyAcrossLayers/hyphenated_memory_ID
--- PASS: TestRepoMemoryPathConsistencyAcrossLayers (0.00s)
    --- PASS: TestRepoMemoryPathConsistencyAcrossLayers/default_memory (0.00s)
    --- PASS: TestRepoMemoryPathConsistencyAcrossLayers/custom_memory_ID (0.00s)
    --- PASS: TestRepoMemoryPathConsistencyAcrossLayers/campaigns_memory (0.00s)
    --- PASS: TestRepoMemoryPathConsistencyAcrossLayers/hyphenated_memory_ID (0.00s)
=== RUN   TestRepoMemoryPromptPathTrailingSlash
=== RUN   TestRepoMemoryPromptPathTrailingSlash/default_memory
=== RUN   TestRepoMemoryPromptPathTrailingSlash/custom_memory
=== RUN   TestRepoMemoryPromptPathTrailingSlash/campaigns_memory
--- PASS: TestRepoMemoryPromptPathTrailingSlash (0.00s)
    --- PASS: TestRepoMemoryPromptPathTrailingSlash/default_memory (0.00s)
    --- PASS: TestRepoMemoryPromptPathTrailingSlash/custom_memory (0.00s)
    --- PASS: TestRepoMemoryPromptPathTrailingSlash/campaigns_memory (0.00s)
=== RUN   TestRepoMemoryArtifactPathNoTrailingSlash
--- PASS: TestRepoMemoryArtifactPathNoTrailingSlash (0.00s)
=== RUN   TestRepoMemoryArtifactNameFormat
=== RUN   TestRepoMemoryArtifactNameFormat/default_memory
=== RUN   TestRepoMemoryArtifactNameFormat/session_memory
=== RUN   TestRepoMemoryArtifactNameFormat/campaigns_memory
=== RUN   TestRepoMemoryArtifactNameFormat/hyphenated_memory_ID
--- PASS: TestRepoMemoryArtifactNameFormat (0.01s)
    --- PASS: TestRepoMemoryArtifactNameFormat/default_memory (0.00s)
    --- PASS: TestRepoMemoryArtifactNameFormat/session_memory (0.00s)
    --- PASS: TestRepoMemoryArtifactNameFormat/campaigns_memory (0.00s)
    --- PASS: TestRepoMemoryArtifactNameFormat/hyphenated_memory_ID (0.00s)
=== RUN   TestRepoMemoryBranchNameGeneration
=== RUN   TestRepoMemoryBranchNameGeneration/default_memory_uses_memory/default
=== RUN   TestRepoMemoryBranchNameGeneration/custom_memory_uses_memory/{id}
=== RUN   TestRepoMemoryBranchNameGeneration/campaigns_uses_memory/campaigns
=== RUN   TestRepoMemoryBranchNameGeneration/hyphenated_ID_preserves_hyphens
--- PASS: TestRepoMemoryBranchNameGeneration (0.00s)
    --- PASS: TestRepoMemoryBranchNameGeneration/default_memory_uses_memory/default (0.00s)
    --- PASS: TestRepoMemoryBranchNameGeneration/custom_memory_uses_memory/{id} (0.00s)
    --- PASS: TestRepoMemoryBranchNameGeneration/campaigns_uses_memory/campaigns (0.00s)
    --- PASS: TestRepoMemoryBranchNameGeneration/hyphenated_ID_preserves_hyphens (0.00s)
=== RUN   TestRepoMemoryMultipleMemoriesPathConsistency
--- PASS: TestRepoMemoryMultipleMemoriesPathConsistency (0.00s)
=== RUN   TestRepoMemoryPathComponentIsolation
--- PASS: TestRepoMemoryPathComponentIsolation (0.00s)
=== RUN   TestRepoMemoryTemplate_DoesNotContainMarkdownHeader
--- PASS: TestRepoMemoryTemplate_DoesNotContainMarkdownHeader (0.00s)
=== RUN   TestRepoMemoryConfigDefault
--- PASS: TestRepoMemoryConfigDefault (0.00s)
=== RUN   TestRepoMemoryConfigObject
--- PASS: TestRepoMemoryConfigObject (0.00s)
=== RUN   TestRepoMemoryConfigArray
--- PASS: TestRepoMemoryConfigArray (0.00s)
=== RUN   TestRepoMemoryConfigDuplicateIDs
--- PASS: TestRepoMemoryConfigDuplicateIDs (0.00s)
=== RUN   TestRepoMemoryStepsGeneration
--- PASS: TestRepoMemoryStepsGeneration (0.00s)
=== RUN   TestGenerateRepoMemoryArtifactUpload
=== RUN   TestGenerateRepoMemoryArtifactUpload/non-wiki_memory
=== RUN   TestGenerateRepoMemoryArtifactUpload/wiki_memory
--- PASS: TestGenerateRepoMemoryArtifactUpload (0.00s)
    --- PASS: TestGenerateRepoMemoryArtifactUpload/non-wiki_memory (0.00s)
    --- PASS: TestGenerateRepoMemoryArtifactUpload/wiki_memory (0.00s)
=== RUN   TestRepoMemoryPromptGeneration
--- PASS: TestRepoMemoryPromptGeneration (0.00s)
=== RUN   TestRepoMemoryMaxFileSizeValidation
=== RUN   TestRepoMemoryMaxFileSizeValidation/valid_minimum_size_(1_byte)
=== RUN   TestRepoMemoryMaxFileSizeValidation/valid_maximum_size_(104857600_bytes)
=== RUN   TestRepoMemoryMaxFileSizeValidation/valid_mid-range_size_(10240_bytes)
=== RUN   TestRepoMemoryMaxFileSizeValidation/invalid_zero_size
=== RUN   TestRepoMemoryMaxFileSizeValidation/invalid_negative_size
=== RUN   TestRepoMemoryMaxFileSizeValidation/invalid_size_exceeds_maximum
=== RUN   TestRepoMemoryMaxFileSizeValidation/invalid_large_size
--- PASS: TestRepoMemoryMaxFileSizeValidation (0.01s)
    --- PASS: TestRepoMemoryMaxFileSizeValidation/valid_minimum_size_(1_byte) (0.00s)
    --- PASS: TestRepoMemoryMaxFileSizeValidation/valid_maximum_size_(104857600_bytes) (0.00s)
    --- PASS: TestRepoMemoryMaxFileSizeValidation/valid_mid-range_size_(10240_bytes) (0.00s)
    --- PASS: TestRepoMemoryMaxFileSizeValidation/invalid_zero_size (0.00s)
    --- PASS: TestRepoMemoryMaxFileSizeValidation/invalid_negative_size (0.00s)
    --- PASS: TestRepoMemoryMaxFileSizeValidation/invalid_size_exceeds_maximum (0.00s)
    --- PASS: TestRepoMemoryMaxFileSizeValidation/invalid_large_size (0.00s)
=== RUN   TestRepoMemoryMaxFileSizeValidationArray
=== RUN   TestRepoMemoryMaxFileSizeValidationArray/valid_size_in_array
=== RUN   TestRepoMemoryMaxFileSizeValidationArray/invalid_size_in_array_(zero)
=== RUN   TestRepoMemoryMaxFileSizeValidationArray/invalid_size_in_array_(exceeds_max)
--- PASS: TestRepoMemoryMaxFileSizeValidationArray (0.00s)
    --- PASS: TestRepoMemoryMaxFileSizeValidationArray/valid_size_in_array (0.00s)
    --- PASS: TestRepoMemoryMaxFileSizeValidationArray/invalid_size_in_array_(zero) (0.00s)
    --- PASS: TestRepoMemoryMaxFileSizeValidationArray/invalid_size_in_array_(exceeds_max) (0.00s)
=== RUN   TestRepoMemoryMaxFileCountValidation
=== RUN   TestRepoMemoryMaxFileCountValidation/valid_minimum_count_(1_file)
=== RUN   TestRepoMemoryMaxFileCountValidation/valid_maximum_count_(1000_files)
=== RUN   TestRepoMemoryMaxFileCountValidation/valid_mid-range_count_(100_files)
=== RUN   TestRepoMemoryMaxFileCountValidation/invalid_zero_count
=== RUN   TestRepoMemoryMaxFileCountValidation/invalid_negative_count
=== RUN   TestRepoMemoryMaxFileCountValidation/invalid_count_exceeds_maximum
=== RUN   TestRepoMemoryMaxFileCountValidation/invalid_large_count
--- PASS: TestRepoMemoryMaxFileCountValidation (0.01s)
    --- PASS: TestRepoMemoryMaxFileCountValidation/valid_minimum_count_(1_file) (0.00s)
    --- PASS: TestRepoMemoryMaxFileCountValidation/valid_maximum_count_(1000_files) (0.00s)
    --- PASS: TestRepoMemoryMaxFileCountValidation/valid_mid-range_count_(100_files) (0.00s)
    --- PASS: TestRepoMemoryMaxFileCountValidation/invalid_zero_count (0.00s)
    --- PASS: TestRepoMemoryMaxFileCountValidation/invalid_negative_count (0.00s)
    --- PASS: TestRepoMemoryMaxFileCountValidation/invalid_count_exceeds_maximum (0.00s)
    --- PASS: TestRepoMemoryMaxFileCountValidation/invalid_large_count (0.00s)
=== RUN   TestRepoMemoryMaxFileCountValidationArray
=== RUN   TestRepoMemoryMaxFileCountValidationArray/valid_count_in_array
=== RUN   TestRepoMemoryMaxFileCountValidationArray/invalid_count_in_array_(zero)
=== RUN   TestRepoMemoryMaxFileCountValidationArray/invalid_count_in_array_(exceeds_max)
--- PASS: TestRepoMemoryMaxFileCountValidationArray (0.00s)
    --- PASS: TestRepoMemoryMaxFileCountValidationArray/valid_count_in_array (0.00s)
    --- PASS: TestRepoMemoryMaxFileCountValidationArray/invalid_count_in_array_(zero) (0.00s)
    --- PASS: TestRepoMemoryMaxFileCountValidationArray/invalid_count_in_array_(exceeds_max) (0.00s)
=== RUN   TestRepoMemoryMaxPatchSizeDefault
--- PASS: TestRepoMemoryMaxPatchSizeDefault (0.00s)
=== RUN   TestRepoMemoryMaxPatchSizeValidation
=== RUN   TestRepoMemoryMaxPatchSizeValidation/valid_minimum_size_(1_byte)
=== RUN   TestRepoMemoryMaxPatchSizeValidation/valid_maximum_size_(1048576_bytes_=_1MB)
=== RUN   TestRepoMemoryMaxPatchSizeValidation/valid_old_maximum_size_(102400_bytes_=_100KB)
=== RUN   TestRepoMemoryMaxPatchSizeValidation/valid_default_size_(10240_bytes)
=== RUN   TestRepoMemoryMaxPatchSizeValidation/valid_custom_size_(51200_bytes_=_50KB)
=== RUN   TestRepoMemoryMaxPatchSizeValidation/valid_large_size_(512000_bytes_=_500KB)
=== RUN   TestRepoMemoryMaxPatchSizeValidation/invalid_zero_size
=== RUN   TestRepoMemoryMaxPatchSizeValidation/invalid_negative_size
=== RUN   TestRepoMemoryMaxPatchSizeValidation/invalid_size_exceeds_maximum
--- PASS: TestRepoMemoryMaxPatchSizeValidation (0.01s)
    --- PASS: TestRepoMemoryMaxPatchSizeValidation/valid_minimum_size_(1_byte) (0.00s)
    --- PASS: TestRepoMemoryMaxPatchSizeValidation/valid_maximum_size_(1048576_bytes_=_1MB) (0.00s)
    --- PASS: TestRepoMemoryMaxPatchSizeValidation/valid_old_maximum_size_(102400_bytes_=_100KB) (0.00s)
    --- PASS: TestRepoMemoryMaxPatchSizeValidation/valid_default_size_(10240_bytes) (0.00s)
    --- PASS: TestRepoMemoryMaxPatchSizeValidation/valid_custom_size_(51200_bytes_=_50KB) (0.00s)
    --- PASS: TestRepoMemoryMaxPatchSizeValidation/valid_large_size_(512000_bytes_=_500KB) (0.00s)
    --- PASS: TestRepoMemoryMaxPatchSizeValidation/invalid_zero_size (0.00s)
    --- PASS: TestRepoMemoryMaxPatchSizeValidation/invalid_negative_size (0.00s)
    --- PASS: TestRepoMemoryMaxPatchSizeValidation/invalid_size_exceeds_maximum (0.00s)
=== RUN   TestRepoMemoryMaxPatchSizeValidationArray
=== RUN   TestRepoMemoryMaxPatchSizeValidationArray/valid_size_in_array
=== RUN   TestRepoMemoryMaxPatchSizeValidationArray/valid_large_size_in_array_(500KB)
=== RUN   TestRepoMemoryMaxPatchSizeValidationArray/invalid_size_in_array_(zero)
=== RUN   TestRepoMemoryMaxPatchSizeValidationArray/invalid_size_in_array_(exceeds_max)
--- PASS: TestRepoMemoryMaxPatchSizeValidationArray (0.00s)
    --- PASS: TestRepoMemoryMaxPatchSizeValidationArray/valid_size_in_array (0.00s)
    --- PASS: TestRepoMemoryMaxPatchSizeValidationArray/valid_large_size_in_array_(500KB) (0.00s)
    --- PASS: TestRepoMemoryMaxPatchSizeValidationArray/invalid_size_in_array_(zero) (0.00s)
    --- PASS: TestRepoMemoryMaxPatchSizeValidationArray/invalid_size_in_array_(exceeds_max) (0.00s)
=== RUN   TestBranchPrefixValidation
=== RUN   TestBranchPrefixValidation/empty_prefix_(use_default)
=== RUN   TestBranchPrefixValidation/valid_prefix_-_alphanumeric
=== RUN   TestBranchPrefixValidation/valid_prefix_-_daily_(5_chars)
=== RUN   TestBranchPrefixValidation/valid_prefix_-_with_hyphens
=== RUN   TestBranchPrefixValidation/valid_prefix_-_with_underscores
=== RUN   TestBranchPrefixValidation/valid_prefix_-_mixed
=== RUN   TestBranchPrefixValidation/valid_prefix_-_exactly_4_chars
=== RUN   TestBranchPrefixValidation/valid_prefix_-_5_chars
=== RUN   TestBranchPrefixValidation/valid_prefix_-_exactly_32_chars
=== RUN   TestBranchPrefixValidation/invalid_-_too_short_(3_chars)
=== RUN   TestBranchPrefixValidation/invalid_-_too_long_(33_chars)
=== RUN   TestBranchPrefixValidation/invalid_-_contains_slash
=== RUN   TestBranchPrefixValidation/invalid_-_contains_space
=== RUN   TestBranchPrefixValidation/invalid_-_contains_special_char
=== RUN   TestBranchPrefixValidation/invalid_-_reserved_word_'copilot'
=== RUN   TestBranchPrefixValidation/invalid_-_reserved_word_'Copilot'_(case-insensitive)
=== RUN   TestBranchPrefixValidation/invalid_-_reserved_word_'COPILOT'_(case-insensitive)
--- PASS: TestBranchPrefixValidation (0.00s)
    --- PASS: TestBranchPrefixValidation/empty_prefix_(use_default) (0.00s)
    --- PASS: TestBranchPrefixValidation/valid_prefix_-_alphanumeric (0.00s)
    --- PASS: TestBranchPrefixValidation/valid_prefix_-_daily_(5_chars) (0.00s)
    --- PASS: TestBranchPrefixValidation/valid_prefix_-_with_hyphens (0.00s)
    --- PASS: TestBranchPrefixValidation/valid_prefix_-_with_underscores (0.00s)
    --- PASS: TestBranchPrefixValidation/valid_prefix_-_mixed (0.00s)
    --- PASS: TestBranchPrefixValidation/valid_prefix_-_exactly_4_chars (0.00s)
    --- PASS: TestBranchPrefixValidation/valid_prefix_-_5_chars (0.00s)
    --- PASS: TestBranchPrefixValidation/valid_prefix_-_exactly_32_chars (0.00s)
    --- PASS: TestBranchPrefixValidation/invalid_-_too_short_(3_chars) (0.00s)
    --- PASS: TestBranchPrefixValidation/invalid_-_too_long_(33_chars) (0.00s)
    --- PASS: TestBranchPrefixValidation/invalid_-_contains_slash (0.00s)
    --- PASS: TestBranchPrefixValidation/invalid_-_contains_space (0.00s)
    --- PASS: TestBranchPrefixValidation/invalid_-_contains_special_char (0.00s)
    --- PASS: TestBranchPrefixValidation/invalid_-_reserved_word_'copilot' (0.00s)
    --- PASS: TestBranchPrefixValidation/invalid_-_reserved_word_'Copilot'_(case-insensitive) (0.00s)
    --- PASS: TestBranchPrefixValidation/invalid_-_reserved_word_'COPILOT'_(case-insensitive) (0.00s)
=== RUN   TestBranchPrefixInConfig
--- PASS: TestBranchPrefixInConfig (0.00s)
=== RUN   TestBranchPrefixInArrayConfig
--- PASS: TestBranchPrefixInArrayConfig (0.00s)
=== RUN   TestBranchPrefixWithExplicitBranchName
--- PASS: TestBranchPrefixWithExplicitBranchName (0.00s)
=== RUN   TestInvalidBranchPrefixRejectsConfig
=== RUN   TestInvalidBranchPrefixRejectsConfig/too_long
=== RUN   TestInvalidBranchPrefixRejectsConfig/reserved_word
=== RUN   TestInvalidBranchPrefixRejectsConfig/special_chars
--- PASS: TestInvalidBranchPrefixRejectsConfig (0.00s)
    --- PASS: TestInvalidBranchPrefixRejectsConfig/too_long (0.00s)
    --- PASS: TestInvalidBranchPrefixRejectsConfig/reserved_word (0.00s)
    --- PASS: TestInvalidBranchPrefixRejectsConfig/special_chars (0.00s)
=== RUN   TestRepoMemoryWikiObjectConfig
--- PASS: TestRepoMemoryWikiObjectConfig (0.00s)
=== RUN   TestRepoMemoryWikiArrayConfig
--- PASS: TestRepoMemoryWikiArrayConfig (0.00s)
=== RUN   TestRepoMemoryWikiCustomBranchName
--- PASS: TestRepoMemoryWikiCustomBranchName (0.00s)
=== RUN   TestRepoMemoryWikiStepsGeneration
--- PASS: TestRepoMemoryWikiStepsGeneration (0.00s)
=== RUN   TestRepoMemoryWikiStepsWithTargetRepo
--- PASS: TestRepoMemoryWikiStepsWithTargetRepo (0.00s)
=== RUN   TestRepoMemoryWikiPromptSection
--- PASS: TestRepoMemoryWikiPromptSection (0.00s)
=== RUN   TestRepoMemoryNonWikiPromptSection
--- PASS: TestRepoMemoryNonWikiPromptSection (0.00s)
=== RUN   TestRepoMemoryWikiPushAllowedRepos
--- PASS: TestRepoMemoryWikiPushAllowedRepos (0.00s)
=== RUN   TestRepoMemoryNonWikiPushNoAllowedRepos
--- PASS: TestRepoMemoryNonWikiPushNoAllowedRepos (0.00s)
=== RUN   TestBuildPushRepoMemoryConcurrencyGroup
=== RUN   TestBuildPushRepoMemoryConcurrencyGroup/single_memory_uses_branch_name_in_key
=== RUN   TestBuildPushRepoMemoryConcurrencyGroup/multiple_memories_sorted_for_deterministic_key
=== RUN   TestBuildPushRepoMemoryConcurrencyGroup/non-default_target_repo_is_prefixed_to_branch
=== RUN   TestBuildPushRepoMemoryConcurrencyGroup/mix_of_default_and_custom_target_repos
=== RUN   TestBuildPushRepoMemoryConcurrencyGroup/branches_with_hyphens_use_pipe_separator_in_key
=== RUN   TestBuildPushRepoMemoryConcurrencyGroup/pipe_in_branch_name_is_percent-encoded_so_the_separator_stays_unambiguous
--- PASS: TestBuildPushRepoMemoryConcurrencyGroup (0.00s)
    --- PASS: TestBuildPushRepoMemoryConcurrencyGroup/single_memory_uses_branch_name_in_key (0.00s)
    --- PASS: TestBuildPushRepoMemoryConcurrencyGroup/multiple_memories_sorted_for_deterministic_key (0.00s)
    --- PASS: TestBuildPushRepoMemoryConcurrencyGroup/non-default_target_repo_is_prefixed_to_branch (0.00s)
    --- PASS: TestBuildPushRepoMemoryConcurrencyGroup/mix_of_default_and_custom_target_repos (0.00s)
    --- PASS: TestBuildPushRepoMemoryConcurrencyGroup/branches_with_hyphens_use_pipe_separator_in_key (0.00s)
    --- PASS: TestBuildPushRepoMemoryConcurrencyGroup/pipe_in_branch_name_is_percent-encoded_so_the_separator_stays_unambiguous (0.00s)
=== RUN   TestPushRepoMemoryJobConcurrencyKey
--- PASS: TestPushRepoMemoryJobConcurrencyKey (0.00s)
=== RUN   TestPushRepoMemoryJobConditionGatesOnAgentNotSkipped
=== RUN   TestPushRepoMemoryJobConditionGatesOnAgentNotSkipped/without_threat_detection
=== RUN   TestPushRepoMemoryJobConditionGatesOnAgentNotSkipped/with_threat_detection
--- PASS: TestPushRepoMemoryJobConditionGatesOnAgentNotSkipped (0.00s)
    --- PASS: TestPushRepoMemoryJobConditionGatesOnAgentNotSkipped/without_threat_detection (0.00s)
    --- PASS: TestPushRepoMemoryJobConditionGatesOnAgentNotSkipped/with_threat_detection (0.00s)
=== RUN   TestRepoMemoryFormatJSONObjectConfig
--- PASS: TestRepoMemoryFormatJSONObjectConfig (0.00s)
=== RUN   TestRepoMemoryFormatJSONObjectConfigFalse
--- PASS: TestRepoMemoryFormatJSONObjectConfigFalse (0.00s)
=== RUN   TestRepoMemoryFormatJSONArrayConfig
--- PASS: TestRepoMemoryFormatJSONArrayConfig (0.00s)
=== RUN   TestRepoMemoryFormatJSONPushStepEnvVar
=== RUN   TestRepoMemoryFormatJSONPushStepEnvVar/format-json=true_emits_FORMAT_JSON_env_var
=== RUN   TestRepoMemoryFormatJSONPushStepEnvVar/format-json=false_omits_FORMAT_JSON_env_var
--- PASS: TestRepoMemoryFormatJSONPushStepEnvVar (0.00s)
    --- PASS: TestRepoMemoryFormatJSONPushStepEnvVar/format-json=true_emits_FORMAT_JSON_env_var (0.00s)
    --- PASS: TestRepoMemoryFormatJSONPushStepEnvVar/format-json=false_omits_FORMAT_JSON_env_var (0.00s)
=== RUN   TestRepositoryFormatErrorMessages
=== RUN   TestRepositoryFormatErrorMessages/invalid_format_-_no_slash
=== RUN   TestRepositoryFormatErrorMessages/invalid_format_-_empty_string
=== RUN   TestRepositoryFormatErrorMessages/valid_format
--- PASS: TestRepositoryFormatErrorMessages (0.00s)
    --- PASS: TestRepositoryFormatErrorMessages/invalid_format_-_no_slash (0.00s)
    --- PASS: TestRepositoryFormatErrorMessages/invalid_format_-_empty_string (0.00s)
    --- PASS: TestRepositoryFormatErrorMessages/valid_format (0.00s)
=== RUN   TestGetRepositoryFeaturesLogOnce
--- PASS: TestGetRepositoryFeaturesLogOnce (0.00s)
=== RUN   TestNormalizeWorkflowName
=== RUN   TestNormalizeWorkflowName/plain_name
=== RUN   TestNormalizeWorkflowName/name_with_.md_extension
=== RUN   TestNormalizeWorkflowName/name_with_.lock.yml_extension
=== RUN   TestNormalizeWorkflowName/empty_string
=== RUN   TestNormalizeWorkflowName/name_with_multiple_dots
=== RUN   TestNormalizeWorkflowName/name_ending_with_partial_extension
--- PASS: TestNormalizeWorkflowName (0.00s)
    --- PASS: TestNormalizeWorkflowName/plain_name (0.00s)
    --- PASS: TestNormalizeWorkflowName/name_with_.md_extension (0.00s)
    --- PASS: TestNormalizeWorkflowName/name_with_.lock.yml_extension (0.00s)
    --- PASS: TestNormalizeWorkflowName/empty_string (0.00s)
    --- PASS: TestNormalizeWorkflowName/name_with_multiple_dots (0.00s)
    --- PASS: TestNormalizeWorkflowName/name_ending_with_partial_extension (0.00s)
=== RUN   TestResolveWorkflowName
=== RUN   TestResolveWorkflowName/valid_workflow_ID
=== RUN   TestResolveWorkflowName/valid_workflow_ID_with_.md_extension
=== RUN   TestResolveWorkflowName/valid_workflow_ID_with_.lock.yml_extension
=== RUN   TestResolveWorkflowName/empty_workflow_ID
=== RUN   TestResolveWorkflowName/non-existent_workflow_ID
=== RUN   TestResolveWorkflowName/non-existent_workflow_ID_with_extension
--- PASS: TestResolveWorkflowName (0.00s)
    --- PASS: TestResolveWorkflowName/valid_workflow_ID (0.00s)
    --- PASS: TestResolveWorkflowName/valid_workflow_ID_with_.md_extension (0.00s)
    --- PASS: TestResolveWorkflowName/valid_workflow_ID_with_.lock.yml_extension (0.00s)
    --- PASS: TestResolveWorkflowName/empty_workflow_ID (0.00s)
    --- PASS: TestResolveWorkflowName/non-existent_workflow_ID (0.00s)
    --- PASS: TestResolveWorkflowName/non-existent_workflow_ID_with_extension (0.00s)
=== RUN   TestResolveWorkflowName_MissingLockFile
--- PASS: TestResolveWorkflowName_MissingLockFile (0.00s)
=== RUN   TestResolveWorkflowName_InvalidYAML
--- PASS: TestResolveWorkflowName_InvalidYAML (0.00s)
=== RUN   TestResolveWorkflowName_MissingNameField
--- PASS: TestResolveWorkflowName_MissingNameField (0.00s)
=== RUN   TestResolveWorkflowName_ExistingAgenticWorkflow
=== RUN   TestResolveWorkflowName_ExistingAgenticWorkflow/existing_weekly-research
    resolve_test.go:241: Workflow weekly-research.md not found, skipping
=== RUN   TestResolveWorkflowName_ExistingAgenticWorkflow/existing_daily-plan
    resolve_test.go:241: Workflow daily-plan.md not found, skipping
=== RUN   TestResolveWorkflowName_ExistingAgenticWorkflow/existing_issue-triage
    resolve_test.go:241: Workflow issue-triage.md not found, skipping
--- PASS: TestResolveWorkflowName_ExistingAgenticWorkflow (0.00s)
    --- SKIP: TestResolveWorkflowName_ExistingAgenticWorkflow/existing_weekly-research (0.00s)
    --- SKIP: TestResolveWorkflowName_ExistingAgenticWorkflow/existing_daily-plan (0.00s)
    --- SKIP: TestResolveWorkflowName_ExistingAgenticWorkflow/existing_issue-triage (0.00s)
=== RUN   TestShouldSkipFirewallWorkflow
=== RUN   TestShouldSkipFirewallWorkflow/regular_workflow_without_firewall_feature
=== RUN   TestShouldSkipFirewallWorkflow/firewall_workflow_without_firewall_feature
=== RUN   TestShouldSkipFirewallWorkflow/firewall_workflow_with_firewall_feature_enabled
=== RUN   TestShouldSkipFirewallWorkflow/firewall_workflow_with_multiple_features_including_firewall
=== RUN   TestShouldSkipFirewallWorkflow/regular_workflow_with_firewall_feature_enabled
--- PASS: TestShouldSkipFirewallWorkflow (0.00s)
    --- PASS: TestShouldSkipFirewallWorkflow/regular_workflow_without_firewall_feature (0.00s)
    --- PASS: TestShouldSkipFirewallWorkflow/firewall_workflow_without_firewall_feature (0.00s)
    --- PASS: TestShouldSkipFirewallWorkflow/firewall_workflow_with_firewall_feature_enabled (0.00s)
    --- PASS: TestShouldSkipFirewallWorkflow/firewall_workflow_with_multiple_features_including_firewall (0.00s)
    --- PASS: TestShouldSkipFirewallWorkflow/regular_workflow_with_firewall_feature_enabled (0.00s)
=== RUN   TestFindWorkflowName
=== RUN   TestFindWorkflowName/exact_workflow_ID_match
=== RUN   TestFindWorkflowName/case-insensitive_workflow_ID_match
=== RUN   TestFindWorkflowName/mixed_case_workflow_ID_match
=== RUN   TestFindWorkflowName/exact_display_name_match
=== RUN   TestFindWorkflowName/case-insensitive_display_name_match
=== RUN   TestFindWorkflowName/workflow_ID_with_.md_extension
=== RUN   TestFindWorkflowName/workflow_ID_with_.lock.yml_extension
=== RUN   TestFindWorkflowName/non-existent_workflow
=== RUN   TestFindWorkflowName/empty_input
--- PASS: TestFindWorkflowName (0.00s)
    --- PASS: TestFindWorkflowName/exact_workflow_ID_match (0.00s)
    --- PASS: TestFindWorkflowName/case-insensitive_workflow_ID_match (0.00s)
    --- PASS: TestFindWorkflowName/mixed_case_workflow_ID_match (0.00s)
    --- PASS: TestFindWorkflowName/exact_display_name_match (0.00s)
    --- PASS: TestFindWorkflowName/case-insensitive_display_name_match (0.00s)
    --- PASS: TestFindWorkflowName/workflow_ID_with_.md_extension (0.00s)
    --- PASS: TestFindWorkflowName/workflow_ID_with_.lock.yml_extension (0.00s)
    --- PASS: TestFindWorkflowName/non-existent_workflow (0.00s)
    --- PASS: TestFindWorkflowName/empty_input (0.00s)
=== RUN   TestGetAllWorkflows
--- PASS: TestGetAllWorkflows (0.00s)
=== RUN   TestGetWorkflowLockFileName
=== RUN   TestGetWorkflowLockFileName/workflow_ID
=== RUN   TestGetWorkflowLockFileName/workflow_ID_with_.md_extension
=== RUN   TestGetWorkflowLockFileName/workflow_ID_with_.lock.yml_extension
=== RUN   TestGetWorkflowLockFileName/display_name_exact_match
=== RUN   TestGetWorkflowLockFileName/display_name_case-insensitive_match
=== RUN   TestGetWorkflowLockFileName/non-existent_workflow
=== RUN   TestGetWorkflowLockFileName/empty_input
--- PASS: TestGetWorkflowLockFileName (0.00s)
    --- PASS: TestGetWorkflowLockFileName/workflow_ID (0.00s)
    --- PASS: TestGetWorkflowLockFileName/workflow_ID_with_.md_extension (0.00s)
    --- PASS: TestGetWorkflowLockFileName/workflow_ID_with_.lock.yml_extension (0.00s)
    --- PASS: TestGetWorkflowLockFileName/display_name_exact_match (0.00s)
    --- PASS: TestGetWorkflowLockFileName/display_name_case-insensitive_match (0.00s)
    --- PASS: TestGetWorkflowLockFileName/non-existent_workflow (0.00s)
    --- PASS: TestGetWorkflowLockFileName/empty_input (0.00s)
=== RUN   TestRoleMembershipUsesGitHubToken
/tmp/gh-aw-test-runs/20260704-173215-1254793/role-membership-token-test398659331/role-membership-token.md: info: Tip: set permissions.copilot-requests: write to use GitHub Actions token-based inference with the Copilot engine instead of a personal access token (COPILOT_GITHUB_TOKEN). This option requires that your organization has centralized Copilot billing enabled and may not be available in all organizations — see https://github.github.com/gh-aw/reference/billing/ for details.

✓ /tmp/gh-aw-test-runs/20260704-173215-1254793/role-membership-token-test398659331/role-membership-token.md (79.1 KB)
--- PASS: TestRoleMembershipUsesGitHubToken (0.01s)
=== RUN   TestRoleMembershipTokenWithBots
/tmp/gh-aw-test-runs/20260704-173215-1254793/role-membership-token-bots-test1718620336/role-membership-token-bots.md: info: Tip: set permissions.copilot-requests: write to use GitHub Actions token-based inference with the Copilot engine instead of a personal access token (COPILOT_GITHUB_TOKEN). This option requires that your organization has centralized Copilot billing enabled and may not be available in all organizations — see https://github.github.com/gh-aw/reference/billing/ for details.

✓ /tmp/gh-aw-test-runs/20260704-173215-1254793/role-membership-token-bots-test1718620336/role-membership-token-bots.md (79.6 KB)
--- PASS: TestRoleMembershipTokenWithBots (0.01s)
=== RUN   TestRoleMembershipSupportsSingleRoleString
/tmp/gh-aw-test-runs/20260704-173215-1254793/role-membership-single-role-string-test1362296436/role-membership-single-role-string.md: info: Tip: set permissions.copilot-requests: write to use GitHub Actions token-based inference with the Copilot engine instead of a personal access token (COPILOT_GITHUB_TOKEN). This option requires that your organization has centralized Copilot billing enabled and may not be available in all organizations — see https://github.github.com/gh-aw/reference/billing/ for details.

✓ /tmp/gh-aw-test-runs/20260704-173215-1254793/role-membership-single-role-string-test1362296436/role-membership-single-role-string.md (79.5 KB)
--- PASS: TestRoleMembershipSupportsSingleRoleString (0.01s)
=== RUN   TestInferEventsFromTriggers
=== RUN   TestInferEventsFromTriggers/infer_from_map_with_multiple_triggers
=== RUN   TestInferEventsFromTriggers/infer_only_programmatic_triggers
=== RUN   TestInferEventsFromTriggers/no_triggers
=== RUN   TestInferEventsFromTriggers/missing_on_section
=== RUN   TestInferEventsFromTriggers/all_programmatic_triggers
--- PASS: TestInferEventsFromTriggers (0.00s)
    --- PASS: TestInferEventsFromTriggers/infer_from_map_with_multiple_triggers (0.00s)
    --- PASS: TestInferEventsFromTriggers/infer_only_programmatic_triggers (0.00s)
    --- PASS: TestInferEventsFromTriggers/no_triggers (0.00s)
    --- PASS: TestInferEventsFromTriggers/missing_on_section (0.00s)
    --- PASS: TestInferEventsFromTriggers/all_programmatic_triggers (0.00s)
=== RUN   TestExtractRateLimitConfig
=== RUN   TestExtractRateLimitConfig/extracts_user-rate-limit_config
=== RUN   TestExtractRateLimitConfig/legacy_rate-limit_key_is_ignored
--- PASS: TestExtractRateLimitConfig (0.00s)
    --- PASS: TestExtractRateLimitConfig/extracts_user-rate-limit_config (0.00s)
    --- PASS: TestExtractRateLimitConfig/legacy_rate-limit_key_is_ignored (0.00s)
=== RUN   TestCommentAuthorAssociationConditionInPreActivation
=== RUN   TestCommentAuthorAssociationConditionInPreActivation/issue_comment_trigger_with_default_roles_gets_author_association_check
/tmp/gh-aw-test-runs/20260704-173215-1254793/comment-auth-test2429344440/test-workflow.md: info: Tip: set permissions.copilot-requests: write to use GitHub Actions token-based inference with the Copilot engine instead of a personal access token (COPILOT_GITHUB_TOKEN). This option requires that your organization has centralized Copilot billing enabled and may not be available in all organizations — see https://github.github.com/gh-aw/reference/billing/ for details.

✓ /tmp/gh-aw-test-runs/20260704-173215-1254793/comment-auth-test2429344440/test-workflow.md (79.4 KB)
=== RUN   TestCommentAuthorAssociationConditionInPreActivation/slash_command_trigger_compiles_to_issue_comment_and_gets_check
/tmp/gh-aw-test-runs/20260704-173215-1254793/comment-auth-test2462072494/test-workflow.md: info: Tip: set permissions.copilot-requests: write to use GitHub Actions token-based inference with the Copilot engine instead of a personal access token (COPILOT_GITHUB_TOKEN). This option requires that your organization has centralized Copilot billing enabled and may not be available in all organizations — see https://github.github.com/gh-aw/reference/billing/ for details.

✓ /tmp/gh-aw-test-runs/20260704-173215-1254793/comment-auth-test2462072494/test-workflow.md (84.0 KB)
=== RUN   TestCommentAuthorAssociationConditionInPreActivation/pull_request_review_comment_trigger_gets_author_association_check
/tmp/gh-aw-test-runs/20260704-173215-1254793/comment-auth-test3642746666/test-workflow.md: info: Tip: set permissions.copilot-requests: write to use GitHub Actions token-based inference with the Copilot engine instead of a personal access token (COPILOT_GITHUB_TOKEN). This option requires that your organization has centralized Copilot billing enabled and may not be available in all organizations — see https://github.github.com/gh-aw/reference/billing/ for details.

✓ /tmp/gh-aw-test-runs/20260704-173215-1254793/comment-auth-test3642746666/test-workflow.md (79.5 KB)
=== RUN   TestCommentAuthorAssociationConditionInPreActivation/issue_comment_trigger_with_roles:all_does_NOT_get_author_association_check
/tmp/gh-aw-test-runs/20260704-173215-1254793/comment-auth-test249683914/test-workflow.md: info: Tip: set permissions.copilot-requests: write to use GitHub Actions token-based inference with the Copilot engine instead of a personal access token (COPILOT_GITHUB_TOKEN). This option requires that your organization has centralized Copilot billing enabled and may not be available in all organizations — see https://github.github.com/gh-aw/reference/billing/ for details.

✓ /tmp/gh-aw-test-runs/20260704-173215-1254793/comment-auth-test249683914/test-workflow.md (77.0 KB)
=== RUN   TestCommentAuthorAssociationConditionInPreActivation/push_trigger_only_does_NOT_get_author_association_check
/tmp/gh-aw-test-runs/20260704-173215-1254793/comment-auth-test1298412965/test-workflow.md: info: Tip: set permissions.copilot-requests: write to use GitHub Actions token-based inference with the Copilot engine instead of a personal access token (COPILOT_GITHUB_TOKEN). This option requires that your organization has centralized Copilot billing enabled and may not be available in all organizations — see https://github.github.com/gh-aw/reference/billing/ for details.

✓ /tmp/gh-aw-test-runs/20260704-173215-1254793/comment-auth-test1298412965/test-workflow.md (77.2 KB)
=== RUN   TestCommentAuthorAssociationConditionInPreActivation/workflow_dispatch-only_trigger_does_NOT_get_author_association_check
/tmp/gh-aw-test-runs/20260704-173215-1254793/comment-auth-test3063645708/test-workflow.md: info: Tip: set permissions.copilot-requests: write to use GitHub Actions token-based inference with the Copilot engine instead of a personal access token (COPILOT_GITHUB_TOKEN). This option requires that your organization has centralized Copilot billing enabled and may not be available in all organizations — see https://github.github.com/gh-aw/reference/billing/ for details.

✓ /tmp/gh-aw-test-runs/20260704-173215-1254793/comment-auth-test3063645708/test-workflow.md (75.1 KB)
=== RUN   TestCommentAuthorAssociationConditionInPreActivation/issue_comment_trigger_with_on.bots_allows_bot_actor_in_pre_activation_if
/tmp/gh-aw-test-runs/20260704-173215-1254793/comment-auth-test3431435074/test-workflow.md: info: Tip: set permissions.copilot-requests: write to use GitHub Actions token-based inference with the Copilot engine instead of a personal access token (COPILOT_GITHUB_TOKEN). This option requires that your organization has centralized Copilot billing enabled and may not be available in all organizations — see https://github.github.com/gh-aw/reference/billing/ for details.

✓ /tmp/gh-aw-test-runs/20260704-173215-1254793/comment-auth-test3431435074/test-workflow.md (79.8 KB)
=== RUN   TestCommentAuthorAssociationConditionInPreActivation/issue_comment_trigger_with_expression_bot_disables_static_guard_so_runtime_check_always_runs
/tmp/gh-aw-test-runs/20260704-173215-1254793/comment-auth-test1963737256/test-workflow.md: info: Tip: set permissions.copilot-requests: write to use GitHub Actions token-based inference with the Copilot engine instead of a personal access token (COPILOT_GITHUB_TOKEN). This option requires that your organization has centralized Copilot billing enabled and may not be available in all organizations — see https://github.github.com/gh-aw/reference/billing/ for details.

✓ /tmp/gh-aw-test-runs/20260704-173215-1254793/comment-auth-test1963737256/test-workflow.md (79.5 KB)
--- PASS: TestCommentAuthorAssociationConditionInPreActivation (0.09s)
    --- PASS: TestCommentAuthorAssociationConditionInPreActivation/issue_comment_trigger_with_default_roles_gets_author_association_check (0.01s)
    --- PASS: TestCommentAuthorAssociationConditionInPreActivation/slash_command_trigger_compiles_to_issue_comment_and_gets_check (0.01s)
    --- PASS: TestCommentAuthorAssociationConditionInPreActivation/pull_request_review_comment_trigger_gets_author_association_check (0.01s)
    --- PASS: TestCommentAuthorAssociationConditionInPreActivation/issue_comment_trigger_with_roles:all_does_NOT_get_author_association_check (0.01s)
    --- PASS: TestCommentAuthorAssociationConditionInPreActivation/push_trigger_only_does_NOT_get_author_association_check (0.01s)
    --- PASS: TestCommentAuthorAssociationConditionInPreActivation/workflow_dispatch-only_trigger_does_NOT_get_author_association_check (0.01s)
    --- PASS: TestCommentAuthorAssociationConditionInPreActivation/issue_comment_trigger_with_on.bots_allows_bot_actor_in_pre_activation_if (0.01s)
    --- PASS: TestCommentAuthorAssociationConditionInPreActivation/issue_comment_trigger_with_expression_bot_disables_static_guard_so_runtime_check_always_runs (0.01s)
=== RUN   TestCommentAuthorAssociationImportedExpressionBot
⚠ Ignoring unexpected frontmatter fields in /tmp/gh-aw-test-runs/20260704-173215-1254793/comment-auth-import-test43889226/shared-bots.md: bots
/tmp/gh-aw-test-runs/20260704-173215-1254793/comment-auth-import-test43889226/main-workflow.md: info: Tip: set permissions.copilot-requests: write to use GitHub Actions token-based inference with the Copilot engine instead of a personal access token (COPILOT_GITHUB_TOKEN). This option requires that your organization has centralized Copilot billing enabled and may not be available in all organizations — see https://github.github.com/gh-aw/reference/billing/ for details.

✓ /tmp/gh-aw-test-runs/20260704-173215-1254793/comment-auth-import-test43889226/main-workflow.md (79.5 KB)
--- PASS: TestCommentAuthorAssociationImportedExpressionBot (0.01s)
=== RUN   TestResolveRunInstallScripts
=== RUN   TestResolveRunInstallScripts/default:_run_scripts_is_false
=== RUN   TestResolveRunInstallScripts/per-runtime_node_run-install-scripts:_true
=== RUN   TestResolveRunInstallScripts/per-runtime_python_run-install-scripts:_true_(no_effect_for_npm_installs)
=== RUN   TestResolveRunInstallScripts/merged_run-install-scripts_from_imported_shared_workflow
=== RUN   TestResolveRunInstallScripts/merged_and_node-level:_both_true
--- PASS: TestResolveRunInstallScripts (0.00s)
    --- PASS: TestResolveRunInstallScripts/default:_run_scripts_is_false (0.00s)
    --- PASS: TestResolveRunInstallScripts/per-runtime_node_run-install-scripts:_true (0.00s)
    --- PASS: TestResolveRunInstallScripts/per-runtime_python_run-install-scripts:_true_(no_effect_for_npm_installs) (0.00s)
    --- PASS: TestResolveRunInstallScripts/merged_run-install-scripts_from_imported_shared_workflow (0.00s)
    --- PASS: TestResolveRunInstallScripts/merged_and_node-level:_both_true (0.00s)
=== RUN   TestGenerateNpmInstallSteps_IgnoreScriptsByDefault
--- PASS: TestGenerateNpmInstallSteps_IgnoreScriptsByDefault (0.00s)
=== RUN   TestGenerateNpmInstallSteps_RunInstallScriptsEnabled
--- PASS: TestGenerateNpmInstallSteps_RunInstallScriptsEnabled (0.00s)
=== RUN   TestGenerateNpmInstallStepsWithScope_LocalInstall
--- PASS: TestGenerateNpmInstallStepsWithScope_LocalInstall (0.00s)
=== RUN   TestValidateRunInstallScripts_Warning
⚠ run-install-scripts: true is set – npm pre/post install scripts will execute during package installation. This is a supply chain security risk: malicious or compromised packages can use install hooks to exfiltrate secrets or tamper with the runner environment. Remove run-install-scripts: true unless you fully trust all installed packages and their transitive dependencies.
--- PASS: TestValidateRunInstallScripts_Warning (0.00s)
=== RUN   TestValidateRunInstallScripts_StrictModeError
--- PASS: TestValidateRunInstallScripts_StrictModeError (0.00s)
=== RUN   TestValidateRunInstallScripts_NotSet
--- PASS: TestValidateRunInstallScripts_NotSet (0.00s)
=== RUN   TestFrontmatterConfig_RunInstallScripts_TopLevel_Ignored
--- PASS: TestFrontmatterConfig_RunInstallScripts_TopLevel_Ignored (0.00s)
=== RUN   TestRuntimeConfig_RunInstallScripts
--- PASS: TestRuntimeConfig_RunInstallScripts (0.00s)
=== RUN   TestSanitizeRunStepExpressions
=== RUN   TestSanitizeRunStepExpressions/no_expressions_-_not_changed
=== RUN   TestSanitizeRunStepExpressions/single_expression_extracted
=== RUN   TestSanitizeRunStepExpressions/multiple_distinct_expressions_extracted
=== RUN   TestSanitizeRunStepExpressions/duplicate_expression_appears_only_once_in_env
=== RUN   TestSanitizeRunStepExpressions/existing_env_keys_preserved
=== RUN   TestSanitizeRunStepExpressions/expression_in_heredoc_not_extracted
=== RUN   TestSanitizeRunStepExpressions/expression_in_bash_comment_not_extracted
=== RUN   TestSanitizeRunStepExpressions/only_non-comment_expression_is_extracted
=== RUN   TestSanitizeRunStepExpressions/same_expression_in_comment_remains_unchanged
=== RUN   TestSanitizeRunStepExpressions/steps_outputs_expression_extracted
=== RUN   TestSanitizeRunStepExpressions/inputs_expression_extracted
=== RUN   TestSanitizeRunStepExpressions/safe_context_expressions_(non-user-controlled)_are_still_extracted
=== RUN   TestSanitizeRunStepExpressions/no_run_field_-_not_changed
=== RUN   TestSanitizeRunStepExpressions/non-string_run_field_-_not_changed
=== RUN   TestSanitizeRunStepExpressions/warning_includes_step_name
=== RUN   TestSanitizeRunStepExpressions/warning_omits_name_when_step_has_no_name
=== RUN   TestSanitizeRunStepExpressions/pull_request_body_expression_extracted
=== RUN   TestSanitizeRunStepExpressions/comment_body_expression_extracted
=== RUN   TestSanitizeRunStepExpressions/expression_with_extra_whitespace_in_expression
=== RUN   TestSanitizeRunStepExpressions/complex_expression_uses_hash-based_env_var_name
=== RUN   TestSanitizeRunStepExpressions/mixed_heredoc_and_non-heredoc_expressions
=== RUN   TestSanitizeRunStepExpressions/injection_attempt_pattern_is_still_extracted_safely
=== RUN   TestSanitizeRunStepExpressions/empty_run_string_-_not_changed
=== RUN   TestSanitizeRunStepExpressions/run_string_with_no_expression_marker_-_not_changed
=== RUN   TestSanitizeRunStepExpressions/three_expressions_in_single_command
--- PASS: TestSanitizeRunStepExpressions (0.00s)
    --- PASS: TestSanitizeRunStepExpressions/no_expressions_-_not_changed (0.00s)
    --- PASS: TestSanitizeRunStepExpressions/single_expression_extracted (0.00s)
    --- PASS: TestSanitizeRunStepExpressions/multiple_distinct_expressions_extracted (0.00s)
    --- PASS: TestSanitizeRunStepExpressions/duplicate_expression_appears_only_once_in_env (0.00s)
    --- PASS: TestSanitizeRunStepExpressions/existing_env_keys_preserved (0.00s)
    --- PASS: TestSanitizeRunStepExpressions/expression_in_heredoc_not_extracted (0.00s)
    --- PASS: TestSanitizeRunStepExpressions/expression_in_bash_comment_not_extracted (0.00s)
    --- PASS: TestSanitizeRunStepExpressions/only_non-comment_expression_is_extracted (0.00s)
    --- PASS: TestSanitizeRunStepExpressions/same_expression_in_comment_remains_unchanged (0.00s)
    --- PASS: TestSanitizeRunStepExpressions/steps_outputs_expression_extracted (0.00s)
    --- PASS: TestSanitizeRunStepExpressions/inputs_expression_extracted (0.00s)
    --- PASS: TestSanitizeRunStepExpressions/safe_context_expressions_(non-user-controlled)_are_still_extracted (0.00s)
    --- PASS: TestSanitizeRunStepExpressions/no_run_field_-_not_changed (0.00s)
    --- PASS: TestSanitizeRunStepExpressions/non-string_run_field_-_not_changed (0.00s)
    --- PASS: TestSanitizeRunStepExpressions/warning_includes_step_name (0.00s)
    --- PASS: TestSanitizeRunStepExpressions/warning_omits_name_when_step_has_no_name (0.00s)
    --- PASS: TestSanitizeRunStepExpressions/pull_request_body_expression_extracted (0.00s)
    --- PASS: TestSanitizeRunStepExpressions/comment_body_expression_extracted (0.00s)
    --- PASS: TestSanitizeRunStepExpressions/expression_with_extra_whitespace_in_expression (0.00s)
    --- PASS: TestSanitizeRunStepExpressions/complex_expression_uses_hash-based_env_var_name (0.00s)
    --- PASS: TestSanitizeRunStepExpressions/mixed_heredoc_and_non-heredoc_expressions (0.00s)
    --- PASS: TestSanitizeRunStepExpressions/injection_attempt_pattern_is_still_extracted_safely (0.00s)
    --- PASS: TestSanitizeRunStepExpressions/empty_run_string_-_not_changed (0.00s)
    --- PASS: TestSanitizeRunStepExpressions/run_string_with_no_expression_marker_-_not_changed (0.00s)
    --- PASS: TestSanitizeRunStepExpressions/three_expressions_in_single_command (0.00s)
=== RUN   TestSanitizeRunStepExpressionsOriginalNotMutated
--- PASS: TestSanitizeRunStepExpressionsOriginalNotMutated (0.00s)
=== RUN   TestSanitizeRunStepExpressionsExistingEnvNotMutated
--- PASS: TestSanitizeRunStepExpressionsExistingEnvNotMutated (0.00s)
=== RUN   TestSanitizeRunStepExpressionsEnvVarNameGeneration
=== RUN   TestSanitizeRunStepExpressionsEnvVarNameGeneration/${{_github.event.issue.title_}}
=== RUN   TestSanitizeRunStepExpressionsEnvVarNameGeneration/${{_github.event.pull_request.number_}}
=== RUN   TestSanitizeRunStepExpressionsEnvVarNameGeneration/${{_inputs.my_value_}}
=== RUN   TestSanitizeRunStepExpressionsEnvVarNameGeneration/${{_steps.setup.outputs.path_}}
--- PASS: TestSanitizeRunStepExpressionsEnvVarNameGeneration (0.00s)
    --- PASS: TestSanitizeRunStepExpressionsEnvVarNameGeneration/${{_github.event.issue.title_}} (0.00s)
    --- PASS: TestSanitizeRunStepExpressionsEnvVarNameGeneration/${{_github.event.pull_request.number_}} (0.00s)
    --- PASS: TestSanitizeRunStepExpressionsEnvVarNameGeneration/${{_inputs.my_value_}} (0.00s)
    --- PASS: TestSanitizeRunStepExpressionsEnvVarNameGeneration/${{_steps.setup.outputs.path_}} (0.00s)
=== RUN   TestSanitizeRunStepExpressions_ComplexExpressionHashName
--- PASS: TestSanitizeRunStepExpressions_ComplexExpressionHashName (0.00s)
=== RUN   TestSanitizeRunStepExpressions_MultilineRun
--- PASS: TestSanitizeRunStepExpressions_MultilineRun (0.00s)
=== RUN   TestSanitizeRunStepExpressions_SanitizedRunHasNoInlineExpressions
=== RUN   TestSanitizeRunStepExpressions_SanitizedRunHasNoInlineExpressions/echo_"${{_github.event.issue.title_}}"
=== RUN   TestSanitizeRunStepExpressions_SanitizedRunHasNoInlineExpressions/curl_-d_"${{_github.event.issue.body_}}"
=== RUN   TestSanitizeRunStepExpressions_SanitizedRunHasNoInlineExpressions/gh_api_repos/${{_github.repository_}}/is
=== RUN   TestSanitizeRunStepExpressions_SanitizedRunHasNoInlineExpressions/bash_-c_"echo_${{_steps.build.outputs.ve
--- PASS: TestSanitizeRunStepExpressions_SanitizedRunHasNoInlineExpressions (0.00s)
    --- PASS: TestSanitizeRunStepExpressions_SanitizedRunHasNoInlineExpressions/echo_"${{_github.event.issue.title_}}" (0.00s)
    --- PASS: TestSanitizeRunStepExpressions_SanitizedRunHasNoInlineExpressions/curl_-d_"${{_github.event.issue.body_}}" (0.00s)
    --- PASS: TestSanitizeRunStepExpressions_SanitizedRunHasNoInlineExpressions/gh_api_repos/${{_github.repository_}}/is (0.00s)
    --- PASS: TestSanitizeRunStepExpressions_SanitizedRunHasNoInlineExpressions/bash_-c_"echo_${{_steps.build.outputs.ve (0.00s)
=== RUN   TestSanitizeCustomStepsYAML
=== RUN   TestSanitizeCustomStepsYAML/no_expressions_-_returned_unchanged
=== RUN   TestSanitizeCustomStepsYAML/single_step_with_expression_sanitized
=== RUN   TestSanitizeCustomStepsYAML/multiple_steps_-_only_unsafe_ones_are_modified
=== RUN   TestSanitizeCustomStepsYAML/multiple_expressions_across_multiple_steps
=== RUN   TestSanitizeCustomStepsYAML/empty_string_-_returned_unchanged
=== RUN   TestSanitizeCustomStepsYAML/malformed_YAML_-_returned_unchanged_without_error
=== RUN   TestSanitizeCustomStepsYAML/steps_with_no_run_field_-_not_changed
=== RUN   TestSanitizeCustomStepsYAML/expression_already_in_env_not_double-extracted
--- PASS: TestSanitizeCustomStepsYAML (0.00s)
    --- PASS: TestSanitizeCustomStepsYAML/no_expressions_-_returned_unchanged (0.00s)
    --- PASS: TestSanitizeCustomStepsYAML/single_step_with_expression_sanitized (0.00s)
    --- PASS: TestSanitizeCustomStepsYAML/multiple_steps_-_only_unsafe_ones_are_modified (0.00s)
    --- PASS: TestSanitizeCustomStepsYAML/multiple_expressions_across_multiple_steps (0.00s)
    --- PASS: TestSanitizeCustomStepsYAML/empty_string_-_returned_unchanged (0.00s)
    --- PASS: TestSanitizeCustomStepsYAML/malformed_YAML_-_returned_unchanged_without_error (0.00s)
    --- PASS: TestSanitizeCustomStepsYAML/steps_with_no_run_field_-_not_changed (0.00s)
    --- PASS: TestSanitizeCustomStepsYAML/expression_already_in_env_not_double-extracted (0.00s)
=== RUN   TestSanitizeCustomStepsYAML_WarningsDescribeExtraction
--- PASS: TestSanitizeCustomStepsYAML_WarningsDescribeExtraction (0.00s)
=== RUN   TestSanitizeRunStepExpressions_CollisionReusesSameValue
--- PASS: TestSanitizeRunStepExpressions_CollisionReusesSameValue (0.00s)
=== RUN   TestSanitizeRunStepExpressions_CollisionDifferentValueGetsAlternateName
--- PASS: TestSanitizeRunStepExpressions_CollisionDifferentValueGetsAlternateName (0.00s)
=== RUN   TestSanitizeRunStepExpressions_ExpressionInQuotedHeredocNotReplaced
--- PASS: TestSanitizeRunStepExpressions_ExpressionInQuotedHeredocNotReplaced (0.00s)
=== RUN   TestReplaceOutsideQuotedHeredocs_NoHeredoc
--- PASS: TestReplaceOutsideQuotedHeredocs_NoHeredoc (0.00s)
=== RUN   TestReplaceOutsideQuotedHeredocs_QuotedHeredocPreserved
--- PASS: TestReplaceOutsideQuotedHeredocs_QuotedHeredocPreserved (0.00s)
=== RUN   TestReplaceOutsideQuotedHeredocs_UnquotedHeredocIsReplaced
--- PASS: TestReplaceOutsideQuotedHeredocs_UnquotedHeredocIsReplaced (0.00s)
=== RUN   TestReplaceOutsideQuotedHeredocs_DoesNotReplaceInComments
--- PASS: TestReplaceOutsideQuotedHeredocs_DoesNotReplaceInComments (0.00s)
=== RUN   TestValidateRunsOn
=== RUN   TestValidateRunsOn/no_runs-on_field
=== RUN   TestValidateRunsOn/ubuntu-latest_string
=== RUN   TestValidateRunsOn/windows-latest_string
=== RUN   TestValidateRunsOn/self-hosted_string
=== RUN   TestValidateRunsOn/macos-latest_string
=== RUN   TestValidateRunsOn/macos-14_string
=== RUN   TestValidateRunsOn/macos-13_string
=== RUN   TestValidateRunsOn/bare_macos_string
=== RUN   TestValidateRunsOn/ubuntu_array
=== RUN   TestValidateRunsOn/macos_in_array
=== RUN   TestValidateRunsOn/object_with_linux_labels
=== RUN   TestValidateRunsOn/object_with_macos_labels
=== RUN   TestValidateRunsOn/error_message_contains_FAQ_link
=== RUN   TestValidateRunsOn/error_message_explains_reason
=== RUN   TestValidateRunsOn/macos_in_runs-on-slim_array
=== RUN   TestValidateRunsOn/macos_in_safe-outputs.runs-on_array
=== RUN   TestValidateRunsOn/macos_in_safe-outputs.threat-detection.runs-on_labels
--- PASS: TestValidateRunsOn (0.00s)
    --- PASS: TestValidateRunsOn/no_runs-on_field (0.00s)
    --- PASS: TestValidateRunsOn/ubuntu-latest_string (0.00s)
    --- PASS: TestValidateRunsOn/windows-latest_string (0.00s)
    --- PASS: TestValidateRunsOn/self-hosted_string (0.00s)
    --- PASS: TestValidateRunsOn/macos-latest_string (0.00s)
    --- PASS: TestValidateRunsOn/macos-14_string (0.00s)
    --- PASS: TestValidateRunsOn/macos-13_string (0.00s)
    --- PASS: TestValidateRunsOn/bare_macos_string (0.00s)
    --- PASS: TestValidateRunsOn/ubuntu_array (0.00s)
    --- PASS: TestValidateRunsOn/macos_in_array (0.00s)
    --- PASS: TestValidateRunsOn/object_with_linux_labels (0.00s)
    --- PASS: TestValidateRunsOn/object_with_macos_labels (0.00s)
    --- PASS: TestValidateRunsOn/error_message_contains_FAQ_link (0.00s)
    --- PASS: TestValidateRunsOn/error_message_explains_reason (0.00s)
    --- PASS: TestValidateRunsOn/macos_in_runs-on-slim_array (0.00s)
    --- PASS: TestValidateRunsOn/macos_in_safe-outputs.runs-on_array (0.00s)
    --- PASS: TestValidateRunsOn/macos_in_safe-outputs.threat-detection.runs-on_labels (0.00s)
=== RUN   TestExtractRunnerLabels
=== RUN   TestExtractRunnerLabels/string_label
=== RUN   TestExtractRunnerLabels/array_of_labels
=== RUN   TestExtractRunnerLabels/object_with_labels
=== RUN   TestExtractRunnerLabels/object_without_labels
=== RUN   TestExtractRunnerLabels/nil
=== RUN   TestExtractRunnerLabels/integer_(unsupported_type)
--- PASS: TestExtractRunnerLabels (0.00s)
    --- PASS: TestExtractRunnerLabels/string_label (0.00s)
    --- PASS: TestExtractRunnerLabels/array_of_labels (0.00s)
    --- PASS: TestExtractRunnerLabels/object_with_labels (0.00s)
    --- PASS: TestExtractRunnerLabels/object_without_labels (0.00s)
    --- PASS: TestExtractRunnerLabels/nil (0.00s)
    --- PASS: TestExtractRunnerLabels/integer_(unsupported_type) (0.00s)
=== RUN   TestValidateRunsOnValue
=== RUN   TestValidateRunsOnValue/string_is_valid
=== RUN   TestValidateRunsOnValue/array_of_strings_is_valid
=== RUN   TestValidateRunsOnValue/object_with_group_and_labels_is_valid
=== RUN   TestValidateRunsOnValue/array_with_non-string_entry_is_invalid
=== RUN   TestValidateRunsOnValue/object_with_invalid_key_is_invalid
=== RUN   TestValidateRunsOnValue/unsupported_type_is_invalid
--- PASS: TestValidateRunsOnValue (0.00s)
    --- PASS: TestValidateRunsOnValue/string_is_valid (0.00s)
    --- PASS: TestValidateRunsOnValue/array_of_strings_is_valid (0.00s)
    --- PASS: TestValidateRunsOnValue/object_with_group_and_labels_is_valid (0.00s)
    --- PASS: TestValidateRunsOnValue/array_with_non-string_entry_is_invalid (0.00s)
    --- PASS: TestValidateRunsOnValue/object_with_invalid_key_is_invalid (0.00s)
    --- PASS: TestValidateRunsOnValue/unsupported_type_is_invalid (0.00s)
=== RUN   TestBuildRenderedJobEnv_AddsRuntimeFeaturesForBuiltInJobs
--- PASS: TestBuildRenderedJobEnv_AddsRuntimeFeaturesForBuiltInJobs (0.00s)
=== RUN   TestBuildRenderedJobEnv_DoesNotAddRuntimeFeaturesForCustomJobs
--- PASS: TestBuildRenderedJobEnv_DoesNotAddRuntimeFeaturesForCustomJobs (0.00s)
=== RUN   TestBuildRenderedJobEnv_PreservesExistingRuntimeFeaturesOverride
--- PASS: TestBuildRenderedJobEnv_PreservesExistingRuntimeFeaturesOverride (0.00s)
=== RUN   TestBuildRenderedJobEnv_DoesNotAddRuntimeFeaturesForUsesJobs
--- PASS: TestBuildRenderedJobEnv_DoesNotAddRuntimeFeaturesForUsesJobs (0.00s)
=== RUN   TestActivationJobIncludesRuntimeFeatureSummaryStep
--- PASS: TestActivationJobIncludesRuntimeFeatureSummaryStep (0.00s)
=== RUN   TestParseRuntimesConfig_GhAw
--- PASS: TestParseRuntimesConfig_GhAw (0.00s)
=== RUN   TestRuntimesConfigToMap_GhAw
--- PASS: TestRuntimesConfigToMap_GhAw (0.00s)
=== RUN   TestDetectRuntimeFromCommand_GhAw
=== RUN   TestDetectRuntimeFromCommand_GhAw/release_build_uses_compiler_version
=== RUN   TestDetectRuntimeFromCommand_GhAw/dev_build_uses_current_build_version
--- PASS: TestDetectRuntimeFromCommand_GhAw (0.00s)
    --- PASS: TestDetectRuntimeFromCommand_GhAw/release_build_uses_compiler_version (0.00s)
    --- PASS: TestDetectRuntimeFromCommand_GhAw/dev_build_uses_current_build_version (0.00s)
=== RUN   TestGetDomainsFromRuntimes_GhAw
--- PASS: TestGetDomainsFromRuntimes_GhAw (0.00s)
=== RUN   TestGenerateRuntimeSetupSteps_GhAw_DevBuildsFromSource
--- PASS: TestGenerateRuntimeSetupSteps_GhAw_DevBuildsFromSource (0.00s)
=== RUN   TestGenerateRuntimeSetupSteps_GhAw_ReleaseUsesSetupCLI
--- PASS: TestGenerateRuntimeSetupSteps_GhAw_ReleaseUsesSetupCLI (0.00s)
=== RUN   TestGenerateRuntimeSetupSteps_GhAw_ReleaseUsesWorkflowDataPin
--- PASS: TestGenerateRuntimeSetupSteps_GhAw_ReleaseUsesWorkflowDataPin (0.00s)
=== RUN   TestExtractRuntimeImportPaths
=== RUN   TestExtractRuntimeImportPaths/no_imports
=== RUN   TestExtractRuntimeImportPaths/single_file_import
=== RUN   TestExtractRuntimeImportPaths/optional_import
=== RUN   TestExtractRuntimeImportPaths/import_with_line_range
=== RUN   TestExtractRuntimeImportPaths/multiple_imports
=== RUN   TestExtractRuntimeImportPaths/duplicate_imports
=== RUN   TestExtractRuntimeImportPaths/URL_import_(should_be_excluded)
=== RUN   TestExtractRuntimeImportPaths/mixed_file_and_URL_imports
=== RUN   TestExtractRuntimeImportPaths/.github_prefix_in_path
--- PASS: TestExtractRuntimeImportPaths (0.00s)
    --- PASS: TestExtractRuntimeImportPaths/no_imports (0.00s)
    --- PASS: TestExtractRuntimeImportPaths/single_file_import (0.00s)
    --- PASS: TestExtractRuntimeImportPaths/optional_import (0.00s)
    --- PASS: TestExtractRuntimeImportPaths/import_with_line_range (0.00s)
    --- PASS: TestExtractRuntimeImportPaths/multiple_imports (0.00s)
    --- PASS: TestExtractRuntimeImportPaths/duplicate_imports (0.00s)
    --- PASS: TestExtractRuntimeImportPaths/URL_import_(should_be_excluded) (0.00s)
    --- PASS: TestExtractRuntimeImportPaths/mixed_file_and_URL_imports (0.00s)
    --- PASS: TestExtractRuntimeImportPaths/.github_prefix_in_path (0.00s)
=== RUN   TestValidateRuntimeImportFiles
=== RUN   TestValidateRuntimeImportFiles/no_runtime_imports
=== RUN   TestValidateRuntimeImportFiles/valid_runtime_import
=== RUN   TestValidateRuntimeImportFiles/invalid_runtime_import
=== RUN   TestValidateRuntimeImportFiles/multiline_expression_in_import
=== RUN   TestValidateRuntimeImportFiles/multiple_imports_with_one_invalid
=== RUN   TestValidateRuntimeImportFiles/non-existent_file_(should_skip)
=== RUN   TestValidateRuntimeImportFiles/URL_import_(should_skip)
--- PASS: TestValidateRuntimeImportFiles (0.00s)
    --- PASS: TestValidateRuntimeImportFiles/no_runtime_imports (0.00s)
    --- PASS: TestValidateRuntimeImportFiles/valid_runtime_import (0.00s)
    --- PASS: TestValidateRuntimeImportFiles/invalid_runtime_import (0.00s)
    --- PASS: TestValidateRuntimeImportFiles/multiline_expression_in_import (0.00s)
    --- PASS: TestValidateRuntimeImportFiles/multiple_imports_with_one_invalid (0.00s)
    --- PASS: TestValidateRuntimeImportFiles/non-existent_file_(should_skip) (0.00s)
    --- PASS: TestValidateRuntimeImportFiles/URL_import_(should_skip) (0.00s)
=== RUN   TestValidateRuntimeImportFiles_PathNormalization
=== RUN   TestValidateRuntimeImportFiles_PathNormalization/path_with_./
=== RUN   TestValidateRuntimeImportFiles_PathNormalization/path_with_.github/
=== RUN   TestValidateRuntimeImportFiles_PathNormalization/path_without_prefix
--- PASS: TestValidateRuntimeImportFiles_PathNormalization (0.00s)
    --- PASS: TestValidateRuntimeImportFiles_PathNormalization/path_with_./ (0.00s)
    --- PASS: TestValidateRuntimeImportFiles_PathNormalization/path_with_.github/ (0.00s)
    --- PASS: TestValidateRuntimeImportFiles_PathNormalization/path_without_prefix (0.00s)
=== RUN   TestCompilerIntegration_RuntimeImportValidation
--- PASS: TestCompilerIntegration_RuntimeImportValidation (0.01s)
=== RUN   TestCompilerIntegration_RuntimeImportValidation_Valid
/tmp/TestCompilerIntegration_RuntimeImportValidation_Valid2837768402/001/.github/workflows/test-workflow.md: info: Tip: set permissions.copilot-requests: write to use GitHub Actions token-based inference with the Copilot engine instead of a personal access token (COPILOT_GITHUB_TOKEN). This option requires that your organization has centralized Copilot billing enabled and may not be available in all organizations — see https://github.github.com/gh-aw/reference/billing/ for details.

✓ /tmp/TestCompilerIntegration_RuntimeImportValidation_Valid2837768402/001/.github/workflows/test-workflow.md (79.1 KB)
--- PASS: TestCompilerIntegration_RuntimeImportValidation_Valid (0.01s)
=== RUN   TestApplyRuntimeOverrides
=== RUN   TestApplyRuntimeOverrides/override_existing_runtime_version_with_string
=== RUN   TestApplyRuntimeOverrides/override_existing_runtime_version_with_number
=== RUN   TestApplyRuntimeOverrides/override_existing_runtime_version_with_float
=== RUN   TestApplyRuntimeOverrides/add_new_runtime_from_override
=== RUN   TestApplyRuntimeOverrides/multiple_runtime_overrides
=== RUN   TestApplyRuntimeOverrides/ignore_unknown_runtime
=== RUN   TestApplyRuntimeOverrides/ignore_runtime_without_version
=== RUN   TestApplyRuntimeOverrides/override_action-repo
=== RUN   TestApplyRuntimeOverrides/override_only_action-version
--- PASS: TestApplyRuntimeOverrides (0.00s)
    --- PASS: TestApplyRuntimeOverrides/override_existing_runtime_version_with_string (0.00s)
    --- PASS: TestApplyRuntimeOverrides/override_existing_runtime_version_with_number (0.00s)
    --- PASS: TestApplyRuntimeOverrides/override_existing_runtime_version_with_float (0.00s)
    --- PASS: TestApplyRuntimeOverrides/add_new_runtime_from_override (0.00s)
    --- PASS: TestApplyRuntimeOverrides/multiple_runtime_overrides (0.00s)
    --- PASS: TestApplyRuntimeOverrides/ignore_unknown_runtime (0.00s)
    --- PASS: TestApplyRuntimeOverrides/ignore_runtime_without_version (0.00s)
    --- PASS: TestApplyRuntimeOverrides/override_action-repo (0.00s)
    --- PASS: TestApplyRuntimeOverrides/override_only_action-version (0.00s)
=== RUN   TestDetectRuntimeRequirementsWithOverrides
=== RUN   TestDetectRuntimeRequirementsWithOverrides/detect_and_override_node_version
=== RUN   TestDetectRuntimeRequirementsWithOverrides/detect_python_and_add_ruby_from_override
=== RUN   TestDetectRuntimeRequirementsWithOverrides/no_overrides
--- PASS: TestDetectRuntimeRequirementsWithOverrides (0.00s)
    --- PASS: TestDetectRuntimeRequirementsWithOverrides/detect_and_override_node_version (0.00s)
    --- PASS: TestDetectRuntimeRequirementsWithOverrides/detect_python_and_add_ruby_from_override (0.00s)
    --- PASS: TestDetectRuntimeRequirementsWithOverrides/no_overrides (0.00s)
=== RUN   TestApplyRuntimeOverrides_Cooldown
--- PASS: TestApplyRuntimeOverrides_Cooldown (0.00s)
=== RUN   TestDetectRuntimeFromCommand
=== RUN   TestDetectRuntimeFromCommand/bun_command
=== RUN   TestDetectRuntimeFromCommand/bunx_command
=== RUN   TestDetectRuntimeFromCommand/npm_install_command
=== RUN   TestDetectRuntimeFromCommand/npx_command
=== RUN   TestDetectRuntimeFromCommand/python_command
=== RUN   TestDetectRuntimeFromCommand/pip_install
=== RUN   TestDetectRuntimeFromCommand/uv_command
=== RUN   TestDetectRuntimeFromCommand/uvx_command
=== RUN   TestDetectRuntimeFromCommand/go_command
=== RUN   TestDetectRuntimeFromCommand/gh_aw_command
=== RUN   TestDetectRuntimeFromCommand/ruby_command
=== RUN   TestDetectRuntimeFromCommand/deno_command
=== RUN   TestDetectRuntimeFromCommand/dotnet_command
=== RUN   TestDetectRuntimeFromCommand/java_command
=== RUN   TestDetectRuntimeFromCommand/javac_command
=== RUN   TestDetectRuntimeFromCommand/maven_command
=== RUN   TestDetectRuntimeFromCommand/gradle_command
=== RUN   TestDetectRuntimeFromCommand/elixir_command
=== RUN   TestDetectRuntimeFromCommand/mix_command
=== RUN   TestDetectRuntimeFromCommand/haskell_ghc_command
=== RUN   TestDetectRuntimeFromCommand/cabal_command
=== RUN   TestDetectRuntimeFromCommand/stack_command
=== RUN   TestDetectRuntimeFromCommand/multiple_commands
=== RUN   TestDetectRuntimeFromCommand/no_runtime_commands
--- PASS: TestDetectRuntimeFromCommand (0.00s)
    --- PASS: TestDetectRuntimeFromCommand/bun_command (0.00s)
    --- PASS: TestDetectRuntimeFromCommand/bunx_command (0.00s)
    --- PASS: TestDetectRuntimeFromCommand/npm_install_command (0.00s)
    --- PASS: TestDetectRuntimeFromCommand/npx_command (0.00s)
    --- PASS: TestDetectRuntimeFromCommand/python_command (0.00s)
    --- PASS: TestDetectRuntimeFromCommand/pip_install (0.00s)
    --- PASS: TestDetectRuntimeFromCommand/uv_command (0.00s)
    --- PASS: TestDetectRuntimeFromCommand/uvx_command (0.00s)
    --- PASS: TestDetectRuntimeFromCommand/go_command (0.00s)
    --- PASS: TestDetectRuntimeFromCommand/gh_aw_command (0.00s)
    --- PASS: TestDetectRuntimeFromCommand/ruby_command (0.00s)
    --- PASS: TestDetectRuntimeFromCommand/deno_command (0.00s)
    --- PASS: TestDetectRuntimeFromCommand/dotnet_command (0.00s)
    --- PASS: TestDetectRuntimeFromCommand/java_command (0.00s)
    --- PASS: TestDetectRuntimeFromCommand/javac_command (0.00s)
    --- PASS: TestDetectRuntimeFromCommand/maven_command (0.00s)
    --- PASS: TestDetectRuntimeFromCommand/gradle_command (0.00s)
    --- PASS: TestDetectRuntimeFromCommand/elixir_command (0.00s)
    --- PASS: TestDetectRuntimeFromCommand/mix_command (0.00s)
    --- PASS: TestDetectRuntimeFromCommand/haskell_ghc_command (0.00s)
    --- PASS: TestDetectRuntimeFromCommand/cabal_command (0.00s)
    --- PASS: TestDetectRuntimeFromCommand/stack_command (0.00s)
    --- PASS: TestDetectRuntimeFromCommand/multiple_commands (0.00s)
    --- PASS: TestDetectRuntimeFromCommand/no_runtime_commands (0.00s)
=== RUN   TestDetectFromCustomSteps
=== RUN   TestDetectFromCustomSteps/detects_node_from_npm_command
=== RUN   TestDetectFromCustomSteps/detects_python_from_python_command
=== RUN   TestDetectFromCustomSteps/detects_multiple_runtimes
=== RUN   TestDetectFromCustomSteps/detects_gh-aw_from_gh_aw_command
=== RUN   TestDetectFromCustomSteps/detects_node_even_when_setup-node_exists_(filtering_happens_later)
--- PASS: TestDetectFromCustomSteps (0.00s)
    --- PASS: TestDetectFromCustomSteps/detects_node_from_npm_command (0.00s)
    --- PASS: TestDetectFromCustomSteps/detects_python_from_python_command (0.00s)
    --- PASS: TestDetectFromCustomSteps/detects_multiple_runtimes (0.00s)
    --- PASS: TestDetectFromCustomSteps/detects_gh-aw_from_gh_aw_command (0.00s)
    --- PASS: TestDetectFromCustomSteps/detects_node_even_when_setup-node_exists_(filtering_happens_later) (0.00s)
=== RUN   TestDetectFromMCPConfigs
=== RUN   TestDetectFromMCPConfigs/detects_node_from_MCP_command
=== RUN   TestDetectFromMCPConfigs/detects_python_from_MCP_command
=== RUN   TestDetectFromMCPConfigs/detects_npx_from_MCP_command
=== RUN   TestDetectFromMCPConfigs/no_detection_for_non-runtime_commands
--- PASS: TestDetectFromMCPConfigs (0.00s)
    --- PASS: TestDetectFromMCPConfigs/detects_node_from_MCP_command (0.00s)
    --- PASS: TestDetectFromMCPConfigs/detects_python_from_MCP_command (0.00s)
    --- PASS: TestDetectFromMCPConfigs/detects_npx_from_MCP_command (0.00s)
    --- PASS: TestDetectFromMCPConfigs/no_detection_for_non-runtime_commands (0.00s)
=== RUN   TestDetectFromMCPScripts
--- PASS: TestDetectFromMCPScripts (0.00s)
=== RUN   TestGenerateRuntimeSetupSteps
=== RUN   TestGenerateRuntimeSetupSteps/generates_bun_setup
=== RUN   TestGenerateRuntimeSetupSteps/generates_node_setup
=== RUN   TestGenerateRuntimeSetupSteps/generates_python_setup
=== RUN   TestGenerateRuntimeSetupSteps/generates_uv_setup
=== RUN   TestGenerateRuntimeSetupSteps/generates_dotnet_setup
=== RUN   TestGenerateRuntimeSetupSteps/generates_java_setup
=== RUN   TestGenerateRuntimeSetupSteps/generates_elixir_setup
=== RUN   TestGenerateRuntimeSetupSteps/generates_haskell_setup
=== RUN   TestGenerateRuntimeSetupSteps/generates_multiple_setups
=== RUN   TestGenerateRuntimeSetupSteps/uses_default_versions
=== RUN   TestGenerateRuntimeSetupSteps/generates_go_setup_with_explicit_version
=== RUN   TestGenerateRuntimeSetupSteps/generates_go_setup_with_default_version_when_no_go.mod
=== RUN   TestGenerateRuntimeSetupSteps/generates_go_setup_with_go-version-file_when_go-mod-file_specified
--- PASS: TestGenerateRuntimeSetupSteps (0.00s)
    --- PASS: TestGenerateRuntimeSetupSteps/generates_bun_setup (0.00s)
    --- PASS: TestGenerateRuntimeSetupSteps/generates_node_setup (0.00s)
    --- PASS: TestGenerateRuntimeSetupSteps/generates_python_setup (0.00s)
    --- PASS: TestGenerateRuntimeSetupSteps/generates_uv_setup (0.00s)
    --- PASS: TestGenerateRuntimeSetupSteps/generates_dotnet_setup (0.00s)
    --- PASS: TestGenerateRuntimeSetupSteps/generates_java_setup (0.00s)
    --- PASS: TestGenerateRuntimeSetupSteps/generates_elixir_setup (0.00s)
    --- PASS: TestGenerateRuntimeSetupSteps/generates_haskell_setup (0.00s)
    --- PASS: TestGenerateRuntimeSetupSteps/generates_multiple_setups (0.00s)
    --- PASS: TestGenerateRuntimeSetupSteps/uses_default_versions (0.00s)
    --- PASS: TestGenerateRuntimeSetupSteps/generates_go_setup_with_explicit_version (0.00s)
    --- PASS: TestGenerateRuntimeSetupSteps/generates_go_setup_with_default_version_when_no_go.mod (0.00s)
    --- PASS: TestGenerateRuntimeSetupSteps/generates_go_setup_with_go-version-file_when_go-mod-file_specified (0.00s)
=== RUN   TestRuntimeFilteringWithExistingSetupActions
--- PASS: TestRuntimeFilteringWithExistingSetupActions (0.00s)
=== RUN   TestRuntimeSetupErrorMessages
=== RUN   TestRuntimeSetupErrorMessages/parse_custom_steps_error_includes_example_and_explanation
=== RUN   TestRuntimeSetupErrorMessages/marshal_deduplicated_steps_error_includes_context_about_deduplication
    runtime_setup_test.go:623: Skip - Marshal errors are difficult to trigger in tests
--- PASS: TestRuntimeSetupErrorMessages (0.00s)
    --- PASS: TestRuntimeSetupErrorMessages/parse_custom_steps_error_includes_example_and_explanation (0.00s)
    --- SKIP: TestRuntimeSetupErrorMessages/marshal_deduplicated_steps_error_includes_context_about_deduplication (0.00s)
=== RUN   TestDeduplicateErrorMessageFormat
--- PASS: TestDeduplicateErrorMessageFormat (0.00s)
=== RUN   TestDeduplicatePreservesUserPythonVersion
--- PASS: TestDeduplicatePreservesUserPythonVersion (0.00s)
=== RUN   TestDeduplicatePreservesUserNodeVersion
--- PASS: TestDeduplicatePreservesUserNodeVersion (0.00s)
=== RUN   TestDeduplicatePreservesUserNodeVersionFile
--- PASS: TestDeduplicatePreservesUserNodeVersionFile (0.00s)
=== RUN   TestGenerateRuntimeSetupStepsWithIfCondition
=== RUN   TestGenerateRuntimeSetupStepsWithIfCondition/generates_go_setup_with_if_condition
=== RUN   TestGenerateRuntimeSetupStepsWithIfCondition/generates_uv_setup_with_if_condition
=== RUN   TestGenerateRuntimeSetupStepsWithIfCondition/generates_python_setup_with_if_condition
=== RUN   TestGenerateRuntimeSetupStepsWithIfCondition/generates_node_setup_with_if_condition
=== RUN   TestGenerateRuntimeSetupStepsWithIfCondition/generates_multiple_runtimes_with_different_if_conditions
--- PASS: TestGenerateRuntimeSetupStepsWithIfCondition (0.00s)
    --- PASS: TestGenerateRuntimeSetupStepsWithIfCondition/generates_go_setup_with_if_condition (0.00s)
    --- PASS: TestGenerateRuntimeSetupStepsWithIfCondition/generates_uv_setup_with_if_condition (0.00s)
    --- PASS: TestGenerateRuntimeSetupStepsWithIfCondition/generates_python_setup_with_if_condition (0.00s)
    --- PASS: TestGenerateRuntimeSetupStepsWithIfCondition/generates_node_setup_with_if_condition (0.00s)
    --- PASS: TestGenerateRuntimeSetupStepsWithIfCondition/generates_multiple_runtimes_with_different_if_conditions (0.00s)
=== RUN   TestIsCustomImageRunner
=== RUN   TestIsCustomImageRunner/empty_runs-on_(default_ubuntu-latest_applies)
=== RUN   TestIsCustomImageRunner/ubuntu-latest_is_standard
=== RUN   TestIsCustomImageRunner/ubuntu-22.04_is_standard
=== RUN   TestIsCustomImageRunner/ubuntu-24.04_is_standard
=== RUN   TestIsCustomImageRunner/ubuntu-slim_is_standard
=== RUN   TestIsCustomImageRunner/ubuntu_prefix_case-insensitive
=== RUN   TestIsCustomImageRunner/windows-latest_is_standard
=== RUN   TestIsCustomImageRunner/windows-2022_is_standard
=== RUN   TestIsCustomImageRunner/self-hosted_is_custom
=== RUN   TestIsCustomImageRunner/custom_label_is_custom
=== RUN   TestIsCustomImageRunner/array_form_is_custom
=== RUN   TestIsCustomImageRunner/object_form_(group/labels)_is_custom
--- PASS: TestIsCustomImageRunner (0.00s)
    --- PASS: TestIsCustomImageRunner/empty_runs-on_(default_ubuntu-latest_applies) (0.00s)
    --- PASS: TestIsCustomImageRunner/ubuntu-latest_is_standard (0.00s)
    --- PASS: TestIsCustomImageRunner/ubuntu-22.04_is_standard (0.00s)
    --- PASS: TestIsCustomImageRunner/ubuntu-24.04_is_standard (0.00s)
    --- PASS: TestIsCustomImageRunner/ubuntu-slim_is_standard (0.00s)
    --- PASS: TestIsCustomImageRunner/ubuntu_prefix_case-insensitive (0.00s)
    --- PASS: TestIsCustomImageRunner/windows-latest_is_standard (0.00s)
    --- PASS: TestIsCustomImageRunner/windows-2022_is_standard (0.00s)
    --- PASS: TestIsCustomImageRunner/self-hosted_is_custom (0.00s)
    --- PASS: TestIsCustomImageRunner/custom_label_is_custom (0.00s)
    --- PASS: TestIsCustomImageRunner/array_form_is_custom (0.00s)
    --- PASS: TestIsCustomImageRunner/object_form_(group/labels)_is_custom (0.00s)
=== RUN   TestDetectRuntimeRequirements_CustomImageRunner
=== RUN   TestDetectRuntimeRequirements_CustomImageRunner/custom_runner_adds_node_requirement
=== RUN   TestDetectRuntimeRequirements_CustomImageRunner/standard_ubuntu_runner_does_not_add_node
=== RUN   TestDetectRuntimeRequirements_CustomImageRunner/empty_runs-on_(default_ubuntu)_does_not_add_node
=== RUN   TestDetectRuntimeRequirements_CustomImageRunner/custom_label_runner_adds_node_requirement
=== RUN   TestDetectRuntimeRequirements_CustomImageRunner/custom_runner_with_existing_npm_step_does_not_duplicate_node
=== RUN   TestDetectRuntimeRequirements_CustomImageRunner/array_runs-on_adds_node_requirement
--- PASS: TestDetectRuntimeRequirements_CustomImageRunner (0.00s)
    --- PASS: TestDetectRuntimeRequirements_CustomImageRunner/custom_runner_adds_node_requirement (0.00s)
    --- PASS: TestDetectRuntimeRequirements_CustomImageRunner/standard_ubuntu_runner_does_not_add_node (0.00s)
    --- PASS: TestDetectRuntimeRequirements_CustomImageRunner/empty_runs-on_(default_ubuntu)_does_not_add_node (0.00s)
    --- PASS: TestDetectRuntimeRequirements_CustomImageRunner/custom_label_runner_adds_node_requirement (0.00s)
    --- PASS: TestDetectRuntimeRequirements_CustomImageRunner/custom_runner_with_existing_npm_step_does_not_duplicate_node (0.00s)
    --- PASS: TestDetectRuntimeRequirements_CustomImageRunner/array_runs-on_adds_node_requirement (0.00s)
=== RUN   TestDetectRuntimeRequirements_CustomDriverAddsNode24
--- PASS: TestDetectRuntimeRequirements_CustomDriverAddsNode24 (0.00s)
=== RUN   TestDetectRuntimeRequirements_CustomDriverDoesNotAddNodeForNonCopilotEngine
--- PASS: TestDetectRuntimeRequirements_CustomDriverDoesNotAddNodeForNonCopilotEngine (0.00s)
=== RUN   TestValidateSafeJobNeeds_NoSafeOutputs
--- PASS: TestValidateSafeJobNeeds_NoSafeOutputs (0.00s)
=== RUN   TestValidateSafeJobNeeds_ValidTargets
=== RUN   TestValidateSafeJobNeeds_ValidTargets/needs_safe_outputs_–_valid_when_builtin_type_is_configured
=== RUN   TestValidateSafeJobNeeds_ValidTargets/needs_safe_outputs_–_invalid_when_only_custom_jobs_are_configured
=== RUN   TestValidateSafeJobNeeds_ValidTargets/needs_agent_–_always_valid
=== RUN   TestValidateSafeJobNeeds_ValidTargets/needs_detection_–_valid_when_threat_detection_enabled
=== RUN   TestValidateSafeJobNeeds_ValidTargets/needs_upload_assets_–_valid_when_upload-asset_is_configured
=== RUN   TestValidateSafeJobNeeds_ValidTargets/needs_unlock_–_valid_when_lock-for-agent_is_enabled
=== RUN   TestValidateSafeJobNeeds_ValidTargets/needs_another_custom_safe-job_–_valid
=== RUN   TestValidateSafeJobNeeds_ValidTargets/needs_another_custom_safe-job_with_dashes_in_source_–_valid,_normalized
=== RUN   TestValidateSafeJobNeeds_ValidTargets/needs_unknown_job_–_should_fail
=== RUN   TestValidateSafeJobNeeds_ValidTargets/needs_conclusion_–_should_fail_(not_a_valid_target)
=== RUN   TestValidateSafeJobNeeds_ValidTargets/needs_activation_–_should_fail_(not_a_valid_target)
=== RUN   TestValidateSafeJobNeeds_ValidTargets/needs_detection_–_invalid_when_threat_detection_disabled
=== RUN   TestValidateSafeJobNeeds_ValidTargets/needs_upload_assets_–_invalid_when_upload-asset_not_configured
=== RUN   TestValidateSafeJobNeeds_ValidTargets/needs_unlock_–_invalid_when_lock-for-agent_disabled
=== RUN   TestValidateSafeJobNeeds_ValidTargets/self-dependency_–_should_fail
--- PASS: TestValidateSafeJobNeeds_ValidTargets (0.00s)
    --- PASS: TestValidateSafeJobNeeds_ValidTargets/needs_safe_outputs_–_valid_when_builtin_type_is_configured (0.00s)
    --- PASS: TestValidateSafeJobNeeds_ValidTargets/needs_safe_outputs_–_invalid_when_only_custom_jobs_are_configured (0.00s)
    --- PASS: TestValidateSafeJobNeeds_ValidTargets/needs_agent_–_always_valid (0.00s)
    --- PASS: TestValidateSafeJobNeeds_ValidTargets/needs_detection_–_valid_when_threat_detection_enabled (0.00s)
    --- PASS: TestValidateSafeJobNeeds_ValidTargets/needs_upload_assets_–_valid_when_upload-asset_is_configured (0.00s)
    --- PASS: TestValidateSafeJobNeeds_ValidTargets/needs_unlock_–_valid_when_lock-for-agent_is_enabled (0.00s)
    --- PASS: TestValidateSafeJobNeeds_ValidTargets/needs_another_custom_safe-job_–_valid (0.00s)
    --- PASS: TestValidateSafeJobNeeds_ValidTargets/needs_another_custom_safe-job_with_dashes_in_source_–_valid,_normalized (0.00s)
    --- PASS: TestValidateSafeJobNeeds_ValidTargets/needs_unknown_job_–_should_fail (0.00s)
    --- PASS: TestValidateSafeJobNeeds_ValidTargets/needs_conclusion_–_should_fail_(not_a_valid_target) (0.00s)
    --- PASS: TestValidateSafeJobNeeds_ValidTargets/needs_activation_–_should_fail_(not_a_valid_target) (0.00s)
    --- PASS: TestValidateSafeJobNeeds_ValidTargets/needs_detection_–_invalid_when_threat_detection_disabled (0.00s)
    --- PASS: TestValidateSafeJobNeeds_ValidTargets/needs_upload_assets_–_invalid_when_upload-asset_not_configured (0.00s)
    --- PASS: TestValidateSafeJobNeeds_ValidTargets/needs_unlock_–_invalid_when_lock-for-agent_disabled (0.00s)
    --- PASS: TestValidateSafeJobNeeds_ValidTargets/self-dependency_–_should_fail (0.00s)
=== RUN   TestValidateSafeJobNeeds_NeedsNormalization
--- PASS: TestValidateSafeJobNeeds_NeedsNormalization (0.00s)
=== RUN   TestValidateSafeOutputsNeeds
=== RUN   TestValidateSafeOutputsNeeds/valid_custom_job_targets_in_needs
=== RUN   TestValidateSafeOutputsNeeds/unknown_job_in_needs_should_fail
=== RUN   TestValidateSafeOutputsNeeds/built-in_job_in_needs_should_fail
=== RUN   TestValidateSafeOutputsNeeds/self_reference_safe_outputs_should_fail
=== RUN   TestValidateSafeOutputsNeeds/missing_fields_keeps_behavior_unchanged
--- PASS: TestValidateSafeOutputsNeeds (0.00s)
    --- PASS: TestValidateSafeOutputsNeeds/valid_custom_job_targets_in_needs (0.00s)
    --- PASS: TestValidateSafeOutputsNeeds/unknown_job_in_needs_should_fail (0.00s)
    --- PASS: TestValidateSafeOutputsNeeds/built-in_job_in_needs_should_fail (0.00s)
    --- PASS: TestValidateSafeOutputsNeeds/self_reference_safe_outputs_should_fail (0.00s)
    --- PASS: TestValidateSafeOutputsNeeds/missing_fields_keeps_behavior_unchanged (0.00s)
=== RUN   TestDetectSafeJobCycles
=== RUN   TestDetectSafeJobCycles/no_cycles_–_linear_chain
=== RUN   TestDetectSafeJobCycles/no_cycles_–_diamond
=== RUN   TestDetectSafeJobCycles/direct_cycle_A→B→A
=== RUN   TestDetectSafeJobCycles/three-node_cycle
=== RUN   TestDetectSafeJobCycles/empty_jobs_–_no_error
--- PASS: TestDetectSafeJobCycles (0.00s)
    --- PASS: TestDetectSafeJobCycles/no_cycles_–_linear_chain (0.00s)
    --- PASS: TestDetectSafeJobCycles/no_cycles_–_diamond (0.00s)
    --- PASS: TestDetectSafeJobCycles/direct_cycle_A→B→A (0.00s)
    --- PASS: TestDetectSafeJobCycles/three-node_cycle (0.00s)
    --- PASS: TestDetectSafeJobCycles/empty_jobs_–_no_error (0.00s)
=== RUN   TestComputeValidSafeJobNeeds
=== RUN   TestComputeValidSafeJobNeeds/base_–_no_safe-outputs
=== RUN   TestComputeValidSafeJobNeeds/only_custom_jobs_configured_–_safe_outputs_absent
=== RUN   TestComputeValidSafeJobNeeds/builtin_type_configured_–_safe_outputs_present
=== RUN   TestComputeValidSafeJobNeeds/with_upload-asset_configured
=== RUN   TestComputeValidSafeJobNeeds/with_lock-for-agent_enabled
=== RUN   TestComputeValidSafeJobNeeds/custom_safe-job_names_are_included
--- PASS: TestComputeValidSafeJobNeeds (0.00s)
    --- PASS: TestComputeValidSafeJobNeeds/base_–_no_safe-outputs (0.00s)
    --- PASS: TestComputeValidSafeJobNeeds/only_custom_jobs_configured_–_safe_outputs_absent (0.00s)
    --- PASS: TestComputeValidSafeJobNeeds/builtin_type_configured_–_safe_outputs_present (0.00s)
    --- PASS: TestComputeValidSafeJobNeeds/with_upload-asset_configured (0.00s)
    --- PASS: TestComputeValidSafeJobNeeds/with_lock-for-agent_enabled (0.00s)
    --- PASS: TestComputeValidSafeJobNeeds/custom_safe-job_names_are_included (0.00s)
=== RUN   TestConsolidatedSafeOutputsJobWillExist
=== RUN   TestConsolidatedSafeOutputsJobWillExist/nil_config
=== RUN   TestConsolidatedSafeOutputsJobWillExist/only_custom_jobs_–_no_consolidated_job
=== RUN   TestConsolidatedSafeOutputsJobWillExist/custom_scripts_–_consolidated_job_exists
=== RUN   TestConsolidatedSafeOutputsJobWillExist/user-provided_steps_–_consolidated_job_exists
=== RUN   TestConsolidatedSafeOutputsJobWillExist/builtin_type_(create-issue)_–_consolidated_job_exists
=== RUN   TestConsolidatedSafeOutputsJobWillExist/builtin_type_+_custom_jobs_–_consolidated_job_exists
--- PASS: TestConsolidatedSafeOutputsJobWillExist (0.00s)
    --- PASS: TestConsolidatedSafeOutputsJobWillExist/nil_config (0.00s)
    --- PASS: TestConsolidatedSafeOutputsJobWillExist/only_custom_jobs_–_no_consolidated_job (0.00s)
    --- PASS: TestConsolidatedSafeOutputsJobWillExist/custom_scripts_–_consolidated_job_exists (0.00s)
    --- PASS: TestConsolidatedSafeOutputsJobWillExist/user-provided_steps_–_consolidated_job_exists (0.00s)
    --- PASS: TestConsolidatedSafeOutputsJobWillExist/builtin_type_(create-issue)_–_consolidated_job_exists (0.00s)
    --- PASS: TestConsolidatedSafeOutputsJobWillExist/builtin_type_+_custom_jobs_–_consolidated_job_exists (0.00s)
=== RUN   TestOldSafeJobsSyntaxRejected
--- PASS: TestOldSafeJobsSyntaxRejected (0.00s)
=== RUN   TestNewSafeOutputsJobsSyntaxAccepted
--- PASS: TestNewSafeOutputsJobsSyntaxAccepted (0.00s)
=== RUN   TestParseSafeJobsConfig
--- PASS: TestParseSafeJobsConfig (0.00s)
=== RUN   TestBuildSafeJobs
--- PASS: TestBuildSafeJobs (0.00s)
=== RUN   TestCompileWorkflowConclusionNeedsSafeJobsDeterministically
/tmp/gh-aw-test-runs/20260704-173215-1254793/safe-jobs-ordering1088297265/test-safe-jobs-ordering.md: info: Tip: set permissions.copilot-requests: write to use GitHub Actions token-based inference with the Copilot engine instead of a personal access token (COPILOT_GITHUB_TOKEN). This option requires that your organization has centralized Copilot billing enabled and may not be available in all organizations — see https://github.github.com/gh-aw/reference/billing/ for details.

✓ /tmp/gh-aw-test-runs/20260704-173215-1254793/safe-jobs-ordering1088297265/test-safe-jobs-ordering.md (102.0 KB)
--- PASS: TestCompileWorkflowConclusionNeedsSafeJobsDeterministically (0.02s)
=== RUN   TestBuildSafeJobsWithNoConfiguration
--- PASS: TestBuildSafeJobsWithNoConfiguration (0.00s)
=== RUN   TestBuildSafeJobsWithoutCustomIfCondition
--- PASS: TestBuildSafeJobsWithoutCustomIfCondition (0.00s)
=== RUN   TestBuildSafeJobsWithDashesInName
--- PASS: TestBuildSafeJobsWithDashesInName (0.00s)
=== RUN   TestSafeJobsInSafeOutputsConfig
--- PASS: TestSafeJobsInSafeOutputsConfig (0.00s)
=== RUN   TestExtractSafeJobsFromFrontmatter
--- PASS: TestExtractSafeJobsFromFrontmatter (0.00s)
=== RUN   TestMergeSafeJobs
--- PASS: TestMergeSafeJobs (0.00s)
=== RUN   TestMergeSafeJobsFromIncludedConfigs
--- PASS: TestMergeSafeJobsFromIncludedConfigs (0.00s)
=== RUN   TestBuildSafeJobsEnvExpressionHoisting
--- PASS: TestBuildSafeJobsEnvExpressionHoisting (0.00s)
=== RUN   TestSafeJobsInputTypes
--- PASS: TestSafeJobsInputTypes (0.00s)
=== RUN   TestSafeOutputsJobsEnableThreatDetectionByDefault
--- PASS: TestSafeOutputsJobsEnableThreatDetectionByDefault (0.00s)
=== RUN   TestSafeOutputsJobsRespectExplicitThreatDetectionFalse
--- PASS: TestSafeOutputsJobsRespectExplicitThreatDetectionFalse (0.00s)
=== RUN   TestSafeOutputsJobsRespectExplicitThreatDetectionTrue
--- PASS: TestSafeOutputsJobsRespectExplicitThreatDetectionTrue (0.00s)
=== RUN   TestSafeOutputsJobsDependOnDetectionJob
--- PASS: TestSafeOutputsJobsDependOnDetectionJob (0.00s)
=== RUN   TestSafeOutputsJobsDoNotDependOnDetectionWhenDisabled
--- PASS: TestSafeOutputsJobsDoNotDependOnDetectionWhenDisabled (0.00s)
=== RUN   TestHasSafeOutputsEnabledWithJobs
--- PASS: TestHasSafeOutputsEnabledWithJobs (0.00s)
=== RUN   TestHasSafeOutputsEnabledWithoutJobs
--- PASS: TestHasSafeOutputsEnabledWithoutJobs (0.00s)
=== RUN   TestSafeJobsWithThreatDetectionConfigObject
--- PASS: TestSafeJobsWithThreatDetectionConfigObject (0.00s)
=== RUN   TestSafeJobsIntegrationWithWorkflowCompilation
/tmp/gh-aw-test-runs/20260704-173215-1254793/test-579307131/test-safe-jobs.md: info: Tip: set permissions.copilot-requests: write to use GitHub Actions token-based inference with the Copilot engine instead of a personal access token (COPILOT_GITHUB_TOKEN). This option requires that your organization has centralized Copilot billing enabled and may not be available in all organizations — see https://github.github.com/gh-aw/reference/billing/ for details.

✓ /tmp/gh-aw-test-runs/20260704-173215-1254793/test-579307131/test-safe-jobs.md (98.9 KB)
--- PASS: TestSafeJobsIntegrationWithWorkflowCompilation (0.02s)
=== RUN   TestSafeJobsExpressionEnvNeverWrittenToOutput
/tmp/gh-aw-test-runs/20260704-173215-1254793/test-775482836/test-safe-jobs-secret.md: info: Tip: set permissions.copilot-requests: write to use GitHub Actions token-based inference with the Copilot engine instead of a personal access token (COPILOT_GITHUB_TOKEN). This option requires that your organization has centralized Copilot billing enabled and may not be available in all organizations — see https://github.github.com/gh-aw/reference/billing/ for details.

✓ /tmp/gh-aw-test-runs/20260704-173215-1254793/test-775482836/test-safe-jobs-secret.md (99.1 KB)
--- PASS: TestSafeJobsExpressionEnvNeverWrittenToOutput (0.01s)
=== RUN   TestIsThreatDetectionExplicitlyDisabledInConfigs
=== RUN   TestIsThreatDetectionExplicitlyDisabledInConfigs/empty_configs
=== RUN   TestIsThreatDetectionExplicitlyDisabledInConfigs/empty_JSON_objects
=== RUN   TestIsThreatDetectionExplicitlyDisabledInConfigs/config_without_threat-detection_key
=== RUN   TestIsThreatDetectionExplicitlyDisabledInConfigs/config_with_threat-detection_false
=== RUN   TestIsThreatDetectionExplicitlyDisabledInConfigs/config_with_threat-detection_true
=== RUN   TestIsThreatDetectionExplicitlyDisabledInConfigs/config_with_threat-detection_as_object
=== RUN   TestIsThreatDetectionExplicitlyDisabledInConfigs/config_with_threat-detection_object_and_enabled:_false
=== RUN   TestIsThreatDetectionExplicitlyDisabledInConfigs/config_with_threat-detection_object_and_enabled:_true
=== RUN   TestIsThreatDetectionExplicitlyDisabledInConfigs/multiple_configs,_one_has_false
=== RUN   TestIsThreatDetectionExplicitlyDisabledInConfigs/multiple_configs,_none_disabled
--- PASS: TestIsThreatDetectionExplicitlyDisabledInConfigs (0.00s)
    --- PASS: TestIsThreatDetectionExplicitlyDisabledInConfigs/empty_configs (0.00s)
    --- PASS: TestIsThreatDetectionExplicitlyDisabledInConfigs/empty_JSON_objects (0.00s)
    --- PASS: TestIsThreatDetectionExplicitlyDisabledInConfigs/config_without_threat-detection_key (0.00s)
    --- PASS: TestIsThreatDetectionExplicitlyDisabledInConfigs/config_with_threat-detection_false (0.00s)
    --- PASS: TestIsThreatDetectionExplicitlyDisabledInConfigs/config_with_threat-detection_true (0.00s)
    --- PASS: TestIsThreatDetectionExplicitlyDisabledInConfigs/config_with_threat-detection_as_object (0.00s)
    --- PASS: TestIsThreatDetectionExplicitlyDisabledInConfigs/config_with_threat-detection_object_and_enabled:_false (0.00s)
    --- PASS: TestIsThreatDetectionExplicitlyDisabledInConfigs/config_with_threat-detection_object_and_enabled:_true (0.00s)
    --- PASS: TestIsThreatDetectionExplicitlyDisabledInConfigs/multiple_configs,_one_has_false (0.00s)
    --- PASS: TestIsThreatDetectionExplicitlyDisabledInConfigs/multiple_configs,_none_disabled (0.00s)
=== RUN   TestDefaultThreatDetectionAppliedWhenSafeOutputsFromImportsOnly
--- PASS: TestDefaultThreatDetectionAppliedWhenSafeOutputsFromImportsOnly (0.00s)
=== RUN   TestDefaultThreatDetectionNotAppliedWhenImportedConfigExplicitlyDisables
--- PASS: TestDefaultThreatDetectionNotAppliedWhenImportedConfigExplicitlyDisables (0.00s)
=== RUN   TestImportedSafeOutputsCompiledWithDetectionJob
/tmp/gh-aw-test-runs/20260704-173215-1254793/native-card-415659507/.github/workflows/main.md: info: Tip: set permissions.copilot-requests: write to use GitHub Actions token-based inference with the Copilot engine instead of a personal access token (COPILOT_GITHUB_TOKEN). This option requires that your organization has centralized Copilot billing enabled and may not be available in all organizations — see https://github.github.com/gh-aw/reference/billing/ for details.

✓ /tmp/gh-aw-test-runs/20260704-173215-1254793/native-card-415659507/.github/workflows/main.md (100.5 KB)
--- PASS: TestImportedSafeOutputsCompiledWithDetectionJob (0.01s)
=== RUN   TestDefaultThreatDetectionNotAppliedWhenImportedConfigObjectFormDisables
--- PASS: TestDefaultThreatDetectionNotAppliedWhenImportedConfigObjectFormDisables (0.00s)
=== RUN   TestParseThreatDetectionConfigExpression
=== RUN   TestParseThreatDetectionConfigExpression/literal_true
=== RUN   TestParseThreatDetectionConfigExpression/literal_false
=== RUN   TestParseThreatDetectionConfigExpression/expression_string
=== RUN   TestParseThreatDetectionConfigExpression/object_with_literal_enabled_true
=== RUN   TestParseThreatDetectionConfigExpression/object_with_literal_enabled_false
=== RUN   TestParseThreatDetectionConfigExpression/object_with_expression_enabled
--- PASS: TestParseThreatDetectionConfigExpression (0.00s)
    --- PASS: TestParseThreatDetectionConfigExpression/literal_true (0.00s)
    --- PASS: TestParseThreatDetectionConfigExpression/literal_false (0.00s)
    --- PASS: TestParseThreatDetectionConfigExpression/expression_string (0.00s)
    --- PASS: TestParseThreatDetectionConfigExpression/object_with_literal_enabled_true (0.00s)
    --- PASS: TestParseThreatDetectionConfigExpression/object_with_literal_enabled_false (0.00s)
    --- PASS: TestParseThreatDetectionConfigExpression/object_with_expression_enabled (0.00s)
=== RUN   TestParseThreatDetectionContinueOnErrorExpression
=== RUN   TestParseThreatDetectionContinueOnErrorExpression/literal_true
=== RUN   TestParseThreatDetectionContinueOnErrorExpression/literal_false
=== RUN   TestParseThreatDetectionContinueOnErrorExpression/expression_string
--- PASS: TestParseThreatDetectionContinueOnErrorExpression (0.00s)
    --- PASS: TestParseThreatDetectionContinueOnErrorExpression/literal_true (0.00s)
    --- PASS: TestParseThreatDetectionContinueOnErrorExpression/literal_false (0.00s)
    --- PASS: TestParseThreatDetectionContinueOnErrorExpression/expression_string (0.00s)
=== RUN   TestIsConditionalDetection
=== RUN   TestIsConditionalDetection/nil_SafeOutputsConfig
=== RUN   TestIsConditionalDetection/nil_ThreatDetection
=== RUN   TestIsConditionalDetection/literal_bool_config
=== RUN   TestIsConditionalDetection/expression_config
--- PASS: TestIsConditionalDetection (0.00s)
    --- PASS: TestIsConditionalDetection/nil_SafeOutputsConfig (0.00s)
    --- PASS: TestIsConditionalDetection/nil_ThreatDetection (0.00s)
    --- PASS: TestIsConditionalDetection/literal_bool_config (0.00s)
    --- PASS: TestIsConditionalDetection/expression_config (0.00s)
=== RUN   TestDetectionJobConditionWithExpression
--- PASS: TestDetectionJobConditionWithExpression (0.00s)
=== RUN   TestSafeOutputsJobConditionWithConditionalDetection
--- PASS: TestSafeOutputsJobConditionWithConditionalDetection (0.00s)
=== RUN   TestIsThreatDetectionExplicitlyDisabledExpressionNotDisabled
--- PASS: TestIsThreatDetectionExplicitlyDisabledExpressionNotDisabled (0.00s)
=== RUN   TestDetectionJobWithExpressionCompilation
/tmp/gh-aw-test-runs/20260704-173215-1254793/test-expr-detection-2025161903/test.md: info: Tip: set permissions.copilot-requests: write to use GitHub Actions token-based inference with the Copilot engine instead of a personal access token (COPILOT_GITHUB_TOKEN). This option requires that your organization has centralized Copilot billing enabled and may not be available in all organizations — see https://github.github.com/gh-aw/reference/billing/ for details.

✓ /tmp/gh-aw-test-runs/20260704-173215-1254793/test-expr-detection-2025161903/test.md (103.1 KB)
--- PASS: TestDetectionJobWithExpressionCompilation (0.01s)
=== RUN   TestBuildGitHubScriptStep
=== RUN   TestBuildGitHubScriptStep/basic_script_step_with_minimal_config
=== RUN   TestBuildGitHubScriptStep/script_step_with_custom_env_vars
=== RUN   TestBuildGitHubScriptStep/script_step_with_safe-outputs.env_variables
=== RUN   TestBuildGitHubScriptStep/script_step_with_custom_token
--- PASS: TestBuildGitHubScriptStep (0.00s)
    --- PASS: TestBuildGitHubScriptStep/basic_script_step_with_minimal_config (0.00s)
    --- PASS: TestBuildGitHubScriptStep/script_step_with_custom_env_vars (0.00s)
    --- PASS: TestBuildGitHubScriptStep/script_step_with_safe-outputs.env_variables (0.00s)
    --- PASS: TestBuildGitHubScriptStep/script_step_with_custom_token (0.00s)
=== RUN   TestBuildGitHubScriptStepMaintainsOrder
--- PASS: TestBuildGitHubScriptStepMaintainsOrder (0.00s)
=== RUN   TestApplySafeOutputEnvToMap
=== RUN   TestApplySafeOutputEnvToMap/nil_SafeOutputs
=== RUN   TestApplySafeOutputEnvToMap/basic_safe_outputs
=== RUN   TestApplySafeOutputEnvToMap/safe_outputs_with_staged_flag
=== RUN   TestApplySafeOutputEnvToMap/trial_mode
=== RUN   TestApplySafeOutputEnvToMap/upload_assets_config
--- PASS: TestApplySafeOutputEnvToMap (0.00s)
    --- PASS: TestApplySafeOutputEnvToMap/nil_SafeOutputs (0.00s)
    --- PASS: TestApplySafeOutputEnvToMap/basic_safe_outputs (0.00s)
    --- PASS: TestApplySafeOutputEnvToMap/safe_outputs_with_staged_flag (0.00s)
    --- PASS: TestApplySafeOutputEnvToMap/trial_mode (0.00s)
    --- PASS: TestApplySafeOutputEnvToMap/upload_assets_config (0.00s)
=== RUN   TestApplyTraceContextEnvToMap
=== RUN   TestApplyTraceContextEnvToMap/adds_TRACEPARENT_to_empty_map
=== RUN   TestApplyTraceContextEnvToMap/sets_TRACEPARENT_unconditionally
=== RUN   TestApplyTraceContextEnvToMap/preserves_existing_keys_in_map
--- PASS: TestApplyTraceContextEnvToMap (0.00s)
    --- PASS: TestApplyTraceContextEnvToMap/adds_TRACEPARENT_to_empty_map (0.00s)
    --- PASS: TestApplyTraceContextEnvToMap/sets_TRACEPARENT_unconditionally (0.00s)
    --- PASS: TestApplyTraceContextEnvToMap/preserves_existing_keys_in_map (0.00s)
=== RUN   TestBuildWorkflowMetadataEnvVars
=== RUN   TestBuildWorkflowMetadataEnvVars/workflow_name_only
=== RUN   TestBuildWorkflowMetadataEnvVars/workflow_name_and_source
=== RUN   TestBuildWorkflowMetadataEnvVars/workflow_name_and_source_without_ref
=== RUN   TestBuildWorkflowMetadataEnvVars/empty_workflow_name
=== RUN   TestBuildWorkflowMetadataEnvVars/source_with_invalid_format_does_not_produce_URL
=== RUN   TestBuildWorkflowMetadataEnvVars/local_source_URL_used_when_no_external_source
=== RUN   TestBuildWorkflowMetadataEnvVars/external_source_takes_precedence_over_local_source_URL
--- PASS: TestBuildWorkflowMetadataEnvVars (0.00s)
    --- PASS: TestBuildWorkflowMetadataEnvVars/workflow_name_only (0.00s)
    --- PASS: TestBuildWorkflowMetadataEnvVars/workflow_name_and_source (0.00s)
    --- PASS: TestBuildWorkflowMetadataEnvVars/workflow_name_and_source_without_ref (0.00s)
    --- PASS: TestBuildWorkflowMetadataEnvVars/empty_workflow_name (0.00s)
    --- PASS: TestBuildWorkflowMetadataEnvVars/source_with_invalid_format_does_not_produce_URL (0.00s)
    --- PASS: TestBuildWorkflowMetadataEnvVars/local_source_URL_used_when_no_external_source (0.00s)
    --- PASS: TestBuildWorkflowMetadataEnvVars/external_source_takes_precedence_over_local_source_URL (0.00s)
=== RUN   TestBuildSafeOutputJobEnvVars
=== RUN   TestBuildSafeOutputJobEnvVars/no_flags
=== RUN   TestBuildSafeOutputJobEnvVars/staged_only
=== RUN   TestBuildSafeOutputJobEnvVars/trial_mode_only
=== RUN   TestBuildSafeOutputJobEnvVars/trial_mode_with_trial_repo_slug
=== RUN   TestBuildSafeOutputJobEnvVars/target_repo_slug_only
=== RUN   TestBuildSafeOutputJobEnvVars/target_repo_slug_overrides_trial_repo_slug
=== RUN   TestBuildSafeOutputJobEnvVars/all_flags
--- PASS: TestBuildSafeOutputJobEnvVars (0.00s)
    --- PASS: TestBuildSafeOutputJobEnvVars/no_flags (0.00s)
    --- PASS: TestBuildSafeOutputJobEnvVars/staged_only (0.00s)
    --- PASS: TestBuildSafeOutputJobEnvVars/trial_mode_only (0.00s)
    --- PASS: TestBuildSafeOutputJobEnvVars/trial_mode_with_trial_repo_slug (0.00s)
    --- PASS: TestBuildSafeOutputJobEnvVars/target_repo_slug_only (0.00s)
    --- PASS: TestBuildSafeOutputJobEnvVars/target_repo_slug_overrides_trial_repo_slug (0.00s)
    --- PASS: TestBuildSafeOutputJobEnvVars/all_flags (0.00s)
=== RUN   TestBuildEngineMetadataEnvVars
=== RUN   TestBuildEngineMetadataEnvVars/nil_engine_config
=== RUN   TestBuildEngineMetadataEnvVars/engine_ID_only
=== RUN   TestBuildEngineMetadataEnvVars/full_engine_config
=== RUN   TestBuildEngineMetadataEnvVars/engine_with_version_and_no_model
=== RUN   TestBuildEngineMetadataEnvVars/engine_with_model_and_no_version
=== RUN   TestBuildEngineMetadataEnvVars/empty_engine_config
--- PASS: TestBuildEngineMetadataEnvVars (0.00s)
    --- PASS: TestBuildEngineMetadataEnvVars/nil_engine_config (0.00s)
    --- PASS: TestBuildEngineMetadataEnvVars/engine_ID_only (0.00s)
    --- PASS: TestBuildEngineMetadataEnvVars/full_engine_config (0.00s)
    --- PASS: TestBuildEngineMetadataEnvVars/engine_with_version_and_no_model (0.00s)
    --- PASS: TestBuildEngineMetadataEnvVars/engine_with_model_and_no_version (0.00s)
    --- PASS: TestBuildEngineMetadataEnvVars/empty_engine_config (0.00s)
=== RUN   TestEnginesUseSameHelperLogic
--- PASS: TestEnginesUseSameHelperLogic (0.00s)
=== RUN   TestBuildAgentOutputDownloadSteps
--- PASS: TestBuildAgentOutputDownloadSteps (0.00s)
=== RUN   TestBuildGitHubScriptStepNoWorkingDirectory
--- PASS: TestBuildGitHubScriptStepNoWorkingDirectory (0.00s)
=== RUN   TestBuildGitHubScriptStepWorkflowCallArtifactPrefix
--- PASS: TestBuildGitHubScriptStepWorkflowCallArtifactPrefix (0.00s)
=== RUN   TestBuildGitHubScriptStepNonWorkflowCallNoArtifactPrefix
--- PASS: TestBuildGitHubScriptStepNonWorkflowCallNoArtifactPrefix (0.00s)
=== RUN   TestGetValidationConfigJSON
--- PASS: TestGetValidationConfigJSON (0.00s)
=== RUN   TestGetValidationConfigJSONFiltered
--- PASS: TestGetValidationConfigJSONFiltered (0.00s)
=== RUN   TestGetValidationConfigJSONEmpty
--- PASS: TestGetValidationConfigJSONEmpty (0.00s)
=== RUN   TestGetValidationConfigJSONWithMentions
--- PASS: TestGetValidationConfigJSONWithMentions (0.00s)
=== RUN   TestFieldValidationMarshaling
--- PASS: TestFieldValidationMarshaling (0.00s)
=== RUN   TestUpdateDiscussionValidationConfig
--- PASS: TestUpdateDiscussionValidationConfig (0.00s)
=== RUN   TestUpdatePullRequestValidationConfig
--- PASS: TestUpdatePullRequestValidationConfig (0.00s)
=== RUN   TestUpdateIssueValidationConfig
--- PASS: TestUpdateIssueValidationConfig (0.00s)
=== RUN   TestIssueIntentValidationFields
--- PASS: TestIssueIntentValidationFields (0.00s)
=== RUN   TestIssueIntentLabelValidationFields
--- PASS: TestIssueIntentLabelValidationFields (0.00s)
=== RUN   TestValidationConfigConsistency
--- PASS: TestValidationConfigConsistency (0.00s)
=== RUN   TestCreateDiscussionBodyMinLength
--- PASS: TestCreateDiscussionBodyMinLength (0.00s)
=== RUN   TestCreateIssueBodyMinLength
--- PASS: TestCreateIssueBodyMinLength (0.00s)
=== RUN   TestFieldValidationMinLengthMarshaling
--- PASS: TestFieldValidationMinLengthMarshaling (0.00s)
=== RUN   TestCreatePullRequestBaseValidationMaxLength
--- PASS: TestCreatePullRequestBaseValidationMaxLength (0.00s)
=== RUN   TestAssignMilestoneValidationConfig
--- PASS: TestAssignMilestoneValidationConfig (0.00s)
=== RUN   TestAssignMilestoneValidationConfigJSON
--- PASS: TestAssignMilestoneValidationConfigJSON (0.00s)
=== RUN   TestBuildValidationConfigCacheKey
=== RUN   TestBuildValidationConfigCacheKey/nil_input
=== RUN   TestBuildValidationConfigCacheKey/empty_input
=== RUN   TestBuildValidationConfigCacheKey/single_type
=== RUN   TestBuildValidationConfigCacheKey/already_sorted
=== RUN   TestBuildValidationConfigCacheKey/reverse_order_produces_same_key
=== RUN   TestBuildValidationConfigCacheKey/multiple_types_sorted
--- PASS: TestBuildValidationConfigCacheKey (0.00s)
    --- PASS: TestBuildValidationConfigCacheKey/nil_input (0.00s)
    --- PASS: TestBuildValidationConfigCacheKey/empty_input (0.00s)
    --- PASS: TestBuildValidationConfigCacheKey/single_type (0.00s)
    --- PASS: TestBuildValidationConfigCacheKey/already_sorted (0.00s)
    --- PASS: TestBuildValidationConfigCacheKey/reverse_order_produces_same_key (0.00s)
    --- PASS: TestBuildValidationConfigCacheKey/multiple_types_sorted (0.00s)
=== RUN   TestParseActionsConfig
--- PASS: TestParseActionsConfig (0.00s)
=== RUN   TestParseActionsConfigMissingUses
--- PASS: TestParseActionsConfigMissingUses (0.00s)
=== RUN   TestParseActionsConfigEmpty
--- PASS: TestParseActionsConfigEmpty (0.00s)
=== RUN   TestParseActionUsesField
=== RUN   TestParseActionUsesField/root_action
=== RUN   TestParseActionUsesField/sub-directory_action
=== RUN   TestParseActionUsesField/deep_sub-directory_action
=== RUN   TestParseActionUsesField/local_path
=== RUN   TestParseActionUsesField/local_path_with_parent
=== RUN   TestParseActionUsesField/missing_ref
--- PASS: TestParseActionUsesField (0.00s)
    --- PASS: TestParseActionUsesField/root_action (0.00s)
    --- PASS: TestParseActionUsesField/sub-directory_action (0.00s)
    --- PASS: TestParseActionUsesField/deep_sub-directory_action (0.00s)
    --- PASS: TestParseActionUsesField/local_path (0.00s)
    --- PASS: TestParseActionUsesField/local_path_with_parent (0.00s)
    --- PASS: TestParseActionUsesField/missing_ref (0.00s)
=== RUN   TestGenerateActionToolDefinition
--- PASS: TestGenerateActionToolDefinition (0.00s)
=== RUN   TestGenerateActionToolDefinitionFallbackDescription
=== RUN   TestGenerateActionToolDefinitionFallbackDescription/user_description_takes_precedence
=== RUN   TestGenerateActionToolDefinitionFallbackDescription/action_description_used_when_no_user_description
=== RUN   TestGenerateActionToolDefinitionFallbackDescription/fallback_to_action_name
--- PASS: TestGenerateActionToolDefinitionFallbackDescription (0.00s)
    --- PASS: TestGenerateActionToolDefinitionFallbackDescription/user_description_takes_precedence (0.00s)
    --- PASS: TestGenerateActionToolDefinitionFallbackDescription/action_description_used_when_no_user_description (0.00s)
    --- PASS: TestGenerateActionToolDefinitionFallbackDescription/fallback_to_action_name (0.00s)
=== RUN   TestGenerateActionToolDefinitionNoInputs
--- PASS: TestGenerateActionToolDefinitionNoInputs (0.00s)
=== RUN   TestBuildCustomSafeOutputActionsJSON
--- PASS: TestBuildCustomSafeOutputActionsJSON (0.00s)
=== RUN   TestBuildCustomSafeOutputActionsJSONEmpty
--- PASS: TestBuildCustomSafeOutputActionsJSONEmpty (0.00s)
=== RUN   TestBuildActionSteps
--- PASS: TestBuildActionSteps (0.00s)
=== RUN   TestBuildActionStepsFallbackPayload
--- PASS: TestBuildActionStepsFallbackPayload (0.00s)
=== RUN   TestBuildActionStepsEmpty
--- PASS: TestBuildActionStepsEmpty (0.00s)
=== RUN   TestExtractSafeOutputsConfigIncludesActions
--- PASS: TestExtractSafeOutputsConfigIncludesActions (0.00s)
=== RUN   TestHandlerManagerStepIncludesActionsEnvVar
--- PASS: TestHandlerManagerStepIncludesActionsEnvVar (0.00s)
=== RUN   TestHandlerManagerStepNoActionsEnvVar
--- PASS: TestHandlerManagerStepNoActionsEnvVar (0.00s)
=== RUN   TestHasAnySafeOutputEnabledWithActions
--- PASS: TestHasAnySafeOutputEnabledWithActions (0.00s)
=== RUN   TestHasNonBuiltinSafeOutputsEnabledWithActions
--- PASS: TestHasNonBuiltinSafeOutputsEnabledWithActions (0.00s)
=== RUN   TestActionOutputKey
--- PASS: TestActionOutputKey (0.00s)
=== RUN   TestParseActionsConfigWithEnv
--- PASS: TestParseActionsConfigWithEnv (0.00s)
=== RUN   TestParseActionsConfigWithInputs
--- PASS: TestParseActionsConfigWithInputs (0.00s)
=== RUN   TestBuildActionStepsWithEnv
--- PASS: TestBuildActionStepsWithEnv (0.00s)
=== RUN   TestBuildActionStepsNoEnv
--- PASS: TestBuildActionStepsNoEnv (0.00s)
=== RUN   TestExtractSafeOutputsConfigIncludesActionsWithEnv
--- PASS: TestExtractSafeOutputsConfigIncludesActionsWithEnv (0.00s)
=== RUN   TestIsGitHubExpressionDefault
=== RUN   TestIsGitHubExpressionDefault/nil_input
=== RUN   TestIsGitHubExpressionDefault/no_default
=== RUN   TestIsGitHubExpressionDefault/static_default
=== RUN   TestIsGitHubExpressionDefault/github_token_expression
=== RUN   TestIsGitHubExpressionDefault/pr_number_expression
=== RUN   TestIsGitHubExpressionDefault/expression_with_leading_whitespace
=== RUN   TestIsGitHubExpressionDefault/partial_expression_no_closing
--- PASS: TestIsGitHubExpressionDefault (0.00s)
    --- PASS: TestIsGitHubExpressionDefault/nil_input (0.00s)
    --- PASS: TestIsGitHubExpressionDefault/no_default (0.00s)
    --- PASS: TestIsGitHubExpressionDefault/static_default (0.00s)
    --- PASS: TestIsGitHubExpressionDefault/github_token_expression (0.00s)
    --- PASS: TestIsGitHubExpressionDefault/pr_number_expression (0.00s)
    --- PASS: TestIsGitHubExpressionDefault/expression_with_leading_whitespace (0.00s)
    --- PASS: TestIsGitHubExpressionDefault/partial_expression_no_closing (0.00s)
=== RUN   TestBuildActionStepsSkipsGitHubExpressionDefaultInputs
--- PASS: TestBuildActionStepsSkipsGitHubExpressionDefaultInputs (0.00s)
=== RUN   TestGenerateActionToolDefinitionSkipsGitHubExpressionInputs
--- PASS: TestGenerateActionToolDefinitionSkipsGitHubExpressionInputs (0.00s)
=== RUN   TestExtractSHAFromPinnedRef
=== RUN   TestExtractSHAFromPinnedRef/standard_pinned_reference
=== RUN   TestExtractSHAFromPinnedRef/no_@_separator
=== RUN   TestExtractSHAFromPinnedRef/non-SHA_after_@
=== RUN   TestExtractSHAFromPinnedRef/empty_string
--- PASS: TestExtractSHAFromPinnedRef (0.00s)
    --- PASS: TestExtractSHAFromPinnedRef/standard_pinned_reference (0.00s)
    --- PASS: TestExtractSHAFromPinnedRef/no_@_separator (0.00s)
    --- PASS: TestExtractSHAFromPinnedRef/non-SHA_after_@ (0.00s)
    --- PASS: TestExtractSHAFromPinnedRef/empty_string (0.00s)
=== RUN   TestAllowWorkflowsPermission
=== RUN   TestAllowWorkflowsPermission/create-pull-request_with_allow-workflows_true_adds_workflows_write
=== RUN   TestAllowWorkflowsPermission/create-pull-request_without_allow-workflows_does_not_add_workflows_write
=== RUN   TestAllowWorkflowsPermission/push-to-pull-request-branch_with_allow-workflows_true_adds_workflows_write
=== RUN   TestAllowWorkflowsPermission/push-to-pull-request-branch_without_allow-workflows_does_not_add_workflows_write
=== RUN   TestAllowWorkflowsPermission/both_handlers_with_allow-workflows_true
=== RUN   TestAllowWorkflowsPermission/staged_create-pull-request_with_allow-workflows_does_not_add_workflows_write
--- PASS: TestAllowWorkflowsPermission (0.00s)
    --- PASS: TestAllowWorkflowsPermission/create-pull-request_with_allow-workflows_true_adds_workflows_write (0.00s)
    --- PASS: TestAllowWorkflowsPermission/create-pull-request_without_allow-workflows_does_not_add_workflows_write (0.00s)
    --- PASS: TestAllowWorkflowsPermission/push-to-pull-request-branch_with_allow-workflows_true_adds_workflows_write (0.00s)
    --- PASS: TestAllowWorkflowsPermission/push-to-pull-request-branch_without_allow-workflows_does_not_add_workflows_write (0.00s)
    --- PASS: TestAllowWorkflowsPermission/both_handlers_with_allow-workflows_true (0.00s)
    --- PASS: TestAllowWorkflowsPermission/staged_create-pull-request_with_allow-workflows_does_not_add_workflows_write (0.00s)
=== RUN   TestAllowWorkflowsValidationRequiresGitHubApp
=== RUN   TestAllowWorkflowsValidationRequiresGitHubApp/nil_safe_outputs_-_no_error
=== RUN   TestAllowWorkflowsValidationRequiresGitHubApp/allow-workflows_without_github-app_-_error
=== RUN   TestAllowWorkflowsValidationRequiresGitHubApp/allow-workflows_with_github-app_-_no_error
=== RUN   TestAllowWorkflowsValidationRequiresGitHubApp/push-to-pr-branch_allow-workflows_without_github-app_-_error
=== RUN   TestAllowWorkflowsValidationRequiresGitHubApp/push-to-pr-branch_allow-workflows_with_github-app_-_no_error
=== RUN   TestAllowWorkflowsValidationRequiresGitHubApp/no_allow-workflows_-_no_error_even_without_github-app
=== RUN   TestAllowWorkflowsValidationRequiresGitHubApp/allow-workflows_with_empty_github-app_config_-_error
--- PASS: TestAllowWorkflowsValidationRequiresGitHubApp (0.00s)
    --- PASS: TestAllowWorkflowsValidationRequiresGitHubApp/nil_safe_outputs_-_no_error (0.00s)
    --- PASS: TestAllowWorkflowsValidationRequiresGitHubApp/allow-workflows_without_github-app_-_error (0.00s)
    --- PASS: TestAllowWorkflowsValidationRequiresGitHubApp/allow-workflows_with_github-app_-_no_error (0.00s)
    --- PASS: TestAllowWorkflowsValidationRequiresGitHubApp/push-to-pr-branch_allow-workflows_without_github-app_-_error (0.00s)
    --- PASS: TestAllowWorkflowsValidationRequiresGitHubApp/push-to-pr-branch_allow-workflows_with_github-app_-_no_error (0.00s)
    --- PASS: TestAllowWorkflowsValidationRequiresGitHubApp/no_allow-workflows_-_no_error_even_without_github-app (0.00s)
    --- PASS: TestAllowWorkflowsValidationRequiresGitHubApp/allow-workflows_with_empty_github-app_config_-_error (0.00s)
=== RUN   TestAllowWorkflowsParsing
--- PASS: TestAllowWorkflowsParsing (0.00s)
=== RUN   TestAllowWorkflowsParsingPushToPullRequestBranch
--- PASS: TestAllowWorkflowsParsingPushToPullRequestBranch (0.00s)
=== RUN   TestAllowWorkflowsAppTokenPermission
--- PASS: TestAllowWorkflowsAppTokenPermission (0.00s)
=== RUN   TestAllowWorkflowsCompileErrorWithoutGitHubApp
.github/workflows/test.md: info: Tip: set permissions.copilot-requests: write to use GitHub Actions token-based inference with the Copilot engine instead of a personal access token (COPILOT_GITHUB_TOKEN). This option requires that your organization has centralized Copilot billing enabled and may not be available in all organizations — see https://github.github.com/gh-aw/reference/billing/ for details.

--- PASS: TestAllowWorkflowsCompileErrorWithoutGitHubApp (0.00s)
=== RUN   TestCTR015AllowedLabelsGlobScope
=== RUN   TestCTR015AllowedLabelsGlobScope/create-issue_with_bare_*_in_allowed-labels_triggers_error
=== RUN   TestCTR015AllowedLabelsGlobScope/create-discussion_with_bare_*_triggers_error
=== RUN   TestCTR015AllowedLabelsGlobScope/create-pull-request_with_bare_*_triggers_error
=== RUN   TestCTR015AllowedLabelsGlobScope/merge-pull-request_required-labels_bare_*_is_literal_label_name,_not_CTR-015
⚠ Using experimental feature: merge-pull-request
✓ /tmp/gh-aw-test-runs/20260704-173215-1254793/ctr015-test889485631/test.md (105.0 KB)
=== RUN   TestCTR015AllowedLabelsGlobScope/update-discussion_with_bare_*_triggers_error
=== RUN   TestCTR015AllowedLabelsGlobScope/specific_label_names_do_not_trigger_error
✓ /tmp/gh-aw-test-runs/20260704-173215-1254793/ctr015-test1404564069/test.md (105.5 KB)
=== RUN   TestCTR015AllowedLabelsGlobScope/prefix_glob_pattern_does_not_trigger_error
✓ /tmp/gh-aw-test-runs/20260704-173215-1254793/ctr015-test162734725/test.md (105.5 KB)
=== RUN   TestCTR015AllowedLabelsGlobScope/mixed_specific_and_bare_*_triggers_error
--- PASS: TestCTR015AllowedLabelsGlobScope (0.05s)
    --- PASS: TestCTR015AllowedLabelsGlobScope/create-issue_with_bare_*_in_allowed-labels_triggers_error (0.00s)
    --- PASS: TestCTR015AllowedLabelsGlobScope/create-discussion_with_bare_*_triggers_error (0.00s)
    --- PASS: TestCTR015AllowedLabelsGlobScope/create-pull-request_with_bare_*_triggers_error (0.00s)
    --- PASS: TestCTR015AllowedLabelsGlobScope/merge-pull-request_required-labels_bare_*_is_literal_label_name,_not_CTR-015 (0.01s)
    --- PASS: TestCTR015AllowedLabelsGlobScope/update-discussion_with_bare_*_triggers_error (0.00s)
    --- PASS: TestCTR015AllowedLabelsGlobScope/specific_label_names_do_not_trigger_error (0.01s)
    --- PASS: TestCTR015AllowedLabelsGlobScope/prefix_glob_pattern_does_not_trigger_error (0.01s)
    --- PASS: TestCTR015AllowedLabelsGlobScope/mixed_specific_and_bare_*_triggers_error (0.00s)
=== RUN   TestRequiredLabelsConjunctive
=== RUN   TestRequiredLabelsConjunctive/add-labels_required-labels_as_array
/tmp/gh-aw-test-runs/20260704-173215-1254793/conjunctive-rl-test982684742/test.md: info: Tip: set permissions.copilot-requests: write to use GitHub Actions token-based inference with the Copilot engine instead of a personal access token (COPILOT_GITHUB_TOKEN). This option requires that your organization has centralized Copilot billing enabled and may not be available in all organizations — see https://github.github.com/gh-aw/reference/billing/ for details.

✓ /tmp/gh-aw-test-runs/20260704-173215-1254793/conjunctive-rl-test982684742/test.md (100.0 KB)
=== RUN   TestRequiredLabelsConjunctive/add-comment_required-labels_as_array
/tmp/gh-aw-test-runs/20260704-173215-1254793/conjunctive-rl-test1092427962/test.md: info: Tip: set permissions.copilot-requests: write to use GitHub Actions token-based inference with the Copilot engine instead of a personal access token (COPILOT_GITHUB_TOKEN). This option requires that your organization has centralized Copilot billing enabled and may not be available in all organizations — see https://github.github.com/gh-aw/reference/billing/ for details.

✓ /tmp/gh-aw-test-runs/20260704-173215-1254793/conjunctive-rl-test1092427962/test.md (100.3 KB)
--- PASS: TestRequiredLabelsConjunctive (0.03s)
    --- PASS: TestRequiredLabelsConjunctive/add-labels_required-labels_as_array (0.01s)
    --- PASS: TestRequiredLabelsConjunctive/add-comment_required-labels_as_array (0.01s)
=== RUN   TestSafeOutputsAppImport
--- PASS: TestSafeOutputsAppImport (0.00s)
=== RUN   TestSafeOutputsAppImportOverride
--- PASS: TestSafeOutputsAppImportOverride (0.00s)
=== RUN   TestSafeOutputsAppConfiguration
--- PASS: TestSafeOutputsAppConfiguration (0.00s)
=== RUN   TestSafeOutputsAppConfigurationMinimal
--- PASS: TestSafeOutputsAppConfigurationMinimal (0.00s)
=== RUN   TestSafeOutputsAppIgnoreIfMissing
--- PASS: TestSafeOutputsAppIgnoreIfMissing (0.00s)
=== RUN   TestSafeOutputsAppIgnoreIfMissingInvalidType
--- PASS: TestSafeOutputsAppIgnoreIfMissingInvalidType (0.00s)
=== RUN   TestBuildIgnoreIfMissingCondition
=== RUN   TestBuildIgnoreIfMissingCondition/wrapped_expressions
=== RUN   TestBuildIgnoreIfMissingCondition/literal_values
--- PASS: TestBuildIgnoreIfMissingCondition (0.00s)
    --- PASS: TestBuildIgnoreIfMissingCondition/wrapped_expressions (0.00s)
    --- PASS: TestBuildIgnoreIfMissingCondition/literal_values (0.00s)
=== RUN   TestSafeOutputsAppWithoutSafeOutputs
--- PASS: TestSafeOutputsAppWithoutSafeOutputs (0.00s)
=== RUN   TestSafeOutputsAppTokenDiscussionsPermission
--- PASS: TestSafeOutputsAppTokenDiscussionsPermission (0.00s)
=== RUN   TestSafeOutputsAppTokenUpdateProjectIssuesReadPermission
--- PASS: TestSafeOutputsAppTokenUpdateProjectIssuesReadPermission (0.00s)
=== RUN   TestSafeOutputsAppTokenCreateProjectWithItemURLIssuesReadPermission
--- PASS: TestSafeOutputsAppTokenCreateProjectWithItemURLIssuesReadPermission (0.00s)
=== RUN   TestSafeOutputsAppTokenAddCommentAddLabelsIssuesWrite
--- PASS: TestSafeOutputsAppTokenAddCommentAddLabelsIssuesWrite (0.00s)
=== RUN   TestSafeOutputsAppTokenUpdateProjectDoesNotDowngradeIssuesWrite
--- PASS: TestSafeOutputsAppTokenUpdateProjectDoesNotDowngradeIssuesWrite (0.00s)
=== RUN   TestSafeOutputsAppTokenPermissionsOverride
--- PASS: TestSafeOutputsAppTokenPermissionsOverride (0.00s)
=== RUN   TestBuildCallWorkflowJobs_GeneratesConditionalJobs
--- PASS: TestBuildCallWorkflowJobs_GeneratesConditionalJobs (0.00s)
=== RUN   TestBuildCallWorkflowJobs_NoConfig
--- PASS: TestBuildCallWorkflowJobs_NoConfig (0.00s)
=== RUN   TestBuildCallWorkflowJobs_FallbackPath
--- PASS: TestBuildCallWorkflowJobs_FallbackPath (0.00s)
=== RUN   TestSafeOutputsJobOutputs_CallWorkflow
--- PASS: TestSafeOutputsJobOutputs_CallWorkflow (0.00s)
=== RUN   TestSanitizeJobName
=== RUN   TestSanitizeJobName/spring-boot-bugfix
=== RUN   TestSanitizeJobName/frontend_dep_upgrade
=== RUN   TestSanitizeJobName/worker123
--- PASS: TestSanitizeJobName (0.00s)
    --- PASS: TestSanitizeJobName/spring-boot-bugfix (0.00s)
    --- PASS: TestSanitizeJobName/frontend_dep_upgrade (0.00s)
    --- PASS: TestSanitizeJobName/worker123 (0.00s)
=== RUN   TestPopulateCallWorkflowFiles_ResolvesPaths
--- PASS: TestPopulateCallWorkflowFiles_ResolvesPaths (0.00s)
=== RUN   TestGenerateCallWorkflowTool_WithInputs
--- PASS: TestGenerateCallWorkflowTool_WithInputs (0.00s)
=== RUN   TestGenerateCallWorkflowTool_EmptyInputs
--- PASS: TestGenerateCallWorkflowTool_EmptyInputs (0.00s)
=== RUN   TestCallWorkflowJobYAMLOutput
--- PASS: TestCallWorkflowJobYAMLOutput (0.00s)
=== RUN   TestExtractWorkflowCallInputs
--- PASS: TestExtractWorkflowCallInputs (0.00s)
=== RUN   TestCallWorkflowConclusionDependencies
--- PASS: TestCallWorkflowConclusionDependencies (0.00s)
=== RUN   TestBuildCallWorkflowJobs_ForwardsDeclaredInputsFromPayload
--- PASS: TestBuildCallWorkflowJobs_ForwardsDeclaredInputsFromPayload (0.00s)
=== RUN   TestBuildCallWorkflowJobs_ForwardsHyphenatedInputsFromPayload
--- PASS: TestBuildCallWorkflowJobs_ForwardsHyphenatedInputsFromPayload (0.00s)
=== RUN   TestBuildCallWorkflowJobs_OmitsPayloadWhenNotDeclared
--- PASS: TestBuildCallWorkflowJobs_OmitsPayloadWhenNotDeclared (0.00s)
=== RUN   TestCallWorkflowConfig_WithGeneratedYAML
/tmp/TestCallWorkflowConfig_WithGeneratedYAML2588380011/001/.github/workflows/gateway.md: info: Tip: set permissions.copilot-requests: write to use GitHub Actions token-based inference with the Copilot engine instead of a personal access token (COPILOT_GITHUB_TOKEN). This option requires that your organization has centralized Copilot billing enabled and may not be available in all organizations — see https://github.github.com/gh-aw/reference/billing/ for details.

✓ /tmp/TestCallWorkflowConfig_WithGeneratedYAML2588380011/001/.github/workflows/gateway.md (103.8 KB)
--- PASS: TestCallWorkflowConfig_WithGeneratedYAML (0.02s)
=== RUN   TestGenerateSafeOutputsConfigDispatchWorkflow
--- PASS: TestGenerateSafeOutputsConfigDispatchWorkflow (0.00s)
=== RUN   TestGenerateSafeOutputsConfigActions
--- PASS: TestGenerateSafeOutputsConfigActions (0.00s)
=== RUN   TestGenerateSafeOutputsConfigActionsCollisionReturnsError
--- PASS: TestGenerateSafeOutputsConfigActionsCollisionReturnsError (0.00s)
=== RUN   TestGenerateSafeOutputsConfigMissingToolWithIssue
--- PASS: TestGenerateSafeOutputsConfigMissingToolWithIssue (0.00s)
=== RUN   TestGenerateSafeOutputsConfigMentions
--- PASS: TestGenerateSafeOutputsConfigMentions (0.00s)
=== RUN   TestGenerateSafeOutputsConfigNormalizeClosingKeywordsPerType
--- PASS: TestGenerateSafeOutputsConfigNormalizeClosingKeywordsPerType (0.00s)
=== RUN   TestPopulateDispatchWorkflowFilesNoSafeOutputs
--- PASS: TestPopulateDispatchWorkflowFilesNoSafeOutputs (0.00s)
=== RUN   TestPopulateDispatchWorkflowFilesNoWorkflows
--- PASS: TestPopulateDispatchWorkflowFilesNoWorkflows (0.00s)
=== RUN   TestPopulateDispatchWorkflowFilesFindsLockFile
--- PASS: TestPopulateDispatchWorkflowFilesFindsLockFile (0.00s)
=== RUN   TestGenerateCustomJobToolDefinition
=== RUN   TestGenerateCustomJobToolDefinition/basic_string_input
=== RUN   TestGenerateCustomJobToolDefinition/boolean_input
=== RUN   TestGenerateCustomJobToolDefinition/number_input
=== RUN   TestGenerateCustomJobToolDefinition/choice_input_with_enum
=== RUN   TestGenerateCustomJobToolDefinition/no_inputs
=== RUN   TestGenerateCustomJobToolDefinition/no_description_uses_default
--- PASS: TestGenerateCustomJobToolDefinition (0.00s)
    --- PASS: TestGenerateCustomJobToolDefinition/basic_string_input (0.00s)
    --- PASS: TestGenerateCustomJobToolDefinition/boolean_input (0.00s)
    --- PASS: TestGenerateCustomJobToolDefinition/number_input (0.00s)
    --- PASS: TestGenerateCustomJobToolDefinition/choice_input_with_enum (0.00s)
    --- PASS: TestGenerateCustomJobToolDefinition/no_inputs (0.00s)
    --- PASS: TestGenerateCustomJobToolDefinition/no_description_uses_default (0.00s)
=== RUN   TestGenerateCustomJobToolDefinitionJSONSerializable
--- PASS: TestGenerateCustomJobToolDefinitionJSONSerializable (0.00s)
=== RUN   TestGenerateSafeOutputsConfigAddLabelsBlocked
--- PASS: TestGenerateSafeOutputsConfigAddLabelsBlocked (0.00s)
=== RUN   TestGenerateSafeOutputsConfigCreatePullRequestTargetRepo
--- PASS: TestGenerateSafeOutputsConfigCreatePullRequestTargetRepo (0.00s)
=== RUN   TestGenerateSafeOutputsConfigCreatePullRequestBackwardCompat
--- PASS: TestGenerateSafeOutputsConfigCreatePullRequestBackwardCompat (0.00s)
=== RUN   TestGenerateSafeOutputsConfigInjectsCurrentCheckoutPatchWorkspacePath
--- PASS: TestGenerateSafeOutputsConfigInjectsCurrentCheckoutPatchWorkspacePath (0.00s)
=== RUN   TestGenerateSafeOutputsConfigSkipsPatchWorkspacePathForExplicitTargetRepoWhenCurrentRepoIsWorkflowRepo
--- PASS: TestGenerateSafeOutputsConfigSkipsPatchWorkspacePathForExplicitTargetRepoWhenCurrentRepoIsWorkflowRepo (0.00s)
=== RUN   TestGenerateSafeOutputsConfigCreatePullRequestIncludesEngineManifests
--- PASS: TestGenerateSafeOutputsConfigCreatePullRequestIncludesEngineManifests (0.00s)
=== RUN   TestGenerateSafeOutputsConfigCreatePullRequestAppliesProtectedFilesExclude
--- PASS: TestGenerateSafeOutputsConfigCreatePullRequestAppliesProtectedFilesExclude (0.00s)
=== RUN   TestGenerateSafeOutputsConfigCreatePullRequestAutoCloseIssue
--- PASS: TestGenerateSafeOutputsConfigCreatePullRequestAutoCloseIssue (0.00s)
=== RUN   TestGenerateSafeOutputsConfigCreatePullRequestAutoCloseIssueExpression
--- PASS: TestGenerateSafeOutputsConfigCreatePullRequestAutoCloseIssueExpression (0.00s)
=== RUN   TestGenerateSafeOutputsConfigCreatePullRequestAutoCloseIssueOmittedByDefault
--- PASS: TestGenerateSafeOutputsConfigCreatePullRequestAutoCloseIssueOmittedByDefault (0.00s)
=== RUN   TestGenerateSafeOutputsConfigRepoMemory
--- PASS: TestGenerateSafeOutputsConfigRepoMemory (0.00s)
=== RUN   TestGenerateSafeOutputsConfigNoRepoMemory
--- PASS: TestGenerateSafeOutputsConfigNoRepoMemory (0.00s)
=== RUN   TestGenerateSafeOutputsConfigEmptyRepoMemory
--- PASS: TestGenerateSafeOutputsConfigEmptyRepoMemory (0.00s)
=== RUN   TestGenerateSafeOutputsConfigReplyToPullRequestReviewComment
--- PASS: TestGenerateSafeOutputsConfigReplyToPullRequestReviewComment (0.00s)
=== RUN   TestGenerateSafeOutputsConfigReplyToPullRequestReviewCommentWithTarget
--- PASS: TestGenerateSafeOutputsConfigReplyToPullRequestReviewCommentWithTarget (0.00s)
=== RUN   TestGenerateSafeOutputsConfigClosePullRequest
--- PASS: TestGenerateSafeOutputsConfigClosePullRequest (0.00s)
=== RUN   TestGenerateSafeOutputsConfigClosePullRequestStaged
--- PASS: TestGenerateSafeOutputsConfigClosePullRequestStaged (0.00s)
=== RUN   TestUsesPatchesAndCheckouts
=== RUN   TestUsesPatchesAndCheckouts/returns_false_for_nil_SafeOutputsConfig
=== RUN   TestUsesPatchesAndCheckouts/returns_false_for_empty_SafeOutputsConfig
=== RUN   TestUsesPatchesAndCheckouts/returns_true_when_CreatePullRequests_is_set
=== RUN   TestUsesPatchesAndCheckouts/returns_true_when_PushToPullRequestBranch_is_set
=== RUN   TestUsesPatchesAndCheckouts/returns_true_when_both_CreatePullRequests_and_PushToPullRequestBranch_are_set
=== RUN   TestUsesPatchesAndCheckouts/returns_false_when_only_CreateIssues_is_set
=== RUN   TestUsesPatchesAndCheckouts/returns_false_when_only_AddComments_is_set
=== RUN   TestUsesPatchesAndCheckouts/returns_false_when_only_UpdatePullRequests_is_set
=== RUN   TestUsesPatchesAndCheckouts/returns_true_when_CreatePullRequests_is_set_alongside_other_outputs
=== RUN   TestUsesPatchesAndCheckouts/returns_true_when_PushToPullRequestBranch_is_set_alongside_other_outputs
=== RUN   TestUsesPatchesAndCheckouts/returns_false_when_CreatePullRequests_is_globally_staged
=== RUN   TestUsesPatchesAndCheckouts/returns_false_when_PushToPullRequestBranch_is_globally_staged
=== RUN   TestUsesPatchesAndCheckouts/returns_false_when_both_PR_handlers_are_globally_staged
=== RUN   TestUsesPatchesAndCheckouts/returns_false_when_CreatePullRequests_is_per-handler_staged
=== RUN   TestUsesPatchesAndCheckouts/returns_false_when_both_PR_handlers_are_per-handler_staged
=== RUN   TestUsesPatchesAndCheckouts/returns_true_when_CreatePullRequests_is_not_staged_but_PushToPullRequestBranch_is_staged
=== RUN   TestUsesPatchesAndCheckouts/returns_true_when_PushToPullRequestBranch_is_not_staged_but_CreatePullRequests_is_staged
--- PASS: TestUsesPatchesAndCheckouts (0.00s)
    --- PASS: TestUsesPatchesAndCheckouts/returns_false_for_nil_SafeOutputsConfig (0.00s)
    --- PASS: TestUsesPatchesAndCheckouts/returns_false_for_empty_SafeOutputsConfig (0.00s)
    --- PASS: TestUsesPatchesAndCheckouts/returns_true_when_CreatePullRequests_is_set (0.00s)
    --- PASS: TestUsesPatchesAndCheckouts/returns_true_when_PushToPullRequestBranch_is_set (0.00s)
    --- PASS: TestUsesPatchesAndCheckouts/returns_true_when_both_CreatePullRequests_and_PushToPullRequestBranch_are_set (0.00s)
    --- PASS: TestUsesPatchesAndCheckouts/returns_false_when_only_CreateIssues_is_set (0.00s)
    --- PASS: TestUsesPatchesAndCheckouts/returns_false_when_only_AddComments_is_set (0.00s)
    --- PASS: TestUsesPatchesAndCheckouts/returns_false_when_only_UpdatePullRequests_is_set (0.00s)
    --- PASS: TestUsesPatchesAndCheckouts/returns_true_when_CreatePullRequests_is_set_alongside_other_outputs (0.00s)
    --- PASS: TestUsesPatchesAndCheckouts/returns_true_when_PushToPullRequestBranch_is_set_alongside_other_outputs (0.00s)
    --- PASS: TestUsesPatchesAndCheckouts/returns_false_when_CreatePullRequests_is_globally_staged (0.00s)
    --- PASS: TestUsesPatchesAndCheckouts/returns_false_when_PushToPullRequestBranch_is_globally_staged (0.00s)
    --- PASS: TestUsesPatchesAndCheckouts/returns_false_when_both_PR_handlers_are_globally_staged (0.00s)
    --- PASS: TestUsesPatchesAndCheckouts/returns_false_when_CreatePullRequests_is_per-handler_staged (0.00s)
    --- PASS: TestUsesPatchesAndCheckouts/returns_false_when_both_PR_handlers_are_per-handler_staged (0.00s)
    --- PASS: TestUsesPatchesAndCheckouts/returns_true_when_CreatePullRequests_is_not_staged_but_PushToPullRequestBranch_is_staged (0.00s)
    --- PASS: TestUsesPatchesAndCheckouts/returns_true_when_PushToPullRequestBranch_is_not_staged_but_CreatePullRequests_is_staged (0.00s)
=== RUN   TestBuildCustomSafeOutputJobsJSON
--- PASS: TestBuildCustomSafeOutputJobsJSON (0.00s)
=== RUN   TestBuildCustomSafeOutputJobsJSONEmpty
--- PASS: TestBuildCustomSafeOutputJobsJSONEmpty (0.00s)
=== RUN   TestDispatchWorkflowConfigTargetRepo
=== RUN   TestDispatchWorkflowConfigTargetRepo/target-repo_and_allowed-repos_configured
=== RUN   TestDispatchWorkflowConfigTargetRepo/multiple_allowed_repos
=== RUN   TestDispatchWorkflowConfigTargetRepo/allowed-repos_as_GitHub_Actions_expression
=== RUN   TestDispatchWorkflowConfigTargetRepo/no_cross-repo_config
--- PASS: TestDispatchWorkflowConfigTargetRepo (0.00s)
    --- PASS: TestDispatchWorkflowConfigTargetRepo/target-repo_and_allowed-repos_configured (0.00s)
    --- PASS: TestDispatchWorkflowConfigTargetRepo/multiple_allowed_repos (0.00s)
    --- PASS: TestDispatchWorkflowConfigTargetRepo/allowed-repos_as_GitHub_Actions_expression (0.00s)
    --- PASS: TestDispatchWorkflowConfigTargetRepo/no_cross-repo_config (0.00s)
=== RUN   TestCreateCodeScanningAlertConfigTargetRepo
=== RUN   TestCreateCodeScanningAlertConfigTargetRepo/target-repo_and_allowed-repos_configured
=== RUN   TestCreateCodeScanningAlertConfigTargetRepo/driver_and_target-repo_configured
=== RUN   TestCreateCodeScanningAlertConfigTargetRepo/no_cross-repo_config
=== RUN   TestCreateCodeScanningAlertConfigTargetRepo/nil_config_value
--- PASS: TestCreateCodeScanningAlertConfigTargetRepo (0.00s)
    --- PASS: TestCreateCodeScanningAlertConfigTargetRepo/target-repo_and_allowed-repos_configured (0.00s)
    --- PASS: TestCreateCodeScanningAlertConfigTargetRepo/driver_and_target-repo_configured (0.00s)
    --- PASS: TestCreateCodeScanningAlertConfigTargetRepo/no_cross-repo_config (0.00s)
    --- PASS: TestCreateCodeScanningAlertConfigTargetRepo/nil_config_value (0.00s)
=== RUN   TestPushToPullRequestBranchConfigTargetRepo
=== RUN   TestPushToPullRequestBranchConfigTargetRepo/target-repo_and_allowed-repos_configured
=== RUN   TestPushToPullRequestBranchConfigTargetRepo/multiple_allowed_repos
=== RUN   TestPushToPullRequestBranchConfigTargetRepo/no_cross-repo_config
=== RUN   TestPushToPullRequestBranchConfigTargetRepo/nil_push-to-pull-request-branch_config
--- PASS: TestPushToPullRequestBranchConfigTargetRepo (0.00s)
    --- PASS: TestPushToPullRequestBranchConfigTargetRepo/target-repo_and_allowed-repos_configured (0.00s)
    --- PASS: TestPushToPullRequestBranchConfigTargetRepo/multiple_allowed_repos (0.00s)
    --- PASS: TestPushToPullRequestBranchConfigTargetRepo/no_cross-repo_config (0.00s)
    --- PASS: TestPushToPullRequestBranchConfigTargetRepo/nil_push-to-pull-request-branch_config (0.00s)
=== RUN   TestMergePullRequestConfigTargetRepo
=== RUN   TestMergePullRequestConfigTargetRepo/target,_target-repo_and_allowed-repos_configured
=== RUN   TestMergePullRequestConfigTargetRepo/no_cross-repo_config
--- PASS: TestMergePullRequestConfigTargetRepo (0.00s)
    --- PASS: TestMergePullRequestConfigTargetRepo/target,_target-repo_and_allowed-repos_configured (0.00s)
    --- PASS: TestMergePullRequestConfigTargetRepo/no_cross-repo_config (0.00s)
=== RUN   TestUpdateIssueConfigGitHubToken
=== RUN   TestUpdateIssueConfigGitHubToken/github-token_and_allowed-repos_configured
=== RUN   TestUpdateIssueConfigGitHubToken/no_token_or_cross-repo
--- PASS: TestUpdateIssueConfigGitHubToken (0.00s)
    --- PASS: TestUpdateIssueConfigGitHubToken/github-token_and_allowed-repos_configured (0.00s)
    --- PASS: TestUpdateIssueConfigGitHubToken/no_token_or_cross-repo (0.00s)
=== RUN   TestAddCommentGitHubTokenInHandlerConfig
--- PASS: TestAddCommentGitHubTokenInHandlerConfig (0.00s)
=== RUN   TestCreateIssueGitHubTokenInHandlerConfig
--- PASS: TestCreateIssueGitHubTokenInHandlerConfig (0.00s)
=== RUN   TestCreateDiscussionGitHubTokenInHandlerConfig
--- PASS: TestCreateDiscussionGitHubTokenInHandlerConfig (0.00s)
=== RUN   TestCreateCodeScanningAlertCrossRepoInHandlerConfig
--- PASS: TestCreateCodeScanningAlertCrossRepoInHandlerConfig (0.00s)
=== RUN   TestUpdateIssueGitHubTokenInHandlerConfig
--- PASS: TestUpdateIssueGitHubTokenInHandlerConfig (0.00s)
=== RUN   TestMergePullRequestCrossRepoInHandlerConfig
--- PASS: TestMergePullRequestCrossRepoInHandlerConfig (0.00s)
=== RUN   TestPushToPullRequestBranchCrossRepoInHandlerConfig
--- PASS: TestPushToPullRequestBranchCrossRepoInHandlerConfig (0.00s)
=== RUN   TestDispatchWorkflowCrossRepoInHandlerConfig
--- PASS: TestDispatchWorkflowCrossRepoInHandlerConfig (0.00s)
=== RUN   TestHandlerManagerStepPerOutputTokenInHandlerConfig
=== RUN   TestHandlerManagerStepPerOutputTokenInHandlerConfig/add-comment_token_appears_in_handler_config_JSON,_not_step-level
=== RUN   TestHandlerManagerStepPerOutputTokenInHandlerConfig/create-issue_token_appears_in_handler_config_JSON,_not_step-level
=== RUN   TestHandlerManagerStepPerOutputTokenInHandlerConfig/global_safe-outputs_token_is_used_for_step-level_with.github-token
--- PASS: TestHandlerManagerStepPerOutputTokenInHandlerConfig (0.00s)
    --- PASS: TestHandlerManagerStepPerOutputTokenInHandlerConfig/add-comment_token_appears_in_handler_config_JSON,_not_step-level (0.00s)
    --- PASS: TestHandlerManagerStepPerOutputTokenInHandlerConfig/create-issue_token_appears_in_handler_config_JSON,_not_step-level (0.00s)
    --- PASS: TestHandlerManagerStepPerOutputTokenInHandlerConfig/global_safe-outputs_token_is_used_for_step-level_with.github-token (0.00s)
=== RUN   TestParseAllowedRepos
=== RUN   TestParseAllowedRepos/single_repo_as_array
=== RUN   TestParseAllowedRepos/multiple_repos
=== RUN   TestParseAllowedRepos/allowed-repos_as_[]string
=== RUN   TestParseAllowedRepos/no_allowed-repos_key
=== RUN   TestParseAllowedRepos/empty_allowed-repos_array
--- PASS: TestParseAllowedRepos (0.00s)
    --- PASS: TestParseAllowedRepos/single_repo_as_array (0.00s)
    --- PASS: TestParseAllowedRepos/multiple_repos (0.00s)
    --- PASS: TestParseAllowedRepos/allowed-repos_as_[]string (0.00s)
    --- PASS: TestParseAllowedRepos/no_allowed-repos_key (0.00s)
    --- PASS: TestParseAllowedRepos/empty_allowed-repos_array (0.00s)
=== RUN   TestHasNonBuiltinSafeOutputsEnabled
=== RUN   TestHasNonBuiltinSafeOutputsEnabled/nil_config_returns_false
=== RUN   TestHasNonBuiltinSafeOutputsEnabled/empty_config_returns_false
=== RUN   TestHasNonBuiltinSafeOutputsEnabled/only_noop_returns_false_(builtin)
=== RUN   TestHasNonBuiltinSafeOutputsEnabled/only_missing-data_returns_false_(builtin)
=== RUN   TestHasNonBuiltinSafeOutputsEnabled/only_missing-tool_returns_false_(builtin)
=== RUN   TestHasNonBuiltinSafeOutputsEnabled/all_builtins_returns_false
=== RUN   TestHasNonBuiltinSafeOutputsEnabled/create-issue_is_non-builtin_returns_true
=== RUN   TestHasNonBuiltinSafeOutputsEnabled/add-comment_is_non-builtin_returns_true
=== RUN   TestHasNonBuiltinSafeOutputsEnabled/create-pull-request_is_non-builtin_returns_true
=== RUN   TestHasNonBuiltinSafeOutputsEnabled/non-builtin_alongside_builtins_returns_true
=== RUN   TestHasNonBuiltinSafeOutputsEnabled/custom_safe-job_returns_true
=== RUN   TestHasNonBuiltinSafeOutputsEnabled/custom_safe-job_alongside_builtins_returns_true
=== RUN   TestHasNonBuiltinSafeOutputsEnabled/create-discussion_is_non-builtin_returns_true
--- PASS: TestHasNonBuiltinSafeOutputsEnabled (0.00s)
    --- PASS: TestHasNonBuiltinSafeOutputsEnabled/nil_config_returns_false (0.00s)
    --- PASS: TestHasNonBuiltinSafeOutputsEnabled/empty_config_returns_false (0.00s)
    --- PASS: TestHasNonBuiltinSafeOutputsEnabled/only_noop_returns_false_(builtin) (0.00s)
    --- PASS: TestHasNonBuiltinSafeOutputsEnabled/only_missing-data_returns_false_(builtin) (0.00s)
    --- PASS: TestHasNonBuiltinSafeOutputsEnabled/only_missing-tool_returns_false_(builtin) (0.00s)
    --- PASS: TestHasNonBuiltinSafeOutputsEnabled/all_builtins_returns_false (0.00s)
    --- PASS: TestHasNonBuiltinSafeOutputsEnabled/create-issue_is_non-builtin_returns_true (0.00s)
    --- PASS: TestHasNonBuiltinSafeOutputsEnabled/add-comment_is_non-builtin_returns_true (0.00s)
    --- PASS: TestHasNonBuiltinSafeOutputsEnabled/create-pull-request_is_non-builtin_returns_true (0.00s)
    --- PASS: TestHasNonBuiltinSafeOutputsEnabled/non-builtin_alongside_builtins_returns_true (0.00s)
    --- PASS: TestHasNonBuiltinSafeOutputsEnabled/custom_safe-job_returns_true (0.00s)
    --- PASS: TestHasNonBuiltinSafeOutputsEnabled/custom_safe-job_alongside_builtins_returns_true (0.00s)
    --- PASS: TestHasNonBuiltinSafeOutputsEnabled/create-discussion_is_non-builtin_returns_true (0.00s)
=== RUN   TestAutoInjectCreateIssue
=== RUN   TestAutoInjectCreateIssue/nil_safe-outputs_-_inject_create-issue
=== RUN   TestAutoInjectCreateIssue/only_builtins_configured_-_inject_create-issue
=== RUN   TestAutoInjectCreateIssue/empty_safe-outputs_-_inject_create-issue
=== RUN   TestAutoInjectCreateIssue/create-issue_already_configured_-_no_injection
=== RUN   TestAutoInjectCreateIssue/add-comment_configured_-_no_injection
=== RUN   TestAutoInjectCreateIssue/create-pull-request_configured_-_no_injection
=== RUN   TestAutoInjectCreateIssue/custom_safe-job_configured_-_no_injection
=== RUN   TestAutoInjectCreateIssue/empty_safe-outputs_config_struct_-_inject_create-issue
--- PASS: TestAutoInjectCreateIssue (0.00s)
    --- PASS: TestAutoInjectCreateIssue/nil_safe-outputs_-_inject_create-issue (0.00s)
    --- PASS: TestAutoInjectCreateIssue/only_builtins_configured_-_inject_create-issue (0.00s)
    --- PASS: TestAutoInjectCreateIssue/empty_safe-outputs_-_inject_create-issue (0.00s)
    --- PASS: TestAutoInjectCreateIssue/create-issue_already_configured_-_no_injection (0.00s)
    --- PASS: TestAutoInjectCreateIssue/add-comment_configured_-_no_injection (0.00s)
    --- PASS: TestAutoInjectCreateIssue/create-pull-request_configured_-_no_injection (0.00s)
    --- PASS: TestAutoInjectCreateIssue/custom_safe-job_configured_-_no_injection (0.00s)
    --- PASS: TestAutoInjectCreateIssue/empty_safe-outputs_config_struct_-_inject_create-issue (0.00s)
=== RUN   TestAutoInjectCreateIssueWithVariousWorkflowIDs
=== RUN   TestAutoInjectCreateIssueWithVariousWorkflowIDs/workflowID=daily-status
=== RUN   TestAutoInjectCreateIssueWithVariousWorkflowIDs/workflowID=code-review
=== RUN   TestAutoInjectCreateIssueWithVariousWorkflowIDs/workflowID=security-scan
=== RUN   TestAutoInjectCreateIssueWithVariousWorkflowIDs/workflowID=my_workflow
=== RUN   TestAutoInjectCreateIssueWithVariousWorkflowIDs/workflowID=workflow123
--- PASS: TestAutoInjectCreateIssueWithVariousWorkflowIDs (0.00s)
    --- PASS: TestAutoInjectCreateIssueWithVariousWorkflowIDs/workflowID=daily-status (0.00s)
    --- PASS: TestAutoInjectCreateIssueWithVariousWorkflowIDs/workflowID=code-review (0.00s)
    --- PASS: TestAutoInjectCreateIssueWithVariousWorkflowIDs/workflowID=security-scan (0.00s)
    --- PASS: TestAutoInjectCreateIssueWithVariousWorkflowIDs/workflowID=my_workflow (0.00s)
    --- PASS: TestAutoInjectCreateIssueWithVariousWorkflowIDs/workflowID=workflow123 (0.00s)
=== RUN   TestAutoInjectCreateIssueWithImportedNonBuiltin
--- PASS: TestAutoInjectCreateIssueWithImportedNonBuiltin (0.00s)
=== RUN   TestAutoInjectCreateIssueWithImportedCreateIssue
--- PASS: TestAutoInjectCreateIssueWithImportedCreateIssue (0.00s)
=== RUN   TestAutoInjectCreateIssueWithImportedBuiltinsOnly
--- PASS: TestAutoInjectCreateIssueWithImportedBuiltinsOnly (0.00s)
=== RUN   TestAssignToAgentDefaultMax
--- PASS: TestAssignToAgentDefaultMax (0.00s)
=== RUN   TestDispatchWorkflowDefaultMax
--- PASS: TestDispatchWorkflowDefaultMax (0.00s)
=== RUN   TestAssignToAgentExplicitMax
--- PASS: TestAssignToAgentExplicitMax (0.00s)
=== RUN   TestDispatchWorkflowExplicitMax
--- PASS: TestDispatchWorkflowExplicitMax (0.00s)
=== RUN   TestDeprecatedTitlePrefixAliasForCloseIssue
⚠ 'title-prefix' is deprecated in safe-outputs.close-issue. Use 'required-title-prefix' instead.
--- PASS: TestDeprecatedTitlePrefixAliasForCloseIssue (0.00s)
=== RUN   TestParseFilterConfigTitlePrefixPrecedence
=== RUN   TestParseFilterConfigTitlePrefixPrecedence/required-title-prefix_takes_precedence_when_both_are_present
=== RUN   TestParseFilterConfigTitlePrefixPrecedence/title-prefix_is_used_as_fallback_when_required-title-prefix_is_absent
--- PASS: TestParseFilterConfigTitlePrefixPrecedence (0.00s)
    --- PASS: TestParseFilterConfigTitlePrefixPrecedence/required-title-prefix_takes_precedence_when_both_are_present (0.00s)
    --- PASS: TestParseFilterConfigTitlePrefixPrecedence/title-prefix_is_used_as_fallback_when_required-title-prefix_is_absent (0.00s)
=== RUN   TestValidateDomainPatternWithProtocol
=== RUN   TestValidateDomainPatternWithProtocol/HTTPS_domain
=== RUN   TestValidateDomainPatternWithProtocol/HTTPS_wildcard_domain
=== RUN   TestValidateDomainPatternWithProtocol/HTTPS_subdomain
=== RUN   TestValidateDomainPatternWithProtocol/HTTP_domain
=== RUN   TestValidateDomainPatternWithProtocol/HTTP_wildcard_domain
=== RUN   TestValidateDomainPatternWithProtocol/HTTP_subdomain
=== RUN   TestValidateDomainPatternWithProtocol/Plain_domain
=== RUN   TestValidateDomainPatternWithProtocol/Wildcard_domain
=== RUN   TestValidateDomainPatternWithProtocol/Empty_domain
=== RUN   TestValidateDomainPatternWithProtocol/Protocol_only
=== RUN   TestValidateDomainPatternWithProtocol/HTTPS_wildcard_only
=== RUN   TestValidateDomainPatternWithProtocol/HTTP_wildcard_only
=== RUN   TestValidateDomainPatternWithProtocol/HTTPS_wildcard_without_base_domain
=== RUN   TestValidateDomainPatternWithProtocol/Invalid_protocol
=== RUN   TestValidateDomainPatternWithProtocol/Multiple_wildcards_with_HTTPS
=== RUN   TestValidateDomainPatternWithProtocol/Wildcard_in_wrong_position_with_HTTPS
--- PASS: TestValidateDomainPatternWithProtocol (0.00s)
    --- PASS: TestValidateDomainPatternWithProtocol/HTTPS_domain (0.00s)
    --- PASS: TestValidateDomainPatternWithProtocol/HTTPS_wildcard_domain (0.00s)
    --- PASS: TestValidateDomainPatternWithProtocol/HTTPS_subdomain (0.00s)
    --- PASS: TestValidateDomainPatternWithProtocol/HTTP_domain (0.00s)
    --- PASS: TestValidateDomainPatternWithProtocol/HTTP_wildcard_domain (0.00s)
    --- PASS: TestValidateDomainPatternWithProtocol/HTTP_subdomain (0.00s)
    --- PASS: TestValidateDomainPatternWithProtocol/Plain_domain (0.00s)
    --- PASS: TestValidateDomainPatternWithProtocol/Wildcard_domain (0.00s)
    --- PASS: TestValidateDomainPatternWithProtocol/Empty_domain (0.00s)
    --- PASS: TestValidateDomainPatternWithProtocol/Protocol_only (0.00s)
    --- PASS: TestValidateDomainPatternWithProtocol/HTTPS_wildcard_only (0.00s)
    --- PASS: TestValidateDomainPatternWithProtocol/HTTP_wildcard_only (0.00s)
    --- PASS: TestValidateDomainPatternWithProtocol/HTTPS_wildcard_without_base_domain (0.00s)
    --- PASS: TestValidateDomainPatternWithProtocol/Invalid_protocol (0.00s)
    --- PASS: TestValidateDomainPatternWithProtocol/Multiple_wildcards_with_HTTPS (0.00s)
    --- PASS: TestValidateDomainPatternWithProtocol/Wildcard_in_wrong_position_with_HTTPS (0.00s)
=== RUN   TestValidateSafeOutputsAllowedDomainsWithProtocol
=== RUN   TestValidateSafeOutputsAllowedDomainsWithProtocol/Mixed_protocol_domains
=== RUN   TestValidateSafeOutputsAllowedDomainsWithProtocol/HTTPS_wildcard_domains
=== RUN   TestValidateSafeOutputsAllowedDomainsWithProtocol/Invalid_protocol_in_list
=== RUN   TestValidateSafeOutputsAllowedDomainsWithProtocol/HTTPS_with_invalid_domain
--- PASS: TestValidateSafeOutputsAllowedDomainsWithProtocol (0.00s)
    --- PASS: TestValidateSafeOutputsAllowedDomainsWithProtocol/Mixed_protocol_domains (0.00s)
    --- PASS: TestValidateSafeOutputsAllowedDomainsWithProtocol/HTTPS_wildcard_domains (0.00s)
    --- PASS: TestValidateSafeOutputsAllowedDomainsWithProtocol/Invalid_protocol_in_list (0.00s)
    --- PASS: TestValidateSafeOutputsAllowedDomainsWithProtocol/HTTPS_with_invalid_domain (0.00s)
=== RUN   TestValidateSafeOutputsAllowedDomains
=== RUN   TestValidateSafeOutputsAllowedDomains/nil_config
=== RUN   TestValidateSafeOutputsAllowedDomains/empty_allowed_domains
=== RUN   TestValidateSafeOutputsAllowedDomains/valid_plain_domains
=== RUN   TestValidateSafeOutputsAllowedDomains/valid_wildcard_domains
=== RUN   TestValidateSafeOutputsAllowedDomains/mixed_valid_domains
=== RUN   TestValidateSafeOutputsAllowedDomains/invalid_-_empty_domain
=== RUN   TestValidateSafeOutputsAllowedDomains/invalid_-_wildcard_only
=== RUN   TestValidateSafeOutputsAllowedDomains/invalid_-_multiple_wildcards
=== RUN   TestValidateSafeOutputsAllowedDomains/invalid_-_wildcard_in_middle
=== RUN   TestValidateSafeOutputsAllowedDomains/invalid_-_wildcard_at_end
=== RUN   TestValidateSafeOutputsAllowedDomains/invalid_-_trailing_dot
=== RUN   TestValidateSafeOutputsAllowedDomains/invalid_-_leading_dot
=== RUN   TestValidateSafeOutputsAllowedDomains/invalid_-_consecutive_dots
=== RUN   TestValidateSafeOutputsAllowedDomains/invalid_-_special_characters
=== RUN   TestValidateSafeOutputsAllowedDomains/invalid_-_spaces
=== RUN   TestValidateSafeOutputsAllowedDomains/invalid_-_wildcard_without_base_domain
=== RUN   TestValidateSafeOutputsAllowedDomains/invalid_-_multiple_domains_in_first_entry
=== RUN   TestValidateSafeOutputsAllowedDomains/valid_-_complex_subdomain
=== RUN   TestValidateSafeOutputsAllowedDomains/valid_-_domains_with_numbers_and_hyphens
--- PASS: TestValidateSafeOutputsAllowedDomains (0.02s)
    --- PASS: TestValidateSafeOutputsAllowedDomains/nil_config (0.00s)
    --- PASS: TestValidateSafeOutputsAllowedDomains/empty_allowed_domains (0.00s)
    --- PASS: TestValidateSafeOutputsAllowedDomains/valid_plain_domains (0.00s)
    --- PASS: TestValidateSafeOutputsAllowedDomains/valid_wildcard_domains (0.00s)
    --- PASS: TestValidateSafeOutputsAllowedDomains/mixed_valid_domains (0.00s)
    --- PASS: TestValidateSafeOutputsAllowedDomains/invalid_-_empty_domain (0.00s)
    --- PASS: TestValidateSafeOutputsAllowedDomains/invalid_-_wildcard_only (0.00s)
    --- PASS: TestValidateSafeOutputsAllowedDomains/invalid_-_multiple_wildcards (0.00s)
    --- PASS: TestValidateSafeOutputsAllowedDomains/invalid_-_wildcard_in_middle (0.00s)
    --- PASS: TestValidateSafeOutputsAllowedDomains/invalid_-_wildcard_at_end (0.00s)
    --- PASS: TestValidateSafeOutputsAllowedDomains/invalid_-_trailing_dot (0.00s)
    --- PASS: TestValidateSafeOutputsAllowedDomains/invalid_-_leading_dot (0.00s)
    --- PASS: TestValidateSafeOutputsAllowedDomains/invalid_-_consecutive_dots (0.00s)
    --- PASS: TestValidateSafeOutputsAllowedDomains/invalid_-_special_characters (0.00s)
    --- PASS: TestValidateSafeOutputsAllowedDomains/invalid_-_spaces (0.00s)
    --- PASS: TestValidateSafeOutputsAllowedDomains/invalid_-_wildcard_without_base_domain (0.00s)
    --- PASS: TestValidateSafeOutputsAllowedDomains/invalid_-_multiple_domains_in_first_entry (0.00s)
    --- PASS: TestValidateSafeOutputsAllowedDomains/valid_-_complex_subdomain (0.00s)
    --- PASS: TestValidateSafeOutputsAllowedDomains/valid_-_domains_with_numbers_and_hyphens (0.00s)
=== RUN   TestValidateDomainPattern
=== RUN   TestValidateDomainPattern/valid_-_simple_domain
=== RUN   TestValidateDomainPattern/valid_-_subdomain
=== RUN   TestValidateDomainPattern/valid_-_multiple_subdomains
=== RUN   TestValidateDomainPattern/valid_-_domain_with_numbers
=== RUN   TestValidateDomainPattern/valid_-_domain_with_hyphens
=== RUN   TestValidateDomainPattern/valid_-_wildcard_subdomain
=== RUN   TestValidateDomainPattern/valid_-_wildcard_with_multiple_levels
=== RUN   TestValidateDomainPattern/invalid_-_empty
=== RUN   TestValidateDomainPattern/invalid_-_wildcard_only
=== RUN   TestValidateDomainPattern/invalid_-_multiple_wildcards
=== RUN   TestValidateDomainPattern/invalid_-_wildcard_in_middle
=== RUN   TestValidateDomainPattern/invalid_-_wildcard_at_end
=== RUN   TestValidateDomainPattern/invalid_-_trailing_dot
=== RUN   TestValidateDomainPattern/invalid_-_leading_dot
=== RUN   TestValidateDomainPattern/invalid_-_consecutive_dots
=== RUN   TestValidateDomainPattern/invalid_-_underscore
=== RUN   TestValidateDomainPattern/invalid_-_special_character_@
=== RUN   TestValidateDomainPattern/invalid_-_space
=== RUN   TestValidateDomainPattern/invalid_-_wildcard_without_domain
=== RUN   TestValidateDomainPattern/invalid_-_wildcard_with_dot_after
=== RUN   TestValidateDomainPattern/valid_-_single_character_domain_(theoretical)
=== RUN   TestValidateDomainPattern/valid_-_long_subdomain
=== RUN   TestValidateDomainPattern/valid_-_many_levels
--- PASS: TestValidateDomainPattern (0.00s)
    --- PASS: TestValidateDomainPattern/valid_-_simple_domain (0.00s)
    --- PASS: TestValidateDomainPattern/valid_-_subdomain (0.00s)
    --- PASS: TestValidateDomainPattern/valid_-_multiple_subdomains (0.00s)
    --- PASS: TestValidateDomainPattern/valid_-_domain_with_numbers (0.00s)
    --- PASS: TestValidateDomainPattern/valid_-_domain_with_hyphens (0.00s)
    --- PASS: TestValidateDomainPattern/valid_-_wildcard_subdomain (0.00s)
    --- PASS: TestValidateDomainPattern/valid_-_wildcard_with_multiple_levels (0.00s)
    --- PASS: TestValidateDomainPattern/invalid_-_empty (0.00s)
    --- PASS: TestValidateDomainPattern/invalid_-_wildcard_only (0.00s)
    --- PASS: TestValidateDomainPattern/invalid_-_multiple_wildcards (0.00s)
    --- PASS: TestValidateDomainPattern/invalid_-_wildcard_in_middle (0.00s)
    --- PASS: TestValidateDomainPattern/invalid_-_wildcard_at_end (0.00s)
    --- PASS: TestValidateDomainPattern/invalid_-_trailing_dot (0.00s)
    --- PASS: TestValidateDomainPattern/invalid_-_leading_dot (0.00s)
    --- PASS: TestValidateDomainPattern/invalid_-_consecutive_dots (0.00s)
    --- PASS: TestValidateDomainPattern/invalid_-_underscore (0.00s)
    --- PASS: TestValidateDomainPattern/invalid_-_special_character_@ (0.00s)
    --- PASS: TestValidateDomainPattern/invalid_-_space (0.00s)
    --- PASS: TestValidateDomainPattern/invalid_-_wildcard_without_domain (0.00s)
    --- PASS: TestValidateDomainPattern/invalid_-_wildcard_with_dot_after (0.00s)
    --- PASS: TestValidateDomainPattern/valid_-_single_character_domain_(theoretical) (0.00s)
    --- PASS: TestValidateDomainPattern/valid_-_long_subdomain (0.00s)
    --- PASS: TestValidateDomainPattern/valid_-_many_levels (0.00s)
=== RUN   TestValidateDomainPatternCoverage
=== RUN   TestValidateDomainPatternCoverage/empty_domain
=== RUN   TestValidateDomainPatternCoverage/wildcard_only
=== RUN   TestValidateDomainPatternCoverage/double_wildcard
=== RUN   TestValidateDomainPatternCoverage/triple_wildcard
=== RUN   TestValidateDomainPatternCoverage/wildcard_in_middle
=== RUN   TestValidateDomainPatternCoverage/wildcard_at_end
=== RUN   TestValidateDomainPatternCoverage/trailing_dot
=== RUN   TestValidateDomainPatternCoverage/leading_dot
=== RUN   TestValidateDomainPatternCoverage/consecutive_dots
=== RUN   TestValidateDomainPatternCoverage/@_character
=== RUN   TestValidateDomainPatternCoverage/space_character
=== RUN   TestValidateDomainPatternCoverage/underscore
=== RUN   TestValidateDomainPatternCoverage/wildcard_with_double_dot
=== RUN   TestValidateDomainPatternCoverage/wildcard_without_base
=== RUN   TestValidateDomainPatternCoverage/exclamation_mark
=== RUN   TestValidateDomainPatternCoverage/multiple_wildcards_nested
=== RUN   TestValidateDomainPatternCoverage/valid-example.com
=== RUN   TestValidateDomainPatternCoverage/valid-api.example.com
=== RUN   TestValidateDomainPatternCoverage/valid-*.example.com
=== RUN   TestValidateDomainPatternCoverage/valid-test-api.example.com
=== RUN   TestValidateDomainPatternCoverage/valid-api123.example.com
=== RUN   TestValidateDomainPatternCoverage/valid-*.api.example.org
=== RUN   TestValidateDomainPatternCoverage/valid-a.b.c.d.example.com
--- PASS: TestValidateDomainPatternCoverage (0.00s)
    --- PASS: TestValidateDomainPatternCoverage/empty_domain (0.00s)
    --- PASS: TestValidateDomainPatternCoverage/wildcard_only (0.00s)
    --- PASS: TestValidateDomainPatternCoverage/double_wildcard (0.00s)
    --- PASS: TestValidateDomainPatternCoverage/triple_wildcard (0.00s)
    --- PASS: TestValidateDomainPatternCoverage/wildcard_in_middle (0.00s)
    --- PASS: TestValidateDomainPatternCoverage/wildcard_at_end (0.00s)
    --- PASS: TestValidateDomainPatternCoverage/trailing_dot (0.00s)
    --- PASS: TestValidateDomainPatternCoverage/leading_dot (0.00s)
    --- PASS: TestValidateDomainPatternCoverage/consecutive_dots (0.00s)
    --- PASS: TestValidateDomainPatternCoverage/@_character (0.00s)
    --- PASS: TestValidateDomainPatternCoverage/space_character (0.00s)
    --- PASS: TestValidateDomainPatternCoverage/underscore (0.00s)
    --- PASS: TestValidateDomainPatternCoverage/wildcard_with_double_dot (0.00s)
    --- PASS: TestValidateDomainPatternCoverage/wildcard_without_base (0.00s)
    --- PASS: TestValidateDomainPatternCoverage/exclamation_mark (0.00s)
    --- PASS: TestValidateDomainPatternCoverage/multiple_wildcards_nested (0.00s)
    --- PASS: TestValidateDomainPatternCoverage/valid-example.com (0.00s)
    --- PASS: TestValidateDomainPatternCoverage/valid-api.example.com (0.00s)
    --- PASS: TestValidateDomainPatternCoverage/valid-*.example.com (0.00s)
    --- PASS: TestValidateDomainPatternCoverage/valid-test-api.example.com (0.00s)
    --- PASS: TestValidateDomainPatternCoverage/valid-api123.example.com (0.00s)
    --- PASS: TestValidateDomainPatternCoverage/valid-*.api.example.org (0.00s)
    --- PASS: TestValidateDomainPatternCoverage/valid-a.b.c.d.example.com (0.00s)
=== RUN   TestDomainPatternRegex
=== RUN   TestDomainPatternRegex/example.com
=== RUN   TestDomainPatternRegex/*.example.com
=== RUN   TestDomainPatternRegex/api.example.com
=== RUN   TestDomainPatternRegex/test-123.example.com
=== RUN   TestDomainPatternRegex/#00
=== RUN   TestDomainPatternRegex/example.com.
=== RUN   TestDomainPatternRegex/.example.com
=== RUN   TestDomainPatternRegex/example..com
=== RUN   TestDomainPatternRegex/*.*.example.com
--- PASS: TestDomainPatternRegex (0.00s)
    --- PASS: TestDomainPatternRegex/example.com (0.00s)
    --- PASS: TestDomainPatternRegex/*.example.com (0.00s)
    --- PASS: TestDomainPatternRegex/api.example.com (0.00s)
    --- PASS: TestDomainPatternRegex/test-123.example.com (0.00s)
    --- PASS: TestDomainPatternRegex/#00 (0.00s)
    --- PASS: TestDomainPatternRegex/example.com. (0.00s)
    --- PASS: TestDomainPatternRegex/.example.com (0.00s)
    --- PASS: TestDomainPatternRegex/example..com (0.00s)
    --- PASS: TestDomainPatternRegex/*.*.example.com (0.00s)
=== RUN   TestDomainPatternRegexComprehensive
=== RUN   TestDomainPatternRegexComprehensive/simple_two-part_domain
=== RUN   TestDomainPatternRegexComprehensive/three-part_domain
=== RUN   TestDomainPatternRegexComprehensive/four-part_domain
=== RUN   TestDomainPatternRegexComprehensive/domain_with_numbers
=== RUN   TestDomainPatternRegexComprehensive/domain_with_hyphens
=== RUN   TestDomainPatternRegexComprehensive/domain_starting_with_number
=== RUN   TestDomainPatternRegexComprehensive/domain_ending_with_number
=== RUN   TestDomainPatternRegexComprehensive/single_character_labels
=== RUN   TestDomainPatternRegexComprehensive/maximum_label_length_(63_chars)
=== RUN   TestDomainPatternRegexComprehensive/very_deep_nesting
=== RUN   TestDomainPatternRegexComprehensive/wildcard_with_two-part_base
=== RUN   TestDomainPatternRegexComprehensive/wildcard_with_three-part_base
=== RUN   TestDomainPatternRegexComprehensive/wildcard_with_hyphenated_base
=== RUN   TestDomainPatternRegexComprehensive/wildcard_with_numeric_base
=== RUN   TestDomainPatternRegexComprehensive/empty_string
=== RUN   TestDomainPatternRegexComprehensive/only_whitespace
=== RUN   TestDomainPatternRegexComprehensive/trailing_dot
=== RUN   TestDomainPatternRegexComprehensive/leading_dot
=== RUN   TestDomainPatternRegexComprehensive/double_leading_dot
=== RUN   TestDomainPatternRegexComprehensive/wildcard_with_trailing_dot
=== RUN   TestDomainPatternRegexComprehensive/double_dots_in_middle
=== RUN   TestDomainPatternRegexComprehensive/triple_dots
=== RUN   TestDomainPatternRegexComprehensive/dots_at_start_and_middle
=== RUN   TestDomainPatternRegexComprehensive/double_wildcard
=== RUN   TestDomainPatternRegexComprehensive/triple_wildcard
=== RUN   TestDomainPatternRegexComprehensive/wildcard_in_middle
=== RUN   TestDomainPatternRegexComprehensive/wildcard_at_end
=== RUN   TestDomainPatternRegexComprehensive/wildcard_without_dot
=== RUN   TestDomainPatternRegexComprehensive/only_wildcard
=== RUN   TestDomainPatternRegexComprehensive/wildcard_with_dot_only
=== RUN   TestDomainPatternRegexComprehensive/underscore_in_domain
=== RUN   TestDomainPatternRegexComprehensive/space_in_domain
=== RUN   TestDomainPatternRegexComprehensive/at_sign
=== RUN   TestDomainPatternRegexComprehensive/forward_slash
=== RUN   TestDomainPatternRegexComprehensive/colon_(port)
=== RUN   TestDomainPatternRegexComprehensive/question_mark
=== RUN   TestDomainPatternRegexComprehensive/hash
=== RUN   TestDomainPatternRegexComprehensive/percent_encoding
=== RUN   TestDomainPatternRegexComprehensive/exclamation_mark
=== RUN   TestDomainPatternRegexComprehensive/hyphen_at_start_of_label
=== RUN   TestDomainPatternRegexComprehensive/hyphen_at_end_of_label
=== RUN   TestDomainPatternRegexComprehensive/hyphen_at_start_and_end
=== RUN   TestDomainPatternRegexComprehensive/only_hyphen_in_label
=== RUN   TestDomainPatternRegexComprehensive/single_label_domain
=== RUN   TestDomainPatternRegexComprehensive/wildcard_single_label
=== RUN   TestDomainPatternRegexComprehensive/label_too_long_(64_chars)
=== RUN   TestDomainPatternRegexComprehensive/exactly_63_chars_in_first_label
=== RUN   TestDomainPatternRegexComprehensive/uppercase_domain
=== RUN   TestDomainPatternRegexComprehensive/mixed_case
=== RUN   TestDomainPatternRegexComprehensive/wildcard_uppercase
=== RUN   TestDomainPatternRegexComprehensive/all_numbers
=== RUN   TestDomainPatternRegexComprehensive/IP-like_format
=== RUN   TestDomainPatternRegexComprehensive/multiple_hyphens_in_middle
=== RUN   TestDomainPatternRegexComprehensive/many_hyphens
--- PASS: TestDomainPatternRegexComprehensive (0.00s)
    --- PASS: TestDomainPatternRegexComprehensive/simple_two-part_domain (0.00s)
    --- PASS: TestDomainPatternRegexComprehensive/three-part_domain (0.00s)
    --- PASS: TestDomainPatternRegexComprehensive/four-part_domain (0.00s)
    --- PASS: TestDomainPatternRegexComprehensive/domain_with_numbers (0.00s)
    --- PASS: TestDomainPatternRegexComprehensive/domain_with_hyphens (0.00s)
    --- PASS: TestDomainPatternRegexComprehensive/domain_starting_with_number (0.00s)
    --- PASS: TestDomainPatternRegexComprehensive/domain_ending_with_number (0.00s)
    --- PASS: TestDomainPatternRegexComprehensive/single_character_labels (0.00s)
    --- PASS: TestDomainPatternRegexComprehensive/maximum_label_length_(63_chars) (0.00s)
    --- PASS: TestDomainPatternRegexComprehensive/very_deep_nesting (0.00s)
    --- PASS: TestDomainPatternRegexComprehensive/wildcard_with_two-part_base (0.00s)
    --- PASS: TestDomainPatternRegexComprehensive/wildcard_with_three-part_base (0.00s)
    --- PASS: TestDomainPatternRegexComprehensive/wildcard_with_hyphenated_base (0.00s)
    --- PASS: TestDomainPatternRegexComprehensive/wildcard_with_numeric_base (0.00s)
    --- PASS: TestDomainPatternRegexComprehensive/empty_string (0.00s)
    --- PASS: TestDomainPatternRegexComprehensive/only_whitespace (0.00s)
    --- PASS: TestDomainPatternRegexComprehensive/trailing_dot (0.00s)
    --- PASS: TestDomainPatternRegexComprehensive/leading_dot (0.00s)
    --- PASS: TestDomainPatternRegexComprehensive/double_leading_dot (0.00s)
    --- PASS: TestDomainPatternRegexComprehensive/wildcard_with_trailing_dot (0.00s)
    --- PASS: TestDomainPatternRegexComprehensive/double_dots_in_middle (0.00s)
    --- PASS: TestDomainPatternRegexComprehensive/triple_dots (0.00s)
    --- PASS: TestDomainPatternRegexComprehensive/dots_at_start_and_middle (0.00s)
    --- PASS: TestDomainPatternRegexComprehensive/double_wildcard (0.00s)
    --- PASS: TestDomainPatternRegexComprehensive/triple_wildcard (0.00s)
    --- PASS: TestDomainPatternRegexComprehensive/wildcard_in_middle (0.00s)
    --- PASS: TestDomainPatternRegexComprehensive/wildcard_at_end (0.00s)
    --- PASS: TestDomainPatternRegexComprehensive/wildcard_without_dot (0.00s)
    --- PASS: TestDomainPatternRegexComprehensive/only_wildcard (0.00s)
    --- PASS: TestDomainPatternRegexComprehensive/wildcard_with_dot_only (0.00s)
    --- PASS: TestDomainPatternRegexComprehensive/underscore_in_domain (0.00s)
    --- PASS: TestDomainPatternRegexComprehensive/space_in_domain (0.00s)
    --- PASS: TestDomainPatternRegexComprehensive/at_sign (0.00s)
    --- PASS: TestDomainPatternRegexComprehensive/forward_slash (0.00s)
    --- PASS: TestDomainPatternRegexComprehensive/colon_(port) (0.00s)
    --- PASS: TestDomainPatternRegexComprehensive/question_mark (0.00s)
    --- PASS: TestDomainPatternRegexComprehensive/hash (0.00s)
    --- PASS: TestDomainPatternRegexComprehensive/percent_encoding (0.00s)
    --- PASS: TestDomainPatternRegexComprehensive/exclamation_mark (0.00s)
    --- PASS: TestDomainPatternRegexComprehensive/hyphen_at_start_of_label (0.00s)
    --- PASS: TestDomainPatternRegexComprehensive/hyphen_at_end_of_label (0.00s)
    --- PASS: TestDomainPatternRegexComprehensive/hyphen_at_start_and_end (0.00s)
    --- PASS: TestDomainPatternRegexComprehensive/only_hyphen_in_label (0.00s)
    --- PASS: TestDomainPatternRegexComprehensive/single_label_domain (0.00s)
    --- PASS: TestDomainPatternRegexComprehensive/wildcard_single_label (0.00s)
    --- PASS: TestDomainPatternRegexComprehensive/label_too_long_(64_chars) (0.00s)
    --- PASS: TestDomainPatternRegexComprehensive/exactly_63_chars_in_first_label (0.00s)
    --- PASS: TestDomainPatternRegexComprehensive/uppercase_domain (0.00s)
    --- PASS: TestDomainPatternRegexComprehensive/mixed_case (0.00s)
    --- PASS: TestDomainPatternRegexComprehensive/wildcard_uppercase (0.00s)
    --- PASS: TestDomainPatternRegexComprehensive/all_numbers (0.00s)
    --- PASS: TestDomainPatternRegexComprehensive/IP-like_format (0.00s)
    --- PASS: TestDomainPatternRegexComprehensive/multiple_hyphens_in_middle (0.00s)
    --- PASS: TestDomainPatternRegexComprehensive/many_hyphens (0.00s)
=== RUN   TestValidateSafeOutputsAllowedDomainsIntegration
=== RUN   TestValidateSafeOutputsAllowedDomainsIntegration/typical_configuration
=== RUN   TestValidateSafeOutputsAllowedDomainsIntegration/multi-repository_configuration
=== RUN   TestValidateSafeOutputsAllowedDomainsIntegration/CDN_and_API_domains
=== RUN   TestValidateSafeOutputsAllowedDomainsIntegration/configuration_with_error_in_list
--- PASS: TestValidateSafeOutputsAllowedDomainsIntegration (0.00s)
    --- PASS: TestValidateSafeOutputsAllowedDomainsIntegration/typical_configuration (0.00s)
    --- PASS: TestValidateSafeOutputsAllowedDomainsIntegration/multi-repository_configuration (0.00s)
    --- PASS: TestValidateSafeOutputsAllowedDomainsIntegration/CDN_and_API_domains (0.00s)
    --- PASS: TestValidateSafeOutputsAllowedDomainsIntegration/configuration_with_error_in_list (0.00s)
=== RUN   TestSafeOutputsConfigUsesWorkflowInputEnvVarsForDynamicAllowedRepos
/tmp/gh-aw-test-runs/20260704-173215-1254793/safe-outputs-dynamic-allowed-repos3937020378/dynamic-safe-outputs.md: info: Tip: set permissions.copilot-requests: write to use GitHub Actions token-based inference with the Copilot engine instead of a personal access token (COPILOT_GITHUB_TOKEN). This option requires that your organization has centralized Copilot billing enabled and may not be available in all organizations — see https://github.github.com/gh-aw/reference/billing/ for details.

✓ /tmp/gh-aw-test-runs/20260704-173215-1254793/safe-outputs-dynamic-allowed-repos3937020378/dynamic-safe-outputs.md (101.9 KB)
--- PASS: TestSafeOutputsConfigUsesWorkflowInputEnvVarsForDynamicAllowedRepos (0.02s)
=== RUN   TestSafeOutputsConfigPreservesSecretPlaceholdersOnDisk
/tmp/gh-aw-test-runs/20260704-173215-1254793/safe-outputs-secret-placeholders4199989893/secret-safe-outputs.md: info: Tip: set permissions.copilot-requests: write to use GitHub Actions token-based inference with the Copilot engine instead of a personal access token (COPILOT_GITHUB_TOKEN). This option requires that your organization has centralized Copilot billing enabled and may not be available in all organizations — see https://github.github.com/gh-aw/reference/billing/ for details.

/tmp/gh-aw-test-runs/20260704-173215-1254793/safe-outputs-secret-placeholders4199989893/secret-safe-outputs.md: warning: safe update mode detected unapproved changes

New restricted secret(s):
  - WRITE_PROJECT_PAT

Remediation options:
  1. Use the --approve flag to allow the changes.
  2. Revert the unapproved changes.
  3. Use an interactive coding agent to review and approve the changes.

✓ /tmp/gh-aw-test-runs/20260704-173215-1254793/safe-outputs-secret-placeholders4199989893/secret-safe-outputs.md (98.3 KB)
--- PASS: TestSafeOutputsConfigPreservesSecretPlaceholdersOnDisk (0.01s)
=== RUN   TestHasSafeOutputTypeNewKeys
=== RUN   TestHasSafeOutputTypeNewKeys/create-issue
=== RUN   TestHasSafeOutputTypeNewKeys/create-discussion
=== RUN   TestHasSafeOutputTypeNewKeys/close-discussion
=== RUN   TestHasSafeOutputTypeNewKeys/close-issue
=== RUN   TestHasSafeOutputTypeNewKeys/close-pull-request
=== RUN   TestHasSafeOutputTypeNewKeys/add-comment
=== RUN   TestHasSafeOutputTypeNewKeys/create-pull-request
=== RUN   TestHasSafeOutputTypeNewKeys/create-pull-request-review-comment
=== RUN   TestHasSafeOutputTypeNewKeys/submit-pull-request-review
=== RUN   TestHasSafeOutputTypeNewKeys/reply-to-pull-request-review-comment
=== RUN   TestHasSafeOutputTypeNewKeys/resolve-pull-request-review-thread
=== RUN   TestHasSafeOutputTypeNewKeys/create-code-scanning-alert
=== RUN   TestHasSafeOutputTypeNewKeys/add-labels
=== RUN   TestHasSafeOutputTypeNewKeys/remove-labels
=== RUN   TestHasSafeOutputTypeNewKeys/add-reviewer
=== RUN   TestHasSafeOutputTypeNewKeys/assign-milestone
=== RUN   TestHasSafeOutputTypeNewKeys/assign-to-agent
=== RUN   TestHasSafeOutputTypeNewKeys/update-issue
=== RUN   TestHasSafeOutputTypeNewKeys/update-pull-request
=== RUN   TestHasSafeOutputTypeNewKeys/merge-pull-request
=== RUN   TestHasSafeOutputTypeNewKeys/push-to-pull-request-branch
=== RUN   TestHasSafeOutputTypeNewKeys/upload-asset
=== RUN   TestHasSafeOutputTypeNewKeys/upload-artifact
=== RUN   TestHasSafeOutputTypeNewKeys/update-release
=== RUN   TestHasSafeOutputTypeNewKeys/create-agent-session
=== RUN   TestHasSafeOutputTypeNewKeys/create-agent-task
=== RUN   TestHasSafeOutputTypeNewKeys/update-project
=== RUN   TestHasSafeOutputTypeNewKeys/update-discussion
=== RUN   TestHasSafeOutputTypeNewKeys/mark-pull-request-as-ready-for-review
=== RUN   TestHasSafeOutputTypeNewKeys/autofix-code-scanning-alert
=== RUN   TestHasSafeOutputTypeNewKeys/assign-to-user
=== RUN   TestHasSafeOutputTypeNewKeys/unassign-from-user
=== RUN   TestHasSafeOutputTypeNewKeys/create-project
=== RUN   TestHasSafeOutputTypeNewKeys/create-project-status-update
=== RUN   TestHasSafeOutputTypeNewKeys/link-sub-issue
=== RUN   TestHasSafeOutputTypeNewKeys/hide-comment
=== RUN   TestHasSafeOutputTypeNewKeys/set-issue-type
=== RUN   TestHasSafeOutputTypeNewKeys/set-issue-field
=== RUN   TestHasSafeOutputTypeNewKeys/dispatch-workflow
=== RUN   TestHasSafeOutputTypeNewKeys/call-workflow
=== RUN   TestHasSafeOutputTypeNewKeys/missing-data
=== RUN   TestHasSafeOutputTypeNewKeys/missing-tool
=== RUN   TestHasSafeOutputTypeNewKeys/noop
=== RUN   TestHasSafeOutputTypeNewKeys/report-incomplete
=== RUN   TestHasSafeOutputTypeNewKeys/threat-detection
--- PASS: TestHasSafeOutputTypeNewKeys (0.00s)
    --- PASS: TestHasSafeOutputTypeNewKeys/create-issue (0.00s)
    --- PASS: TestHasSafeOutputTypeNewKeys/create-discussion (0.00s)
    --- PASS: TestHasSafeOutputTypeNewKeys/close-discussion (0.00s)
    --- PASS: TestHasSafeOutputTypeNewKeys/close-issue (0.00s)
    --- PASS: TestHasSafeOutputTypeNewKeys/close-pull-request (0.00s)
    --- PASS: TestHasSafeOutputTypeNewKeys/add-comment (0.00s)
    --- PASS: TestHasSafeOutputTypeNewKeys/create-pull-request (0.00s)
    --- PASS: TestHasSafeOutputTypeNewKeys/create-pull-request-review-comment (0.00s)
    --- PASS: TestHasSafeOutputTypeNewKeys/submit-pull-request-review (0.00s)
    --- PASS: TestHasSafeOutputTypeNewKeys/reply-to-pull-request-review-comment (0.00s)
    --- PASS: TestHasSafeOutputTypeNewKeys/resolve-pull-request-review-thread (0.00s)
    --- PASS: TestHasSafeOutputTypeNewKeys/create-code-scanning-alert (0.00s)
    --- PASS: TestHasSafeOutputTypeNewKeys/add-labels (0.00s)
    --- PASS: TestHasSafeOutputTypeNewKeys/remove-labels (0.00s)
    --- PASS: TestHasSafeOutputTypeNewKeys/add-reviewer (0.00s)
    --- PASS: TestHasSafeOutputTypeNewKeys/assign-milestone (0.00s)
    --- PASS: TestHasSafeOutputTypeNewKeys/assign-to-agent (0.00s)
    --- PASS: TestHasSafeOutputTypeNewKeys/update-issue (0.00s)
    --- PASS: TestHasSafeOutputTypeNewKeys/update-pull-request (0.00s)
    --- PASS: TestHasSafeOutputTypeNewKeys/merge-pull-request (0.00s)
    --- PASS: TestHasSafeOutputTypeNewKeys/push-to-pull-request-branch (0.00s)
    --- PASS: TestHasSafeOutputTypeNewKeys/upload-asset (0.00s)
    --- PASS: TestHasSafeOutputTypeNewKeys/upload-artifact (0.00s)
    --- PASS: TestHasSafeOutputTypeNewKeys/update-release (0.00s)
    --- PASS: TestHasSafeOutputTypeNewKeys/create-agent-session (0.00s)
    --- PASS: TestHasSafeOutputTypeNewKeys/create-agent-task (0.00s)
    --- PASS: TestHasSafeOutputTypeNewKeys/update-project (0.00s)
    --- PASS: TestHasSafeOutputTypeNewKeys/update-discussion (0.00s)
    --- PASS: TestHasSafeOutputTypeNewKeys/mark-pull-request-as-ready-for-review (0.00s)
    --- PASS: TestHasSafeOutputTypeNewKeys/autofix-code-scanning-alert (0.00s)
    --- PASS: TestHasSafeOutputTypeNewKeys/assign-to-user (0.00s)
    --- PASS: TestHasSafeOutputTypeNewKeys/unassign-from-user (0.00s)
    --- PASS: TestHasSafeOutputTypeNewKeys/create-project (0.00s)
    --- PASS: TestHasSafeOutputTypeNewKeys/create-project-status-update (0.00s)
    --- PASS: TestHasSafeOutputTypeNewKeys/link-sub-issue (0.00s)
    --- PASS: TestHasSafeOutputTypeNewKeys/hide-comment (0.00s)
    --- PASS: TestHasSafeOutputTypeNewKeys/set-issue-type (0.00s)
    --- PASS: TestHasSafeOutputTypeNewKeys/set-issue-field (0.00s)
    --- PASS: TestHasSafeOutputTypeNewKeys/dispatch-workflow (0.00s)
    --- PASS: TestHasSafeOutputTypeNewKeys/call-workflow (0.00s)
    --- PASS: TestHasSafeOutputTypeNewKeys/missing-data (0.00s)
    --- PASS: TestHasSafeOutputTypeNewKeys/missing-tool (0.00s)
    --- PASS: TestHasSafeOutputTypeNewKeys/noop (0.00s)
    --- PASS: TestHasSafeOutputTypeNewKeys/report-incomplete (0.00s)
    --- PASS: TestHasSafeOutputTypeNewKeys/threat-detection (0.00s)
=== RUN   TestSafeOutputsConfigYAMLTags
--- PASS: TestSafeOutputsConfigYAMLTags (0.00s)
=== RUN   TestMergeSafeOutputsMetaFieldsUnit
=== RUN   TestMergeSafeOutputsMetaFieldsUnit/Footer_imported_when_nil_in_main
=== RUN   TestMergeSafeOutputsMetaFieldsUnit/Footer_not_overridden_when_set_in_main
=== RUN   TestMergeSafeOutputsMetaFieldsUnit/AllowGitHubReferences_imported_when_empty_in_main
=== RUN   TestMergeSafeOutputsMetaFieldsUnit/AllowGitHubReferences_not_overridden_when_set_in_main
=== RUN   TestMergeSafeOutputsMetaFieldsUnit/URLs_policy_imported_when_empty_in_main
=== RUN   TestMergeSafeOutputsMetaFieldsUnit/URLs_policy_not_overridden_when_set_in_main
=== RUN   TestMergeSafeOutputsMetaFieldsUnit/GroupReports_imported_when_false_in_main
=== RUN   TestMergeSafeOutputsMetaFieldsUnit/GroupReports_not_overridden_when_true_in_main
=== RUN   TestMergeSafeOutputsMetaFieldsUnit/MaxBotMentions_imported_when_nil_in_main
=== RUN   TestMergeSafeOutputsMetaFieldsUnit/MaxBotMentions_not_overridden_when_set_in_main
=== RUN   TestMergeSafeOutputsMetaFieldsUnit/Mentions_imported_when_nil_in_main
=== RUN   TestMergeSafeOutputsMetaFieldsUnit/Mentions_not_overridden_when_set_in_main
--- PASS: TestMergeSafeOutputsMetaFieldsUnit (0.00s)
    --- PASS: TestMergeSafeOutputsMetaFieldsUnit/Footer_imported_when_nil_in_main (0.00s)
    --- PASS: TestMergeSafeOutputsMetaFieldsUnit/Footer_not_overridden_when_set_in_main (0.00s)
    --- PASS: TestMergeSafeOutputsMetaFieldsUnit/AllowGitHubReferences_imported_when_empty_in_main (0.00s)
    --- PASS: TestMergeSafeOutputsMetaFieldsUnit/AllowGitHubReferences_not_overridden_when_set_in_main (0.00s)
    --- PASS: TestMergeSafeOutputsMetaFieldsUnit/URLs_policy_imported_when_empty_in_main (0.00s)
    --- PASS: TestMergeSafeOutputsMetaFieldsUnit/URLs_policy_not_overridden_when_set_in_main (0.00s)
    --- PASS: TestMergeSafeOutputsMetaFieldsUnit/GroupReports_imported_when_false_in_main (0.00s)
    --- PASS: TestMergeSafeOutputsMetaFieldsUnit/GroupReports_not_overridden_when_true_in_main (0.00s)
    --- PASS: TestMergeSafeOutputsMetaFieldsUnit/MaxBotMentions_imported_when_nil_in_main (0.00s)
    --- PASS: TestMergeSafeOutputsMetaFieldsUnit/MaxBotMentions_not_overridden_when_set_in_main (0.00s)
    --- PASS: TestMergeSafeOutputsMetaFieldsUnit/Mentions_imported_when_nil_in_main (0.00s)
    --- PASS: TestMergeSafeOutputsMetaFieldsUnit/Mentions_not_overridden_when_set_in_main (0.00s)
=== RUN   TestMergeProtectedFilesExcludeAsSet
=== RUN   TestMergeProtectedFilesExcludeAsSet/create-pull-request_exclude_merged_from_import_when_top_has_none
=== RUN   TestMergeProtectedFilesExcludeAsSet/create-pull-request_exclude_merged_as_set_when_both_define_it
=== RUN   TestMergeProtectedFilesExcludeAsSet/push-to-pull-request-branch_exclude_merged_from_import_when_top_has_none
=== RUN   TestMergeProtectedFilesExcludeAsSet/deduplication:_same_item_not_added_twice
--- PASS: TestMergeProtectedFilesExcludeAsSet (0.00s)
    --- PASS: TestMergeProtectedFilesExcludeAsSet/create-pull-request_exclude_merged_from_import_when_top_has_none (0.00s)
    --- PASS: TestMergeProtectedFilesExcludeAsSet/create-pull-request_exclude_merged_as_set_when_both_define_it (0.00s)
    --- PASS: TestMergeProtectedFilesExcludeAsSet/push-to-pull-request-branch_exclude_merged_from_import_when_top_has_none (0.00s)
    --- PASS: TestMergeProtectedFilesExcludeAsSet/deduplication:_same_item_not_added_twice (0.00s)
=== RUN   TestFooterConfiguration
--- PASS: TestFooterConfiguration (0.00s)
=== RUN   TestAddCommentFooterConfiguration
=== RUN   TestAddCommentFooterConfiguration/footer:_false_on_add-comment
=== RUN   TestAddCommentFooterConfiguration/global_footer:_false_propagates_to_add-comment
--- PASS: TestAddCommentFooterConfiguration (0.00s)
    --- PASS: TestAddCommentFooterConfiguration/footer:_false_on_add-comment (0.00s)
    --- PASS: TestAddCommentFooterConfiguration/global_footer:_false_propagates_to_add-comment (0.00s)
=== RUN   TestGlobalFooterConfiguration
=== RUN   TestGlobalFooterConfiguration/global_footer:_false_applies_to_all_handlers
=== RUN   TestGlobalFooterConfiguration/local_footer_overrides_global_footer
--- PASS: TestGlobalFooterConfiguration (0.00s)
    --- PASS: TestGlobalFooterConfiguration/global_footer:_false_applies_to_all_handlers (0.00s)
    --- PASS: TestGlobalFooterConfiguration/local_footer_overrides_global_footer (0.00s)
=== RUN   TestFooterInHandlerConfig
--- PASS: TestFooterInHandlerConfig (0.00s)
=== RUN   TestHandlerManagerGitHubTokenEnvVarForCrossRepo
=== RUN   TestHandlerManagerGitHubTokenEnvVarForCrossRepo/create-pull-request_with_safe-outputs_github-token
=== RUN   TestHandlerManagerGitHubTokenEnvVarForCrossRepo/create-pull-request_with_per-config_github-token
=== RUN   TestHandlerManagerGitHubTokenEnvVarForCrossRepo/push-to-pull-request-branch_with_safe-outputs_github-token
=== RUN   TestHandlerManagerGitHubTokenEnvVarForCrossRepo/create-pull-request_without_custom_token_-_no_GITHUB_TOKEN_override
=== RUN   TestHandlerManagerGitHubTokenEnvVarForCrossRepo/push-to-pull-request-branch_per-config_token_takes_precedence_over_safe-outputs_token
=== RUN   TestHandlerManagerGitHubTokenEnvVarForCrossRepo/add-comment_without_patches_-_no_GITHUB_TOKEN_override
=== RUN   TestHandlerManagerGitHubTokenEnvVarForCrossRepo/create-pull-request_with_github-app_-_uses_minted_app_token
=== RUN   TestHandlerManagerGitHubTokenEnvVarForCrossRepo/per-config_github-token_overrides_github-app_token
--- PASS: TestHandlerManagerGitHubTokenEnvVarForCrossRepo (0.01s)
    --- PASS: TestHandlerManagerGitHubTokenEnvVarForCrossRepo/create-pull-request_with_safe-outputs_github-token (0.00s)
    --- PASS: TestHandlerManagerGitHubTokenEnvVarForCrossRepo/create-pull-request_with_per-config_github-token (0.00s)
    --- PASS: TestHandlerManagerGitHubTokenEnvVarForCrossRepo/push-to-pull-request-branch_with_safe-outputs_github-token (0.00s)
    --- PASS: TestHandlerManagerGitHubTokenEnvVarForCrossRepo/create-pull-request_without_custom_token_-_no_GITHUB_TOKEN_override (0.00s)
    --- PASS: TestHandlerManagerGitHubTokenEnvVarForCrossRepo/push-to-pull-request-branch_per-config_token_takes_precedence_over_safe-outputs_token (0.00s)
    --- PASS: TestHandlerManagerGitHubTokenEnvVarForCrossRepo/add-comment_without_patches_-_no_GITHUB_TOKEN_override (0.00s)
    --- PASS: TestHandlerManagerGitHubTokenEnvVarForCrossRepo/create-pull-request_with_github-app_-_uses_minted_app_token (0.00s)
    --- PASS: TestHandlerManagerGitHubTokenEnvVarForCrossRepo/per-config_github-token_overrides_github-app_token (0.00s)
=== RUN   TestHandlerManagerProjectGitHubTokenEnvVar
=== RUN   TestHandlerManagerProjectGitHubTokenEnvVar/update-project_with_custom_github-token
=== RUN   TestHandlerManagerProjectGitHubTokenEnvVar/update-project_without_custom_github-token_(uses_GH_AW_PROJECT_GITHUB_TOKEN)
=== RUN   TestHandlerManagerProjectGitHubTokenEnvVar/update-project_with_safe-outputs_github-token
=== RUN   TestHandlerManagerProjectGitHubTokenEnvVar/create-project-status-update_with_custom_github-token
=== RUN   TestHandlerManagerProjectGitHubTokenEnvVar/create-project_with_custom_github-token_(no_project_URL)
=== RUN   TestHandlerManagerProjectGitHubTokenEnvVar/multiple_project_configs_-_update-project_takes_precedence
=== RUN   TestHandlerManagerProjectGitHubTokenEnvVar/no_project_configs_-_no_token_set
--- PASS: TestHandlerManagerProjectGitHubTokenEnvVar (0.01s)
    --- PASS: TestHandlerManagerProjectGitHubTokenEnvVar/update-project_with_custom_github-token (0.00s)
    --- PASS: TestHandlerManagerProjectGitHubTokenEnvVar/update-project_without_custom_github-token_(uses_GH_AW_PROJECT_GITHUB_TOKEN) (0.00s)
    --- PASS: TestHandlerManagerProjectGitHubTokenEnvVar/update-project_with_safe-outputs_github-token (0.00s)
    --- PASS: TestHandlerManagerProjectGitHubTokenEnvVar/create-project-status-update_with_custom_github-token (0.00s)
    --- PASS: TestHandlerManagerProjectGitHubTokenEnvVar/create-project_with_custom_github-token_(no_project_URL) (0.00s)
    --- PASS: TestHandlerManagerProjectGitHubTokenEnvVar/multiple_project_configs_-_update-project_takes_precedence (0.00s)
    --- PASS: TestHandlerManagerProjectGitHubTokenEnvVar/no_project_configs_-_no_token_set (0.00s)
=== RUN   TestSafeOutputsImport
--- PASS: TestSafeOutputsImport (0.00s)
=== RUN   TestSafeOutputsImportMultipleTypes
--- PASS: TestSafeOutputsImportMultipleTypes (0.00s)
=== RUN   TestSafeOutputsImportOverride
--- PASS: TestSafeOutputsImportOverride (0.00s)
=== RUN   TestSafeOutputsImportConflictBetweenImports
--- PASS: TestSafeOutputsImportConflictBetweenImports (0.00s)
=== RUN   TestSafeOutputsImportNoConflictDifferentTypes
--- PASS: TestSafeOutputsImportNoConflictDifferentTypes (0.00s)
=== RUN   TestSafeOutputsImportFromMultipleWorkflows
--- PASS: TestSafeOutputsImportFromMultipleWorkflows (0.00s)
=== RUN   TestSafeOutputsImportMergePullRequestType
--- PASS: TestSafeOutputsImportMergePullRequestType (0.00s)
=== RUN   TestMergeSafeOutputsUnit
=== RUN   TestMergeSafeOutputsUnit/empty_imports
=== RUN   TestMergeSafeOutputsUnit/import_create-issue_to_empty_config
=== RUN   TestMergeSafeOutputsUnit/override:_main_workflow_overrides_imported_create-issue
=== RUN   TestMergeSafeOutputsUnit/conflict:_same_type_in_multiple_imports
=== RUN   TestMergeSafeOutputsUnit/no_conflict:_different_types
=== RUN   TestMergeSafeOutputsUnit/import_multiple_types_from_single_config
=== RUN   TestMergeSafeOutputsUnit/import_merge-pull-request_to_empty_config
--- PASS: TestMergeSafeOutputsUnit (0.00s)
    --- PASS: TestMergeSafeOutputsUnit/empty_imports (0.00s)
    --- PASS: TestMergeSafeOutputsUnit/import_create-issue_to_empty_config (0.00s)
    --- PASS: TestMergeSafeOutputsUnit/override:_main_workflow_overrides_imported_create-issue (0.00s)
    --- PASS: TestMergeSafeOutputsUnit/conflict:_same_type_in_multiple_imports (0.00s)
    --- PASS: TestMergeSafeOutputsUnit/no_conflict:_different_types (0.00s)
    --- PASS: TestMergeSafeOutputsUnit/import_multiple_types_from_single_config (0.00s)
    --- PASS: TestMergeSafeOutputsUnit/import_merge-pull-request_to_empty_config (0.00s)
=== RUN   TestMergeSafeOutputsDescriptorMergedFieldsUnit
=== RUN   TestMergeSafeOutputsDescriptorMergedFieldsUnit/imports_unassign-from-user
=== RUN   TestMergeSafeOutputsDescriptorMergedFieldsUnit/imports_dispatch_repository
--- PASS: TestMergeSafeOutputsDescriptorMergedFieldsUnit (0.00s)
    --- PASS: TestMergeSafeOutputsDescriptorMergedFieldsUnit/imports_unassign-from-user (0.00s)
    --- PASS: TestMergeSafeOutputsDescriptorMergedFieldsUnit/imports_dispatch_repository (0.00s)
=== RUN   TestMergeSafeOutputsMessagesUnit
=== RUN   TestMergeSafeOutputsMessagesUnit/import_messages_to_empty_config
=== RUN   TestMergeSafeOutputsMessagesUnit/import_messages_to_config_with_nil_messages
=== RUN   TestMergeSafeOutputsMessagesUnit/main_messages_take_precedence_over_imported
=== RUN   TestMergeSafeOutputsMessagesUnit/field-level_merge:_main_overrides_specific_fields
=== RUN   TestMergeSafeOutputsMessagesUnit/merge_from_multiple_imports
--- PASS: TestMergeSafeOutputsMessagesUnit (0.00s)
    --- PASS: TestMergeSafeOutputsMessagesUnit/import_messages_to_empty_config (0.00s)
    --- PASS: TestMergeSafeOutputsMessagesUnit/import_messages_to_config_with_nil_messages (0.00s)
    --- PASS: TestMergeSafeOutputsMessagesUnit/main_messages_take_precedence_over_imported (0.00s)
    --- PASS: TestMergeSafeOutputsMessagesUnit/field-level_merge:_main_overrides_specific_fields (0.00s)
    --- PASS: TestMergeSafeOutputsMessagesUnit/merge_from_multiple_imports (0.00s)
=== RUN   TestSafeOutputsImportMetaFields
--- PASS: TestSafeOutputsImportMetaFields (0.00s)
=== RUN   TestSafeOutputsImportMetaFieldsMainTakesPrecedence
--- PASS: TestSafeOutputsImportMetaFieldsMainTakesPrecedence (0.00s)
=== RUN   TestSafeOutputsImportMetaFieldsFromOnlyImport
--- PASS: TestSafeOutputsImportMetaFieldsFromOnlyImport (0.01s)
=== RUN   TestSafeOutputsImportJobsFromSharedWorkflow
--- PASS: TestSafeOutputsImportJobsFromSharedWorkflow (0.01s)
=== RUN   TestSafeOutputsImportJobsWithMainWorkflowJobs
--- PASS: TestSafeOutputsImportJobsWithMainWorkflowJobs (0.01s)
=== RUN   TestSafeOutputsImportJobsConflict
--- PASS: TestSafeOutputsImportJobsConflict (0.00s)
=== RUN   TestSafeOutputsImportMessagesFromSharedWorkflow
--- PASS: TestSafeOutputsImportMessagesFromSharedWorkflow (0.00s)
=== RUN   TestSafeOutputsImportMessagesMainOverrides
--- PASS: TestSafeOutputsImportMessagesMainOverrides (0.00s)
=== RUN   TestSafeOutputsImportMessagesWithNoMainSafeOutputs
--- PASS: TestSafeOutputsImportMessagesWithNoMainSafeOutputs (0.00s)
=== RUN   TestMergeSafeOutputsJobsNotMerged
--- PASS: TestMergeSafeOutputsJobsNotMerged (0.00s)
=== RUN   TestMergeSafeOutputsJobsSkippedWhenEmpty
--- PASS: TestMergeSafeOutputsJobsSkippedWhenEmpty (0.00s)
=== RUN   TestMergeSafeOutputsErrorPropagation
=== RUN   TestMergeSafeOutputsErrorPropagation/valid_JSON_should_not_error
=== RUN   TestMergeSafeOutputsErrorPropagation/malformed_JSON_should_be_skipped_gracefully
=== RUN   TestMergeSafeOutputsErrorPropagation/conflicting_safe-output_types_should_error
--- PASS: TestMergeSafeOutputsErrorPropagation (0.00s)
    --- PASS: TestMergeSafeOutputsErrorPropagation/valid_JSON_should_not_error (0.00s)
    --- PASS: TestMergeSafeOutputsErrorPropagation/malformed_JSON_should_be_skipped_gracefully (0.00s)
    --- PASS: TestMergeSafeOutputsErrorPropagation/conflicting_safe-output_types_should_error (0.00s)
=== RUN   TestMergeSafeOutputsWithJobsIntegration
--- PASS: TestMergeSafeOutputsWithJobsIntegration (0.01s)
=== RUN   TestProjectSafeOutputsImport
--- PASS: TestProjectSafeOutputsImport (0.00s)
=== RUN   TestAllMissingSafeOutputTypesImport
--- PASS: TestAllMissingSafeOutputTypesImport (0.00s)
=== RUN   TestSafeOutputsImportMessagesAllFields
--- PASS: TestSafeOutputsImportMessagesAllFields (0.00s)
=== RUN   TestSafeOutputsImportMessagesAllFieldsPartialOverride
--- PASS: TestSafeOutputsImportMessagesAllFieldsPartialOverride (0.00s)
=== RUN   TestMergeSafeOutputsThreatDetectionExplicitDisableNotOverridden
--- PASS: TestMergeSafeOutputsThreatDetectionExplicitDisableNotOverridden (0.00s)
=== RUN   TestMergeSafeOutputsThreatDetectionImportedWhenExplicit
--- PASS: TestMergeSafeOutputsThreatDetectionImportedWhenExplicit (0.00s)
=== RUN   TestSafeOutputsImportDoesNotReenableThreatDetection
--- PASS: TestSafeOutputsImportDoesNotReenableThreatDetection (0.00s)
=== RUN   TestSafeOutputsDifferentTypesFromImportsMerged
--- PASS: TestSafeOutputsDifferentTypesFromImportsMerged (0.00s)
=== RUN   TestSafeOutputsAutoDefaultableTypesImportedWhenMainHasNone
--- PASS: TestSafeOutputsAutoDefaultableTypesImportedWhenMainHasNone (0.00s)
=== RUN   TestSafeOutputsMainExplicitAutoDefaultableTypeOverridesImport
--- PASS: TestSafeOutputsMainExplicitAutoDefaultableTypeOverridesImport (0.00s)
=== RUN   TestSafeOutputsMultipleImportsEachContributeAutoDefaultableType
--- PASS: TestSafeOutputsMultipleImportsEachContributeAutoDefaultableType (0.00s)
=== RUN   TestSafeOutputsNeedsMergedFromImports
main.md: info: Tip: set permissions.copilot-requests: write to use GitHub Actions token-based inference with the Copilot engine instead of a personal access token (COPILOT_GITHUB_TOKEN). This option requires that your organization has centralized Copilot billing enabled and may not be available in all organizations — see https://github.github.com/gh-aw/reference/billing/ for details.

✓ main.md (99.4 KB)
--- PASS: TestSafeOutputsNeedsMergedFromImports (0.04s)
=== RUN   TestSafeOutputsMaxConfiguration
=== RUN   TestSafeOutputsMaxConfiguration/Default_configuration_should_use_max:_1
=== RUN   TestSafeOutputsMaxConfiguration/Explicit_max_values_should_be_used
=== RUN   TestSafeOutputsMaxConfiguration/Complete_configuration_with_all_options
--- PASS: TestSafeOutputsMaxConfiguration (0.00s)
    --- PASS: TestSafeOutputsMaxConfiguration/Default_configuration_should_use_max:_1 (0.00s)
    --- PASS: TestSafeOutputsMaxConfiguration/Explicit_max_values_should_be_used (0.00s)
    --- PASS: TestSafeOutputsMaxConfiguration/Complete_configuration_with_all_options (0.00s)
=== RUN   TestValidateSafeOutputsMax
=== RUN   TestValidateSafeOutputsMax/nil_config_is_valid
=== RUN   TestValidateSafeOutputsMax/config_with_no_max_fields_is_valid
=== RUN   TestValidateSafeOutputsMax/max_of_1_is_valid
=== RUN   TestValidateSafeOutputsMax/max_of_5_is_valid
=== RUN   TestValidateSafeOutputsMax/max_of_-1_is_valid_(unlimited)
=== RUN   TestValidateSafeOutputsMax/max_of_0_is_invalid
=== RUN   TestValidateSafeOutputsMax/max_of_-2_is_invalid
=== RUN   TestValidateSafeOutputsMax/max_as_GitHub_Actions_expression_is_skipped
=== RUN   TestValidateSafeOutputsMax/nil_max_is_valid
=== RUN   TestValidateSafeOutputsMax/dispatch_repository_tool_max_of_0_is_invalid
=== RUN   TestValidateSafeOutputsMax/dispatch_repository_tool_max_of_-1_is_valid_(unlimited)
=== RUN   TestValidateSafeOutputsMax/dispatch_repository_tool_max_of_1_is_valid
=== RUN   TestValidateSafeOutputsMax/dispatch_repository_tool_max_as_expression_is_skipped
=== RUN   TestValidateSafeOutputsMax/multiple_configs_with_one_invalid_returns_error
--- PASS: TestValidateSafeOutputsMax (0.00s)
    --- PASS: TestValidateSafeOutputsMax/nil_config_is_valid (0.00s)
    --- PASS: TestValidateSafeOutputsMax/config_with_no_max_fields_is_valid (0.00s)
    --- PASS: TestValidateSafeOutputsMax/max_of_1_is_valid (0.00s)
    --- PASS: TestValidateSafeOutputsMax/max_of_5_is_valid (0.00s)
    --- PASS: TestValidateSafeOutputsMax/max_of_-1_is_valid_(unlimited) (0.00s)
    --- PASS: TestValidateSafeOutputsMax/max_of_0_is_invalid (0.00s)
    --- PASS: TestValidateSafeOutputsMax/max_of_-2_is_invalid (0.00s)
    --- PASS: TestValidateSafeOutputsMax/max_as_GitHub_Actions_expression_is_skipped (0.00s)
    --- PASS: TestValidateSafeOutputsMax/nil_max_is_valid (0.00s)
    --- PASS: TestValidateSafeOutputsMax/dispatch_repository_tool_max_of_0_is_invalid (0.00s)
    --- PASS: TestValidateSafeOutputsMax/dispatch_repository_tool_max_of_-1_is_valid_(unlimited) (0.00s)
    --- PASS: TestValidateSafeOutputsMax/dispatch_repository_tool_max_of_1_is_valid (0.00s)
    --- PASS: TestValidateSafeOutputsMax/dispatch_repository_tool_max_as_expression_is_skipped (0.00s)
    --- PASS: TestValidateSafeOutputsMax/multiple_configs_with_one_invalid_returns_error (0.00s)
=== RUN   TestValidateSafeOutputsMaxFieldCoverage
=== RUN   TestValidateSafeOutputsMaxFieldCoverage/UpdateRelease
=== RUN   TestValidateSafeOutputsMaxFieldCoverage/MissingData
=== RUN   TestValidateSafeOutputsMaxFieldCoverage/CloseDiscussions
=== RUN   TestValidateSafeOutputsMaxFieldCoverage/AutofixCodeScanningAlert
=== RUN   TestValidateSafeOutputsMaxFieldCoverage/CreateCheckRun
=== RUN   TestValidateSafeOutputsMaxFieldCoverage/RemoveLabels
=== RUN   TestValidateSafeOutputsMaxFieldCoverage/UnassignFromUser
=== RUN   TestValidateSafeOutputsMaxFieldCoverage/UploadAssets
=== RUN   TestValidateSafeOutputsMaxFieldCoverage/CreateProjectStatusUpdates
=== RUN   TestValidateSafeOutputsMaxFieldCoverage/CloseIssues
=== RUN   TestValidateSafeOutputsMaxFieldCoverage/ClosePullRequests
=== RUN   TestValidateSafeOutputsMaxFieldCoverage/MarkPullRequestAsReadyForReview
=== RUN   TestValidateSafeOutputsMaxFieldCoverage/ReplaceLabel
=== RUN   TestValidateSafeOutputsMaxFieldCoverage/PushToPullRequestBranch
=== RUN   TestValidateSafeOutputsMaxFieldCoverage/UpdateProjects
=== RUN   TestValidateSafeOutputsMaxFieldCoverage/DispatchWorkflow
=== RUN   TestValidateSafeOutputsMaxFieldCoverage/MissingTool
=== RUN   TestValidateSafeOutputsMaxFieldCoverage/UpdateDiscussions
=== RUN   TestValidateSafeOutputsMaxFieldCoverage/SubmitPullRequestReview
=== RUN   TestValidateSafeOutputsMaxFieldCoverage/CreateCodeScanningAlerts
=== RUN   TestValidateSafeOutputsMaxFieldCoverage/AddLabels
=== RUN   TestValidateSafeOutputsMaxFieldCoverage/CreateProjects
=== RUN   TestValidateSafeOutputsMaxFieldCoverage/LinkSubIssue
=== RUN   TestValidateSafeOutputsMaxFieldCoverage/SetIssueField
=== RUN   TestValidateSafeOutputsMaxFieldCoverage/CreateDiscussions
=== RUN   TestValidateSafeOutputsMaxFieldCoverage/AddComments
=== RUN   TestValidateSafeOutputsMaxFieldCoverage/AssignToUser
=== RUN   TestValidateSafeOutputsMaxFieldCoverage/MergePullRequest
=== RUN   TestValidateSafeOutputsMaxFieldCoverage/CreatePullRequests
=== RUN   TestValidateSafeOutputsMaxFieldCoverage/HideComment
=== RUN   TestValidateSafeOutputsMaxFieldCoverage/CallWorkflow
=== RUN   TestValidateSafeOutputsMaxFieldCoverage/SetIssueType
=== RUN   TestValidateSafeOutputsMaxFieldCoverage/NoOp
=== RUN   TestValidateSafeOutputsMaxFieldCoverage/CreateIssues
=== RUN   TestValidateSafeOutputsMaxFieldCoverage/CreatePullRequestReviewComments
=== RUN   TestValidateSafeOutputsMaxFieldCoverage/ReplyToPullRequestReviewComment
=== RUN   TestValidateSafeOutputsMaxFieldCoverage/UpdateIssues
=== RUN   TestValidateSafeOutputsMaxFieldCoverage/UpdatePullRequests
=== RUN   TestValidateSafeOutputsMaxFieldCoverage/UploadArtifact
=== RUN   TestValidateSafeOutputsMaxFieldCoverage/CreateAgentSessions
=== RUN   TestValidateSafeOutputsMaxFieldCoverage/AddReviewer
=== RUN   TestValidateSafeOutputsMaxFieldCoverage/ResolvePullRequestReviewThread
=== RUN   TestValidateSafeOutputsMaxFieldCoverage/AssignMilestone
=== RUN   TestValidateSafeOutputsMaxFieldCoverage/AssignToAgent
--- PASS: TestValidateSafeOutputsMaxFieldCoverage (0.00s)
    --- PASS: TestValidateSafeOutputsMaxFieldCoverage/UpdateRelease (0.00s)
    --- PASS: TestValidateSafeOutputsMaxFieldCoverage/MissingData (0.00s)
    --- PASS: TestValidateSafeOutputsMaxFieldCoverage/CloseDiscussions (0.00s)
    --- PASS: TestValidateSafeOutputsMaxFieldCoverage/AutofixCodeScanningAlert (0.00s)
    --- PASS: TestValidateSafeOutputsMaxFieldCoverage/CreateCheckRun (0.00s)
    --- PASS: TestValidateSafeOutputsMaxFieldCoverage/RemoveLabels (0.00s)
    --- PASS: TestValidateSafeOutputsMaxFieldCoverage/UnassignFromUser (0.00s)
    --- PASS: TestValidateSafeOutputsMaxFieldCoverage/UploadAssets (0.00s)
    --- PASS: TestValidateSafeOutputsMaxFieldCoverage/CreateProjectStatusUpdates (0.00s)
    --- PASS: TestValidateSafeOutputsMaxFieldCoverage/CloseIssues (0.00s)
    --- PASS: TestValidateSafeOutputsMaxFieldCoverage/ClosePullRequests (0.00s)
    --- PASS: TestValidateSafeOutputsMaxFieldCoverage/MarkPullRequestAsReadyForReview (0.00s)
    --- PASS: TestValidateSafeOutputsMaxFieldCoverage/ReplaceLabel (0.00s)
    --- PASS: TestValidateSafeOutputsMaxFieldCoverage/PushToPullRequestBranch (0.00s)
    --- PASS: TestValidateSafeOutputsMaxFieldCoverage/UpdateProjects (0.00s)
    --- PASS: TestValidateSafeOutputsMaxFieldCoverage/DispatchWorkflow (0.00s)
    --- PASS: TestValidateSafeOutputsMaxFieldCoverage/MissingTool (0.00s)
    --- PASS: TestValidateSafeOutputsMaxFieldCoverage/UpdateDiscussions (0.00s)
    --- PASS: TestValidateSafeOutputsMaxFieldCoverage/SubmitPullRequestReview (0.00s)
    --- PASS: TestValidateSafeOutputsMaxFieldCoverage/CreateCodeScanningAlerts (0.00s)
    --- PASS: TestValidateSafeOutputsMaxFieldCoverage/AddLabels (0.00s)
    --- PASS: TestValidateSafeOutputsMaxFieldCoverage/CreateProjects (0.00s)
    --- PASS: TestValidateSafeOutputsMaxFieldCoverage/LinkSubIssue (0.00s)
    --- PASS: TestValidateSafeOutputsMaxFieldCoverage/SetIssueField (0.00s)
    --- PASS: TestValidateSafeOutputsMaxFieldCoverage/CreateDiscussions (0.00s)
    --- PASS: TestValidateSafeOutputsMaxFieldCoverage/AddComments (0.00s)
    --- PASS: TestValidateSafeOutputsMaxFieldCoverage/AssignToUser (0.00s)
    --- PASS: TestValidateSafeOutputsMaxFieldCoverage/MergePullRequest (0.00s)
    --- PASS: TestValidateSafeOutputsMaxFieldCoverage/CreatePullRequests (0.00s)
    --- PASS: TestValidateSafeOutputsMaxFieldCoverage/HideComment (0.00s)
    --- PASS: TestValidateSafeOutputsMaxFieldCoverage/CallWorkflow (0.00s)
    --- PASS: TestValidateSafeOutputsMaxFieldCoverage/SetIssueType (0.00s)
    --- PASS: TestValidateSafeOutputsMaxFieldCoverage/NoOp (0.00s)
    --- PASS: TestValidateSafeOutputsMaxFieldCoverage/CreateIssues (0.00s)
    --- PASS: TestValidateSafeOutputsMaxFieldCoverage/CreatePullRequestReviewComments (0.00s)
    --- PASS: TestValidateSafeOutputsMaxFieldCoverage/ReplyToPullRequestReviewComment (0.00s)
    --- PASS: TestValidateSafeOutputsMaxFieldCoverage/UpdateIssues (0.00s)
    --- PASS: TestValidateSafeOutputsMaxFieldCoverage/UpdatePullRequests (0.00s)
    --- PASS: TestValidateSafeOutputsMaxFieldCoverage/UploadArtifact (0.00s)
    --- PASS: TestValidateSafeOutputsMaxFieldCoverage/CreateAgentSessions (0.00s)
    --- PASS: TestValidateSafeOutputsMaxFieldCoverage/AddReviewer (0.00s)
    --- PASS: TestValidateSafeOutputsMaxFieldCoverage/ResolvePullRequestReviewThread (0.00s)
    --- PASS: TestValidateSafeOutputsMaxFieldCoverage/AssignMilestone (0.00s)
    --- PASS: TestValidateSafeOutputsMaxFieldCoverage/AssignToAgent (0.00s)
=== RUN   TestValidateSafeOutputsMaxIntegration
=== RUN   TestValidateSafeOutputsMaxIntegration/max_of_0_is_rejected_during_config_extraction_via_compiler
=== RUN   TestValidateSafeOutputsMaxIntegration/max_of_-2_is_rejected_during_config_extraction_via_compiler
=== RUN   TestValidateSafeOutputsMaxIntegration/max_of_-1_passes_validation_(unlimited)
=== RUN   TestValidateSafeOutputsMaxIntegration/max_of_1_passes_validation
--- PASS: TestValidateSafeOutputsMaxIntegration (0.00s)
    --- PASS: TestValidateSafeOutputsMaxIntegration/max_of_0_is_rejected_during_config_extraction_via_compiler (0.00s)
    --- PASS: TestValidateSafeOutputsMaxIntegration/max_of_-2_is_rejected_during_config_extraction_via_compiler (0.00s)
    --- PASS: TestValidateSafeOutputsMaxIntegration/max_of_-1_passes_validation_(unlimited) (0.00s)
    --- PASS: TestValidateSafeOutputsMaxIntegration/max_of_1_passes_validation (0.00s)
=== RUN   TestParseMentionsConfig_Boolean
=== RUN   TestParseMentionsConfig_Boolean/mentions:_false
=== RUN   TestParseMentionsConfig_Boolean/mentions:_true
--- PASS: TestParseMentionsConfig_Boolean (0.00s)
    --- PASS: TestParseMentionsConfig_Boolean/mentions:_false (0.00s)
    --- PASS: TestParseMentionsConfig_Boolean/mentions:_true (0.00s)
=== RUN   TestParseMentionsConfig_Object
=== RUN   TestParseMentionsConfig_Object/full_config
=== RUN   TestParseMentionsConfig_Object/partial_config
=== RUN   TestParseMentionsConfig_Object/deprecated_allow-team-members_alias
=== RUN   TestParseMentionsConfig_Object/allowed_list_with_@_prefix_-_should_normalize
=== RUN   TestParseMentionsConfig_Object/allowed_list_with_mixed_@_prefix_-_should_normalize_all
=== RUN   TestParseMentionsConfig_Object/allowed-teams_with_org/team_format
=== RUN   TestParseMentionsConfig_Object/allowed-teams_with_team-slug_only
=== RUN   TestParseMentionsConfig_Object/allowed-teams_with_@_prefix_-_should_normalize
=== RUN   TestParseMentionsConfig_Object/full_config_with_allowed-teams
=== RUN   TestParseMentionsConfig_Object/max_as_float
=== RUN   TestParseMentionsConfig_Object/empty_object
--- PASS: TestParseMentionsConfig_Object (0.00s)
    --- PASS: TestParseMentionsConfig_Object/full_config (0.00s)
    --- PASS: TestParseMentionsConfig_Object/partial_config (0.00s)
    --- PASS: TestParseMentionsConfig_Object/deprecated_allow-team-members_alias (0.00s)
    --- PASS: TestParseMentionsConfig_Object/allowed_list_with_@_prefix_-_should_normalize (0.00s)
    --- PASS: TestParseMentionsConfig_Object/allowed_list_with_mixed_@_prefix_-_should_normalize_all (0.00s)
    --- PASS: TestParseMentionsConfig_Object/allowed-teams_with_org/team_format (0.00s)
    --- PASS: TestParseMentionsConfig_Object/allowed-teams_with_team-slug_only (0.00s)
    --- PASS: TestParseMentionsConfig_Object/allowed-teams_with_@_prefix_-_should_normalize (0.00s)
    --- PASS: TestParseMentionsConfig_Object/full_config_with_allowed-teams (0.00s)
    --- PASS: TestParseMentionsConfig_Object/max_as_float (0.00s)
    --- PASS: TestParseMentionsConfig_Object/empty_object (0.00s)
=== RUN   TestGenerateSafeOutputsConfig_WithMentions
=== RUN   TestGenerateSafeOutputsConfig_WithMentions/mentions_enabled_false
=== RUN   TestGenerateSafeOutputsConfig_WithMentions/mentions_enabled_true
=== RUN   TestGenerateSafeOutputsConfig_WithMentions/full_mentions_config
=== RUN   TestGenerateSafeOutputsConfig_WithMentions/allowed-teams_propagates_to_handler_config
=== RUN   TestGenerateSafeOutputsConfig_WithMentions/full_config_with_allowed-teams
--- PASS: TestGenerateSafeOutputsConfig_WithMentions (0.00s)
    --- PASS: TestGenerateSafeOutputsConfig_WithMentions/mentions_enabled_false (0.00s)
    --- PASS: TestGenerateSafeOutputsConfig_WithMentions/mentions_enabled_true (0.00s)
    --- PASS: TestGenerateSafeOutputsConfig_WithMentions/full_mentions_config (0.00s)
    --- PASS: TestGenerateSafeOutputsConfig_WithMentions/allowed-teams_propagates_to_handler_config (0.00s)
    --- PASS: TestGenerateSafeOutputsConfig_WithMentions/full_config_with_allowed-teams (0.00s)
=== RUN   TestExtractSafeOutputsConfig_WithMentions
=== RUN   TestExtractSafeOutputsConfig_WithMentions/mentions:_false
=== RUN   TestExtractSafeOutputsConfig_WithMentions/mentions:_true
=== RUN   TestExtractSafeOutputsConfig_WithMentions/mentions_object_config
=== RUN   TestExtractSafeOutputsConfig_WithMentions/mentions_with_@_prefix_-_should_normalize
=== RUN   TestExtractSafeOutputsConfig_WithMentions/mentions_with_mixed_@_prefix_-_should_normalize_all
=== RUN   TestExtractSafeOutputsConfig_WithMentions/mentions_with_allowed-teams
=== RUN   TestExtractSafeOutputsConfig_WithMentions/mentions_with_allowed-teams_@_prefix_-_should_normalize
--- PASS: TestExtractSafeOutputsConfig_WithMentions (0.00s)
    --- PASS: TestExtractSafeOutputsConfig_WithMentions/mentions:_false (0.00s)
    --- PASS: TestExtractSafeOutputsConfig_WithMentions/mentions:_true (0.00s)
    --- PASS: TestExtractSafeOutputsConfig_WithMentions/mentions_object_config (0.00s)
    --- PASS: TestExtractSafeOutputsConfig_WithMentions/mentions_with_@_prefix_-_should_normalize (0.00s)
    --- PASS: TestExtractSafeOutputsConfig_WithMentions/mentions_with_mixed_@_prefix_-_should_normalize_all (0.00s)
    --- PASS: TestExtractSafeOutputsConfig_WithMentions/mentions_with_allowed-teams (0.00s)
    --- PASS: TestExtractSafeOutputsConfig_WithMentions/mentions_with_allowed-teams_@_prefix_-_should_normalize (0.00s)
=== RUN   TestSafeOutputsMessagesConfiguration
=== RUN   TestSafeOutputsMessagesConfiguration/Should_parse_messages_configuration_in_safe-outputs
=== RUN   TestSafeOutputsMessagesConfiguration/Should_handle_partial_messages_configuration
=== RUN   TestSafeOutputsMessagesConfiguration/Should_handle_missing_messages_configuration
=== RUN   TestSafeOutputsMessagesConfiguration/Should_parse_body-header_message
--- PASS: TestSafeOutputsMessagesConfiguration (0.00s)
    --- PASS: TestSafeOutputsMessagesConfiguration/Should_parse_messages_configuration_in_safe-outputs (0.00s)
    --- PASS: TestSafeOutputsMessagesConfiguration/Should_handle_partial_messages_configuration (0.00s)
    --- PASS: TestSafeOutputsMessagesConfiguration/Should_handle_missing_messages_configuration (0.00s)
    --- PASS: TestSafeOutputsMessagesConfiguration/Should_parse_body-header_message (0.00s)
=== RUN   TestSerializeMessagesConfig
=== RUN   TestSerializeMessagesConfig/Should_serialize_nil_config_to_empty_string
=== RUN   TestSerializeMessagesConfig/Should_serialize_messages_config_to_JSON_with_camelCase_keys
=== RUN   TestSerializeMessagesConfig/Should_handle_empty_config_fields
=== RUN   TestSerializeMessagesConfig/Should_serialize_body-header_to_camelCase_JSON_key
--- PASS: TestSerializeMessagesConfig (0.00s)
    --- PASS: TestSerializeMessagesConfig/Should_serialize_nil_config_to_empty_string (0.00s)
    --- PASS: TestSerializeMessagesConfig/Should_serialize_messages_config_to_JSON_with_camelCase_keys (0.00s)
    --- PASS: TestSerializeMessagesConfig/Should_handle_empty_config_fields (0.00s)
    --- PASS: TestSerializeMessagesConfig/Should_serialize_body-header_to_camelCase_JSON_key (0.00s)
=== RUN   TestComputePermissionsForSafeOutputs
=== RUN   TestComputePermissionsForSafeOutputs/nil_safe_outputs_returns_empty_permissions
=== RUN   TestComputePermissionsForSafeOutputs/create-issue_only_-_no_discussions_permission
=== RUN   TestComputePermissionsForSafeOutputs/create-discussion_requires_discussions_permission
=== RUN   TestComputePermissionsForSafeOutputs/close-discussion_requires_discussions_permission
=== RUN   TestComputePermissionsForSafeOutputs/update-discussion_requires_discussions_permission
=== RUN   TestComputePermissionsForSafeOutputs/add-comment_default_-_includes_pull-requests,_excludes_discussions
=== RUN   TestComputePermissionsForSafeOutputs/add-comment_with_discussions:true_-_includes_discussions_permission
=== RUN   TestComputePermissionsForSafeOutputs/add-comment_with_discussions:false_-_no_discussions_permission
=== RUN   TestComputePermissionsForSafeOutputs/add-comment_with_pull-requests:false_-_no_pull-requests_permission_and_no_discussions_by_default
=== RUN   TestComputePermissionsForSafeOutputs/add-comment_with_issues:false_-_no_issues_permission_and_no_discussions_by_default
=== RUN   TestComputePermissionsForSafeOutputs/hide-comment_default_-_includes_discussions_permission
=== RUN   TestComputePermissionsForSafeOutputs/hide-comment_with_discussions:false_-_no_discussions_permission
=== RUN   TestComputePermissionsForSafeOutputs/add-labels_only_-_no_discussions_permission
=== RUN   TestComputePermissionsForSafeOutputs/remove-labels_only_-_no_discussions_permission
=== RUN   TestComputePermissionsForSafeOutputs/close-issue_only_-_no_discussions_permission
=== RUN   TestComputePermissionsForSafeOutputs/close-pull-request_only_-_no_discussions_permission
=== RUN   TestComputePermissionsForSafeOutputs/update-pull-request_without_update-branch_requires_contents_read
=== RUN   TestComputePermissionsForSafeOutputs/update-pull-request_with_update-branch_requires_contents_write
=== RUN   TestComputePermissionsForSafeOutputs/create-pull-request_with_fallback-as-issue_(default)_-_includes_issues_permission
=== RUN   TestComputePermissionsForSafeOutputs/create-pull-request_with_fallback-as-issue_false_-_no_issues_permission
=== RUN   TestComputePermissionsForSafeOutputs/push-to-pull-request-branch_default_fallback_-_requires_pull-requests_write_and_administration_read
=== RUN   TestComputePermissionsForSafeOutputs/push-to-pull-request-branch_with_fallback-as-pull-request_false_-_no_pull-requests_permission_but_administration_read
=== RUN   TestComputePermissionsForSafeOutputs/push-to-pull-request-branch_with_check-branch-protection_false_-_no_administration_permission
=== RUN   TestComputePermissionsForSafeOutputs/push-to-pull-request-branch_with_check-branch-protection_explicit_true_-_includes_administration_read
=== RUN   TestComputePermissionsForSafeOutputs/multiple_safe_outputs_without_discussions_-_no_discussions_permission
=== RUN   TestComputePermissionsForSafeOutputs/multiple_safe_outputs_with_one_discussion_-_includes_discussions_permission
=== RUN   TestComputePermissionsForSafeOutputs/upload-asset_requires_contents_read
=== RUN   TestComputePermissionsForSafeOutputs/create-code-scanning-alert_requires_security-events_write
=== RUN   TestComputePermissionsForSafeOutputs/autofix-code-scanning-alert_requires_security-events_and_actions
=== RUN   TestComputePermissionsForSafeOutputs/dispatch-workflow_requires_actions_write
=== RUN   TestComputePermissionsForSafeOutputs/create-project_requires_organization-projects_write_and_issues_read
=== RUN   TestComputePermissionsForSafeOutputs/update-project_requires_organization-projects_write_and_issues_read
=== RUN   TestComputePermissionsForSafeOutputs/update-project_does_not_downgrade_issues_write_required_by_comment_and_labels_handlers
--- PASS: TestComputePermissionsForSafeOutputs (0.00s)
    --- PASS: TestComputePermissionsForSafeOutputs/nil_safe_outputs_returns_empty_permissions (0.00s)
    --- PASS: TestComputePermissionsForSafeOutputs/create-issue_only_-_no_discussions_permission (0.00s)
    --- PASS: TestComputePermissionsForSafeOutputs/create-discussion_requires_discussions_permission (0.00s)
    --- PASS: TestComputePermissionsForSafeOutputs/close-discussion_requires_discussions_permission (0.00s)
    --- PASS: TestComputePermissionsForSafeOutputs/update-discussion_requires_discussions_permission (0.00s)
    --- PASS: TestComputePermissionsForSafeOutputs/add-comment_default_-_includes_pull-requests,_excludes_discussions (0.00s)
    --- PASS: TestComputePermissionsForSafeOutputs/add-comment_with_discussions:true_-_includes_discussions_permission (0.00s)
    --- PASS: TestComputePermissionsForSafeOutputs/add-comment_with_discussions:false_-_no_discussions_permission (0.00s)
    --- PASS: TestComputePermissionsForSafeOutputs/add-comment_with_pull-requests:false_-_no_pull-requests_permission_and_no_discussions_by_default (0.00s)
    --- PASS: TestComputePermissionsForSafeOutputs/add-comment_with_issues:false_-_no_issues_permission_and_no_discussions_by_default (0.00s)
    --- PASS: TestComputePermissionsForSafeOutputs/hide-comment_default_-_includes_discussions_permission (0.00s)
    --- PASS: TestComputePermissionsForSafeOutputs/hide-comment_with_discussions:false_-_no_discussions_permission (0.00s)
    --- PASS: TestComputePermissionsForSafeOutputs/add-labels_only_-_no_discussions_permission (0.00s)
    --- PASS: TestComputePermissionsForSafeOutputs/remove-labels_only_-_no_discussions_permission (0.00s)
    --- PASS: TestComputePermissionsForSafeOutputs/close-issue_only_-_no_discussions_permission (0.00s)
    --- PASS: TestComputePermissionsForSafeOutputs/close-pull-request_only_-_no_discussions_permission (0.00s)
    --- PASS: TestComputePermissionsForSafeOutputs/update-pull-request_without_update-branch_requires_contents_read (0.00s)
    --- PASS: TestComputePermissionsForSafeOutputs/update-pull-request_with_update-branch_requires_contents_write (0.00s)
    --- PASS: TestComputePermissionsForSafeOutputs/create-pull-request_with_fallback-as-issue_(default)_-_includes_issues_permission (0.00s)
    --- PASS: TestComputePermissionsForSafeOutputs/create-pull-request_with_fallback-as-issue_false_-_no_issues_permission (0.00s)
    --- PASS: TestComputePermissionsForSafeOutputs/push-to-pull-request-branch_default_fallback_-_requires_pull-requests_write_and_administration_read (0.00s)
    --- PASS: TestComputePermissionsForSafeOutputs/push-to-pull-request-branch_with_fallback-as-pull-request_false_-_no_pull-requests_permission_but_administration_read (0.00s)
    --- PASS: TestComputePermissionsForSafeOutputs/push-to-pull-request-branch_with_check-branch-protection_false_-_no_administration_permission (0.00s)
    --- PASS: TestComputePermissionsForSafeOutputs/push-to-pull-request-branch_with_check-branch-protection_explicit_true_-_includes_administration_read (0.00s)
    --- PASS: TestComputePermissionsForSafeOutputs/multiple_safe_outputs_without_discussions_-_no_discussions_permission (0.00s)
    --- PASS: TestComputePermissionsForSafeOutputs/multiple_safe_outputs_with_one_discussion_-_includes_discussions_permission (0.00s)
    --- PASS: TestComputePermissionsForSafeOutputs/upload-asset_requires_contents_read (0.00s)
    --- PASS: TestComputePermissionsForSafeOutputs/create-code-scanning-alert_requires_security-events_write (0.00s)
    --- PASS: TestComputePermissionsForSafeOutputs/autofix-code-scanning-alert_requires_security-events_and_actions (0.00s)
    --- PASS: TestComputePermissionsForSafeOutputs/dispatch-workflow_requires_actions_write (0.00s)
    --- PASS: TestComputePermissionsForSafeOutputs/create-project_requires_organization-projects_write_and_issues_read (0.00s)
    --- PASS: TestComputePermissionsForSafeOutputs/update-project_requires_organization-projects_write_and_issues_read (0.00s)
    --- PASS: TestComputePermissionsForSafeOutputs/update-project_does_not_downgrade_issues_write_required_by_comment_and_labels_handlers (0.00s)
=== RUN   TestComputePermissionsForSafeOutputs_NoOpAndMissingTool
--- PASS: TestComputePermissionsForSafeOutputs_NoOpAndMissingTool (0.00s)
=== RUN   TestStepsRequireIDToken
=== RUN   TestStepsRequireIDToken/nil_steps
=== RUN   TestStepsRequireIDToken/empty_steps
=== RUN   TestStepsRequireIDToken/no_uses_field
=== RUN   TestStepsRequireIDToken/aws-actions/configure-aws-credentials_with_version
=== RUN   TestStepsRequireIDToken/azure/login
=== RUN   TestStepsRequireIDToken/google-github-actions/auth
=== RUN   TestStepsRequireIDToken/hashicorp/vault-action
=== RUN   TestStepsRequireIDToken/cyberark/conjur-action
=== RUN   TestStepsRequireIDToken/non-vault_action
=== RUN   TestStepsRequireIDToken/mixed_steps_-_vault_action_present
=== RUN   TestStepsRequireIDToken/mixed_steps_-_no_vault_action
--- PASS: TestStepsRequireIDToken (0.00s)
    --- PASS: TestStepsRequireIDToken/nil_steps (0.00s)
    --- PASS: TestStepsRequireIDToken/empty_steps (0.00s)
    --- PASS: TestStepsRequireIDToken/no_uses_field (0.00s)
    --- PASS: TestStepsRequireIDToken/aws-actions/configure-aws-credentials_with_version (0.00s)
    --- PASS: TestStepsRequireIDToken/azure/login (0.00s)
    --- PASS: TestStepsRequireIDToken/google-github-actions/auth (0.00s)
    --- PASS: TestStepsRequireIDToken/hashicorp/vault-action (0.00s)
    --- PASS: TestStepsRequireIDToken/cyberark/conjur-action (0.00s)
    --- PASS: TestStepsRequireIDToken/non-vault_action (0.00s)
    --- PASS: TestStepsRequireIDToken/mixed_steps_-_vault_action_present (0.00s)
    --- PASS: TestStepsRequireIDToken/mixed_steps_-_no_vault_action (0.00s)
=== RUN   TestComputePermissionsForSafeOutputs_IDToken
=== RUN   TestComputePermissionsForSafeOutputs_IDToken/no_steps_-_no_id-token_permission
=== RUN   TestComputePermissionsForSafeOutputs_IDToken/step_with_vault_action_-_auto-detects_id-token:_write
=== RUN   TestComputePermissionsForSafeOutputs_IDToken/step_with_vault_action_but_id-token:_none_overrides
=== RUN   TestComputePermissionsForSafeOutputs_IDToken/no_vault_action_but_id-token:_write_explicitly_set
=== RUN   TestComputePermissionsForSafeOutputs_IDToken/no_steps_with_id-token:_write_explicitly_set
=== RUN   TestComputePermissionsForSafeOutputs_IDToken/id-token:_none_with_no_steps
--- PASS: TestComputePermissionsForSafeOutputs_IDToken (0.00s)
    --- PASS: TestComputePermissionsForSafeOutputs_IDToken/no_steps_-_no_id-token_permission (0.00s)
    --- PASS: TestComputePermissionsForSafeOutputs_IDToken/step_with_vault_action_-_auto-detects_id-token:_write (0.00s)
    --- PASS: TestComputePermissionsForSafeOutputs_IDToken/step_with_vault_action_but_id-token:_none_overrides (0.00s)
    --- PASS: TestComputePermissionsForSafeOutputs_IDToken/no_vault_action_but_id-token:_write_explicitly_set (0.00s)
    --- PASS: TestComputePermissionsForSafeOutputs_IDToken/no_steps_with_id-token:_write_explicitly_set (0.00s)
    --- PASS: TestComputePermissionsForSafeOutputs_IDToken/id-token:_none_with_no_steps (0.00s)
=== RUN   TestComputePermissionsForSafeOutputs_Staged
=== RUN   TestComputePermissionsForSafeOutputs_Staged/global_staged=true_-_no_permissions_for_any_handler
=== RUN   TestComputePermissionsForSafeOutputs_Staged/per-handler_staged=true_-_staged_handler_contributes_no_permissions
=== RUN   TestComputePermissionsForSafeOutputs_Staged/all_handlers_per-handler_staged_-_no_permissions
=== RUN   TestComputePermissionsForSafeOutputs_Staged/global_staged=true_overrides_per-handler_staged=false
=== RUN   TestComputePermissionsForSafeOutputs_Staged/global_staged=false,_one_handler_staged=true
=== RUN   TestComputePermissionsForSafeOutputs_Staged/global_staged=true_-_upload-asset_staged,_no_contents:write
=== RUN   TestComputePermissionsForSafeOutputs_Staged/pr_review_operations_-_all_staged_via_global_flag
=== RUN   TestComputePermissionsForSafeOutputs_Staged/pr_review_operations_-_one_staged,_one_not
--- PASS: TestComputePermissionsForSafeOutputs_Staged (0.00s)
    --- PASS: TestComputePermissionsForSafeOutputs_Staged/global_staged=true_-_no_permissions_for_any_handler (0.00s)
    --- PASS: TestComputePermissionsForSafeOutputs_Staged/per-handler_staged=true_-_staged_handler_contributes_no_permissions (0.00s)
    --- PASS: TestComputePermissionsForSafeOutputs_Staged/all_handlers_per-handler_staged_-_no_permissions (0.00s)
    --- PASS: TestComputePermissionsForSafeOutputs_Staged/global_staged=true_overrides_per-handler_staged=false (0.00s)
    --- PASS: TestComputePermissionsForSafeOutputs_Staged/global_staged=false,_one_handler_staged=true (0.00s)
    --- PASS: TestComputePermissionsForSafeOutputs_Staged/global_staged=true_-_upload-asset_staged,_no_contents:write (0.00s)
    --- PASS: TestComputePermissionsForSafeOutputs_Staged/pr_review_operations_-_all_staged_via_global_flag (0.00s)
    --- PASS: TestComputePermissionsForSafeOutputs_Staged/pr_review_operations_-_one_staged,_one_not (0.00s)
=== RUN   TestComputePermissionsForSafeOutputs_StagedYAMLRendering
=== RUN   TestComputePermissionsForSafeOutputs_StagedYAMLRendering/globally_staged_-_renders_permissions:_{}
=== RUN   TestComputePermissionsForSafeOutputs_StagedYAMLRendering/all_per-handler_staged_-_renders_permissions:_{}
=== RUN   TestComputePermissionsForSafeOutputs_StagedYAMLRendering/staged_PR_handlers_-_renders_permissions:_{}
--- PASS: TestComputePermissionsForSafeOutputs_StagedYAMLRendering (0.00s)
    --- PASS: TestComputePermissionsForSafeOutputs_StagedYAMLRendering/globally_staged_-_renders_permissions:_{} (0.00s)
    --- PASS: TestComputePermissionsForSafeOutputs_StagedYAMLRendering/all_per-handler_staged_-_renders_permissions:_{} (0.00s)
    --- PASS: TestComputePermissionsForSafeOutputs_StagedYAMLRendering/staged_PR_handlers_-_renders_permissions:_{} (0.00s)
=== RUN   TestBuildSafeOutputsSectionsCustomTools
=== RUN   TestBuildSafeOutputsSectionsCustomTools/nil_safe_outputs_returns_nil
=== RUN   TestBuildSafeOutputsSectionsCustomTools/empty_safe_outputs_returns_nil
=== RUN   TestBuildSafeOutputsSectionsCustomTools/custom_job_appears_in_tools_list
=== RUN   TestBuildSafeOutputsSectionsCustomTools/custom_job_name_with_dashes_is_normalized_to_underscores
=== RUN   TestBuildSafeOutputsSectionsCustomTools/multiple_custom_jobs_are_sorted_and_appear_in_tools_list
=== RUN   TestBuildSafeOutputsSectionsCustomTools/custom_script_appears_in_tools_list
=== RUN   TestBuildSafeOutputsSectionsCustomTools/custom_action_appears_in_tools_list
=== RUN   TestBuildSafeOutputsSectionsCustomTools/custom_jobs_are_listed_even_without_predefined_tools
=== RUN   TestBuildSafeOutputsSectionsCustomTools/mix_of_predefined_tools_and_custom_jobs_both_appear_in_tools_list
=== RUN   TestBuildSafeOutputsSectionsCustomTools/mix_of_predefined_tools,_custom_jobs,_scripts,_and_actions_all_appear
--- PASS: TestBuildSafeOutputsSectionsCustomTools (0.00s)
    --- PASS: TestBuildSafeOutputsSectionsCustomTools/nil_safe_outputs_returns_nil (0.00s)
    --- PASS: TestBuildSafeOutputsSectionsCustomTools/empty_safe_outputs_returns_nil (0.00s)
    --- PASS: TestBuildSafeOutputsSectionsCustomTools/custom_job_appears_in_tools_list (0.00s)
    --- PASS: TestBuildSafeOutputsSectionsCustomTools/custom_job_name_with_dashes_is_normalized_to_underscores (0.00s)
    --- PASS: TestBuildSafeOutputsSectionsCustomTools/multiple_custom_jobs_are_sorted_and_appear_in_tools_list (0.00s)
    --- PASS: TestBuildSafeOutputsSectionsCustomTools/custom_script_appears_in_tools_list (0.00s)
    --- PASS: TestBuildSafeOutputsSectionsCustomTools/custom_action_appears_in_tools_list (0.00s)
    --- PASS: TestBuildSafeOutputsSectionsCustomTools/custom_jobs_are_listed_even_without_predefined_tools (0.00s)
    --- PASS: TestBuildSafeOutputsSectionsCustomTools/mix_of_predefined_tools_and_custom_jobs_both_appear_in_tools_list (0.00s)
    --- PASS: TestBuildSafeOutputsSectionsCustomTools/mix_of_predefined_tools,_custom_jobs,_scripts,_and_actions_all_appear (0.00s)
=== RUN   TestBuildSafeOutputsSectionsCustomToolsConsistency
--- PASS: TestBuildSafeOutputsSectionsCustomToolsConsistency (0.00s)
=== RUN   TestBuildSafeOutputsSectionsMaxExpressionExtraction
--- PASS: TestBuildSafeOutputsSectionsMaxExpressionExtraction (0.00s)
=== RUN   TestBuildSafeOutputsSections_IncludesCommentMemoryPromptFile
--- PASS: TestBuildSafeOutputsSections_IncludesCommentMemoryPromptFile (0.00s)
=== RUN   TestSafeOutputsRunsOnConfiguration
=== RUN   TestSafeOutputsRunsOnConfiguration/default_runs-on_when_not_specified
/tmp/gh-aw-test-runs/20260704-173215-1254793/workflow-runs-on-test521468023/test.md: info: Tip: set permissions.copilot-requests: write to use GitHub Actions token-based inference with the Copilot engine instead of a personal access token (COPILOT_GITHUB_TOKEN). This option requires that your organization has centralized Copilot billing enabled and may not be available in all organizations — see https://github.github.com/gh-aw/reference/billing/ for details.

✓ /tmp/gh-aw-test-runs/20260704-173215-1254793/workflow-runs-on-test521468023/test.md (99.4 KB)
=== RUN   TestSafeOutputsRunsOnConfiguration/custom_runs-on_string
/tmp/gh-aw-test-runs/20260704-173215-1254793/workflow-runs-on-test1530074246/test.md: info: Tip: set permissions.copilot-requests: write to use GitHub Actions token-based inference with the Copilot engine instead of a personal access token (COPILOT_GITHUB_TOKEN). This option requires that your organization has centralized Copilot billing enabled and may not be available in all organizations — see https://github.github.com/gh-aw/reference/billing/ for details.

✓ /tmp/gh-aw-test-runs/20260704-173215-1254793/workflow-runs-on-test1530074246/test.md (99.4 KB)
=== RUN   TestSafeOutputsRunsOnConfiguration/custom_runs-on_array
/tmp/gh-aw-test-runs/20260704-173215-1254793/workflow-runs-on-test3407355949/test.md: info: Tip: set permissions.copilot-requests: write to use GitHub Actions token-based inference with the Copilot engine instead of a personal access token (COPILOT_GITHUB_TOKEN). This option requires that your organization has centralized Copilot billing enabled and may not be available in all organizations — see https://github.github.com/gh-aw/reference/billing/ for details.

✓ /tmp/gh-aw-test-runs/20260704-173215-1254793/workflow-runs-on-test3407355949/test.md (99.5 KB)
=== RUN   TestSafeOutputsRunsOnConfiguration/custom_runs-on_object
/tmp/gh-aw-test-runs/20260704-173215-1254793/workflow-runs-on-test2715107157/test.md: info: Tip: set permissions.copilot-requests: write to use GitHub Actions token-based inference with the Copilot engine instead of a personal access token (COPILOT_GITHUB_TOKEN). This option requires that your organization has centralized Copilot billing enabled and may not be available in all organizations — see https://github.github.com/gh-aw/reference/billing/ for details.

✓ /tmp/gh-aw-test-runs/20260704-173215-1254793/workflow-runs-on-test2715107157/test.md (99.6 KB)
--- PASS: TestSafeOutputsRunsOnConfiguration (0.05s)
    --- PASS: TestSafeOutputsRunsOnConfiguration/default_runs-on_when_not_specified (0.01s)
    --- PASS: TestSafeOutputsRunsOnConfiguration/custom_runs-on_string (0.01s)
    --- PASS: TestSafeOutputsRunsOnConfiguration/custom_runs-on_array (0.01s)
    --- PASS: TestSafeOutputsRunsOnConfiguration/custom_runs-on_object (0.01s)
=== RUN   TestSafeOutputsRunsOnAppliedToAllJobs
/tmp/gh-aw-test-runs/20260704-173215-1254793/workflow-runs-on-test4239137934/test.md: info: Tip: set permissions.copilot-requests: write to use GitHub Actions token-based inference with the Copilot engine instead of a personal access token (COPILOT_GITHUB_TOKEN). This option requires that your organization has centralized Copilot billing enabled and may not be available in all organizations — see https://github.github.com/gh-aw/reference/billing/ for details.

✓ /tmp/gh-aw-test-runs/20260704-173215-1254793/workflow-runs-on-test4239137934/test.md (102.7 KB)
--- PASS: TestSafeOutputsRunsOnAppliedToAllJobs (0.02s)
=== RUN   TestUnlockJobUsesRunsOn
/tmp/gh-aw-test-runs/20260704-173215-1254793/workflow-unlock-runs-on-test1380376993/test.md: info: Tip: set permissions.copilot-requests: write to use GitHub Actions token-based inference with the Copilot engine instead of a personal access token (COPILOT_GITHUB_TOKEN). This option requires that your organization has centralized Copilot billing enabled and may not be available in all organizations — see https://github.github.com/gh-aw/reference/billing/ for details.

✓ /tmp/gh-aw-test-runs/20260704-173215-1254793/workflow-unlock-runs-on-test1380376993/test.md (103.5 KB)
--- PASS: TestUnlockJobUsesRunsOn (0.01s)
=== RUN   TestRunsOnSlimField
=== RUN   TestRunsOnSlimField/runs-on-slim_sets_runner_for_activation_job
/tmp/gh-aw-test-runs/20260704-173215-1254793/workflow-runs-on-slim-test3283015611/test.md: info: Tip: set permissions.copilot-requests: write to use GitHub Actions token-based inference with the Copilot engine instead of a personal access token (COPILOT_GITHUB_TOKEN). This option requires that your organization has centralized Copilot billing enabled and may not be available in all organizations — see https://github.github.com/gh-aw/reference/billing/ for details.

✓ /tmp/gh-aw-test-runs/20260704-173215-1254793/workflow-runs-on-slim-test3283015611/test.md (76.9 KB)
=== RUN   TestRunsOnSlimField/runs-on-slim_without_safe-outputs_section
/tmp/gh-aw-test-runs/20260704-173215-1254793/workflow-runs-on-slim-test2092197347/test.md: info: Tip: set permissions.copilot-requests: write to use GitHub Actions token-based inference with the Copilot engine instead of a personal access token (COPILOT_GITHUB_TOKEN). This option requires that your organization has centralized Copilot billing enabled and may not be available in all organizations — see https://github.github.com/gh-aw/reference/billing/ for details.

✓ /tmp/gh-aw-test-runs/20260704-173215-1254793/workflow-runs-on-slim-test2092197347/test.md (77.0 KB)
=== RUN   TestRunsOnSlimField/safe-outputs.runs-on_takes_precedence_over_runs-on-slim
/tmp/gh-aw-test-runs/20260704-173215-1254793/workflow-runs-on-slim-test1624962755/test.md: info: Tip: set permissions.copilot-requests: write to use GitHub Actions token-based inference with the Copilot engine instead of a personal access token (COPILOT_GITHUB_TOKEN). This option requires that your organization has centralized Copilot billing enabled and may not be available in all organizations — see https://github.github.com/gh-aw/reference/billing/ for details.

✓ /tmp/gh-aw-test-runs/20260704-173215-1254793/workflow-runs-on-slim-test1624962755/test.md (99.4 KB)
=== RUN   TestRunsOnSlimField/runs-on-slim_supports_array_labels
/tmp/gh-aw-test-runs/20260704-173215-1254793/workflow-runs-on-slim-test1812017192/test.md: info: Tip: set permissions.copilot-requests: write to use GitHub Actions token-based inference with the Copilot engine instead of a personal access token (COPILOT_GITHUB_TOKEN). This option requires that your organization has centralized Copilot billing enabled and may not be available in all organizations — see https://github.github.com/gh-aw/reference/billing/ for details.

✓ /tmp/gh-aw-test-runs/20260704-173215-1254793/workflow-runs-on-slim-test1812017192/test.md (99.6 KB)
=== RUN   TestRunsOnSlimField/runs-on-slim_supports_group_and_labels_object
/tmp/gh-aw-test-runs/20260704-173215-1254793/workflow-runs-on-slim-test3422410920/test.md: info: Tip: set permissions.copilot-requests: write to use GitHub Actions token-based inference with the Copilot engine instead of a personal access token (COPILOT_GITHUB_TOKEN). This option requires that your organization has centralized Copilot billing enabled and may not be available in all organizations — see https://github.github.com/gh-aw/reference/billing/ for details.

✓ /tmp/gh-aw-test-runs/20260704-173215-1254793/workflow-runs-on-slim-test3422410920/test.md (99.6 KB)
=== RUN   TestRunsOnSlimField/default_used_when_neither_runs-on-slim_nor_safe-outputs.runs-on_is_set
/tmp/gh-aw-test-runs/20260704-173215-1254793/workflow-runs-on-slim-test2711305019/test.md: info: Tip: set permissions.copilot-requests: write to use GitHub Actions token-based inference with the Copilot engine instead of a personal access token (COPILOT_GITHUB_TOKEN). This option requires that your organization has centralized Copilot billing enabled and may not be available in all organizations — see https://github.github.com/gh-aw/reference/billing/ for details.

✓ /tmp/gh-aw-test-runs/20260704-173215-1254793/workflow-runs-on-slim-test2711305019/test.md (76.9 KB)
--- PASS: TestRunsOnSlimField (0.07s)
    --- PASS: TestRunsOnSlimField/runs-on-slim_sets_runner_for_activation_job (0.01s)
    --- PASS: TestRunsOnSlimField/runs-on-slim_without_safe-outputs_section (0.01s)
    --- PASS: TestRunsOnSlimField/safe-outputs.runs-on_takes_precedence_over_runs-on-slim (0.02s)
    --- PASS: TestRunsOnSlimField/runs-on-slim_supports_array_labels (0.01s)
    --- PASS: TestRunsOnSlimField/runs-on-slim_supports_group_and_labels_object (0.01s)
    --- PASS: TestRunsOnSlimField/default_used_when_neither_runs-on-slim_nor_safe-outputs.runs-on_is_set (0.01s)
=== RUN   TestFormatFrameworkJobRunsOn
=== RUN   TestFormatFrameworkJobRunsOn/nil_WorkflowData_returns_default
=== RUN   TestFormatFrameworkJobRunsOn/empty_WorkflowData_returns_default
=== RUN   TestFormatFrameworkJobRunsOn/runs-on-slim_used_when_safe-outputs.runs-on_is_empty
=== RUN   TestFormatFrameworkJobRunsOn/safe-outputs.runs-on_takes_precedence_over_runs-on-slim
=== RUN   TestFormatFrameworkJobRunsOn/safe-outputs.runs-on_used_when_runs-on-slim_is_empty
=== RUN   TestFormatFrameworkJobRunsOn/default_when_safe-outputs_present_but_runs-on_is_empty
=== RUN   TestFormatFrameworkJobRunsOn/safe-outputs.runs-on_array_snippet_preserves_valid_YAML_nesting
=== RUN   TestFormatFrameworkJobRunsOn/safe-outputs.runs-on_object_snippet_preserves_valid_YAML_nesting
=== RUN   TestFormatFrameworkJobRunsOn/runs-on-slim_array_snippet_preserves_valid_YAML_nesting
=== RUN   TestFormatFrameworkJobRunsOn/runs-on-slim_group+labels_object_snippet_preserves_valid_YAML_nesting
--- PASS: TestFormatFrameworkJobRunsOn (0.00s)
    --- PASS: TestFormatFrameworkJobRunsOn/nil_WorkflowData_returns_default (0.00s)
    --- PASS: TestFormatFrameworkJobRunsOn/empty_WorkflowData_returns_default (0.00s)
    --- PASS: TestFormatFrameworkJobRunsOn/runs-on-slim_used_when_safe-outputs.runs-on_is_empty (0.00s)
    --- PASS: TestFormatFrameworkJobRunsOn/safe-outputs.runs-on_takes_precedence_over_runs-on-slim (0.00s)
    --- PASS: TestFormatFrameworkJobRunsOn/safe-outputs.runs-on_used_when_runs-on-slim_is_empty (0.00s)
    --- PASS: TestFormatFrameworkJobRunsOn/default_when_safe-outputs_present_but_runs-on_is_empty (0.00s)
    --- PASS: TestFormatFrameworkJobRunsOn/safe-outputs.runs-on_array_snippet_preserves_valid_YAML_nesting (0.00s)
    --- PASS: TestFormatFrameworkJobRunsOn/safe-outputs.runs-on_object_snippet_preserves_valid_YAML_nesting (0.00s)
    --- PASS: TestFormatFrameworkJobRunsOn/runs-on-slim_array_snippet_preserves_valid_YAML_nesting (0.00s)
    --- PASS: TestFormatFrameworkJobRunsOn/runs-on-slim_group+labels_object_snippet_preserves_valid_YAML_nesting (0.00s)
=== RUN   TestSafeOutputsSpecificationDocumentsMergePullRequest
--- PASS: TestSafeOutputsSpecificationDocumentsMergePullRequest (0.00s)
=== RUN   TestSafeOutputStateFieldCoverage
=== RUN   TestSafeOutputStateFieldCoverage/CreateIssues
=== RUN   TestSafeOutputStateFieldCoverage/CreateAgentSessions
=== RUN   TestSafeOutputStateFieldCoverage/CreateDiscussions
=== RUN   TestSafeOutputStateFieldCoverage/UpdateDiscussions
=== RUN   TestSafeOutputStateFieldCoverage/CloseDiscussions
=== RUN   TestSafeOutputStateFieldCoverage/CloseIssues
=== RUN   TestSafeOutputStateFieldCoverage/ClosePullRequests
=== RUN   TestSafeOutputStateFieldCoverage/MarkPullRequestAsReadyForReview
=== RUN   TestSafeOutputStateFieldCoverage/AddComments
=== RUN   TestSafeOutputStateFieldCoverage/CommentMemory
=== RUN   TestSafeOutputStateFieldCoverage/CreatePullRequests
=== RUN   TestSafeOutputStateFieldCoverage/CreatePullRequestReviewComments
=== RUN   TestSafeOutputStateFieldCoverage/SubmitPullRequestReview
=== RUN   TestSafeOutputStateFieldCoverage/ReplyToPullRequestReviewComment
=== RUN   TestSafeOutputStateFieldCoverage/ResolvePullRequestReviewThread
=== RUN   TestSafeOutputStateFieldCoverage/CreateCodeScanningAlerts
=== RUN   TestSafeOutputStateFieldCoverage/AutofixCodeScanningAlert
=== RUN   TestSafeOutputStateFieldCoverage/CreateCheckRun
=== RUN   TestSafeOutputStateFieldCoverage/AddLabels
=== RUN   TestSafeOutputStateFieldCoverage/RemoveLabels
=== RUN   TestSafeOutputStateFieldCoverage/ReplaceLabel
=== RUN   TestSafeOutputStateFieldCoverage/AddReviewer
=== RUN   TestSafeOutputStateFieldCoverage/AssignMilestone
=== RUN   TestSafeOutputStateFieldCoverage/AssignToAgent
=== RUN   TestSafeOutputStateFieldCoverage/AssignToUser
=== RUN   TestSafeOutputStateFieldCoverage/UnassignFromUser
=== RUN   TestSafeOutputStateFieldCoverage/UpdateIssues
=== RUN   TestSafeOutputStateFieldCoverage/UpdatePullRequests
=== RUN   TestSafeOutputStateFieldCoverage/MergePullRequest
=== RUN   TestSafeOutputStateFieldCoverage/PushToPullRequestBranch
=== RUN   TestSafeOutputStateFieldCoverage/UploadAssets
=== RUN   TestSafeOutputStateFieldCoverage/UploadArtifact
=== RUN   TestSafeOutputStateFieldCoverage/UpdateRelease
=== RUN   TestSafeOutputStateFieldCoverage/UpdateProjects
=== RUN   TestSafeOutputStateFieldCoverage/CreateProjects
=== RUN   TestSafeOutputStateFieldCoverage/CreateProjectStatusUpdates
=== RUN   TestSafeOutputStateFieldCoverage/LinkSubIssue
=== RUN   TestSafeOutputStateFieldCoverage/HideComment
=== RUN   TestSafeOutputStateFieldCoverage/DispatchWorkflow
=== RUN   TestSafeOutputStateFieldCoverage/DispatchRepository
=== RUN   TestSafeOutputStateFieldCoverage/CallWorkflow
=== RUN   TestSafeOutputStateFieldCoverage/MissingTool
=== RUN   TestSafeOutputStateFieldCoverage/MissingData
=== RUN   TestSafeOutputStateFieldCoverage/SetIssueType
=== RUN   TestSafeOutputStateFieldCoverage/SetIssueField
=== RUN   TestSafeOutputStateFieldCoverage/NoOp
--- PASS: TestSafeOutputStateFieldCoverage (0.00s)
    --- PASS: TestSafeOutputStateFieldCoverage/CreateIssues (0.00s)
    --- PASS: TestSafeOutputStateFieldCoverage/CreateAgentSessions (0.00s)
    --- PASS: TestSafeOutputStateFieldCoverage/CreateDiscussions (0.00s)
    --- PASS: TestSafeOutputStateFieldCoverage/UpdateDiscussions (0.00s)
    --- PASS: TestSafeOutputStateFieldCoverage/CloseDiscussions (0.00s)
    --- PASS: TestSafeOutputStateFieldCoverage/CloseIssues (0.00s)
    --- PASS: TestSafeOutputStateFieldCoverage/ClosePullRequests (0.00s)
    --- PASS: TestSafeOutputStateFieldCoverage/MarkPullRequestAsReadyForReview (0.00s)
    --- PASS: TestSafeOutputStateFieldCoverage/AddComments (0.00s)
    --- PASS: TestSafeOutputStateFieldCoverage/CommentMemory (0.00s)
    --- PASS: TestSafeOutputStateFieldCoverage/CreatePullRequests (0.00s)
    --- PASS: TestSafeOutputStateFieldCoverage/CreatePullRequestReviewComments (0.00s)
    --- PASS: TestSafeOutputStateFieldCoverage/SubmitPullRequestReview (0.00s)
    --- PASS: TestSafeOutputStateFieldCoverage/ReplyToPullRequestReviewComment (0.00s)
    --- PASS: TestSafeOutputStateFieldCoverage/ResolvePullRequestReviewThread (0.00s)
    --- PASS: TestSafeOutputStateFieldCoverage/CreateCodeScanningAlerts (0.00s)
    --- PASS: TestSafeOutputStateFieldCoverage/AutofixCodeScanningAlert (0.00s)
    --- PASS: TestSafeOutputStateFieldCoverage/CreateCheckRun (0.00s)
    --- PASS: TestSafeOutputStateFieldCoverage/AddLabels (0.00s)
    --- PASS: TestSafeOutputStateFieldCoverage/RemoveLabels (0.00s)
    --- PASS: TestSafeOutputStateFieldCoverage/ReplaceLabel (0.00s)
    --- PASS: TestSafeOutputStateFieldCoverage/AddReviewer (0.00s)
    --- PASS: TestSafeOutputStateFieldCoverage/AssignMilestone (0.00s)
    --- PASS: TestSafeOutputStateFieldCoverage/AssignToAgent (0.00s)
    --- PASS: TestSafeOutputStateFieldCoverage/AssignToUser (0.00s)
    --- PASS: TestSafeOutputStateFieldCoverage/UnassignFromUser (0.00s)
    --- PASS: TestSafeOutputStateFieldCoverage/UpdateIssues (0.00s)
    --- PASS: TestSafeOutputStateFieldCoverage/UpdatePullRequests (0.00s)
    --- PASS: TestSafeOutputStateFieldCoverage/MergePullRequest (0.00s)
    --- PASS: TestSafeOutputStateFieldCoverage/PushToPullRequestBranch (0.00s)
    --- PASS: TestSafeOutputStateFieldCoverage/UploadAssets (0.00s)
    --- PASS: TestSafeOutputStateFieldCoverage/UploadArtifact (0.00s)
    --- PASS: TestSafeOutputStateFieldCoverage/UpdateRelease (0.00s)
    --- PASS: TestSafeOutputStateFieldCoverage/UpdateProjects (0.00s)
    --- PASS: TestSafeOutputStateFieldCoverage/CreateProjects (0.00s)
    --- PASS: TestSafeOutputStateFieldCoverage/CreateProjectStatusUpdates (0.00s)
    --- PASS: TestSafeOutputStateFieldCoverage/LinkSubIssue (0.00s)
    --- PASS: TestSafeOutputStateFieldCoverage/HideComment (0.00s)
    --- PASS: TestSafeOutputStateFieldCoverage/DispatchWorkflow (0.00s)
    --- PASS: TestSafeOutputStateFieldCoverage/DispatchRepository (0.00s)
    --- PASS: TestSafeOutputStateFieldCoverage/CallWorkflow (0.00s)
    --- PASS: TestSafeOutputStateFieldCoverage/MissingTool (0.00s)
    --- PASS: TestSafeOutputStateFieldCoverage/MissingData (0.00s)
    --- PASS: TestSafeOutputStateFieldCoverage/SetIssueType (0.00s)
    --- PASS: TestSafeOutputStateFieldCoverage/SetIssueField (0.00s)
    --- PASS: TestSafeOutputStateFieldCoverage/NoOp (0.00s)
=== RUN   TestSafeOutputStateCommentMemoryCoverage
--- PASS: TestSafeOutputStateCommentMemoryCoverage (0.00s)
=== RUN   TestValidateSafeOutputsStepsShellExpansion
=== RUN   TestValidateSafeOutputsStepsShellExpansion/nil_config_passes
=== RUN   TestValidateSafeOutputsStepsShellExpansion/empty_steps_passes
=== RUN   TestValidateSafeOutputsStepsShellExpansion/step_without_run_field_passes
=== RUN   TestValidateSafeOutputsStepsShellExpansion/simple_run_script_without_expansion_passes
=== RUN   TestValidateSafeOutputsStepsShellExpansion/simple_variable_reference_passes
=== RUN   TestValidateSafeOutputsStepsShellExpansion/braced_variable_reference_passes
=== RUN   TestValidateSafeOutputsStepsShellExpansion/GitHub_Actions_expression_passes
=== RUN   TestValidateSafeOutputsStepsShellExpansion/non-map_step_entry_is_skipped
--- PASS: TestValidateSafeOutputsStepsShellExpansion (0.00s)
    --- PASS: TestValidateSafeOutputsStepsShellExpansion/nil_config_passes (0.00s)
    --- PASS: TestValidateSafeOutputsStepsShellExpansion/empty_steps_passes (0.00s)
    --- PASS: TestValidateSafeOutputsStepsShellExpansion/step_without_run_field_passes (0.00s)
    --- PASS: TestValidateSafeOutputsStepsShellExpansion/simple_run_script_without_expansion_passes (0.00s)
    --- PASS: TestValidateSafeOutputsStepsShellExpansion/simple_variable_reference_passes (0.00s)
    --- PASS: TestValidateSafeOutputsStepsShellExpansion/braced_variable_reference_passes (0.00s)
    --- PASS: TestValidateSafeOutputsStepsShellExpansion/GitHub_Actions_expression_passes (0.00s)
    --- PASS: TestValidateSafeOutputsStepsShellExpansion/non-map_step_entry_is_skipped (0.00s)
=== RUN   TestValidateSafeOutputsStepsShellExpansion_DangerousPatterns
=== RUN   TestValidateSafeOutputsStepsShellExpansion_DangerousPatterns/command_substitution_$(...)
=== RUN   TestValidateSafeOutputsStepsShellExpansion_DangerousPatterns/command_substitution_with_space
=== RUN   TestValidateSafeOutputsStepsShellExpansion_DangerousPatterns/nested_command_substitution_in_assignment
=== RUN   TestValidateSafeOutputsStepsShellExpansion_DangerousPatterns/backtick_command_substitution
=== RUN   TestValidateSafeOutputsStepsShellExpansion_DangerousPatterns/parameter_transformation_@P
=== RUN   TestValidateSafeOutputsStepsShellExpansion_DangerousPatterns/parameter_transformation_@U
=== RUN   TestValidateSafeOutputsStepsShellExpansion_DangerousPatterns/indirect_expansion_${!var}
=== RUN   TestValidateSafeOutputsStepsShellExpansion_DangerousPatterns/indirect_expansion_in_assignment
--- PASS: TestValidateSafeOutputsStepsShellExpansion_DangerousPatterns (0.00s)
    --- PASS: TestValidateSafeOutputsStepsShellExpansion_DangerousPatterns/command_substitution_$(...) (0.00s)
    --- PASS: TestValidateSafeOutputsStepsShellExpansion_DangerousPatterns/command_substitution_with_space (0.00s)
    --- PASS: TestValidateSafeOutputsStepsShellExpansion_DangerousPatterns/nested_command_substitution_in_assignment (0.00s)
    --- PASS: TestValidateSafeOutputsStepsShellExpansion_DangerousPatterns/backtick_command_substitution (0.00s)
    --- PASS: TestValidateSafeOutputsStepsShellExpansion_DangerousPatterns/parameter_transformation_@P (0.00s)
    --- PASS: TestValidateSafeOutputsStepsShellExpansion_DangerousPatterns/parameter_transformation_@U (0.00s)
    --- PASS: TestValidateSafeOutputsStepsShellExpansion_DangerousPatterns/indirect_expansion_${!var} (0.00s)
    --- PASS: TestValidateSafeOutputsStepsShellExpansion_DangerousPatterns/indirect_expansion_in_assignment (0.00s)
=== RUN   TestValidateRunScriptForShellExpansion
=== RUN   TestValidateRunScriptForShellExpansion/empty_script_passes
=== RUN   TestValidateRunScriptForShellExpansion/arithmetic_expansion_$((_))_passes
=== RUN   TestValidateRunScriptForShellExpansion/error_includes_step_index
=== RUN   TestValidateRunScriptForShellExpansion/error_includes_offending_snippet
=== RUN   TestValidateRunScriptForShellExpansion/error_includes_remediation_guidance
=== RUN   TestValidateRunScriptForShellExpansion/long_snippet_is_truncated
--- PASS: TestValidateRunScriptForShellExpansion (0.00s)
    --- PASS: TestValidateRunScriptForShellExpansion/empty_script_passes (0.00s)
    --- PASS: TestValidateRunScriptForShellExpansion/arithmetic_expansion_$((_))_passes (0.00s)
    --- PASS: TestValidateRunScriptForShellExpansion/error_includes_step_index (0.00s)
    --- PASS: TestValidateRunScriptForShellExpansion/error_includes_offending_snippet (0.00s)
    --- PASS: TestValidateRunScriptForShellExpansion/error_includes_remediation_guidance (0.00s)
    --- PASS: TestValidateRunScriptForShellExpansion/long_snippet_is_truncated (0.00s)
=== RUN   TestValidateSafeOutputsTarget
=== RUN   TestValidateSafeOutputsTarget/nil_config
=== RUN   TestValidateSafeOutputsTarget/empty_config
=== RUN   TestValidateSafeOutputsTarget/valid_triggering_target
=== RUN   TestValidateSafeOutputsTarget/valid_empty_target_(defaults_to_triggering)
=== RUN   TestValidateSafeOutputsTarget/valid_wildcard_target
=== RUN   TestValidateSafeOutputsTarget/valid_numeric_target
=== RUN   TestValidateSafeOutputsTarget/valid_GitHub_expression
=== RUN   TestValidateSafeOutputsTarget/invalid_target_-_event
=== RUN   TestValidateSafeOutputsTarget/invalid_target_-_negative_number
=== RUN   TestValidateSafeOutputsTarget/invalid_target_-_zero
=== RUN   TestValidateSafeOutputsTarget/invalid_target_-_leading_zeros
=== RUN   TestValidateSafeOutputsTarget/invalid_target_-_random_string
=== RUN   TestValidateSafeOutputsTarget/multiple_configs_with_valid_targets
=== RUN   TestValidateSafeOutputsTarget/multiple_configs_with_one_invalid_target
=== RUN   TestValidateSafeOutputsTarget/valid_target_for_update-pull-request
=== RUN   TestValidateSafeOutputsTarget/valid_target_for_close-discussion
=== RUN   TestValidateSafeOutputsTarget/valid_target_for_add-reviewer
=== RUN   TestValidateSafeOutputsTarget/valid_target_for_assign-milestone
=== RUN   TestValidateSafeOutputsTarget/valid_wildcard_target_for_submit-pull-request-review
=== RUN   TestValidateSafeOutputsTarget/valid_numeric_target_for_submit-pull-request-review
=== RUN   TestValidateSafeOutputsTarget/invalid_target_for_submit-pull-request-review
--- PASS: TestValidateSafeOutputsTarget (0.00s)
    --- PASS: TestValidateSafeOutputsTarget/nil_config (0.00s)
    --- PASS: TestValidateSafeOutputsTarget/empty_config (0.00s)
    --- PASS: TestValidateSafeOutputsTarget/valid_triggering_target (0.00s)
    --- PASS: TestValidateSafeOutputsTarget/valid_empty_target_(defaults_to_triggering) (0.00s)
    --- PASS: TestValidateSafeOutputsTarget/valid_wildcard_target (0.00s)
    --- PASS: TestValidateSafeOutputsTarget/valid_numeric_target (0.00s)
    --- PASS: TestValidateSafeOutputsTarget/valid_GitHub_expression (0.00s)
    --- PASS: TestValidateSafeOutputsTarget/invalid_target_-_event (0.00s)
    --- PASS: TestValidateSafeOutputsTarget/invalid_target_-_negative_number (0.00s)
    --- PASS: TestValidateSafeOutputsTarget/invalid_target_-_zero (0.00s)
    --- PASS: TestValidateSafeOutputsTarget/invalid_target_-_leading_zeros (0.00s)
    --- PASS: TestValidateSafeOutputsTarget/invalid_target_-_random_string (0.00s)
    --- PASS: TestValidateSafeOutputsTarget/multiple_configs_with_valid_targets (0.00s)
    --- PASS: TestValidateSafeOutputsTarget/multiple_configs_with_one_invalid_target (0.00s)
    --- PASS: TestValidateSafeOutputsTarget/valid_target_for_update-pull-request (0.00s)
    --- PASS: TestValidateSafeOutputsTarget/valid_target_for_close-discussion (0.00s)
    --- PASS: TestValidateSafeOutputsTarget/valid_target_for_add-reviewer (0.00s)
    --- PASS: TestValidateSafeOutputsTarget/valid_target_for_assign-milestone (0.00s)
    --- PASS: TestValidateSafeOutputsTarget/valid_wildcard_target_for_submit-pull-request-review (0.00s)
    --- PASS: TestValidateSafeOutputsTarget/valid_numeric_target_for_submit-pull-request-review (0.00s)
    --- PASS: TestValidateSafeOutputsTarget/invalid_target_for_submit-pull-request-review (0.00s)
=== RUN   TestValidateTargetValue
=== RUN   TestValidateTargetValue/empty_target
=== RUN   TestValidateTargetValue/triggering
=== RUN   TestValidateTargetValue/wildcard
=== RUN   TestValidateTargetValue/positive_integer
=== RUN   TestValidateTargetValue/large_number
=== RUN   TestValidateTargetValue/GitHub_expression
=== RUN   TestValidateTargetValue/complex_GitHub_expression
=== RUN   TestValidateTargetValue/invalid_-_event
=== RUN   TestValidateTargetValue/invalid_-_zero
=== RUN   TestValidateTargetValue/invalid_-_negative
=== RUN   TestValidateTargetValue/invalid_-_float
=== RUN   TestValidateTargetValue/invalid_-_leading_zeros
=== RUN   TestValidateTargetValue/invalid_-_random_string
--- PASS: TestValidateTargetValue (0.00s)
    --- PASS: TestValidateTargetValue/empty_target (0.00s)
    --- PASS: TestValidateTargetValue/triggering (0.00s)
    --- PASS: TestValidateTargetValue/wildcard (0.00s)
    --- PASS: TestValidateTargetValue/positive_integer (0.00s)
    --- PASS: TestValidateTargetValue/large_number (0.00s)
    --- PASS: TestValidateTargetValue/GitHub_expression (0.00s)
    --- PASS: TestValidateTargetValue/complex_GitHub_expression (0.00s)
    --- PASS: TestValidateTargetValue/invalid_-_event (0.00s)
    --- PASS: TestValidateTargetValue/invalid_-_zero (0.00s)
    --- PASS: TestValidateTargetValue/invalid_-_negative (0.00s)
    --- PASS: TestValidateTargetValue/invalid_-_float (0.00s)
    --- PASS: TestValidateTargetValue/invalid_-_leading_zeros (0.00s)
    --- PASS: TestValidateTargetValue/invalid_-_random_string (0.00s)
=== RUN   TestContainsExpressionForTargetValidation
=== RUN   TestContainsExpressionForTargetValidation/simple_expression
=== RUN   TestContainsExpressionForTargetValidation/complex_expression
=== RUN   TestContainsExpressionForTargetValidation/nested_expression
=== RUN   TestContainsExpressionForTargetValidation/not_an_expression
=== RUN   TestContainsExpressionForTargetValidation/incomplete_expression_-_missing_opening
=== RUN   TestContainsExpressionForTargetValidation/incomplete_expression_-_missing_closing
=== RUN   TestContainsExpressionForTargetValidation/empty_expression
=== RUN   TestContainsExpressionForTargetValidation/empty_string
=== RUN   TestContainsExpressionForTargetValidation/wrong_order_-_closing_before_opening
=== RUN   TestContainsExpressionForTargetValidation/text_with_embedded_markers_but_invalid_order
--- PASS: TestContainsExpressionForTargetValidation (0.00s)
    --- PASS: TestContainsExpressionForTargetValidation/simple_expression (0.00s)
    --- PASS: TestContainsExpressionForTargetValidation/complex_expression (0.00s)
    --- PASS: TestContainsExpressionForTargetValidation/nested_expression (0.00s)
    --- PASS: TestContainsExpressionForTargetValidation/not_an_expression (0.00s)
    --- PASS: TestContainsExpressionForTargetValidation/incomplete_expression_-_missing_opening (0.00s)
    --- PASS: TestContainsExpressionForTargetValidation/incomplete_expression_-_missing_closing (0.00s)
    --- PASS: TestContainsExpressionForTargetValidation/empty_expression (0.00s)
    --- PASS: TestContainsExpressionForTargetValidation/empty_string (0.00s)
    --- PASS: TestContainsExpressionForTargetValidation/wrong_order_-_closing_before_opening (0.00s)
    --- PASS: TestContainsExpressionForTargetValidation/text_with_embedded_markers_but_invalid_order (0.00s)
=== RUN   TestHasSafeOutputsEnabled
=== RUN   TestHasSafeOutputsEnabled/nil_safe_outputs_returns_false
=== RUN   TestHasSafeOutputsEnabled/empty_safe_outputs_returns_false
=== RUN   TestHasSafeOutputsEnabled/create_issues_enabled
=== RUN   TestHasSafeOutputsEnabled/create_agent_sessions_enabled
=== RUN   TestHasSafeOutputsEnabled/create_discussions_enabled
=== RUN   TestHasSafeOutputsEnabled/close_discussions_enabled
=== RUN   TestHasSafeOutputsEnabled/close_issues_enabled
=== RUN   TestHasSafeOutputsEnabled/add_comments_enabled
=== RUN   TestHasSafeOutputsEnabled/create_pull_requests_enabled
=== RUN   TestHasSafeOutputsEnabled/create_PR_review_comments_enabled
=== RUN   TestHasSafeOutputsEnabled/submit_pull_request_review_enabled
=== RUN   TestHasSafeOutputsEnabled/create_code_scanning_alerts_enabled
=== RUN   TestHasSafeOutputsEnabled/add_labels_enabled
=== RUN   TestHasSafeOutputsEnabled/add_reviewer_enabled
=== RUN   TestHasSafeOutputsEnabled/assign_milestone_enabled
=== RUN   TestHasSafeOutputsEnabled/assign_to_agent_enabled
=== RUN   TestHasSafeOutputsEnabled/assign_to_user_enabled
=== RUN   TestHasSafeOutputsEnabled/update_issues_enabled
=== RUN   TestHasSafeOutputsEnabled/update_pull_requests_enabled
=== RUN   TestHasSafeOutputsEnabled/push_to_pull_request_branch_enabled
=== RUN   TestHasSafeOutputsEnabled/upload_assets_enabled
=== RUN   TestHasSafeOutputsEnabled/missing_tool_enabled
=== RUN   TestHasSafeOutputsEnabled/noop_enabled
=== RUN   TestHasSafeOutputsEnabled/link_sub_issue_enabled
=== RUN   TestHasSafeOutputsEnabled/jobs_enabled
=== RUN   TestHasSafeOutputsEnabled/multiple_outputs_enabled
--- PASS: TestHasSafeOutputsEnabled (0.00s)
    --- PASS: TestHasSafeOutputsEnabled/nil_safe_outputs_returns_false (0.00s)
    --- PASS: TestHasSafeOutputsEnabled/empty_safe_outputs_returns_false (0.00s)
    --- PASS: TestHasSafeOutputsEnabled/create_issues_enabled (0.00s)
    --- PASS: TestHasSafeOutputsEnabled/create_agent_sessions_enabled (0.00s)
    --- PASS: TestHasSafeOutputsEnabled/create_discussions_enabled (0.00s)
    --- PASS: TestHasSafeOutputsEnabled/close_discussions_enabled (0.00s)
    --- PASS: TestHasSafeOutputsEnabled/close_issues_enabled (0.00s)
    --- PASS: TestHasSafeOutputsEnabled/add_comments_enabled (0.00s)
    --- PASS: TestHasSafeOutputsEnabled/create_pull_requests_enabled (0.00s)
    --- PASS: TestHasSafeOutputsEnabled/create_PR_review_comments_enabled (0.00s)
    --- PASS: TestHasSafeOutputsEnabled/submit_pull_request_review_enabled (0.00s)
    --- PASS: TestHasSafeOutputsEnabled/create_code_scanning_alerts_enabled (0.00s)
    --- PASS: TestHasSafeOutputsEnabled/add_labels_enabled (0.00s)
    --- PASS: TestHasSafeOutputsEnabled/add_reviewer_enabled (0.00s)
    --- PASS: TestHasSafeOutputsEnabled/assign_milestone_enabled (0.00s)
    --- PASS: TestHasSafeOutputsEnabled/assign_to_agent_enabled (0.00s)
    --- PASS: TestHasSafeOutputsEnabled/assign_to_user_enabled (0.00s)
    --- PASS: TestHasSafeOutputsEnabled/update_issues_enabled (0.00s)
    --- PASS: TestHasSafeOutputsEnabled/update_pull_requests_enabled (0.00s)
    --- PASS: TestHasSafeOutputsEnabled/push_to_pull_request_branch_enabled (0.00s)
    --- PASS: TestHasSafeOutputsEnabled/upload_assets_enabled (0.00s)
    --- PASS: TestHasSafeOutputsEnabled/missing_tool_enabled (0.00s)
    --- PASS: TestHasSafeOutputsEnabled/noop_enabled (0.00s)
    --- PASS: TestHasSafeOutputsEnabled/link_sub_issue_enabled (0.00s)
    --- PASS: TestHasSafeOutputsEnabled/jobs_enabled (0.00s)
    --- PASS: TestHasSafeOutputsEnabled/multiple_outputs_enabled (0.00s)
=== RUN   TestNormalizeSafeOutputIdentifier
=== RUN   TestNormalizeSafeOutputIdentifier/dash_to_underscore_conversion
=== RUN   TestNormalizeSafeOutputIdentifier/already_underscore_format
=== RUN   TestNormalizeSafeOutputIdentifier/multiple_dashes
=== RUN   TestNormalizeSafeOutputIdentifier/no_dashes_or_underscores
=== RUN   TestNormalizeSafeOutputIdentifier/empty_string
=== RUN   TestNormalizeSafeOutputIdentifier/add-comment
=== RUN   TestNormalizeSafeOutputIdentifier/link-sub-issue
--- PASS: TestNormalizeSafeOutputIdentifier (0.00s)
    --- PASS: TestNormalizeSafeOutputIdentifier/dash_to_underscore_conversion (0.00s)
    --- PASS: TestNormalizeSafeOutputIdentifier/already_underscore_format (0.00s)
    --- PASS: TestNormalizeSafeOutputIdentifier/multiple_dashes (0.00s)
    --- PASS: TestNormalizeSafeOutputIdentifier/no_dashes_or_underscores (0.00s)
    --- PASS: TestNormalizeSafeOutputIdentifier/empty_string (0.00s)
    --- PASS: TestNormalizeSafeOutputIdentifier/add-comment (0.00s)
    --- PASS: TestNormalizeSafeOutputIdentifier/link-sub-issue (0.00s)
=== RUN   TestParseMessagesConfig
=== RUN   TestParseMessagesConfig/empty_map
=== RUN   TestParseMessagesConfig/footer_only
=== RUN   TestParseMessagesConfig/footer-install_only
=== RUN   TestParseMessagesConfig/staged-title_and_staged-description
=== RUN   TestParseMessagesConfig/run_status_messages
=== RUN   TestParseMessagesConfig/all_fields
=== RUN   TestParseMessagesConfig/non-string_values_are_ignored
--- PASS: TestParseMessagesConfig (0.00s)
    --- PASS: TestParseMessagesConfig/empty_map (0.00s)
    --- PASS: TestParseMessagesConfig/footer_only (0.00s)
    --- PASS: TestParseMessagesConfig/footer-install_only (0.00s)
    --- PASS: TestParseMessagesConfig/staged-title_and_staged-description (0.00s)
    --- PASS: TestParseMessagesConfig/run_status_messages (0.00s)
    --- PASS: TestParseMessagesConfig/all_fields (0.00s)
    --- PASS: TestParseMessagesConfig/non-string_values_are_ignored (0.00s)
=== RUN   TestSerializeMessagesConfigComprehensive
=== RUN   TestSerializeMessagesConfigComprehensive/nil_config_returns_empty_string
=== RUN   TestSerializeMessagesConfigComprehensive/empty_config_returns_valid_JSON
=== RUN   TestSerializeMessagesConfigComprehensive/populated_config_returns_valid_JSON
--- PASS: TestSerializeMessagesConfigComprehensive (0.00s)
    --- PASS: TestSerializeMessagesConfigComprehensive/nil_config_returns_empty_string (0.00s)
    --- PASS: TestSerializeMessagesConfigComprehensive/empty_config_returns_valid_JSON (0.00s)
    --- PASS: TestSerializeMessagesConfigComprehensive/populated_config_returns_valid_JSON (0.00s)
=== RUN   TestExtractSafeOutputsConfigActivationComments
=== RUN   TestExtractSafeOutputsConfigActivationComments/activation-comments_bool_false_is_stored_as_string_in_Messages
=== RUN   TestExtractSafeOutputsConfigActivationComments/activation-comments_bool_true_is_stored_as_string_in_Messages
=== RUN   TestExtractSafeOutputsConfigActivationComments/activation-comments_string_value_is_stored_as-is_in_Messages
--- PASS: TestExtractSafeOutputsConfigActivationComments (0.00s)
    --- PASS: TestExtractSafeOutputsConfigActivationComments/activation-comments_bool_false_is_stored_as_string_in_Messages (0.00s)
    --- PASS: TestExtractSafeOutputsConfigActivationComments/activation-comments_bool_true_is_stored_as_string_in_Messages (0.00s)
    --- PASS: TestExtractSafeOutputsConfigActivationComments/activation-comments_string_value_is_stored_as-is_in_Messages (0.00s)
=== RUN   TestGenerateSafeOutputsConfig
=== RUN   TestGenerateSafeOutputsConfig/nil_safe_outputs_returns_empty_string
=== RUN   TestGenerateSafeOutputsConfig/create-issue_config
=== RUN   TestGenerateSafeOutputsConfig/create-agent-session_config
=== RUN   TestGenerateSafeOutputsConfig/add-comment_with_target
=== RUN   TestGenerateSafeOutputsConfig/multiple_safe_outputs
=== RUN   TestGenerateSafeOutputsConfig/safe-jobs_included
=== RUN   TestGenerateSafeOutputsConfig/close-discussion_with_required_fields
=== RUN   TestGenerateSafeOutputsConfig/noop_config
=== RUN   TestGenerateSafeOutputsConfig/update-project_config
--- PASS: TestGenerateSafeOutputsConfig (0.00s)
    --- PASS: TestGenerateSafeOutputsConfig/nil_safe_outputs_returns_empty_string (0.00s)
    --- PASS: TestGenerateSafeOutputsConfig/create-issue_config (0.00s)
    --- PASS: TestGenerateSafeOutputsConfig/create-agent-session_config (0.00s)
    --- PASS: TestGenerateSafeOutputsConfig/add-comment_with_target (0.00s)
    --- PASS: TestGenerateSafeOutputsConfig/multiple_safe_outputs (0.00s)
    --- PASS: TestGenerateSafeOutputsConfig/safe-jobs_included (0.00s)
    --- PASS: TestGenerateSafeOutputsConfig/close-discussion_with_required_fields (0.00s)
    --- PASS: TestGenerateSafeOutputsConfig/noop_config (0.00s)
    --- PASS: TestGenerateSafeOutputsConfig/update-project_config (0.00s)
=== RUN   TestBuildWorkflowMetadataEnvVarsWithTrackerID
=== RUN   TestBuildWorkflowMetadataEnvVarsWithTrackerID/workflow_name_only
=== RUN   TestBuildWorkflowMetadataEnvVarsWithTrackerID/workflow_name_and_source
=== RUN   TestBuildWorkflowMetadataEnvVarsWithTrackerID/with_tracker_ID
=== RUN   TestBuildWorkflowMetadataEnvVarsWithTrackerID/all_fields
=== RUN   TestBuildWorkflowMetadataEnvVarsWithTrackerID/empty_tracker_ID_not_included
--- PASS: TestBuildWorkflowMetadataEnvVarsWithTrackerID (0.00s)
    --- PASS: TestBuildWorkflowMetadataEnvVarsWithTrackerID/workflow_name_only (0.00s)
    --- PASS: TestBuildWorkflowMetadataEnvVarsWithTrackerID/workflow_name_and_source (0.00s)
    --- PASS: TestBuildWorkflowMetadataEnvVarsWithTrackerID/with_tracker_ID (0.00s)
    --- PASS: TestBuildWorkflowMetadataEnvVarsWithTrackerID/all_fields (0.00s)
    --- PASS: TestBuildWorkflowMetadataEnvVarsWithTrackerID/empty_tracker_ID_not_included (0.00s)
=== RUN   TestBuildGitHubScriptStepWithoutDownload
=== RUN   TestBuildGitHubScriptStepWithoutDownload/basic_script_step_without_download
=== RUN   TestBuildGitHubScriptStepWithoutDownload/script_step_without_download_with_custom_env_vars
--- PASS: TestBuildGitHubScriptStepWithoutDownload (0.00s)
    --- PASS: TestBuildGitHubScriptStepWithoutDownload/basic_script_step_without_download (0.00s)
    --- PASS: TestBuildGitHubScriptStepWithoutDownload/script_step_without_download_with_custom_env_vars (0.00s)
=== RUN   TestBuildStandardSafeOutputEnvVars
=== RUN   TestBuildStandardSafeOutputEnvVars/basic_workflow_data
=== RUN   TestBuildStandardSafeOutputEnvVars/with_source_and_tracker_ID
=== RUN   TestBuildStandardSafeOutputEnvVars/with_staged_flag
=== RUN   TestBuildStandardSafeOutputEnvVars/with_target_repo_slug
=== RUN   TestBuildStandardSafeOutputEnvVars/with_messages_config
=== RUN   TestBuildStandardSafeOutputEnvVars/with_engine_config
=== RUN   TestBuildStandardSafeOutputEnvVars/with_repo-memory
--- PASS: TestBuildStandardSafeOutputEnvVars (0.01s)
    --- PASS: TestBuildStandardSafeOutputEnvVars/basic_workflow_data (0.00s)
    --- PASS: TestBuildStandardSafeOutputEnvVars/with_source_and_tracker_ID (0.00s)
    --- PASS: TestBuildStandardSafeOutputEnvVars/with_staged_flag (0.00s)
    --- PASS: TestBuildStandardSafeOutputEnvVars/with_target_repo_slug (0.00s)
    --- PASS: TestBuildStandardSafeOutputEnvVars/with_messages_config (0.00s)
    --- PASS: TestBuildStandardSafeOutputEnvVars/with_engine_config (0.00s)
    --- PASS: TestBuildStandardSafeOutputEnvVars/with_repo-memory (0.00s)
=== RUN   TestGenerateCustomJobToolDefinitionBasic
--- PASS: TestGenerateCustomJobToolDefinitionBasic (0.00s)
=== RUN   TestGenerateCustomJobToolDefinitionDefaultDescription
--- PASS: TestGenerateCustomJobToolDefinitionDefaultDescription (0.00s)
=== RUN   TestGenerateCustomJobToolDefinitionBooleanInput
--- PASS: TestGenerateCustomJobToolDefinitionBooleanInput (0.00s)
=== RUN   TestAddRepoParameterIfNeededCreatesIssueWithRepos
--- PASS: TestAddRepoParameterIfNeededCreatesIssueWithRepos (0.00s)
=== RUN   TestAddRepoParameterIfNeededNoAllowedRepos
--- PASS: TestAddRepoParameterIfNeededNoAllowedRepos (0.00s)
=== RUN   TestAddRepoParameterIfNeededWildcardTargetRepo
--- PASS: TestAddRepoParameterIfNeededWildcardTargetRepo (0.00s)
=== RUN   TestAddRepoParameterIfNeededSpecificTargetRepoNoAllowedRepos
--- PASS: TestAddRepoParameterIfNeededSpecificTargetRepoNoAllowedRepos (0.00s)
=== RUN   TestAddRepoParameterIfNeededClosePullRequestWithAllowedRepos
--- PASS: TestAddRepoParameterIfNeededClosePullRequestWithAllowedRepos (0.00s)
=== RUN   TestParseUpdateIssuesConfigWithWildcardTargetRepo
--- PASS: TestParseUpdateIssuesConfigWithWildcardTargetRepo (0.00s)
=== RUN   TestGenerateDispatchWorkflowToolBasic
--- PASS: TestGenerateDispatchWorkflowToolBasic (0.00s)
=== RUN   TestGenerateDispatchWorkflowToolEmptyInputs
--- PASS: TestGenerateDispatchWorkflowToolEmptyInputs (0.00s)
=== RUN   TestGenerateDispatchWorkflowToolRequiredSorted
--- PASS: TestGenerateDispatchWorkflowToolRequiredSorted (0.00s)
=== RUN   TestComputeRequiredFieldRemovalsCloseDiscussion
--- PASS: TestComputeRequiredFieldRemovalsCloseDiscussion (0.00s)
=== RUN   TestComputeRequiredFieldRemovalsCloseIssue
--- PASS: TestComputeRequiredFieldRemovalsCloseIssue (0.00s)
=== RUN   TestComputeRequiredFieldRemovalsAllowBodyTrue
--- PASS: TestComputeRequiredFieldRemovalsAllowBodyTrue (0.00s)
=== RUN   TestComputeRequiredFieldRemovalsNilConfig
--- PASS: TestComputeRequiredFieldRemovalsNilConfig (0.00s)
=== RUN   TestComputeRequiredFieldRemovals_BothFalse
--- PASS: TestComputeRequiredFieldRemovals_BothFalse (0.00s)
=== RUN   TestComputeRequiredFieldAdditionsRequireTemporaryID
--- PASS: TestComputeRequiredFieldAdditionsRequireTemporaryID (0.00s)
=== RUN   TestComputeRequiredFieldAdditionsDisabledByDefault
--- PASS: TestComputeRequiredFieldAdditionsDisabledByDefault (0.00s)
=== RUN   TestEnhanceToolDescription
=== RUN   TestEnhanceToolDescription/nil_safe_outputs_returns_base_description
=== RUN   TestEnhanceToolDescription/create_issue_with_max
=== RUN   TestEnhanceToolDescription/create_issue_with_title_prefix
=== RUN   TestEnhanceToolDescription/create_issue_with_labels
=== RUN   TestEnhanceToolDescription/create_issue_with_multiple_constraints
=== RUN   TestEnhanceToolDescription/add_labels_with_allowed_labels
=== RUN   TestEnhanceToolDescription/add_labels_with_spaces_in_label_names
=== RUN   TestEnhanceToolDescription/create_discussion_with_category
=== RUN   TestEnhanceToolDescription/update_project_with_max
=== RUN   TestEnhanceToolDescription/update_project_with_project_URL
=== RUN   TestEnhanceToolDescription/update_project_with_max_and_project_URL
=== RUN   TestEnhanceToolDescription/create_project_status_update_with_max
=== RUN   TestEnhanceToolDescription/create_project_status_update_with_project_URL
=== RUN   TestEnhanceToolDescription/create_project_status_update_with_max_and_project_URL
=== RUN   TestEnhanceToolDescription/noop_has_no_constraints
=== RUN   TestEnhanceToolDescription/push_to_pull_request_branch_with_title_prefix
=== RUN   TestEnhanceToolDescription/update_issue_with_title_prefix
=== RUN   TestEnhanceToolDescription/close_issue_with_required_title_prefix
=== RUN   TestEnhanceToolDescription/close_discussion_with_required_title_prefix
=== RUN   TestEnhanceToolDescription/link_sub_issue_with_parent_and_sub_title_prefixes
=== RUN   TestEnhanceToolDescription/unknown_tool_returns_base_description
=== RUN   TestEnhanceToolDescription/update_discussion_with_labels_only
=== RUN   TestEnhanceToolDescription/update_discussion_with_title_and_body
=== RUN   TestEnhanceToolDescription/update_discussion_with_all_fields
=== RUN   TestEnhanceToolDescription/update_discussion_with_labels_(no_allowed_list)
--- PASS: TestEnhanceToolDescription (0.00s)
    --- PASS: TestEnhanceToolDescription/nil_safe_outputs_returns_base_description (0.00s)
    --- PASS: TestEnhanceToolDescription/create_issue_with_max (0.00s)
    --- PASS: TestEnhanceToolDescription/create_issue_with_title_prefix (0.00s)
    --- PASS: TestEnhanceToolDescription/create_issue_with_labels (0.00s)
    --- PASS: TestEnhanceToolDescription/create_issue_with_multiple_constraints (0.00s)
    --- PASS: TestEnhanceToolDescription/add_labels_with_allowed_labels (0.00s)
    --- PASS: TestEnhanceToolDescription/add_labels_with_spaces_in_label_names (0.00s)
    --- PASS: TestEnhanceToolDescription/create_discussion_with_category (0.00s)
    --- PASS: TestEnhanceToolDescription/update_project_with_max (0.00s)
    --- PASS: TestEnhanceToolDescription/update_project_with_project_URL (0.00s)
    --- PASS: TestEnhanceToolDescription/update_project_with_max_and_project_URL (0.00s)
    --- PASS: TestEnhanceToolDescription/create_project_status_update_with_max (0.00s)
    --- PASS: TestEnhanceToolDescription/create_project_status_update_with_project_URL (0.00s)
    --- PASS: TestEnhanceToolDescription/create_project_status_update_with_max_and_project_URL (0.00s)
    --- PASS: TestEnhanceToolDescription/noop_has_no_constraints (0.00s)
    --- PASS: TestEnhanceToolDescription/push_to_pull_request_branch_with_title_prefix (0.00s)
    --- PASS: TestEnhanceToolDescription/update_issue_with_title_prefix (0.00s)
    --- PASS: TestEnhanceToolDescription/close_issue_with_required_title_prefix (0.00s)
    --- PASS: TestEnhanceToolDescription/close_discussion_with_required_title_prefix (0.00s)
    --- PASS: TestEnhanceToolDescription/link_sub_issue_with_parent_and_sub_title_prefixes (0.00s)
    --- PASS: TestEnhanceToolDescription/unknown_tool_returns_base_description (0.00s)
    --- PASS: TestEnhanceToolDescription/update_discussion_with_labels_only (0.00s)
    --- PASS: TestEnhanceToolDescription/update_discussion_with_title_and_body (0.00s)
    --- PASS: TestEnhanceToolDescription/update_discussion_with_all_fields (0.00s)
    --- PASS: TestEnhanceToolDescription/update_discussion_with_labels_(no_allowed_list) (0.00s)
=== RUN   TestSafeOutputsToolsJSONInSync
--- PASS: TestSafeOutputsToolsJSONInSync (0.00s)
=== RUN   TestValidateSafeOutputsURLs
=== RUN   TestValidateSafeOutputsURLs/nil_config
=== RUN   TestValidateSafeOutputsURLs/empty_policy
=== RUN   TestValidateSafeOutputsURLs/allowed-only
=== RUN   TestValidateSafeOutputsURLs/allowed-or-code-region
=== RUN   TestValidateSafeOutputsURLs/invalid
--- PASS: TestValidateSafeOutputsURLs (0.00s)
    --- PASS: TestValidateSafeOutputsURLs/nil_config (0.00s)
    --- PASS: TestValidateSafeOutputsURLs/empty_policy (0.00s)
    --- PASS: TestValidateSafeOutputsURLs/allowed-only (0.00s)
    --- PASS: TestValidateSafeOutputsURLs/allowed-or-code-region (0.00s)
    --- PASS: TestValidateSafeOutputsURLs/invalid (0.00s)
=== RUN   TestValidateSafeOutputsMergePullRequestLabelValidation
=== RUN   TestValidateSafeOutputsMergePullRequestLabelValidation/empty_required-labels_entry_fails
=== RUN   TestValidateSafeOutputsMergePullRequestLabelValidation/non-empty_labels_pass
--- PASS: TestValidateSafeOutputsMergePullRequestLabelValidation (0.00s)
    --- PASS: TestValidateSafeOutputsMergePullRequestLabelValidation/empty_required-labels_entry_fails (0.00s)
    --- PASS: TestValidateSafeOutputsMergePullRequestLabelValidation/non-empty_labels_pass (0.00s)
=== RUN   TestResolveWorkflowExtension
=== RUN   TestResolveWorkflowExtension/prefers_lock_file
=== RUN   TestResolveWorkflowExtension/uses_yml_file
=== RUN   TestResolveWorkflowExtension/falls_back_to_md_as_lock
=== RUN   TestResolveWorkflowExtension/no_file_found
--- PASS: TestResolveWorkflowExtension (0.00s)
    --- PASS: TestResolveWorkflowExtension/prefers_lock_file (0.00s)
    --- PASS: TestResolveWorkflowExtension/uses_yml_file (0.00s)
    --- PASS: TestResolveWorkflowExtension/falls_back_to_md_as_lock (0.00s)
    --- PASS: TestResolveWorkflowExtension/no_file_found (0.00s)
=== RUN   TestParseSafeScriptsConfig
--- PASS: TestParseSafeScriptsConfig (0.00s)
=== RUN   TestParseSafeScriptsConfigNilMap
--- PASS: TestParseSafeScriptsConfigNilMap (0.00s)
=== RUN   TestBuildCustomSafeOutputScriptsJSON
--- PASS: TestBuildCustomSafeOutputScriptsJSON (0.00s)
=== RUN   TestBuildCustomSafeOutputScriptsJSONNormalization
--- PASS: TestBuildCustomSafeOutputScriptsJSONNormalization (0.00s)
=== RUN   TestBuildCustomSafeOutputScriptsJSONEmpty
--- PASS: TestBuildCustomSafeOutputScriptsJSONEmpty (0.00s)
=== RUN   TestGenerateCustomScriptToolDefinition
--- PASS: TestGenerateCustomScriptToolDefinition (0.00s)
=== RUN   TestGenerateSafeOutputScriptContent
--- PASS: TestGenerateSafeOutputScriptContent (0.00s)
=== RUN   TestGenerateSafeOutputScriptContentNoInputs
--- PASS: TestGenerateSafeOutputScriptContentNoInputs (0.00s)
=== RUN   TestScriptNameToHandlerName
=== RUN   TestScriptNameToHandlerName/hyphen-separated
=== RUN   TestScriptNameToHandlerName/underscore-separated
=== RUN   TestScriptNameToHandlerName/mixed
=== RUN   TestScriptNameToHandlerName/single-word
=== RUN   TestScriptNameToHandlerName/camelcase-word
--- PASS: TestScriptNameToHandlerName (0.00s)
    --- PASS: TestScriptNameToHandlerName/hyphen-separated (0.00s)
    --- PASS: TestScriptNameToHandlerName/underscore-separated (0.00s)
    --- PASS: TestScriptNameToHandlerName/mixed (0.00s)
    --- PASS: TestScriptNameToHandlerName/single-word (0.00s)
    --- PASS: TestScriptNameToHandlerName/camelcase-word (0.00s)
=== RUN   TestBuildCustomScriptFilesStep
--- PASS: TestBuildCustomScriptFilesStep (0.00s)
=== RUN   TestBuildCustomScriptFilesStepEmpty
--- PASS: TestBuildCustomScriptFilesStepEmpty (0.00s)
=== RUN   TestHandlerManagerStepIncludesScriptsEnvVar
--- PASS: TestHandlerManagerStepIncludesScriptsEnvVar (0.00s)
=== RUN   TestHandlerManagerStepNoScriptsEnvVar
--- PASS: TestHandlerManagerStepNoScriptsEnvVar (0.00s)
=== RUN   TestSafeOutputsConfigIncludesScripts
--- PASS: TestSafeOutputsConfigIncludesScripts (0.00s)
=== RUN   TestHasAnySafeOutputEnabledWithScripts
--- PASS: TestHasAnySafeOutputEnabledWithScripts (0.00s)
=== RUN   TestHasNonBuiltinSafeOutputsEnabledWithScripts
--- PASS: TestHasNonBuiltinSafeOutputsEnabledWithScripts (0.00s)
=== RUN   TestIsSafeScriptName
=== RUN   TestIsSafeScriptName/plain_name
=== RUN   TestIsSafeScriptName/name_with_numbers
=== RUN   TestIsSafeScriptName/single_word
=== RUN   TestIsSafeScriptName/dot_in_name
=== RUN   TestIsSafeScriptName/forward_slash
=== RUN   TestIsSafeScriptName/backslash
=== RUN   TestIsSafeScriptName/double_dot
=== RUN   TestIsSafeScriptName/leading_dot-dot
=== RUN   TestIsSafeScriptName/double_dot_only
=== RUN   TestIsSafeScriptName/traversal_chain
=== RUN   TestIsSafeScriptName/dot-dot_at_end
--- PASS: TestIsSafeScriptName (0.00s)
    --- PASS: TestIsSafeScriptName/plain_name (0.00s)
    --- PASS: TestIsSafeScriptName/name_with_numbers (0.00s)
    --- PASS: TestIsSafeScriptName/single_word (0.00s)
    --- PASS: TestIsSafeScriptName/dot_in_name (0.00s)
    --- PASS: TestIsSafeScriptName/forward_slash (0.00s)
    --- PASS: TestIsSafeScriptName/backslash (0.00s)
    --- PASS: TestIsSafeScriptName/double_dot (0.00s)
    --- PASS: TestIsSafeScriptName/leading_dot-dot (0.00s)
    --- PASS: TestIsSafeScriptName/double_dot_only (0.00s)
    --- PASS: TestIsSafeScriptName/traversal_chain (0.00s)
    --- PASS: TestIsSafeScriptName/dot-dot_at_end (0.00s)
=== RUN   TestBuildCustomSafeOutputScriptsJSONPathTraversal
=== RUN   TestBuildCustomSafeOutputScriptsJSONPathTraversal/forward_slash_in_name
=== RUN   TestBuildCustomSafeOutputScriptsJSONPathTraversal/backslash_in_name
=== RUN   TestBuildCustomSafeOutputScriptsJSONPathTraversal/double_dot_traversal
=== RUN   TestBuildCustomSafeOutputScriptsJSONPathTraversal/double_dot_only
=== RUN   TestBuildCustomSafeOutputScriptsJSONPathTraversal/multi-level_traversal
--- PASS: TestBuildCustomSafeOutputScriptsJSONPathTraversal (0.00s)
    --- PASS: TestBuildCustomSafeOutputScriptsJSONPathTraversal/forward_slash_in_name (0.00s)
    --- PASS: TestBuildCustomSafeOutputScriptsJSONPathTraversal/backslash_in_name (0.00s)
    --- PASS: TestBuildCustomSafeOutputScriptsJSONPathTraversal/double_dot_traversal (0.00s)
    --- PASS: TestBuildCustomSafeOutputScriptsJSONPathTraversal/double_dot_only (0.00s)
    --- PASS: TestBuildCustomSafeOutputScriptsJSONPathTraversal/multi-level_traversal (0.00s)
=== RUN   TestBuildCustomSafeOutputScriptsJSONPathTraversalMixedWithSafe
--- PASS: TestBuildCustomSafeOutputScriptsJSONPathTraversalMixedWithSafe (0.00s)
=== RUN   TestEnforceSafeUpdate
=== RUN   TestEnforceSafeUpdate/nil_manifest_(lock_file_without_manifest_section)_skips_enforcement
=== RUN   TestEnforceSafeUpdate/nil_manifest_(lock_file_without_manifest_section)_skips_enforcement_for_actions
=== RUN   TestEnforceSafeUpdate/nil_manifest_(lock_file_without_manifest_section)_skips_with_GITHUB_TOKEN
=== RUN   TestEnforceSafeUpdate/nil_manifest_(lock_file_without_manifest_section)_skips_with_no_secrets
=== RUN   TestEnforceSafeUpdate/empty_non-nil_manifest_(no_lock_file)_enforces_—_new_secret_flagged
=== RUN   TestEnforceSafeUpdate/empty_non-nil_manifest_(no_lock_file)_enforces_—_custom_action_flagged
=== RUN   TestEnforceSafeUpdate/empty_non-nil_manifest_(no_lock_file)_allows_GITHUB_TOKEN
=== RUN   TestEnforceSafeUpdate/empty_secrets_and_actions_with_existing_manifest_passes
=== RUN   TestEnforceSafeUpdate/GITHUB_TOKEN_always_allowed_even_when_not_in_manifest
=== RUN   TestEnforceSafeUpdate/GITHUB_TOKEN_with_secrets._prefix_always_allowed
=== RUN   TestEnforceSafeUpdate/known_secret_passes
=== RUN   TestEnforceSafeUpdate/new_restricted_secret_causes_failure
=== RUN   TestEnforceSafeUpdate/multiple_new_secrets_listed_in_error
=== RUN   TestEnforceSafeUpdate/GITHUB_TOKEN_plus_known_secret_passes
=== RUN   TestEnforceSafeUpdate/empty_manifest_blocks_any_new_secret_except_GITHUB_TOKEN
=== RUN   TestEnforceSafeUpdate/known_action_passes
=== RUN   TestEnforceSafeUpdate/known_action_with_different_SHA_(pin_update)_passes
=== RUN   TestEnforceSafeUpdate/new_unapproved_action_causes_failure
=== RUN   TestEnforceSafeUpdate/removed_previously-approved_action_causes_failure
=== RUN   TestEnforceSafeUpdate/both_added_and_removed_actions_reported_together
=== RUN   TestEnforceSafeUpdate/new_secret_and_new_action_both_reported_in_one_error
=== RUN   TestEnforceSafeUpdate/nil_manifest:_new_actions/checkout_is_allowed_on_first_compile
=== RUN   TestEnforceSafeUpdate/new_actions/_action_(not_in_manifest)_is_always_allowed
=== RUN   TestEnforceSafeUpdate/removal_of_actions/_action_from_manifest_is_not_flagged
=== RUN   TestEnforceSafeUpdate/actions/_action_allowed_alongside_non-actions/_violation
=== RUN   TestEnforceSafeUpdate/gh_aw_upgrade:_gh-aw-actions/setup_added_after_manifest_had_gh-aw/actions/setup
=== RUN   TestEnforceSafeUpdate/gh-aw-actions_allowed_on_first_compile_with_nil_manifest
=== RUN   TestEnforceSafeUpdate/new_redirect_causes_failure
=== RUN   TestEnforceSafeUpdate/removed_redirect_causes_failure
=== RUN   TestEnforceSafeUpdate/changed_redirect_reports_add_and_remove
=== RUN   TestEnforceSafeUpdate/redirect_whitespace_differences_are_normalized
--- PASS: TestEnforceSafeUpdate (0.00s)
    --- PASS: TestEnforceSafeUpdate/nil_manifest_(lock_file_without_manifest_section)_skips_enforcement (0.00s)
    --- PASS: TestEnforceSafeUpdate/nil_manifest_(lock_file_without_manifest_section)_skips_enforcement_for_actions (0.00s)
    --- PASS: TestEnforceSafeUpdate/nil_manifest_(lock_file_without_manifest_section)_skips_with_GITHUB_TOKEN (0.00s)
    --- PASS: TestEnforceSafeUpdate/nil_manifest_(lock_file_without_manifest_section)_skips_with_no_secrets (0.00s)
    --- PASS: TestEnforceSafeUpdate/empty_non-nil_manifest_(no_lock_file)_enforces_—_new_secret_flagged (0.00s)
    --- PASS: TestEnforceSafeUpdate/empty_non-nil_manifest_(no_lock_file)_enforces_—_custom_action_flagged (0.00s)
    --- PASS: TestEnforceSafeUpdate/empty_non-nil_manifest_(no_lock_file)_allows_GITHUB_TOKEN (0.00s)
    --- PASS: TestEnforceSafeUpdate/empty_secrets_and_actions_with_existing_manifest_passes (0.00s)
    --- PASS: TestEnforceSafeUpdate/GITHUB_TOKEN_always_allowed_even_when_not_in_manifest (0.00s)
    --- PASS: TestEnforceSafeUpdate/GITHUB_TOKEN_with_secrets._prefix_always_allowed (0.00s)
    --- PASS: TestEnforceSafeUpdate/known_secret_passes (0.00s)
    --- PASS: TestEnforceSafeUpdate/new_restricted_secret_causes_failure (0.00s)
    --- PASS: TestEnforceSafeUpdate/multiple_new_secrets_listed_in_error (0.00s)
    --- PASS: TestEnforceSafeUpdate/GITHUB_TOKEN_plus_known_secret_passes (0.00s)
    --- PASS: TestEnforceSafeUpdate/empty_manifest_blocks_any_new_secret_except_GITHUB_TOKEN (0.00s)
    --- PASS: TestEnforceSafeUpdate/known_action_passes (0.00s)
    --- PASS: TestEnforceSafeUpdate/known_action_with_different_SHA_(pin_update)_passes (0.00s)
    --- PASS: TestEnforceSafeUpdate/new_unapproved_action_causes_failure (0.00s)
    --- PASS: TestEnforceSafeUpdate/removed_previously-approved_action_causes_failure (0.00s)
    --- PASS: TestEnforceSafeUpdate/both_added_and_removed_actions_reported_together (0.00s)
    --- PASS: TestEnforceSafeUpdate/new_secret_and_new_action_both_reported_in_one_error (0.00s)
    --- PASS: TestEnforceSafeUpdate/nil_manifest:_new_actions/checkout_is_allowed_on_first_compile (0.00s)
    --- PASS: TestEnforceSafeUpdate/new_actions/_action_(not_in_manifest)_is_always_allowed (0.00s)
    --- PASS: TestEnforceSafeUpdate/removal_of_actions/_action_from_manifest_is_not_flagged (0.00s)
    --- PASS: TestEnforceSafeUpdate/actions/_action_allowed_alongside_non-actions/_violation (0.00s)
    --- PASS: TestEnforceSafeUpdate/gh_aw_upgrade:_gh-aw-actions/setup_added_after_manifest_had_gh-aw/actions/setup (0.00s)
    --- PASS: TestEnforceSafeUpdate/gh-aw-actions_allowed_on_first_compile_with_nil_manifest (0.00s)
    --- PASS: TestEnforceSafeUpdate/new_redirect_causes_failure (0.00s)
    --- PASS: TestEnforceSafeUpdate/removed_redirect_causes_failure (0.00s)
    --- PASS: TestEnforceSafeUpdate/changed_redirect_reports_add_and_remove (0.00s)
    --- PASS: TestEnforceSafeUpdate/redirect_whitespace_differences_are_normalized (0.00s)
=== RUN   TestBuildSafeUpdateError
=== RUN   TestBuildSafeUpdateError/secrets_only
=== RUN   TestBuildSafeUpdateError/added_actions_only
=== RUN   TestBuildSafeUpdateError/removed_actions_only
=== RUN   TestBuildSafeUpdateError/added_redirect_only
=== RUN   TestBuildSafeUpdateError/removed_redirect_only
=== RUN   TestBuildSafeUpdateError/mixed_violations
--- PASS: TestBuildSafeUpdateError (0.00s)
    --- PASS: TestBuildSafeUpdateError/secrets_only (0.00s)
    --- PASS: TestBuildSafeUpdateError/added_actions_only (0.00s)
    --- PASS: TestBuildSafeUpdateError/removed_actions_only (0.00s)
    --- PASS: TestBuildSafeUpdateError/added_redirect_only (0.00s)
    --- PASS: TestBuildSafeUpdateError/removed_redirect_only (0.00s)
    --- PASS: TestBuildSafeUpdateError/mixed_violations (0.00s)
=== RUN   TestCollectActionViolations
=== RUN   TestCollectActionViolations/no_changes_passes
=== RUN   TestCollectActionViolations/SHA_change_on_same_repo_passes
=== RUN   TestCollectActionViolations/new_repo_is_an_addition
=== RUN   TestCollectActionViolations/missing_repo_is_a_removal
=== RUN   TestCollectActionViolations/empty_manifest_with_no_new_actions_passes
=== RUN   TestCollectActionViolations/new_actions/_action_is_not_an_addition_violation
=== RUN   TestCollectActionViolations/removal_of_actions/_action_from_manifest_is_not_a_removal_violation
=== RUN   TestCollectActionViolations/actions/_action_not_flagged,_non-actions/_action_is_flagged
=== RUN   TestCollectActionViolations/new_github/gh-aw-actions/_action_is_not_an_addition_violation
=== RUN   TestCollectActionViolations/new_github/gh-aw/actions/_action_is_not_an_addition_violation
=== RUN   TestCollectActionViolations/removal_of_github/gh-aw-actions/_action_from_manifest_is_not_a_removal_violation
=== RUN   TestCollectActionViolations/gh-aw-actions_replacement_of_gh-aw/actions_is_not_a_violation
--- PASS: TestCollectActionViolations (0.00s)
    --- PASS: TestCollectActionViolations/no_changes_passes (0.00s)
    --- PASS: TestCollectActionViolations/SHA_change_on_same_repo_passes (0.00s)
    --- PASS: TestCollectActionViolations/new_repo_is_an_addition (0.00s)
    --- PASS: TestCollectActionViolations/missing_repo_is_a_removal (0.00s)
    --- PASS: TestCollectActionViolations/empty_manifest_with_no_new_actions_passes (0.00s)
    --- PASS: TestCollectActionViolations/new_actions/_action_is_not_an_addition_violation (0.00s)
    --- PASS: TestCollectActionViolations/removal_of_actions/_action_from_manifest_is_not_a_removal_violation (0.00s)
    --- PASS: TestCollectActionViolations/actions/_action_not_flagged,_non-actions/_action_is_flagged (0.00s)
    --- PASS: TestCollectActionViolations/new_github/gh-aw-actions/_action_is_not_an_addition_violation (0.00s)
    --- PASS: TestCollectActionViolations/new_github/gh-aw/actions/_action_is_not_an_addition_violation (0.00s)
    --- PASS: TestCollectActionViolations/removal_of_github/gh-aw-actions/_action_from_manifest_is_not_a_removal_violation (0.00s)
    --- PASS: TestCollectActionViolations/gh-aw-actions_replacement_of_gh-aw/actions_is_not_a_violation (0.00s)
=== RUN   TestEffectiveSafeUpdate
=== RUN   TestEffectiveSafeUpdate/approve_off,_no_frontmatter_=>_true_(strict_default)
=== RUN   TestEffectiveSafeUpdate/approve_on_=>_false_(enforcement_skipped)
=== RUN   TestEffectiveSafeUpdate/frontmatter_strict:_false,_approve_off_=>_false
=== RUN   TestEffectiveSafeUpdate/frontmatter_strict:_false,_approve_on_=>_false
=== RUN   TestEffectiveSafeUpdate/frontmatter_strict:_true,_approve_off_=>_true
=== RUN   TestEffectiveSafeUpdate/frontmatter_strict:_true,_approve_on_=>_false_(flag_overrides)
--- PASS: TestEffectiveSafeUpdate (0.00s)
    --- PASS: TestEffectiveSafeUpdate/approve_off,_no_frontmatter_=>_true_(strict_default) (0.00s)
    --- PASS: TestEffectiveSafeUpdate/approve_on_=>_false_(enforcement_skipped) (0.00s)
    --- PASS: TestEffectiveSafeUpdate/frontmatter_strict:_false,_approve_off_=>_false (0.00s)
    --- PASS: TestEffectiveSafeUpdate/frontmatter_strict:_false,_approve_on_=>_false (0.00s)
    --- PASS: TestEffectiveSafeUpdate/frontmatter_strict:_true,_approve_off_=>_true (0.00s)
    --- PASS: TestEffectiveSafeUpdate/frontmatter_strict:_true,_approve_on_=>_false_(flag_overrides) (0.00s)
=== RUN   TestNewGHAWManifest
=== RUN   TestNewGHAWManifest/empty_inputs
=== RUN   TestNewGHAWManifest/secrets_prefix_stripped_to_plain_name
=== RUN   TestNewGHAWManifest/secrets.NAME_prefix_is_stripped_on_input
=== RUN   TestNewGHAWManifest/secrets_are_sorted_and_deduplicated
=== RUN   TestNewGHAWManifest/action_refs_with_SHA_and_comment
=== RUN   TestNewGHAWManifest/action_refs_without_comment_use_sha_as_version
=== RUN   TestNewGHAWManifest/duplicate_action_refs_are_deduplicated
=== RUN   TestNewGHAWManifest/resolution_failures_are_normalized,_deduplicated,_and_sorted
=== RUN   TestNewGHAWManifest/containers_are_sorted_and_deduplicated
=== RUN   TestNewGHAWManifest/container_with_digest_retained
=== RUN   TestNewGHAWManifest/nil_containers_produces_empty_containers_field
=== RUN   TestNewGHAWManifest/redirect_is_included_when_configured
--- PASS: TestNewGHAWManifest (0.00s)
    --- PASS: TestNewGHAWManifest/empty_inputs (0.00s)
    --- PASS: TestNewGHAWManifest/secrets_prefix_stripped_to_plain_name (0.00s)
    --- PASS: TestNewGHAWManifest/secrets.NAME_prefix_is_stripped_on_input (0.00s)
    --- PASS: TestNewGHAWManifest/secrets_are_sorted_and_deduplicated (0.00s)
    --- PASS: TestNewGHAWManifest/action_refs_with_SHA_and_comment (0.00s)
    --- PASS: TestNewGHAWManifest/action_refs_without_comment_use_sha_as_version (0.00s)
    --- PASS: TestNewGHAWManifest/duplicate_action_refs_are_deduplicated (0.00s)
    --- PASS: TestNewGHAWManifest/resolution_failures_are_normalized,_deduplicated,_and_sorted (0.00s)
    --- PASS: TestNewGHAWManifest/containers_are_sorted_and_deduplicated (0.00s)
    --- PASS: TestNewGHAWManifest/container_with_digest_retained (0.00s)
    --- PASS: TestNewGHAWManifest/nil_containers_produces_empty_containers_field (0.00s)
    --- PASS: TestNewGHAWManifest/redirect_is_included_when_configured (0.00s)
=== RUN   TestNewGHAWManifestContainerDigest
--- PASS: TestNewGHAWManifestContainerDigest (0.00s)
=== RUN   TestGHAWManifestToJSON
--- PASS: TestGHAWManifestToJSON (0.00s)
=== RUN   TestExtractGHAWManifestFromLockFile
=== RUN   TestExtractGHAWManifestFromLockFile/no_manifest_line_returns_nil
=== RUN   TestExtractGHAWManifestFromLockFile/manifest_extracted_successfully
=== RUN   TestExtractGHAWManifestFromLockFile/manifest_with_leading_spaces_in_comment
=== RUN   TestExtractGHAWManifestFromLockFile/invalid_JSON_returns_error
=== RUN   TestExtractGHAWManifestFromLockFile/manifest_embedded_in_multi-line_header
=== RUN   TestExtractGHAWManifestFromLockFile/manifest_with_redirect_field
--- PASS: TestExtractGHAWManifestFromLockFile (0.00s)
    --- PASS: TestExtractGHAWManifestFromLockFile/no_manifest_line_returns_nil (0.00s)
    --- PASS: TestExtractGHAWManifestFromLockFile/manifest_extracted_successfully (0.00s)
    --- PASS: TestExtractGHAWManifestFromLockFile/manifest_with_leading_spaces_in_comment (0.00s)
    --- PASS: TestExtractGHAWManifestFromLockFile/invalid_JSON_returns_error (0.00s)
    --- PASS: TestExtractGHAWManifestFromLockFile/manifest_embedded_in_multi-line_header (0.00s)
    --- PASS: TestExtractGHAWManifestFromLockFile/manifest_with_redirect_field (0.00s)
=== RUN   TestNormalizeSecretName
=== RUN   TestNormalizeSecretName/GITHUB_TOKEN
=== RUN   TestNormalizeSecretName/secrets.GITHUB_TOKEN
=== RUN   TestNormalizeSecretName/MY_SECRET
=== RUN   TestNormalizeSecretName/secrets.MY_SECRET
--- PASS: TestNormalizeSecretName (0.00s)
    --- PASS: TestNormalizeSecretName/GITHUB_TOKEN (0.00s)
    --- PASS: TestNormalizeSecretName/secrets.GITHUB_TOKEN (0.00s)
    --- PASS: TestNormalizeSecretName/MY_SECRET (0.00s)
    --- PASS: TestNormalizeSecretName/secrets.MY_SECRET (0.00s)
=== RUN   TestParseActionRefs
=== RUN   TestParseActionRefs/empty_refs
=== RUN   TestParseActionRefs/ref_with_SHA_and_version_comment
=== RUN   TestParseActionRefs/ref_without_comment_uses_sha_as_version
=== RUN   TestParseActionRefs/ref_without_@_is_skipped
=== RUN   TestParseActionRefs/duplicate_refs_deduplicated
=== RUN   TestParseActionRefs/actions_sorted_by_repo_then_sha
--- PASS: TestParseActionRefs (0.00s)
    --- PASS: TestParseActionRefs/empty_refs (0.00s)
    --- PASS: TestParseActionRefs/ref_with_SHA_and_version_comment (0.00s)
    --- PASS: TestParseActionRefs/ref_without_comment_uses_sha_as_version (0.00s)
    --- PASS: TestParseActionRefs/ref_without_@_is_skipped (0.00s)
    --- PASS: TestParseActionRefs/duplicate_refs_deduplicated (0.00s)
    --- PASS: TestParseActionRefs/actions_sorted_by_repo_then_sha (0.00s)
=== RUN   TestDeriveSafeOutputsGuardPolicyFromGitHub
=== RUN   TestDeriveSafeOutputsGuardPolicyFromGitHub/single_repo_pattern
=== RUN   TestDeriveSafeOutputsGuardPolicyFromGitHub/owner_wildcard_pattern
=== RUN   TestDeriveSafeOutputsGuardPolicyFromGitHub/repo_prefix_wildcard_pattern
=== RUN   TestDeriveSafeOutputsGuardPolicyFromGitHub/repos_set_to_all
=== RUN   TestDeriveSafeOutputsGuardPolicyFromGitHub/repos_set_to_public
=== RUN   TestDeriveSafeOutputsGuardPolicyFromGitHub/repos_set_to_github.repository_expression
=== RUN   TestDeriveSafeOutputsGuardPolicyFromGitHub/multiple_repo_patterns_as_[]any
=== RUN   TestDeriveSafeOutputsGuardPolicyFromGitHub/multiple_repo_patterns_as_[]string
=== RUN   TestDeriveSafeOutputsGuardPolicyFromGitHub/mixed_patterns_with_owner_wildcard
=== RUN   TestDeriveSafeOutputsGuardPolicyFromGitHub/array_with_all_three_pattern_types
=== RUN   TestDeriveSafeOutputsGuardPolicyFromGitHub/array_with_multiple_owner_wildcards
=== RUN   TestDeriveSafeOutputsGuardPolicyFromGitHub/no_repos_configured
=== RUN   TestDeriveSafeOutputsGuardPolicyFromGitHub/no_guard_policy_at_all
=== RUN   TestDeriveSafeOutputsGuardPolicyFromGitHub/nil_github_tool
=== RUN   TestDeriveSafeOutputsGuardPolicyFromGitHub/empty_github_tool_map
--- PASS: TestDeriveSafeOutputsGuardPolicyFromGitHub (0.00s)
    --- PASS: TestDeriveSafeOutputsGuardPolicyFromGitHub/single_repo_pattern (0.00s)
    --- PASS: TestDeriveSafeOutputsGuardPolicyFromGitHub/owner_wildcard_pattern (0.00s)
    --- PASS: TestDeriveSafeOutputsGuardPolicyFromGitHub/repo_prefix_wildcard_pattern (0.00s)
    --- PASS: TestDeriveSafeOutputsGuardPolicyFromGitHub/repos_set_to_all (0.00s)
    --- PASS: TestDeriveSafeOutputsGuardPolicyFromGitHub/repos_set_to_public (0.00s)
    --- PASS: TestDeriveSafeOutputsGuardPolicyFromGitHub/repos_set_to_github.repository_expression (0.00s)
    --- PASS: TestDeriveSafeOutputsGuardPolicyFromGitHub/multiple_repo_patterns_as_[]any (0.00s)
    --- PASS: TestDeriveSafeOutputsGuardPolicyFromGitHub/multiple_repo_patterns_as_[]string (0.00s)
    --- PASS: TestDeriveSafeOutputsGuardPolicyFromGitHub/mixed_patterns_with_owner_wildcard (0.00s)
    --- PASS: TestDeriveSafeOutputsGuardPolicyFromGitHub/array_with_all_three_pattern_types (0.00s)
    --- PASS: TestDeriveSafeOutputsGuardPolicyFromGitHub/array_with_multiple_owner_wildcards (0.00s)
    --- PASS: TestDeriveSafeOutputsGuardPolicyFromGitHub/no_repos_configured (0.00s)
    --- PASS: TestDeriveSafeOutputsGuardPolicyFromGitHub/no_guard_policy_at_all (0.00s)
    --- PASS: TestDeriveSafeOutputsGuardPolicyFromGitHub/nil_github_tool (0.00s)
    --- PASS: TestDeriveSafeOutputsGuardPolicyFromGitHub/empty_github_tool_map (0.00s)
=== RUN   TestExtractSafeOutputsConfig_UseSamplesDisablesThreatDetection
=== RUN   TestExtractSafeOutputsConfig_UseSamplesDisablesThreatDetection/default_mode_applies_threat-detection
=== RUN   TestExtractSafeOutputsConfig_UseSamplesDisablesThreatDetection/use-samples_disables_threat-detection_(default)
=== RUN   TestExtractSafeOutputsConfig_UseSamplesDisablesThreatDetection/use-samples_disables_threat-detection_(explicit_true)
--- PASS: TestExtractSafeOutputsConfig_UseSamplesDisablesThreatDetection (0.00s)
    --- PASS: TestExtractSafeOutputsConfig_UseSamplesDisablesThreatDetection/default_mode_applies_threat-detection (0.00s)
    --- PASS: TestExtractSafeOutputsConfig_UseSamplesDisablesThreatDetection/use-samples_disables_threat-detection_(default) (0.00s)
    --- PASS: TestExtractSafeOutputsConfig_UseSamplesDisablesThreatDetection/use-samples_disables_threat-detection_(explicit_true) (0.00s)
=== RUN   TestValidateSafeOutputsSamples_Valid
--- PASS: TestValidateSafeOutputsSamples_Valid (0.01s)
=== RUN   TestValidateSafeOutputsSamples_MissingRequired
--- PASS: TestValidateSafeOutputsSamples_MissingRequired (0.00s)
=== RUN   TestValidateSafeOutputsSamples_SidecarStripped
--- PASS: TestValidateSafeOutputsSamples_SidecarStripped (0.00s)
=== RUN   TestCollectSampleEntries_DeterministicOrdering
--- PASS: TestCollectSampleEntries_DeterministicOrdering (0.00s)
=== RUN   TestCollectSampleEntries_SidecarPartitioning
--- PASS: TestCollectSampleEntries_SidecarPartitioning (0.00s)
=== RUN   TestValidateSafeOutputsSamples_RuntimeExpressionsBypassValidation
--- PASS: TestValidateSafeOutputsSamples_RuntimeExpressionsBypassValidation (0.00s)
=== RUN   TestValidateSafeOutputsSamples_RuntimeExpressionsInNestedValues
--- PASS: TestValidateSafeOutputsSamples_RuntimeExpressionsInNestedValues (0.00s)
=== RUN   TestValidateSafeOutputsSamples_NonExpressionErrorsStillReported
--- PASS: TestValidateSafeOutputsSamples_NonExpressionErrorsStillReported (0.00s)
=== RUN   TestSubstituteRuntimeExpressionsForValidation_LeavesLiteralsUntouched
--- PASS: TestSubstituteRuntimeExpressionsForValidation_LeavesLiteralsUntouched (0.00s)
=== RUN   TestValidateSafeOutputsSamples_RuntimeExpressionWithEmbeddedBrace
--- PASS: TestValidateSafeOutputsSamples_RuntimeExpressionWithEmbeddedBrace (0.00s)
=== RUN   TestValidateSafeOutputsSamples_RuntimeExpressionInEnumField
--- PASS: TestValidateSafeOutputsSamples_RuntimeExpressionInEnumField (0.00s)
=== RUN   TestValidateSafeOutputsSamples_RuntimeExpressionInBooleanField
--- PASS: TestValidateSafeOutputsSamples_RuntimeExpressionInBooleanField (0.00s)
=== RUN   TestValidateSafeOutputsSamples_DynamicToolsDeferredToRuntime
--- PASS: TestValidateSafeOutputsSamples_DynamicToolsDeferredToRuntime (0.00s)
=== RUN   TestValidateSamplesForTool_DispatchRepositoryDeferred
--- PASS: TestValidateSamplesForTool_DispatchRepositoryDeferred (0.00s)
=== RUN   TestValidateSamplesForTool_UnknownStillFails
--- PASS: TestValidateSamplesForTool_UnknownStillFails (0.00s)
=== RUN   TestPlaceholderForSchema
=== RUN   TestPlaceholderForSchema/nil_schema
=== RUN   TestPlaceholderForSchema/enum_picks_first_value
=== RUN   TestPlaceholderForSchema/boolean
=== RUN   TestPlaceholderForSchema/number
=== RUN   TestPlaceholderForSchema/integer
=== RUN   TestPlaceholderForSchema/type_union_prefers_string
=== RUN   TestPlaceholderForSchema/date_format
=== RUN   TestPlaceholderForSchema/uri_format
=== RUN   TestPlaceholderForSchema/string_minLength_pads_placeholder
--- PASS: TestPlaceholderForSchema (0.00s)
    --- PASS: TestPlaceholderForSchema/nil_schema (0.00s)
    --- PASS: TestPlaceholderForSchema/enum_picks_first_value (0.00s)
    --- PASS: TestPlaceholderForSchema/boolean (0.00s)
    --- PASS: TestPlaceholderForSchema/number (0.00s)
    --- PASS: TestPlaceholderForSchema/integer (0.00s)
    --- PASS: TestPlaceholderForSchema/type_union_prefers_string (0.00s)
    --- PASS: TestPlaceholderForSchema/date_format (0.00s)
    --- PASS: TestPlaceholderForSchema/uri_format (0.00s)
    --- PASS: TestPlaceholderForSchema/string_minLength_pads_placeholder (0.00s)
=== RUN   TestCustomAWFConfiguration
=== RUN   TestCustomAWFConfiguration/custom_command_replaces_AWF_installation
=== RUN   TestCustomAWFConfiguration/nil_agent_config_uses_standard_installation
=== RUN   TestCustomAWFConfiguration/agent_config_without_command_uses_standard_installation
--- PASS: TestCustomAWFConfiguration (0.00s)
    --- PASS: TestCustomAWFConfiguration/custom_command_replaces_AWF_installation (0.00s)
    --- PASS: TestCustomAWFConfiguration/nil_agent_config_uses_standard_installation (0.00s)
    --- PASS: TestCustomAWFConfiguration/agent_config_without_command_uses_standard_installation (0.00s)
=== RUN   TestGetAgentType
=== RUN   TestGetAgentType/nil_agent_returns_empty
=== RUN   TestGetAgentType/ID_field_takes_precedence_over_Type
=== RUN   TestGetAgentType/Type_field_used_when_ID_is_empty
=== RUN   TestGetAgentType/ID_field_only
--- PASS: TestGetAgentType (0.00s)
    --- PASS: TestGetAgentType/nil_agent_returns_empty (0.00s)
    --- PASS: TestGetAgentType/ID_field_takes_precedence_over_Type (0.00s)
    --- PASS: TestGetAgentType/Type_field_used_when_ID_is_empty (0.00s)
    --- PASS: TestGetAgentType/ID_field_only (0.00s)
=== RUN   TestCustomAWFCommandExecution
=== RUN   TestCustomAWFCommandExecution/custom_command_and_args_in_workflow_compilation
/tmp/custom-awf-test783394949/test-workflow.md: info: Tip: set permissions.copilot-requests: write to use GitHub Actions token-based inference with the Copilot engine instead of a personal access token (COPILOT_GITHUB_TOKEN). This option requires that your organization has centralized Copilot billing enabled and may not be available in all organizations — see https://github.github.com/gh-aw/reference/billing/ for details.

✓ /tmp/custom-awf-test783394949/test-workflow.md (73.0 KB)
=== RUN   TestCustomAWFCommandExecution/legacy_type_field_still_works
/tmp/legacy-type-test130753481/test-workflow.md: info: Tip: set permissions.copilot-requests: write to use GitHub Actions token-based inference with the Copilot engine instead of a personal access token (COPILOT_GITHUB_TOKEN). This option requires that your organization has centralized Copilot billing enabled and may not be available in all organizations — see https://github.github.com/gh-aw/reference/billing/ for details.

✓ /tmp/legacy-type-test130753481/test-workflow.md (73.0 KB)
=== RUN   TestCustomAWFCommandExecution/custom_command_and_args_for_AWF
/tmp/custom-awf-test3907624481/test-workflow.md: info: Tip: set permissions.copilot-requests: write to use GitHub Actions token-based inference with the Copilot engine instead of a personal access token (COPILOT_GITHUB_TOKEN). This option requires that your organization has centralized Copilot billing enabled and may not be available in all organizations — see https://github.github.com/gh-aw/reference/billing/ for details.

✓ /tmp/custom-awf-test3907624481/test-workflow.md (75.0 KB)
--- PASS: TestCustomAWFCommandExecution (0.03s)
    --- PASS: TestCustomAWFCommandExecution/custom_command_and_args_in_workflow_compilation (0.01s)
    --- PASS: TestCustomAWFCommandExecution/legacy_type_field_still_works (0.01s)
    --- PASS: TestCustomAWFCommandExecution/custom_command_and_args_for_AWF (0.01s)
=== RUN   TestValidateMountsSyntax
=== RUN   TestValidateMountsSyntax/valid_read-only_mount
=== RUN   TestValidateMountsSyntax/valid_read-write_mount
=== RUN   TestValidateMountsSyntax/multiple_valid_mounts
=== RUN   TestValidateMountsSyntax/empty_mounts_list
=== RUN   TestValidateMountsSyntax/invalid_mount_-_too_few_parts
=== RUN   TestValidateMountsSyntax/invalid_mount_-_too_many_parts
=== RUN   TestValidateMountsSyntax/invalid_mount_-_empty_source
=== RUN   TestValidateMountsSyntax/invalid_mount_-_empty_destination
=== RUN   TestValidateMountsSyntax/invalid_mount_-_invalid_mode
=== RUN   TestValidateMountsSyntax/invalid_mount_-_uppercase_mode
=== RUN   TestValidateMountsSyntax/mixed_valid_and_invalid_mounts
--- PASS: TestValidateMountsSyntax (0.00s)
    --- PASS: TestValidateMountsSyntax/valid_read-only_mount (0.00s)
    --- PASS: TestValidateMountsSyntax/valid_read-write_mount (0.00s)
    --- PASS: TestValidateMountsSyntax/multiple_valid_mounts (0.00s)
    --- PASS: TestValidateMountsSyntax/empty_mounts_list (0.00s)
    --- PASS: TestValidateMountsSyntax/invalid_mount_-_too_few_parts (0.00s)
    --- PASS: TestValidateMountsSyntax/invalid_mount_-_too_many_parts (0.00s)
    --- PASS: TestValidateMountsSyntax/invalid_mount_-_empty_source (0.00s)
    --- PASS: TestValidateMountsSyntax/invalid_mount_-_empty_destination (0.00s)
    --- PASS: TestValidateMountsSyntax/invalid_mount_-_invalid_mode (0.00s)
    --- PASS: TestValidateMountsSyntax/invalid_mount_-_uppercase_mode (0.00s)
    --- PASS: TestValidateMountsSyntax/mixed_valid_and_invalid_mounts (0.00s)
=== RUN   TestSandboxConfigWithMounts
=== RUN   TestSandboxConfigWithMounts/valid_mounts_in_agent_config
=== RUN   TestSandboxConfigWithMounts/no_mounts_in_agent_config
=== RUN   TestSandboxConfigWithMounts/invalid_mount_syntax_in_agent_config
=== RUN   TestSandboxConfigWithMounts/invalid_mode_in_mount
--- PASS: TestSandboxConfigWithMounts (0.00s)
    --- PASS: TestSandboxConfigWithMounts/valid_mounts_in_agent_config (0.00s)
    --- PASS: TestSandboxConfigWithMounts/no_mounts_in_agent_config (0.00s)
    --- PASS: TestSandboxConfigWithMounts/invalid_mount_syntax_in_agent_config (0.00s)
    --- PASS: TestSandboxConfigWithMounts/invalid_mode_in_mount (0.00s)
=== RUN   TestCopilotEngineWithCustomMounts
=== RUN   TestCopilotEngineWithCustomMounts/custom_mounts_are_included_in_AWF_command
=== RUN   TestCopilotEngineWithCustomMounts/no_custom_mounts_when_not_specified
=== RUN   TestCopilotEngineWithCustomMounts/custom_mounts_are_sorted_alphabetically
--- PASS: TestCopilotEngineWithCustomMounts (0.00s)
    --- PASS: TestCopilotEngineWithCustomMounts/custom_mounts_are_included_in_AWF_command (0.00s)
    --- PASS: TestCopilotEngineWithCustomMounts/no_custom_mounts_when_not_specified (0.00s)
    --- PASS: TestCopilotEngineWithCustomMounts/custom_mounts_are_sorted_alphabetically (0.00s)
=== RUN   TestValidateSandboxConfig
=== RUN   TestValidateSandboxConfig/nil_workflow_data
=== RUN   TestValidateSandboxConfig/nil_sandbox_config
=== RUN   TestValidateSandboxConfig/valid_AWF_sandbox_config
=== RUN   TestValidateSandboxConfig/sandbox.agent_false_with_valid_justification
=== RUN   TestValidateSandboxConfig/sandbox.agent_false_without_justification
=== RUN   TestValidateSandboxConfig/sandbox.agent_false_with_short_justification
=== RUN   TestValidateSandboxConfig/sandbox.agent_false_with_expression_justification
--- PASS: TestValidateSandboxConfig (0.00s)
    --- PASS: TestValidateSandboxConfig/nil_workflow_data (0.00s)
    --- PASS: TestValidateSandboxConfig/nil_sandbox_config (0.00s)
    --- PASS: TestValidateSandboxConfig/valid_AWF_sandbox_config (0.00s)
    --- PASS: TestValidateSandboxConfig/sandbox.agent_false_with_valid_justification (0.00s)
    --- PASS: TestValidateSandboxConfig/sandbox.agent_false_without_justification (0.00s)
    --- PASS: TestValidateSandboxConfig/sandbox.agent_false_with_short_justification (0.00s)
    --- PASS: TestValidateSandboxConfig/sandbox.agent_false_with_expression_justification (0.00s)
=== RUN   TestApplySandboxDefaults
=== RUN   TestApplySandboxDefaults/nil_config_creates_default_with_AWF
=== RUN   TestApplySandboxDefaults/explicit_AWF_config_preserved
=== RUN   TestApplySandboxDefaults/version-only_agent_defaults_to_AWF
=== RUN   TestApplySandboxDefaults/empty_ID_agent_defaults_to_AWF
=== RUN   TestApplySandboxDefaults/disabled_agent_is_preserved
=== RUN   TestApplySandboxDefaults/existing_allowWrite_entries_are_preserved
--- PASS: TestApplySandboxDefaults (0.00s)
    --- PASS: TestApplySandboxDefaults/nil_config_creates_default_with_AWF (0.00s)
    --- PASS: TestApplySandboxDefaults/explicit_AWF_config_preserved (0.00s)
    --- PASS: TestApplySandboxDefaults/version-only_agent_defaults_to_AWF (0.00s)
    --- PASS: TestApplySandboxDefaults/empty_ID_agent_defaults_to_AWF (0.00s)
    --- PASS: TestApplySandboxDefaults/disabled_agent_is_preserved (0.00s)
    --- PASS: TestApplySandboxDefaults/existing_allowWrite_entries_are_preserved (0.00s)
=== RUN   TestDefaultAgentWorkspaceWritePath
--- PASS: TestDefaultAgentWorkspaceWritePath (0.00s)
=== RUN   TestWorkflowHashWithSandbox
--- PASS: TestWorkflowHashWithSandbox (0.00s)
=== RUN   TestSandboxTypeEnumValidation
=== RUN   TestSandboxTypeEnumValidation/valid_type:_awf
=== RUN   TestSandboxTypeEnumValidation/valid_type:_default_(backward_compat)
=== RUN   TestSandboxTypeEnumValidation/invalid_type:_AWF_(uppercase)
=== RUN   TestSandboxTypeEnumValidation/invalid_type:_Default_(mixed_case)
=== RUN   TestSandboxTypeEnumValidation/invalid_type:_empty_string
--- PASS: TestSandboxTypeEnumValidation (0.00s)
    --- PASS: TestSandboxTypeEnumValidation/valid_type:_awf (0.00s)
    --- PASS: TestSandboxTypeEnumValidation/valid_type:_default_(backward_compat) (0.00s)
    --- PASS: TestSandboxTypeEnumValidation/invalid_type:_AWF_(uppercase) (0.00s)
    --- PASS: TestSandboxTypeEnumValidation/invalid_type:_Default_(mixed_case) (0.00s)
    --- PASS: TestSandboxTypeEnumValidation/invalid_type:_empty_string (0.00s)
=== RUN   TestSandboxTypeCaseSensitivity
=== RUN   TestSandboxTypeCaseSensitivity/lowercase_awf_matches
=== RUN   TestSandboxTypeCaseSensitivity/uppercase_AWF_does_not_match
=== RUN   TestSandboxTypeCaseSensitivity/mixed_case_Awf_does_not_match
=== RUN   TestSandboxTypeCaseSensitivity/lowercase_default_matches
=== RUN   TestSandboxTypeCaseSensitivity/uppercase_DEFAULT_does_not_match
--- PASS: TestSandboxTypeCaseSensitivity (0.00s)
    --- PASS: TestSandboxTypeCaseSensitivity/lowercase_awf_matches (0.00s)
    --- PASS: TestSandboxTypeCaseSensitivity/uppercase_AWF_does_not_match (0.00s)
    --- PASS: TestSandboxTypeCaseSensitivity/mixed_case_Awf_does_not_match (0.00s)
    --- PASS: TestSandboxTypeCaseSensitivity/lowercase_default_matches (0.00s)
    --- PASS: TestSandboxTypeCaseSensitivity/uppercase_DEFAULT_does_not_match (0.00s)
=== RUN   TestGetSandboxDisableJustification
=== RUN   TestGetSandboxDisableJustification/boolean_true_is_rejected
=== RUN   TestGetSandboxDisableJustification/boolean_false_is_rejected
=== RUN   TestGetSandboxDisableJustification/empty_string_is_rejected
=== RUN   TestGetSandboxDisableJustification/short_string_is_rejected
=== RUN   TestGetSandboxDisableJustification/whitespace-padded_short_string_is_rejected
=== RUN   TestGetSandboxDisableJustification/whitespace-padded_string_where_trimmed_is_below_minimum_is_rejected
=== RUN   TestGetSandboxDisableJustification/GitHub_Actions_expression_is_rejected
=== RUN   TestGetSandboxDisableJustification/longer_expression_with_surrounding_text_is_rejected
=== RUN   TestGetSandboxDisableJustification/20+_character_literal_reason_passes
=== RUN   TestGetSandboxDisableJustification/justification_is_trimmed_before_return
=== RUN   TestGetSandboxDisableJustification/feature_missing_returns_error
=== RUN   TestGetSandboxDisableJustification/nil_features_returns_error
=== RUN   TestGetSandboxDisableJustification/nil_workflow_data_returns_error
--- PASS: TestGetSandboxDisableJustification (0.00s)
    --- PASS: TestGetSandboxDisableJustification/boolean_true_is_rejected (0.00s)
    --- PASS: TestGetSandboxDisableJustification/boolean_false_is_rejected (0.00s)
    --- PASS: TestGetSandboxDisableJustification/empty_string_is_rejected (0.00s)
    --- PASS: TestGetSandboxDisableJustification/short_string_is_rejected (0.00s)
    --- PASS: TestGetSandboxDisableJustification/whitespace-padded_short_string_is_rejected (0.00s)
    --- PASS: TestGetSandboxDisableJustification/whitespace-padded_string_where_trimmed_is_below_minimum_is_rejected (0.00s)
    --- PASS: TestGetSandboxDisableJustification/GitHub_Actions_expression_is_rejected (0.00s)
    --- PASS: TestGetSandboxDisableJustification/longer_expression_with_surrounding_text_is_rejected (0.00s)
    --- PASS: TestGetSandboxDisableJustification/20+_character_literal_reason_passes (0.00s)
    --- PASS: TestGetSandboxDisableJustification/justification_is_trimmed_before_return (0.00s)
    --- PASS: TestGetSandboxDisableJustification/feature_missing_returns_error (0.00s)
    --- PASS: TestGetSandboxDisableJustification/nil_features_returns_error (0.00s)
    --- PASS: TestGetSandboxDisableJustification/nil_workflow_data_returns_error (0.00s)
=== RUN   TestValidateSandboxConfigTrustBoundaryMessage
--- PASS: TestValidateSandboxConfigTrustBoundaryMessage (0.00s)
=== RUN   TestValidateSandboxConfigStoresJustification
--- PASS: TestValidateSandboxConfigStoresJustification (0.00s)
=== RUN   TestScheduleWorkflowDispatchAutomatic
=== RUN   TestScheduleWorkflowDispatchAutomatic/schedule_array_format_-_should_add_workflow_dispatch
=== RUN   TestScheduleWorkflowDispatchAutomatic/schedule_string_format_-_should_add_workflow_dispatch
=== RUN   TestScheduleWorkflowDispatchAutomatic/schedule_with_existing_workflow_dispatch_-_should_keep_it
=== RUN   TestScheduleWorkflowDispatchAutomatic/multiple_schedules_-_should_add_workflow_dispatch
=== RUN   TestScheduleWorkflowDispatchAutomatic/schedule_with_other_triggers_-_should_add_workflow_dispatch
--- PASS: TestScheduleWorkflowDispatchAutomatic (0.00s)
    --- PASS: TestScheduleWorkflowDispatchAutomatic/schedule_array_format_-_should_add_workflow_dispatch (0.00s)
    --- PASS: TestScheduleWorkflowDispatchAutomatic/schedule_string_format_-_should_add_workflow_dispatch (0.00s)
    --- PASS: TestScheduleWorkflowDispatchAutomatic/schedule_with_existing_workflow_dispatch_-_should_keep_it (0.00s)
    --- PASS: TestScheduleWorkflowDispatchAutomatic/multiple_schedules_-_should_add_workflow_dispatch (0.00s)
    --- PASS: TestScheduleWorkflowDispatchAutomatic/schedule_with_other_triggers_-_should_add_workflow_dispatch (0.00s)
=== RUN   TestSchedulePreprocessingShorthandOnString
=== RUN   TestSchedulePreprocessingShorthandOnString/on:_daily
    schedule_preprocessing_test.go:346: Successfully scattered schedule to: 8 4 * * *
=== RUN   TestSchedulePreprocessingShorthandOnString/on:_weekly
    schedule_preprocessing_test.go:346: Successfully scattered schedule to: 8 4 * * 0
=== RUN   TestSchedulePreprocessingShorthandOnString/on:_daily_at_14:00
=== RUN   TestSchedulePreprocessingShorthandOnString/on:_weekly_on_monday
    schedule_preprocessing_test.go:346: Successfully scattered schedule to: 8 4 * * 1
=== RUN   TestSchedulePreprocessingShorthandOnString/on:_every_10_minutes
=== RUN   TestSchedulePreprocessingShorthandOnString/on:_0_9_*_*_1_(cron_expression)
=== RUN   TestSchedulePreprocessingShorthandOnString/on:_push_(not_a_schedule)
=== RUN   TestSchedulePreprocessingShorthandOnString/on:_invalid_schedule
--- PASS: TestSchedulePreprocessingShorthandOnString (0.01s)
    --- PASS: TestSchedulePreprocessingShorthandOnString/on:_daily (0.00s)
    --- PASS: TestSchedulePreprocessingShorthandOnString/on:_weekly (0.00s)
    --- PASS: TestSchedulePreprocessingShorthandOnString/on:_daily_at_14:00 (0.00s)
    --- PASS: TestSchedulePreprocessingShorthandOnString/on:_weekly_on_monday (0.00s)
    --- PASS: TestSchedulePreprocessingShorthandOnString/on:_every_10_minutes (0.00s)
    --- PASS: TestSchedulePreprocessingShorthandOnString/on:_0_9_*_*_1_(cron_expression) (0.00s)
    --- PASS: TestSchedulePreprocessingShorthandOnString/on:_push_(not_a_schedule) (0.00s)
    --- PASS: TestSchedulePreprocessingShorthandOnString/on:_invalid_schedule (0.00s)
=== RUN   TestSchedulePreprocessing
=== RUN   TestSchedulePreprocessing/daily_schedule
=== RUN   TestSchedulePreprocessing/weekly_schedule
=== RUN   TestSchedulePreprocessing/interval_schedule
=== RUN   TestSchedulePreprocessing/existing_cron_expression_unchanged
=== RUN   TestSchedulePreprocessing/multiple_schedules
=== RUN   TestSchedulePreprocessing/invalid_schedule_format
=== RUN   TestSchedulePreprocessing/shorthand_string_format_-_daily
=== RUN   TestSchedulePreprocessing/shorthand_string_format_-_weekly
=== RUN   TestSchedulePreprocessing/shorthand_string_format_-_interval
=== RUN   TestSchedulePreprocessing/shorthand_string_format_-_existing_cron
=== RUN   TestSchedulePreprocessing/shorthand_string_format_-_invalid
--- PASS: TestSchedulePreprocessing (0.01s)
    --- PASS: TestSchedulePreprocessing/daily_schedule (0.00s)
    --- PASS: TestSchedulePreprocessing/weekly_schedule (0.00s)
    --- PASS: TestSchedulePreprocessing/interval_schedule (0.00s)
    --- PASS: TestSchedulePreprocessing/existing_cron_expression_unchanged (0.00s)
    --- PASS: TestSchedulePreprocessing/multiple_schedules (0.00s)
    --- PASS: TestSchedulePreprocessing/invalid_schedule_format (0.00s)
    --- PASS: TestSchedulePreprocessing/shorthand_string_format_-_daily (0.00s)
    --- PASS: TestSchedulePreprocessing/shorthand_string_format_-_weekly (0.00s)
    --- PASS: TestSchedulePreprocessing/shorthand_string_format_-_interval (0.00s)
    --- PASS: TestSchedulePreprocessing/shorthand_string_format_-_existing_cron (0.00s)
    --- PASS: TestSchedulePreprocessing/shorthand_string_format_-_invalid (0.00s)
=== RUN   TestScheduleFriendlyComments
--- PASS: TestScheduleFriendlyComments (0.00s)
=== RUN   TestFuzzyScheduleScattering
=== RUN   TestFuzzyScheduleScattering/fuzzy_daily_schedule_with_identifier
=== RUN   TestFuzzyScheduleScattering/fuzzy_daily_schedule_without_identifier
--- PASS: TestFuzzyScheduleScattering (0.00s)
    --- PASS: TestFuzzyScheduleScattering/fuzzy_daily_schedule_with_identifier (0.00s)
    --- PASS: TestFuzzyScheduleScattering/fuzzy_daily_schedule_without_identifier (0.00s)
=== RUN   TestFuzzyScheduleScatteringDeterministic
--- PASS: TestFuzzyScheduleScatteringDeterministic (0.00s)
=== RUN   TestSchedulePreprocessingWithFuzzyDaily
=== RUN   TestSchedulePreprocessingWithFuzzyDaily/fuzzy_daily_-_shorthand_string
    schedule_preprocessing_test.go:820: Successfully scattered fuzzy daily schedule to: 8 4 * * *
=== RUN   TestSchedulePreprocessingWithFuzzyDaily/fuzzy_daily_-_array_format
    schedule_preprocessing_test.go:820: Successfully scattered fuzzy daily schedule to: 8 4 * * *
=== RUN   TestSchedulePreprocessingWithFuzzyDaily/fuzzy_daily_at_specific_time
=== RUN   TestSchedulePreprocessingWithFuzzyDaily/fuzzy_daily_around_specific_time
    schedule_preprocessing_test.go:820: Successfully scattered fuzzy daily schedule to: 38 14 * * *
=== RUN   TestSchedulePreprocessingWithFuzzyDaily/fuzzy_daily_with_multiple_schedules
    schedule_preprocessing_test.go:820: Successfully scattered fuzzy daily schedule to: 8 4 * * *
--- PASS: TestSchedulePreprocessingWithFuzzyDaily (0.00s)
    --- PASS: TestSchedulePreprocessingWithFuzzyDaily/fuzzy_daily_-_shorthand_string (0.00s)
    --- PASS: TestSchedulePreprocessingWithFuzzyDaily/fuzzy_daily_-_array_format (0.00s)
    --- PASS: TestSchedulePreprocessingWithFuzzyDaily/fuzzy_daily_at_specific_time (0.00s)
    --- PASS: TestSchedulePreprocessingWithFuzzyDaily/fuzzy_daily_around_specific_time (0.00s)
    --- PASS: TestSchedulePreprocessingWithFuzzyDaily/fuzzy_daily_with_multiple_schedules (0.00s)
=== RUN   TestSchedulePreprocessingDailyVariations
    schedule_preprocessing_test.go:885: Successfully compiled 'daily' to valid cron: 19 2 * * *
--- PASS: TestSchedulePreprocessingDailyVariations (0.00s)
=== RUN   TestSlashCommandShorthand
=== RUN   TestSlashCommandShorthand/on:_/command
=== RUN   TestSlashCommandShorthand/on:_/another-command
=== RUN   TestSlashCommandShorthand/on:_/_(empty_command)
--- PASS: TestSlashCommandShorthand (0.00s)
    --- PASS: TestSlashCommandShorthand/on:_/command (0.00s)
    --- PASS: TestSlashCommandShorthand/on:_/another-command (0.00s)
    --- PASS: TestSlashCommandShorthand/on:_/_(empty_command) (0.00s)
=== RUN   TestFuzzyScheduleScatteringWithRepositorySlug
=== RUN   TestFuzzyScheduleScatteringWithRepositorySlug/with_repository_slug
=== RUN   TestFuzzyScheduleScatteringWithRepositorySlug/with_different_org,_same_workflow_name
=== RUN   TestFuzzyScheduleScatteringWithRepositorySlug/with_different_repo,_same_workflow_name
=== RUN   TestFuzzyScheduleScatteringWithRepositorySlug/without_repository_slug
=== NAME  TestFuzzyScheduleScatteringWithRepositorySlug
    schedule_preprocessing_test.go:1105: Schedule results:
    schedule_preprocessing_test.go:1107:   Seed: github/gh-aw/test-workflow.md -> Cron: 11 5 * * *
    schedule_preprocessing_test.go:1107:   Seed: otherorg/gh-aw/test-workflow.md -> Cron: 38 8 * * *
    schedule_preprocessing_test.go:1107:   Seed: githubnext/other-repo/test-workflow.md -> Cron: 38 3 * * *
    schedule_preprocessing_test.go:1107:   Seed: test-workflow.md -> Cron: 36 2 * * *
--- PASS: TestFuzzyScheduleScatteringWithRepositorySlug (0.00s)
    --- PASS: TestFuzzyScheduleScatteringWithRepositorySlug/with_repository_slug (0.00s)
    --- PASS: TestFuzzyScheduleScatteringWithRepositorySlug/with_different_org,_same_workflow_name (0.00s)
    --- PASS: TestFuzzyScheduleScatteringWithRepositorySlug/with_different_repo,_same_workflow_name (0.00s)
    --- PASS: TestFuzzyScheduleScatteringWithRepositorySlug/without_repository_slug (0.00s)
=== RUN   TestFuzzyScheduleScatteringAcrossOrganization
    schedule_preprocessing_test.go:1160: Repository githubnext/repo-1: 39 16 * * *
    schedule_preprocessing_test.go:1160: Repository githubnext/repo-2: 53 15 * * *
    schedule_preprocessing_test.go:1160: Repository githubnext/repo-3: 34 6 * * *
    schedule_preprocessing_test.go:1160: Repository other-org/repo-1: 26 17 * * *
--- PASS: TestFuzzyScheduleScatteringAcrossOrganization (0.00s)
=== RUN   TestFuzzyScheduleScatteringWarningWithoutRepoSlug
--- PASS: TestFuzzyScheduleScatteringWarningWithoutRepoSlug (0.00s)
=== RUN   TestFriendlyFormatDeterminism
--- PASS: TestFriendlyFormatDeterminism (0.00s)
=== RUN   TestFuzzyScheduleDevModeVsReleaseMode
=== RUN   TestFuzzyScheduleDevModeVsReleaseMode/dev_mode_with_repo_slug_-_uses_dev_prefix
=== RUN   TestFuzzyScheduleDevModeVsReleaseMode/dev_mode_without_repo_slug_-_uses_dev_prefix
=== RUN   TestFuzzyScheduleDevModeVsReleaseMode/release_mode_with_repo_slug_-_uses_repo_slug
=== RUN   TestFuzzyScheduleDevModeVsReleaseMode/release_mode_without_repo_slug_-_uses_workflow_ID_only_with_warning
--- PASS: TestFuzzyScheduleDevModeVsReleaseMode (0.01s)
    --- PASS: TestFuzzyScheduleDevModeVsReleaseMode/dev_mode_with_repo_slug_-_uses_dev_prefix (0.00s)
    --- PASS: TestFuzzyScheduleDevModeVsReleaseMode/dev_mode_without_repo_slug_-_uses_dev_prefix (0.00s)
    --- PASS: TestFuzzyScheduleDevModeVsReleaseMode/release_mode_with_repo_slug_-_uses_repo_slug (0.00s)
    --- PASS: TestFuzzyScheduleDevModeVsReleaseMode/release_mode_without_repo_slug_-_uses_workflow_ID_only_with_warning (0.00s)
=== RUN   TestFuzzyScheduleDevModeDifferentFromReleaseMode
    schedule_preprocessing_test.go:1553: Dev mode result: 8 4 * * *
    schedule_preprocessing_test.go:1554: Release mode result: 11 5 * * *
--- PASS: TestFuzzyScheduleDevModeDifferentFromReleaseMode (0.00s)
=== RUN   TestLabelTriggerShorthandPreprocessing
=== RUN   TestLabelTriggerShorthandPreprocessing/pull_request_labeled_single_label
=== RUN   TestLabelTriggerShorthandPreprocessing/pull_request_labeled_multiple_labels
=== RUN   TestLabelTriggerShorthandPreprocessing/issue_labeled_single_label
=== RUN   TestLabelTriggerShorthandPreprocessing/discussion_labeled_single_label
=== RUN   TestLabelTriggerShorthandPreprocessing/pull-request_(hyphen)_labeled_single_label
--- PASS: TestLabelTriggerShorthandPreprocessing (0.00s)
    --- PASS: TestLabelTriggerShorthandPreprocessing/pull_request_labeled_single_label (0.00s)
    --- PASS: TestLabelTriggerShorthandPreprocessing/pull_request_labeled_multiple_labels (0.00s)
    --- PASS: TestLabelTriggerShorthandPreprocessing/issue_labeled_single_label (0.00s)
    --- PASS: TestLabelTriggerShorthandPreprocessing/discussion_labeled_single_label (0.00s)
    --- PASS: TestLabelTriggerShorthandPreprocessing/pull-request_(hyphen)_labeled_single_label (0.00s)
=== RUN   TestLabelTriggerShorthandPreprocessingErrors
=== RUN   TestLabelTriggerShorthandPreprocessingErrors/pull_request_labeled_with_only_empty_labels_(comma-only)
=== RUN   TestLabelTriggerShorthandPreprocessingErrors/pull_request_labeled_with_no_labels_(2_tokens_-_parsed_as_PR_activity_trigger,_no_item_number)
--- PASS: TestLabelTriggerShorthandPreprocessingErrors (0.00s)
    --- PASS: TestLabelTriggerShorthandPreprocessingErrors/pull_request_labeled_with_only_empty_labels_(comma-only) (0.00s)
    --- PASS: TestLabelTriggerShorthandPreprocessingErrors/pull_request_labeled_with_no_labels_(2_tokens_-_parsed_as_PR_activity_trigger,_no_item_number) (0.00s)
=== RUN   TestScheduleTimezoneField
=== RUN   TestScheduleTimezoneField/schedule_with_valid_IANA_timezone
=== RUN   TestScheduleTimezoneField/schedule_with_UTC_timezone
=== RUN   TestScheduleTimezoneField/schedule_without_timezone_(backward_compatible)
=== RUN   TestScheduleTimezoneField/multiple_schedules_with_mixed_timezone_usage
=== RUN   TestScheduleTimezoneField/timezone_field_must_be_a_string_-_non-string_rejected
--- PASS: TestScheduleTimezoneField (0.00s)
    --- PASS: TestScheduleTimezoneField/schedule_with_valid_IANA_timezone (0.00s)
    --- PASS: TestScheduleTimezoneField/schedule_with_UTC_timezone (0.00s)
    --- PASS: TestScheduleTimezoneField/schedule_without_timezone_(backward_compatible) (0.00s)
    --- PASS: TestScheduleTimezoneField/multiple_schedules_with_mixed_timezone_usage (0.00s)
    --- PASS: TestScheduleTimezoneField/timezone_field_must_be_a_string_-_non-string_rejected (0.00s)
=== RUN   TestTriggerShorthandConditionPropagation
=== RUN   TestTriggerShorthandConditionPropagation/deployment_failed_sets_if_condition
=== RUN   TestTriggerShorthandConditionPropagation/deployment_error_sets_if_condition
=== RUN   TestTriggerShorthandConditionPropagation/deployment_failed_or_error_sets_combined_if_condition
=== RUN   TestTriggerShorthandConditionPropagation/deployment_failed_merges_with_existing_bare_if_condition
=== RUN   TestTriggerShorthandConditionPropagation/deployment_failed_merges_with_wrapped_${{_}}_if_condition
=== RUN   TestTriggerShorthandConditionPropagation/deployment_failed_merges_with_if:_prefix_condition
--- PASS: TestTriggerShorthandConditionPropagation (0.01s)
    --- PASS: TestTriggerShorthandConditionPropagation/deployment_failed_sets_if_condition (0.00s)
    --- PASS: TestTriggerShorthandConditionPropagation/deployment_error_sets_if_condition (0.00s)
    --- PASS: TestTriggerShorthandConditionPropagation/deployment_failed_or_error_sets_combined_if_condition (0.00s)
    --- PASS: TestTriggerShorthandConditionPropagation/deployment_failed_merges_with_existing_bare_if_condition (0.00s)
    --- PASS: TestTriggerShorthandConditionPropagation/deployment_failed_merges_with_wrapped_${{_}}_if_condition (0.00s)
    --- PASS: TestTriggerShorthandConditionPropagation/deployment_failed_merges_with_if:_prefix_condition (0.00s)
=== RUN   TestExtractFieldPath
=== RUN   TestExtractFieldPath/single_field
=== RUN   TestExtractFieldPath/nested_field
=== RUN   TestExtractFieldPath/empty_location
=== RUN   TestExtractFieldPath/permissions_field
--- PASS: TestExtractFieldPath (0.00s)
    --- PASS: TestExtractFieldPath/single_field (0.00s)
    --- PASS: TestExtractFieldPath/nested_field (0.00s)
    --- PASS: TestExtractFieldPath/empty_location (0.00s)
    --- PASS: TestExtractFieldPath/permissions_field (0.00s)
=== RUN   TestGetFieldExample
=== RUN   TestGetFieldExample/timeout-minutes
=== RUN   TestGetFieldExample/engine
=== RUN   TestGetFieldExample/permissions
=== RUN   TestGetFieldExample/runs-on
=== RUN   TestGetFieldExample/on_trigger
=== RUN   TestGetFieldExample/generic_integer_field
=== RUN   TestGetFieldExample/generic_string_field
=== RUN   TestGetFieldExample/generic_boolean_field
=== RUN   TestGetFieldExample/generic_object_field
=== RUN   TestGetFieldExample/generic_array_field
--- PASS: TestGetFieldExample (0.00s)
    --- PASS: TestGetFieldExample/timeout-minutes (0.00s)
    --- PASS: TestGetFieldExample/engine (0.00s)
    --- PASS: TestGetFieldExample/permissions (0.00s)
    --- PASS: TestGetFieldExample/runs-on (0.00s)
    --- PASS: TestGetFieldExample/on_trigger (0.00s)
    --- PASS: TestGetFieldExample/generic_integer_field (0.00s)
    --- PASS: TestGetFieldExample/generic_string_field (0.00s)
    --- PASS: TestGetFieldExample/generic_boolean_field (0.00s)
    --- PASS: TestGetFieldExample/generic_object_field (0.00s)
    --- PASS: TestGetFieldExample/generic_array_field (0.00s)
=== RUN   TestEnhanceSchemaValidationError
=== RUN   TestEnhanceSchemaValidationError/timeout-minutes_error_gets_example
=== RUN   TestEnhanceSchemaValidationError/engine_error_gets_example
=== RUN   TestEnhanceSchemaValidationError/permissions_error_gets_example
--- PASS: TestEnhanceSchemaValidationError (0.00s)
    --- PASS: TestEnhanceSchemaValidationError/timeout-minutes_error_gets_example (0.00s)
    --- PASS: TestEnhanceSchemaValidationError/engine_error_gets_example (0.00s)
    --- PASS: TestEnhanceSchemaValidationError/permissions_error_gets_example (0.00s)
=== RUN   TestValidateGitHubActionsSchemaWithExamples
=== RUN   TestValidateGitHubActionsSchemaWithExamples/valid_workflow_passes
=== RUN   TestValidateGitHubActionsSchemaWithExamples/vulnerability-alerts_permission_in_job_permissions_passes
--- PASS: TestValidateGitHubActionsSchemaWithExamples (0.00s)
    --- PASS: TestValidateGitHubActionsSchemaWithExamples/valid_workflow_passes (0.00s)
    --- PASS: TestValidateGitHubActionsSchemaWithExamples/vulnerability-alerts_permission_in_job_permissions_passes (0.00s)
=== RUN   TestExtractSchemaErrorField
=== RUN   TestExtractSchemaErrorField/top-level_field_from_ValidationError
=== RUN   TestExtractSchemaErrorField/nested_field_returns_top-level
=== RUN   TestExtractSchemaErrorField/non-ValidationError_returns_empty
=== RUN   TestExtractSchemaErrorField/ValidationError_with_empty_location_returns_empty
--- PASS: TestExtractSchemaErrorField (0.00s)
    --- PASS: TestExtractSchemaErrorField/top-level_field_from_ValidationError (0.00s)
    --- PASS: TestExtractSchemaErrorField/nested_field_returns_top-level (0.00s)
    --- PASS: TestExtractSchemaErrorField/non-ValidationError_returns_empty (0.00s)
    --- PASS: TestExtractSchemaErrorField/ValidationError_with_empty_location_returns_empty (0.00s)
=== RUN   TestGetAllScriptFilenamesReturnsSortedResults
--- PASS: TestGetAllScriptFilenamesReturnsSortedResults (0.00s)
=== RUN   TestGetAllScriptFilenamesReturnsOnlyCJSFiles
--- PASS: TestGetAllScriptFilenamesReturnsOnlyCJSFiles (0.00s)
=== RUN   TestSharedExtractSecretName
=== RUN   TestSharedExtractSecretName/simple_secret
=== RUN   TestSharedExtractSecretName/secret_with_default_value
=== RUN   TestSharedExtractSecretName/secret_with_spaces
=== RUN   TestSharedExtractSecretName/bearer_token
=== RUN   TestSharedExtractSecretName/no_secret
=== RUN   TestSharedExtractSecretName/empty_value
=== RUN   TestSharedExtractSecretName/secret_with_underscore
=== RUN   TestSharedExtractSecretName/secret_with_numbers
--- PASS: TestSharedExtractSecretName (0.00s)
    --- PASS: TestSharedExtractSecretName/simple_secret (0.00s)
    --- PASS: TestSharedExtractSecretName/secret_with_default_value (0.00s)
    --- PASS: TestSharedExtractSecretName/secret_with_spaces (0.00s)
    --- PASS: TestSharedExtractSecretName/bearer_token (0.00s)
    --- PASS: TestSharedExtractSecretName/no_secret (0.00s)
    --- PASS: TestSharedExtractSecretName/empty_value (0.00s)
    --- PASS: TestSharedExtractSecretName/secret_with_underscore (0.00s)
    --- PASS: TestSharedExtractSecretName/secret_with_numbers (0.00s)
=== RUN   TestSharedExtractSecretsFromValue
=== RUN   TestSharedExtractSecretsFromValue/simple_secret
=== RUN   TestSharedExtractSecretsFromValue/secret_with_default_value
=== RUN   TestSharedExtractSecretsFromValue/bearer_token
=== RUN   TestSharedExtractSecretsFromValue/multiple_secrets_in_one_value
=== RUN   TestSharedExtractSecretsFromValue/no_secrets
=== RUN   TestSharedExtractSecretsFromValue/empty_value
=== RUN   TestSharedExtractSecretsFromValue/secret_with_complex_default
=== RUN   TestSharedExtractSecretsFromValue/sub-expression:_github.workflow_&&_secrets.TOKEN
=== RUN   TestSharedExtractSecretsFromValue/sub-expression:_secrets_in_OR_expression_with_env
=== RUN   TestSharedExtractSecretsFromValue/sub-expression:_secrets_in_parentheses
=== RUN   TestSharedExtractSecretsFromValue/sub-expression:_complex_boolean_with_secrets
=== RUN   TestSharedExtractSecretsFromValue/sub-expression:_NOT_operator_with_secrets
=== RUN   TestSharedExtractSecretsFromValue/sub-expression:_multiple_secrets_in_same_expression
--- PASS: TestSharedExtractSecretsFromValue (0.00s)
    --- PASS: TestSharedExtractSecretsFromValue/simple_secret (0.00s)
    --- PASS: TestSharedExtractSecretsFromValue/secret_with_default_value (0.00s)
    --- PASS: TestSharedExtractSecretsFromValue/bearer_token (0.00s)
    --- PASS: TestSharedExtractSecretsFromValue/multiple_secrets_in_one_value (0.00s)
    --- PASS: TestSharedExtractSecretsFromValue/no_secrets (0.00s)
    --- PASS: TestSharedExtractSecretsFromValue/empty_value (0.00s)
    --- PASS: TestSharedExtractSecretsFromValue/secret_with_complex_default (0.00s)
    --- PASS: TestSharedExtractSecretsFromValue/sub-expression:_github.workflow_&&_secrets.TOKEN (0.00s)
    --- PASS: TestSharedExtractSecretsFromValue/sub-expression:_secrets_in_OR_expression_with_env (0.00s)
    --- PASS: TestSharedExtractSecretsFromValue/sub-expression:_secrets_in_parentheses (0.00s)
    --- PASS: TestSharedExtractSecretsFromValue/sub-expression:_complex_boolean_with_secrets (0.00s)
    --- PASS: TestSharedExtractSecretsFromValue/sub-expression:_NOT_operator_with_secrets (0.00s)
    --- PASS: TestSharedExtractSecretsFromValue/sub-expression:_multiple_secrets_in_same_expression (0.00s)
=== RUN   TestSharedExtractSecretsFromMap
=== RUN   TestSharedExtractSecretsFromMap/HTTP_headers_with_secrets
=== RUN   TestSharedExtractSecretsFromMap/env_vars_with_secrets
=== RUN   TestSharedExtractSecretsFromMap/mixed_secrets_and_plain_values
=== RUN   TestSharedExtractSecretsFromMap/no_secrets
=== RUN   TestSharedExtractSecretsFromMap/duplicate_secrets_(same_secret_in_multiple_values)
=== RUN   TestSharedExtractSecretsFromMap/empty_map
--- PASS: TestSharedExtractSecretsFromMap (0.00s)
    --- PASS: TestSharedExtractSecretsFromMap/HTTP_headers_with_secrets (0.00s)
    --- PASS: TestSharedExtractSecretsFromMap/env_vars_with_secrets (0.00s)
    --- PASS: TestSharedExtractSecretsFromMap/mixed_secrets_and_plain_values (0.00s)
    --- PASS: TestSharedExtractSecretsFromMap/no_secrets (0.00s)
    --- PASS: TestSharedExtractSecretsFromMap/duplicate_secrets_(same_secret_in_multiple_values) (0.00s)
    --- PASS: TestSharedExtractSecretsFromMap/empty_map (0.00s)
=== RUN   TestSharedReplaceSecretsWithEnvVars
=== RUN   TestSharedReplaceSecretsWithEnvVars/simple_replacement
=== RUN   TestSharedReplaceSecretsWithEnvVars/replacement_with_default_value
=== RUN   TestSharedReplaceSecretsWithEnvVars/bearer_token_replacement
=== RUN   TestSharedReplaceSecretsWithEnvVars/multiple_replacements
=== RUN   TestSharedReplaceSecretsWithEnvVars/no_replacements
=== RUN   TestSharedReplaceSecretsWithEnvVars/partial_replacement
--- PASS: TestSharedReplaceSecretsWithEnvVars (0.00s)
    --- PASS: TestSharedReplaceSecretsWithEnvVars/simple_replacement (0.00s)
    --- PASS: TestSharedReplaceSecretsWithEnvVars/replacement_with_default_value (0.00s)
    --- PASS: TestSharedReplaceSecretsWithEnvVars/bearer_token_replacement (0.00s)
    --- PASS: TestSharedReplaceSecretsWithEnvVars/multiple_replacements (0.00s)
    --- PASS: TestSharedReplaceSecretsWithEnvVars/no_replacements (0.00s)
    --- PASS: TestSharedReplaceSecretsWithEnvVars/partial_replacement (0.00s)
=== RUN   TestReplaceSecretsWithEnvVars_FallbackExpressionDeterminism
--- PASS: TestReplaceSecretsWithEnvVars_FallbackExpressionDeterminism (0.00s)
=== RUN   TestReplaceSecretsWithBashVars_FallbackExpressionDeterminism
--- PASS: TestReplaceSecretsWithBashVars_FallbackExpressionDeterminism (0.00s)
=== RUN   TestSharedExtractSecretsFromValueEdgeCases
=== RUN   TestSharedExtractSecretsFromValueEdgeCases/malformed_expression_-_missing_closing_braces
=== RUN   TestSharedExtractSecretsFromValueEdgeCases/malformed_expression_-_missing_opening_braces
=== RUN   TestSharedExtractSecretsFromValueEdgeCases/incomplete_expression
=== RUN   TestSharedExtractSecretsFromValueEdgeCases/secret_name_with_trailing_space_before_pipe
--- PASS: TestSharedExtractSecretsFromValueEdgeCases (0.00s)
    --- PASS: TestSharedExtractSecretsFromValueEdgeCases/malformed_expression_-_missing_closing_braces (0.00s)
    --- PASS: TestSharedExtractSecretsFromValueEdgeCases/malformed_expression_-_missing_opening_braces (0.00s)
    --- PASS: TestSharedExtractSecretsFromValueEdgeCases/incomplete_expression (0.00s)
    --- PASS: TestSharedExtractSecretsFromValueEdgeCases/secret_name_with_trailing_space_before_pipe (0.00s)
=== RUN   TestExtractGitHubContextExpressionsFromValue
=== RUN   TestExtractGitHubContextExpressionsFromValue/simple_github.workflow
=== RUN   TestExtractGitHubContextExpressionsFromValue/github.ref_name
=== RUN   TestExtractGitHubContextExpressionsFromValue/github.run_id
=== RUN   TestExtractGitHubContextExpressionsFromValue/multiple_expressions
=== RUN   TestExtractGitHubContextExpressionsFromValue/no_expressions
=== RUN   TestExtractGitHubContextExpressionsFromValue/secrets_are_not_extracted
=== RUN   TestExtractGitHubContextExpressionsFromValue/complex_event_payload_not_extracted
=== RUN   TestExtractGitHubContextExpressionsFromValue/expression_with_spaces
=== RUN   TestExtractGitHubContextExpressionsFromValue/github.actor
=== RUN   TestExtractGitHubContextExpressionsFromValue/github.repository
--- PASS: TestExtractGitHubContextExpressionsFromValue (0.00s)
    --- PASS: TestExtractGitHubContextExpressionsFromValue/simple_github.workflow (0.00s)
    --- PASS: TestExtractGitHubContextExpressionsFromValue/github.ref_name (0.00s)
    --- PASS: TestExtractGitHubContextExpressionsFromValue/github.run_id (0.00s)
    --- PASS: TestExtractGitHubContextExpressionsFromValue/multiple_expressions (0.00s)
    --- PASS: TestExtractGitHubContextExpressionsFromValue/no_expressions (0.00s)
    --- PASS: TestExtractGitHubContextExpressionsFromValue/secrets_are_not_extracted (0.00s)
    --- PASS: TestExtractGitHubContextExpressionsFromValue/complex_event_payload_not_extracted (0.00s)
    --- PASS: TestExtractGitHubContextExpressionsFromValue/expression_with_spaces (0.00s)
    --- PASS: TestExtractGitHubContextExpressionsFromValue/github.actor (0.00s)
    --- PASS: TestExtractGitHubContextExpressionsFromValue/github.repository (0.00s)
=== RUN   TestExtractWorkflowInputExpressionsFromValue
=== RUN   TestExtractWorkflowInputExpressionsFromValue/single_input_expression
=== RUN   TestExtractWorkflowInputExpressionsFromValue/multiple_input_expressions_with_bracket_dash_and_underscore
=== RUN   TestExtractWorkflowInputExpressionsFromValue/dot_notation_with_dash_remains_supported
=== RUN   TestExtractWorkflowInputExpressionsFromValue/double-quote_bracket_notation
=== RUN   TestExtractWorkflowInputExpressionsFromValue/no_input_expressions
--- PASS: TestExtractWorkflowInputExpressionsFromValue (0.00s)
    --- PASS: TestExtractWorkflowInputExpressionsFromValue/single_input_expression (0.00s)
    --- PASS: TestExtractWorkflowInputExpressionsFromValue/multiple_input_expressions_with_bracket_dash_and_underscore (0.00s)
    --- PASS: TestExtractWorkflowInputExpressionsFromValue/dot_notation_with_dash_remains_supported (0.00s)
    --- PASS: TestExtractWorkflowInputExpressionsFromValue/double-quote_bracket_notation (0.00s)
    --- PASS: TestExtractWorkflowInputExpressionsFromValue/no_input_expressions (0.00s)
=== RUN   TestFormatInputNameAsEnvVar
=== RUN   TestFormatInputNameAsEnvVar/underscore
=== RUN   TestFormatInputNameAsEnvVar/dash
=== RUN   TestFormatInputNameAsEnvVar/consecutive_separators
=== RUN   TestFormatInputNameAsEnvVar/mixed_case_and_numeric
--- PASS: TestFormatInputNameAsEnvVar (0.00s)
    --- PASS: TestFormatInputNameAsEnvVar/underscore (0.00s)
    --- PASS: TestFormatInputNameAsEnvVar/dash (0.00s)
    --- PASS: TestFormatInputNameAsEnvVar/consecutive_separators (0.00s)
    --- PASS: TestFormatInputNameAsEnvVar/mixed_case_and_numeric (0.00s)
=== RUN   TestExtractSecretMaskingConfig
=== RUN   TestExtractSecretMaskingConfig/basic_secret-masking_with_steps
=== RUN   TestExtractSecretMaskingConfig/multiple_secret-masking_steps
=== RUN   TestExtractSecretMaskingConfig/no_secret-masking_field
=== RUN   TestExtractSecretMaskingConfig/empty_secret-masking_steps
--- PASS: TestExtractSecretMaskingConfig (0.01s)
    --- PASS: TestExtractSecretMaskingConfig/basic_secret-masking_with_steps (0.00s)
    --- PASS: TestExtractSecretMaskingConfig/multiple_secret-masking_steps (0.00s)
    --- PASS: TestExtractSecretMaskingConfig/no_secret-masking_field (0.00s)
    --- PASS: TestExtractSecretMaskingConfig/empty_secret-masking_steps (0.00s)
=== RUN   TestMergeSecretMasking
=== RUN   TestMergeSecretMasking/merge_with_nil_top_config
=== RUN   TestMergeSecretMasking/merge_with_existing_top_config
=== RUN   TestMergeSecretMasking/merge_multiple_imports
=== RUN   TestMergeSecretMasking/merge_with_empty_import
=== RUN   TestMergeSecretMasking/merge_with_empty_object
--- PASS: TestMergeSecretMasking (0.01s)
    --- PASS: TestMergeSecretMasking/merge_with_nil_top_config (0.00s)
    --- PASS: TestMergeSecretMasking/merge_with_existing_top_config (0.00s)
    --- PASS: TestMergeSecretMasking/merge_multiple_imports (0.00s)
    --- PASS: TestMergeSecretMasking/merge_with_empty_import (0.00s)
    --- PASS: TestMergeSecretMasking/merge_with_empty_object (0.00s)
=== RUN   TestGenerateCustomSecretMaskingStep
=== RUN   TestGenerateCustomSecretMaskingStep/simple_step_with_run_command
=== RUN   TestGenerateCustomSecretMaskingStep/step_with_multi-line_run_command
=== RUN   TestGenerateCustomSecretMaskingStep/step_with_if_condition
--- PASS: TestGenerateCustomSecretMaskingStep (0.00s)
    --- PASS: TestGenerateCustomSecretMaskingStep/simple_step_with_run_command (0.00s)
    --- PASS: TestGenerateCustomSecretMaskingStep/step_with_multi-line_run_command (0.00s)
    --- PASS: TestGenerateCustomSecretMaskingStep/step_with_if_condition (0.00s)
=== RUN   TestSecretMaskingIntegration
--- PASS: TestSecretMaskingIntegration (0.00s)
=== RUN   TestGenerateMultiSecretValidationStep
=== RUN   TestGenerateMultiSecretValidationStep/Codex_dual_secret_validation
=== RUN   TestGenerateMultiSecretValidationStep/GitHub_Copilot_CLI_with_multi-word_engine_name
=== RUN   TestGenerateMultiSecretValidationStep/Claude_Code_with_single_secret
--- PASS: TestGenerateMultiSecretValidationStep (0.00s)
    --- PASS: TestGenerateMultiSecretValidationStep/Codex_dual_secret_validation (0.00s)
    --- PASS: TestGenerateMultiSecretValidationStep/GitHub_Copilot_CLI_with_multi-word_engine_name (0.00s)
    --- PASS: TestGenerateMultiSecretValidationStep/Claude_Code_with_single_secret (0.00s)
=== RUN   TestClaudeEngineHasSecretValidation
--- PASS: TestClaudeEngineHasSecretValidation (0.00s)
=== RUN   TestClaudeEngineWIFSkipsSecretValidation
--- PASS: TestClaudeEngineWIFSkipsSecretValidation (0.00s)
=== RUN   TestCopilotEngineHasSecretValidation
--- PASS: TestCopilotEngineHasSecretValidation (0.00s)
=== RUN   TestCopilotEngineSkipsSecretValidationWhenBYOKProviderAPIKeySet
--- PASS: TestCopilotEngineSkipsSecretValidationWhenBYOKProviderAPIKeySet (0.00s)
=== RUN   TestCopilotEngineSkipsSecretValidationWhenBYOKBearerTokenSet
--- PASS: TestCopilotEngineSkipsSecretValidationWhenBYOKBearerTokenSet (0.00s)
=== RUN   TestCopilotEngineSkipsSecretValidationWhenBYOKBaseURLOnlySet
--- PASS: TestCopilotEngineSkipsSecretValidationWhenBYOKBaseURLOnlySet (0.00s)
=== RUN   TestCodexEngineHasSecretValidation
--- PASS: TestCodexEngineHasSecretValidation (0.00s)
=== RUN   TestGenerateMultiSecretValidationStepWithEnvOverrides
=== RUN   TestGenerateMultiSecretValidationStepWithEnvOverrides/override_replaces_default_secret_expression
=== RUN   TestGenerateMultiSecretValidationStepWithEnvOverrides/nil_overrides_uses_default_secret_expressions
=== RUN   TestGenerateMultiSecretValidationStepWithEnvOverrides/partial_override_only_replaces_matching_keys
=== RUN   TestGenerateMultiSecretValidationStepWithEnvOverrides/multi-line_override_emitted_as_literal_block_scalar
--- PASS: TestGenerateMultiSecretValidationStepWithEnvOverrides (0.00s)
    --- PASS: TestGenerateMultiSecretValidationStepWithEnvOverrides/override_replaces_default_secret_expression (0.00s)
    --- PASS: TestGenerateMultiSecretValidationStepWithEnvOverrides/nil_overrides_uses_default_secret_expressions (0.00s)
    --- PASS: TestGenerateMultiSecretValidationStepWithEnvOverrides/partial_override_only_replaces_matching_keys (0.00s)
    --- PASS: TestGenerateMultiSecretValidationStepWithEnvOverrides/multi-line_override_emitted_as_literal_block_scalar (0.00s)
=== RUN   TestValidationStepUsesEngineEnvOverride
=== RUN   TestValidationStepUsesEngineEnvOverride/Copilot_engine_validation_uses_engine.env_override
=== RUN   TestValidationStepUsesEngineEnvOverride/Claude_engine_validation_uses_engine.env_override
=== RUN   TestValidationStepUsesEngineEnvOverride/Codex_engine_validation_uses_engine.env_override
=== RUN   TestValidationStepUsesEngineEnvOverride/Gemini_engine_validation_uses_engine.env_override
--- PASS: TestValidationStepUsesEngineEnvOverride (0.00s)
    --- PASS: TestValidationStepUsesEngineEnvOverride/Copilot_engine_validation_uses_engine.env_override (0.00s)
    --- PASS: TestValidationStepUsesEngineEnvOverride/Claude_engine_validation_uses_engine.env_override (0.00s)
    --- PASS: TestValidationStepUsesEngineEnvOverride/Codex_engine_validation_uses_engine.env_override (0.00s)
    --- PASS: TestValidationStepUsesEngineEnvOverride/Gemini_engine_validation_uses_engine.env_override (0.00s)
=== RUN   TestEngineSecretValidationSkippedWhenEnvironmentConfigured
=== RUN   TestEngineSecretValidationSkippedWhenEnvironmentConfigured/copilot_engine_skips_validation_with_environment
=== RUN   TestEngineSecretValidationSkippedWhenEnvironmentConfigured/claude_engine_skips_validation_with_environment
=== RUN   TestEngineSecretValidationSkippedWhenEnvironmentConfigured/codex_engine_skips_validation_with_environment
=== RUN   TestEngineSecretValidationSkippedWhenEnvironmentConfigured/gemini_engine_skips_validation_with_environment
--- PASS: TestEngineSecretValidationSkippedWhenEnvironmentConfigured (0.00s)
    --- PASS: TestEngineSecretValidationSkippedWhenEnvironmentConfigured/copilot_engine_skips_validation_with_environment (0.00s)
    --- PASS: TestEngineSecretValidationSkippedWhenEnvironmentConfigured/claude_engine_skips_validation_with_environment (0.00s)
    --- PASS: TestEngineSecretValidationSkippedWhenEnvironmentConfigured/codex_engine_skips_validation_with_environment (0.00s)
    --- PASS: TestEngineSecretValidationSkippedWhenEnvironmentConfigured/gemini_engine_skips_validation_with_environment (0.00s)
=== RUN   TestBuildDefaultSecretValidationStepHandlesNilWorkflowData
--- PASS: TestBuildDefaultSecretValidationStepHandlesNilWorkflowData (0.00s)
=== RUN   TestSecretVerificationOutput
/tmp/gh-aw-test-runs/20260704-173215-1254793/test-secret-verification-output-2212863049/test-workflow.md: info: Tip: set permissions.copilot-requests: write to use GitHub Actions token-based inference with the Copilot engine instead of a personal access token (COPILOT_GITHUB_TOKEN). This option requires that your organization has centralized Copilot billing enabled and may not be available in all organizations — see https://github.github.com/gh-aw/reference/billing/ for details.

✓ /tmp/gh-aw-test-runs/20260704-173215-1254793/test-secret-verification-output-2212863049/test-workflow.md (77.1 KB)
--- PASS: TestSecretVerificationOutput (0.01s)
=== RUN   TestSecretVerificationOutputInConclusionJob
/tmp/gh-aw-test-runs/20260704-173215-1254793/test-secret-verification-conclusion-1553836810/test-workflow.md: info: Tip: set permissions.copilot-requests: write to use GitHub Actions token-based inference with the Copilot engine instead of a personal access token (COPILOT_GITHUB_TOKEN). This option requires that your organization has centralized Copilot billing enabled and may not be available in all organizations — see https://github.github.com/gh-aw/reference/billing/ for details.

✓ /tmp/gh-aw-test-runs/20260704-173215-1254793/test-secret-verification-conclusion-1553836810/test-workflow.md (99.0 KB)
--- PASS: TestSecretVerificationOutputInConclusionJob (0.01s)
=== RUN   TestSecretVerificationOutputSkippedWithEnvironment
/tmp/gh-aw-test-runs/20260704-173215-1254793/secret-verify-env-3740190227/test-workflow.md: info: Tip: set permissions.copilot-requests: write to use GitHub Actions token-based inference with the Copilot engine instead of a personal access token (COPILOT_GITHUB_TOKEN). This option requires that your organization has centralized Copilot billing enabled and may not be available in all organizations — see https://github.github.com/gh-aw/reference/billing/ for details.

✓ /tmp/gh-aw-test-runs/20260704-173215-1254793/secret-verify-env-3740190227/test-workflow.md (76.7 KB)
--- PASS: TestSecretVerificationOutputSkippedWithEnvironment (0.01s)
=== RUN   TestSecretsExpressionPattern
=== RUN   TestSecretsExpressionPattern/simple_secret
=== RUN   TestSecretsExpressionPattern/with_underscore
=== RUN   TestSecretsExpressionPattern/with_numbers
=== RUN   TestSecretsExpressionPattern/with_spaces
=== RUN   TestSecretsExpressionPattern/two_fallbacks
=== RUN   TestSecretsExpressionPattern/three_fallbacks
=== RUN   TestSecretsExpressionPattern/underscore_prefix
=== RUN   TestSecretsExpressionPattern/many_spaces
=== RUN   TestSecretsExpressionPattern/lowercase_letters_in_name
=== RUN   TestSecretsExpressionPattern/mixed_case_name
=== RUN   TestSecretsExpressionPattern/plaintext
=== RUN   TestSecretsExpressionPattern/env_context
=== RUN   TestSecretsExpressionPattern/vars_context
=== RUN   TestSecretsExpressionPattern/github_context
=== RUN   TestSecretsExpressionPattern/inputs_context
=== RUN   TestSecretsExpressionPattern/mixed_contexts
=== RUN   TestSecretsExpressionPattern/mixed_with_vars
=== RUN   TestSecretsExpressionPattern/missing_opening
=== RUN   TestSecretsExpressionPattern/missing_closing
=== RUN   TestSecretsExpressionPattern/number_prefix
=== RUN   TestSecretsExpressionPattern/hyphen_in_name
=== RUN   TestSecretsExpressionPattern/space_in_name
=== RUN   TestSecretsExpressionPattern/special_char_@
=== RUN   TestSecretsExpressionPattern/special_char_$
=== RUN   TestSecretsExpressionPattern/empty
=== RUN   TestSecretsExpressionPattern/only_braces
=== RUN   TestSecretsExpressionPattern/empty_secret_name
=== RUN   TestSecretsExpressionPattern/case_sensitive_context
=== RUN   TestSecretsExpressionPattern/uppercase_SECRETS
=== RUN   TestSecretsExpressionPattern/text_before
=== RUN   TestSecretsExpressionPattern/text_after
=== RUN   TestSecretsExpressionPattern/just_secret_context
=== RUN   TestSecretsExpressionPattern/partial_expression
=== RUN   TestSecretsExpressionPattern/dot_only
--- PASS: TestSecretsExpressionPattern (0.00s)
    --- PASS: TestSecretsExpressionPattern/simple_secret (0.00s)
    --- PASS: TestSecretsExpressionPattern/with_underscore (0.00s)
    --- PASS: TestSecretsExpressionPattern/with_numbers (0.00s)
    --- PASS: TestSecretsExpressionPattern/with_spaces (0.00s)
    --- PASS: TestSecretsExpressionPattern/two_fallbacks (0.00s)
    --- PASS: TestSecretsExpressionPattern/three_fallbacks (0.00s)
    --- PASS: TestSecretsExpressionPattern/underscore_prefix (0.00s)
    --- PASS: TestSecretsExpressionPattern/many_spaces (0.00s)
    --- PASS: TestSecretsExpressionPattern/lowercase_letters_in_name (0.00s)
    --- PASS: TestSecretsExpressionPattern/mixed_case_name (0.00s)
    --- PASS: TestSecretsExpressionPattern/plaintext (0.00s)
    --- PASS: TestSecretsExpressionPattern/env_context (0.00s)
    --- PASS: TestSecretsExpressionPattern/vars_context (0.00s)
    --- PASS: TestSecretsExpressionPattern/github_context (0.00s)
    --- PASS: TestSecretsExpressionPattern/inputs_context (0.00s)
    --- PASS: TestSecretsExpressionPattern/mixed_contexts (0.00s)
    --- PASS: TestSecretsExpressionPattern/mixed_with_vars (0.00s)
    --- PASS: TestSecretsExpressionPattern/missing_opening (0.00s)
    --- PASS: TestSecretsExpressionPattern/missing_closing (0.00s)
    --- PASS: TestSecretsExpressionPattern/number_prefix (0.00s)
    --- PASS: TestSecretsExpressionPattern/hyphen_in_name (0.00s)
    --- PASS: TestSecretsExpressionPattern/space_in_name (0.00s)
    --- PASS: TestSecretsExpressionPattern/special_char_@ (0.00s)
    --- PASS: TestSecretsExpressionPattern/special_char_$ (0.00s)
    --- PASS: TestSecretsExpressionPattern/empty (0.00s)
    --- PASS: TestSecretsExpressionPattern/only_braces (0.00s)
    --- PASS: TestSecretsExpressionPattern/empty_secret_name (0.00s)
    --- PASS: TestSecretsExpressionPattern/case_sensitive_context (0.00s)
    --- PASS: TestSecretsExpressionPattern/uppercase_SECRETS (0.00s)
    --- PASS: TestSecretsExpressionPattern/text_before (0.00s)
    --- PASS: TestSecretsExpressionPattern/text_after (0.00s)
    --- PASS: TestSecretsExpressionPattern/just_secret_context (0.00s)
    --- PASS: TestSecretsExpressionPattern/partial_expression (0.00s)
    --- PASS: TestSecretsExpressionPattern/dot_only (0.00s)
=== RUN   TestValidateSecretsExpressionErrorMessages
=== RUN   TestValidateSecretsExpressionErrorMessages/plaintext_does_NOT_show_value_in_error
=== RUN   TestValidateSecretsExpressionErrorMessages/env_context_does_NOT_show_value_in_error
=== RUN   TestValidateSecretsExpressionErrorMessages/hardcoded_value_NOT_in_error_(security_fix)
=== RUN   TestValidateSecretsExpressionErrorMessages/example_format_in_error
=== RUN   TestValidateSecretsExpressionErrorMessages/fallback_example_in_error
=== RUN   TestValidateSecretsExpressionErrorMessages/mixed_context_error_does_NOT_show_value
--- PASS: TestValidateSecretsExpressionErrorMessages (0.00s)
    --- PASS: TestValidateSecretsExpressionErrorMessages/plaintext_does_NOT_show_value_in_error (0.00s)
    --- PASS: TestValidateSecretsExpressionErrorMessages/env_context_does_NOT_show_value_in_error (0.00s)
    --- PASS: TestValidateSecretsExpressionErrorMessages/hardcoded_value_NOT_in_error_(security_fix) (0.00s)
    --- PASS: TestValidateSecretsExpressionErrorMessages/example_format_in_error (0.00s)
    --- PASS: TestValidateSecretsExpressionErrorMessages/fallback_example_in_error (0.00s)
    --- PASS: TestValidateSecretsExpressionErrorMessages/mixed_context_error_does_NOT_show_value (0.00s)
=== RUN   TestValidateSecretsExpressionWithVariousValues
=== RUN   TestValidateSecretsExpressionWithVariousValues/valid_simple
=== RUN   TestValidateSecretsExpressionWithVariousValues/valid_with_underscore
=== RUN   TestValidateSecretsExpressionWithVariousValues/valid_with_fallback
=== RUN   TestValidateSecretsExpressionWithVariousValues/invalid_plaintext
=== RUN   TestValidateSecretsExpressionWithVariousValues/invalid_env
=== RUN   TestValidateSecretsExpressionWithVariousValues/invalid_vars
=== RUN   TestValidateSecretsExpressionWithVariousValues/invalid_mixed
=== RUN   TestValidateSecretsExpressionWithVariousValues/invalid_empty
--- PASS: TestValidateSecretsExpressionWithVariousValues (0.00s)
    --- PASS: TestValidateSecretsExpressionWithVariousValues/valid_simple (0.00s)
    --- PASS: TestValidateSecretsExpressionWithVariousValues/valid_with_underscore (0.00s)
    --- PASS: TestValidateSecretsExpressionWithVariousValues/valid_with_fallback (0.00s)
    --- PASS: TestValidateSecretsExpressionWithVariousValues/invalid_plaintext (0.00s)
    --- PASS: TestValidateSecretsExpressionWithVariousValues/invalid_env (0.00s)
    --- PASS: TestValidateSecretsExpressionWithVariousValues/invalid_vars (0.00s)
    --- PASS: TestValidateSecretsExpressionWithVariousValues/invalid_mixed (0.00s)
    --- PASS: TestValidateSecretsExpressionWithVariousValues/invalid_empty (0.00s)
=== RUN   TestSecretsValidationEdgeCases
=== RUN   TestSecretsValidationEdgeCases/very_long_secret_name
=== RUN   TestSecretsValidationEdgeCases/many_fallbacks
=== RUN   TestSecretsValidationEdgeCases/minimal_valid_expression
=== RUN   TestSecretsValidationEdgeCases/underscore_only_name
=== RUN   TestSecretsValidationEdgeCases/mixed_with_spaces_in_fallback
=== RUN   TestSecretsValidationEdgeCases/almost_valid_but_trailing_dot
=== RUN   TestSecretsValidationEdgeCases/unicode_in_secret_name
--- PASS: TestSecretsValidationEdgeCases (0.00s)
    --- PASS: TestSecretsValidationEdgeCases/very_long_secret_name (0.00s)
    --- PASS: TestSecretsValidationEdgeCases/many_fallbacks (0.00s)
    --- PASS: TestSecretsValidationEdgeCases/minimal_valid_expression (0.00s)
    --- PASS: TestSecretsValidationEdgeCases/underscore_only_name (0.00s)
    --- PASS: TestSecretsValidationEdgeCases/mixed_with_spaces_in_fallback (0.00s)
    --- PASS: TestSecretsValidationEdgeCases/almost_valid_but_trailing_dot (0.00s)
    --- PASS: TestSecretsValidationEdgeCases/unicode_in_secret_name (0.00s)
=== RUN   TestSecureMarkdownRendering_Integration
/tmp/gh-aw-test-runs/20260704-173215-1254793/secure-markdown-test3908839256/test.md: info: Tip: set permissions.copilot-requests: write to use GitHub Actions token-based inference with the Copilot engine instead of a personal access token (COPILOT_GITHUB_TOKEN). This option requires that your organization has centralized Copilot billing enabled and may not be available in all organizations — see https://github.github.com/gh-aw/reference/billing/ for details.

✓ /tmp/gh-aw-test-runs/20260704-173215-1254793/secure-markdown-test3908839256/test.md (77.1 KB)
    secure_markdown_rendering_test.go:67: Line 233:       - name: Create prompt with built-in context
    secure_markdown_rendering_test.go:67: Line 234:         env:
    secure_markdown_rendering_test.go:67: Line 235:           GH_AW_PROMPT: /tmp/gh-aw/aw-prompts/prompt.txt
    secure_markdown_rendering_test.go:67: Line 236:           GH_AW_SAFE_OUTPUTS: ${{ runner.temp }}/gh-aw/safeoutputs/outputs.jsonl
    secure_markdown_rendering_test.go:67: Line 237:           GH_AW_EXPR_1A3A194A: ${{ github.event.discussion.number || (fromJSON(github.event.inputs.aw_context || github.event.client_payload.aw_context || '{}').item_type == 'discussion' && fromJSON(github.event.inputs.aw_context || github.event.client_payload.aw_context || '{}').item_number) }}
    secure_markdown_rendering_test.go:67: Line 238:           GH_AW_EXPR_463A214A: ${{ github.event.pull_request.number || (fromJSON(github.event.inputs.aw_context || github.event.client_payload.aw_context || '{}').item_type == 'pull_request' && fromJSON(github.event.inputs.aw_context || github.event.client_payload.aw_context || '{}').item_number) }}
    secure_markdown_rendering_test.go:67: Line 239:           GH_AW_EXPR_802A9F6A: ${{ github.event.issue.number || (fromJSON(github.event.inputs.aw_context || github.event.client_payload.aw_context || '{}').item_type == 'issue' && fromJSON(github.event.inputs.aw_context || github.event.client_payload.aw_context || '{}').item_number) }}
    secure_markdown_rendering_test.go:67: Line 240:           GH_AW_EXPR_FF1D34CE: ${{ github.event.comment.id || fromJSON(github.event.inputs.aw_context || github.event.client_payload.aw_context || '{}').comment_id }}
    secure_markdown_rendering_test.go:67: Line 241:           GH_AW_GITHUB_ACTOR: ${{ github.actor }}
    secure_markdown_rendering_test.go:67: Line 242:           GH_AW_GITHUB_REPOSITORY: ${{ github.repository }}
    secure_markdown_rendering_test.go:67: Line 243:           GH_AW_GITHUB_RUN_ID: ${{ github.run_id }}
    secure_markdown_rendering_test.go:67: Line 244:           GH_AW_GITHUB_WORKSPACE: ${{ github.workspace }}
    secure_markdown_rendering_test.go:67: Line 245:         # poutine:ignore untrusted_checkout_exec
    secure_markdown_rendering_test.go:67: Line 246:         run: |
    secure_markdown_rendering_test.go:67: Line 247:           bash "${RUNNER_TEMP}/gh-aw/actions/create_prompt_first.sh"
    secure_markdown_rendering_test.go:67: Line 248:           {
    secure_markdown_rendering_test.go:67: Line 249:           cat << 'GH_AW_PROMPT_e1172da8ba99227a_EOF'
    secure_markdown_rendering_test.go:67: Line 250:           <system>
    secure_markdown_rendering_test.go:67: Line 251:           GH_AW_PROMPT_e1172da8ba99227a_EOF
    secure_markdown_rendering_test.go:67: Line 252:           cat "${RUNNER_TEMP}/gh-aw/prompts/xpia.md"
    secure_markdown_rendering_test.go:67: Line 253:           cat "${RUNNER_TEMP}/gh-aw/prompts/temp_folder_prompt.md"
    secure_markdown_rendering_test.go:67: Line 254:           cat "${RUNNER_TEMP}/gh-aw/prompts/markdown.md"
    secure_markdown_rendering_test.go:67: Line 255:           cat "${RUNNER_TEMP}/gh-aw/prompts/safe_outputs_prompt.md"
    secure_markdown_rendering_test.go:67: Line 256:           cat << 'GH_AW_PROMPT_e1172da8ba99227a_EOF'
    secure_markdown_rendering_test.go:67: Line 257:           <safe-output-tools>
    secure_markdown_rendering_test.go:67: Line 258:           Tools: create_issue
    secure_markdown_rendering_test.go:67: Line 259:           GH_AW_PROMPT_e1172da8ba99227a_EOF
    secure_markdown_rendering_test.go:67: Line 260:           cat "${RUNNER_TEMP}/gh-aw/prompts/safe_outputs_auto_create_issue.md"
    secure_markdown_rendering_test.go:67: Line 261:           cat << 'GH_AW_PROMPT_e1172da8ba99227a_EOF'
    secure_markdown_rendering_test.go:67: Line 262:           </safe-output-tools>
    secure_markdown_rendering_test.go:67: Line 263:           GH_AW_PROMPT_e1172da8ba99227a_EOF
    secure_markdown_rendering_test.go:67: Line 264:           cat "${RUNNER_TEMP}/gh-aw/prompts/mcp_cli_tools_prompt.md"
    secure_markdown_rendering_test.go:67: Line 265:           cat << 'GH_AW_PROMPT_e1172da8ba99227a_EOF'
    secure_markdown_rendering_test.go:67: Line 266:           <github-context>
    secure_markdown_rendering_test.go:67: Line 267:           The following GitHub context information is available for this workflow:
    secure_markdown_rendering_test.go:67: Line 268:           {{#if github.actor}}
    secure_markdown_rendering_test.go:67: Line 269:           - **actor**: __GH_AW_GITHUB_ACTOR__
    secure_markdown_rendering_test.go:67: Line 270:           {{/if}}
    secure_markdown_rendering_test.go:67: Line 271:           {{#if github.repository}}
    secure_markdown_rendering_test.go:67: Line 272:           - **repository**: __GH_AW_GITHUB_REPOSITORY__
    secure_markdown_rendering_test.go:67: Line 273:           {{/if}}
    secure_markdown_rendering_test.go:67: Line 274:           {{#if github.workspace}}
    secure_markdown_rendering_test.go:67: Line 275:           - **workspace**: __GH_AW_GITHUB_WORKSPACE__
    secure_markdown_rendering_test.go:67: Line 276:           {{/if}}
    secure_markdown_rendering_test.go:67: Line 277:           {{#if github.event.issue.number || (github.aw.context.item_type == 'issue' && github.aw.context.item_number)}}
    secure_markdown_rendering_test.go:67: Line 278:           - **issue-number**: #__GH_AW_EXPR_802A9F6A__
    secure_markdown_rendering_test.go:67: Line 279:           {{/if}}
    secure_markdown_rendering_test.go:67: Line 280:           {{#if github.event.discussion.number || (github.aw.context.item_type == 'discussion' && github.aw.context.item_number)}}
    secure_markdown_rendering_test.go:67: Line 281:           - **discussion-number**: #__GH_AW_EXPR_1A3A194A__
    secure_markdown_rendering_test.go:67: Line 282:           {{/if}}
    secure_markdown_rendering_test.go:67: Line 283:           {{#if github.event.pull_request.number || (github.aw.context.item_type == 'pull_request' && github.aw.context.item_number)}}
    secure_markdown_rendering_test.go:67: Line 284:           - **pull-request-number**: #__GH_AW_EXPR_463A214A__
    secure_markdown_rendering_test.go:67: Line 285:           {{/if}}
    secure_markdown_rendering_test.go:67: Line 286:           {{#if github.event.comment.id || github.aw.context.comment_id}}
    secure_markdown_rendering_test.go:67: Line 287:           - **comment-id**: __GH_AW_EXPR_FF1D34CE__
    secure_markdown_rendering_test.go:67: Line 288:           {{/if}}
    secure_markdown_rendering_test.go:67: Line 289:           {{#if github.run_id}}
    secure_markdown_rendering_test.go:67: Line 290:           - **workflow-run-id**: __GH_AW_GITHUB_RUN_ID__
    secure_markdown_rendering_test.go:67: Line 291:           {{/if}}
    secure_markdown_rendering_test.go:67: Line 292:           </github-context>
    secure_markdown_rendering_test.go:67: Line 293:
    secure_markdown_rendering_test.go:67: Line 294:           GH_AW_PROMPT_e1172da8ba99227a_EOF
    secure_markdown_rendering_test.go:67: Line 295:           cat "${RUNNER_TEMP}/gh-aw/prompts/github_mcp_tools_with_safeoutputs_prompt.md"
    secure_markdown_rendering_test.go:67: Line 296:           cat << 'GH_AW_PROMPT_e1172da8ba99227a_EOF'
    secure_markdown_rendering_test.go:67: Line 297:           </system>
    secure_markdown_rendering_test.go:67: Line 298:           {{#runtime-import test.md}}
    secure_markdown_rendering_test.go:67: Line 299:           GH_AW_PROMPT_e1172da8ba99227a_EOF
    secure_markdown_rendering_test.go:67: Line 300:           } > "$GH_AW_PROMPT"
    secure_markdown_rendering_test.go:67: Line 301:       - name: Interpolate variables and render templates
    secure_markdown_rendering_test.go:67: Line 302:         uses: actions/github-script@3a2844b7e9c422d3c10d287c895573f7108da1b3 # v9.0.0
    secure_markdown_rendering_test.go:67: Line 303:         env:
    secure_markdown_rendering_test.go:67: Line 304:           GH_AW_PROMPT: /tmp/gh-aw/aw-prompts/prompt.txt
    secure_markdown_rendering_test.go:67: Line 305:           GH_AW_ENGINE_ID: "copilot"
    secure_markdown_rendering_test.go:67: Line 306:           GH_AW_GITHUB_ACTOR: ${{ github.actor }}
    secure_markdown_rendering_test.go:67: Line 307:           GH_AW_GITHUB_REPOSITORY: ${{ github.repository }}
    secure_markdown_rendering_test.go:67: Line 308:           GH_AW_GITHUB_RUN_ID: ${{ github.run_id }}
    secure_markdown_rendering_test.go:67: Line 309:         with:
    secure_markdown_rendering_test.go:67: Line 310:           script: |
    secure_markdown_rendering_test.go:67: Line 311:             const { setupGlobals } = require('${{ runner.temp }}/gh-aw/actions/setup_globals.cjs');
    secure_markdown_rendering_test.go:67: Line 312:             setupGlobals(core, github, context, exec, io, getOctokit);
    secure_markdown_rendering_test.go:67: Line 313:             const { main } = require('${{ runner.temp }}/gh-aw/actions/interpolate_prompt.cjs');
    secure_markdown_rendering_test.go:67: Line 314:             await main();
    secure_markdown_rendering_test.go:67: Line 315:       - name: Substitute placeholders
    secure_markdown_rendering_test.go:67: Line 316:         uses: actions/github-script@3a2844b7e9c422d3c10d287c895573f7108da1b3 # v9.0.0
    secure_markdown_rendering_test.go:67: Line 317:         env:
    secure_markdown_rendering_test.go:67: Line 318:           GH_AW_PROMPT: /tmp/gh-aw/aw-prompts/prompt.txt
    secure_markdown_rendering_test.go:67: Line 319:           GH_AW_EXPR_1A3A194A: ${{ github.event.discussion.number || (fromJSON(github.event.inputs.aw_context || github.event.client_payload.aw_context || '{}').item_type == 'discussion' && fromJSON(github.event.inputs.aw_context || github.event.client_payload.aw_context || '{}').item_number) }}
    secure_markdown_rendering_test.go:67: Line 320:           GH_AW_EXPR_463A214A: ${{ github.event.pull_request.number || (fromJSON(github.event.inputs.aw_context || github.event.client_payload.aw_context || '{}').item_type == 'pull_request' && fromJSON(github.event.inputs.aw_context || github.event.client_payload.aw_context || '{}').item_number) }}
    secure_markdown_rendering_test.go:67: Line 321:           GH_AW_EXPR_802A9F6A: ${{ github.event.issue.number || (fromJSON(github.event.inputs.aw_context || github.event.client_payload.aw_context || '{}').item_type == 'issue' && fromJSON(github.event.inputs.aw_context || github.event.client_payload.aw_context || '{}').item_number) }}
    secure_markdown_rendering_test.go:67: Line 322:           GH_AW_EXPR_FF1D34CE: ${{ github.event.comment.id || fromJSON(github.event.inputs.aw_context || github.event.client_payload.aw_context || '{}').comment_id }}
    secure_markdown_rendering_test.go:67: Line 323:           GH_AW_GITHUB_ACTOR: ${{ github.actor }}
    secure_markdown_rendering_test.go:67: Line 324:           GH_AW_GITHUB_REPOSITORY: ${{ github.repository }}
    secure_markdown_rendering_test.go:67: Line 325:           GH_AW_GITHUB_RUN_ID: ${{ github.run_id }}
    secure_markdown_rendering_test.go:67: Line 326:           GH_AW_GITHUB_WORKSPACE: ${{ github.workspace }}
    secure_markdown_rendering_test.go:67: Line 327:           GH_AW_MCP_CLI_SERVERS_LIST: '- `safeoutputs` — run `safeoutputs --help` to see available tools'
    secure_markdown_rendering_test.go:67: Line 328:           GH_AW_NEEDS_PRE_ACTIVATION_OUTPUTS_ACTIVATED: ${{ needs.pre_activation.outputs.activated }}
    secure_markdown_rendering_test.go:67: Line 329:         with:
    secure_markdown_rendering_test.go:67: Line 330:           script: |
    secure_markdown_rendering_test.go:67: Line 331:             const { setupGlobals } = require('${{ runner.temp }}/gh-aw/actions/setup_globals.cjs');
    secure_markdown_rendering_test.go:67: Line 332:             setupGlobals(core, github, context, exec, io, getOctokit);
    secure_markdown_rendering_test.go:67: Line 333:
    secure_markdown_rendering_test.go:67: Line 334:             const substitutePlaceholders = require('${{ runner.temp }}/gh-aw/actions/substitute_placeholders.cjs');
    secure_markdown_rendering_test.go:67: Line 335:
    secure_markdown_rendering_test.go:67: Line 336:             // Call the substitution function
    secure_markdown_rendering_test.go:67: Line 337:             return await substitutePlaceholders({
    secure_markdown_rendering_test.go:67: Line 338:               file: process.env.GH_AW_PROMPT,
    secure_markdown_rendering_test.go:67: Line 339:               substitutions: {
    secure_markdown_rendering_test.go:67: Line 340:                 GH_AW_EXPR_1A3A194A: process.env.GH_AW_EXPR_1A3A194A,
    secure_markdown_rendering_test.go:67: Line 341:                 GH_AW_EXPR_463A214A: process.env.GH_AW_EXPR_463A214A,
    secure_markdown_rendering_test.go:67: Line 342:                 GH_AW_EXPR_802A9F6A: process.env.GH_AW_EXPR_802A9F6A,
    secure_markdown_rendering_test.go:67: Line 343:                 GH_AW_EXPR_FF1D34CE: process.env.GH_AW_EXPR_FF1D34CE,
    secure_markdown_rendering_test.go:67: Line 344:                 GH_AW_GITHUB_ACTOR: process.env.GH_AW_GITHUB_ACTOR,
    secure_markdown_rendering_test.go:67: Line 345:                 GH_AW_GITHUB_REPOSITORY: process.env.GH_AW_GITHUB_REPOSITORY,
    secure_markdown_rendering_test.go:67: Line 346:                 GH_AW_GITHUB_RUN_ID: process.env.GH_AW_GITHUB_RUN_ID,
    secure_markdown_rendering_test.go:67: Line 347:                 GH_AW_GITHUB_WORKSPACE: process.env.GH_AW_GITHUB_WORKSPACE,
    secure_markdown_rendering_test.go:67: Line 348:                 GH_AW_MCP_CLI_SERVERS_LIST: process.env.GH_AW_MCP_CLI_SERVERS_LIST,
    secure_markdown_rendering_test.go:67: Line 349:                 GH_AW_NEEDS_PRE_ACTIVATION_OUTPUTS_ACTIVATED: process.env.GH_AW_NEEDS_PRE_ACTIVATION_OUTPUTS_ACTIVATED
    secure_markdown_rendering_test.go:67: Line 350:               }
    secure_markdown_rendering_test.go:67: Line 351:             });
    secure_markdown_rendering_test.go:67: Line 352:       - name: Validate prompt placeholders
    secure_markdown_rendering_test.go:67: Line 353:         env:
    secure_markdown_rendering_test.go:67: Line 354:           GH_AW_PROMPT: /tmp/gh-aw/aw-prompts/prompt.txt
    secure_markdown_rendering_test.go:67: Line 355:         # poutine:ignore untrusted_checkout_exec
    secure_markdown_rendering_test.go:67: Line 356:         run: bash "${RUNNER_TEMP}/gh-aw/actions/validate_prompt_placeholders.sh"
    secure_markdown_rendering_test.go:67: Line 357:       - name: Print prompt
    secure_markdown_rendering_test.go:67: Line 358:         env:
    secure_markdown_rendering_test.go:67: Line 359:           GH_AW_PROMPT: /tmp/gh-aw/aw-prompts/prompt.txt
    secure_markdown_rendering_test.go:67: Line 360:         # poutine:ignore untrusted_checkout_exec
    secure_markdown_rendering_test.go:67: Line 361:         run: bash "${RUNNER_TEMP}/gh-aw/actions/print_prompt_summary.sh"
    secure_markdown_rendering_test.go:67: Line 362:       - name: Upload activation artifact
    secure_markdown_rendering_test.go:67: Line 363:         if: success()
    secure_markdown_rendering_test.go:67: Line 364:         uses: actions/upload-artifact@043fb46d1a93c77aae656e7c1c64a875d1fc6a0a # v7.0.1
    secure_markdown_rendering_test.go:67: Line 365:         with:
    secure_markdown_rendering_test.go:67: Line 366:           name: activation
    secure_markdown_rendering_test.go:67: Line 367:           include-hidden-files: true
    secure_markdown_rendering_test.go:67: Line 368:           path: |
    secure_markdown_rendering_test.go:67: Line 369:             /tmp/gh-aw/aw_info.json
    secure_markdown_rendering_test.go:67: Line 370:             /tmp/gh-aw/models.json
    secure_markdown_rendering_test.go:67: Line 371:             /tmp/gh-aw/aw-prompts/prompt.txt
    secure_markdown_rendering_test.go:67: Line 372:             /tmp/gh-aw/aw-prompts/prompt-template.txt
    secure_markdown_rendering_test.go:67: Line 373:             /tmp/gh-aw/aw-prompts/prompt-import-tree.json
    secure_markdown_rendering_test.go:67: Line 374:             /tmp/gh-aw/github_rate_limits.jsonl
    secure_markdown_rendering_test.go:67: Line 375:             /tmp/gh-aw/base
    secure_markdown_rendering_test.go:67: Line 376:             /tmp/gh-aw/.github/agents
    secure_markdown_rendering_test.go:67: Line 377:             /tmp/gh-aw/.github/skills
    secure_markdown_rendering_test.go:67: Line 378:           if-no-files-found: ignore
    secure_markdown_rendering_test.go:67: Line 379:           retention-days: 1
    secure_markdown_rendering_test.go:67: Line 380:
    secure_markdown_rendering_test.go:67: Line 381:   agent:
    secure_markdown_rendering_test.go:67: Line 382:     needs: activation
    secure_markdown_rendering_test.go:67: Line 383:     if: needs.activation.outputs.daily_ai_credits_exceeded != 'true'
    secure_markdown_rendering_test.go:67: Line 384:     runs-on: ubuntu-latest
    secure_markdown_rendering_test.go:67: Line 385:     permissions:
    secure_markdown_rendering_test.go:67: Line 386:       contents: read
    secure_markdown_rendering_test.go:67: Line 387:       issues: read
    secure_markdown_rendering_test.go:67: Line 388:     env:
    secure_markdown_rendering_test.go:67: Line 389:       DEFAULT_BRANCH: ${{ github.event.repository.default_branch }}
    secure_markdown_rendering_test.go:67: Line 390:       GH_AW_ASSETS_ALLOWED_EXTS: ""
    secure_markdown_rendering_test.go:67: Line 391:       GH_AW_ASSETS_BRANCH: ""
    secure_markdown_rendering_test.go:67: Line 392:       GH_AW_ASSETS_MAX_SIZE_KB: 0
    secure_markdown_rendering_test.go:67: Line 393:       GH_AW_MCP_LOG_DIR: /tmp/gh-aw/mcp-logs/safeoutputs
    secure_markdown_rendering_test.go:67: Line 394:       GH_AW_PROJECT_UTC: "-08:00"
    secure_markdown_rendering_test.go:67: Line 395:       GH_AW_RUNTIME_FEATURES: ${{ vars.GH_AW_RUNTIME_FEATURES }}
    secure_markdown_rendering_test.go:67: Line 396:       GH_AW_WORKFLOW_ID_SANITIZED: test
    secure_markdown_rendering_test.go:67: Line 397:     outputs:
    secure_markdown_rendering_test.go:67: Line 398:       agentic_engine_timeout: ${{ steps.detect-agent-errors.outputs.agentic_engine_timeout || 'false' }}
    secure_markdown_rendering_test.go:67: Line 399:       ai_credits_rate_limit_error: ${{ steps.parse-mcp-gateway.outputs.ai_credits_rate_limit_error || 'false' }}
    secure_markdown_rendering_test.go:67: Line 400:       aic: ${{ steps.parse-mcp-gateway.outputs.aic }}
    secure_markdown_rendering_test.go:67: Line 401:       ambient_context: ${{ steps.parse-mcp-gateway.outputs.ambient_context }}
    secure_markdown_rendering_test.go:67: Line 402:       checkout_pr_success: ${{ steps.checkout-pr.outputs.checkout_pr_success || 'true' }}
    secure_markdown_rendering_test.go:67: Line 403:       effective_tokens: ${{ steps.parse-mcp-gateway.outputs.effective_tokens }}
    secure_markdown_rendering_test.go:67: Line 404:       has_patch: ${{ steps.collect_output.outputs.has_patch }}
    secure_markdown_rendering_test.go:67: Line 405:       inference_access_error: ${{ steps.detect-agent-errors.outputs.inference_access_error || 'false' }}
    secure_markdown_rendering_test.go:67: Line 406:       mcp_policy_error: ${{ steps.detect-agent-errors.outputs.mcp_policy_error || 'false' }}
    secure_markdown_rendering_test.go:67: Line 407:       model: ${{ needs.activation.outputs.model }}
    secure_markdown_rendering_test.go:67: Line 408:       model_not_supported_error: ${{ steps.detect-agent-errors.outputs.model_not_supported_error || 'false' }}
    secure_markdown_rendering_test.go:67: Line 409:       output: ${{ steps.collect_output.outputs.output }}
    secure_markdown_rendering_test.go:67: Line 410:       output_types: ${{ steps.collect_output.outputs.output_types }}
    secure_markdown_rendering_test.go:67: Line 411:       setup-parent-span-id: ${{ steps.setup.outputs.parent-span-id || steps.setup.outputs.span-id }}
    secure_markdown_rendering_test.go:67: Line 412:       setup-span-id: ${{ steps.setup.outputs.span-id }}
    secure_markdown_rendering_test.go:67: Line 413:       setup-trace-id: ${{ steps.setup.outputs.trace-id }}
    secure_markdown_rendering_test.go:67: Line 414:       unknown_model_ai_credits: ${{ steps.parse-mcp-gateway.outputs.unknown_model_ai_credits || 'false' }}
    secure_markdown_rendering_test.go:67: Line 415:     steps:
    secure_markdown_rendering_test.go:67: Line 416:       - name: Checkout actions folder
    secure_markdown_rendering_test.go:67: Line 417:         uses: actions/checkout@9c091bb21b7c1c1d1991bb908d89e4e9dddfe3e0 # v7.0.0
    secure_markdown_rendering_test.go:67: Line 418:         with:
    secure_markdown_rendering_test.go:67: Line 419:           repository: github/gh-aw
    secure_markdown_rendering_test.go:67: Line 420:           sparse-checkout: |
    secure_markdown_rendering_test.go:67: Line 421:             actions
    secure_markdown_rendering_test.go:67: Line 422:           persist-credentials: false
    secure_markdown_rendering_test.go:67: Line 423:       - name: Setup Scripts
    secure_markdown_rendering_test.go:67: Line 424:         id: setup
    secure_markdown_rendering_test.go:67: Line 425:         uses: ./actions/setup
    secure_markdown_rendering_test.go:67: Line 426:         with:
    secure_markdown_rendering_test.go:67: Line 427:           destination: ${{ runner.temp }}/gh-aw/actions
    secure_markdown_rendering_test.go:67: Line 428:           job-name: ${{ github.job }}
    secure_markdown_rendering_test.go:67: Line 429:           trace-id: ${{ needs.activation.outputs.setup-trace-id }}
    secure_markdown_rendering_test.go:67: Line 430:           parent-span-id: ${{ needs.activation.outputs.setup-parent-span-id || needs.activation.outputs.setup-span-id }}
    secure_markdown_rendering_test.go:67: Line 431:         env:
    secure_markdown_rendering_test.go:67: Line 432:           GH_AW_SETUP_WORKFLOW_NAME: "Test Workflow"
    secure_markdown_rendering_test.go:67: Line 433:           GH_AW_CURRENT_WORKFLOW_REF: ${{ github.repository }}/.github/workflows/test.lock.yml@${{ github.ref }}
    secure_markdown_rendering_test.go:67: Line 434:           GH_AW_INFO_VERSION: "1.0.63"
    secure_markdown_rendering_test.go:67: Line 435:           GH_AW_INFO_AWF_VERSION: "v0.27.7"
    secure_markdown_rendering_test.go:67: Line 436:           GH_AW_INFO_ENGINE_ID: "copilot"
    secure_markdown_rendering_test.go:67: Line 437:       - name: Set runtime paths
    secure_markdown_rendering_test.go:67: Line 438:         id: set-runtime-paths
    secure_markdown_rendering_test.go:67: Line 439:         run: |
    secure_markdown_rendering_test.go:67: Line 440:           {
    secure_markdown_rendering_test.go:67: Line 441:             echo "GH_AW_SAFE_OUTPUTS=${RUNNER_TEMP}/gh-aw/safeoutputs/outputs.jsonl"
    secure_markdown_rendering_test.go:67: Line 442:             echo "GH_AW_SAFE_OUTPUTS_CONFIG_PATH=${RUNNER_TEMP}/gh-aw/safeoutputs/config.json"
    secure_markdown_rendering_test.go:67: Line 443:             echo "GH_AW_SAFE_OUTPUTS_TOOLS_PATH=${RUNNER_TEMP}/gh-aw/safeoutputs/tools.json"
    secure_markdown_rendering_test.go:67: Line 444:           } >> "$GITHUB_OUTPUT"
    secure_markdown_rendering_test.go:67: Line 445:       - name: Checkout repository
    secure_markdown_rendering_test.go:67: Line 446:         uses: actions/checkout@9c091bb21b7c1c1d1991bb908d89e4e9dddfe3e0 # v7.0.0
    secure_markdown_rendering_test.go:67: Line 447:         with:
    secure_markdown_rendering_test.go:67: Line 448:           persist-credentials: false
    secure_markdown_rendering_test.go:67: Line 449:       - name: Create gh-aw temp directory
    secure_markdown_rendering_test.go:67: Line 450:         run: bash "${RUNNER_TEMP}/gh-aw/actions/create_gh_aw_tmp_dir.sh"
    secure_markdown_rendering_test.go:67: Line 451:       - name: Configure gh CLI for GitHub Enterprise
    secure_markdown_rendering_test.go:67: Line 452:         run: bash "${RUNNER_TEMP}/gh-aw/actions/configure_gh_for_ghe.sh"
    secure_markdown_rendering_test.go:67: Line 453:         env:
    secure_markdown_rendering_test.go:67: Line 454:           GH_TOKEN: ${{ github.token }}
    secure_markdown_rendering_test.go:67: Line 455:       - name: Configure Git credentials
    secure_markdown_rendering_test.go:67: Line 456:         env:
    secure_markdown_rendering_test.go:67: Line 457:           GITHUB_REPOSITORY: ${{ github.repository }}
    secure_markdown_rendering_test.go:67: Line 458:           GITHUB_SERVER_URL: ${{ github.server_url }}
    secure_markdown_rendering_test.go:67: Line 459:           GITHUB_TOKEN: ${{ github.token }}
    secure_markdown_rendering_test.go:67: Line 460:         run: bash "${RUNNER_TEMP}/gh-aw/actions/configure_git_credentials.sh"
    secure_markdown_rendering_test.go:67: Line 461:       - name: Checkout PR branch
    secure_markdown_rendering_test.go:67: Line 462:         id: checkout-pr
    secure_markdown_rendering_test.go:67: Line 463:         if: |
    secure_markdown_rendering_test.go:67: Line 464:           github.event.pull_request || github.event.issue.pull_request || github.event_name == 'workflow_dispatch' && fromJSON(github.event.inputs.aw_context || '{}').item_type == 'pull_request'
    secure_markdown_rendering_test.go:67: Line 465:         uses: actions/github-script@3a2844b7e9c422d3c10d287c895573f7108da1b3 # v9.0.0
    secure_markdown_rendering_test.go:67: Line 466:         env:
    secure_markdown_rendering_test.go:67: Line 467:           GH_TOKEN: ${{ secrets.GH_AW_GITHUB_MCP_SERVER_TOKEN || secrets.GH_AW_GITHUB_TOKEN || secrets.GITHUB_TOKEN }}
    secure_markdown_rendering_test.go:67: Line 468:         with:
    secure_markdown_rendering_test.go:67: Line 469:           github-token: ${{ secrets.GH_AW_GITHUB_MCP_SERVER_TOKEN || secrets.GH_AW_GITHUB_TOKEN || secrets.GITHUB_TOKEN }}
    secure_markdown_rendering_test.go:67: Line 470:           script: |
    secure_markdown_rendering_test.go:67: Line 471:             const { setupGlobals } = require('${{ runner.temp }}/gh-aw/actions/setup_globals.cjs');
    secure_markdown_rendering_test.go:67: Line 472:             setupGlobals(core, github, context, exec, io, getOctokit);
    secure_markdown_rendering_test.go:67: Line 473:             const { main } = require('${{ runner.temp }}/gh-aw/actions/checkout_pr_branch.cjs');
    secure_markdown_rendering_test.go:67: Line 474:             await main();
    secure_markdown_rendering_test.go:67: Line 475:       - name: Install GitHub Copilot CLI
    secure_markdown_rendering_test.go:67: Line 476:         run: bash "${RUNNER_TEMP}/gh-aw/actions/install_copilot_cli.sh" 1.0.63
    secure_markdown_rendering_test.go:67: Line 477:         env:
    secure_markdown_rendering_test.go:67: Line 478:           GH_HOST: github.com
    secure_markdown_rendering_test.go:67: Line 479:       - name: Install AWF binary
    secure_markdown_rendering_test.go:67: Line 480:         run: bash "${RUNNER_TEMP}/gh-aw/actions/install_awf_binary.sh" v0.27.7
    secure_markdown_rendering_test.go:67: Line 481:       - name: Determine automatic lockdown mode for GitHub MCP Server
    secure_markdown_rendering_test.go:67: Line 482:         id: determine-automatic-lockdown
    secure_markdown_rendering_test.go:67: Line 483:         uses: actions/github-script@3a2844b7e9c422d3c10d287c895573f7108da1b3 # v9.0.0 (source v9)
    secure_markdown_rendering_test.go:67: Line 484:         env:
    secure_markdown_rendering_test.go:67: Line 485:           GH_AW_GITHUB_TOKEN: ${{ secrets.GH_AW_GITHUB_TOKEN }}
    secure_markdown_rendering_test.go:67: Line 486:           GH_AW_GITHUB_MCP_SERVER_TOKEN: ${{ secrets.GH_AW_GITHUB_MCP_SERVER_TOKEN }}
    secure_markdown_rendering_test.go:67: Line 487:         with:
    secure_markdown_rendering_test.go:67: Line 488:           script: |
    secure_markdown_rendering_test.go:67: Line 489:             const determineAutomaticLockdown = require('${{ runner.temp }}/gh-aw/actions/determine_automatic_lockdown.cjs');
    secure_markdown_rendering_test.go:67: Line 490:             await determineAutomaticLockdown(github, context, core);
    secure_markdown_rendering_test.go:67: Line 491:       - name: Download activation artifact
    secure_markdown_rendering_test.go:67: Line 492:         uses: actions/download-artifact@3e5f45b2cfb9172054b4087a40e8e0b5a5461e7c # v8.0.1
    secure_markdown_rendering_test.go:67: Line 493:         with:
    secure_markdown_rendering_test.go:67: Line 494:           name: activation
    secure_markdown_rendering_test.go:67: Line 495:           path: /tmp/gh-aw
    secure_markdown_rendering_test.go:67: Line 496:       - name: Restore agent config folders from base branch
    secure_markdown_rendering_test.go:67: Line 497:         if: steps.checkout-pr.outcome == 'success'
    secure_markdown_rendering_test.go:67: Line 498:         env:
    secure_markdown_rendering_test.go:67: Line 499:           GH_AW_AGENT_FOLDERS: ".agents .antigravity .claude .codex .crush .gemini .github .opencode .pi"
    secure_markdown_rendering_test.go:67: Line 500:           GH_AW_AGENT_FILES: ".crush.json AGENTS.md ANTIGRAVITY.md CLAUDE.md GEMINI.md PI.md opencode.jsonc"
    secure_markdown_rendering_test.go:67: Line 501:         run: bash "${RUNNER_TEMP}/gh-aw/actions/restore_base_github_folders.sh"
    secure_markdown_rendering_test.go:67: Line 502:       - name: Restore inline sub-agents from activation artifact
    secure_markdown_rendering_test.go:67: Line 503:         env:
    secure_markdown_rendering_test.go:67: Line 504:           GH_AW_SUB_AGENT_DIR: ".github/agents"
    secure_markdown_rendering_test.go:67: Line 505:           GH_AW_SUB_AGENT_EXT: ".agent.md"
    secure_markdown_rendering_test.go:67: Line 506:         run: bash "${RUNNER_TEMP}/gh-aw/actions/restore_inline_sub_agents.sh"
    secure_markdown_rendering_test.go:67: Line 507:       - name: Restore inline skills from activation artifact
    secure_markdown_rendering_test.go:67: Line 508:         env:
    secure_markdown_rendering_test.go:67: Line 509:           GH_AW_SKILL_DIR: ".github/skills"
    secure_markdown_rendering_test.go:67: Line 510:         run: bash "${RUNNER_TEMP}/gh-aw/actions/restore_inline_skills.sh"
    secure_markdown_rendering_test.go:67: Line 511:       - name: Download container images
    secure_markdown_rendering_test.go:67: Line 512:         run: bash "${RUNNER_TEMP}/gh-aw/actions/download_docker_images.sh" ghcr.io/github/gh-aw-firewall/agent:0.27.7@sha256:aae231e4635c8999d039c132f1602d3df850fe9b84a00aa2b5ac981179b5661c ghcr.io/github/gh-aw-firewall/api-proxy:0.27.7@sha256:009caf2e3d88fa77b64e9a03a95a228fc58db0f1701c6d324b29ba5a3c7c79b6 ghcr.io/github/gh-aw-firewall/squid:0.27.7@sha256:deb1d4e19de62d51cee0508057a596a19315c3423ada4d675cad136dc8037c96 ghcr.io/github/gh-aw-mcpg:v0.3.27@sha256:fe984bddde4ec05d756d9043edb0a32912e6b7b72f6a121b1082f29221421cc7 ghcr.io/github/gh-aw-node@sha256:529d02eb970b1161aa25c593a9c3df57fdfad5a8add328cb3b6eccef66f3183b ghcr.io/github/github-mcp-server:v1.4.0@sha256:2afb26356481d1a350e14544a6e160f7f7ec1561a1ea309b823665abf0309036
    secure_markdown_rendering_test.go:67: Line 513:       - name: Generate Safe Outputs Config
    secure_markdown_rendering_test.go:67: Line 514:         run: |
    secure_markdown_rendering_test.go:67: Line 515:           mkdir -p "${RUNNER_TEMP}/gh-aw/safeoutputs"
    secure_markdown_rendering_test.go:67: Line 516:           mkdir -p /tmp/gh-aw/safeoutputs
    secure_markdown_rendering_test.go:67: Line 517:           mkdir -p /tmp/gh-aw/mcp-logs/safeoutputs
    secure_markdown_rendering_test.go:67: Line 518:           cat > "${RUNNER_TEMP}/gh-aw/safeoutputs/config.json" << 'GH_AW_SAFE_OUTPUTS_CONFIG_bd629582e097c437_EOF'
    secure_markdown_rendering_test.go:67: Line 519:           {"create_issue":{"labels":["test"],"max":1,"title_prefix":"[test]"}}
    secure_markdown_rendering_test.go:67: Line 520:           GH_AW_SAFE_OUTPUTS_CONFIG_bd629582e097c437_EOF
    secure_markdown_rendering_test.go:67: Line 521:       - name: Generate Safe Outputs Tools
    secure_markdown_rendering_test.go:67: Line 522:         env:
    secure_markdown_rendering_test.go:67: Line 523:           GH_AW_TOOLS_META_JSON: |
    secure_markdown_rendering_test.go:67: Line 524:             {
    secure_markdown_rendering_test.go:67: Line 525:               "description_suffixes": {
    secure_markdown_rendering_test.go:67: Line 526:                 "create_issue": " CONSTRAINTS: Maximum 1 issue(s) can be created. Title will be prefixed with \"[test]\". Labels [\"test\"] will be automatically added."
    secure_markdown_rendering_test.go:67: Line 527:               },
    secure_markdown_rendering_test.go:67: Line 528:               "repo_params": {},
    secure_markdown_rendering_test.go:67: Line 529:               "dynamic_tools": []
    secure_markdown_rendering_test.go:67: Line 530:             }
    secure_markdown_rendering_test.go:67: Line 531:           GH_AW_VALIDATION_JSON: |
    secure_markdown_rendering_test.go:67: Line 532:             {
    secure_markdown_rendering_test.go:67: Line 533:               "create_issue": {
    secure_markdown_rendering_test.go:67: Line 534:                 "defaultMax": 1,
    secure_markdown_rendering_test.go:67: Line 535:                 "fields": {
    secure_markdown_rendering_test.go:67: Line 536:                   "body": {
    secure_markdown_rendering_test.go:67: Line 537:                     "required": true,
    secure_markdown_rendering_test.go:67: Line 538:                     "type": "string",
    secure_markdown_rendering_test.go:67: Line 539:                     "sanitize": true,
    secure_markdown_rendering_test.go:67: Line 540:                     "maxLength": 65000,
    secure_markdown_rendering_test.go:67: Line 541:                     "minLength": 20
    secure_markdown_rendering_test.go:67: Line 542:                   },
    secure_markdown_rendering_test.go:67: Line 543:                   "fields": {
    secure_markdown_rendering_test.go:67: Line 544:                     "type": "array"
    secure_markdown_rendering_test.go:67: Line 545:                   },
    secure_markdown_rendering_test.go:67: Line 546:                   "labels": {
    secure_markdown_rendering_test.go:67: Line 547:                     "type": "array",
    secure_markdown_rendering_test.go:67: Line 548:                     "itemType": "string",
    secure_markdown_rendering_test.go:67: Line 549:                     "itemSanitize": true,
    secure_markdown_rendering_test.go:67: Line 550:                     "itemMaxLength": 128
    secure_markdown_rendering_test.go:67: Line 551:                   },
    secure_markdown_rendering_test.go:67: Line 552:                   "parent": {
    secure_markdown_rendering_test.go:67: Line 553:                     "issueOrPRNumber": true
    secure_markdown_rendering_test.go:67: Line 554:                   },
    secure_markdown_rendering_test.go:67: Line 555:                   "repo": {
    secure_markdown_rendering_test.go:67: Line 556:                     "type": "string",
    secure_markdown_rendering_test.go:67: Line 557:                     "maxLength": 256
    secure_markdown_rendering_test.go:67: Line 558:                   },
    secure_markdown_rendering_test.go:67: Line 559:                   "temporary_id": {
    secure_markdown_rendering_test.go:67: Line 560:                     "type": "string"
    secure_markdown_rendering_test.go:67: Line 561:                   },
    secure_markdown_rendering_test.go:67: Line 562:                   "title": {
    secure_markdown_rendering_test.go:67: Line 563:                     "required": true,
    secure_markdown_rendering_test.go:67: Line 564:                     "type": "string",
    secure_markdown_rendering_test.go:67: Line 565:                     "sanitize": true,
    secure_markdown_rendering_test.go:67: Line 566:                     "maxLength": 128
    secure_markdown_rendering_test.go:67: Line 567:                   }
    secure_markdown_rendering_test.go:67: Line 568:                 }
    secure_markdown_rendering_test.go:67: Line 569:               }
    secure_markdown_rendering_test.go:67: Line 570:             }
    secure_markdown_rendering_test.go:67: Line 571:         uses: actions/github-script@3a2844b7e9c422d3c10d287c895573f7108da1b3 # v9.0.0
    secure_markdown_rendering_test.go:67: Line 572:         with:
    secure_markdown_rendering_test.go:67: Line 573:           script: |
    secure_markdown_rendering_test.go:67: Line 574:             const { setupGlobals } = require('${{ runner.temp }}/gh-aw/actions/setup_globals.cjs');
    secure_markdown_rendering_test.go:67: Line 575:             setupGlobals(core, github, context, exec, io, getOctokit);
    secure_markdown_rendering_test.go:67: Line 576:             const { main } = require('${{ runner.temp }}/gh-aw/actions/generate_safe_outputs_tools.cjs');
    secure_markdown_rendering_test.go:67: Line 577:             await main();
    secure_markdown_rendering_test.go:67: Line 578:       - name: Start MCP Gateway
    secure_markdown_rendering_test.go:67: Line 579:         id: start-mcp-gateway
    secure_markdown_rendering_test.go:67: Line 580:         env:
    secure_markdown_rendering_test.go:67: Line 581:           GH_AW_SAFE_OUTPUTS: ${{ steps.set-runtime-paths.outputs.GH_AW_SAFE_OUTPUTS }}
    secure_markdown_rendering_test.go:67: Line 582:           GH_AW_SAFE_OUTPUTS_CONFIG_PATH: ${{ steps.set-runtime-paths.outputs.GH_AW_SAFE_OUTPUTS_CONFIG_PATH }}
    secure_markdown_rendering_test.go:67: Line 583:           GH_AW_SAFE_OUTPUTS_TOOLS_PATH: ${{ steps.set-runtime-paths.outputs.GH_AW_SAFE_OUTPUTS_TOOLS_PATH }}
    secure_markdown_rendering_test.go:67: Line 584:           GITHUB_MCP_GUARD_MIN_INTEGRITY: ${{ steps.determine-automatic-lockdown.outputs.min_integrity }}
    secure_markdown_rendering_test.go:67: Line 585:           GITHUB_MCP_GUARD_REPOS: ${{ steps.determine-automatic-lockdown.outputs.repos }}
    secure_markdown_rendering_test.go:67: Line 586:           GITHUB_MCP_SERVER_TOKEN: ${{ secrets.GH_AW_GITHUB_MCP_SERVER_TOKEN || secrets.GH_AW_GITHUB_TOKEN || secrets.GITHUB_TOKEN }}
    secure_markdown_rendering_test.go:67: Line 587:           GITHUB_TOKEN: ${{ secrets.GITHUB_TOKEN }}
    secure_markdown_rendering_test.go:67: Line 588:         run: |
    secure_markdown_rendering_test.go:67: Line 589:           set -eo pipefail
    secure_markdown_rendering_test.go:67: Line 590:           mkdir -p "${RUNNER_TEMP}/gh-aw/mcp-config"
    secure_markdown_rendering_test.go:67: Line 591:
    secure_markdown_rendering_test.go:67: Line 592:           # Export gateway environment variables for MCP config and gateway script
    secure_markdown_rendering_test.go:67: Line 593:           export MCP_GATEWAY_PORT="8080"
    secure_markdown_rendering_test.go:67: Line 594:           export MCP_GATEWAY_DOMAIN="host.docker.internal"
    secure_markdown_rendering_test.go:67: Line 595:           export MCP_GATEWAY_HOST_DOMAIN="localhost"
    secure_markdown_rendering_test.go:67: Line 596:           MCP_GATEWAY_API_KEY=$(openssl rand -base64 45 | tr -d '/+=')
    secure_markdown_rendering_test.go:67: Line 597:           echo "::add-mask::${MCP_GATEWAY_API_KEY}"
    secure_markdown_rendering_test.go:67: Line 598:           export MCP_GATEWAY_API_KEY
    secure_markdown_rendering_test.go:67: Line 599:           export MCP_GATEWAY_PAYLOAD_DIR="/tmp/gh-aw/mcp-payloads"
    secure_markdown_rendering_test.go:67: Line 600:           mkdir -p "${MCP_GATEWAY_PAYLOAD_DIR}"
    secure_markdown_rendering_test.go:67: Line 601:           export MCP_GATEWAY_PAYLOAD_SIZE_THRESHOLD="524288"
    secure_markdown_rendering_test.go:67: Line 602:           export DEBUG="*"
    secure_markdown_rendering_test.go:67: Line 603:
    secure_markdown_rendering_test.go:67: Line 604:           export GH_AW_ENGINE="copilot"
    secure_markdown_rendering_test.go:67: Line 605:           MCP_GATEWAY_UID=$(id -u 2>/dev/null || echo '0')
    secure_markdown_rendering_test.go:67: Line 606:           MCP_GATEWAY_GID=$(id -g 2>/dev/null || echo '0')
    secure_markdown_rendering_test.go:67: Line 607:           case "${DOCKER_HOST:-}" in
    secure_markdown_rendering_test.go:67: Line 608:             unix://* ) DOCKER_SOCK_PATH="${DOCKER_HOST#unix://}" ;;
    secure_markdown_rendering_test.go:67: Line 609:             /* ) DOCKER_SOCK_PATH="$DOCKER_HOST" ;;
    secure_markdown_rendering_test.go:67: Line 610:             * ) DOCKER_SOCK_PATH=/var/run/docker.sock ;;
    secure_markdown_rendering_test.go:67: Line 611:           esac
    secure_markdown_rendering_test.go:67: Line 612:           DOCKER_SOCK_GID=$(stat -c '%g' "$DOCKER_SOCK_PATH" 2>/dev/null || echo '0')
    secure_markdown_rendering_test.go:67: Line 613:           export MCP_GATEWAY_DOCKER_COMMAND='docker run -i --rm --network host --name awmg-mcpg --add-host host.docker.internal:127.0.0.1 --user '"${MCP_GATEWAY_UID}"':'"${MCP_GATEWAY_GID}"' --group-add '"${DOCKER_SOCK_GID}"' -v '"${DOCKER_SOCK_PATH}"':/var/run/docker.sock -e MCP_GATEWAY_PORT -e MCP_GATEWAY_DOMAIN -e MCP_GATEWAY_API_KEY -e MCP_GATEWAY_PAYLOAD_DIR -e MCP_GATEWAY_PAYLOAD_SIZE_THRESHOLD -e DOCKER_HOST=unix:///var/run/docker.sock -e DEBUG -e MCP_GATEWAY_LOG_DIR -e GH_AW_MCP_LOG_DIR -e GH_AW_SAFE_OUTPUTS -e GH_AW_SAFE_OUTPUTS_CONFIG_PATH -e GH_AW_SAFE_OUTPUTS_TOOLS_PATH -e GH_AW_ASSETS_BRANCH -e GH_AW_ASSETS_MAX_SIZE_KB -e GH_AW_ASSETS_ALLOWED_EXTS -e DEFAULT_BRANCH -e GITHUB_MCP_SERVER_TOKEN -e GITHUB_MCP_GUARD_MIN_INTEGRITY -e GITHUB_MCP_GUARD_REPOS -e GITHUB_REPOSITORY -e GITHUB_SERVER_URL -e GITHUB_SHA -e GITHUB_WORKSPACE -e GITHUB_TOKEN -e GITHUB_RUN_ID -e GITHUB_RUN_NUMBER -e GITHUB_RUN_ATTEMPT -e GITHUB_JOB -e GITHUB_ACTION -e GITHUB_EVENT_NAME -e GITHUB_EVENT_PATH -e GITHUB_ACTOR -e GITHUB_ACTOR_ID -e GITHUB_TRIGGERING_ACTOR -e GITHUB_WORKFLOW -e GITHUB_WORKFLOW_REF -e GITHUB_WORKFLOW_SHA -e GITHUB_REF -e GITHUB_REF_NAME -e GITHUB_REF_TYPE -e GITHUB_HEAD_REF -e GITHUB_BASE_REF -e RUNNER_TEMP -v /tmp/gh-aw/mcp-payloads:/tmp/gh-aw/mcp-payloads:rw -v /opt:/opt:ro -v /tmp:/tmp:rw -v '"${GITHUB_WORKSPACE}"':'"${GITHUB_WORKSPACE}"':rw -v '"${RUNNER_TEMP}"'/gh-aw/safeoutputs:'"${RUNNER_TEMP}"'/gh-aw/safeoutputs:rw ghcr.io/github/gh-aw-mcpg:v0.3.27'
    secure_markdown_rendering_test.go:67: Line 614:
    secure_markdown_rendering_test.go:67: Line 615:           mkdir -p "$HOME/.copilot"
    secure_markdown_rendering_test.go:67: Line 616:           GH_AW_NODE=$(which node 2>/dev/null || command -v node 2>/dev/null || echo node)
    secure_markdown_rendering_test.go:67: Line 617:           cat << GH_AW_MCP_CONFIG_554c58b8270e83a3_EOF | "$GH_AW_NODE" "${RUNNER_TEMP}/gh-aw/actions/start_mcp_gateway.cjs"
    secure_markdown_rendering_test.go:67: Line 618:           {
    secure_markdown_rendering_test.go:67: Line 619:             "mcpServers": {
    secure_markdown_rendering_test.go:67: Line 620:               "github": {
    secure_markdown_rendering_test.go:67: Line 621:                 "type": "stdio",
    secure_markdown_rendering_test.go:67: Line 622:                 "container": "ghcr.io/github/github-mcp-server:v1.4.0",
    secure_markdown_rendering_test.go:67: Line 623:                 "env": {
    secure_markdown_rendering_test.go:67: Line 624:                   "GITHUB_HOST": "\\${GITHUB_SERVER_URL}",
    secure_markdown_rendering_test.go:67: Line 625:                   "GITHUB_PERSONAL_ACCESS_TOKEN": "\\${GITHUB_MCP_SERVER_TOKEN}",
    secure_markdown_rendering_test.go:67: Line 626:                   "GITHUB_READ_ONLY": "1",
    secure_markdown_rendering_test.go:67: Line 627:                   "GITHUB_TOOLSETS": "context,repos,issues,pull_requests"
    secure_markdown_rendering_test.go:67: Line 628:                 },
    secure_markdown_rendering_test.go:67: Line 629:                 "guard-policies": {
    secure_markdown_rendering_test.go:67: Line 630:                   "allow-only": {
    secure_markdown_rendering_test.go:67: Line 631:                     "min-integrity": "$GITHUB_MCP_GUARD_MIN_INTEGRITY",
    secure_markdown_rendering_test.go:67: Line 632:                     "repos": "$GITHUB_MCP_GUARD_REPOS"
    secure_markdown_rendering_test.go:67: Line 633:                   }
    secure_markdown_rendering_test.go:67: Line 634:                 }
    secure_markdown_rendering_test.go:67: Line 635:               },
    secure_markdown_rendering_test.go:67: Line 636:               "safeoutputs": {
    secure_markdown_rendering_test.go:67: Line 637:                 "type": "stdio",
    secure_markdown_rendering_test.go:67: Line 638:                 "container": "ghcr.io/github/gh-aw-node",
    secure_markdown_rendering_test.go:67: Line 639:                 "mounts": ["\${GITHUB_WORKSPACE}:\${GITHUB_WORKSPACE}:rw", "${RUNNER_TEMP}/gh-aw/safeoutputs:${RUNNER_TEMP}/gh-aw/safeoutputs:rw", "/tmp/gh-aw:/tmp/gh-aw:rw"],
    secure_markdown_rendering_test.go:67: Line 640:                 "args": ["-w", "\${GITHUB_WORKSPACE}"],
    secure_markdown_rendering_test.go:67: Line 641:                 "entrypoint": "sh",
    secure_markdown_rendering_test.go:67: Line 642:                 "entrypointArgs": ["-c", "sh ${RUNNER_TEMP}/gh-aw/safeoutputs/start_safe_outputs_mcp.sh"],
    secure_markdown_rendering_test.go:67: Line 643:                 "env": {
    secure_markdown_rendering_test.go:67: Line 644:                   "DEBUG": "*",
    secure_markdown_rendering_test.go:67: Line 645:                   "DEFAULT_BRANCH": "\${DEFAULT_BRANCH}",
    secure_markdown_rendering_test.go:67: Line 646:                   "GH_AW_ASSETS_ALLOWED_EXTS": "\${GH_AW_ASSETS_ALLOWED_EXTS}",
    secure_markdown_rendering_test.go:67: Line 647:                   "GH_AW_ASSETS_BRANCH": "\${GH_AW_ASSETS_BRANCH}",
    secure_markdown_rendering_test.go:67: Line 648:                   "GH_AW_ASSETS_MAX_SIZE_KB": "\${GH_AW_ASSETS_MAX_SIZE_KB}",
    secure_markdown_rendering_test.go:67: Line 649:                   "GH_AW_MCP_LOG_DIR": "\${GH_AW_MCP_LOG_DIR}",
    secure_markdown_rendering_test.go:67: Line 650:                   "GH_AW_SAFE_OUTPUTS": "\${GH_AW_SAFE_OUTPUTS}",
    secure_markdown_rendering_test.go:67: Line 651:                   "GH_AW_SAFE_OUTPUTS_CONFIG_PATH": "\${GH_AW_SAFE_OUTPUTS_CONFIG_PATH}",
    secure_markdown_rendering_test.go:67: Line 652:                   "GH_AW_SAFE_OUTPUTS_TOOLS_PATH": "\${GH_AW_SAFE_OUTPUTS_TOOLS_PATH}",
    secure_markdown_rendering_test.go:67: Line 653:                   "GITHUB_REPOSITORY": "\${GITHUB_REPOSITORY}",
    secure_markdown_rendering_test.go:67: Line 654:                   "GITHUB_TOKEN": "\${GITHUB_TOKEN}",
    secure_markdown_rendering_test.go:67: Line 655:                   "GITHUB_WORKSPACE": "\${GITHUB_WORKSPACE}",
    secure_markdown_rendering_test.go:67: Line 656:                   "RUNNER_TEMP": "\${RUNNER_TEMP}"
    secure_markdown_rendering_test.go:67: Line 657:                 },
    secure_markdown_rendering_test.go:67: Line 658:                 "guard-policies": {
    secure_markdown_rendering_test.go:67: Line 659:                   "write-sink": {
    secure_markdown_rendering_test.go:67: Line 660:                     "accept": [
    secure_markdown_rendering_test.go:67: Line 661:                       "*"
    secure_markdown_rendering_test.go:67: Line 662:                     ]
    secure_markdown_rendering_test.go:67: Line 663:                   }
    secure_markdown_rendering_test.go:67: Line 664:                 }
    secure_markdown_rendering_test.go:67: Line 665:               }
    secure_markdown_rendering_test.go:67: Line 666:             },
    secure_markdown_rendering_test.go:67: Line 667:             "gateway": {
    secure_markdown_rendering_test.go:67: Line 668:               "port": $MCP_GATEWAY_PORT,
    secure_markdown_rendering_test.go:67: Line 669:               "domain": "${MCP_GATEWAY_DOMAIN}",
    secure_markdown_rendering_test.go:67: Line 670:               "apiKey": "${MCP_GATEWAY_API_KEY}",
    secure_markdown_rendering_test.go:67: Line 671:               "payloadDir": "${MCP_GATEWAY_PAYLOAD_DIR}"
    secure_markdown_rendering_test.go:67: Line 672:             }
    secure_markdown_rendering_test.go:67: Line 673:           }
    secure_markdown_rendering_test.go:67: Line 674:           GH_AW_MCP_CONFIG_554c58b8270e83a3_EOF
    secure_markdown_rendering_test.go:67: Line 675:       - name: Mount MCP servers as CLIs
    secure_markdown_rendering_test.go:67: Line 676:         id: mount-mcp-clis
    secure_markdown_rendering_test.go:67: Line 677:         continue-on-error: true
    secure_markdown_rendering_test.go:67: Line 678:         env:
    secure_markdown_rendering_test.go:67: Line 679:           MCP_GATEWAY_API_KEY: ${{ steps.start-mcp-gateway.outputs.gateway-api-key }}
    secure_markdown_rendering_test.go:67: Line 680:           MCP_GATEWAY_DOMAIN: ${{ steps.start-mcp-gateway.outputs.gateway-domain }}
    secure_markdown_rendering_test.go:67: Line 681:           MCP_GATEWAY_PORT: ${{ steps.start-mcp-gateway.outputs.gateway-port }}
    secure_markdown_rendering_test.go:67: Line 682:         uses: actions/github-script@3a2844b7e9c422d3c10d287c895573f7108da1b3 # v9.0.0
    secure_markdown_rendering_test.go:67: Line 683:         with:
    secure_markdown_rendering_test.go:67: Line 684:           script: |
    secure_markdown_rendering_test.go:67: Line 685:             const { setupGlobals } = require('${{ runner.temp }}/gh-aw/actions/setup_globals.cjs');
    secure_markdown_rendering_test.go:67: Line 686:             setupGlobals(core, github, context, exec, io);
    secure_markdown_rendering_test.go:67: Line 687:             const { main } = require('${{ runner.temp }}/gh-aw/actions/mount_mcp_as_cli.cjs');
    secure_markdown_rendering_test.go:67: Line 688:             await main();
    secure_markdown_rendering_test.go:67: Line 689:       - name: Clean credentials
    secure_markdown_rendering_test.go:67: Line 690:         continue-on-error: true
    secure_markdown_rendering_test.go:67: Line 691:         run: bash "${RUNNER_TEMP}/gh-aw/actions/clean_git_credentials.sh"
    secure_markdown_rendering_test.go:67: Line 692:       - name: Audit pre-agent workspace
    secure_markdown_rendering_test.go:67: Line 693:         id: pre_agent_audit
    secure_markdown_rendering_test.go:67: Line 694:         continue-on-error: true
    secure_markdown_rendering_test.go:67: Line 695:         run: bash "${RUNNER_TEMP}/gh-aw/actions/audit_pre_agent_workspace.sh"
    secure_markdown_rendering_test.go:67: Line 696:       - name: Execute GitHub Copilot CLI
    secure_markdown_rendering_test.go:67: Line 697:         id: agentic_execution
    secure_markdown_rendering_test.go:67: Line 698:         # Copilot CLI tool arguments (sorted):
    secure_markdown_rendering_test.go:67: Line 699:         timeout-minutes: 20
    secure_markdown_rendering_test.go:67: Line 700:         run: |
    secure_markdown_rendering_test.go:67: Line 701:           set -o pipefail
    secure_markdown_rendering_test.go:67: Line 702:           printf '%s' "$(date +%s%3N)" > /tmp/gh-aw/agent_cli_start_ms.txt
    secure_markdown_rendering_test.go:67: Line 703:           trap 'rm -f "$HOME/.copilot/settings.json"' EXIT
    secure_markdown_rendering_test.go:67: Line 704:           mkdir -p "$HOME/.copilot"
    secure_markdown_rendering_test.go:67: Line 705:           printf '%s' '{"builtInAgents":{"rubberDuck":false}}' > "$HOME/.copilot/settings.json"
    secure_markdown_rendering_test.go:67: Line 706:           export XDG_CONFIG_HOME="$HOME"
    secure_markdown_rendering_test.go:67: Line 707:           export GH_AW_MCP_CONFIG="$HOME/.copilot/mcp-config.json"
    secure_markdown_rendering_test.go:67: Line 708:           touch /tmp/gh-aw/agent-step-summary.md
    secure_markdown_rendering_test.go:67: Line 709:           GH_AW_NODE_BIN=$(command -v node 2>/dev/null || true)
    secure_markdown_rendering_test.go:67: Line 710:           export GH_AW_NODE_BIN
    secure_markdown_rendering_test.go:67: Line 711:           export COPILOT_API_KEY="$COPILOT_DUMMY_BYOK"
    secure_markdown_rendering_test.go:67: Line 712:           (umask 177 && touch /tmp/gh-aw/agent-stdio.log)
    secure_markdown_rendering_test.go:67: Line 713:           GH_AW_MAX_AI_CREDITS="${GH_AW_MAX_AI_CREDITS:-1000}"
    secure_markdown_rendering_test.go:67: Line 714:           printf '%s\n' "{\"\$schema\":\"https://github.com/github/gh-aw-firewall/releases/download/v0.27.7/awf-config.schema.json\",\"network\":{\"allowDomains\":[\"api.business.githubcopilot.com\",\"api.enterprise.githubcopilot.com\",\"api.github.com\",\"api.githubcopilot.com\",\"api.individual.githubcopilot.com\",\"api.snapcraft.io\",\"archive.ubuntu.com\",\"azure.archive.ubuntu.com\",\"crl.geotrust.com\",\"crl.globalsign.com\",\"crl.identrust.com\",\"crl.sectigo.com\",\"crl.thawte.com\",\"crl.usertrust.com\",\"crl.verisign.com\",\"crl3.digicert.com\",\"crl4.digicert.com\",\"crls.ssl.com\",\"github.com\",\"host.docker.internal\",\"json-schema.org\",\"json.schemastore.org\",\"keyserver.ubuntu.com\",\"ocsp.digicert.com\",\"ocsp.geotrust.com\",\"ocsp.globalsign.com\",\"ocsp.identrust.com\",\"ocsp.sectigo.com\",\"ocsp.ssl.com\",\"ocsp.thawte.com\",\"ocsp.usertrust.com\",\"ocsp.verisign.com\",\"packagecloud.io\",\"packages.cloud.google.com\",\"packages.microsoft.com\",\"ppa.launchpad.net\",\"raw.githubusercontent.com\",\"registry.npmjs.org\",\"s.symcb.com\",\"s.symcd.com\",\"security.ubuntu.com\",\"telemetry.enterprise.githubcopilot.com\",\"ts-crl.ws.symantec.com\",\"ts-ocsp.ws.symantec.com\",\"www.googleapis.com\"]},\"apiProxy\":{\"enabled\":true,\"enableTokenSteering\":true,\"maxRuns\":500,\"maxAiCredits\":${GH_AW_MAX_AI_CREDITS},\"maxCacheMisses\":5,\"models\":{\"agent\":[\"sonnet-6x\",\"gpt-5.5\",\"gpt-5.4\",\"gpt-5.3\",\"gemini-pro\",\"any\"],\"antigravity\":[\"copilot/antigravity*\",\"google/antigravity*\",\"gemini/antigravity*\"],\"any\":[\"copilot/*\",\"anthropic/*\",\"openai/*\",\"google/*\",\"gemini/*\"],\"claude\":[\"agent\"],\"codex\":[\"agent\"],\"coding\":[\"copilot/gpt-5*codex*\",\"openai/gpt-5*codex*\",\"gpt-5-codex\"],\"computer-use\":[\"copilot/*computer-use*\",\"google/*computer-use*\",\"gemini/*computer-use*\",\"openai/*computer-use*\"],\"copilot\":[\"agent\"],\"deep-research\":[\"copilot/deep-research*\",\"copilot/o3-deep-research*\",\"copilot/o4-mini-deep-research*\",\"google/deep-research*\",\"gemini/deep-research*\",\"openai/o3-deep-research*\",\"openai/o4-mini-deep-research*\"],\"gemini\":[\"agent\"],\"gemini-3-flash\":[\"copilot/gemini-3*flash*\",\"google/gemini-3*flash*\",\"gemini/gemini-3*flash*\"],\"gemini-3-pro\":[\"copilot/gemini-3*pro*\",\"google/gemini-3*pro*\",\"google/nano-banana*\",\"gemini/gemini-3*pro*\"],\"gemini-3.1-flash\":[\"copilot/gemini-3.1*flash*\",\"google/gemini-3.1*flash*\",\"gemini/gemini-3.1*flash*\"],\"gemini-3.1-pro\":[\"copilot/gemini-3.1*pro*\",\"google/gemini-3.1*pro*\",\"gemini/gemini-3.1*pro*\"],\"gemini-3.5-flash\":[\"copilot/gemini-3.5*flash*\",\"google/gemini-3.5*flash*\",\"gemini/gemini-3.5*flash*\"],\"gemini-flash\":[\"copilot/gemini-*flash*\",\"google/gemini-*flash*\",\"gemini/gemini-*flash*\"],\"gemini-flash-lite\":[\"copilot/gemini-*flash*lite*\",\"google/gemini-*flash*lite*\",\"gemini/gemini-*flash*lite*\"],\"gemini-pro\":[\"copilot/gemini-*pro*\",\"google/gemini-*pro*\",\"gemini/gemini-*pro*\"],\"gemma\":[\"copilot/gemma*\",\"google/gemma*\",\"gemini/gemma*\"],\"gpt-5\":[\"copilot/gpt-5*\",\"openai/gpt-5*\"],\"gpt-5-codex\":[\"copilot/gpt-5*codex*\",\"openai/gpt-5*codex*\"],\"gpt-5-mini\":[\"copilot/gpt-5*mini*\",\"openai/gpt-5*mini*\"],\"gpt-5-nano\":[\"copilot/gpt-5*nano*\",\"openai/gpt-5*nano*\"],\"gpt-5-pro\":[\"copilot/gpt-5*pro*\",\"openai/gpt-5*pro*\"],\"gpt-5.1\":[\"copilot/gpt-5.1*\",\"openai/gpt-5.1*\"],\"gpt-5.2\":[\"copilot/gpt-5.2*\",\"openai/gpt-5.2*\"],\"gpt-5.3\":[\"copilot/gpt-5.3*\",\"openai/gpt-5.3*\"],\"gpt-5.4\":[\"copilot/gpt-5.4*\",\"openai/gpt-5.4*\"],\"gpt-5.5\":[\"copilot/gpt-5.5*\",\"openai/gpt-5.5*\"],\"haiku\":[\"copilot/*haiku*\",\"anthropic/*haiku*\"],\"image-generation\":[\"copilot/gpt-image*\",\"openai/gpt-image*\",\"openai/chatgpt-image*\",\"copilot/gemini-*image*\",\"google/gemini-*image*\",\"gemini/gemini-*image*\",\"google/imagen*\"],\"large\":[\"sonnet\",\"gpt-5-pro\",\"gpt-5\",\"gemini-pro\"],\"mai-code\":[\"copilot/MAI-Code*\",\"copilot/mai-code*\",\"openai/MAI-Code*\"],\"mini\":[\"haiku\",\"gpt-5-mini\",\"gpt-5-nano\",\"gemini-flash-lite\"],\"nano-banana\":[\"copilot/nano-banana*\",\"google/nano-banana*\",\"gemini/nano-banana*\"],\"opus\":[\"copilot/*opus*\",\"anthropic/*opus*\"],\"opusplan\":[\"opus?effort=high\"],\"reasoning\":[\"copilot/o1*\",\"copilot/o3*\",\"copilot/o4*\",\"openai/o1*\",\"openai/o3*\",\"openai/o4*\"],\"robotics\":[\"copilot/*robotics*\",\"google/*robotics*\",\"gemini/*robotics*\"],\"small\":[\"mini\"],\"small-agent\":[\"haiku\",\"gpt-5-mini\",\"gemini-flash\"],\"sonnet\":[\"copilot/*sonnet*\",\"anthropic/*sonnet*\"],\"sonnet-6x\":[\"copilot/*sonnet-4.5*\",\"copilot/*sonnet-4.6*\",\"copilot/*sonnet-4-5-*\",\"anthropic/*sonnet-4-5-*\",\"copilot/*sonnet-4-6*\",\"anthropic/*sonnet-4-6*\"],\"summarization\":[\"haiku\",\"gpt-5-mini\",\"gemini-flash-lite\",\"mini\"],\"vision\":[\"copilot/gemini-*image*\",\"google/gemini-*image*\",\"gemini/gemini-*image*\",\"copilot/gemini-*flash*\",\"google/gemini-*flash*\",\"gemini/gemini-*flash*\"]}},\"container\":{\"imageTag\":\"0.27.7,squid=sha256:deb1d4e19de62d51cee0508057a596a19315c3423ada4d675cad136dc8037c96,agent=sha256:aae231e4635c8999d039c132f1602d3df850fe9b84a00aa2b5ac981179b5661c,api-proxy=sha256:009caf2e3d88fa77b64e9a03a95a228fc58db0f1701c6d324b29ba5a3c7c79b6,cli-proxy=sha256:4757f198a3fa20f88bdbe70be7ae1a05f127d9c0a9e96a5d6460ef40c08fc83d\"}}" > "${RUNNER_TEMP}/gh-aw/awf-config.json"
    secure_markdown_rendering_test.go:67: Line 715:           cp "${RUNNER_TEMP}/gh-aw/awf-config.json" /tmp/gh-aw/awf-config.json
    secure_markdown_rendering_test.go:67: Line 716:           export GH_AW_MODELS_JSON_PATH="/tmp/gh-aw/models.json"
    secure_markdown_rendering_test.go:67: Line 717:           GH_AW_DOCKER_HOST=""
    secure_markdown_rendering_test.go:67: Line 718:           if [[ "${DOCKER_HOST:-}" =~ ^tcp:// ]]; then
    secure_markdown_rendering_test.go:67: Line 719:             GH_AW_DOCKER_HOST="${DOCKER_HOST}"
    secure_markdown_rendering_test.go:67: Line 720:           fi
    secure_markdown_rendering_test.go:67: Line 721:           GH_AW_DOCKER_HOST_PATH_PREFIX_ARGS=""
    secure_markdown_rendering_test.go:67: Line 722:           if [[ "${DOCKER_HOST:-}" =~ ^tcp:// ]]; then
    secure_markdown_rendering_test.go:67: Line 723:             GH_AW_DOCKER_HOST_PATH_PREFIX_ARGS="--docker-host-path-prefix /tmp/gh-aw"
    secure_markdown_rendering_test.go:67: Line 724:             python3 - <<'PY'
    secure_markdown_rendering_test.go:67: Line 725:           import json,os,subprocess as sp
    secure_markdown_rendering_test.go:67: Line 726:           from pathlib import Path
    secure_markdown_rendering_test.go:67: Line 727:           try:
    secure_markdown_rendering_test.go:67: Line 728:            p=Path(os.environ["RUNNER_TEMP"])/"gh-aw"/"awf-config.json"
    secure_markdown_rendering_test.go:67: Line 729:            c=json.loads(p.read_text())
    secure_markdown_rendering_test.go:67: Line 730:            c["chroot"]={"binariesSourcePath":"/tmp/gh-aw","identity":{"user":sp.check_output(["id","-un"],text=True).strip(),"uid":int(sp.check_output(["id","-u"],text=True)),"gid":int(sp.check_output(["id","-g"],text=True)),"home":"/tmp/gh-aw/home"}}
    secure_markdown_rendering_test.go:67: Line 731:            out=json.dumps(c,separators=(",",":"),ensure_ascii=False)+"\n"
    secure_markdown_rendering_test.go:67: Line 732:            p.write_text(out)
    secure_markdown_rendering_test.go:67: Line 733:            Path("/tmp/gh-aw/awf-config.json").write_text(out)
    secure_markdown_rendering_test.go:67: Line 734:           except Exception as e:
    secure_markdown_rendering_test.go:67: Line 735:            raise SystemExit(f"chroot config patch failed: {e}") from e
    secure_markdown_rendering_test.go:67: Line 736:           PY
    secure_markdown_rendering_test.go:67: Line 737:           fi
    secure_markdown_rendering_test.go:67: Line 738:           GH_AW_TOOL_CACHE_MOUNT=""
    secure_markdown_rendering_test.go:67: Line 739:           GH_AW_TOOL_CACHE="${RUNNER_TOOL_CACHE:?RUNNER_TOOL_CACHE must be set}"
    secure_markdown_rendering_test.go:67: Line 740:           if [ -d "$GH_AW_TOOL_CACHE" ]; then
    secure_markdown_rendering_test.go:67: Line 741:             if [[ "$GH_AW_TOOL_CACHE" != /opt/* ]]; then
    secure_markdown_rendering_test.go:67: Line 742:               GH_AW_TOOL_CACHE_MOUNT="$GH_AW_TOOL_CACHE:$GH_AW_TOOL_CACHE:ro"
    secure_markdown_rendering_test.go:67: Line 743:             fi
    secure_markdown_rendering_test.go:67: Line 744:           fi
    secure_markdown_rendering_test.go:67: Line 745:           # shellcheck disable=SC1003,SC2086
    secure_markdown_rendering_test.go:67: Line 746:           sudo -E awf --config "${RUNNER_TEMP}/gh-aw/awf-config.json" --container-workdir "${GITHUB_WORKSPACE}" --mount "${RUNNER_TEMP}/gh-aw:${RUNNER_TEMP}/gh-aw:ro" --mount "${RUNNER_TEMP}/gh-aw:/host${RUNNER_TEMP}/gh-aw:ro" ${GH_AW_TOOL_CACHE_MOUNT:+--mount "$GH_AW_TOOL_CACHE_MOUNT"} ${GH_AW_DOCKER_HOST:+--docker-host "$GH_AW_DOCKER_HOST"} ${GH_AW_DOCKER_HOST_PATH_PREFIX_ARGS} --env-all --exclude-env COPILOT_GITHUB_TOKEN --exclude-env GITHUB_MCP_SERVER_TOKEN --exclude-env MCP_GATEWAY_API_KEY --log-level info --proxy-logs-dir /tmp/gh-aw/sandbox/firewall/logs --audit-dir /tmp/gh-aw/sandbox/firewall/audit --enable-host-access --allow-host-ports 80,443,8080 --skip-pull \
    secure_markdown_rendering_test.go:67: Line 747:             -- /bin/bash -c 'set +o histexpand; export PATH="${RUNNER_TEMP}/gh-aw/mcp-cli/bin:$PATH" && : "${RUNNER_TOOL_CACHE:?RUNNER_TOOL_CACHE must be set}"; GH_AW_TOOL_CACHE="$RUNNER_TOOL_CACHE"; export PATH="$(find "$GH_AW_TOOL_CACHE" -maxdepth 5 -type d -name bin 2>/dev/null | tr '\''\n'\'' '\'':'\'')$PATH"; [ -n "$GOROOT" ] && export PATH="$GOROOT/bin:$PATH" || true && GH_AW_NODE_EXEC="${GH_AW_NODE_BIN:-}"; if [ -z "$GH_AW_NODE_EXEC" ] || [ ! -x "$GH_AW_NODE_EXEC" ]; then GH_AW_NODE_EXEC="$(command -v node 2>/dev/null || true)"; fi; if [ -z "$GH_AW_NODE_EXEC" ]; then echo "node runtime missing on this runner — check runtimes.node in workflow YAML" >&2; exit 127; fi; GH_AW_NPM_GLOBAL_ROOT="$(npm root -g 2>/dev/null || true)"; if [ -n "$GH_AW_NPM_GLOBAL_ROOT" ]; then export NODE_PATH="${GH_AW_NPM_GLOBAL_ROOT}${NODE_PATH:+:${NODE_PATH}}"; fi; "$GH_AW_NODE_EXEC" ${RUNNER_TEMP}/gh-aw/actions/copilot_harness.cjs /usr/local/bin/copilot --add-dir /tmp/gh-aw/ --log-level all --log-dir /tmp/gh-aw/sandbox/agent/logs/ --disable-builtin-mcps --no-ask-user --allow-all-tools --allow-all-paths --add-dir "${GITHUB_WORKSPACE}" --prompt-file /tmp/gh-aw/aw-prompts/prompt.txt' 2>&1 | tee -a /tmp/gh-aw/agent-stdio.log
    secure_markdown_rendering_test.go:67: Line 748:         env:
    secure_markdown_rendering_test.go:67: Line 749:           AWF_REFLECT_ENABLED: 1
    secure_markdown_rendering_test.go:67: Line 750:           COPILOT_AGENT_RUNNER_TYPE: STANDALONE
    secure_markdown_rendering_test.go:67: Line 751:           COPILOT_DUMMY_BYOK: dummy-byok-key-for-offline-mode
    secure_markdown_rendering_test.go:67: Line 752:           COPILOT_GITHUB_TOKEN: ${{ secrets.COPILOT_GITHUB_TOKEN }}
    secure_markdown_rendering_test.go:67: Line 753:           COPILOT_MODEL: ${{ vars.GH_AW_MODEL_AGENT_COPILOT || vars.GH_AW_DEFAULT_MODEL_COPILOT || 'claude-sonnet-4.6' }}
    secure_markdown_rendering_test.go:67: Line 754:           GH_AW_LLM_PROVIDER: github
    secure_markdown_rendering_test.go:67: Line 755:           GH_AW_MAX_AI_CREDITS: ${{ vars.GH_AW_DEFAULT_MAX_AI_CREDITS || '1000' }}
    secure_markdown_rendering_test.go:67: Line 756:           GH_AW_MAX_TURNS: ${{ vars.GH_AW_DEFAULT_MAX_TURNS || '' }}
    secure_markdown_rendering_test.go:67: Line 757:           GH_AW_PHASE: agent
    secure_markdown_rendering_test.go:67: Line 758:           GH_AW_PROMPT: /tmp/gh-aw/aw-prompts/prompt.txt
    secure_markdown_rendering_test.go:67: Line 759:           GH_AW_SAFE_OUTPUTS: ${{ steps.set-runtime-paths.outputs.GH_AW_SAFE_OUTPUTS }}
    secure_markdown_rendering_test.go:67: Line 760:           GH_AW_TIMEOUT_MINUTES: 20
    secure_markdown_rendering_test.go:67: Line 761:           GH_AW_VERSION: dev
    secure_markdown_rendering_test.go:67: Line 762:           GITHUB_API_URL: ${{ github.api_url }}
    secure_markdown_rendering_test.go:67: Line 763:           GITHUB_AW: true
    secure_markdown_rendering_test.go:67: Line 764:           GITHUB_COPILOT_INTEGRATION_ID: agentic-workflows
    secure_markdown_rendering_test.go:67: Line 765:           GITHUB_HEAD_REF: ${{ github.head_ref }}
    secure_markdown_rendering_test.go:67: Line 766:           GITHUB_MCP_SERVER_TOKEN: ${{ secrets.GH_AW_GITHUB_MCP_SERVER_TOKEN || secrets.GH_AW_GITHUB_TOKEN || secrets.GITHUB_TOKEN }}
    secure_markdown_rendering_test.go:67: Line 767:           GITHUB_REF_NAME: ${{ github.ref_name }}
    secure_markdown_rendering_test.go:67: Line 768:           GITHUB_SERVER_URL: ${{ github.server_url }}
    secure_markdown_rendering_test.go:67: Line 769:           GITHUB_STEP_SUMMARY: /tmp/gh-aw/agent-step-summary.md
    secure_markdown_rendering_test.go:67: Line 770:           GITHUB_WORKSPACE: ${{ github.workspace }}
    secure_markdown_rendering_test.go:67: Line 771:           GIT_AUTHOR_EMAIL: github-actions[bot]@users.noreply.github.com
    secure_markdown_rendering_test.go:67: Line 772:           GIT_AUTHOR_NAME: github-actions[bot]
    secure_markdown_rendering_test.go:67: Line 773:           GIT_COMMITTER_EMAIL: github-actions[bot]@users.noreply.github.com
    secure_markdown_rendering_test.go:67: Line 774:           GIT_COMMITTER_NAME: github-actions[bot]
    secure_markdown_rendering_test.go:67: Line 775:           RUNNER_TEMP: ${{ runner.temp }}
    secure_markdown_rendering_test.go:67: Line 776:           TRACEPARENT: ${{ env.GITHUB_AW_OTEL_TRACE_ID != '' && env.GITHUB_AW_OTEL_PARENT_SPAN_ID != '' && format('00-{0}-{1}-01', env.GITHUB_AW_OTEL_TRACE_ID, env.GITHUB_AW_OTEL_PARENT_SPAN_ID) || '' }}
    secure_markdown_rendering_test.go:67: Line 777:       - name: Detect agent errors
    secure_markdown_rendering_test.go:67: Line 778:         if: always()
    secure_markdown_rendering_test.go:67: Line 779:         id: detect-agent-errors
    secure_markdown_rendering_test.go:67: Line 780:         continue-on-error: true
    secure_markdown_rendering_test.go:67: Line 781:         run: node "${RUNNER_TEMP}/gh-aw/actions/detect_agent_errors.cjs"
    secure_markdown_rendering_test.go:67: Line 782:       - name: Configure Git credentials
    secure_markdown_rendering_test.go:67: Line 783:         env:
    secure_markdown_rendering_test.go:67: Line 784:           GITHUB_REPOSITORY: ${{ github.repository }}
    secure_markdown_rendering_test.go:67: Line 785:           GITHUB_SERVER_URL: ${{ github.server_url }}
    secure_markdown_rendering_test.go:67: Line 786:           GITHUB_TOKEN: ${{ github.token }}
    secure_markdown_rendering_test.go:67: Line 787:         run: bash "${RUNNER_TEMP}/gh-aw/actions/configure_git_credentials.sh"
    secure_markdown_rendering_test.go:67: Line 788:       - name: Copy Copilot session state files to logs
    secure_markdown_rendering_test.go:67: Line 789:         if: always()
    secure_markdown_rendering_test.go:67: Line 790:         continue-on-error: true
    secure_markdown_rendering_test.go:67: Line 791:         run: bash "${RUNNER_TEMP}/gh-aw/actions/copy_copilot_session_state.sh"
    secure_markdown_rendering_test.go:67: Line 792:       - name: Stop MCP Gateway
    secure_markdown_rendering_test.go:67: Line 793:         if: always()
    secure_markdown_rendering_test.go:67: Line 794:         continue-on-error: true
    secure_markdown_rendering_test.go:67: Line 795:         env:
    secure_markdown_rendering_test.go:67: Line 796:           MCP_GATEWAY_PORT: ${{ steps.start-mcp-gateway.outputs.gateway-port }}
    secure_markdown_rendering_test.go:67: Line 797:           MCP_GATEWAY_API_KEY: ${{ steps.start-mcp-gateway.outputs.gateway-api-key }}
    secure_markdown_rendering_test.go:67: Line 798:           GATEWAY_PID: ${{ steps.start-mcp-gateway.outputs.gateway-pid }}
    secure_markdown_rendering_test.go:67: Line 799:         run: |
    secure_markdown_rendering_test.go:67: Line 800:           bash "${RUNNER_TEMP}/gh-aw/actions/stop_mcp_gateway.sh" "$GATEWAY_PID"
    secure_markdown_rendering_test.go:67: Line 801:       - name: Redact secrets in logs
    secure_markdown_rendering_test.go:67: Line 802:         if: always()
    secure_markdown_rendering_test.go:67: Line 803:         uses: actions/github-script@3a2844b7e9c422d3c10d287c895573f7108da1b3 # v9.0.0
    secure_markdown_rendering_test.go:67: Line 804:         with:
    secure_markdown_rendering_test.go:67: Line 805:           script: |
    secure_markdown_rendering_test.go:67: Line 806:             const { setupGlobals } = require('${{ runner.temp }}/gh-aw/actions/setup_globals.cjs');
    secure_markdown_rendering_test.go:67: Line 807:             setupGlobals(core, github, context, exec, io, getOctokit);
    secure_markdown_rendering_test.go:67: Line 808:             const { main } = require('${{ runner.temp }}/gh-aw/actions/redact_secrets.cjs');
    secure_markdown_rendering_test.go:67: Line 809:             await main();
    secure_markdown_rendering_test.go:67: Line 810:         env:
    secure_markdown_rendering_test.go:67: Line 811:           GH_AW_SECRET_NAMES: 'COPILOT_GITHUB_TOKEN,GH_AW_GITHUB_MCP_SERVER_TOKEN,GH_AW_GITHUB_TOKEN,GITHUB_TOKEN'
    secure_markdown_rendering_test.go:67: Line 812:           SECRET_COPILOT_GITHUB_TOKEN: ${{ secrets.COPILOT_GITHUB_TOKEN }}
    secure_markdown_rendering_test.go:67: Line 813:           SECRET_GH_AW_GITHUB_MCP_SERVER_TOKEN: ${{ secrets.GH_AW_GITHUB_MCP_SERVER_TOKEN }}
    secure_markdown_rendering_test.go:67: Line 814:           SECRET_GH_AW_GITHUB_TOKEN: ${{ secrets.GH_AW_GITHUB_TOKEN }}
    secure_markdown_rendering_test.go:67: Line 815:           SECRET_GITHUB_TOKEN: ${{ secrets.GITHUB_TOKEN }}
    secure_markdown_rendering_test.go:67: Line 816:       - name: Append agent step summary
    secure_markdown_rendering_test.go:67: Line 817:         if: always()
    secure_markdown_rendering_test.go:67: Line 818:         run: bash "${RUNNER_TEMP}/gh-aw/actions/append_agent_step_summary.sh"
    secure_markdown_rendering_test.go:67: Line 819:       - name: Copy Safe Outputs
    secure_markdown_rendering_test.go:67: Line 820:         if: always()
    secure_markdown_rendering_test.go:67: Line 821:         env:
    secure_markdown_rendering_test.go:67: Line 822:           GH_AW_SAFE_OUTPUTS: ${{ steps.set-runtime-paths.outputs.GH_AW_SAFE_OUTPUTS }}
    secure_markdown_rendering_test.go:67: Line 823:         run: |
    secure_markdown_rendering_test.go:67: Line 824:           mkdir -p /tmp/gh-aw
    secure_markdown_rendering_test.go:67: Line 825:           cp "$GH_AW_SAFE_OUTPUTS" /tmp/gh-aw/safeoutputs.jsonl 2>/dev/null || true
    secure_markdown_rendering_test.go:67: Line 826:       - name: Ingest agent output
    secure_markdown_rendering_test.go:67: Line 827:         id: collect_output
    secure_markdown_rendering_test.go:67: Line 828:         if: always()
    secure_markdown_rendering_test.go:67: Line 829:         uses: actions/github-script@3a2844b7e9c422d3c10d287c895573f7108da1b3 # v9.0.0
    secure_markdown_rendering_test.go:67: Line 830:         env:
    secure_markdown_rendering_test.go:67: Line 831:           GH_AW_SAFE_OUTPUTS: ${{ steps.set-runtime-paths.outputs.GH_AW_SAFE_OUTPUTS }}
    secure_markdown_rendering_test.go:67: Line 832:           GH_AW_ALLOWED_DOMAINS: "api.business.githubcopilot.com,api.enterprise.githubcopilot.com,api.github.com,api.githubcopilot.com,api.individual.githubcopilot.com,api.snapcraft.io,archive.ubuntu.com,azure.archive.ubuntu.com,crl.geotrust.com,crl.globalsign.com,crl.identrust.com,crl.sectigo.com,crl.thawte.com,crl.usertrust.com,crl.verisign.com,crl3.digicert.com,crl4.digicert.com,crls.ssl.com,github.com,host.docker.internal,json-schema.org,json.schemastore.org,keyserver.ubuntu.com,ocsp.digicert.com,ocsp.geotrust.com,ocsp.globalsign.com,ocsp.identrust.com,ocsp.sectigo.com,ocsp.ssl.com,ocsp.thawte.com,ocsp.usertrust.com,ocsp.verisign.com,packagecloud.io,packages.cloud.google.com,packages.microsoft.com,ppa.launchpad.net,raw.githubusercontent.com,registry.npmjs.org,s.symcb.com,s.symcd.com,security.ubuntu.com,telemetry.enterprise.githubcopilot.com,ts-crl.ws.symantec.com,ts-ocsp.ws.symantec.com,www.googleapis.com"
    secure_markdown_rendering_test.go:67: Line 833:           GITHUB_SERVER_URL: ${{ github.server_url }}
    secure_markdown_rendering_test.go:67: Line 834:           GITHUB_API_URL: ${{ github.api_url }}
    secure_markdown_rendering_test.go:67: Line 835:         with:
    secure_markdown_rendering_test.go:67: Line 836:           script: |
    secure_markdown_rendering_test.go:67: Line 837:             const { setupGlobals } = require('${{ runner.temp }}/gh-aw/actions/setup_globals.cjs');
    secure_markdown_rendering_test.go:67: Line 838:             setupGlobals(core, github, context, exec, io, getOctokit);
    secure_markdown_rendering_test.go:67: Line 839:             const { main } = require('${{ runner.temp }}/gh-aw/actions/collect_ndjson_output.cjs');
    secure_markdown_rendering_test.go:67: Line 840:             await main();
    secure_markdown_rendering_test.go:67: Line 841:       - name: Parse agent logs for step summary
    secure_markdown_rendering_test.go:67: Line 842:         if: always()
    secure_markdown_rendering_test.go:67: Line 843:         uses: actions/github-script@3a2844b7e9c422d3c10d287c895573f7108da1b3 # v9.0.0
    secure_markdown_rendering_test.go:67: Line 844:         env:
    secure_markdown_rendering_test.go:67: Line 845:           GH_AW_AGENT_OUTPUT: /tmp/gh-aw/sandbox/agent/logs/
    secure_markdown_rendering_test.go:67: Line 846:         with:
    secure_markdown_rendering_test.go:67: Line 847:           script: |
    secure_markdown_rendering_test.go:67: Line 848:             const { setupGlobals } = require('${{ runner.temp }}/gh-aw/actions/setup_globals.cjs');
    secure_markdown_rendering_test.go:67: Line 849:             setupGlobals(core, github, context, exec, io, getOctokit);
    secure_markdown_rendering_test.go:67: Line 850:             const { main } = require('${{ runner.temp }}/gh-aw/actions/parse_copilot_log.cjs');
    secure_markdown_rendering_test.go:67: Line 851:             await main();
    secure_markdown_rendering_test.go:67: Line 852:       - name: Parse MCP Gateway logs for step summary
    secure_markdown_rendering_test.go:67: Line 853:         if: always()
    secure_markdown_rendering_test.go:67: Line 854:         id: parse-mcp-gateway
    secure_markdown_rendering_test.go:67: Line 855:         uses: actions/github-script@3a2844b7e9c422d3c10d287c895573f7108da1b3 # v9.0.0
    secure_markdown_rendering_test.go:67: Line 856:         with:
    secure_markdown_rendering_test.go:67: Line 857:           script: |
    secure_markdown_rendering_test.go:67: Line 858:             const { setupGlobals } = require('${{ runner.temp }}/gh-aw/actions/setup_globals.cjs');
    secure_markdown_rendering_test.go:67: Line 859:             setupGlobals(core, github, context, exec, io, getOctokit);
    secure_markdown_rendering_test.go:67: Line 860:             const { main } = require('${{ runner.temp }}/gh-aw/actions/parse_mcp_gateway_log.cjs');
    secure_markdown_rendering_test.go:67: Line 861:             await main();
    secure_markdown_rendering_test.go:67: Line 862:       - name: Print firewall logs
    secure_markdown_rendering_test.go:67: Line 863:         if: always()
    secure_markdown_rendering_test.go:67: Line 864:         continue-on-error: true
    secure_markdown_rendering_test.go:67: Line 865:         env:
    secure_markdown_rendering_test.go:67: Line 866:           AWF_LOGS_DIR: /tmp/gh-aw/sandbox/firewall/logs
    secure_markdown_rendering_test.go:67: Line 867:         run: |
    secure_markdown_rendering_test.go:67: Line 868:           # Fix permissions on firewall logs/audit dirs so they can be uploaded as artifacts
    secure_markdown_rendering_test.go:67: Line 869:           # AWF runs with sudo, creating files owned by root
    secure_markdown_rendering_test.go:67: Line 870:           sudo chmod -R a+rX /tmp/gh-aw/sandbox/firewall 2>/dev/null || true
    secure_markdown_rendering_test.go:67: Line 871:           # Only run awf logs summary if awf command exists (it may not be installed if workflow failed before install step)
    secure_markdown_rendering_test.go:67: Line 872:           if command -v awf &> /dev/null; then
    secure_markdown_rendering_test.go:67: Line 873:             awf logs summary | tee -a "$GITHUB_STEP_SUMMARY"
    secure_markdown_rendering_test.go:67: Line 874:           else
    secure_markdown_rendering_test.go:67: Line 875:             echo 'AWF binary not installed, skipping firewall log summary'
    secure_markdown_rendering_test.go:67: Line 876:           fi
    secure_markdown_rendering_test.go:67: Line 877:       - name: Parse token usage for step summary
    secure_markdown_rendering_test.go:67: Line 878:         if: always()
    secure_markdown_rendering_test.go:67: Line 879:         continue-on-error: true
    secure_markdown_rendering_test.go:67: Line 880:         uses: actions/github-script@3a2844b7e9c422d3c10d287c895573f7108da1b3 # v9.0.0
    secure_markdown_rendering_test.go:67: Line 881:         with:
    secure_markdown_rendering_test.go:67: Line 882:           script: |
    secure_markdown_rendering_test.go:67: Line 883:             const { setupGlobals } = require('${{ runner.temp }}/gh-aw/actions/setup_globals.cjs');
    secure_markdown_rendering_test.go:67: Line 884:             setupGlobals(core, github, context, exec, io, getOctokit);
    secure_markdown_rendering_test.go:67: Line 885:             const { main } = require('${{ runner.temp }}/gh-aw/actions/parse_token_usage.cjs');
    secure_markdown_rendering_test.go:67: Line 886:             await main();
    secure_markdown_rendering_test.go:67: Line 887:       - name: Print AWF reflect summary
    secure_markdown_rendering_test.go:67: Line 888:         if: always()
    secure_markdown_rendering_test.go:67: Line 889:         continue-on-error: true
    secure_markdown_rendering_test.go:67: Line 890:         uses: actions/github-script@3a2844b7e9c422d3c10d287c895573f7108da1b3 # v9.0.0
    secure_markdown_rendering_test.go:67: Line 891:         with:
    secure_markdown_rendering_test.go:67: Line 892:           script: |
    secure_markdown_rendering_test.go:67: Line 893:             const { setupGlobals } = require('${{ runner.temp }}/gh-aw/actions/setup_globals.cjs');
    secure_markdown_rendering_test.go:67: Line 894:             setupGlobals(core, github, context, exec, io, getOctokit);
    secure_markdown_rendering_test.go:67: Line 895:             const { main } = require('${{ runner.temp }}/gh-aw/actions/awf_reflect_summary.cjs');
    secure_markdown_rendering_test.go:67: Line 896:             await main();
    secure_markdown_rendering_test.go:67: Line 897:       - name: Write agent output placeholder if missing
    secure_markdown_rendering_test.go:67: Line 898:         if: always()
    secure_markdown_rendering_test.go:67: Line 899:         run: |
    secure_markdown_rendering_test.go:67: Line 900:           if [ ! -f /tmp/gh-aw/agent_output.json ]; then
    secure_markdown_rendering_test.go:67: Line 901:             echo '{"items":[]}' > /tmp/gh-aw/agent_output.json
    secure_markdown_rendering_test.go:67: Line 902:           fi
    secure_markdown_rendering_test.go:67: Line 903:       - name: Upload agent artifacts
    secure_markdown_rendering_test.go:67: Line 904:         if: always()
    secure_markdown_rendering_test.go:67: Line 905:         continue-on-error: true
    secure_markdown_rendering_test.go:67: Line 906:         uses: actions/upload-artifact@043fb46d1a93c77aae656e7c1c64a875d1fc6a0a # v7.0.1
    secure_markdown_rendering_test.go:67: Line 907:         with:
    secure_markdown_rendering_test.go:67: Line 908:           name: agent
    secure_markdown_rendering_test.go:67: Line 909:           path: |
    secure_markdown_rendering_test.go:67: Line 910:             /tmp/gh-aw/aw-prompts/prompt.txt
    secure_markdown_rendering_test.go:67: Line 911:             /tmp/gh-aw/sandbox/agent/logs/
    secure_markdown_rendering_test.go:67: Line 912:             /tmp/gh-aw/redacted-urls.log
    secure_markdown_rendering_test.go:67: Line 913:             /tmp/gh-aw/mcp-logs/
    secure_markdown_rendering_test.go:67: Line 914:             /tmp/gh-aw/agent_usage.json
    secure_markdown_rendering_test.go:67: Line 915:             /tmp/gh-aw/agent-stdio.log
    secure_markdown_rendering_test.go:67: Line 916:             /tmp/gh-aw/pre-agent-audit.txt
    secure_markdown_rendering_test.go:67: Line 917:             /tmp/gh-aw/agent/
    secure_markdown_rendering_test.go:67: Line 918:             /tmp/gh-aw/github_rate_limits.jsonl
    secure_markdown_rendering_test.go:67: Line 919:             /tmp/gh-aw/safeoutputs.jsonl
    secure_markdown_rendering_test.go:67: Line 920:             /tmp/gh-aw/agent_output.json
    secure_markdown_rendering_test.go:67: Line 921:             /tmp/gh-aw/awf-config.json
    secure_markdown_rendering_test.go:67: Line 922:             /tmp/gh-aw/sandbox/firewall/logs/
    secure_markdown_rendering_test.go:67: Line 923:             /tmp/gh-aw/sandbox/firewall/audit/
    secure_markdown_rendering_test.go:67: Line 924:             /tmp/gh-aw/sandbox/firewall/awf-reflect.json
    secure_markdown_rendering_test.go:67: Line 925:           if-no-files-found: ignore
    secure_markdown_rendering_test.go:67: Line 926:
    secure_markdown_rendering_test.go:67: Line 927:   conclusion:
    secure_markdown_rendering_test.go:67: Line 928:     needs:
    secure_markdown_rendering_test.go:67: Line 929:       - activation
    secure_markdown_rendering_test.go:67: Line 930:       - agent
    secure_markdown_rendering_test.go:67: Line 931:       - safe_outputs
    secure_markdown_rendering_test.go:67: Line 932:     if: >
    secure_markdown_rendering_test.go:67: Line 933:       always() && (needs.agent.result != 'skipped' || needs.activation.outputs.lockdown_check_failed == 'true' ||
    secure_markdown_rendering_test.go:67: Line 934:       needs.activation.outputs.stale_lock_file_failed == 'true' || needs.activation.outputs.daily_ai_credits_exceeded == 'true')
    secure_markdown_rendering_test.go:67: Line 935:     runs-on: ubuntu-slim
    secure_markdown_rendering_test.go:67: Line 936:     permissions:
    secure_markdown_rendering_test.go:67: Line 937:       contents: read
    secure_markdown_rendering_test.go:67: Line 938:       issues: write
    secure_markdown_rendering_test.go:67: Line 939:     concurrency:
    secure_markdown_rendering_test.go:67: Line 940:       group: "gh-aw-conclusion-test"
    secure_markdown_rendering_test.go:67: Line 941:       cancel-in-progress: false
    secure_markdown_rendering_test.go:67: Line 942:       queue: max
    secure_markdown_rendering_test.go:67: Line 943:     env:
    secure_markdown_rendering_test.go:67: Line 944:       GH_AW_RUNTIME_FEATURES: ${{ vars.GH_AW_RUNTIME_FEATURES }}
    secure_markdown_rendering_test.go:67: Line 945:     steps:
    secure_markdown_rendering_test.go:67: Line 946:       - name: Checkout actions folder
    secure_markdown_rendering_test.go:67: Line 947:         uses: actions/checkout@9c091bb21b7c1c1d1991bb908d89e4e9dddfe3e0 # v7.0.0
    secure_markdown_rendering_test.go:67: Line 948:         with:
    secure_markdown_rendering_test.go:67: Line 949:           repository: github/gh-aw
    secure_markdown_rendering_test.go:67: Line 950:           sparse-checkout: |
    secure_markdown_rendering_test.go:67: Line 951:             actions
    secure_markdown_rendering_test.go:67: Line 952:           persist-credentials: false
    secure_markdown_rendering_test.go:67: Line 953:       - name: Setup Scripts
    secure_markdown_rendering_test.go:67: Line 954:         id: setup
    secure_markdown_rendering_test.go:67: Line 955:         uses: ./actions/setup
    secure_markdown_rendering_test.go:67: Line 956:         with:
    secure_markdown_rendering_test.go:67: Line 957:           destination: ${{ runner.temp }}/gh-aw/actions
    secure_markdown_rendering_test.go:67: Line 958:           job-name: ${{ github.job }}
    secure_markdown_rendering_test.go:67: Line 959:           trace-id: ${{ needs.activation.outputs.setup-trace-id }}
    secure_markdown_rendering_test.go:67: Line 960:           parent-span-id: ${{ needs.activation.outputs.setup-parent-span-id || needs.activation.outputs.setup-span-id }}
    secure_markdown_rendering_test.go:67: Line 961:         env:
    secure_markdown_rendering_test.go:67: Line 962:           GH_AW_SETUP_WORKFLOW_NAME: "Test Workflow"
    secure_markdown_rendering_test.go:67: Line 963:           GH_AW_CURRENT_WORKFLOW_REF: ${{ github.repository }}/.github/workflows/test.lock.yml@${{ github.ref }}
    secure_markdown_rendering_test.go:67: Line 964:           GH_AW_INFO_VERSION: "1.0.63"
    secure_markdown_rendering_test.go:67: Line 965:           GH_AW_INFO_AWF_VERSION: "v0.27.7"
    secure_markdown_rendering_test.go:67: Line 966:           GH_AW_INFO_ENGINE_ID: "copilot"
    secure_markdown_rendering_test.go:67: Line 967:       - name: Download agent output artifact
    secure_markdown_rendering_test.go:67: Line 968:         id: download-agent-output
    secure_markdown_rendering_test.go:67: Line 969:         continue-on-error: true
    secure_markdown_rendering_test.go:67: Line 970:         uses: actions/download-artifact@3e5f45b2cfb9172054b4087a40e8e0b5a5461e7c # v8.0.1
    secure_markdown_rendering_test.go:67: Line 971:         with:
    secure_markdown_rendering_test.go:67: Line 972:           name: agent
    secure_markdown_rendering_test.go:67: Line 973:           path: /tmp/gh-aw/
    secure_markdown_rendering_test.go:67: Line 974:       - name: Setup agent output environment variable
    secure_markdown_rendering_test.go:67: Line 975:         id: setup-agent-output-env
    secure_markdown_rendering_test.go:67: Line 976:         if: steps.download-agent-output.outcome == 'success'
    secure_markdown_rendering_test.go:67: Line 977:         run: |
    secure_markdown_rendering_test.go:67: Line 978:           mkdir -p /tmp/gh-aw/
    secure_markdown_rendering_test.go:67: Line 979:           find "/tmp/gh-aw/" -type f -print
    secure_markdown_rendering_test.go:67: Line 980:           echo "GH_AW_AGENT_OUTPUT=/tmp/gh-aw/agent_output.json" >> "$GITHUB_OUTPUT"
    secure_markdown_rendering_test.go:67: Line 981:       - name: Collect usage artifact files
    secure_markdown_rendering_test.go:67: Line 982:         if: always()
    secure_markdown_rendering_test.go:67: Line 983:         continue-on-error: true
    secure_markdown_rendering_test.go:67: Line 984:         run: |
    secure_markdown_rendering_test.go:67: Line 985:           mkdir -p /tmp/gh-aw/usage/agent /tmp/gh-aw/usage/detection
    secure_markdown_rendering_test.go:67: Line 986:           echo "Usage artifact source file status:"
    secure_markdown_rendering_test.go:67: Line 987:           for file in /tmp/gh-aw/aw_info.json /tmp/gh-aw/aw-info.jsonl /tmp/gh-aw/agent_usage.json /tmp/gh-aw/agent_usage.jsonl /tmp/gh-aw/detection_usage.jsonl /tmp/gh-aw/github_rate_limits.jsonl /tmp/gh-aw/sandbox/firewall-audit-logs/api-proxy-logs/token-usage.jsonl /tmp/gh-aw/sandbox/firewall/logs/api-proxy-logs/token-usage.jsonl /tmp/gh-aw/sandbox/firewall/audit/api-proxy-logs/token-usage.jsonl /tmp/gh-aw/threat-detection/sandbox/firewall-audit-logs/api-proxy-logs/token-usage.jsonl /tmp/gh-aw/threat-detection/sandbox/firewall/logs/api-proxy-logs/token-usage.jsonl /tmp/gh-aw/threat-detection/sandbox/firewall/audit/api-proxy-logs/token-usage.jsonl; do
    secure_markdown_rendering_test.go:67: Line 988:             [ -f "$file" ] && echo "FOUND: $file" || echo "MISSING: $file"
    secure_markdown_rendering_test.go:67: Line 989:           done
    secure_markdown_rendering_test.go:67: Line 990:           [ -f /tmp/gh-aw/aw_info.json ] && cp /tmp/gh-aw/aw_info.json /tmp/gh-aw/usage/aw_info.json || true
    secure_markdown_rendering_test.go:67: Line 991:           [ -f /tmp/gh-aw/aw-info.jsonl ] && cp /tmp/gh-aw/aw-info.jsonl /tmp/gh-aw/usage/aw-info.jsonl || true
    secure_markdown_rendering_test.go:67: Line 992:           [ -f /tmp/gh-aw/agent_usage.json ] && cp /tmp/gh-aw/agent_usage.json /tmp/gh-aw/usage/agent_usage.json || true
    secure_markdown_rendering_test.go:67: Line 993:           [ -f /tmp/gh-aw/agent_usage.jsonl ] && cp /tmp/gh-aw/agent_usage.jsonl /tmp/gh-aw/usage/agent_usage.jsonl || true
    secure_markdown_rendering_test.go:67: Line 994:           [ -f /tmp/gh-aw/detection_usage.jsonl ] && cp /tmp/gh-aw/detection_usage.jsonl /tmp/gh-aw/usage/detection_usage.jsonl || true
    secure_markdown_rendering_test.go:67: Line 995:           [ -f /tmp/gh-aw/github_rate_limits.jsonl ] && cp /tmp/gh-aw/github_rate_limits.jsonl /tmp/gh-aw/usage/github_rate_limits.jsonl || true
    secure_markdown_rendering_test.go:67: Line 996:           [ -f /tmp/gh-aw/sandbox/firewall-audit-logs/api-proxy-logs/token-usage.jsonl ] && cp /tmp/gh-aw/sandbox/firewall-audit-logs/api-proxy-logs/token-usage.jsonl /tmp/gh-aw/usage/agent/token_usage.jsonl || true
    secure_markdown_rendering_test.go:67: Line 997:           [ -f /tmp/gh-aw/sandbox/firewall/logs/api-proxy-logs/token-usage.jsonl ] && cp /tmp/gh-aw/sandbox/firewall/logs/api-proxy-logs/token-usage.jsonl /tmp/gh-aw/usage/agent/token_usage.jsonl || true
    secure_markdown_rendering_test.go:67: Line 998:           [ -f /tmp/gh-aw/sandbox/firewall/audit/api-proxy-logs/token-usage.jsonl ] && cp /tmp/gh-aw/sandbox/firewall/audit/api-proxy-logs/token-usage.jsonl /tmp/gh-aw/usage/agent/token_usage.jsonl || true
    secure_markdown_rendering_test.go:67: Line 999:           [ -f /tmp/gh-aw/threat-detection/sandbox/firewall-audit-logs/api-proxy-logs/token-usage.jsonl ] && cp /tmp/gh-aw/threat-detection/sandbox/firewall-audit-logs/api-proxy-logs/token-usage.jsonl /tmp/gh-aw/usage/detection/token_usage.jsonl || true
    secure_markdown_rendering_test.go:67: Line 1000:           [ -f /tmp/gh-aw/threat-detection/sandbox/firewall/logs/api-proxy-logs/token-usage.jsonl ] && cp /tmp/gh-aw/threat-detection/sandbox/firewall/logs/api-proxy-logs/token-usage.jsonl /tmp/gh-aw/usage/detection/token_usage.jsonl || true
    secure_markdown_rendering_test.go:67: Line 1001:           [ -f /tmp/gh-aw/threat-detection/sandbox/firewall/audit/api-proxy-logs/token-usage.jsonl ] && cp /tmp/gh-aw/threat-detection/sandbox/firewall/audit/api-proxy-logs/token-usage.jsonl /tmp/gh-aw/usage/detection/token_usage.jsonl || true
    secure_markdown_rendering_test.go:67: Line 1002:           [ -f /tmp/gh-aw/usage/agent/token_usage.jsonl ] || : > /tmp/gh-aw/usage/agent/token_usage.jsonl
    secure_markdown_rendering_test.go:67: Line 1003:           [ -f /tmp/gh-aw/usage/detection/token_usage.jsonl ] || : > /tmp/gh-aw/usage/detection/token_usage.jsonl
    secure_markdown_rendering_test.go:67: Line 1004:           mkdir -p /tmp/gh-aw/usage/activity
    secure_markdown_rendering_test.go:67: Line 1005:           node ${{ runner.temp }}/gh-aw/actions/generate_usage_activity_summary.cjs
    secure_markdown_rendering_test.go:67: Line 1006:           find /tmp/gh-aw/usage -type f -print | sort
    secure_markdown_rendering_test.go:67: Line 1007:       - name: Upload usage artifact
    secure_markdown_rendering_test.go:67: Line 1008:         if: always()
    secure_markdown_rendering_test.go:67: Line 1009:         continue-on-error: true
    secure_markdown_rendering_test.go:67: Line 1010:         uses: actions/upload-artifact@043fb46d1a93c77aae656e7c1c64a875d1fc6a0a # v7.0.1
    secure_markdown_rendering_test.go:67: Line 1011:         with:
    secure_markdown_rendering_test.go:67: Line 1012:           name: usage
    secure_markdown_rendering_test.go:67: Line 1013:           path: |
    secure_markdown_rendering_test.go:67: Line 1014:             /tmp/gh-aw/usage/aw_info.json
    secure_markdown_rendering_test.go:67: Line 1015:             /tmp/gh-aw/usage/aw-info.jsonl
    secure_markdown_rendering_test.go:67: Line 1016:             /tmp/gh-aw/usage/agent_usage.json
    secure_markdown_rendering_test.go:67: Line 1017:             /tmp/gh-aw/usage/agent_usage.jsonl
    secure_markdown_rendering_test.go:67: Line 1018:             /tmp/gh-aw/usage/detection_usage.jsonl
    secure_markdown_rendering_test.go:67: Line 1019:             /tmp/gh-aw/usage/github_rate_limits.jsonl
    secure_markdown_rendering_test.go:67: Line 1020:             /tmp/gh-aw/usage/agent/token_usage.jsonl
    secure_markdown_rendering_test.go:67: Line 1021:             /tmp/gh-aw/usage/detection/token_usage.jsonl
    secure_markdown_rendering_test.go:67: Line 1022:             /tmp/gh-aw/usage/activity/summary.json
    secure_markdown_rendering_test.go:67: Line 1023:           if-no-files-found: ignore
    secure_markdown_rendering_test.go:67: Line 1024:       - name: Restore daily AIC usage cache
    secure_markdown_rendering_test.go:67: Line 1025:         id: restore-daily-aic-cache-conclusion
    secure_markdown_rendering_test.go:67: Line 1026:         if: always()
    secure_markdown_rendering_test.go:67: Line 1027:         continue-on-error: true
    secure_markdown_rendering_test.go:67: Line 1028:         uses: actions/cache/restore@27d5ce7f107fe9357f9df03efb73ab90386fccae # v5.0.5
    secure_markdown_rendering_test.go:67: Line 1029:         with:
    secure_markdown_rendering_test.go:67: Line 1030:           key: agentic-workflow-usage-test-${{ github.run_id }}
    secure_markdown_rendering_test.go:67: Line 1031:           restore-keys: agentic-workflow-usage-test-
    secure_markdown_rendering_test.go:67: Line 1032:           path: /tmp/gh-aw/agentic-workflow-usage-cache.jsonl
    secure_markdown_rendering_test.go:67: Line 1033:       - name: Write daily AIC usage cache entry
    secure_markdown_rendering_test.go:67: Line 1034:         id: write-daily-aic-cache
    secure_markdown_rendering_test.go:67: Line 1035:         if: always()
    secure_markdown_rendering_test.go:67: Line 1036:         continue-on-error: true
    secure_markdown_rendering_test.go:67: Line 1037:         uses: actions/github-script@3a2844b7e9c422d3c10d287c895573f7108da1b3 # v9.0.0
    secure_markdown_rendering_test.go:67: Line 1038:         with:
    secure_markdown_rendering_test.go:67: Line 1039:           github-token: ${{ github.token }}
    secure_markdown_rendering_test.go:67: Line 1040:           script: |
    secure_markdown_rendering_test.go:67: Line 1041:             const { setupGlobals } = require('${{ runner.temp }}/gh-aw/actions/setup_globals.cjs');
    secure_markdown_rendering_test.go:67: Line 1042:             setupGlobals(core, github, context);
    secure_markdown_rendering_test.go:67: Line 1043:             const { main } = require('${{ runner.temp }}/gh-aw/actions/write_daily_aic_usage_cache.cjs');
    secure_markdown_rendering_test.go:67: Line 1044:             await main();
    secure_markdown_rendering_test.go:67: Line 1045:       - name: Save daily AIC usage cache
    secure_markdown_rendering_test.go:67: Line 1046:         id: save-daily-aic-cache
    secure_markdown_rendering_test.go:67: Line 1047:         if: always()
    secure_markdown_rendering_test.go:67: Line 1048:         continue-on-error: true
    secure_markdown_rendering_test.go:67: Line 1049:         uses: actions/cache/save@27d5ce7f107fe9357f9df03efb73ab90386fccae # v5.0.5
    secure_markdown_rendering_test.go:67: Line 1050:         with:
    secure_markdown_rendering_test.go:67: Line 1051:           key: agentic-workflow-usage-test-${{ github.run_id }}
    secure_markdown_rendering_test.go:67: Line 1052:           path: /tmp/gh-aw/agentic-workflow-usage-cache.jsonl
    secure_markdown_rendering_test.go:67: Line 1053:       - name: Upload daily AIC usage cache artifact
    secure_markdown_rendering_test.go:67: Line 1054:         id: upload-daily-aic-cache
    secure_markdown_rendering_test.go:67: Line 1055:         if: always()
    secure_markdown_rendering_test.go:67: Line 1056:         continue-on-error: true
    secure_markdown_rendering_test.go:67: Line 1057:         uses: actions/upload-artifact@043fb46d1a93c77aae656e7c1c64a875d1fc6a0a # v7.0.1
    secure_markdown_rendering_test.go:67: Line 1058:         with:
    secure_markdown_rendering_test.go:67: Line 1059:           name: aic-usage-cache
    secure_markdown_rendering_test.go:67: Line 1060:           path: /tmp/gh-aw/agentic-workflow-usage-cache.jsonl
    secure_markdown_rendering_test.go:67: Line 1061:           if-no-files-found: ignore
    secure_markdown_rendering_test.go:67: Line 1062:           retention-days: 7
    secure_markdown_rendering_test.go:67: Line 1063:       - name: Handle agent failure
    secure_markdown_rendering_test.go:67: Line 1064:         id: handle_agent_failure
    secure_markdown_rendering_test.go:67: Line 1065:         if: always()
    secure_markdown_rendering_test.go:67: Line 1066:         uses: actions/github-script@3a2844b7e9c422d3c10d287c895573f7108da1b3 # v9.0.0
    secure_markdown_rendering_test.go:67: Line 1067:         env:
    secure_markdown_rendering_test.go:67: Line 1068:           GH_AW_AGENT_OUTPUT: ${{ steps.setup-agent-output-env.outputs.GH_AW_AGENT_OUTPUT }}
    secure_markdown_rendering_test.go:67: Line 1069:           GH_AW_WORKFLOW_NAME: "Test Workflow"
    secure_markdown_rendering_test.go:67: Line 1070:           GH_AW_RUN_URL: ${{ github.server_url }}/${{ github.repository }}/actions/runs/${{ github.run_id }}
    secure_markdown_rendering_test.go:67: Line 1071:           GH_AW_AGENT_CONCLUSION: ${{ needs.agent.result }}
    secure_markdown_rendering_test.go:67: Line 1072:           GH_AW_WORKFLOW_ID: "test"
    secure_markdown_rendering_test.go:67: Line 1073:           GH_AW_ACTION_FAILURE_ISSUE_EXPIRES_HOURS: "12"
    secure_markdown_rendering_test.go:67: Line 1074:           GH_AW_ENGINE_ID: "copilot"
    secure_markdown_rendering_test.go:67: Line 1075:           GH_AW_SECRET_VERIFICATION_RESULT: ${{ needs.activation.outputs.secret_verification_result }}
    secure_markdown_rendering_test.go:67: Line 1076:           GH_AW_CHECKOUT_PR_SUCCESS: ${{ needs.agent.outputs.checkout_pr_success }}
    secure_markdown_rendering_test.go:67: Line 1077:           GH_AW_EFFECTIVE_TOKENS: ${{ needs.agent.outputs.effective_tokens || '' }}
    secure_markdown_rendering_test.go:67: Line 1078:           GH_AW_AI_CREDITS_RATE_LIMIT_ERROR: ${{ needs.agent.outputs.ai_credits_rate_limit_error || 'false' }}
    secure_markdown_rendering_test.go:67: Line 1079:           GH_AW_UNKNOWN_MODEL_AI_CREDITS: ${{ needs.agent.outputs.unknown_model_ai_credits || 'false' }}
    secure_markdown_rendering_test.go:67: Line 1080:           GH_AW_AIC: ${{ needs.agent.outputs.aic }}
    secure_markdown_rendering_test.go:67: Line 1081:           GH_AW_MAX_AI_CREDITS: ${{ vars.GH_AW_DEFAULT_MAX_AI_CREDITS || '1000' }}
    secure_markdown_rendering_test.go:67: Line 1082:           GH_AW_INFERENCE_ACCESS_ERROR: ${{ needs.agent.outputs.inference_access_error }}
    secure_markdown_rendering_test.go:67: Line 1083:           GH_AW_MCP_POLICY_ERROR: ${{ needs.agent.outputs.mcp_policy_error }}
    secure_markdown_rendering_test.go:67: Line 1084:           GH_AW_AGENTIC_ENGINE_TIMEOUT: ${{ needs.agent.outputs.agentic_engine_timeout }}
    secure_markdown_rendering_test.go:67: Line 1085:           GH_AW_MODEL_NOT_SUPPORTED_ERROR: ${{ needs.agent.outputs.model_not_supported_error }}
    secure_markdown_rendering_test.go:67: Line 1086:           GH_AW_ENGINE_API_HOSTS: "api.enterprise.githubcopilot.com,api.githubcopilot.com,api.business.githubcopilot.com,api.individual.githubcopilot.com"
    secure_markdown_rendering_test.go:67: Line 1087:           GH_AW_LOCKDOWN_CHECK_FAILED: ${{ needs.activation.outputs.lockdown_check_failed }}
    secure_markdown_rendering_test.go:67: Line 1088:           GH_AW_STALE_LOCK_FILE_FAILED: ${{ needs.activation.outputs.stale_lock_file_failed }}
    secure_markdown_rendering_test.go:67: Line 1089:           GH_AW_DAILY_AI_CREDITS_EXCEEDED: ${{ needs.activation.outputs.daily_ai_credits_exceeded }}
    secure_markdown_rendering_test.go:67: Line 1090:           GH_AW_DAILY_AI_CREDITS_TOTAL_EFFECTIVE_TOKENS: ${{ needs.activation.outputs.daily_ai_credits_total_effective_tokens }}
    secure_markdown_rendering_test.go:67: Line 1091:           GH_AW_DAILY_AI_CREDITS_THRESHOLD: ${{ needs.activation.outputs.daily_ai_credits_threshold }}
    secure_markdown_rendering_test.go:67: Line 1092:           GH_AW_GROUP_REPORTS: "false"
    secure_markdown_rendering_test.go:67: Line 1093:           GH_AW_FAILURE_REPORT_AS_ISSUE: "true"
    secure_markdown_rendering_test.go:67: Line 1094:           GH_AW_MISSING_TOOL_REPORT_AS_FAILURE: "true"
    secure_markdown_rendering_test.go:67: Line 1095:           GH_AW_MISSING_DATA_REPORT_AS_FAILURE: "true"
    secure_markdown_rendering_test.go:67: Line 1096:           GH_AW_TIMEOUT_MINUTES: "20"
    secure_markdown_rendering_test.go:67: Line 1097:         with:
    secure_markdown_rendering_test.go:67: Line 1098:           github-token: ${{ secrets.GH_AW_GITHUB_TOKEN || secrets.GITHUB_TOKEN }}
    secure_markdown_rendering_test.go:67: Line 1099:           script: |
    secure_markdown_rendering_test.go:67: Line 1100:             const { setupGlobals } = require('${{ runner.temp }}/gh-aw/actions/setup_globals.cjs');
    secure_markdown_rendering_test.go:67: Line 1101:             setupGlobals(core, github, context, exec, io, getOctokit);
    secure_markdown_rendering_test.go:67: Line 1102:             const { main } = require('${{ runner.temp }}/gh-aw/actions/handle_agent_failure.cjs');
    secure_markdown_rendering_test.go:67: Line 1103:             await main();
    secure_markdown_rendering_test.go:67: Line 1104:
    secure_markdown_rendering_test.go:67: Line 1105:   pre_activation:
    secure_markdown_rendering_test.go:67: Line 1106:     runs-on: ubuntu-slim
    secure_markdown_rendering_test.go:67: Line 1107:     permissions:
    secure_markdown_rendering_test.go:67: Line 1108:       contents: read
    secure_markdown_rendering_test.go:67: Line 1109:     env:
    secure_markdown_rendering_test.go:67: Line 1110:       GH_AW_RUNTIME_FEATURES: ${{ vars.GH_AW_RUNTIME_FEATURES }}
    secure_markdown_rendering_test.go:67: Line 1111:     outputs:
    secure_markdown_rendering_test.go:67: Line 1112:       activated: ${{ steps.check_membership.outputs.is_team_member == 'true' }}
    secure_markdown_rendering_test.go:67: Line 1113:       matched_command: ''
    secure_markdown_rendering_test.go:67: Line 1114:       setup-parent-span-id: ${{ steps.setup.outputs.parent-span-id || steps.setup.outputs.span-id }}
    secure_markdown_rendering_test.go:67: Line 1115:       setup-span-id: ${{ steps.setup.outputs.span-id }}
    secure_markdown_rendering_test.go:67: Line 1116:       setup-trace-id: ${{ steps.setup.outputs.trace-id }}
    secure_markdown_rendering_test.go:67: Line 1117:     steps:
    secure_markdown_rendering_test.go:67: Line 1118:       - name: Checkout actions folder
    secure_markdown_rendering_test.go:67: Line 1119:         uses: actions/checkout@9c091bb21b7c1c1d1991bb908d89e4e9dddfe3e0 # v7.0.0
    secure_markdown_rendering_test.go:67: Line 1120:         with:
    secure_markdown_rendering_test.go:67: Line 1121:           repository: github/gh-aw
    secure_markdown_rendering_test.go:67: Line 1122:           sparse-checkout: |
    secure_markdown_rendering_test.go:67: Line 1123:             actions
    secure_markdown_rendering_test.go:67: Line 1124:           persist-credentials: false
    secure_markdown_rendering_test.go:67: Line 1125:       - name: Setup Scripts
    secure_markdown_rendering_test.go:67: Line 1126:         id: setup
    secure_markdown_rendering_test.go:67: Line 1127:         uses: ./actions/setup
    secure_markdown_rendering_test.go:67: Line 1128:         with:
    secure_markdown_rendering_test.go:67: Line 1129:           destination: ${{ runner.temp }}/gh-aw/actions
    secure_markdown_rendering_test.go:67: Line 1130:           job-name: ${{ github.job }}
    secure_markdown_rendering_test.go:67: Line 1131:         env:
    secure_markdown_rendering_test.go:67: Line 1132:           GH_AW_SETUP_WORKFLOW_NAME: "Test Workflow"
    secure_markdown_rendering_test.go:67: Line 1133:           GH_AW_CURRENT_WORKFLOW_REF: ${{ github.repository }}/.github/workflows/test.lock.yml@${{ github.ref }}
    secure_markdown_rendering_test.go:67: Line 1134:           GH_AW_INFO_VERSION: "1.0.63"
    secure_markdown_rendering_test.go:67: Line 1135:           GH_AW_INFO_AWF_VERSION: "v0.27.7"
    secure_markdown_rendering_test.go:67: Line 1136:           GH_AW_INFO_ENGINE_ID: "copilot"
    secure_markdown_rendering_test.go:67: Line 1137:       - name: Check team membership for workflow
    secure_markdown_rendering_test.go:67: Line 1138:         id: check_membership
    secure_markdown_rendering_test.go:67: Line 1139:         uses: actions/github-script@3a2844b7e9c422d3c10d287c895573f7108da1b3 # v9.0.0
    secure_markdown_rendering_test.go:67: Line 1140:         env:
    secure_markdown_rendering_test.go:67: Line 1141:           GH_AW_REQUIRED_ROLES: "admin,maintainer,write"
    secure_markdown_rendering_test.go:67: Line 1142:         with:
    secure_markdown_rendering_test.go:67: Line 1143:           github-token: ${{ secrets.GITHUB_TOKEN }}
    secure_markdown_rendering_test.go:67: Line 1144:           script: |
    secure_markdown_rendering_test.go:67: Line 1145:             const { setupGlobals } = require('${{ runner.temp }}/gh-aw/actions/setup_globals.cjs');
    secure_markdown_rendering_test.go:67: Line 1146:             setupGlobals(core, github, context, exec, io, getOctokit);
    secure_markdown_rendering_test.go:67: Line 1147:             const { main } = require('${{ runner.temp }}/gh-aw/actions/check_membership.cjs');
    secure_markdown_rendering_test.go:67: Line 1148:             await main();
    secure_markdown_rendering_test.go:67: Line 1149:
    secure_markdown_rendering_test.go:67: Line 1150:   safe_outputs:
    secure_markdown_rendering_test.go:67: Line 1151:     needs:
    secure_markdown_rendering_test.go:67: Line 1152:       - activation
    secure_markdown_rendering_test.go:67: Line 1153:       - agent
    secure_markdown_rendering_test.go:67: Line 1154:     if: (!cancelled()) && needs.agent.result != 'skipped'
    secure_markdown_rendering_test.go:67: Line 1155:     runs-on: ubuntu-slim
    secure_markdown_rendering_test.go:67: Line 1156:     permissions:
    secure_markdown_rendering_test.go:67: Line 1157:       contents: read
    secure_markdown_rendering_test.go:67: Line 1158:       issues: write
    secure_markdown_rendering_test.go:67: Line 1159:     timeout-minutes: 45
    secure_markdown_rendering_test.go:67: Line 1160:     env:
    secure_markdown_rendering_test.go:67: Line 1161:       GH_AW_AGENT_AIC: ${{ needs.agent.outputs.aic }}
    secure_markdown_rendering_test.go:67: Line 1162:       GH_AW_AIC: ${{ needs.agent.outputs.aic }}
    secure_markdown_rendering_test.go:67: Line 1163:       GH_AW_AMBIENT_CONTEXT: ${{ needs.agent.outputs.ambient_context }}
    secure_markdown_rendering_test.go:67: Line 1164:       GH_AW_CALLER_WORKFLOW_ID: "${{ github.repository }}/test"
    secure_markdown_rendering_test.go:67: Line 1165:       GH_AW_EFFECTIVE_TOKENS: ${{ needs.agent.outputs.effective_tokens }}
    secure_markdown_rendering_test.go:67: Line 1166:       GH_AW_ENGINE_ID: "copilot"
    secure_markdown_rendering_test.go:67: Line 1167:       GH_AW_ENGINE_MODEL: ${{ needs.agent.outputs.model }}
    secure_markdown_rendering_test.go:67: Line 1168:       GH_AW_ENGINE_VERSION: "1.0.63"
    secure_markdown_rendering_test.go:67: Line 1169:       GH_AW_PROJECT_UTC: "-08:00"
    secure_markdown_rendering_test.go:67: Line 1170:       GH_AW_RUNTIME_FEATURES: ${{ vars.GH_AW_RUNTIME_FEATURES }}
    secure_markdown_rendering_test.go:67: Line 1171:       GH_AW_WORKFLOW_ID: "test"
    secure_markdown_rendering_test.go:67: Line 1172:       GH_AW_WORKFLOW_NAME: "Test Workflow"
    secure_markdown_rendering_test.go:67: Line 1173:     outputs:
    secure_markdown_rendering_test.go:67: Line 1174:       code_push_failure_count: ${{ steps.process_safe_outputs.outputs.code_push_failure_count }}
    secure_markdown_rendering_test.go:67: Line 1175:       code_push_failure_errors: ${{ steps.process_safe_outputs.outputs.code_push_failure_errors }}
    secure_markdown_rendering_test.go:67: Line 1176:       create_discussion_error_count: ${{ steps.process_safe_outputs.outputs.create_discussion_error_count }}
    secure_markdown_rendering_test.go:67: Line 1177:       create_discussion_errors: ${{ steps.process_safe_outputs.outputs.create_discussion_errors }}
    secure_markdown_rendering_test.go:67: Line 1178:       created_issue_number: ${{ steps.process_safe_outputs.outputs.created_issue_number }}
    secure_markdown_rendering_test.go:67: Line 1179:       created_issue_url: ${{ steps.process_safe_outputs.outputs.created_issue_url }}
    secure_markdown_rendering_test.go:67: Line 1180:       process_safe_outputs_processed_count: ${{ steps.process_safe_outputs.outputs.processed_count }}
    secure_markdown_rendering_test.go:67: Line 1181:       process_safe_outputs_temporary_id_map: ${{ steps.process_safe_outputs.outputs.temporary_id_map }}
    secure_markdown_rendering_test.go:67: Line 1182:     steps:
    secure_markdown_rendering_test.go:67: Line 1183:       - name: Checkout actions folder
    secure_markdown_rendering_test.go:67: Line 1184:         uses: actions/checkout@9c091bb21b7c1c1d1991bb908d89e4e9dddfe3e0 # v7.0.0
    secure_markdown_rendering_test.go:67: Line 1185:         with:
    secure_markdown_rendering_test.go:67: Line 1186:           repository: github/gh-aw
    secure_markdown_rendering_test.go:67: Line 1187:           sparse-checkout: |
    secure_markdown_rendering_test.go:67: Line 1188:             actions
    secure_markdown_rendering_test.go:67: Line 1189:           persist-credentials: false
    secure_markdown_rendering_test.go:67: Line 1190:       - name: Setup Scripts
    secure_markdown_rendering_test.go:67: Line 1191:         id: setup
    secure_markdown_rendering_test.go:67: Line 1192:         uses: ./actions/setup
    secure_markdown_rendering_test.go:67: Line 1193:         with:
    secure_markdown_rendering_test.go:67: Line 1194:           destination: ${{ runner.temp }}/gh-aw/actions
    secure_markdown_rendering_test.go:67: Line 1195:           job-name: ${{ github.job }}
    secure_markdown_rendering_test.go:67: Line 1196:           trace-id: ${{ needs.activation.outputs.setup-trace-id }}
    secure_markdown_rendering_test.go:67: Line 1197:           parent-span-id: ${{ needs.activation.outputs.setup-parent-span-id || needs.activation.outputs.setup-span-id }}
    secure_markdown_rendering_test.go:67: Line 1198:         env:
    secure_markdown_rendering_test.go:67: Line 1199:           GH_AW_SETUP_WORKFLOW_NAME: "Test Workflow"
    secure_markdown_rendering_test.go:67: Line 1200:           GH_AW_CURRENT_WORKFLOW_REF: ${{ github.repository }}/.github/workflows/test.lock.yml@${{ github.ref }}
    secure_markdown_rendering_test.go:67: Line 1201:           GH_AW_INFO_VERSION: "1.0.63"
    secure_markdown_rendering_test.go:67: Line 1202:           GH_AW_INFO_AWF_VERSION: "v0.27.7"
    secure_markdown_rendering_test.go:67: Line 1203:           GH_AW_INFO_ENGINE_ID: "copilot"
    secure_markdown_rendering_test.go:67: Line 1204:       - name: Download agent output artifact
    secure_markdown_rendering_test.go:67: Line 1205:         id: download-agent-output
    secure_markdown_rendering_test.go:67: Line 1206:         continue-on-error: true
    secure_markdown_rendering_test.go:67: Line 1207:         uses: actions/download-artifact@3e5f45b2cfb9172054b4087a40e8e0b5a5461e7c # v8.0.1
    secure_markdown_rendering_test.go:67: Line 1208:         with:
    secure_markdown_rendering_test.go:67: Line 1209:           name: agent
    secure_markdown_rendering_test.go:67: Line 1210:           path: /tmp/gh-aw/
    secure_markdown_rendering_test.go:67: Line 1211:       - name: Setup agent output environment variable
    secure_markdown_rendering_test.go:67: Line 1212:         id: setup-agent-output-env
    secure_markdown_rendering_test.go:67: Line 1213:         if: steps.download-agent-output.outcome == 'success'
    secure_markdown_rendering_test.go:67: Line 1214:         run: |
    secure_markdown_rendering_test.go:67: Line 1215:           mkdir -p /tmp/gh-aw/
    secure_markdown_rendering_test.go:67: Line 1216:           find "/tmp/gh-aw/" -type f -print
    secure_markdown_rendering_test.go:67: Line 1217:           echo "GH_AW_AGENT_OUTPUT=/tmp/gh-aw/agent_output.json" >> "$GITHUB_OUTPUT"
    secure_markdown_rendering_test.go:67: Line 1218:       - name: Configure GH_HOST for enterprise compatibility
    secure_markdown_rendering_test.go:67: Line 1219:         id: ghes-host-config
    secure_markdown_rendering_test.go:67: Line 1220:         shell: bash
    secure_markdown_rendering_test.go:67: Line 1221:         run: | # zizmor: ignore[github-env] - GITHUB_SERVER_URL is set by GitHub Actions, not user input.
    secure_markdown_rendering_test.go:67: Line 1222:           # Derive GH_HOST from GITHUB_SERVER_URL so the gh CLI targets the correct
    secure_markdown_rendering_test.go:67: Line 1223:           # GitHub instance (GHES/GHEC). On github.com this is a harmless no-op.
    secure_markdown_rendering_test.go:67: Line 1224:           GH_HOST="${GITHUB_SERVER_URL#https://}"
    secure_markdown_rendering_test.go:67: Line 1225:           GH_HOST="${GH_HOST#http://}"
    secure_markdown_rendering_test.go:67: Line 1226:           echo "GH_HOST=${GH_HOST}" >> "$GITHUB_ENV"
    secure_markdown_rendering_test.go:67: Line 1227:       - name: Process Safe Outputs
    secure_markdown_rendering_test.go:67: Line 1228:         id: process_safe_outputs
    secure_markdown_rendering_test.go:67: Line 1229:         uses: actions/github-script@3a2844b7e9c422d3c10d287c895573f7108da1b3 # v9.0.0
    secure_markdown_rendering_test.go:67: Line 1230:         env:
    secure_markdown_rendering_test.go:67: Line 1231:           GH_AW_AGENT_OUTPUT: ${{ steps.setup-agent-output-env.outputs.GH_AW_AGENT_OUTPUT }}
    secure_markdown_rendering_test.go:67: Line 1232:           GH_AW_COMMENT_ID: ${{ needs.activation.outputs.comment_id }}
    secure_markdown_rendering_test.go:67: Line 1233:           GH_AW_ALLOWED_DOMAINS: "api.business.githubcopilot.com,api.enterprise.githubcopilot.com,api.github.com,api.githubcopilot.com,api.individual.githubcopilot.com,api.snapcraft.io,archive.ubuntu.com,azure.archive.ubuntu.com,crl.geotrust.com,crl.globalsign.com,crl.identrust.com,crl.sectigo.com,crl.thawte.com,crl.usertrust.com,crl.verisign.com,crl3.digicert.com,crl4.digicert.com,crls.ssl.com,github.com,host.docker.internal,json-schema.org,json.schemastore.org,keyserver.ubuntu.com,ocsp.digicert.com,ocsp.geotrust.com,ocsp.globalsign.com,ocsp.identrust.com,ocsp.sectigo.com,ocsp.ssl.com,ocsp.thawte.com,ocsp.usertrust.com,ocsp.verisign.com,packagecloud.io,packages.cloud.google.com,packages.microsoft.com,ppa.launchpad.net,raw.githubusercontent.com,registry.npmjs.org,s.symcb.com,s.symcd.com,security.ubuntu.com,telemetry.enterprise.githubcopilot.com,ts-crl.ws.symantec.com,ts-ocsp.ws.symantec.com,www.googleapis.com"
    secure_markdown_rendering_test.go:67: Line 1234:           GITHUB_SERVER_URL: ${{ github.server_url }}
    secure_markdown_rendering_test.go:67: Line 1235:           GITHUB_API_URL: ${{ github.api_url }}
    secure_markdown_rendering_test.go:67: Line 1236:           GH_AW_SAFE_OUTPUTS_HANDLER_CONFIG: "{\"create_issue\":{\"labels\":[\"test\"],\"max\":1,\"title_prefix\":\"[test]\"}}"
    secure_markdown_rendering_test.go:67: Line 1237:         with:
    secure_markdown_rendering_test.go:67: Line 1238:           github-token: ${{ secrets.GH_AW_GITHUB_TOKEN || secrets.GITHUB_TOKEN }}
    secure_markdown_rendering_test.go:67: Line 1239:           script: |
    secure_markdown_rendering_test.go:67: Line 1240:             const { setupGlobals } = require('${{ runner.temp }}/gh-aw/actions/setup_globals.cjs');
    secure_markdown_rendering_test.go:67: Line 1241:             setupGlobals(core, github, context, exec, io, getOctokit);
    secure_markdown_rendering_test.go:67: Line 1242:             const { main } = require('${{ runner.temp }}/gh-aw/actions/safe_output_handler_manager.cjs');
    secure_markdown_rendering_test.go:67: Line 1243:             await main();
    secure_markdown_rendering_test.go:67: Line 1244:       - name: Upload Safe Outputs Items
    secure_markdown_rendering_test.go:67: Line 1245:         if: always()
    secure_markdown_rendering_test.go:67: Line 1246:         uses: actions/upload-artifact@043fb46d1a93c77aae656e7c1c64a875d1fc6a0a # v7.0.1
    secure_markdown_rendering_test.go:67: Line 1247:         with:
    secure_markdown_rendering_test.go:67: Line 1248:           name: safe-outputs-items
    secure_markdown_rendering_test.go:67: Line 1249:           path: |
    secure_markdown_rendering_test.go:67: Line 1250:             /tmp/gh-aw/safe-output-items.jsonl
    secure_markdown_rendering_test.go:67: Line 1251:             /tmp/gh-aw/temporary-id-map.json
    secure_markdown_rendering_test.go:67: Line 1252:           if-no-files-found: ignore
    secure_markdown_rendering_test.go:67: Line 1253:
    secure_markdown_rendering_test.go:67: Line 1254:
--- PASS: TestSecureMarkdownRendering_Integration (0.02s)
=== RUN   TestCodeScanningAlertsConfig
=== RUN   TestCodeScanningAlertsConfig/basic_code_scanning_alert_configuration
=== RUN   TestCodeScanningAlertsConfig/code_scanning_alert_with_max_configuration
=== RUN   TestCodeScanningAlertsConfig/code_scanning_alert_with_driver_configuration
=== RUN   TestCodeScanningAlertsConfig/code_scanning_alert_with_max_and_driver_configuration
=== RUN   TestCodeScanningAlertsConfig/no_code_scanning_alert_configuration
--- PASS: TestCodeScanningAlertsConfig (0.00s)
    --- PASS: TestCodeScanningAlertsConfig/basic_code_scanning_alert_configuration (0.00s)
    --- PASS: TestCodeScanningAlertsConfig/code_scanning_alert_with_max_configuration (0.00s)
    --- PASS: TestCodeScanningAlertsConfig/code_scanning_alert_with_driver_configuration (0.00s)
    --- PASS: TestCodeScanningAlertsConfig/code_scanning_alert_with_max_and_driver_configuration (0.00s)
    --- PASS: TestCodeScanningAlertsConfig/no_code_scanning_alert_configuration (0.00s)
=== RUN   TestParseCodeScanningAlertsConfig
=== RUN   TestParseCodeScanningAlertsConfig/basic_configuration
=== RUN   TestParseCodeScanningAlertsConfig/configuration_with_max
=== RUN   TestParseCodeScanningAlertsConfig/configuration_with_driver
=== RUN   TestParseCodeScanningAlertsConfig/configuration_with_max_and_driver
=== RUN   TestParseCodeScanningAlertsConfig/no_configuration
--- PASS: TestParseCodeScanningAlertsConfig (0.00s)
    --- PASS: TestParseCodeScanningAlertsConfig/basic_configuration (0.00s)
    --- PASS: TestParseCodeScanningAlertsConfig/configuration_with_max (0.00s)
    --- PASS: TestParseCodeScanningAlertsConfig/configuration_with_driver (0.00s)
    --- PASS: TestParseCodeScanningAlertsConfig/configuration_with_max_and_driver (0.00s)
    --- PASS: TestParseCodeScanningAlertsConfig/no_configuration (0.00s)
=== RUN   TestParsePortSpec
=== RUN   TestParsePortSpec/explicit_host:container_mapping
=== RUN   TestParsePortSpec/container_port_only_(dynamic_host)
=== RUN   TestParsePortSpec/remapped_host_port
=== RUN   TestParsePortSpec/explicit_TCP_protocol
=== RUN   TestParsePortSpec/UDP_port_skipped
=== RUN   TestParsePortSpec/integer_port_spec
=== RUN   TestParsePortSpec/float64_port_spec_(YAML_parsing)
=== RUN   TestParsePortSpec/port_range
=== RUN   TestParsePortSpec/port_range_container_only
=== RUN   TestParsePortSpec/host:container_with_TCP_suffix
=== RUN   TestParsePortSpec/invalid_port_number
=== RUN   TestParsePortSpec/invalid_port_range_(end_<_start)
=== RUN   TestParsePortSpec/port_range_exceeding_cap
=== RUN   TestParsePortSpec/unsupported_type
=== RUN   TestParsePortSpec/empty_string
=== RUN   TestParsePortSpec/port_zero_is_out_of_range
=== RUN   TestParsePortSpec/port_above_65535
=== RUN   TestParsePortSpec/integer_port_zero_is_out_of_range
=== RUN   TestParsePortSpec/unknown_protocol_skipped
=== RUN   TestParsePortSpec/float64_non-integer_rejected
=== RUN   TestParsePortSpec/port_range_with_out-of-range_values
--- PASS: TestParsePortSpec (0.00s)
    --- PASS: TestParsePortSpec/explicit_host:container_mapping (0.00s)
    --- PASS: TestParsePortSpec/container_port_only_(dynamic_host) (0.00s)
    --- PASS: TestParsePortSpec/remapped_host_port (0.00s)
    --- PASS: TestParsePortSpec/explicit_TCP_protocol (0.00s)
    --- PASS: TestParsePortSpec/UDP_port_skipped (0.00s)
    --- PASS: TestParsePortSpec/integer_port_spec (0.00s)
    --- PASS: TestParsePortSpec/float64_port_spec_(YAML_parsing) (0.00s)
    --- PASS: TestParsePortSpec/port_range (0.00s)
    --- PASS: TestParsePortSpec/port_range_container_only (0.00s)
    --- PASS: TestParsePortSpec/host:container_with_TCP_suffix (0.00s)
    --- PASS: TestParsePortSpec/invalid_port_number (0.00s)
    --- PASS: TestParsePortSpec/invalid_port_range_(end_<_start) (0.00s)
    --- PASS: TestParsePortSpec/port_range_exceeding_cap (0.00s)
    --- PASS: TestParsePortSpec/unsupported_type (0.00s)
    --- PASS: TestParsePortSpec/empty_string (0.00s)
    --- PASS: TestParsePortSpec/port_zero_is_out_of_range (0.00s)
    --- PASS: TestParsePortSpec/port_above_65535 (0.00s)
    --- PASS: TestParsePortSpec/integer_port_zero_is_out_of_range (0.00s)
    --- PASS: TestParsePortSpec/unknown_protocol_skipped (0.00s)
    --- PASS: TestParsePortSpec/float64_non-integer_rejected (0.00s)
    --- PASS: TestParsePortSpec/port_range_with_out-of-range_values (0.00s)
=== RUN   TestExtractServicePortExpressions
=== RUN   TestExtractServicePortExpressions/empty_services_YAML
=== RUN   TestExtractServicePortExpressions/single_service_with_single_port
=== RUN   TestExtractServicePortExpressions/multiple_services_with_ports
=== RUN   TestExtractServicePortExpressions/service_with_multiple_ports
=== RUN   TestExtractServicePortExpressions/service_without_ports_emits_warning
=== RUN   TestExtractServicePortExpressions/mixed_services:_some_with_ports,_some_without
=== RUN   TestExtractServicePortExpressions/UDP_port_skipped_with_warning
=== RUN   TestExtractServicePortExpressions/port_range_expansion
=== RUN   TestExtractServicePortExpressions/dynamic_host_port_(container_port_only)
=== RUN   TestExtractServicePortExpressions/remapped_host_port_uses_container_port_in_expression
=== RUN   TestExtractServicePortExpressions/invalid_YAML_returns_empty
=== RUN   TestExtractServicePortExpressions/integer_port_values
=== RUN   TestExtractServicePortExpressions/hyphenated_service_ID
=== RUN   TestExtractServicePortExpressions/invalid_ports_format_(not_a_list)_emits_warning
--- PASS: TestExtractServicePortExpressions (0.00s)
    --- PASS: TestExtractServicePortExpressions/empty_services_YAML (0.00s)
    --- PASS: TestExtractServicePortExpressions/single_service_with_single_port (0.00s)
    --- PASS: TestExtractServicePortExpressions/multiple_services_with_ports (0.00s)
    --- PASS: TestExtractServicePortExpressions/service_with_multiple_ports (0.00s)
    --- PASS: TestExtractServicePortExpressions/service_without_ports_emits_warning (0.00s)
    --- PASS: TestExtractServicePortExpressions/mixed_services:_some_with_ports,_some_without (0.00s)
    --- PASS: TestExtractServicePortExpressions/UDP_port_skipped_with_warning (0.00s)
    --- PASS: TestExtractServicePortExpressions/port_range_expansion (0.00s)
    --- PASS: TestExtractServicePortExpressions/dynamic_host_port_(container_port_only) (0.00s)
    --- PASS: TestExtractServicePortExpressions/remapped_host_port_uses_container_port_in_expression (0.00s)
    --- PASS: TestExtractServicePortExpressions/invalid_YAML_returns_empty (0.00s)
    --- PASS: TestExtractServicePortExpressions/integer_port_values (0.00s)
    --- PASS: TestExtractServicePortExpressions/hyphenated_service_ID (0.00s)
    --- PASS: TestExtractServicePortExpressions/invalid_ports_format_(not_a_list)_emits_warning (0.00s)
=== RUN   TestExtractServicePortExpressions_DeterministicOrder
--- PASS: TestExtractServicePortExpressions_DeterministicOrder (0.00s)
=== RUN   TestSetIssueFieldHandlerConfigIncludesAllowedFields
/tmp/gh-aw-test-runs/20260704-173215-1254793/set-issue-field-handler-config-test3026667981/test-set-issue-field-handler-config.md: info: Tip: set permissions.copilot-requests: write to use GitHub Actions token-based inference with the Copilot engine instead of a personal access token (COPILOT_GITHUB_TOKEN). This option requires that your organization has centralized Copilot billing enabled and may not be available in all organizations — see https://github.github.com/gh-aw/reference/billing/ for details.

✓ /tmp/gh-aw-test-runs/20260704-173215-1254793/set-issue-field-handler-config-test3026667981/test-set-issue-field-handler-config.md (100.4 KB)
--- PASS: TestSetIssueFieldHandlerConfigIncludesAllowedFields (0.01s)
=== RUN   TestGetVersionForSetup
=== RUN   TestGetVersionForSetup/nil_data_returns_empty_string
=== RUN   TestGetVersionForSetup/no_engine_config_returns_empty_string
=== RUN   TestGetVersionForSetup/explicit_version_in_EngineConfig_takes_priority
=== RUN   TestGetVersionForSetup/copilot_engine_uses_default_version
=== RUN   TestGetVersionForSetup/claude_engine_uses_default_version
=== RUN   TestGetVersionForSetup/codex_engine_uses_default_version
=== RUN   TestGetVersionForSetup/AI_field_used_when_EngineConfig.ID_is_empty
=== RUN   TestGetVersionForSetup/EngineConfig.ID_takes_priority_over_AI_field
=== RUN   TestGetVersionForSetup/custom_engine_returns_empty_string
--- PASS: TestGetVersionForSetup (0.00s)
    --- PASS: TestGetVersionForSetup/nil_data_returns_empty_string (0.00s)
    --- PASS: TestGetVersionForSetup/no_engine_config_returns_empty_string (0.00s)
    --- PASS: TestGetVersionForSetup/explicit_version_in_EngineConfig_takes_priority (0.00s)
    --- PASS: TestGetVersionForSetup/copilot_engine_uses_default_version (0.00s)
    --- PASS: TestGetVersionForSetup/claude_engine_uses_default_version (0.00s)
    --- PASS: TestGetVersionForSetup/codex_engine_uses_default_version (0.00s)
    --- PASS: TestGetVersionForSetup/AI_field_used_when_EngineConfig.ID_is_empty (0.00s)
    --- PASS: TestGetVersionForSetup/EngineConfig.ID_takes_priority_over_AI_field (0.00s)
    --- PASS: TestGetVersionForSetup/custom_engine_returns_empty_string (0.00s)
=== RUN   TestGenerateSetupStepIncludesVersion
=== RUN   TestGenerateSetupStepIncludesVersion/copilot_engine_injects_default_version
=== RUN   TestGenerateSetupStepIncludesVersion/explicit_version_is_injected
=== RUN   TestGenerateSetupStepIncludesVersion/custom_engine_without_version_does_not_inject_GH_AW_INFO_VERSION
--- PASS: TestGenerateSetupStepIncludesVersion (0.00s)
    --- PASS: TestGenerateSetupStepIncludesVersion/copilot_engine_injects_default_version (0.00s)
    --- PASS: TestGenerateSetupStepIncludesVersion/explicit_version_is_injected (0.00s)
    --- PASS: TestGenerateSetupStepIncludesVersion/custom_engine_without_version_does_not_inject_GH_AW_INFO_VERSION (0.00s)
=== RUN   TestGenerateSetupStepIncludesAWFVersion
=== RUN   TestGenerateSetupStepIncludesAWFVersion/firewall_enabled_with_explicit_version
=== RUN   TestGenerateSetupStepIncludesAWFVersion/firewall_enabled_with_default_version
=== RUN   TestGenerateSetupStepIncludesAWFVersion/sandbox_agent_version_overrides_firewall_version
=== RUN   TestGenerateSetupStepIncludesAWFVersion/firewall_disabled_does_not_inject_GH_AW_INFO_AWF_VERSION
--- PASS: TestGenerateSetupStepIncludesAWFVersion (0.00s)
    --- PASS: TestGenerateSetupStepIncludesAWFVersion/firewall_enabled_with_explicit_version (0.00s)
    --- PASS: TestGenerateSetupStepIncludesAWFVersion/firewall_enabled_with_default_version (0.00s)
    --- PASS: TestGenerateSetupStepIncludesAWFVersion/sandbox_agent_version_overrides_firewall_version (0.00s)
    --- PASS: TestGenerateSetupStepIncludesAWFVersion/firewall_disabled_does_not_inject_GH_AW_INFO_AWF_VERSION (0.00s)
=== RUN   TestGenerateSetupStepIncludesParentSpanID
--- PASS: TestGenerateSetupStepIncludesParentSpanID (0.00s)
=== RUN   TestGenerateSetupStepIncludesEngineID
--- PASS: TestGenerateSetupStepIncludesEngineID (0.00s)
=== RUN   TestGenerateSetupStepIncludesEngineIDInScriptModeFromAIField
--- PASS: TestGenerateSetupStepIncludesEngineIDInScriptModeFromAIField (0.00s)
=== RUN   TestGenerateSetupStepIncludesOTLPOIDCMintingBeforeSetup
--- PASS: TestGenerateSetupStepIncludesOTLPOIDCMintingBeforeSetup (0.00s)
=== RUN   TestGenerateSetupStepIncludesOTLPOIDCMintingFromParsedFrontmatter
--- PASS: TestGenerateSetupStepIncludesOTLPOIDCMintingFromParsedFrontmatter (0.00s)
=== RUN   TestGenerateSetupStepIncludesOTLPOIDCTokenInScriptMode
--- PASS: TestGenerateSetupStepIncludesOTLPOIDCTokenInScriptMode (0.00s)
=== RUN   TestShellEscapeArg
=== RUN   TestShellEscapeArg/simple_argument_without_special_characters
=== RUN   TestShellEscapeArg/argument_with_parentheses
=== RUN   TestShellEscapeArg/argument_with_brackets
=== RUN   TestShellEscapeArg/argument_with_spaces
=== RUN   TestShellEscapeArg/argument_with_single_quote
=== RUN   TestShellEscapeArg/argument_with_asterisk
=== RUN   TestShellEscapeArg/argument_with_dollar_sign
=== RUN   TestShellEscapeArg/simple_flag
=== RUN   TestShellEscapeArg/already_double-quoted_argument_is_now_properly_escaped
=== RUN   TestShellEscapeArg/already_single-quoted_argument_is_now_properly_escaped
=== RUN   TestShellEscapeArg/partial_double_quote_should_be_escaped
=== RUN   TestShellEscapeArg/empty_double_quotes_are_now_properly_escaped
=== RUN   TestShellEscapeArg/backslash-b_sequence_should_be_preserved
=== RUN   TestShellEscapeArg/backslash-n_sequence_should_be_preserved
=== RUN   TestShellEscapeArg/backslash-t_sequence_should_be_preserved
=== RUN   TestShellEscapeArg/literal_backslash_should_be_preserved
=== RUN   TestShellEscapeArg/GitHub_Actions_expression_uses_double_quotes
=== RUN   TestShellEscapeArg/simple_GitHub_Actions_expression_uses_double_quotes
=== RUN   TestShellEscapeArg/embedded_GitHub_Actions_expression_uses_double_quotes
=== RUN   TestShellEscapeArg/incomplete_expression_marker_is_treated_as_normal_shell_input
=== RUN   TestShellEscapeArg/empty_expression_body_is_treated_as_normal_shell_input
=== RUN   TestShellEscapeArg/GitHub_Actions_expression_with_embedded_double_quotes_escapes_them
=== RUN   TestShellEscapeArg/JSON_with_$schema_key_and_GitHub_Actions_expression_escapes_bare_dollar
=== RUN   TestShellEscapeArg/GitHub_Actions_expression_preceded_by_bare_dollar_sign_escapes_the_bare_dollar
=== RUN   TestShellEscapeArg/sole_GitHub_Actions_expression_has_no_bare_dollar,_no_extra_escaping_needed
--- PASS: TestShellEscapeArg (0.00s)
    --- PASS: TestShellEscapeArg/simple_argument_without_special_characters (0.00s)
    --- PASS: TestShellEscapeArg/argument_with_parentheses (0.00s)
    --- PASS: TestShellEscapeArg/argument_with_brackets (0.00s)
    --- PASS: TestShellEscapeArg/argument_with_spaces (0.00s)
    --- PASS: TestShellEscapeArg/argument_with_single_quote (0.00s)
    --- PASS: TestShellEscapeArg/argument_with_asterisk (0.00s)
    --- PASS: TestShellEscapeArg/argument_with_dollar_sign (0.00s)
    --- PASS: TestShellEscapeArg/simple_flag (0.00s)
    --- PASS: TestShellEscapeArg/already_double-quoted_argument_is_now_properly_escaped (0.00s)
    --- PASS: TestShellEscapeArg/already_single-quoted_argument_is_now_properly_escaped (0.00s)
    --- PASS: TestShellEscapeArg/partial_double_quote_should_be_escaped (0.00s)
    --- PASS: TestShellEscapeArg/empty_double_quotes_are_now_properly_escaped (0.00s)
    --- PASS: TestShellEscapeArg/backslash-b_sequence_should_be_preserved (0.00s)
    --- PASS: TestShellEscapeArg/backslash-n_sequence_should_be_preserved (0.00s)
    --- PASS: TestShellEscapeArg/backslash-t_sequence_should_be_preserved (0.00s)
    --- PASS: TestShellEscapeArg/literal_backslash_should_be_preserved (0.00s)
    --- PASS: TestShellEscapeArg/GitHub_Actions_expression_uses_double_quotes (0.00s)
    --- PASS: TestShellEscapeArg/simple_GitHub_Actions_expression_uses_double_quotes (0.00s)
    --- PASS: TestShellEscapeArg/embedded_GitHub_Actions_expression_uses_double_quotes (0.00s)
    --- PASS: TestShellEscapeArg/incomplete_expression_marker_is_treated_as_normal_shell_input (0.00s)
    --- PASS: TestShellEscapeArg/empty_expression_body_is_treated_as_normal_shell_input (0.00s)
    --- PASS: TestShellEscapeArg/GitHub_Actions_expression_with_embedded_double_quotes_escapes_them (0.00s)
    --- PASS: TestShellEscapeArg/JSON_with_$schema_key_and_GitHub_Actions_expression_escapes_bare_dollar (0.00s)
    --- PASS: TestShellEscapeArg/GitHub_Actions_expression_preceded_by_bare_dollar_sign_escapes_the_bare_dollar (0.00s)
    --- PASS: TestShellEscapeArg/sole_GitHub_Actions_expression_has_no_bare_dollar,_no_extra_escaping_needed (0.00s)
=== RUN   TestShellJoinArgs
=== RUN   TestShellJoinArgs/simple_arguments
=== RUN   TestShellJoinArgs/arguments_with_special_characters
=== RUN   TestShellJoinArgs/mixed_arguments
=== RUN   TestShellJoinArgs/prompt_with_pre-quoted_instruction_is_now_properly_escaped_by_shellJoinArgs
=== RUN   TestShellJoinArgs/allow-domains_with_GitHub_Actions_expression_uses_double_quotes
--- PASS: TestShellJoinArgs (0.00s)
    --- PASS: TestShellJoinArgs/simple_arguments (0.00s)
    --- PASS: TestShellJoinArgs/arguments_with_special_characters (0.00s)
    --- PASS: TestShellJoinArgs/mixed_arguments (0.00s)
    --- PASS: TestShellJoinArgs/prompt_with_pre-quoted_instruction_is_now_properly_escaped_by_shellJoinArgs (0.00s)
    --- PASS: TestShellJoinArgs/allow-domains_with_GitHub_Actions_expression_uses_double_quotes (0.00s)
=== RUN   TestBuildDockerCommandWithExpandableVars
=== RUN   TestBuildDockerCommandWithExpandableVars/simple_command_without_variables
=== RUN   TestBuildDockerCommandWithExpandableVars/command_with_single_GITHUB_WORKSPACE
=== RUN   TestBuildDockerCommandWithExpandableVars/command_with_GITHUB_WORKSPACE_at_the_start
=== RUN   TestBuildDockerCommandWithExpandableVars/command_with_GITHUB_WORKSPACE_at_the_end
=== RUN   TestBuildDockerCommandWithExpandableVars/command_with_multiple_GITHUB_WORKSPACE_references
=== RUN   TestBuildDockerCommandWithExpandableVars/command_with_GITHUB_WORKSPACE_and_single_quote
=== RUN   TestBuildDockerCommandWithExpandableVars/complex_docker_command
=== RUN   TestBuildDockerCommandWithExpandableVars/command_with_spaces_and_no_variables
=== RUN   TestBuildDockerCommandWithExpandableVars/empty_command
=== RUN   TestBuildDockerCommandWithExpandableVars/injection_attempt_in_GITHUB_WORKSPACE_context
=== RUN   TestBuildDockerCommandWithExpandableVars/multiple_different_variables
=== RUN   TestBuildDockerCommandWithExpandableVars/DOCKER_SOCK_GID_variable
=== RUN   TestBuildDockerCommandWithExpandableVars/mixed_DOCKER_SOCK_GID_and_GITHUB_WORKSPACE
--- PASS: TestBuildDockerCommandWithExpandableVars (0.00s)
    --- PASS: TestBuildDockerCommandWithExpandableVars/simple_command_without_variables (0.00s)
    --- PASS: TestBuildDockerCommandWithExpandableVars/command_with_single_GITHUB_WORKSPACE (0.00s)
    --- PASS: TestBuildDockerCommandWithExpandableVars/command_with_GITHUB_WORKSPACE_at_the_start (0.00s)
    --- PASS: TestBuildDockerCommandWithExpandableVars/command_with_GITHUB_WORKSPACE_at_the_end (0.00s)
    --- PASS: TestBuildDockerCommandWithExpandableVars/command_with_multiple_GITHUB_WORKSPACE_references (0.00s)
    --- PASS: TestBuildDockerCommandWithExpandableVars/command_with_GITHUB_WORKSPACE_and_single_quote (0.00s)
    --- PASS: TestBuildDockerCommandWithExpandableVars/complex_docker_command (0.00s)
    --- PASS: TestBuildDockerCommandWithExpandableVars/command_with_spaces_and_no_variables (0.00s)
    --- PASS: TestBuildDockerCommandWithExpandableVars/empty_command (0.00s)
    --- PASS: TestBuildDockerCommandWithExpandableVars/injection_attempt_in_GITHUB_WORKSPACE_context (0.00s)
    --- PASS: TestBuildDockerCommandWithExpandableVars/multiple_different_variables (0.00s)
    --- PASS: TestBuildDockerCommandWithExpandableVars/DOCKER_SOCK_GID_variable (0.00s)
    --- PASS: TestBuildDockerCommandWithExpandableVars/mixed_DOCKER_SOCK_GID_and_GITHUB_WORKSPACE (0.00s)
=== RUN   TestBuildDockerCommandWithExpandableVars_PreservesVariableExpansion
--- PASS: TestBuildDockerCommandWithExpandableVars_PreservesVariableExpansion (0.00s)
=== RUN   TestBuildDockerCommandWithExpandableVars_UnbracedVariable
--- PASS: TestBuildDockerCommandWithExpandableVars_UnbracedVariable (0.00s)
=== RUN   TestEscapeBareShellDollarSigns
=== RUN   TestEscapeBareShellDollarSigns/empty_string
=== RUN   TestEscapeBareShellDollarSigns/no_dollar_signs
=== RUN   TestEscapeBareShellDollarSigns/bare_dollar_followed_by_identifier
=== RUN   TestEscapeBareShellDollarSigns/dollar_sign_at_end_of_string
=== RUN   TestEscapeBareShellDollarSigns/GitHub_Actions_expression_is_preserved
=== RUN   TestEscapeBareShellDollarSigns/multiple_GitHub_Actions_expressions_are_preserved
=== RUN   TestEscapeBareShellDollarSigns/bare_dollar_mixed_with_GitHub_Actions_expression
=== RUN   TestEscapeBareShellDollarSigns/JSON_$schema_key_alongside_expression
=== RUN   TestEscapeBareShellDollarSigns/dollar_followed_by_single_open_brace_is_escaped
=== RUN   TestEscapeBareShellDollarSigns/dollar_followed_by_${{_is_preserved
--- PASS: TestEscapeBareShellDollarSigns (0.00s)
    --- PASS: TestEscapeBareShellDollarSigns/empty_string (0.00s)
    --- PASS: TestEscapeBareShellDollarSigns/no_dollar_signs (0.00s)
    --- PASS: TestEscapeBareShellDollarSigns/bare_dollar_followed_by_identifier (0.00s)
    --- PASS: TestEscapeBareShellDollarSigns/dollar_sign_at_end_of_string (0.00s)
    --- PASS: TestEscapeBareShellDollarSigns/GitHub_Actions_expression_is_preserved (0.00s)
    --- PASS: TestEscapeBareShellDollarSigns/multiple_GitHub_Actions_expressions_are_preserved (0.00s)
    --- PASS: TestEscapeBareShellDollarSigns/bare_dollar_mixed_with_GitHub_Actions_expression (0.00s)
    --- PASS: TestEscapeBareShellDollarSigns/JSON_$schema_key_alongside_expression (0.00s)
    --- PASS: TestEscapeBareShellDollarSigns/dollar_followed_by_single_open_brace_is_escaped (0.00s)
    --- PASS: TestEscapeBareShellDollarSigns/dollar_followed_by_${{_is_preserved (0.00s)
=== RUN   TestExtractSkipAuthorAssociations
--- PASS: TestExtractSkipAuthorAssociations (0.00s)
=== RUN   TestSkipAuthorAssociationsCompilesToPreActivationIf
/tmp/gh-aw-test-runs/20260704-173215-1254793/skip-author-associations-test170746065/skip-author-associations.md: info: Tip: set permissions.copilot-requests: write to use GitHub Actions token-based inference with the Copilot engine instead of a personal access token (COPILOT_GITHUB_TOKEN). This option requires that your organization has centralized Copilot billing enabled and may not be available in all organizations — see https://github.github.com/gh-aw/reference/billing/ for details.

✓ /tmp/gh-aw-test-runs/20260704-173215-1254793/skip-author-associations-test170746065/skip-author-associations.md (80.6 KB)
--- PASS: TestSkipAuthorAssociationsCompilesToPreActivationIf (0.02s)
=== RUN   TestSkipBotsPreActivationJob
=== RUN   TestSkipBotsPreActivationJob/pre_activation_job_created_with_skip_bots
/tmp/gh-aw-test-runs/20260704-173215-1254793/skip-bots-test4180335373/skip-bots-workflow.md: info: Tip: set permissions.copilot-requests: write to use GitHub Actions token-based inference with the Copilot engine instead of a personal access token (COPILOT_GITHUB_TOKEN). This option requires that your organization has centralized Copilot billing enabled and may not be available in all organizations — see https://github.github.com/gh-aw/reference/billing/ for details.

✓ /tmp/gh-aw-test-runs/20260704-173215-1254793/skip-bots-test4180335373/skip-bots-workflow.md (79.8 KB)
=== RUN   TestSkipBotsPreActivationJob/skip_bots_with_single_user
/tmp/gh-aw-test-runs/20260704-173215-1254793/skip-bots-test4180335373/skip-bots-single.md: info: Tip: set permissions.copilot-requests: write to use GitHub Actions token-based inference with the Copilot engine instead of a personal access token (COPILOT_GITHUB_TOKEN). This option requires that your organization has centralized Copilot billing enabled and may not be available in all organizations — see https://github.github.com/gh-aw/reference/billing/ for details.

✓ /tmp/gh-aw-test-runs/20260704-173215-1254793/skip-bots-test4180335373/skip-bots-single.md (79.6 KB)
=== RUN   TestSkipBotsPreActivationJob/no_skip_bots_no_check_created
/tmp/gh-aw-test-runs/20260704-173215-1254793/skip-bots-test4180335373/no-skip-bots.md: info: Tip: set permissions.copilot-requests: write to use GitHub Actions token-based inference with the Copilot engine instead of a personal access token (COPILOT_GITHUB_TOKEN). This option requires that your organization has centralized Copilot billing enabled and may not be available in all organizations — see https://github.github.com/gh-aw/reference/billing/ for details.

✓ /tmp/gh-aw-test-runs/20260704-173215-1254793/skip-bots-test4180335373/no-skip-bots.md (78.8 KB)
=== RUN   TestSkipBotsPreActivationJob/skip_bots_with_roles_field
/tmp/gh-aw-test-runs/20260704-173215-1254793/skip-bots-test4180335373/skip-bots-with-roles.md: info: Tip: set permissions.copilot-requests: write to use GitHub Actions token-based inference with the Copilot engine instead of a personal access token (COPILOT_GITHUB_TOKEN). This option requires that your organization has centralized Copilot billing enabled and may not be available in all organizations — see https://github.github.com/gh-aw/reference/billing/ for details.

✓ /tmp/gh-aw-test-runs/20260704-173215-1254793/skip-bots-test4180335373/skip-bots-with-roles.md (80.0 KB)
=== RUN   TestSkipBotsPreActivationJob/skip_bots_and_skip_roles_combined
/tmp/gh-aw-test-runs/20260704-173215-1254793/skip-bots-test4180335373/skip-bots-and-roles.md: info: Tip: set permissions.copilot-requests: write to use GitHub Actions token-based inference with the Copilot engine instead of a personal access token (COPILOT_GITHUB_TOKEN). This option requires that your organization has centralized Copilot billing enabled and may not be available in all organizations — see https://github.github.com/gh-aw/reference/billing/ for details.

✓ /tmp/gh-aw-test-runs/20260704-173215-1254793/skip-bots-test4180335373/skip-bots-and-roles.md (80.8 KB)
--- PASS: TestSkipBotsPreActivationJob (0.05s)
    --- PASS: TestSkipBotsPreActivationJob/pre_activation_job_created_with_skip_bots (0.01s)
    --- PASS: TestSkipBotsPreActivationJob/skip_bots_with_single_user (0.01s)
    --- PASS: TestSkipBotsPreActivationJob/no_skip_bots_no_check_created (0.01s)
    --- PASS: TestSkipBotsPreActivationJob/skip_bots_with_roles_field (0.01s)
    --- PASS: TestSkipBotsPreActivationJob/skip_bots_and_skip_roles_combined (0.01s)
=== RUN   TestExtractSkipBots
=== RUN   TestExtractSkipBots/skip-bots_as_array_of_strings
=== RUN   TestExtractSkipBots/skip-bots_as_single_string
=== RUN   TestExtractSkipBots/skip-bots_as_array_of_any
=== RUN   TestExtractSkipBots/no_skip-bots_configured
=== RUN   TestExtractSkipBots/empty_skip-bots_array
=== RUN   TestExtractSkipBots/skip-bots_as_empty_string
=== RUN   TestExtractSkipBots/on_as_string_(no_skip-bots_possible)
=== RUN   TestExtractSkipBots/no_on_section
--- PASS: TestExtractSkipBots (0.00s)
    --- PASS: TestExtractSkipBots/skip-bots_as_array_of_strings (0.00s)
    --- PASS: TestExtractSkipBots/skip-bots_as_single_string (0.00s)
    --- PASS: TestExtractSkipBots/skip-bots_as_array_of_any (0.00s)
    --- PASS: TestExtractSkipBots/no_skip-bots_configured (0.00s)
    --- PASS: TestExtractSkipBots/empty_skip-bots_array (0.00s)
    --- PASS: TestExtractSkipBots/skip-bots_as_empty_string (0.00s)
    --- PASS: TestExtractSkipBots/on_as_string_(no_skip-bots_possible) (0.00s)
    --- PASS: TestExtractSkipBots/no_on_section (0.00s)
=== RUN   TestSkipIfCheckFailingPreActivationJob
=== RUN   TestSkipIfCheckFailingPreActivationJob/pre_activation_job_created_with_skip_if_check_failing_boolean
/tmp/gh-aw-test-runs/20260704-173215-1254793/skip-if-check-failing-test2714205419/skip-if-check-failing-workflow.md: warning: safe update mode detected unapproved changes

New restricted secret(s):
  - ANTHROPIC_API_KEY

Remediation options:
  1. Use the --approve flag to allow the changes.
  2. Revert the unapproved changes.
  3. Use an interactive coding agent to review and approve the changes.

✓ /tmp/gh-aw-test-runs/20260704-173215-1254793/skip-if-check-failing-test2714205419/skip-if-check-failing-workflow.md (84.2 KB)
=== RUN   TestSkipIfCheckFailingPreActivationJob/pre_activation_job_created_with_skip_if_check_failing_object_with_include_and_exclude
/tmp/gh-aw-test-runs/20260704-173215-1254793/skip-if-check-failing-test2714205419/skip-if-check-failing-object-workflow.md: warning: safe update mode detected unapproved changes

New restricted secret(s):
  - ANTHROPIC_API_KEY

Remediation options:
  1. Use the --approve flag to allow the changes.
  2. Revert the unapproved changes.
  3. Use an interactive coding agent to review and approve the changes.

✓ /tmp/gh-aw-test-runs/20260704-173215-1254793/skip-if-check-failing-test2714205419/skip-if-check-failing-object-workflow.md (84.6 KB)
=== RUN   TestSkipIfCheckFailingPreActivationJob/skip_if_check_failing_no_env_vars_when_bare_true
/tmp/gh-aw-test-runs/20260704-173215-1254793/skip-if-check-failing-test2714205419/skip-if-check-failing-bare-workflow.md: warning: safe update mode detected unapproved changes

New restricted secret(s):
  - ANTHROPIC_API_KEY

Remediation options:
  1. Use the --approve flag to allow the changes.
  2. Revert the unapproved changes.
  3. Use an interactive coding agent to review and approve the changes.

✓ /tmp/gh-aw-test-runs/20260704-173215-1254793/skip-if-check-failing-test2714205419/skip-if-check-failing-bare-workflow.md (82.5 KB)
=== RUN   TestSkipIfCheckFailingPreActivationJob/skip_if_check_failing_combined_with_other_gates
/tmp/gh-aw-test-runs/20260704-173215-1254793/skip-if-check-failing-test2714205419/combined-gates-workflow.md: warning: safe update mode detected unapproved changes

New restricted secret(s):
  - ANTHROPIC_API_KEY

Remediation options:
  1. Use the --approve flag to allow the changes.
  2. Revert the unapproved changes.
  3. Use an interactive coding agent to review and approve the changes.

✓ /tmp/gh-aw-test-runs/20260704-173215-1254793/skip-if-check-failing-test2714205419/combined-gates-workflow.md (84.9 KB)
=== RUN   TestSkipIfCheckFailingPreActivationJob/skip_if_check_failing_object_without_branch
/tmp/gh-aw-test-runs/20260704-173215-1254793/skip-if-check-failing-test2714205419/skip-if-check-failing-no-branch.md: warning: safe update mode detected unapproved changes

New restricted secret(s):
  - ANTHROPIC_API_KEY

Remediation options:
  1. Use the --approve flag to allow the changes.
  2. Revert the unapproved changes.
  3. Use an interactive coding agent to review and approve the changes.

✓ /tmp/gh-aw-test-runs/20260704-173215-1254793/skip-if-check-failing-test2714205419/skip-if-check-failing-no-branch.md (84.2 KB)
=== RUN   TestSkipIfCheckFailingPreActivationJob/skip_if_check_failing_null_value_treated_as_true
/tmp/gh-aw-test-runs/20260704-173215-1254793/skip-if-check-failing-test2714205419/skip-if-check-failing-null-workflow.md: warning: safe update mode detected unapproved changes

New restricted secret(s):
  - ANTHROPIC_API_KEY

Remediation options:
  1. Use the --approve flag to allow the changes.
  2. Revert the unapproved changes.
  3. Use an interactive coding agent to review and approve the changes.

✓ /tmp/gh-aw-test-runs/20260704-173215-1254793/skip-if-check-failing-test2714205419/skip-if-check-failing-null-workflow.md (84.3 KB)
=== RUN   TestSkipIfCheckFailingPreActivationJob/skip_if_check_failing_allow_pending_sets_env_var
/tmp/gh-aw-test-runs/20260704-173215-1254793/skip-if-check-failing-test2714205419/skip-if-check-failing-allow-pending.md: warning: safe update mode detected unapproved changes

New restricted secret(s):
  - ANTHROPIC_API_KEY

Remediation options:
  1. Use the --approve flag to allow the changes.
  2. Revert the unapproved changes.
  3. Use an interactive coding agent to review and approve the changes.

✓ /tmp/gh-aw-test-runs/20260704-173215-1254793/skip-if-check-failing-test2714205419/skip-if-check-failing-allow-pending.md (84.4 KB)
--- PASS: TestSkipIfCheckFailingPreActivationJob (0.07s)
    --- PASS: TestSkipIfCheckFailingPreActivationJob/pre_activation_job_created_with_skip_if_check_failing_boolean (0.01s)
    --- PASS: TestSkipIfCheckFailingPreActivationJob/pre_activation_job_created_with_skip_if_check_failing_object_with_include_and_exclude (0.01s)
    --- PASS: TestSkipIfCheckFailingPreActivationJob/skip_if_check_failing_no_env_vars_when_bare_true (0.01s)
    --- PASS: TestSkipIfCheckFailingPreActivationJob/skip_if_check_failing_combined_with_other_gates (0.01s)
    --- PASS: TestSkipIfCheckFailingPreActivationJob/skip_if_check_failing_object_without_branch (0.01s)
    --- PASS: TestSkipIfCheckFailingPreActivationJob/skip_if_check_failing_null_value_treated_as_true (0.01s)
    --- PASS: TestSkipIfCheckFailingPreActivationJob/skip_if_check_failing_allow_pending_sets_env_var (0.01s)
=== RUN   TestSkipIfMatchPreActivationJob
=== RUN   TestSkipIfMatchPreActivationJob/pre_activation_job_created_with_skip_if_match
/tmp/gh-aw-test-runs/20260704-173215-1254793/skip-if-match-test3833949966/skip-if-match-workflow.md: warning: safe update mode detected unapproved changes

New restricted secret(s):
  - ANTHROPIC_API_KEY

Remediation options:
  1. Use the --approve flag to allow the changes.
  2. Revert the unapproved changes.
  3. Use an interactive coding agent to review and approve the changes.

✓ /tmp/gh-aw-test-runs/20260704-173215-1254793/skip-if-match-test3833949966/skip-if-match-workflow.md (82.3 KB)
=== RUN   TestSkipIfMatchPreActivationJob/pre_activation_job_with_multiple_checks
/tmp/gh-aw-test-runs/20260704-173215-1254793/skip-if-match-test3833949966/multiple-checks-workflow.md: warning: safe update mode detected unapproved changes

New restricted secret(s):
  - ANTHROPIC_API_KEY

Remediation options:
  1. Use the --approve flag to allow the changes.
  2. Revert the unapproved changes.
  3. Use an interactive coding agent to review and approve the changes.

✓ /tmp/gh-aw-test-runs/20260704-173215-1254793/skip-if-match-test3833949966/multiple-checks-workflow.md (83.1 KB)
=== RUN   TestSkipIfMatchPreActivationJob/skip_if_match_without_roles
/tmp/gh-aw-test-runs/20260704-173215-1254793/skip-if-match-test3833949966/skip-no-roles-workflow.md: warning: safe update mode detected unapproved changes

New restricted secret(s):
  - ANTHROPIC_API_KEY

Remediation options:
  1. Use the --approve flag to allow the changes.
  2. Revert the unapproved changes.
  3. Use an interactive coding agent to review and approve the changes.

✓ /tmp/gh-aw-test-runs/20260704-173215-1254793/skip-if-match-test3833949966/skip-no-roles-workflow.md (82.3 KB)
=== RUN   TestSkipIfMatchPreActivationJob/skip_if_match_object_format_with_max
/tmp/gh-aw-test-runs/20260704-173215-1254793/skip-if-match-test3833949966/skip-object-format-workflow.md: warning: safe update mode detected unapproved changes

New restricted secret(s):
  - ANTHROPIC_API_KEY

Remediation options:
  1. Use the --approve flag to allow the changes.
  2. Revert the unapproved changes.
  3. Use an interactive coding agent to review and approve the changes.

✓ /tmp/gh-aw-test-runs/20260704-173215-1254793/skip-if-match-test3833949966/skip-object-format-workflow.md (82.4 KB)
=== RUN   TestSkipIfMatchPreActivationJob/skip_if_match_object_format_without_max
/tmp/gh-aw-test-runs/20260704-173215-1254793/skip-if-match-test3833949966/skip-object-no-max-workflow.md: warning: safe update mode detected unapproved changes

New restricted secret(s):
  - ANTHROPIC_API_KEY

Remediation options:
  1. Use the --approve flag to allow the changes.
  2. Revert the unapproved changes.
  3. Use an interactive coding agent to review and approve the changes.

✓ /tmp/gh-aw-test-runs/20260704-173215-1254793/skip-if-match-test3833949966/skip-object-no-max-workflow.md (82.6 KB)
=== RUN   TestSkipIfMatchPreActivationJob/skip_if_match_with_scope_none
/tmp/gh-aw-test-runs/20260704-173215-1254793/skip-if-match-test3833949966/skip-match-scope-none-workflow.md: warning: safe update mode detected unapproved changes

New restricted secret(s):
  - ANTHROPIC_API_KEY

Remediation options:
  1. Use the --approve flag to allow the changes.
  2. Revert the unapproved changes.
  3. Use an interactive coding agent to review and approve the changes.

✓ /tmp/gh-aw-test-runs/20260704-173215-1254793/skip-if-match-test3833949966/skip-match-scope-none-workflow.md (82.7 KB)
=== RUN   TestSkipIfMatchPreActivationJob/skip_if_match_with_github_token
/tmp/gh-aw-test-runs/20260704-173215-1254793/skip-if-match-test3833949966/skip-match-github-token-workflow.md: warning: safe update mode detected unapproved changes

New restricted secret(s):
  - ANTHROPIC_API_KEY
  - CROSS_ORG_TOKEN

Remediation options:
  1. Use the --approve flag to allow the changes.
  2. Revert the unapproved changes.
  3. Use an interactive coding agent to review and approve the changes.

✓ /tmp/gh-aw-test-runs/20260704-173215-1254793/skip-if-match-test3833949966/skip-match-github-token-workflow.md (83.0 KB)
=== RUN   TestSkipIfMatchPreActivationJob/skip_if_match_with_github_app
/tmp/gh-aw-test-runs/20260704-173215-1254793/skip-if-match-test3833949966/skip-match-github-app-workflow.md: warning: safe update mode detected unapproved changes

New restricted secret(s):
  - ANTHROPIC_API_KEY
  - WORKFLOW_APP_ID
  - WORKFLOW_APP_PRIVATE_KEY

Remediation options:
  1. Use the --approve flag to allow the changes.
  2. Revert the unapproved changes.
  3. Use an interactive coding agent to review and approve the changes.

✓ /tmp/gh-aw-test-runs/20260704-173215-1254793/skip-if-match-test3833949966/skip-match-github-app-workflow.md (84.6 KB)
=== RUN   TestSkipIfMatchPreActivationJob/skip_if_match_with_github_app_ignore_if_missing
/tmp/gh-aw-test-runs/20260704-173215-1254793/skip-if-match-test3833949966/skip-match-github-app-ignore-workflow.md: warning: safe update mode detected unapproved changes

New restricted secret(s):
  - ANTHROPIC_API_KEY
  - WORKFLOW_APP_ID
  - WORKFLOW_APP_PRIVATE_KEY

Remediation options:
  1. Use the --approve flag to allow the changes.
  2. Revert the unapproved changes.
  3. Use an interactive coding agent to review and approve the changes.

✓ /tmp/gh-aw-test-runs/20260704-173215-1254793/skip-if-match-test3833949966/skip-match-github-app-ignore-workflow.md (85.4 KB)
=== RUN   TestSkipIfMatchPreActivationJob/skip_if_match_imported_from_shared_on_section
/tmp/gh-aw-test-runs/20260704-173215-1254793/skip-if-match-test3833949966/skip-match-imported-workflow.md: warning: safe update mode detected unapproved changes

New restricted secret(s):
  - ANTHROPIC_API_KEY

Remediation options:
  1. Use the --approve flag to allow the changes.
  2. Revert the unapproved changes.
  3. Use an interactive coding agent to review and approve the changes.

✓ /tmp/gh-aw-test-runs/20260704-173215-1254793/skip-if-match-test3833949966/skip-match-imported-workflow.md (82.5 KB)
--- PASS: TestSkipIfMatchPreActivationJob (0.10s)
    --- PASS: TestSkipIfMatchPreActivationJob/pre_activation_job_created_with_skip_if_match (0.01s)
    --- PASS: TestSkipIfMatchPreActivationJob/pre_activation_job_with_multiple_checks (0.01s)
    --- PASS: TestSkipIfMatchPreActivationJob/skip_if_match_without_roles (0.01s)
    --- PASS: TestSkipIfMatchPreActivationJob/skip_if_match_object_format_with_max (0.01s)
    --- PASS: TestSkipIfMatchPreActivationJob/skip_if_match_object_format_without_max (0.01s)
    --- PASS: TestSkipIfMatchPreActivationJob/skip_if_match_with_scope_none (0.01s)
    --- PASS: TestSkipIfMatchPreActivationJob/skip_if_match_with_github_token (0.01s)
    --- PASS: TestSkipIfMatchPreActivationJob/skip_if_match_with_github_app (0.01s)
    --- PASS: TestSkipIfMatchPreActivationJob/skip_if_match_with_github_app_ignore_if_missing (0.01s)
    --- PASS: TestSkipIfMatchPreActivationJob/skip_if_match_imported_from_shared_on_section (0.01s)
=== RUN   TestSkipIfNoMatchPreActivationJob
=== RUN   TestSkipIfNoMatchPreActivationJob/pre_activation_job_created_with_skip_if_no_match
/tmp/gh-aw-test-runs/20260704-173215-1254793/skip-if-no-match-test1749979301/skip-if-no-match-workflow.md: warning: safe update mode detected unapproved changes

New restricted secret(s):
  - ANTHROPIC_API_KEY

Remediation options:
  1. Use the --approve flag to allow the changes.
  2. Revert the unapproved changes.
  3. Use an interactive coding agent to review and approve the changes.

✓ /tmp/gh-aw-test-runs/20260704-173215-1254793/skip-if-no-match-test1749979301/skip-if-no-match-workflow.md (82.4 KB)
=== RUN   TestSkipIfNoMatchPreActivationJob/pre_activation_job_with_multiple_checks
/tmp/gh-aw-test-runs/20260704-173215-1254793/skip-if-no-match-test1749979301/multiple-checks-workflow.md: warning: safe update mode detected unapproved changes

New restricted secret(s):
  - ANTHROPIC_API_KEY

Remediation options:
  1. Use the --approve flag to allow the changes.
  2. Revert the unapproved changes.
  3. Use an interactive coding agent to review and approve the changes.

✓ /tmp/gh-aw-test-runs/20260704-173215-1254793/skip-if-no-match-test1749979301/multiple-checks-workflow.md (83.3 KB)
=== RUN   TestSkipIfNoMatchPreActivationJob/skip_if_no_match_without_roles
/tmp/gh-aw-test-runs/20260704-173215-1254793/skip-if-no-match-test1749979301/skip-no-match-no-roles-workflow.md: warning: safe update mode detected unapproved changes

New restricted secret(s):
  - ANTHROPIC_API_KEY

Remediation options:
  1. Use the --approve flag to allow the changes.
  2. Revert the unapproved changes.
  3. Use an interactive coding agent to review and approve the changes.

✓ /tmp/gh-aw-test-runs/20260704-173215-1254793/skip-if-no-match-test1749979301/skip-no-match-no-roles-workflow.md (82.6 KB)
=== RUN   TestSkipIfNoMatchPreActivationJob/skip_if_no_match_object_format_with_min
/tmp/gh-aw-test-runs/20260704-173215-1254793/skip-if-no-match-test1749979301/skip-no-match-object-format-workflow.md: warning: safe update mode detected unapproved changes

New restricted secret(s):
  - ANTHROPIC_API_KEY

Remediation options:
  1. Use the --approve flag to allow the changes.
  2. Revert the unapproved changes.
  3. Use an interactive coding agent to review and approve the changes.

✓ /tmp/gh-aw-test-runs/20260704-173215-1254793/skip-if-no-match-test1749979301/skip-no-match-object-format-workflow.md (82.7 KB)
=== RUN   TestSkipIfNoMatchPreActivationJob/skip_if_no_match_object_format_without_min
/tmp/gh-aw-test-runs/20260704-173215-1254793/skip-if-no-match-test1749979301/skip-no-match-object-no-min-workflow.md: warning: safe update mode detected unapproved changes

New restricted secret(s):
  - ANTHROPIC_API_KEY

Remediation options:
  1. Use the --approve flag to allow the changes.
  2. Revert the unapproved changes.
  3. Use an interactive coding agent to review and approve the changes.

✓ /tmp/gh-aw-test-runs/20260704-173215-1254793/skip-if-no-match-test1749979301/skip-no-match-object-no-min-workflow.md (82.7 KB)
=== RUN   TestSkipIfNoMatchPreActivationJob/skip_if_match_and_skip_if_no_match_together
/tmp/gh-aw-test-runs/20260704-173215-1254793/skip-if-no-match-test1749979301/combined-skip-checks-workflow.md: warning: safe update mode detected unapproved changes

New restricted secret(s):
  - ANTHROPIC_API_KEY

Remediation options:
  1. Use the --approve flag to allow the changes.
  2. Revert the unapproved changes.
  3. Use an interactive coding agent to review and approve the changes.

✓ /tmp/gh-aw-test-runs/20260704-173215-1254793/skip-if-no-match-test1749979301/combined-skip-checks-workflow.md (83.3 KB)
=== RUN   TestSkipIfNoMatchPreActivationJob/skip_if_no_match_with_scope_none
/tmp/gh-aw-test-runs/20260704-173215-1254793/skip-if-no-match-test1749979301/skip-no-match-scope-none-workflow.md: warning: safe update mode detected unapproved changes

New restricted secret(s):
  - ANTHROPIC_API_KEY

Remediation options:
  1. Use the --approve flag to allow the changes.
  2. Revert the unapproved changes.
  3. Use an interactive coding agent to review and approve the changes.

✓ /tmp/gh-aw-test-runs/20260704-173215-1254793/skip-if-no-match-test1749979301/skip-no-match-scope-none-workflow.md (82.8 KB)
=== RUN   TestSkipIfNoMatchPreActivationJob/skip_if_no_match_with_github_token
/tmp/gh-aw-test-runs/20260704-173215-1254793/skip-if-no-match-test1749979301/skip-no-match-github-token-workflow.md: warning: safe update mode detected unapproved changes

New restricted secret(s):
  - ANTHROPIC_API_KEY
  - CROSS_ORG_TOKEN

Remediation options:
  1. Use the --approve flag to allow the changes.
  2. Revert the unapproved changes.
  3. Use an interactive coding agent to review and approve the changes.

✓ /tmp/gh-aw-test-runs/20260704-173215-1254793/skip-if-no-match-test1749979301/skip-no-match-github-token-workflow.md (83.2 KB)
=== RUN   TestSkipIfNoMatchPreActivationJob/skip_if_no_match_with_github_app
/tmp/gh-aw-test-runs/20260704-173215-1254793/skip-if-no-match-test1749979301/skip-no-match-github-app-workflow.md: warning: safe update mode detected unapproved changes

New restricted secret(s):
  - ANTHROPIC_API_KEY
  - WORKFLOW_APP_ID
  - WORKFLOW_APP_PRIVATE_KEY

Remediation options:
  1. Use the --approve flag to allow the changes.
  2. Revert the unapproved changes.
  3. Use an interactive coding agent to review and approve the changes.

✓ /tmp/gh-aw-test-runs/20260704-173215-1254793/skip-if-no-match-test1749979301/skip-no-match-github-app-workflow.md (84.7 KB)
=== RUN   TestSkipIfNoMatchPreActivationJob/unified_app_token_step_for_both_skip_checks
/tmp/gh-aw-test-runs/20260704-173215-1254793/skip-if-no-match-test1749979301/unified-app-token-workflow.md: warning: safe update mode detected unapproved changes

New restricted secret(s):
  - ANTHROPIC_API_KEY
  - WORKFLOW_APP_ID
  - WORKFLOW_APP_PRIVATE_KEY

Remediation options:
  1. Use the --approve flag to allow the changes.
  2. Revert the unapproved changes.
  3. Use an interactive coding agent to review and approve the changes.

✓ /tmp/gh-aw-test-runs/20260704-173215-1254793/skip-if-no-match-test1749979301/unified-app-token-workflow.md (85.6 KB)
--- PASS: TestSkipIfNoMatchPreActivationJob (0.10s)
    --- PASS: TestSkipIfNoMatchPreActivationJob/pre_activation_job_created_with_skip_if_no_match (0.01s)
    --- PASS: TestSkipIfNoMatchPreActivationJob/pre_activation_job_with_multiple_checks (0.01s)
    --- PASS: TestSkipIfNoMatchPreActivationJob/skip_if_no_match_without_roles (0.01s)
    --- PASS: TestSkipIfNoMatchPreActivationJob/skip_if_no_match_object_format_with_min (0.01s)
    --- PASS: TestSkipIfNoMatchPreActivationJob/skip_if_no_match_object_format_without_min (0.01s)
    --- PASS: TestSkipIfNoMatchPreActivationJob/skip_if_match_and_skip_if_no_match_together (0.01s)
    --- PASS: TestSkipIfNoMatchPreActivationJob/skip_if_no_match_with_scope_none (0.01s)
    --- PASS: TestSkipIfNoMatchPreActivationJob/skip_if_no_match_with_github_token (0.01s)
    --- PASS: TestSkipIfNoMatchPreActivationJob/skip_if_no_match_with_github_app (0.01s)
    --- PASS: TestSkipIfNoMatchPreActivationJob/unified_app_token_step_for_both_skip_checks (0.01s)
=== RUN   TestSkipRolesPreActivationJob
=== RUN   TestSkipRolesPreActivationJob/pre_activation_job_created_with_skip_roles
/tmp/gh-aw-test-runs/20260704-173215-1254793/skip-roles-test2916490383/skip-roles-workflow.md: info: Tip: set permissions.copilot-requests: write to use GitHub Actions token-based inference with the Copilot engine instead of a personal access token (COPILOT_GITHUB_TOKEN). This option requires that your organization has centralized Copilot billing enabled and may not be available in all organizations — see https://github.github.com/gh-aw/reference/billing/ for details.

✓ /tmp/gh-aw-test-runs/20260704-173215-1254793/skip-roles-test2916490383/skip-roles-workflow.md (79.9 KB)
=== RUN   TestSkipRolesPreActivationJob/skip_roles_with_single_role
/tmp/gh-aw-test-runs/20260704-173215-1254793/skip-roles-test2916490383/skip-roles-single.md: info: Tip: set permissions.copilot-requests: write to use GitHub Actions token-based inference with the Copilot engine instead of a personal access token (COPILOT_GITHUB_TOKEN). This option requires that your organization has centralized Copilot billing enabled and may not be available in all organizations — see https://github.github.com/gh-aw/reference/billing/ for details.

✓ /tmp/gh-aw-test-runs/20260704-173215-1254793/skip-roles-test2916490383/skip-roles-single.md (79.6 KB)
=== RUN   TestSkipRolesPreActivationJob/no_skip_roles_no_check_created
/tmp/gh-aw-test-runs/20260704-173215-1254793/skip-roles-test2916490383/no-skip-roles.md: info: Tip: set permissions.copilot-requests: write to use GitHub Actions token-based inference with the Copilot engine instead of a personal access token (COPILOT_GITHUB_TOKEN). This option requires that your organization has centralized Copilot billing enabled and may not be available in all organizations — see https://github.github.com/gh-aw/reference/billing/ for details.

✓ /tmp/gh-aw-test-runs/20260704-173215-1254793/skip-roles-test2916490383/no-skip-roles.md (78.8 KB)
=== RUN   TestSkipRolesPreActivationJob/skip_roles_with_roles_field
/tmp/gh-aw-test-runs/20260704-173215-1254793/skip-roles-test2916490383/skip-roles-with-roles.md: info: Tip: set permissions.copilot-requests: write to use GitHub Actions token-based inference with the Copilot engine instead of a personal access token (COPILOT_GITHUB_TOKEN). This option requires that your organization has centralized Copilot billing enabled and may not be available in all organizations — see https://github.github.com/gh-aw/reference/billing/ for details.

✓ /tmp/gh-aw-test-runs/20260704-173215-1254793/skip-roles-test2916490383/skip-roles-with-roles.md (80.1 KB)
--- PASS: TestSkipRolesPreActivationJob (0.04s)
    --- PASS: TestSkipRolesPreActivationJob/pre_activation_job_created_with_skip_roles (0.01s)
    --- PASS: TestSkipRolesPreActivationJob/skip_roles_with_single_role (0.01s)
    --- PASS: TestSkipRolesPreActivationJob/no_skip_roles_no_check_created (0.01s)
    --- PASS: TestSkipRolesPreActivationJob/skip_roles_with_roles_field (0.01s)
=== RUN   TestExtractSkipRoles
=== RUN   TestExtractSkipRoles/skip-roles_as_array_of_strings
=== RUN   TestExtractSkipRoles/skip-roles_as_single_string
=== RUN   TestExtractSkipRoles/skip-roles_as_array_of_any
=== RUN   TestExtractSkipRoles/no_skip-roles_configured
=== RUN   TestExtractSkipRoles/empty_skip-roles_array
=== RUN   TestExtractSkipRoles/skip-roles_as_empty_string
=== RUN   TestExtractSkipRoles/on_as_string_(no_skip-roles_possible)
=== RUN   TestExtractSkipRoles/no_on_section
--- PASS: TestExtractSkipRoles (0.00s)
    --- PASS: TestExtractSkipRoles/skip-roles_as_array_of_strings (0.00s)
    --- PASS: TestExtractSkipRoles/skip-roles_as_single_string (0.00s)
    --- PASS: TestExtractSkipRoles/skip-roles_as_array_of_any (0.00s)
    --- PASS: TestExtractSkipRoles/no_skip-roles_configured (0.00s)
    --- PASS: TestExtractSkipRoles/empty_skip-roles_array (0.00s)
    --- PASS: TestExtractSkipRoles/skip-roles_as_empty_string (0.00s)
    --- PASS: TestExtractSkipRoles/on_as_string_(no_skip-roles_possible) (0.00s)
    --- PASS: TestExtractSkipRoles/no_on_section (0.00s)
=== RUN   TestCompileWorkflow_SlashCommandCentralizedStrategy
/tmp/gh-aw-test-runs/20260704-173215-1254793/workflow-centralized-slash-test3920539864/deploy.md: warning: Missing required permissions for GitHub toolsets:
  - issues: read (required by issues)
  - pull-requests: read (required by pull_requests)

To fix this, you can either:

Option 1: Add missing permissions to your workflow frontmatter:
permissions:
  issues: read
  pull-requests: read

See: https://github.com/github/gh-aw/blob/main/docs/src/content/docs/reference/permissions.md

Option 2: Reduce the required toolsets in your workflow:
Remove or adjust toolsets that require these permissions:
  - issues
  - pull_requests

/tmp/gh-aw-test-runs/20260704-173215-1254793/workflow-centralized-slash-test3920539864/deploy.md: info: Tip: set permissions.copilot-requests: write to use GitHub Actions token-based inference with the Copilot engine instead of a personal access token (COPILOT_GITHUB_TOKEN). This option requires that your organization has centralized Copilot billing enabled and may not be available in all organizations — see https://github.github.com/gh-aw/reference/billing/ for details.

✓ /tmp/gh-aw-test-runs/20260704-173215-1254793/workflow-centralized-slash-test3920539864/deploy.md (84.4 KB)
--- PASS: TestCompileWorkflow_SlashCommandCentralizedStrategy (0.01s)
=== RUN   TestCompileWorkflow_SlashCommandCentralizedWithLabelCommand
/tmp/gh-aw-test-runs/20260704-173215-1254793/workflow-centralized-slash-label-test197668884/triage.md: warning: Missing required permissions for GitHub toolsets:
  - issues: read (required by issues)
  - pull-requests: read (required by pull_requests)

To fix this, you can either:

Option 1: Add missing permissions to your workflow frontmatter:
permissions:
  issues: read
  pull-requests: read

See: https://github.com/github/gh-aw/blob/main/docs/src/content/docs/reference/permissions.md

Option 2: Reduce the required toolsets in your workflow:
Remove or adjust toolsets that require these permissions:
  - issues
  - pull_requests

/tmp/gh-aw-test-runs/20260704-173215-1254793/workflow-centralized-slash-label-test197668884/triage.md: info: Tip: set permissions.copilot-requests: write to use GitHub Actions token-based inference with the Copilot engine instead of a personal access token (COPILOT_GITHUB_TOKEN). This option requires that your organization has centralized Copilot billing enabled and may not be available in all organizations — see https://github.github.com/gh-aw/reference/billing/ for details.

✓ /tmp/gh-aw-test-runs/20260704-173215-1254793/workflow-centralized-slash-label-test197668884/triage.md (85.4 KB)
--- PASS: TestCompileWorkflow_SlashCommandCentralizedWithLabelCommand (0.01s)
=== RUN   TestCompileWorkflow_SlashCommandRejectsRequiredDispatchInputs
/tmp/gh-aw-test-runs/20260704-173215-1254793/workflow-centralized-slash-dispatch-inputs-test436916271/scout.md: warning: Missing required permissions for GitHub toolsets:
  - issues: read (required by issues)
  - pull-requests: read (required by pull_requests)

To fix this, you can either:

Option 1: Add missing permissions to your workflow frontmatter:
permissions:
  issues: read
  pull-requests: read

See: https://github.com/github/gh-aw/blob/main/docs/src/content/docs/reference/permissions.md

Option 2: Reduce the required toolsets in your workflow:
Remove or adjust toolsets that require these permissions:
  - issues
  - pull_requests

/tmp/gh-aw-test-runs/20260704-173215-1254793/workflow-centralized-slash-dispatch-inputs-test436916271/scout.md: info: Tip: set permissions.copilot-requests: write to use GitHub Actions token-based inference with the Copilot engine instead of a personal access token (COPILOT_GITHUB_TOKEN). This option requires that your organization has centralized Copilot billing enabled and may not be available in all organizations — see https://github.github.com/gh-aw/reference/billing/ for details.

--- PASS: TestCompileWorkflow_SlashCommandRejectsRequiredDispatchInputs (0.00s)
=== RUN   TestCompileWorkflow_LabelCommandRejectsRequiredDispatchInputs
/tmp/gh-aw-test-runs/20260704-173215-1254793/workflow-label-dispatch-inputs-test1098694947/triage.md: warning: Missing required permissions for GitHub toolsets:
  - issues: read (required by issues)
  - pull-requests: read (required by pull_requests)

To fix this, you can either:

Option 1: Add missing permissions to your workflow frontmatter:
permissions:
  issues: read
  pull-requests: read

See: https://github.com/github/gh-aw/blob/main/docs/src/content/docs/reference/permissions.md

Option 2: Reduce the required toolsets in your workflow:
Remove or adjust toolsets that require these permissions:
  - issues
  - pull_requests

/tmp/gh-aw-test-runs/20260704-173215-1254793/workflow-label-dispatch-inputs-test1098694947/triage.md: info: Tip: set permissions.copilot-requests: write to use GitHub Actions token-based inference with the Copilot engine instead of a personal access token (COPILOT_GITHUB_TOKEN). This option requires that your organization has centralized Copilot billing enabled and may not be available in all organizations — see https://github.github.com/gh-aw/reference/billing/ for details.

--- PASS: TestCompileWorkflow_LabelCommandRejectsRequiredDispatchInputs (0.00s)
=== RUN   TestSlashCommandOutputReferencesPreActivation
/tmp/TestSlashCommandOutputReferencesPreActivation2314900229/001/test-workflow.md: info: Tip: set permissions.copilot-requests: write to use GitHub Actions token-based inference with the Copilot engine instead of a personal access token (COPILOT_GITHUB_TOKEN). This option requires that your organization has centralized Copilot billing enabled and may not be available in all organizations — see https://github.github.com/gh-aw/reference/billing/ for details.

✓ /tmp/TestSlashCommandOutputReferencesPreActivation2314900229/001/test-workflow.md (86.7 KB)
--- PASS: TestSlashCommandOutputReferencesPreActivation (0.03s)
=== RUN   TestParseSlashCommandShorthand
=== RUN   TestParseSlashCommandShorthand/valid_simple_command
=== RUN   TestParseSlashCommandShorthand/valid_command_with_hyphens
=== RUN   TestParseSlashCommandShorthand/valid_command_with_underscores
=== RUN   TestParseSlashCommandShorthand/valid_command_with_numbers
=== RUN   TestParseSlashCommandShorthand/valid_long_command
=== RUN   TestParseSlashCommandShorthand/empty_command_after_slash
=== RUN   TestParseSlashCommandShorthand/not_a_slash_command_-_regular_event
=== RUN   TestParseSlashCommandShorthand/not_a_slash_command_-_schedule
=== RUN   TestParseSlashCommandShorthand/not_a_slash_command_-_cron
=== RUN   TestParseSlashCommandShorthand/not_a_slash_command_-_empty_string
=== RUN   TestParseSlashCommandShorthand/command_with_mixed_case
=== RUN   TestParseSlashCommandShorthand/command_with_dots
=== RUN   TestParseSlashCommandShorthand/command_starting_with_number
--- PASS: TestParseSlashCommandShorthand (0.00s)
    --- PASS: TestParseSlashCommandShorthand/valid_simple_command (0.00s)
    --- PASS: TestParseSlashCommandShorthand/valid_command_with_hyphens (0.00s)
    --- PASS: TestParseSlashCommandShorthand/valid_command_with_underscores (0.00s)
    --- PASS: TestParseSlashCommandShorthand/valid_command_with_numbers (0.00s)
    --- PASS: TestParseSlashCommandShorthand/valid_long_command (0.00s)
    --- PASS: TestParseSlashCommandShorthand/empty_command_after_slash (0.00s)
    --- PASS: TestParseSlashCommandShorthand/not_a_slash_command_-_regular_event (0.00s)
    --- PASS: TestParseSlashCommandShorthand/not_a_slash_command_-_schedule (0.00s)
    --- PASS: TestParseSlashCommandShorthand/not_a_slash_command_-_cron (0.00s)
    --- PASS: TestParseSlashCommandShorthand/not_a_slash_command_-_empty_string (0.00s)
    --- PASS: TestParseSlashCommandShorthand/command_with_mixed_case (0.00s)
    --- PASS: TestParseSlashCommandShorthand/command_with_dots (0.00s)
    --- PASS: TestParseSlashCommandShorthand/command_starting_with_number (0.00s)
=== RUN   TestExpandSlashCommandShorthand
=== RUN   TestExpandSlashCommandShorthand/simple_command
=== RUN   TestExpandSlashCommandShorthand/command_with_hyphens
=== RUN   TestExpandSlashCommandShorthand/command_with_underscores
=== RUN   TestExpandSlashCommandShorthand/command_with_numbers
--- PASS: TestExpandSlashCommandShorthand (0.00s)
    --- PASS: TestExpandSlashCommandShorthand/simple_command (0.00s)
    --- PASS: TestExpandSlashCommandShorthand/command_with_hyphens (0.00s)
    --- PASS: TestExpandSlashCommandShorthand/command_with_underscores (0.00s)
    --- PASS: TestExpandSlashCommandShorthand/command_with_numbers (0.00s)
=== RUN   TestParseSlashCommandShorthandEdgeCases
=== RUN   TestParseSlashCommandShorthandEdgeCases/single_character_command
=== RUN   TestParseSlashCommandShorthandEdgeCases/command_with_spaces_(preserved)
=== RUN   TestParseSlashCommandShorthandEdgeCases/command_with_special_characters
=== RUN   TestParseSlashCommandShorthandEdgeCases/command_with_unicode
=== RUN   TestParseSlashCommandShorthandEdgeCases/multiple_slashes
=== RUN   TestParseSlashCommandShorthandEdgeCases/slash_in_middle_-_not_a_slash_command
--- PASS: TestParseSlashCommandShorthandEdgeCases (0.00s)
    --- PASS: TestParseSlashCommandShorthandEdgeCases/single_character_command (0.00s)
    --- PASS: TestParseSlashCommandShorthandEdgeCases/command_with_spaces_(preserved) (0.00s)
    --- PASS: TestParseSlashCommandShorthandEdgeCases/command_with_special_characters (0.00s)
    --- PASS: TestParseSlashCommandShorthandEdgeCases/command_with_unicode (0.00s)
    --- PASS: TestParseSlashCommandShorthandEdgeCases/multiple_slashes (0.00s)
    --- PASS: TestParseSlashCommandShorthandEdgeCases/slash_in_middle_-_not_a_slash_command (0.00s)
=== RUN   TestParseSlashCommandShorthandWithWhitespace
=== RUN   TestParseSlashCommandShorthandWithWhitespace/leading_whitespace_preserved
=== RUN   TestParseSlashCommandShorthandWithWhitespace/trailing_whitespace_preserved
=== RUN   TestParseSlashCommandShorthandWithWhitespace/tab_character
--- PASS: TestParseSlashCommandShorthandWithWhitespace (0.00s)
    --- PASS: TestParseSlashCommandShorthandWithWhitespace/leading_whitespace_preserved (0.00s)
    --- PASS: TestParseSlashCommandShorthandWithWhitespace/trailing_whitespace_preserved (0.00s)
    --- PASS: TestParseSlashCommandShorthandWithWhitespace/tab_character (0.00s)
=== RUN   TestSourceFieldRendering
=== RUN   TestSourceFieldRendering/source_field_present
/tmp/gh-aw-test-runs/20260704-173215-1254793/source-test3002976330/source_field_present-workflow.md: warning: safe update mode detected unapproved changes

New restricted secret(s):
  - ANTHROPIC_API_KEY

Remediation options:
  1. Use the --approve flag to allow the changes.
  2. Revert the unapproved changes.
  3. Use an interactive coding agent to review and approve the changes.

✓ /tmp/gh-aw-test-runs/20260704-173215-1254793/source-test3002976330/source_field_present-workflow.md (78.9 KB)
=== RUN   TestSourceFieldRendering/source_field_with_branch
/tmp/gh-aw-test-runs/20260704-173215-1254793/source-test3002976330/source_field_with_branch-workflow.md: warning: safe update mode detected unapproved changes

New restricted secret(s):
  - ANTHROPIC_API_KEY

Remediation options:
  1. Use the --approve flag to allow the changes.
  2. Revert the unapproved changes.
  3. Use an interactive coding agent to review and approve the changes.

✓ /tmp/gh-aw-test-runs/20260704-173215-1254793/source-test3002976330/source_field_with_branch-workflow.md (79.0 KB)
=== RUN   TestSourceFieldRendering/no_source_field
/tmp/gh-aw-test-runs/20260704-173215-1254793/source-test3002976330/no_source_field-workflow.md: warning: safe update mode detected unapproved changes

New restricted secret(s):
  - ANTHROPIC_API_KEY

Remediation options:
  1. Use the --approve flag to allow the changes.
  2. Revert the unapproved changes.
  3. Use an interactive coding agent to review and approve the changes.

✓ /tmp/gh-aw-test-runs/20260704-173215-1254793/source-test3002976330/no_source_field-workflow.md (78.0 KB)
=== RUN   TestSourceFieldRendering/source_and_description
/tmp/gh-aw-test-runs/20260704-173215-1254793/source-test3002976330/source_and_description-workflow.md: warning: safe update mode detected unapproved changes

New restricted secret(s):
  - ANTHROPIC_API_KEY

Remediation options:
  1. Use the --approve flag to allow the changes.
  2. Revert the unapproved changes.
  3. Use an interactive coding agent to review and approve the changes.

✓ /tmp/gh-aw-test-runs/20260704-173215-1254793/source-test3002976330/source_and_description-workflow.md (79.0 KB)
--- PASS: TestSourceFieldRendering (0.04s)
    --- PASS: TestSourceFieldRendering/source_field_present (0.01s)
    --- PASS: TestSourceFieldRendering/source_field_with_branch (0.01s)
    --- PASS: TestSourceFieldRendering/no_source_field (0.01s)
    --- PASS: TestSourceFieldRendering/source_and_description (0.01s)
=== RUN   TestSourceFieldExtraction
=== RUN   TestSourceFieldExtraction/source_field_present
=== RUN   TestSourceFieldExtraction/source_field_with_spaces
=== RUN   TestSourceFieldExtraction/source_field_missing
=== RUN   TestSourceFieldExtraction/source_field_wrong_type
--- PASS: TestSourceFieldExtraction (0.00s)
    --- PASS: TestSourceFieldExtraction/source_field_present (0.00s)
    --- PASS: TestSourceFieldExtraction/source_field_with_spaces (0.00s)
    --- PASS: TestSourceFieldExtraction/source_field_missing (0.00s)
    --- PASS: TestSourceFieldExtraction/source_field_wrong_type (0.00s)
=== RUN   TestGenerateCreateAwInfoWithStaged
--- PASS: TestGenerateCreateAwInfoWithStaged (0.00s)
=== RUN   TestStagedFlag
--- PASS: TestStagedFlag (0.00s)
=== RUN   TestStagedFlagDefault
--- PASS: TestStagedFlagDefault (0.00s)
=== RUN   TestStagedFlagFalse
--- PASS: TestStagedFlagFalse (0.00s)
=== RUN   TestStagedFlagForcedByCompiler
--- PASS: TestStagedFlagForcedByCompiler (0.00s)
=== RUN   TestStagedFlagForcedByCompilerWhenUnset
--- PASS: TestStagedFlagForcedByCompilerWhenUnset (0.00s)
=== RUN   TestClaudeEngineWithStagedFlag
--- PASS: TestClaudeEngineWithStagedFlag (0.00s)
=== RUN   TestCodexEngineWithStagedFlag
--- PASS: TestCodexEngineWithStagedFlag (0.00s)
=== RUN   TestStaleCheckInActivationJob
=== RUN   TestStaleCheckInActivationJob/step_present_when_stale-check_not_set_(default)
/tmp/gh-aw-test-runs/20260704-173215-1254793/stale-check-test120516333/test-workflow.md: info: Tip: set permissions.copilot-requests: write to use GitHub Actions token-based inference with the Copilot engine instead of a personal access token (COPILOT_GITHUB_TOKEN). This option requires that your organization has centralized Copilot billing enabled and may not be available in all organizations — see https://github.github.com/gh-aw/reference/billing/ for details.

✓ /tmp/gh-aw-test-runs/20260704-173215-1254793/stale-check-test120516333/test-workflow.md (78.7 KB)
=== RUN   TestStaleCheckInActivationJob/step_absent_when_stale-check:_false
/tmp/gh-aw-test-runs/20260704-173215-1254793/stale-check-test2562164768/test-workflow.md: info: Tip: set permissions.copilot-requests: write to use GitHub Actions token-based inference with the Copilot engine instead of a personal access token (COPILOT_GITHUB_TOKEN). This option requires that your organization has centralized Copilot billing enabled and may not be available in all organizations — see https://github.github.com/gh-aw/reference/billing/ for details.

✓ /tmp/gh-aw-test-runs/20260704-173215-1254793/stale-check-test2562164768/test-workflow.md (78.1 KB)
=== RUN   TestStaleCheckInActivationJob/step_present_when_stale-check:_true_explicitly
/tmp/gh-aw-test-runs/20260704-173215-1254793/stale-check-test3169079076/test-workflow.md: info: Tip: set permissions.copilot-requests: write to use GitHub Actions token-based inference with the Copilot engine instead of a personal access token (COPILOT_GITHUB_TOKEN). This option requires that your organization has centralized Copilot billing enabled and may not be available in all organizations — see https://github.github.com/gh-aw/reference/billing/ for details.

✓ /tmp/gh-aw-test-runs/20260704-173215-1254793/stale-check-test3169079076/test-workflow.md (78.8 KB)
=== RUN   TestStaleCheckInActivationJob/full_mode_when_stale-check:_full
/tmp/gh-aw-test-runs/20260704-173215-1254793/stale-check-test1758130448/test-workflow.md: info: Tip: set permissions.copilot-requests: write to use GitHub Actions token-based inference with the Copilot engine instead of a personal access token (COPILOT_GITHUB_TOKEN). This option requires that your organization has centralized Copilot billing enabled and may not be available in all organizations — see https://github.github.com/gh-aw/reference/billing/ for details.

✓ /tmp/gh-aw-test-runs/20260704-173215-1254793/stale-check-test1758130448/test-workflow.md (78.8 KB)
--- PASS: TestStaleCheckInActivationJob (0.04s)
    --- PASS: TestStaleCheckInActivationJob/step_present_when_stale-check_not_set_(default) (0.01s)
    --- PASS: TestStaleCheckInActivationJob/step_absent_when_stale-check:_false (0.01s)
    --- PASS: TestStaleCheckInActivationJob/step_present_when_stale-check:_true_explicitly (0.01s)
    --- PASS: TestStaleCheckInActivationJob/full_mode_when_stale-check:_full (0.01s)
=== RUN   TestStaleCheckFrontmatterHashParityForPinnedAndUnpinnedSource
=== RUN   TestStaleCheckFrontmatterHashParityForPinnedAndUnpinnedSource/pinned_source_sha
/tmp/gh-aw-test-runs/20260704-173215-1254793/stale-check-hash-parity3633675248/hash-parity.md: info: Tip: set permissions.copilot-requests: write to use GitHub Actions token-based inference with the Copilot engine instead of a personal access token (COPILOT_GITHUB_TOKEN). This option requires that your organization has centralized Copilot billing enabled and may not be available in all organizations — see https://github.github.com/gh-aw/reference/billing/ for details.

✓ /tmp/gh-aw-test-runs/20260704-173215-1254793/stale-check-hash-parity3633675248/hash-parity.md (75.9 KB)
=== RUN   TestStaleCheckFrontmatterHashParityForPinnedAndUnpinnedSource/unpinned_source_ref
/tmp/gh-aw-test-runs/20260704-173215-1254793/stale-check-hash-parity1925039807/hash-parity.md: info: Tip: set permissions.copilot-requests: write to use GitHub Actions token-based inference with the Copilot engine instead of a personal access token (COPILOT_GITHUB_TOKEN). This option requires that your organization has centralized Copilot billing enabled and may not be available in all organizations — see https://github.github.com/gh-aw/reference/billing/ for details.

✓ /tmp/gh-aw-test-runs/20260704-173215-1254793/stale-check-hash-parity1925039807/hash-parity.md (75.7 KB)
--- PASS: TestStaleCheckFrontmatterHashParityForPinnedAndUnpinnedSource (0.02s)
    --- PASS: TestStaleCheckFrontmatterHashParityForPinnedAndUnpinnedSource/pinned_source_sha (0.01s)
    --- PASS: TestStaleCheckFrontmatterHashParityForPinnedAndUnpinnedSource/unpinned_source_ref (0.01s)
=== RUN   TestBodyHashStoredInLockMetadata
/tmp/gh-aw-test-runs/20260704-173215-1254793/body-hash-test3707222264/body-hash.md: info: Tip: set permissions.copilot-requests: write to use GitHub Actions token-based inference with the Copilot engine instead of a personal access token (COPILOT_GITHUB_TOKEN). This option requires that your organization has centralized Copilot billing enabled and may not be available in all organizations — see https://github.github.com/gh-aw/reference/billing/ for details.

✓ /tmp/gh-aw-test-runs/20260704-173215-1254793/body-hash-test3707222264/body-hash.md (78.6 KB)
--- PASS: TestBodyHashStoredInLockMetadata (0.01s)
=== RUN   TestBodyHashChangesWhenBodyChanges
--- PASS: TestBodyHashChangesWhenBodyChanges (0.00s)
=== RUN   TestBodyHashStableWhenFrontmatterChanges
--- PASS: TestBodyHashStableWhenFrontmatterChanges (0.00s)
=== RUN   TestStatusCommentDecouplingCompilation
/tmp/status-comment-test-1879567436/test-status-comment-decoupling.md: info: Tip: set permissions.copilot-requests: write to use GitHub Actions token-based inference with the Copilot engine instead of a personal access token (COPILOT_GITHUB_TOKEN). This option requires that your organization has centralized Copilot billing enabled and may not be available in all organizations — see https://github.github.com/gh-aw/reference/billing/ for details.

✓ /tmp/status-comment-test-1879567436/test-status-comment-decoupling.md (102.5 KB)
/tmp/status-comment-test-1879567436/test-reaction-only.md: info: Tip: set permissions.copilot-requests: write to use GitHub Actions token-based inference with the Copilot engine instead of a personal access token (COPILOT_GITHUB_TOKEN). This option requires that your organization has centralized Copilot billing enabled and may not be available in all organizations — see https://github.github.com/gh-aw/reference/billing/ for details.

✓ /tmp/status-comment-test-1879567436/test-reaction-only.md (102.1 KB)
/tmp/status-comment-test-1879567436/test-explicit-true.md: info: Tip: set permissions.copilot-requests: write to use GitHub Actions token-based inference with the Copilot engine instead of a personal access token (COPILOT_GITHUB_TOKEN). This option requires that your organization has centralized Copilot billing enabled and may not be available in all organizations — see https://github.github.com/gh-aw/reference/billing/ for details.

✓ /tmp/status-comment-test-1879567436/test-explicit-true.md (104.3 KB)
--- PASS: TestStatusCommentDecouplingCompilation (0.04s)
=== RUN   TestStepOrderingValidationCatchesBugs
--- PASS: TestStepOrderingValidationCatchesBugs (0.00s)
=== RUN   TestStepOrderingValidationCatchesUnscannablePaths
--- PASS: TestStepOrderingValidationCatchesUnscannablePaths (0.00s)
=== RUN   TestStepOrderingValidationCatchesMissingRedaction
--- PASS: TestStepOrderingValidationCatchesMissingRedaction (0.00s)
=== RUN   TestStepOrderTracker_ValidateOrdering_NoSteps
--- PASS: TestStepOrderTracker_ValidateOrdering_NoSteps (0.00s)
=== RUN   TestStepOrderTracker_ValidateOrdering_SecretRedactionBeforeUploads
--- PASS: TestStepOrderTracker_ValidateOrdering_SecretRedactionBeforeUploads (0.00s)
=== RUN   TestStepOrderTracker_ValidateOrdering_UploadBeforeSecretRedaction
--- PASS: TestStepOrderTracker_ValidateOrdering_UploadBeforeSecretRedaction (0.00s)
=== RUN   TestStepOrderTracker_ValidateOrdering_NoSecretRedactionWithUploads
--- PASS: TestStepOrderTracker_ValidateOrdering_NoSecretRedactionWithUploads (0.00s)
=== RUN   TestStepOrderTracker_ValidateOrdering_BeforeAgentExecution
--- PASS: TestStepOrderTracker_ValidateOrdering_BeforeAgentExecution (0.00s)
=== RUN   TestIsPathScannedBySecretRedaction_ScannableFiles
=== RUN   TestIsPathScannedBySecretRedaction_ScannableFiles/JSON_file_in_/tmp/gh-aw/
=== RUN   TestIsPathScannedBySecretRedaction_ScannableFiles/TXT_file_in_/tmp/gh-aw/
=== RUN   TestIsPathScannedBySecretRedaction_ScannableFiles/LOG_file_in_/tmp/gh-aw/
=== RUN   TestIsPathScannedBySecretRedaction_ScannableFiles/JSONL_file_in_${RUNNER_TEMP}/gh-aw/
=== RUN   TestIsPathScannedBySecretRedaction_ScannableFiles/Directory_in_/tmp/gh-aw/
=== RUN   TestIsPathScannedBySecretRedaction_ScannableFiles/Subdirectory_in_/tmp/gh-aw/
=== RUN   TestIsPathScannedBySecretRedaction_ScannableFiles/Environment_variable_reference
=== RUN   TestIsPathScannedBySecretRedaction_ScannableFiles/Exclusion_pattern_(proxy-tls_directory)
=== RUN   TestIsPathScannedBySecretRedaction_ScannableFiles/Exclusion_pattern_(file_outside_/tmp/gh-aw/)
--- PASS: TestIsPathScannedBySecretRedaction_ScannableFiles (0.00s)
    --- PASS: TestIsPathScannedBySecretRedaction_ScannableFiles/JSON_file_in_/tmp/gh-aw/ (0.00s)
    --- PASS: TestIsPathScannedBySecretRedaction_ScannableFiles/TXT_file_in_/tmp/gh-aw/ (0.00s)
    --- PASS: TestIsPathScannedBySecretRedaction_ScannableFiles/LOG_file_in_/tmp/gh-aw/ (0.00s)
    --- PASS: TestIsPathScannedBySecretRedaction_ScannableFiles/JSONL_file_in_${RUNNER_TEMP}/gh-aw/ (0.00s)
    --- PASS: TestIsPathScannedBySecretRedaction_ScannableFiles/Directory_in_/tmp/gh-aw/ (0.00s)
    --- PASS: TestIsPathScannedBySecretRedaction_ScannableFiles/Subdirectory_in_/tmp/gh-aw/ (0.00s)
    --- PASS: TestIsPathScannedBySecretRedaction_ScannableFiles/Environment_variable_reference (0.00s)
    --- PASS: TestIsPathScannedBySecretRedaction_ScannableFiles/Exclusion_pattern_(proxy-tls_directory) (0.00s)
    --- PASS: TestIsPathScannedBySecretRedaction_ScannableFiles/Exclusion_pattern_(file_outside_/tmp/gh-aw/) (0.00s)
=== RUN   TestIsPathScannedBySecretRedaction_UnscannableFiles
=== RUN   TestIsPathScannedBySecretRedaction_UnscannableFiles/File_outside_/tmp/gh-aw/
=== RUN   TestIsPathScannedBySecretRedaction_UnscannableFiles/File_in_workspace_root
=== RUN   TestIsPathScannedBySecretRedaction_UnscannableFiles/File_with_wrong_extension_in_/tmp/gh-aw/
=== RUN   TestIsPathScannedBySecretRedaction_UnscannableFiles/Binary_file_in_/tmp/gh-aw/
=== RUN   TestIsPathScannedBySecretRedaction_UnscannableFiles/Wildcard_JSON_under_/tmp/_(not_/tmp/gh-aw/)
=== RUN   TestIsPathScannedBySecretRedaction_UnscannableFiles/Wildcard_log_under_/tmp/_(not_/tmp/gh-aw/)
--- PASS: TestIsPathScannedBySecretRedaction_UnscannableFiles (0.00s)
    --- PASS: TestIsPathScannedBySecretRedaction_UnscannableFiles/File_outside_/tmp/gh-aw/ (0.00s)
    --- PASS: TestIsPathScannedBySecretRedaction_UnscannableFiles/File_in_workspace_root (0.00s)
    --- PASS: TestIsPathScannedBySecretRedaction_UnscannableFiles/File_with_wrong_extension_in_/tmp/gh-aw/ (0.00s)
    --- PASS: TestIsPathScannedBySecretRedaction_UnscannableFiles/Binary_file_in_/tmp/gh-aw/ (0.00s)
    --- PASS: TestIsPathScannedBySecretRedaction_UnscannableFiles/Wildcard_JSON_under_/tmp/_(not_/tmp/gh-aw/) (0.00s)
    --- PASS: TestIsPathScannedBySecretRedaction_UnscannableFiles/Wildcard_log_under_/tmp/_(not_/tmp/gh-aw/) (0.00s)
=== RUN   TestStepOrderTracker_ValidateOrdering_UnscannablePath
--- PASS: TestStepOrderTracker_ValidateOrdering_UnscannablePath (0.00s)
=== RUN   TestStepOrderTracker_ValidateOrdering_MixedScannableAndUnscannable
--- PASS: TestStepOrderTracker_ValidateOrdering_MixedScannableAndUnscannable (0.00s)
=== RUN   TestCompileWorkflow_StepOrderingWithAllThreeTypes
.github/workflows/test-ordering.md: info: Tip: set permissions.copilot-requests: write to use GitHub Actions token-based inference with the Copilot engine instead of a personal access token (COPILOT_GITHUB_TOKEN). This option requires that your organization has centralized Copilot billing enabled and may not be available in all organizations — see https://github.github.com/gh-aw/reference/billing/ for details.

✓ .github/workflows/test-ordering.md (76.7 KB)
--- PASS: TestCompileWorkflow_StepOrderingWithAllThreeTypes (0.01s)
=== RUN   TestWorkflowStep_IsUsesStep
=== RUN   TestWorkflowStep_IsUsesStep/step_with_uses_field
=== RUN   TestWorkflowStep_IsUsesStep/step_with_run_field_only
=== RUN   TestWorkflowStep_IsUsesStep/empty_step
--- PASS: TestWorkflowStep_IsUsesStep (0.00s)
    --- PASS: TestWorkflowStep_IsUsesStep/step_with_uses_field (0.00s)
    --- PASS: TestWorkflowStep_IsUsesStep/step_with_run_field_only (0.00s)
    --- PASS: TestWorkflowStep_IsUsesStep/empty_step (0.00s)
=== RUN   TestWorkflowStep_ToMap
=== RUN   TestWorkflowStep_ToMap/complete_step_with_uses
=== RUN   TestWorkflowStep_ToMap/step_with_run
=== RUN   TestWorkflowStep_ToMap/step_with_all_fields
=== RUN   TestWorkflowStep_ToMap/minimal_step
=== RUN   TestWorkflowStep_ToMap/step_with_string_continue-on-error
--- PASS: TestWorkflowStep_ToMap (0.00s)
    --- PASS: TestWorkflowStep_ToMap/complete_step_with_uses (0.00s)
    --- PASS: TestWorkflowStep_ToMap/step_with_run (0.00s)
    --- PASS: TestWorkflowStep_ToMap/step_with_all_fields (0.00s)
    --- PASS: TestWorkflowStep_ToMap/minimal_step (0.00s)
    --- PASS: TestWorkflowStep_ToMap/step_with_string_continue-on-error (0.00s)
=== RUN   TestMapToStep
=== RUN   TestMapToStep/complete_step_with_uses
=== RUN   TestMapToStep/step_with_run
=== RUN   TestMapToStep/step_with_all_fields
=== RUN   TestMapToStep/nil_step_map
=== RUN   TestMapToStep/empty_step_map
=== RUN   TestMapToStep/step_with_string_continue-on-error
=== RUN   TestMapToStep/step_with_integer_and_bool_env_values
--- PASS: TestMapToStep (0.00s)
    --- PASS: TestMapToStep/complete_step_with_uses (0.00s)
    --- PASS: TestMapToStep/step_with_run (0.00s)
    --- PASS: TestMapToStep/step_with_all_fields (0.00s)
    --- PASS: TestMapToStep/nil_step_map (0.00s)
    --- PASS: TestMapToStep/empty_step_map (0.00s)
    --- PASS: TestMapToStep/step_with_string_continue-on-error (0.00s)
    --- PASS: TestMapToStep/step_with_integer_and_bool_env_values (0.00s)
=== RUN   TestWorkflowStep_Clone
--- PASS: TestWorkflowStep_Clone (0.00s)
=== RUN   TestMapToStep_RoundTrip
--- PASS: TestMapToStep_RoundTrip (0.00s)
=== RUN   TestSliceToSteps
=== RUN   TestSliceToSteps/nil_slice
=== RUN   TestSliceToSteps/empty_slice
=== RUN   TestSliceToSteps/single_uses_step
=== RUN   TestSliceToSteps/multiple_mixed_steps
=== RUN   TestSliceToSteps/invalid_step_type
--- PASS: TestSliceToSteps (0.00s)
    --- PASS: TestSliceToSteps/nil_slice (0.00s)
    --- PASS: TestSliceToSteps/empty_slice (0.00s)
    --- PASS: TestSliceToSteps/single_uses_step (0.00s)
    --- PASS: TestSliceToSteps/multiple_mixed_steps (0.00s)
    --- PASS: TestSliceToSteps/invalid_step_type (0.00s)
=== RUN   TestStepsToSlice
=== RUN   TestStepsToSlice/nil_slice
=== RUN   TestStepsToSlice/empty_slice
=== RUN   TestStepsToSlice/single_uses_step
=== RUN   TestStepsToSlice/multiple_mixed_steps
--- PASS: TestStepsToSlice (0.00s)
    --- PASS: TestStepsToSlice/nil_slice (0.00s)
    --- PASS: TestStepsToSlice/empty_slice (0.00s)
    --- PASS: TestStepsToSlice/single_uses_step (0.00s)
    --- PASS: TestStepsToSlice/multiple_mixed_steps (0.00s)
=== RUN   TestSliceToSteps_RoundTrip
--- PASS: TestSliceToSteps_RoundTrip (0.00s)
=== RUN   TestMapToStep_InvalidTypes
=== RUN   TestMapToStep_InvalidTypes/timeout-minutes_as_string
=== RUN   TestMapToStep_InvalidTypes/continue-on-error_as_string_expression
=== RUN   TestMapToStep_InvalidTypes/env_with_non-string_values
=== RUN   TestMapToStep_InvalidTypes/with_as_non-map
--- PASS: TestMapToStep_InvalidTypes (0.00s)
    --- PASS: TestMapToStep_InvalidTypes/timeout-minutes_as_string (0.00s)
    --- PASS: TestMapToStep_InvalidTypes/continue-on-error_as_string_expression (0.00s)
    --- PASS: TestMapToStep_InvalidTypes/env_with_non-string_values (0.00s)
    --- PASS: TestMapToStep_InvalidTypes/with_as_non-map (0.00s)
=== RUN   TestClone_DeepNestedMaps
--- PASS: TestClone_DeepNestedMaps (0.00s)
=== RUN   TestSliceToSteps_MixedValidInvalid
=== RUN   TestSliceToSteps_MixedValidInvalid/invalid_step_type_in_middle
=== RUN   TestSliceToSteps_MixedValidInvalid/all_valid_steps
=== RUN   TestSliceToSteps_MixedValidInvalid/empty_map_as_step
--- PASS: TestSliceToSteps_MixedValidInvalid (0.00s)
    --- PASS: TestSliceToSteps_MixedValidInvalid/invalid_step_type_in_middle (0.00s)
    --- PASS: TestSliceToSteps_MixedValidInvalid/all_valid_steps (0.00s)
    --- PASS: TestSliceToSteps_MixedValidInvalid/empty_map_as_step (0.00s)
=== RUN   TestExtractStopTimeFromLockFile
=== RUN   TestExtractStopTimeFromLockFile/valid_stop-time_in_GH_AW_STOP_TIME_format
=== RUN   TestExtractStopTimeFromLockFile/no_stop-time_in_lock_file
=== RUN   TestExtractStopTimeFromLockFile/GH_AW_STOP_TIME_with_extra_whitespace
=== RUN   TestExtractStopTimeFromLockFile/GH_AW_STOP_TIME_quoted_(new_format)
=== RUN   TestExtractStopTimeFromLockFile/non-existent_file
--- PASS: TestExtractStopTimeFromLockFile (0.00s)
    --- PASS: TestExtractStopTimeFromLockFile/valid_stop-time_in_GH_AW_STOP_TIME_format (0.00s)
    --- PASS: TestExtractStopTimeFromLockFile/no_stop-time_in_lock_file (0.00s)
    --- PASS: TestExtractStopTimeFromLockFile/GH_AW_STOP_TIME_with_extra_whitespace (0.00s)
    --- PASS: TestExtractStopTimeFromLockFile/GH_AW_STOP_TIME_quoted_(new_format) (0.00s)
    --- PASS: TestExtractStopTimeFromLockFile/non-existent_file (0.00s)
=== RUN   TestResolveStopTimeRejectsMinutes
=== RUN   TestResolveStopTimeRejectsMinutes/reject_minutes_only
=== RUN   TestResolveStopTimeRejectsMinutes/reject_days_hours_and_minutes
=== RUN   TestResolveStopTimeRejectsMinutes/reject_complex_with_minutes
=== RUN   TestResolveStopTimeRejectsMinutes/reject_only_minutes_at_end
=== RUN   TestResolveStopTimeRejectsMinutes/reject_90_minutes
--- PASS: TestResolveStopTimeRejectsMinutes (0.00s)
    --- PASS: TestResolveStopTimeRejectsMinutes/reject_minutes_only (0.00s)
    --- PASS: TestResolveStopTimeRejectsMinutes/reject_days_hours_and_minutes (0.00s)
    --- PASS: TestResolveStopTimeRejectsMinutes/reject_complex_with_minutes (0.00s)
    --- PASS: TestResolveStopTimeRejectsMinutes/reject_only_minutes_at_end (0.00s)
    --- PASS: TestResolveStopTimeRejectsMinutes/reject_90_minutes (0.00s)
=== RUN   TestRefreshStopTimeBehavior
=== RUN   TestRefreshStopTimeBehavior/default_behavior_preserves_stop_time
=== RUN   TestRefreshStopTimeBehavior/refresh_flag_generates_new_stop_time
=== RUN   TestRefreshStopTimeBehavior/first_compilation_generates_new_stop_time
--- PASS: TestRefreshStopTimeBehavior (0.00s)
    --- PASS: TestRefreshStopTimeBehavior/default_behavior_preserves_stop_time (0.00s)
    --- PASS: TestRefreshStopTimeBehavior/refresh_flag_generates_new_stop_time (0.00s)
    --- PASS: TestRefreshStopTimeBehavior/first_compilation_generates_new_stop_time (0.00s)
=== RUN   TestPreActivationJob
=== RUN   TestPreActivationJob/pre_activation_job_created_with_stop_after
/tmp/gh-aw-test-runs/20260704-173215-1254793/pre-activation-job-test1531010624/stop-time-workflow.md: warning: safe update mode detected unapproved changes

New restricted secret(s):
  - ANTHROPIC_API_KEY

Remediation options:
  1. Use the --approve flag to allow the changes.
  2. Revert the unapproved changes.
  3. Use an interactive coding agent to review and approve the changes.

✓ /tmp/gh-aw-test-runs/20260704-173215-1254793/pre-activation-job-test1531010624/stop-time-workflow.md (82.1 KB)
=== RUN   TestPreActivationJob/no_pre_activation_job_without_stop_after_or_roles
/tmp/gh-aw-test-runs/20260704-173215-1254793/pre-activation-job-test1531010624/normal-workflow.md: warning: safe update mode detected unapproved changes

New restricted secret(s):
  - ANTHROPIC_API_KEY

Remediation options:
  1. Use the --approve flag to allow the changes.
  2. Revert the unapproved changes.
  3. Use an interactive coding agent to review and approve the changes.

✓ /tmp/gh-aw-test-runs/20260704-173215-1254793/pre-activation-job-test1531010624/normal-workflow.md (78.9 KB)
=== RUN   TestPreActivationJob/pre_activation_job_with_membership_check
/tmp/gh-aw-test-runs/20260704-173215-1254793/pre-activation-job-test1531010624/membership-workflow.md: warning: safe update mode detected unapproved changes

New restricted secret(s):
  - ANTHROPIC_API_KEY

Remediation options:
  1. Use the --approve flag to allow the changes.
  2. Revert the unapproved changes.
  3. Use an interactive coding agent to review and approve the changes.

✓ /tmp/gh-aw-test-runs/20260704-173215-1254793/pre-activation-job-test1531010624/membership-workflow.md (83.0 KB)
=== RUN   TestPreActivationJob/pre_activation_job_with_both_membership_and_stop_time
/tmp/gh-aw-test-runs/20260704-173215-1254793/pre-activation-job-test1531010624/both-checks-workflow.md: warning: safe update mode detected unapproved changes

New restricted secret(s):
  - ANTHROPIC_API_KEY

Remediation options:
  1. Use the --approve flag to allow the changes.
  2. Revert the unapproved changes.
  3. Use an interactive coding agent to review and approve the changes.

✓ /tmp/gh-aw-test-runs/20260704-173215-1254793/pre-activation-job-test1531010624/both-checks-workflow.md (83.6 KB)
--- PASS: TestPreActivationJob (0.04s)
    --- PASS: TestPreActivationJob/pre_activation_job_created_with_stop_after (0.01s)
    --- PASS: TestPreActivationJob/no_pre_activation_job_without_stop_after_or_roles (0.01s)
    --- PASS: TestPreActivationJob/pre_activation_job_with_membership_check (0.01s)
    --- PASS: TestPreActivationJob/pre_activation_job_with_both_membership_and_stop_time (0.01s)
=== RUN   TestValidateStrictFirewall_LLMGatewaySupport
=== RUN   TestValidateStrictFirewall_LLMGatewaySupport/codex_engine_allows_truly_custom_domains_in_strict_mode
=== RUN   TestValidateStrictFirewall_LLMGatewaySupport/copilot_engine_allows_truly_custom_domains_in_strict_mode
=== RUN   TestValidateStrictFirewall_LLMGatewaySupport/copilot_engine_allows_defaults_in_strict_mode
=== RUN   TestValidateStrictFirewall_LLMGatewaySupport/copilot_engine_allows_known_ecosystems_in_strict_mode
=== RUN   TestValidateStrictFirewall_LLMGatewaySupport/copilot_engine_allows_domains_from_known_ecosystems_with_informational_ecosystem_guidance_in_strict_mode
ℹ recommend using ecosystem identifiers instead of individual domain names for better maintainability: 'pypi.org' → 'python', 'registry.npmjs.org' → 'node'
=== RUN   TestValidateStrictFirewall_LLMGatewaySupport/codex_engine_also_allows_known_ecosystems
=== RUN   TestValidateStrictFirewall_LLMGatewaySupport/codex_engine_allows_domains_from_known_ecosystems_with_informational_ecosystem_guidance
ℹ recommend using ecosystem identifiers instead of individual domain names for better maintainability: 'pypi.org' → 'python', 'registry.npmjs.org' → 'node'
=== RUN   TestValidateStrictFirewall_LLMGatewaySupport/copilot_engine_allows_mixed_ecosystems_and_truly_custom_domains_in_strict_mode
=== RUN   TestValidateStrictFirewall_LLMGatewaySupport/claude_engine_allows_truly_custom_domains_in_strict_mode
=== RUN   TestValidateStrictFirewall_LLMGatewaySupport/copilot_engine_requires_sandbox.agent_to_be_enabled_in_strict_mode
=== RUN   TestValidateStrictFirewall_LLMGatewaySupport/codex_engine_rejects_sandbox.agent:_false_in_strict_mode
=== RUN   TestValidateStrictFirewall_LLMGatewaySupport/strict_mode_disabled_allows_custom_domains_for_any_engine
=== RUN   TestValidateStrictFirewall_LLMGatewaySupport/copilot_engine_with_wildcard_allows_bypass_without_LLM_gateway_check
--- PASS: TestValidateStrictFirewall_LLMGatewaySupport (0.01s)
    --- PASS: TestValidateStrictFirewall_LLMGatewaySupport/codex_engine_allows_truly_custom_domains_in_strict_mode (0.00s)
    --- PASS: TestValidateStrictFirewall_LLMGatewaySupport/copilot_engine_allows_truly_custom_domains_in_strict_mode (0.00s)
    --- PASS: TestValidateStrictFirewall_LLMGatewaySupport/copilot_engine_allows_defaults_in_strict_mode (0.00s)
    --- PASS: TestValidateStrictFirewall_LLMGatewaySupport/copilot_engine_allows_known_ecosystems_in_strict_mode (0.00s)
    --- PASS: TestValidateStrictFirewall_LLMGatewaySupport/copilot_engine_allows_domains_from_known_ecosystems_with_informational_ecosystem_guidance_in_strict_mode (0.00s)
    --- PASS: TestValidateStrictFirewall_LLMGatewaySupport/codex_engine_also_allows_known_ecosystems (0.00s)
    --- PASS: TestValidateStrictFirewall_LLMGatewaySupport/codex_engine_allows_domains_from_known_ecosystems_with_informational_ecosystem_guidance (0.00s)
    --- PASS: TestValidateStrictFirewall_LLMGatewaySupport/copilot_engine_allows_mixed_ecosystems_and_truly_custom_domains_in_strict_mode (0.00s)
    --- PASS: TestValidateStrictFirewall_LLMGatewaySupport/claude_engine_allows_truly_custom_domains_in_strict_mode (0.00s)
    --- PASS: TestValidateStrictFirewall_LLMGatewaySupport/copilot_engine_requires_sandbox.agent_to_be_enabled_in_strict_mode (0.00s)
    --- PASS: TestValidateStrictFirewall_LLMGatewaySupport/codex_engine_rejects_sandbox.agent:_false_in_strict_mode (0.00s)
    --- PASS: TestValidateStrictFirewall_LLMGatewaySupport/strict_mode_disabled_allows_custom_domains_for_any_engine (0.00s)
    --- PASS: TestValidateStrictFirewall_LLMGatewaySupport/copilot_engine_with_wildcard_allows_bypass_without_LLM_gateway_check (0.00s)
=== RUN   TestValidateStrictFirewall_EcosystemSuggestions
=== RUN   TestValidateStrictFirewall_EcosystemSuggestions/prints_informational_ecosystem_suggestion_when_individual_domain_from_ecosystem_is_used
=== RUN   TestValidateStrictFirewall_EcosystemSuggestions/prints_informational_ecosystem_suggestion_without_strict_mode_warning_prefix
=== RUN   TestValidateStrictFirewall_EcosystemSuggestions/prints_informational_ecosystem_suggestion_for_multiple_domains_from_same_ecosystem
ℹ recommend using ecosystem identifiers instead of individual domain names for better maintainability: 'npmjs.org' → 'node', 'registry.npmjs.com' → 'node'
=== RUN   TestValidateStrictFirewall_EcosystemSuggestions/prints_informational_ecosystem_suggestion_for_domains_from_different_ecosystems
ℹ recommend using ecosystem identifiers instead of individual domain names for better maintainability: 'pypi.org' → 'python', 'npmjs.org' → 'node'
=== RUN   TestValidateStrictFirewall_EcosystemSuggestions/truly_custom_domains_are_allowed_without_errors_or_warnings
=== RUN   TestValidateStrictFirewall_EcosystemSuggestions/mixed_custom_and_ecosystem_domains_print_informational_guidance_without_warning_count
ℹ recommend using ecosystem identifiers instead of individual domain names for better maintainability: 'pypi.org' → 'python'
=== RUN   TestValidateStrictFirewall_EcosystemSuggestions/allows_ecosystem_identifiers_without_warnings
--- PASS: TestValidateStrictFirewall_EcosystemSuggestions (0.01s)
    --- PASS: TestValidateStrictFirewall_EcosystemSuggestions/prints_informational_ecosystem_suggestion_when_individual_domain_from_ecosystem_is_used (0.00s)
    --- PASS: TestValidateStrictFirewall_EcosystemSuggestions/prints_informational_ecosystem_suggestion_without_strict_mode_warning_prefix (0.00s)
    --- PASS: TestValidateStrictFirewall_EcosystemSuggestions/prints_informational_ecosystem_suggestion_for_multiple_domains_from_same_ecosystem (0.00s)
    --- PASS: TestValidateStrictFirewall_EcosystemSuggestions/prints_informational_ecosystem_suggestion_for_domains_from_different_ecosystems (0.00s)
    --- PASS: TestValidateStrictFirewall_EcosystemSuggestions/truly_custom_domains_are_allowed_without_errors_or_warnings (0.00s)
    --- PASS: TestValidateStrictFirewall_EcosystemSuggestions/mixed_custom_and_ecosystem_domains_print_informational_guidance_without_warning_count (0.00s)
    --- PASS: TestValidateStrictFirewall_EcosystemSuggestions/allows_ecosystem_identifiers_without_warnings (0.00s)
=== RUN   TestValidateStrictFirewall_CustomDomainBehavior
=== RUN   TestValidateStrictFirewall_CustomDomainBehavior/truly_custom_domain_is_allowed_in_strict_mode
=== RUN   TestValidateStrictFirewall_CustomDomainBehavior/multiple_truly_custom_domains_are_allowed_in_strict_mode
=== RUN   TestValidateStrictFirewall_CustomDomainBehavior/ecosystem_identifier_with_custom_domains_are_allowed
=== RUN   TestValidateStrictFirewall_CustomDomainBehavior/ecosystem_domain_with_custom_domains_prints_informational_guidance_without_warning_count
ℹ recommend using ecosystem identifiers instead of individual domain names for better maintainability: 'pypi.org' → 'python'
=== RUN   TestValidateStrictFirewall_CustomDomainBehavior/defaults_with_custom_domains_are_allowed_without_warnings
--- PASS: TestValidateStrictFirewall_CustomDomainBehavior (0.01s)
    --- PASS: TestValidateStrictFirewall_CustomDomainBehavior/truly_custom_domain_is_allowed_in_strict_mode (0.00s)
    --- PASS: TestValidateStrictFirewall_CustomDomainBehavior/multiple_truly_custom_domains_are_allowed_in_strict_mode (0.00s)
    --- PASS: TestValidateStrictFirewall_CustomDomainBehavior/ecosystem_identifier_with_custom_domains_are_allowed (0.00s)
    --- PASS: TestValidateStrictFirewall_CustomDomainBehavior/ecosystem_domain_with_custom_domains_prints_informational_guidance_without_warning_count (0.00s)
    --- PASS: TestValidateStrictFirewall_CustomDomainBehavior/defaults_with_custom_domains_are_allowed_without_warnings (0.00s)
=== RUN   TestValidateStrictSandboxCustomization
=== RUN   TestValidateStrictSandboxCustomization/nil_sandbox_config_is_allowed
=== RUN   TestValidateStrictSandboxCustomization/basic_awf_sandbox_without_customization_is_allowed
=== RUN   TestValidateStrictSandboxCustomization/sandbox.agent.command_is_rejected
=== RUN   TestValidateStrictSandboxCustomization/sandbox.agent.args_is_rejected
=== RUN   TestValidateStrictSandboxCustomization/sandbox.agent.env_is_rejected
=== RUN   TestValidateStrictSandboxCustomization/sandbox.mcp.container_is_rejected
=== RUN   TestValidateStrictSandboxCustomization/sandbox.mcp.version_is_rejected
=== RUN   TestValidateStrictSandboxCustomization/sandbox.mcp.entrypoint_is_rejected
=== RUN   TestValidateStrictSandboxCustomization/sandbox.mcp.args_is_rejected
=== RUN   TestValidateStrictSandboxCustomization/sandbox.mcp.entrypointArgs_is_rejected
=== RUN   TestValidateStrictSandboxCustomization/sandbox.mcp_with_only_allowed_fields_is_permitted
=== RUN   TestValidateStrictSandboxCustomization/sandbox.agent.mounts_is_allowed_(not_an_internal_field)
=== RUN   TestValidateStrictSandboxCustomization/sandbox.agent_without_id_is_allowed_in_strict_mode_(defaults_to_awf)
=== RUN   TestValidateStrictSandboxCustomization/empty_sandbox.agent_is_allowed_in_strict_mode_(defaults_to_awf)
=== RUN   TestValidateStrictSandboxCustomization/disabled_sandbox.agent_is_not_rejected_here_(handled_by_validateStrictFirewall)
--- PASS: TestValidateStrictSandboxCustomization (0.01s)
    --- PASS: TestValidateStrictSandboxCustomization/nil_sandbox_config_is_allowed (0.00s)
    --- PASS: TestValidateStrictSandboxCustomization/basic_awf_sandbox_without_customization_is_allowed (0.00s)
    --- PASS: TestValidateStrictSandboxCustomization/sandbox.agent.command_is_rejected (0.00s)
    --- PASS: TestValidateStrictSandboxCustomization/sandbox.agent.args_is_rejected (0.00s)
    --- PASS: TestValidateStrictSandboxCustomization/sandbox.agent.env_is_rejected (0.00s)
    --- PASS: TestValidateStrictSandboxCustomization/sandbox.mcp.container_is_rejected (0.00s)
    --- PASS: TestValidateStrictSandboxCustomization/sandbox.mcp.version_is_rejected (0.00s)
    --- PASS: TestValidateStrictSandboxCustomization/sandbox.mcp.entrypoint_is_rejected (0.00s)
    --- PASS: TestValidateStrictSandboxCustomization/sandbox.mcp.args_is_rejected (0.00s)
    --- PASS: TestValidateStrictSandboxCustomization/sandbox.mcp.entrypointArgs_is_rejected (0.00s)
    --- PASS: TestValidateStrictSandboxCustomization/sandbox.mcp_with_only_allowed_fields_is_permitted (0.00s)
    --- PASS: TestValidateStrictSandboxCustomization/sandbox.agent.mounts_is_allowed_(not_an_internal_field) (0.00s)
    --- PASS: TestValidateStrictSandboxCustomization/sandbox.agent_without_id_is_allowed_in_strict_mode_(defaults_to_awf) (0.00s)
    --- PASS: TestValidateStrictSandboxCustomization/empty_sandbox.agent_is_allowed_in_strict_mode_(defaults_to_awf) (0.00s)
    --- PASS: TestValidateStrictSandboxCustomization/disabled_sandbox.agent_is_not_rejected_here_(handled_by_validateStrictFirewall) (0.00s)
=== RUN   TestValidateStrictSandboxCustomizationNonStrictMode
--- PASS: TestValidateStrictSandboxCustomizationNonStrictMode (0.00s)
=== RUN   TestValidateStrictSandboxCustomizationSetsAWFDefault
=== RUN   TestValidateStrictSandboxCustomizationSetsAWFDefault/version-only_agent_gets_AWF_type
=== RUN   TestValidateStrictSandboxCustomizationSetsAWFDefault/empty_agent_gets_AWF_type
--- PASS: TestValidateStrictSandboxCustomizationSetsAWFDefault (0.00s)
    --- PASS: TestValidateStrictSandboxCustomizationSetsAWFDefault/version-only_agent_gets_AWF_type (0.00s)
    --- PASS: TestValidateStrictSandboxCustomizationSetsAWFDefault/empty_agent_gets_AWF_type (0.00s)
=== RUN   TestValidateStepsSecrets
=== RUN   TestValidateStepsSecrets/no_steps_section_is_allowed
=== RUN   TestValidateStepsSecrets/steps_without_secrets_is_allowed
=== RUN   TestValidateStepsSecrets/steps_with_GITHUB_TOKEN_are_allowed_(built-in_token_is_exempt)
=== RUN   TestValidateStepsSecrets/post-steps_without_secrets_is_allowed
=== RUN   TestValidateStepsSecrets/pre-agent-steps_without_secrets_is_allowed
=== RUN   TestValidateStepsSecrets/steps_with_secret_in_run_field_in_strict_mode_fails
=== RUN   TestValidateStepsSecrets/steps_with_secret_in_env_field_only_in_strict_mode_is_allowed
=== RUN   TestValidateStepsSecrets/steps_with_secret_in_with_field_for_uses_action_step_in_strict_mode_is_allowed
=== RUN   TestValidateStepsSecrets/steps_with_secret_in_with_field_without_uses_in_strict_mode_fails
=== RUN   TestValidateStepsSecrets/vault-style_action_with_multiple_secrets_in_with_is_allowed_in_strict_mode
=== RUN   TestValidateStepsSecrets/post-steps_with_secret_in_strict_mode_fails
=== RUN   TestValidateStepsSecrets/pre-agent-steps_with_secret_in_strict_mode_fails
=== RUN   TestValidateStepsSecrets/steps_with_secret_in_non-strict_mode_emits_warning_but_no_error
⚠ Warning: secrets expressions detected in 'steps' section may be leaked to the agent job. Found: ${{ secrets.API_KEY }}. Consider moving operations requiring secrets to a separate job outside the agent job.
=== RUN   TestValidateStepsSecrets/post-steps_with_secret_in_non-strict_mode_emits_warning_but_no_error
⚠ Warning: secrets expressions detected in 'post-steps' section may be leaked to the agent job. Found: ${{ secrets.SLACK_TOKEN }}. Consider moving operations requiring secrets to a separate job outside the agent job.
=== RUN   TestValidateStepsSecrets/steps_section_that_is_not_a_list_is_skipped
=== RUN   TestValidateStepsSecrets/multiple_secrets_in_env_bindings_only_are_allowed_in_strict_mode
=== RUN   TestValidateStepsSecrets/secrets_in_both_env_and_run_fields_in_strict_mode_fails_for_run_only
=== RUN   TestValidateStepsSecrets/secrets_in_env_only_across_multiple_steps_are_allowed_in_strict_mode
=== RUN   TestValidateStepsSecrets/post-steps_with_secret_in_env_only_is_allowed_in_strict_mode
=== RUN   TestValidateStepsSecrets/pre-steps_with_secret_in_env_only_is_allowed_in_strict_mode
=== RUN   TestValidateStepsSecrets/malformed_string_env_with_secret_is_blocked_in_strict_mode
=== RUN   TestValidateStepsSecrets/malformed_slice_env_with_secret_is_blocked_in_strict_mode
=== RUN   TestValidateStepsSecrets/env-bound_secret_with_GITHUB_ENV_write_in_run_is_blocked_in_strict_mode
=== RUN   TestValidateStepsSecrets/pre-steps_with_secret_in_with_for_uses_action_step_is_allowed_in_strict_mode
=== RUN   TestValidateStepsSecrets/post-steps_with_secret_in_with_for_uses_action_step_is_allowed_in_strict_mode
=== RUN   TestValidateStepsSecrets/error_message_suggests_with:_inputs_for_uses:_action_steps
--- PASS: TestValidateStepsSecrets (0.02s)
    --- PASS: TestValidateStepsSecrets/no_steps_section_is_allowed (0.00s)
    --- PASS: TestValidateStepsSecrets/steps_without_secrets_is_allowed (0.00s)
    --- PASS: TestValidateStepsSecrets/steps_with_GITHUB_TOKEN_are_allowed_(built-in_token_is_exempt) (0.00s)
    --- PASS: TestValidateStepsSecrets/post-steps_without_secrets_is_allowed (0.00s)
    --- PASS: TestValidateStepsSecrets/pre-agent-steps_without_secrets_is_allowed (0.00s)
    --- PASS: TestValidateStepsSecrets/steps_with_secret_in_run_field_in_strict_mode_fails (0.00s)
    --- PASS: TestValidateStepsSecrets/steps_with_secret_in_env_field_only_in_strict_mode_is_allowed (0.00s)
    --- PASS: TestValidateStepsSecrets/steps_with_secret_in_with_field_for_uses_action_step_in_strict_mode_is_allowed (0.00s)
    --- PASS: TestValidateStepsSecrets/steps_with_secret_in_with_field_without_uses_in_strict_mode_fails (0.00s)
    --- PASS: TestValidateStepsSecrets/vault-style_action_with_multiple_secrets_in_with_is_allowed_in_strict_mode (0.00s)
    --- PASS: TestValidateStepsSecrets/post-steps_with_secret_in_strict_mode_fails (0.00s)
    --- PASS: TestValidateStepsSecrets/pre-agent-steps_with_secret_in_strict_mode_fails (0.00s)
    --- PASS: TestValidateStepsSecrets/steps_with_secret_in_non-strict_mode_emits_warning_but_no_error (0.00s)
    --- PASS: TestValidateStepsSecrets/post-steps_with_secret_in_non-strict_mode_emits_warning_but_no_error (0.00s)
    --- PASS: TestValidateStepsSecrets/steps_section_that_is_not_a_list_is_skipped (0.00s)
    --- PASS: TestValidateStepsSecrets/multiple_secrets_in_env_bindings_only_are_allowed_in_strict_mode (0.00s)
    --- PASS: TestValidateStepsSecrets/secrets_in_both_env_and_run_fields_in_strict_mode_fails_for_run_only (0.00s)
    --- PASS: TestValidateStepsSecrets/secrets_in_env_only_across_multiple_steps_are_allowed_in_strict_mode (0.00s)
    --- PASS: TestValidateStepsSecrets/post-steps_with_secret_in_env_only_is_allowed_in_strict_mode (0.00s)
    --- PASS: TestValidateStepsSecrets/pre-steps_with_secret_in_env_only_is_allowed_in_strict_mode (0.00s)
    --- PASS: TestValidateStepsSecrets/malformed_string_env_with_secret_is_blocked_in_strict_mode (0.00s)
    --- PASS: TestValidateStepsSecrets/malformed_slice_env_with_secret_is_blocked_in_strict_mode (0.00s)
    --- PASS: TestValidateStepsSecrets/env-bound_secret_with_GITHUB_ENV_write_in_run_is_blocked_in_strict_mode (0.00s)
    --- PASS: TestValidateStepsSecrets/pre-steps_with_secret_in_with_for_uses_action_step_is_allowed_in_strict_mode (0.00s)
    --- PASS: TestValidateStepsSecrets/post-steps_with_secret_in_with_for_uses_action_step_is_allowed_in_strict_mode (0.00s)
    --- PASS: TestValidateStepsSecrets/error_message_suggests_with:_inputs_for_uses:_action_steps (0.00s)
=== RUN   TestClassifyStepSecrets
=== RUN   TestClassifyStepSecrets/non-map_step_classifies_all_as_unsafe
=== RUN   TestClassifyStepSecrets/secret_in_run_field_is_unsafe
=== RUN   TestClassifyStepSecrets/secret_in_env_field_is_classified_as_safe
=== RUN   TestClassifyStepSecrets/secrets_in_both_env_and_run_are_classified_separately
=== RUN   TestClassifyStepSecrets/secret_in_with_field_for_uses_action_step_is_classified_as_safe
=== RUN   TestClassifyStepSecrets/secret_in_with_field_without_uses_is_unsafe
=== RUN   TestClassifyStepSecrets/secret_in_with_field_with_nil_uses_is_unsafe
=== RUN   TestClassifyStepSecrets/secret_in_with_field_with_empty_uses_is_unsafe
=== RUN   TestClassifyStepSecrets/secret_in_with_field_with_whitespace-only_uses_is_unsafe
=== RUN   TestClassifyStepSecrets/secret_in_with_field_with_non-string_uses_is_unsafe
=== RUN   TestClassifyStepSecrets/malformed_string_with_in_uses_action_step_is_unsafe
=== RUN   TestClassifyStepSecrets/malformed_slice_with_in_uses_action_step_is_unsafe
=== RUN   TestClassifyStepSecrets/multiple_secrets_in_with_for_uses_action_step_are_safe
=== RUN   TestClassifyStepSecrets/secrets_in_both_env_and_with_for_uses_action_step_are_safe
=== RUN   TestClassifyStepSecrets/step_with_no_secrets_returns_empty
=== RUN   TestClassifyStepSecrets/secret_in_malformed_string_env_is_unsafe
=== RUN   TestClassifyStepSecrets/secret_in_malformed_slice_env_is_unsafe
=== RUN   TestClassifyStepSecrets/env-bound_secret_with_GITHUB_ENV_in_run_is_reclassified_as_unsafe
=== RUN   TestClassifyStepSecrets/env-bound_secret_without_GITHUB_ENV_reference_stays_safe
=== RUN   TestClassifyStepSecrets/GITHUB_ENV_string_in_with_field_does_not_trigger_reclassification
--- PASS: TestClassifyStepSecrets (0.00s)
    --- PASS: TestClassifyStepSecrets/non-map_step_classifies_all_as_unsafe (0.00s)
    --- PASS: TestClassifyStepSecrets/secret_in_run_field_is_unsafe (0.00s)
    --- PASS: TestClassifyStepSecrets/secret_in_env_field_is_classified_as_safe (0.00s)
    --- PASS: TestClassifyStepSecrets/secrets_in_both_env_and_run_are_classified_separately (0.00s)
    --- PASS: TestClassifyStepSecrets/secret_in_with_field_for_uses_action_step_is_classified_as_safe (0.00s)
    --- PASS: TestClassifyStepSecrets/secret_in_with_field_without_uses_is_unsafe (0.00s)
    --- PASS: TestClassifyStepSecrets/secret_in_with_field_with_nil_uses_is_unsafe (0.00s)
    --- PASS: TestClassifyStepSecrets/secret_in_with_field_with_empty_uses_is_unsafe (0.00s)
    --- PASS: TestClassifyStepSecrets/secret_in_with_field_with_whitespace-only_uses_is_unsafe (0.00s)
    --- PASS: TestClassifyStepSecrets/secret_in_with_field_with_non-string_uses_is_unsafe (0.00s)
    --- PASS: TestClassifyStepSecrets/malformed_string_with_in_uses_action_step_is_unsafe (0.00s)
    --- PASS: TestClassifyStepSecrets/malformed_slice_with_in_uses_action_step_is_unsafe (0.00s)
    --- PASS: TestClassifyStepSecrets/multiple_secrets_in_with_for_uses_action_step_are_safe (0.00s)
    --- PASS: TestClassifyStepSecrets/secrets_in_both_env_and_with_for_uses_action_step_are_safe (0.00s)
    --- PASS: TestClassifyStepSecrets/step_with_no_secrets_returns_empty (0.00s)
    --- PASS: TestClassifyStepSecrets/secret_in_malformed_string_env_is_unsafe (0.00s)
    --- PASS: TestClassifyStepSecrets/secret_in_malformed_slice_env_is_unsafe (0.00s)
    --- PASS: TestClassifyStepSecrets/env-bound_secret_with_GITHUB_ENV_in_run_is_reclassified_as_unsafe (0.00s)
    --- PASS: TestClassifyStepSecrets/env-bound_secret_without_GITHUB_ENV_reference_stays_safe (0.00s)
    --- PASS: TestClassifyStepSecrets/GITHUB_ENV_string_in_with_field_does_not_trigger_reclassification (0.00s)
=== RUN   TestExtractSecretsFromStepValue
=== RUN   TestExtractSecretsFromStepValue/nil_value_returns_empty
=== RUN   TestExtractSecretsFromStepValue/plain_string_without_secrets_returns_empty
=== RUN   TestExtractSecretsFromStepValue/string_with_secret_expression_returns_it
=== RUN   TestExtractSecretsFromStepValue/string_with_secret_in_larger_expression_returns_it
=== RUN   TestExtractSecretsFromStepValue/map_with_nested_secret_returns_it
=== RUN   TestExtractSecretsFromStepValue/slice_with_secret_returns_it
=== RUN   TestExtractSecretsFromStepValue/deeply_nested_secret_is_found
--- PASS: TestExtractSecretsFromStepValue (0.00s)
    --- PASS: TestExtractSecretsFromStepValue/nil_value_returns_empty (0.00s)
    --- PASS: TestExtractSecretsFromStepValue/plain_string_without_secrets_returns_empty (0.00s)
    --- PASS: TestExtractSecretsFromStepValue/string_with_secret_expression_returns_it (0.00s)
    --- PASS: TestExtractSecretsFromStepValue/string_with_secret_in_larger_expression_returns_it (0.00s)
    --- PASS: TestExtractSecretsFromStepValue/map_with_nested_secret_returns_it (0.00s)
    --- PASS: TestExtractSecretsFromStepValue/slice_with_secret_returns_it (0.00s)
    --- PASS: TestExtractSecretsFromStepValue/deeply_nested_secret_is_found (0.00s)
=== RUN   TestDeduplicateStringSlice
=== RUN   TestDeduplicateStringSlice/empty_slice_returns_empty
=== RUN   TestDeduplicateStringSlice/no_duplicates_returns_same
=== RUN   TestDeduplicateStringSlice/duplicates_are_removed_preserving_order
--- PASS: TestDeduplicateStringSlice (0.00s)
    --- PASS: TestDeduplicateStringSlice/empty_slice_returns_empty (0.00s)
    --- PASS: TestDeduplicateStringSlice/no_duplicates_returns_same (0.00s)
    --- PASS: TestDeduplicateStringSlice/duplicates_are_removed_preserving_order (0.00s)
=== RUN   TestFilterBuiltinTokens
=== RUN   TestFilterBuiltinTokens/GITHUB_TOKEN_is_filtered_out
=== RUN   TestFilterBuiltinTokens/user_secret_is_kept
=== RUN   TestFilterBuiltinTokens/GITHUB_TOKEN_SUFFIX_is_NOT_filtered_(precise_match)
=== RUN   TestFilterBuiltinTokens/mixed_expression_with_GITHUB_TOKEN_and_other_secret_is_NOT_filtered
=== RUN   TestFilterBuiltinTokens/expression_with_only_GITHUB_TOKEN_references_is_filtered
--- PASS: TestFilterBuiltinTokens (0.00s)
    --- PASS: TestFilterBuiltinTokens/GITHUB_TOKEN_is_filtered_out (0.00s)
    --- PASS: TestFilterBuiltinTokens/user_secret_is_kept (0.00s)
    --- PASS: TestFilterBuiltinTokens/GITHUB_TOKEN_SUFFIX_is_NOT_filtered_(precise_match) (0.00s)
    --- PASS: TestFilterBuiltinTokens/mixed_expression_with_GITHUB_TOKEN_and_other_secret_is_NOT_filtered (0.00s)
    --- PASS: TestFilterBuiltinTokens/expression_with_only_GITHUB_TOKEN_references_is_filtered (0.00s)
=== RUN   TestStepReferencesGitHubEnv
=== RUN   TestStepReferencesGitHubEnv/run_with_GITHUB_ENV_reference
=== RUN   TestStepReferencesGitHubEnv/run_without_GITHUB_ENV_reference
=== RUN   TestStepReferencesGitHubEnv/GITHUB_ENV_in_env_field_is_ignored
=== RUN   TestStepReferencesGitHubEnv/GITHUB_ENV_in_with_field_is_ignored
--- PASS: TestStepReferencesGitHubEnv (0.00s)
    --- PASS: TestStepReferencesGitHubEnv/run_with_GITHUB_ENV_reference (0.00s)
    --- PASS: TestStepReferencesGitHubEnv/run_without_GITHUB_ENV_reference (0.00s)
    --- PASS: TestStepReferencesGitHubEnv/GITHUB_ENV_in_env_field_is_ignored (0.00s)
    --- PASS: TestStepReferencesGitHubEnv/GITHUB_ENV_in_with_field_is_ignored (0.00s)
=== RUN   TestValidateUpdateCheck
=== RUN   TestValidateUpdateCheck/check-for-updates_not_set_defaults_to_enabled_(no_error,_no_warning)
=== RUN   TestValidateUpdateCheck/check-for-updates:_true_is_allowed_in_any_mode
=== RUN   TestValidateUpdateCheck/check-for-updates:_false_in_non-strict_mode_produces_warning
⚠ 'check-for-updates: false' disables the compile-agentic version check. The workflow will not verify that it was compiled with a supported version of gh-aw. It is strongly recommended to keep check-for-updates enabled.
=== RUN   TestValidateUpdateCheck/check-for-updates:_false_in_strict_mode_produces_error
=== RUN   TestValidateUpdateCheck/strict_mode_error_message_mentions_the_flag_name
--- PASS: TestValidateUpdateCheck (0.00s)
    --- PASS: TestValidateUpdateCheck/check-for-updates_not_set_defaults_to_enabled_(no_error,_no_warning) (0.00s)
    --- PASS: TestValidateUpdateCheck/check-for-updates:_true_is_allowed_in_any_mode (0.00s)
    --- PASS: TestValidateUpdateCheck/check-for-updates:_false_in_non-strict_mode_produces_warning (0.00s)
    --- PASS: TestValidateUpdateCheck/check-for-updates:_false_in_strict_mode_produces_error (0.00s)
    --- PASS: TestValidateUpdateCheck/strict_mode_error_message_mentions_the_flag_name (0.00s)
=== RUN   TestUpdateCheckInActivationJob
=== RUN   TestUpdateCheckInActivationJob/step_present_when_enabled_and_release_build
/tmp/gh-aw-test-runs/20260704-173215-1254793/update-check-test3863822373/test-workflow.md: info: Tip: set permissions.copilot-requests: write to use GitHub Actions token-based inference with the Copilot engine instead of a personal access token (COPILOT_GITHUB_TOKEN). This option requires that your organization has centralized Copilot billing enabled and may not be available in all organizations — see https://github.github.com/gh-aw/reference/billing/ for details.

✓ /tmp/gh-aw-test-runs/20260704-173215-1254793/update-check-test3863822373/test-workflow.md (78.0 KB)
=== RUN   TestUpdateCheckInActivationJob/step_absent_when_disabled_via_check-for-updates:_false
⚠ 'check-for-updates: false' disables the compile-agentic version check. The workflow will not verify that it was compiled with a supported version of gh-aw. It is strongly recommended to keep check-for-updates enabled.
/tmp/gh-aw-test-runs/20260704-173215-1254793/update-check-test226124631/test-workflow.md: info: Tip: set permissions.copilot-requests: write to use GitHub Actions token-based inference with the Copilot engine instead of a personal access token (COPILOT_GITHUB_TOKEN). This option requires that your organization has centralized Copilot billing enabled and may not be available in all organizations — see https://github.github.com/gh-aw/reference/billing/ for details.

✓ /tmp/gh-aw-test-runs/20260704-173215-1254793/update-check-test226124631/test-workflow.md (77.5 KB)
=== RUN   TestUpdateCheckInActivationJob/step_absent_for_dev_build_(non-release)
/tmp/gh-aw-test-runs/20260704-173215-1254793/update-check-test185899796/test-workflow.md: info: Tip: set permissions.copilot-requests: write to use GitHub Actions token-based inference with the Copilot engine instead of a personal access token (COPILOT_GITHUB_TOKEN). This option requires that your organization has centralized Copilot billing enabled and may not be available in all organizations — see https://github.github.com/gh-aw/reference/billing/ for details.

✓ /tmp/gh-aw-test-runs/20260704-173215-1254793/update-check-test185899796/test-workflow.md (78.7 KB)
--- PASS: TestUpdateCheckInActivationJob (0.03s)
    --- PASS: TestUpdateCheckInActivationJob/step_present_when_enabled_and_release_build (0.01s)
    --- PASS: TestUpdateCheckInActivationJob/step_absent_when_disabled_via_check-for-updates:_false (0.01s)
    --- PASS: TestUpdateCheckInActivationJob/step_absent_for_dev_build_(non-release) (0.01s)
=== RUN   TestValidateStrictPermissions
=== RUN   TestValidateStrictPermissions/no_permissions_specified_is_allowed
=== RUN   TestValidateStrictPermissions/read_permissions_are_allowed
=== RUN   TestValidateStrictPermissions/contents_write_permission_is_refused
=== RUN   TestValidateStrictPermissions/issues_write_permission_is_refused
=== RUN   TestValidateStrictPermissions/pull-requests_write_permission_is_refused
=== RUN   TestValidateStrictPermissions/multiple_write_permissions_fail_on_first_one
=== RUN   TestValidateStrictPermissions/mixed_read_and_write_permissions_are_refused
=== RUN   TestValidateStrictPermissions/other_write_permissions_are_allowed_(not_in_sensitive_scopes)
=== RUN   TestValidateStrictPermissions/shorthand_read-all_is_allowed
=== RUN   TestValidateStrictPermissions/shorthand_write-all_is_refused
=== RUN   TestValidateStrictPermissions/empty_permissions_map_is_allowed
=== RUN   TestValidateStrictPermissions/nil_permissions_value_is_skipped_gracefully
=== RUN   TestValidateStrictPermissions/id-token_write_is_allowed_(safe_permission_for_OIDC)
=== RUN   TestValidateStrictPermissions/id-token_write_with_read_permissions_is_allowed
=== RUN   TestValidateStrictPermissions/id-token_write_with_other_safe_write_permissions_is_allowed
=== RUN   TestValidateStrictPermissions/id-token_write_with_blocked_write_permissions_fails_on_blocked_permissions
--- PASS: TestValidateStrictPermissions (0.02s)
    --- PASS: TestValidateStrictPermissions/no_permissions_specified_is_allowed (0.00s)
    --- PASS: TestValidateStrictPermissions/read_permissions_are_allowed (0.00s)
    --- PASS: TestValidateStrictPermissions/contents_write_permission_is_refused (0.00s)
    --- PASS: TestValidateStrictPermissions/issues_write_permission_is_refused (0.00s)
    --- PASS: TestValidateStrictPermissions/pull-requests_write_permission_is_refused (0.00s)
    --- PASS: TestValidateStrictPermissions/multiple_write_permissions_fail_on_first_one (0.00s)
    --- PASS: TestValidateStrictPermissions/mixed_read_and_write_permissions_are_refused (0.00s)
    --- PASS: TestValidateStrictPermissions/other_write_permissions_are_allowed_(not_in_sensitive_scopes) (0.00s)
    --- PASS: TestValidateStrictPermissions/shorthand_read-all_is_allowed (0.00s)
    --- PASS: TestValidateStrictPermissions/shorthand_write-all_is_refused (0.00s)
    --- PASS: TestValidateStrictPermissions/empty_permissions_map_is_allowed (0.00s)
    --- PASS: TestValidateStrictPermissions/nil_permissions_value_is_skipped_gracefully (0.00s)
    --- PASS: TestValidateStrictPermissions/id-token_write_is_allowed_(safe_permission_for_OIDC) (0.00s)
    --- PASS: TestValidateStrictPermissions/id-token_write_with_read_permissions_is_allowed (0.00s)
    --- PASS: TestValidateStrictPermissions/id-token_write_with_other_safe_write_permissions_is_allowed (0.00s)
    --- PASS: TestValidateStrictPermissions/id-token_write_with_blocked_write_permissions_fails_on_blocked_permissions (0.00s)
=== RUN   TestValidateStrictNetwork
=== RUN   TestValidateStrictNetwork/nil_network_permissions_triggers_internal_error
=== RUN   TestValidateStrictNetwork/defaults_mode_is_allowed
=== RUN   TestValidateStrictNetwork/specific_allowed_domains_are_allowed
=== RUN   TestValidateStrictNetwork/wildcard_in_allowed_domains_is_refused
=== RUN   TestValidateStrictNetwork/wildcard_among_other_domains_is_refused
=== RUN   TestValidateStrictNetwork/empty_allowed_list_is_allowed
=== RUN   TestValidateStrictNetwork/domain_patterns_with_wildcards_are_allowed_(not_exact_*)
=== RUN   TestValidateStrictNetwork/single_domain_is_allowed
--- PASS: TestValidateStrictNetwork (0.01s)
    --- PASS: TestValidateStrictNetwork/nil_network_permissions_triggers_internal_error (0.00s)
    --- PASS: TestValidateStrictNetwork/defaults_mode_is_allowed (0.00s)
    --- PASS: TestValidateStrictNetwork/specific_allowed_domains_are_allowed (0.00s)
    --- PASS: TestValidateStrictNetwork/wildcard_in_allowed_domains_is_refused (0.00s)
    --- PASS: TestValidateStrictNetwork/wildcard_among_other_domains_is_refused (0.00s)
    --- PASS: TestValidateStrictNetwork/empty_allowed_list_is_allowed (0.00s)
    --- PASS: TestValidateStrictNetwork/domain_patterns_with_wildcards_are_allowed_(not_exact_*) (0.00s)
    --- PASS: TestValidateStrictNetwork/single_domain_is_allowed (0.00s)
=== RUN   TestValidateStrictNetwork_ReturnsValidationErrorWithSuggestion
--- PASS: TestValidateStrictNetwork_ReturnsValidationErrorWithSuggestion (0.00s)
=== RUN   TestValidateStrictMode
=== RUN   TestValidateStrictMode/non-strict_mode_skips_all_validation
=== RUN   TestValidateStrictMode/strict_mode_with_valid_configuration
=== RUN   TestValidateStrictMode/strict_mode_fails_on_write_permissions
=== RUN   TestValidateStrictMode/strict_mode_with_nil_network_triggers_internal_error_(should_not_happen_in_production)
=== RUN   TestValidateStrictMode/strict_mode_fails_on_wildcard_network
=== RUN   TestValidateStrictMode/strict_mode_with_container_MCP_requiring_network
=== RUN   TestValidateStrictMode/strict_mode_with_container_MCP_and_network_config
=== RUN   TestValidateStrictMode/strict_mode_with_defaults_network_mode
=== RUN   TestValidateStrictMode/strict_mode_without_explicit_network_declaration_(defaults_auto-applied)
=== RUN   TestValidateStrictMode/strict_mode_with_no_permissions_is_allowed
=== RUN   TestValidateStrictMode/strict_mode_with_id-token_write_is_allowed
--- PASS: TestValidateStrictMode (0.01s)
    --- PASS: TestValidateStrictMode/non-strict_mode_skips_all_validation (0.00s)
    --- PASS: TestValidateStrictMode/strict_mode_with_valid_configuration (0.00s)
    --- PASS: TestValidateStrictMode/strict_mode_fails_on_write_permissions (0.00s)
    --- PASS: TestValidateStrictMode/strict_mode_with_nil_network_triggers_internal_error_(should_not_happen_in_production) (0.00s)
    --- PASS: TestValidateStrictMode/strict_mode_fails_on_wildcard_network (0.00s)
    --- PASS: TestValidateStrictMode/strict_mode_with_container_MCP_requiring_network (0.00s)
    --- PASS: TestValidateStrictMode/strict_mode_with_container_MCP_and_network_config (0.00s)
    --- PASS: TestValidateStrictMode/strict_mode_with_defaults_network_mode (0.00s)
    --- PASS: TestValidateStrictMode/strict_mode_without_explicit_network_declaration_(defaults_auto-applied) (0.00s)
    --- PASS: TestValidateStrictMode/strict_mode_with_no_permissions_is_allowed (0.00s)
    --- PASS: TestValidateStrictMode/strict_mode_with_id-token_write_is_allowed (0.00s)
=== RUN   TestValidateStrictModeEdgeCases
=== RUN   TestValidateStrictModeEdgeCases/empty_frontmatter_with_valid_network
=== RUN   TestValidateStrictModeEdgeCases/nil_frontmatter_map_is_handled
=== RUN   TestValidateStrictModeEdgeCases/invalid_permissions_type_is_handled_gracefully
=== RUN   TestValidateStrictModeEdgeCases/permissions_as_array_is_handled_gracefully
--- PASS: TestValidateStrictModeEdgeCases (0.00s)
    --- PASS: TestValidateStrictModeEdgeCases/empty_frontmatter_with_valid_network (0.00s)
    --- PASS: TestValidateStrictModeEdgeCases/nil_frontmatter_map_is_handled (0.00s)
    --- PASS: TestValidateStrictModeEdgeCases/invalid_permissions_type_is_handled_gracefully (0.00s)
    --- PASS: TestValidateStrictModeEdgeCases/permissions_as_array_is_handled_gracefully (0.00s)
=== RUN   TestValidateStrictCacheMemoryScope
=== RUN   TestValidateStrictCacheMemoryScope/cache-memory_with_workflow_scope_is_allowed
=== RUN   TestValidateStrictCacheMemoryScope/cache-memory_without_scope_(defaults_to_workflow)_is_allowed
=== RUN   TestValidateStrictCacheMemoryScope/cache-memory_with_repo_scope_is_rejected
=== RUN   TestValidateStrictCacheMemoryScope/cache-memory_array_with_repo_scope_is_rejected
=== RUN   TestValidateStrictCacheMemoryScope/cache-memory_array_with_all_workflow_scope_is_allowed
--- PASS: TestValidateStrictCacheMemoryScope (0.00s)
    --- PASS: TestValidateStrictCacheMemoryScope/cache-memory_with_workflow_scope_is_allowed (0.00s)
    --- PASS: TestValidateStrictCacheMemoryScope/cache-memory_without_scope_(defaults_to_workflow)_is_allowed (0.00s)
    --- PASS: TestValidateStrictCacheMemoryScope/cache-memory_with_repo_scope_is_rejected (0.00s)
    --- PASS: TestValidateStrictCacheMemoryScope/cache-memory_array_with_repo_scope_is_rejected (0.00s)
    --- PASS: TestValidateStrictCacheMemoryScope/cache-memory_array_with_all_workflow_scope_is_allowed (0.00s)
=== RUN   TestValidateStrictDisableXPIA
=== RUN   TestValidateStrictDisableXPIA/no_features_field_-_allowed
=== RUN   TestValidateStrictDisableXPIA/features_without_disable-xpia-prompt_-_allowed
=== RUN   TestValidateStrictDisableXPIA/disable-xpia-prompt:_false_-_allowed
=== RUN   TestValidateStrictDisableXPIA/disable-xpia-prompt:_true_-_rejected
=== RUN   TestValidateStrictDisableXPIA/disable-xpia-prompt:_true_with_bash_tool_-_rejected_(bash_state_irrelevant)
=== RUN   TestValidateStrictDisableXPIA/disable-xpia-prompt:_true_without_bash_tool_-_still_rejected
=== RUN   TestValidateStrictDisableXPIA/disable-xpia-prompt_as_non-empty_string_-_rejected
=== RUN   TestValidateStrictDisableXPIA/disable-xpia-prompt_as_empty_string_-_allowed
--- PASS: TestValidateStrictDisableXPIA (0.01s)
    --- PASS: TestValidateStrictDisableXPIA/no_features_field_-_allowed (0.00s)
    --- PASS: TestValidateStrictDisableXPIA/features_without_disable-xpia-prompt_-_allowed (0.00s)
    --- PASS: TestValidateStrictDisableXPIA/disable-xpia-prompt:_false_-_allowed (0.00s)
    --- PASS: TestValidateStrictDisableXPIA/disable-xpia-prompt:_true_-_rejected (0.00s)
    --- PASS: TestValidateStrictDisableXPIA/disable-xpia-prompt:_true_with_bash_tool_-_rejected_(bash_state_irrelevant) (0.00s)
    --- PASS: TestValidateStrictDisableXPIA/disable-xpia-prompt:_true_without_bash_tool_-_still_rejected (0.00s)
    --- PASS: TestValidateStrictDisableXPIA/disable-xpia-prompt_as_non-empty_string_-_rejected (0.00s)
    --- PASS: TestValidateStrictDisableXPIA/disable-xpia-prompt_as_empty_string_-_allowed (0.00s)
=== RUN   TestStrictModeWithZizmor
=== RUN   TestStrictModeWithZizmor/strict_mode_should_be_compatible_with_zizmor_flag
/tmp/gh-aw-test-runs/20260704-173215-1254793/strict-zizmor-test3686935478/test-workflow.md: info: Tip: set permissions.copilot-requests: write to use GitHub Actions token-based inference with the Copilot engine instead of a personal access token (COPILOT_GITHUB_TOKEN). This option requires that your organization has centralized Copilot billing enabled and may not be available in all organizations — see https://github.github.com/gh-aw/reference/billing/ for details.

✓ /tmp/gh-aw-test-runs/20260704-173215-1254793/strict-zizmor-test3686935478/test-workflow.md (75.8 KB)
--- PASS: TestStrictModeWithZizmor (0.01s)
    --- PASS: TestStrictModeWithZizmor/strict_mode_should_be_compatible_with_zizmor_flag (0.01s)
=== RUN   TestSortStrings
=== RUN   TestSortStrings/already_sorted
=== RUN   TestSortStrings/reverse_order
=== RUN   TestSortStrings/mixed_order
=== RUN   TestSortStrings/empty_slice
=== RUN   TestSortStrings/single_element
=== RUN   TestSortStrings/duplicates
--- PASS: TestSortStrings (0.00s)
    --- PASS: TestSortStrings/already_sorted (0.00s)
    --- PASS: TestSortStrings/reverse_order (0.00s)
    --- PASS: TestSortStrings/mixed_order (0.00s)
    --- PASS: TestSortStrings/empty_slice (0.00s)
    --- PASS: TestSortStrings/single_element (0.00s)
    --- PASS: TestSortStrings/duplicates (0.00s)
=== RUN   TestSortStrings_NilSlice
--- PASS: TestSortStrings_NilSlice (0.00s)
=== RUN   TestSortPermissionScopes
=== RUN   TestSortPermissionScopes/already_sorted
=== RUN   TestSortPermissionScopes/reverse_order
=== RUN   TestSortPermissionScopes/mixed_order
=== RUN   TestSortPermissionScopes/empty_slice
=== RUN   TestSortPermissionScopes/single_element
--- PASS: TestSortPermissionScopes (0.00s)
    --- PASS: TestSortPermissionScopes/already_sorted (0.00s)
    --- PASS: TestSortPermissionScopes/reverse_order (0.00s)
    --- PASS: TestSortPermissionScopes/mixed_order (0.00s)
    --- PASS: TestSortPermissionScopes/empty_slice (0.00s)
    --- PASS: TestSortPermissionScopes/single_element (0.00s)
=== RUN   TestSortPermissionScopes_NilSlice
--- PASS: TestSortPermissionScopes_NilSlice (0.00s)
=== RUN   TestSanitizeWorkflowName
=== RUN   TestSanitizeWorkflowName/lowercase_conversion
=== RUN   TestSanitizeWorkflowName/spaces_to_dashes
=== RUN   TestSanitizeWorkflowName/colons_to_dashes
=== RUN   TestSanitizeWorkflowName/slashes_to_dashes
=== RUN   TestSanitizeWorkflowName/backslashes_to_dashes
=== RUN   TestSanitizeWorkflowName/special_characters_to_dashes
=== RUN   TestSanitizeWorkflowName/preserve_dots_and_underscores
=== RUN   TestSanitizeWorkflowName/complex_name
=== RUN   TestSanitizeWorkflowName/empty_string
=== RUN   TestSanitizeWorkflowName/only_special_characters
=== RUN   TestSanitizeWorkflowName/unicode_characters
=== RUN   TestSanitizeWorkflowName/mixed_case_with_numbers
=== RUN   TestSanitizeWorkflowName/multiple_consecutive_spaces
=== RUN   TestSanitizeWorkflowName/preserve_hyphens
--- PASS: TestSanitizeWorkflowName (0.00s)
    --- PASS: TestSanitizeWorkflowName/lowercase_conversion (0.00s)
    --- PASS: TestSanitizeWorkflowName/spaces_to_dashes (0.00s)
    --- PASS: TestSanitizeWorkflowName/colons_to_dashes (0.00s)
    --- PASS: TestSanitizeWorkflowName/slashes_to_dashes (0.00s)
    --- PASS: TestSanitizeWorkflowName/backslashes_to_dashes (0.00s)
    --- PASS: TestSanitizeWorkflowName/special_characters_to_dashes (0.00s)
    --- PASS: TestSanitizeWorkflowName/preserve_dots_and_underscores (0.00s)
    --- PASS: TestSanitizeWorkflowName/complex_name (0.00s)
    --- PASS: TestSanitizeWorkflowName/empty_string (0.00s)
    --- PASS: TestSanitizeWorkflowName/only_special_characters (0.00s)
    --- PASS: TestSanitizeWorkflowName/unicode_characters (0.00s)
    --- PASS: TestSanitizeWorkflowName/mixed_case_with_numbers (0.00s)
    --- PASS: TestSanitizeWorkflowName/multiple_consecutive_spaces (0.00s)
    --- PASS: TestSanitizeWorkflowName/preserve_hyphens (0.00s)
=== RUN   TestShortenCommand
=== RUN   TestShortenCommand/short_command
=== RUN   TestShortenCommand/exactly_20_characters
=== RUN   TestShortenCommand/long_command_gets_truncated
=== RUN   TestShortenCommand/newlines_replaced_with_spaces
=== RUN   TestShortenCommand/multiple_newlines
=== RUN   TestShortenCommand/long_command_with_newlines
=== RUN   TestShortenCommand/empty_string
=== RUN   TestShortenCommand/only_newlines
=== RUN   TestShortenCommand/unicode_characters
=== RUN   TestShortenCommand/long_unicode_string
--- PASS: TestShortenCommand (0.00s)
    --- PASS: TestShortenCommand/short_command (0.00s)
    --- PASS: TestShortenCommand/exactly_20_characters (0.00s)
    --- PASS: TestShortenCommand/long_command_gets_truncated (0.00s)
    --- PASS: TestShortenCommand/newlines_replaced_with_spaces (0.00s)
    --- PASS: TestShortenCommand/multiple_newlines (0.00s)
    --- PASS: TestShortenCommand/long_command_with_newlines (0.00s)
    --- PASS: TestShortenCommand/empty_string (0.00s)
    --- PASS: TestShortenCommand/only_newlines (0.00s)
    --- PASS: TestShortenCommand/unicode_characters (0.00s)
    --- PASS: TestShortenCommand/long_unicode_string (0.00s)
=== RUN   TestEscapeYAMLSingleQuoted
--- PASS: TestEscapeYAMLSingleQuoted (0.00s)
=== RUN   TestSanitizeName
=== RUN   TestSanitizeName/nil_options_-_simple_name
=== RUN   TestSanitizeName/nil_options_-_with_spaces
=== RUN   TestSanitizeName/preserve_dots_and_underscores
=== RUN   TestSanitizeName/preserve_dots_only
=== RUN   TestSanitizeName/preserve_underscores_only
=== RUN   TestSanitizeName/complex_name_with_preservation
=== RUN   TestSanitizeName/trim_hyphens_-_leading_and_trailing
=== RUN   TestSanitizeName/no_trim_hyphens_-_leading_and_trailing_consolidated
=== RUN   TestSanitizeName/trim_hyphens_-_with_special_chars_at_edges
=== RUN   TestSanitizeName/empty_result_with_default
=== RUN   TestSanitizeName/empty_result_without_default
=== RUN   TestSanitizeName/empty_string_with_default
=== RUN   TestSanitizeName/identifier-like:_simple_name
=== RUN   TestSanitizeName/identifier-like:_with_underscores
=== RUN   TestSanitizeName/identifier-like:_only_special_chars
=== RUN   TestSanitizeName/multiple_consecutive_hyphens
=== RUN   TestSanitizeName/unicode_characters
=== RUN   TestSanitizeName/common_separators_replacement
=== RUN   TestSanitizeName/preserve_hyphens_in_input
--- PASS: TestSanitizeName (0.00s)
    --- PASS: TestSanitizeName/nil_options_-_simple_name (0.00s)
    --- PASS: TestSanitizeName/nil_options_-_with_spaces (0.00s)
    --- PASS: TestSanitizeName/preserve_dots_and_underscores (0.00s)
    --- PASS: TestSanitizeName/preserve_dots_only (0.00s)
    --- PASS: TestSanitizeName/preserve_underscores_only (0.00s)
    --- PASS: TestSanitizeName/complex_name_with_preservation (0.00s)
    --- PASS: TestSanitizeName/trim_hyphens_-_leading_and_trailing (0.00s)
    --- PASS: TestSanitizeName/no_trim_hyphens_-_leading_and_trailing_consolidated (0.00s)
    --- PASS: TestSanitizeName/trim_hyphens_-_with_special_chars_at_edges (0.00s)
    --- PASS: TestSanitizeName/empty_result_with_default (0.00s)
    --- PASS: TestSanitizeName/empty_result_without_default (0.00s)
    --- PASS: TestSanitizeName/empty_string_with_default (0.00s)
    --- PASS: TestSanitizeName/identifier-like:_simple_name (0.00s)
    --- PASS: TestSanitizeName/identifier-like:_with_underscores (0.00s)
    --- PASS: TestSanitizeName/identifier-like:_only_special_chars (0.00s)
    --- PASS: TestSanitizeName/multiple_consecutive_hyphens (0.00s)
    --- PASS: TestSanitizeName/unicode_characters (0.00s)
    --- PASS: TestSanitizeName/common_separators_replacement (0.00s)
    --- PASS: TestSanitizeName/preserve_hyphens_in_input (0.00s)
=== RUN   TestSanitizeName_NilOptions
=== RUN   TestSanitizeName_NilOptions/nil_options_-_empty_string
=== RUN   TestSanitizeName_NilOptions/nil_options_-_only_hyphens
=== RUN   TestSanitizeName_NilOptions/nil_options_-_leading/trailing_hyphens
=== RUN   TestSanitizeName_NilOptions/nil_options_-_underscores_replaced
=== RUN   TestSanitizeName_NilOptions/nil_options_-_dots_removed
=== RUN   TestSanitizeName_NilOptions/nil_options_-_complex_name
=== RUN   TestSanitizeName_NilOptions/nil_options_-_multiple_special_characters
--- PASS: TestSanitizeName_NilOptions (0.00s)
    --- PASS: TestSanitizeName_NilOptions/nil_options_-_empty_string (0.00s)
    --- PASS: TestSanitizeName_NilOptions/nil_options_-_only_hyphens (0.00s)
    --- PASS: TestSanitizeName_NilOptions/nil_options_-_leading/trailing_hyphens (0.00s)
    --- PASS: TestSanitizeName_NilOptions/nil_options_-_underscores_replaced (0.00s)
    --- PASS: TestSanitizeName_NilOptions/nil_options_-_dots_removed (0.00s)
    --- PASS: TestSanitizeName_NilOptions/nil_options_-_complex_name (0.00s)
    --- PASS: TestSanitizeName_NilOptions/nil_options_-_multiple_special_characters (0.00s)
=== RUN   TestGenerateHeredocDelimiterFromContent_Stability
--- PASS: TestGenerateHeredocDelimiterFromContent_Stability (0.00s)
=== RUN   TestGenerateHeredocDelimiterFromContent_KnownChecksum
--- PASS: TestGenerateHeredocDelimiterFromContent_KnownChecksum (0.00s)
=== RUN   TestGenerateHeredocDelimiterFromContent_ContentSensitive
--- PASS: TestGenerateHeredocDelimiterFromContent_ContentSensitive (0.00s)
=== RUN   TestGenerateHeredocDelimiterFromContent_DifferentNames
--- PASS: TestGenerateHeredocDelimiterFromContent_DifferentNames (0.00s)
=== RUN   TestGenerateHeredocDelimiterFromContent_EmptyName
--- PASS: TestGenerateHeredocDelimiterFromContent_EmptyName (0.00s)
=== RUN   TestGenerateHeredocDelimiterFromContent_EmptyContent
--- PASS: TestGenerateHeredocDelimiterFromContent_EmptyContent (0.00s)
=== RUN   TestGenerateHeredocDelimiterFromContent_NameCaseNormalized
--- PASS: TestGenerateHeredocDelimiterFromContent_NameCaseNormalized (0.00s)
=== RUN   TestValidateHeredocContent
=== RUN   TestValidateHeredocContent/safe_content_without_delimiter
=== RUN   TestValidateHeredocContent/content_containing_delimiter
=== RUN   TestValidateHeredocContent/delimiter_embedded_in_larger_string
=== RUN   TestValidateHeredocContent/empty_content
=== RUN   TestValidateHeredocContent/empty_delimiter
=== RUN   TestValidateHeredocContent/multiline_content_without_delimiter
=== RUN   TestValidateHeredocContent/delimiter_with_single_quote_rejected
=== RUN   TestValidateHeredocContent/delimiter_with_newline_rejected
--- PASS: TestValidateHeredocContent (0.00s)
    --- PASS: TestValidateHeredocContent/safe_content_without_delimiter (0.00s)
    --- PASS: TestValidateHeredocContent/content_containing_delimiter (0.00s)
    --- PASS: TestValidateHeredocContent/delimiter_embedded_in_larger_string (0.00s)
    --- PASS: TestValidateHeredocContent/empty_content (0.00s)
    --- PASS: TestValidateHeredocContent/empty_delimiter (0.00s)
    --- PASS: TestValidateHeredocContent/multiline_content_without_delimiter (0.00s)
    --- PASS: TestValidateHeredocContent/delimiter_with_single_quote_rejected (0.00s)
    --- PASS: TestValidateHeredocContent/delimiter_with_newline_rejected (0.00s)
=== RUN   TestValidateHeredocDelimiter
=== RUN   TestValidateHeredocDelimiter/valid_delimiter
=== RUN   TestValidateHeredocDelimiter/single_quote
=== RUN   TestValidateHeredocDelimiter/newline
=== RUN   TestValidateHeredocDelimiter/carriage_return
=== RUN   TestValidateHeredocDelimiter/non-printable_control_char
=== RUN   TestValidateHeredocDelimiter/tab_allowed
--- PASS: TestValidateHeredocDelimiter (0.00s)
    --- PASS: TestValidateHeredocDelimiter/valid_delimiter (0.00s)
    --- PASS: TestValidateHeredocDelimiter/single_quote (0.00s)
    --- PASS: TestValidateHeredocDelimiter/newline (0.00s)
    --- PASS: TestValidateHeredocDelimiter/carriage_return (0.00s)
    --- PASS: TestValidateHeredocDelimiter/non-printable_control_char (0.00s)
    --- PASS: TestValidateHeredocDelimiter/tab_allowed (0.00s)
=== RUN   TestGetEffectiveFooterString
=== RUN   TestGetEffectiveFooterString/returns_local_footer_when_set
=== RUN   TestGetEffectiveFooterString/local_footer_takes_precedence_over_global
=== RUN   TestGetEffectiveFooterString/converts_global_true_to_always
=== RUN   TestGetEffectiveFooterString/converts_global_false_to_none
=== RUN   TestGetEffectiveFooterString/returns_nil_when_both_are_nil
--- PASS: TestGetEffectiveFooterString (0.00s)
    --- PASS: TestGetEffectiveFooterString/returns_local_footer_when_set (0.00s)
    --- PASS: TestGetEffectiveFooterString/local_footer_takes_precedence_over_global (0.00s)
    --- PASS: TestGetEffectiveFooterString/converts_global_true_to_always (0.00s)
    --- PASS: TestGetEffectiveFooterString/converts_global_false_to_none (0.00s)
    --- PASS: TestGetEffectiveFooterString/returns_nil_when_both_are_nil (0.00s)
=== RUN   TestSubmitPRReviewFooterConfig
=== RUN   TestSubmitPRReviewFooterConfig/parses_footer_string_values
=== RUN   TestSubmitPRReviewFooterConfig/parses_footer_string_values/always
=== RUN   TestSubmitPRReviewFooterConfig/parses_footer_string_values/none
=== RUN   TestSubmitPRReviewFooterConfig/parses_footer_string_values/if-body
=== RUN   TestSubmitPRReviewFooterConfig/parses_footer_boolean_values
=== RUN   TestSubmitPRReviewFooterConfig/parses_footer_boolean_values/true_maps_to_always
=== RUN   TestSubmitPRReviewFooterConfig/parses_footer_boolean_values/false_maps_to_none
=== RUN   TestSubmitPRReviewFooterConfig/ignores_invalid_footer_values
=== RUN   TestSubmitPRReviewFooterConfig/footer_not_set_when_omitted
=== RUN   TestSubmitPRReviewFooterConfig/parses_target_field
=== RUN   TestSubmitPRReviewFooterConfig/target_empty_when_omitted
=== RUN   TestSubmitPRReviewFooterConfig/parses_target-repo_field
=== RUN   TestSubmitPRReviewFooterConfig/target-repo_empty_when_omitted
=== RUN   TestSubmitPRReviewFooterConfig/parses_allowed-repos_field
=== RUN   TestSubmitPRReviewFooterConfig/parses_allowed-events_field
=== RUN   TestSubmitPRReviewFooterConfig/parses_allowed-events_and_normalizes_to_uppercase
=== RUN   TestSubmitPRReviewFooterConfig/ignores_invalid_values_in_allowed-events_when_mixed_with_valid_values
=== RUN   TestSubmitPRReviewFooterConfig/returns_nil_when_allowed-events_contains_only_invalid_values_(fail_closed)
=== RUN   TestSubmitPRReviewFooterConfig/returns_nil_when_allowed-events_is_not_a_list_(fail_closed)
=== RUN   TestSubmitPRReviewFooterConfig/allowed-events_empty_when_omitted
=== RUN   TestSubmitPRReviewFooterConfig/parses_supersede-older-reviews_field
=== RUN   TestSubmitPRReviewFooterConfig/parses_all_three_valid_event_types_in_allowed-events
=== RUN   TestSubmitPRReviewFooterConfig/returns_nil_for_wildcard_target-repo
--- PASS: TestSubmitPRReviewFooterConfig (0.02s)
    --- PASS: TestSubmitPRReviewFooterConfig/parses_footer_string_values (0.00s)
        --- PASS: TestSubmitPRReviewFooterConfig/parses_footer_string_values/always (0.00s)
        --- PASS: TestSubmitPRReviewFooterConfig/parses_footer_string_values/none (0.00s)
        --- PASS: TestSubmitPRReviewFooterConfig/parses_footer_string_values/if-body (0.00s)
    --- PASS: TestSubmitPRReviewFooterConfig/parses_footer_boolean_values (0.00s)
        --- PASS: TestSubmitPRReviewFooterConfig/parses_footer_boolean_values/true_maps_to_always (0.00s)
        --- PASS: TestSubmitPRReviewFooterConfig/parses_footer_boolean_values/false_maps_to_none (0.00s)
    --- PASS: TestSubmitPRReviewFooterConfig/ignores_invalid_footer_values (0.00s)
    --- PASS: TestSubmitPRReviewFooterConfig/footer_not_set_when_omitted (0.00s)
    --- PASS: TestSubmitPRReviewFooterConfig/parses_target_field (0.00s)
    --- PASS: TestSubmitPRReviewFooterConfig/target_empty_when_omitted (0.00s)
    --- PASS: TestSubmitPRReviewFooterConfig/parses_target-repo_field (0.00s)
    --- PASS: TestSubmitPRReviewFooterConfig/target-repo_empty_when_omitted (0.00s)
    --- PASS: TestSubmitPRReviewFooterConfig/parses_allowed-repos_field (0.00s)
    --- PASS: TestSubmitPRReviewFooterConfig/parses_allowed-events_field (0.00s)
    --- PASS: TestSubmitPRReviewFooterConfig/parses_allowed-events_and_normalizes_to_uppercase (0.00s)
    --- PASS: TestSubmitPRReviewFooterConfig/ignores_invalid_values_in_allowed-events_when_mixed_with_valid_values (0.00s)
    --- PASS: TestSubmitPRReviewFooterConfig/returns_nil_when_allowed-events_contains_only_invalid_values_(fail_closed) (0.00s)
    --- PASS: TestSubmitPRReviewFooterConfig/returns_nil_when_allowed-events_is_not_a_list_(fail_closed) (0.00s)
    --- PASS: TestSubmitPRReviewFooterConfig/allowed-events_empty_when_omitted (0.00s)
    --- PASS: TestSubmitPRReviewFooterConfig/parses_supersede-older-reviews_field (0.00s)
    --- PASS: TestSubmitPRReviewFooterConfig/parses_all_three_valid_event_types_in_allowed-events (0.00s)
    --- PASS: TestSubmitPRReviewFooterConfig/returns_nil_for_wildcard_target-repo (0.00s)
=== RUN   TestCreatePRReviewCommentNoFooter
=== RUN   TestCreatePRReviewCommentNoFooter/create-pull-request-review-comment_does_not_have_footer_field
--- PASS: TestCreatePRReviewCommentNoFooter (0.00s)
    --- PASS: TestCreatePRReviewCommentNoFooter/create-pull-request-review-comment_does_not_have_footer_field (0.00s)
=== RUN   TestSubmitPRReviewFooterInHandlerConfig
=== RUN   TestSubmitPRReviewFooterInHandlerConfig/footer_included_in_submit_pull_request_review_handler_config
=== RUN   TestSubmitPRReviewFooterInHandlerConfig/footer_not_in_handler_config_when_not_set
=== RUN   TestSubmitPRReviewFooterInHandlerConfig/target_included_in_submit_pull_request_review_handler_config_when_set
=== RUN   TestSubmitPRReviewFooterInHandlerConfig/target-repo_included_in_submit_pull_request_review_handler_config_when_set
=== RUN   TestSubmitPRReviewFooterInHandlerConfig/allowed_events_included_in_submit_pull_request_review_handler_config_when_set
=== RUN   TestSubmitPRReviewFooterInHandlerConfig/allowed_events_not_in_handler_config_when_not_set
=== RUN   TestSubmitPRReviewFooterInHandlerConfig/supersede_older_reviews_included_in_submit_pull_request_review_handler_config_when_true
--- PASS: TestSubmitPRReviewFooterInHandlerConfig (0.01s)
    --- PASS: TestSubmitPRReviewFooterInHandlerConfig/footer_included_in_submit_pull_request_review_handler_config (0.00s)
    --- PASS: TestSubmitPRReviewFooterInHandlerConfig/footer_not_in_handler_config_when_not_set (0.00s)
    --- PASS: TestSubmitPRReviewFooterInHandlerConfig/target_included_in_submit_pull_request_review_handler_config_when_set (0.00s)
    --- PASS: TestSubmitPRReviewFooterInHandlerConfig/target-repo_included_in_submit_pull_request_review_handler_config_when_set (0.00s)
    --- PASS: TestSubmitPRReviewFooterInHandlerConfig/allowed_events_included_in_submit_pull_request_review_handler_config_when_set (0.00s)
    --- PASS: TestSubmitPRReviewFooterInHandlerConfig/allowed_events_not_in_handler_config_when_not_set (0.00s)
    --- PASS: TestSubmitPRReviewFooterInHandlerConfig/supersede_older_reviews_included_in_submit_pull_request_review_handler_config_when_true (0.00s)
=== RUN   TestActivationAndAddReactionJobsPermissions
/tmp/gh-aw-test-runs/20260704-173215-1254793/permissions-test4125170439/test-permissions.md: warning: Missing required permissions for GitHub toolsets:
  - issues: read (required by issues)
  - pull-requests: read (required by pull_requests)

To fix this, you can either:

Option 1: Add missing permissions to your workflow frontmatter:
permissions:
  issues: read
  pull-requests: read

See: https://github.com/github/gh-aw/blob/main/docs/src/content/docs/reference/permissions.md

Option 2: Reduce the required toolsets in your workflow:
Remove or adjust toolsets that require these permissions:
  - issues
  - pull_requests

✓ /tmp/gh-aw-test-runs/20260704-173215-1254793/permissions-test4125170439/test-permissions.md (80.9 KB)
--- PASS: TestActivationAndAddReactionJobsPermissions (0.01s)
=== RUN   TestActivationJobWithIfConditionHasPlaceholderStep
/tmp/task-job-if-test173358087/test-workflow.md: warning: workflow_run trigger should include branch restrictions for security and performance.

Without branch restrictions, the workflow will run for workflow runs on ALL branches,
which can cause unexpected behavior and security issues.

Suggested fix: Add branch restrictions to your workflow_run trigger:
on:
  workflow_run:
    workflows: ["your-workflow"]
    types: [completed]
    branches:
      - main
      - develop

/tmp/task-job-if-test173358087/test-workflow.md: info: Tip: set permissions.copilot-requests: write to use GitHub Actions token-based inference with the Copilot engine instead of a personal access token (COPILOT_GITHUB_TOKEN). This option requires that your organization has centralized Copilot billing enabled and may not be available in all organizations — see https://github.github.com/gh-aw/reference/billing/ for details.

✓ /tmp/task-job-if-test173358087/test-workflow.md (78.5 KB)
--- PASS: TestActivationJobWithIfConditionHasPlaceholderStep (0.01s)
=== RUN   TestTeamMemberCheckForCommandWorkflows
=== RUN   TestTeamMemberCheckForCommandWorkflows/command_workflow_should_include_team_member_check
⚠ The 'command:' trigger field is deprecated. Please use 'slash_command:' instead.
/tmp/gh-aw-test-runs/20260704-173215-1254793/workflow-team-member-test346270240/command-workflow.md: warning: Missing required permissions for GitHub toolsets:
  - issues: read (required by issues)
  - pull-requests: read (required by pull_requests)

To fix this, you can either:

Option 1: Add missing permissions to your workflow frontmatter:
permissions:
  issues: read
  pull-requests: read

See: https://github.com/github/gh-aw/blob/main/docs/src/content/docs/reference/permissions.md

Option 2: Reduce the required toolsets in your workflow:
Remove or adjust toolsets that require these permissions:
  - issues
  - pull_requests

/tmp/gh-aw-test-runs/20260704-173215-1254793/workflow-team-member-test346270240/command-workflow.md: info: Tip: set permissions.copilot-requests: write to use GitHub Actions token-based inference with the Copilot engine instead of a personal access token (COPILOT_GITHUB_TOKEN). This option requires that your organization has centralized Copilot billing enabled and may not be available in all organizations — see https://github.github.com/gh-aw/reference/billing/ for details.

✓ /tmp/gh-aw-test-runs/20260704-173215-1254793/workflow-team-member-test346270240/command-workflow.md (85.3 KB)
=== RUN   TestTeamMemberCheckForCommandWorkflows/schedule_workflow_should_not_include_team_member_check
/tmp/gh-aw-test-runs/20260704-173215-1254793/workflow-team-member-test346270240/schedule-workflow.md: warning: Missing required permissions for GitHub toolsets:
  - issues: read (required by issues)
  - pull-requests: read (required by pull_requests)

To fix this, you can either:

Option 1: Add missing permissions to your workflow frontmatter:
permissions:
  issues: read
  pull-requests: read

See: https://github.com/github/gh-aw/blob/main/docs/src/content/docs/reference/permissions.md

Option 2: Reduce the required toolsets in your workflow:
Remove or adjust toolsets that require these permissions:
  - issues
  - pull_requests

/tmp/gh-aw-test-runs/20260704-173215-1254793/workflow-team-member-test346270240/schedule-workflow.md: info: Tip: set permissions.copilot-requests: write to use GitHub Actions token-based inference with the Copilot engine instead of a personal access token (COPILOT_GITHUB_TOKEN). This option requires that your organization has centralized Copilot billing enabled and may not be available in all organizations — see https://github.github.com/gh-aw/reference/billing/ for details.

✓ /tmp/gh-aw-test-runs/20260704-173215-1254793/workflow-team-member-test346270240/schedule-workflow.md (75.2 KB)
--- PASS: TestTeamMemberCheckForCommandWorkflows (0.02s)
    --- PASS: TestTeamMemberCheckForCommandWorkflows/command_workflow_should_include_team_member_check (0.01s)
    --- PASS: TestTeamMemberCheckForCommandWorkflows/schedule_workflow_should_not_include_team_member_check (0.01s)
=== RUN   TestTempDirectoryBeforeCustomSteps
/tmp/temp-dir-order-test1177535954/.github/workflows/test-workflow.md: info: Tip: set permissions.copilot-requests: write to use GitHub Actions token-based inference with the Copilot engine instead of a personal access token (COPILOT_GITHUB_TOKEN). This option requires that your organization has centralized Copilot billing enabled and may not be available in all organizations — see https://github.github.com/gh-aw/reference/billing/ for details.

✓ /tmp/temp-dir-order-test1177535954/.github/workflows/test-workflow.md (77.8 KB)
    temp_dir_before_custom_steps_test.go:109: Found 39 steps: [Checkout actions folder Setup Scripts Set runtime paths Checkout repository Create gh-aw temp directory Configure gh CLI for GitHub Enterprise My custom step Configure Git credentials Checkout PR branch Install GitHub Copilot CLI Install AWF binary Determine automatic lockdown mode for GitHub MCP Server Download activation artifact Restore agent config folders from base branch Restore inline sub-agents from activation artifact Restore inline skills from activation artifact Download container images Generate Safe Outputs Config Generate Safe Outputs Tools Start MCP Gateway Mount MCP servers as CLIs Clean credentials Audit pre-agent workspace Execute GitHub Copilot CLI Detect agent errors Configure Git credentials Copy Copilot session state files to logs Stop MCP Gateway Redact secrets in logs Append agent step summary Copy Safe Outputs Ingest agent output Parse agent logs for step summary Parse MCP Gateway logs for step summary Print firewall logs Parse token usage for step summary Print AWF reflect summary Write agent output placeholder if missing Upload agent artifacts]
    temp_dir_before_custom_steps_test.go:138: ✓ Temp directory creation (step 5) comes before custom step (step 7)
--- PASS: TestTempDirectoryBeforeCustomSteps (0.01s)
=== RUN   TestTempDirectoryWithCheckoutInCustomSteps
⚠ Unable to resolve actions/checkout@v5 dynamically, using hardcoded pin for actions/checkout@v7.0.0
/tmp/temp-dir-checkout-test275012431/.github/workflows/test-workflow.md: info: Tip: set permissions.copilot-requests: write to use GitHub Actions token-based inference with the Copilot engine instead of a personal access token (COPILOT_GITHUB_TOKEN). This option requires that your organization has centralized Copilot billing enabled and may not be available in all organizations — see https://github.github.com/gh-aw/reference/billing/ for details.

✓ /tmp/temp-dir-checkout-test275012431/.github/workflows/test-workflow.md (78.0 KB)
    temp_dir_before_custom_steps_test.go:221: ✓ Correct ordering: temp directory -> checkout -> custom step
--- PASS: TestTempDirectoryWithCheckoutInCustomSteps (0.01s)
=== RUN   TestTempFolderPromptIncluded
/tmp/gh-aw-temp-folder-test-350498541/test-workflow.md: warning: safe update mode detected unapproved changes

New restricted secret(s):
  - CODEX_API_KEY
  - OPENAI_API_KEY

Remediation options:
  1. Use the --approve flag to allow the changes.
  2. Revert the unapproved changes.
  3. Use an interactive coding agent to review and approve the changes.

✓ /tmp/gh-aw-temp-folder-test-350498541/test-workflow.md (79.3 KB)
    temp_folder_test.go:63: Successfully verified temporary folder instructions are included in generated workflow
--- PASS: TestTempFolderPromptIncluded (0.01s)
=== RUN   TestWrapExpressionsInTemplateConditionals
=== RUN   TestWrapExpressionsInTemplateConditionals/simple_github.event_expression
=== RUN   TestWrapExpressionsInTemplateConditionals/github.actor_expression
=== RUN   TestWrapExpressionsInTemplateConditionals/github.repository_expression
=== RUN   TestWrapExpressionsInTemplateConditionals/needs._expression
=== RUN   TestWrapExpressionsInTemplateConditionals/steps._expression
=== RUN   TestWrapExpressionsInTemplateConditionals/env._expression
=== RUN   TestWrapExpressionsInTemplateConditionals/already_wrapped_expression
=== RUN   TestWrapExpressionsInTemplateConditionals/literal_true_value_(wrapped)
=== RUN   TestWrapExpressionsInTemplateConditionals/literal_false_value_(wrapped)
=== RUN   TestWrapExpressionsInTemplateConditionals/literal_string_value_(wrapped)
=== RUN   TestWrapExpressionsInTemplateConditionals/multiple_conditionals
=== RUN   TestWrapExpressionsInTemplateConditionals/mixed_wrapped_and_unwrapped
=== RUN   TestWrapExpressionsInTemplateConditionals/expression_with_extra_whitespace
=== RUN   TestWrapExpressionsInTemplateConditionals/multiline_content_with_multiple_conditionals
=== RUN   TestWrapExpressionsInTemplateConditionals/complex_github.event_path
=== RUN   TestWrapExpressionsInTemplateConditionals/github.run_id_expression
=== RUN   TestWrapExpressionsInTemplateConditionals/environment_variable_reference_(should_not_be_wrapped)
=== RUN   TestWrapExpressionsInTemplateConditionals/multiple_environment_variable_references
=== RUN   TestWrapExpressionsInTemplateConditionals/mixed_github_expression_and_env_var_reference
=== RUN   TestWrapExpressionsInTemplateConditionals/two_leading_spaces_before_opening_tag
=== RUN   TestWrapExpressionsInTemplateConditionals/four_leading_spaces_before_opening_tag
=== RUN   TestWrapExpressionsInTemplateConditionals/tab_before_opening_tag
=== RUN   TestWrapExpressionsInTemplateConditionals/leading_spaces_with_multiline_content
=== RUN   TestWrapExpressionsInTemplateConditionals/mixed_indentation_levels
=== RUN   TestWrapExpressionsInTemplateConditionals/realistic_markdown_with_indentation
=== RUN   TestWrapExpressionsInTemplateConditionals/leading_spaces_with_already_wrapped_expression
=== RUN   TestWrapExpressionsInTemplateConditionals/leading_spaces_with_environment_variable_reference
=== RUN   TestWrapExpressionsInTemplateConditionals/expression_with_space_before_closing_braces
=== RUN   TestWrapExpressionsInTemplateConditionals/expression_with_spaces_around_expression
=== RUN   TestWrapExpressionsInTemplateConditionals/already_wrapped_with_space_variations
=== RUN   TestWrapExpressionsInTemplateConditionals/already_wrapped_with_extra_spaces
=== RUN   TestWrapExpressionsInTemplateConditionals/already_wrapped_with_space_before_${{
=== RUN   TestWrapExpressionsInTemplateConditionals/expression_with_trailing_space_in_conditional
=== RUN   TestWrapExpressionsInTemplateConditionals/expression_with_tab_character
=== RUN   TestWrapExpressionsInTemplateConditionals/multiple_expressions_with_varying_spaces
=== RUN   TestWrapExpressionsInTemplateConditionals/complex_expression_with_spaces
=== RUN   TestWrapExpressionsInTemplateConditionals/empty_expression_(treated_as_false)
=== RUN   TestWrapExpressionsInTemplateConditionals/empty_expression_with_only_spaces_(treated_as_false)
=== RUN   TestWrapExpressionsInTemplateConditionals/multiple_conditionals_including_empty
=== RUN   TestWrapExpressionsInTemplateConditionals/canonical_elseif_wraps_expression
=== RUN   TestWrapExpressionsInTemplateConditionals/else-if_hyphen_variant_normalised_to_canonical
=== RUN   TestWrapExpressionsInTemplateConditionals/else_if_underscore_variant_normalised_to_canonical
=== RUN   TestWrapExpressionsInTemplateConditionals/elseif_without_hash_prefix_normalised_to_canonical
=== RUN   TestWrapExpressionsInTemplateConditionals/else-if_without_hash_prefix_normalised_to_canonical
=== RUN   TestWrapExpressionsInTemplateConditionals/else_if_without_hash_prefix_normalised_to_canonical
=== RUN   TestWrapExpressionsInTemplateConditionals/elseif_already_wrapped_expression_skipped
=== RUN   TestWrapExpressionsInTemplateConditionals/multiple_elseif_branches_wrapped
=== RUN   TestWrapExpressionsInTemplateConditionals/elseif_with_env_var_reference_skipped
=== RUN   TestWrapExpressionsInTemplateConditionals/elseif_with_placeholder_reference_skipped
--- PASS: TestWrapExpressionsInTemplateConditionals (0.00s)
    --- PASS: TestWrapExpressionsInTemplateConditionals/simple_github.event_expression (0.00s)
    --- PASS: TestWrapExpressionsInTemplateConditionals/github.actor_expression (0.00s)
    --- PASS: TestWrapExpressionsInTemplateConditionals/github.repository_expression (0.00s)
    --- PASS: TestWrapExpressionsInTemplateConditionals/needs._expression (0.00s)
    --- PASS: TestWrapExpressionsInTemplateConditionals/steps._expression (0.00s)
    --- PASS: TestWrapExpressionsInTemplateConditionals/env._expression (0.00s)
    --- PASS: TestWrapExpressionsInTemplateConditionals/already_wrapped_expression (0.00s)
    --- PASS: TestWrapExpressionsInTemplateConditionals/literal_true_value_(wrapped) (0.00s)
    --- PASS: TestWrapExpressionsInTemplateConditionals/literal_false_value_(wrapped) (0.00s)
    --- PASS: TestWrapExpressionsInTemplateConditionals/literal_string_value_(wrapped) (0.00s)
    --- PASS: TestWrapExpressionsInTemplateConditionals/multiple_conditionals (0.00s)
    --- PASS: TestWrapExpressionsInTemplateConditionals/mixed_wrapped_and_unwrapped (0.00s)
    --- PASS: TestWrapExpressionsInTemplateConditionals/expression_with_extra_whitespace (0.00s)
    --- PASS: TestWrapExpressionsInTemplateConditionals/multiline_content_with_multiple_conditionals (0.00s)
    --- PASS: TestWrapExpressionsInTemplateConditionals/complex_github.event_path (0.00s)
    --- PASS: TestWrapExpressionsInTemplateConditionals/github.run_id_expression (0.00s)
    --- PASS: TestWrapExpressionsInTemplateConditionals/environment_variable_reference_(should_not_be_wrapped) (0.00s)
    --- PASS: TestWrapExpressionsInTemplateConditionals/multiple_environment_variable_references (0.00s)
    --- PASS: TestWrapExpressionsInTemplateConditionals/mixed_github_expression_and_env_var_reference (0.00s)
    --- PASS: TestWrapExpressionsInTemplateConditionals/two_leading_spaces_before_opening_tag (0.00s)
    --- PASS: TestWrapExpressionsInTemplateConditionals/four_leading_spaces_before_opening_tag (0.00s)
    --- PASS: TestWrapExpressionsInTemplateConditionals/tab_before_opening_tag (0.00s)
    --- PASS: TestWrapExpressionsInTemplateConditionals/leading_spaces_with_multiline_content (0.00s)
    --- PASS: TestWrapExpressionsInTemplateConditionals/mixed_indentation_levels (0.00s)
    --- PASS: TestWrapExpressionsInTemplateConditionals/realistic_markdown_with_indentation (0.00s)
    --- PASS: TestWrapExpressionsInTemplateConditionals/leading_spaces_with_already_wrapped_expression (0.00s)
    --- PASS: TestWrapExpressionsInTemplateConditionals/leading_spaces_with_environment_variable_reference (0.00s)
    --- PASS: TestWrapExpressionsInTemplateConditionals/expression_with_space_before_closing_braces (0.00s)
    --- PASS: TestWrapExpressionsInTemplateConditionals/expression_with_spaces_around_expression (0.00s)
    --- PASS: TestWrapExpressionsInTemplateConditionals/already_wrapped_with_space_variations (0.00s)
    --- PASS: TestWrapExpressionsInTemplateConditionals/already_wrapped_with_extra_spaces (0.00s)
    --- PASS: TestWrapExpressionsInTemplateConditionals/already_wrapped_with_space_before_${{ (0.00s)
    --- PASS: TestWrapExpressionsInTemplateConditionals/expression_with_trailing_space_in_conditional (0.00s)
    --- PASS: TestWrapExpressionsInTemplateConditionals/expression_with_tab_character (0.00s)
    --- PASS: TestWrapExpressionsInTemplateConditionals/multiple_expressions_with_varying_spaces (0.00s)
    --- PASS: TestWrapExpressionsInTemplateConditionals/complex_expression_with_spaces (0.00s)
    --- PASS: TestWrapExpressionsInTemplateConditionals/empty_expression_(treated_as_false) (0.00s)
    --- PASS: TestWrapExpressionsInTemplateConditionals/empty_expression_with_only_spaces_(treated_as_false) (0.00s)
    --- PASS: TestWrapExpressionsInTemplateConditionals/multiple_conditionals_including_empty (0.00s)
    --- PASS: TestWrapExpressionsInTemplateConditionals/canonical_elseif_wraps_expression (0.00s)
    --- PASS: TestWrapExpressionsInTemplateConditionals/else-if_hyphen_variant_normalised_to_canonical (0.00s)
    --- PASS: TestWrapExpressionsInTemplateConditionals/else_if_underscore_variant_normalised_to_canonical (0.00s)
    --- PASS: TestWrapExpressionsInTemplateConditionals/elseif_without_hash_prefix_normalised_to_canonical (0.00s)
    --- PASS: TestWrapExpressionsInTemplateConditionals/else-if_without_hash_prefix_normalised_to_canonical (0.00s)
    --- PASS: TestWrapExpressionsInTemplateConditionals/else_if_without_hash_prefix_normalised_to_canonical (0.00s)
    --- PASS: TestWrapExpressionsInTemplateConditionals/elseif_already_wrapped_expression_skipped (0.00s)
    --- PASS: TestWrapExpressionsInTemplateConditionals/multiple_elseif_branches_wrapped (0.00s)
    --- PASS: TestWrapExpressionsInTemplateConditionals/elseif_with_env_var_reference_skipped (0.00s)
    --- PASS: TestWrapExpressionsInTemplateConditionals/elseif_with_placeholder_reference_skipped (0.00s)
=== RUN   TestValidateNoIncludesInTemplateRegions
=== RUN   TestValidateNoIncludesInTemplateRegions/valid_-_include_outside_template_region
=== RUN   TestValidateNoIncludesInTemplateRegions/invalid_-_include_inside_template_region
=== RUN   TestValidateNoIncludesInTemplateRegions/invalid_-_import_inside_template_region
=== RUN   TestValidateNoIncludesInTemplateRegions/invalid_-_optional_include_inside_template_region
=== RUN   TestValidateNoIncludesInTemplateRegions/valid_-_multiple_includes_outside_templates
=== RUN   TestValidateNoIncludesInTemplateRegions/valid_-_no_templates,_only_includes
=== RUN   TestValidateNoIncludesInTemplateRegions/valid_-_no_includes,_only_templates
=== RUN   TestValidateNoIncludesInTemplateRegions/invalid_-_multiple_templates_with_include_in_one
=== RUN   TestValidateNoIncludesInTemplateRegions/valid_-_nested_content_but_include_outside
=== RUN   TestValidateNoIncludesInTemplateRegions/invalid_-_include_with_section_reference_inside_template
=== RUN   TestValidateNoIncludesInTemplateRegions/valid_-_include_with_section_reference_outside_template
=== RUN   TestValidateNoIncludesInTemplateRegions/invalid_-_include_in_multiline_template_content
=== RUN   TestValidateNoIncludesInTemplateRegions/valid_-_template_inside_template_outside_(complex_nesting)
=== RUN   TestValidateNoIncludesInTemplateRegions/valid_-_empty_template
=== RUN   TestValidateNoIncludesInTemplateRegions/invalid_-_include_in_template_with_wrapped_expression
=== RUN   TestValidateNoIncludesInTemplateRegions/valid_-_no_templates_or_includes
=== RUN   TestValidateNoIncludesInTemplateRegions/invalid_-_indented_include_inside_template
=== RUN   TestValidateNoIncludesInTemplateRegions/invalid_-_nested_template_with_include_in_inner_block
=== RUN   TestValidateNoIncludesInTemplateRegions/valid_-_two_leading_spaces_before_opening_tag,_include_outside
=== RUN   TestValidateNoIncludesInTemplateRegions/invalid_-_two_leading_spaces_before_opening_tag,_include_inside
=== RUN   TestValidateNoIncludesInTemplateRegions/valid_-_four_leading_spaces_before_opening_tag,_include_outside
=== RUN   TestValidateNoIncludesInTemplateRegions/invalid_-_four_leading_spaces_before_opening_tag,_include_inside
=== RUN   TestValidateNoIncludesInTemplateRegions/valid_-_tab_before_opening_tag,_include_outside
=== RUN   TestValidateNoIncludesInTemplateRegions/invalid_-_tab_before_opening_tag,_include_inside
=== RUN   TestValidateNoIncludesInTemplateRegions/valid_-_mixed_indentation_levels,_includes_outside_all_blocks
=== RUN   TestValidateNoIncludesInTemplateRegions/invalid_-_mixed_indentation_with_include_in_middle_block
=== RUN   TestValidateNoIncludesInTemplateRegions/valid_-_realistic_linter-formatted_markdown_with_leading_spaces
=== RUN   TestValidateNoIncludesInTemplateRegions/invalid_-_realistic_linter-formatted_markdown_with_include_inside
--- PASS: TestValidateNoIncludesInTemplateRegions (0.00s)
    --- PASS: TestValidateNoIncludesInTemplateRegions/valid_-_include_outside_template_region (0.00s)
    --- PASS: TestValidateNoIncludesInTemplateRegions/invalid_-_include_inside_template_region (0.00s)
    --- PASS: TestValidateNoIncludesInTemplateRegions/invalid_-_import_inside_template_region (0.00s)
    --- PASS: TestValidateNoIncludesInTemplateRegions/invalid_-_optional_include_inside_template_region (0.00s)
    --- PASS: TestValidateNoIncludesInTemplateRegions/valid_-_multiple_includes_outside_templates (0.00s)
    --- PASS: TestValidateNoIncludesInTemplateRegions/valid_-_no_templates,_only_includes (0.00s)
    --- PASS: TestValidateNoIncludesInTemplateRegions/valid_-_no_includes,_only_templates (0.00s)
    --- PASS: TestValidateNoIncludesInTemplateRegions/invalid_-_multiple_templates_with_include_in_one (0.00s)
    --- PASS: TestValidateNoIncludesInTemplateRegions/valid_-_nested_content_but_include_outside (0.00s)
    --- PASS: TestValidateNoIncludesInTemplateRegions/invalid_-_include_with_section_reference_inside_template (0.00s)
    --- PASS: TestValidateNoIncludesInTemplateRegions/valid_-_include_with_section_reference_outside_template (0.00s)
    --- PASS: TestValidateNoIncludesInTemplateRegions/invalid_-_include_in_multiline_template_content (0.00s)
    --- PASS: TestValidateNoIncludesInTemplateRegions/valid_-_template_inside_template_outside_(complex_nesting) (0.00s)
    --- PASS: TestValidateNoIncludesInTemplateRegions/valid_-_empty_template (0.00s)
    --- PASS: TestValidateNoIncludesInTemplateRegions/invalid_-_include_in_template_with_wrapped_expression (0.00s)
    --- PASS: TestValidateNoIncludesInTemplateRegions/valid_-_no_templates_or_includes (0.00s)
    --- PASS: TestValidateNoIncludesInTemplateRegions/invalid_-_indented_include_inside_template (0.00s)
    --- PASS: TestValidateNoIncludesInTemplateRegions/invalid_-_nested_template_with_include_in_inner_block (0.00s)
    --- PASS: TestValidateNoIncludesInTemplateRegions/valid_-_two_leading_spaces_before_opening_tag,_include_outside (0.00s)
    --- PASS: TestValidateNoIncludesInTemplateRegions/invalid_-_two_leading_spaces_before_opening_tag,_include_inside (0.00s)
    --- PASS: TestValidateNoIncludesInTemplateRegions/valid_-_four_leading_spaces_before_opening_tag,_include_outside (0.00s)
    --- PASS: TestValidateNoIncludesInTemplateRegions/invalid_-_four_leading_spaces_before_opening_tag,_include_inside (0.00s)
    --- PASS: TestValidateNoIncludesInTemplateRegions/valid_-_tab_before_opening_tag,_include_outside (0.00s)
    --- PASS: TestValidateNoIncludesInTemplateRegions/invalid_-_tab_before_opening_tag,_include_inside (0.00s)
    --- PASS: TestValidateNoIncludesInTemplateRegions/valid_-_mixed_indentation_levels,_includes_outside_all_blocks (0.00s)
    --- PASS: TestValidateNoIncludesInTemplateRegions/invalid_-_mixed_indentation_with_include_in_middle_block (0.00s)
    --- PASS: TestValidateNoIncludesInTemplateRegions/valid_-_realistic_linter-formatted_markdown_with_leading_spaces (0.00s)
    --- PASS: TestValidateNoIncludesInTemplateRegions/invalid_-_realistic_linter-formatted_markdown_with_include_inside (0.00s)
=== RUN   TestValidateNoIncludesInTemplateRegions_MultipleErrors
--- PASS: TestValidateNoIncludesInTemplateRegions_MultipleErrors (0.00s)
=== RUN   TestValidateNoPreExpandedExperimentPlaceholders_ElseIf
=== RUN   TestValidateNoPreExpandedExperimentPlaceholders_ElseIf/valid_-_experiments.name_in_if_condition
=== RUN   TestValidateNoPreExpandedExperimentPlaceholders_ElseIf/valid_-_experiments.name_in_elseif_condition
=== RUN   TestValidateNoPreExpandedExperimentPlaceholders_ElseIf/invalid_-_pre-expanded_placeholder_in_if_condition
=== RUN   TestValidateNoPreExpandedExperimentPlaceholders_ElseIf/invalid_-_pre-expanded_placeholder_in_elseif_condition
=== RUN   TestValidateNoPreExpandedExperimentPlaceholders_ElseIf/invalid_-_pre-expanded_placeholder_in_else-if_(hyphen)_condition
=== RUN   TestValidateNoPreExpandedExperimentPlaceholders_ElseIf/invalid_-_pre-expanded_placeholder_in_else_if_(underscore)_condition
--- PASS: TestValidateNoPreExpandedExperimentPlaceholders_ElseIf (0.00s)
    --- PASS: TestValidateNoPreExpandedExperimentPlaceholders_ElseIf/valid_-_experiments.name_in_if_condition (0.00s)
    --- PASS: TestValidateNoPreExpandedExperimentPlaceholders_ElseIf/valid_-_experiments.name_in_elseif_condition (0.00s)
    --- PASS: TestValidateNoPreExpandedExperimentPlaceholders_ElseIf/invalid_-_pre-expanded_placeholder_in_if_condition (0.00s)
    --- PASS: TestValidateNoPreExpandedExperimentPlaceholders_ElseIf/invalid_-_pre-expanded_placeholder_in_elseif_condition (0.00s)
    --- PASS: TestValidateNoPreExpandedExperimentPlaceholders_ElseIf/invalid_-_pre-expanded_placeholder_in_else-if_(hyphen)_condition (0.00s)
    --- PASS: TestValidateNoPreExpandedExperimentPlaceholders_ElseIf/invalid_-_pre-expanded_placeholder_in_else_if_(underscore)_condition (0.00s)
=== RUN   TestValidateNoIncludesInTemplateRegions_SingleError
--- PASS: TestValidateNoIncludesInTemplateRegions_SingleError (0.00s)
=== RUN   TestDetectDoubleQuotedExperimentComparisons
=== RUN   TestDetectDoubleQuotedExperimentComparisons/no_experiment_expressions_-_no_warning
=== RUN   TestDetectDoubleQuotedExperimentComparisons/experiment_with_single_quotes_-_no_warning
=== RUN   TestDetectDoubleQuotedExperimentComparisons/simple_experiment_name_(no_comparison)_-_no_warning
=== RUN   TestDetectDoubleQuotedExperimentComparisons/experiment_with_double-quoted_value_-_warning
=== RUN   TestDetectDoubleQuotedExperimentComparisons/experiment_with_!=_and_double_quotes_-_warning
=== RUN   TestDetectDoubleQuotedExperimentComparisons/experiment_with_!==_and_double_quotes_-_warning
=== RUN   TestDetectDoubleQuotedExperimentComparisons/elseif_with_double-quoted_value_-_warning
=== RUN   TestDetectDoubleQuotedExperimentComparisons/multiple_occurrences_-_multiple_warnings
--- PASS: TestDetectDoubleQuotedExperimentComparisons (0.00s)
    --- PASS: TestDetectDoubleQuotedExperimentComparisons/no_experiment_expressions_-_no_warning (0.00s)
    --- PASS: TestDetectDoubleQuotedExperimentComparisons/experiment_with_single_quotes_-_no_warning (0.00s)
    --- PASS: TestDetectDoubleQuotedExperimentComparisons/simple_experiment_name_(no_comparison)_-_no_warning (0.00s)
    --- PASS: TestDetectDoubleQuotedExperimentComparisons/experiment_with_double-quoted_value_-_warning (0.00s)
    --- PASS: TestDetectDoubleQuotedExperimentComparisons/experiment_with_!=_and_double_quotes_-_warning (0.00s)
    --- PASS: TestDetectDoubleQuotedExperimentComparisons/experiment_with_!==_and_double_quotes_-_warning (0.00s)
    --- PASS: TestDetectDoubleQuotedExperimentComparisons/elseif_with_double-quoted_value_-_warning (0.00s)
    --- PASS: TestDetectDoubleQuotedExperimentComparisons/multiple_occurrences_-_multiple_warnings (0.00s)
=== RUN   TestValidateNoTemplateInjection
=== RUN   TestValidateNoTemplateInjection/safe_pattern_-_expression_in_env_variable
=== RUN   TestValidateNoTemplateInjection/safe_pattern_-_no_expressions_in_run_block
=== RUN   TestValidateNoTemplateInjection/safe_pattern_-_safe_context_expressions
=== RUN   TestValidateNoTemplateInjection/unsafe_pattern_-_github.event_in_run_block
=== RUN   TestValidateNoTemplateInjection/unsafe_pattern_-_steps.outputs_in_run_block
=== RUN   TestValidateNoTemplateInjection/unsafe_pattern_-_inputs_in_run_block
=== RUN   TestValidateNoTemplateInjection/unsafe_pattern_-_multiple_violations
=== RUN   TestValidateNoTemplateInjection/unsafe_pattern_-_single_line_run_command
=== RUN   TestValidateNoTemplateInjection/safe_pattern_-_expression_in_condition
=== RUN   TestValidateNoTemplateInjection/unsafe_pattern_-_github.event.comment
=== RUN   TestValidateNoTemplateInjection/unsafe_pattern_-_github.event.pull_request
=== RUN   TestValidateNoTemplateInjection/safe_pattern_-_mixed_safe_and_env_usage
=== RUN   TestValidateNoTemplateInjection/unsafe_pattern_-_github.head_ref_in_run
=== RUN   TestValidateNoTemplateInjection/complex_unsafe_pattern_-_nested_in_script
--- PASS: TestValidateNoTemplateInjection (0.00s)
    --- PASS: TestValidateNoTemplateInjection/safe_pattern_-_expression_in_env_variable (0.00s)
    --- PASS: TestValidateNoTemplateInjection/safe_pattern_-_no_expressions_in_run_block (0.00s)
    --- PASS: TestValidateNoTemplateInjection/safe_pattern_-_safe_context_expressions (0.00s)
    --- PASS: TestValidateNoTemplateInjection/unsafe_pattern_-_github.event_in_run_block (0.00s)
    --- PASS: TestValidateNoTemplateInjection/unsafe_pattern_-_steps.outputs_in_run_block (0.00s)
    --- PASS: TestValidateNoTemplateInjection/unsafe_pattern_-_inputs_in_run_block (0.00s)
    --- PASS: TestValidateNoTemplateInjection/unsafe_pattern_-_multiple_violations (0.00s)
    --- PASS: TestValidateNoTemplateInjection/unsafe_pattern_-_single_line_run_command (0.00s)
    --- PASS: TestValidateNoTemplateInjection/safe_pattern_-_expression_in_condition (0.00s)
    --- PASS: TestValidateNoTemplateInjection/unsafe_pattern_-_github.event.comment (0.00s)
    --- PASS: TestValidateNoTemplateInjection/unsafe_pattern_-_github.event.pull_request (0.00s)
    --- PASS: TestValidateNoTemplateInjection/safe_pattern_-_mixed_safe_and_env_usage (0.00s)
    --- PASS: TestValidateNoTemplateInjection/unsafe_pattern_-_github.head_ref_in_run (0.00s)
    --- PASS: TestValidateNoTemplateInjection/complex_unsafe_pattern_-_nested_in_script (0.00s)
=== RUN   TestTemplateInjectionErrorMessageQuality
=== RUN   TestTemplateInjectionErrorMessageQuality/mentions_security_risk
=== RUN   TestTemplateInjectionErrorMessageQuality/shows_safe_pattern
=== RUN   TestTemplateInjectionErrorMessageQuality/shows_unsafe_pattern
=== RUN   TestTemplateInjectionErrorMessageQuality/provides_references
=== RUN   TestTemplateInjectionErrorMessageQuality/groups_by_context
--- PASS: TestTemplateInjectionErrorMessageQuality (0.00s)
    --- PASS: TestTemplateInjectionErrorMessageQuality/mentions_security_risk (0.00s)
    --- PASS: TestTemplateInjectionErrorMessageQuality/shows_safe_pattern (0.00s)
    --- PASS: TestTemplateInjectionErrorMessageQuality/shows_unsafe_pattern (0.00s)
    --- PASS: TestTemplateInjectionErrorMessageQuality/provides_references (0.00s)
    --- PASS: TestTemplateInjectionErrorMessageQuality/groups_by_context (0.00s)
=== RUN   TestExtractRunSnippet
=== RUN   TestExtractRunSnippet/simple_one-line
=== RUN   TestExtractRunSnippet/multiline_with_indentation
=== RUN   TestExtractRunSnippet/long_line_truncation
=== RUN   TestExtractRunSnippet/expression_not_found
--- PASS: TestExtractRunSnippet (0.00s)
    --- PASS: TestExtractRunSnippet/simple_one-line (0.00s)
    --- PASS: TestExtractRunSnippet/multiline_with_indentation (0.00s)
    --- PASS: TestExtractRunSnippet/long_line_truncation (0.00s)
    --- PASS: TestExtractRunSnippet/expression_not_found (0.00s)
=== RUN   TestDetectExpressionContext
=== RUN   TestDetectExpressionContext/${{_github.event.issue.title_}}
=== RUN   TestDetectExpressionContext/${{_github.event.pull_request.body_}}
=== RUN   TestDetectExpressionContext/${{_steps.foo.outputs.bar_}}
=== RUN   TestDetectExpressionContext/${{_steps.start-mcp-gateway.outputs.gateway-pid_}}
=== RUN   TestDetectExpressionContext/${{_inputs.user_data_}}
=== RUN   TestDetectExpressionContext/${{_github.actor_}}
--- PASS: TestDetectExpressionContext (0.00s)
    --- PASS: TestDetectExpressionContext/${{_github.event.issue.title_}} (0.00s)
    --- PASS: TestDetectExpressionContext/${{_github.event.pull_request.body_}} (0.00s)
    --- PASS: TestDetectExpressionContext/${{_steps.foo.outputs.bar_}} (0.00s)
    --- PASS: TestDetectExpressionContext/${{_steps.start-mcp-gateway.outputs.gateway-pid_}} (0.00s)
    --- PASS: TestDetectExpressionContext/${{_inputs.user_data_}} (0.00s)
    --- PASS: TestDetectExpressionContext/${{_github.actor_}} (0.00s)
=== RUN   TestTemplateInjectionRealWorldPatterns
=== RUN   TestTemplateInjectionRealWorldPatterns/stop_mcp_gateway_pattern
=== RUN   TestTemplateInjectionRealWorldPatterns/safe_version_of_stop_mcp_gateway
--- PASS: TestTemplateInjectionRealWorldPatterns (0.00s)
    --- PASS: TestTemplateInjectionRealWorldPatterns/stop_mcp_gateway_pattern (0.00s)
    --- PASS: TestTemplateInjectionRealWorldPatterns/safe_version_of_stop_mcp_gateway (0.00s)
=== RUN   TestTemplateInjectionHeredocFiltering
=== RUN   TestTemplateInjectionHeredocFiltering/safe_-_heredoc_with_EOF_delimiter
=== RUN   TestTemplateInjectionHeredocFiltering/safe_-_heredoc_with_JSON_delimiter
=== RUN   TestTemplateInjectionHeredocFiltering/safe_-_heredoc_with_YAML_delimiter
=== RUN   TestTemplateInjectionHeredocFiltering/unsafe_-_expression_outside_heredoc
=== RUN   TestTemplateInjectionHeredocFiltering/safe_-_multiple_heredocs_in_same_run_block
=== RUN   TestTemplateInjectionHeredocFiltering/safe_-_unquoted_heredoc_delimiter
--- PASS: TestTemplateInjectionHeredocFiltering (0.00s)
    --- PASS: TestTemplateInjectionHeredocFiltering/safe_-_heredoc_with_EOF_delimiter (0.00s)
    --- PASS: TestTemplateInjectionHeredocFiltering/safe_-_heredoc_with_JSON_delimiter (0.00s)
    --- PASS: TestTemplateInjectionHeredocFiltering/safe_-_heredoc_with_YAML_delimiter (0.00s)
    --- PASS: TestTemplateInjectionHeredocFiltering/unsafe_-_expression_outside_heredoc (0.00s)
    --- PASS: TestTemplateInjectionHeredocFiltering/safe_-_multiple_heredocs_in_same_run_block (0.00s)
    --- PASS: TestTemplateInjectionHeredocFiltering/safe_-_unquoted_heredoc_delimiter (0.00s)
=== RUN   TestTemplateInjectionEdgeCases
=== RUN   TestTemplateInjectionEdgeCases/empty_yaml
=== RUN   TestTemplateInjectionEdgeCases/no_run_blocks
=== RUN   TestTemplateInjectionEdgeCases/run_block_with_no_expressions
=== RUN   TestTemplateInjectionEdgeCases/malformed_expression_syntax
=== RUN   TestTemplateInjectionEdgeCases/expression_with_extra_whitespace
=== RUN   TestTemplateInjectionEdgeCases/multiple_steps_with_mixed_patterns
=== RUN   TestTemplateInjectionEdgeCases/expression_in_step_name_(should_be_safe)
=== RUN   TestTemplateInjectionEdgeCases/expression_in_if_condition_(should_be_safe)
=== RUN   TestTemplateInjectionEdgeCases/very_long_run_command
=== RUN   TestTemplateInjectionEdgeCases/nested_expressions_(not_real_GitHub_syntax_but_test_defensively)
=== RUN   TestTemplateInjectionEdgeCases/expression_with_logical_operators
=== RUN   TestTemplateInjectionEdgeCases/expression_with_string_interpolation
--- PASS: TestTemplateInjectionEdgeCases (0.00s)
    --- PASS: TestTemplateInjectionEdgeCases/empty_yaml (0.00s)
    --- PASS: TestTemplateInjectionEdgeCases/no_run_blocks (0.00s)
    --- PASS: TestTemplateInjectionEdgeCases/run_block_with_no_expressions (0.00s)
    --- PASS: TestTemplateInjectionEdgeCases/malformed_expression_syntax (0.00s)
    --- PASS: TestTemplateInjectionEdgeCases/expression_with_extra_whitespace (0.00s)
    --- PASS: TestTemplateInjectionEdgeCases/multiple_steps_with_mixed_patterns (0.00s)
    --- PASS: TestTemplateInjectionEdgeCases/expression_in_step_name_(should_be_safe) (0.00s)
    --- PASS: TestTemplateInjectionEdgeCases/expression_in_if_condition_(should_be_safe) (0.00s)
    --- PASS: TestTemplateInjectionEdgeCases/very_long_run_command (0.00s)
    --- PASS: TestTemplateInjectionEdgeCases/nested_expressions_(not_real_GitHub_syntax_but_test_defensively) (0.00s)
    --- PASS: TestTemplateInjectionEdgeCases/expression_with_logical_operators (0.00s)
    --- PASS: TestTemplateInjectionEdgeCases/expression_with_string_interpolation (0.00s)
=== RUN   TestRemoveHeredocContent
=== RUN   TestRemoveHeredocContent/simple_EOF_heredoc
=== RUN   TestRemoveHeredocContent/unquoted_EOF_heredoc
=== RUN   TestRemoveHeredocContent/JSON_delimiter
=== RUN   TestRemoveHeredocContent/expression_outside_heredoc
=== RUN   TestRemoveHeredocContent/multiple_heredocs
=== RUN   TestRemoveHeredocContent/no_heredoc
=== RUN   TestRemoveHeredocContent/heredoc_with_indentation
=== RUN   TestRemoveHeredocContent/prefixed_EOF_delimiter_-_safe_outputs_config
=== RUN   TestRemoveHeredocContent/prefixed_JSON_delimiter
=== RUN   TestRemoveHeredocContent/prefixed_YAML_delimiter
=== RUN   TestRemoveHeredocContent/unquoted_prefixed_delimiter
=== RUN   TestRemoveHeredocContent/multiple_prefixed_delimiters
--- PASS: TestRemoveHeredocContent (0.00s)
    --- PASS: TestRemoveHeredocContent/simple_EOF_heredoc (0.00s)
    --- PASS: TestRemoveHeredocContent/unquoted_EOF_heredoc (0.00s)
    --- PASS: TestRemoveHeredocContent/JSON_delimiter (0.00s)
    --- PASS: TestRemoveHeredocContent/expression_outside_heredoc (0.00s)
    --- PASS: TestRemoveHeredocContent/multiple_heredocs (0.00s)
    --- PASS: TestRemoveHeredocContent/no_heredoc (0.00s)
    --- PASS: TestRemoveHeredocContent/heredoc_with_indentation (0.00s)
    --- PASS: TestRemoveHeredocContent/prefixed_EOF_delimiter_-_safe_outputs_config (0.00s)
    --- PASS: TestRemoveHeredocContent/prefixed_JSON_delimiter (0.00s)
    --- PASS: TestRemoveHeredocContent/prefixed_YAML_delimiter (0.00s)
    --- PASS: TestRemoveHeredocContent/unquoted_prefixed_delimiter (0.00s)
    --- PASS: TestRemoveHeredocContent/multiple_prefixed_delimiters (0.00s)
=== RUN   TestStripShellLineComments
=== RUN   TestStripShellLineComments/full_line_comment_stripped
=== RUN   TestStripShellLineComments/trailing_comment_stripped
=== RUN   TestStripShellLineComments/hash_in_double_quotes_is_preserved
=== RUN   TestStripShellLineComments/escaped_hash_is_preserved
--- PASS: TestStripShellLineComments (0.00s)
    --- PASS: TestStripShellLineComments/full_line_comment_stripped (0.00s)
    --- PASS: TestStripShellLineComments/trailing_comment_stripped (0.00s)
    --- PASS: TestStripShellLineComments/hash_in_double_quotes_is_preserved (0.00s)
    --- PASS: TestStripShellLineComments/escaped_hash_is_preserved (0.00s)
=== RUN   TestTemplateInjectionYAMLKeyOrdering
=== RUN   TestTemplateInjectionYAMLKeyOrdering/safe_-_env_after_run_with_pipe_keep_indicator
=== RUN   TestTemplateInjectionYAMLKeyOrdering/safe_-_env_after_run_with_pipe_strip_indicator
=== RUN   TestTemplateInjectionYAMLKeyOrdering/safe_-_env_before_run_(original_ordering)
=== RUN   TestTemplateInjectionYAMLKeyOrdering/safe_-_multiple_YAML_keys_after_run
=== RUN   TestTemplateInjectionYAMLKeyOrdering/safe_-_with_block_after_run
=== RUN   TestTemplateInjectionYAMLKeyOrdering/unsafe_-_expression_directly_in_run_block
=== RUN   TestTemplateInjectionYAMLKeyOrdering/safe_-_env_after_run_in_custom_job_step
=== RUN   TestTemplateInjectionYAMLKeyOrdering/safe_-_if_condition_after_run
=== RUN   TestTemplateInjectionYAMLKeyOrdering/safe_-_timeout-minutes_after_run
=== RUN   TestTemplateInjectionYAMLKeyOrdering/safe_-_continue-on-error_after_run
--- PASS: TestTemplateInjectionYAMLKeyOrdering (0.00s)
    --- PASS: TestTemplateInjectionYAMLKeyOrdering/safe_-_env_after_run_with_pipe_keep_indicator (0.00s)
    --- PASS: TestTemplateInjectionYAMLKeyOrdering/safe_-_env_after_run_with_pipe_strip_indicator (0.00s)
    --- PASS: TestTemplateInjectionYAMLKeyOrdering/safe_-_env_before_run_(original_ordering) (0.00s)
    --- PASS: TestTemplateInjectionYAMLKeyOrdering/safe_-_multiple_YAML_keys_after_run (0.00s)
    --- PASS: TestTemplateInjectionYAMLKeyOrdering/safe_-_with_block_after_run (0.00s)
    --- PASS: TestTemplateInjectionYAMLKeyOrdering/unsafe_-_expression_directly_in_run_block (0.00s)
    --- PASS: TestTemplateInjectionYAMLKeyOrdering/safe_-_env_after_run_in_custom_job_step (0.00s)
    --- PASS: TestTemplateInjectionYAMLKeyOrdering/safe_-_if_condition_after_run (0.00s)
    --- PASS: TestTemplateInjectionYAMLKeyOrdering/safe_-_timeout-minutes_after_run (0.00s)
    --- PASS: TestTemplateInjectionYAMLKeyOrdering/safe_-_continue-on-error_after_run (0.00s)
=== RUN   TestTemplateInjectionInvalidYAML
=== RUN   TestTemplateInjectionInvalidYAML/malformed_YAML_-_missing_closing_bracket
=== RUN   TestTemplateInjectionInvalidYAML/malformed_YAML_-_invalid_indentation
=== RUN   TestTemplateInjectionInvalidYAML/malformed_YAML_-_missing_colon
=== RUN   TestTemplateInjectionInvalidYAML/malformed_YAML_-_tabs_instead_of_spaces
=== RUN   TestTemplateInjectionInvalidYAML/empty_YAML
=== RUN   TestTemplateInjectionInvalidYAML/whitespace_only_YAML
=== RUN   TestTemplateInjectionInvalidYAML/malformed_YAML_-_unquoted_colon_in_value
=== RUN   TestTemplateInjectionInvalidYAML/valid_YAML_with_complex_nested_structure
=== RUN   TestTemplateInjectionInvalidYAML/valid_YAML_with_multiple_jobs
=== RUN   TestTemplateInjectionInvalidYAML/YAML_with_comments_and_unsafe_expression
--- PASS: TestTemplateInjectionInvalidYAML (0.00s)
    --- PASS: TestTemplateInjectionInvalidYAML/malformed_YAML_-_missing_closing_bracket (0.00s)
    --- PASS: TestTemplateInjectionInvalidYAML/malformed_YAML_-_invalid_indentation (0.00s)
    --- PASS: TestTemplateInjectionInvalidYAML/malformed_YAML_-_missing_colon (0.00s)
    --- PASS: TestTemplateInjectionInvalidYAML/malformed_YAML_-_tabs_instead_of_spaces (0.00s)
    --- PASS: TestTemplateInjectionInvalidYAML/empty_YAML (0.00s)
    --- PASS: TestTemplateInjectionInvalidYAML/whitespace_only_YAML (0.00s)
    --- PASS: TestTemplateInjectionInvalidYAML/malformed_YAML_-_unquoted_colon_in_value (0.00s)
    --- PASS: TestTemplateInjectionInvalidYAML/valid_YAML_with_complex_nested_structure (0.00s)
    --- PASS: TestTemplateInjectionInvalidYAML/valid_YAML_with_multiple_jobs (0.00s)
    --- PASS: TestTemplateInjectionInvalidYAML/YAML_with_comments_and_unsafe_expression (0.00s)
=== RUN   TestTemplateInjectionYAMLParsingEdgeCases
=== RUN   TestTemplateInjectionYAMLParsingEdgeCases/run_field_with_null_value
=== RUN   TestTemplateInjectionYAMLParsingEdgeCases/run_field_with_numeric_value_(invalid_but_should_handle)
=== RUN   TestTemplateInjectionYAMLParsingEdgeCases/run_field_with_boolean_value
=== RUN   TestTemplateInjectionYAMLParsingEdgeCases/run_field_with_array_value_(invalid)
=== RUN   TestTemplateInjectionYAMLParsingEdgeCases/run_field_with_map_value_(invalid)
=== RUN   TestTemplateInjectionYAMLParsingEdgeCases/deeply_nested_jobs_structure
=== RUN   TestTemplateInjectionYAMLParsingEdgeCases/steps_with_uses_instead_of_run
=== RUN   TestTemplateInjectionYAMLParsingEdgeCases/mix_of_uses_and_run_steps
=== RUN   TestTemplateInjectionYAMLParsingEdgeCases/empty_steps_array
=== RUN   TestTemplateInjectionYAMLParsingEdgeCases/missing_steps_field
=== RUN   TestTemplateInjectionYAMLParsingEdgeCases/run_with_multiline_string_using_pipe
=== RUN   TestTemplateInjectionYAMLParsingEdgeCases/run_with_multiline_string_using_greater_than
=== RUN   TestTemplateInjectionYAMLParsingEdgeCases/run_with_literal_block_chomping_indicators
=== RUN   TestTemplateInjectionYAMLParsingEdgeCases/run_with_keep_chomping_indicator
--- PASS: TestTemplateInjectionYAMLParsingEdgeCases (0.00s)
    --- PASS: TestTemplateInjectionYAMLParsingEdgeCases/run_field_with_null_value (0.00s)
    --- PASS: TestTemplateInjectionYAMLParsingEdgeCases/run_field_with_numeric_value_(invalid_but_should_handle) (0.00s)
    --- PASS: TestTemplateInjectionYAMLParsingEdgeCases/run_field_with_boolean_value (0.00s)
    --- PASS: TestTemplateInjectionYAMLParsingEdgeCases/run_field_with_array_value_(invalid) (0.00s)
    --- PASS: TestTemplateInjectionYAMLParsingEdgeCases/run_field_with_map_value_(invalid) (0.00s)
    --- PASS: TestTemplateInjectionYAMLParsingEdgeCases/deeply_nested_jobs_structure (0.00s)
    --- PASS: TestTemplateInjectionYAMLParsingEdgeCases/steps_with_uses_instead_of_run (0.00s)
    --- PASS: TestTemplateInjectionYAMLParsingEdgeCases/mix_of_uses_and_run_steps (0.00s)
    --- PASS: TestTemplateInjectionYAMLParsingEdgeCases/empty_steps_array (0.00s)
    --- PASS: TestTemplateInjectionYAMLParsingEdgeCases/missing_steps_field (0.00s)
    --- PASS: TestTemplateInjectionYAMLParsingEdgeCases/run_with_multiline_string_using_pipe (0.00s)
    --- PASS: TestTemplateInjectionYAMLParsingEdgeCases/run_with_multiline_string_using_greater_than (0.00s)
    --- PASS: TestTemplateInjectionYAMLParsingEdgeCases/run_with_literal_block_chomping_indicators (0.00s)
    --- PASS: TestTemplateInjectionYAMLParsingEdgeCases/run_with_keep_chomping_indicator (0.00s)
=== RUN   TestHasNonAllowedExpressionInRunContent
=== RUN   TestHasNonAllowedExpressionInRunContent/no_expressions_anywhere
=== RUN   TestHasNonAllowedExpressionInRunContent/allowed_runner.temp_expression_in_run_block
=== RUN   TestHasNonAllowedExpressionInRunContent/allowed_env_expression_in_run_block
=== RUN   TestHasNonAllowedExpressionInRunContent/allowed_vars_expression_in_run_block
=== RUN   TestHasNonAllowedExpressionInRunContent/allowed_github.repository_in_run_block
=== RUN   TestHasNonAllowedExpressionInRunContent/allowed_github.run_id_in_run_block
=== RUN   TestHasNonAllowedExpressionInRunContent/allowed_github.workspace_in_run_block
=== RUN   TestHasNonAllowedExpressionInRunContent/allowed_parse_guard_output_in_run_block
=== RUN   TestHasNonAllowedExpressionInRunContent/allowed_service_port_expression_in_run_block
=== RUN   TestHasNonAllowedExpressionInRunContent/disallowed_user-controlled_expression_in_run_block
=== RUN   TestHasNonAllowedExpressionInRunContent/disallowed_steps_output_expression_in_run_block
=== RUN   TestHasNonAllowedExpressionInRunContent/disallowed_output_from_non-allow-listed_step
=== RUN   TestHasNonAllowedExpressionInRunContent/mixed_allowed_and_disallowed_expressions_on_same_line
=== RUN   TestHasNonAllowedExpressionInRunContent/expression_in_env_field_(not_in_run_block)
=== RUN   TestHasNonAllowedExpressionInRunContent/allowed_expression_in_multiline_run_block
=== RUN   TestHasNonAllowedExpressionInRunContent/disallowed_expression_in_multiline_run_block
=== RUN   TestHasNonAllowedExpressionInRunContent/flow-style_run_step_with_disallowed_expression
=== RUN   TestHasNonAllowedExpressionInRunContent/quoted_run_key_with_disallowed_expression
--- PASS: TestHasNonAllowedExpressionInRunContent (0.00s)
    --- PASS: TestHasNonAllowedExpressionInRunContent/no_expressions_anywhere (0.00s)
    --- PASS: TestHasNonAllowedExpressionInRunContent/allowed_runner.temp_expression_in_run_block (0.00s)
    --- PASS: TestHasNonAllowedExpressionInRunContent/allowed_env_expression_in_run_block (0.00s)
    --- PASS: TestHasNonAllowedExpressionInRunContent/allowed_vars_expression_in_run_block (0.00s)
    --- PASS: TestHasNonAllowedExpressionInRunContent/allowed_github.repository_in_run_block (0.00s)
    --- PASS: TestHasNonAllowedExpressionInRunContent/allowed_github.run_id_in_run_block (0.00s)
    --- PASS: TestHasNonAllowedExpressionInRunContent/allowed_github.workspace_in_run_block (0.00s)
    --- PASS: TestHasNonAllowedExpressionInRunContent/allowed_parse_guard_output_in_run_block (0.00s)
    --- PASS: TestHasNonAllowedExpressionInRunContent/allowed_service_port_expression_in_run_block (0.00s)
    --- PASS: TestHasNonAllowedExpressionInRunContent/disallowed_user-controlled_expression_in_run_block (0.00s)
    --- PASS: TestHasNonAllowedExpressionInRunContent/disallowed_steps_output_expression_in_run_block (0.00s)
    --- PASS: TestHasNonAllowedExpressionInRunContent/disallowed_output_from_non-allow-listed_step (0.00s)
    --- PASS: TestHasNonAllowedExpressionInRunContent/mixed_allowed_and_disallowed_expressions_on_same_line (0.00s)
    --- PASS: TestHasNonAllowedExpressionInRunContent/expression_in_env_field_(not_in_run_block) (0.00s)
    --- PASS: TestHasNonAllowedExpressionInRunContent/allowed_expression_in_multiline_run_block (0.00s)
    --- PASS: TestHasNonAllowedExpressionInRunContent/disallowed_expression_in_multiline_run_block (0.00s)
    --- PASS: TestHasNonAllowedExpressionInRunContent/flow-style_run_step_with_disallowed_expression (0.00s)
    --- PASS: TestHasNonAllowedExpressionInRunContent/quoted_run_key_with_disallowed_expression (0.00s)
=== RUN   TestGoJavaScriptPatternConsistency
=== RUN   TestGoJavaScriptPatternConsistency/no_leading_whitespace
=== RUN   TestGoJavaScriptPatternConsistency/two_leading_spaces
=== RUN   TestGoJavaScriptPatternConsistency/four_leading_spaces
=== RUN   TestGoJavaScriptPatternConsistency/tab_leading
=== RUN   TestGoJavaScriptPatternConsistency/mixed_whitespace_leading
=== RUN   TestGoJavaScriptPatternConsistency/inline_with_text_before
=== RUN   TestGoJavaScriptPatternConsistency/complete_block_no_leading_space
=== RUN   TestGoJavaScriptPatternConsistency/complete_block_two_leading_spaces
=== RUN   TestGoJavaScriptPatternConsistency/complete_block_four_leading_spaces
=== RUN   TestGoJavaScriptPatternConsistency/complete_block_tab_leading
=== RUN   TestGoJavaScriptPatternConsistency/complete_inline_block_(no_newlines)
=== RUN   TestGoJavaScriptPatternConsistency/complete_inline_block_with_leading_spaces
=== RUN   TestGoJavaScriptPatternConsistency/evaluated_expression_no_leading_space
=== RUN   TestGoJavaScriptPatternConsistency/evaluated_expression_with_leading_spaces
=== RUN   TestGoJavaScriptPatternConsistency/complete_block_with_evaluated_expression_and_leading_spaces
--- PASS: TestGoJavaScriptPatternConsistency (0.00s)
    --- PASS: TestGoJavaScriptPatternConsistency/no_leading_whitespace (0.00s)
    --- PASS: TestGoJavaScriptPatternConsistency/two_leading_spaces (0.00s)
    --- PASS: TestGoJavaScriptPatternConsistency/four_leading_spaces (0.00s)
    --- PASS: TestGoJavaScriptPatternConsistency/tab_leading (0.00s)
    --- PASS: TestGoJavaScriptPatternConsistency/mixed_whitespace_leading (0.00s)
    --- PASS: TestGoJavaScriptPatternConsistency/inline_with_text_before (0.00s)
    --- PASS: TestGoJavaScriptPatternConsistency/complete_block_no_leading_space (0.00s)
    --- PASS: TestGoJavaScriptPatternConsistency/complete_block_two_leading_spaces (0.00s)
    --- PASS: TestGoJavaScriptPatternConsistency/complete_block_four_leading_spaces (0.00s)
    --- PASS: TestGoJavaScriptPatternConsistency/complete_block_tab_leading (0.00s)
    --- PASS: TestGoJavaScriptPatternConsistency/complete_inline_block_(no_newlines) (0.00s)
    --- PASS: TestGoJavaScriptPatternConsistency/complete_inline_block_with_leading_spaces (0.00s)
    --- PASS: TestGoJavaScriptPatternConsistency/evaluated_expression_no_leading_space (0.00s)
    --- PASS: TestGoJavaScriptPatternConsistency/evaluated_expression_with_leading_spaces (0.00s)
    --- PASS: TestGoJavaScriptPatternConsistency/complete_block_with_evaluated_expression_and_leading_spaces (0.00s)
=== RUN   TestPatternMatchesLeadingWhitespace
=== RUN   TestPatternMatchesLeadingWhitespace/no_indent
=== RUN   TestPatternMatchesLeadingWhitespace/2_spaces
=== RUN   TestPatternMatchesLeadingWhitespace/4_spaces
=== RUN   TestPatternMatchesLeadingWhitespace/tab
=== RUN   TestPatternMatchesLeadingWhitespace/mixed
--- PASS: TestPatternMatchesLeadingWhitespace (0.00s)
    --- PASS: TestPatternMatchesLeadingWhitespace/no_indent (0.00s)
    --- PASS: TestPatternMatchesLeadingWhitespace/2_spaces (0.00s)
    --- PASS: TestPatternMatchesLeadingWhitespace/4_spaces (0.00s)
    --- PASS: TestPatternMatchesLeadingWhitespace/tab (0.00s)
    --- PASS: TestPatternMatchesLeadingWhitespace/mixed (0.00s)
=== RUN   TestTemplateRenderingStep
/tmp/gh-aw-test-runs/20260704-173215-1254793/template-rendering-test1449937160/test-template-rendering.md: warning: safe update mode detected unapproved changes

New restricted secret(s):
  - ANTHROPIC_API_KEY

Remediation options:
  1. Use the --approve flag to allow the changes.
  2. Revert the unapproved changes.
  3. Use an interactive coding agent to review and approve the changes.

✓ /tmp/gh-aw-test-runs/20260704-173215-1254793/template-rendering-test1449937160/test-template-rendering.md (78.0 KB)
--- PASS: TestTemplateRenderingStep (0.01s)
=== RUN   TestTemplateRenderingStepSkipped
/tmp/gh-aw-test-runs/20260704-173215-1254793/template-rendering-skip-test2198400077/test-no-template.md: warning: safe update mode detected unapproved changes

New restricted secret(s):
  - ANTHROPIC_API_KEY

Remediation options:
  1. Use the --approve flag to allow the changes.
  2. Revert the unapproved changes.
  3. Use an interactive coding agent to review and approve the changes.

✓ /tmp/gh-aw-test-runs/20260704-173215-1254793/template-rendering-skip-test2198400077/test-no-template.md (81.2 KB)
--- PASS: TestTemplateRenderingStepSkipped (0.01s)
=== RUN   TestTemplateRenderingStepWithGitHubTool
/tmp/gh-aw-test-runs/20260704-173215-1254793/template-rendering-github-test1235344827/test-github-tool.md: warning: safe update mode detected unapproved changes

New restricted secret(s):
  - ANTHROPIC_API_KEY

Remediation options:
  1. Use the --approve flag to allow the changes.
  2. Revert the unapproved changes.
  3. Use an interactive coding agent to review and approve the changes.

✓ /tmp/gh-aw-test-runs/20260704-173215-1254793/template-rendering-github-test1235344827/test-github-tool.md (77.9 KB)
--- PASS: TestTemplateRenderingStepWithGitHubTool (0.01s)
=== RUN   TestGenerateInterpolationAndTemplateStep_DeduplicatesEnvVars
--- PASS: TestGenerateInterpolationAndTemplateStep_DeduplicatesEnvVars (0.00s)
=== RUN   TestGenerateInterpolationAndTemplateStep_SkipPath
--- PASS: TestGenerateInterpolationAndTemplateStep_SkipPath (0.00s)
=== RUN   TestGenerateInterpolationAndTemplateStep_GeneratePath
--- PASS: TestGenerateInterpolationAndTemplateStep_GeneratePath (0.00s)
=== RUN   TestGenerateInterpolationAndTemplateStep_WithInlineSubAgent
--- PASS: TestGenerateInterpolationAndTemplateStep_WithInlineSubAgent (0.00s)
=== RUN   TestConcludeThreatDetectionScript_MissingResultContinueOnError
--- PASS: TestConcludeThreatDetectionScript_MissingResultContinueOnError (0.01s)
=== RUN   TestConcludeThreatDetectionScript_InvokesThreatDetectConclude
--- PASS: TestConcludeThreatDetectionScript_InvokesThreatDetectConclude (0.01s)
=== RUN   TestThreatDetectionSteps_UseFilePathReferences
=== RUN   TestThreatDetectionSteps_UseFilePathReferences/requires_setup_script
=== RUN   TestThreatDetectionSteps_UseFilePathReferences/no_inline_template
=== RUN   TestThreatDetectionSteps_UseFilePathReferences/calls_main_without_parameters
=== RUN   TestThreatDetectionSteps_UseFilePathReferences/no_environment_variable_for_agent_output
=== RUN   TestThreatDetectionSteps_UseFilePathReferences/no_old_AGENT_OUTPUT_replacement
--- PASS: TestThreatDetectionSteps_UseFilePathReferences (0.00s)
    --- PASS: TestThreatDetectionSteps_UseFilePathReferences/requires_setup_script (0.00s)
    --- PASS: TestThreatDetectionSteps_UseFilePathReferences/no_inline_template (0.00s)
    --- PASS: TestThreatDetectionSteps_UseFilePathReferences/calls_main_without_parameters (0.00s)
    --- PASS: TestThreatDetectionSteps_UseFilePathReferences/no_environment_variable_for_agent_output (0.00s)
    --- PASS: TestThreatDetectionSteps_UseFilePathReferences/no_old_AGENT_OUTPUT_replacement (0.00s)
=== RUN   TestThreatDetectionSteps_IncludeBashReadTools
--- PASS: TestThreatDetectionSteps_IncludeBashReadTools (0.00s)
=== RUN   TestThreatDetectionTemplate_UsesFilePathPlaceholder
=== RUN   TestThreatDetectionTemplate_UsesFilePathPlaceholder/has_Agent_Output_File_section
=== RUN   TestThreatDetectionTemplate_UsesFilePathPlaceholder/uses_AGENT_OUTPUT_FILE_placeholder
=== RUN   TestThreatDetectionTemplate_UsesFilePathPlaceholder/instructs_to_read_file
=== RUN   TestThreatDetectionTemplate_UsesFilePathPlaceholder/no_old_AGENT_OUTPUT_placeholder
=== RUN   TestThreatDetectionTemplate_UsesFilePathPlaceholder/no_agent-output_tag
--- PASS: TestThreatDetectionTemplate_UsesFilePathPlaceholder (0.00s)
    --- PASS: TestThreatDetectionTemplate_UsesFilePathPlaceholder/has_Agent_Output_File_section (0.00s)
    --- PASS: TestThreatDetectionTemplate_UsesFilePathPlaceholder/uses_AGENT_OUTPUT_FILE_placeholder (0.00s)
    --- PASS: TestThreatDetectionTemplate_UsesFilePathPlaceholder/instructs_to_read_file (0.00s)
    --- PASS: TestThreatDetectionTemplate_UsesFilePathPlaceholder/no_old_AGENT_OUTPUT_placeholder (0.00s)
    --- PASS: TestThreatDetectionTemplate_UsesFilePathPlaceholder/no_agent-output_tag (0.00s)
=== RUN   TestThreatDetectionTemplate_IncludesNpmValidationGuidance
--- PASS: TestThreatDetectionTemplate_IncludesNpmValidationGuidance (0.00s)
=== RUN   TestBuildThreatDetectionAnalysisStep_ConfiguresEnvironment
=== RUN   TestBuildThreatDetectionAnalysisStep_ConfiguresEnvironment/basic_threat_detection_without_custom_prompt
=== RUN   TestBuildThreatDetectionAnalysisStep_ConfiguresEnvironment/with_custom_prompt
=== RUN   TestBuildThreatDetectionAnalysisStep_ConfiguresEnvironment/includes_workflow_context_env_vars
=== RUN   TestBuildThreatDetectionAnalysisStep_ConfiguresEnvironment/includes_HAS_PATCH_env_var
--- PASS: TestBuildThreatDetectionAnalysisStep_ConfiguresEnvironment (0.00s)
    --- PASS: TestBuildThreatDetectionAnalysisStep_ConfiguresEnvironment/basic_threat_detection_without_custom_prompt (0.00s)
    --- PASS: TestBuildThreatDetectionAnalysisStep_ConfiguresEnvironment/with_custom_prompt (0.00s)
    --- PASS: TestBuildThreatDetectionAnalysisStep_ConfiguresEnvironment/includes_workflow_context_env_vars (0.00s)
    --- PASS: TestBuildThreatDetectionAnalysisStep_ConfiguresEnvironment/includes_HAS_PATCH_env_var (0.00s)
=== RUN   TestThreatDetectionIsolation
/tmp/gh-aw-test-runs/20260704-173215-1254793/test-68313192/test-isolation.md: warning: Missing required permissions for GitHub toolsets:
  - issues: read (required by issues)
  - pull-requests: read (required by pull_requests)

To fix this, you can either:

Option 1: Add missing permissions to your workflow frontmatter:
permissions:
  issues: read
  pull-requests: read

See: https://github.com/github/gh-aw/blob/main/docs/src/content/docs/reference/permissions.md

Option 2: Reduce the required toolsets in your workflow:
Remove or adjust toolsets that require these permissions:
  - issues
  - pull_requests

/tmp/gh-aw-test-runs/20260704-173215-1254793/test-68313192/test-isolation.md: info: Tip: set permissions.copilot-requests: write to use GitHub Actions token-based inference with the Copilot engine instead of a personal access token (COPILOT_GITHUB_TOKEN). This option requires that your organization has centralized Copilot billing enabled and may not be available in all organizations — see https://github.github.com/gh-aw/reference/billing/ for details.

✓ /tmp/gh-aw-test-runs/20260704-173215-1254793/test-68313192/test-isolation.md (99.5 KB)
--- PASS: TestThreatDetectionIsolation (0.01s)
=== RUN   TestExternalDetectorPath
/tmp/gh-aw-test-runs/20260704-173215-1254793/test-external-detector-3975847531/test-external-detector.md: warning: Missing required permissions for GitHub toolsets:
  - issues: read (required by issues)
  - pull-requests: read (required by pull_requests)

To fix this, you can either:

Option 1: Add missing permissions to your workflow frontmatter:
permissions:
  issues: read
  pull-requests: read

See: https://github.com/github/gh-aw/blob/main/docs/src/content/docs/reference/permissions.md

Option 2: Reduce the required toolsets in your workflow:
Remove or adjust toolsets that require these permissions:
  - issues
  - pull_requests

/tmp/gh-aw-test-runs/20260704-173215-1254793/test-external-detector-3975847531/test-external-detector.md: info: Tip: set permissions.copilot-requests: write to use GitHub Actions token-based inference with the Copilot engine instead of a personal access token (COPILOT_GITHUB_TOKEN). This option requires that your organization has centralized Copilot billing enabled and may not be available in all organizations — see https://github.github.com/gh-aw/reference/billing/ for details.

⚠ Using experimental feature: gh-aw-detection
✓ /tmp/gh-aw-test-runs/20260704-173215-1254793/test-external-detector-3975847531/test-external-detector.md (97.2 KB)
--- PASS: TestExternalDetectorPath (0.01s)
=== RUN   TestExternalDetectorPathUsesCopilotForPiWorkflows
/tmp/gh-aw-test-runs/20260704-173215-1254793/test-external-detector-pi-3598508378/test-external-detector-pi.md: warning: Missing required permissions for GitHub toolsets:
  - issues: read (required by issues)
  - pull-requests: read (required by pull_requests)

To fix this, you can either:

Option 1: Add missing permissions to your workflow frontmatter:
permissions:
  issues: read
  pull-requests: read

See: https://github.com/github/gh-aw/blob/main/docs/src/content/docs/reference/permissions.md

Option 2: Reduce the required toolsets in your workflow:
Remove or adjust toolsets that require these permissions:
  - issues
  - pull_requests

⚠ Using experimental feature: gh-aw-detection
✓ /tmp/gh-aw-test-runs/20260704-173215-1254793/test-external-detector-pi-3598508378/test-external-detector-pi.md (94.5 KB)
--- PASS: TestExternalDetectorPathUsesCopilotForPiWorkflows (0.01s)
=== RUN   TestInlineDetectionUsesCopilotForPiWorkflows
/tmp/gh-aw-test-runs/20260704-173215-1254793/test-inline-detector-pi-1681959264/test-inline-detector-pi.md: warning: Missing required permissions for GitHub toolsets:
  - issues: read (required by issues)
  - pull-requests: read (required by pull_requests)

To fix this, you can either:

Option 1: Add missing permissions to your workflow frontmatter:
permissions:
  issues: read
  pull-requests: read

See: https://github.com/github/gh-aw/blob/main/docs/src/content/docs/reference/permissions.md

Option 2: Reduce the required toolsets in your workflow:
Remove or adjust toolsets that require these permissions:
  - issues
  - pull_requests

✓ /tmp/gh-aw-test-runs/20260704-173215-1254793/test-inline-detector-pi-1681959264/test-inline-detector-pi.md (96.8 KB)
--- PASS: TestInlineDetectionUsesCopilotForPiWorkflows (0.01s)
=== RUN   TestExternalDetectorPathPreparesCodexConfig
/tmp/gh-aw-test-runs/20260704-173215-1254793/test-external-detector-codex-3262714383/test-external-detector-codex.md: warning: Missing required permissions for GitHub toolsets:
  - issues: read (required by issues)
  - pull-requests: read (required by pull_requests)

To fix this, you can either:

Option 1: Add missing permissions to your workflow frontmatter:
permissions:
  issues: read
  pull-requests: read

See: https://github.com/github/gh-aw/blob/main/docs/src/content/docs/reference/permissions.md

Option 2: Reduce the required toolsets in your workflow:
Remove or adjust toolsets that require these permissions:
  - issues
  - pull_requests

⚠ Using experimental feature: gh-aw-detection
/tmp/gh-aw-test-runs/20260704-173215-1254793/test-external-detector-codex-3262714383/test-external-detector-codex.md: warning: safe update mode detected unapproved changes

New restricted secret(s):
  - CODEX_API_KEY
  - OPENAI_API_KEY

Remediation options:
  1. Use the --approve flag to allow the changes.
  2. Revert the unapproved changes.
  3. Use an interactive coding agent to review and approve the changes.

✓ /tmp/gh-aw-test-runs/20260704-173215-1254793/test-external-detector-codex-3262714383/test-external-detector-codex.md (100.3 KB)
--- PASS: TestExternalDetectorPathPreparesCodexConfig (0.01s)
=== RUN   TestParseThreatDetectionConfig
=== RUN   TestParseThreatDetectionConfig/missing_threat-detection_should_return_default_enabled
=== RUN   TestParseThreatDetectionConfig/boolean_true_should_enable_with_defaults
=== RUN   TestParseThreatDetectionConfig/boolean_false_should_return_nil
=== RUN   TestParseThreatDetectionConfig/object_with_enabled_true
=== RUN   TestParseThreatDetectionConfig/object_with_enabled_false
=== RUN   TestParseThreatDetectionConfig/object_with_custom_steps
=== RUN   TestParseThreatDetectionConfig/object_with_custom_post-steps
=== RUN   TestParseThreatDetectionConfig/object_with_custom_prompt
=== RUN   TestParseThreatDetectionConfig/object_with_all_overrides_including_pre_and_post_steps
=== RUN   TestParseThreatDetectionConfig/object_with_runs-on_override
=== RUN   TestParseThreatDetectionConfig/object_with_runs-on_array_override
=== RUN   TestParseThreatDetectionConfig/object_with_runs-on_group+labels_override
=== RUN   TestParseThreatDetectionConfig/object_with_continue-on-error_true
=== RUN   TestParseThreatDetectionConfig/object_with_continue-on-error_false
=== RUN   TestParseThreatDetectionConfig/object_with_max-ai-credits_override
=== RUN   TestParseThreatDetectionConfig/expression_string_for_max-ai-credits_is_treated_as_unset_(schema_disallows_expressions;_parser_returns_0)
--- PASS: TestParseThreatDetectionConfig (0.00s)
    --- PASS: TestParseThreatDetectionConfig/missing_threat-detection_should_return_default_enabled (0.00s)
    --- PASS: TestParseThreatDetectionConfig/boolean_true_should_enable_with_defaults (0.00s)
    --- PASS: TestParseThreatDetectionConfig/boolean_false_should_return_nil (0.00s)
    --- PASS: TestParseThreatDetectionConfig/object_with_enabled_true (0.00s)
    --- PASS: TestParseThreatDetectionConfig/object_with_enabled_false (0.00s)
    --- PASS: TestParseThreatDetectionConfig/object_with_custom_steps (0.00s)
    --- PASS: TestParseThreatDetectionConfig/object_with_custom_post-steps (0.00s)
    --- PASS: TestParseThreatDetectionConfig/object_with_custom_prompt (0.00s)
    --- PASS: TestParseThreatDetectionConfig/object_with_all_overrides_including_pre_and_post_steps (0.00s)
    --- PASS: TestParseThreatDetectionConfig/object_with_runs-on_override (0.00s)
    --- PASS: TestParseThreatDetectionConfig/object_with_runs-on_array_override (0.00s)
    --- PASS: TestParseThreatDetectionConfig/object_with_runs-on_group+labels_override (0.00s)
    --- PASS: TestParseThreatDetectionConfig/object_with_continue-on-error_true (0.00s)
    --- PASS: TestParseThreatDetectionConfig/object_with_continue-on-error_false (0.00s)
    --- PASS: TestParseThreatDetectionConfig/object_with_max-ai-credits_override (0.00s)
    --- PASS: TestParseThreatDetectionConfig/expression_string_for_max-ai-credits_is_treated_as_unset_(schema_disallows_expressions;_parser_returns_0) (0.00s)
=== RUN   TestIsContinueOnError
=== RUN   TestIsContinueOnError/default_(nil)_continues_on_error
=== RUN   TestIsContinueOnError/explicit_true_continues_on_error
=== RUN   TestIsContinueOnError/explicit_false_does_not_continue_on_error
--- PASS: TestIsContinueOnError (0.00s)
    --- PASS: TestIsContinueOnError/default_(nil)_continues_on_error (0.00s)
    --- PASS: TestIsContinueOnError/explicit_true_continues_on_error (0.00s)
    --- PASS: TestIsContinueOnError/explicit_false_does_not_continue_on_error (0.00s)
=== RUN   TestThreatDetectionDefaultBehavior
--- PASS: TestThreatDetectionDefaultBehavior (0.00s)
=== RUN   TestThreatDetectionExplicitDisable
--- PASS: TestThreatDetectionExplicitDisable (0.00s)
=== RUN   TestThreatDetectionInlineStepsDependencies
--- PASS: TestThreatDetectionInlineStepsDependencies (0.00s)
=== RUN   TestThreatDetectionCustomPrompt
--- PASS: TestThreatDetectionCustomPrompt (0.00s)
=== RUN   TestThreatDetectionWithEngineConfig
=== RUN   TestThreatDetectionWithEngineConfig/engine_field_as_string
=== RUN   TestThreatDetectionWithEngineConfig/engine_field_as_object_with_id
=== RUN   TestThreatDetectionWithEngineConfig/no_engine_field_uses_default
--- PASS: TestThreatDetectionWithEngineConfig (0.00s)
    --- PASS: TestThreatDetectionWithEngineConfig/engine_field_as_string (0.00s)
    --- PASS: TestThreatDetectionWithEngineConfig/engine_field_as_object_with_id (0.00s)
    --- PASS: TestThreatDetectionWithEngineConfig/no_engine_field_uses_default (0.00s)
=== RUN   TestThreatDetectionStepsOrdering
=== RUN   TestThreatDetectionStepsOrdering/pre-steps_come_before_engine_execution
=== RUN   TestThreatDetectionStepsOrdering/post-steps_come_after_engine_execution_and_before_upload
=== RUN   TestThreatDetectionStepsOrdering/pre-steps_and_post-steps_both_present_in_correct_order
--- PASS: TestThreatDetectionStepsOrdering (0.00s)
    --- PASS: TestThreatDetectionStepsOrdering/pre-steps_come_before_engine_execution (0.00s)
    --- PASS: TestThreatDetectionStepsOrdering/post-steps_come_after_engine_execution_and_before_upload (0.00s)
    --- PASS: TestThreatDetectionStepsOrdering/pre-steps_and_post-steps_both_present_in_correct_order (0.00s)
=== RUN   TestCustomThreatDetectionStepsGuardCondition
=== RUN   TestCustomThreatDetectionStepsGuardCondition/injects_detection_guard_condition_when_no_if:_present
=== RUN   TestCustomThreatDetectionStepsGuardCondition/preserves_user-provided_if:_condition
--- PASS: TestCustomThreatDetectionStepsGuardCondition (0.00s)
    --- PASS: TestCustomThreatDetectionStepsGuardCondition/injects_detection_guard_condition_when_no_if:_present (0.00s)
    --- PASS: TestCustomThreatDetectionStepsGuardCondition/preserves_user-provided_if:_condition (0.00s)
=== RUN   TestBuildDetectionEngineExecutionStepWithThreatDetectionEngine
=== RUN   TestBuildDetectionEngineExecutionStepWithThreatDetectionEngine/uses_main_engine_when_no_threat_detection_engine_specified
=== RUN   TestBuildDetectionEngineExecutionStepWithThreatDetectionEngine/uses_threat_detection_engine_when_specified_as_string
=== RUN   TestBuildDetectionEngineExecutionStepWithThreatDetectionEngine/uses_threat_detection_engine_config_when_specified
--- PASS: TestBuildDetectionEngineExecutionStepWithThreatDetectionEngine (0.00s)
    --- PASS: TestBuildDetectionEngineExecutionStepWithThreatDetectionEngine/uses_main_engine_when_no_threat_detection_engine_specified (0.00s)
    --- PASS: TestBuildDetectionEngineExecutionStepWithThreatDetectionEngine/uses_threat_detection_engine_when_specified_as_string (0.00s)
    --- PASS: TestBuildDetectionEngineExecutionStepWithThreatDetectionEngine/uses_threat_detection_engine_config_when_specified (0.00s)
=== RUN   TestBuildDetectionEngineExecutionStepMaxAICredits
=== RUN   TestBuildDetectionEngineExecutionStepMaxAICredits/uses_detection_runtime_default_expression_when_threat-detection_max-ai-credits_is_unset
=== RUN   TestBuildDetectionEngineExecutionStepMaxAICredits/uses_explicit_threat-detection_max-ai-credits_when_provided
--- PASS: TestBuildDetectionEngineExecutionStepMaxAICredits (0.00s)
    --- PASS: TestBuildDetectionEngineExecutionStepMaxAICredits/uses_detection_runtime_default_expression_when_threat-detection_max-ai-credits_is_unset (0.00s)
    --- PASS: TestBuildDetectionEngineExecutionStepMaxAICredits/uses_explicit_threat-detection_max-ai-credits_when_provided (0.00s)
=== RUN   TestBuildDetectionEngineExecutionStepMaxAICreditsNotInheritedFromMainAgent
--- PASS: TestBuildDetectionEngineExecutionStepMaxAICreditsNotInheritedFromMainAgent (0.00s)
=== RUN   TestBuildDetectionEngineExecutionStepCodexIncludesMCPSetup
--- PASS: TestBuildDetectionEngineExecutionStepCodexIncludesMCPSetup (0.00s)
=== RUN   TestBuildDetectionJobStepsCodexAvoidsDuplicateContainerPullStep
--- PASS: TestBuildDetectionJobStepsCodexAvoidsDuplicateContainerPullStep (0.00s)
=== RUN   TestBuildUploadDetectionLogStep
--- PASS: TestBuildUploadDetectionLogStep (0.00s)
=== RUN   TestThreatDetectionStepsIncludeUpload
--- PASS: TestThreatDetectionStepsIncludeUpload (0.00s)
=== RUN   TestSetupScriptReferencesPromptFile
--- PASS: TestSetupScriptReferencesPromptFile (0.00s)
=== RUN   TestBuildWorkflowContextEnvVarsExcludesMarkdown
--- PASS: TestBuildWorkflowContextEnvVarsExcludesMarkdown (0.00s)
=== RUN   TestThreatDetectionEngineFalse
--- PASS: TestThreatDetectionEngineFalse (0.00s)
=== RUN   TestDetectionGuardStepCondition
--- PASS: TestDetectionGuardStepCondition (0.00s)
=== RUN   TestPrepareDetectionFilesStepWarnsWhenPromptContextMissingOrEmpty
--- PASS: TestPrepareDetectionFilesStepWarnsWhenPromptContextMissingOrEmpty (0.00s)
=== RUN   TestDetectionJobLevelCondition
--- PASS: TestDetectionJobLevelCondition (0.00s)
=== RUN   TestBuildDetectionEngineExecutionStepStripsAgentField
=== RUN   TestBuildDetectionEngineExecutionStepStripsAgentField/agent_field_stripped_when_model_is_explicitly_configured
=== RUN   TestBuildDetectionEngineExecutionStepStripsAgentField/agent_field_stripped_when_no_model_configured
--- PASS: TestBuildDetectionEngineExecutionStepStripsAgentField (0.00s)
    --- PASS: TestBuildDetectionEngineExecutionStepStripsAgentField/agent_field_stripped_when_model_is_explicitly_configured (0.00s)
    --- PASS: TestBuildDetectionEngineExecutionStepStripsAgentField/agent_field_stripped_when_no_model_configured (0.00s)
=== RUN   TestCopilotDetectionDefaultModel
=== RUN   TestCopilotDetectionDefaultModel/copilot_engine_without_model_uses_native_CLI_default_via_env_var
=== RUN   TestCopilotDetectionDefaultModel/detection_model_uses_enterprise_default_override_when_configured
=== RUN   TestCopilotDetectionDefaultModel/copilot_engine_with_custom_model_uses_specified_model
=== RUN   TestCopilotDetectionDefaultModel/copilot_engine_with_threat_detection_engine_config_with_custom_model
=== RUN   TestCopilotDetectionDefaultModel/copilot_engine_with_threat_detection_engine_config_without_model_uses_native_CLI_default_via_env_var
=== RUN   TestCopilotDetectionDefaultModel/claude_engine_does_not_add_model_parameter
--- PASS: TestCopilotDetectionDefaultModel (0.00s)
    --- PASS: TestCopilotDetectionDefaultModel/copilot_engine_without_model_uses_native_CLI_default_via_env_var (0.00s)
    --- PASS: TestCopilotDetectionDefaultModel/detection_model_uses_enterprise_default_override_when_configured (0.00s)
    --- PASS: TestCopilotDetectionDefaultModel/copilot_engine_with_custom_model_uses_specified_model (0.00s)
    --- PASS: TestCopilotDetectionDefaultModel/copilot_engine_with_threat_detection_engine_config_with_custom_model (0.00s)
    --- PASS: TestCopilotDetectionDefaultModel/copilot_engine_with_threat_detection_engine_config_without_model_uses_native_CLI_default_via_env_var (0.00s)
    --- PASS: TestCopilotDetectionDefaultModel/claude_engine_does_not_add_model_parameter (0.00s)
=== RUN   TestBuildDetectionEngineExecutionStepPropagatesAPITarget
=== RUN   TestBuildDetectionEngineExecutionStepPropagatesAPITarget/api-target_from_main_engine_config_is_propagated_to_detection_step
=== RUN   TestBuildDetectionEngineExecutionStepPropagatesAPITarget/api-target_inherited_when_threat_detection_has_its_own_engine_config_without_api-target
=== RUN   TestBuildDetectionEngineExecutionStepPropagatesAPITarget/detection_engine_config_api-target_takes_precedence_over_main_engine_config
=== RUN   TestBuildDetectionEngineExecutionStepPropagatesAPITarget/no_api-target_when_main_engine_config_has_none
--- PASS: TestBuildDetectionEngineExecutionStepPropagatesAPITarget (0.00s)
    --- PASS: TestBuildDetectionEngineExecutionStepPropagatesAPITarget/api-target_from_main_engine_config_is_propagated_to_detection_step (0.00s)
    --- PASS: TestBuildDetectionEngineExecutionStepPropagatesAPITarget/api-target_inherited_when_threat_detection_has_its_own_engine_config_without_api-target (0.00s)
    --- PASS: TestBuildDetectionEngineExecutionStepPropagatesAPITarget/detection_engine_config_api-target_takes_precedence_over_main_engine_config (0.00s)
    --- PASS: TestBuildDetectionEngineExecutionStepPropagatesAPITarget/no_api-target_when_main_engine_config_has_none (0.00s)
=== RUN   TestBuildDetectionEngineExecutionStepPropagatesBYOKProviderHost
=== RUN   TestBuildDetectionEngineExecutionStepPropagatesBYOKProviderHost/detection_allow-domains_includes_BYOK_provider_host
=== RUN   TestBuildDetectionEngineExecutionStepPropagatesBYOKProviderHost/detection_allow-domains_stays_minimal_without_BYOK_provider_host
--- PASS: TestBuildDetectionEngineExecutionStepPropagatesBYOKProviderHost (0.00s)
    --- PASS: TestBuildDetectionEngineExecutionStepPropagatesBYOKProviderHost/detection_allow-domains_includes_BYOK_provider_host (0.00s)
    --- PASS: TestBuildDetectionEngineExecutionStepPropagatesBYOKProviderHost/detection_allow-domains_stays_minimal_without_BYOK_provider_host (0.00s)
=== RUN   TestDetectionJobPermissionsIndentation
=== RUN   TestDetectionJobPermissionsIndentation/copilot-requests_permission_produces_correctly_indented_permissions
=== RUN   TestDetectionJobPermissionsIndentation/copilot-requests_permission_omitted_from_output_when_not_configured
=== RUN   TestDetectionJobPermissionsIndentation/github-oidc_engine_auth_adds_id-token:_write_to_detection_job
=== RUN   TestDetectionJobPermissionsIndentation/observability.otlp.github-app_auth_adds_id-token:_write_to_detection_job
--- PASS: TestDetectionJobPermissionsIndentation (0.01s)
    --- PASS: TestDetectionJobPermissionsIndentation/copilot-requests_permission_produces_correctly_indented_permissions (0.00s)
    --- PASS: TestDetectionJobPermissionsIndentation/copilot-requests_permission_omitted_from_output_when_not_configured (0.00s)
    --- PASS: TestDetectionJobPermissionsIndentation/github-oidc_engine_auth_adds_id-token:_write_to_detection_job (0.00s)
    --- PASS: TestDetectionJobPermissionsIndentation/observability.otlp.github-app_auth_adds_id-token:_write_to_detection_job (0.00s)
=== RUN   TestWorkspaceCheckoutForDetectionStep
--- PASS: TestWorkspaceCheckoutForDetectionStep (0.00s)
=== RUN   TestDetectionJobAlwaysHasContentsRead
--- PASS: TestDetectionJobAlwaysHasContentsRead (0.00s)
=== RUN   TestWorkspaceCheckoutPresentWithCustomSteps
--- PASS: TestWorkspaceCheckoutPresentWithCustomSteps (0.00s)
=== RUN   TestWorkspaceCheckoutStepOrdering
--- PASS: TestWorkspaceCheckoutStepOrdering (0.00s)
=== RUN   TestCleanFirewallDirsStepPresent
--- PASS: TestCleanFirewallDirsStepPresent (0.00s)
=== RUN   TestCleanFirewallDirsStepOrdering
--- PASS: TestCleanFirewallDirsStepOrdering (0.00s)
=== RUN   TestBuildDetectionJobStepsCodexExternalDetectorIncludesContainerDownload
=== RUN   TestBuildDetectionJobStepsCodexExternalDetectorIncludesContainerDownload/codex_with_gh-aw-detection_includes_Download_container_images
=== RUN   TestBuildDetectionJobStepsCodexExternalDetectorIncludesContainerDownload/codex_without_gh-aw-detection_emits_exactly_one_container_download_(inline_path_via_MCP_setup)
--- PASS: TestBuildDetectionJobStepsCodexExternalDetectorIncludesContainerDownload (0.00s)
    --- PASS: TestBuildDetectionJobStepsCodexExternalDetectorIncludesContainerDownload/codex_with_gh-aw-detection_includes_Download_container_images (0.00s)
    --- PASS: TestBuildDetectionJobStepsCodexExternalDetectorIncludesContainerDownload/codex_without_gh-aw-detection_emits_exactly_one_container_download_(inline_path_via_MCP_setup) (0.00s)
=== RUN   TestBuildPullAWFContainersStepPropagatesFeatures
=== RUN   TestBuildPullAWFContainersStepPropagatesFeatures/cli-proxy_image_included_when_feature_flag_is_enabled
=== RUN   TestBuildPullAWFContainersStepPropagatesFeatures/cli-proxy_image_excluded_when_feature_flag_is_not_set
--- PASS: TestBuildPullAWFContainersStepPropagatesFeatures (0.00s)
    --- PASS: TestBuildPullAWFContainersStepPropagatesFeatures/cli-proxy_image_included_when_feature_flag_is_enabled (0.00s)
    --- PASS: TestBuildPullAWFContainersStepPropagatesFeatures/cli-proxy_image_excluded_when_feature_flag_is_not_set (0.00s)
=== RUN   TestBuildDetectionEngineExecutionStepEmitsNodeSetupForCopilot
=== RUN   TestBuildDetectionEngineExecutionStepEmitsNodeSetupForCopilot/copilot_main_engine_emits_Setup_Node.js_once_before_install
=== RUN   TestBuildDetectionEngineExecutionStepEmitsNodeSetupForCopilot/copilot_via_threat-detection_engine_override_emits_Setup_Node.js_once
=== RUN   TestBuildDetectionEngineExecutionStepEmitsNodeSetupForCopilot/claude_main_engine_already_bundles_Setup_Node.js_—_no_duplicate
=== RUN   TestBuildDetectionEngineExecutionStepEmitsNodeSetupForCopilot/codex_main_engine_already_bundles_Setup_Node.js_—_no_duplicate
--- PASS: TestBuildDetectionEngineExecutionStepEmitsNodeSetupForCopilot (0.00s)
    --- PASS: TestBuildDetectionEngineExecutionStepEmitsNodeSetupForCopilot/copilot_main_engine_emits_Setup_Node.js_once_before_install (0.00s)
    --- PASS: TestBuildDetectionEngineExecutionStepEmitsNodeSetupForCopilot/copilot_via_threat-detection_engine_override_emits_Setup_Node.js_once (0.00s)
    --- PASS: TestBuildDetectionEngineExecutionStepEmitsNodeSetupForCopilot/claude_main_engine_already_bundles_Setup_Node.js_—_no_duplicate (0.00s)
    --- PASS: TestBuildDetectionEngineExecutionStepEmitsNodeSetupForCopilot/codex_main_engine_already_bundles_Setup_Node.js_—_no_duplicate (0.00s)
=== RUN   TestInstallStepsContainNodeSetup
=== RUN   TestInstallStepsContainNodeSetup/empty_input
=== RUN   TestInstallStepsContainNodeSetup/canonical_setup-node_step_from_GenerateNodeJsSetupStep
=== RUN   TestInstallStepsContainNodeSetup/install-only_step_without_node_setup
=== RUN   TestInstallStepsContainNodeSetup/setup-node_preceded_by_unrelated_step
=== RUN   TestInstallStepsContainNodeSetup/differently_indented_setup-node_(extractStepName_whitespace_tolerance)
--- PASS: TestInstallStepsContainNodeSetup (0.00s)
    --- PASS: TestInstallStepsContainNodeSetup/empty_input (0.00s)
    --- PASS: TestInstallStepsContainNodeSetup/canonical_setup-node_step_from_GenerateNodeJsSetupStep (0.00s)
    --- PASS: TestInstallStepsContainNodeSetup/install-only_step_without_node_setup (0.00s)
    --- PASS: TestInstallStepsContainNodeSetup/setup-node_preceded_by_unrelated_step (0.00s)
    --- PASS: TestInstallStepsContainNodeSetup/differently_indented_setup-node_(extractStepName_whitespace_tolerance) (0.00s)
=== RUN   TestBuildDetectionEngineExecutionStepPropagatesHarnessScriptOverride
--- PASS: TestBuildDetectionEngineExecutionStepPropagatesHarnessScriptOverride (0.00s)
=== RUN   TestBuildDetectionEngineExecutionStepUsesCopilotForPi
--- PASS: TestBuildDetectionEngineExecutionStepUsesCopilotForPi (0.00s)
=== RUN   TestDetectionJobEnvironmentInheritance
=== RUN   TestDetectionJobEnvironmentInheritance/no_environment_configured
=== RUN   TestDetectionJobEnvironmentInheritance/inherits_top-level_simple_environment
=== RUN   TestDetectionJobEnvironmentInheritance/inherits_top-level_multi-line_environment_and_indents_correctly
=== RUN   TestDetectionJobEnvironmentInheritance/threat-detection_environment_override_normalises_raw_name
=== RUN   TestDetectionJobEnvironmentInheritance/threat-detection_environment_override_takes_precedence_over_top-level
--- PASS: TestDetectionJobEnvironmentInheritance (0.01s)
    --- PASS: TestDetectionJobEnvironmentInheritance/no_environment_configured (0.00s)
    --- PASS: TestDetectionJobEnvironmentInheritance/inherits_top-level_simple_environment (0.00s)
    --- PASS: TestDetectionJobEnvironmentInheritance/inherits_top-level_multi-line_environment_and_indents_correctly (0.00s)
    --- PASS: TestDetectionJobEnvironmentInheritance/threat-detection_environment_override_normalises_raw_name (0.00s)
    --- PASS: TestDetectionJobEnvironmentInheritance/threat-detection_environment_override_takes_precedence_over_top-level (0.00s)
=== RUN   TestParseTimeDelta
=== RUN   TestParseTimeDelta/hours_only
=== RUN   TestParseTimeDelta/days_only
=== RUN   TestParseTimeDelta/minutes_only
=== RUN   TestParseTimeDelta/days_and_hours
=== RUN   TestParseTimeDelta/all_units
=== RUN   TestParseTimeDelta/different_order
=== RUN   TestParseTimeDelta/single_digit
=== RUN   TestParseTimeDelta/large_numbers
=== RUN   TestParseTimeDelta/zero_values_allowed_in_middle
=== RUN   TestParseTimeDelta/empty_string
=== RUN   TestParseTimeDelta/no_plus_prefix
=== RUN   TestParseTimeDelta/only_plus
=== RUN   TestParseTimeDelta/no_units
=== RUN   TestParseTimeDelta/invalid_unit
=== RUN   TestParseTimeDelta/duplicate_units
=== RUN   TestParseTimeDelta/invalid_characters
=== RUN   TestParseTimeDelta/negative_numbers_not_allowed
=== RUN   TestParseTimeDelta/too_many_days
=== RUN   TestParseTimeDelta/too_many_hours
=== RUN   TestParseTimeDelta/extra_characters
--- PASS: TestParseTimeDelta (0.00s)
    --- PASS: TestParseTimeDelta/hours_only (0.00s)
    --- PASS: TestParseTimeDelta/days_only (0.00s)
    --- PASS: TestParseTimeDelta/minutes_only (0.00s)
    --- PASS: TestParseTimeDelta/days_and_hours (0.00s)
    --- PASS: TestParseTimeDelta/all_units (0.00s)
    --- PASS: TestParseTimeDelta/different_order (0.00s)
    --- PASS: TestParseTimeDelta/single_digit (0.00s)
    --- PASS: TestParseTimeDelta/large_numbers (0.00s)
    --- PASS: TestParseTimeDelta/zero_values_allowed_in_middle (0.00s)
    --- PASS: TestParseTimeDelta/empty_string (0.00s)
    --- PASS: TestParseTimeDelta/no_plus_prefix (0.00s)
    --- PASS: TestParseTimeDelta/only_plus (0.00s)
    --- PASS: TestParseTimeDelta/no_units (0.00s)
    --- PASS: TestParseTimeDelta/invalid_unit (0.00s)
    --- PASS: TestParseTimeDelta/duplicate_units (0.00s)
    --- PASS: TestParseTimeDelta/invalid_characters (0.00s)
    --- PASS: TestParseTimeDelta/negative_numbers_not_allowed (0.00s)
    --- PASS: TestParseTimeDelta/too_many_days (0.00s)
    --- PASS: TestParseTimeDelta/too_many_hours (0.00s)
    --- PASS: TestParseTimeDelta/extra_characters (0.00s)
=== RUN   TestParseTimeDeltaForStopAfter
=== RUN   TestParseTimeDeltaForStopAfter/hours_only
=== RUN   TestParseTimeDeltaForStopAfter/days_only
=== RUN   TestParseTimeDeltaForStopAfter/weeks_only
=== RUN   TestParseTimeDeltaForStopAfter/months_only
=== RUN   TestParseTimeDeltaForStopAfter/days_and_hours
=== RUN   TestParseTimeDeltaForStopAfter/all_units_except_minutes
=== RUN   TestParseTimeDeltaForStopAfter/different_order
=== RUN   TestParseTimeDeltaForStopAfter/minutes_only
=== RUN   TestParseTimeDeltaForStopAfter/days_hours_and_minutes
=== RUN   TestParseTimeDeltaForStopAfter/complex_with_minutes
=== RUN   TestParseTimeDeltaForStopAfter/only_minutes_at_end
=== RUN   TestParseTimeDeltaForStopAfter/empty_string
=== RUN   TestParseTimeDeltaForStopAfter/no_plus_prefix
=== RUN   TestParseTimeDeltaForStopAfter/invalid_unit
=== RUN   TestParseTimeDeltaForStopAfter/duplicate_units
=== RUN   TestParseTimeDeltaForStopAfter/too_many_days
--- PASS: TestParseTimeDeltaForStopAfter (0.00s)
    --- PASS: TestParseTimeDeltaForStopAfter/hours_only (0.00s)
    --- PASS: TestParseTimeDeltaForStopAfter/days_only (0.00s)
    --- PASS: TestParseTimeDeltaForStopAfter/weeks_only (0.00s)
    --- PASS: TestParseTimeDeltaForStopAfter/months_only (0.00s)
    --- PASS: TestParseTimeDeltaForStopAfter/days_and_hours (0.00s)
    --- PASS: TestParseTimeDeltaForStopAfter/all_units_except_minutes (0.00s)
    --- PASS: TestParseTimeDeltaForStopAfter/different_order (0.00s)
    --- PASS: TestParseTimeDeltaForStopAfter/minutes_only (0.00s)
    --- PASS: TestParseTimeDeltaForStopAfter/days_hours_and_minutes (0.00s)
    --- PASS: TestParseTimeDeltaForStopAfter/complex_with_minutes (0.00s)
    --- PASS: TestParseTimeDeltaForStopAfter/only_minutes_at_end (0.00s)
    --- PASS: TestParseTimeDeltaForStopAfter/empty_string (0.00s)
    --- PASS: TestParseTimeDeltaForStopAfter/no_plus_prefix (0.00s)
    --- PASS: TestParseTimeDeltaForStopAfter/invalid_unit (0.00s)
    --- PASS: TestParseTimeDeltaForStopAfter/duplicate_units (0.00s)
    --- PASS: TestParseTimeDeltaForStopAfter/too_many_days (0.00s)
=== RUN   TestTimeDeltaString
=== RUN   TestTimeDeltaString/hours_only
=== RUN   TestTimeDeltaString/days_only
=== RUN   TestTimeDeltaString/minutes_only
=== RUN   TestTimeDeltaString/all_units
=== RUN   TestTimeDeltaString/zero_values
=== RUN   TestTimeDeltaString/some_zero_values
--- PASS: TestTimeDeltaString (0.00s)
    --- PASS: TestTimeDeltaString/hours_only (0.00s)
    --- PASS: TestTimeDeltaString/days_only (0.00s)
    --- PASS: TestTimeDeltaString/minutes_only (0.00s)
    --- PASS: TestTimeDeltaString/all_units (0.00s)
    --- PASS: TestTimeDeltaString/zero_values (0.00s)
    --- PASS: TestTimeDeltaString/some_zero_values (0.00s)
=== RUN   TestIsRelativeStopTime
=== RUN   TestIsRelativeStopTime/relative_time_delta
=== RUN   TestIsRelativeStopTime/absolute_timestamp
=== RUN   TestIsRelativeStopTime/empty_string
=== RUN   TestIsRelativeStopTime/just_plus
=== RUN   TestIsRelativeStopTime/plus_in_middle
--- PASS: TestIsRelativeStopTime (0.00s)
    --- PASS: TestIsRelativeStopTime/relative_time_delta (0.00s)
    --- PASS: TestIsRelativeStopTime/absolute_timestamp (0.00s)
    --- PASS: TestIsRelativeStopTime/empty_string (0.00s)
    --- PASS: TestIsRelativeStopTime/just_plus (0.00s)
    --- PASS: TestIsRelativeStopTime/plus_in_middle (0.00s)
=== RUN   TestParseAbsoluteDateTime
=== RUN   TestParseAbsoluteDateTime/standard_YYYY-MM-DD_HH:MM:SS
=== RUN   TestParseAbsoluteDateTime/ISO_8601_format
=== RUN   TestParseAbsoluteDateTime/date_only_YYYY-MM-DD
=== RUN   TestParseAbsoluteDateTime/US_format_MM/DD/YYYY
=== RUN   TestParseAbsoluteDateTime/US_format_with_time
=== RUN   TestParseAbsoluteDateTime/readable_January_1,_2025
=== RUN   TestParseAbsoluteDateTime/readable_June_15,_2025
=== RUN   TestParseAbsoluteDateTime/readable_with_abbreviated_month
=== RUN   TestParseAbsoluteDateTime/European_style_15_June_2025
=== RUN   TestParseAbsoluteDateTime/European_style_abbreviated
=== RUN   TestParseAbsoluteDateTime/ordinal_1st_June_2025
=== RUN   TestParseAbsoluteDateTime/ordinal_June_1st_2025
=== RUN   TestParseAbsoluteDateTime/ordinal_2nd_January_2026
=== RUN   TestParseAbsoluteDateTime/ordinal_23rd_December_2025
=== RUN   TestParseAbsoluteDateTime/ordinal_with_time_1st_June_2025_15:30
=== RUN   TestParseAbsoluteDateTime/RFC3339_format
=== RUN   TestParseAbsoluteDateTime/whitespace_around_date
=== RUN   TestParseAbsoluteDateTime/invalid_format
=== RUN   TestParseAbsoluteDateTime/invalid_month
=== RUN   TestParseAbsoluteDateTime/empty_string
--- PASS: TestParseAbsoluteDateTime (0.00s)
    --- PASS: TestParseAbsoluteDateTime/standard_YYYY-MM-DD_HH:MM:SS (0.00s)
    --- PASS: TestParseAbsoluteDateTime/ISO_8601_format (0.00s)
    --- PASS: TestParseAbsoluteDateTime/date_only_YYYY-MM-DD (0.00s)
    --- PASS: TestParseAbsoluteDateTime/US_format_MM/DD/YYYY (0.00s)
    --- PASS: TestParseAbsoluteDateTime/US_format_with_time (0.00s)
    --- PASS: TestParseAbsoluteDateTime/readable_January_1,_2025 (0.00s)
    --- PASS: TestParseAbsoluteDateTime/readable_June_15,_2025 (0.00s)
    --- PASS: TestParseAbsoluteDateTime/readable_with_abbreviated_month (0.00s)
    --- PASS: TestParseAbsoluteDateTime/European_style_15_June_2025 (0.00s)
    --- PASS: TestParseAbsoluteDateTime/European_style_abbreviated (0.00s)
    --- PASS: TestParseAbsoluteDateTime/ordinal_1st_June_2025 (0.00s)
    --- PASS: TestParseAbsoluteDateTime/ordinal_June_1st_2025 (0.00s)
    --- PASS: TestParseAbsoluteDateTime/ordinal_2nd_January_2026 (0.00s)
    --- PASS: TestParseAbsoluteDateTime/ordinal_23rd_December_2025 (0.00s)
    --- PASS: TestParseAbsoluteDateTime/ordinal_with_time_1st_June_2025_15:30 (0.00s)
    --- PASS: TestParseAbsoluteDateTime/RFC3339_format (0.00s)
    --- PASS: TestParseAbsoluteDateTime/whitespace_around_date (0.00s)
    --- PASS: TestParseAbsoluteDateTime/invalid_format (0.00s)
    --- PASS: TestParseAbsoluteDateTime/invalid_month (0.00s)
    --- PASS: TestParseAbsoluteDateTime/empty_string (0.00s)
=== RUN   TestResolveStopTime
=== RUN   TestResolveStopTime/empty_stop_time
=== RUN   TestResolveStopTime/absolute_time_standard_format
=== RUN   TestResolveStopTime/absolute_time_readable_format
=== RUN   TestResolveStopTime/absolute_time_with_ordinal
=== RUN   TestResolveStopTime/absolute_time_US_format
=== RUN   TestResolveStopTime/absolute_time_European_style
=== RUN   TestResolveStopTime/relative_hours
=== RUN   TestResolveStopTime/relative_days
=== RUN   TestResolveStopTime/relative_complex
=== RUN   TestResolveStopTime/relative_complex_without_minutes
=== RUN   TestResolveStopTime/invalid_relative_format
=== RUN   TestResolveStopTime/invalid_absolute_format
=== RUN   TestResolveStopTime/relative_with_different_base_time
=== RUN   TestResolveStopTime/relative_weeks
=== RUN   TestResolveStopTime/relative_months
=== RUN   TestResolveStopTime/relative_months_and_weeks
=== RUN   TestResolveStopTime/relative_complex_with_months
--- PASS: TestResolveStopTime (0.00s)
    --- PASS: TestResolveStopTime/empty_stop_time (0.00s)
    --- PASS: TestResolveStopTime/absolute_time_standard_format (0.00s)
    --- PASS: TestResolveStopTime/absolute_time_readable_format (0.00s)
    --- PASS: TestResolveStopTime/absolute_time_with_ordinal (0.00s)
    --- PASS: TestResolveStopTime/absolute_time_US_format (0.00s)
    --- PASS: TestResolveStopTime/absolute_time_European_style (0.00s)
    --- PASS: TestResolveStopTime/relative_hours (0.00s)
    --- PASS: TestResolveStopTime/relative_days (0.00s)
    --- PASS: TestResolveStopTime/relative_complex (0.00s)
    --- PASS: TestResolveStopTime/relative_complex_without_minutes (0.00s)
    --- PASS: TestResolveStopTime/invalid_relative_format (0.00s)
    --- PASS: TestResolveStopTime/invalid_absolute_format (0.00s)
    --- PASS: TestResolveStopTime/relative_with_different_base_time (0.00s)
    --- PASS: TestResolveStopTime/relative_weeks (0.00s)
    --- PASS: TestResolveStopTime/relative_months (0.00s)
    --- PASS: TestResolveStopTime/relative_months_and_weeks (0.00s)
    --- PASS: TestResolveStopTime/relative_complex_with_months (0.00s)
=== RUN   TestIsRelativeDate
=== RUN   TestIsRelativeDate/negative_delta
=== RUN   TestIsRelativeDate/positive_delta
=== RUN   TestIsRelativeDate/absolute_date
=== RUN   TestIsRelativeDate/empty_string
=== RUN   TestIsRelativeDate/just_minus
=== RUN   TestIsRelativeDate/just_plus
--- PASS: TestIsRelativeDate (0.00s)
    --- PASS: TestIsRelativeDate/negative_delta (0.00s)
    --- PASS: TestIsRelativeDate/positive_delta (0.00s)
    --- PASS: TestIsRelativeDate/absolute_date (0.00s)
    --- PASS: TestIsRelativeDate/empty_string (0.00s)
    --- PASS: TestIsRelativeDate/just_minus (0.00s)
    --- PASS: TestIsRelativeDate/just_plus (0.00s)
=== RUN   TestParseRelativeDate
=== RUN   TestParseRelativeDate/negative_1_day
=== RUN   TestParseRelativeDate/negative_1_week
=== RUN   TestParseRelativeDate/negative_1_month
=== RUN   TestParseRelativeDate/positive_3_days
=== RUN   TestParseRelativeDate/complex_negative_delta
=== RUN   TestParseRelativeDate/absolute_date
=== RUN   TestParseRelativeDate/empty_string
=== RUN   TestParseRelativeDate/invalid_negative_format
--- PASS: TestParseRelativeDate (0.00s)
    --- PASS: TestParseRelativeDate/negative_1_day (0.00s)
    --- PASS: TestParseRelativeDate/negative_1_week (0.00s)
    --- PASS: TestParseRelativeDate/negative_1_month (0.00s)
    --- PASS: TestParseRelativeDate/positive_3_days (0.00s)
    --- PASS: TestParseRelativeDate/complex_negative_delta (0.00s)
    --- PASS: TestParseRelativeDate/absolute_date (0.00s)
    --- PASS: TestParseRelativeDate/empty_string (0.00s)
    --- PASS: TestParseRelativeDate/invalid_negative_format (0.00s)
=== RUN   TestResolveRelativeDate
=== RUN   TestResolveRelativeDate/empty_string
=== RUN   TestResolveRelativeDate/absolute_date_unchanged
=== RUN   TestResolveRelativeDate/negative_1_day_(returns_timestamp)
=== RUN   TestResolveRelativeDate/negative_1_week_(returns_timestamp)
=== RUN   TestResolveRelativeDate/negative_1_month_(returns_timestamp)
=== RUN   TestResolveRelativeDate/positive_3_days_(returns_timestamp)
=== RUN   TestResolveRelativeDate/complex_negative_delta_(returns_timestamp)
=== RUN   TestResolveRelativeDate/negative_24_hours_(returns_timestamp)
=== RUN   TestResolveRelativeDate/negative_2_hours_(returns_timestamp)
=== RUN   TestResolveRelativeDate/negative_1_day_12_hours_(returns_timestamp)
=== RUN   TestResolveRelativeDate/negative_30_minutes_(returns_timestamp)
=== RUN   TestResolveRelativeDate/complex_with_hours_(returns_timestamp)
=== RUN   TestResolveRelativeDate/edge_case:_late_evening_-24h
=== RUN   TestResolveRelativeDate/edge_case:_early_morning_-24h
=== RUN   TestResolveRelativeDate/invalid_relative_format
--- PASS: TestResolveRelativeDate (0.00s)
    --- PASS: TestResolveRelativeDate/empty_string (0.00s)
    --- PASS: TestResolveRelativeDate/absolute_date_unchanged (0.00s)
    --- PASS: TestResolveRelativeDate/negative_1_day_(returns_timestamp) (0.00s)
    --- PASS: TestResolveRelativeDate/negative_1_week_(returns_timestamp) (0.00s)
    --- PASS: TestResolveRelativeDate/negative_1_month_(returns_timestamp) (0.00s)
    --- PASS: TestResolveRelativeDate/positive_3_days_(returns_timestamp) (0.00s)
    --- PASS: TestResolveRelativeDate/complex_negative_delta_(returns_timestamp) (0.00s)
    --- PASS: TestResolveRelativeDate/negative_24_hours_(returns_timestamp) (0.00s)
    --- PASS: TestResolveRelativeDate/negative_2_hours_(returns_timestamp) (0.00s)
    --- PASS: TestResolveRelativeDate/negative_1_day_12_hours_(returns_timestamp) (0.00s)
    --- PASS: TestResolveRelativeDate/negative_30_minutes_(returns_timestamp) (0.00s)
    --- PASS: TestResolveRelativeDate/complex_with_hours_(returns_timestamp) (0.00s)
    --- PASS: TestResolveRelativeDate/edge_case:_late_evening_-24h (0.00s)
    --- PASS: TestResolveRelativeDate/edge_case:_early_morning_-24h (0.00s)
    --- PASS: TestResolveRelativeDate/invalid_relative_format (0.00s)
=== RUN   TestParseRelativeTimeSpec
=== RUN   TestParseRelativeTimeSpec/1_hour_-_below_minimum
=== RUN   TestParseRelativeTimeSpec/2_hours_-_at_minimum
=== RUN   TestParseRelativeTimeSpec/12_hours
=== RUN   TestParseRelativeTimeSpec/23_hours
=== RUN   TestParseRelativeTimeSpec/24_hours
=== RUN   TestParseRelativeTimeSpec/48_hours
=== RUN   TestParseRelativeTimeSpec/72_hours
=== RUN   TestParseRelativeTimeSpec/uppercase_hours_-_at_minimum
=== RUN   TestParseRelativeTimeSpec/uppercase_hours_-_below_minimum
=== RUN   TestParseRelativeTimeSpec/1_day
=== RUN   TestParseRelativeTimeSpec/7_days
=== RUN   TestParseRelativeTimeSpec/uppercase_days
=== RUN   TestParseRelativeTimeSpec/1_week
=== RUN   TestParseRelativeTimeSpec/2_weeks
=== RUN   TestParseRelativeTimeSpec/uppercase_weeks
=== RUN   TestParseRelativeTimeSpec/1_month
=== RUN   TestParseRelativeTimeSpec/3_months
=== RUN   TestParseRelativeTimeSpec/uppercase_months
=== RUN   TestParseRelativeTimeSpec/1_year
=== RUN   TestParseRelativeTimeSpec/2_years
=== RUN   TestParseRelativeTimeSpec/uppercase_years
=== RUN   TestParseRelativeTimeSpec/empty_string
=== RUN   TestParseRelativeTimeSpec/invalid_unit
=== RUN   TestParseRelativeTimeSpec/no_number
=== RUN   TestParseRelativeTimeSpec/negative_number
=== RUN   TestParseRelativeTimeSpec/zero
=== RUN   TestParseRelativeTimeSpec/non-numeric
--- PASS: TestParseRelativeTimeSpec (0.00s)
    --- PASS: TestParseRelativeTimeSpec/1_hour_-_below_minimum (0.00s)
    --- PASS: TestParseRelativeTimeSpec/2_hours_-_at_minimum (0.00s)
    --- PASS: TestParseRelativeTimeSpec/12_hours (0.00s)
    --- PASS: TestParseRelativeTimeSpec/23_hours (0.00s)
    --- PASS: TestParseRelativeTimeSpec/24_hours (0.00s)
    --- PASS: TestParseRelativeTimeSpec/48_hours (0.00s)
    --- PASS: TestParseRelativeTimeSpec/72_hours (0.00s)
    --- PASS: TestParseRelativeTimeSpec/uppercase_hours_-_at_minimum (0.00s)
    --- PASS: TestParseRelativeTimeSpec/uppercase_hours_-_below_minimum (0.00s)
    --- PASS: TestParseRelativeTimeSpec/1_day (0.00s)
    --- PASS: TestParseRelativeTimeSpec/7_days (0.00s)
    --- PASS: TestParseRelativeTimeSpec/uppercase_days (0.00s)
    --- PASS: TestParseRelativeTimeSpec/1_week (0.00s)
    --- PASS: TestParseRelativeTimeSpec/2_weeks (0.00s)
    --- PASS: TestParseRelativeTimeSpec/uppercase_weeks (0.00s)
    --- PASS: TestParseRelativeTimeSpec/1_month (0.00s)
    --- PASS: TestParseRelativeTimeSpec/3_months (0.00s)
    --- PASS: TestParseRelativeTimeSpec/uppercase_months (0.00s)
    --- PASS: TestParseRelativeTimeSpec/1_year (0.00s)
    --- PASS: TestParseRelativeTimeSpec/2_years (0.00s)
    --- PASS: TestParseRelativeTimeSpec/uppercase_years (0.00s)
    --- PASS: TestParseRelativeTimeSpec/empty_string (0.00s)
    --- PASS: TestParseRelativeTimeSpec/invalid_unit (0.00s)
    --- PASS: TestParseRelativeTimeSpec/no_number (0.00s)
    --- PASS: TestParseRelativeTimeSpec/negative_number (0.00s)
    --- PASS: TestParseRelativeTimeSpec/zero (0.00s)
    --- PASS: TestParseRelativeTimeSpec/non-numeric (0.00s)
=== RUN   TestParseExpiresFromConfig
=== RUN   TestParseExpiresFromConfig/integer_days
=== RUN   TestParseExpiresFromConfig/int64
=== RUN   TestParseExpiresFromConfig/float64
=== RUN   TestParseExpiresFromConfig/1_hour_string_-_below_minimum
=== RUN   TestParseExpiresFromConfig/2_hours_string_-_at_minimum
=== RUN   TestParseExpiresFromConfig/24_hours_string
=== RUN   TestParseExpiresFromConfig/48_hours_string
=== RUN   TestParseExpiresFromConfig/7_days_string
=== RUN   TestParseExpiresFromConfig/2_weeks_string
=== RUN   TestParseExpiresFromConfig/1_month_string
=== RUN   TestParseExpiresFromConfig/1_year_string
=== RUN   TestParseExpiresFromConfig/no_expires_field
=== RUN   TestParseExpiresFromConfig/invalid_string
=== RUN   TestParseExpiresFromConfig/false_disables_expiration
=== RUN   TestParseExpiresFromConfig/true_is_invalid
--- PASS: TestParseExpiresFromConfig (0.00s)
    --- PASS: TestParseExpiresFromConfig/integer_days (0.00s)
    --- PASS: TestParseExpiresFromConfig/int64 (0.00s)
    --- PASS: TestParseExpiresFromConfig/float64 (0.00s)
    --- PASS: TestParseExpiresFromConfig/1_hour_string_-_below_minimum (0.00s)
    --- PASS: TestParseExpiresFromConfig/2_hours_string_-_at_minimum (0.00s)
    --- PASS: TestParseExpiresFromConfig/24_hours_string (0.00s)
    --- PASS: TestParseExpiresFromConfig/48_hours_string (0.00s)
    --- PASS: TestParseExpiresFromConfig/7_days_string (0.00s)
    --- PASS: TestParseExpiresFromConfig/2_weeks_string (0.00s)
    --- PASS: TestParseExpiresFromConfig/1_month_string (0.00s)
    --- PASS: TestParseExpiresFromConfig/1_year_string (0.00s)
    --- PASS: TestParseExpiresFromConfig/no_expires_field (0.00s)
    --- PASS: TestParseExpiresFromConfig/invalid_string (0.00s)
    --- PASS: TestParseExpiresFromConfig/false_disables_expiration (0.00s)
    --- PASS: TestParseExpiresFromConfig/true_is_invalid (0.00s)
=== RUN   TestEnhanceToolDescriptionCreateIssueAllowedFieldsWildcard
--- PASS: TestEnhanceToolDescriptionCreateIssueAllowedFieldsWildcard (0.00s)
=== RUN   TestEnhanceToolDescriptionCreateIssueAllowedFieldsList
--- PASS: TestEnhanceToolDescriptionCreateIssueAllowedFieldsList (0.00s)
=== RUN   TestEnhanceToolDescriptionSetIssueFieldAllowedFieldsWildcard
--- PASS: TestEnhanceToolDescriptionSetIssueFieldAllowedFieldsWildcard (0.00s)
=== RUN   TestEnhanceToolDescriptionSetIssueFieldAllowedFieldsList
--- PASS: TestEnhanceToolDescriptionSetIssueFieldAllowedFieldsList (0.00s)
=== RUN   TestEnhanceToolDescriptionCloseDiscussionAllowBodyFalse
--- PASS: TestEnhanceToolDescriptionCloseDiscussionAllowBodyFalse (0.00s)
=== RUN   TestEnhanceToolDescriptionCloseDiscussionAllowBodyTrue
--- PASS: TestEnhanceToolDescriptionCloseDiscussionAllowBodyTrue (0.00s)
=== RUN   TestEnhanceToolDescriptionCloseIssueAllowBodyFalse
--- PASS: TestEnhanceToolDescriptionCloseIssueAllowBodyFalse (0.00s)
=== RUN   TestEnhanceToolDescriptionCloseIssueAllowBodyTrue
--- PASS: TestEnhanceToolDescriptionCloseIssueAllowBodyTrue (0.00s)
=== RUN   TestEnhanceToolDescriptionCloseDiscussionTargetRepo
--- PASS: TestEnhanceToolDescriptionCloseDiscussionTargetRepo (0.00s)
=== RUN   TestEnhanceToolDescriptionAssignMilestoneTargetRepo
--- PASS: TestEnhanceToolDescriptionAssignMilestoneTargetRepo (0.00s)
=== RUN   TestEnhanceToolDescriptionLinkSubIssueTargetRepo
--- PASS: TestEnhanceToolDescriptionLinkSubIssueTargetRepo (0.00s)
=== RUN   TestEnhanceToolDescriptionMarkPRReadyForReviewTargetRepo
--- PASS: TestEnhanceToolDescriptionMarkPRReadyForReviewTargetRepo (0.00s)
=== RUN   TestEnhanceToolDescriptionMarkPRReadyForReviewMaxCount
--- PASS: TestEnhanceToolDescriptionMarkPRReadyForReviewMaxCount (0.00s)
=== RUN   TestEnhanceToolDescriptionSubmitPullRequestReviewTarget
--- PASS: TestEnhanceToolDescriptionSubmitPullRequestReviewTarget (0.00s)
=== RUN   TestEnhanceToolDescriptionSubmitPullRequestReviewTargetRepo
--- PASS: TestEnhanceToolDescriptionSubmitPullRequestReviewTargetRepo (0.00s)
=== RUN   TestEnhanceToolDescriptionNormalizeClosingKeywordsCreateIssue
--- PASS: TestEnhanceToolDescriptionNormalizeClosingKeywordsCreateIssue (0.00s)
=== RUN   TestEnhanceToolDescriptionNormalizeClosingKeywordsFalseCreateIssue
--- PASS: TestEnhanceToolDescriptionNormalizeClosingKeywordsFalseCreateIssue (0.00s)
=== RUN   TestEnhanceToolDescriptionNormalizeClosingKeywordsAddComment
--- PASS: TestEnhanceToolDescriptionNormalizeClosingKeywordsAddComment (0.00s)
=== RUN   TestEnhanceToolDescriptionNormalizeClosingKeywordsFalseAddComment
--- PASS: TestEnhanceToolDescriptionNormalizeClosingKeywordsFalseAddComment (0.00s)
=== RUN   TestEnhanceToolDescriptionNormalizeClosingKeywordsCreatePullRequest
--- PASS: TestEnhanceToolDescriptionNormalizeClosingKeywordsCreatePullRequest (0.00s)
=== RUN   TestEnhanceToolDescriptionNormalizeClosingKeywordsFalseCreatePullRequest
--- PASS: TestEnhanceToolDescriptionNormalizeClosingKeywordsFalseCreatePullRequest (0.00s)
=== RUN   TestApplyDefaults_DefaultTimeoutMinutesFromEnv
--- PASS: TestApplyDefaults_DefaultTimeoutMinutesFromEnv (0.00s)
=== RUN   TestApplyDefaults_DefaultTimeoutMinutesFallback
--- PASS: TestApplyDefaults_DefaultTimeoutMinutesFallback (0.00s)
=== RUN   TestClaudeEngineWithToolsTimeout
=== RUN   TestClaudeEngineWithToolsTimeout/default_timeout_when_not_specified
=== RUN   TestClaudeEngineWithToolsTimeout/custom_timeout_of_30_seconds
=== RUN   TestClaudeEngineWithToolsTimeout/custom_timeout_of_120_seconds
=== RUN   TestClaudeEngineWithToolsTimeout/expression_timeout
--- PASS: TestClaudeEngineWithToolsTimeout (0.00s)
    --- PASS: TestClaudeEngineWithToolsTimeout/default_timeout_when_not_specified (0.00s)
    --- PASS: TestClaudeEngineWithToolsTimeout/custom_timeout_of_30_seconds (0.00s)
    --- PASS: TestClaudeEngineWithToolsTimeout/custom_timeout_of_120_seconds (0.00s)
    --- PASS: TestClaudeEngineWithToolsTimeout/expression_timeout (0.00s)
=== RUN   TestCodexEngineWithToolsTimeout
=== RUN   TestCodexEngineWithToolsTimeout/default_timeout_when_not_specified
=== RUN   TestCodexEngineWithToolsTimeout/custom_timeout_of_30_seconds
=== RUN   TestCodexEngineWithToolsTimeout/custom_timeout_of_180_seconds
=== RUN   TestCodexEngineWithToolsTimeout/expression_timeout_uses_default_in_TOML
--- PASS: TestCodexEngineWithToolsTimeout (0.00s)
    --- PASS: TestCodexEngineWithToolsTimeout/default_timeout_when_not_specified (0.00s)
    --- PASS: TestCodexEngineWithToolsTimeout/custom_timeout_of_30_seconds (0.00s)
    --- PASS: TestCodexEngineWithToolsTimeout/custom_timeout_of_180_seconds (0.00s)
    --- PASS: TestCodexEngineWithToolsTimeout/expression_timeout_uses_default_in_TOML (0.00s)
=== RUN   TestExtractToolsTimeout
=== RUN   TestExtractToolsTimeout/no_timeout_specified
=== RUN   TestExtractToolsTimeout/timeout_as_int
=== RUN   TestExtractToolsTimeout/timeout_as_int64
=== RUN   TestExtractToolsTimeout/timeout_as_uint
=== RUN   TestExtractToolsTimeout/timeout_as_uint64
=== RUN   TestExtractToolsTimeout/timeout_as_float64
=== RUN   TestExtractToolsTimeout/nil_tools
=== RUN   TestExtractToolsTimeout/zero_timeout_-_should_fail
=== RUN   TestExtractToolsTimeout/negative_timeout_-_should_fail
=== RUN   TestExtractToolsTimeout/minimum_valid_timeout_(1)
=== RUN   TestExtractToolsTimeout/expression_timeout
=== RUN   TestExtractToolsTimeout/non-expression_string_-_should_fail
--- PASS: TestExtractToolsTimeout (0.00s)
    --- PASS: TestExtractToolsTimeout/no_timeout_specified (0.00s)
    --- PASS: TestExtractToolsTimeout/timeout_as_int (0.00s)
    --- PASS: TestExtractToolsTimeout/timeout_as_int64 (0.00s)
    --- PASS: TestExtractToolsTimeout/timeout_as_uint (0.00s)
    --- PASS: TestExtractToolsTimeout/timeout_as_uint64 (0.00s)
    --- PASS: TestExtractToolsTimeout/timeout_as_float64 (0.00s)
    --- PASS: TestExtractToolsTimeout/nil_tools (0.00s)
    --- PASS: TestExtractToolsTimeout/zero_timeout_-_should_fail (0.00s)
    --- PASS: TestExtractToolsTimeout/negative_timeout_-_should_fail (0.00s)
    --- PASS: TestExtractToolsTimeout/minimum_valid_timeout_(1) (0.00s)
    --- PASS: TestExtractToolsTimeout/expression_timeout (0.00s)
    --- PASS: TestExtractToolsTimeout/non-expression_string_-_should_fail (0.00s)
=== RUN   TestCopilotEngineWithToolsTimeout
=== RUN   TestCopilotEngineWithToolsTimeout/default_timeout_when_not_specified
=== RUN   TestCopilotEngineWithToolsTimeout/custom_timeout_of_45_seconds
=== RUN   TestCopilotEngineWithToolsTimeout/custom_timeout_of_200_seconds
=== RUN   TestCopilotEngineWithToolsTimeout/expression_timeout
--- PASS: TestCopilotEngineWithToolsTimeout (0.00s)
    --- PASS: TestCopilotEngineWithToolsTimeout/default_timeout_when_not_specified (0.00s)
    --- PASS: TestCopilotEngineWithToolsTimeout/custom_timeout_of_45_seconds (0.00s)
    --- PASS: TestCopilotEngineWithToolsTimeout/custom_timeout_of_200_seconds (0.00s)
    --- PASS: TestCopilotEngineWithToolsTimeout/expression_timeout (0.00s)
=== RUN   TestToolsTimeoutValidation
=== RUN   TestToolsTimeoutValidation/valid_timeout
/tmp/test-timeout-validation-2265497955.md: warning: Missing required permissions for GitHub toolsets:
  - issues: read (required by issues)
  - pull-requests: read (required by pull_requests)

To fix this, you can either:

Option 1: Add missing permissions to your workflow frontmatter:
permissions:
  issues: read
  pull-requests: read

See: https://github.com/github/gh-aw/blob/main/docs/src/content/docs/reference/permissions.md

Option 2: Reduce the required toolsets in your workflow:
Remove or adjust toolsets that require these permissions:
  - issues
  - pull_requests

/tmp/test-timeout-validation-2265497955.md: warning: safe update mode detected unapproved changes

New restricted secret(s):
  - ANTHROPIC_API_KEY

Remediation options:
  1. Use the --approve flag to allow the changes.
  2. Revert the unapproved changes.
  3. Use an interactive coding agent to review and approve the changes.

✓ /tmp/test-timeout-validation-2265497955.md (81.4 KB)
=== RUN   TestToolsTimeoutValidation/invalid_timeout_-_zero
=== RUN   TestToolsTimeoutValidation/both_timeouts_valid
/tmp/test-timeout-validation-562030017.md: warning: Missing required permissions for GitHub toolsets:
  - issues: read (required by issues)
  - pull-requests: read (required by pull_requests)

To fix this, you can either:

Option 1: Add missing permissions to your workflow frontmatter:
permissions:
  issues: read
  pull-requests: read

See: https://github.com/github/gh-aw/blob/main/docs/src/content/docs/reference/permissions.md

Option 2: Reduce the required toolsets in your workflow:
Remove or adjust toolsets that require these permissions:
  - issues
  - pull_requests

/tmp/test-timeout-validation-562030017.md: warning: safe update mode detected unapproved changes

New restricted secret(s):
  - ANTHROPIC_API_KEY

Remediation options:
  1. Use the --approve flag to allow the changes.
  2. Revert the unapproved changes.
  3. Use an interactive coding agent to review and approve the changes.

✓ /tmp/test-timeout-validation-562030017.md (81.5 KB)
--- PASS: TestToolsTimeoutValidation (0.02s)
    --- PASS: TestToolsTimeoutValidation/valid_timeout (0.01s)
    --- PASS: TestToolsTimeoutValidation/invalid_timeout_-_zero (0.00s)
    --- PASS: TestToolsTimeoutValidation/both_timeouts_valid (0.01s)
=== RUN   TestNewTools
=== RUN   TestNewTools/creates_empty_tools_from_nil_map
=== RUN   TestNewTools/creates_empty_tools_from_empty_map
=== RUN   TestNewTools/parses_known_tools
=== RUN   TestNewTools/parses_custom_MCP_tools
--- PASS: TestNewTools (0.00s)
    --- PASS: TestNewTools/creates_empty_tools_from_nil_map (0.00s)
    --- PASS: TestNewTools/creates_empty_tools_from_empty_map (0.00s)
    --- PASS: TestNewTools/parses_known_tools (0.00s)
    --- PASS: TestNewTools/parses_custom_MCP_tools (0.00s)
=== RUN   TestHasTool
=== RUN   TestHasTool/github_exists
=== RUN   TestHasTool/bash_exists
=== RUN   TestHasTool/custom_exists
=== RUN   TestHasTool/edit_explicitly_false
=== RUN   TestHasTool/web-fetch_doesn't_exist
=== RUN   TestHasTool/unknown_doesn't_exist
=== RUN   TestHasTool/nil_tools_returns_false
--- PASS: TestHasTool (0.00s)
    --- PASS: TestHasTool/github_exists (0.00s)
    --- PASS: TestHasTool/bash_exists (0.00s)
    --- PASS: TestHasTool/custom_exists (0.00s)
    --- PASS: TestHasTool/edit_explicitly_false (0.00s)
    --- PASS: TestHasTool/web-fetch_doesn't_exist (0.00s)
    --- PASS: TestHasTool/unknown_doesn't_exist (0.00s)
    --- PASS: TestHasTool/nil_tools_returns_false (0.00s)
=== RUN   TestGetToolNames
=== RUN   TestGetToolNames/empty_tools_returns_empty_list
=== RUN   TestGetToolNames/returns_all_tool_names
=== RUN   TestGetToolNames/nil_tools_returns_empty_list
--- PASS: TestGetToolNames (0.00s)
    --- PASS: TestGetToolNames/empty_tools_returns_empty_list (0.00s)
    --- PASS: TestGetToolNames/returns_all_tool_names (0.00s)
    --- PASS: TestGetToolNames/nil_tools_returns_empty_list (0.00s)
=== RUN   TestGitHubConfigParsing
=== RUN   TestGitHubConfigParsing/returns_nil_when_github_not_set
=== RUN   TestGitHubConfigParsing/parses_github_config_map
=== RUN   TestGitHubConfigParsing/coerces_single_string_toolsets_to_slice
=== RUN   TestGitHubConfigParsing/coerces_single_string_toolset_(singular)_to_slice
--- PASS: TestGitHubConfigParsing (0.00s)
    --- PASS: TestGitHubConfigParsing/returns_nil_when_github_not_set (0.00s)
    --- PASS: TestGitHubConfigParsing/parses_github_config_map (0.00s)
    --- PASS: TestGitHubConfigParsing/coerces_single_string_toolsets_to_slice (0.00s)
    --- PASS: TestGitHubConfigParsing/coerces_single_string_toolset_(singular)_to_slice (0.00s)
=== RUN   TestPlaywrightConfigParsing
=== RUN   TestPlaywrightConfigParsing/returns_nil_when_playwright_not_set
=== RUN   TestPlaywrightConfigParsing/parses_playwright_config_map
--- PASS: TestPlaywrightConfigParsing (0.00s)
    --- PASS: TestPlaywrightConfigParsing/returns_nil_when_playwright_not_set (0.00s)
    --- PASS: TestPlaywrightConfigParsing/parses_playwright_config_map (0.00s)
=== RUN   TestExtractToolsFromFrontmatter
--- PASS: TestExtractToolsFromFrontmatter (0.00s)
=== RUN   TestExtractMCPServersFromFrontmatter
--- PASS: TestExtractMCPServersFromFrontmatter (0.00s)
=== RUN   TestExtractRuntimesFromFrontmatter
--- PASS: TestExtractRuntimesFromFrontmatter (0.00s)
=== RUN   TestParseToolsConfig
=== RUN   TestParseToolsConfig/parses_valid_tools_map
=== RUN   TestParseToolsConfig/handles_nil_map
--- PASS: TestParseToolsConfig (0.00s)
    --- PASS: TestParseToolsConfig/parses_valid_tools_map (0.00s)
    --- PASS: TestParseToolsConfig/handles_nil_map (0.00s)
=== RUN   TestToolsConfigToMap
=== RUN   TestToolsConfigToMap/converts_ToolsConfig_back_to_map
=== RUN   TestToolsConfigToMap/handles_nil_ToolsConfig
=== RUN   TestToolsConfigToMap/ToMap_preserves_raw_map_when_available
--- PASS: TestToolsConfigToMap (0.00s)
    --- PASS: TestToolsConfigToMap/converts_ToolsConfig_back_to_map (0.00s)
    --- PASS: TestToolsConfigToMap/handles_nil_ToolsConfig (0.00s)
    --- PASS: TestToolsConfigToMap/ToMap_preserves_raw_map_when_available (0.00s)
=== RUN   TestParseMCPServerConfig
=== RUN   TestParseMCPServerConfig/parses_stdio_MCP_server_config
=== RUN   TestParseMCPServerConfig/parses_HTTP_MCP_server_config
=== RUN   TestParseMCPServerConfig/parses_container_MCP_server_config
=== RUN   TestParseMCPServerConfig/preserves_custom_fields
=== RUN   TestParseMCPServerConfig/handles_nil_config
=== RUN   TestParseMCPServerConfig/handles_numeric_version
--- PASS: TestParseMCPServerConfig (0.00s)
    --- PASS: TestParseMCPServerConfig/parses_stdio_MCP_server_config (0.00s)
    --- PASS: TestParseMCPServerConfig/parses_HTTP_MCP_server_config (0.00s)
    --- PASS: TestParseMCPServerConfig/parses_container_MCP_server_config (0.00s)
    --- PASS: TestParseMCPServerConfig/preserves_custom_fields (0.00s)
    --- PASS: TestParseMCPServerConfig/handles_nil_config (0.00s)
    --- PASS: TestParseMCPServerConfig/handles_numeric_version (0.00s)
=== RUN   TestMCPServerConfigToMap
=== RUN   TestMCPServerConfigToMap/converts_MCPServerConfig_to_map
=== RUN   TestMCPServerConfigToMap/includes_HTTP_fields_when_set
=== RUN   TestMCPServerConfigToMap/includes_custom_fields
=== RUN   TestMCPServerConfigToMap/includes_auth_field_when_set
=== RUN   TestMCPServerConfigToMap/omits_auth_field_when_nil
--- PASS: TestMCPServerConfigToMap (0.00s)
    --- PASS: TestMCPServerConfigToMap/converts_MCPServerConfig_to_map (0.00s)
    --- PASS: TestMCPServerConfigToMap/includes_HTTP_fields_when_set (0.00s)
    --- PASS: TestMCPServerConfigToMap/includes_custom_fields (0.00s)
    --- PASS: TestMCPServerConfigToMap/includes_auth_field_when_set (0.00s)
    --- PASS: TestMCPServerConfigToMap/omits_auth_field_when_nil (0.00s)
=== RUN   TestValidateBashToolConfig
=== RUN   TestValidateBashToolConfig/nil_tools_config_is_valid
=== RUN   TestValidateBashToolConfig/no_bash_tool_is_valid
=== RUN   TestValidateBashToolConfig/bash:_true_is_valid
=== RUN   TestValidateBashToolConfig/bash:_false_is_valid
=== RUN   TestValidateBashToolConfig/bash_with_array_is_valid
=== RUN   TestValidateBashToolConfig/bash_with_wildcard_is_valid
=== RUN   TestValidateBashToolConfig/anonymous_bash_(nil)_is_invalid
--- PASS: TestValidateBashToolConfig (0.00s)
    --- PASS: TestValidateBashToolConfig/nil_tools_config_is_valid (0.00s)
    --- PASS: TestValidateBashToolConfig/no_bash_tool_is_valid (0.00s)
    --- PASS: TestValidateBashToolConfig/bash:_true_is_valid (0.00s)
    --- PASS: TestValidateBashToolConfig/bash:_false_is_valid (0.00s)
    --- PASS: TestValidateBashToolConfig/bash_with_array_is_valid (0.00s)
    --- PASS: TestValidateBashToolConfig/bash_with_wildcard_is_valid (0.00s)
    --- PASS: TestValidateBashToolConfig/anonymous_bash_(nil)_is_invalid (0.00s)
=== RUN   TestParseBashToolWithBoolean
=== RUN   TestParseBashToolWithBoolean/bash:_true_enables_all_commands
=== RUN   TestParseBashToolWithBoolean/bash:_false_explicitly_disables
=== RUN   TestParseBashToolWithBoolean/bash:_nil_is_invalid
=== RUN   TestParseBashToolWithBoolean/bash_with_array
--- PASS: TestParseBashToolWithBoolean (0.00s)
    --- PASS: TestParseBashToolWithBoolean/bash:_true_enables_all_commands (0.00s)
    --- PASS: TestParseBashToolWithBoolean/bash:_false_explicitly_disables (0.00s)
    --- PASS: TestParseBashToolWithBoolean/bash:_nil_is_invalid (0.00s)
    --- PASS: TestParseBashToolWithBoolean/bash_with_array (0.00s)
=== RUN   TestNewToolsWithInvalidBash
=== RUN   TestNewToolsWithInvalidBash/detects_invalid_bash_configuration
=== RUN   TestNewToolsWithInvalidBash/accepts_valid_bash_configurations
--- PASS: TestNewToolsWithInvalidBash (0.00s)
    --- PASS: TestNewToolsWithInvalidBash/detects_invalid_bash_configuration (0.00s)
    --- PASS: TestNewToolsWithInvalidBash/accepts_valid_bash_configurations (0.00s)
=== RUN   TestValidateGitHubToolConfig
=== RUN   TestValidateGitHubToolConfig/nil_tools_config_is_valid
=== RUN   TestValidateGitHubToolConfig/no_github_tool_is_valid
=== RUN   TestValidateGitHubToolConfig/github_tool_with_github-app_only_is_valid
=== RUN   TestValidateGitHubToolConfig/github_tool_with_github-token_only_is_valid
=== RUN   TestValidateGitHubToolConfig/github_tool_with_both_github-app_and_github-token_is_invalid
=== RUN   TestValidateGitHubToolConfig/github_tool_with_neither_app_nor_github-token_is_valid
--- PASS: TestValidateGitHubToolConfig (0.00s)
    --- PASS: TestValidateGitHubToolConfig/nil_tools_config_is_valid (0.00s)
    --- PASS: TestValidateGitHubToolConfig/no_github_tool_is_valid (0.00s)
    --- PASS: TestValidateGitHubToolConfig/github_tool_with_github-app_only_is_valid (0.00s)
    --- PASS: TestValidateGitHubToolConfig/github_tool_with_github-token_only_is_valid (0.00s)
    --- PASS: TestValidateGitHubToolConfig/github_tool_with_both_github-app_and_github-token_is_invalid (0.00s)
    --- PASS: TestValidateGitHubToolConfig/github_tool_with_neither_app_nor_github-token_is_valid (0.00s)
=== RUN   TestValidateGitHubGuardPolicy
=== RUN   TestValidateGitHubGuardPolicy/nil_tools_is_valid
=== RUN   TestValidateGitHubGuardPolicy/no_github_tool_is_valid
=== RUN   TestValidateGitHubGuardPolicy/github_tool_without_guard_policy_fields_is_valid
=== RUN   TestValidateGitHubGuardPolicy/valid_guard_policy_with_repos=all
=== RUN   TestValidateGitHubGuardPolicy/valid_guard_policy_with_repos=public
=== RUN   TestValidateGitHubGuardPolicy/valid_guard_policy_with_repos_array_([]any)
=== RUN   TestValidateGitHubGuardPolicy/valid_guard_policy_with_min-integrity=none
=== RUN   TestValidateGitHubGuardPolicy/missing_repos_field_defaults_to_all
=== RUN   TestValidateGitHubGuardPolicy/missing_min-integrity_field
=== RUN   TestValidateGitHubGuardPolicy/invalid_min-integrity_value
=== RUN   TestValidateGitHubGuardPolicy/invalid_repos_string_value
=== RUN   TestValidateGitHubGuardPolicy/allowed-repos_github.repository_expression_is_valid
=== RUN   TestValidateGitHubGuardPolicy/empty_repos_array
=== RUN   TestValidateGitHubGuardPolicy/repos_array_with_uppercase_pattern
=== RUN   TestValidateGitHubGuardPolicy/repos_array_with_invalid_pattern_format
=== RUN   TestValidateGitHubGuardPolicy/valid_guard_policy_with_blocked-users
=== RUN   TestValidateGitHubGuardPolicy/valid_guard_policy_with_approval-labels
=== RUN   TestValidateGitHubGuardPolicy/valid_guard_policy_with_both_blocked-users_and_approval-labels
=== RUN   TestValidateGitHubGuardPolicy/blocked-users_without_min-integrity_fails
=== RUN   TestValidateGitHubGuardPolicy/approval-labels_without_min-integrity_fails
=== RUN   TestValidateGitHubGuardPolicy/blocked-users_with_empty_string_entry_fails
=== RUN   TestValidateGitHubGuardPolicy/approval-labels_with_empty_string_entry_fails
=== RUN   TestValidateGitHubGuardPolicy/blocked-users_with_allowed-repos_but_without_min-integrity_fails
=== RUN   TestValidateGitHubGuardPolicy/blocked-users_as_GitHub_Actions_expression_is_valid
=== RUN   TestValidateGitHubGuardPolicy/blocked-users_as_comma-separated_static_string_is_valid
=== RUN   TestValidateGitHubGuardPolicy/blocked-users_as_newline-separated_static_string_is_valid
=== RUN   TestValidateGitHubGuardPolicy/blocked-users_expression_without_min-integrity_fails
=== RUN   TestValidateGitHubGuardPolicy/approval-labels_as_GitHub_Actions_expression_is_valid
=== RUN   TestValidateGitHubGuardPolicy/valid_guard_policy_with_trusted-users
=== RUN   TestValidateGitHubGuardPolicy/trusted-users_without_min-integrity_fails
=== RUN   TestValidateGitHubGuardPolicy/trusted-users_with_empty_string_entry_fails
=== RUN   TestValidateGitHubGuardPolicy/trusted-users_as_GitHub_Actions_expression_is_valid
=== RUN   TestValidateGitHubGuardPolicy/trusted-users_expression_without_min-integrity_fails
--- PASS: TestValidateGitHubGuardPolicy (0.00s)
    --- PASS: TestValidateGitHubGuardPolicy/nil_tools_is_valid (0.00s)
    --- PASS: TestValidateGitHubGuardPolicy/no_github_tool_is_valid (0.00s)
    --- PASS: TestValidateGitHubGuardPolicy/github_tool_without_guard_policy_fields_is_valid (0.00s)
    --- PASS: TestValidateGitHubGuardPolicy/valid_guard_policy_with_repos=all (0.00s)
    --- PASS: TestValidateGitHubGuardPolicy/valid_guard_policy_with_repos=public (0.00s)
    --- PASS: TestValidateGitHubGuardPolicy/valid_guard_policy_with_repos_array_([]any) (0.00s)
    --- PASS: TestValidateGitHubGuardPolicy/valid_guard_policy_with_min-integrity=none (0.00s)
    --- PASS: TestValidateGitHubGuardPolicy/missing_repos_field_defaults_to_all (0.00s)
    --- PASS: TestValidateGitHubGuardPolicy/missing_min-integrity_field (0.00s)
    --- PASS: TestValidateGitHubGuardPolicy/invalid_min-integrity_value (0.00s)
    --- PASS: TestValidateGitHubGuardPolicy/invalid_repos_string_value (0.00s)
    --- PASS: TestValidateGitHubGuardPolicy/allowed-repos_github.repository_expression_is_valid (0.00s)
    --- PASS: TestValidateGitHubGuardPolicy/empty_repos_array (0.00s)
    --- PASS: TestValidateGitHubGuardPolicy/repos_array_with_uppercase_pattern (0.00s)
    --- PASS: TestValidateGitHubGuardPolicy/repos_array_with_invalid_pattern_format (0.00s)
    --- PASS: TestValidateGitHubGuardPolicy/valid_guard_policy_with_blocked-users (0.00s)
    --- PASS: TestValidateGitHubGuardPolicy/valid_guard_policy_with_approval-labels (0.00s)
    --- PASS: TestValidateGitHubGuardPolicy/valid_guard_policy_with_both_blocked-users_and_approval-labels (0.00s)
    --- PASS: TestValidateGitHubGuardPolicy/blocked-users_without_min-integrity_fails (0.00s)
    --- PASS: TestValidateGitHubGuardPolicy/approval-labels_without_min-integrity_fails (0.00s)
    --- PASS: TestValidateGitHubGuardPolicy/blocked-users_with_empty_string_entry_fails (0.00s)
    --- PASS: TestValidateGitHubGuardPolicy/approval-labels_with_empty_string_entry_fails (0.00s)
    --- PASS: TestValidateGitHubGuardPolicy/blocked-users_with_allowed-repos_but_without_min-integrity_fails (0.00s)
    --- PASS: TestValidateGitHubGuardPolicy/blocked-users_as_GitHub_Actions_expression_is_valid (0.00s)
    --- PASS: TestValidateGitHubGuardPolicy/blocked-users_as_comma-separated_static_string_is_valid (0.00s)
    --- PASS: TestValidateGitHubGuardPolicy/blocked-users_as_newline-separated_static_string_is_valid (0.00s)
    --- PASS: TestValidateGitHubGuardPolicy/blocked-users_expression_without_min-integrity_fails (0.00s)
    --- PASS: TestValidateGitHubGuardPolicy/approval-labels_as_GitHub_Actions_expression_is_valid (0.00s)
    --- PASS: TestValidateGitHubGuardPolicy/valid_guard_policy_with_trusted-users (0.00s)
    --- PASS: TestValidateGitHubGuardPolicy/trusted-users_without_min-integrity_fails (0.00s)
    --- PASS: TestValidateGitHubGuardPolicy/trusted-users_with_empty_string_entry_fails (0.00s)
    --- PASS: TestValidateGitHubGuardPolicy/trusted-users_as_GitHub_Actions_expression_is_valid (0.00s)
    --- PASS: TestValidateGitHubGuardPolicy/trusted-users_expression_without_min-integrity_fails (0.00s)
=== RUN   TestValidateReposScopeWithStringSlice
=== RUN   TestValidateReposScopeWithStringSlice/valid_[]string_repos_array
=== RUN   TestValidateReposScopeWithStringSlice/valid_[]string_repos_array_with_github.repository_expression
=== RUN   TestValidateReposScopeWithStringSlice/valid_[]any_repos_array
=== RUN   TestValidateReposScopeWithStringSlice/empty_[]string_repos_array
=== RUN   TestValidateReposScopeWithStringSlice/[]string_with_invalid_pattern
--- PASS: TestValidateReposScopeWithStringSlice (0.00s)
    --- PASS: TestValidateReposScopeWithStringSlice/valid_[]string_repos_array (0.00s)
    --- PASS: TestValidateReposScopeWithStringSlice/valid_[]string_repos_array_with_github.repository_expression (0.00s)
    --- PASS: TestValidateReposScopeWithStringSlice/valid_[]any_repos_array (0.00s)
    --- PASS: TestValidateReposScopeWithStringSlice/empty_[]string_repos_array (0.00s)
    --- PASS: TestValidateReposScopeWithStringSlice/[]string_with_invalid_pattern (0.00s)
=== RUN   TestMCPGSupportsIntegrityReactions
=== RUN   TestMCPGSupportsIntegrityReactions/nil_gateway_config_uses_default_(v0.3.27)
=== RUN   TestMCPGSupportsIntegrityReactions/empty_version_uses_default_(v0.3.27)
=== RUN   TestMCPGSupportsIntegrityReactions/version_exactly_at_minimum_(v0.2.18)
=== RUN   TestMCPGSupportsIntegrityReactions/version_above_minimum_(v0.2.19)
=== RUN   TestMCPGSupportsIntegrityReactions/version_below_minimum_(v0.2.17)
=== RUN   TestMCPGSupportsIntegrityReactions/version_much_higher_(v1.0.0)
=== RUN   TestMCPGSupportsIntegrityReactions/latest_always_supported
--- PASS: TestMCPGSupportsIntegrityReactions (0.00s)
    --- PASS: TestMCPGSupportsIntegrityReactions/nil_gateway_config_uses_default_(v0.3.27) (0.00s)
    --- PASS: TestMCPGSupportsIntegrityReactions/empty_version_uses_default_(v0.3.27) (0.00s)
    --- PASS: TestMCPGSupportsIntegrityReactions/version_exactly_at_minimum_(v0.2.18) (0.00s)
    --- PASS: TestMCPGSupportsIntegrityReactions/version_above_minimum_(v0.2.19) (0.00s)
    --- PASS: TestMCPGSupportsIntegrityReactions/version_below_minimum_(v0.2.17) (0.00s)
    --- PASS: TestMCPGSupportsIntegrityReactions/version_much_higher_(v1.0.0) (0.00s)
    --- PASS: TestMCPGSupportsIntegrityReactions/latest_always_supported (0.00s)
=== RUN   TestValidateIntegrityReactions
=== RUN   TestValidateIntegrityReactions/nil_tools_is_valid
=== RUN   TestValidateIntegrityReactions/no_github_tool_is_valid
=== RUN   TestValidateIntegrityReactions/no_reaction_fields_is_valid_(feature_disabled)
=== RUN   TestValidateIntegrityReactions/valid_endorsement_and_disapproval_reactions
=== RUN   TestValidateIntegrityReactions/valid_with_all_optional_fields
=== RUN   TestValidateIntegrityReactions/reaction_fields_without_feature_flag
=== RUN   TestValidateIntegrityReactions/reaction_fields_with_old_MCPG_version
=== RUN   TestValidateIntegrityReactions/reaction_fields_without_min-integrity
=== RUN   TestValidateIntegrityReactions/invalid_endorsement_reaction_value
=== RUN   TestValidateIntegrityReactions/invalid_disapproval_reaction_value
=== RUN   TestValidateIntegrityReactions/invalid_disapproval-integrity_value
=== RUN   TestValidateIntegrityReactions/invalid_endorser-min-integrity_value
=== RUN   TestValidateIntegrityReactions/only_disapproval-integrity_(no_reaction_arrays)_with_min-integrity_is_valid
=== RUN   TestValidateIntegrityReactions/feature_flag_enabled_with_min-integrity_but_no_explicit_reactions_—_valid_(defaults_used)
=== RUN   TestValidateIntegrityReactions/feature_flag_enabled_without_min-integrity_—_error_even_without_explicit_reactions
--- PASS: TestValidateIntegrityReactions (0.00s)
    --- PASS: TestValidateIntegrityReactions/nil_tools_is_valid (0.00s)
    --- PASS: TestValidateIntegrityReactions/no_github_tool_is_valid (0.00s)
    --- PASS: TestValidateIntegrityReactions/no_reaction_fields_is_valid_(feature_disabled) (0.00s)
    --- PASS: TestValidateIntegrityReactions/valid_endorsement_and_disapproval_reactions (0.00s)
    --- PASS: TestValidateIntegrityReactions/valid_with_all_optional_fields (0.00s)
    --- PASS: TestValidateIntegrityReactions/reaction_fields_without_feature_flag (0.00s)
    --- PASS: TestValidateIntegrityReactions/reaction_fields_with_old_MCPG_version (0.00s)
    --- PASS: TestValidateIntegrityReactions/reaction_fields_without_min-integrity (0.00s)
    --- PASS: TestValidateIntegrityReactions/invalid_endorsement_reaction_value (0.00s)
    --- PASS: TestValidateIntegrityReactions/invalid_disapproval_reaction_value (0.00s)
    --- PASS: TestValidateIntegrityReactions/invalid_disapproval-integrity_value (0.00s)
    --- PASS: TestValidateIntegrityReactions/invalid_endorser-min-integrity_value (0.00s)
    --- PASS: TestValidateIntegrityReactions/only_disapproval-integrity_(no_reaction_arrays)_with_min-integrity_is_valid (0.00s)
    --- PASS: TestValidateIntegrityReactions/feature_flag_enabled_with_min-integrity_but_no_explicit_reactions_—_valid_(defaults_used) (0.00s)
    --- PASS: TestValidateIntegrityReactions/feature_flag_enabled_without_min-integrity_—_error_even_without_explicit_reactions (0.00s)
=== RUN   TestGetDIFCProxyPolicyJSONWithReactions
=== RUN   TestGetDIFCProxyPolicyJSONWithReactions/reactions_injected_when_feature_enabled_and_MCPG_supports_it
=== RUN   TestGetDIFCProxyPolicyJSONWithReactions/reactions_not_injected_when_feature_disabled
=== RUN   TestGetDIFCProxyPolicyJSONWithReactions/reactions_not_injected_when_MCPG_version_too_old
=== RUN   TestGetDIFCProxyPolicyJSONWithReactions/optional_reaction_fields_injected_when_present
=== RUN   TestGetDIFCProxyPolicyJSONWithReactions/defaults_injected_when_feature_enabled_but_no_explicit_reactions
=== RUN   TestGetDIFCProxyPolicyJSONWithReactions/explicit_reactions_override_defaults
--- PASS: TestGetDIFCProxyPolicyJSONWithReactions (0.00s)
    --- PASS: TestGetDIFCProxyPolicyJSONWithReactions/reactions_injected_when_feature_enabled_and_MCPG_supports_it (0.00s)
    --- PASS: TestGetDIFCProxyPolicyJSONWithReactions/reactions_not_injected_when_feature_disabled (0.00s)
    --- PASS: TestGetDIFCProxyPolicyJSONWithReactions/reactions_not_injected_when_MCPG_version_too_old (0.00s)
    --- PASS: TestGetDIFCProxyPolicyJSONWithReactions/optional_reaction_fields_injected_when_present (0.00s)
    --- PASS: TestGetDIFCProxyPolicyJSONWithReactions/defaults_injected_when_feature_enabled_but_no_explicit_reactions (0.00s)
    --- PASS: TestGetDIFCProxyPolicyJSONWithReactions/explicit_reactions_override_defaults (0.00s)
=== RUN   TestTopLevelGitHubAppImport
--- PASS: TestTopLevelGitHubAppImport (0.00s)
=== RUN   TestTopLevelGitHubAppImportOverride
--- PASS: TestTopLevelGitHubAppImportOverride (0.00s)
=== RUN   TestTopLevelGitHubAppToolsGitHubTokenSkip
--- PASS: TestTopLevelGitHubAppToolsGitHubTokenSkip (0.00s)
=== RUN   TestTopLevelGitHubAppToolsGitHubFalseSkip
--- PASS: TestTopLevelGitHubAppToolsGitHubFalseSkip (0.00s)
=== RUN   TestTopLevelGitHubAppImportActivation
--- PASS: TestTopLevelGitHubAppImportActivation (0.00s)
=== RUN   TestTopLevelGitHubAppActivationOverride
--- PASS: TestTopLevelGitHubAppActivationOverride (0.00s)
=== RUN   TestTopLevelGitHubAppActivationTokenSkip
--- PASS: TestTopLevelGitHubAppActivationTokenSkip (0.00s)
=== RUN   TestTopLevelGitHubAppSafeOutputsFallback
--- PASS: TestTopLevelGitHubAppSafeOutputsFallback (0.00s)
=== RUN   TestTopLevelGitHubAppSafeOutputsOverride
--- PASS: TestTopLevelGitHubAppSafeOutputsOverride (0.00s)
=== RUN   TestTopLevelGitHubAppSafeOutputsTokenSkip
--- PASS: TestTopLevelGitHubAppSafeOutputsTokenSkip (0.00s)
=== RUN   TestTopLevelGitHubAppCheckoutFallback
--- PASS: TestTopLevelGitHubAppCheckoutFallback (0.00s)
=== RUN   TestTopLevelGitHubAppCheckoutOverride
--- PASS: TestTopLevelGitHubAppCheckoutOverride (0.00s)
=== RUN   TestTopLevelGitHubAppCheckoutTokenSkip
--- PASS: TestTopLevelGitHubAppCheckoutTokenSkip (0.00s)
=== RUN   TestTopLevelGitHubAppToolsFallback
--- PASS: TestTopLevelGitHubAppToolsFallback (0.00s)
=== RUN   TestTopLevelGitHubAppToolsFallbackPreservesIgnoreIfMissing
--- PASS: TestTopLevelGitHubAppToolsFallbackPreservesIgnoreIfMissing (0.00s)
=== RUN   TestTopLevelGitHubAppToolsOverride
--- PASS: TestTopLevelGitHubAppToolsOverride (0.00s)
=== RUN   TestExtractTrackerID
=== RUN   TestExtractTrackerID/Valid_tracker-id_with_alphanumeric_and_hyphens
=== RUN   TestExtractTrackerID/Valid_tracker-id_with_underscores
=== RUN   TestExtractTrackerID/Valid_tracker-id_exactly_8_characters
=== RUN   TestExtractTrackerID/Valid_tracker-id_with_mixed_case
=== RUN   TestExtractTrackerID/Missing_tracker-id_returns_empty_string
=== RUN   TestExtractTrackerID/Tracker-id_with_leading/trailing_spaces_trimmed
=== RUN   TestExtractTrackerID/Tracker-id_too_short_(7_chars)
=== RUN   TestExtractTrackerID/Tracker-id_too_long_(129_chars)
=== RUN   TestExtractTrackerID/Tracker-id_with_invalid_character_(@)
=== RUN   TestExtractTrackerID/Tracker-id_with_invalid_character_(space)
=== RUN   TestExtractTrackerID/Tracker-id_with_invalid_character_(.)
=== RUN   TestExtractTrackerID/Tracker-id_not_a_string
--- PASS: TestExtractTrackerID (0.00s)
    --- PASS: TestExtractTrackerID/Valid_tracker-id_with_alphanumeric_and_hyphens (0.00s)
    --- PASS: TestExtractTrackerID/Valid_tracker-id_with_underscores (0.00s)
    --- PASS: TestExtractTrackerID/Valid_tracker-id_exactly_8_characters (0.00s)
    --- PASS: TestExtractTrackerID/Valid_tracker-id_with_mixed_case (0.00s)
    --- PASS: TestExtractTrackerID/Missing_tracker-id_returns_empty_string (0.00s)
    --- PASS: TestExtractTrackerID/Tracker-id_with_leading/trailing_spaces_trimmed (0.00s)
    --- PASS: TestExtractTrackerID/Tracker-id_too_short_(7_chars) (0.00s)
    --- PASS: TestExtractTrackerID/Tracker-id_too_long_(129_chars) (0.00s)
    --- PASS: TestExtractTrackerID/Tracker-id_with_invalid_character_(@) (0.00s)
    --- PASS: TestExtractTrackerID/Tracker-id_with_invalid_character_(space) (0.00s)
    --- PASS: TestExtractTrackerID/Tracker-id_with_invalid_character_(.) (0.00s)
    --- PASS: TestExtractTrackerID/Tracker-id_not_a_string (0.00s)
=== RUN   TestParseTriggerShorthand
=== RUN   TestParseTriggerShorthand/simple_push_(left_as-is)
=== RUN   TestParseTriggerShorthand/push_to_branch
=== RUN   TestParseTriggerShorthand/push_to_branch_with_spaces
=== RUN   TestParseTriggerShorthand/push_tags
=== RUN   TestParseTriggerShorthand/simple_pull_request_(left_as-is)
=== RUN   TestParseTriggerShorthand/simple_pull_(left_as-is)
=== RUN   TestParseTriggerShorthand/pull_request_opened
=== RUN   TestParseTriggerShorthand/pull_request_merged
=== RUN   TestParseTriggerShorthand/pull_request_affecting_path
=== RUN   TestParseTriggerShorthand/pull_request_opened_affecting_path
=== RUN   TestParseTriggerShorthand/issue_opened
=== RUN   TestParseTriggerShorthand/issue_edited
=== RUN   TestParseTriggerShorthand/issue_closed
=== RUN   TestParseTriggerShorthand/issue_opened_labeled_bug
=== RUN   TestParseTriggerShorthand/discussion_created
=== RUN   TestParseTriggerShorthand/discussion_edited
=== RUN   TestParseTriggerShorthand/manual
=== RUN   TestParseTriggerShorthand/manual_with_input
=== RUN   TestParseTriggerShorthand/workflow_completed
=== RUN   TestParseTriggerShorthand/comment_created
=== RUN   TestParseTriggerShorthand/release_published
=== RUN   TestParseTriggerShorthand/release_prereleased
=== RUN   TestParseTriggerShorthand/repository_starred
=== RUN   TestParseTriggerShorthand/repository_forked
=== RUN   TestParseTriggerShorthand/dependabot_pull_request
=== RUN   TestParseTriggerShorthand/security_alert
=== RUN   TestParseTriggerShorthand/code_scanning_alert
=== RUN   TestParseTriggerShorthand/api_dispatch
=== RUN   TestParseTriggerShorthand/deployment_failed
=== RUN   TestParseTriggerShorthand/deployment_error
=== RUN   TestParseTriggerShorthand/deployment_failed_or_error
=== RUN   TestParseTriggerShorthand/deployment_error_or_failure
=== RUN   TestParseTriggerShorthand/bare_deployment_status_(left_as-is)
=== RUN   TestParseTriggerShorthand/not_a_trigger_shorthand
=== RUN   TestParseTriggerShorthand/empty_string
--- PASS: TestParseTriggerShorthand (0.00s)
    --- PASS: TestParseTriggerShorthand/simple_push_(left_as-is) (0.00s)
    --- PASS: TestParseTriggerShorthand/push_to_branch (0.00s)
    --- PASS: TestParseTriggerShorthand/push_to_branch_with_spaces (0.00s)
    --- PASS: TestParseTriggerShorthand/push_tags (0.00s)
    --- PASS: TestParseTriggerShorthand/simple_pull_request_(left_as-is) (0.00s)
    --- PASS: TestParseTriggerShorthand/simple_pull_(left_as-is) (0.00s)
    --- PASS: TestParseTriggerShorthand/pull_request_opened (0.00s)
    --- PASS: TestParseTriggerShorthand/pull_request_merged (0.00s)
    --- PASS: TestParseTriggerShorthand/pull_request_affecting_path (0.00s)
    --- PASS: TestParseTriggerShorthand/pull_request_opened_affecting_path (0.00s)
    --- PASS: TestParseTriggerShorthand/issue_opened (0.00s)
    --- PASS: TestParseTriggerShorthand/issue_edited (0.00s)
    --- PASS: TestParseTriggerShorthand/issue_closed (0.00s)
    --- PASS: TestParseTriggerShorthand/issue_opened_labeled_bug (0.00s)
    --- PASS: TestParseTriggerShorthand/discussion_created (0.00s)
    --- PASS: TestParseTriggerShorthand/discussion_edited (0.00s)
    --- PASS: TestParseTriggerShorthand/manual (0.00s)
    --- PASS: TestParseTriggerShorthand/manual_with_input (0.00s)
    --- PASS: TestParseTriggerShorthand/workflow_completed (0.00s)
    --- PASS: TestParseTriggerShorthand/comment_created (0.00s)
    --- PASS: TestParseTriggerShorthand/release_published (0.00s)
    --- PASS: TestParseTriggerShorthand/release_prereleased (0.00s)
    --- PASS: TestParseTriggerShorthand/repository_starred (0.00s)
    --- PASS: TestParseTriggerShorthand/repository_forked (0.00s)
    --- PASS: TestParseTriggerShorthand/dependabot_pull_request (0.00s)
    --- PASS: TestParseTriggerShorthand/security_alert (0.00s)
    --- PASS: TestParseTriggerShorthand/code_scanning_alert (0.00s)
    --- PASS: TestParseTriggerShorthand/api_dispatch (0.00s)
    --- PASS: TestParseTriggerShorthand/deployment_failed (0.00s)
    --- PASS: TestParseTriggerShorthand/deployment_error (0.00s)
    --- PASS: TestParseTriggerShorthand/deployment_failed_or_error (0.00s)
    --- PASS: TestParseTriggerShorthand/deployment_error_or_failure (0.00s)
    --- PASS: TestParseTriggerShorthand/bare_deployment_status_(left_as-is) (0.00s)
    --- PASS: TestParseTriggerShorthand/not_a_trigger_shorthand (0.00s)
    --- PASS: TestParseTriggerShorthand/empty_string (0.00s)
=== RUN   TestTriggerIRToYAMLMap
=== RUN   TestTriggerIRToYAMLMap/simple_event
=== RUN   TestTriggerIRToYAMLMap/event_with_types
=== RUN   TestTriggerIRToYAMLMap/event_with_filters
=== RUN   TestTriggerIRToYAMLMap/event_with_additional_events
--- PASS: TestTriggerIRToYAMLMap (0.00s)
    --- PASS: TestTriggerIRToYAMLMap/simple_event (0.00s)
    --- PASS: TestTriggerIRToYAMLMap/event_with_types (0.00s)
    --- PASS: TestTriggerIRToYAMLMap/event_with_filters (0.00s)
    --- PASS: TestTriggerIRToYAMLMap/event_with_additional_events (0.00s)
=== RUN   TestParseSourceControlTriggers
=== RUN   TestParseSourceControlTriggers/pull_request_with_synchronize
=== RUN   TestParseSourceControlTriggers/pull_request_with_reopened
=== RUN   TestParseSourceControlTriggers/pull_request_with_labeled
=== RUN   TestParseSourceControlTriggers/invalid_push_format
=== RUN   TestParseSourceControlTriggers/invalid_pull_request_type
--- PASS: TestParseSourceControlTriggers (0.00s)
    --- PASS: TestParseSourceControlTriggers/pull_request_with_synchronize (0.00s)
    --- PASS: TestParseSourceControlTriggers/pull_request_with_reopened (0.00s)
    --- PASS: TestParseSourceControlTriggers/pull_request_with_labeled (0.00s)
    --- PASS: TestParseSourceControlTriggers/invalid_push_format (0.00s)
    --- PASS: TestParseSourceControlTriggers/invalid_pull_request_type (0.00s)
=== RUN   TestParseIssueDiscussionTriggers
=== RUN   TestParseIssueDiscussionTriggers/issue_assigned
=== RUN   TestParseIssueDiscussionTriggers/issue_unassigned
=== RUN   TestParseIssueDiscussionTriggers/discussion_answered
=== RUN   TestParseIssueDiscussionTriggers/discussion_unanswered
=== RUN   TestParseIssueDiscussionTriggers/invalid_issue_type
=== RUN   TestParseIssueDiscussionTriggers/invalid_discussion_type
--- PASS: TestParseIssueDiscussionTriggers (0.00s)
    --- PASS: TestParseIssueDiscussionTriggers/issue_assigned (0.00s)
    --- PASS: TestParseIssueDiscussionTriggers/issue_unassigned (0.00s)
    --- PASS: TestParseIssueDiscussionTriggers/discussion_answered (0.00s)
    --- PASS: TestParseIssueDiscussionTriggers/discussion_unanswered (0.00s)
    --- PASS: TestParseIssueDiscussionTriggers/invalid_issue_type (0.00s)
    --- PASS: TestParseIssueDiscussionTriggers/invalid_discussion_type (0.00s)
=== RUN   TestConvertToIntEdgeCases
=== RUN   TestConvertToIntEdgeCases/valid_string
=== RUN   TestConvertToIntEdgeCases/string_zero
=== RUN   TestConvertToIntEdgeCases/negative_string
=== RUN   TestConvertToIntEdgeCases/positive_string_with_plus_sign
=== RUN   TestConvertToIntEdgeCases/invalid_string_-_letters
=== RUN   TestConvertToIntEdgeCases/invalid_string_-_mixed
=== RUN   TestConvertToIntEdgeCases/invalid_string_-_multiple_decimals
=== RUN   TestConvertToIntEdgeCases/empty_string
=== RUN   TestConvertToIntEdgeCases/scientific_notation_string_-_positive_exp
=== RUN   TestConvertToIntEdgeCases/scientific_notation_string_-_negative_exp
=== RUN   TestConvertToIntEdgeCases/scientific_notation_string_-_uppercase
=== RUN   TestConvertToIntEdgeCases/hex_string_lowercase
=== RUN   TestConvertToIntEdgeCases/hex_string_uppercase
=== RUN   TestConvertToIntEdgeCases/hex_string_without_prefix
=== RUN   TestConvertToIntEdgeCases/string_with_leading_whitespace
=== RUN   TestConvertToIntEdgeCases/string_with_trailing_whitespace
=== RUN   TestConvertToIntEdgeCases/string_with_surrounding_whitespace
=== RUN   TestConvertToIntEdgeCases/string_with_newline
=== RUN   TestConvertToIntEdgeCases/string_with_tab
=== RUN   TestConvertToIntEdgeCases/int_positive
=== RUN   TestConvertToIntEdgeCases/int_negative
=== RUN   TestConvertToIntEdgeCases/int_zero
=== RUN   TestConvertToIntEdgeCases/int_max_int32
=== RUN   TestConvertToIntEdgeCases/int_min_int32
=== RUN   TestConvertToIntEdgeCases/int64_positive
=== RUN   TestConvertToIntEdgeCases/int64_negative
=== RUN   TestConvertToIntEdgeCases/int64_zero
=== RUN   TestConvertToIntEdgeCases/float64_clean_conversion
=== RUN   TestConvertToIntEdgeCases/float64_truncation_60.7
=== RUN   TestConvertToIntEdgeCases/float64_truncation_60.3
=== RUN   TestConvertToIntEdgeCases/float64_negative_truncation
=== RUN   TestConvertToIntEdgeCases/float64_negative_truncation_60.7
=== RUN   TestConvertToIntEdgeCases/float64_near_zero_truncation
=== RUN   TestConvertToIntEdgeCases/float64_negative_near_zero
=== RUN   TestConvertToIntEdgeCases/float64_very_small_positive
=== RUN   TestConvertToIntEdgeCases/float64_very_small_negative
=== RUN   TestConvertToIntEdgeCases/nil
=== RUN   TestConvertToIntEdgeCases/bool_true
=== RUN   TestConvertToIntEdgeCases/bool_false
=== RUN   TestConvertToIntEdgeCases/empty_slice
=== RUN   TestConvertToIntEdgeCases/slice_with_elements
=== RUN   TestConvertToIntEdgeCases/empty_map
=== RUN   TestConvertToIntEdgeCases/map_with_elements
=== RUN   TestConvertToIntEdgeCases/struct
=== RUN   TestConvertToIntEdgeCases/pointer_to_int
--- PASS: TestConvertToIntEdgeCases (0.00s)
    --- PASS: TestConvertToIntEdgeCases/valid_string (0.00s)
    --- PASS: TestConvertToIntEdgeCases/string_zero (0.00s)
    --- PASS: TestConvertToIntEdgeCases/negative_string (0.00s)
    --- PASS: TestConvertToIntEdgeCases/positive_string_with_plus_sign (0.00s)
    --- PASS: TestConvertToIntEdgeCases/invalid_string_-_letters (0.00s)
    --- PASS: TestConvertToIntEdgeCases/invalid_string_-_mixed (0.00s)
    --- PASS: TestConvertToIntEdgeCases/invalid_string_-_multiple_decimals (0.00s)
    --- PASS: TestConvertToIntEdgeCases/empty_string (0.00s)
    --- PASS: TestConvertToIntEdgeCases/scientific_notation_string_-_positive_exp (0.00s)
    --- PASS: TestConvertToIntEdgeCases/scientific_notation_string_-_negative_exp (0.00s)
    --- PASS: TestConvertToIntEdgeCases/scientific_notation_string_-_uppercase (0.00s)
    --- PASS: TestConvertToIntEdgeCases/hex_string_lowercase (0.00s)
    --- PASS: TestConvertToIntEdgeCases/hex_string_uppercase (0.00s)
    --- PASS: TestConvertToIntEdgeCases/hex_string_without_prefix (0.00s)
    --- PASS: TestConvertToIntEdgeCases/string_with_leading_whitespace (0.00s)
    --- PASS: TestConvertToIntEdgeCases/string_with_trailing_whitespace (0.00s)
    --- PASS: TestConvertToIntEdgeCases/string_with_surrounding_whitespace (0.00s)
    --- PASS: TestConvertToIntEdgeCases/string_with_newline (0.00s)
    --- PASS: TestConvertToIntEdgeCases/string_with_tab (0.00s)
    --- PASS: TestConvertToIntEdgeCases/int_positive (0.00s)
    --- PASS: TestConvertToIntEdgeCases/int_negative (0.00s)
    --- PASS: TestConvertToIntEdgeCases/int_zero (0.00s)
    --- PASS: TestConvertToIntEdgeCases/int_max_int32 (0.00s)
    --- PASS: TestConvertToIntEdgeCases/int_min_int32 (0.00s)
    --- PASS: TestConvertToIntEdgeCases/int64_positive (0.00s)
    --- PASS: TestConvertToIntEdgeCases/int64_negative (0.00s)
    --- PASS: TestConvertToIntEdgeCases/int64_zero (0.00s)
    --- PASS: TestConvertToIntEdgeCases/float64_clean_conversion (0.00s)
    --- PASS: TestConvertToIntEdgeCases/float64_truncation_60.7 (0.00s)
    --- PASS: TestConvertToIntEdgeCases/float64_truncation_60.3 (0.00s)
    --- PASS: TestConvertToIntEdgeCases/float64_negative_truncation (0.00s)
    --- PASS: TestConvertToIntEdgeCases/float64_negative_truncation_60.7 (0.00s)
    --- PASS: TestConvertToIntEdgeCases/float64_near_zero_truncation (0.00s)
    --- PASS: TestConvertToIntEdgeCases/float64_negative_near_zero (0.00s)
    --- PASS: TestConvertToIntEdgeCases/float64_very_small_positive (0.00s)
    --- PASS: TestConvertToIntEdgeCases/float64_very_small_negative (0.00s)
    --- PASS: TestConvertToIntEdgeCases/nil (0.00s)
    --- PASS: TestConvertToIntEdgeCases/bool_true (0.00s)
    --- PASS: TestConvertToIntEdgeCases/bool_false (0.00s)
    --- PASS: TestConvertToIntEdgeCases/empty_slice (0.00s)
    --- PASS: TestConvertToIntEdgeCases/slice_with_elements (0.00s)
    --- PASS: TestConvertToIntEdgeCases/empty_map (0.00s)
    --- PASS: TestConvertToIntEdgeCases/map_with_elements (0.00s)
    --- PASS: TestConvertToIntEdgeCases/struct (0.00s)
    --- PASS: TestConvertToIntEdgeCases/pointer_to_int (0.00s)
=== RUN   TestConvertToIntOverflow
=== RUN   TestConvertToIntOverflow/very_large_float64
=== RUN   TestConvertToIntOverflow/MaxFloat64_converted_to_int
    type_conversion_test.go:120: MaxFloat64 converted to int: -9223372036854775808
=== RUN   TestConvertToIntOverflow/positive_infinity
    type_conversion_test.go:128: Inf(1) converted to int: -9223372036854775808
=== RUN   TestConvertToIntOverflow/negative_infinity
    type_conversion_test.go:136: Inf(-1) converted to int: -9223372036854775808
=== RUN   TestConvertToIntOverflow/NaN
    type_conversion_test.go:144: NaN converted to int: -9223372036854775808
=== RUN   TestConvertToIntOverflow/very_large_string_number
--- PASS: TestConvertToIntOverflow (0.00s)
    --- PASS: TestConvertToIntOverflow/very_large_float64 (0.00s)
    --- PASS: TestConvertToIntOverflow/MaxFloat64_converted_to_int (0.00s)
    --- PASS: TestConvertToIntOverflow/positive_infinity (0.00s)
    --- PASS: TestConvertToIntOverflow/negative_infinity (0.00s)
    --- PASS: TestConvertToIntOverflow/NaN (0.00s)
    --- PASS: TestConvertToIntOverflow/very_large_string_number (0.00s)
=== RUN   TestParseIntValueEdgeCases
=== RUN   TestParseIntValueEdgeCases/int_positive
=== RUN   TestParseIntValueEdgeCases/int_negative
=== RUN   TestParseIntValueEdgeCases/int_zero
=== RUN   TestParseIntValueEdgeCases/int64_positive
=== RUN   TestParseIntValueEdgeCases/int64_negative
=== RUN   TestParseIntValueEdgeCases/int64_zero
=== RUN   TestParseIntValueEdgeCases/uint64_positive
=== RUN   TestParseIntValueEdgeCases/uint64_zero
=== RUN   TestParseIntValueEdgeCases/float64_clean
=== RUN   TestParseIntValueEdgeCases/float64_truncation
=== RUN   TestParseIntValueEdgeCases/float64_negative_truncation
=== RUN   TestParseIntValueEdgeCases/float64_near_zero
=== RUN   TestParseIntValueEdgeCases/float64_zero
=== RUN   TestParseIntValueEdgeCases/string_value
=== RUN   TestParseIntValueEdgeCases/nil_value
=== RUN   TestParseIntValueEdgeCases/bool_value
=== RUN   TestParseIntValueEdgeCases/slice_value
=== RUN   TestParseIntValueEdgeCases/map_value
--- PASS: TestParseIntValueEdgeCases (0.00s)
    --- PASS: TestParseIntValueEdgeCases/int_positive (0.00s)
    --- PASS: TestParseIntValueEdgeCases/int_negative (0.00s)
    --- PASS: TestParseIntValueEdgeCases/int_zero (0.00s)
    --- PASS: TestParseIntValueEdgeCases/int64_positive (0.00s)
    --- PASS: TestParseIntValueEdgeCases/int64_negative (0.00s)
    --- PASS: TestParseIntValueEdgeCases/int64_zero (0.00s)
    --- PASS: TestParseIntValueEdgeCases/uint64_positive (0.00s)
    --- PASS: TestParseIntValueEdgeCases/uint64_zero (0.00s)
    --- PASS: TestParseIntValueEdgeCases/float64_clean (0.00s)
    --- PASS: TestParseIntValueEdgeCases/float64_truncation (0.00s)
    --- PASS: TestParseIntValueEdgeCases/float64_negative_truncation (0.00s)
    --- PASS: TestParseIntValueEdgeCases/float64_near_zero (0.00s)
    --- PASS: TestParseIntValueEdgeCases/float64_zero (0.00s)
    --- PASS: TestParseIntValueEdgeCases/string_value (0.00s)
    --- PASS: TestParseIntValueEdgeCases/nil_value (0.00s)
    --- PASS: TestParseIntValueEdgeCases/bool_value (0.00s)
    --- PASS: TestParseIntValueEdgeCases/slice_value (0.00s)
    --- PASS: TestParseIntValueEdgeCases/map_value (0.00s)
=== RUN   TestParseIntValueOverflow
=== RUN   TestParseIntValueOverflow/MaxFloat64
    type_conversion_test.go:239: MaxFloat64 parsed to: -9223372036854775808
=== RUN   TestParseIntValueOverflow/positive_infinity
    type_conversion_test.go:249: Inf(1) parsed to: -9223372036854775808
=== RUN   TestParseIntValueOverflow/negative_infinity
    type_conversion_test.go:259: Inf(-1) parsed to: -9223372036854775808
=== RUN   TestParseIntValueOverflow/NaN
    type_conversion_test.go:269: NaN parsed to: -9223372036854775808
--- PASS: TestParseIntValueOverflow (0.00s)
    --- PASS: TestParseIntValueOverflow/MaxFloat64 (0.00s)
    --- PASS: TestParseIntValueOverflow/positive_infinity (0.00s)
    --- PASS: TestParseIntValueOverflow/negative_infinity (0.00s)
    --- PASS: TestParseIntValueOverflow/NaN (0.00s)
=== RUN   TestConvertToFloatEdgeCases
=== RUN   TestConvertToFloatEdgeCases/float64_positive
=== RUN   TestConvertToFloatEdgeCases/float64_negative
=== RUN   TestConvertToFloatEdgeCases/float64_zero
=== RUN   TestConvertToFloatEdgeCases/int_positive
=== RUN   TestConvertToFloatEdgeCases/int_negative
=== RUN   TestConvertToFloatEdgeCases/int_zero
=== RUN   TestConvertToFloatEdgeCases/int64_positive
=== RUN   TestConvertToFloatEdgeCases/int64_negative
=== RUN   TestConvertToFloatEdgeCases/string_positive
=== RUN   TestConvertToFloatEdgeCases/string_negative
=== RUN   TestConvertToFloatEdgeCases/string_integer
=== RUN   TestConvertToFloatEdgeCases/string_zero
=== RUN   TestConvertToFloatEdgeCases/scientific_notation_positive_exp
=== RUN   TestConvertToFloatEdgeCases/scientific_notation_negative_exp
=== RUN   TestConvertToFloatEdgeCases/scientific_notation_uppercase
=== RUN   TestConvertToFloatEdgeCases/scientific_notation_no_decimal
=== RUN   TestConvertToFloatEdgeCases/invalid_string
=== RUN   TestConvertToFloatEdgeCases/empty_string
=== RUN   TestConvertToFloatEdgeCases/multiple_decimals
=== RUN   TestConvertToFloatEdgeCases/string_with_whitespace
=== RUN   TestConvertToFloatEdgeCases/nil
=== RUN   TestConvertToFloatEdgeCases/bool_true
=== RUN   TestConvertToFloatEdgeCases/bool_false
=== RUN   TestConvertToFloatEdgeCases/slice
=== RUN   TestConvertToFloatEdgeCases/map
--- PASS: TestConvertToFloatEdgeCases (0.00s)
    --- PASS: TestConvertToFloatEdgeCases/float64_positive (0.00s)
    --- PASS: TestConvertToFloatEdgeCases/float64_negative (0.00s)
    --- PASS: TestConvertToFloatEdgeCases/float64_zero (0.00s)
    --- PASS: TestConvertToFloatEdgeCases/int_positive (0.00s)
    --- PASS: TestConvertToFloatEdgeCases/int_negative (0.00s)
    --- PASS: TestConvertToFloatEdgeCases/int_zero (0.00s)
    --- PASS: TestConvertToFloatEdgeCases/int64_positive (0.00s)
    --- PASS: TestConvertToFloatEdgeCases/int64_negative (0.00s)
    --- PASS: TestConvertToFloatEdgeCases/string_positive (0.00s)
    --- PASS: TestConvertToFloatEdgeCases/string_negative (0.00s)
    --- PASS: TestConvertToFloatEdgeCases/string_integer (0.00s)
    --- PASS: TestConvertToFloatEdgeCases/string_zero (0.00s)
    --- PASS: TestConvertToFloatEdgeCases/scientific_notation_positive_exp (0.00s)
    --- PASS: TestConvertToFloatEdgeCases/scientific_notation_negative_exp (0.00s)
    --- PASS: TestConvertToFloatEdgeCases/scientific_notation_uppercase (0.00s)
    --- PASS: TestConvertToFloatEdgeCases/scientific_notation_no_decimal (0.00s)
    --- PASS: TestConvertToFloatEdgeCases/invalid_string (0.00s)
    --- PASS: TestConvertToFloatEdgeCases/empty_string (0.00s)
    --- PASS: TestConvertToFloatEdgeCases/multiple_decimals (0.00s)
    --- PASS: TestConvertToFloatEdgeCases/string_with_whitespace (0.00s)
    --- PASS: TestConvertToFloatEdgeCases/nil (0.00s)
    --- PASS: TestConvertToFloatEdgeCases/bool_true (0.00s)
    --- PASS: TestConvertToFloatEdgeCases/bool_false (0.00s)
    --- PASS: TestConvertToFloatEdgeCases/slice (0.00s)
    --- PASS: TestConvertToFloatEdgeCases/map (0.00s)
=== RUN   TestConvertToFloatSpecialValues
=== RUN   TestConvertToFloatSpecialValues/positive_infinity
=== RUN   TestConvertToFloatSpecialValues/negative_infinity
=== RUN   TestConvertToFloatSpecialValues/NaN
=== RUN   TestConvertToFloatSpecialValues/MaxFloat64
=== RUN   TestConvertToFloatSpecialValues/SmallestNonzeroFloat64
=== RUN   TestConvertToFloatSpecialValues/Inf_string
=== RUN   TestConvertToFloatSpecialValues/-Inf_string
=== RUN   TestConvertToFloatSpecialValues/NaN_string
--- PASS: TestConvertToFloatSpecialValues (0.00s)
    --- PASS: TestConvertToFloatSpecialValues/positive_infinity (0.00s)
    --- PASS: TestConvertToFloatSpecialValues/negative_infinity (0.00s)
    --- PASS: TestConvertToFloatSpecialValues/NaN (0.00s)
    --- PASS: TestConvertToFloatSpecialValues/MaxFloat64 (0.00s)
    --- PASS: TestConvertToFloatSpecialValues/SmallestNonzeroFloat64 (0.00s)
    --- PASS: TestConvertToFloatSpecialValues/Inf_string (0.00s)
    --- PASS: TestConvertToFloatSpecialValues/-Inf_string (0.00s)
    --- PASS: TestConvertToFloatSpecialValues/NaN_string (0.00s)
=== RUN   TestPolymorphicTypeHandling
=== RUN   TestPolymorphicTypeHandling/typeutil.ConvertToInt_with_polymorphic_inputs
=== RUN   TestPolymorphicTypeHandling/typeutil.ConvertToInt_with_polymorphic_inputs/version_string_main
=== RUN   TestPolymorphicTypeHandling/typeutil.ConvertToInt_with_polymorphic_inputs/version_string_3.11
=== RUN   TestPolymorphicTypeHandling/typeutil.ConvertToInt_with_polymorphic_inputs/version_string_v1.0.0
=== RUN   TestPolymorphicTypeHandling/typeutil.ConvertToInt_with_polymorphic_inputs/integer_123
=== RUN   TestPolymorphicTypeHandling/typeutil.ConvertToInt_with_polymorphic_inputs/integer_0
=== RUN   TestPolymorphicTypeHandling/typeutil.ConvertToInt_with_polymorphic_inputs/integer_-1
=== RUN   TestPolymorphicTypeHandling/typeutil.ConvertToInt_with_polymorphic_inputs/float_3.11
=== RUN   TestPolymorphicTypeHandling/typeutil.ConvertToInt_with_polymorphic_inputs/float_20.0
=== RUN   TestPolymorphicTypeHandling/typeutil.ConvertToInt_with_polymorphic_inputs/float_-5.5
=== RUN   TestPolymorphicTypeHandling/typeutil.ConvertToFloat_with_polymorphic_inputs
=== RUN   TestPolymorphicTypeHandling/typeutil.ConvertToFloat_with_polymorphic_inputs/version_string_3.11
=== RUN   TestPolymorphicTypeHandling/typeutil.ConvertToFloat_with_polymorphic_inputs/version_string_main
=== RUN   TestPolymorphicTypeHandling/typeutil.ConvertToFloat_with_polymorphic_inputs/integer_123
=== RUN   TestPolymorphicTypeHandling/typeutil.ConvertToFloat_with_polymorphic_inputs/integer_0
=== RUN   TestPolymorphicTypeHandling/typeutil.ConvertToFloat_with_polymorphic_inputs/float_3.11
=== RUN   TestPolymorphicTypeHandling/typeutil.ConvertToFloat_with_polymorphic_inputs/float_20.0
--- PASS: TestPolymorphicTypeHandling (0.00s)
    --- PASS: TestPolymorphicTypeHandling/typeutil.ConvertToInt_with_polymorphic_inputs (0.00s)
        --- PASS: TestPolymorphicTypeHandling/typeutil.ConvertToInt_with_polymorphic_inputs/version_string_main (0.00s)
        --- PASS: TestPolymorphicTypeHandling/typeutil.ConvertToInt_with_polymorphic_inputs/version_string_3.11 (0.00s)
        --- PASS: TestPolymorphicTypeHandling/typeutil.ConvertToInt_with_polymorphic_inputs/version_string_v1.0.0 (0.00s)
        --- PASS: TestPolymorphicTypeHandling/typeutil.ConvertToInt_with_polymorphic_inputs/integer_123 (0.00s)
        --- PASS: TestPolymorphicTypeHandling/typeutil.ConvertToInt_with_polymorphic_inputs/integer_0 (0.00s)
        --- PASS: TestPolymorphicTypeHandling/typeutil.ConvertToInt_with_polymorphic_inputs/integer_-1 (0.00s)
        --- PASS: TestPolymorphicTypeHandling/typeutil.ConvertToInt_with_polymorphic_inputs/float_3.11 (0.00s)
        --- PASS: TestPolymorphicTypeHandling/typeutil.ConvertToInt_with_polymorphic_inputs/float_20.0 (0.00s)
        --- PASS: TestPolymorphicTypeHandling/typeutil.ConvertToInt_with_polymorphic_inputs/float_-5.5 (0.00s)
    --- PASS: TestPolymorphicTypeHandling/typeutil.ConvertToFloat_with_polymorphic_inputs (0.00s)
        --- PASS: TestPolymorphicTypeHandling/typeutil.ConvertToFloat_with_polymorphic_inputs/version_string_3.11 (0.00s)
        --- PASS: TestPolymorphicTypeHandling/typeutil.ConvertToFloat_with_polymorphic_inputs/version_string_main (0.00s)
        --- PASS: TestPolymorphicTypeHandling/typeutil.ConvertToFloat_with_polymorphic_inputs/integer_123 (0.00s)
        --- PASS: TestPolymorphicTypeHandling/typeutil.ConvertToFloat_with_polymorphic_inputs/integer_0 (0.00s)
        --- PASS: TestPolymorphicTypeHandling/typeutil.ConvertToFloat_with_polymorphic_inputs/float_3.11 (0.00s)
        --- PASS: TestPolymorphicTypeHandling/typeutil.ConvertToFloat_with_polymorphic_inputs/float_20.0 (0.00s)
=== RUN   TestTypeSafetyNoPanics
=== RUN   TestTypeSafetyNoPanics/typeutil.ConvertToInt_no_panics
=== RUN   TestTypeSafetyNoPanics/typeutil.ConvertToFloat_no_panics
=== RUN   TestTypeSafetyNoPanics/typeutil.ParseIntValue_no_panics
--- PASS: TestTypeSafetyNoPanics (0.00s)
    --- PASS: TestTypeSafetyNoPanics/typeutil.ConvertToInt_no_panics (0.00s)
    --- PASS: TestTypeSafetyNoPanics/typeutil.ConvertToFloat_no_panics (0.00s)
    --- PASS: TestTypeSafetyNoPanics/typeutil.ParseIntValue_no_panics (0.00s)
=== RUN   TestZeroValueReturns
=== RUN   TestZeroValueReturns/typeutil.ConvertToInt_returns_zero_for_invalid_inputs
=== RUN   TestZeroValueReturns/typeutil.ConvertToFloat_returns_zero_for_invalid_inputs
=== RUN   TestZeroValueReturns/typeutil.ParseIntValue_returns_zero_and_false_for_invalid_inputs
--- PASS: TestZeroValueReturns (0.00s)
    --- PASS: TestZeroValueReturns/typeutil.ConvertToInt_returns_zero_for_invalid_inputs (0.00s)
    --- PASS: TestZeroValueReturns/typeutil.ConvertToFloat_returns_zero_for_invalid_inputs (0.00s)
    --- PASS: TestZeroValueReturns/typeutil.ParseIntValue_returns_zero_and_false_for_invalid_inputs (0.00s)
=== RUN   TestFloatToIntTruncationBehavior
=== RUN   TestFloatToIntTruncationBehavior/0.1_truncates_to_0
=== RUN   TestFloatToIntTruncationBehavior/0.5_truncates_to_0
=== RUN   TestFloatToIntTruncationBehavior/0.9_truncates_to_0
=== RUN   TestFloatToIntTruncationBehavior/1.1_truncates_to_1
=== RUN   TestFloatToIntTruncationBehavior/1.9_truncates_to_1
=== RUN   TestFloatToIntTruncationBehavior/99.99_truncates_to_99
=== RUN   TestFloatToIntTruncationBehavior/-0.1_truncates_to_0
=== RUN   TestFloatToIntTruncationBehavior/-0.5_truncates_to_0
=== RUN   TestFloatToIntTruncationBehavior/-0.9_truncates_to_0
=== RUN   TestFloatToIntTruncationBehavior/-1.1_truncates_to_-1
=== RUN   TestFloatToIntTruncationBehavior/-1.9_truncates_to_-1
=== RUN   TestFloatToIntTruncationBehavior/-99.99_truncates_to_-99
=== RUN   TestFloatToIntTruncationBehavior/1.0_stays_1
=== RUN   TestFloatToIntTruncationBehavior/-1.0_stays_-1
=== RUN   TestFloatToIntTruncationBehavior/0.0_stays_0
--- PASS: TestFloatToIntTruncationBehavior (0.00s)
    --- PASS: TestFloatToIntTruncationBehavior/0.1_truncates_to_0 (0.00s)
    --- PASS: TestFloatToIntTruncationBehavior/0.5_truncates_to_0 (0.00s)
    --- PASS: TestFloatToIntTruncationBehavior/0.9_truncates_to_0 (0.00s)
    --- PASS: TestFloatToIntTruncationBehavior/1.1_truncates_to_1 (0.00s)
    --- PASS: TestFloatToIntTruncationBehavior/1.9_truncates_to_1 (0.00s)
    --- PASS: TestFloatToIntTruncationBehavior/99.99_truncates_to_99 (0.00s)
    --- PASS: TestFloatToIntTruncationBehavior/-0.1_truncates_to_0 (0.00s)
    --- PASS: TestFloatToIntTruncationBehavior/-0.5_truncates_to_0 (0.00s)
    --- PASS: TestFloatToIntTruncationBehavior/-0.9_truncates_to_0 (0.00s)
    --- PASS: TestFloatToIntTruncationBehavior/-1.1_truncates_to_-1 (0.00s)
    --- PASS: TestFloatToIntTruncationBehavior/-1.9_truncates_to_-1 (0.00s)
    --- PASS: TestFloatToIntTruncationBehavior/-99.99_truncates_to_-99 (0.00s)
    --- PASS: TestFloatToIntTruncationBehavior/1.0_stays_1 (0.00s)
    --- PASS: TestFloatToIntTruncationBehavior/-1.0_stays_-1 (0.00s)
    --- PASS: TestFloatToIntTruncationBehavior/0.0_stays_0 (0.00s)
=== RUN   TestGenerateUnifiedPromptCreationStep_OrderingBuiltinFirst
--- PASS: TestGenerateUnifiedPromptCreationStep_OrderingBuiltinFirst (0.00s)
=== RUN   TestGenerateUnifiedPromptCreationStep_SubstitutionWithBuiltinExpressions
--- PASS: TestGenerateUnifiedPromptCreationStep_SubstitutionWithBuiltinExpressions (0.00s)
=== RUN   TestGenerateUnifiedPromptCreationStep_SubstitutionWithUserExpressions
--- PASS: TestGenerateUnifiedPromptCreationStep_SubstitutionWithUserExpressions (0.00s)
=== RUN   TestGenerateUnifiedPromptCreationStep_MultipleUserChunks
--- PASS: TestGenerateUnifiedPromptCreationStep_MultipleUserChunks (0.00s)
=== RUN   TestGenerateUnifiedPromptCreationStep_CombinedExpressions
--- PASS: TestGenerateUnifiedPromptCreationStep_CombinedExpressions (0.00s)
=== RUN   TestGenerateUnifiedPromptCreationStep_NoAppendSteps
--- PASS: TestGenerateUnifiedPromptCreationStep_NoAppendSteps (0.00s)
=== RUN   TestGenerateUnifiedPromptCreationStep_UsesGroupedRedirect
--- PASS: TestGenerateUnifiedPromptCreationStep_UsesGroupedRedirect (0.00s)
=== RUN   TestGenerateUnifiedPromptCreationStep_SystemTags
--- PASS: TestGenerateUnifiedPromptCreationStep_SystemTags (0.00s)
=== RUN   TestGenerateUnifiedPromptCreationStep_EmptyUserPrompt
--- PASS: TestGenerateUnifiedPromptCreationStep_EmptyUserPrompt (0.00s)
=== RUN   TestGenerateUnifiedPromptCreationStep_NoBuiltinSections
--- PASS: TestGenerateUnifiedPromptCreationStep_NoBuiltinSections (0.00s)
=== RUN   TestGenerateUnifiedPromptCreationStep_TrialMode
--- PASS: TestGenerateUnifiedPromptCreationStep_TrialMode (0.00s)
=== RUN   TestGenerateUnifiedPromptCreationStep_CacheAndRepoMemory
--- PASS: TestGenerateUnifiedPromptCreationStep_CacheAndRepoMemory (0.00s)
=== RUN   TestGenerateUnifiedPromptCreationStep_PRContextConditional
--- PASS: TestGenerateUnifiedPromptCreationStep_PRContextConditional (0.00s)
=== RUN   TestGenerateUnifiedPromptCreationStep_AllToolsCombined
--- PASS: TestGenerateUnifiedPromptCreationStep_AllToolsCombined (0.00s)
=== RUN   TestGenerateUnifiedPromptCreationStep_EnvironmentVariableSorting
--- PASS: TestGenerateUnifiedPromptCreationStep_EnvironmentVariableSorting (0.00s)
=== RUN   TestGenerateUnifiedPromptCreationStep_LargeUserPromptChunking
--- PASS: TestGenerateUnifiedPromptCreationStep_LargeUserPromptChunking (0.00s)
=== RUN   TestUnifiedPromptCreation_EndToEndIntegration
⚠ tools.playwright: MCP mode is deprecated. Migrate to CLI mode by adding `mode: cli` to your playwright configuration. CLI mode runs playwright-cli directly on the runner (no Docker container required), is more token-efficient, and lets you use `localhost` to reach local dev servers. Update your prompts to run `playwright-cli <command>` in bash instead of using MCP browser tools. See: https://github.com/github/gh-aw/blob/main/docs/src/content/docs/reference/playwright.md
/tmp/TestUnifiedPromptCreation_EndToEndIntegration1395485435/001/test.md: warning: Missing required permissions for GitHub toolsets:
  - issues: read (required by issues)
  - pull-requests: read (required by pull_requests)

To fix this, you can either:

Option 1: Add missing permissions to your workflow frontmatter:
permissions:
  issues: read
  pull-requests: read

See: https://github.com/github/gh-aw/blob/main/docs/src/content/docs/reference/permissions.md

Option 2: Reduce the required toolsets in your workflow:
Remove or adjust toolsets that require these permissions:
  - issues
  - pull_requests

/tmp/TestUnifiedPromptCreation_EndToEndIntegration1395485435/001/test.md: warning: safe update mode detected unapproved changes

New restricted secret(s):
  - ANTHROPIC_API_KEY

Remediation options:
  1. Use the --approve flag to allow the changes.
  2. Revert the unapproved changes.
  3. Use an interactive coding agent to review and approve the changes.

✓ /tmp/TestUnifiedPromptCreation_EndToEndIntegration1395485435/001/test.md (118.3 KB)
--- PASS: TestUnifiedPromptCreation_EndToEndIntegration (0.02s)
=== RUN   TestUnifiedPromptCreation_MinimalWorkflow
/tmp/TestUnifiedPromptCreation_MinimalWorkflow592302623/001/minimal.md: warning: safe update mode detected unapproved changes

New restricted secret(s):
  - ANTHROPIC_API_KEY

Remediation options:
  1. Use the --approve flag to allow the changes.
  2. Revert the unapproved changes.
  3. Use an interactive coding agent to review and approve the changes.

✓ /tmp/TestUnifiedPromptCreation_MinimalWorkflow592302623/001/minimal.md (80.8 KB)
--- PASS: TestUnifiedPromptCreation_MinimalWorkflow (0.01s)
=== RUN   TestUnifiedPromptCreation_SafeOutputsOnly
/tmp/TestUnifiedPromptCreation_SafeOutputsOnly37347771/001/safe-outputs.md: warning: safe update mode detected unapproved changes

New restricted secret(s):
  - ANTHROPIC_API_KEY

Remediation options:
  1. Use the --approve flag to allow the changes.
  2. Revert the unapproved changes.
  3. Use an interactive coding agent to review and approve the changes.

✓ /tmp/TestUnifiedPromptCreation_SafeOutputsOnly37347771/001/safe-outputs.md (106.2 KB)
--- PASS: TestUnifiedPromptCreation_SafeOutputsOnly (0.01s)
=== RUN   TestUnifiedPromptCreation_ExpressionSubstitution
/tmp/TestUnifiedPromptCreation_ExpressionSubstitution614184191/001/expressions.md: warning: safe update mode detected unapproved changes

New restricted secret(s):
  - ANTHROPIC_API_KEY

Remediation options:
  1. Use the --approve flag to allow the changes.
  2. Revert the unapproved changes.
  3. Use an interactive coding agent to review and approve the changes.

✓ /tmp/TestUnifiedPromptCreation_ExpressionSubstitution614184191/001/expressions.md (81.1 KB)
--- PASS: TestUnifiedPromptCreation_ExpressionSubstitution (0.01s)
=== RUN   TestToolWithMaxBudget
=== RUN   TestToolWithMaxBudget/nil_max_returns_plain_name
=== RUN   TestToolWithMaxBudget/max=1_returns_plain_name
=== RUN   TestToolWithMaxBudget/max>1_returns_annotated_name
=== RUN   TestToolWithMaxBudget/GitHub_Actions_expression_preserved
--- PASS: TestToolWithMaxBudget (0.00s)
    --- PASS: TestToolWithMaxBudget/nil_max_returns_plain_name (0.00s)
    --- PASS: TestToolWithMaxBudget/max=1_returns_plain_name (0.00s)
    --- PASS: TestToolWithMaxBudget/max>1_returns_annotated_name (0.00s)
    --- PASS: TestToolWithMaxBudget/GitHub_Actions_expression_preserved (0.00s)
=== RUN   TestUnifiedPromptCreation_SafeOutputsMaxBudgetInTools
/tmp/TestUnifiedPromptCreation_SafeOutputsMaxBudgetInTools1057005090/001/multi-write.md: warning: safe update mode detected unapproved changes

New restricted secret(s):
  - ANTHROPIC_API_KEY

Remediation options:
  1. Use the --approve flag to allow the changes.
  2. Revert the unapproved changes.
  3. Use an interactive coding agent to review and approve the changes.

✓ /tmp/TestUnifiedPromptCreation_SafeOutputsMaxBudgetInTools1057005090/001/multi-write.md (106.2 KB)
--- PASS: TestUnifiedPromptCreation_SafeOutputsMaxBudgetInTools (0.02s)
=== RUN   TestCollectPromptSections_Order
--- PASS: TestCollectPromptSections_Order (0.00s)
=== RUN   TestNormalizeLeadingWhitespace
=== RUN   TestNormalizeLeadingWhitespace/removes_consistent_leading_spaces
=== RUN   TestNormalizeLeadingWhitespace/handles_no_leading_spaces
=== RUN   TestNormalizeLeadingWhitespace/preserves_relative_indentation
=== RUN   TestNormalizeLeadingWhitespace/handles_empty_lines
--- PASS: TestNormalizeLeadingWhitespace (0.00s)
    --- PASS: TestNormalizeLeadingWhitespace/removes_consistent_leading_spaces (0.00s)
    --- PASS: TestNormalizeLeadingWhitespace/handles_no_leading_spaces (0.00s)
    --- PASS: TestNormalizeLeadingWhitespace/preserves_relative_indentation (0.00s)
    --- PASS: TestNormalizeLeadingWhitespace/handles_empty_lines (0.00s)
=== RUN   TestRemoveConsecutiveEmptyLines
=== RUN   TestRemoveConsecutiveEmptyLines/removes_consecutive_empty_lines
=== RUN   TestRemoveConsecutiveEmptyLines/keeps_single_empty_lines
=== RUN   TestRemoveConsecutiveEmptyLines/handles_multiple_consecutive_empty_lines
=== RUN   TestRemoveConsecutiveEmptyLines/handles_no_empty_lines
=== RUN   TestRemoveConsecutiveEmptyLines/handles_empty_lines_at_start
=== RUN   TestRemoveConsecutiveEmptyLines/handles_empty_lines_at_end
--- PASS: TestRemoveConsecutiveEmptyLines (0.00s)
    --- PASS: TestRemoveConsecutiveEmptyLines/removes_consecutive_empty_lines (0.00s)
    --- PASS: TestRemoveConsecutiveEmptyLines/keeps_single_empty_lines (0.00s)
    --- PASS: TestRemoveConsecutiveEmptyLines/handles_multiple_consecutive_empty_lines (0.00s)
    --- PASS: TestRemoveConsecutiveEmptyLines/handles_no_empty_lines (0.00s)
    --- PASS: TestRemoveConsecutiveEmptyLines/handles_empty_lines_at_start (0.00s)
    --- PASS: TestRemoveConsecutiveEmptyLines/handles_empty_lines_at_end (0.00s)
=== RUN   TestCollectPromptSections_DisableXPIA
=== RUN   TestCollectPromptSections_DisableXPIA/XPIA_included_by_default
=== RUN   TestCollectPromptSections_DisableXPIA/XPIA_excluded_when_feature_flag_enabled
=== RUN   TestCollectPromptSections_DisableXPIA/XPIA_included_when_feature_flag_explicitly_disabled
--- PASS: TestCollectPromptSections_DisableXPIA (0.00s)
    --- PASS: TestCollectPromptSections_DisableXPIA/XPIA_included_by_default (0.00s)
    --- PASS: TestCollectPromptSections_DisableXPIA/XPIA_excluded_when_feature_flag_enabled (0.00s)
    --- PASS: TestCollectPromptSections_DisableXPIA/XPIA_included_when_feature_flag_explicitly_disabled (0.00s)
=== RUN   TestCollectPromptSections_GitHubMCPAndSafeOutputsConsistency
=== RUN   TestCollectPromptSections_GitHubMCPAndSafeOutputsConsistency/both_GitHub_MCP_and_safe-outputs_enabled
=== RUN   TestCollectPromptSections_GitHubMCPAndSafeOutputsConsistency/only_GitHub_MCP_enabled_(no_safe-outputs)
=== RUN   TestCollectPromptSections_GitHubMCPAndSafeOutputsConsistency/no_GitHub_MCP_tool
--- PASS: TestCollectPromptSections_GitHubMCPAndSafeOutputsConsistency (0.00s)
    --- PASS: TestCollectPromptSections_GitHubMCPAndSafeOutputsConsistency/both_GitHub_MCP_and_safe-outputs_enabled (0.00s)
    --- PASS: TestCollectPromptSections_GitHubMCPAndSafeOutputsConsistency/only_GitHub_MCP_enabled_(no_safe-outputs) (0.00s)
    --- PASS: TestCollectPromptSections_GitHubMCPAndSafeOutputsConsistency/no_GitHub_MCP_tool (0.00s)
=== RUN   TestCollectPromptSections_CliProxy
=== RUN   TestCollectPromptSections_CliProxy/cli-proxy_enabled_without_safe-outputs_uses_cli_proxy_prompt
=== RUN   TestCollectPromptSections_CliProxy/tools.github.mode_gh-proxy_uses_cli_proxy_prompt_without_legacy_feature_flag
=== RUN   TestCollectPromptSections_CliProxy/cli-proxy_enabled_with_safe-outputs_uses_cli_proxy_with_safeoutputs_prompt
=== RUN   TestCollectPromptSections_CliProxy/cli-proxy_enabled_without_github_tool_still_adds_cli-proxy_prompt
=== RUN   TestCollectPromptSections_CliProxy/cli-proxy_disabled_uses_GitHub_MCP_tools_prompt_when_github_tool_is_enabled
--- PASS: TestCollectPromptSections_CliProxy (0.00s)
    --- PASS: TestCollectPromptSections_CliProxy/cli-proxy_enabled_without_safe-outputs_uses_cli_proxy_prompt (0.00s)
    --- PASS: TestCollectPromptSections_CliProxy/tools.github.mode_gh-proxy_uses_cli_proxy_prompt_without_legacy_feature_flag (0.00s)
    --- PASS: TestCollectPromptSections_CliProxy/cli-proxy_enabled_with_safe-outputs_uses_cli_proxy_with_safeoutputs_prompt (0.00s)
    --- PASS: TestCollectPromptSections_CliProxy/cli-proxy_enabled_without_github_tool_still_adds_cli-proxy_prompt (0.00s)
    --- PASS: TestCollectPromptSections_CliProxy/cli-proxy_disabled_uses_GitHub_MCP_tools_prompt_when_github_tool_is_enabled (0.00s)
=== RUN   TestCollectPromptSections_PRCommentPushToPRBranchGuidance
=== RUN   TestCollectPromptSections_PRCommentPushToPRBranchGuidance/includes_guidance_when_PR_comment_triggers_and_push-to-pr-branch_is_configured
=== RUN   TestCollectPromptSections_PRCommentPushToPRBranchGuidance/includes_guidance_when_pull_request_review_comment_triggers_and_push-to-pr-branch_is_configured
=== RUN   TestCollectPromptSections_PRCommentPushToPRBranchGuidance/does_not_include_guidance_when_push-to-pr-branch_is_not_configured
=== RUN   TestCollectPromptSections_PRCommentPushToPRBranchGuidance/does_not_include_guidance_when_SafeOutputs_is_nil
--- PASS: TestCollectPromptSections_PRCommentPushToPRBranchGuidance (0.00s)
    --- PASS: TestCollectPromptSections_PRCommentPushToPRBranchGuidance/includes_guidance_when_PR_comment_triggers_and_push-to-pr-branch_is_configured (0.00s)
    --- PASS: TestCollectPromptSections_PRCommentPushToPRBranchGuidance/includes_guidance_when_pull_request_review_comment_triggers_and_push-to-pr-branch_is_configured (0.00s)
    --- PASS: TestCollectPromptSections_PRCommentPushToPRBranchGuidance/does_not_include_guidance_when_push-to-pr-branch_is_not_configured (0.00s)
    --- PASS: TestCollectPromptSections_PRCommentPushToPRBranchGuidance/does_not_include_guidance_when_SafeOutputs_is_nil (0.00s)
=== RUN   TestUniversalLLMConsumerEngine_GetUniversalRequiredSecretNames_NilWorkflowData
--- PASS: TestUniversalLLMConsumerEngine_GetUniversalRequiredSecretNames_NilWorkflowData (0.00s)
=== RUN   TestUnknownModelAICreditsOutput
=== PAUSE TestUnknownModelAICreditsOutput
=== RUN   TestUnquoteUsesWithComments
=== RUN   TestUnquoteUsesWithComments/basic_quoted_uses_with_version_comment
=== RUN   TestUnquoteUsesWithComments/quoted_uses_with_version_comment_and_indentation
=== RUN   TestUnquoteUsesWithComments/multiple_quoted_uses_on_different_lines
=== RUN   TestUnquoteUsesWithComments/unquoted_uses_should_not_be_modified
=== RUN   TestUnquoteUsesWithComments/quoted_uses_without_version_comment_should_not_be_modified
=== RUN   TestUnquoteUsesWithComments/empty_string
=== RUN   TestUnquoteUsesWithComments/no_uses_lines
=== RUN   TestUnquoteUsesWithComments/complete_step_with_quoted_uses
=== RUN   TestUnquoteUsesWithComments/step_with_content_after_closing_quote
=== RUN   TestUnquoteUsesWithComments/multiple_steps_in_YAML_array_format
=== RUN   TestUnquoteUsesWithComments/handles_version_tags_with_special_characters
=== RUN   TestUnquoteUsesWithComments/preserves_empty_lines
--- PASS: TestUnquoteUsesWithComments (0.00s)
    --- PASS: TestUnquoteUsesWithComments/basic_quoted_uses_with_version_comment (0.00s)
    --- PASS: TestUnquoteUsesWithComments/quoted_uses_with_version_comment_and_indentation (0.00s)
    --- PASS: TestUnquoteUsesWithComments/multiple_quoted_uses_on_different_lines (0.00s)
    --- PASS: TestUnquoteUsesWithComments/unquoted_uses_should_not_be_modified (0.00s)
    --- PASS: TestUnquoteUsesWithComments/quoted_uses_without_version_comment_should_not_be_modified (0.00s)
    --- PASS: TestUnquoteUsesWithComments/empty_string (0.00s)
    --- PASS: TestUnquoteUsesWithComments/no_uses_lines (0.00s)
    --- PASS: TestUnquoteUsesWithComments/complete_step_with_quoted_uses (0.00s)
    --- PASS: TestUnquoteUsesWithComments/step_with_content_after_closing_quote (0.00s)
    --- PASS: TestUnquoteUsesWithComments/multiple_steps_in_YAML_array_format (0.00s)
    --- PASS: TestUnquoteUsesWithComments/handles_version_tags_with_special_characters (0.00s)
    --- PASS: TestUnquoteUsesWithComments/preserves_empty_lines (0.00s)
=== RUN   TestUnquoteUsesWithCommentsEdgeCases
=== RUN   TestUnquoteUsesWithCommentsEdgeCases/line_with_only_opening_quote_(malformed)
=== RUN   TestUnquoteUsesWithCommentsEdgeCases/line_with_hash_but_no_closing_quote_(malformed)
=== RUN   TestUnquoteUsesWithCommentsEdgeCases/hash_in_action_name_not_version_comment
=== RUN   TestUnquoteUsesWithCommentsEdgeCases/multiple_quotes_on_same_line_(should_handle_first_occurrence)
=== RUN   TestUnquoteUsesWithCommentsEdgeCases/no_space_before_hash
=== RUN   TestUnquoteUsesWithCommentsEdgeCases/hash_in_the_middle_without_space_(not_a_comment)
--- PASS: TestUnquoteUsesWithCommentsEdgeCases (0.00s)
    --- PASS: TestUnquoteUsesWithCommentsEdgeCases/line_with_only_opening_quote_(malformed) (0.00s)
    --- PASS: TestUnquoteUsesWithCommentsEdgeCases/line_with_hash_but_no_closing_quote_(malformed) (0.00s)
    --- PASS: TestUnquoteUsesWithCommentsEdgeCases/hash_in_action_name_not_version_comment (0.00s)
    --- PASS: TestUnquoteUsesWithCommentsEdgeCases/multiple_quotes_on_same_line_(should_handle_first_occurrence) (0.00s)
    --- PASS: TestUnquoteUsesWithCommentsEdgeCases/no_space_before_hash (0.00s)
    --- PASS: TestUnquoteUsesWithCommentsEdgeCases/hash_in_the_middle_without_space_(not_a_comment) (0.00s)
=== RUN   TestUnquoteUsesWithCommentsRealWorldExamples
=== RUN   TestUnquoteUsesWithCommentsRealWorldExamples/real_workflow_from_unbloat-docs
=== RUN   TestUnquoteUsesWithCommentsRealWorldExamples/post-steps_with_quoted_uses
--- PASS: TestUnquoteUsesWithCommentsRealWorldExamples (0.00s)
    --- PASS: TestUnquoteUsesWithCommentsRealWorldExamples/real_workflow_from_unbloat-docs (0.00s)
    --- PASS: TestUnquoteUsesWithCommentsRealWorldExamples/post-steps_with_quoted_uses (0.00s)
=== RUN   TestUpdateDiscussionConfigParsing
--- PASS: TestUpdateDiscussionConfigParsing (0.00s)
=== RUN   TestUpdateDiscussionConfigWithAllOptions
--- PASS: TestUpdateDiscussionConfigWithAllOptions (0.00s)
=== RUN   TestUpdateDiscussionConfigTargetParsing
--- PASS: TestUpdateDiscussionConfigTargetParsing (0.00s)
=== RUN   TestUpdateDiscussionConfigLabelsOnly
--- PASS: TestUpdateDiscussionConfigLabelsOnly (0.00s)
=== RUN   TestUpdateDiscussionConfigAllowedLabelsImplicitlyEnablesLabels
--- PASS: TestUpdateDiscussionConfigAllowedLabelsImplicitlyEnablesLabels (0.00s)
=== RUN   TestParseUpdateEntityBoolField
=== RUN   TestParseUpdateEntityBoolField/key_existence_mode:_key_present_with_nil_value
=== RUN   TestParseUpdateEntityBoolField/key_existence_mode:_key_present_with_empty_value
=== RUN   TestParseUpdateEntityBoolField/key_existence_mode:_key_not_present
=== RUN   TestParseUpdateEntityBoolField/key_existence_mode:_nil_config_map
=== RUN   TestParseUpdateEntityBoolField/key_existence_mode:_empty_config_map
=== RUN   TestParseUpdateEntityBoolField/bool_value_mode:_true_value
=== RUN   TestParseUpdateEntityBoolField/bool_value_mode:_false_value
=== RUN   TestParseUpdateEntityBoolField/bool_value_mode:_nil_value_(not_a_bool)
=== RUN   TestParseUpdateEntityBoolField/bool_value_mode:_string_value_(not_a_bool)
=== RUN   TestParseUpdateEntityBoolField/bool_value_mode:_key_not_present
=== RUN   TestParseUpdateEntityBoolField/bool_value_mode:_nil_config_map
--- PASS: TestParseUpdateEntityBoolField (0.00s)
    --- PASS: TestParseUpdateEntityBoolField/key_existence_mode:_key_present_with_nil_value (0.00s)
    --- PASS: TestParseUpdateEntityBoolField/key_existence_mode:_key_present_with_empty_value (0.00s)
    --- PASS: TestParseUpdateEntityBoolField/key_existence_mode:_key_not_present (0.00s)
    --- PASS: TestParseUpdateEntityBoolField/key_existence_mode:_nil_config_map (0.00s)
    --- PASS: TestParseUpdateEntityBoolField/key_existence_mode:_empty_config_map (0.00s)
    --- PASS: TestParseUpdateEntityBoolField/bool_value_mode:_true_value (0.00s)
    --- PASS: TestParseUpdateEntityBoolField/bool_value_mode:_false_value (0.00s)
    --- PASS: TestParseUpdateEntityBoolField/bool_value_mode:_nil_value_(not_a_bool) (0.00s)
    --- PASS: TestParseUpdateEntityBoolField/bool_value_mode:_string_value_(not_a_bool) (0.00s)
    --- PASS: TestParseUpdateEntityBoolField/bool_value_mode:_key_not_present (0.00s)
    --- PASS: TestParseUpdateEntityBoolField/bool_value_mode:_nil_config_map (0.00s)
=== RUN   TestParseUpdateEntityBoolFieldFieldNames
=== RUN   TestParseUpdateEntityBoolFieldFieldNames/title
=== RUN   TestParseUpdateEntityBoolFieldFieldNames/body
=== RUN   TestParseUpdateEntityBoolFieldFieldNames/status
=== RUN   TestParseUpdateEntityBoolFieldFieldNames/labels
--- PASS: TestParseUpdateEntityBoolFieldFieldNames (0.00s)
    --- PASS: TestParseUpdateEntityBoolFieldFieldNames/title (0.00s)
    --- PASS: TestParseUpdateEntityBoolFieldFieldNames/body (0.00s)
    --- PASS: TestParseUpdateEntityBoolFieldFieldNames/status (0.00s)
    --- PASS: TestParseUpdateEntityBoolFieldFieldNames/labels (0.00s)
=== RUN   TestParseUpdateEntityConfigWithFields
=== RUN   TestParseUpdateEntityConfigWithFields/basic_config_with_no_fields
=== RUN   TestParseUpdateEntityConfigWithFields/config_with_bool_fields_using_key_existence_mode
=== RUN   TestParseUpdateEntityConfigWithFields/config_with_custom_parser
=== RUN   TestParseUpdateEntityConfigWithFields/missing_config_key_returns_nil
--- PASS: TestParseUpdateEntityConfigWithFields (0.00s)
    --- PASS: TestParseUpdateEntityConfigWithFields/basic_config_with_no_fields (0.00s)
    --- PASS: TestParseUpdateEntityConfigWithFields/config_with_bool_fields_using_key_existence_mode (0.00s)
    --- PASS: TestParseUpdateEntityConfigWithFields/config_with_custom_parser (0.00s)
    --- PASS: TestParseUpdateEntityConfigWithFields/missing_config_key_returns_nil (0.00s)
=== RUN   TestParseUpdateEntityConfigTyped
=== RUN   TestParseUpdateEntityConfigTyped/basic_config_with_fields
=== RUN   TestParseUpdateEntityConfigTyped/config_with_target
=== RUN   TestParseUpdateEntityConfigTyped/missing_config_key_returns_nil
--- PASS: TestParseUpdateEntityConfigTyped (0.00s)
    --- PASS: TestParseUpdateEntityConfigTyped/basic_config_with_fields (0.00s)
    --- PASS: TestParseUpdateEntityConfigTyped/config_with_target (0.00s)
    --- PASS: TestParseUpdateEntityConfigTyped/missing_config_key_returns_nil (0.00s)
=== RUN   TestParseUpdateEntityConfigTypedWithCustomParser
--- PASS: TestParseUpdateEntityConfigTypedWithCustomParser (0.00s)
=== RUN   TestUpdateIssueConfigParsing
--- PASS: TestUpdateIssueConfigParsing (0.00s)
=== RUN   TestUpdateIssueConfigWithAllOptions
--- PASS: TestUpdateIssueConfigWithAllOptions (0.00s)
=== RUN   TestUpdateIssueConfigTargetParsing
--- PASS: TestUpdateIssueConfigTargetParsing (0.00s)
=== RUN   TestUpdateIssueBodyBooleanTrue
--- PASS: TestUpdateIssueBodyBooleanTrue (0.00s)
=== RUN   TestUpdateIssueBodyBooleanFalse
--- PASS: TestUpdateIssueBodyBooleanFalse (0.00s)
=== RUN   TestUpdateIssueBodyNullBackwardCompatibility
--- PASS: TestUpdateIssueBodyNullBackwardCompatibility (0.00s)
=== RUN   TestUpdateIssueTitlePrefix
--- PASS: TestUpdateIssueTitlePrefix (0.00s)
=== RUN   TestUpdateProjectHandlerConfigIncludesFieldDefinitions
/tmp/gh-aw-test-runs/20260704-173215-1254793/handler-config-test64635451/test-workflow.md: info: Tip: set permissions.copilot-requests: write to use GitHub Actions token-based inference with the Copilot engine instead of a personal access token (COPILOT_GITHUB_TOKEN). This option requires that your organization has centralized Copilot billing enabled and may not be available in all organizations — see https://github.github.com/gh-aw/reference/billing/ for details.

✓ /tmp/gh-aw-test-runs/20260704-173215-1254793/handler-config-test64635451/test-workflow.md (100.5 KB)
--- PASS: TestUpdateProjectHandlerConfigIncludesFieldDefinitions (0.01s)
=== RUN   TestUpdateProjectWithProjectURLConfig
/tmp/gh-aw-test-runs/20260704-173215-1254793/handler-config-test3283158506/test-workflow.md: info: Tip: set permissions.copilot-requests: write to use GitHub Actions token-based inference with the Copilot engine instead of a personal access token (COPILOT_GITHUB_TOKEN). This option requires that your organization has centralized Copilot billing enabled and may not be available in all organizations — see https://github.github.com/gh-aw/reference/billing/ for details.

✓ /tmp/gh-aw-test-runs/20260704-173215-1254793/handler-config-test3283158506/test-workflow.md (100.5 KB)
--- PASS: TestUpdateProjectWithProjectURLConfig (0.01s)
=== RUN   TestUploadAssetsConfigDefaults
--- PASS: TestUploadAssetsConfigDefaults (0.00s)
=== RUN   TestUploadAssetsConfigCustomExtensions
--- PASS: TestUploadAssetsConfigCustomExtensions (0.00s)
=== RUN   TestUploadAssetsConfigNormalizesExtensions
--- PASS: TestUploadAssetsConfigNormalizesExtensions (0.00s)
=== RUN   TestValidateIntRange
=== RUN   TestValidateIntRange/value_at_minimum
=== RUN   TestValidateIntRange/value_at_maximum
=== RUN   TestValidateIntRange/value_in_middle_of_range
=== RUN   TestValidateIntRange/value_below_minimum
=== RUN   TestValidateIntRange/value_above_maximum
=== RUN   TestValidateIntRange/negative_value_below_minimum
=== RUN   TestValidateIntRange/zero_when_minimum_is_zero
=== RUN   TestValidateIntRange/large_negative_value
=== RUN   TestValidateIntRange/large_positive_value_exceeding_maximum
=== RUN   TestValidateIntRange/single_value_range_(min_equals_max)
=== RUN   TestValidateIntRange/single_value_range_-_below
=== RUN   TestValidateIntRange/single_value_range_-_above
--- PASS: TestValidateIntRange (0.00s)
    --- PASS: TestValidateIntRange/value_at_minimum (0.00s)
    --- PASS: TestValidateIntRange/value_at_maximum (0.00s)
    --- PASS: TestValidateIntRange/value_in_middle_of_range (0.00s)
    --- PASS: TestValidateIntRange/value_below_minimum (0.00s)
    --- PASS: TestValidateIntRange/value_above_maximum (0.00s)
    --- PASS: TestValidateIntRange/negative_value_below_minimum (0.00s)
    --- PASS: TestValidateIntRange/zero_when_minimum_is_zero (0.00s)
    --- PASS: TestValidateIntRange/large_negative_value (0.00s)
    --- PASS: TestValidateIntRange/large_positive_value_exceeding_maximum (0.00s)
    --- PASS: TestValidateIntRange/single_value_range_(min_equals_max) (0.00s)
    --- PASS: TestValidateIntRange/single_value_range_-_below (0.00s)
    --- PASS: TestValidateIntRange/single_value_range_-_above (0.00s)
=== RUN   TestValidateIntRangeWithRealWorldValues
=== RUN   TestValidateIntRangeWithRealWorldValues/port_-_minimum_valid
=== RUN   TestValidateIntRangeWithRealWorldValues/port_-_maximum_valid
=== RUN   TestValidateIntRangeWithRealWorldValues/port_-_zero_invalid
=== RUN   TestValidateIntRangeWithRealWorldValues/port_-_above_maximum
=== RUN   TestValidateIntRangeWithRealWorldValues/max-file-size_-_minimum_valid
=== RUN   TestValidateIntRangeWithRealWorldValues/max-file-size_-_maximum_valid
=== RUN   TestValidateIntRangeWithRealWorldValues/max-file-size_-_zero_invalid
=== RUN   TestValidateIntRangeWithRealWorldValues/max-file-size_-_above_maximum
=== RUN   TestValidateIntRangeWithRealWorldValues/max-file-count_-_minimum_valid
=== RUN   TestValidateIntRangeWithRealWorldValues/max-file-count_-_maximum_valid
=== RUN   TestValidateIntRangeWithRealWorldValues/max-file-count_-_zero_invalid
=== RUN   TestValidateIntRangeWithRealWorldValues/max-file-count_-_above_maximum
=== RUN   TestValidateIntRangeWithRealWorldValues/retention-days_-_minimum_valid
=== RUN   TestValidateIntRangeWithRealWorldValues/retention-days_-_maximum_valid
=== RUN   TestValidateIntRangeWithRealWorldValues/retention-days_-_zero_invalid
=== RUN   TestValidateIntRangeWithRealWorldValues/retention-days_-_above_maximum
--- PASS: TestValidateIntRangeWithRealWorldValues (0.00s)
    --- PASS: TestValidateIntRangeWithRealWorldValues/port_-_minimum_valid (0.00s)
    --- PASS: TestValidateIntRangeWithRealWorldValues/port_-_maximum_valid (0.00s)
    --- PASS: TestValidateIntRangeWithRealWorldValues/port_-_zero_invalid (0.00s)
    --- PASS: TestValidateIntRangeWithRealWorldValues/port_-_above_maximum (0.00s)
    --- PASS: TestValidateIntRangeWithRealWorldValues/max-file-size_-_minimum_valid (0.00s)
    --- PASS: TestValidateIntRangeWithRealWorldValues/max-file-size_-_maximum_valid (0.00s)
    --- PASS: TestValidateIntRangeWithRealWorldValues/max-file-size_-_zero_invalid (0.00s)
    --- PASS: TestValidateIntRangeWithRealWorldValues/max-file-size_-_above_maximum (0.00s)
    --- PASS: TestValidateIntRangeWithRealWorldValues/max-file-count_-_minimum_valid (0.00s)
    --- PASS: TestValidateIntRangeWithRealWorldValues/max-file-count_-_maximum_valid (0.00s)
    --- PASS: TestValidateIntRangeWithRealWorldValues/max-file-count_-_zero_invalid (0.00s)
    --- PASS: TestValidateIntRangeWithRealWorldValues/max-file-count_-_above_maximum (0.00s)
    --- PASS: TestValidateIntRangeWithRealWorldValues/retention-days_-_minimum_valid (0.00s)
    --- PASS: TestValidateIntRangeWithRealWorldValues/retention-days_-_maximum_valid (0.00s)
    --- PASS: TestValidateIntRangeWithRealWorldValues/retention-days_-_zero_invalid (0.00s)
    --- PASS: TestValidateIntRangeWithRealWorldValues/retention-days_-_above_maximum (0.00s)
=== RUN   TestDirExists
=== RUN   TestDirExists/empty_path_returns_false
=== RUN   TestDirExists/non-existent_path_returns_false
=== RUN   TestDirExists/file_path_returns_false
=== RUN   TestDirExists/directory_path_returns_true
=== RUN   TestDirExists/parent_directory_returns_true
--- PASS: TestDirExists (0.00s)
    --- PASS: TestDirExists/empty_path_returns_false (0.00s)
    --- PASS: TestDirExists/non-existent_path_returns_false (0.00s)
    --- PASS: TestDirExists/file_path_returns_false (0.00s)
    --- PASS: TestDirExists/directory_path_returns_true (0.00s)
    --- PASS: TestDirExists/parent_directory_returns_true (0.00s)
=== RUN   TestValidateMountStringFormat
=== RUN   TestValidateMountStringFormat/valid_ro_mount
=== RUN   TestValidateMountStringFormat/valid_rw_mount
=== RUN   TestValidateMountStringFormat/too_few_parts_—_format_error,_all_values_empty
=== RUN   TestValidateMountStringFormat/too_many_parts_—_format_error,_all_values_empty
=== RUN   TestValidateMountStringFormat/invalid_mode_—_source_and_dest_returned,_mode_returned
=== RUN   TestValidateMountStringFormat/empty_mode_—_source_and_dest_returned,_mode_empty_string
--- PASS: TestValidateMountStringFormat (0.00s)
    --- PASS: TestValidateMountStringFormat/valid_ro_mount (0.00s)
    --- PASS: TestValidateMountStringFormat/valid_rw_mount (0.00s)
    --- PASS: TestValidateMountStringFormat/too_few_parts_—_format_error,_all_values_empty (0.00s)
    --- PASS: TestValidateMountStringFormat/too_many_parts_—_format_error,_all_values_empty (0.00s)
    --- PASS: TestValidateMountStringFormat/invalid_mode_—_source_and_dest_returned,_mode_returned (0.00s)
    --- PASS: TestValidateMountStringFormat/empty_mode_—_source_and_dest_returned,_mode_empty_string (0.00s)
=== RUN   TestContainsTrigger
=== RUN   TestContainsTrigger/string:_matching_trigger
=== RUN   TestContainsTrigger/string:_non-matching_trigger
=== RUN   TestContainsTrigger/string:_partial_match_does_not_count
=== RUN   TestContainsTrigger/slice:_contains_trigger
=== RUN   TestContainsTrigger/slice:_trigger_absent
=== RUN   TestContainsTrigger/slice:_single_element_matching
=== RUN   TestContainsTrigger/slice:_non-string_element_skipped
=== RUN   TestContainsTrigger/slice:_empty_slice
=== RUN   TestContainsTrigger/map:_trigger_key_present
=== RUN   TestContainsTrigger/map:_trigger_key_present_with_value
=== RUN   TestContainsTrigger/map:_trigger_key_absent
=== RUN   TestContainsTrigger/map:_empty_map
=== RUN   TestContainsTrigger/nil_onSection
=== RUN   TestContainsTrigger/unsupported_type
=== RUN   TestContainsTrigger/string:_workflow_call_matching
=== RUN   TestContainsTrigger/string:_workflow_dispatch_does_not_match_workflow_call
--- PASS: TestContainsTrigger (0.00s)
    --- PASS: TestContainsTrigger/string:_matching_trigger (0.00s)
    --- PASS: TestContainsTrigger/string:_non-matching_trigger (0.00s)
    --- PASS: TestContainsTrigger/string:_partial_match_does_not_count (0.00s)
    --- PASS: TestContainsTrigger/slice:_contains_trigger (0.00s)
    --- PASS: TestContainsTrigger/slice:_trigger_absent (0.00s)
    --- PASS: TestContainsTrigger/slice:_single_element_matching (0.00s)
    --- PASS: TestContainsTrigger/slice:_non-string_element_skipped (0.00s)
    --- PASS: TestContainsTrigger/slice:_empty_slice (0.00s)
    --- PASS: TestContainsTrigger/map:_trigger_key_present (0.00s)
    --- PASS: TestContainsTrigger/map:_trigger_key_present_with_value (0.00s)
    --- PASS: TestContainsTrigger/map:_trigger_key_absent (0.00s)
    --- PASS: TestContainsTrigger/map:_empty_map (0.00s)
    --- PASS: TestContainsTrigger/nil_onSection (0.00s)
    --- PASS: TestContainsTrigger/unsupported_type (0.00s)
    --- PASS: TestContainsTrigger/string:_workflow_call_matching (0.00s)
    --- PASS: TestContainsTrigger/string:_workflow_dispatch_does_not_match_workflow_call (0.00s)
=== RUN   TestParseMountEntry
=== RUN   TestParseMountEntry/valid_mount
=== RUN   TestParseMountEntry/format_error
=== RUN   TestParseMountEntry/mode_error
=== RUN   TestParseMountEntry/empty_source
=== RUN   TestParseMountEntry/empty_destination
--- PASS: TestParseMountEntry (0.00s)
    --- PASS: TestParseMountEntry/valid_mount (0.00s)
    --- PASS: TestParseMountEntry/format_error (0.00s)
    --- PASS: TestParseMountEntry/mode_error (0.00s)
    --- PASS: TestParseMountEntry/empty_source (0.00s)
    --- PASS: TestParseMountEntry/empty_destination (0.00s)
=== RUN   TestPreprocessProtectedFilesField
=== RUN   TestPreprocessProtectedFilesField/string_form_passes_through_unchanged
=== RUN   TestPreprocessProtectedFilesField/string_form_allowed_passes_through_unchanged
=== RUN   TestPreprocessProtectedFilesField/object_form_with_policy_and_exclude
=== RUN   TestPreprocessProtectedFilesField/object_form_with_exclude_only_(no_policy)
=== RUN   TestPreprocessProtectedFilesField/object_form_with_empty_policy_string
=== RUN   TestPreprocessProtectedFilesField/nil_configData_returns_nil
=== RUN   TestPreprocessProtectedFilesField/absent_field_returns_nil
=== RUN   TestPreprocessProtectedFilesField/object_form_with_empty_exclude_list
--- PASS: TestPreprocessProtectedFilesField (0.00s)
    --- PASS: TestPreprocessProtectedFilesField/string_form_passes_through_unchanged (0.00s)
    --- PASS: TestPreprocessProtectedFilesField/string_form_allowed_passes_through_unchanged (0.00s)
    --- PASS: TestPreprocessProtectedFilesField/object_form_with_policy_and_exclude (0.00s)
    --- PASS: TestPreprocessProtectedFilesField/object_form_with_exclude_only_(no_policy) (0.00s)
    --- PASS: TestPreprocessProtectedFilesField/object_form_with_empty_policy_string (0.00s)
    --- PASS: TestPreprocessProtectedFilesField/nil_configData_returns_nil (0.00s)
    --- PASS: TestPreprocessProtectedFilesField/absent_field_returns_nil (0.00s)
    --- PASS: TestPreprocessProtectedFilesField/object_form_with_empty_exclude_list (0.00s)
=== RUN   TestValidateStringEnumField
=== RUN   TestValidateStringEnumField/valid_enum_value_is_kept
=== RUN   TestValidateStringEnumField/another_valid_enum_value_is_kept
=== RUN   TestValidateStringEnumField/invalid_literal_string_is_removed
=== RUN   TestValidateStringEnumField/non-string_value_is_removed
=== RUN   TestValidateStringEnumField/absent_field_is_a_no-op
=== RUN   TestValidateStringEnumField/nil_configData_is_a_no-op
=== RUN   TestValidateStringEnumField/GitHub_Actions_expression_is_passed_through
=== RUN   TestValidateStringEnumField/expression_with_spaces_is_passed_through
--- PASS: TestValidateStringEnumField (0.00s)
    --- PASS: TestValidateStringEnumField/valid_enum_value_is_kept (0.00s)
    --- PASS: TestValidateStringEnumField/another_valid_enum_value_is_kept (0.00s)
    --- PASS: TestValidateStringEnumField/invalid_literal_string_is_removed (0.00s)
    --- PASS: TestValidateStringEnumField/non-string_value_is_removed (0.00s)
    --- PASS: TestValidateStringEnumField/absent_field_is_a_no-op (0.00s)
    --- PASS: TestValidateStringEnumField/nil_configData_is_a_no-op (0.00s)
    --- PASS: TestValidateStringEnumField/GitHub_Actions_expression_is_passed_through (0.00s)
    --- PASS: TestValidateStringEnumField/expression_with_spaces_is_passed_through (0.00s)
=== RUN   TestPreprocessProtectedFilesFieldWithExpression
=== RUN   TestPreprocessProtectedFilesFieldWithExpression/expression_string_form_passes_through_unchanged
=== RUN   TestPreprocessProtectedFilesFieldWithExpression/object_form_with_expression_policy
--- PASS: TestPreprocessProtectedFilesFieldWithExpression (0.00s)
    --- PASS: TestPreprocessProtectedFilesFieldWithExpression/expression_string_form_passes_through_unchanged (0.00s)
    --- PASS: TestPreprocessProtectedFilesFieldWithExpression/object_form_with_expression_policy (0.00s)
=== RUN   TestValidateStrictMCPNetwork_NoMCPServers
--- PASS: TestValidateStrictMCPNetwork_NoMCPServers (0.00s)
=== RUN   TestValidateStrictMCPNetwork_EmptyMCPServers
--- PASS: TestValidateStrictMCPNetwork_EmptyMCPServers (0.00s)
=== RUN   TestValidateStrictMCPNetwork_InvalidMCPServersType
--- PASS: TestValidateStrictMCPNetwork_InvalidMCPServersType (0.00s)
=== RUN   TestValidateStrictMCPNetwork_ContainerWithTopLevelNetwork
--- PASS: TestValidateStrictMCPNetwork_ContainerWithTopLevelNetwork (0.00s)
=== RUN   TestValidateStrictMCPNetwork_ContainerWithoutNetwork
--- PASS: TestValidateStrictMCPNetwork_ContainerWithoutNetwork (0.00s)
=== RUN   TestValidateStrictMCPNetwork_ExplicitStdioTypeContainerWithNetwork
--- PASS: TestValidateStrictMCPNetwork_ExplicitStdioTypeContainerWithNetwork (0.00s)
=== RUN   TestValidateStrictMCPNetwork_ExplicitStdioTypeContainerWithoutNetwork
--- PASS: TestValidateStrictMCPNetwork_ExplicitStdioTypeContainerWithoutNetwork (0.00s)
=== RUN   TestValidateStrictMCPNetwork_LocalTypeContainerWithNetwork
--- PASS: TestValidateStrictMCPNetwork_LocalTypeContainerWithNetwork (0.00s)
=== RUN   TestValidateStrictMCPNetwork_LocalTypeContainerWithoutNetwork
--- PASS: TestValidateStrictMCPNetwork_LocalTypeContainerWithoutNetwork (0.00s)
=== RUN   TestValidateStrictMCPNetwork_HTTPTypeNoValidation
--- PASS: TestValidateStrictMCPNetwork_HTTPTypeNoValidation (0.00s)
=== RUN   TestValidateStrictMCPNetwork_StdioWithCommandNoContainer
--- PASS: TestValidateStrictMCPNetwork_StdioWithCommandNoContainer (0.00s)
=== RUN   TestValidateStrictMCPNetwork_InvalidServerConfigType
--- PASS: TestValidateStrictMCPNetwork_InvalidServerConfigType (0.00s)
=== RUN   TestValidateStrictMCPNetwork_NonMCPServerSkipped
--- PASS: TestValidateStrictMCPNetwork_NonMCPServerSkipped (0.00s)
=== RUN   TestValidateStrictMCPNetwork_MultipleServers
--- PASS: TestValidateStrictMCPNetwork_MultipleServers (0.00s)
=== RUN   TestValidateStrictMCPNetwork_MultipleServersOneFails
--- PASS: TestValidateStrictMCPNetwork_MultipleServersOneFails (0.00s)
=== RUN   TestValidateStrictMCPNetwork_InferredStdioFromContainer
--- PASS: TestValidateStrictMCPNetwork_InferredStdioFromContainer (0.00s)
=== RUN   TestValidateStrictMCPNetwork_InferredHTTPFromURL
--- PASS: TestValidateStrictMCPNetwork_InferredHTTPFromURL (0.00s)
=== RUN   TestValidateStrictMCPNetwork_InferredStdioFromCommand
--- PASS: TestValidateStrictMCPNetwork_InferredStdioFromCommand (0.00s)
=== RUN   TestValidateStrictMCPNetwork_ContainerWithNoNetworkConfig
--- PASS: TestValidateStrictMCPNetwork_ContainerWithNoNetworkConfig (0.00s)
=== RUN   TestValidateStrictMCPNetwork_ContainerWithEmptyTopLevelNetwork
--- PASS: TestValidateStrictMCPNetwork_ContainerWithEmptyTopLevelNetwork (0.00s)
=== RUN   TestValidateStrictMCPNetwork_MultipleServersWithTopLevelNetwork
--- PASS: TestValidateStrictMCPNetwork_MultipleServersWithTopLevelNetwork (0.00s)
=== RUN   TestVersionField
=== RUN   TestVersionField/GitHub_version_field_extraction
=== RUN   TestVersionField/MCP_parser_version_field_integration
--- PASS: TestVersionField (0.00s)
    --- PASS: TestVersionField/GitHub_version_field_extraction (0.00s)
    --- PASS: TestVersionField/MCP_parser_version_field_integration (0.00s)
=== RUN   TestVersionAtLeast
=== RUN   TestVersionAtLeast/empty_version_uses_default_above_minimum
=== RUN   TestVersionAtLeast/empty_version_uses_default_below_minimum
=== RUN   TestVersionAtLeast/explicit_version_at_minimum
=== RUN   TestVersionAtLeast/latest_is_always_supported
=== RUN   TestVersionAtLeast/LATEST_is_always_supported
=== RUN   TestVersionAtLeast/non_semver_returns_false
--- PASS: TestVersionAtLeast (0.00s)
    --- PASS: TestVersionAtLeast/empty_version_uses_default_above_minimum (0.00s)
    --- PASS: TestVersionAtLeast/empty_version_uses_default_below_minimum (0.00s)
    --- PASS: TestVersionAtLeast/explicit_version_at_minimum (0.00s)
    --- PASS: TestVersionAtLeast/latest_is_always_supported (0.00s)
    --- PASS: TestVersionAtLeast/LATEST_is_always_supported (0.00s)
    --- PASS: TestVersionAtLeast/non_semver_returns_false (0.00s)
=== RUN   TestSetVersionAndGetVersion
=== RUN   TestSetVersionAndGetVersion/1.0.0
=== RUN   TestSetVersionAndGetVersion/dev
=== RUN   TestSetVersionAndGetVersion/v2.3.4
=== RUN   TestSetVersionAndGetVersion/#00
--- PASS: TestSetVersionAndGetVersion (0.00s)
    --- PASS: TestSetVersionAndGetVersion/1.0.0 (0.00s)
    --- PASS: TestSetVersionAndGetVersion/dev (0.00s)
    --- PASS: TestSetVersionAndGetVersion/v2.3.4 (0.00s)
    --- PASS: TestSetVersionAndGetVersion/#00 (0.00s)
=== RUN   TestSetIsReleaseAndIsRelease
=== RUN   TestSetIsReleaseAndIsRelease/Set_true
=== RUN   TestSetIsReleaseAndIsRelease/Set_false
--- PASS: TestSetIsReleaseAndIsRelease (0.00s)
    --- PASS: TestSetIsReleaseAndIsRelease/Set_true (0.00s)
    --- PASS: TestSetIsReleaseAndIsRelease/Set_false (0.00s)
=== RUN   TestIsReleasedVersion_WithReleaseFlag
=== RUN   TestIsReleasedVersion_WithReleaseFlag/Release_flag_true_with_valid_version
=== RUN   TestIsReleasedVersion_WithReleaseFlag/Release_flag_true_with_dev_version
=== RUN   TestIsReleasedVersion_WithReleaseFlag/Release_flag_true_with_dirty_version
=== RUN   TestIsReleasedVersion_WithReleaseFlag/Release_flag_false_with_valid_semver
=== RUN   TestIsReleasedVersion_WithReleaseFlag/Release_flag_false_with_dev_version
=== RUN   TestIsReleasedVersion_WithReleaseFlag/Release_flag_false_with_dirty_version
=== RUN   TestIsReleasedVersion_WithReleaseFlag/Release_flag_false_with_git_hash
--- PASS: TestIsReleasedVersion_WithReleaseFlag (0.00s)
    --- PASS: TestIsReleasedVersion_WithReleaseFlag/Release_flag_true_with_valid_version (0.00s)
    --- PASS: TestIsReleasedVersion_WithReleaseFlag/Release_flag_true_with_dev_version (0.00s)
    --- PASS: TestIsReleasedVersion_WithReleaseFlag/Release_flag_true_with_dirty_version (0.00s)
    --- PASS: TestIsReleasedVersion_WithReleaseFlag/Release_flag_false_with_valid_semver (0.00s)
    --- PASS: TestIsReleasedVersion_WithReleaseFlag/Release_flag_false_with_dev_version (0.00s)
    --- PASS: TestIsReleasedVersion_WithReleaseFlag/Release_flag_false_with_dirty_version (0.00s)
    --- PASS: TestIsReleasedVersion_WithReleaseFlag/Release_flag_false_with_git_hash (0.00s)
=== RUN   TestWasmGolden_CompileFixtures
=== RUN   TestWasmGolden_CompileFixtures/basic-copilot
basic-copilot.md: info: Tip: set permissions.copilot-requests: write to use GitHub Actions token-based inference with the Copilot engine instead of a personal access token (COPILOT_GITHUB_TOKEN). This option requires that your organization has centralized Copilot billing enabled and may not be available in all organizations — see https://github.github.com/gh-aw/reference/billing/ for details.

=== RUN   TestWasmGolden_CompileFixtures/playwright-cli-mode
playwright-cli-mode.md: info: Tip: set permissions.copilot-requests: write to use GitHub Actions token-based inference with the Copilot engine instead of a personal access token (COPILOT_GITHUB_TOKEN). This option requires that your organization has centralized Copilot billing enabled and may not be available in all organizations — see https://github.github.com/gh-aw/reference/billing/ for details.

=== RUN   TestWasmGolden_CompileFixtures/smoke-copilot
smoke-copilot.md: warning: Prompt references /tmp/ directly. Use /tmp/gh-aw/agent/ as the root for all temporary files generated by the agent — its contents are uploaded as a run artifact.

smoke-copilot.md: info: Tip: set permissions.copilot-requests: write to use GitHub Actions token-based inference with the Copilot engine instead of a personal access token (COPILOT_GITHUB_TOKEN). This option requires that your organization has centralized Copilot billing enabled and may not be available in all organizations — see https://github.github.com/gh-aw/reference/billing/ for details.

=== RUN   TestWasmGolden_CompileFixtures/with-imports
with-imports.md: info: Tip: set permissions.copilot-requests: write to use GitHub Actions token-based inference with the Copilot engine instead of a personal access token (COPILOT_GITHUB_TOKEN). This option requires that your organization has centralized Copilot billing enabled and may not be available in all organizations — see https://github.github.com/gh-aw/reference/billing/ for details.

--- PASS: TestWasmGolden_CompileFixtures (0.06s)
    --- PASS: TestWasmGolden_CompileFixtures/basic-copilot (0.01s)
    --- PASS: TestWasmGolden_CompileFixtures/playwright-cli-mode (0.01s)
    --- PASS: TestWasmGolden_CompileFixtures/smoke-copilot (0.03s)
    --- PASS: TestWasmGolden_CompileFixtures/with-imports (0.01s)
=== RUN   TestWasmGolden_CompileWithImports
=== RUN   TestWasmGolden_CompileWithImports/with-file-imports
with-imports.md: info: Tip: set permissions.copilot-requests: write to use GitHub Actions token-based inference with the Copilot engine instead of a personal access token (COPILOT_GITHUB_TOKEN). This option requires that your organization has centralized Copilot billing enabled and may not be available in all organizations — see https://github.github.com/gh-aw/reference/billing/ for details.

--- PASS: TestWasmGolden_CompileWithImports (0.01s)
    --- PASS: TestWasmGolden_CompileWithImports/with-file-imports (0.01s)
=== RUN   TestWasmGolden_RoundTrip
⚠ Unable to resolve actions/cache/restore@v4 dynamically, using hardcoded pin for actions/cache/restore@v5.0.5
workflow.md: info: Tip: set permissions.copilot-requests: write to use GitHub Actions token-based inference with the Copilot engine instead of a personal access token (COPILOT_GITHUB_TOKEN). This option requires that your organization has centralized Copilot billing enabled and may not be available in all organizations — see https://github.github.com/gh-aw/reference/billing/ for details.

⚠ Unable to resolve actions/cache/restore@v4 dynamically, using hardcoded pin for actions/cache/restore@v5.0.5
workflow.md: info: Tip: set permissions.copilot-requests: write to use GitHub Actions token-based inference with the Copilot engine instead of a personal access token (COPILOT_GITHUB_TOKEN). This option requires that your organization has centralized Copilot billing enabled and may not be available in all organizations — see https://github.github.com/gh-aw/reference/billing/ for details.

⚠ Unable to resolve actions/cache/restore@v4 dynamically, using hardcoded pin for actions/cache/restore@v5.0.5
workflow.md: info: Tip: set permissions.copilot-requests: write to use GitHub Actions token-based inference with the Copilot engine instead of a personal access token (COPILOT_GITHUB_TOKEN). This option requires that your organization has centralized Copilot billing enabled and may not be available in all organizations — see https://github.github.com/gh-aw/reference/billing/ for details.

--- PASS: TestWasmGolden_RoundTrip (0.02s)
=== RUN   TestWasmGolden_NativeVsStringAPI
=== RUN   TestWasmGolden_NativeVsStringAPI/basic-copilot
basic-copilot.md: info: Tip: set permissions.copilot-requests: write to use GitHub Actions token-based inference with the Copilot engine instead of a personal access token (COPILOT_GITHUB_TOKEN). This option requires that your organization has centralized Copilot billing enabled and may not be available in all organizations — see https://github.github.com/gh-aw/reference/billing/ for details.

basic-copilot.md: info: Tip: set permissions.copilot-requests: write to use GitHub Actions token-based inference with the Copilot engine instead of a personal access token (COPILOT_GITHUB_TOKEN). This option requires that your organization has centralized Copilot billing enabled and may not be available in all organizations — see https://github.github.com/gh-aw/reference/billing/ for details.

    wasm_golden_test.go:295: INFO: native vs string API output differs for basic-copilot.md (wasm=757 lines, native=1161 lines)
=== RUN   TestWasmGolden_NativeVsStringAPI/playwright-cli-mode
playwright-cli-mode.md: info: Tip: set permissions.copilot-requests: write to use GitHub Actions token-based inference with the Copilot engine instead of a personal access token (COPILOT_GITHUB_TOKEN). This option requires that your organization has centralized Copilot billing enabled and may not be available in all organizations — see https://github.github.com/gh-aw/reference/billing/ for details.

playwright-cli-mode.md: info: Tip: set permissions.copilot-requests: write to use GitHub Actions token-based inference with the Copilot engine instead of a personal access token (COPILOT_GITHUB_TOKEN). This option requires that your organization has centralized Copilot billing enabled and may not be available in all organizations — see https://github.github.com/gh-aw/reference/billing/ for details.

    wasm_golden_test.go:295: INFO: native vs string API output differs for playwright-cli-mode.md (wasm=777 lines, native=1181 lines)
=== RUN   TestWasmGolden_NativeVsStringAPI/smoke-copilot
smoke-copilot.md: warning: Prompt references /tmp/ directly. Use /tmp/gh-aw/agent/ as the root for all temporary files generated by the agent — its contents are uploaded as a run artifact.

smoke-copilot.md: info: Tip: set permissions.copilot-requests: write to use GitHub Actions token-based inference with the Copilot engine instead of a personal access token (COPILOT_GITHUB_TOKEN). This option requires that your organization has centralized Copilot billing enabled and may not be available in all organizations — see https://github.github.com/gh-aw/reference/billing/ for details.

⚠ tools.playwright: MCP mode is deprecated. Migrate to CLI mode by adding `mode: cli` to your playwright configuration. CLI mode runs playwright-cli directly on the runner (no Docker container required), is more token-efficient, and lets you use `localhost` to reach local dev servers. Update your prompts to run `playwright-cli <command>` in bash instead of using MCP browser tools. See: https://github.com/github/gh-aw/blob/main/docs/src/content/docs/reference/playwright.md
smoke-copilot.md: warning: Prompt references /tmp/ directly. Use /tmp/gh-aw/agent/ as the root for all temporary files generated by the agent — its contents are uploaded as a run artifact.

smoke-copilot.md: info: Tip: set permissions.copilot-requests: write to use GitHub Actions token-based inference with the Copilot engine instead of a personal access token (COPILOT_GITHUB_TOKEN). This option requires that your organization has centralized Copilot billing enabled and may not be available in all organizations — see https://github.github.com/gh-aw/reference/billing/ for details.

    wasm_golden_test.go:286: skipping native compile for smoke-copilot.md: smoke-copilot.md:1:1: error: dispatch-workflow validation failed: dispatch-workflow: workflow 'haiku-printer' not found in /app/pkg/workflow/testdata/.github/workflows

        Checked for: haiku-printer.md, haiku-printer.lock.yml, haiku-printer.yml

        To fix:
        1. Verify the workflow file exists in /app/pkg/workflow/testdata/.github/workflows/
        2. Ensure the filename matches exactly (case-sensitive)
        3. Use the filename without extension in your configuration
=== RUN   TestWasmGolden_NativeVsStringAPI/with-imports
with-imports.md: info: Tip: set permissions.copilot-requests: write to use GitHub Actions token-based inference with the Copilot engine instead of a personal access token (COPILOT_GITHUB_TOKEN). This option requires that your organization has centralized Copilot billing enabled and may not be available in all organizations — see https://github.github.com/gh-aw/reference/billing/ for details.

with-imports.md: info: Tip: set permissions.copilot-requests: write to use GitHub Actions token-based inference with the Copilot engine instead of a personal access token (COPILOT_GITHUB_TOKEN). This option requires that your organization has centralized Copilot billing enabled and may not be available in all organizations — see https://github.github.com/gh-aw/reference/billing/ for details.

    wasm_golden_test.go:295: INFO: native vs string API output differs for with-imports.md (wasm=758 lines, native=1162 lines)
--- PASS: TestWasmGolden_NativeVsStringAPI (0.10s)
    --- PASS: TestWasmGolden_NativeVsStringAPI/basic-copilot (0.01s)
    --- PASS: TestWasmGolden_NativeVsStringAPI/playwright-cli-mode (0.02s)
    --- SKIP: TestWasmGolden_NativeVsStringAPI/smoke-copilot (0.05s)
    --- PASS: TestWasmGolden_NativeVsStringAPI/with-imports (0.02s)
=== RUN   TestWasmGolden_AllEngines
=== RUN   TestWasmGolden_AllEngines/copilot
workflow.md: info: Tip: set permissions.copilot-requests: write to use GitHub Actions token-based inference with the Copilot engine instead of a personal access token (COPILOT_GITHUB_TOKEN). This option requires that your organization has centralized Copilot billing enabled and may not be available in all organizations — see https://github.github.com/gh-aw/reference/billing/ for details.

=== RUN   TestWasmGolden_AllEngines/claude
=== RUN   TestWasmGolden_AllEngines/codex
=== RUN   TestWasmGolden_AllEngines/gemini
=== RUN   TestWasmGolden_AllEngines/pi
workflow.md: warning: Missing required permissions for GitHub toolsets:
  - issues: read (required by issues)
  - pull-requests: read (required by pull_requests)

To fix this, you can either:

Option 1: Add missing permissions to your workflow frontmatter:
permissions:
  issues: read
  pull-requests: read

See: https://github.com/github/gh-aw/blob/main/docs/src/content/docs/reference/permissions.md

Option 2: Reduce the required toolsets in your workflow:
Remove or adjust toolsets that require these permissions:
  - issues
  - pull_requests

--- PASS: TestWasmGolden_AllEngines (0.05s)
    --- PASS: TestWasmGolden_AllEngines/copilot (0.01s)
    --- PASS: TestWasmGolden_AllEngines/claude (0.01s)
    --- PASS: TestWasmGolden_AllEngines/codex (0.01s)
    --- PASS: TestWasmGolden_AllEngines/gemini (0.01s)
    --- PASS: TestWasmGolden_AllEngines/pi (0.01s)
=== RUN   TestExtractInputsFromParsedWorkflow_TriggerAware
--- PASS: TestExtractInputsFromParsedWorkflow_TriggerAware (0.00s)
=== RUN   TestExtractInputsFromMarkdown_TriggerAware
--- PASS: TestExtractInputsFromMarkdown_TriggerAware (0.00s)
=== RUN   TestExtractWorkflowRunConclusionCondition
=== RUN   TestExtractWorkflowRunConclusionCondition/no_on_field
=== RUN   TestExtractWorkflowRunConclusionCondition/no_workflow_run_key
=== RUN   TestExtractWorkflowRunConclusionCondition/workflow_run_with_no_conclusion
=== RUN   TestExtractWorkflowRunConclusionCondition/single_conclusion_string
=== RUN   TestExtractWorkflowRunConclusionCondition/single_conclusion_in_array
=== RUN   TestExtractWorkflowRunConclusionCondition/multiple_conclusions_in_array
=== RUN   TestExtractWorkflowRunConclusionCondition/success_conclusion
=== RUN   TestExtractWorkflowRunConclusionCondition/workflow_run_value_is_not_a_map
=== RUN   TestExtractWorkflowRunConclusionCondition/invalid_conclusion_value_is_rejected
=== RUN   TestExtractWorkflowRunConclusionCondition/conclusion_with_single_quote_injection_is_rejected
--- PASS: TestExtractWorkflowRunConclusionCondition (0.00s)
    --- PASS: TestExtractWorkflowRunConclusionCondition/no_on_field (0.00s)
    --- PASS: TestExtractWorkflowRunConclusionCondition/no_workflow_run_key (0.00s)
    --- PASS: TestExtractWorkflowRunConclusionCondition/workflow_run_with_no_conclusion (0.00s)
    --- PASS: TestExtractWorkflowRunConclusionCondition/single_conclusion_string (0.00s)
    --- PASS: TestExtractWorkflowRunConclusionCondition/single_conclusion_in_array (0.00s)
    --- PASS: TestExtractWorkflowRunConclusionCondition/multiple_conclusions_in_array (0.00s)
    --- PASS: TestExtractWorkflowRunConclusionCondition/success_conclusion (0.00s)
    --- PASS: TestExtractWorkflowRunConclusionCondition/workflow_run_value_is_not_a_map (0.00s)
    --- PASS: TestExtractWorkflowRunConclusionCondition/invalid_conclusion_value_is_rejected (0.00s)
    --- PASS: TestExtractWorkflowRunConclusionCondition/conclusion_with_single_quote_injection_is_rejected (0.00s)
=== RUN   TestExtractIfConditionMergesWorkflowRunConclusion
=== RUN   TestExtractIfConditionMergesWorkflowRunConclusion/conclusion_only_-_no_existing_if
=== RUN   TestExtractIfConditionMergesWorkflowRunConclusion/conclusion_merges_with_existing_bare_if
=== RUN   TestExtractIfConditionMergesWorkflowRunConclusion/conclusion_merges_with_wrapped_${{_}}_if
=== RUN   TestExtractIfConditionMergesWorkflowRunConclusion/multiple_conclusions_merge_with_existing_if
=== RUN   TestExtractIfConditionMergesWorkflowRunConclusion/no_conclusion_-_existing_if_preserved
=== RUN   TestExtractIfConditionMergesWorkflowRunConclusion/invalid_conclusion_propagates_error
--- PASS: TestExtractIfConditionMergesWorkflowRunConclusion (0.00s)
    --- PASS: TestExtractIfConditionMergesWorkflowRunConclusion/conclusion_only_-_no_existing_if (0.00s)
    --- PASS: TestExtractIfConditionMergesWorkflowRunConclusion/conclusion_merges_with_existing_bare_if (0.00s)
    --- PASS: TestExtractIfConditionMergesWorkflowRunConclusion/conclusion_merges_with_wrapped_${{_}}_if (0.00s)
    --- PASS: TestExtractIfConditionMergesWorkflowRunConclusion/multiple_conclusions_merge_with_existing_if (0.00s)
    --- PASS: TestExtractIfConditionMergesWorkflowRunConclusion/no_conclusion_-_existing_if_preserved (0.00s)
    --- PASS: TestExtractIfConditionMergesWorkflowRunConclusion/invalid_conclusion_propagates_error (0.00s)
=== RUN   TestWorkflowRunConclusionCommentedInYAML
=== RUN   TestWorkflowRunConclusionCommentedInYAML/conclusion_string_is_commented_out
=== RUN   TestWorkflowRunConclusionCommentedInYAML/conclusion_array_is_commented_out
=== RUN   TestWorkflowRunConclusionCommentedInYAML/no_conclusion_-_unmodified
--- PASS: TestWorkflowRunConclusionCommentedInYAML (0.00s)
    --- PASS: TestWorkflowRunConclusionCommentedInYAML/conclusion_string_is_commented_out (0.00s)
    --- PASS: TestWorkflowRunConclusionCommentedInYAML/conclusion_array_is_commented_out (0.00s)
    --- PASS: TestWorkflowRunConclusionCommentedInYAML/no_conclusion_-_unmodified (0.00s)
=== RUN   TestWorkflowRunBranchValidation
=== RUN   TestWorkflowRunBranchValidation/workflow_run_without_branches_-_normal_mode_-_should_warn
/tmp/gh-aw-test-runs/20260704-173215-1254793/workflow-run-validation-test3040634113/workflow-run-no-branches.md: warning: workflow_run trigger should include branch restrictions for security and performance.

Without branch restrictions, the workflow will run for workflow runs on ALL branches,
which can cause unexpected behavior and security issues.

Suggested fix: Add branch restrictions to your workflow_run trigger:
on:
  workflow_run:
    workflows: ["your-workflow"]
    types: [completed]
    branches:
      - main
      - develop

/tmp/gh-aw-test-runs/20260704-173215-1254793/workflow-run-validation-test3040634113/workflow-run-no-branches.md: info: Tip: set permissions.copilot-requests: write to use GitHub Actions token-based inference with the Copilot engine instead of a personal access token (COPILOT_GITHUB_TOKEN). This option requires that your organization has centralized Copilot billing enabled and may not be available in all organizations — see https://github.github.com/gh-aw/reference/billing/ for details.

/tmp/gh-aw-test-runs/20260704-173215-1254793/workflow-run-validation-test3040634113/workflow-run-no-branches.md: warning: Agent sandbox disabled (sandbox.agent: false). This removes firewall protection. The AI agent will have direct network access without firewall filtering. The MCP gateway remains enabled. Only use this for testing or in controlled environments where you trust the AI agent completely.

✓ /tmp/gh-aw-test-runs/20260704-173215-1254793/workflow-run-validation-test3040634113/workflow-run-no-branches.md
=== RUN   TestWorkflowRunBranchValidation/workflow_run_without_branches_-_strict_mode_-_should_error
=== RUN   TestWorkflowRunBranchValidation/workflow_run_with_branches_-_should_pass
/tmp/gh-aw-test-runs/20260704-173215-1254793/workflow-run-validation-test3040634113/workflow-run-with-branches.md: info: Tip: set permissions.copilot-requests: write to use GitHub Actions token-based inference with the Copilot engine instead of a personal access token (COPILOT_GITHUB_TOKEN). This option requires that your organization has centralized Copilot billing enabled and may not be available in all organizations — see https://github.github.com/gh-aw/reference/billing/ for details.

/tmp/gh-aw-test-runs/20260704-173215-1254793/workflow-run-validation-test3040634113/workflow-run-with-branches.md: warning: Agent sandbox disabled (sandbox.agent: false). This removes firewall protection. The AI agent will have direct network access without firewall filtering. The MCP gateway remains enabled. Only use this for testing or in controlled environments where you trust the AI agent completely.

✓ /tmp/gh-aw-test-runs/20260704-173215-1254793/workflow-run-validation-test3040634113/workflow-run-with-branches.md
=== RUN   TestWorkflowRunBranchValidation/workflow_run_with_branches_-_strict_mode_-_should_pass
/tmp/gh-aw-test-runs/20260704-173215-1254793/workflow-run-validation-test3040634113/workflow-run-with-branches-strict.md: info: Tip: set permissions.copilot-requests: write to use GitHub Actions token-based inference with the Copilot engine instead of a personal access token (COPILOT_GITHUB_TOKEN). This option requires that your organization has centralized Copilot billing enabled and may not be available in all organizations — see https://github.github.com/gh-aw/reference/billing/ for details.

✓ /tmp/gh-aw-test-runs/20260704-173215-1254793/workflow-run-validation-test3040634113/workflow-run-with-branches-strict.md
=== RUN   TestWorkflowRunBranchValidation/workflow_run_with_sibling_bots_-_strict_mode_-_should_pass
/tmp/gh-aw-test-runs/20260704-173215-1254793/workflow-run-validation-test3040634113/workflow-run-with-bots-strict.md: info: Tip: set permissions.copilot-requests: write to use GitHub Actions token-based inference with the Copilot engine instead of a personal access token (COPILOT_GITHUB_TOKEN). This option requires that your organization has centralized Copilot billing enabled and may not be available in all organizations — see https://github.github.com/gh-aw/reference/billing/ for details.

✓ /tmp/gh-aw-test-runs/20260704-173215-1254793/workflow-run-validation-test3040634113/workflow-run-with-bots-strict.md
=== RUN   TestWorkflowRunBranchValidation/workflow_run_with_sibling_roles_all_-_strict_mode_-_should_pass
/tmp/gh-aw-test-runs/20260704-173215-1254793/workflow-run-validation-test3040634113/workflow-run-with-roles-strict.md: info: Tip: set permissions.copilot-requests: write to use GitHub Actions token-based inference with the Copilot engine instead of a personal access token (COPILOT_GITHUB_TOKEN). This option requires that your organization has centralized Copilot billing enabled and may not be available in all organizations — see https://github.github.com/gh-aw/reference/billing/ for details.

✓ /tmp/gh-aw-test-runs/20260704-173215-1254793/workflow-run-validation-test3040634113/workflow-run-with-roles-strict.md
=== RUN   TestWorkflowRunBranchValidation/workflow_run_without_workflows_-_should_error
=== RUN   TestWorkflowRunBranchValidation/workflow_run_with_empty_workflows_-_strict_mode_-_should_error
=== RUN   TestWorkflowRunBranchValidation/workflow_run_with_whitespace_workflows_-_non-strict_mode_-_should_error
=== RUN   TestWorkflowRunBranchValidation/no_workflow_run_-_should_pass
/tmp/gh-aw-test-runs/20260704-173215-1254793/workflow-run-validation-test3040634113/push-workflow.md: info: Tip: set permissions.copilot-requests: write to use GitHub Actions token-based inference with the Copilot engine instead of a personal access token (COPILOT_GITHUB_TOKEN). This option requires that your organization has centralized Copilot billing enabled and may not be available in all organizations — see https://github.github.com/gh-aw/reference/billing/ for details.

/tmp/gh-aw-test-runs/20260704-173215-1254793/workflow-run-validation-test3040634113/push-workflow.md: warning: Agent sandbox disabled (sandbox.agent: false). This removes firewall protection. The AI agent will have direct network access without firewall filtering. The MCP gateway remains enabled. Only use this for testing or in controlled environments where you trust the AI agent completely.

✓ /tmp/gh-aw-test-runs/20260704-173215-1254793/workflow-run-validation-test3040634113/push-workflow.md
=== RUN   TestWorkflowRunBranchValidation/mixed_triggers_with_workflow_run_without_branches_-_should_warn/error
/tmp/gh-aw-test-runs/20260704-173215-1254793/workflow-run-validation-test3040634113/mixed-triggers.md: warning: workflow_run trigger should include branch restrictions for security and performance.

Without branch restrictions, the workflow will run for workflow runs on ALL branches,
which can cause unexpected behavior and security issues.

Suggested fix: Add branch restrictions to your workflow_run trigger:
on:
  workflow_run:
    workflows: ["your-workflow"]
    types: [completed]
    branches:
      - main
      - develop

/tmp/gh-aw-test-runs/20260704-173215-1254793/workflow-run-validation-test3040634113/mixed-triggers.md: info: Tip: set permissions.copilot-requests: write to use GitHub Actions token-based inference with the Copilot engine instead of a personal access token (COPILOT_GITHUB_TOKEN). This option requires that your organization has centralized Copilot billing enabled and may not be available in all organizations — see https://github.github.com/gh-aw/reference/billing/ for details.

/tmp/gh-aw-test-runs/20260704-173215-1254793/workflow-run-validation-test3040634113/mixed-triggers.md: warning: Agent sandbox disabled (sandbox.agent: false). This removes firewall protection. The AI agent will have direct network access without firewall filtering. The MCP gateway remains enabled. Only use this for testing or in controlled environments where you trust the AI agent completely.

✓ /tmp/gh-aw-test-runs/20260704-173215-1254793/workflow-run-validation-test3040634113/mixed-triggers.md
=== RUN   TestWorkflowRunBranchValidation/workflow_run_with_empty_branches_array_-_should_warn/error
/tmp/gh-aw-test-runs/20260704-173215-1254793/workflow-run-validation-test3040634113/workflow-run-empty-branches.md: info: Tip: set permissions.copilot-requests: write to use GitHub Actions token-based inference with the Copilot engine instead of a personal access token (COPILOT_GITHUB_TOKEN). This option requires that your organization has centralized Copilot billing enabled and may not be available in all organizations — see https://github.github.com/gh-aw/reference/billing/ for details.

/tmp/gh-aw-test-runs/20260704-173215-1254793/workflow-run-validation-test3040634113/workflow-run-empty-branches.md: warning: Agent sandbox disabled (sandbox.agent: false). This removes firewall protection. The AI agent will have direct network access without firewall filtering. The MCP gateway remains enabled. Only use this for testing or in controlled environments where you trust the AI agent completely.

✓ /tmp/gh-aw-test-runs/20260704-173215-1254793/workflow-run-validation-test3040634113/workflow-run-empty-branches.md
--- PASS: TestWorkflowRunBranchValidation (0.08s)
    --- PASS: TestWorkflowRunBranchValidation/workflow_run_without_branches_-_normal_mode_-_should_warn (0.01s)
    --- PASS: TestWorkflowRunBranchValidation/workflow_run_without_branches_-_strict_mode_-_should_error (0.00s)
    --- PASS: TestWorkflowRunBranchValidation/workflow_run_with_branches_-_should_pass (0.01s)
    --- PASS: TestWorkflowRunBranchValidation/workflow_run_with_branches_-_strict_mode_-_should_pass (0.01s)
    --- PASS: TestWorkflowRunBranchValidation/workflow_run_with_sibling_bots_-_strict_mode_-_should_pass (0.01s)
    --- PASS: TestWorkflowRunBranchValidation/workflow_run_with_sibling_roles_all_-_strict_mode_-_should_pass (0.01s)
    --- PASS: TestWorkflowRunBranchValidation/workflow_run_without_workflows_-_should_error (0.00s)
    --- PASS: TestWorkflowRunBranchValidation/workflow_run_with_empty_workflows_-_strict_mode_-_should_error (0.00s)
    --- PASS: TestWorkflowRunBranchValidation/workflow_run_with_whitespace_workflows_-_non-strict_mode_-_should_error (0.00s)
    --- PASS: TestWorkflowRunBranchValidation/no_workflow_run_-_should_pass (0.01s)
    --- PASS: TestWorkflowRunBranchValidation/mixed_triggers_with_workflow_run_without_branches_-_should_warn/error (0.01s)
    --- PASS: TestWorkflowRunBranchValidation/workflow_run_with_empty_branches_array_-_should_warn/error (0.01s)
=== RUN   TestWorkflowRunBranchValidationEdgeCases
=== RUN   TestWorkflowRunBranchValidationEdgeCases/on_field_empty_-_should_not_error
/tmp/gh-aw-test-runs/20260704-173215-1254793/workflow-run-validation-edge-test1333857334/no-on-field.md: info: Tip: set permissions.copilot-requests: write to use GitHub Actions token-based inference with the Copilot engine instead of a personal access token (COPILOT_GITHUB_TOKEN). This option requires that your organization has centralized Copilot billing enabled and may not be available in all organizations — see https://github.github.com/gh-aw/reference/billing/ for details.

/tmp/gh-aw-test-runs/20260704-173215-1254793/workflow-run-validation-edge-test1333857334/no-on-field.md: warning: Agent sandbox disabled (sandbox.agent: false). This removes firewall protection. The AI agent will have direct network access without firewall filtering. The MCP gateway remains enabled. Only use this for testing or in controlled environments where you trust the AI agent completely.

✓ /tmp/gh-aw-test-runs/20260704-173215-1254793/workflow-run-validation-edge-test1333857334/no-on-field.md
=== RUN   TestWorkflowRunBranchValidationEdgeCases/multiple_workflow_run_configs_-_first_without_branches_-_should_warn
/tmp/gh-aw-test-runs/20260704-173215-1254793/workflow-run-validation-edge-test1333857334/multiple-workflows.md: warning: workflow_run trigger should include branch restrictions for security and performance.

Without branch restrictions, the workflow will run for workflow runs on ALL branches,
which can cause unexpected behavior and security issues.

Suggested fix: Add branch restrictions to your workflow_run trigger:
on:
  workflow_run:
    workflows: ["your-workflow"]
    types: [completed]
    branches:
      - main
      - develop

/tmp/gh-aw-test-runs/20260704-173215-1254793/workflow-run-validation-edge-test1333857334/multiple-workflows.md: info: Tip: set permissions.copilot-requests: write to use GitHub Actions token-based inference with the Copilot engine instead of a personal access token (COPILOT_GITHUB_TOKEN). This option requires that your organization has centralized Copilot billing enabled and may not be available in all organizations — see https://github.github.com/gh-aw/reference/billing/ for details.

/tmp/gh-aw-test-runs/20260704-173215-1254793/workflow-run-validation-edge-test1333857334/multiple-workflows.md: warning: Agent sandbox disabled (sandbox.agent: false). This removes firewall protection. The AI agent will have direct network access without firewall filtering. The MCP gateway remains enabled. Only use this for testing or in controlled environments where you trust the AI agent completely.

✓ /tmp/gh-aw-test-runs/20260704-173215-1254793/workflow-run-validation-edge-test1333857334/multiple-workflows.md
--- PASS: TestWorkflowRunBranchValidationEdgeCases (0.02s)
    --- PASS: TestWorkflowRunBranchValidationEdgeCases/on_field_empty_-_should_not_error (0.01s)
    --- PASS: TestWorkflowRunBranchValidationEdgeCases/multiple_workflow_run_configs_-_first_without_branches_-_should_warn (0.01s)
=== RUN   TestRemoveXMLComments
=== RUN   TestRemoveXMLComments/No_XML_comments
=== RUN   TestRemoveXMLComments/Single_line_XML_comment
=== RUN   TestRemoveXMLComments/XML_comment_at_start_of_line
=== RUN   TestRemoveXMLComments/XML_comment_at_end_of_line
=== RUN   TestRemoveXMLComments/Entire_line_is_XML_comment
=== RUN   TestRemoveXMLComments/Multiple_XML_comments_on_same_line
=== RUN   TestRemoveXMLComments/Multiline_XML_comment
=== RUN   TestRemoveXMLComments/Multiple_separate_XML_comments
=== RUN   TestRemoveXMLComments/XML_comment_with_special_characters
=== RUN   TestRemoveXMLComments/Nested-like_XML_comment_(not_actually_nested)
=== RUN   TestRemoveXMLComments/XML_comment_in_code_block_should_be_preserved
=== RUN   TestRemoveXMLComments/XML_comment_in_code_block_with_4_backticks_should_be_preserved
=== RUN   TestRemoveXMLComments/XML_comment_in_code_block_with_tildes_should_be_preserved
=== RUN   TestRemoveXMLComments/XML_comment_in_code_block_with_5_tildes_should_be_preserved
=== RUN   TestRemoveXMLComments/Empty_XML_comment
=== RUN   TestRemoveXMLComments/XML_comment_with_only_whitespace
=== RUN   TestRemoveXMLComments/Mixed_code_block_markers_should_not_interfere
=== RUN   TestRemoveXMLComments/Different_marker_types_should_not_close_each_other
=== RUN   TestRemoveXMLComments/Nested_same-type_markers_with_proper_count_matching
--- PASS: TestRemoveXMLComments (0.00s)
    --- PASS: TestRemoveXMLComments/No_XML_comments (0.00s)
    --- PASS: TestRemoveXMLComments/Single_line_XML_comment (0.00s)
    --- PASS: TestRemoveXMLComments/XML_comment_at_start_of_line (0.00s)
    --- PASS: TestRemoveXMLComments/XML_comment_at_end_of_line (0.00s)
    --- PASS: TestRemoveXMLComments/Entire_line_is_XML_comment (0.00s)
    --- PASS: TestRemoveXMLComments/Multiple_XML_comments_on_same_line (0.00s)
    --- PASS: TestRemoveXMLComments/Multiline_XML_comment (0.00s)
    --- PASS: TestRemoveXMLComments/Multiple_separate_XML_comments (0.00s)
    --- PASS: TestRemoveXMLComments/XML_comment_with_special_characters (0.00s)
    --- PASS: TestRemoveXMLComments/Nested-like_XML_comment_(not_actually_nested) (0.00s)
    --- PASS: TestRemoveXMLComments/XML_comment_in_code_block_should_be_preserved (0.00s)
    --- PASS: TestRemoveXMLComments/XML_comment_in_code_block_with_4_backticks_should_be_preserved (0.00s)
    --- PASS: TestRemoveXMLComments/XML_comment_in_code_block_with_tildes_should_be_preserved (0.00s)
    --- PASS: TestRemoveXMLComments/XML_comment_in_code_block_with_5_tildes_should_be_preserved (0.00s)
    --- PASS: TestRemoveXMLComments/Empty_XML_comment (0.00s)
    --- PASS: TestRemoveXMLComments/XML_comment_with_only_whitespace (0.00s)
    --- PASS: TestRemoveXMLComments/Mixed_code_block_markers_should_not_interfere (0.00s)
    --- PASS: TestRemoveXMLComments/Different_marker_types_should_not_close_each_other (0.00s)
    --- PASS: TestRemoveXMLComments/Nested_same-type_markers_with_proper_count_matching (0.00s)
=== RUN   TestGeneratePromptRemovesXMLComments
--- PASS: TestGeneratePromptRemovesXMLComments (0.00s)
=== RUN   TestSplitContentIntoChunks
--- PASS: TestSplitContentIntoChunks (0.00s)
=== RUN   TestCompileWorkflowWithChunking
✓ /tmp/gh-aw-test-runs/20260704-173215-1254793/chunking-test3104795078/normal-workflow.md (81.2 KB)
✓ /tmp/gh-aw-test-runs/20260704-173215-1254793/chunking-test3104795078/long-workflow.md (81.3 KB)
--- PASS: TestCompileWorkflowWithChunking (0.02s)
=== RUN   TestRemoveXMLCommentsCodeBlocksInComments
=== RUN   TestRemoveXMLCommentsCodeBlocksInComments/Code_block_with_backticks_inside_XML_comment_should_be_removed
=== RUN   TestRemoveXMLCommentsCodeBlocksInComments/Code_block_with_tildes_inside_XML_comment_should_be_removed
=== RUN   TestRemoveXMLCommentsCodeBlocksInComments/Multiple_code_blocks_inside_XML_comment_should_be_removed
=== RUN   TestRemoveXMLCommentsCodeBlocksInComments/Code_block_starting_before_XML_comment_and_continuing_after_should_be_split_correctly
=== RUN   TestRemoveXMLCommentsCodeBlocksInComments/XML_comment_inside_code_block_with_nested_code_block_markers_should_preserve
=== RUN   TestRemoveXMLCommentsCodeBlocksInComments/Real-world_case:_shared_workflow_import_documentation
--- PASS: TestRemoveXMLCommentsCodeBlocksInComments (0.00s)
    --- PASS: TestRemoveXMLCommentsCodeBlocksInComments/Code_block_with_backticks_inside_XML_comment_should_be_removed (0.00s)
    --- PASS: TestRemoveXMLCommentsCodeBlocksInComments/Code_block_with_tildes_inside_XML_comment_should_be_removed (0.00s)
    --- PASS: TestRemoveXMLCommentsCodeBlocksInComments/Multiple_code_blocks_inside_XML_comment_should_be_removed (0.00s)
    --- PASS: TestRemoveXMLCommentsCodeBlocksInComments/Code_block_starting_before_XML_comment_and_continuing_after_should_be_split_correctly (0.00s)
    --- PASS: TestRemoveXMLCommentsCodeBlocksInComments/XML_comment_inside_code_block_with_nested_code_block_markers_should_preserve (0.00s)
    --- PASS: TestRemoveXMLCommentsCodeBlocksInComments/Real-world_case:_shared_workflow_import_documentation (0.00s)
=== RUN   TestRemoveXMLCommentsEdgeCases
=== RUN   TestRemoveXMLCommentsEdgeCases/Empty_string
=== RUN   TestRemoveXMLCommentsEdgeCases/Only_whitespace
=== RUN   TestRemoveXMLCommentsEdgeCases/Only_XML_comment_opening_without_closing
=== RUN   TestRemoveXMLCommentsEdgeCases/Only_XML_comment_closing_without_opening
=== RUN   TestRemoveXMLCommentsEdgeCases/Comment_markers_in_text_are_processed_as_comments
=== RUN   TestRemoveXMLCommentsEdgeCases/XML_comment_spanning_entire_content
=== RUN   TestRemoveXMLCommentsEdgeCases/Multiple_consecutive_XML_comments
=== RUN   TestRemoveXMLCommentsEdgeCases/XML_comment_with_code_block_markers_but_incomplete_blocks
=== RUN   TestRemoveXMLCommentsEdgeCases/Very_long_XML_comment
=== RUN   TestRemoveXMLCommentsEdgeCases/XML_comment_with_unusual_but_valid_markers
=== RUN   TestRemoveXMLCommentsEdgeCases/Code_block_with_language_specifier_and_XML_comment_inside
--- PASS: TestRemoveXMLCommentsEdgeCases (0.00s)
    --- PASS: TestRemoveXMLCommentsEdgeCases/Empty_string (0.00s)
    --- PASS: TestRemoveXMLCommentsEdgeCases/Only_whitespace (0.00s)
    --- PASS: TestRemoveXMLCommentsEdgeCases/Only_XML_comment_opening_without_closing (0.00s)
    --- PASS: TestRemoveXMLCommentsEdgeCases/Only_XML_comment_closing_without_opening (0.00s)
    --- PASS: TestRemoveXMLCommentsEdgeCases/Comment_markers_in_text_are_processed_as_comments (0.00s)
    --- PASS: TestRemoveXMLCommentsEdgeCases/XML_comment_spanning_entire_content (0.00s)
    --- PASS: TestRemoveXMLCommentsEdgeCases/Multiple_consecutive_XML_comments (0.00s)
    --- PASS: TestRemoveXMLCommentsEdgeCases/XML_comment_with_code_block_markers_but_incomplete_blocks (0.00s)
    --- PASS: TestRemoveXMLCommentsEdgeCases/Very_long_XML_comment (0.00s)
    --- PASS: TestRemoveXMLCommentsEdgeCases/XML_comment_with_unusual_but_valid_markers (0.00s)
    --- PASS: TestRemoveXMLCommentsEdgeCases/Code_block_with_language_specifier_and_XML_comment_inside (0.00s)
=== RUN   TestExtractCodeBlockMarker
=== RUN   TestExtractCodeBlockMarker/Three_backticks
=== RUN   TestExtractCodeBlockMarker/Three_backticks_with_language
=== RUN   TestExtractCodeBlockMarker/Four_backticks
=== RUN   TestExtractCodeBlockMarker/Four_backticks_with_language
=== RUN   TestExtractCodeBlockMarker/Three_tildes
=== RUN   TestExtractCodeBlockMarker/Three_tildes_with_language
=== RUN   TestExtractCodeBlockMarker/Five_tildes
=== RUN   TestExtractCodeBlockMarker/Two_backticks_(invalid)
=== RUN   TestExtractCodeBlockMarker/No_marker
=== RUN   TestExtractCodeBlockMarker/Empty_string
=== RUN   TestExtractCodeBlockMarker/Backticks_with_whitespace_before_language
=== RUN   TestExtractCodeBlockMarker/Many_backticks
--- PASS: TestExtractCodeBlockMarker (0.00s)
    --- PASS: TestExtractCodeBlockMarker/Three_backticks (0.00s)
    --- PASS: TestExtractCodeBlockMarker/Three_backticks_with_language (0.00s)
    --- PASS: TestExtractCodeBlockMarker/Four_backticks (0.00s)
    --- PASS: TestExtractCodeBlockMarker/Four_backticks_with_language (0.00s)
    --- PASS: TestExtractCodeBlockMarker/Three_tildes (0.00s)
    --- PASS: TestExtractCodeBlockMarker/Three_tildes_with_language (0.00s)
    --- PASS: TestExtractCodeBlockMarker/Five_tildes (0.00s)
    --- PASS: TestExtractCodeBlockMarker/Two_backticks_(invalid) (0.00s)
    --- PASS: TestExtractCodeBlockMarker/No_marker (0.00s)
    --- PASS: TestExtractCodeBlockMarker/Empty_string (0.00s)
    --- PASS: TestExtractCodeBlockMarker/Backticks_with_whitespace_before_language (0.00s)
    --- PASS: TestExtractCodeBlockMarker/Many_backticks (0.00s)
=== RUN   TestIsValidCodeBlockMarker
=== RUN   TestIsValidCodeBlockMarker/Three_backticks
=== RUN   TestIsValidCodeBlockMarker/Four_backticks
=== RUN   TestIsValidCodeBlockMarker/Three_tildes
=== RUN   TestIsValidCodeBlockMarker/Five_tildes
=== RUN   TestIsValidCodeBlockMarker/Backticks_with_language
=== RUN   TestIsValidCodeBlockMarker/Tildes_with_language
=== RUN   TestIsValidCodeBlockMarker/Two_backticks
=== RUN   TestIsValidCodeBlockMarker/One_backtick
=== RUN   TestIsValidCodeBlockMarker/Two_tildes
=== RUN   TestIsValidCodeBlockMarker/Regular_text
=== RUN   TestIsValidCodeBlockMarker/Empty_string
=== RUN   TestIsValidCodeBlockMarker/Mixed_markers
--- PASS: TestIsValidCodeBlockMarker (0.00s)
    --- PASS: TestIsValidCodeBlockMarker/Three_backticks (0.00s)
    --- PASS: TestIsValidCodeBlockMarker/Four_backticks (0.00s)
    --- PASS: TestIsValidCodeBlockMarker/Three_tildes (0.00s)
    --- PASS: TestIsValidCodeBlockMarker/Five_tildes (0.00s)
    --- PASS: TestIsValidCodeBlockMarker/Backticks_with_language (0.00s)
    --- PASS: TestIsValidCodeBlockMarker/Tildes_with_language (0.00s)
    --- PASS: TestIsValidCodeBlockMarker/Two_backticks (0.00s)
    --- PASS: TestIsValidCodeBlockMarker/One_backtick (0.00s)
    --- PASS: TestIsValidCodeBlockMarker/Two_tildes (0.00s)
    --- PASS: TestIsValidCodeBlockMarker/Regular_text (0.00s)
    --- PASS: TestIsValidCodeBlockMarker/Empty_string (0.00s)
    --- PASS: TestIsValidCodeBlockMarker/Mixed_markers (0.00s)
=== RUN   TestIsMatchingCodeBlockMarker
=== RUN   TestIsMatchingCodeBlockMarker/Same_backticks
=== RUN   TestIsMatchingCodeBlockMarker/More_closing_backticks
=== RUN   TestIsMatchingCodeBlockMarker/Fewer_closing_backticks
=== RUN   TestIsMatchingCodeBlockMarker/Same_tildes
=== RUN   TestIsMatchingCodeBlockMarker/More_closing_tildes
=== RUN   TestIsMatchingCodeBlockMarker/Fewer_closing_tildes
=== RUN   TestIsMatchingCodeBlockMarker/Backticks_vs_tildes
=== RUN   TestIsMatchingCodeBlockMarker/Tildes_vs_backticks
=== RUN   TestIsMatchingCodeBlockMarker/Empty_opening
=== RUN   TestIsMatchingCodeBlockMarker/Empty_closing
=== RUN   TestIsMatchingCodeBlockMarker/Both_empty
--- PASS: TestIsMatchingCodeBlockMarker (0.00s)
    --- PASS: TestIsMatchingCodeBlockMarker/Same_backticks (0.00s)
    --- PASS: TestIsMatchingCodeBlockMarker/More_closing_backticks (0.00s)
    --- PASS: TestIsMatchingCodeBlockMarker/Fewer_closing_backticks (0.00s)
    --- PASS: TestIsMatchingCodeBlockMarker/Same_tildes (0.00s)
    --- PASS: TestIsMatchingCodeBlockMarker/More_closing_tildes (0.00s)
    --- PASS: TestIsMatchingCodeBlockMarker/Fewer_closing_tildes (0.00s)
    --- PASS: TestIsMatchingCodeBlockMarker/Backticks_vs_tildes (0.00s)
    --- PASS: TestIsMatchingCodeBlockMarker/Tildes_vs_backticks (0.00s)
    --- PASS: TestIsMatchingCodeBlockMarker/Empty_opening (0.00s)
    --- PASS: TestIsMatchingCodeBlockMarker/Empty_closing (0.00s)
    --- PASS: TestIsMatchingCodeBlockMarker/Both_empty (0.00s)
=== RUN   TestRemoveXMLCommentsFromLine
=== RUN   TestRemoveXMLCommentsFromLine/No_comment,_not_in_comment
=== RUN   TestRemoveXMLCommentsFromLine/Complete_comment_on_line
=== RUN   TestRemoveXMLCommentsFromLine/Start_multiline_comment
=== RUN   TestRemoveXMLCommentsFromLine/Inside_multiline_comment
=== RUN   TestRemoveXMLCommentsFromLine/End_multiline_comment
=== RUN   TestRemoveXMLCommentsFromLine/Multiple_comments_on_same_line
=== RUN   TestRemoveXMLCommentsFromLine/Empty_comment
=== RUN   TestRemoveXMLCommentsFromLine/Comment_with_no_spaces
--- PASS: TestRemoveXMLCommentsFromLine (0.00s)
    --- PASS: TestRemoveXMLCommentsFromLine/No_comment,_not_in_comment (0.00s)
    --- PASS: TestRemoveXMLCommentsFromLine/Complete_comment_on_line (0.00s)
    --- PASS: TestRemoveXMLCommentsFromLine/Start_multiline_comment (0.00s)
    --- PASS: TestRemoveXMLCommentsFromLine/Inside_multiline_comment (0.00s)
    --- PASS: TestRemoveXMLCommentsFromLine/End_multiline_comment (0.00s)
    --- PASS: TestRemoveXMLCommentsFromLine/Multiple_comments_on_same_line (0.00s)
    --- PASS: TestRemoveXMLCommentsFromLine/Empty_comment (0.00s)
    --- PASS: TestRemoveXMLCommentsFromLine/Comment_with_no_spaces (0.00s)
=== RUN   TestRemoveXMLCommentsComplexNesting
=== RUN   TestRemoveXMLCommentsComplexNesting/Code_block,_then_comment,_then_code_block
=== RUN   TestRemoveXMLCommentsComplexNesting/Comment,_then_code_block,_then_comment
=== RUN   TestRemoveXMLCommentsComplexNesting/Interleaved_comments_and_code_blocks
=== RUN   TestRemoveXMLCommentsComplexNesting/Code_block_with_comment-like_content_(not_actual_comments)
--- PASS: TestRemoveXMLCommentsComplexNesting (0.00s)
    --- PASS: TestRemoveXMLCommentsComplexNesting/Code_block,_then_comment,_then_code_block (0.00s)
    --- PASS: TestRemoveXMLCommentsComplexNesting/Comment,_then_code_block,_then_comment (0.00s)
    --- PASS: TestRemoveXMLCommentsComplexNesting/Interleaved_comments_and_code_blocks (0.00s)
    --- PASS: TestRemoveXMLCommentsComplexNesting/Code_block_with_comment-like_content_(not_actual_comments) (0.00s)
=== RUN   TestHasNewlineInStringLiteral
=== RUN   TestHasNewlineInStringLiteral/empty_string
=== RUN   TestHasNewlineInStringLiteral/no_newlines_at_all
=== RUN   TestHasNewlineInStringLiteral/newline_outside_any_string_literal
=== RUN   TestHasNewlineInStringLiteral/newline_inside_single-quoted_string_literal
=== RUN   TestHasNewlineInStringLiteral/multiple_string_literals,_newline_in_one
=== RUN   TestHasNewlineInStringLiteral/escaped_single_quote_before_newline
=== RUN   TestHasNewlineInStringLiteral/escaped_single_quote,_no_newline_inside
=== RUN   TestHasNewlineInStringLiteral/newline_right_before_closing_quote
=== RUN   TestHasNewlineInStringLiteral/multi-condition_with_event_name_and_no_newline_in_literal
=== RUN   TestHasNewlineInStringLiteral/bot_comment_newline_detection_in_realistic_condition
--- PASS: TestHasNewlineInStringLiteral (0.00s)
    --- PASS: TestHasNewlineInStringLiteral/empty_string (0.00s)
    --- PASS: TestHasNewlineInStringLiteral/no_newlines_at_all (0.00s)
    --- PASS: TestHasNewlineInStringLiteral/newline_outside_any_string_literal (0.00s)
    --- PASS: TestHasNewlineInStringLiteral/newline_inside_single-quoted_string_literal (0.00s)
    --- PASS: TestHasNewlineInStringLiteral/multiple_string_literals,_newline_in_one (0.00s)
    --- PASS: TestHasNewlineInStringLiteral/escaped_single_quote_before_newline (0.00s)
    --- PASS: TestHasNewlineInStringLiteral/escaped_single_quote,_no_newline_inside (0.00s)
    --- PASS: TestHasNewlineInStringLiteral/newline_right_before_closing_quote (0.00s)
    --- PASS: TestHasNewlineInStringLiteral/multi-condition_with_event_name_and_no_newline_in_literal (0.00s)
    --- PASS: TestHasNewlineInStringLiteral/bot_comment_newline_detection_in_realistic_condition (0.00s)
=== RUN   TestEscapeForYAMLDoubleQuoted
=== RUN   TestEscapeForYAMLDoubleQuoted/empty_string
=== RUN   TestEscapeForYAMLDoubleQuoted/no_special_characters
=== RUN   TestEscapeForYAMLDoubleQuoted/newline_character_escaped
=== RUN   TestEscapeForYAMLDoubleQuoted/double_quote_escaped
=== RUN   TestEscapeForYAMLDoubleQuoted/backslash_escaped
=== RUN   TestEscapeForYAMLDoubleQuoted/carriage_return_escaped
=== RUN   TestEscapeForYAMLDoubleQuoted/tab_escaped
=== RUN   TestEscapeForYAMLDoubleQuoted/combination_of_special_characters
=== RUN   TestEscapeForYAMLDoubleQuoted/realistic_bot-comment_condition
--- PASS: TestEscapeForYAMLDoubleQuoted (0.00s)
    --- PASS: TestEscapeForYAMLDoubleQuoted/empty_string (0.00s)
    --- PASS: TestEscapeForYAMLDoubleQuoted/no_special_characters (0.00s)
    --- PASS: TestEscapeForYAMLDoubleQuoted/newline_character_escaped (0.00s)
    --- PASS: TestEscapeForYAMLDoubleQuoted/double_quote_escaped (0.00s)
    --- PASS: TestEscapeForYAMLDoubleQuoted/backslash_escaped (0.00s)
    --- PASS: TestEscapeForYAMLDoubleQuoted/carriage_return_escaped (0.00s)
    --- PASS: TestEscapeForYAMLDoubleQuoted/tab_escaped (0.00s)
    --- PASS: TestEscapeForYAMLDoubleQuoted/combination_of_special_characters (0.00s)
    --- PASS: TestEscapeForYAMLDoubleQuoted/realistic_bot-comment_condition (0.00s)
=== RUN   TestTranslateYAMLMessage
=== RUN   TestTranslateYAMLMessage/non-map_value_translated_to_user-friendly_message
=== RUN   TestTranslateYAMLMessage/mapping_values_not_allowed_translated
=== RUN   TestTranslateYAMLMessage/did_not_find_expected_translated
=== RUN   TestTranslateYAMLMessage/mapping_value_not_found_translated
=== RUN   TestTranslateYAMLMessage/unrecognized_message_returned_unchanged
=== RUN   TestTranslateYAMLMessage/empty_message_returned_unchanged
=== RUN   TestTranslateYAMLMessage/partially_matching_message_translated
--- PASS: TestTranslateYAMLMessage (0.00s)
    --- PASS: TestTranslateYAMLMessage/non-map_value_translated_to_user-friendly_message (0.00s)
    --- PASS: TestTranslateYAMLMessage/mapping_values_not_allowed_translated (0.00s)
    --- PASS: TestTranslateYAMLMessage/did_not_find_expected_translated (0.00s)
    --- PASS: TestTranslateYAMLMessage/mapping_value_not_found_translated (0.00s)
    --- PASS: TestTranslateYAMLMessage/unrecognized_message_returned_unchanged (0.00s)
    --- PASS: TestTranslateYAMLMessage/empty_message_returned_unchanged (0.00s)
    --- PASS: TestTranslateYAMLMessage/partially_matching_message_translated (0.00s)
=== RUN   TestDefaultMarshalOptions
=== RUN   TestDefaultMarshalOptions/simple_key-value_with_2-space_indentation
=== RUN   TestDefaultMarshalOptions/multiline_string_uses_literal_style
--- PASS: TestDefaultMarshalOptions (0.00s)
    --- PASS: TestDefaultMarshalOptions/simple_key-value_with_2-space_indentation (0.00s)
    --- PASS: TestDefaultMarshalOptions/multiline_string_uses_literal_style (0.00s)
=== RUN   TestDefaultMarshalOptionsConsistency
--- PASS: TestDefaultMarshalOptionsConsistency (0.00s)
=== RUN   TestDefaultMarshalOptionsIndentation
--- PASS: TestDefaultMarshalOptionsIndentation (0.00s)
=== RUN   TestReadWorkflowYAML
=== RUN   TestReadWorkflowYAML/reads_valid_workflow_yaml_from_absolute_path
=== RUN   TestReadWorkflowYAML/reads_relative_path_by_resolving_to_absolute_path
=== RUN   TestReadWorkflowYAML/returns_parse_error_for_invalid_yaml
--- PASS: TestReadWorkflowYAML (0.00s)
    --- PASS: TestReadWorkflowYAML/reads_valid_workflow_yaml_from_absolute_path (0.00s)
    --- PASS: TestReadWorkflowYAML/reads_relative_path_by_resolving_to_absolute_path (0.00s)
    --- PASS: TestReadWorkflowYAML/returns_parse_error_for_invalid_yaml (0.00s)
=== RUN   TestCleanYAMLNullValues
=== RUN   TestCleanYAMLNullValues/workflow_dispatch_with_null
=== RUN   TestCleanYAMLNullValues/multiple_null_values
=== RUN   TestCleanYAMLNullValues/null_with_extra_whitespace
=== RUN   TestCleanYAMLNullValues/string_containing_null_should_not_be_modified
=== RUN   TestCleanYAMLNullValues/null_in_the_middle_of_line_should_not_be_modified
=== RUN   TestCleanYAMLNullValues/no_null_values
=== RUN   TestCleanYAMLNullValues/empty_string
--- PASS: TestCleanYAMLNullValues (0.00s)
    --- PASS: TestCleanYAMLNullValues/workflow_dispatch_with_null (0.00s)
    --- PASS: TestCleanYAMLNullValues/multiple_null_values (0.00s)
    --- PASS: TestCleanYAMLNullValues/null_with_extra_whitespace (0.00s)
    --- PASS: TestCleanYAMLNullValues/string_containing_null_should_not_be_modified (0.00s)
    --- PASS: TestCleanYAMLNullValues/null_in_the_middle_of_line_should_not_be_modified (0.00s)
    --- PASS: TestCleanYAMLNullValues/no_null_values (0.00s)
    --- PASS: TestCleanYAMLNullValues/empty_string (0.00s)
=== RUN   TestUnquoteYAMLKey
=== RUN   TestUnquoteYAMLKey/unquote_'on'_at_start_of_line
=== RUN   TestUnquoteYAMLKey/unquote_'on'_with_indentation
=== RUN   TestUnquoteYAMLKey/do_not_unquote_'on'_in_middle_of_line
=== RUN   TestUnquoteYAMLKey/do_not_unquote_'on'_in_string_value
=== RUN   TestUnquoteYAMLKey/unquote_multiple_occurrences_at_start_of_lines
=== RUN   TestUnquoteYAMLKey/unquote_other_keys
=== RUN   TestUnquoteYAMLKey/handle_key_with_special_regex_characters
=== RUN   TestUnquoteYAMLKey/no_change_when_key_is_not_quoted
=== RUN   TestUnquoteYAMLKey/unquote_with_tabs
=== RUN   TestUnquoteYAMLKey/empty_string
=== RUN   TestUnquoteYAMLKey/only_newlines
--- PASS: TestUnquoteYAMLKey (0.00s)
    --- PASS: TestUnquoteYAMLKey/unquote_'on'_at_start_of_line (0.00s)
    --- PASS: TestUnquoteYAMLKey/unquote_'on'_with_indentation (0.00s)
    --- PASS: TestUnquoteYAMLKey/do_not_unquote_'on'_in_middle_of_line (0.00s)
    --- PASS: TestUnquoteYAMLKey/do_not_unquote_'on'_in_string_value (0.00s)
    --- PASS: TestUnquoteYAMLKey/unquote_multiple_occurrences_at_start_of_lines (0.00s)
    --- PASS: TestUnquoteYAMLKey/unquote_other_keys (0.00s)
    --- PASS: TestUnquoteYAMLKey/handle_key_with_special_regex_characters (0.00s)
    --- PASS: TestUnquoteYAMLKey/no_change_when_key_is_not_quoted (0.00s)
    --- PASS: TestUnquoteYAMLKey/unquote_with_tabs (0.00s)
    --- PASS: TestUnquoteYAMLKey/empty_string (0.00s)
    --- PASS: TestUnquoteYAMLKey/only_newlines (0.00s)
=== RUN   TestUnquoteYAMLTopLevelKey
=== RUN   TestUnquoteYAMLTopLevelKey/unquotes_top-level_on_key
=== RUN   TestUnquoteYAMLTopLevelKey/does_not_unquote_nested_key
=== RUN   TestUnquoteYAMLTopLevelKey/no_change_when_top-level_key_already_unquoted
--- PASS: TestUnquoteYAMLTopLevelKey (0.00s)
    --- PASS: TestUnquoteYAMLTopLevelKey/unquotes_top-level_on_key (0.00s)
    --- PASS: TestUnquoteYAMLTopLevelKey/does_not_unquote_nested_key (0.00s)
    --- PASS: TestUnquoteYAMLTopLevelKey/no_change_when_top-level_key_already_unquoted (0.00s)
=== RUN   TestMarshalWithFieldOrder
=== RUN   TestMarshalWithFieldOrder/on_section_with_events_in_priority_order
    yaml_test.go:318: Generated YAML:
        push:
          branches:
          - main
        issues:
          types:
          - opened
        workflow_dispatch: {}
=== RUN   TestMarshalWithFieldOrder/permissions_with_mixed_order
    yaml_test.go:318: Generated YAML:
        contents: read
        issues: write
        pull-requests: write
=== RUN   TestMarshalWithFieldOrder/alphabetical_fallback_for_non-priority_fields
    yaml_test.go:318: Generated YAML:
        alpha: value
        beta: value
        zebra: value
--- PASS: TestMarshalWithFieldOrder (0.00s)
    --- PASS: TestMarshalWithFieldOrder/on_section_with_events_in_priority_order (0.00s)
    --- PASS: TestMarshalWithFieldOrder/permissions_with_mixed_order (0.00s)
    --- PASS: TestMarshalWithFieldOrder/alphabetical_fallback_for_non-priority_fields (0.00s)
=== RUN   TestMarshalWithFieldOrder_OrdersNestedEnvWithSecretsRecursively
--- PASS: TestMarshalWithFieldOrder_OrdersNestedEnvWithSecretsRecursively (0.00s)
=== RUN   TestExtractTopLevelYAMLSectionWithOrdering
=== RUN   TestExtractTopLevelYAMLSectionWithOrdering/on_section_orders_events_alphabetically
    yaml_test.go:450: Generated YAML:
        "on":
          issues:
            types:
            - opened
          push:
            branches:
            - main
          workflow_dispatch: {}
=== RUN   TestExtractTopLevelYAMLSectionWithOrdering/permissions_section_orders_alphabetically
    yaml_test.go:450: Generated YAML:
        permissions:
          contents: read
          issues: write
          pull-requests: write
--- PASS: TestExtractTopLevelYAMLSectionWithOrdering (0.00s)
    --- PASS: TestExtractTopLevelYAMLSectionWithOrdering/on_section_orders_events_alphabetically (0.00s)
    --- PASS: TestExtractTopLevelYAMLSectionWithOrdering/permissions_section_orders_alphabetically (0.00s)
=== RUN   TestFormatYAMLValue
=== RUN   TestFormatYAMLValue/string:_true_keyword_quoted
=== RUN   TestFormatYAMLValue/string:_false_keyword_quoted
=== RUN   TestFormatYAMLValue/string:_null_keyword_quoted
=== RUN   TestFormatYAMLValue/string:_numeric_string_quoted
=== RUN   TestFormatYAMLValue/string:_float_string_quoted
=== RUN   TestFormatYAMLValue/string:_plain_string_quoted
=== RUN   TestFormatYAMLValue/string:_empty_string_quoted
=== RUN   TestFormatYAMLValue/bool:_true
=== RUN   TestFormatYAMLValue/bool:_false
=== RUN   TestFormatYAMLValue/int
=== RUN   TestFormatYAMLValue/int8
=== RUN   TestFormatYAMLValue/int16
=== RUN   TestFormatYAMLValue/int32
=== RUN   TestFormatYAMLValue/int64
=== RUN   TestFormatYAMLValue/int:_zero
=== RUN   TestFormatYAMLValue/int:_negative
=== RUN   TestFormatYAMLValue/uint
=== RUN   TestFormatYAMLValue/uint8
=== RUN   TestFormatYAMLValue/uint16
=== RUN   TestFormatYAMLValue/uint32
=== RUN   TestFormatYAMLValue/uint64
=== RUN   TestFormatYAMLValue/float32
=== RUN   TestFormatYAMLValue/float64
=== RUN   TestFormatYAMLValue/nil:_quoted
=== RUN   TestFormatYAMLValue/struct:_quoted
--- PASS: TestFormatYAMLValue (0.00s)
    --- PASS: TestFormatYAMLValue/string:_true_keyword_quoted (0.00s)
    --- PASS: TestFormatYAMLValue/string:_false_keyword_quoted (0.00s)
    --- PASS: TestFormatYAMLValue/string:_null_keyword_quoted (0.00s)
    --- PASS: TestFormatYAMLValue/string:_numeric_string_quoted (0.00s)
    --- PASS: TestFormatYAMLValue/string:_float_string_quoted (0.00s)
    --- PASS: TestFormatYAMLValue/string:_plain_string_quoted (0.00s)
    --- PASS: TestFormatYAMLValue/string:_empty_string_quoted (0.00s)
    --- PASS: TestFormatYAMLValue/bool:_true (0.00s)
    --- PASS: TestFormatYAMLValue/bool:_false (0.00s)
    --- PASS: TestFormatYAMLValue/int (0.00s)
    --- PASS: TestFormatYAMLValue/int8 (0.00s)
    --- PASS: TestFormatYAMLValue/int16 (0.00s)
    --- PASS: TestFormatYAMLValue/int32 (0.00s)
    --- PASS: TestFormatYAMLValue/int64 (0.00s)
    --- PASS: TestFormatYAMLValue/int:_zero (0.00s)
    --- PASS: TestFormatYAMLValue/int:_negative (0.00s)
    --- PASS: TestFormatYAMLValue/uint (0.00s)
    --- PASS: TestFormatYAMLValue/uint8 (0.00s)
    --- PASS: TestFormatYAMLValue/uint16 (0.00s)
    --- PASS: TestFormatYAMLValue/uint32 (0.00s)
    --- PASS: TestFormatYAMLValue/uint64 (0.00s)
    --- PASS: TestFormatYAMLValue/float32 (0.00s)
    --- PASS: TestFormatYAMLValue/float64 (0.00s)
    --- PASS: TestFormatYAMLValue/nil:_quoted (0.00s)
    --- PASS: TestFormatYAMLValue/struct:_quoted (0.00s)
=== RUN   TestAddZizmorIgnoreForWorkflowRun
=== RUN   TestAddZizmorIgnoreForWorkflowRun/workflow_run_trigger_gets_annotation
=== RUN   TestAddZizmorIgnoreForWorkflowRun/no_workflow_run_trigger
=== RUN   TestAddZizmorIgnoreForWorkflowRun/workflow_run_with_different_indentation
=== RUN   TestAddZizmorIgnoreForWorkflowRun/workflow_run_in_comment_should_not_get_annotation
=== RUN   TestAddZizmorIgnoreForWorkflowRun/workflow_run_with_inline_comment_gets_annotation
=== RUN   TestAddZizmorIgnoreForWorkflowRun/multiple_workflow_run_keys_only_annotates_first
=== RUN   TestAddZizmorIgnoreForWorkflowRun/workflow_run_with_value_should_not_get_annotation
--- PASS: TestAddZizmorIgnoreForWorkflowRun (0.00s)
    --- PASS: TestAddZizmorIgnoreForWorkflowRun/workflow_run_trigger_gets_annotation (0.00s)
    --- PASS: TestAddZizmorIgnoreForWorkflowRun/no_workflow_run_trigger (0.00s)
    --- PASS: TestAddZizmorIgnoreForWorkflowRun/workflow_run_with_different_indentation (0.00s)
    --- PASS: TestAddZizmorIgnoreForWorkflowRun/workflow_run_in_comment_should_not_get_annotation (0.00s)
    --- PASS: TestAddZizmorIgnoreForWorkflowRun/workflow_run_with_inline_comment_gets_annotation (0.00s)
    --- PASS: TestAddZizmorIgnoreForWorkflowRun/multiple_workflow_run_keys_only_annotates_first (0.00s)
    --- PASS: TestAddZizmorIgnoreForWorkflowRun/workflow_run_with_value_should_not_get_annotation (0.00s)
=== RUN   TestJobHasWorkflowRunSafetyChecks
=== RUN   TestJobHasWorkflowRunSafetyChecks/job_with_workflow_run_safety_checks
=== RUN   TestJobHasWorkflowRunSafetyChecks/job_without_workflow_run_safety_checks
--- PASS: TestJobHasWorkflowRunSafetyChecks (0.00s)
    --- PASS: TestJobHasWorkflowRunSafetyChecks/job_with_workflow_run_safety_checks (0.00s)
    --- PASS: TestJobHasWorkflowRunSafetyChecks/job_without_workflow_run_safety_checks (0.00s)
=== RUN   TestFeaturesMergeWithImports
/tmp/gh-aw-test-runs/20260704-173215-1254793/test-227174353/test-workflow.md: info: Tip: set permissions.copilot-requests: write to use GitHub Actions token-based inference with the Copilot engine instead of a personal access token (COPILOT_GITHUB_TOKEN). This option requires that your organization has centralized Copilot billing enabled and may not be available in all organizations — see https://github.github.com/gh-aw/reference/billing/ for details.

✓ /tmp/gh-aw-test-runs/20260704-173215-1254793/test-227174353/test-workflow.md (77.3 KB)
    features_import_test.go:80: Note: mcp-scripts feature may not generate visible output in lock file
    features_import_test.go:84: ✓ Features successfully merged from imports and workflow compiled
--- PASS: TestFeaturesMergeWithImports (0.01s)
=== RUN   TestFeaturesTopLevelPrecedence
/tmp/gh-aw-test-runs/20260704-173215-1254793/test-4071174252/test-workflow.md: info: Tip: set permissions.copilot-requests: write to use GitHub Actions token-based inference with the Copilot engine instead of a personal access token (COPILOT_GITHUB_TOKEN). This option requires that your organization has centralized Copilot billing enabled and may not be available in all organizations — see https://github.github.com/gh-aw/reference/billing/ for details.

✓ /tmp/gh-aw-test-runs/20260704-173215-1254793/test-4071174252/test-workflow.md (77.3 KB)
    features_import_test.go:137: ✓ Workflow compiled successfully with top-level features taking precedence
--- PASS: TestFeaturesTopLevelPrecedence (0.01s)
=== RUN   TestFeaturesMultipleImports
/tmp/gh-aw-test-runs/20260704-173215-1254793/test-2033466325/test-workflow.md: info: Tip: set permissions.copilot-requests: write to use GitHub Actions token-based inference with the Copilot engine instead of a personal access token (COPILOT_GITHUB_TOKEN). This option requires that your organization has centralized Copilot billing enabled and may not be available in all organizations — see https://github.github.com/gh-aw/reference/billing/ for details.

✓ /tmp/gh-aw-test-runs/20260704-173215-1254793/test-2033466325/test-workflow.md (77.3 KB)
    features_import_test.go:200: ✓ Features from multiple imports merged successfully
--- PASS: TestFeaturesMultipleImports (0.01s)
=== RUN   TestImportWithUsesAndWith
/tmp/gh-aw-test-runs/20260704-173215-1254793/test-import-uses-with-975029932/main.md: info: Tip: set permissions.copilot-requests: write to use GitHub Actions token-based inference with the Copilot engine instead of a personal access token (COPILOT_GITHUB_TOKEN). This option requires that your organization has centralized Copilot billing enabled and may not be available in all organizations — see https://github.github.com/gh-aw/reference/billing/ for details.

✓ /tmp/gh-aw-test-runs/20260704-173215-1254793/test-import-uses-with-975029932/main.md (77.1 KB)
--- PASS: TestImportWithUsesAndWith (0.01s)
=== RUN   TestImportSchemaValidationMissingRequired
--- PASS: TestImportSchemaValidationMissingRequired (0.00s)
=== RUN   TestImportSchemaValidationUnknownKey
--- PASS: TestImportSchemaValidationUnknownKey (0.00s)
=== RUN   TestImportSchemaChoiceValidation
=== RUN   TestImportSchemaChoiceValidation/valid_choice_value
/tmp/gh-aw-test-runs/20260704-173215-1254793/test-import-schema-choice-1552100219/valid.md: info: Tip: set permissions.copilot-requests: write to use GitHub Actions token-based inference with the Copilot engine instead of a personal access token (COPILOT_GITHUB_TOKEN). This option requires that your organization has centralized Copilot billing enabled and may not be available in all organizations — see https://github.github.com/gh-aw/reference/billing/ for details.

✓ /tmp/gh-aw-test-runs/20260704-173215-1254793/test-import-schema-choice-1552100219/valid.md (77.1 KB)
=== RUN   TestImportSchemaChoiceValidation/invalid_choice_value
--- PASS: TestImportSchemaChoiceValidation (0.01s)
    --- PASS: TestImportSchemaChoiceValidation/valid_choice_value (0.01s)
    --- PASS: TestImportSchemaChoiceValidation/invalid_choice_value (0.00s)
=== RUN   TestImportSchemaNoSchemaBackwardCompat
/tmp/gh-aw-test-runs/20260704-173215-1254793/test-import-no-schema-748197686/main.md: info: Tip: set permissions.copilot-requests: write to use GitHub Actions token-based inference with the Copilot engine instead of a personal access token (COPILOT_GITHUB_TOKEN). This option requires that your organization has centralized Copilot billing enabled and may not be available in all organizations — see https://github.github.com/gh-aw/reference/billing/ for details.

✓ /tmp/gh-aw-test-runs/20260704-173215-1254793/test-import-no-schema-748197686/main.md (77.1 KB)
--- PASS: TestImportSchemaNoSchemaBackwardCompat (0.01s)
=== RUN   TestImportSchemaObjectType
=== RUN   TestImportSchemaObjectType/valid_object_input_substitution
/tmp/gh-aw-test-runs/20260704-173215-1254793/test-import-schema-object-1083878301/valid.md: info: Tip: set permissions.copilot-requests: write to use GitHub Actions token-based inference with the Copilot engine instead of a personal access token (COPILOT_GITHUB_TOKEN). This option requires that your organization has centralized Copilot billing enabled and may not be available in all organizations — see https://github.github.com/gh-aw/reference/billing/ for details.

✓ /tmp/gh-aw-test-runs/20260704-173215-1254793/test-import-schema-object-1083878301/valid.md (77.2 KB)
=== RUN   TestImportSchemaObjectType/missing_required_sub-property
=== RUN   TestImportSchemaObjectType/unknown_sub-property
--- PASS: TestImportSchemaObjectType (0.01s)
    --- PASS: TestImportSchemaObjectType/valid_object_input_substitution (0.01s)
    --- PASS: TestImportSchemaObjectType/missing_required_sub-property (0.00s)
    --- PASS: TestImportSchemaObjectType/unknown_sub-property (0.00s)
=== RUN   TestImportSchemaArrayType
=== RUN   TestImportSchemaArrayType/valid_array_input_configures_tools
/tmp/gh-aw-test-runs/20260704-173215-1254793/test-import-schema-array-77625282/valid.md: info: Tip: set permissions.copilot-requests: write to use GitHub Actions token-based inference with the Copilot engine instead of a personal access token (COPILOT_GITHUB_TOKEN). This option requires that your organization has centralized Copilot billing enabled and may not be available in all organizations — see https://github.github.com/gh-aw/reference/billing/ for details.

✓ /tmp/gh-aw-test-runs/20260704-173215-1254793/test-import-schema-array-77625282/valid.md (78.0 KB)
=== RUN   TestImportSchemaArrayType/wrong_type_for_array_input_is_rejected
=== RUN   TestImportSchemaArrayType/array_items_type_validated
=== RUN   TestImportSchemaArrayType/missing_required_array_input
--- PASS: TestImportSchemaArrayType (0.02s)
    --- PASS: TestImportSchemaArrayType/valid_array_input_configures_tools (0.01s)
    --- PASS: TestImportSchemaArrayType/wrong_type_for_array_input_is_rejected (0.00s)
    --- PASS: TestImportSchemaArrayType/array_items_type_validated (0.00s)
    --- PASS: TestImportSchemaArrayType/missing_required_array_input (0.01s)
=== RUN   TestImportSchemaDefaultsNoExplicitInputs
=== RUN   TestImportSchemaDefaultsNoExplicitInputs/engine_section_with_schema_default
/tmp/gh-aw-test-runs/20260704-173215-1254793/test-import-defaults-no-inputs-2307726291/main-engine.md: warning: safe update mode detected unapproved changes

New restricted secret(s):
  - ANTHROPIC_API_KEY

Remediation options:
  1. Use the --approve flag to allow the changes.
  2. Revert the unapproved changes.
  3. Use an interactive coding agent to review and approve the changes.

✓ /tmp/gh-aw-test-runs/20260704-173215-1254793/test-import-defaults-no-inputs-2307726291/main-engine.md (81.0 KB)
=== RUN   TestImportSchemaDefaultsNoExplicitInputs/safe-outputs_section_with_schema_default
/tmp/gh-aw-test-runs/20260704-173215-1254793/test-import-defaults-no-inputs-2307726291/main-safe-outputs.md: info: Tip: set permissions.copilot-requests: write to use GitHub Actions token-based inference with the Copilot engine instead of a personal access token (COPILOT_GITHUB_TOKEN). This option requires that your organization has centralized Copilot billing enabled and may not be available in all organizations — see https://github.github.com/gh-aw/reference/billing/ for details.

✓ /tmp/gh-aw-test-runs/20260704-173215-1254793/test-import-defaults-no-inputs-2307726291/main-safe-outputs.md (99.5 KB)
=== RUN   TestImportSchemaDefaultsNoExplicitInputs/uses/with_syntax_with_no_with_block
/tmp/gh-aw-test-runs/20260704-173215-1254793/test-import-defaults-no-inputs-2307726291/main-uses.md: warning: safe update mode detected unapproved changes

New restricted secret(s):
  - ANTHROPIC_API_KEY

Remediation options:
  1. Use the --approve flag to allow the changes.
  2. Revert the unapproved changes.
  3. Use an interactive coding agent to review and approve the changes.

✓ /tmp/gh-aw-test-runs/20260704-173215-1254793/test-import-defaults-no-inputs-2307726291/main-uses.md (80.8 KB)
--- PASS: TestImportSchemaDefaultsNoExplicitInputs (0.03s)
    --- PASS: TestImportSchemaDefaultsNoExplicitInputs/engine_section_with_schema_default (0.01s)
    --- PASS: TestImportSchemaDefaultsNoExplicitInputs/safe-outputs_section_with_schema_default (0.01s)
    --- PASS: TestImportSchemaDefaultsNoExplicitInputs/uses/with_syntax_with_no_with_block (0.01s)
=== RUN   TestImportPlaywrightTool
⚠ tools.playwright: MCP mode is deprecated. Migrate to CLI mode by adding `mode: cli` to your playwright configuration. CLI mode runs playwright-cli directly on the runner (no Docker container required), is more token-efficient, and lets you use `localhost` to reach local dev servers. Update your prompts to run `playwright-cli <command>` in bash instead of using MCP browser tools. See: https://github.com/github/gh-aw/blob/main/docs/src/content/docs/reference/playwright.md
/tmp/gh-aw-test-runs/20260704-173215-1254793/test-840193384/main-workflow.md: info: Tip: set permissions.copilot-requests: write to use GitHub Actions token-based inference with the Copilot engine instead of a personal access token (COPILOT_GITHUB_TOKEN). This option requires that your organization has centralized Copilot billing enabled and may not be available in all organizations — see https://github.github.com/gh-aw/reference/billing/ for details.

✓ /tmp/gh-aw-test-runs/20260704-173215-1254793/test-840193384/main-workflow.md (78.7 KB)
--- PASS: TestImportPlaywrightTool (0.01s)
=== RUN   TestImportAgenticWorkflowsTool
/tmp/gh-aw-test-runs/20260704-173215-1254793/test-3789228740/main-workflow.md: info: Tip: set permissions.copilot-requests: write to use GitHub Actions token-based inference with the Copilot engine instead of a personal access token (COPILOT_GITHUB_TOKEN). This option requires that your organization has centralized Copilot billing enabled and may not be available in all organizations — see https://github.github.com/gh-aw/reference/billing/ for details.

/tmp/gh-aw-test-runs/20260704-173215-1254793/test-3789228740/main-workflow.md: warning: safe update mode detected unapproved changes

New unapproved action(s):
  - docker/build-push-action
  - docker/setup-buildx-action

Remediation options:
  1. Use the --approve flag to allow the changes.
  2. Revert the unapproved changes.
  3. Use an interactive coding agent to review and approve the changes.

✓ /tmp/gh-aw-test-runs/20260704-173215-1254793/test-3789228740/main-workflow.md (81.2 KB)
--- PASS: TestImportAgenticWorkflowsTool (0.01s)
=== RUN   TestImportMultipleTools
⚠ tools.playwright: MCP mode is deprecated. Migrate to CLI mode by adding `mode: cli` to your playwright configuration. CLI mode runs playwright-cli directly on the runner (no Docker container required), is more token-efficient, and lets you use `localhost` to reach local dev servers. Update your prompts to run `playwright-cli <command>` in bash instead of using MCP browser tools. See: https://github.com/github/gh-aw/blob/main/docs/src/content/docs/reference/playwright.md
/tmp/gh-aw-test-runs/20260704-173215-1254793/test-3280562451/main-workflow.md: info: Tip: set permissions.copilot-requests: write to use GitHub Actions token-based inference with the Copilot engine instead of a personal access token (COPILOT_GITHUB_TOKEN). This option requires that your organization has centralized Copilot billing enabled and may not be available in all organizations — see https://github.github.com/gh-aw/reference/billing/ for details.

/tmp/gh-aw-test-runs/20260704-173215-1254793/test-3280562451/main-workflow.md: warning: safe update mode detected unapproved changes

New unapproved action(s):
  - docker/build-push-action
  - docker/setup-buildx-action

Remediation options:
  1. Use the --approve flag to allow the changes.
  2. Revert the unapproved changes.
  3. Use an interactive coding agent to review and approve the changes.

✓ /tmp/gh-aw-test-runs/20260704-173215-1254793/test-3280562451/main-workflow.md (82.6 KB)
--- PASS: TestImportMultipleTools (0.01s)
=== RUN   TestImportPlaywrightWithCustomArgs
⚠ tools.playwright: MCP mode is deprecated. Migrate to CLI mode by adding `mode: cli` to your playwright configuration. CLI mode runs playwright-cli directly on the runner (no Docker container required), is more token-efficient, and lets you use `localhost` to reach local dev servers. Update your prompts to run `playwright-cli <command>` in bash instead of using MCP browser tools. See: https://github.com/github/gh-aw/blob/main/docs/src/content/docs/reference/playwright.md
/tmp/gh-aw-test-runs/20260704-173215-1254793/test-2106093937/main-workflow.md: info: Tip: set permissions.copilot-requests: write to use GitHub Actions token-based inference with the Copilot engine instead of a personal access token (COPILOT_GITHUB_TOKEN). This option requires that your organization has centralized Copilot billing enabled and may not be available in all organizations — see https://github.github.com/gh-aw/reference/billing/ for details.

✓ /tmp/gh-aw-test-runs/20260704-173215-1254793/test-2106093937/main-workflow.md (78.8 KB)
--- PASS: TestImportPlaywrightWithCustomArgs (0.01s)
=== RUN   TestImportAgenticWorkflowsRequiresPermissions
--- PASS: TestImportAgenticWorkflowsRequiresPermissions (0.00s)
=== RUN   TestImportEditTool
/tmp/gh-aw-test-runs/20260704-173215-1254793/test-3371744195/main-workflow.md: info: Tip: set permissions.copilot-requests: write to use GitHub Actions token-based inference with the Copilot engine instead of a personal access token (COPILOT_GITHUB_TOKEN). This option requires that your organization has centralized Copilot billing enabled and may not be available in all organizations — see https://github.github.com/gh-aw/reference/billing/ for details.

✓ /tmp/gh-aw-test-runs/20260704-173215-1254793/test-3371744195/main-workflow.md (77.3 KB)
--- PASS: TestImportEditTool (0.01s)
=== RUN   TestImportWebFetchTool
/tmp/gh-aw-test-runs/20260704-173215-1254793/test-3134778378/main-workflow.md: info: Tip: set permissions.copilot-requests: write to use GitHub Actions token-based inference with the Copilot engine instead of a personal access token (COPILOT_GITHUB_TOKEN). This option requires that your organization has centralized Copilot billing enabled and may not be available in all organizations — see https://github.github.com/gh-aw/reference/billing/ for details.

✓ /tmp/gh-aw-test-runs/20260704-173215-1254793/test-3134778378/main-workflow.md (77.3 KB)
--- PASS: TestImportWebFetchTool (0.01s)
=== RUN   TestImportWebSearchTool
/tmp/gh-aw-test-runs/20260704-173215-1254793/test-539532071/main-workflow.md: warning: safe update mode detected unapproved changes

New restricted secret(s):
  - ANTHROPIC_API_KEY

Remediation options:
  1. Use the --approve flag to allow the changes.
  2. Revert the unapproved changes.
  3. Use an interactive coding agent to review and approve the changes.

✓ /tmp/gh-aw-test-runs/20260704-173215-1254793/test-539532071/main-workflow.md (81.1 KB)
--- PASS: TestImportWebSearchTool (0.01s)
=== RUN   TestImportTimeoutTool
/tmp/gh-aw-test-runs/20260704-173215-1254793/test-531382699/main-workflow.md: info: Tip: set permissions.copilot-requests: write to use GitHub Actions token-based inference with the Copilot engine instead of a personal access token (COPILOT_GITHUB_TOKEN). This option requires that your organization has centralized Copilot billing enabled and may not be available in all organizations — see https://github.github.com/gh-aw/reference/billing/ for details.

✓ /tmp/gh-aw-test-runs/20260704-173215-1254793/test-531382699/main-workflow.md (77.3 KB)
--- PASS: TestImportTimeoutTool (0.01s)
=== RUN   TestImportStartupTimeoutTool
/tmp/gh-aw-test-runs/20260704-173215-1254793/test-2839316022/main-workflow.md: info: Tip: set permissions.copilot-requests: write to use GitHub Actions token-based inference with the Copilot engine instead of a personal access token (COPILOT_GITHUB_TOKEN). This option requires that your organization has centralized Copilot billing enabled and may not be available in all organizations — see https://github.github.com/gh-aw/reference/billing/ for details.

✓ /tmp/gh-aw-test-runs/20260704-173215-1254793/test-2839316022/main-workflow.md (77.3 KB)
--- PASS: TestImportStartupTimeoutTool (0.01s)
=== RUN   TestImportMultipleNeutralTools
⚠ Invalid configuration in /tmp/gh-aw-test-runs/20260704-173215-1254793/test-1648588566/shared-neutral-tools.md: /tmp/gh-aw-test-runs/20260704-173215-1254793/test-1648588566/shared-neutral-tools.md:6:3: error: Unknown property: safety-prompt. Valid fields are: agentic-workflows, bash, cache-memory, cli-proxy, comment-memory, edit, github, grep, playwright, repo-memory, ...
3 | tools:
4 |   edit:
5 |   web-fetch:
6 |   safety-prompt: true
      ^^^^^^^^^^^^^
7 |   timeout: 120
8 |   startup-timeout: 90
9 | ---

/tmp/gh-aw-test-runs/20260704-173215-1254793/test-1648588566/main-workflow.md: info: Tip: set permissions.copilot-requests: write to use GitHub Actions token-based inference with the Copilot engine instead of a personal access token (COPILOT_GITHUB_TOKEN). This option requires that your organization has centralized Copilot billing enabled and may not be available in all organizations — see https://github.github.com/gh-aw/reference/billing/ for details.

✓ /tmp/gh-aw-test-runs/20260704-173215-1254793/test-1648588566/main-workflow.md (77.4 KB)
--- PASS: TestImportMultipleNeutralTools (0.02s)
=== RUN   TestBashMainWorkflowOverridesImportBashList
/tmp/gh-aw-test-runs/20260704-173215-1254793/test-387522665/my-workflow.md: info: Tip: set permissions.copilot-requests: write to use GitHub Actions token-based inference with the Copilot engine instead of a personal access token (COPILOT_GITHUB_TOKEN). This option requires that your organization has centralized Copilot billing enabled and may not be available in all organizations — see https://github.github.com/gh-aw/reference/billing/ for details.

/tmp/gh-aw-test-runs/20260704-173215-1254793/test-387522665/my-workflow.md: warning: Agent sandbox disabled (sandbox.agent: false). This removes firewall protection. The AI agent will have direct network access without firewall filtering. The MCP gateway remains enabled. Only use this for testing or in controlled environments where you trust the AI agent completely.

✓ /tmp/gh-aw-test-runs/20260704-173215-1254793/test-387522665/my-workflow.md (64.6 KB)
--- PASS: TestBashMainWorkflowOverridesImportBashList (0.01s)
=== RUN   TestCacheMemoryMapOverridesBoolInImportChain
/tmp/gh-aw-test-runs/20260704-173215-1254793/test-3532730985/my-workflow.md: info: Tip: set permissions.copilot-requests: write to use GitHub Actions token-based inference with the Copilot engine instead of a personal access token (COPILOT_GITHUB_TOKEN). This option requires that your organization has centralized Copilot billing enabled and may not be available in all organizations — see https://github.github.com/gh-aw/reference/billing/ for details.

/tmp/gh-aw-test-runs/20260704-173215-1254793/test-3532730985/my-workflow.md: warning: Agent sandbox disabled (sandbox.agent: false). This removes firewall protection. The AI agent will have direct network access without firewall filtering. The MCP gateway remains enabled. Only use this for testing or in controlled environments where you trust the AI agent completely.

✓ /tmp/gh-aw-test-runs/20260704-173215-1254793/test-3532730985/my-workflow.md (66.9 KB)
--- PASS: TestCacheMemoryMapOverridesBoolInImportChain (0.01s)
=== RUN   TestGitHubToolFalseOverridesImport
/tmp/gh-aw-test-runs/20260704-173215-1254793/test-4201054298/my-workflow.md: info: Tip: set permissions.copilot-requests: write to use GitHub Actions token-based inference with the Copilot engine instead of a personal access token (COPILOT_GITHUB_TOKEN). This option requires that your organization has centralized Copilot billing enabled and may not be available in all organizations — see https://github.github.com/gh-aw/reference/billing/ for details.

/tmp/gh-aw-test-runs/20260704-173215-1254793/test-4201054298/my-workflow.md: warning: Agent sandbox disabled (sandbox.agent: false). This removes firewall protection. The AI agent will have direct network access without firewall filtering. The MCP gateway remains enabled. Only use this for testing or in controlled environments where you trust the AI agent completely.

✓ /tmp/gh-aw-test-runs/20260704-173215-1254793/test-4201054298/my-workflow.md (57.1 KB)
--- PASS: TestGitHubToolFalseOverridesImport (0.01s)
=== RUN   TestGitHubModeTopLevelOverridesImport
/tmp/gh-aw-test-runs/20260704-173215-1254793/test-1622629491/main.md: warning: Missing required permissions for GitHub toolsets:
  - pull-requests: read (required by pull_requests)

To fix this, you can either:

Option 1: Add missing permissions to your workflow frontmatter:
permissions:
  pull-requests: read

See: https://github.com/github/gh-aw/blob/main/docs/src/content/docs/reference/permissions.md

Option 2: Reduce the required toolsets in your workflow:
Remove or adjust toolsets that require these permissions:
  - pull_requests

/tmp/gh-aw-test-runs/20260704-173215-1254793/test-1622629491/main.md: info: Tip: set permissions.copilot-requests: write to use GitHub Actions token-based inference with the Copilot engine instead of a personal access token (COPILOT_GITHUB_TOKEN). This option requires that your organization has centralized Copilot billing enabled and may not be available in all organizations — see https://github.github.com/gh-aw/reference/billing/ for details.

✓ /tmp/gh-aw-test-runs/20260704-173215-1254793/test-1622629491/main.md (77.0 KB)
--- PASS: TestGitHubModeTopLevelOverridesImport (0.01s)
=== RUN   TestImportEngineMCPToolTimeout
/tmp/gh-aw-test-runs/20260704-173215-1254793/test-1164911968/main-workflow.md: info: Tip: set permissions.copilot-requests: write to use GitHub Actions token-based inference with the Copilot engine instead of a personal access token (COPILOT_GITHUB_TOKEN). This option requires that your organization has centralized Copilot billing enabled and may not be available in all organizations — see https://github.github.com/gh-aw/reference/billing/ for details.

✓ /tmp/gh-aw-test-runs/20260704-173215-1254793/test-1164911968/main-workflow.md (77.8 KB)
--- PASS: TestImportEngineMCPToolTimeout (0.01s)
=== RUN   TestImportMaxLimitsFromSharedWorkflow
/tmp/gh-aw-test-runs/20260704-173215-1254793/test-950348831/main-workflow.md: info: Tip: set permissions.copilot-requests: write to use GitHub Actions token-based inference with the Copilot engine instead of a personal access token (COPILOT_GITHUB_TOKEN). This option requires that your organization has centralized Copilot billing enabled and may not be available in all organizations — see https://github.github.com/gh-aw/reference/billing/ for details.

✓ /tmp/gh-aw-test-runs/20260704-173215-1254793/test-950348831/main-workflow.md (77.3 KB)
--- PASS: TestImportMaxLimitsFromSharedWorkflow (0.01s)
=== RUN   TestImportEngineMCPToolTimeoutConsumerOverride
/tmp/gh-aw-test-runs/20260704-173215-1254793/test-1290696214/main-workflow.md: info: Tip: set permissions.copilot-requests: write to use GitHub Actions token-based inference with the Copilot engine instead of a personal access token (COPILOT_GITHUB_TOKEN). This option requires that your organization has centralized Copilot billing enabled and may not be available in all organizations — see https://github.github.com/gh-aw/reference/billing/ for details.

✓ /tmp/gh-aw-test-runs/20260704-173215-1254793/test-1290696214/main-workflow.md (77.6 KB)
--- PASS: TestImportEngineMCPToolTimeoutConsumerOverride (0.01s)
=== RUN   TestImportEngineMCPToolTimeoutValidation
--- PASS: TestImportEngineMCPToolTimeoutValidation (0.00s)
=== RUN   TestImportEngineMCPSessionTimeout
/tmp/gh-aw-test-runs/20260704-173215-1254793/test-2618397690/main-workflow.md: info: Tip: set permissions.copilot-requests: write to use GitHub Actions token-based inference with the Copilot engine instead of a personal access token (COPILOT_GITHUB_TOKEN). This option requires that your organization has centralized Copilot billing enabled and may not be available in all organizations — see https://github.github.com/gh-aw/reference/billing/ for details.

✓ /tmp/gh-aw-test-runs/20260704-173215-1254793/test-2618397690/main-workflow.md (77.3 KB)
--- PASS: TestImportEngineMCPSessionTimeout (0.01s)
=== RUN   TestImportEngineMCPSessionTimeoutConsumerOverride
/tmp/gh-aw-test-runs/20260704-173215-1254793/test-246602326/main-workflow.md: info: Tip: set permissions.copilot-requests: write to use GitHub Actions token-based inference with the Copilot engine instead of a personal access token (COPILOT_GITHUB_TOKEN). This option requires that your organization has centralized Copilot billing enabled and may not be available in all organizations — see https://github.github.com/gh-aw/reference/billing/ for details.

✓ /tmp/gh-aw-test-runs/20260704-173215-1254793/test-246602326/main-workflow.md (77.6 KB)
--- PASS: TestImportEngineMCPSessionTimeoutConsumerOverride (0.01s)
=== RUN   TestImportEngineMCPSessionTimeoutValidation
--- PASS: TestImportEngineMCPSessionTimeoutValidation (0.00s)
=== RUN   TestImportWithInputs
/tmp/gh-aw-test-runs/20260704-173215-1254793/test-import-inputs-3583030799/test-workflow.md: info: Tip: set permissions.copilot-requests: write to use GitHub Actions token-based inference with the Copilot engine instead of a personal access token (COPILOT_GITHUB_TOKEN). This option requires that your organization has centralized Copilot billing enabled and may not be available in all organizations — see https://github.github.com/gh-aw/reference/billing/ for details.

✓ /tmp/gh-aw-test-runs/20260704-173215-1254793/test-import-inputs-3583030799/test-workflow.md (77.4 KB)
--- PASS: TestImportWithInputs (0.01s)
=== RUN   TestImportInputsForwardedToNestedImports
/tmp/gh-aw-test-runs/20260704-173215-1254793/test-import-inputs-forwarding-1693630516/consumer.md: info: Tip: set permissions.copilot-requests: write to use GitHub Actions token-based inference with the Copilot engine instead of a personal access token (COPILOT_GITHUB_TOKEN). This option requires that your organization has centralized Copilot billing enabled and may not be available in all organizations — see https://github.github.com/gh-aw/reference/billing/ for details.

✓ /tmp/gh-aw-test-runs/20260704-173215-1254793/test-import-inputs-forwarding-1693630516/consumer.md (78.3 KB)
--- PASS: TestImportInputsForwardedToNestedImports (0.01s)
=== RUN   TestImportPromptOrderInterleavesRuntimeAndParameterizedImports
/tmp/gh-aw-test-runs/20260704-173215-1254793/test-import-order-3416435586/order-workflow.md: info: Tip: set permissions.copilot-requests: write to use GitHub Actions token-based inference with the Copilot engine instead of a personal access token (COPILOT_GITHUB_TOKEN). This option requires that your organization has centralized Copilot billing enabled and may not be available in all organizations — see https://github.github.com/gh-aw/reference/billing/ for details.

✓ /tmp/gh-aw-test-runs/20260704-173215-1254793/test-import-order-3416435586/order-workflow.md (77.5 KB)
--- PASS: TestImportPromptOrderInterleavesRuntimeAndParameterizedImports (0.01s)
=== RUN   TestImportWithInputsStringFormat
/tmp/gh-aw-test-runs/20260704-173215-1254793/test-import-string-126926086/test-workflow.md: info: Tip: set permissions.copilot-requests: write to use GitHub Actions token-based inference with the Copilot engine instead of a personal access token (COPILOT_GITHUB_TOKEN). This option requires that your organization has centralized Copilot billing enabled and may not be available in all organizations — see https://github.github.com/gh-aw/reference/billing/ for details.

✓ /tmp/gh-aw-test-runs/20260704-173215-1254793/test-import-string-126926086/test-workflow.md (78.4 KB)
--- PASS: TestImportWithInputsStringFormat (0.01s)
=== RUN   TestImportWithArrayInputs
/tmp/gh-aw-test-runs/20260704-173215-1254793/test-import-array-inputs-188570574/caller.md: info: Tip: set permissions.copilot-requests: write to use GitHub Actions token-based inference with the Copilot engine instead of a personal access token (COPILOT_GITHUB_TOKEN). This option requires that your organization has centralized Copilot billing enabled and may not be available in all organizations — see https://github.github.com/gh-aw/reference/billing/ for details.

✓ /tmp/gh-aw-test-runs/20260704-173215-1254793/test-import-array-inputs-188570574/caller.md (77.8 KB)
--- PASS: TestImportWithArrayInputs (0.01s)
=== RUN   TestRecursiveImports
/tmp/gh-aw-test-runs/20260704-173215-1254793/test-530393954/test-workflow.md: info: Tip: set permissions.copilot-requests: write to use GitHub Actions token-based inference with the Copilot engine instead of a personal access token (COPILOT_GITHUB_TOKEN). This option requires that your organization has centralized Copilot billing enabled and may not be available in all organizations — see https://github.github.com/gh-aw/reference/billing/ for details.

✓ /tmp/gh-aw-test-runs/20260704-173215-1254793/test-530393954/test-workflow.md (78.6 KB)
--- PASS: TestRecursiveImports (0.01s)
=== RUN   TestCyclicImports
--- PASS: TestCyclicImports (0.00s)
=== RUN   TestDiamondImports
/tmp/gh-aw-test-runs/20260704-173215-1254793/test-3745368729/test-workflow.md: info: Tip: set permissions.copilot-requests: write to use GitHub Actions token-based inference with the Copilot engine instead of a personal access token (COPILOT_GITHUB_TOKEN). This option requires that your organization has centralized Copilot billing enabled and may not be available in all organizations — see https://github.github.com/gh-aw/reference/billing/ for details.

✓ /tmp/gh-aw-test-runs/20260704-173215-1254793/test-3745368729/test-workflow.md (78.5 KB)
--- PASS: TestDiamondImports (0.01s)
=== RUN   TestImportOrdering
/tmp/gh-aw-test-runs/20260704-173215-1254793/test-581848489/test-workflow.md: info: Tip: set permissions.copilot-requests: write to use GitHub Actions token-based inference with the Copilot engine instead of a personal access token (COPILOT_GITHUB_TOKEN). This option requires that your organization has centralized Copilot billing enabled and may not be available in all organizations — see https://github.github.com/gh-aw/reference/billing/ for details.

✓ /tmp/gh-aw-test-runs/20260704-173215-1254793/test-581848489/test-workflow.md (79.8 KB)
    imports_recursive_test.go:528: Import order in manifest: [file-d.md file-e.md file-b.md file-f.md file-c.md file-a.md]
--- PASS: TestImportOrdering (0.01s)
=== RUN   TestCompileWorkflowWithImports
⚠ Ignoring unexpected frontmatter fields in /tmp/gh-aw-test-runs/20260704-173215-1254793/test-2191403094/shared-tool.md: on
⚠ Invalid configuration in /tmp/gh-aw-test-runs/20260704-173215-1254793/test-2191403094/shared-tool.md: /tmp/gh-aw-test-runs/20260704-173215-1254793/test-2191403094/shared-tool.md:4:3: error: Unknown property: custom-mcp. Valid fields are: agentic-workflows, bash, cache-memory, cli-proxy, comment-memory, edit, github, grep, playwright, repo-memory, ...
1 | ---
2 | on: push
3 | tools:
4 |   custom-mcp:
      ^^^^^^^^^^
5 |     url: "https://example.com/mcp"
6 |     allowed: ["*"]
7 | ---

/tmp/gh-aw-test-runs/20260704-173215-1254793/test-2191403094/test-workflow.md: info: Tip: set permissions.copilot-requests: write to use GitHub Actions token-based inference with the Copilot engine instead of a personal access token (COPILOT_GITHUB_TOKEN). This option requires that your organization has centralized Copilot billing enabled and may not be available in all organizations — see https://github.github.com/gh-aw/reference/billing/ for details.

✓ /tmp/gh-aw-test-runs/20260704-173215-1254793/test-2191403094/test-workflow.md (79.8 KB)
--- PASS: TestCompileWorkflowWithImports (0.02s)
=== RUN   TestCompileWorkflowWithMultipleImports
⚠ Ignoring unexpected frontmatter fields in /tmp/gh-aw-test-runs/20260704-173215-1254793/test-3582786177/shared-tool-1.md: on
⚠ Invalid configuration in /tmp/gh-aw-test-runs/20260704-173215-1254793/test-3582786177/shared-tool-1.md: /tmp/gh-aw-test-runs/20260704-173215-1254793/test-3582786177/shared-tool-1.md:4:3: error: Unknown property: tool1. Valid fields are: agentic-workflows, bash, cache-memory, cli-proxy, comment-memory, edit, github, grep, playwright, repo-memory, .... Did you mean 'tools'? It belongs under 'the root level'
1 | ---
2 | on: push
3 | tools:
4 |   tool1:
      ^^^^^
5 |     url: "https://example1.com/mcp"
6 |     allowed: ["*"]
7 | ---

⚠ Ignoring unexpected frontmatter fields in /tmp/gh-aw-test-runs/20260704-173215-1254793/test-3582786177/shared-tool-2.md: on
⚠ Invalid configuration in /tmp/gh-aw-test-runs/20260704-173215-1254793/test-3582786177/shared-tool-2.md: /tmp/gh-aw-test-runs/20260704-173215-1254793/test-3582786177/shared-tool-2.md:4:3: error: Unknown property: tool2. Valid fields are: agentic-workflows, bash, cache-memory, cli-proxy, comment-memory, edit, github, grep, playwright, repo-memory, .... Did you mean 'tools'? It belongs under 'the root level'
1 | ---
2 | on: push
3 | tools:
4 |   tool2:
      ^^^^^
5 |     url: "https://example2.com/mcp"
6 |     allowed: ["*"]
7 | ---

/tmp/gh-aw-test-runs/20260704-173215-1254793/test-3582786177/test-workflow.md: info: Tip: set permissions.copilot-requests: write to use GitHub Actions token-based inference with the Copilot engine instead of a personal access token (COPILOT_GITHUB_TOKEN). This option requires that your organization has centralized Copilot billing enabled and may not be available in all organizations — see https://github.github.com/gh-aw/reference/billing/ for details.

✓ /tmp/gh-aw-test-runs/20260704-173215-1254793/test-3582786177/test-workflow.md (80.3 KB)
--- PASS: TestCompileWorkflowWithMultipleImports (0.02s)
=== RUN   TestCompileWorkflowWithConditionalImport
--- PASS: TestCompileWorkflowWithConditionalImport (0.00s)
=== RUN   TestCompileWorkflowWithMCPServersImport
⚠ Ignoring unexpected frontmatter fields in /tmp/gh-aw-test-runs/20260704-173215-1254793/test-2852793996/shared-mcp.md: on
/tmp/gh-aw-test-runs/20260704-173215-1254793/test-2852793996/test-workflow.md: info: Tip: set permissions.copilot-requests: write to use GitHub Actions token-based inference with the Copilot engine instead of a personal access token (COPILOT_GITHUB_TOKEN). This option requires that your organization has centralized Copilot billing enabled and may not be available in all organizations — see https://github.github.com/gh-aw/reference/billing/ for details.

✓ /tmp/gh-aw-test-runs/20260704-173215-1254793/test-2852793996/test-workflow.md (79.9 KB)
--- PASS: TestCompileWorkflowWithMCPServersImport (0.01s)
=== RUN   TestCompileWorkflowWithModelOnlyEngine
/tmp/gh-aw-test-runs/20260704-173215-1254793/test-4281952447/test-workflow.md: info: Tip: set permissions.copilot-requests: write to use GitHub Actions token-based inference with the Copilot engine instead of a personal access token (COPILOT_GITHUB_TOKEN). This option requires that your organization has centralized Copilot billing enabled and may not be available in all organizations — see https://github.github.com/gh-aw/reference/billing/ for details.

✓ /tmp/gh-aw-test-runs/20260704-173215-1254793/test-4281952447/test-workflow.md (77.0 KB)
--- PASS: TestCompileWorkflowWithModelOnlyEngine (0.01s)
=== RUN   TestCompileWorkflowWithImportedModelOnlyEngine
⚠ Ignoring unexpected frontmatter fields in /tmp/gh-aw-test-runs/20260704-173215-1254793/test-783125743/shared-workflow.md: on
/tmp/gh-aw-test-runs/20260704-173215-1254793/test-783125743/test-workflow.md: info: Tip: set permissions.copilot-requests: write to use GitHub Actions token-based inference with the Copilot engine instead of a personal access token (COPILOT_GITHUB_TOKEN). This option requires that your organization has centralized Copilot billing enabled and may not be available in all organizations — see https://github.github.com/gh-aw/reference/billing/ for details.

✓ /tmp/gh-aw-test-runs/20260704-173215-1254793/test-783125743/test-workflow.md (77.2 KB)
--- PASS: TestCompileWorkflowWithImportedModelOnlyEngine (0.01s)
=== RUN   TestMCPFieldsInIncludedFiles
⚠ Ignoring unexpected frontmatter fields in /tmp/gh-aw-test-runs/20260704-173215-1254793/test-2167993084/mcp-with-fields.md: on
/tmp/gh-aw-test-runs/20260704-173215-1254793/test-2167993084/test-workflow.md: info: Tip: set permissions.copilot-requests: write to use GitHub Actions token-based inference with the Copilot engine instead of a personal access token (COPILOT_GITHUB_TOKEN). This option requires that your organization has centralized Copilot billing enabled and may not be available in all organizations — see https://github.github.com/gh-aw/reference/billing/ for details.

✓ /tmp/gh-aw-test-runs/20260704-173215-1254793/test-2167993084/test-workflow.md (77.9 KB)
--- PASS: TestMCPFieldsInIncludedFiles (0.01s)
=== RUN   TestEntrypointArgsInIncludedFile
⚠ Ignoring unexpected frontmatter fields in /tmp/gh-aw-test-runs/20260704-173215-1254793/test-1803393385/mcp-entrypoint.md: on
/tmp/gh-aw-test-runs/20260704-173215-1254793/test-1803393385/workflow.md: info: Tip: set permissions.copilot-requests: write to use GitHub Actions token-based inference with the Copilot engine instead of a personal access token (COPILOT_GITHUB_TOKEN). This option requires that your organization has centralized Copilot billing enabled and may not be available in all organizations — see https://github.github.com/gh-aw/reference/billing/ for details.

✓ /tmp/gh-aw-test-runs/20260704-173215-1254793/test-1803393385/workflow.md (77.9 KB)
--- PASS: TestEntrypointArgsInIncludedFile (0.01s)
=== RUN   TestHeadersInIncludedFile
⚠ Ignoring unexpected frontmatter fields in /tmp/gh-aw-test-runs/20260704-173215-1254793/test-2903842742/mcp-headers.md: on
/tmp/gh-aw-test-runs/20260704-173215-1254793/test-2903842742/workflow.md: info: Tip: set permissions.copilot-requests: write to use GitHub Actions token-based inference with the Copilot engine instead of a personal access token (COPILOT_GITHUB_TOKEN). This option requires that your organization has centralized Copilot billing enabled and may not be available in all organizations — see https://github.github.com/gh-aw/reference/billing/ for details.

✓ /tmp/gh-aw-test-runs/20260704-173215-1254793/test-2903842742/workflow.md (77.8 KB)
--- PASS: TestHeadersInIncludedFile (0.01s)
=== RUN   TestURLInIncludedFile
⚠ Ignoring unexpected frontmatter fields in /tmp/gh-aw-test-runs/20260704-173215-1254793/test-3307498801/mcp-url.md: on
/tmp/gh-aw-test-runs/20260704-173215-1254793/test-3307498801/workflow.md: info: Tip: set permissions.copilot-requests: write to use GitHub Actions token-based inference with the Copilot engine instead of a personal access token (COPILOT_GITHUB_TOKEN). This option requires that your organization has centralized Copilot billing enabled and may not be available in all organizations — see https://github.github.com/gh-aw/reference/billing/ for details.

✓ /tmp/gh-aw-test-runs/20260704-173215-1254793/test-3307498801/workflow.md (77.6 KB)
--- PASS: TestURLInIncludedFile (0.01s)
=== RUN   TestModelAliasesFromImportedWorkflow
/tmp/gh-aw-test-runs/20260704-173215-1254793/models-import-test-1983812849/main-workflow.md: info: Tip: set permissions.copilot-requests: write to use GitHub Actions token-based inference with the Copilot engine instead of a personal access token (COPILOT_GITHUB_TOKEN). This option requires that your organization has centralized Copilot billing enabled and may not be available in all organizations — see https://github.github.com/gh-aw/reference/billing/ for details.

✓ /tmp/gh-aw-test-runs/20260704-173215-1254793/models-import-test-1983812849/main-workflow.md (77.3 KB)
--- PASS: TestModelAliasesFromImportedWorkflow (0.01s)
=== RUN   TestModelAliasesImportMergeOrder
=== RUN   TestModelAliasesImportMergeOrder/imported_alias_visible,_main_wins_over_import
--- PASS: TestModelAliasesImportMergeOrder (0.00s)
    --- PASS: TestModelAliasesImportMergeOrder/imported_alias_visible,_main_wins_over_import (0.00s)
=== RUN   TestModelAliasesAWFConfigJSON
--- PASS: TestModelAliasesAWFConfigJSON (0.00s)
=== RUN   TestNetworkMergeEdgeCases
=== RUN   TestNetworkMergeEdgeCases/duplicate_domains_are_deduplicated
✓ /tmp/gh-aw-test-runs/20260704-173215-1254793/test-1220479251/workflow.md (80.9 KB)
=== RUN   TestNetworkMergeEdgeCases/empty_network_in_import_is_handled
✓ /tmp/gh-aw-test-runs/20260704-173215-1254793/test-1251623535/workflow.md (80.8 KB)
--- PASS: TestNetworkMergeEdgeCases (0.02s)
    --- PASS: TestNetworkMergeEdgeCases/duplicate_domains_are_deduplicated (0.01s)
    --- PASS: TestNetworkMergeEdgeCases/empty_network_in_import_is_handled (0.01s)
=== RUN   TestNetworkMergeWithImports
✓ /tmp/gh-aw-test-runs/20260704-173215-1254793/test-1199078835/test-workflow.md (81.2 KB)
--- PASS: TestNetworkMergeWithImports (0.01s)
=== RUN   TestSharedWorkflowWithoutOn
--- PASS: TestSharedWorkflowWithoutOn (0.00s)
=== RUN   TestSharedWorkflowWithInvalidFields
--- PASS: TestSharedWorkflowWithInvalidFields (0.00s)
=== RUN   TestMainWorkflowWithOn
--- PASS: TestMainWorkflowWithOn (0.00s)
=== RUN   TestSharedWorkflowWithEngineOnly
--- PASS: TestSharedWorkflowWithEngineOnly (0.00s)
=== RUN   TestSharedWorkflowWithMCPServers
--- PASS: TestSharedWorkflowWithMCPServers (0.00s)
=== RUN   TestSharedWorkflowWithoutMarkdownContent
--- PASS: TestSharedWorkflowWithoutMarkdownContent (0.00s)
=== RUN   TestRedirectOnlyWorkflow
--- PASS: TestRedirectOnlyWorkflow (0.00s)
=== RUN   TestRedirectOnlyWorkflowWithoutSourceField
--- PASS: TestRedirectOnlyWorkflowWithoutSourceField (0.00s)
=== RUN   TestWorkflowWithRedirectAndOn
--- PASS: TestWorkflowWithRedirectAndOn (0.00s)
=== RUN   TestMainWorkflowWithoutMarkdownContent
--- PASS: TestMainWorkflowWithoutMarkdownContent (0.00s)
=== RUN   TestSpec_Permissions_ContentsWritePRWrite
--- PASS: TestSpec_Permissions_ContentsWritePRWrite (0.00s)
=== RUN   TestSpec_Permissions_ContentsWriteIssuesWritePRWrite
--- PASS: TestSpec_Permissions_ContentsWriteIssuesWritePRWrite (0.00s)
=== RUN   TestSpec_Permissions_ContentsReadDiscussionsWrite
--- PASS: TestSpec_Permissions_ContentsReadDiscussionsWrite (0.00s)
=== RUN   TestSpec_Permissions_ContentsReadIssuesWriteDiscussionsWrite
--- PASS: TestSpec_Permissions_ContentsReadIssuesWriteDiscussionsWrite (0.00s)
=== RUN   TestSpec_Permissions_ContentsReadPRWrite
--- PASS: TestSpec_Permissions_ContentsReadPRWrite (0.00s)
=== RUN   TestSpec_Permissions_ContentsReadSecurityEventsWrite
--- PASS: TestSpec_Permissions_ContentsReadSecurityEventsWrite (0.00s)
=== RUN   TestSpec_Permissions_ContentsReadProjectsWrite
--- PASS: TestSpec_Permissions_ContentsReadProjectsWrite (0.00s)
=== RUN   TestSpec_SafeOutputs_SafeOutputsConfigFromKeys
=== RUN   TestSpec_SafeOutputs_SafeOutputsConfigFromKeys/empty_keys_returns_empty_config
=== RUN   TestSpec_SafeOutputs_SafeOutputsConfigFromKeys/add-comment_key_enables_the_add-comment_output
=== RUN   TestSpec_SafeOutputs_SafeOutputsConfigFromKeys/create-issue_key_enables_the_create-issue_output
=== RUN   TestSpec_SafeOutputs_SafeOutputsConfigFromKeys/create-pull-request_key_enables_the_create-pull-request_output
=== RUN   TestSpec_SafeOutputs_SafeOutputsConfigFromKeys/multiple_keys_enable_multiple_outputs
--- PASS: TestSpec_SafeOutputs_SafeOutputsConfigFromKeys (0.00s)
    --- PASS: TestSpec_SafeOutputs_SafeOutputsConfigFromKeys/empty_keys_returns_empty_config (0.00s)
    --- PASS: TestSpec_SafeOutputs_SafeOutputsConfigFromKeys/add-comment_key_enables_the_add-comment_output (0.00s)
    --- PASS: TestSpec_SafeOutputs_SafeOutputsConfigFromKeys/create-issue_key_enables_the_create-issue_output (0.00s)
    --- PASS: TestSpec_SafeOutputs_SafeOutputsConfigFromKeys/create-pull-request_key_enables_the_create-pull-request_output (0.00s)
    --- PASS: TestSpec_SafeOutputs_SafeOutputsConfigFromKeys/multiple_keys_enable_multiple_outputs (0.00s)
=== RUN   TestSpec_SafeOutputs_HasSafeOutputsEnabled
=== RUN   TestSpec_SafeOutputs_HasSafeOutputsEnabled/nil_config_reports_no_safe_outputs_enabled
=== RUN   TestSpec_SafeOutputs_HasSafeOutputsEnabled/empty_config_reports_no_safe_outputs_enabled
=== RUN   TestSpec_SafeOutputs_HasSafeOutputsEnabled/config_built_from_a_key_reports_safe_outputs_enabled
--- PASS: TestSpec_SafeOutputs_HasSafeOutputsEnabled (0.00s)
    --- PASS: TestSpec_SafeOutputs_HasSafeOutputsEnabled/nil_config_reports_no_safe_outputs_enabled (0.00s)
    --- PASS: TestSpec_SafeOutputs_HasSafeOutputsEnabled/empty_config_reports_no_safe_outputs_enabled (0.00s)
    --- PASS: TestSpec_SafeOutputs_HasSafeOutputsEnabled/config_built_from_a_key_reports_safe_outputs_enabled (0.00s)
=== RUN   TestSpec_SecretHandling_ExtractSecretName
=== RUN   TestSpec_SecretHandling_ExtractSecretName/extracts_name_from_a_secrets_expression
=== RUN   TestSpec_SecretHandling_ExtractSecretName/extracts_name_from_an_expression_with_a_default_fallback
=== RUN   TestSpec_SecretHandling_ExtractSecretName/returns_empty_string_for_a_plain_value_with_no_secret
--- PASS: TestSpec_SecretHandling_ExtractSecretName (0.00s)
    --- PASS: TestSpec_SecretHandling_ExtractSecretName/extracts_name_from_a_secrets_expression (0.00s)
    --- PASS: TestSpec_SecretHandling_ExtractSecretName/extracts_name_from_an_expression_with_a_default_fallback (0.00s)
    --- PASS: TestSpec_SecretHandling_ExtractSecretName/returns_empty_string_for_a_plain_value_with_no_secret (0.00s)
=== RUN   TestSpec_Engine_RegistryLookupAndIdentity
--- PASS: TestSpec_Engine_RegistryLookupAndIdentity (0.00s)
=== RUN   TestSpec_Engine_DocumentedEnginesRegistered
=== RUN   TestSpec_Engine_DocumentedEnginesRegistered/copilot
=== RUN   TestSpec_Engine_DocumentedEnginesRegistered/claude
=== RUN   TestSpec_Engine_DocumentedEnginesRegistered/codex
=== RUN   TestSpec_Engine_DocumentedEnginesRegistered/gemini
=== RUN   TestSpec_Engine_DocumentedEnginesRegistered/crush
=== RUN   TestSpec_Engine_DocumentedEnginesRegistered/opencode
=== RUN   TestSpec_Engine_DocumentedEnginesRegistered/pi
=== RUN   TestSpec_Engine_DocumentedEnginesRegistered/antigravity
--- PASS: TestSpec_Engine_DocumentedEnginesRegistered (0.00s)
    --- PASS: TestSpec_Engine_DocumentedEnginesRegistered/copilot (0.00s)
    --- PASS: TestSpec_Engine_DocumentedEnginesRegistered/claude (0.00s)
    --- PASS: TestSpec_Engine_DocumentedEnginesRegistered/codex (0.00s)
    --- PASS: TestSpec_Engine_DocumentedEnginesRegistered/gemini (0.00s)
    --- PASS: TestSpec_Engine_DocumentedEnginesRegistered/crush (0.00s)
    --- PASS: TestSpec_Engine_DocumentedEnginesRegistered/opencode (0.00s)
    --- PASS: TestSpec_Engine_DocumentedEnginesRegistered/pi (0.00s)
    --- PASS: TestSpec_Engine_DocumentedEnginesRegistered/antigravity (0.00s)
=== RUN   TestSpec_Engine_GlobalRegistrySingleton
--- PASS: TestSpec_Engine_GlobalRegistrySingleton (0.00s)
=== RUN   TestSpec_Sandbox_Constants
--- PASS: TestSpec_Sandbox_Constants (0.00s)
=== RUN   TestSpec_MCPScripts_Constants
--- PASS: TestSpec_MCPScripts_Constants (0.00s)
=== RUN   TestSpec_ActionPinning_ActionMode
--- PASS: TestSpec_ActionPinning_ActionMode (0.00s)
=== CONT  TestActionsLockJSONFieldsAreSorted
=== CONT  TestValidateMaxToolDenialsSupport
=== CONT  TestPRPolicyFieldsExpressionsPassThrough
=== RUN   TestPRPolicyFieldsExpressionsPassThrough/create-pull-request:_expression_values_pass_through
=== RUN   TestActionsLockJSONFieldsAreSorted/root_actions_lock
=== PAUSE TestActionsLockJSONFieldsAreSorted/root_actions_lock
=== RUN   TestActionsLockJSONFieldsAreSorted/pkg_workflow_actions_lock
=== PAUSE TestActionsLockJSONFieldsAreSorted/pkg_workflow_actions_lock
=== CONT  TestCreatePullRequestProtectedFilesPolicyDefault
=== CONT  TestBuildCustomJobsTimeoutMinutesExpressionViaWorkflowData
=== RUN   TestValidateMaxToolDenialsSupport/no_max-tool-denials
=== PAUSE TestValidateMaxToolDenialsSupport/no_max-tool-denials
=== RUN   TestValidateMaxToolDenialsSupport/copilot_sdk_with_max-tool-denials
=== PAUSE TestValidateMaxToolDenialsSupport/copilot_sdk_with_max-tool-denials
=== RUN   TestValidateMaxToolDenialsSupport/copilot_without_sdk_rejects_max-tool-denials
=== PAUSE TestValidateMaxToolDenialsSupport/copilot_without_sdk_rejects_max-tool-denials
=== RUN   TestValidateMaxToolDenialsSupport/non-copilot_rejects_max-tool-denials
=== RUN   TestPRPolicyFieldsExpressionsPassThrough/push-to-pull-request-branch:_expression_values_pass_through
=== PAUSE TestValidateMaxToolDenialsSupport/non-copilot_rejects_max-tool-denials
=== CONT  TestMatchesGitHubExpression
=== RUN   TestMatchesGitHubExpression/spaced_expression
=== RUN   TestMatchesGitHubExpression/compact_expression
=== RUN   TestMatchesGitHubExpression/base_sha_expression_matches
=== RUN   TestMatchesGitHubExpression/base_ref_expression_matches
=== RUN   TestMatchesGitHubExpression/head_sha_expression_does_not_match_base_sha
=== RUN   TestMatchesGitHubExpression/missing_closing_braces
=== RUN   TestMatchesGitHubExpression/empty_expression
=== RUN   TestMatchesGitHubExpression/extra_trailing_tokens
--- PASS: TestMatchesGitHubExpression (0.00s)
    --- PASS: TestMatchesGitHubExpression/spaced_expression (0.00s)
    --- PASS: TestMatchesGitHubExpression/compact_expression (0.00s)
    --- PASS: TestMatchesGitHubExpression/base_sha_expression_matches (0.00s)
    --- PASS: TestMatchesGitHubExpression/base_ref_expression_matches (0.00s)
    --- PASS: TestMatchesGitHubExpression/head_sha_expression_does_not_match_base_sha (0.00s)
    --- PASS: TestMatchesGitHubExpression/missing_closing_braces (0.00s)
    --- PASS: TestMatchesGitHubExpression/empty_expression (0.00s)
    --- PASS: TestMatchesGitHubExpression/extra_trailing_tokens (0.00s)
=== CONT  TestUnknownModelAICreditsOutput
--- PASS: TestCreatePullRequestProtectedFilesPolicyDefault (0.00s)
=== CONT  TestModelNotSupportedErrorInConclusionJob
=== CONT  TestModelNotSupportedErrorDetectionStep
=== RUN   TestModelNotSupportedErrorInConclusionJob/copilot
=== RUN   TestModelNotSupportedErrorDetectionStep/copilot
--- PASS: TestBuildCustomJobsTimeoutMinutesExpressionViaWorkflowData (0.00s)
=== PAUSE TestModelNotSupportedErrorInConclusionJob/copilot
=== RUN   TestModelNotSupportedErrorInConclusionJob/codex
=== PAUSE TestModelNotSupportedErrorInConclusionJob/codex
=== RUN   TestModelNotSupportedErrorInConclusionJob/claude
=== PAUSE TestModelNotSupportedErrorInConclusionJob/claude
=== PAUSE TestModelNotSupportedErrorDetectionStep/copilot
=== RUN   TestModelNotSupportedErrorDetectionStep/codex
=== PAUSE TestModelNotSupportedErrorDetectionStep/codex
=== RUN   TestModelNotSupportedErrorDetectionStep/claude
=== PAUSE TestModelNotSupportedErrorDetectionStep/claude
=== CONT  TestBuildCustomJobsTimeoutMinutesInvalidStringViaWorkflowData
=== CONT  TestActionsLockJSONFieldsAreSorted/root_actions_lock
--- PASS: TestPRPolicyFieldsExpressionsPassThrough (0.00s)
    --- PASS: TestPRPolicyFieldsExpressionsPassThrough/create-pull-request:_expression_values_pass_through (0.00s)
    --- PASS: TestPRPolicyFieldsExpressionsPassThrough/push-to-pull-request-branch:_expression_values_pass_through (0.00s)
=== CONT  TestValidateMaxToolDenialsSupport/no_max-tool-denials
=== CONT  TestActionsLockJSONFieldsAreSorted/pkg_workflow_actions_lock
=== CONT  TestValidateMaxToolDenialsSupport/copilot_without_sdk_rejects_max-tool-denials
=== CONT  TestValidateMaxToolDenialsSupport/non-copilot_rejects_max-tool-denials
=== CONT  TestValidateMaxToolDenialsSupport/copilot_sdk_with_max-tool-denials
--- PASS: TestValidateMaxToolDenialsSupport (0.00s)
    --- PASS: TestValidateMaxToolDenialsSupport/no_max-tool-denials (0.00s)
    --- PASS: TestValidateMaxToolDenialsSupport/copilot_without_sdk_rejects_max-tool-denials (0.00s)
    --- PASS: TestValidateMaxToolDenialsSupport/non-copilot_rejects_max-tool-denials (0.00s)
    --- PASS: TestValidateMaxToolDenialsSupport/copilot_sdk_with_max-tool-denials (0.00s)
=== CONT  TestModelNotSupportedErrorInConclusionJob/copilot
--- PASS: TestBuildCustomJobsTimeoutMinutesInvalidStringViaWorkflowData (0.00s)
=== CONT  TestModelNotSupportedErrorDetectionStep/copilot
--- PASS: TestActionsLockJSONFieldsAreSorted (0.00s)
    --- PASS: TestActionsLockJSONFieldsAreSorted/pkg_workflow_actions_lock (0.00s)
    --- PASS: TestActionsLockJSONFieldsAreSorted/root_actions_lock (0.00s)
=== CONT  TestModelNotSupportedErrorInConclusionJob/claude
/tmp/gh-aw-test-runs/20260704-173215-1254793/test-model-not-supported-711032210/test-workflow.md: info: Tip: set permissions.copilot-requests: write to use GitHub Actions token-based inference with the Copilot engine instead of a personal access token (COPILOT_GITHUB_TOKEN). This option requires that your organization has centralized Copilot billing enabled and may not be available in all organizations — see https://github.github.com/gh-aw/reference/billing/ for details.

/tmp/gh-aw-test-runs/20260704-173215-1254793/test-model-not-supported-2434765395/test-workflow.md: info: Tip: set permissions.copilot-requests: write to use GitHub Actions token-based inference with the Copilot engine instead of a personal access token (COPILOT_GITHUB_TOKEN). This option requires that your organization has centralized Copilot billing enabled and may not be available in all organizations — see https://github.github.com/gh-aw/reference/billing/ for details.

/tmp/gh-aw-test-runs/20260704-173215-1254793/test-model-not-supported-1554431364/test-workflow.md: info: Tip: set permissions.copilot-requests: write to use GitHub Actions token-based inference with the Copilot engine instead of a personal access token (COPILOT_GITHUB_TOKEN). This option requires that your organization has centralized Copilot billing enabled and may not be available in all organizations — see https://github.github.com/gh-aw/reference/billing/ for details.

✓ /tmp/gh-aw-test-runs/20260704-173215-1254793/test-model-not-supported-711032210/test-workflow.md (77.1 KB)
--- PASS: TestUnknownModelAICreditsOutput (0.01s)
=== CONT  TestModelNotSupportedErrorDetectionStep/claude
✓ /tmp/gh-aw-test-runs/20260704-173215-1254793/test-model-not-supported-1554431364/test-workflow.md (77.1 KB)
=== CONT  TestModelNotSupportedErrorInConclusionJob/codex
/tmp/gh-aw-test-runs/20260704-173215-1254793/test-model-not-supported-743774018/test-workflow.md: warning: safe update mode detected unapproved changes

New restricted secret(s):
  - ANTHROPIC_API_KEY

Remediation options:
  1. Use the --approve flag to allow the changes.
  2. Revert the unapproved changes.
  3. Use an interactive coding agent to review and approve the changes.

✓ /tmp/gh-aw-test-runs/20260704-173215-1254793/test-model-not-supported-743774018/test-workflow.md (103.4 KB)
=== CONT  TestModelNotSupportedErrorDetectionStep/codex
✓ /tmp/gh-aw-test-runs/20260704-173215-1254793/test-model-not-supported-2434765395/test-workflow.md (99.0 KB)
/tmp/gh-aw-test-runs/20260704-173215-1254793/test-model-not-supported-2170038746/test-workflow.md: warning: safe update mode detected unapproved changes

New restricted secret(s):
  - ANTHROPIC_API_KEY

Remediation options:
  1. Use the --approve flag to allow the changes.
  2. Revert the unapproved changes.
  3. Use an interactive coding agent to review and approve the changes.

✓ /tmp/gh-aw-test-runs/20260704-173215-1254793/test-model-not-supported-2170038746/test-workflow.md (80.9 KB)
/tmp/gh-aw-test-runs/20260704-173215-1254793/test-model-not-supported-2280926550/test-workflow.md: warning: safe update mode detected unapproved changes

New restricted secret(s):
  - CODEX_API_KEY
  - OPENAI_API_KEY

Remediation options:
  1. Use the --approve flag to allow the changes.
  2. Revert the unapproved changes.
  3. Use an interactive coding agent to review and approve the changes.

✓ /tmp/gh-aw-test-runs/20260704-173215-1254793/test-model-not-supported-2280926550/test-workflow.md (105.8 KB)
--- PASS: TestModelNotSupportedErrorInConclusionJob (0.00s)
    --- PASS: TestModelNotSupportedErrorInConclusionJob/claude (0.02s)
    --- PASS: TestModelNotSupportedErrorInConclusionJob/copilot (0.02s)
    --- PASS: TestModelNotSupportedErrorInConclusionJob/codex (0.01s)
/tmp/gh-aw-test-runs/20260704-173215-1254793/test-model-not-supported-2199899883/test-workflow.md: warning: safe update mode detected unapproved changes

New restricted secret(s):
  - CODEX_API_KEY
  - OPENAI_API_KEY

Remediation options:
  1. Use the --approve flag to allow the changes.
  2. Revert the unapproved changes.
  3. Use an interactive coding agent to review and approve the changes.

✓ /tmp/gh-aw-test-runs/20260704-173215-1254793/test-model-not-supported-2199899883/test-workflow.md (79.2 KB)
--- PASS: TestModelNotSupportedErrorDetectionStep (0.00s)
    --- PASS: TestModelNotSupportedErrorDetectionStep/copilot (0.01s)
    --- PASS: TestModelNotSupportedErrorDetectionStep/claude (0.01s)
    --- PASS: TestModelNotSupportedErrorDetectionStep/codex (0.01s)
=== RUN   FuzzExtractTerminalSubExpressions
=== RUN   FuzzExtractTerminalSubExpressions/seed#0
=== RUN   FuzzExtractTerminalSubExpressions/seed#1
=== RUN   FuzzExtractTerminalSubExpressions/seed#2
=== RUN   FuzzExtractTerminalSubExpressions/seed#3
=== RUN   FuzzExtractTerminalSubExpressions/seed#4
=== RUN   FuzzExtractTerminalSubExpressions/seed#5
=== RUN   FuzzExtractTerminalSubExpressions/seed#6
=== RUN   FuzzExtractTerminalSubExpressions/seed#7
=== RUN   FuzzExtractTerminalSubExpressions/seed#8
=== RUN   FuzzExtractTerminalSubExpressions/seed#9
=== RUN   FuzzExtractTerminalSubExpressions/seed#10
=== RUN   FuzzExtractTerminalSubExpressions/seed#11
=== RUN   FuzzExtractTerminalSubExpressions/seed#12
=== RUN   FuzzExtractTerminalSubExpressions/seed#13
=== RUN   FuzzExtractTerminalSubExpressions/seed#14
=== RUN   FuzzExtractTerminalSubExpressions/seed#15
=== RUN   FuzzExtractTerminalSubExpressions/seed#16
=== RUN   FuzzExtractTerminalSubExpressions/seed#17
=== RUN   FuzzExtractTerminalSubExpressions/seed#18
=== RUN   FuzzExtractTerminalSubExpressions/seed#19
=== RUN   FuzzExtractTerminalSubExpressions/seed#20
=== RUN   FuzzExtractTerminalSubExpressions/seed#21
=== RUN   FuzzExtractTerminalSubExpressions/seed#22
=== RUN   FuzzExtractTerminalSubExpressions/seed#23
=== RUN   FuzzExtractTerminalSubExpressions/seed#24
=== RUN   FuzzExtractTerminalSubExpressions/seed#25
=== RUN   FuzzExtractTerminalSubExpressions/seed#26
=== RUN   FuzzExtractTerminalSubExpressions/seed#27
=== RUN   FuzzExtractTerminalSubExpressions/seed#28
=== RUN   FuzzExtractTerminalSubExpressions/seed#29
=== RUN   FuzzExtractTerminalSubExpressions/seed#30
--- PASS: FuzzExtractTerminalSubExpressions (0.00s)
    --- PASS: FuzzExtractTerminalSubExpressions/seed#0 (0.00s)
    --- PASS: FuzzExtractTerminalSubExpressions/seed#1 (0.00s)
    --- PASS: FuzzExtractTerminalSubExpressions/seed#2 (0.00s)
    --- PASS: FuzzExtractTerminalSubExpressions/seed#3 (0.00s)
    --- PASS: FuzzExtractTerminalSubExpressions/seed#4 (0.00s)
    --- PASS: FuzzExtractTerminalSubExpressions/seed#5 (0.00s)
    --- PASS: FuzzExtractTerminalSubExpressions/seed#6 (0.00s)
    --- PASS: FuzzExtractTerminalSubExpressions/seed#7 (0.00s)
    --- PASS: FuzzExtractTerminalSubExpressions/seed#8 (0.00s)
    --- PASS: FuzzExtractTerminalSubExpressions/seed#9 (0.00s)
    --- PASS: FuzzExtractTerminalSubExpressions/seed#10 (0.00s)
    --- PASS: FuzzExtractTerminalSubExpressions/seed#11 (0.00s)
    --- PASS: FuzzExtractTerminalSubExpressions/seed#12 (0.00s)
    --- PASS: FuzzExtractTerminalSubExpressions/seed#13 (0.00s)
    --- PASS: FuzzExtractTerminalSubExpressions/seed#14 (0.00s)
    --- PASS: FuzzExtractTerminalSubExpressions/seed#15 (0.00s)
    --- PASS: FuzzExtractTerminalSubExpressions/seed#16 (0.00s)
    --- PASS: FuzzExtractTerminalSubExpressions/seed#17 (0.00s)
    --- PASS: FuzzExtractTerminalSubExpressions/seed#18 (0.00s)
    --- PASS: FuzzExtractTerminalSubExpressions/seed#19 (0.00s)
    --- PASS: FuzzExtractTerminalSubExpressions/seed#20 (0.00s)
    --- PASS: FuzzExtractTerminalSubExpressions/seed#21 (0.00s)
    --- PASS: FuzzExtractTerminalSubExpressions/seed#22 (0.00s)
    --- PASS: FuzzExtractTerminalSubExpressions/seed#23 (0.00s)
    --- PASS: FuzzExtractTerminalSubExpressions/seed#24 (0.00s)
    --- PASS: FuzzExtractTerminalSubExpressions/seed#25 (0.00s)
    --- PASS: FuzzExtractTerminalSubExpressions/seed#26 (0.00s)
    --- PASS: FuzzExtractTerminalSubExpressions/seed#27 (0.00s)
    --- PASS: FuzzExtractTerminalSubExpressions/seed#28 (0.00s)
    --- PASS: FuzzExtractTerminalSubExpressions/seed#29 (0.00s)
    --- PASS: FuzzExtractTerminalSubExpressions/seed#30 (0.00s)
=== RUN   FuzzRenderExpressions
=== RUN   FuzzRenderExpressions/seed#0
=== RUN   FuzzRenderExpressions/seed#1
=== RUN   FuzzRenderExpressions/seed#2
=== RUN   FuzzRenderExpressions/seed#3
=== RUN   FuzzRenderExpressions/seed#4
=== RUN   FuzzRenderExpressions/seed#5
=== RUN   FuzzRenderExpressions/seed#6
=== RUN   FuzzRenderExpressions/seed#7
=== RUN   FuzzRenderExpressions/seed#8
=== RUN   FuzzRenderExpressions/seed#9
=== RUN   FuzzRenderExpressions/seed#10
=== RUN   FuzzRenderExpressions/seed#11
=== RUN   FuzzRenderExpressions/seed#12
⚠ Deprecated expression ${{ needs.activation.outputs.text }}: use ${{ steps.sanitized.outputs.text }} instead.
=== RUN   FuzzRenderExpressions/seed#13
⚠ Deprecated expression ${{ needs.activation.outputs.text || 'default' }}: use ${{ steps.sanitized.outputs.text || 'default' }} instead.
=== RUN   FuzzRenderExpressions/seed#14
=== RUN   FuzzRenderExpressions/seed#15
=== RUN   FuzzRenderExpressions/seed#16
--- PASS: FuzzRenderExpressions (0.00s)
    --- PASS: FuzzRenderExpressions/seed#0 (0.00s)
    --- PASS: FuzzRenderExpressions/seed#1 (0.00s)
    --- PASS: FuzzRenderExpressions/seed#2 (0.00s)
    --- PASS: FuzzRenderExpressions/seed#3 (0.00s)
    --- PASS: FuzzRenderExpressions/seed#4 (0.00s)
    --- PASS: FuzzRenderExpressions/seed#5 (0.00s)
    --- PASS: FuzzRenderExpressions/seed#6 (0.00s)
    --- PASS: FuzzRenderExpressions/seed#7 (0.00s)
    --- PASS: FuzzRenderExpressions/seed#8 (0.00s)
    --- PASS: FuzzRenderExpressions/seed#9 (0.00s)
    --- PASS: FuzzRenderExpressions/seed#10 (0.00s)
    --- PASS: FuzzRenderExpressions/seed#11 (0.00s)
    --- PASS: FuzzRenderExpressions/seed#12 (0.00s)
    --- PASS: FuzzRenderExpressions/seed#13 (0.00s)
    --- PASS: FuzzRenderExpressions/seed#14 (0.00s)
    --- PASS: FuzzRenderExpressions/seed#15 (0.00s)
    --- PASS: FuzzRenderExpressions/seed#16 (0.00s)
=== RUN   FuzzExtractExpressions
=== RUN   FuzzExtractExpressions/seed#0
=== RUN   FuzzExtractExpressions/seed#1
=== RUN   FuzzExtractExpressions/seed#2
=== RUN   FuzzExtractExpressions/seed#3
=== RUN   FuzzExtractExpressions/seed#4
=== RUN   FuzzExtractExpressions/seed#5
=== RUN   FuzzExtractExpressions/seed#6
=== RUN   FuzzExtractExpressions/seed#7
=== RUN   FuzzExtractExpressions/seed#8
=== RUN   FuzzExtractExpressions/seed#9
=== RUN   FuzzExtractExpressions/seed#10
=== RUN   FuzzExtractExpressions/seed#11
=== RUN   FuzzExtractExpressions/seed#12
=== RUN   FuzzExtractExpressions/seed#13
=== RUN   FuzzExtractExpressions/seed#14
⚠ Deprecated expression ${{ needs.activation.outputs.text }}: use ${{ steps.sanitized.outputs.text }} instead.
=== RUN   FuzzExtractExpressions/seed#15
⚠ Deprecated expression ${{ needs.activation.outputs.text || 'default' }}: use ${{ steps.sanitized.outputs.text || 'default' }} instead.
=== RUN   FuzzExtractExpressions/seed#16
=== RUN   FuzzExtractExpressions/seed#17
=== RUN   FuzzExtractExpressions/seed#18
=== RUN   FuzzExtractExpressions/seed#19
=== RUN   FuzzExtractExpressions/seed#20
--- PASS: FuzzExtractExpressions (0.00s)
    --- PASS: FuzzExtractExpressions/seed#0 (0.00s)
    --- PASS: FuzzExtractExpressions/seed#1 (0.00s)
    --- PASS: FuzzExtractExpressions/seed#2 (0.00s)
    --- PASS: FuzzExtractExpressions/seed#3 (0.00s)
    --- PASS: FuzzExtractExpressions/seed#4 (0.00s)
    --- PASS: FuzzExtractExpressions/seed#5 (0.00s)
    --- PASS: FuzzExtractExpressions/seed#6 (0.00s)
    --- PASS: FuzzExtractExpressions/seed#7 (0.00s)
    --- PASS: FuzzExtractExpressions/seed#8 (0.00s)
    --- PASS: FuzzExtractExpressions/seed#9 (0.00s)
    --- PASS: FuzzExtractExpressions/seed#10 (0.00s)
    --- PASS: FuzzExtractExpressions/seed#11 (0.00s)
    --- PASS: FuzzExtractExpressions/seed#12 (0.00s)
    --- PASS: FuzzExtractExpressions/seed#13 (0.00s)
    --- PASS: FuzzExtractExpressions/seed#14 (0.00s)
    --- PASS: FuzzExtractExpressions/seed#15 (0.00s)
    --- PASS: FuzzExtractExpressions/seed#16 (0.00s)
    --- PASS: FuzzExtractExpressions/seed#17 (0.00s)
    --- PASS: FuzzExtractExpressions/seed#18 (0.00s)
    --- PASS: FuzzExtractExpressions/seed#19 (0.00s)
    --- PASS: FuzzExtractExpressions/seed#20 (0.00s)
=== RUN   FuzzExpressionParser
=== RUN   FuzzExpressionParser/seed#0
=== RUN   FuzzExpressionParser/seed#1
=== RUN   FuzzExpressionParser/seed#2
=== RUN   FuzzExpressionParser/seed#3
=== RUN   FuzzExpressionParser/seed#4
=== RUN   FuzzExpressionParser/seed#5
=== RUN   FuzzExpressionParser/seed#6
=== RUN   FuzzExpressionParser/seed#7
=== RUN   FuzzExpressionParser/seed#8
=== RUN   FuzzExpressionParser/seed#9
=== RUN   FuzzExpressionParser/seed#10
=== RUN   FuzzExpressionParser/seed#11
=== RUN   FuzzExpressionParser/seed#12
=== RUN   FuzzExpressionParser/seed#13
=== RUN   FuzzExpressionParser/seed#14
=== RUN   FuzzExpressionParser/seed#15
=== RUN   FuzzExpressionParser/seed#16
=== RUN   FuzzExpressionParser/seed#17
=== RUN   FuzzExpressionParser/seed#18
=== RUN   FuzzExpressionParser/seed#19
=== RUN   FuzzExpressionParser/seed#20
=== RUN   FuzzExpressionParser/seed#21
=== RUN   FuzzExpressionParser/seed#22
=== RUN   FuzzExpressionParser/seed#23
=== RUN   FuzzExpressionParser/seed#24
=== RUN   FuzzExpressionParser/seed#25
=== RUN   FuzzExpressionParser/seed#26
=== RUN   FuzzExpressionParser/seed#27
=== RUN   FuzzExpressionParser/seed#28
=== RUN   FuzzExpressionParser/seed#29
=== RUN   FuzzExpressionParser/seed#30
=== RUN   FuzzExpressionParser/seed#31
=== RUN   FuzzExpressionParser/seed#32
=== RUN   FuzzExpressionParser/seed#33
=== RUN   FuzzExpressionParser/seed#34
=== RUN   FuzzExpressionParser/seed#35
=== RUN   FuzzExpressionParser/seed#36
=== RUN   FuzzExpressionParser/seed#37
=== RUN   FuzzExpressionParser/seed#38
=== RUN   FuzzExpressionParser/seed#39
=== RUN   FuzzExpressionParser/seed#40
=== RUN   FuzzExpressionParser/seed#41
=== RUN   FuzzExpressionParser/seed#42
=== RUN   FuzzExpressionParser/seed#43
=== RUN   FuzzExpressionParser/seed#44
=== RUN   FuzzExpressionParser/seed#45
=== RUN   FuzzExpressionParser/seed#46
=== RUN   FuzzExpressionParser/seed#47
=== RUN   FuzzExpressionParser/seed#48
=== RUN   FuzzExpressionParser/seed#49
=== RUN   FuzzExpressionParser/seed#50
=== RUN   FuzzExpressionParser/seed#51
=== RUN   FuzzExpressionParser/seed#52
=== RUN   FuzzExpressionParser/seed#53
=== RUN   FuzzExpressionParser/seed#54
=== RUN   FuzzExpressionParser/seed#55
=== RUN   FuzzExpressionParser/seed#56
=== RUN   FuzzExpressionParser/seed#57
=== RUN   FuzzExpressionParser/seed#58
=== RUN   FuzzExpressionParser/seed#59
=== RUN   FuzzExpressionParser/seed#60
=== RUN   FuzzExpressionParser/seed#61
=== RUN   FuzzExpressionParser/seed#62
=== RUN   FuzzExpressionParser/seed#63
=== RUN   FuzzExpressionParser/seed#64
=== RUN   FuzzExpressionParser/seed#65
=== RUN   FuzzExpressionParser/seed#66
=== RUN   FuzzExpressionParser/seed#67
--- PASS: FuzzExpressionParser (0.01s)
    --- PASS: FuzzExpressionParser/seed#0 (0.00s)
    --- PASS: FuzzExpressionParser/seed#1 (0.00s)
    --- PASS: FuzzExpressionParser/seed#2 (0.00s)
    --- PASS: FuzzExpressionParser/seed#3 (0.00s)
    --- PASS: FuzzExpressionParser/seed#4 (0.00s)
    --- PASS: FuzzExpressionParser/seed#5 (0.00s)
    --- PASS: FuzzExpressionParser/seed#6 (0.00s)
    --- PASS: FuzzExpressionParser/seed#7 (0.00s)
    --- PASS: FuzzExpressionParser/seed#8 (0.00s)
    --- PASS: FuzzExpressionParser/seed#9 (0.00s)
    --- PASS: FuzzExpressionParser/seed#10 (0.00s)
    --- PASS: FuzzExpressionParser/seed#11 (0.00s)
    --- PASS: FuzzExpressionParser/seed#12 (0.00s)
    --- PASS: FuzzExpressionParser/seed#13 (0.00s)
    --- PASS: FuzzExpressionParser/seed#14 (0.00s)
    --- PASS: FuzzExpressionParser/seed#15 (0.00s)
    --- PASS: FuzzExpressionParser/seed#16 (0.00s)
    --- PASS: FuzzExpressionParser/seed#17 (0.00s)
    --- PASS: FuzzExpressionParser/seed#18 (0.00s)
    --- PASS: FuzzExpressionParser/seed#19 (0.00s)
    --- PASS: FuzzExpressionParser/seed#20 (0.00s)
    --- PASS: FuzzExpressionParser/seed#21 (0.00s)
    --- PASS: FuzzExpressionParser/seed#22 (0.00s)
    --- PASS: FuzzExpressionParser/seed#23 (0.00s)
    --- PASS: FuzzExpressionParser/seed#24 (0.00s)
    --- PASS: FuzzExpressionParser/seed#25 (0.00s)
    --- PASS: FuzzExpressionParser/seed#26 (0.00s)
    --- PASS: FuzzExpressionParser/seed#27 (0.00s)
    --- PASS: FuzzExpressionParser/seed#28 (0.00s)
    --- PASS: FuzzExpressionParser/seed#29 (0.00s)
    --- PASS: FuzzExpressionParser/seed#30 (0.00s)
    --- PASS: FuzzExpressionParser/seed#31 (0.00s)
    --- PASS: FuzzExpressionParser/seed#32 (0.00s)
    --- PASS: FuzzExpressionParser/seed#33 (0.00s)
    --- PASS: FuzzExpressionParser/seed#34 (0.00s)
    --- PASS: FuzzExpressionParser/seed#35 (0.00s)
    --- PASS: FuzzExpressionParser/seed#36 (0.00s)
    --- PASS: FuzzExpressionParser/seed#37 (0.00s)
    --- PASS: FuzzExpressionParser/seed#38 (0.00s)
    --- PASS: FuzzExpressionParser/seed#39 (0.00s)
    --- PASS: FuzzExpressionParser/seed#40 (0.00s)
    --- PASS: FuzzExpressionParser/seed#41 (0.00s)
    --- PASS: FuzzExpressionParser/seed#42 (0.00s)
    --- PASS: FuzzExpressionParser/seed#43 (0.00s)
    --- PASS: FuzzExpressionParser/seed#44 (0.00s)
    --- PASS: FuzzExpressionParser/seed#45 (0.00s)
    --- PASS: FuzzExpressionParser/seed#46 (0.00s)
    --- PASS: FuzzExpressionParser/seed#47 (0.00s)
    --- PASS: FuzzExpressionParser/seed#48 (0.00s)
    --- PASS: FuzzExpressionParser/seed#49 (0.00s)
    --- PASS: FuzzExpressionParser/seed#50 (0.00s)
    --- PASS: FuzzExpressionParser/seed#51 (0.00s)
    --- PASS: FuzzExpressionParser/seed#52 (0.00s)
    --- PASS: FuzzExpressionParser/seed#53 (0.00s)
    --- PASS: FuzzExpressionParser/seed#54 (0.00s)
    --- PASS: FuzzExpressionParser/seed#55 (0.00s)
    --- PASS: FuzzExpressionParser/seed#56 (0.00s)
    --- PASS: FuzzExpressionParser/seed#57 (0.00s)
    --- PASS: FuzzExpressionParser/seed#58 (0.00s)
    --- PASS: FuzzExpressionParser/seed#59 (0.00s)
    --- PASS: FuzzExpressionParser/seed#60 (0.00s)
    --- PASS: FuzzExpressionParser/seed#61 (0.00s)
    --- PASS: FuzzExpressionParser/seed#62 (0.00s)
    --- PASS: FuzzExpressionParser/seed#63 (0.00s)
    --- PASS: FuzzExpressionParser/seed#64 (0.00s)
    --- PASS: FuzzExpressionParser/seed#65 (0.00s)
    --- PASS: FuzzExpressionParser/seed#66 (0.00s)
    --- PASS: FuzzExpressionParser/seed#67 (0.00s)
=== RUN   FuzzCommentOutProcessedFieldsInOnSectionTopLevelLabels
=== RUN   FuzzCommentOutProcessedFieldsInOnSectionTopLevelLabels/seed#0
=== RUN   FuzzCommentOutProcessedFieldsInOnSectionTopLevelLabels/seed#1
=== RUN   FuzzCommentOutProcessedFieldsInOnSectionTopLevelLabels/seed#2
--- PASS: FuzzCommentOutProcessedFieldsInOnSectionTopLevelLabels (0.00s)
    --- PASS: FuzzCommentOutProcessedFieldsInOnSectionTopLevelLabels/seed#0 (0.00s)
    --- PASS: FuzzCommentOutProcessedFieldsInOnSectionTopLevelLabels/seed#1 (0.00s)
    --- PASS: FuzzCommentOutProcessedFieldsInOnSectionTopLevelLabels/seed#2 (0.00s)
=== RUN   FuzzCommentOutProcessedFieldsInOnSectionNoTopLevelLabels
=== RUN   FuzzCommentOutProcessedFieldsInOnSectionNoTopLevelLabels/seed#0
=== RUN   FuzzCommentOutProcessedFieldsInOnSectionNoTopLevelLabels/seed#1
--- PASS: FuzzCommentOutProcessedFieldsInOnSectionNoTopLevelLabels (0.00s)
    --- PASS: FuzzCommentOutProcessedFieldsInOnSectionNoTopLevelLabels/seed#0 (0.00s)
    --- PASS: FuzzCommentOutProcessedFieldsInOnSectionNoTopLevelLabels/seed#1 (0.00s)
=== RUN   FuzzParseLabelTriggerShorthand
=== RUN   FuzzParseLabelTriggerShorthand/seed#0
=== RUN   FuzzParseLabelTriggerShorthand/seed#1
=== RUN   FuzzParseLabelTriggerShorthand/seed#2
=== RUN   FuzzParseLabelTriggerShorthand/seed#3
=== RUN   FuzzParseLabelTriggerShorthand/seed#4
=== RUN   FuzzParseLabelTriggerShorthand/seed#5
=== RUN   FuzzParseLabelTriggerShorthand/seed#6
=== RUN   FuzzParseLabelTriggerShorthand/seed#7
=== RUN   FuzzParseLabelTriggerShorthand/seed#8
=== RUN   FuzzParseLabelTriggerShorthand/seed#9
=== RUN   FuzzParseLabelTriggerShorthand/seed#10
=== RUN   FuzzParseLabelTriggerShorthand/seed#11
=== RUN   FuzzParseLabelTriggerShorthand/seed#12
=== RUN   FuzzParseLabelTriggerShorthand/seed#13
=== RUN   FuzzParseLabelTriggerShorthand/seed#14
=== RUN   FuzzParseLabelTriggerShorthand/seed#15
=== RUN   FuzzParseLabelTriggerShorthand/seed#16
=== RUN   FuzzParseLabelTriggerShorthand/seed#17
--- PASS: FuzzParseLabelTriggerShorthand (0.00s)
    --- PASS: FuzzParseLabelTriggerShorthand/seed#0 (0.00s)
    --- PASS: FuzzParseLabelTriggerShorthand/seed#1 (0.00s)
    --- PASS: FuzzParseLabelTriggerShorthand/seed#2 (0.00s)
    --- PASS: FuzzParseLabelTriggerShorthand/seed#3 (0.00s)
    --- PASS: FuzzParseLabelTriggerShorthand/seed#4 (0.00s)
    --- PASS: FuzzParseLabelTriggerShorthand/seed#5 (0.00s)
    --- PASS: FuzzParseLabelTriggerShorthand/seed#6 (0.00s)
    --- PASS: FuzzParseLabelTriggerShorthand/seed#7 (0.00s)
    --- PASS: FuzzParseLabelTriggerShorthand/seed#8 (0.00s)
    --- PASS: FuzzParseLabelTriggerShorthand/seed#9 (0.00s)
    --- PASS: FuzzParseLabelTriggerShorthand/seed#10 (0.00s)
    --- PASS: FuzzParseLabelTriggerShorthand/seed#11 (0.00s)
    --- PASS: FuzzParseLabelTriggerShorthand/seed#12 (0.00s)
    --- PASS: FuzzParseLabelTriggerShorthand/seed#13 (0.00s)
    --- PASS: FuzzParseLabelTriggerShorthand/seed#14 (0.00s)
    --- PASS: FuzzParseLabelTriggerShorthand/seed#15 (0.00s)
    --- PASS: FuzzParseLabelTriggerShorthand/seed#16 (0.00s)
    --- PASS: FuzzParseLabelTriggerShorthand/seed#17 (0.00s)
=== RUN   FuzzExpandLabelTriggerShorthand
=== RUN   FuzzExpandLabelTriggerShorthand/seed#0
=== RUN   FuzzExpandLabelTriggerShorthand/seed#1
=== RUN   FuzzExpandLabelTriggerShorthand/seed#2
=== RUN   FuzzExpandLabelTriggerShorthand/seed#3
=== RUN   FuzzExpandLabelTriggerShorthand/seed#4
=== RUN   FuzzExpandLabelTriggerShorthand/seed#5
--- PASS: FuzzExpandLabelTriggerShorthand (0.00s)
    --- PASS: FuzzExpandLabelTriggerShorthand/seed#0 (0.00s)
    --- PASS: FuzzExpandLabelTriggerShorthand/seed#1 (0.00s)
    --- PASS: FuzzExpandLabelTriggerShorthand/seed#2 (0.00s)
    --- PASS: FuzzExpandLabelTriggerShorthand/seed#3 (0.00s)
    --- PASS: FuzzExpandLabelTriggerShorthand/seed#4 (0.00s)
    --- PASS: FuzzExpandLabelTriggerShorthand/seed#5 (0.00s)
=== RUN   FuzzMarkdownCodeRegionBalancer
=== RUN   FuzzMarkdownCodeRegionBalancer/seed#0
=== RUN   FuzzMarkdownCodeRegionBalancer/seed#1
=== RUN   FuzzMarkdownCodeRegionBalancer/seed#2
=== RUN   FuzzMarkdownCodeRegionBalancer/seed#3
=== RUN   FuzzMarkdownCodeRegionBalancer/seed#4
=== RUN   FuzzMarkdownCodeRegionBalancer/seed#5
=== RUN   FuzzMarkdownCodeRegionBalancer/seed#6
=== RUN   FuzzMarkdownCodeRegionBalancer/seed#7
=== RUN   FuzzMarkdownCodeRegionBalancer/seed#8
=== RUN   FuzzMarkdownCodeRegionBalancer/seed#9
=== RUN   FuzzMarkdownCodeRegionBalancer/seed#10
=== RUN   FuzzMarkdownCodeRegionBalancer/seed#11
=== RUN   FuzzMarkdownCodeRegionBalancer/seed#12
=== RUN   FuzzMarkdownCodeRegionBalancer/seed#13
=== RUN   FuzzMarkdownCodeRegionBalancer/seed#14
=== RUN   FuzzMarkdownCodeRegionBalancer/seed#15
=== RUN   FuzzMarkdownCodeRegionBalancer/seed#16
=== RUN   FuzzMarkdownCodeRegionBalancer/seed#17
=== RUN   FuzzMarkdownCodeRegionBalancer/seed#18
=== RUN   FuzzMarkdownCodeRegionBalancer/seed#19
=== RUN   FuzzMarkdownCodeRegionBalancer/seed#20
=== RUN   FuzzMarkdownCodeRegionBalancer/seed#21
=== RUN   FuzzMarkdownCodeRegionBalancer/seed#22
=== RUN   FuzzMarkdownCodeRegionBalancer/seed#23
=== RUN   FuzzMarkdownCodeRegionBalancer/seed#24
=== RUN   FuzzMarkdownCodeRegionBalancer/seed#25
=== RUN   FuzzMarkdownCodeRegionBalancer/seed#26
=== RUN   FuzzMarkdownCodeRegionBalancer/seed#27
=== RUN   FuzzMarkdownCodeRegionBalancer/seed#28
=== RUN   FuzzMarkdownCodeRegionBalancer/seed#29
=== RUN   FuzzMarkdownCodeRegionBalancer/seed#30
=== RUN   FuzzMarkdownCodeRegionBalancer/seed#31
=== RUN   FuzzMarkdownCodeRegionBalancer/seed#32
=== RUN   FuzzMarkdownCodeRegionBalancer/seed#33
=== RUN   FuzzMarkdownCodeRegionBalancer/seed#34
=== RUN   FuzzMarkdownCodeRegionBalancer/seed#35
=== RUN   FuzzMarkdownCodeRegionBalancer/seed#36
=== RUN   FuzzMarkdownCodeRegionBalancer/seed#37
=== RUN   FuzzMarkdownCodeRegionBalancer/seed#38
=== RUN   FuzzMarkdownCodeRegionBalancer/seed#39
--- PASS: FuzzMarkdownCodeRegionBalancer (1.66s)
    --- PASS: FuzzMarkdownCodeRegionBalancer/seed#0 (0.04s)
    --- PASS: FuzzMarkdownCodeRegionBalancer/seed#1 (0.04s)
    --- PASS: FuzzMarkdownCodeRegionBalancer/seed#2 (0.04s)
    --- PASS: FuzzMarkdownCodeRegionBalancer/seed#3 (0.04s)
    --- PASS: FuzzMarkdownCodeRegionBalancer/seed#4 (0.04s)
    --- PASS: FuzzMarkdownCodeRegionBalancer/seed#5 (0.04s)
    --- PASS: FuzzMarkdownCodeRegionBalancer/seed#6 (0.04s)
    --- PASS: FuzzMarkdownCodeRegionBalancer/seed#7 (0.04s)
    --- PASS: FuzzMarkdownCodeRegionBalancer/seed#8 (0.04s)
    --- PASS: FuzzMarkdownCodeRegionBalancer/seed#9 (0.04s)
    --- PASS: FuzzMarkdownCodeRegionBalancer/seed#10 (0.04s)
    --- PASS: FuzzMarkdownCodeRegionBalancer/seed#11 (0.04s)
    --- PASS: FuzzMarkdownCodeRegionBalancer/seed#12 (0.04s)
    --- PASS: FuzzMarkdownCodeRegionBalancer/seed#13 (0.04s)
    --- PASS: FuzzMarkdownCodeRegionBalancer/seed#14 (0.04s)
    --- PASS: FuzzMarkdownCodeRegionBalancer/seed#15 (0.04s)
    --- PASS: FuzzMarkdownCodeRegionBalancer/seed#16 (0.04s)
    --- PASS: FuzzMarkdownCodeRegionBalancer/seed#17 (0.04s)
    --- PASS: FuzzMarkdownCodeRegionBalancer/seed#18 (0.04s)
    --- PASS: FuzzMarkdownCodeRegionBalancer/seed#19 (0.04s)
    --- PASS: FuzzMarkdownCodeRegionBalancer/seed#20 (0.04s)
    --- PASS: FuzzMarkdownCodeRegionBalancer/seed#21 (0.04s)
    --- PASS: FuzzMarkdownCodeRegionBalancer/seed#22 (0.04s)
    --- PASS: FuzzMarkdownCodeRegionBalancer/seed#23 (0.04s)
    --- PASS: FuzzMarkdownCodeRegionBalancer/seed#24 (0.04s)
    --- PASS: FuzzMarkdownCodeRegionBalancer/seed#25 (0.04s)
    --- PASS: FuzzMarkdownCodeRegionBalancer/seed#26 (0.04s)
    --- PASS: FuzzMarkdownCodeRegionBalancer/seed#27 (0.04s)
    --- PASS: FuzzMarkdownCodeRegionBalancer/seed#28 (0.04s)
    --- PASS: FuzzMarkdownCodeRegionBalancer/seed#29 (0.04s)
    --- PASS: FuzzMarkdownCodeRegionBalancer/seed#30 (0.04s)
    --- PASS: FuzzMarkdownCodeRegionBalancer/seed#31 (0.04s)
    --- PASS: FuzzMarkdownCodeRegionBalancer/seed#32 (0.04s)
    --- PASS: FuzzMarkdownCodeRegionBalancer/seed#33 (0.04s)
    --- PASS: FuzzMarkdownCodeRegionBalancer/seed#34 (0.04s)
    --- PASS: FuzzMarkdownCodeRegionBalancer/seed#35 (0.04s)
    --- PASS: FuzzMarkdownCodeRegionBalancer/seed#36 (0.04s)
    --- PASS: FuzzMarkdownCodeRegionBalancer/seed#37 (0.04s)
    --- PASS: FuzzMarkdownCodeRegionBalancer/seed#38 (0.04s)
    --- PASS: FuzzMarkdownCodeRegionBalancer/seed#39 (0.04s)
=== RUN   FuzzMentionsFiltering
=== RUN   FuzzMentionsFiltering/seed#0
=== RUN   FuzzMentionsFiltering/seed#1
=== RUN   FuzzMentionsFiltering/seed#2
=== RUN   FuzzMentionsFiltering/seed#3
=== RUN   FuzzMentionsFiltering/seed#4
=== RUN   FuzzMentionsFiltering/seed#5
=== RUN   FuzzMentionsFiltering/seed#6
=== RUN   FuzzMentionsFiltering/seed#7
=== RUN   FuzzMentionsFiltering/seed#8
=== RUN   FuzzMentionsFiltering/seed#9
=== RUN   FuzzMentionsFiltering/seed#10
=== RUN   FuzzMentionsFiltering/seed#11
=== RUN   FuzzMentionsFiltering/seed#12
=== RUN   FuzzMentionsFiltering/seed#13
=== RUN   FuzzMentionsFiltering/seed#14
=== RUN   FuzzMentionsFiltering/seed#15
=== RUN   FuzzMentionsFiltering/seed#16
=== RUN   FuzzMentionsFiltering/seed#17
=== RUN   FuzzMentionsFiltering/seed#18
=== RUN   FuzzMentionsFiltering/seed#19
=== RUN   FuzzMentionsFiltering/seed#20
=== RUN   FuzzMentionsFiltering/seed#21
=== RUN   FuzzMentionsFiltering/seed#22
=== RUN   FuzzMentionsFiltering/seed#23
=== RUN   FuzzMentionsFiltering/seed#24
=== RUN   FuzzMentionsFiltering/seed#25
=== RUN   FuzzMentionsFiltering/seed#26
=== RUN   FuzzMentionsFiltering/seed#27
=== RUN   FuzzMentionsFiltering/seed#28
=== RUN   FuzzMentionsFiltering/seed#29
=== RUN   FuzzMentionsFiltering/seed#30
=== RUN   FuzzMentionsFiltering/seed#31
=== RUN   FuzzMentionsFiltering/seed#32
=== RUN   FuzzMentionsFiltering/seed#33
=== RUN   FuzzMentionsFiltering/seed#34
=== RUN   FuzzMentionsFiltering/seed#35
=== RUN   FuzzMentionsFiltering/seed#36
=== RUN   FuzzMentionsFiltering/seed#37
=== RUN   FuzzMentionsFiltering/seed#38
=== RUN   FuzzMentionsFiltering/seed#39
=== RUN   FuzzMentionsFiltering/seed#40
=== RUN   FuzzMentionsFiltering/seed#41
=== RUN   FuzzMentionsFiltering/seed#42
=== RUN   FuzzMentionsFiltering/seed#43
=== RUN   FuzzMentionsFiltering/seed#44
=== RUN   FuzzMentionsFiltering/seed#45
=== RUN   FuzzMentionsFiltering/seed#46
=== RUN   FuzzMentionsFiltering/seed#47
=== RUN   FuzzMentionsFiltering/seed#48
=== RUN   FuzzMentionsFiltering/seed#49
=== RUN   FuzzMentionsFiltering/seed#50
=== RUN   FuzzMentionsFiltering/seed#51
=== RUN   FuzzMentionsFiltering/seed#52
=== RUN   FuzzMentionsFiltering/seed#53
=== RUN   FuzzMentionsFiltering/seed#54
=== RUN   FuzzMentionsFiltering/seed#55
=== RUN   FuzzMentionsFiltering/seed#56
=== RUN   FuzzMentionsFiltering/seed#57
=== RUN   FuzzMentionsFiltering/seed#58
=== RUN   FuzzMentionsFiltering/seed#59
=== RUN   FuzzMentionsFiltering/seed#60
=== RUN   FuzzMentionsFiltering/seed#61
=== RUN   FuzzMentionsFiltering/seed#62
=== RUN   FuzzMentionsFiltering/seed#63
=== RUN   FuzzMentionsFiltering/seed#64
=== RUN   FuzzMentionsFiltering/seed#65
=== RUN   FuzzMentionsFiltering/seed#66
=== RUN   FuzzMentionsFiltering/seed#67
=== RUN   FuzzMentionsFiltering/seed#68
=== RUN   FuzzMentionsFiltering/seed#69
=== RUN   FuzzMentionsFiltering/seed#70
=== RUN   FuzzMentionsFiltering/seed#71
=== RUN   FuzzMentionsFiltering/seed#72
=== RUN   FuzzMentionsFiltering/seed#73
=== RUN   FuzzMentionsFiltering/seed#74
=== RUN   FuzzMentionsFiltering/seed#75
=== RUN   FuzzMentionsFiltering/seed#76
=== RUN   FuzzMentionsFiltering/seed#77
=== RUN   FuzzMentionsFiltering/seed#78
--- PASS: FuzzMentionsFiltering (3.42s)
    --- PASS: FuzzMentionsFiltering/seed#0 (0.04s)
    --- PASS: FuzzMentionsFiltering/seed#1 (0.06s)
    --- PASS: FuzzMentionsFiltering/seed#2 (0.04s)
    --- PASS: FuzzMentionsFiltering/seed#3 (0.04s)
    --- PASS: FuzzMentionsFiltering/seed#4 (0.04s)
    --- PASS: FuzzMentionsFiltering/seed#5 (0.04s)
    --- PASS: FuzzMentionsFiltering/seed#6 (0.04s)
    --- PASS: FuzzMentionsFiltering/seed#7 (0.04s)
    --- PASS: FuzzMentionsFiltering/seed#8 (0.04s)
    --- PASS: FuzzMentionsFiltering/seed#9 (0.04s)
    --- PASS: FuzzMentionsFiltering/seed#10 (0.04s)
    --- PASS: FuzzMentionsFiltering/seed#11 (0.06s)
    --- PASS: FuzzMentionsFiltering/seed#12 (0.04s)
    --- PASS: FuzzMentionsFiltering/seed#13 (0.04s)
    --- PASS: FuzzMentionsFiltering/seed#14 (0.06s)
    --- PASS: FuzzMentionsFiltering/seed#15 (0.05s)
    --- PASS: FuzzMentionsFiltering/seed#16 (0.06s)
    --- PASS: FuzzMentionsFiltering/seed#17 (0.04s)
    --- PASS: FuzzMentionsFiltering/seed#18 (0.04s)
    --- PASS: FuzzMentionsFiltering/seed#19 (0.06s)
    --- PASS: FuzzMentionsFiltering/seed#20 (0.04s)
    --- PASS: FuzzMentionsFiltering/seed#21 (0.04s)
    --- PASS: FuzzMentionsFiltering/seed#22 (0.04s)
    --- PASS: FuzzMentionsFiltering/seed#23 (0.05s)
    --- PASS: FuzzMentionsFiltering/seed#24 (0.04s)
    --- PASS: FuzzMentionsFiltering/seed#25 (0.04s)
    --- PASS: FuzzMentionsFiltering/seed#26 (0.04s)
    --- PASS: FuzzMentionsFiltering/seed#27 (0.04s)
    --- PASS: FuzzMentionsFiltering/seed#28 (0.04s)
    --- PASS: FuzzMentionsFiltering/seed#29 (0.04s)
    --- PASS: FuzzMentionsFiltering/seed#30 (0.04s)
    --- PASS: FuzzMentionsFiltering/seed#31 (0.06s)
    --- PASS: FuzzMentionsFiltering/seed#32 (0.05s)
    --- PASS: FuzzMentionsFiltering/seed#33 (0.04s)
    --- PASS: FuzzMentionsFiltering/seed#34 (0.06s)
    --- PASS: FuzzMentionsFiltering/seed#35 (0.04s)
    --- PASS: FuzzMentionsFiltering/seed#36 (0.04s)
    --- PASS: FuzzMentionsFiltering/seed#37 (0.04s)
    --- PASS: FuzzMentionsFiltering/seed#38 (0.04s)
    --- PASS: FuzzMentionsFiltering/seed#39 (0.06s)
    --- PASS: FuzzMentionsFiltering/seed#40 (0.04s)
    --- PASS: FuzzMentionsFiltering/seed#41 (0.04s)
    --- PASS: FuzzMentionsFiltering/seed#42 (0.04s)
    --- PASS: FuzzMentionsFiltering/seed#43 (0.04s)
    --- PASS: FuzzMentionsFiltering/seed#44 (0.04s)
    --- PASS: FuzzMentionsFiltering/seed#45 (0.04s)
    --- PASS: FuzzMentionsFiltering/seed#46 (0.04s)
    --- PASS: FuzzMentionsFiltering/seed#47 (0.04s)
    --- PASS: FuzzMentionsFiltering/seed#48 (0.04s)
    --- PASS: FuzzMentionsFiltering/seed#49 (0.04s)
    --- PASS: FuzzMentionsFiltering/seed#50 (0.04s)
    --- PASS: FuzzMentionsFiltering/seed#51 (0.04s)
    --- PASS: FuzzMentionsFiltering/seed#52 (0.04s)
    --- PASS: FuzzMentionsFiltering/seed#53 (0.04s)
    --- PASS: FuzzMentionsFiltering/seed#54 (0.04s)
    --- PASS: FuzzMentionsFiltering/seed#55 (0.04s)
    --- PASS: FuzzMentionsFiltering/seed#56 (0.04s)
    --- PASS: FuzzMentionsFiltering/seed#57 (0.04s)
    --- PASS: FuzzMentionsFiltering/seed#58 (0.04s)
    --- PASS: FuzzMentionsFiltering/seed#59 (0.04s)
    --- PASS: FuzzMentionsFiltering/seed#60 (0.04s)
    --- PASS: FuzzMentionsFiltering/seed#61 (0.06s)
    --- PASS: FuzzMentionsFiltering/seed#62 (0.04s)
    --- PASS: FuzzMentionsFiltering/seed#63 (0.04s)
    --- PASS: FuzzMentionsFiltering/seed#64 (0.04s)
    --- PASS: FuzzMentionsFiltering/seed#65 (0.04s)
    --- PASS: FuzzMentionsFiltering/seed#66 (0.04s)
    --- PASS: FuzzMentionsFiltering/seed#67 (0.04s)
    --- PASS: FuzzMentionsFiltering/seed#68 (0.04s)
    --- PASS: FuzzMentionsFiltering/seed#69 (0.04s)
    --- PASS: FuzzMentionsFiltering/seed#70 (0.04s)
    --- PASS: FuzzMentionsFiltering/seed#71 (0.04s)
    --- PASS: FuzzMentionsFiltering/seed#72 (0.04s)
    --- PASS: FuzzMentionsFiltering/seed#73 (0.04s)
    --- PASS: FuzzMentionsFiltering/seed#74 (0.04s)
    --- PASS: FuzzMentionsFiltering/seed#75 (0.04s)
    --- PASS: FuzzMentionsFiltering/seed#76 (0.04s)
    --- PASS: FuzzMentionsFiltering/seed#77 (0.04s)
    --- PASS: FuzzMentionsFiltering/seed#78 (0.04s)
=== RUN   FuzzParseModelIdentifier
=== RUN   FuzzParseModelIdentifier/seed#0
=== RUN   FuzzParseModelIdentifier/seed#1
=== RUN   FuzzParseModelIdentifier/seed#2
=== RUN   FuzzParseModelIdentifier/seed#3
=== RUN   FuzzParseModelIdentifier/seed#4
=== RUN   FuzzParseModelIdentifier/seed#5
=== RUN   FuzzParseModelIdentifier/seed#6
=== RUN   FuzzParseModelIdentifier/seed#7
=== RUN   FuzzParseModelIdentifier/seed#8
=== RUN   FuzzParseModelIdentifier/seed#9
=== RUN   FuzzParseModelIdentifier/seed#10
=== RUN   FuzzParseModelIdentifier/seed#11
=== RUN   FuzzParseModelIdentifier/seed#12
=== RUN   FuzzParseModelIdentifier/seed#13
=== RUN   FuzzParseModelIdentifier/seed#14
=== RUN   FuzzParseModelIdentifier/seed#15
=== RUN   FuzzParseModelIdentifier/seed#16
=== RUN   FuzzParseModelIdentifier/seed#17
=== RUN   FuzzParseModelIdentifier/seed#18
=== RUN   FuzzParseModelIdentifier/seed#19
=== RUN   FuzzParseModelIdentifier/seed#20
=== RUN   FuzzParseModelIdentifier/seed#21
=== RUN   FuzzParseModelIdentifier/seed#22
=== RUN   FuzzParseModelIdentifier/seed#23
=== RUN   FuzzParseModelIdentifier/seed#24
=== RUN   FuzzParseModelIdentifier/seed#25
=== RUN   FuzzParseModelIdentifier/seed#26
=== RUN   FuzzParseModelIdentifier/seed#27
=== RUN   FuzzParseModelIdentifier/seed#28
=== RUN   FuzzParseModelIdentifier/seed#29
=== RUN   FuzzParseModelIdentifier/seed#30
=== RUN   FuzzParseModelIdentifier/seed#31
=== RUN   FuzzParseModelIdentifier/seed#32
=== RUN   FuzzParseModelIdentifier/seed#33
=== RUN   FuzzParseModelIdentifier/seed#34
--- PASS: FuzzParseModelIdentifier (0.00s)
    --- PASS: FuzzParseModelIdentifier/seed#0 (0.00s)
    --- PASS: FuzzParseModelIdentifier/seed#1 (0.00s)
    --- PASS: FuzzParseModelIdentifier/seed#2 (0.00s)
    --- PASS: FuzzParseModelIdentifier/seed#3 (0.00s)
    --- PASS: FuzzParseModelIdentifier/seed#4 (0.00s)
    --- PASS: FuzzParseModelIdentifier/seed#5 (0.00s)
    --- PASS: FuzzParseModelIdentifier/seed#6 (0.00s)
    --- PASS: FuzzParseModelIdentifier/seed#7 (0.00s)
    --- PASS: FuzzParseModelIdentifier/seed#8 (0.00s)
    --- PASS: FuzzParseModelIdentifier/seed#9 (0.00s)
    --- PASS: FuzzParseModelIdentifier/seed#10 (0.00s)
    --- PASS: FuzzParseModelIdentifier/seed#11 (0.00s)
    --- PASS: FuzzParseModelIdentifier/seed#12 (0.00s)
    --- PASS: FuzzParseModelIdentifier/seed#13 (0.00s)
    --- PASS: FuzzParseModelIdentifier/seed#14 (0.00s)
    --- PASS: FuzzParseModelIdentifier/seed#15 (0.00s)
    --- PASS: FuzzParseModelIdentifier/seed#16 (0.00s)
    --- PASS: FuzzParseModelIdentifier/seed#17 (0.00s)
    --- PASS: FuzzParseModelIdentifier/seed#18 (0.00s)
    --- PASS: FuzzParseModelIdentifier/seed#19 (0.00s)
    --- PASS: FuzzParseModelIdentifier/seed#20 (0.00s)
    --- PASS: FuzzParseModelIdentifier/seed#21 (0.00s)
    --- PASS: FuzzParseModelIdentifier/seed#22 (0.00s)
    --- PASS: FuzzParseModelIdentifier/seed#23 (0.00s)
    --- PASS: FuzzParseModelIdentifier/seed#24 (0.00s)
    --- PASS: FuzzParseModelIdentifier/seed#25 (0.00s)
    --- PASS: FuzzParseModelIdentifier/seed#26 (0.00s)
    --- PASS: FuzzParseModelIdentifier/seed#27 (0.00s)
    --- PASS: FuzzParseModelIdentifier/seed#28 (0.00s)
    --- PASS: FuzzParseModelIdentifier/seed#29 (0.00s)
    --- PASS: FuzzParseModelIdentifier/seed#30 (0.00s)
    --- PASS: FuzzParseModelIdentifier/seed#31 (0.00s)
    --- PASS: FuzzParseModelIdentifier/seed#32 (0.00s)
    --- PASS: FuzzParseModelIdentifier/seed#33 (0.00s)
    --- PASS: FuzzParseModelIdentifier/seed#34 (0.00s)
=== RUN   FuzzValidateTemperatureParam
=== RUN   FuzzValidateTemperatureParam/seed#0
=== RUN   FuzzValidateTemperatureParam/seed#1
=== RUN   FuzzValidateTemperatureParam/seed#2
=== RUN   FuzzValidateTemperatureParam/seed#3
=== RUN   FuzzValidateTemperatureParam/seed#4
=== RUN   FuzzValidateTemperatureParam/seed#5
=== RUN   FuzzValidateTemperatureParam/seed#6
=== RUN   FuzzValidateTemperatureParam/seed#7
=== RUN   FuzzValidateTemperatureParam/seed#8
=== RUN   FuzzValidateTemperatureParam/seed#9
=== RUN   FuzzValidateTemperatureParam/seed#10
=== RUN   FuzzValidateTemperatureParam/seed#11
=== RUN   FuzzValidateTemperatureParam/seed#12
=== RUN   FuzzValidateTemperatureParam/seed#13
=== RUN   FuzzValidateTemperatureParam/seed#14
=== RUN   FuzzValidateTemperatureParam/seed#15
=== RUN   FuzzValidateTemperatureParam/seed#16
=== RUN   FuzzValidateTemperatureParam/seed#17
=== RUN   FuzzValidateTemperatureParam/seed#18
=== RUN   FuzzValidateTemperatureParam/seed#19
--- PASS: FuzzValidateTemperatureParam (0.00s)
    --- PASS: FuzzValidateTemperatureParam/seed#0 (0.00s)
    --- PASS: FuzzValidateTemperatureParam/seed#1 (0.00s)
    --- PASS: FuzzValidateTemperatureParam/seed#2 (0.00s)
    --- PASS: FuzzValidateTemperatureParam/seed#3 (0.00s)
    --- PASS: FuzzValidateTemperatureParam/seed#4 (0.00s)
    --- PASS: FuzzValidateTemperatureParam/seed#5 (0.00s)
    --- PASS: FuzzValidateTemperatureParam/seed#6 (0.00s)
    --- PASS: FuzzValidateTemperatureParam/seed#7 (0.00s)
    --- PASS: FuzzValidateTemperatureParam/seed#8 (0.00s)
    --- PASS: FuzzValidateTemperatureParam/seed#9 (0.00s)
    --- PASS: FuzzValidateTemperatureParam/seed#10 (0.00s)
    --- PASS: FuzzValidateTemperatureParam/seed#11 (0.00s)
    --- PASS: FuzzValidateTemperatureParam/seed#12 (0.00s)
    --- PASS: FuzzValidateTemperatureParam/seed#13 (0.00s)
    --- PASS: FuzzValidateTemperatureParam/seed#14 (0.00s)
    --- PASS: FuzzValidateTemperatureParam/seed#15 (0.00s)
    --- PASS: FuzzValidateTemperatureParam/seed#16 (0.00s)
    --- PASS: FuzzValidateTemperatureParam/seed#17 (0.00s)
    --- PASS: FuzzValidateTemperatureParam/seed#18 (0.00s)
    --- PASS: FuzzValidateTemperatureParam/seed#19 (0.00s)
=== RUN   FuzzRemoveXmlComments
=== RUN   FuzzRemoveXmlComments/seed#0
=== RUN   FuzzRemoveXmlComments/seed#1
=== RUN   FuzzRemoveXmlComments/seed#2
=== RUN   FuzzRemoveXmlComments/seed#3
=== RUN   FuzzRemoveXmlComments/seed#4
=== RUN   FuzzRemoveXmlComments/seed#5
=== RUN   FuzzRemoveXmlComments/seed#6
=== RUN   FuzzRemoveXmlComments/seed#7
=== RUN   FuzzRemoveXmlComments/seed#8
=== RUN   FuzzRemoveXmlComments/seed#9
=== RUN   FuzzRemoveXmlComments/seed#10
=== RUN   FuzzRemoveXmlComments/seed#11
=== RUN   FuzzRemoveXmlComments/seed#12
=== RUN   FuzzRemoveXmlComments/seed#13
=== RUN   FuzzRemoveXmlComments/seed#14
=== RUN   FuzzRemoveXmlComments/seed#15
=== RUN   FuzzRemoveXmlComments/seed#16
=== RUN   FuzzRemoveXmlComments/seed#17
=== RUN   FuzzRemoveXmlComments/seed#18
=== RUN   FuzzRemoveXmlComments/seed#19
=== RUN   FuzzRemoveXmlComments/seed#20
=== RUN   FuzzRemoveXmlComments/seed#21
=== RUN   FuzzRemoveXmlComments/seed#22
=== RUN   FuzzRemoveXmlComments/seed#23
=== RUN   FuzzRemoveXmlComments/seed#24
=== RUN   FuzzRemoveXmlComments/seed#25
=== RUN   FuzzRemoveXmlComments/seed#26
=== RUN   FuzzRemoveXmlComments/seed#27
=== RUN   FuzzRemoveXmlComments/seed#28
=== RUN   FuzzRemoveXmlComments/seed#29
=== RUN   FuzzRemoveXmlComments/seed#30
=== RUN   FuzzRemoveXmlComments/seed#31
=== RUN   FuzzRemoveXmlComments/seed#32
--- PASS: FuzzRemoveXmlComments (1.37s)
    --- PASS: FuzzRemoveXmlComments/seed#0 (0.04s)
    --- PASS: FuzzRemoveXmlComments/seed#1 (0.04s)
    --- PASS: FuzzRemoveXmlComments/seed#2 (0.04s)
    --- PASS: FuzzRemoveXmlComments/seed#3 (0.04s)
    --- PASS: FuzzRemoveXmlComments/seed#4 (0.04s)
    --- PASS: FuzzRemoveXmlComments/seed#5 (0.04s)
    --- PASS: FuzzRemoveXmlComments/seed#6 (0.04s)
    --- PASS: FuzzRemoveXmlComments/seed#7 (0.04s)
    --- PASS: FuzzRemoveXmlComments/seed#8 (0.04s)
    --- PASS: FuzzRemoveXmlComments/seed#9 (0.04s)
    --- PASS: FuzzRemoveXmlComments/seed#10 (0.04s)
    --- PASS: FuzzRemoveXmlComments/seed#11 (0.04s)
    --- PASS: FuzzRemoveXmlComments/seed#12 (0.04s)
    --- PASS: FuzzRemoveXmlComments/seed#13 (0.04s)
    --- PASS: FuzzRemoveXmlComments/seed#14 (0.04s)
    --- PASS: FuzzRemoveXmlComments/seed#15 (0.04s)
    --- PASS: FuzzRemoveXmlComments/seed#16 (0.04s)
    --- PASS: FuzzRemoveXmlComments/seed#17 (0.06s)
    --- PASS: FuzzRemoveXmlComments/seed#18 (0.04s)
    --- PASS: FuzzRemoveXmlComments/seed#19 (0.04s)
    --- PASS: FuzzRemoveXmlComments/seed#20 (0.04s)
    --- PASS: FuzzRemoveXmlComments/seed#21 (0.04s)
    --- PASS: FuzzRemoveXmlComments/seed#22 (0.04s)
    --- PASS: FuzzRemoveXmlComments/seed#23 (0.04s)
    --- PASS: FuzzRemoveXmlComments/seed#24 (0.04s)
    --- PASS: FuzzRemoveXmlComments/seed#25 (0.04s)
    --- PASS: FuzzRemoveXmlComments/seed#26 (0.04s)
    --- PASS: FuzzRemoveXmlComments/seed#27 (0.04s)
    --- PASS: FuzzRemoveXmlComments/seed#28 (0.04s)
    --- PASS: FuzzRemoveXmlComments/seed#29 (0.04s)
    --- PASS: FuzzRemoveXmlComments/seed#30 (0.04s)
    --- PASS: FuzzRemoveXmlComments/seed#31 (0.04s)
    --- PASS: FuzzRemoveXmlComments/seed#32 (0.04s)
=== RUN   FuzzSanitizeRunStepExpressions
=== RUN   FuzzSanitizeRunStepExpressions/seed#0
=== RUN   FuzzSanitizeRunStepExpressions/seed#1
=== RUN   FuzzSanitizeRunStepExpressions/seed#2
=== RUN   FuzzSanitizeRunStepExpressions/seed#3
=== RUN   FuzzSanitizeRunStepExpressions/seed#4
=== RUN   FuzzSanitizeRunStepExpressions/seed#5
=== RUN   FuzzSanitizeRunStepExpressions/seed#6
=== RUN   FuzzSanitizeRunStepExpressions/seed#7
=== RUN   FuzzSanitizeRunStepExpressions/seed#8
=== RUN   FuzzSanitizeRunStepExpressions/seed#9
=== RUN   FuzzSanitizeRunStepExpressions/seed#10
=== RUN   FuzzSanitizeRunStepExpressions/seed#11
=== RUN   FuzzSanitizeRunStepExpressions/seed#12
=== RUN   FuzzSanitizeRunStepExpressions/seed#13
=== RUN   FuzzSanitizeRunStepExpressions/seed#14
=== RUN   FuzzSanitizeRunStepExpressions/seed#15
=== RUN   FuzzSanitizeRunStepExpressions/seed#16
=== RUN   FuzzSanitizeRunStepExpressions/seed#17
=== RUN   FuzzSanitizeRunStepExpressions/seed#18
=== RUN   FuzzSanitizeRunStepExpressions/seed#19
=== RUN   FuzzSanitizeRunStepExpressions/seed#20
=== RUN   FuzzSanitizeRunStepExpressions/seed#21
=== RUN   FuzzSanitizeRunStepExpressions/seed#22
=== RUN   FuzzSanitizeRunStepExpressions/seed#23
=== RUN   FuzzSanitizeRunStepExpressions/seed#24
=== RUN   FuzzSanitizeRunStepExpressions/seed#25
=== RUN   FuzzSanitizeRunStepExpressions/seed#26
=== RUN   FuzzSanitizeRunStepExpressions/seed#27
=== RUN   FuzzSanitizeRunStepExpressions/seed#28
=== RUN   FuzzSanitizeRunStepExpressions/seed#29
=== RUN   FuzzSanitizeRunStepExpressions/seed#30
=== RUN   FuzzSanitizeRunStepExpressions/seed#31
=== RUN   FuzzSanitizeRunStepExpressions/seed#32
--- PASS: FuzzSanitizeRunStepExpressions (0.00s)
    --- PASS: FuzzSanitizeRunStepExpressions/seed#0 (0.00s)
    --- PASS: FuzzSanitizeRunStepExpressions/seed#1 (0.00s)
    --- PASS: FuzzSanitizeRunStepExpressions/seed#2 (0.00s)
    --- PASS: FuzzSanitizeRunStepExpressions/seed#3 (0.00s)
    --- PASS: FuzzSanitizeRunStepExpressions/seed#4 (0.00s)
    --- PASS: FuzzSanitizeRunStepExpressions/seed#5 (0.00s)
    --- PASS: FuzzSanitizeRunStepExpressions/seed#6 (0.00s)
    --- PASS: FuzzSanitizeRunStepExpressions/seed#7 (0.00s)
    --- PASS: FuzzSanitizeRunStepExpressions/seed#8 (0.00s)
    --- PASS: FuzzSanitizeRunStepExpressions/seed#9 (0.00s)
    --- PASS: FuzzSanitizeRunStepExpressions/seed#10 (0.00s)
    --- PASS: FuzzSanitizeRunStepExpressions/seed#11 (0.00s)
    --- PASS: FuzzSanitizeRunStepExpressions/seed#12 (0.00s)
    --- PASS: FuzzSanitizeRunStepExpressions/seed#13 (0.00s)
    --- PASS: FuzzSanitizeRunStepExpressions/seed#14 (0.00s)
    --- PASS: FuzzSanitizeRunStepExpressions/seed#15 (0.00s)
    --- PASS: FuzzSanitizeRunStepExpressions/seed#16 (0.00s)
    --- PASS: FuzzSanitizeRunStepExpressions/seed#17 (0.00s)
    --- PASS: FuzzSanitizeRunStepExpressions/seed#18 (0.00s)
    --- PASS: FuzzSanitizeRunStepExpressions/seed#19 (0.00s)
    --- PASS: FuzzSanitizeRunStepExpressions/seed#20 (0.00s)
    --- PASS: FuzzSanitizeRunStepExpressions/seed#21 (0.00s)
    --- PASS: FuzzSanitizeRunStepExpressions/seed#22 (0.00s)
    --- PASS: FuzzSanitizeRunStepExpressions/seed#23 (0.00s)
    --- PASS: FuzzSanitizeRunStepExpressions/seed#24 (0.00s)
    --- PASS: FuzzSanitizeRunStepExpressions/seed#25 (0.00s)
    --- PASS: FuzzSanitizeRunStepExpressions/seed#26 (0.00s)
    --- PASS: FuzzSanitizeRunStepExpressions/seed#27 (0.00s)
    --- PASS: FuzzSanitizeRunStepExpressions/seed#28 (0.00s)
    --- PASS: FuzzSanitizeRunStepExpressions/seed#29 (0.00s)
    --- PASS: FuzzSanitizeRunStepExpressions/seed#30 (0.00s)
    --- PASS: FuzzSanitizeRunStepExpressions/seed#31 (0.00s)
    --- PASS: FuzzSanitizeRunStepExpressions/seed#32 (0.00s)
=== RUN   FuzzSanitizeCustomStepsYAML
=== RUN   FuzzSanitizeCustomStepsYAML/seed#0
=== RUN   FuzzSanitizeCustomStepsYAML/seed#1
=== RUN   FuzzSanitizeCustomStepsYAML/seed#2
=== RUN   FuzzSanitizeCustomStepsYAML/seed#3
=== RUN   FuzzSanitizeCustomStepsYAML/seed#4
=== RUN   FuzzSanitizeCustomStepsYAML/seed#5
=== RUN   FuzzSanitizeCustomStepsYAML/seed#6
=== RUN   FuzzSanitizeCustomStepsYAML/seed#7
=== RUN   FuzzSanitizeCustomStepsYAML/seed#8
=== RUN   FuzzSanitizeCustomStepsYAML/seed#9
=== RUN   FuzzSanitizeCustomStepsYAML/seed#10
=== RUN   FuzzSanitizeCustomStepsYAML/seed#11
=== RUN   FuzzSanitizeCustomStepsYAML/seed#12
=== RUN   FuzzSanitizeCustomStepsYAML/seed#13
--- PASS: FuzzSanitizeCustomStepsYAML (0.00s)
    --- PASS: FuzzSanitizeCustomStepsYAML/seed#0 (0.00s)
    --- PASS: FuzzSanitizeCustomStepsYAML/seed#1 (0.00s)
    --- PASS: FuzzSanitizeCustomStepsYAML/seed#2 (0.00s)
    --- PASS: FuzzSanitizeCustomStepsYAML/seed#3 (0.00s)
    --- PASS: FuzzSanitizeCustomStepsYAML/seed#4 (0.00s)
    --- PASS: FuzzSanitizeCustomStepsYAML/seed#5 (0.00s)
    --- PASS: FuzzSanitizeCustomStepsYAML/seed#6 (0.00s)
    --- PASS: FuzzSanitizeCustomStepsYAML/seed#7 (0.00s)
    --- PASS: FuzzSanitizeCustomStepsYAML/seed#8 (0.00s)
    --- PASS: FuzzSanitizeCustomStepsYAML/seed#9 (0.00s)
    --- PASS: FuzzSanitizeCustomStepsYAML/seed#10 (0.00s)
    --- PASS: FuzzSanitizeCustomStepsYAML/seed#11 (0.00s)
    --- PASS: FuzzSanitizeCustomStepsYAML/seed#12 (0.00s)
    --- PASS: FuzzSanitizeCustomStepsYAML/seed#13 (0.00s)
=== RUN   FuzzSanitizeLabelContent
=== RUN   FuzzSanitizeLabelContent/seed#0
=== RUN   FuzzSanitizeLabelContent/seed#1
=== RUN   FuzzSanitizeLabelContent/seed#2
=== RUN   FuzzSanitizeLabelContent/seed#3
=== RUN   FuzzSanitizeLabelContent/seed#4
=== RUN   FuzzSanitizeLabelContent/seed#5
=== RUN   FuzzSanitizeLabelContent/seed#6
=== RUN   FuzzSanitizeLabelContent/seed#7
=== RUN   FuzzSanitizeLabelContent/seed#8
=== RUN   FuzzSanitizeLabelContent/seed#9
=== RUN   FuzzSanitizeLabelContent/seed#10
=== RUN   FuzzSanitizeLabelContent/seed#11
=== RUN   FuzzSanitizeLabelContent/seed#12
=== RUN   FuzzSanitizeLabelContent/seed#13
=== RUN   FuzzSanitizeLabelContent/seed#14
=== RUN   FuzzSanitizeLabelContent/seed#15
=== RUN   FuzzSanitizeLabelContent/seed#16
=== RUN   FuzzSanitizeLabelContent/seed#17
=== RUN   FuzzSanitizeLabelContent/seed#18
=== RUN   FuzzSanitizeLabelContent/seed#19
=== RUN   FuzzSanitizeLabelContent/seed#20
=== RUN   FuzzSanitizeLabelContent/seed#21
=== RUN   FuzzSanitizeLabelContent/seed#22
=== RUN   FuzzSanitizeLabelContent/seed#23
=== RUN   FuzzSanitizeLabelContent/seed#24
=== RUN   FuzzSanitizeLabelContent/seed#25
=== RUN   FuzzSanitizeLabelContent/seed#26
=== RUN   FuzzSanitizeLabelContent/seed#27
=== RUN   FuzzSanitizeLabelContent/seed#28
=== RUN   FuzzSanitizeLabelContent/seed#29
=== RUN   FuzzSanitizeLabelContent/seed#30
=== RUN   FuzzSanitizeLabelContent/seed#31
=== RUN   FuzzSanitizeLabelContent/seed#32
=== RUN   FuzzSanitizeLabelContent/seed#33
=== RUN   FuzzSanitizeLabelContent/seed#34
=== RUN   FuzzSanitizeLabelContent/seed#35
=== RUN   FuzzSanitizeLabelContent/seed#36
=== RUN   FuzzSanitizeLabelContent/seed#37
=== RUN   FuzzSanitizeLabelContent/seed#38
=== RUN   FuzzSanitizeLabelContent/seed#39
=== RUN   FuzzSanitizeLabelContent/seed#40
=== RUN   FuzzSanitizeLabelContent/seed#41
=== RUN   FuzzSanitizeLabelContent/seed#42
=== RUN   FuzzSanitizeLabelContent/seed#43
=== RUN   FuzzSanitizeLabelContent/seed#44
=== RUN   FuzzSanitizeLabelContent/85a839edb653d006
--- PASS: FuzzSanitizeLabelContent (1.93s)
    --- PASS: FuzzSanitizeLabelContent/seed#0 (0.04s)
    --- PASS: FuzzSanitizeLabelContent/seed#1 (0.04s)
    --- PASS: FuzzSanitizeLabelContent/seed#2 (0.04s)
    --- PASS: FuzzSanitizeLabelContent/seed#3 (0.04s)
    --- PASS: FuzzSanitizeLabelContent/seed#4 (0.04s)
    --- PASS: FuzzSanitizeLabelContent/seed#5 (0.04s)
    --- PASS: FuzzSanitizeLabelContent/seed#6 (0.04s)
    --- PASS: FuzzSanitizeLabelContent/seed#7 (0.04s)
    --- PASS: FuzzSanitizeLabelContent/seed#8 (0.04s)
    --- PASS: FuzzSanitizeLabelContent/seed#9 (0.04s)
    --- PASS: FuzzSanitizeLabelContent/seed#10 (0.04s)
    --- PASS: FuzzSanitizeLabelContent/seed#11 (0.04s)
    --- PASS: FuzzSanitizeLabelContent/seed#12 (0.04s)
    --- PASS: FuzzSanitizeLabelContent/seed#13 (0.04s)
    --- PASS: FuzzSanitizeLabelContent/seed#14 (0.04s)
    --- PASS: FuzzSanitizeLabelContent/seed#15 (0.04s)
    --- PASS: FuzzSanitizeLabelContent/seed#16 (0.04s)
    --- PASS: FuzzSanitizeLabelContent/seed#17 (0.04s)
    --- PASS: FuzzSanitizeLabelContent/seed#18 (0.04s)
    --- PASS: FuzzSanitizeLabelContent/seed#19 (0.05s)
    --- PASS: FuzzSanitizeLabelContent/seed#20 (0.04s)
    --- PASS: FuzzSanitizeLabelContent/seed#21 (0.04s)
    --- PASS: FuzzSanitizeLabelContent/seed#22 (0.04s)
    --- PASS: FuzzSanitizeLabelContent/seed#23 (0.04s)
    --- PASS: FuzzSanitizeLabelContent/seed#24 (0.04s)
    --- PASS: FuzzSanitizeLabelContent/seed#25 (0.04s)
    --- PASS: FuzzSanitizeLabelContent/seed#26 (0.04s)
    --- PASS: FuzzSanitizeLabelContent/seed#27 (0.04s)
    --- PASS: FuzzSanitizeLabelContent/seed#28 (0.04s)
    --- PASS: FuzzSanitizeLabelContent/seed#29 (0.04s)
    --- PASS: FuzzSanitizeLabelContent/seed#30 (0.04s)
    --- PASS: FuzzSanitizeLabelContent/seed#31 (0.04s)
    --- PASS: FuzzSanitizeLabelContent/seed#32 (0.04s)
    --- PASS: FuzzSanitizeLabelContent/seed#33 (0.04s)
    --- PASS: FuzzSanitizeLabelContent/seed#34 (0.04s)
    --- PASS: FuzzSanitizeLabelContent/seed#35 (0.04s)
    --- PASS: FuzzSanitizeLabelContent/seed#36 (0.04s)
    --- PASS: FuzzSanitizeLabelContent/seed#37 (0.04s)
    --- PASS: FuzzSanitizeLabelContent/seed#38 (0.04s)
    --- PASS: FuzzSanitizeLabelContent/seed#39 (0.04s)
    --- PASS: FuzzSanitizeLabelContent/seed#40 (0.04s)
    --- PASS: FuzzSanitizeLabelContent/seed#41 (0.04s)
    --- PASS: FuzzSanitizeLabelContent/seed#42 (0.04s)
    --- PASS: FuzzSanitizeLabelContent/seed#43 (0.04s)
    --- PASS: FuzzSanitizeLabelContent/seed#44 (0.04s)
    --- PASS: FuzzSanitizeLabelContent/85a839edb653d006 (0.04s)
=== RUN   FuzzYAMLParsing
    security_fuzz_test.go:26: Disabled due to regex catastrophic backtracking on fuzzed inputs
--- SKIP: FuzzYAMLParsing (0.00s)
=== RUN   FuzzTemplateRendering
=== RUN   FuzzTemplateRendering/seed#0
=== RUN   FuzzTemplateRendering/seed#1
=== RUN   FuzzTemplateRendering/seed#2
=== RUN   FuzzTemplateRendering/seed#3
=== RUN   FuzzTemplateRendering/seed#4
=== RUN   FuzzTemplateRendering/seed#5
=== RUN   FuzzTemplateRendering/seed#6
=== RUN   FuzzTemplateRendering/seed#7
=== RUN   FuzzTemplateRendering/seed#8
=== RUN   FuzzTemplateRendering/seed#9
=== RUN   FuzzTemplateRendering/seed#10
=== RUN   FuzzTemplateRendering/seed#11
=== RUN   FuzzTemplateRendering/seed#12
=== RUN   FuzzTemplateRendering/seed#13
=== RUN   FuzzTemplateRendering/seed#14
=== RUN   FuzzTemplateRendering/seed#15
=== RUN   FuzzTemplateRendering/seed#16
=== RUN   FuzzTemplateRendering/seed#17
=== RUN   FuzzTemplateRendering/seed#18
=== RUN   FuzzTemplateRendering/seed#19
=== RUN   FuzzTemplateRendering/seed#20
=== RUN   FuzzTemplateRendering/seed#21
=== RUN   FuzzTemplateRendering/seed#22
=== RUN   FuzzTemplateRendering/seed#23
--- PASS: FuzzTemplateRendering (0.00s)
    --- PASS: FuzzTemplateRendering/seed#0 (0.00s)
    --- PASS: FuzzTemplateRendering/seed#1 (0.00s)
    --- PASS: FuzzTemplateRendering/seed#2 (0.00s)
    --- PASS: FuzzTemplateRendering/seed#3 (0.00s)
    --- PASS: FuzzTemplateRendering/seed#4 (0.00s)
    --- PASS: FuzzTemplateRendering/seed#5 (0.00s)
    --- PASS: FuzzTemplateRendering/seed#6 (0.00s)
    --- PASS: FuzzTemplateRendering/seed#7 (0.00s)
    --- PASS: FuzzTemplateRendering/seed#8 (0.00s)
    --- PASS: FuzzTemplateRendering/seed#9 (0.00s)
    --- PASS: FuzzTemplateRendering/seed#10 (0.00s)
    --- PASS: FuzzTemplateRendering/seed#11 (0.00s)
    --- PASS: FuzzTemplateRendering/seed#12 (0.00s)
    --- PASS: FuzzTemplateRendering/seed#13 (0.00s)
    --- PASS: FuzzTemplateRendering/seed#14 (0.00s)
    --- PASS: FuzzTemplateRendering/seed#15 (0.00s)
    --- PASS: FuzzTemplateRendering/seed#16 (0.00s)
    --- PASS: FuzzTemplateRendering/seed#17 (0.00s)
    --- PASS: FuzzTemplateRendering/seed#18 (0.00s)
    --- PASS: FuzzTemplateRendering/seed#19 (0.00s)
    --- PASS: FuzzTemplateRendering/seed#20 (0.00s)
    --- PASS: FuzzTemplateRendering/seed#21 (0.00s)
    --- PASS: FuzzTemplateRendering/seed#22 (0.00s)
    --- PASS: FuzzTemplateRendering/seed#23 (0.00s)
=== RUN   FuzzInputValidation
=== RUN   FuzzInputValidation/seed#0
=== RUN   FuzzInputValidation/seed#1
=== RUN   FuzzInputValidation/seed#2
=== RUN   FuzzInputValidation/seed#3
=== RUN   FuzzInputValidation/seed#4
=== RUN   FuzzInputValidation/seed#5
=== RUN   FuzzInputValidation/seed#6
=== RUN   FuzzInputValidation/seed#7
=== RUN   FuzzInputValidation/seed#8
=== RUN   FuzzInputValidation/seed#9
=== RUN   FuzzInputValidation/seed#10
=== RUN   FuzzInputValidation/seed#11
=== RUN   FuzzInputValidation/seed#12
=== RUN   FuzzInputValidation/seed#13
=== RUN   FuzzInputValidation/seed#14
=== RUN   FuzzInputValidation/seed#15
=== RUN   FuzzInputValidation/seed#16
=== RUN   FuzzInputValidation/seed#17
=== RUN   FuzzInputValidation/seed#18
=== RUN   FuzzInputValidation/seed#19
--- PASS: FuzzInputValidation (0.00s)
    --- PASS: FuzzInputValidation/seed#0 (0.00s)
    --- PASS: FuzzInputValidation/seed#1 (0.00s)
    --- PASS: FuzzInputValidation/seed#2 (0.00s)
    --- PASS: FuzzInputValidation/seed#3 (0.00s)
    --- PASS: FuzzInputValidation/seed#4 (0.00s)
    --- PASS: FuzzInputValidation/seed#5 (0.00s)
    --- PASS: FuzzInputValidation/seed#6 (0.00s)
    --- PASS: FuzzInputValidation/seed#7 (0.00s)
    --- PASS: FuzzInputValidation/seed#8 (0.00s)
    --- PASS: FuzzInputValidation/seed#9 (0.00s)
    --- PASS: FuzzInputValidation/seed#10 (0.00s)
    --- PASS: FuzzInputValidation/seed#11 (0.00s)
    --- PASS: FuzzInputValidation/seed#12 (0.00s)
    --- PASS: FuzzInputValidation/seed#13 (0.00s)
    --- PASS: FuzzInputValidation/seed#14 (0.00s)
    --- PASS: FuzzInputValidation/seed#15 (0.00s)
    --- PASS: FuzzInputValidation/seed#16 (0.00s)
    --- PASS: FuzzInputValidation/seed#17 (0.00s)
    --- PASS: FuzzInputValidation/seed#18 (0.00s)
    --- PASS: FuzzInputValidation/seed#19 (0.00s)
=== RUN   FuzzNetworkPermissions
=== RUN   FuzzNetworkPermissions/seed#0
=== RUN   FuzzNetworkPermissions/seed#1
=== RUN   FuzzNetworkPermissions/seed#2
=== RUN   FuzzNetworkPermissions/seed#3
=== RUN   FuzzNetworkPermissions/seed#4
=== RUN   FuzzNetworkPermissions/seed#5
=== RUN   FuzzNetworkPermissions/seed#6
=== RUN   FuzzNetworkPermissions/seed#7
=== RUN   FuzzNetworkPermissions/seed#8
=== RUN   FuzzNetworkPermissions/seed#9
=== RUN   FuzzNetworkPermissions/seed#10
=== RUN   FuzzNetworkPermissions/seed#11
=== RUN   FuzzNetworkPermissions/seed#12
=== RUN   FuzzNetworkPermissions/seed#13
=== RUN   FuzzNetworkPermissions/seed#14
=== RUN   FuzzNetworkPermissions/seed#15
=== RUN   FuzzNetworkPermissions/seed#16
--- PASS: FuzzNetworkPermissions (0.00s)
    --- PASS: FuzzNetworkPermissions/seed#0 (0.00s)
    --- PASS: FuzzNetworkPermissions/seed#1 (0.00s)
    --- PASS: FuzzNetworkPermissions/seed#2 (0.00s)
    --- PASS: FuzzNetworkPermissions/seed#3 (0.00s)
    --- PASS: FuzzNetworkPermissions/seed#4 (0.00s)
    --- PASS: FuzzNetworkPermissions/seed#5 (0.00s)
    --- PASS: FuzzNetworkPermissions/seed#6 (0.00s)
    --- PASS: FuzzNetworkPermissions/seed#7 (0.00s)
    --- PASS: FuzzNetworkPermissions/seed#8 (0.00s)
    --- PASS: FuzzNetworkPermissions/seed#9 (0.00s)
    --- PASS: FuzzNetworkPermissions/seed#10 (0.00s)
    --- PASS: FuzzNetworkPermissions/seed#11 (0.00s)
    --- PASS: FuzzNetworkPermissions/seed#12 (0.00s)
    --- PASS: FuzzNetworkPermissions/seed#13 (0.00s)
    --- PASS: FuzzNetworkPermissions/seed#14 (0.00s)
    --- PASS: FuzzNetworkPermissions/seed#15 (0.00s)
    --- PASS: FuzzNetworkPermissions/seed#16 (0.00s)
=== RUN   FuzzSafeJobConfig
=== RUN   FuzzSafeJobConfig/seed#0
=== RUN   FuzzSafeJobConfig/seed#1
=== RUN   FuzzSafeJobConfig/seed#2
=== RUN   FuzzSafeJobConfig/seed#3
=== RUN   FuzzSafeJobConfig/seed#4
=== RUN   FuzzSafeJobConfig/seed#5
=== RUN   FuzzSafeJobConfig/seed#6
=== RUN   FuzzSafeJobConfig/seed#7
=== RUN   FuzzSafeJobConfig/seed#8
=== RUN   FuzzSafeJobConfig/seed#9
=== RUN   FuzzSafeJobConfig/seed#10
=== RUN   FuzzSafeJobConfig/seed#11
=== RUN   FuzzSafeJobConfig/seed#12
=== RUN   FuzzSafeJobConfig/seed#13
=== RUN   FuzzSafeJobConfig/seed#14
=== RUN   FuzzSafeJobConfig/seed#15
=== RUN   FuzzSafeJobConfig/seed#16
=== RUN   FuzzSafeJobConfig/seed#17
=== RUN   FuzzSafeJobConfig/seed#18
=== RUN   FuzzSafeJobConfig/seed#19
=== RUN   FuzzSafeJobConfig/seed#20
=== RUN   FuzzSafeJobConfig/seed#21
--- PASS: FuzzSafeJobConfig (0.00s)
    --- PASS: FuzzSafeJobConfig/seed#0 (0.00s)
    --- PASS: FuzzSafeJobConfig/seed#1 (0.00s)
    --- PASS: FuzzSafeJobConfig/seed#2 (0.00s)
    --- PASS: FuzzSafeJobConfig/seed#3 (0.00s)
    --- PASS: FuzzSafeJobConfig/seed#4 (0.00s)
    --- PASS: FuzzSafeJobConfig/seed#5 (0.00s)
    --- PASS: FuzzSafeJobConfig/seed#6 (0.00s)
    --- PASS: FuzzSafeJobConfig/seed#7 (0.00s)
    --- PASS: FuzzSafeJobConfig/seed#8 (0.00s)
    --- PASS: FuzzSafeJobConfig/seed#9 (0.00s)
    --- PASS: FuzzSafeJobConfig/seed#10 (0.00s)
    --- PASS: FuzzSafeJobConfig/seed#11 (0.00s)
    --- PASS: FuzzSafeJobConfig/seed#12 (0.00s)
    --- PASS: FuzzSafeJobConfig/seed#13 (0.00s)
    --- PASS: FuzzSafeJobConfig/seed#14 (0.00s)
    --- PASS: FuzzSafeJobConfig/seed#15 (0.00s)
    --- PASS: FuzzSafeJobConfig/seed#16 (0.00s)
    --- PASS: FuzzSafeJobConfig/seed#17 (0.00s)
    --- PASS: FuzzSafeJobConfig/seed#18 (0.00s)
    --- PASS: FuzzSafeJobConfig/seed#19 (0.00s)
    --- PASS: FuzzSafeJobConfig/seed#20 (0.00s)
    --- PASS: FuzzSafeJobConfig/seed#21 (0.00s)
=== RUN   FuzzWrapExpressionsInTemplateConditionals
=== RUN   FuzzWrapExpressionsInTemplateConditionals/seed#0
=== RUN   FuzzWrapExpressionsInTemplateConditionals/seed#1
=== RUN   FuzzWrapExpressionsInTemplateConditionals/seed#2
=== RUN   FuzzWrapExpressionsInTemplateConditionals/seed#3
=== RUN   FuzzWrapExpressionsInTemplateConditionals/seed#4
=== RUN   FuzzWrapExpressionsInTemplateConditionals/seed#5
=== RUN   FuzzWrapExpressionsInTemplateConditionals/seed#6
=== RUN   FuzzWrapExpressionsInTemplateConditionals/seed#7
=== RUN   FuzzWrapExpressionsInTemplateConditionals/seed#8
=== RUN   FuzzWrapExpressionsInTemplateConditionals/seed#9
=== RUN   FuzzWrapExpressionsInTemplateConditionals/seed#10
=== RUN   FuzzWrapExpressionsInTemplateConditionals/seed#11
=== RUN   FuzzWrapExpressionsInTemplateConditionals/seed#12
=== RUN   FuzzWrapExpressionsInTemplateConditionals/seed#13
=== RUN   FuzzWrapExpressionsInTemplateConditionals/seed#14
=== RUN   FuzzWrapExpressionsInTemplateConditionals/seed#15
=== RUN   FuzzWrapExpressionsInTemplateConditionals/seed#16
=== RUN   FuzzWrapExpressionsInTemplateConditionals/seed#17
=== RUN   FuzzWrapExpressionsInTemplateConditionals/seed#18
=== RUN   FuzzWrapExpressionsInTemplateConditionals/seed#19
=== RUN   FuzzWrapExpressionsInTemplateConditionals/seed#20
=== RUN   FuzzWrapExpressionsInTemplateConditionals/seed#21
=== RUN   FuzzWrapExpressionsInTemplateConditionals/seed#22
=== RUN   FuzzWrapExpressionsInTemplateConditionals/seed#23
=== RUN   FuzzWrapExpressionsInTemplateConditionals/seed#24
=== RUN   FuzzWrapExpressionsInTemplateConditionals/seed#25
=== RUN   FuzzWrapExpressionsInTemplateConditionals/seed#26
=== RUN   FuzzWrapExpressionsInTemplateConditionals/seed#27
=== RUN   FuzzWrapExpressionsInTemplateConditionals/seed#28
=== RUN   FuzzWrapExpressionsInTemplateConditionals/seed#29
=== RUN   FuzzWrapExpressionsInTemplateConditionals/seed#30
=== RUN   FuzzWrapExpressionsInTemplateConditionals/seed#31
=== RUN   FuzzWrapExpressionsInTemplateConditionals/seed#32
=== RUN   FuzzWrapExpressionsInTemplateConditionals/seed#33
=== RUN   FuzzWrapExpressionsInTemplateConditionals/seed#34
=== RUN   FuzzWrapExpressionsInTemplateConditionals/seed#35
=== RUN   FuzzWrapExpressionsInTemplateConditionals/seed#36
=== RUN   FuzzWrapExpressionsInTemplateConditionals/seed#37
=== RUN   FuzzWrapExpressionsInTemplateConditionals/seed#38
=== RUN   FuzzWrapExpressionsInTemplateConditionals/seed#39
=== RUN   FuzzWrapExpressionsInTemplateConditionals/seed#40
=== RUN   FuzzWrapExpressionsInTemplateConditionals/seed#41
=== RUN   FuzzWrapExpressionsInTemplateConditionals/seed#42
=== RUN   FuzzWrapExpressionsInTemplateConditionals/seed#43
=== RUN   FuzzWrapExpressionsInTemplateConditionals/seed#44
=== RUN   FuzzWrapExpressionsInTemplateConditionals/seed#45
=== RUN   FuzzWrapExpressionsInTemplateConditionals/seed#46
=== RUN   FuzzWrapExpressionsInTemplateConditionals/seed#47
=== RUN   FuzzWrapExpressionsInTemplateConditionals/seed#48
=== RUN   FuzzWrapExpressionsInTemplateConditionals/seed#49
=== RUN   FuzzWrapExpressionsInTemplateConditionals/seed#50
=== RUN   FuzzWrapExpressionsInTemplateConditionals/seed#51
=== RUN   FuzzWrapExpressionsInTemplateConditionals/seed#52
=== RUN   FuzzWrapExpressionsInTemplateConditionals/seed#53
=== RUN   FuzzWrapExpressionsInTemplateConditionals/seed#54
=== RUN   FuzzWrapExpressionsInTemplateConditionals/seed#55
=== RUN   FuzzWrapExpressionsInTemplateConditionals/seed#56
=== RUN   FuzzWrapExpressionsInTemplateConditionals/seed#57
=== RUN   FuzzWrapExpressionsInTemplateConditionals/ac107ff63618a298
--- PASS: FuzzWrapExpressionsInTemplateConditionals (0.00s)
    --- PASS: FuzzWrapExpressionsInTemplateConditionals/seed#0 (0.00s)
    --- PASS: FuzzWrapExpressionsInTemplateConditionals/seed#1 (0.00s)
    --- PASS: FuzzWrapExpressionsInTemplateConditionals/seed#2 (0.00s)
    --- PASS: FuzzWrapExpressionsInTemplateConditionals/seed#3 (0.00s)
    --- PASS: FuzzWrapExpressionsInTemplateConditionals/seed#4 (0.00s)
    --- PASS: FuzzWrapExpressionsInTemplateConditionals/seed#5 (0.00s)
    --- PASS: FuzzWrapExpressionsInTemplateConditionals/seed#6 (0.00s)
    --- PASS: FuzzWrapExpressionsInTemplateConditionals/seed#7 (0.00s)
    --- PASS: FuzzWrapExpressionsInTemplateConditionals/seed#8 (0.00s)
    --- PASS: FuzzWrapExpressionsInTemplateConditionals/seed#9 (0.00s)
    --- PASS: FuzzWrapExpressionsInTemplateConditionals/seed#10 (0.00s)
    --- PASS: FuzzWrapExpressionsInTemplateConditionals/seed#11 (0.00s)
    --- PASS: FuzzWrapExpressionsInTemplateConditionals/seed#12 (0.00s)
    --- PASS: FuzzWrapExpressionsInTemplateConditionals/seed#13 (0.00s)
    --- PASS: FuzzWrapExpressionsInTemplateConditionals/seed#14 (0.00s)
    --- PASS: FuzzWrapExpressionsInTemplateConditionals/seed#15 (0.00s)
    --- PASS: FuzzWrapExpressionsInTemplateConditionals/seed#16 (0.00s)
    --- PASS: FuzzWrapExpressionsInTemplateConditionals/seed#17 (0.00s)
    --- PASS: FuzzWrapExpressionsInTemplateConditionals/seed#18 (0.00s)
    --- PASS: FuzzWrapExpressionsInTemplateConditionals/seed#19 (0.00s)
    --- PASS: FuzzWrapExpressionsInTemplateConditionals/seed#20 (0.00s)
    --- PASS: FuzzWrapExpressionsInTemplateConditionals/seed#21 (0.00s)
    --- PASS: FuzzWrapExpressionsInTemplateConditionals/seed#22 (0.00s)
    --- PASS: FuzzWrapExpressionsInTemplateConditionals/seed#23 (0.00s)
    --- PASS: FuzzWrapExpressionsInTemplateConditionals/seed#24 (0.00s)
    --- PASS: FuzzWrapExpressionsInTemplateConditionals/seed#25 (0.00s)
    --- PASS: FuzzWrapExpressionsInTemplateConditionals/seed#26 (0.00s)
    --- PASS: FuzzWrapExpressionsInTemplateConditionals/seed#27 (0.00s)
    --- PASS: FuzzWrapExpressionsInTemplateConditionals/seed#28 (0.00s)
    --- PASS: FuzzWrapExpressionsInTemplateConditionals/seed#29 (0.00s)
    --- PASS: FuzzWrapExpressionsInTemplateConditionals/seed#30 (0.00s)
    --- PASS: FuzzWrapExpressionsInTemplateConditionals/seed#31 (0.00s)
    --- PASS: FuzzWrapExpressionsInTemplateConditionals/seed#32 (0.00s)
    --- PASS: FuzzWrapExpressionsInTemplateConditionals/seed#33 (0.00s)
    --- PASS: FuzzWrapExpressionsInTemplateConditionals/seed#34 (0.00s)
    --- PASS: FuzzWrapExpressionsInTemplateConditionals/seed#35 (0.00s)
    --- PASS: FuzzWrapExpressionsInTemplateConditionals/seed#36 (0.00s)
    --- PASS: FuzzWrapExpressionsInTemplateConditionals/seed#37 (0.00s)
    --- PASS: FuzzWrapExpressionsInTemplateConditionals/seed#38 (0.00s)
    --- PASS: FuzzWrapExpressionsInTemplateConditionals/seed#39 (0.00s)
    --- PASS: FuzzWrapExpressionsInTemplateConditionals/seed#40 (0.00s)
    --- PASS: FuzzWrapExpressionsInTemplateConditionals/seed#41 (0.00s)
    --- PASS: FuzzWrapExpressionsInTemplateConditionals/seed#42 (0.00s)
    --- PASS: FuzzWrapExpressionsInTemplateConditionals/seed#43 (0.00s)
    --- PASS: FuzzWrapExpressionsInTemplateConditionals/seed#44 (0.00s)
    --- PASS: FuzzWrapExpressionsInTemplateConditionals/seed#45 (0.00s)
    --- PASS: FuzzWrapExpressionsInTemplateConditionals/seed#46 (0.00s)
    --- PASS: FuzzWrapExpressionsInTemplateConditionals/seed#47 (0.00s)
    --- PASS: FuzzWrapExpressionsInTemplateConditionals/seed#48 (0.00s)
    --- PASS: FuzzWrapExpressionsInTemplateConditionals/seed#49 (0.00s)
    --- PASS: FuzzWrapExpressionsInTemplateConditionals/seed#50 (0.00s)
    --- PASS: FuzzWrapExpressionsInTemplateConditionals/seed#51 (0.00s)
    --- PASS: FuzzWrapExpressionsInTemplateConditionals/seed#52 (0.00s)
    --- PASS: FuzzWrapExpressionsInTemplateConditionals/seed#53 (0.00s)
    --- PASS: FuzzWrapExpressionsInTemplateConditionals/seed#54 (0.00s)
    --- PASS: FuzzWrapExpressionsInTemplateConditionals/seed#55 (0.00s)
    --- PASS: FuzzWrapExpressionsInTemplateConditionals/seed#56 (0.00s)
    --- PASS: FuzzWrapExpressionsInTemplateConditionals/seed#57 (0.00s)
    --- PASS: FuzzWrapExpressionsInTemplateConditionals/ac107ff63618a298 (0.00s)
=== RUN   FuzzValidateNoTemplateInjection
=== RUN   FuzzValidateNoTemplateInjection/seed#0
=== RUN   FuzzValidateNoTemplateInjection/seed#1
=== RUN   FuzzValidateNoTemplateInjection/seed#2
=== RUN   FuzzValidateNoTemplateInjection/seed#3
=== RUN   FuzzValidateNoTemplateInjection/seed#4
=== RUN   FuzzValidateNoTemplateInjection/seed#5
=== RUN   FuzzValidateNoTemplateInjection/seed#6
=== RUN   FuzzValidateNoTemplateInjection/seed#7
=== RUN   FuzzValidateNoTemplateInjection/seed#8
=== RUN   FuzzValidateNoTemplateInjection/seed#9
=== RUN   FuzzValidateNoTemplateInjection/seed#10
=== RUN   FuzzValidateNoTemplateInjection/seed#11
=== RUN   FuzzValidateNoTemplateInjection/seed#12
=== RUN   FuzzValidateNoTemplateInjection/seed#13
=== RUN   FuzzValidateNoTemplateInjection/seed#14
=== RUN   FuzzValidateNoTemplateInjection/seed#15
=== RUN   FuzzValidateNoTemplateInjection/seed#16
=== RUN   FuzzValidateNoTemplateInjection/seed#17
=== RUN   FuzzValidateNoTemplateInjection/seed#18
=== RUN   FuzzValidateNoTemplateInjection/seed#19
=== RUN   FuzzValidateNoTemplateInjection/seed#20
=== RUN   FuzzValidateNoTemplateInjection/seed#21
=== RUN   FuzzValidateNoTemplateInjection/seed#22
=== RUN   FuzzValidateNoTemplateInjection/seed#23
=== RUN   FuzzValidateNoTemplateInjection/seed#24
=== RUN   FuzzValidateNoTemplateInjection/seed#25
=== RUN   FuzzValidateNoTemplateInjection/seed#26
=== RUN   FuzzValidateNoTemplateInjection/seed#27
=== RUN   FuzzValidateNoTemplateInjection/seed#28
=== RUN   FuzzValidateNoTemplateInjection/seed#29
=== RUN   FuzzValidateNoTemplateInjection/seed#30
=== RUN   FuzzValidateNoTemplateInjection/seed#31
=== RUN   FuzzValidateNoTemplateInjection/seed#32
=== RUN   FuzzValidateNoTemplateInjection/seed#33
=== RUN   FuzzValidateNoTemplateInjection/seed#34
=== RUN   FuzzValidateNoTemplateInjection/seed#35
=== RUN   FuzzValidateNoTemplateInjection/seed#36
=== RUN   FuzzValidateNoTemplateInjection/seed#37
=== RUN   FuzzValidateNoTemplateInjection/seed#38
--- PASS: FuzzValidateNoTemplateInjection (0.01s)
    --- PASS: FuzzValidateNoTemplateInjection/seed#0 (0.00s)
    --- PASS: FuzzValidateNoTemplateInjection/seed#1 (0.00s)
    --- PASS: FuzzValidateNoTemplateInjection/seed#2 (0.00s)
    --- PASS: FuzzValidateNoTemplateInjection/seed#3 (0.00s)
    --- PASS: FuzzValidateNoTemplateInjection/seed#4 (0.00s)
    --- PASS: FuzzValidateNoTemplateInjection/seed#5 (0.00s)
    --- PASS: FuzzValidateNoTemplateInjection/seed#6 (0.00s)
    --- PASS: FuzzValidateNoTemplateInjection/seed#7 (0.00s)
    --- PASS: FuzzValidateNoTemplateInjection/seed#8 (0.00s)
    --- PASS: FuzzValidateNoTemplateInjection/seed#9 (0.00s)
    --- PASS: FuzzValidateNoTemplateInjection/seed#10 (0.00s)
    --- PASS: FuzzValidateNoTemplateInjection/seed#11 (0.00s)
    --- PASS: FuzzValidateNoTemplateInjection/seed#12 (0.00s)
    --- PASS: FuzzValidateNoTemplateInjection/seed#13 (0.00s)
    --- PASS: FuzzValidateNoTemplateInjection/seed#14 (0.00s)
    --- PASS: FuzzValidateNoTemplateInjection/seed#15 (0.00s)
    --- PASS: FuzzValidateNoTemplateInjection/seed#16 (0.00s)
    --- PASS: FuzzValidateNoTemplateInjection/seed#17 (0.00s)
    --- PASS: FuzzValidateNoTemplateInjection/seed#18 (0.00s)
    --- PASS: FuzzValidateNoTemplateInjection/seed#19 (0.00s)
    --- PASS: FuzzValidateNoTemplateInjection/seed#20 (0.00s)
    --- PASS: FuzzValidateNoTemplateInjection/seed#21 (0.00s)
    --- PASS: FuzzValidateNoTemplateInjection/seed#22 (0.00s)
    --- PASS: FuzzValidateNoTemplateInjection/seed#23 (0.00s)
    --- PASS: FuzzValidateNoTemplateInjection/seed#24 (0.00s)
    --- PASS: FuzzValidateNoTemplateInjection/seed#25 (0.00s)
    --- PASS: FuzzValidateNoTemplateInjection/seed#26 (0.00s)
    --- PASS: FuzzValidateNoTemplateInjection/seed#27 (0.00s)
    --- PASS: FuzzValidateNoTemplateInjection/seed#28 (0.00s)
    --- PASS: FuzzValidateNoTemplateInjection/seed#29 (0.00s)
    --- PASS: FuzzValidateNoTemplateInjection/seed#30 (0.00s)
    --- PASS: FuzzValidateNoTemplateInjection/seed#31 (0.00s)
    --- PASS: FuzzValidateNoTemplateInjection/seed#32 (0.00s)
    --- PASS: FuzzValidateNoTemplateInjection/seed#33 (0.00s)
    --- PASS: FuzzValidateNoTemplateInjection/seed#34 (0.00s)
    --- PASS: FuzzValidateNoTemplateInjection/seed#35 (0.00s)
    --- PASS: FuzzValidateNoTemplateInjection/seed#36 (0.00s)
    --- PASS: FuzzValidateNoTemplateInjection/seed#37 (0.00s)
    --- PASS: FuzzValidateNoTemplateInjection/seed#38 (0.00s)
=== RUN   FuzzRemoveHeredocContent
=== RUN   FuzzRemoveHeredocContent/seed#0
=== RUN   FuzzRemoveHeredocContent/seed#1
=== RUN   FuzzRemoveHeredocContent/seed#2
=== RUN   FuzzRemoveHeredocContent/seed#3
=== RUN   FuzzRemoveHeredocContent/seed#4
=== RUN   FuzzRemoveHeredocContent/seed#5
=== RUN   FuzzRemoveHeredocContent/seed#6
=== RUN   FuzzRemoveHeredocContent/seed#7
=== RUN   FuzzRemoveHeredocContent/seed#8
=== RUN   FuzzRemoveHeredocContent/seed#9
=== RUN   FuzzRemoveHeredocContent/seed#10
--- PASS: FuzzRemoveHeredocContent (0.00s)
    --- PASS: FuzzRemoveHeredocContent/seed#0 (0.00s)
    --- PASS: FuzzRemoveHeredocContent/seed#1 (0.00s)
    --- PASS: FuzzRemoveHeredocContent/seed#2 (0.00s)
    --- PASS: FuzzRemoveHeredocContent/seed#3 (0.00s)
    --- PASS: FuzzRemoveHeredocContent/seed#4 (0.00s)
    --- PASS: FuzzRemoveHeredocContent/seed#5 (0.00s)
    --- PASS: FuzzRemoveHeredocContent/seed#6 (0.00s)
    --- PASS: FuzzRemoveHeredocContent/seed#7 (0.00s)
    --- PASS: FuzzRemoveHeredocContent/seed#8 (0.00s)
    --- PASS: FuzzRemoveHeredocContent/seed#9 (0.00s)
    --- PASS: FuzzRemoveHeredocContent/seed#10 (0.00s)
=== RUN   FuzzParseTriggerShorthand
=== RUN   FuzzParseTriggerShorthand/seed#0
=== RUN   FuzzParseTriggerShorthand/seed#1
=== RUN   FuzzParseTriggerShorthand/seed#2
=== RUN   FuzzParseTriggerShorthand/seed#3
=== RUN   FuzzParseTriggerShorthand/seed#4
=== RUN   FuzzParseTriggerShorthand/seed#5
=== RUN   FuzzParseTriggerShorthand/seed#6
=== RUN   FuzzParseTriggerShorthand/seed#7
=== RUN   FuzzParseTriggerShorthand/seed#8
=== RUN   FuzzParseTriggerShorthand/seed#9
=== RUN   FuzzParseTriggerShorthand/seed#10
=== RUN   FuzzParseTriggerShorthand/seed#11
=== RUN   FuzzParseTriggerShorthand/seed#12
=== RUN   FuzzParseTriggerShorthand/seed#13
=== RUN   FuzzParseTriggerShorthand/seed#14
=== RUN   FuzzParseTriggerShorthand/seed#15
=== RUN   FuzzParseTriggerShorthand/seed#16
=== RUN   FuzzParseTriggerShorthand/seed#17
=== RUN   FuzzParseTriggerShorthand/seed#18
=== RUN   FuzzParseTriggerShorthand/seed#19
=== RUN   FuzzParseTriggerShorthand/seed#20
=== RUN   FuzzParseTriggerShorthand/seed#21
=== RUN   FuzzParseTriggerShorthand/seed#22
=== RUN   FuzzParseTriggerShorthand/seed#23
=== RUN   FuzzParseTriggerShorthand/seed#24
=== RUN   FuzzParseTriggerShorthand/seed#25
=== RUN   FuzzParseTriggerShorthand/seed#26
=== RUN   FuzzParseTriggerShorthand/seed#27
=== RUN   FuzzParseTriggerShorthand/seed#28
=== RUN   FuzzParseTriggerShorthand/seed#29
=== RUN   FuzzParseTriggerShorthand/seed#30
=== RUN   FuzzParseTriggerShorthand/seed#31
=== RUN   FuzzParseTriggerShorthand/seed#32
=== RUN   FuzzParseTriggerShorthand/seed#33
=== RUN   FuzzParseTriggerShorthand/seed#34
=== RUN   FuzzParseTriggerShorthand/seed#35
=== RUN   FuzzParseTriggerShorthand/seed#36
=== RUN   FuzzParseTriggerShorthand/seed#37
=== RUN   FuzzParseTriggerShorthand/seed#38
=== RUN   FuzzParseTriggerShorthand/seed#39
=== RUN   FuzzParseTriggerShorthand/seed#40
=== RUN   FuzzParseTriggerShorthand/seed#41
=== RUN   FuzzParseTriggerShorthand/seed#42
=== RUN   FuzzParseTriggerShorthand/seed#43
=== RUN   FuzzParseTriggerShorthand/seed#44
=== RUN   FuzzParseTriggerShorthand/seed#45
=== RUN   FuzzParseTriggerShorthand/seed#46
=== RUN   FuzzParseTriggerShorthand/seed#47
=== RUN   FuzzParseTriggerShorthand/seed#48
=== RUN   FuzzParseTriggerShorthand/seed#49
=== RUN   FuzzParseTriggerShorthand/seed#50
=== RUN   FuzzParseTriggerShorthand/seed#51
=== RUN   FuzzParseTriggerShorthand/seed#52
=== RUN   FuzzParseTriggerShorthand/seed#53
=== RUN   FuzzParseTriggerShorthand/seed#54
=== RUN   FuzzParseTriggerShorthand/seed#55
=== RUN   FuzzParseTriggerShorthand/seed#56
=== RUN   FuzzParseTriggerShorthand/seed#57
=== RUN   FuzzParseTriggerShorthand/seed#58
=== RUN   FuzzParseTriggerShorthand/seed#59
=== RUN   FuzzParseTriggerShorthand/seed#60
=== RUN   FuzzParseTriggerShorthand/seed#61
=== RUN   FuzzParseTriggerShorthand/seed#62
=== RUN   FuzzParseTriggerShorthand/seed#63
=== RUN   FuzzParseTriggerShorthand/seed#64
=== RUN   FuzzParseTriggerShorthand/seed#65
=== RUN   FuzzParseTriggerShorthand/seed#66
=== RUN   FuzzParseTriggerShorthand/seed#67
=== RUN   FuzzParseTriggerShorthand/seed#68
=== RUN   FuzzParseTriggerShorthand/seed#69
=== RUN   FuzzParseTriggerShorthand/seed#70
=== RUN   FuzzParseTriggerShorthand/seed#71
=== RUN   FuzzParseTriggerShorthand/seed#72
=== RUN   FuzzParseTriggerShorthand/seed#73
=== RUN   FuzzParseTriggerShorthand/seed#74
=== RUN   FuzzParseTriggerShorthand/seed#75
=== RUN   FuzzParseTriggerShorthand/seed#76
=== RUN   FuzzParseTriggerShorthand/seed#77
=== RUN   FuzzParseTriggerShorthand/seed#78
=== RUN   FuzzParseTriggerShorthand/seed#79
=== RUN   FuzzParseTriggerShorthand/seed#80
=== RUN   FuzzParseTriggerShorthand/seed#81
=== RUN   FuzzParseTriggerShorthand/seed#82
=== RUN   FuzzParseTriggerShorthand/seed#83
=== RUN   FuzzParseTriggerShorthand/seed#84
=== RUN   FuzzParseTriggerShorthand/seed#85
=== RUN   FuzzParseTriggerShorthand/seed#86
=== RUN   FuzzParseTriggerShorthand/seed#87
=== RUN   FuzzParseTriggerShorthand/seed#88
=== RUN   FuzzParseTriggerShorthand/seed#89
=== RUN   FuzzParseTriggerShorthand/seed#90
=== RUN   FuzzParseTriggerShorthand/seed#91
=== RUN   FuzzParseTriggerShorthand/seed#92
=== RUN   FuzzParseTriggerShorthand/seed#93
=== RUN   FuzzParseTriggerShorthand/seed#94
=== RUN   FuzzParseTriggerShorthand/seed#95
=== RUN   FuzzParseTriggerShorthand/seed#96
=== RUN   FuzzParseTriggerShorthand/seed#97
=== RUN   FuzzParseTriggerShorthand/seed#98
=== RUN   FuzzParseTriggerShorthand/seed#99
=== RUN   FuzzParseTriggerShorthand/seed#100
=== RUN   FuzzParseTriggerShorthand/seed#101
=== RUN   FuzzParseTriggerShorthand/seed#102
=== RUN   FuzzParseTriggerShorthand/seed#103
=== RUN   FuzzParseTriggerShorthand/seed#104
=== RUN   FuzzParseTriggerShorthand/seed#105
=== RUN   FuzzParseTriggerShorthand/seed#106
=== RUN   FuzzParseTriggerShorthand/seed#107
=== RUN   FuzzParseTriggerShorthand/seed#108
=== RUN   FuzzParseTriggerShorthand/seed#109
=== RUN   FuzzParseTriggerShorthand/seed#110
=== RUN   FuzzParseTriggerShorthand/seed#111
=== RUN   FuzzParseTriggerShorthand/seed#112
=== RUN   FuzzParseTriggerShorthand/seed#113
=== RUN   FuzzParseTriggerShorthand/seed#114
=== RUN   FuzzParseTriggerShorthand/seed#115
=== RUN   FuzzParseTriggerShorthand/seed#116
=== RUN   FuzzParseTriggerShorthand/seed#117
=== RUN   FuzzParseTriggerShorthand/seed#118
=== RUN   FuzzParseTriggerShorthand/seed#119
=== RUN   FuzzParseTriggerShorthand/seed#120
=== RUN   FuzzParseTriggerShorthand/seed#121
=== RUN   FuzzParseTriggerShorthand/seed#122
=== RUN   FuzzParseTriggerShorthand/seed#123
=== RUN   FuzzParseTriggerShorthand/seed#124
=== RUN   FuzzParseTriggerShorthand/seed#125
=== RUN   FuzzParseTriggerShorthand/seed#126
--- PASS: FuzzParseTriggerShorthand (0.01s)
    --- PASS: FuzzParseTriggerShorthand/seed#0 (0.00s)
    --- PASS: FuzzParseTriggerShorthand/seed#1 (0.00s)
    --- PASS: FuzzParseTriggerShorthand/seed#2 (0.00s)
    --- PASS: FuzzParseTriggerShorthand/seed#3 (0.00s)
    --- PASS: FuzzParseTriggerShorthand/seed#4 (0.00s)
    --- PASS: FuzzParseTriggerShorthand/seed#5 (0.00s)
    --- PASS: FuzzParseTriggerShorthand/seed#6 (0.00s)
    --- PASS: FuzzParseTriggerShorthand/seed#7 (0.00s)
    --- PASS: FuzzParseTriggerShorthand/seed#8 (0.00s)
    --- PASS: FuzzParseTriggerShorthand/seed#9 (0.00s)
    --- PASS: FuzzParseTriggerShorthand/seed#10 (0.00s)
    --- PASS: FuzzParseTriggerShorthand/seed#11 (0.00s)
    --- PASS: FuzzParseTriggerShorthand/seed#12 (0.00s)
    --- PASS: FuzzParseTriggerShorthand/seed#13 (0.00s)
    --- PASS: FuzzParseTriggerShorthand/seed#14 (0.00s)
    --- PASS: FuzzParseTriggerShorthand/seed#15 (0.00s)
    --- PASS: FuzzParseTriggerShorthand/seed#16 (0.00s)
    --- PASS: FuzzParseTriggerShorthand/seed#17 (0.00s)
    --- PASS: FuzzParseTriggerShorthand/seed#18 (0.00s)
    --- PASS: FuzzParseTriggerShorthand/seed#19 (0.00s)
    --- PASS: FuzzParseTriggerShorthand/seed#20 (0.00s)
    --- PASS: FuzzParseTriggerShorthand/seed#21 (0.00s)
    --- PASS: FuzzParseTriggerShorthand/seed#22 (0.00s)
    --- PASS: FuzzParseTriggerShorthand/seed#23 (0.00s)
    --- PASS: FuzzParseTriggerShorthand/seed#24 (0.00s)
    --- PASS: FuzzParseTriggerShorthand/seed#25 (0.00s)
    --- PASS: FuzzParseTriggerShorthand/seed#26 (0.00s)
    --- PASS: FuzzParseTriggerShorthand/seed#27 (0.00s)
    --- PASS: FuzzParseTriggerShorthand/seed#28 (0.00s)
    --- PASS: FuzzParseTriggerShorthand/seed#29 (0.00s)
    --- PASS: FuzzParseTriggerShorthand/seed#30 (0.00s)
    --- PASS: FuzzParseTriggerShorthand/seed#31 (0.00s)
    --- PASS: FuzzParseTriggerShorthand/seed#32 (0.00s)
    --- PASS: FuzzParseTriggerShorthand/seed#33 (0.00s)
    --- PASS: FuzzParseTriggerShorthand/seed#34 (0.00s)
    --- PASS: FuzzParseTriggerShorthand/seed#35 (0.00s)
    --- PASS: FuzzParseTriggerShorthand/seed#36 (0.00s)
    --- PASS: FuzzParseTriggerShorthand/seed#37 (0.00s)
    --- PASS: FuzzParseTriggerShorthand/seed#38 (0.00s)
    --- PASS: FuzzParseTriggerShorthand/seed#39 (0.00s)
    --- PASS: FuzzParseTriggerShorthand/seed#40 (0.00s)
    --- PASS: FuzzParseTriggerShorthand/seed#41 (0.00s)
    --- PASS: FuzzParseTriggerShorthand/seed#42 (0.00s)
    --- PASS: FuzzParseTriggerShorthand/seed#43 (0.00s)
    --- PASS: FuzzParseTriggerShorthand/seed#44 (0.00s)
    --- PASS: FuzzParseTriggerShorthand/seed#45 (0.00s)
    --- PASS: FuzzParseTriggerShorthand/seed#46 (0.00s)
    --- PASS: FuzzParseTriggerShorthand/seed#47 (0.00s)
    --- PASS: FuzzParseTriggerShorthand/seed#48 (0.00s)
    --- PASS: FuzzParseTriggerShorthand/seed#49 (0.00s)
    --- PASS: FuzzParseTriggerShorthand/seed#50 (0.00s)
    --- PASS: FuzzParseTriggerShorthand/seed#51 (0.00s)
    --- PASS: FuzzParseTriggerShorthand/seed#52 (0.00s)
    --- PASS: FuzzParseTriggerShorthand/seed#53 (0.00s)
    --- PASS: FuzzParseTriggerShorthand/seed#54 (0.00s)
    --- PASS: FuzzParseTriggerShorthand/seed#55 (0.00s)
    --- PASS: FuzzParseTriggerShorthand/seed#56 (0.00s)
    --- PASS: FuzzParseTriggerShorthand/seed#57 (0.00s)
    --- PASS: FuzzParseTriggerShorthand/seed#58 (0.00s)
    --- PASS: FuzzParseTriggerShorthand/seed#59 (0.00s)
    --- PASS: FuzzParseTriggerShorthand/seed#60 (0.00s)
    --- PASS: FuzzParseTriggerShorthand/seed#61 (0.00s)
    --- PASS: FuzzParseTriggerShorthand/seed#62 (0.00s)
    --- PASS: FuzzParseTriggerShorthand/seed#63 (0.00s)
    --- PASS: FuzzParseTriggerShorthand/seed#64 (0.00s)
    --- PASS: FuzzParseTriggerShorthand/seed#65 (0.00s)
    --- PASS: FuzzParseTriggerShorthand/seed#66 (0.00s)
    --- PASS: FuzzParseTriggerShorthand/seed#67 (0.00s)
    --- PASS: FuzzParseTriggerShorthand/seed#68 (0.00s)
    --- PASS: FuzzParseTriggerShorthand/seed#69 (0.00s)
    --- PASS: FuzzParseTriggerShorthand/seed#70 (0.00s)
    --- PASS: FuzzParseTriggerShorthand/seed#71 (0.00s)
    --- PASS: FuzzParseTriggerShorthand/seed#72 (0.00s)
    --- PASS: FuzzParseTriggerShorthand/seed#73 (0.00s)
    --- PASS: FuzzParseTriggerShorthand/seed#74 (0.00s)
    --- PASS: FuzzParseTriggerShorthand/seed#75 (0.00s)
    --- PASS: FuzzParseTriggerShorthand/seed#76 (0.00s)
    --- PASS: FuzzParseTriggerShorthand/seed#77 (0.00s)
    --- PASS: FuzzParseTriggerShorthand/seed#78 (0.00s)
    --- PASS: FuzzParseTriggerShorthand/seed#79 (0.00s)
    --- PASS: FuzzParseTriggerShorthand/seed#80 (0.00s)
    --- PASS: FuzzParseTriggerShorthand/seed#81 (0.00s)
    --- PASS: FuzzParseTriggerShorthand/seed#82 (0.00s)
    --- PASS: FuzzParseTriggerShorthand/seed#83 (0.00s)
    --- PASS: FuzzParseTriggerShorthand/seed#84 (0.00s)
    --- PASS: FuzzParseTriggerShorthand/seed#85 (0.00s)
    --- PASS: FuzzParseTriggerShorthand/seed#86 (0.00s)
    --- PASS: FuzzParseTriggerShorthand/seed#87 (0.00s)
    --- PASS: FuzzParseTriggerShorthand/seed#88 (0.00s)
    --- PASS: FuzzParseTriggerShorthand/seed#89 (0.00s)
    --- PASS: FuzzParseTriggerShorthand/seed#90 (0.00s)
    --- PASS: FuzzParseTriggerShorthand/seed#91 (0.00s)
    --- PASS: FuzzParseTriggerShorthand/seed#92 (0.00s)
    --- PASS: FuzzParseTriggerShorthand/seed#93 (0.00s)
    --- PASS: FuzzParseTriggerShorthand/seed#94 (0.00s)
    --- PASS: FuzzParseTriggerShorthand/seed#95 (0.00s)
    --- PASS: FuzzParseTriggerShorthand/seed#96 (0.00s)
    --- PASS: FuzzParseTriggerShorthand/seed#97 (0.00s)
    --- PASS: FuzzParseTriggerShorthand/seed#98 (0.00s)
    --- PASS: FuzzParseTriggerShorthand/seed#99 (0.00s)
    --- PASS: FuzzParseTriggerShorthand/seed#100 (0.00s)
    --- PASS: FuzzParseTriggerShorthand/seed#101 (0.00s)
    --- PASS: FuzzParseTriggerShorthand/seed#102 (0.00s)
    --- PASS: FuzzParseTriggerShorthand/seed#103 (0.00s)
    --- PASS: FuzzParseTriggerShorthand/seed#104 (0.00s)
    --- PASS: FuzzParseTriggerShorthand/seed#105 (0.00s)
    --- PASS: FuzzParseTriggerShorthand/seed#106 (0.00s)
    --- PASS: FuzzParseTriggerShorthand/seed#107 (0.00s)
    --- PASS: FuzzParseTriggerShorthand/seed#108 (0.00s)
    --- PASS: FuzzParseTriggerShorthand/seed#109 (0.00s)
    --- PASS: FuzzParseTriggerShorthand/seed#110 (0.00s)
    --- PASS: FuzzParseTriggerShorthand/seed#111 (0.00s)
    --- PASS: FuzzParseTriggerShorthand/seed#112 (0.00s)
    --- PASS: FuzzParseTriggerShorthand/seed#113 (0.00s)
    --- PASS: FuzzParseTriggerShorthand/seed#114 (0.00s)
    --- PASS: FuzzParseTriggerShorthand/seed#115 (0.00s)
    --- PASS: FuzzParseTriggerShorthand/seed#116 (0.00s)
    --- PASS: FuzzParseTriggerShorthand/seed#117 (0.00s)
    --- PASS: FuzzParseTriggerShorthand/seed#118 (0.00s)
    --- PASS: FuzzParseTriggerShorthand/seed#119 (0.00s)
    --- PASS: FuzzParseTriggerShorthand/seed#120 (0.00s)
    --- PASS: FuzzParseTriggerShorthand/seed#121 (0.00s)
    --- PASS: FuzzParseTriggerShorthand/seed#122 (0.00s)
    --- PASS: FuzzParseTriggerShorthand/seed#123 (0.00s)
    --- PASS: FuzzParseTriggerShorthand/seed#124 (0.00s)
    --- PASS: FuzzParseTriggerShorthand/seed#125 (0.00s)
    --- PASS: FuzzParseTriggerShorthand/seed#126 (0.00s)
=== RUN   FuzzTriggerIRToYAMLMap
=== RUN   FuzzTriggerIRToYAMLMap/seed#0
=== RUN   FuzzTriggerIRToYAMLMap/seed#1
=== RUN   FuzzTriggerIRToYAMLMap/seed#2
=== RUN   FuzzTriggerIRToYAMLMap/seed#3
=== RUN   FuzzTriggerIRToYAMLMap/seed#4
=== RUN   FuzzTriggerIRToYAMLMap/seed#5
=== RUN   FuzzTriggerIRToYAMLMap/seed#6
=== RUN   FuzzTriggerIRToYAMLMap/seed#7
=== RUN   FuzzTriggerIRToYAMLMap/seed#8
=== RUN   FuzzTriggerIRToYAMLMap/seed#9
=== RUN   FuzzTriggerIRToYAMLMap/seed#10
--- PASS: FuzzTriggerIRToYAMLMap (0.00s)
    --- PASS: FuzzTriggerIRToYAMLMap/seed#0 (0.00s)
    --- PASS: FuzzTriggerIRToYAMLMap/seed#1 (0.00s)
    --- PASS: FuzzTriggerIRToYAMLMap/seed#2 (0.00s)
    --- PASS: FuzzTriggerIRToYAMLMap/seed#3 (0.00s)
    --- PASS: FuzzTriggerIRToYAMLMap/seed#4 (0.00s)
    --- PASS: FuzzTriggerIRToYAMLMap/seed#5 (0.00s)
    --- PASS: FuzzTriggerIRToYAMLMap/seed#6 (0.00s)
    --- PASS: FuzzTriggerIRToYAMLMap/seed#7 (0.00s)
    --- PASS: FuzzTriggerIRToYAMLMap/seed#8 (0.00s)
    --- PASS: FuzzTriggerIRToYAMLMap/seed#9 (0.00s)
    --- PASS: FuzzTriggerIRToYAMLMap/seed#10 (0.00s)
=== RUN   FuzzParseInputDefinition
=== RUN   FuzzParseInputDefinition/seed#0
=== RUN   FuzzParseInputDefinition/seed#1
=== RUN   FuzzParseInputDefinition/seed#2
=== RUN   FuzzParseInputDefinition/seed#3
=== RUN   FuzzParseInputDefinition/seed#4
=== RUN   FuzzParseInputDefinition/seed#5
=== RUN   FuzzParseInputDefinition/seed#6
=== RUN   FuzzParseInputDefinition/seed#7
=== RUN   FuzzParseInputDefinition/seed#8
=== RUN   FuzzParseInputDefinition/seed#9
=== RUN   FuzzParseInputDefinition/seed#10
=== RUN   FuzzParseInputDefinition/seed#11
=== RUN   FuzzParseInputDefinition/seed#12
=== RUN   FuzzParseInputDefinition/seed#13
=== RUN   FuzzParseInputDefinition/seed#14
=== RUN   FuzzParseInputDefinition/seed#15
=== RUN   FuzzParseInputDefinition/seed#16
=== RUN   FuzzParseInputDefinition/seed#17
=== RUN   FuzzParseInputDefinition/seed#18
=== RUN   FuzzParseInputDefinition/seed#19
=== RUN   FuzzParseInputDefinition/seed#20
=== RUN   FuzzParseInputDefinition/seed#21
=== RUN   FuzzParseInputDefinition/seed#22
=== RUN   FuzzParseInputDefinition/seed#23
=== RUN   FuzzParseInputDefinition/seed#24
=== RUN   FuzzParseInputDefinition/seed#25
=== RUN   FuzzParseInputDefinition/seed#26
=== RUN   FuzzParseInputDefinition/seed#27
=== RUN   FuzzParseInputDefinition/seed#28
=== RUN   FuzzParseInputDefinition/seed#29
=== RUN   FuzzParseInputDefinition/seed#30
=== RUN   FuzzParseInputDefinition/seed#31
=== RUN   FuzzParseInputDefinition/seed#32
=== RUN   FuzzParseInputDefinition/seed#33
=== RUN   FuzzParseInputDefinition/seed#34
=== RUN   FuzzParseInputDefinition/seed#35
=== RUN   FuzzParseInputDefinition/seed#36
=== RUN   FuzzParseInputDefinition/seed#37
=== RUN   FuzzParseInputDefinition/seed#38
=== RUN   FuzzParseInputDefinition/seed#39
=== RUN   FuzzParseInputDefinition/seed#40
=== RUN   FuzzParseInputDefinition/seed#41
=== RUN   FuzzParseInputDefinition/seed#42
=== RUN   FuzzParseInputDefinition/seed#43
=== RUN   FuzzParseInputDefinition/seed#44
=== RUN   FuzzParseInputDefinition/seed#45
=== RUN   FuzzParseInputDefinition/seed#46
=== RUN   FuzzParseInputDefinition/seed#47
=== RUN   FuzzParseInputDefinition/seed#48
=== RUN   FuzzParseInputDefinition/seed#49
=== RUN   FuzzParseInputDefinition/seed#50
=== RUN   FuzzParseInputDefinition/seed#51
=== RUN   FuzzParseInputDefinition/seed#52
=== RUN   FuzzParseInputDefinition/seed#53
=== RUN   FuzzParseInputDefinition/seed#54
=== RUN   FuzzParseInputDefinition/seed#55
=== RUN   FuzzParseInputDefinition/seed#56
--- PASS: FuzzParseInputDefinition (0.00s)
    --- PASS: FuzzParseInputDefinition/seed#0 (0.00s)
    --- PASS: FuzzParseInputDefinition/seed#1 (0.00s)
    --- PASS: FuzzParseInputDefinition/seed#2 (0.00s)
    --- PASS: FuzzParseInputDefinition/seed#3 (0.00s)
    --- PASS: FuzzParseInputDefinition/seed#4 (0.00s)
    --- PASS: FuzzParseInputDefinition/seed#5 (0.00s)
    --- PASS: FuzzParseInputDefinition/seed#6 (0.00s)
    --- PASS: FuzzParseInputDefinition/seed#7 (0.00s)
    --- PASS: FuzzParseInputDefinition/seed#8 (0.00s)
    --- PASS: FuzzParseInputDefinition/seed#9 (0.00s)
    --- PASS: FuzzParseInputDefinition/seed#10 (0.00s)
    --- PASS: FuzzParseInputDefinition/seed#11 (0.00s)
    --- PASS: FuzzParseInputDefinition/seed#12 (0.00s)
    --- PASS: FuzzParseInputDefinition/seed#13 (0.00s)
    --- PASS: FuzzParseInputDefinition/seed#14 (0.00s)
    --- PASS: FuzzParseInputDefinition/seed#15 (0.00s)
    --- PASS: FuzzParseInputDefinition/seed#16 (0.00s)
    --- PASS: FuzzParseInputDefinition/seed#17 (0.00s)
    --- PASS: FuzzParseInputDefinition/seed#18 (0.00s)
    --- PASS: FuzzParseInputDefinition/seed#19 (0.00s)
    --- PASS: FuzzParseInputDefinition/seed#20 (0.00s)
    --- PASS: FuzzParseInputDefinition/seed#21 (0.00s)
    --- PASS: FuzzParseInputDefinition/seed#22 (0.00s)
    --- PASS: FuzzParseInputDefinition/seed#23 (0.00s)
    --- PASS: FuzzParseInputDefinition/seed#24 (0.00s)
    --- PASS: FuzzParseInputDefinition/seed#25 (0.00s)
    --- PASS: FuzzParseInputDefinition/seed#26 (0.00s)
    --- PASS: FuzzParseInputDefinition/seed#27 (0.00s)
    --- PASS: FuzzParseInputDefinition/seed#28 (0.00s)
    --- PASS: FuzzParseInputDefinition/seed#29 (0.00s)
    --- PASS: FuzzParseInputDefinition/seed#30 (0.00s)
    --- PASS: FuzzParseInputDefinition/seed#31 (0.00s)
    --- PASS: FuzzParseInputDefinition/seed#32 (0.00s)
    --- PASS: FuzzParseInputDefinition/seed#33 (0.00s)
    --- PASS: FuzzParseInputDefinition/seed#34 (0.00s)
    --- PASS: FuzzParseInputDefinition/seed#35 (0.00s)
    --- PASS: FuzzParseInputDefinition/seed#36 (0.00s)
    --- PASS: FuzzParseInputDefinition/seed#37 (0.00s)
    --- PASS: FuzzParseInputDefinition/seed#38 (0.00s)
    --- PASS: FuzzParseInputDefinition/seed#39 (0.00s)
    --- PASS: FuzzParseInputDefinition/seed#40 (0.00s)
    --- PASS: FuzzParseInputDefinition/seed#41 (0.00s)
    --- PASS: FuzzParseInputDefinition/seed#42 (0.00s)
    --- PASS: FuzzParseInputDefinition/seed#43 (0.00s)
    --- PASS: FuzzParseInputDefinition/seed#44 (0.00s)
    --- PASS: FuzzParseInputDefinition/seed#45 (0.00s)
    --- PASS: FuzzParseInputDefinition/seed#46 (0.00s)
    --- PASS: FuzzParseInputDefinition/seed#47 (0.00s)
    --- PASS: FuzzParseInputDefinition/seed#48 (0.00s)
    --- PASS: FuzzParseInputDefinition/seed#49 (0.00s)
    --- PASS: FuzzParseInputDefinition/seed#50 (0.00s)
    --- PASS: FuzzParseInputDefinition/seed#51 (0.00s)
    --- PASS: FuzzParseInputDefinition/seed#52 (0.00s)
    --- PASS: FuzzParseInputDefinition/seed#53 (0.00s)
    --- PASS: FuzzParseInputDefinition/seed#54 (0.00s)
    --- PASS: FuzzParseInputDefinition/seed#55 (0.00s)
    --- PASS: FuzzParseInputDefinition/seed#56 (0.00s)
=== RUN   FuzzParseInputDefinitions
=== RUN   FuzzParseInputDefinitions/seed#0
=== RUN   FuzzParseInputDefinitions/seed#1
=== RUN   FuzzParseInputDefinitions/seed#2
=== RUN   FuzzParseInputDefinitions/seed#3
=== RUN   FuzzParseInputDefinitions/seed#4
=== RUN   FuzzParseInputDefinitions/seed#5
=== RUN   FuzzParseInputDefinitions/seed#6
=== RUN   FuzzParseInputDefinitions/seed#7
=== RUN   FuzzParseInputDefinitions/seed#8
--- PASS: FuzzParseInputDefinitions (0.00s)
    --- PASS: FuzzParseInputDefinitions/seed#0 (0.00s)
    --- PASS: FuzzParseInputDefinitions/seed#1 (0.00s)
    --- PASS: FuzzParseInputDefinitions/seed#2 (0.00s)
    --- PASS: FuzzParseInputDefinitions/seed#3 (0.00s)
    --- PASS: FuzzParseInputDefinitions/seed#4 (0.00s)
    --- PASS: FuzzParseInputDefinitions/seed#5 (0.00s)
    --- PASS: FuzzParseInputDefinitions/seed#6 (0.00s)
    --- PASS: FuzzParseInputDefinitions/seed#7 (0.00s)
    --- PASS: FuzzParseInputDefinitions/seed#8 (0.00s)
PASS
ok  	github.com/github/gh-aw/pkg/workflow	36.395s
=== RUN   TestBuildDefaultMaxTurnsExpression
--- PASS: TestBuildDefaultMaxTurnsExpression (0.00s)
=== RUN   TestBuildDefaultDetectionMaxAICreditsExpression
--- PASS: TestBuildDefaultDetectionMaxAICreditsExpression (0.00s)
=== RUN   TestBuildDefaultMaxDailyAICreditsExpression
--- PASS: TestBuildDefaultMaxDailyAICreditsExpression (0.00s)
=== RUN   TestBuildModelOverrideExpression
--- PASS: TestBuildModelOverrideExpression (0.00s)
=== RUN   TestResolveDefaultMaxTurns
=== RUN   TestResolveDefaultMaxTurns/unset_uses_fallback
=== RUN   TestResolveDefaultMaxTurns/invalid_uses_fallback
=== RUN   TestResolveDefaultMaxTurns/zero_uses_fallback
=== RUN   TestResolveDefaultMaxTurns/valid_value_overrides_fallback
--- PASS: TestResolveDefaultMaxTurns (0.00s)
    --- PASS: TestResolveDefaultMaxTurns/unset_uses_fallback (0.00s)
    --- PASS: TestResolveDefaultMaxTurns/invalid_uses_fallback (0.00s)
    --- PASS: TestResolveDefaultMaxTurns/zero_uses_fallback (0.00s)
    --- PASS: TestResolveDefaultMaxTurns/valid_value_overrides_fallback (0.00s)
=== RUN   TestResolveDefaultTimeoutMinutes
=== RUN   TestResolveDefaultTimeoutMinutes/unset_uses_fallback
=== RUN   TestResolveDefaultTimeoutMinutes/invalid_uses_fallback
=== RUN   TestResolveDefaultTimeoutMinutes/zero_uses_fallback
=== RUN   TestResolveDefaultTimeoutMinutes/valid_value_overrides_fallback
--- PASS: TestResolveDefaultTimeoutMinutes (0.00s)
    --- PASS: TestResolveDefaultTimeoutMinutes/unset_uses_fallback (0.00s)
    --- PASS: TestResolveDefaultTimeoutMinutes/invalid_uses_fallback (0.00s)
    --- PASS: TestResolveDefaultTimeoutMinutes/zero_uses_fallback (0.00s)
    --- PASS: TestResolveDefaultTimeoutMinutes/valid_value_overrides_fallback (0.00s)
=== RUN   TestResolveDefaultMaxTurnCacheMisses
=== RUN   TestResolveDefaultMaxTurnCacheMisses/unset_uses_fallback
=== RUN   TestResolveDefaultMaxTurnCacheMisses/invalid_uses_fallback
=== RUN   TestResolveDefaultMaxTurnCacheMisses/zero_uses_fallback
=== RUN   TestResolveDefaultMaxTurnCacheMisses/valid_value_overrides_fallback
--- PASS: TestResolveDefaultMaxTurnCacheMisses (0.00s)
    --- PASS: TestResolveDefaultMaxTurnCacheMisses/unset_uses_fallback (0.00s)
    --- PASS: TestResolveDefaultMaxTurnCacheMisses/invalid_uses_fallback (0.00s)
    --- PASS: TestResolveDefaultMaxTurnCacheMisses/zero_uses_fallback (0.00s)
    --- PASS: TestResolveDefaultMaxTurnCacheMisses/valid_value_overrides_fallback (0.00s)
=== RUN   TestParsePositiveIntEnvVar_OverflowRegression
--- PASS: TestParsePositiveIntEnvVar_OverflowRegression (0.00s)
=== RUN   TestResolveDefaultDetectionModel
=== RUN   TestResolveDefaultDetectionModel/unset_uses_fallback
=== RUN   TestResolveDefaultDetectionModel/unset_keeps_non-empty_fallback
=== RUN   TestResolveDefaultDetectionModel/set_value_overrides_fallback
--- PASS: TestResolveDefaultDetectionModel (0.00s)
    --- PASS: TestResolveDefaultDetectionModel/unset_uses_fallback (0.00s)
    --- PASS: TestResolveDefaultDetectionModel/unset_keeps_non-empty_fallback (0.00s)
    --- PASS: TestResolveDefaultDetectionModel/set_value_overrides_fallback (0.00s)
=== RUN   TestResolveDefaultUTC
=== RUN   TestResolveDefaultUTC/unset_uses_fallback
=== RUN   TestResolveDefaultUTC/set_value_overrides_fallback
--- PASS: TestResolveDefaultUTC (0.00s)
    --- PASS: TestResolveDefaultUTC/unset_uses_fallback (0.00s)
    --- PASS: TestResolveDefaultUTC/set_value_overrides_fallback (0.00s)
=== RUN   TestSpec_DailyAICreditsGuardrail_ResolutionOrder
=== RUN   TestSpec_DailyAICreditsGuardrail_ResolutionOrder/spec_§9.3(2):_runtime_variable_embedded_as_GitHub_Actions_expression
=== RUN   TestSpec_DailyAICreditsGuardrail_ResolutionOrder/spec_§9.3(3):_built-in_constant_default_is_5000
--- PASS: TestSpec_DailyAICreditsGuardrail_ResolutionOrder (0.00s)
    --- PASS: TestSpec_DailyAICreditsGuardrail_ResolutionOrder/spec_§9.3(2):_runtime_variable_embedded_as_GitHub_Actions_expression (0.00s)
    --- PASS: TestSpec_DailyAICreditsGuardrail_ResolutionOrder/spec_§9.3(3):_built-in_constant_default_is_5000 (0.00s)
=== RUN   TestSpec_DailyAICreditsGuardrail_ExpressionForm
=== RUN   TestSpec_DailyAICreditsGuardrail_ExpressionForm/spec_§9.4_/_T-AIC-DG-002:_emits_verbatim_expression_with_org_var_and_built-in_fallback
=== RUN   TestSpec_DailyAICreditsGuardrail_ExpressionForm/spec_§9.4:_custom_built-in_default_embedded_correctly_in_expression
--- PASS: TestSpec_DailyAICreditsGuardrail_ExpressionForm (0.00s)
    --- PASS: TestSpec_DailyAICreditsGuardrail_ExpressionForm/spec_§9.4_/_T-AIC-DG-002:_emits_verbatim_expression_with_org_var_and_built-in_fallback (0.00s)
    --- PASS: TestSpec_DailyAICreditsGuardrail_ExpressionForm/spec_§9.4:_custom_built-in_default_embedded_correctly_in_expression (0.00s)
=== RUN   TestSpec_DailyAICreditsGuardrail_RuntimeNotCompileTime
=== RUN   TestSpec_DailyAICreditsGuardrail_RuntimeNotCompileTime/spec_§9.3(2)_/_T-AIC-DG-006:_expression_produced_even_when_env_var_is_set
--- PASS: TestSpec_DailyAICreditsGuardrail_RuntimeNotCompileTime (0.00s)
    --- PASS: TestSpec_DailyAICreditsGuardrail_RuntimeNotCompileTime/spec_§9.3(2)_/_T-AIC-DG-006:_expression_produced_even_when_env_var_is_set (0.00s)
=== RUN   TestSpec_MaxAICreditsGuardrail_ExpressionForm
=== RUN   TestSpec_MaxAICreditsGuardrail_ExpressionForm/spec_§10.3(2):_runtime_variable_embedded_as_GitHub_Actions_expression
=== RUN   TestSpec_MaxAICreditsGuardrail_ExpressionForm/spec_§10.4_/_T-AIC-PR-002:_emits_verbatim_expression_with_org_var_and_built-in_fallback
=== RUN   TestSpec_MaxAICreditsGuardrail_ExpressionForm/spec_§10.3(3):_built-in_constant_default_is_1000
--- PASS: TestSpec_MaxAICreditsGuardrail_ExpressionForm (0.00s)
    --- PASS: TestSpec_MaxAICreditsGuardrail_ExpressionForm/spec_§10.3(2):_runtime_variable_embedded_as_GitHub_Actions_expression (0.00s)
    --- PASS: TestSpec_MaxAICreditsGuardrail_ExpressionForm/spec_§10.4_/_T-AIC-PR-002:_emits_verbatim_expression_with_org_var_and_built-in_fallback (0.00s)
    --- PASS: TestSpec_MaxAICreditsGuardrail_ExpressionForm/spec_§10.3(3):_built-in_constant_default_is_1000 (0.00s)
=== RUN   TestSpec_MaxAICreditsGuardrail_RuntimeNotCompileTime
=== RUN   TestSpec_MaxAICreditsGuardrail_RuntimeNotCompileTime/spec_§10.3(2)_/_T-AIC-PR-006:_expression_produced_even_when_env_var_is_set
--- PASS: TestSpec_MaxAICreditsGuardrail_RuntimeNotCompileTime (0.00s)
    --- PASS: TestSpec_MaxAICreditsGuardrail_RuntimeNotCompileTime/spec_§10.3(2)_/_T-AIC-PR-006:_expression_produced_even_when_env_var_is_set (0.00s)
=== RUN   TestSpec_DetectionMaxAICreditsGuardrail_ExpressionForm
=== RUN   TestSpec_DetectionMaxAICreditsGuardrail_ExpressionForm/spec_§D-AIC-001:_emits_GitHub_Actions_expression_with_org_var_and_built-in_fallback
--- PASS: TestSpec_DetectionMaxAICreditsGuardrail_ExpressionForm (0.00s)
    --- PASS: TestSpec_DetectionMaxAICreditsGuardrail_ExpressionForm/spec_§D-AIC-001:_emits_GitHub_Actions_expression_with_org_var_and_built-in_fallback (0.00s)
PASS
ok  	github.com/github/gh-aw/pkg/workflow/compilerenv	(cached)
FAIL
